[0.002s][info][gc,init] CardTable entry size: 512
[0.002s][info][gc     ] Using G1
[0.009s][info][gc,init] Version: 24-internal-adhoc.thomas.source (release)
[0.009s][info][gc,init] CPUs: 8 total, 6 available
[0.009s][info][gc,init] Memory: 15662M
[0.009s][info][gc,init] Large Page Support: Disabled
[0.009s][info][gc,init] NUMA Support: Disabled
[0.009s][info][gc,init] Compressed Oops: Enabled (Zero based)
[0.009s][info][gc,init] Heap Region Size: 2M
[0.009s][info][gc,init] Heap Min Capacity: 4G
[0.009s][info][gc,init] Heap Initial Capacity: 4G
[0.009s][info][gc,init] Heap Max Capacity: 4G
[0.009s][info][gc,init] Pre-touch: Disabled
[0.009s][info][gc,init] Parallel Workers: 6
[0.009s][info][gc,init] Concurrent Workers: 2
[0.009s][info][gc,init] Concurrent Refinement Workers: 6
[0.009s][info][gc,init] Periodic GC: Disabled
[0.009s][info][gc,metaspace] CDS archive(s) not mapped
[0.009s][info][gc,metaspace] Compressed class space mapped at: 0x000000002c000000-0x000000006c000000, reserved size: 1073741824
[0.009s][info][gc,metaspace] UseCompressedClassPointers 1, UseCompactObjectHeaders 1, narrow klass pointer bits 22, max shift 10
[0.009s][info][gc,metaspace] Narrow klass base: 0x000000002c000000, Narrow klass shift: 9, Narrow klass range: 0x40000000

SPECjbb2015 Java Business Benchmark
 (c) Standard Performance Evaluation Corporation, 2015

Preparing to launch All-in-one SPECjbb2015.

Reading property file: /shared/projects/openjdk/analysis/lilliput-benefits/specjbb/results-COH-ON-G1-with-perf-2/./config/specjbb2015.props

     0s: Enumerating plugins...
     0s:    Connectivity:
     0s:             HTTP_Grizzly: Grizzly HTTP server, JDK HTTP client
     0s:              NIO_Grizzly: Grizzly NIO server, Grizzly NIO client
     0s:               HTTP_Jetty: Jetty HTTP server, JDK HTTP client
     0s:    Snapshot:
     0s:                 InMemory: Stores snapshots in heap memory
     0s:    Data Writers:
     0s:                     Demo: Send all frame to listener
     0s:                   InFile: Writing Data into file
     0s:                   Silent: Drop all frames
     0s: 
     0s: Kit validation is skipped.
     0s: Tests are skipped.
     0s: 
     0s: [0.852s][info][gc,start    ] GC(0) Pause Young (Normal) (G1 Evacuation Pause)
[0.852s][info][gc,task     ] GC(0) Using 6 workers of 6 for evacuation
[0.858s][info][gc,phases   ] GC(0)   Pre Evacuate Collection Set: 0.30ms
[0.858s][info][gc,phases   ] GC(0)   Merge Heap Roots: 0.10ms
[0.858s][info][gc,phases   ] GC(0)   Evacuate Collection Set: 4.37ms
[0.858s][info][gc,phases   ] GC(0)   Post Evacuate Collection Set: 0.43ms
[0.858s][info][gc,phases   ] GC(0)   Other: 0.51ms
[0.858s][info][gc,heap     ] GC(0) Eden regions: 102->0(99)
[0.858s][info][gc,heap     ] GC(0) Survivor regions: 0->3(13)
[0.858s][info][gc,heap     ] GC(0) Old regions: 0->0
[0.858s][info][gc,heap     ] GC(0) Humongous regions: 0->0
[0.858s][info][gc,metaspace] GC(0) Metaspace: 21052K(21248K)->21052K(21248K) NonClass: 17052K(17152K)->17052K(17152K) Class: 3999K(4096K)->3999K(4096K)
[0.858s][info][gc          ] GC(0) Pause Young (Normal) (G1 Evacuation Pause) 204M->4M(4096M) 5.916ms
[0.858s][info][gc,cpu      ] GC(0) User=0.01s Sys=0.02s Real=0.01s
[1.012s][info][gc,start    ] GC(1) Pause Young (Concurrent Start) (Metadata GC Threshold)
[1.012s][info][gc,task     ] GC(1) Using 6 workers of 6 for evacuation
[1.015s][info][gc,phases   ] GC(1)   Pre Evacuate Collection Set: 0.31ms
[1.015s][info][gc,phases   ] GC(1)   Merge Heap Roots: 0.03ms
[1.015s][info][gc,phases   ] GC(1)   Evacuate Collection Set: 2.31ms
[1.015s][info][gc,phases   ] GC(1)   Post Evacuate Collection Set: 0.30ms
[1.015s][info][gc,phases   ] GC(1)   Other: 0.08ms
[1.015s][info][gc,heap     ] GC(1) Eden regions: 47->0(99)
[1.016s][info][gc,heap     ] GC(1) Survivor regions: 3->3(13)
[1.016s][info][gc,heap     ] GC(1) Old regions: 0->0
[1.016s][info][gc,heap     ] GC(1) Humongous regions: 0->0
[1.016s][info][gc,metaspace] GC(1) Metaspace: 21397K(21504K)->21397K(21504K) NonClass: 17362K(17408K)->17362K(17408K) Class: 4035K(4096K)->4035K(4096K)
[1.016s][info][gc          ] GC(1) Pause Young (Concurrent Start) (Metadata GC Threshold) 98M->5M(4096M) 3.163ms
[1.016s][info][gc,cpu      ] GC(1) User=0.02s Sys=0.00s Real=0.01s
[1.016s][info][gc          ] GC(2) Concurrent Mark Cycle
[1.016s][info][gc,marking  ] GC(2) Concurrent Scan Root Regions
[1.018s][info][gc,marking  ] GC(2) Concurrent Scan Root Regions 2.011ms
[1.018s][info][gc,marking  ] GC(2) Concurrent Mark
[1.018s][info][gc,marking  ] GC(2) Concurrent Mark From Roots
[1.018s][info][gc,task     ] GC(2) Using 2 workers of 2 for marking
[1.018s][info][gc,marking  ] GC(2) Concurrent Mark From Roots 0.738ms
[1.018s][info][gc,marking  ] GC(2) Concurrent Preclean
[1.018s][info][gc,marking  ] GC(2) Concurrent Preclean 0.006ms
[1.019s][info][gc,start    ] GC(2) Pause Remark
[1.019s][info][gc          ] GC(2) Pause Remark 6M->6M(4096M) 0.808ms
[1.019s][info][gc,cpu      ] GC(2) User=0.00s Sys=0.00s Real=0.00s
[1.019s][info][gc,marking  ] GC(2) Concurrent Mark 1.744ms
[1.019s][info][gc,marking  ] GC(2) Concurrent Rebuild Remembered Sets and Scrub Regions
[1.019s][info][gc,marking  ] GC(2) Concurrent Rebuild Remembered Sets and Scrub Regions 0.086ms
[1.020s][info][gc,start    ] GC(2) Pause Cleanup
[1.020s][info][gc          ] GC(2) Pause Cleanup 6M->6M(4096M) 0.023ms
[1.020s][info][gc,cpu      ] GC(2) User=0.00s Sys=0.00s Real=0.00s
[1.020s][info][gc,marking  ] GC(2) Concurrent Clear Claimed Marks
[1.020s][info][gc,marking  ] GC(2) Concurrent Clear Claimed Marks 0.008ms
[1.020s][info][gc,marking  ] GC(2) Concurrent Cleanup for Next Mark
[1.027s][info][gc,marking  ] GC(2) Concurrent Cleanup for Next Mark 6.972ms
[1.027s][info][gc          ] GC(2) Concurrent Mark Cycle 11.058ms
Ladies and gentlemen, this is your Controller speaking.
     0s: We are delighted in having you for benchmark run today.
     0s: 
     0s: Binary log file is ./specjbb2015-C-20240906-00001.data.gz
     0s: 
     0s: Performing handshake with all agents ...
     0s: 
     0s:  Agent Group1.TxInjector.CompositeTxInjector has attached to Controller
     0s:  Agent Group1.Backend.CompositeBackend has attached to Controller
     0s: 
     0s: All agents have connected.
     0s: 
     0s: Attached agents info:

Group "Group1"
    TxInjectors:
        CompositeTxInjector, includes { Driver } @ [local in-Java link]
    Backends:
        CompositeBackend, includes { SM(2),SP(2) } @ [local in-Java link]

     0s: Initializing... (init[1.192s][info][gc,start    ] GC(3) Pause Young (Normal) (G1 Evacuation Pause)
[1.192s][info][gc,task     ] GC(3) Using 6 workers of 6 for evacuation
[1.254s][info][gc,phases   ] GC(3)   Pre Evacuate Collection Set: 0.31ms
[1.254s][info][gc,phases   ] GC(3)   Merge Heap Roots: 0.08ms
[1.254s][info][gc,phases   ] GC(3)   Evacuate Collection Set: 61.62ms
[1.254s][info][gc,phases   ] GC(3)   Post Evacuate Collection Set: 0.59ms
[1.254s][info][gc,phases   ] GC(3)   Other: 0.06ms
[1.254s][info][gc,heap     ] GC(3) Eden regions: 99->0(89)
[1.254s][info][gc,heap     ] GC(3) Survivor regions: 3->13(13)
[1.254s][info][gc,heap     ] GC(3) Old regions: 0->53
[1.254s][info][gc,heap     ] GC(3) Humongous regions: 15->15
[1.254s][info][gc,metaspace] GC(3) Metaspace: 22595K(22720K)->22595K(22720K) NonClass: 18334K(18368K)->18334K(18368K) Class: 4261K(4352K)->4261K(4352K)
[1.254s][info][gc          ] GC(3) Pause Young (Normal) (G1 Evacuation Pause) 233M->162M(4096M) 62.789ms
[1.254s][info][gc,cpu      ] GC(3) User=0.32s Sys=0.05s Real=0.07s
[1.436s][info][gc,start    ] GC(4) Pause Young (Normal) (G1 Evacuation Pause)
[1.436s][info][gc,task     ] GC(4) Using 6 workers of 6 for evacuation
[1.504s][info][gc,phases   ] GC(4)   Pre Evacuate Collection Set: 0.32ms
[1.504s][info][gc,phases   ] GC(4)   Merge Heap Roots: 0.19ms
[1.504s][info][gc,phases   ] GC(4)   Evacuate Collection Set: 66.75ms
[1.504s][info][gc,phases   ] GC(4)   Post Evacuate Collection Set: 0.43ms
[1.504s][info][gc,phases   ] GC(4)   Other: 0.06ms
[1.504s][info][gc,heap     ] GC(4) Eden regions: 89->0(89)
[1.504s][info][gc,heap     ] GC(4) Survivor regions: 13->13(13)
[1.504s][info][gc,heap     ] GC(4) Old regions: 53->114
[1.504s][info][gc,heap     ] GC(4) Humongous regions: 18->18
[1.504s][info][gc,metaspace] GC(4) Metaspace: 22630K(22784K)->22630K(22784K) NonClass: 18368K(18432K)->18368K(18432K) Class: 4261K(4352K)->4261K(4352K)
[1.504s][info][gc          ] GC(4) Pause Young (Normal) (G1 Evacuation Pause) 346M->290M(4096M) 67.914ms
[1.504s][info][gc,cpu      ] GC(4) User=0.38s Sys=0.03s Real=0.07s
[1.632s][info][gc,start    ] GC(5) Pause Young (Normal) (G1 Evacuation Pause)
[1.632s][info][gc,task     ] GC(5) Using 6 workers of 6 for evacuation
[1.705s][info][gc,phases   ] GC(5)   Pre Evacuate Collection Set: 0.36ms
[1.705s][info][gc,phases   ] GC(5)   Merge Heap Roots: 0.11ms
[1.705s][info][gc,phases   ] GC(5)   Evacuate Collection Set: 72.16ms
[1.705s][info][gc,phases   ] GC(5)   Post Evacuate Collection Set: 0.22ms
[1.705s][info][gc,phases   ] GC(5)   Other: 0.05ms
[1.705s][info][gc,heap     ] GC(5) Eden regions: 89->0(89)
[1.705s][info][gc,heap     ] GC(5) Survivor regions: 13->13(13)
[1.705s][info][gc,heap     ] GC(5) Old regions: 114->191
[1.705s][info][gc,heap     ] GC(5) Humongous regions: 19->19
[1.705s][info][gc,metaspace] GC(5) Metaspace: 22640K(22784K)->22640K(22784K) NonClass: 18378K(18432K)->18378K(18432K) Class: 4261K(4352K)->4261K(4352K)
[1.705s][info][gc          ] GC(5) Pause Young (Normal) (G1 Evacuation Pause) 470M->445M(4096M) 73.047ms
[1.705s][info][gc,cpu      ] GC(5) User=0.41s Sys=0.01s Real=0.08s
[1.860s][info][gc,start    ] GC(6) Pause Young (Normal) (G1 Evacuation Pause)
[1.860s][info][gc,task     ] GC(6) Using 6 workers of 6 for evacuation
[1.931s][info][gc,phases   ] GC(6)   Pre Evacuate Collection Set: 0.40ms
[1.931s][info][gc,phases   ] GC(6)   Merge Heap Roots: 0.05ms
[1.931s][info][gc,phases   ] GC(6)   Evacuate Collection Set: 70.70ms
[1.931s][info][gc,phases   ] GC(6)   Post Evacuate Collection Set: 0.21ms
[1.931s][info][gc,phases   ] GC(6)   Other: 0.05ms
[1.931s][info][gc,heap     ] GC(6) Eden regions: 89->0(89)
[1.931s][info][gc,heap     ] GC(6) Survivor regions: 13->13(13)
[1.931s][info][gc,heap     ] GC(6) Old regions: 191->269
[1.931s][info][gc,heap     ] GC(6) Humongous regions: 19->19
[1.931s][info][gc,metaspace] GC(6) Metaspace: 22640K(22784K)->22640K(22784K) NonClass: 18378K(18432K)->18378K(18432K) Class: 4261K(4352K)->4261K(4352K)
[1.931s][info][gc          ] GC(6) Pause Young (Normal) (G1 Evacuation Pause) 623M->602M(4096M) 71.545ms
[1.931s][info][gc,cpu      ] GC(6) User=0.37s Sys=0.05s Real=0.07s
[2.078s][info][gc,start    ] GC(7) Pause Young (Normal) (G1 Evacuation Pause)
[2.078s][info][gc,task     ] GC(7) Using 6 workers of 6 for evacuation
[2.150s][info][gc,phases   ] GC(7)   Pre Evacuate Collection Set: 0.36ms
[2.150s][info][gc,phases   ] GC(7)   Merge Heap Roots: 0.05ms
[2.150s][info][gc,phases   ] GC(7)   Evacuate Collection Set: 71.48ms
[2.150s][info][gc,phases   ] GC(7)   Post Evacuate Collection Set: 0.21ms
[2.150s][info][gc,phases   ] GC(7)   Other: 0.05ms
[2.150s][info][gc,heap     ] GC(7) Eden regions: 89->0(89)
[2.150s][info][gc,heap     ] GC(7) Survivor regions: 13->13(13)
[2.150s][info][gc,heap     ] GC(7) Old regions: 269->345
[2.150s][info][gc,heap     ] GC(7) Humongous regions: 19->19
[2.150s][info][gc,metaspace] GC(7) Metaspace: 22646K(22784K)->22646K(22784K) NonClass: 18385K(18432K)->18385K(18432K) Class: 4261K(4352K)->4261K(4352K)
[2.150s][info][gc          ] GC(7) Pause Young (Normal) (G1 Evacuation Pause) 780M->754M(4096M) 72.272ms
[2.150s][info][gc,cpu      ] GC(7) User=0.40s Sys=0.03s Real=0.07s
[2.465s][info][gc,start    ] GC(8) Pause Young (Normal) (G1 Evacuation Pause)
[2.465s][info][gc,task     ] GC(8) Using 6 workers of 6 for evacuation
[2.538s][info][gc,phases   ] GC(8)   Pre Evacuate Collection Set: 0.32ms
[2.538s][info][gc,phases   ] GC(8)   Merge Heap Roots: 0.10ms
[2.538s][info][gc,phases   ] GC(8)   Evacuate Collection Set: 72.76ms
[2.538s][info][gc,phases   ] GC(8)   Post Evacuate Collection Set: 0.29ms
[2.538s][info][gc,phases   ] GC(8)   Other: 0.05ms
[2.538s][info][gc,heap     ] GC(8) Eden regions: 89->0(89)
[2.538s][info][gc,heap     ] GC(8) Survivor regions: 13->13(13)
[2.538s][info][gc,heap     ] GC(8) Old regions: 345->398
[2.538s][info][gc,heap     ] GC(8) Humongous regions: 27->27
[2.538s][info][gc,metaspace] GC(8) Metaspace: 22702K(22976K)->22702K(22976K) NonClass: 18437K(18560K)->18437K(18560K) Class: 4264K(4416K)->4264K(4416K)
[2.538s][info][gc          ] GC(8) Pause Young (Normal) (G1 Evacuation Pause) 948M->876M(4096M) 73.659ms
[2.538s][info][gc,cpu      ] GC(8) User=0.42s Sys=0.01s Real=0.07s
[2.678s][info][gc,start    ] GC(9) Pause Young (Normal) (G1 Evacuation Pause)
[2.678s][info][gc,task     ] GC(9) Using 6 workers of 6 for evacuation
[2.755s][info][gc,phases   ] GC(9)   Pre Evacuate Collection Set: 0.35ms
[2.755s][info][gc,phases   ] GC(9)   Merge Heap Roots: 0.23ms
[2.755s][info][gc,phases   ] GC(9)   Evacuate Collection Set: 76.07ms
[2.755s][info][gc,phases   ] GC(9)   Post Evacuate Collection Set: 0.29ms
[2.755s][info][gc,phases   ] GC(9)   Other: 0.06ms
[2.755s][info][gc,heap     ] GC(9) Eden regions: 89->0(89)
[2.755s][info][gc,heap     ] GC(9) Survivor regions: 13->13(13)
[2.755s][info][gc,heap     ] GC(9) Old regions: 398->455
[2.755s][info][gc,heap     ] GC(9) Humongous regions: 35->35
[2.755s][info][gc,metaspace] GC(9) Metaspace: 22734K(22976K)->22734K(22976K) NonClass: 18468K(18560K)->18468K(18560K) Class: 4266K(4416K)->4266K(4416K)
[2.755s][info][gc          ] GC(9) Pause Young (Normal) (G1 Evacuation Pause) 1070M->1006M(4096M) 77.162ms
[2.755s][info][gc,cpu      ] GC(9) User=0.44s Sys=0.02s Real=0.08s
) OK
     2s: 
     2s: Check whether properties are compliant
     2s: (validation=PASSED) Property settings are COMPLIANT.
     2s: 
     2s: Searching for high-bound for max-jOPS possible for this system
     2s: Searching from base IR = 100
     2s:       rampup IR =      0 [reconfig (term) [2.947s][info][gc,start    ] GC(10) Pause Full (System.gc())
[2.947s][info][gc,task     ] GC(10) Using 6 workers of 6 for full compaction
[2.947s][info][gc,phases,start] GC(10) Phase 1: Mark live objects
[2.962s][info][gc,phases      ] GC(10) Phase 1: Mark live objects 14.733ms
[2.962s][info][gc,phases,start] GC(10) Phase 2: Prepare compaction
[2.968s][info][gc,phases      ] GC(10) Phase 2: Prepare compaction 5.848ms
[2.968s][info][gc,phases,start] GC(10) Phase 3: Adjust pointers
[2.975s][info][gc,phases      ] GC(10) Phase 3: Adjust pointers 7.261ms
[2.975s][info][gc,phases,start] GC(10) Phase 4: Compact heap
[2.983s][info][gc,phases      ] GC(10) Phase 4: Compact heap 7.640ms
[2.983s][info][gc,phases,start] GC(10) Phase 5: Reset Metadata
[2.985s][info][gc,phases      ] GC(10) Phase 5: Reset Metadata 2.186ms
[2.990s][info][gc,heap        ] GC(10) Eden regions: 63->0(102)
[2.990s][info][gc,heap        ] GC(10) Survivor regions: 13->0(13)
[2.990s][info][gc,heap        ] GC(10) Old regions: 455->34
[2.990s][info][gc,heap        ] GC(10) Humongous regions: 46->13
[2.990s][info][gc,metaspace   ] GC(10) Metaspace: 22994K(23168K)->22994K(23168K) NonClass: 18686K(18752K)->18686K(18752K) Class: 4307K(4416K)->4307K(4416K)
[2.990s][info][gc             ] GC(10) Pause Full (System.gc()) 1154M->86M(4096M) 43.104ms
[2.990s][info][gc,cpu         ] GC(10) User=0.23s Sys=0.00s Real=0.04s
(init[3.315s][info][gc,start       ] GC(11) Pause Young (Normal) (G1 Evacuation Pause)
[3.315s][info][gc,task        ] GC(11) Using 6 workers of 6 for evacuation
[3.369s][info][gc,phases      ] GC(11)   Pre Evacuate Collection Set: 0.34ms
[3.370s][info][gc,phases      ] GC(11)   Merge Heap Roots: 0.05ms
[3.370s][info][gc,phases      ] GC(11)   Evacuate Collection Set: 53.36ms
[3.370s][info][gc,phases      ] GC(11)   Post Evacuate Collection Set: 0.37ms
[3.370s][info][gc,phases      ] GC(11)   Other: 0.06ms
[3.370s][info][gc,heap        ] GC(11) Eden regions: 102->0(89)
[3.370s][info][gc,heap        ] GC(11) Survivor regions: 0->13(13)
[3.370s][info][gc,heap        ] GC(11) Old regions: 34->92
[3.370s][info][gc,heap        ] GC(11) Humongous regions: 15->15
[3.370s][info][gc,metaspace   ] GC(11) Metaspace: 22999K(23168K)->22999K(23168K) NonClass: 18691K(18752K)->18691K(18752K) Class: 4307K(4416K)->4307K(4416K)
[3.370s][info][gc             ] GC(11) Pause Young (Normal) (G1 Evacuation Pause) 294M->232M(4096M) 54.324ms
[3.370s][info][gc,cpu         ] GC(11) User=0.32s Sys=0.00s Real=0.05s
[3.400s][info][gc,start       ] GC(12) Pause Young (Normal) (G1 Evacuation Pause)
[3.400s][info][gc,task        ] GC(12) Using 6 workers of 6 for evacuation
[3.470s][info][gc,phases      ] GC(12)   Pre Evacuate Collection Set: 0.33ms
[3.470s][info][gc,phases      ] GC(12)   Merge Heap Roots: 0.26ms
[3.470s][info][gc,phases      ] GC(12)   Evacuate Collection Set: 69.04ms
[3.470s][info][gc,phases      ] GC(12)   Post Evacuate Collection Set: 0.23ms
[3.470s][info][gc,phases      ] GC(12)   Other: 0.05ms
[3.470s][info][gc,heap        ] GC(12) Eden regions: 89->0(89)
[3.470s][info][gc,heap        ] GC(12) Survivor regions: 13->13(13)
[3.470s][info][gc,heap        ] GC(12) Old regions: 92->168
[3.470s][info][gc,heap        ] GC(12) Humongous regions: 15->15
[3.470s][info][gc,metaspace   ] GC(12) Metaspace: 22999K(23168K)->22999K(23168K) NonClass: 18691K(18752K)->18691K(18752K) Class: 4307K(4416K)->4307K(4416K)
[3.470s][info][gc             ] GC(12) Pause Young (Normal) (G1 Evacuation Pause) 410M->383M(4096M) 70.054ms
[3.470s][info][gc,cpu         ] GC(12) User=0.41s Sys=0.00s Real=0.07s
[3.542s][info][gc,start       ] GC(13) Pause Young (Normal) (G1 Evacuation Pause)
[3.542s][info][gc,task        ] GC(13) Using 6 workers of 6 for evacuation
[3.613s][info][gc,phases      ] GC(13)   Pre Evacuate Collection Set: 0.35ms
[3.613s][info][gc,phases      ] GC(13)   Merge Heap Roots: 0.08ms
[3.613s][info][gc,phases      ] GC(13)   Evacuate Collection Set: 70.28ms
[3.613s][info][gc,phases      ] GC(13)   Post Evacuate Collection Set: 0.24ms
[3.613s][info][gc,phases      ] GC(13)   Other: 0.05ms
[3.613s][info][gc,heap        ] GC(13) Eden regions: 89->0(89)
[3.613s][info][gc,heap        ] GC(13) Survivor regions: 13->13(13)
[3.613s][info][gc,heap        ] GC(13) Old regions: 168->242
[3.613s][info][gc,heap        ] GC(13) Humongous regions: 15->15
[3.613s][info][gc,metaspace   ] GC(13) Metaspace: 23000K(23168K)->23000K(23168K) NonClass: 18692K(18752K)->18692K(18752K) Class: 4307K(4416K)->4307K(4416K)
[3.613s][info][gc             ] GC(13) Pause Young (Normal) (G1 Evacuation Pause) 561M->532M(4096M) 71.156ms
[3.613s][info][gc,cpu         ] GC(13) User=0.42s Sys=0.00s Real=0.07s
[3.739s][info][gc,start       ] GC(14) Pause Young (Normal) (G1 Evacuation Pause)
[3.739s][info][gc,task        ] GC(14) Using 6 workers of 6 for evacuation
[3.808s][info][gc,phases      ] GC(14)   Pre Evacuate Collection Set: 0.29ms
[3.808s][info][gc,phases      ] GC(14)   Merge Heap Roots: 0.12ms
[3.808s][info][gc,phases      ] GC(14)   Evacuate Collection Set: 67.82ms
[3.808s][info][gc,phases      ] GC(14)   Post Evacuate Collection Set: 0.24ms
[3.808s][info][gc,phases      ] GC(14)   Other: 0.06ms
[3.808s][info][gc,heap        ] GC(14) Eden regions: 89->0(89)
[3.808s][info][gc,heap        ] GC(14) Survivor regions: 13->13(13)
[3.808s][info][gc,heap        ] GC(14) Old regions: 242->312
[3.808s][info][gc,heap        ] GC(14) Humongous regions: 19->19
[3.808s][info][gc,metaspace   ] GC(14) Metaspace: 23003K(23168K)->23003K(23168K) NonClass: 18695K(18752K)->18695K(18752K) Class: 4307K(4416K)->4307K(4416K)
[3.808s][info][gc             ] GC(14) Pause Young (Normal) (G1 Evacuation Pause) 718M->680M(4096M) 68.673ms
[3.808s][info][gc,cpu         ] GC(14) User=0.40s Sys=0.00s Real=0.07s
[3.958s][info][gc,start       ] GC(15) Pause Young (Normal) (G1 Evacuation Pause)
[3.958s][info][gc,task        ] GC(15) Using 6 workers of 6 for evacuation
[4.034s][info][gc,phases      ] GC(15)   Pre Evacuate Collection Set: 0.34ms
[4.034s][info][gc,phases      ] GC(15)   Merge Heap Roots: 0.15ms
[4.034s][info][gc,phases      ] GC(15)   Evacuate Collection Set: 74.57ms
[4.034s][info][gc,phases      ] GC(15)   Post Evacuate Collection Set: 0.25ms
[4.034s][info][gc,phases      ] GC(15)   Other: 0.05ms
[4.034s][info][gc,heap        ] GC(15) Eden regions: 94->0(100)
[4.034s][info][gc,heap        ] GC(15) Survivor regions: 13->14(14)
[4.034s][info][gc,heap        ] GC(15) Old regions: 312->379
[4.034s][info][gc,heap        ] GC(15) Humongous regions: 25->25
[4.034s][info][gc,metaspace   ] GC(15) Metaspace: 23014K(23168K)->23014K(23168K) NonClass: 18707K(18752K)->18707K(18752K) Class: 4307K(4416K)->4307K(4416K)
[4.034s][info][gc             ] GC(15) Pause Young (Normal) (G1 Evacuation Pause) 880M->827M(4096M) 75.527ms
[4.034s][info][gc,cpu         ] GC(15) User=0.44s Sys=0.00s Real=0.08s
[4.186s][info][gc,start       ] GC(16) Pause Young (Normal) (G1 Evacuation Pause)
[4.186s][info][gc,task        ] GC(16) Using 6 workers of 6 for evacuation
[4.251s][info][gc,phases      ] GC(16)   Pre Evacuate Collection Set: 0.35ms
[4.251s][info][gc,phases      ] GC(16)   Merge Heap Roots: 0.24ms
[4.251s][info][gc,phases      ] GC(16)   Evacuate Collection Set: 64.60ms
[4.251s][info][gc,phases      ] GC(16)   Post Evacuate Collection Set: 0.31ms
[4.251s][info][gc,phases      ] GC(16)   Other: 0.06ms
[4.251s][info][gc,heap        ] GC(16) Eden regions: 88->0(118)
[4.251s][info][gc,heap        ] GC(16) Survivor regions: 14->13(13)
[4.251s][info][gc,heap        ] GC(16) Old regions: 379->428
[4.251s][info][gc,heap        ] GC(16) Humongous regions: 35->35
[4.251s][info][gc,metaspace   ] GC(16) Metaspace: 23014K(23168K)->23014K(23168K) NonClass: 18707K(18752K)->18707K(18752K) Class: 4307K(4416K)->4307K(4416K)
[4.251s][info][gc             ] GC(16) Pause Young (Normal) (G1 Evacuation Pause) 1023M->944M(4096M) 65.683ms
[4.252s][info][gc,cpu         ] GC(16) User=0.38s Sys=0.00s Real=0.06s
) ] ... (rIR:aIR:PR = 0:0:0) (tPR = 0) [OK] 
     7s:       rampup IR =     10 [7.772s][info][gc,start       ] GC(17) Pause Young (Normal) (G1 Evacuation Pause)
[7.772s][info][gc,task        ] GC(17) Using 6 workers of 6 for evacuation
[7.860s][info][gc,phases      ] GC(17)   Pre Evacuate Collection Set: 0.36ms
[7.860s][info][gc,phases      ] GC(17)   Merge Heap Roots: 0.30ms
[7.860s][info][gc,phases      ] GC(17)   Evacuate Collection Set: 86.99ms
[7.860s][info][gc,phases      ] GC(17)   Post Evacuate Collection Set: 0.24ms
[7.860s][info][gc,phases      ] GC(17)   Other: 0.06ms
[7.860s][info][gc,heap        ] GC(17) Eden regions: 106->0(124)
[7.860s][info][gc,heap        ] GC(17) Survivor regions: 13->15(15)
[7.860s][info][gc,heap        ] GC(17) Old regions: 428->485
[7.860s][info][gc,heap        ] GC(17) Humongous regions: 46->46
[7.860s][info][gc,metaspace   ] GC(17) Metaspace: 23979K(24192K)->23979K(24192K) NonClass: 19534K(19648K)->19534K(19648K) Class: 4444K(4544K)->4444K(4544K)
[7.860s][info][gc             ] GC(17) Pause Young (Normal) (G1 Evacuation Pause) 1178M->1082M(4096M) 88.086ms
[7.860s][info][gc,cpu         ] GC(17) User=0.51s Sys=0.01s Real=0.09s
... (rIR:aIR:PR = 10:8:8) (tPR = 539) [OK] 
    10s:       rampup IR =     20 ... (rIR:aIR:PR = 20:17:17) (tPR = 1421) [OK] 
    13s:       rampup IR =     30 .... (rIR:aIR:PR = 30:32:32) (tPR = 2363) [OK] 
    17s:       rampup IR =     40 .... (rIR:aIR:PR = 40:41:41) (tPR = 3077) [OK] 
    21s:       rampup IR =     50 .... (rIR:aIR:PR = 50:52:51) (tPR = 3593) [OK] 
    25s:       rampup IR =     60 .... (rIR:aIR:PR = 60:62:60) (tPR = 3698) [OK] 
    29s:       rampup IR =     70 .... (rIR:aIR:PR = 70:70:68) (tPR = 4236) [OK] 
    33s:       rampup IR =     80 .[34.850s][info][gc,start       ] GC(18) Pause Young (Normal) (G1 Evacuation Pause)
[34.850s][info][gc,task        ] GC(18) Using 6 workers of 6 for evacuation
[34.878s][info][gc,phases      ] GC(18)   Pre Evacuate Collection Set: 0.35ms
[34.878s][info][gc,phases      ] GC(18)   Merge Heap Roots: 0.18ms
[34.878s][info][gc,phases      ] GC(18)   Evacuate Collection Set: 27.07ms
[34.878s][info][gc,phases      ] GC(18)   Post Evacuate Collection Set: 0.30ms
[34.878s][info][gc,phases      ] GC(18)   Other: 0.07ms
[34.878s][info][gc,heap        ] GC(18) Eden regions: 134->0(194)
[34.878s][info][gc,heap        ] GC(18) Survivor regions: 15->9(19)
[34.878s][info][gc,heap        ] GC(18) Old regions: 485->502
[34.878s][info][gc,heap        ] GC(18) Humongous regions: 46->46
[34.878s][info][gc,metaspace   ] GC(18) Metaspace: 25092K(25216K)->25092K(25216K) NonClass: 20605K(20672K)->20605K(20672K) Class: 4486K(4544K)->4486K(4544K)
[34.878s][info][gc             ] GC(18) Pause Young (Normal) (G1 Evacuation Pause) 1350M->1104M(4096M) 28.092ms
[34.878s][info][gc,cpu         ] GC(18) User=0.15s Sys=0.01s Real=0.03s
... (rIR:aIR:PR = 80:78:77) (tPR = 4460) [OK] 
    37s:       rampup IR =     90 .... (rIR:aIR:PR = 90:91:89) (tPR = 4343) [OK] 
    41s:       rampup IR =    100 .... (rIR:aIR:PR = 100:99:96) (tPR = 3929) [OK] 
    45s:    snapshot, IR =    100 ....|..........[60.263s][info][gc,start       ] GC(19) Pause Young (Normal) (G1 Evacuation Pause)
[60.263s][info][gc,task        ] GC(19) Using 6 workers of 6 for evacuation
[60.288s][info][gc,phases      ] GC(19)   Pre Evacuate Collection Set: 0.36ms
[60.288s][info][gc,phases      ] GC(19)   Merge Heap Roots: 0.20ms
[60.288s][info][gc,phases      ] GC(19)   Evacuate Collection Set: 24.79ms
[60.289s][info][gc,phases      ] GC(19)   Post Evacuate Collection Set: 0.35ms
[60.289s][info][gc,phases      ] GC(19)   Other: 0.08ms
[60.289s][info][gc,heap        ] GC(19) Eden regions: 212->0(223)
[60.289s][info][gc,heap        ] GC(19) Survivor regions: 9->22(28)
[60.289s][info][gc,heap        ] GC(19) Old regions: 502->502
[60.289s][info][gc,heap        ] GC(19) Humongous regions: 46->46
[60.289s][info][gc,metaspace   ] GC(19) Metaspace: 27069K(27264K)->27069K(27264K) NonClass: 22257K(22336K)->22257K(22336K) Class: 4811K(4928K)->4811K(4928K)
[60.289s][info][gc             ] GC(19) Pause Young (Normal) (G1 Evacuation Pause) 1528M->1131M(4096M) 25.908ms
[60.289s][info][gc,cpu         ] GC(19) User=0.14s Sys=0.01s Real=0.03s
.................... (rIR:aIR:PR = 100:100:98) (tPR = 3084) [OK] 
    79s: Performing snapshot: (quiescence.....) (stop TxI) (stop BE) (saving... [85.118s][info][gc,start       ] GC(20) Pause Young (Normal) (G1 Evacuation Pause)
[85.118s][info][gc,task        ] GC(20) Using 6 workers of 6 for evacuation
[85.167s][info][gc,phases      ] GC(20)   Pre Evacuate Collection Set: 0.33ms
[85.167s][info][gc,phases      ] GC(20)   Merge Heap Roots: 0.34ms
[85.167s][info][gc,phases      ] GC(20)   Evacuate Collection Set: 48.12ms
[85.167s][info][gc,phases      ] GC(20)   Post Evacuate Collection Set: 0.48ms
[85.167s][info][gc,phases      ] GC(20)   Other: 0.06ms
[85.167s][info][gc,heap        ] GC(20) Eden regions: 210->0(293)
[85.167s][info][gc,heap        ] GC(20) Survivor regions: 22->29(29)
[85.167s][info][gc,heap        ] GC(20) Old regions: 502->510
[85.167s][info][gc,heap        ] GC(20) Humongous regions: 142->100
[85.167s][info][gc,metaspace   ] GC(20) Metaspace: 27361K(27584K)->27361K(27584K) NonClass: 22540K(22656K)->22540K(22656K) Class: 4820K(4928K)->4820K(4928K)
[85.167s][info][gc             ] GC(20) Pause Young (Normal) (G1 Evacuation Pause) 1743M->1270M(4096M) 49.479ms
[85.167s][info][gc,cpu         ] GC(20) User=0.28s Sys=0.00s Real=0.05s
103260 Kb) (term) [86.690s][info][gc,start       ] GC(21) Pause Full (System.gc())
[86.690s][info][gc,task        ] GC(21) Using 6 workers of 6 for full compaction
[86.690s][info][gc,phases,start] GC(21) Phase 1: Mark live objects
[86.706s][info][gc,phases      ] GC(21) Phase 1: Mark live objects 15.655ms
[86.706s][info][gc,phases,start] GC(21) Phase 2: Prepare compaction
[86.708s][info][gc,phases      ] GC(21) Phase 2: Prepare compaction 1.874ms
[86.708s][info][gc,phases,start] GC(21) Phase 3: Adjust pointers
[86.714s][info][gc,phases      ] GC(21) Phase 3: Adjust pointers 5.998ms
[86.714s][info][gc,phases,start] GC(21) Phase 4: Compact heap
[86.715s][info][gc,phases      ] GC(21) Phase 4: Compact heap 1.634ms
[86.715s][info][gc,phases,start] GC(21) Phase 5: Reset Metadata
[86.720s][info][gc,phases      ] GC(21) Phase 5: Reset Metadata 4.278ms
[86.726s][info][gc,heap        ] GC(21) Eden regions: 41->0(373)
[86.726s][info][gc,heap        ] GC(21) Survivor regions: 29->0(29)
[86.726s][info][gc,heap        ] GC(21) Old regions: 510->34
[86.726s][info][gc,heap        ] GC(21) Humongous regions: 289->66
[86.726s][info][gc,metaspace   ] GC(21) Metaspace: 27369K(27584K)->27365K(27584K) NonClass: 22548K(22656K)->22546K(22656K) Class: 4820K(4928K)->4819K(4928K)
[86.726s][info][gc             ] GC(21) Pause Full (System.gc()) 1728M->193M(4096M) 36.098ms
[86.726s][info][gc,cpu         ] GC(21) User=0.18s Sys=0.00s Real=0.04s
(init[87.515s][info][gc,start       ] GC(22) Pause Young (Normal) (G1 Evacuation Pause)
[87.515s][info][gc,task        ] GC(22) Using 6 workers of 6 for evacuation
[87.728s][info][gc,mmu         ] GC(22) MMU target violated: 201.0ms (200.0ms/201.0ms)
[87.728s][info][gc,phases      ] GC(22)   Pre Evacuate Collection Set: 0.30ms
[87.728s][info][gc,phases      ] GC(22)   Merge Heap Roots: 0.45ms
[87.728s][info][gc,phases      ] GC(22)   Evacuate Collection Set: 211.22ms
[87.728s][info][gc,phases      ] GC(22)   Post Evacuate Collection Set: 0.46ms
[87.728s][info][gc,phases      ] GC(22)   Other: 0.18ms
[87.728s][info][gc,heap        ] GC(22) Eden regions: 322->0(203)
[87.728s][info][gc,heap        ] GC(22) Survivor regions: 0->41(41)
[87.728s][info][gc,heap        ] GC(22) Old regions: 34->114
[87.728s][info][gc,heap        ] GC(22) Humongous regions: 122->121
[87.728s][info][gc,metaspace   ] GC(22) Metaspace: 27461K(27712K)->27461K(27712K) NonClass: 22632K(22784K)->22632K(22784K) Class: 4828K(4928K)->4828K(4928K)
[87.728s][info][gc             ] GC(22) Pause Young (Normal) (G1 Evacuation Pause) 949M->545M(4096M) 212.716ms
[87.728s][info][gc,cpu         ] GC(22) User=1.24s Sys=0.02s Real=0.21s
[87.961s][info][gc,start       ] GC(23) Pause Young (Normal) (G1 Evacuation Pause)
[87.961s][info][gc,task        ] GC(23) Using 6 workers of 6 for evacuation
[88.110s][info][gc,phases      ] GC(23)   Pre Evacuate Collection Set: 0.32ms
[88.110s][info][gc,phases      ] GC(23)   Merge Heap Roots: 0.34ms
[88.110s][info][gc,phases      ] GC(23)   Evacuate Collection Set: 148.08ms
[88.110s][info][gc,phases      ] GC(23)   Post Evacuate Collection Set: 0.38ms
[88.110s][info][gc,phases      ] GC(23)   Other: 0.07ms
[88.110s][info][gc,heap        ] GC(23) Eden regions: 192->0(203)
[88.110s][info][gc,heap        ] GC(23) Survivor regions: 41->30(30)
[88.110s][info][gc,heap        ] GC(23) Old regions: 114->225
[88.110s][info][gc,heap        ] GC(23) Humongous regions: 121->121
[88.110s][info][gc,metaspace   ] GC(23) Metaspace: 27477K(27712K)->27477K(27712K) NonClass: 22646K(22784K)->22646K(22784K) Class: 4830K(4928K)->4830K(4928K)
[88.110s][info][gc             ] GC(23) Pause Young (Normal) (G1 Evacuation Pause) 929M->745M(4096M) 149.344ms
[88.110s][info][gc,cpu         ] GC(23) User=0.88s Sys=0.00s Real=0.15s
[88.593s][info][gc,start       ] GC(24) Pause Young (Normal) (G1 Evacuation Pause)
[88.593s][info][gc,task        ] GC(24) Using 6 workers of 6 for evacuation
[88.714s][info][gc,phases      ] GC(24)   Pre Evacuate Collection Set: 0.31ms
[88.714s][info][gc,phases      ] GC(24)   Merge Heap Roots: 0.41ms
[88.714s][info][gc,phases      ] GC(24)   Evacuate Collection Set: 119.61ms
[88.714s][info][gc,phases      ] GC(24)   Post Evacuate Collection Set: 0.45ms
[88.714s][info][gc,phases      ] GC(24)   Other: 0.07ms
[88.714s][info][gc,heap        ] GC(24) Eden regions: 190->0(212)
[88.714s][info][gc,heap        ] GC(24) Survivor regions: 30->28(28)
[88.714s][info][gc,heap        ] GC(24) Old regions: 225->314
[88.714s][info][gc,heap        ] GC(24) Humongous regions: 162->160
[88.714s][info][gc,metaspace   ] GC(24) Metaspace: 27484K(27712K)->27484K(27712K) NonClass: 22652K(22784K)->22652K(22784K) Class: 4831K(4928K)->4831K(4928K)
[88.714s][info][gc             ] GC(24) Pause Young (Normal) (G1 Evacuation Pause) 1207M->996M(4096M) 121.004ms
[88.714s][info][gc,cpu         ] GC(24) User=0.72s Sys=0.00s Real=0.13s
[88.769s][info][gc,start       ] GC(25) Pause Young (Normal) (G1 Evacuation Pause)
[88.769s][info][gc,task        ] GC(25) Using 6 workers of 6 for evacuation
[88.943s][info][gc,phases      ] GC(25)   Pre Evacuate Collection Set: 0.33ms
[88.943s][info][gc,phases      ] GC(25)   Merge Heap Roots: 0.23ms
[88.943s][info][gc,phases      ] GC(25)   Evacuate Collection Set: 173.01ms
[88.943s][info][gc,phases      ] GC(25)   Post Evacuate Collection Set: 0.32ms
[88.943s][info][gc,phases      ] GC(25)   Other: 0.06ms
[88.943s][info][gc,heap        ] GC(25) Eden regions: 237->0(179)
[88.943s][info][gc,heap        ] GC(25) Survivor regions: 28->34(34)
[88.943s][info][gc,heap        ] GC(25) Old regions: 314->514
[88.943s][info][gc,heap        ] GC(25) Humongous regions: 160->160
[88.943s][info][gc,metaspace   ] GC(25) Metaspace: 27484K(27712K)->27484K(27712K) NonClass: 22652K(22784K)->22652K(22784K) Class: 4831K(4928K)->4831K(4928K)
[88.943s][info][gc             ] GC(25) Pause Young (Normal) (G1 Evacuation Pause) 1470M->1409M(4096M) 174.101ms
[88.943s][info][gc,cpu         ] GC(25) User=1.03s Sys=0.00s Real=0.17s
) ...
    91s:       rampup IR =      0 ... (rIR:aIR:PR = 0:0:0) (tPR = 0) [OK] 
    94s:       rampup IR =     10 ... (rIR:aIR:PR = 10:11:11) (tPR = 187) [OK] 
    97s:       rampup IR =     20 ... (rIR:aIR:PR = 20:19:19) (tPR = 609) [OK] 
   100s:       rampup IR =     30 .... (rIR:aIR:PR = 30:31:31) (tPR = 706) [OK] 
   104s:       rampup IR =     40 .... (rIR:aIR:PR = 40:42:42) (tPR = 870) [OK] 
   108s:       rampup IR =     50 .... (rIR:aIR:PR = 50:51:50) (tPR = 1209) [OK] 
   112s:       rampup IR =     60 .... (rIR:aIR:PR = 60:63:61) (tPR = 1149) [OK] 
   116s:       rampup IR =     70 .... (rIR:aIR:PR = 70:72:70) (tPR = 1572) [OK] 
   120s:       rampup IR =     80 .... (rIR:aIR:PR = 80:76:75) (tPR = 1421) [OK] 
   124s:       rampup IR =     90 .... (rIR:aIR:PR = 90:91:90) (tPR = 2008) [OK] 
   128s:       rampup IR =    100 .... (rIR:aIR:PR = 100:101:98) (tPR = 1899) [OK] 
   132s:       trying IR =    200 ...[136.093s][info][gc,start       ] GC(26) Pause Young (Normal) (G1 Evacuation Pause)
[136.093s][info][gc,task        ] GC(26) Using 6 workers of 6 for evacuation
[136.149s][info][gc,phases      ] GC(26)   Pre Evacuate Collection Set: 0.36ms
[136.149s][info][gc,phases      ] GC(26)   Merge Heap Roots: 0.46ms
[136.149s][info][gc,phases      ] GC(26)   Evacuate Collection Set: 54.43ms
[136.149s][info][gc,phases      ] GC(26)   Post Evacuate Collection Set: 0.42ms
[136.149s][info][gc,phases      ] GC(26)   Other: 0.07ms
[136.149s][info][gc,heap        ] GC(26) Eden regions: 187->0(236)
[136.149s][info][gc,heap        ] GC(26) Survivor regions: 34->28(28)
[136.149s][info][gc,heap        ] GC(26) Old regions: 514->550
[136.149s][info][gc,heap        ] GC(26) Humongous regions: 160->160
[136.149s][info][gc,metaspace   ] GC(26) Metaspace: 27631K(27840K)->27631K(27840K) NonClass: 22794K(22912K)->22794K(22912K) Class: 4836K(4928K)->4836K(4928K)
[136.149s][info][gc             ] GC(26) Pause Young (Normal) (G1 Evacuation Pause) 1783M->1469M(4096M) 55.854ms
[136.149s][info][gc,cpu         ] GC(26) User=0.33s Sys=0.00s Real=0.06s
. (rIR:aIR:PR = 200:206:202) (tPR = 3931) [OK] 
   136s:       trying IR =    220 .... (rIR:aIR:PR = 220:217:213) (tPR = 3905) [OK] 
   140s:       trying IR =    244 .... (rIR:aIR:PR = 244:248:242) (tPR = 4655) [OK] 
   144s:       trying IR =    273 .... (rIR:aIR:PR = 273:270:264) (tPR = 5047) [OK] 
   148s:       trying IR =    307 .[150.709s][info][gc,start       ] GC(27) Pause Young (Normal) (G1 Evacuation Pause)
[150.709s][info][gc,task        ] GC(27) Using 6 workers of 6 for evacuation
[150.754s][info][gc,phases      ] GC(27)   Pre Evacuate Collection Set: 0.35ms
[150.754s][info][gc,phases      ] GC(27)   Merge Heap Roots: 0.48ms
[150.754s][info][gc,phases      ] GC(27)   Evacuate Collection Set: 43.70ms
[150.754s][info][gc,phases      ] GC(27)   Post Evacuate Collection Set: 0.44ms
[150.754s][info][gc,phases      ] GC(27)   Other: 0.06ms
[150.754s][info][gc,heap        ] GC(27) Eden regions: 234->0(314)
[150.754s][info][gc,heap        ] GC(27) Survivor regions: 28->18(33)
[150.754s][info][gc,heap        ] GC(27) Old regions: 550->578
[150.754s][info][gc,heap        ] GC(27) Humongous regions: 160->160
[150.754s][info][gc,metaspace   ] GC(27) Metaspace: 27726K(27904K)->27726K(27904K) NonClass: 22888K(22976K)->22888K(22976K) Class: 4838K(4928K)->4838K(4928K)
[150.754s][info][gc             ] GC(27) Pause Young (Normal) (G1 Evacuation Pause) 1937M->1504M(4096M) 45.205ms
[150.754s][info][gc,cpu         ] GC(27) User=0.27s Sys=0.00s Real=0.05s
... (rIR:aIR:PR = 307:308:300) (tPR = 5744) [OK] 
   152s:       trying IR =    349 .... (rIR:aIR:PR = 349:354:347) (tPR = 6416) [OK] 
   156s:       trying IR =    399 .... (rIR:aIR:PR = 399:404:397) (tPR = 8028) [OK] 
   160s:       trying IR =    458 [161.117s][info][gc,start       ] GC(28) Pause Young (Normal) (G1 Evacuation Pause)
[161.117s][info][gc,task        ] GC(28) Using 6 workers of 6 for evacuation
[161.156s][info][gc,phases      ] GC(28)   Pre Evacuate Collection Set: 0.37ms
[161.156s][info][gc,phases      ] GC(28)   Merge Heap Roots: 0.43ms
[161.156s][info][gc,phases      ] GC(28)   Evacuate Collection Set: 37.57ms
[161.156s][info][gc,phases      ] GC(28)   Post Evacuate Collection Set: 0.43ms
[161.156s][info][gc,phases      ] GC(28)   Other: 0.06ms
[161.156s][info][gc,heap        ] GC(28) Eden regions: 320->0(361)
[161.156s][info][gc,heap        ] GC(28) Survivor regions: 18->34(43)
[161.156s][info][gc,heap        ] GC(28) Old regions: 578->578
[161.156s][info][gc,heap        ] GC(28) Humongous regions: 160->160
[161.156s][info][gc,metaspace   ] GC(28) Metaspace: 27786K(28032K)->27786K(28032K) NonClass: 22948K(23104K)->22948K(23104K) Class: 4838K(4928K)->4838K(4928K)
[161.156s][info][gc             ] GC(28) Pause Young (Normal) (G1 Evacuation Pause) 2144M->1537M(4096M) 38.982ms
[161.156s][info][gc,cpu         ] GC(28) User=0.23s Sys=0.00s Real=0.04s
.... (rIR:aIR:PR = 458:467:460) (tPR = 8268) [OK] 
   164s:       trying IR =    530 .... (rIR:aIR:PR = 530:532:521) (tPR = 9362) [OK] 
   168s:       trying IR =    616 [169.510s][info][gc,start       ] GC(29) Pause Young (Normal) (G1 Evacuation Pause)
[169.510s][info][gc,task        ] GC(29) Using 6 workers of 6 for evacuation
[169.565s][info][gc,phases      ] GC(29)   Pre Evacuate Collection Set: 0.35ms
[169.565s][info][gc,phases      ] GC(29)   Merge Heap Roots: 0.44ms
[169.565s][info][gc,phases      ] GC(29)   Evacuate Collection Set: 53.59ms
[169.565s][info][gc,phases      ] GC(29)   Post Evacuate Collection Set: 0.59ms
[169.565s][info][gc,phases      ] GC(29)   Other: 0.07ms
[169.565s][info][gc,heap        ] GC(29) Eden regions: 362->0(412)
[169.565s][info][gc,heap        ] GC(29) Survivor regions: 34->37(50)
[169.565s][info][gc,heap        ] GC(29) Old regions: 578->593
[169.565s][info][gc,heap        ] GC(29) Humongous regions: 160->160
[169.565s][info][gc,metaspace   ] GC(29) Metaspace: 27828K(28032K)->27828K(28032K) NonClass: 22987K(23104K)->22987K(23104K) Class: 4841K(4928K)->4841K(4928K)
[169.566s][info][gc             ] GC(29) Pause Young (Normal) (G1 Evacuation Pause) 2261M->1572M(4096M) 55.173ms
[169.566s][info][gc,cpu         ] GC(29) User=0.31s Sys=0.01s Real=0.06s
..... (rIR:aIR:PR = 616:626:612) (tPR = 11069) [OK] 
   173s:       trying IR =    719 ...[177.097s][info][gc,start       ] GC(30) Pause Young (Normal) (G1 Evacuation Pause)
[177.097s][info][gc,task        ] GC(30) Using 6 workers of 6 for evacuation
[177.154s][info][gc,phases      ] GC(30)   Pre Evacuate Collection Set: 0.38ms
[177.154s][info][gc,phases      ] GC(30)   Merge Heap Roots: 0.39ms
[177.154s][info][gc,phases      ] GC(30)   Evacuate Collection Set: 54.99ms
[177.154s][info][gc,phases      ] GC(30)   Post Evacuate Collection Set: 0.53ms
[177.154s][info][gc,phases      ] GC(30)   Other: 0.08ms
[177.154s][info][gc,heap        ] GC(30) Eden regions: 423->0(470)
[177.154s][info][gc,heap        ] GC(30) Survivor regions: 37->42(58)
[177.154s][info][gc,heap        ] GC(30) Old regions: 593->609
[177.154s][info][gc,heap        ] GC(30) Humongous regions: 160->160
[177.154s][info][gc,metaspace   ] GC(30) Metaspace: 27850K(28096K)->27850K(28096K) NonClass: 23008K(23168K)->23008K(23168K) Class: 4842K(4928K)->4842K(4928K)
[177.154s][info][gc             ] GC(30) Pause Young (Normal) (G1 Evacuation Pause) 2418M->1614M(4096M) 56.501ms
[177.154s][info][gc,cpu         ] GC(30) User=0.32s Sys=0.02s Real=0.06s
.. (rIR:aIR:PR = 719:711:696) (tPR = 12319) [OK] 
   178s:       trying IR =    843 .... (rIR:aIR:PR = 843:839:820) (tPR = 14175) [OK] 
   182s:       trying IR =    992 .[184.143s][info][gc,start       ] GC(31) Pause Young (Normal) (G1 Evacuation Pause)
[184.143s][info][gc,task        ] GC(31) Using 6 workers of 6 for evacuation
[184.204s][info][gc,phases      ] GC(31)   Pre Evacuate Collection Set: 0.41ms
[184.204s][info][gc,phases      ] GC(31)   Merge Heap Roots: 0.36ms
[184.204s][info][gc,phases      ] GC(31)   Evacuate Collection Set: 58.78ms
[184.204s][info][gc,phases      ] GC(31)   Post Evacuate Collection Set: 0.59ms
[184.204s][info][gc,phases      ] GC(31)   Other: 0.08ms
[184.204s][info][gc,heap        ] GC(31) Eden regions: 482->0(534)
[184.204s][info][gc,heap        ] GC(31) Survivor regions: 42->47(66)
[184.204s][info][gc,heap        ] GC(31) Old regions: 609->626
[184.204s][info][gc,heap        ] GC(31) Humongous regions: 160->160
[184.204s][info][gc,metaspace   ] GC(31) Metaspace: 27895K(28096K)->27895K(28096K) NonClass: 23051K(23168K)->23051K(23168K) Class: 4843K(4928K)->4843K(4928K)
[184.204s][info][gc             ] GC(31) Pause Young (Normal) (G1 Evacuation Pause) 2578M->1658M(4096M) 60.346ms
[184.204s][info][gc,cpu         ] GC(31) User=0.33s Sys=0.02s Real=0.07s
... (rIR:aIR:PR = 992:985:963) (tPR = 16454) [OK] 
   186s:       trying IR =   1170 ...[190.170s][info][gc,start       ] GC(32) Pause Young (Normal) (G1 Evacuation Pause)
[190.170s][info][gc,task        ] GC(32) Using 6 workers of 6 for evacuation
[190.240s][info][gc,phases      ] GC(32)   Pre Evacuate Collection Set: 0.38ms
[190.240s][info][gc,phases      ] GC(32)   Merge Heap Roots: 0.44ms
[190.240s][info][gc,phases      ] GC(32)   Evacuate Collection Set: 68.36ms
[190.240s][info][gc,phases      ] GC(32)   Post Evacuate Collection Set: 0.59ms
[190.240s][info][gc,phases      ] GC(32)   Other: 0.08ms
[190.240s][info][gc,heap        ] GC(32) Eden regions: 544->0(587)
[190.240s][info][gc,heap        ] GC(32) Survivor regions: 47->53(74)
[190.240s][info][gc,heap        ] GC(32) Old regions: 626->646
[190.240s][info][gc,heap        ] GC(32) Humongous regions: 160->160
[190.240s][info][gc,metaspace   ] GC(32) Metaspace: 27927K(28096K)->27927K(28096K) NonClass: 23083K(23168K)->23083K(23168K) Class: 4843K(4928K)->4843K(4928K)
[190.240s][info][gc             ] GC(32) Pause Young (Normal) (G1 Evacuation Pause) 2746M->1710M(4096M) 69.971ms
[190.240s][info][gc,cpu         ] GC(32) User=0.39s Sys=0.01s Real=0.07s
. (rIR:aIR:PR = 1170:1155:1148) (tPR = 19224) [OK] 
   190s:       trying IR =   1384 .... (rIR:aIR:PR = 1384:1377:1377) (tPR = 22976) [OK] 
   194s:       trying IR =   1641 [195.504s][info][gc,start       ] GC(33) Pause Young (Normal) (G1 Evacuation Pause)
[195.504s][info][gc,task        ] GC(33) Using 6 workers of 6 for evacuation
[195.578s][info][gc,phases      ] GC(33)   Pre Evacuate Collection Set: 0.37ms
[195.578s][info][gc,phases      ] GC(33)   Merge Heap Roots: 0.32ms
[195.578s][info][gc,phases      ] GC(33)   Evacuate Collection Set: 72.58ms
[195.578s][info][gc,phases      ] GC(33)   Post Evacuate Collection Set: 0.61ms
[195.578s][info][gc,phases      ] GC(33)   Other: 0.08ms
[195.578s][info][gc,heap        ] GC(33) Eden regions: 597->0(641)
[195.578s][info][gc,heap        ] GC(33) Survivor regions: 53->59(82)
[195.578s][info][gc,heap        ] GC(33) Old regions: 646->667
[195.578s][info][gc,heap        ] GC(33) Humongous regions: 160->160
[195.578s][info][gc,metaspace   ] GC(33) Metaspace: 28038K(28288K)->28038K(28288K) NonClass: 23178K(23296K)->23178K(23296K) Class: 4859K(4992K)->4859K(4992K)
[195.578s][info][gc             ] GC(33) Pause Young (Normal) (G1 Evacuation Pause) 2904M->1763M(4096M) 74.103ms
[195.578s][info][gc,cpu         ] GC(33) User=0.41s Sys=0.03s Real=0.07s
.... (rIR:aIR:PR = 1641:1647:1647) (tPR = 28190) [OK] 
   198s:       trying IR =   1949 .[200.098s][info][gc,start       ] GC(34) Pause Young (Normal) (G1 Evacuation Pause)
[200.098s][info][gc,task        ] GC(34) Using 6 workers of 6 for evacuation
[200.180s][info][gc,phases      ] GC(34)   Pre Evacuate Collection Set: 0.33ms
[200.180s][info][gc,phases      ] GC(34)   Merge Heap Roots: 0.31ms
[200.180s][info][gc,phases      ] GC(34)   Evacuate Collection Set: 80.67ms
[200.180s][info][gc,phases      ] GC(34)   Post Evacuate Collection Set: 0.64ms
[200.180s][info][gc,phases      ] GC(34)   Other: 0.07ms
[200.180s][info][gc,heap        ] GC(34) Eden regions: 648->0(687)
[200.180s][info][gc,heap        ] GC(34) Survivor regions: 59->63(89)
[200.180s][info][gc,heap        ] GC(34) Old regions: 667->691
[200.180s][info][gc,heap        ] GC(34) Humongous regions: 162->162
[200.180s][info][gc,metaspace   ] GC(34) Metaspace: 28068K(28352K)->28068K(28352K) NonClass: 23209K(23360K)->23209K(23360K) Class: 4859K(4992K)->4859K(4992K)
[200.180s][info][gc             ] GC(34) Pause Young (Normal) (G1 Evacuation Pause) 3063M->1824M(4096M) 82.147ms
[200.180s][info][gc,cpu         ] GC(34) User=0.46s Sys=0.03s Real=0.08s
... (rIR:aIR:PR = 1949:1958:1958) (tPR = 33804) [OK] 
   202s:       trying IR =   2319 .[204.160s][info][gc,start       ] GC(35) Pause Young (Normal) (G1 Evacuation Pause)
[204.160s][info][gc,task        ] GC(35) Using 6 workers of 6 for evacuation
[204.248s][info][gc,phases      ] GC(35)   Pre Evacuate Collection Set: 0.37ms
[204.248s][info][gc,phases      ] GC(35)   Merge Heap Roots: 0.35ms
[204.248s][info][gc,phases      ] GC(35)   Evacuate Collection Set: 85.97ms
[204.248s][info][gc,phases      ] GC(35)   Post Evacuate Collection Set: 0.70ms
[204.248s][info][gc,phases      ] GC(35)   Other: 0.07ms
[204.248s][info][gc,heap        ] GC(35) Eden regions: 688->0(732)
[204.248s][info][gc,heap        ] GC(35) Survivor regions: 63->68(94)
[204.248s][info][gc,heap        ] GC(35) Old regions: 691->716
[204.248s][info][gc,heap        ] GC(35) Humongous regions: 162->162
[204.248s][info][gc,metaspace   ] GC(35) Metaspace: 28090K(28416K)->28090K(28416K) NonClass: 23230K(23424K)->23230K(23424K) Class: 4859K(4992K)->4859K(4992K)
[204.248s][info][gc             ] GC(35) Pause Young (Normal) (G1 Evacuation Pause) 3200M->1884M(4096M) 87.606ms
[204.248s][info][gc,cpu         ] GC(35) User=0.48s Sys=0.03s Real=0.09s
... (rIR:aIR:PR = 2319:2316:2316) (tPR = 36865) [OK] 
   206s:       trying IR =   2762 [208.066s][info][gc,start       ] GC(36) Pause Young (Normal) (G1 Evacuation Pause)
[208.066s][info][gc,task        ] GC(36) Using 6 workers of 6 for evacuation
[208.156s][info][gc,phases      ] GC(36)   Pre Evacuate Collection Set: 0.37ms
[208.156s][info][gc,phases      ] GC(36)   Merge Heap Roots: 0.32ms
[208.156s][info][gc,phases      ] GC(36)   Evacuate Collection Set: 88.56ms
[208.156s][info][gc,phases      ] GC(36)   Post Evacuate Collection Set: 0.75ms
[208.156s][info][gc,phases      ] GC(36)   Other: 0.08ms
[208.156s][info][gc,heap        ] GC(36) Eden regions: 735->0(758)
[208.156s][info][gc,heap        ] GC(36) Survivor regions: 68->73(101)
[208.156s][info][gc,heap        ] GC(36) Old regions: 716->741
[208.156s][info][gc,heap        ] GC(36) Humongous regions: 162->162
[208.156s][info][gc,metaspace   ] GC(36) Metaspace: 28127K(28416K)->28127K(28416K) NonClass: 23268K(23424K)->23268K(23424K) Class: 4859K(4992K)->4859K(4992K)
[208.156s][info][gc             ] GC(36) Pause Young (Normal) (G1 Evacuation Pause) 3354M->1944M(4096M) 90.211ms
[208.156s][info][gc,cpu         ] GC(36) User=0.52s Sys=0.02s Real=0.09s
.... (rIR:aIR:PR = 2762:2820:2819) (tPR = 43069) [OK] 
   210s:       trying IR =   3295 [211.977s][info][gc,start       ] GC(37) Pause Young (Normal) (G1 Evacuation Pause)
[211.977s][info][gc,task        ] GC(37) Using 6 workers of 6 for evacuation
[212.070s][info][gc,phases      ] GC(37)   Pre Evacuate Collection Set: 0.36ms
[212.070s][info][gc,phases      ] GC(37)   Merge Heap Roots: 0.33ms
[212.070s][info][gc,phases      ] GC(37)   Evacuate Collection Set: 91.93ms
[212.070s][info][gc,phases      ] GC(37)   Post Evacuate Collection Set: 0.75ms
[212.070s][info][gc,phases      ] GC(37)   Other: 0.07ms
[212.071s][info][gc,heap        ] GC(37) Eden regions: 758->0(766)
[212.071s][info][gc,heap        ] GC(37) Survivor regions: 73->77(104)
[212.071s][info][gc,heap        ] GC(37) Old regions: 741->770
[212.071s][info][gc,heap        ] GC(37) Humongous regions: 162->162
[212.071s][info][gc,metaspace   ] GC(37) Metaspace: 28255K(28544K)->28255K(28544K) NonClass: 23387K(23552K)->23387K(23552K) Class: 4867K(4992K)->4867K(4992K)
[212.071s][info][gc             ] GC(37) Pause Young (Normal) (G1 Evacuation Pause) 3460M->2009M(4096M) 93.598ms
[212.071s][info][gc,cpu         ] GC(37) User=0.53s Sys=0.01s Real=0.09s
.... (rIR:aIR:PR = 3295:3306:3306) (tPR = 51194) [OK] 
   214s:       trying IR =   3934 [215.310s][info][gc,start       ] GC(38) Pause Young (Concurrent Start) (G1 Evacuation Pause)
[215.310s][info][gc,task        ] GC(38) Using 6 workers of 6 for evacuation
[215.406s][info][gc,phases      ] GC(38)   Pre Evacuate Collection Set: 0.43ms
[215.406s][info][gc,phases      ] GC(38)   Merge Heap Roots: 0.39ms
[215.406s][info][gc,phases      ] GC(38)   Evacuate Collection Set: 94.45ms
[215.406s][info][gc,phases      ] GC(38)   Post Evacuate Collection Set: 0.81ms
[215.406s][info][gc,phases      ] GC(38)   Other: 0.10ms
[215.406s][info][gc,heap        ] GC(38) Eden regions: 766->0(768)
[215.406s][info][gc,heap        ] GC(38) Survivor regions: 77->83(106)
[215.406s][info][gc,heap        ] GC(38) Old regions: 770->798
[215.406s][info][gc,heap        ] GC(38) Humongous regions: 162->162
[215.406s][info][gc,metaspace   ] GC(38) Metaspace: 28532K(28864K)->28532K(28864K) NonClass: 23651K(23808K)->23651K(23808K) Class: 4881K(5056K)->4881K(5056K)
[215.406s][info][gc             ] GC(38) Pause Young (Concurrent Start) (G1 Evacuation Pause) 3541M->2078M(4096M) 96.297ms
[215.406s][info][gc             ] GC(39) Concurrent Mark Cycle
[215.406s][info][gc,marking     ] GC(39) Concurrent Scan Root Regions
[215.406s][info][gc,cpu         ] GC(38) User=0.55s Sys=0.01s Real=0.10s
[215.554s][info][gc,marking     ] GC(39) Concurrent Scan Root Regions 147.607ms
[215.554s][info][gc,marking     ] GC(39) Concurrent Mark
[215.554s][info][gc,marking     ] GC(39) Concurrent Mark From Roots
[215.554s][info][gc,task        ] GC(39) Using 2 workers of 2 for marking
.[216.274s][info][gc,marking     ] GC(39) Concurrent Mark From Roots 720.038ms
[216.274s][info][gc,marking     ] GC(39) Concurrent Preclean
[216.274s][info][gc,marking     ] GC(39) Concurrent Preclean 0.058ms
[216.275s][info][gc,start       ] GC(39) Pause Remark
[216.281s][info][gc             ] GC(39) Pause Remark 2553M->2231M(4096M) 6.079ms
[216.281s][info][gc,cpu         ] GC(39) User=0.03s Sys=0.00s Real=0.00s
[216.282s][info][gc,marking     ] GC(39) Concurrent Mark 727.607ms
[216.282s][info][gc,marking     ] GC(39) Concurrent Rebuild Remembered Sets and Scrub Regions
[216.597s][info][gc,marking     ] GC(39) Concurrent Rebuild Remembered Sets and Scrub Regions 315.536ms
[216.598s][info][gc,start       ] GC(39) Pause Cleanup
[216.598s][info][gc             ] GC(39) Pause Cleanup 2406M->2406M(4096M) 0.265ms
[216.598s][info][gc,cpu         ] GC(39) User=0.00s Sys=0.00s Real=0.00s
[216.598s][info][gc,marking     ] GC(39) Concurrent Clear Claimed Marks
[216.598s][info][gc,marking     ] GC(39) Concurrent Clear Claimed Marks 0.029ms
[216.598s][info][gc,marking     ] GC(39) Concurrent Cleanup for Next Mark
[216.602s][info][gc,marking     ] GC(39) Concurrent Cleanup for Next Mark 4.034ms
[216.602s][info][gc             ] GC(39) Concurrent Mark Cycle 1196.119ms
..[218.444s][info][gc,start       ] GC(40) Pause Young (Prepare Mixed) (G1 Evacuation Pause)
[218.444s][info][gc,task        ] GC(40) Using 6 workers of 6 for evacuation
[218.538s][info][gc,phases      ] GC(40)   Pre Evacuate Collection Set: 0.35ms
[218.538s][info][gc,phases      ] GC(40)   Merge Heap Roots: 0.42ms
[218.538s][info][gc,phases      ] GC(40)   Evacuate Collection Set: 91.48ms
[218.538s][info][gc,phases      ] GC(40)   Post Evacuate Collection Set: 0.84ms
[218.538s][info][gc,phases      ] GC(40)   Other: 0.09ms
[218.538s][info][gc,heap        ] GC(40) Eden regions: 760->0(815)
[218.538s][info][gc,heap        ] GC(40) Survivor regions: 83->82(106)
[218.538s][info][gc,heap        ] GC(40) Old regions: 722->753
[218.538s][info][gc,heap        ] GC(40) Humongous regions: 77->77
[218.538s][info][gc,metaspace   ] GC(40) Metaspace: 28610K(28992K)->28610K(28992K) NonClass: 23729K(23936K)->23729K(23936K) Class: 4881K(5056K)->4881K(5056K)
[218.538s][info][gc             ] GC(40) Pause Young (Prepare Mixed) (G1 Evacuation Pause) 3276M->1815M(4096M) 93.318ms
[218.538s][info][gc,cpu         ] GC(40) User=0.55s Sys=0.00s Real=0.09s
. (rIR:aIR:PR = 3934:3903:3903) (tPR = 61510) [OK] 
   218s:       trying IR =   4701 ..[221.310s][info][gc,start       ] GC(41) Pause Young (Mixed) (G1 Evacuation Pause)
[221.310s][info][gc,task        ] GC(41) Using 6 workers of 6 for evacuation
[221.418s][info][gc,phases      ] GC(41)   Pre Evacuate Collection Set: 0.38ms
[221.418s][info][gc,phases      ] GC(41)   Merge Heap Roots: 0.59ms
[221.418s][info][gc,phases      ] GC(41)   Evacuate Collection Set: 106.05ms
[221.418s][info][gc,phases      ] GC(41)   Post Evacuate Collection Set: 0.96ms
[221.418s][info][gc,phases      ] GC(41)   Other: 0.11ms
[221.418s][info][gc,heap        ] GC(41) Eden regions: 805->0(841)
[221.418s][info][gc,heap        ] GC(41) Survivor regions: 82->85(111)
[221.418s][info][gc,heap        ] GC(41) Old regions: 753->738
[221.418s][info][gc,heap        ] GC(41) Humongous regions: 77->77
[221.418s][info][gc,metaspace   ] GC(41) Metaspace: 28625K(28992K)->28625K(28992K) NonClass: 23743K(23936K)->23743K(23936K) Class: 4881K(5056K)->4881K(5056K)
[221.418s][info][gc             ] GC(41) Pause Young (Mixed) (G1 Evacuation Pause) 3425M->1793M(4096M) 108.212ms
[221.418s][info][gc,cpu         ] GC(41) User=0.63s Sys=0.01s Real=0.11s
.. (rIR:aIR:PR = 4701:4757:4757) (tPR = 71939) [OK] 
   223s:       trying IR =   5621 [224.046s][info][gc,start       ] GC(42) Pause Young (Mixed) (G1 Evacuation Pause)
[224.046s][info][gc,task        ] GC(42) Using 6 workers of 6 for evacuation
[224.157s][info][gc,phases      ] GC(42)   Pre Evacuate Collection Set: 0.38ms
[224.157s][info][gc,phases      ] GC(42)   Merge Heap Roots: 0.60ms
[224.157s][info][gc,phases      ] GC(42)   Evacuate Collection Set: 108.96ms
[224.157s][info][gc,phases      ] GC(42)   Merge Optional Heap Roots: 0.03ms
[224.157s][info][gc,phases      ] GC(42)   Evacuate Optional Collection Set: 0.23ms
[224.157s][info][gc,phases      ] GC(42)   Post Evacuate Collection Set: 1.03ms
[224.157s][info][gc,phases      ] GC(42)   Other: 0.11ms
[224.157s][info][gc,heap        ] GC(42) Eden regions: 828->0(877)
[224.157s][info][gc,heap        ] GC(42) Survivor regions: 85->88(115)
[224.157s][info][gc,heap        ] GC(42) Old regions: 738->724
[224.157s][info][gc,heap        ] GC(42) Humongous regions: 77->77
[224.157s][info][gc,metaspace   ] GC(42) Metaspace: 28638K(28992K)->28638K(28992K) NonClass: 23756K(23936K)->23756K(23936K) Class: 4882K(5056K)->4882K(5056K)
[224.157s][info][gc             ] GC(42) Pause Young (Mixed) (G1 Evacuation Pause) 3449M->1771M(4096M) 111.470ms
[224.158s][info][gc,cpu         ] GC(42) User=0.65s Sys=0.00s Real=0.11s
...[226.630s][info][gc,start       ] GC(43) Pause Young (Mixed) (G1 Evacuation Pause)
[226.630s][info][gc,task        ] GC(43) Using 6 workers of 6 for evacuation
[226.749s][info][gc,phases      ] GC(43)   Pre Evacuate Collection Set: 0.37ms
[226.749s][info][gc,phases      ] GC(43)   Merge Heap Roots: 0.55ms
[226.749s][info][gc,phases      ] GC(43)   Evacuate Collection Set: 115.79ms
[226.749s][info][gc,phases      ] GC(43)   Merge Optional Heap Roots: 0.03ms
[226.749s][info][gc,phases      ] GC(43)   Evacuate Optional Collection Set: 0.43ms
[226.749s][info][gc,phases      ] GC(43)   Post Evacuate Collection Set: 1.01ms
[226.749s][info][gc,phases      ] GC(43)   Other: 0.11ms
[226.749s][info][gc,heap        ] GC(43) Eden regions: 870->0(484)
[226.749s][info][gc,heap        ] GC(43) Survivor regions: 88->96(120)
[226.749s][info][gc,heap        ] GC(43) Old regions: 724->703
[226.749s][info][gc,heap        ] GC(43) Humongous regions: 77->77
[226.749s][info][gc,metaspace   ] GC(43) Metaspace: 28642K(28992K)->28642K(28992K) NonClass: 23759K(23936K)->23759K(23936K) Class: 4882K(5056K)->4882K(5056K)
[226.749s][info][gc             ] GC(43) Pause Young (Mixed) (G1 Evacuation Pause) 3511M->1744M(4096M) 118.444ms
[226.749s][info][gc,cpu         ] GC(43) User=0.68s Sys=0.02s Real=0.12s
. (rIR:aIR:PR = 5621:5704:5704) (tPR = 83977) [OK] 
   227s:       trying IR =   6725 [228.106s][info][gc,start       ] GC(44) Pause Young (Mixed) (G1 Evacuation Pause)
[228.106s][info][gc,task        ] GC(44) Using 6 workers of 6 for evacuation
[228.205s][info][gc,phases      ] GC(44)   Pre Evacuate Collection Set: 0.37ms
[228.205s][info][gc,phases      ] GC(44)   Merge Heap Roots: 0.50ms
[228.205s][info][gc,phases      ] GC(44)   Evacuate Collection Set: 97.78ms
[228.205s][info][gc,phases      ] GC(44)   Post Evacuate Collection Set: 0.89ms
[228.205s][info][gc,phases      ] GC(44)   Other: 0.09ms
[228.205s][info][gc,heap        ] GC(44) Eden regions: 562->0(907)
[228.205s][info][gc,heap        ] GC(44) Survivor regions: 96->37(83)
[228.205s][info][gc,heap        ] GC(44) Old regions: 703->737
[228.205s][info][gc,heap        ] GC(44) Humongous regions: 77->77
[228.205s][info][gc,metaspace   ] GC(44) Metaspace: 28642K(28992K)->28642K(28992K) NonClass: 23760K(23936K)->23760K(23936K) Class: 4882K(5056K)->4882K(5056K)
[228.205s][info][gc             ] GC(44) Pause Young (Mixed) (G1 Evacuation Pause) 2868M->1693M(4096M) 99.771ms
[228.205s][info][gc,cpu         ] GC(44) User=0.58s Sys=0.00s Real=0.10s
...[230.369s][info][gc,start       ] GC(45) Pause Young (Mixed) (G1 Evacuation Pause)
[230.369s][info][gc,task        ] GC(45) Using 6 workers of 6 for evacuation
[230.454s][info][gc,phases      ] GC(45)   Pre Evacuate Collection Set: 0.37ms
[230.454s][info][gc,phases      ] GC(45)   Merge Heap Roots: 0.61ms
[230.454s][info][gc,phases      ] GC(45)   Evacuate Collection Set: 82.44ms
[230.454s][info][gc,phases      ] GC(45)   Merge Optional Heap Roots: 0.06ms
[230.454s][info][gc,phases      ] GC(45)   Evacuate Optional Collection Set: 0.82ms
[230.454s][info][gc,phases      ] GC(45)   Post Evacuate Collection Set: 1.08ms
[230.454s][info][gc,phases      ] GC(45)   Other: 0.11ms
[230.454s][info][gc,heap        ] GC(45) Eden regions: 907->0(930)
[230.454s][info][gc,heap        ] GC(45) Survivor regions: 37->82(118)
[230.454s][info][gc,heap        ] GC(45) Old regions: 737->676
[230.454s][info][gc,heap        ] GC(45) Humongous regions: 77->77
[230.454s][info][gc,metaspace   ] GC(45) Metaspace: 28675K(28992K)->28675K(28992K) NonClass: 23793K(23936K)->23793K(23936K) Class: 4882K(5056K)->4882K(5056K)
[230.454s][info][gc             ] GC(45) Pause Young (Mixed) (G1 Evacuation Pause) 3507M->1665M(4096M) 85.648ms
[230.454s][info][gc,cpu         ] GC(45) User=0.50s Sys=0.00s Real=0.09s
..[232.590s][info][gc,start       ] GC(46) Pause Young (Mixed) (G1 Evacuation Pause)
[232.590s][info][gc,task        ] GC(46) Using 6 workers of 6 for evacuation
[232.712s][info][gc,phases      ] GC(46)   Pre Evacuate Collection Set: 0.40ms
[232.712s][info][gc,phases      ] GC(46)   Merge Heap Roots: 0.64ms
[232.712s][info][gc,phases      ] GC(46)   Evacuate Collection Set: 114.53ms
[232.712s][info][gc,phases      ] GC(46)   Merge Optional Heap Roots: 0.09ms
[232.712s][info][gc,phases      ] GC(46)   Evacuate Optional Collection Set: 5.35ms
[232.712s][info][gc,phases      ] GC(46)   Post Evacuate Collection Set: 0.99ms
[232.712s][info][gc,phases      ] GC(46)   Other: 0.11ms
[232.712s][info][gc,heap        ] GC(46) Eden regions: 930->0(963)
[232.712s][info][gc,heap        ] GC(46) Survivor regions: 82->97(127)
[232.712s][info][gc,heap        ] GC(46) Old regions: 676->626
[232.712s][info][gc,heap        ] GC(46) Humongous regions: 77->77
[232.712s][info][gc,metaspace   ] GC(46) Metaspace: 28677K(28992K)->28677K(28992K) NonClass: 23794K(23936K)->23794K(23936K) Class: 4882K(5056K)->4882K(5056K)
[232.712s][info][gc             ] GC(46) Pause Young (Mixed) (G1 Evacuation Pause) 3525M->1595M(4096M) 122.246ms
[232.712s][info][gc,cpu         ] GC(46) User=0.71s Sys=0.02s Real=0.12s
. (rIR:aIR:PR = 6725:6762:6861) (tPR = 102079) [OK] 
   233s:       trying IR =   8050 .[234.697s][info][gc,start       ] GC(47) Pause Young (Mixed) (G1 Evacuation Pause)
[234.697s][info][gc,task        ] GC(47) Using 6 workers of 6 for evacuation
[234.815s][info][gc,phases      ] GC(47)   Pre Evacuate Collection Set: 0.36ms
[234.815s][info][gc,phases      ] GC(47)   Merge Heap Roots: 0.68ms
[234.815s][info][gc,phases      ] GC(47)   Evacuate Collection Set: 115.49ms
[234.815s][info][gc,phases      ] GC(47)   Post Evacuate Collection Set: 0.92ms
[234.815s][info][gc,phases      ] GC(47)   Other: 0.09ms
[234.815s][info][gc,heap        ] GC(47) Eden regions: 963->0(969)
[234.815s][info][gc,heap        ] GC(47) Survivor regions: 97->99(133)
[234.815s][info][gc,heap        ] GC(47) Old regions: 626->638
[234.815s][info][gc,heap        ] GC(47) Humongous regions: 77->77
[234.815s][info][gc,metaspace   ] GC(47) Metaspace: 28685K(28992K)->28685K(28992K) NonClass: 23803K(23936K)->23803K(23936K) Class: 4882K(5056K)->4882K(5056K)
[234.815s][info][gc             ] GC(47) Pause Young (Mixed) (G1 Evacuation Pause) 3521M->1622M(4096M) 117.665ms
[234.815s][info][gc,cpu         ] GC(47) User=0.70s Sys=0.00s Real=0.12s
..[236.727s][info][gc,start       ] GC(48) Pause Young (Normal) (G1 Evacuation Pause)
[236.727s][info][gc,task        ] GC(48) Using 6 workers of 6 for evacuation
[236.836s][info][gc,phases      ] GC(48)   Pre Evacuate Collection Set: 0.37ms
[236.836s][info][gc,phases      ] GC(48)   Merge Heap Roots: 0.46ms
[236.836s][info][gc,phases      ] GC(48)   Evacuate Collection Set: 106.48ms
[236.836s][info][gc,phases      ] GC(48)   Post Evacuate Collection Set: 0.85ms
[236.836s][info][gc,phases      ] GC(48)   Other: 0.09ms
[236.836s][info][gc,heap        ] GC(48) Eden regions: 969->0(969)
[236.836s][info][gc,heap        ] GC(48) Survivor regions: 99->101(134)
[236.836s][info][gc,heap        ] GC(48) Old regions: 638->667
[236.836s][info][gc,heap        ] GC(48) Humongous regions: 77->77
[236.836s][info][gc,metaspace   ] GC(48) Metaspace: 28686K(28992K)->28686K(28992K) NonClass: 23804K(23936K)->23804K(23936K) Class: 4882K(5056K)->4882K(5056K)
[236.836s][info][gc             ] GC(48) Pause Young (Normal) (G1 Evacuation Pause) 3560M->1685M(4096M) 108.376ms
[236.836s][info][gc,cpu         ] GC(48) User=0.64s Sys=0.00s Real=0.11s
. (rIR:aIR:PR = 8050:8150:8151) (tPR = 122995) [OK] 
   237s:       trying IR =   9640 .[238.474s][info][gc,start       ] GC(49) Pause Young (Normal) (G1 Evacuation Pause)
[238.474s][info][gc,task        ] GC(49) Using 6 workers of 6 for evacuation
[238.591s][info][gc,phases      ] GC(49)   Pre Evacuate Collection Set: 0.34ms
[238.591s][info][gc,phases      ] GC(49)   Merge Heap Roots: 0.41ms
[238.591s][info][gc,phases      ] GC(49)   Evacuate Collection Set: 115.93ms
[238.591s][info][gc,phases      ] GC(49)   Post Evacuate Collection Set: 0.87ms
[238.591s][info][gc,phases      ] GC(49)   Other: 0.08ms
[238.591s][info][gc,heap        ] GC(49) Eden regions: 969->0(953)
[238.591s][info][gc,heap        ] GC(49) Survivor regions: 101->109(134)
[238.591s][info][gc,heap        ] GC(49) Old regions: 667->697
[238.591s][info][gc,heap        ] GC(49) Humongous regions: 77->77
[238.591s][info][gc,metaspace   ] GC(49) Metaspace: 28686K(28992K)->28686K(28992K) NonClass: 23804K(23936K)->23804K(23936K) Class: 4882K(5056K)->4882K(5056K)
[238.591s][info][gc             ] GC(49) Pause Young (Normal) (G1 Evacuation Pause) 3623M->1761M(4096M) 117.762ms
[238.591s][info][gc,cpu         ] GC(49) User=0.69s Sys=0.00s Real=0.11s
.[240.122s][info][gc,start       ] GC(50) Pause Young (Normal) (G1 Evacuation Pause)
[240.122s][info][gc,task        ] GC(50) Using 6 workers of 6 for evacuation
[240.230s][info][gc,phases      ] GC(50)   Pre Evacuate Collection Set: 0.37ms
[240.230s][info][gc,phases      ] GC(50)   Merge Heap Roots: 0.46ms
[240.230s][info][gc,phases      ] GC(50)   Evacuate Collection Set: 106.14ms
[240.230s][info][gc,phases      ] GC(50)   Post Evacuate Collection Set: 0.84ms
[240.230s][info][gc,phases      ] GC(50)   Other: 0.09ms
[240.230s][info][gc,heap        ] GC(50) Eden regions: 953->0(940)
[240.230s][info][gc,heap        ] GC(50) Survivor regions: 109->99(133)
[240.230s][info][gc,heap        ] GC(50) Old regions: 697->730
[240.230s][info][gc,heap        ] GC(50) Humongous regions: 77->77
[240.230s][info][gc,metaspace   ] GC(50) Metaspace: 28704K(28992K)->28704K(28992K) NonClass: 23822K(23936K)->23822K(23936K) Class: 4882K(5056K)->4882K(5056K)
[240.230s][info][gc             ] GC(50) Pause Young (Normal) (G1 Evacuation Pause) 3667M->1806M(4096M) 108.040ms
[240.230s][info][gc,cpu         ] GC(50) User=0.64s Sys=0.00s Real=0.11s
.. (rIR:aIR:PR = 9640:9657:9657) (tPR = 147706) [OK] 
   241s:       trying IR =  11548 [241.705s][info][gc,start       ] GC(51) Pause Young (Normal) (G1 Evacuation Pause)
[241.705s][info][gc,task        ] GC(51) Using 6 workers of 6 for evacuation
[241.817s][info][gc,phases      ] GC(51)   Pre Evacuate Collection Set: 0.35ms
[241.817s][info][gc,phases      ] GC(51)   Merge Heap Roots: 0.39ms
[241.817s][info][gc,phases      ] GC(51)   Evacuate Collection Set: 110.51ms
[241.817s][info][gc,phases      ] GC(51)   Post Evacuate Collection Set: 0.81ms
[241.817s][info][gc,phases      ] GC(51)   Other: 0.08ms
[241.817s][info][gc,heap        ] GC(51) Eden regions: 940->0(900)
[241.817s][info][gc,heap        ] GC(51) Survivor regions: 99->103(130)
[241.817s][info][gc,heap        ] GC(51) Old regions: 730->762
[241.817s][info][gc,heap        ] GC(51) Humongous regions: 77->77
[241.817s][info][gc,metaspace   ] GC(51) Metaspace: 28714K(29056K)->28714K(29056K) NonClass: 23831K(24000K)->23831K(24000K) Class: 4882K(5056K)->4882K(5056K)
[241.817s][info][gc             ] GC(51) Pause Young (Normal) (G1 Evacuation Pause) 3686M->1879M(4096M) 112.285ms
[241.817s][info][gc,cpu         ] GC(51) User=0.67s Sys=0.00s Real=0.11s
.[243.036s][info][gc,start       ] GC(52) Pause Young (Normal) (G1 Evacuation Pause)
[243.036s][info][gc,task        ] GC(52) Using 6 workers of 6 for evacuation
[243.143s][info][gc,phases      ] GC(52)   Pre Evacuate Collection Set: 0.35ms
[243.143s][info][gc,phases      ] GC(52)   Merge Heap Roots: 0.44ms
[243.143s][info][gc,phases      ] GC(52)   Evacuate Collection Set: 105.77ms
[243.143s][info][gc,phases      ] GC(52)   Post Evacuate Collection Set: 0.78ms
[243.143s][info][gc,phases      ] GC(52)   Other: 0.08ms
[243.143s][info][gc,heap        ] GC(52) Eden regions: 900->0(880)
[243.143s][info][gc,heap        ] GC(52) Survivor regions: 103->97(126)
[243.143s][info][gc,heap        ] GC(52) Old regions: 762->794
[243.143s][info][gc,heap        ] GC(52) Humongous regions: 77->77
[243.143s][info][gc,metaspace   ] GC(52) Metaspace: 28722K(29056K)->28722K(29056K) NonClass: 23839K(24000K)->23839K(24000K) Class: 4882K(5056K)->4882K(5056K)
[243.143s][info][gc             ] GC(52) Pause Young (Normal) (G1 Evacuation Pause) 3679M->1931M(4096M) 107.538ms
[243.143s][info][gc,cpu         ] GC(52) User=0.64s Sys=0.00s Real=0.10s
.[244.365s][info][gc,start       ] GC(53) Pause Young (Normal) (G1 Evacuation Pause)
[244.365s][info][gc,task        ] GC(53) Using 6 workers of 6 for evacuation
[244.511s][info][gc,phases      ] GC(53)   Pre Evacuate Collection Set: 0.36ms
[244.511s][info][gc,phases      ] GC(53)   Merge Heap Roots: 0.42ms
[244.511s][info][gc,phases      ] GC(53)   Evacuate Collection Set: 144.32ms
[244.511s][info][gc,phases      ] GC(53)   Post Evacuate Collection Set: 0.83ms
[244.511s][info][gc,phases      ] GC(53)   Other: 0.07ms
[244.511s][info][gc,heap        ] GC(53) Eden regions: 880->0(851)
[244.511s][info][gc,heap        ] GC(53) Survivor regions: 97->96(123)
[244.511s][info][gc,heap        ] GC(53) Old regions: 794->825
[244.511s][info][gc,heap        ] GC(53) Humongous regions: 77->77
[244.511s][info][gc,metaspace   ] GC(53) Metaspace: 28724K(29056K)->28724K(29056K) NonClass: 23842K(24000K)->23842K(24000K) Class: 4882K(5056K)->4882K(5056K)
[244.511s][info][gc             ] GC(53) Pause Young (Normal) (G1 Evacuation Pause) 3691M->1991M(4096M) 146.147ms
[244.511s][info][gc,cpu         ] GC(53) User=0.64s Sys=0.00s Real=0.14s
..[245.610s][info][gc,start       ] GC(54) Pause Young (Normal) (G1 Evacuation Pause)
[245.610s][info][gc,task        ] GC(54) Using 6 workers of 6 for evacuation
[245.716s][info][gc,phases      ] GC(54)   Pre Evacuate Collection Set: 0.37ms
[245.716s][info][gc,phases      ] GC(54)   Merge Heap Roots: 0.41ms
[245.716s][info][gc,phases      ] GC(54)   Evacuate Collection Set: 104.98ms
[245.716s][info][gc,phases      ] GC(54)   Post Evacuate Collection Set: 0.80ms
[245.716s][info][gc,phases      ] GC(54)   Other: 0.07ms
[245.716s][info][gc,heap        ] GC(54) Eden regions: 851->0(819)
[245.716s][info][gc,heap        ] GC(54) Survivor regions: 96->96(119)
[245.716s][info][gc,heap        ] GC(54) Old regions: 825->857
[245.716s][info][gc,heap        ] GC(54) Humongous regions: 77->77
[245.716s][info][gc,metaspace   ] GC(54) Metaspace: 28728K(29056K)->28728K(29056K) NonClass: 23846K(24000K)->23846K(24000K) Class: 4882K(5056K)->4882K(5056K)
[245.716s][info][gc             ] GC(54) Pause Young (Normal) (G1 Evacuation Pause) 3693M->2055M(4096M) 106.767ms
[245.716s][info][gc,cpu         ] GC(54) User=0.63s Sys=0.00s Real=0.11s
.[246.838s][info][gc,start       ] GC(55) Pause Young (Concurrent Start) (G1 Evacuation Pause)
[246.838s][info][gc,task        ] GC(55) Using 6 workers of 6 for evacuation
[246.943s][info][gc,phases      ] GC(55)   Pre Evacuate Collection Set: 0.39ms
[246.943s][info][gc,phases      ] GC(55)   Merge Heap Roots: 0.39ms
[246.943s][info][gc,phases      ] GC(55)   Evacuate Collection Set: 103.84ms
[246.943s][info][gc,phases      ] GC(55)   Post Evacuate Collection Set: 0.73ms
[246.943s][info][gc,phases      ] GC(55)   Other: 0.11ms
[246.943s][info][gc,heap        ] GC(55) Eden regions: 819->0(786)
[246.943s][info][gc,heap        ] GC(55) Survivor regions: 96->98(115)
[246.943s][info][gc,heap        ] GC(55) Old regions: 857->886
[246.943s][info][gc,heap        ] GC(55) Humongous regions: 77->77
[246.943s][info][gc,metaspace   ] GC(55) Metaspace: 28728K(29056K)->28728K(29056K) NonClass: 23846K(24000K)->23846K(24000K) Class: 4882K(5056K)->4882K(5056K)
[246.943s][info][gc             ] GC(55) Pause Young (Concurrent Start) (G1 Evacuation Pause) 3693M->2117M(4096M) 105.589ms
[246.943s][info][gc             ] GC(56) Concurrent Mark Cycle
[246.943s][info][gc,marking     ] GC(56) Concurrent Scan Root Regions
[246.943s][info][gc,cpu         ] GC(55) User=0.63s Sys=0.00s Real=0.10s
[247.129s][info][gc,marking     ] GC(56) Concurrent Scan Root Regions 185.435ms
[247.129s][info][gc,marking     ] GC(56) Concurrent Mark
[247.129s][info][gc,marking     ] GC(56) Concurrent Mark From Roots
[247.129s][info][gc,task        ] GC(56) Using 2 workers of 2 for marking
.[248.481s][info][gc,start       ] GC(57) Pause Young (Normal) (G1 Evacuation Pause)
[248.481s][info][gc,task        ] GC(57) Using 6 workers of 6 for evacuation
[248.584s][info][gc,phases      ] GC(57)   Pre Evacuate Collection Set: 0.38ms
[248.584s][info][gc,phases      ] GC(57)   Merge Heap Roots: 0.40ms
[248.584s][info][gc,phases      ] GC(57)   Evacuate Collection Set: 101.33ms
[248.584s][info][gc,phases      ] GC(57)   Post Evacuate Collection Set: 0.73ms
[248.584s][info][gc,phases      ] GC(57)   Other: 0.07ms
[248.584s][info][gc,heap        ] GC(57) Eden regions: 786->0(801)
[248.584s][info][gc,heap        ] GC(57) Survivor regions: 98->56(111)
[248.584s][info][gc,heap        ] GC(57) Old regions: 886->955
[248.584s][info][gc,heap        ] GC(57) Humongous regions: 77->77
[248.584s][info][gc,metaspace   ] GC(57) Metaspace: 28728K(29056K)->28728K(29056K) NonClass: 23846K(24000K)->23846K(24000K) Class: 4882K(5056K)->4882K(5056K)
[248.584s][info][gc             ] GC(57) Pause Young (Normal) (G1 Evacuation Pause) 3689M->2172M(4096M) 103.051ms
[248.584s][info][gc,cpu         ] GC(57) User=0.61s Sys=0.00s Real=0.11s
[248.786s][info][gc,marking     ] GC(56) Concurrent Mark From Roots 1657.252ms
[248.786s][info][gc,marking     ] GC(56) Concurrent Preclean
[248.786s][info][gc,marking     ] GC(56) Concurrent Preclean 0.199ms
[248.787s][info][gc,start       ] GC(56) Pause Remark
[248.790s][info][gc             ] GC(56) Pause Remark 2343M->2321M(4096M) 3.180ms
[248.790s][info][gc,cpu         ] GC(56) User=0.01s Sys=0.00s Real=0.00s
[248.790s][info][gc,marking     ] GC(56) Concurrent Mark 1660.993ms
[248.790s][info][gc,marking     ] GC(56) Concurrent Rebuild Remembered Sets and Scrub Regions
.[249.344s][info][gc,marking     ] GC(56) Concurrent Rebuild Remembered Sets and Scrub Regions 554.398ms
[249.344s][info][gc,start       ] GC(56) Pause Cleanup
[249.345s][info][gc             ] GC(56) Pause Cleanup 2900M->2900M(4096M) 0.358ms
[249.345s][info][gc,cpu         ] GC(56) User=0.00s Sys=0.00s Real=0.00s
[249.346s][info][gc,marking     ] GC(56) Concurrent Clear Claimed Marks
[249.346s][info][gc,marking     ] GC(56) Concurrent Clear Claimed Marks 0.046ms
[249.346s][info][gc,marking     ] GC(56) Concurrent Cleanup for Next Mark
[249.358s][info][gc,marking     ] GC(56) Concurrent Cleanup for Next Mark 11.552ms
[249.358s][info][gc             ] GC(56) Concurrent Mark Cycle 2414.351ms
[249.839s][info][gc,start       ] GC(58) Pause Young (Prepare Mixed) (G1 Evacuation Pause)
[249.839s][info][gc,task        ] GC(58) Using 6 workers of 6 for evacuation
[249.923s][info][gc,phases      ] GC(58)   Pre Evacuate Collection Set: 0.34ms
[249.923s][info][gc,phases      ] GC(58)   Merge Heap Roots: 0.39ms
[249.923s][info][gc,phases      ] GC(58)   Evacuate Collection Set: 83.00ms
[249.923s][info][gc,phases      ] GC(58)   Post Evacuate Collection Set: 0.85ms
[249.923s][info][gc,phases      ] GC(58)   Other: 0.09ms
[249.923s][info][gc,heap        ] GC(58) Eden regions: 801->0(732)
[249.923s][info][gc,heap        ] GC(58) Survivor regions: 56->96(108)
[249.923s][info][gc,heap        ] GC(58) Old regions: 944->944
[249.923s][info][gc,heap        ] GC(58) Humongous regions: 77->77
[249.923s][info][gc,metaspace   ] GC(58) Metaspace: 28729K(29056K)->28729K(29056K) NonClass: 23846K(24000K)->23846K(24000K) Class: 4882K(5056K)->4882K(5056K)
[249.923s][info][gc             ] GC(58) Pause Young (Prepare Mixed) (G1 Evacuation Pause) 3752M->2230M(4096M) 84.792ms
[249.923s][info][gc,cpu         ] GC(58) User=0.50s Sys=0.00s Real=0.08s
.[250.963s][info][gc,start       ] GC(59) Pause Young (Mixed) (G1 Evacuation Pause)
[250.963s][info][gc,task        ] GC(59) Using 6 workers of 6 for evacuation
[251.064s][info][gc,phases      ] GC(59)   Pre Evacuate Collection Set: 0.40ms
[251.064s][info][gc,phases      ] GC(59)   Merge Heap Roots: 0.43ms
[251.064s][info][gc,phases      ] GC(59)   Evacuate Collection Set: 99.58ms
[251.064s][info][gc,phases      ] GC(59)   Post Evacuate Collection Set: 0.90ms
[251.064s][info][gc,phases      ] GC(59)   Other: 0.10ms
[251.064s][info][gc,heap        ] GC(59) Eden regions: 732->0(942)
[251.064s][info][gc,heap        ] GC(59) Survivor regions: 96->48(104)
[251.064s][info][gc,heap        ] GC(59) Old regions: 944->812
[251.064s][info][gc,heap        ] GC(59) Humongous regions: 77->77
[251.064s][info][gc,metaspace   ] GC(59) Metaspace: 28731K(29056K)->28731K(29056K) NonClass: 23849K(24000K)->23849K(24000K) Class: 4882K(5056K)->4882K(5056K)
[251.064s][info][gc             ] GC(59) Pause Young (Mixed) (G1 Evacuation Pause) 3694M->1869M(4096M) 101.531ms
[251.065s][info][gc,cpu         ] GC(59) User=0.60s Sys=0.00s Real=0.11s
.[252.359s][info][gc,start       ] GC(60) Pause Young (Mixed) (G1 Evacuation Pause)
[252.359s][info][gc,task        ] GC(60) Using 6 workers of 6 for evacuation
[252.498s][info][gc,phases      ] GC(60)   Pre Evacuate Collection Set: 0.39ms
[252.498s][info][gc,phases      ] GC(60)   Merge Heap Roots: 0.66ms
[252.498s][info][gc,phases      ] GC(60)   Evacuate Collection Set: 137.08ms
[252.498s][info][gc,phases      ] GC(60)   Post Evacuate Collection Set: 1.09ms
[252.498s][info][gc,phases      ] GC(60)   Other: 0.10ms
[252.498s][info][gc,heap        ] GC(60) Eden regions: 942->0(1065)
[252.498s][info][gc,heap        ] GC(60) Survivor regions: 48->91(124)
[252.498s][info][gc,heap        ] GC(60) Old regions: 812->621
[252.498s][info][gc,heap        ] GC(60) Humongous regions: 77->77
[252.498s][info][gc,metaspace   ] GC(60) Metaspace: 28732K(29056K)->28732K(29056K) NonClass: 23849K(24000K)->23849K(24000K) Class: 4882K(5056K)->4882K(5056K)
[252.498s][info][gc             ] GC(60) Pause Young (Mixed) (G1 Evacuation Pause) 3753M->1574M(4096M) 139.471ms
[252.498s][info][gc,cpu         ] GC(60) User=0.59s Sys=0.00s Real=0.14s
..[253.925s][info][gc,start       ] GC(61) Pause Young (Mixed) (G1 Evacuation Pause)
[253.925s][info][gc,task        ] GC(61) Using 6 workers of 6 for evacuation
[254.059s][info][gc,phases      ] GC(61)   Pre Evacuate Collection Set: 0.39ms
[254.059s][info][gc,phases      ] GC(61)   Merge Heap Roots: 0.77ms
[254.059s][info][gc,phases      ] GC(61)   Evacuate Collection Set: 131.84ms
[254.059s][info][gc,phases      ] GC(61)   Post Evacuate Collection Set: 1.05ms
[254.059s][info][gc,phases      ] GC(61)   Other: 0.13ms
[254.059s][info][gc,heap        ] GC(61) Eden regions: 1065->0(983)
[254.059s][info][gc,heap        ] GC(61) Survivor regions: 91->111(145)
[254.059s][info][gc,heap        ] GC(61) Old regions: 621->590
[254.059s][info][gc,heap        ] GC(61) Humongous regions: 77->77
[254.059s][info][gc,metaspace   ] GC(61) Metaspace: 28732K(29056K)->28732K(29056K) NonClass: 23849K(24000K)->23849K(24000K) Class: 4882K(5056K)->4882K(5056K)
[254.059s][info][gc             ] GC(61) Pause Young (Mixed) (G1 Evacuation Pause) 3704M->1552M(4096M) 134.324ms
[254.059s][info][gc,cpu         ] GC(61) User=0.80s Sys=0.00s Real=0.13s
.[255.234s][info][gc,start       ] GC(62) Pause Young (Mixed) (G1 Evacuation Pause)
[255.234s][info][gc,task        ] GC(62) Using 6 workers of 6 for evacuation
[255.382s][info][gc,phases      ] GC(62)   Pre Evacuate Collection Set: 0.36ms
[255.382s][info][gc,phases      ] GC(62)   Merge Heap Roots: 1.12ms
[255.382s][info][gc,phases      ] GC(62)   Evacuate Collection Set: 145.41ms
[255.382s][info][gc,phases      ] GC(62)   Post Evacuate Collection Set: 0.87ms
[255.382s][info][gc,phases      ] GC(62)   Other: 0.09ms
[255.382s][info][gc,heap        ] GC(62) Eden regions: 976->0(1023)
[255.382s][info][gc,heap        ] GC(62) Survivor regions: 111->72(136)
[255.382s][info][gc,heap        ] GC(62) Old regions: 590->639
[255.382s][info][gc,heap        ] GC(62) Humongous regions: 77->77
[255.382s][info][gc,metaspace   ] GC(62) Metaspace: 28733K(29056K)->28733K(29056K) NonClass: 23850K(24000K)->23850K(24000K) Class: 4882K(5056K)->4882K(5056K)
[255.382s][info][gc             ] GC(62) Pause Young (Mixed) (G1 Evacuation Pause) 3504M->1571M(4096M) 147.990ms
[255.382s][info][gc,cpu         ] GC(62) User=0.88s Sys=0.00s Real=0.14s
.[256.873s][info][gc,start       ] GC(63) Pause Young (Normal) (G1 Evacuation Pause)
[256.873s][info][gc,task        ] GC(63) Using 6 workers of 6 for evacuation
[256.972s][info][gc,phases      ] GC(63)   Pre Evacuate Collection Set: 0.32ms
[256.972s][info][gc,phases      ] GC(63)   Merge Heap Roots: 0.39ms
[256.972s][info][gc,phases      ] GC(63)   Evacuate Collection Set: 97.77ms
[256.972s][info][gc,phases      ] GC(63)   Post Evacuate Collection Set: 0.85ms
[256.972s][info][gc,phases      ] GC(63)   Other: 0.08ms
[256.972s][info][gc,heap        ] GC(63) Eden regions: 1023->0(1010)
[256.972s][info][gc,heap        ] GC(63) Survivor regions: 72->68(137)
[256.972s][info][gc,heap        ] GC(63) Old regions: 639->685
[256.972s][info][gc,heap        ] GC(63) Humongous regions: 77->77
[256.972s][info][gc,metaspace   ] GC(63) Metaspace: 28733K(29056K)->28733K(29056K) NonClass: 23851K(24000K)->23851K(24000K) Class: 4882K(5056K)->4882K(5056K)
[256.972s][info][gc             ] GC(63) Pause Young (Normal) (G1 Evacuation Pause) 3617M->1655M(4096M) 99.544ms
[256.972s][info][gc,cpu         ] GC(63) User=0.59s Sys=0.00s Real=0.10s
.[258.218s][info][gc,start       ] GC(64) Pause Young (Normal) (G1 Evacuation Pause)
[258.218s][info][gc,task        ] GC(64) Using 6 workers of 6 for evacuation
[258.314s][info][gc,phases      ] GC(64)   Pre Evacuate Collection Set: 0.34ms
[258.314s][info][gc,phases      ] GC(64)   Merge Heap Roots: 0.40ms
[258.314s][info][gc,phases      ] GC(64)   Evacuate Collection Set: 94.22ms
[258.314s][info][gc,phases      ] GC(64)   Post Evacuate Collection Set: 0.88ms
[258.314s][info][gc,phases      ] GC(64)   Other: 0.09ms
[258.314s][info][gc,heap        ] GC(64) Eden regions: 1010->0(965)
[258.314s][info][gc,heap        ] GC(64) Survivor regions: 68->109(135)
[258.314s][info][gc,heap        ] GC(64) Old regions: 685->685
[258.314s][info][gc,heap        ] GC(64) Humongous regions: 77->77
[258.314s][info][gc,metaspace   ] GC(64) Metaspace: 28734K(29056K)->28734K(29056K) NonClass: 23851K(24000K)->23851K(24000K) Class: 4882K(5056K)->4882K(5056K)
[258.314s][info][gc             ] GC(64) Pause Young (Normal) (G1 Evacuation Pause) 3675M->1738M(4096M) 96.076ms
[258.314s][info][gc,cpu         ] GC(64) User=0.57s Sys=0.00s Real=0.10s
.[259.622s][info][gc,start       ] GC(65) Pause Young (Normal) (G1 Evacuation Pause)
[259.622s][info][gc,task        ] GC(65) Using 6 workers of 6 for evacuation
[259.741s][info][gc,phases      ] GC(65)   Pre Evacuate Collection Set: 0.34ms
[259.741s][info][gc,phases      ] GC(65)   Merge Heap Roots: 0.41ms
[259.741s][info][gc,phases      ] GC(65)   Evacuate Collection Set: 117.15ms
[259.741s][info][gc,phases      ] GC(65)   Post Evacuate Collection Set: 0.77ms
[259.741s][info][gc,phases      ] GC(65)   Other: 0.08ms
[259.741s][info][gc,heap        ] GC(65) Eden regions: 965->0(966)
[259.741s][info][gc,heap        ] GC(65) Survivor regions: 109->67(135)
[259.741s][info][gc,heap        ] GC(65) Old regions: 685->760
[259.741s][info][gc,heap        ] GC(65) Humongous regions: 77->77
[259.741s][info][gc,metaspace   ] GC(65) Metaspace: 28734K(29056K)->28734K(29056K) NonClass: 23851K(24000K)->23851K(24000K) Class: 4882K(5056K)->4882K(5056K)
[259.741s][info][gc             ] GC(65) Pause Young (Normal) (G1 Evacuation Pause) 3668M->1804M(4096M) 118.889ms
[259.741s][info][gc,cpu         ] GC(65) User=0.70s Sys=0.00s Real=0.12s
. (rIR:aIR:PR = 11548:11165:11013) (tPR = 165703) [OK] 
   260s:       trying IR =  13837 [261.075s][info][gc,start       ] GC(66) Pause Young (Normal) (G1 Evacuation Pause)
[261.075s][info][gc,task        ] GC(66) Using 6 workers of 6 for evacuation
[261.162s][info][gc,phases      ] GC(66)   Pre Evacuate Collection Set: 0.36ms
[261.162s][info][gc,phases      ] GC(66)   Merge Heap Roots: 0.38ms
[261.162s][info][gc,phases      ] GC(66)   Evacuate Collection Set: 85.32ms
[261.162s][info][gc,phases      ] GC(66)   Post Evacuate Collection Set: 0.87ms
[261.162s][info][gc,phases      ] GC(66)   Other: 0.07ms
[261.162s][info][gc,heap        ] GC(66) Eden regions: 966->0(940)
[261.162s][info][gc,heap        ] GC(66) Survivor regions: 67->59(130)
[261.162s][info][gc,heap        ] GC(66) Old regions: 760->802
[261.162s][info][gc,heap        ] GC(66) Humongous regions: 77->77
[261.162s][info][gc,metaspace   ] GC(66) Metaspace: 28739K(29056K)->28739K(29056K) NonClass: 23856K(24000K)->23856K(24000K) Class: 4882K(5056K)->4882K(5056K)
[261.162s][info][gc             ] GC(66) Pause Young (Normal) (G1 Evacuation Pause) 3736M->1872M(4096M) 87.124ms
[261.162s][info][gc,cpu         ] GC(66) User=0.51s Sys=0.00s Real=0.08s
.[262.399s][info][gc,start       ] GC(67) Pause Young (Normal) (G1 Evacuation Pause)
[262.399s][info][gc,task        ] GC(67) Using 6 workers of 6 for evacuation
[262.525s][info][gc,phases      ] GC(67)   Pre Evacuate Collection Set: 0.32ms
[262.525s][info][gc,phases      ] GC(67)   Merge Heap Roots: 0.41ms
[262.525s][info][gc,phases      ] GC(67)   Evacuate Collection Set: 124.48ms
[262.525s][info][gc,phases      ] GC(67)   Post Evacuate Collection Set: 0.81ms
[262.525s][info][gc,phases      ] GC(67)   Other: 0.08ms
[262.525s][info][gc,heap        ] GC(67) Eden regions: 940->0(868)
[262.525s][info][gc,heap        ] GC(67) Survivor regions: 59->99(125)
[262.525s][info][gc,heap        ] GC(67) Old regions: 802->802
[262.525s][info][gc,heap        ] GC(67) Humongous regions: 77->77
[262.525s][info][gc,metaspace   ] GC(67) Metaspace: 28739K(29056K)->28739K(29056K) NonClass: 23856K(24000K)->23856K(24000K) Class: 4882K(5056K)->4882K(5056K)
[262.525s][info][gc             ] GC(67) Pause Young (Normal) (G1 Evacuation Pause) 3752M->1952M(4096M) 126.243ms
[262.525s][info][gc,cpu         ] GC(67) User=0.52s Sys=0.00s Real=0.13s
.[263.707s][info][gc,start       ] GC(68) Pause Young (Normal) (G1 Evacuation Pause)
[263.707s][info][gc,task        ] GC(68) Using 6 workers of 6 for evacuation
[263.818s][info][gc,phases      ] GC(68)   Pre Evacuate Collection Set: 0.33ms
[263.818s][info][gc,phases      ] GC(68)   Merge Heap Roots: 0.42ms
[263.818s][info][gc,phases      ] GC(68)   Evacuate Collection Set: 110.02ms
[263.818s][info][gc,phases      ] GC(68)   Post Evacuate Collection Set: 0.76ms
[263.818s][info][gc,phases      ] GC(68)   Other: 0.08ms
[263.818s][info][gc,heap        ] GC(68) Eden regions: 868->0(830)
[263.818s][info][gc,heap        ] GC(68) Survivor regions: 99->102(121)
[263.818s][info][gc,heap        ] GC(68) Old regions: 802->834
[263.818s][info][gc,heap        ] GC(68) Humongous regions: 77->77
[263.818s][info][gc,metaspace   ] GC(68) Metaspace: 28739K(29056K)->28739K(29056K) NonClass: 23856K(24000K)->23856K(24000K) Class: 4882K(5056K)->4882K(5056K)
[263.818s][info][gc             ] GC(68) Pause Young (Normal) (G1 Evacuation Pause) 3688M->2022M(4096M) 111.743ms
[263.818s][info][gc,cpu         ] GC(68) User=0.66s Sys=0.00s Real=0.11s
.[264.969s][info][gc,start       ] GC(69) Pause Young (Normal) (G1 Evacuation Pause)
[264.969s][info][gc,task        ] GC(69) Using 6 workers of 6 for evacuation
[265.082s][info][gc,phases      ] GC(69)   Pre Evacuate Collection Set: 0.37ms
[265.082s][info][gc,phases      ] GC(69)   Merge Heap Roots: 0.53ms
[265.082s][info][gc,phases      ] GC(69)   Evacuate Collection Set: 110.69ms
[265.082s][info][gc,phases      ] GC(69)   Post Evacuate Collection Set: 0.79ms
[265.082s][info][gc,phases      ] GC(69)   Other: 0.87ms
[265.082s][info][gc,heap        ] GC(69) Eden regions: 830->0(839)
[265.082s][info][gc,heap        ] GC(69) Survivor regions: 102->61(117)
[265.082s][info][gc,heap        ] GC(69) Old regions: 834->907
[265.082s][info][gc,heap        ] GC(69) Humongous regions: 77->77
[265.082s][info][gc,metaspace   ] GC(69) Metaspace: 28743K(29056K)->28743K(29056K) NonClass: 23860K(24000K)->23860K(24000K) Class: 4882K(5056K)->4882K(5056K)
[265.082s][info][gc             ] GC(69) Pause Young (Normal) (G1 Evacuation Pause) 3682M->2085M(4096M) 113.388ms
[265.082s][info][gc,cpu         ] GC(69) User=0.67s Sys=0.00s Real=0.11s
.[266.130s][info][gc,start       ] GC(70) Pause Young (Concurrent Start) (G1 Evacuation Pause)
[266.130s][info][gc,task        ] GC(70) Using 6 workers of 6 for evacuation
[266.215s][info][gc,phases      ] GC(70)   Pre Evacuate Collection Set: 0.39ms
[266.215s][info][gc,phases      ] GC(70)   Merge Heap Roots: 0.41ms
[266.215s][info][gc,phases      ] GC(70)   Evacuate Collection Set: 83.74ms
[266.215s][info][gc,phases      ] GC(70)   Post Evacuate Collection Set: 0.69ms
[266.215s][info][gc,phases      ] GC(70)   Other: 0.10ms
[266.215s][info][gc,heap        ] GC(70) Eden regions: 839->0(798)
[266.215s][info][gc,heap        ] GC(70) Survivor regions: 61->63(113)
[266.215s][info][gc,heap        ] GC(70) Old regions: 907->944
[266.215s][info][gc,heap        ] GC(70) Humongous regions: 77->77
[266.215s][info][gc,metaspace   ] GC(70) Metaspace: 28743K(29056K)->28743K(29056K) NonClass: 23860K(24000K)->23860K(24000K) Class: 4882K(5056K)->4882K(5056K)
[266.215s][info][gc             ] GC(70) Pause Young (Concurrent Start) (G1 Evacuation Pause) 3763M->2164M(4096M) 85.476ms
[266.215s][info][gc             ] GC(71) Concurrent Mark Cycle
[266.215s][info][gc,marking     ] GC(71) Concurrent Scan Root Regions
[266.215s][info][gc,cpu         ] GC(70) User=0.50s Sys=0.00s Real=0.09s
.[266.370s][info][gc,marking     ] GC(71) Concurrent Scan Root Regions 154.690ms
[266.370s][info][gc,marking     ] GC(71) Concurrent Mark
[266.370s][info][gc,marking     ] GC(71) Concurrent Mark From Roots
[266.370s][info][gc,task        ] GC(71) Using 2 workers of 2 for marking
.[267.903s][info][gc,marking     ] GC(71) Concurrent Mark From Roots 1532.652ms
[267.903s][info][gc,marking     ] GC(71) Concurrent Preclean
[267.903s][info][gc,start       ] GC(72) Pause Young (Normal) (G1 Evacuation Pause)
[267.903s][info][gc,task        ] GC(72) Using 6 workers of 6 for evacuation
[267.989s][info][gc,phases      ] GC(72)   Pre Evacuate Collection Set: 0.33ms
[267.989s][info][gc,phases      ] GC(72)   Merge Heap Roots: 0.39ms
[267.989s][info][gc,phases      ] GC(72)   Evacuate Collection Set: 84.46ms
[267.989s][info][gc,phases      ] GC(72)   Post Evacuate Collection Set: 0.70ms
[267.989s][info][gc,phases      ] GC(72)   Other: 0.08ms
[267.989s][info][gc,heap        ] GC(72) Eden regions: 798->0(765)
[267.989s][info][gc,heap        ] GC(72) Survivor regions: 63->58(108)
[267.989s][info][gc,heap        ] GC(72) Old regions: 944->987
[267.989s][info][gc,heap        ] GC(72) Humongous regions: 77->77
[267.989s][info][gc,metaspace   ] GC(72) Metaspace: 28743K(29056K)->28743K(29056K) NonClass: 23860K(24000K)->23860K(24000K) Class: 4882K(5056K)->4882K(5056K)
[267.989s][info][gc             ] GC(72) Pause Young (Normal) (G1 Evacuation Pause) 3760M->2240M(4096M) 86.070ms
[267.989s][info][gc,cpu         ] GC(72) User=0.51s Sys=0.00s Real=0.09s
[267.989s][info][gc,marking     ] GC(71) Concurrent Preclean 86.425ms
[267.989s][info][gc,start       ] GC(71) Pause Remark
[267.993s][info][gc             ] GC(71) Pause Remark 2244M->2236M(4096M) 3.987ms
[267.993s][info][gc,cpu         ] GC(71) User=0.02s Sys=0.00s Real=0.00s
[267.994s][info][gc,marking     ] GC(71) Concurrent Mark 1623.313ms
[267.994s][info][gc,marking     ] GC(71) Concurrent Rebuild Remembered Sets and Scrub Regions
[268.397s][info][gc,marking     ] GC(71) Concurrent Rebuild Remembered Sets and Scrub Regions 403.116ms
[268.397s][info][gc,start       ] GC(71) Pause Cleanup
[268.397s][info][gc             ] GC(71) Pause Cleanup 2622M->2622M(4096M) 0.319ms
[268.397s][info][gc,cpu         ] GC(71) User=0.00s Sys=0.00s Real=0.00s
[268.397s][info][gc,marking     ] GC(71) Concurrent Clear Claimed Marks
[268.397s][info][gc,marking     ] GC(71) Concurrent Clear Claimed Marks 0.031ms
[268.397s][info][gc,marking     ] GC(71) Concurrent Cleanup for Next Mark
[268.403s][info][gc,marking     ] GC(71) Concurrent Cleanup for Next Mark 5.169ms
[268.403s][info][gc             ] GC(71) Concurrent Mark Cycle 2187.128ms
.[269.244s][info][gc,start       ] GC(73) Pause Young (Prepare Mixed) (G1 Evacuation Pause)
[269.244s][info][gc,task        ] GC(73) Using 6 workers of 6 for evacuation
[269.325s][info][gc,phases      ] GC(73)   Pre Evacuate Collection Set: 0.34ms
[269.325s][info][gc,phases      ] GC(73)   Merge Heap Roots: 0.36ms
[269.325s][info][gc,phases      ] GC(73)   Evacuate Collection Set: 79.93ms
[269.325s][info][gc,phases      ] GC(73)   Post Evacuate Collection Set: 0.82ms
[269.325s][info][gc,phases      ] GC(73)   Other: 0.09ms
[269.325s][info][gc,heap        ] GC(73) Eden regions: 765->0(738)
[269.325s][info][gc,heap        ] GC(73) Survivor regions: 58->54(103)
[269.325s][info][gc,heap        ] GC(73) Old regions: 983->1022
[269.325s][info][gc,heap        ] GC(73) Humongous regions: 77->77
[269.325s][info][gc,metaspace   ] GC(73) Metaspace: 28743K(29056K)->28743K(29056K) NonClass: 23860K(24000K)->23860K(24000K) Class: 4882K(5056K)->4882K(5056K)
[269.325s][info][gc             ] GC(73) Pause Young (Prepare Mixed) (G1 Evacuation Pause) 3762M->2302M(4096M) 81.668ms
[269.325s][info][gc,cpu         ] GC(73) User=0.48s Sys=0.00s Real=0.08s
.[270.297s][info][gc,start       ] GC(74) Pause Young (Mixed) (G1 Evacuation Pause)
[270.297s][info][gc,task        ] GC(74) Using 6 workers of 6 for evacuation
[270.380s][info][gc,phases      ] GC(74)   Pre Evacuate Collection Set: 0.40ms
[270.380s][info][gc,phases      ] GC(74)   Merge Heap Roots: 0.48ms
[270.380s][info][gc,phases      ] GC(74)   Evacuate Collection Set: 79.95ms
[270.380s][info][gc,phases      ] GC(74)   Post Evacuate Collection Set: 0.89ms
[270.380s][info][gc,phases      ] GC(74)   Other: 0.83ms
[270.380s][info][gc,heap        ] GC(74) Eden regions: 738->0(899)
[270.380s][info][gc,heap        ] GC(74) Survivor regions: 54->55(99)
[270.380s][info][gc,heap        ] GC(74) Old regions: 1022->854
[270.380s][info][gc,heap        ] GC(74) Humongous regions: 77->77
[270.380s][info][gc,metaspace   ] GC(74) Metaspace: 28745K(29056K)->28745K(29056K) NonClass: 23862K(24000K)->23862K(24000K) Class: 4882K(5056K)->4882K(5056K)
[270.380s][info][gc             ] GC(74) Pause Young (Mixed) (G1 Evacuation Pause) 3778M->1968M(4096M) 82.701ms
[270.380s][info][gc,cpu         ] GC(74) User=0.48s Sys=0.00s Real=0.08s
.[271.555s][info][gc,start       ] GC(75) Pause Young (Mixed) (G1 Evacuation Pause)
[271.555s][info][gc,task        ] GC(75) Using 6 workers of 6 for evacuation
[271.659s][info][gc,phases      ] GC(75)   Pre Evacuate Collection Set: 0.42ms
[271.659s][info][gc,phases      ] GC(75)   Merge Heap Roots: 0.60ms
[271.659s][info][gc,phases      ] GC(75)   Evacuate Collection Set: 101.52ms
[271.659s][info][gc,phases      ] GC(75)   Post Evacuate Collection Set: 1.05ms
[271.659s][info][gc,phases      ] GC(75)   Other: 0.11ms
[271.659s][info][gc,heap        ] GC(75) Eden regions: 899->0(1003)
[271.659s][info][gc,heap        ] GC(75) Survivor regions: 55->101(120)
[271.659s][info][gc,heap        ] GC(75) Old regions: 854->663
[271.659s][info][gc,heap        ] GC(75) Humongous regions: 77->77
[271.659s][info][gc,metaspace   ] GC(75) Metaspace: 28756K(29056K)->28756K(29056K) NonClass: 23873K(24000K)->23873K(24000K) Class: 4882K(5056K)->4882K(5056K)
[271.659s][info][gc             ] GC(75) Pause Young (Mixed) (G1 Evacuation Pause) 3766M->1679M(4096M) 103.839ms
[271.659s][info][gc,cpu         ] GC(75) User=0.61s Sys=0.00s Real=0.10s
.[272.861s][info][gc,start       ] GC(76) Pause Young (Mixed) (G1 Evacuation Pause)
[272.861s][info][gc,task        ] GC(76) Using 6 workers of 6 for evacuation
[273.021s][info][gc,phases      ] GC(76)   Pre Evacuate Collection Set: 0.38ms
[273.021s][info][gc,phases      ] GC(76)   Merge Heap Roots: 0.94ms
[273.021s][info][gc,phases      ] GC(76)   Evacuate Collection Set: 145.25ms
[273.021s][info][gc,phases      ] GC(76)   Merge Optional Heap Roots: 0.29ms
[273.021s][info][gc,phases      ] GC(76)   Evacuate Optional Collection Set: 12.07ms
[273.021s][info][gc,phases      ] GC(76)   Post Evacuate Collection Set: 1.19ms
[273.021s][info][gc,phases      ] GC(76)   Other: 0.10ms
[273.021s][info][gc,heap        ] GC(76) Eden regions: 1003->0(1030)
[273.021s][info][gc,heap        ] GC(76) Survivor regions: 101->124(138)
[273.021s][info][gc,heap        ] GC(76) Old regions: 663->590
[273.021s][info][gc,heap        ] GC(76) Humongous regions: 77->77
[273.021s][info][gc,metaspace   ] GC(76) Metaspace: 28759K(29056K)->28759K(29056K) NonClass: 23876K(24000K)->23876K(24000K) Class: 4882K(5056K)->4882K(5056K)
[273.021s][info][gc             ] GC(76) Pause Young (Mixed) (G1 Evacuation Pause) 3685M->1577M(4096M) 160.352ms
[273.021s][info][gc,cpu         ] GC(76) User=0.95s Sys=0.00s Real=0.16s
.[274.405s][info][gc,start       ] GC(77) Pause Young (Mixed) (G1 Evacuation Pause)
[274.405s][info][gc,task        ] GC(77) Using 6 workers of 6 for evacuation
[274.573s][info][gc,phases      ] GC(77)   Pre Evacuate Collection Set: 0.33ms
[274.573s][info][gc,phases      ] GC(77)   Merge Heap Roots: 0.69ms
[274.573s][info][gc,phases      ] GC(77)   Evacuate Collection Set: 165.76ms
[274.573s][info][gc,phases      ] GC(77)   Post Evacuate Collection Set: 0.85ms
[274.573s][info][gc,phases      ] GC(77)   Other: 0.09ms
[274.573s][info][gc,heap        ] GC(77) Eden regions: 1030->0(1051)
[274.573s][info][gc,heap        ] GC(77) Survivor regions: 124->66(145)
[274.573s][info][gc,heap        ] GC(77) Old regions: 590->663
[274.573s][info][gc,heap        ] GC(77) Humongous regions: 77->77
[274.573s][info][gc,metaspace   ] GC(77) Metaspace: 28759K(29056K)->28759K(29056K) NonClass: 23876K(24000K)->23876K(24000K) Class: 4882K(5056K)->4882K(5056K)
[274.573s][info][gc             ] GC(77) Pause Young (Mixed) (G1 Evacuation Pause) 3637M->1609M(4096M) 167.859ms
[274.573s][info][gc,cpu         ] GC(77) User=0.75s Sys=0.01s Real=0.16s
.[275.994s][info][gc,start       ] GC(78) Pause Young (Concurrent Start) (G1 Evacuation Pause)
[275.994s][info][gc,task        ] GC(78) Using 6 workers of 6 for evacuation
[276.094s][info][gc,phases      ] GC(78)   Pre Evacuate Collection Set: 0.42ms
[276.095s][info][gc,phases      ] GC(78)   Merge Heap Roots: 0.46ms
[276.095s][info][gc,phases      ] GC(78)   Evacuate Collection Set: 97.49ms
[276.095s][info][gc,phases      ] GC(78)   Post Evacuate Collection Set: 0.89ms
[276.095s][info][gc,phases      ] GC(78)   Other: 0.86ms
[276.095s][info][gc,heap        ] GC(78) Eden regions: 1051->0(979)
[276.095s][info][gc,heap        ] GC(78) Survivor regions: 66->113(140)
[276.095s][info][gc,heap        ] GC(78) Old regions: 663->663
[276.095s][info][gc,heap        ] GC(78) Humongous regions: 77->77
[276.095s][info][gc,metaspace   ] GC(78) Metaspace: 28760K(29056K)->28760K(29056K) NonClass: 23877K(24000K)->23877K(24000K) Class: 4882K(5056K)->4882K(5056K)
[276.095s][info][gc             ] GC(78) Pause Young (Concurrent Start) (G1 Evacuation Pause) 3711M->1703M(4096M) 100.260ms
[276.095s][info][gc             ] GC(79) Concurrent Mark Cycle
[276.095s][info][gc,marking     ] GC(79) Concurrent Scan Root Regions
[276.095s][info][gc,cpu         ] GC(78) User=0.59s Sys=0.00s Real=0.10s
.[276.311s][info][gc,marking     ] GC(79) Concurrent Scan Root Regions 215.972ms
[276.311s][info][gc,marking     ] GC(79) Concurrent Mark
[276.311s][info][gc,marking     ] GC(79) Concurrent Mark From Roots
[276.311s][info][gc,task        ] GC(79) Using 2 workers of 2 for marking
.[277.861s][info][gc,marking     ] GC(79) Concurrent Mark From Roots 1549.986ms
[277.861s][info][gc,marking     ] GC(79) Concurrent Preclean
[277.861s][info][gc,marking     ] GC(79) Concurrent Preclean 0.056ms
[277.864s][info][gc,start       ] GC(80) Pause Young (Normal) (G1 Evacuation Pause)
[277.864s][info][gc,task        ] GC(80) Using 6 workers of 6 for evacuation
[278.002s][info][gc,phases      ] GC(80)   Pre Evacuate Collection Set: 0.33ms
[278.003s][info][gc,phases      ] GC(80)   Merge Heap Roots: 0.47ms
[278.003s][info][gc,phases      ] GC(80)   Evacuate Collection Set: 137.24ms
[278.003s][info][gc,phases      ] GC(80)   Post Evacuate Collection Set: 0.77ms
[278.003s][info][gc,phases      ] GC(80)   Other: 0.09ms
[278.003s][info][gc,heap        ] GC(80) Eden regions: 979->0(960)
[278.003s][info][gc,heap        ] GC(80) Survivor regions: 113->80(137)
[278.003s][info][gc,heap        ] GC(80) Old regions: 663->746
[278.003s][info][gc,heap        ] GC(80) Humongous regions: 77->77
[278.003s][info][gc,metaspace   ] GC(80) Metaspace: 28760K(29056K)->28760K(29056K) NonClass: 23877K(24000K)->23877K(24000K) Class: 4882K(5056K)->4882K(5056K)
[278.003s][info][gc             ] GC(80) Pause Young (Normal) (G1 Evacuation Pause) 3661M->1802M(4096M) 139.007ms
[278.003s][info][gc,cpu         ] GC(80) User=0.83s Sys=0.00s Real=0.13s
[278.010s][info][gc,start       ] GC(79) Pause Remark
[278.013s][info][gc             ] GC(79) Pause Remark 1812M->1812M(4096M) 2.883ms
[278.013s][info][gc,cpu         ] GC(79) User=0.02s Sys=0.00s Real=0.00s
[278.014s][info][gc,marking     ] GC(79) Concurrent Mark 1703.018ms
[278.014s][info][gc,marking     ] GC(79) Concurrent Rebuild Remembered Sets and Scrub Regions
.[279.190s][info][gc,marking     ] GC(79) Concurrent Rebuild Remembered Sets and Scrub Regions 1175.938ms
[279.190s][info][gc,start       ] GC(79) Pause Cleanup
[279.190s][info][gc             ] GC(79) Pause Cleanup 3330M->3330M(4096M) 0.213ms
[279.190s][info][gc,cpu         ] GC(79) User=0.00s Sys=0.00s Real=0.00s
[279.193s][info][gc,marking     ] GC(79) Concurrent Clear Claimed Marks
[279.193s][info][gc,marking     ] GC(79) Concurrent Clear Claimed Marks 0.054ms
[279.193s][info][gc,marking     ] GC(79) Concurrent Cleanup for Next Mark
[279.205s][info][gc,marking     ] GC(79) Concurrent Cleanup for Next Mark 12.444ms
[279.205s][info][gc             ] GC(79) Concurrent Mark Cycle 3110.746ms
[279.508s][info][gc,start       ] GC(81) Pause Young (Prepare Mixed) (G1 Evacuation Pause)
[279.508s][info][gc,task        ] GC(81) Using 6 workers of 6 for evacuation
[279.609s][info][gc,phases      ] GC(81)   Pre Evacuate Collection Set: 0.35ms
[279.609s][info][gc,phases      ] GC(81)   Merge Heap Roots: 0.42ms
[279.609s][info][gc,phases      ] GC(81)   Evacuate Collection Set: 99.26ms
[279.609s][info][gc,phases      ] GC(81)   Post Evacuate Collection Set: 0.84ms
[279.609s][info][gc,phases      ] GC(81)   Other: 0.09ms
[279.609s][info][gc,heap        ] GC(81) Eden regions: 960->0(927)
[279.609s][info][gc,heap        ] GC(81) Survivor regions: 80->66(130)
[279.609s][info][gc,heap        ] GC(81) Old regions: 746->801
[279.609s][info][gc,heap        ] GC(81) Humongous regions: 77->77
[279.609s][info][gc,metaspace   ] GC(81) Metaspace: 28760K(29056K)->28760K(29056K) NonClass: 23877K(24000K)->23877K(24000K) Class: 4882K(5056K)->4882K(5056K)
[279.609s][info][gc             ] GC(81) Pause Young (Prepare Mixed) (G1 Evacuation Pause) 3722M->1884M(4096M) 101.104ms
[279.609s][info][gc,cpu         ] GC(81) User=0.60s Sys=0.00s Real=0.10s
.[280.818s][info][gc,start       ] GC(82) Pause Young (Mixed) (G1 Evacuation Pause)
[280.819s][info][gc,task        ] GC(82) Using 6 workers of 6 for evacuation
[280.918s][info][gc,phases      ] GC(82)   Pre Evacuate Collection Set: 0.40ms
[280.918s][info][gc,phases      ] GC(82)   Merge Heap Roots: 0.48ms
[280.918s][info][gc,phases      ] GC(82)   Evacuate Collection Set: 97.38ms
[280.918s][info][gc,phases      ] GC(82)   Post Evacuate Collection Set: 0.96ms
[280.918s][info][gc,phases      ] GC(82)   Other: 0.09ms
[280.918s][info][gc,heap        ] GC(82) Eden regions: 927->0(1066)
[280.918s][info][gc,heap        ] GC(82) Survivor regions: 66->62(125)
[280.918s][info][gc,heap        ] GC(82) Old regions: 801->649
[280.918s][info][gc,heap        ] GC(82) Humongous regions: 77->77
[280.918s][info][gc,metaspace   ] GC(82) Metaspace: 28760K(29056K)->28760K(29056K) NonClass: 23877K(24000K)->23877K(24000K) Class: 4882K(5056K)->4882K(5056K)
[280.918s][info][gc             ] GC(82) Pause Young (Mixed) (G1 Evacuation Pause) 3738M->1572M(4096M) 99.443ms
[280.918s][info][gc,cpu         ] GC(82) User=0.59s Sys=0.00s Real=0.10s
..[282.547s][info][gc,start       ] GC(83) Pause Young (Mixed) (G1 Evacuation Pause)
[282.547s][info][gc,task        ] GC(83) Using 6 workers of 6 for evacuation
[282.659s][info][gc,phases      ] GC(83)   Pre Evacuate Collection Set: 0.38ms
[282.659s][info][gc,phases      ] GC(83)   Merge Heap Roots: 0.80ms
[282.659s][info][gc,phases      ] GC(83)   Evacuate Collection Set: 110.08ms
[282.659s][info][gc,phases      ] GC(83)   Post Evacuate Collection Set: 0.98ms
[282.659s][info][gc,phases      ] GC(83)   Other: 0.10ms
[282.659s][info][gc,heap        ] GC(83) Eden regions: 1066->0(1071)
[282.659s][info][gc,heap        ] GC(83) Survivor regions: 62->107(141)
[282.659s][info][gc,heap        ] GC(83) Old regions: 649->583
[282.659s][info][gc,heap        ] GC(83) Humongous regions: 77->77
[282.659s][info][gc,metaspace   ] GC(83) Metaspace: 28761K(29056K)->28761K(29056K) NonClass: 23878K(24000K)->23878K(24000K) Class: 4882K(5056K)->4882K(5056K)
[282.659s][info][gc             ] GC(83) Pause Young (Mixed) (G1 Evacuation Pause) 3704M->1530M(4096M) 112.479ms
[282.659s][info][gc,cpu         ] GC(83) User=0.67s Sys=0.00s Real=0.11s
.[283.811s][info][gc,start       ] GC(84) Pause Young (Concurrent Start) (G1 Evacuation Pause)
[283.811s][info][gc,task        ] GC(84) Using 6 workers of 6 for evacuation
[283.937s][info][gc,phases      ] GC(84)   Pre Evacuate Collection Set: 0.38ms
[283.937s][info][gc,phases      ] GC(84)   Merge Heap Roots: 0.47ms
[283.937s][info][gc,phases      ] GC(84)   Evacuate Collection Set: 124.08ms
[283.937s][info][gc,phases      ] GC(84)   Post Evacuate Collection Set: 0.88ms
[283.937s][info][gc,phases      ] GC(84)   Other: 0.12ms
[283.937s][info][gc,heap        ] GC(84) Eden regions: 1071->0(1019)
[283.937s][info][gc,heap        ] GC(84) Survivor regions: 107->119(148)
[283.937s][info][gc,heap        ] GC(84) Old regions: 583->611
[283.937s][info][gc,heap        ] GC(84) Humongous regions: 77->77
[283.937s][info][gc,metaspace   ] GC(84) Metaspace: 28761K(29056K)->28761K(29056K) NonClass: 23878K(24000K)->23878K(24000K) Class: 4882K(5056K)->4882K(5056K)
[283.937s][info][gc             ] GC(84) Pause Young (Concurrent Start) (G1 Evacuation Pause) 3672M->1610M(4096M) 126.065ms
[283.937s][info][gc             ] GC(85) Concurrent Mark Cycle
[283.937s][info][gc,marking     ] GC(85) Concurrent Scan Root Regions
[283.937s][info][gc,cpu         ] GC(84) User=0.74s Sys=0.00s Real=0.13s
[284.154s][info][gc,marking     ] GC(85) Concurrent Scan Root Regions 217.534ms
[284.154s][info][gc,marking     ] GC(85) Concurrent Mark
[284.154s][info][gc,marking     ] GC(85) Concurrent Mark From Roots
[284.155s][info][gc,task        ] GC(85) Using 2 workers of 2 for marking
.[285.529s][info][gc,marking     ] GC(85) Concurrent Mark From Roots 1374.462ms
[285.529s][info][gc,marking     ] GC(85) Concurrent Preclean
[285.529s][info][gc,marking     ] GC(85) Concurrent Preclean 0.061ms
[285.534s][info][gc,start       ] GC(85) Pause Remark
[285.538s][info][gc             ] GC(85) Pause Remark 3192M->3192M(4096M) 4.428ms
[285.538s][info][gc,cpu         ] GC(85) User=0.02s Sys=0.00s Real=0.00s
[285.538s][info][gc,marking     ] GC(85) Concurrent Mark 1383.672ms
[285.538s][info][gc,marking     ] GC(85) Concurrent Rebuild Remembered Sets and Scrub Regions
.[286.015s][info][gc,start       ] GC(86) Pause Young (Normal) (G1 Evacuation Pause)
[286.015s][info][gc,task        ] GC(86) Using 6 workers of 6 for evacuation
[286.135s][info][gc,phases      ] GC(86)   Pre Evacuate Collection Set: 0.31ms
[286.135s][info][gc,phases      ] GC(86)   Merge Heap Roots: 0.42ms
[286.135s][info][gc,phases      ] GC(86)   Evacuate Collection Set: 118.79ms
[286.135s][info][gc,phases      ] GC(86)   Post Evacuate Collection Set: 0.87ms
[286.135s][info][gc,phases      ] GC(86)   Other: 0.10ms
[286.135s][info][gc,heap        ] GC(86) Eden regions: 1019->0(1030)
[286.135s][info][gc,heap        ] GC(86) Survivor regions: 119->60(143)
[286.135s][info][gc,heap        ] GC(86) Old regions: 611->697
[286.135s][info][gc,heap        ] GC(86) Humongous regions: 77->77
[286.135s][info][gc,metaspace   ] GC(86) Metaspace: 28761K(29056K)->28761K(29056K) NonClass: 23878K(24000K)->23878K(24000K) Class: 4882K(5056K)->4882K(5056K)
[286.135s][info][gc             ] GC(86) Pause Young (Normal) (G1 Evacuation Pause) 3648M->1663M(4096M) 120.621ms
[286.135s][info][gc,cpu         ] GC(86) User=0.72s Sys=0.00s Real=0.12s
[286.319s][info][gc,marking     ] GC(85) Concurrent Rebuild Remembered Sets and Scrub Regions 781.137ms
[286.321s][info][gc,start       ] GC(85) Pause Cleanup
[286.321s][info][gc             ] GC(85) Pause Cleanup 1809M->1809M(4096M) 0.196ms
[286.321s][info][gc,cpu         ] GC(85) User=0.00s Sys=0.00s Real=0.00s
[286.322s][info][gc,marking     ] GC(85) Concurrent Clear Claimed Marks
[286.322s][info][gc,marking     ] GC(85) Concurrent Clear Claimed Marks 0.043ms
[286.322s][info][gc,marking     ] GC(85) Concurrent Cleanup for Next Mark
[286.327s][info][gc,marking     ] GC(85) Concurrent Cleanup for Next Mark 4.926ms
[286.327s][info][gc             ] GC(85) Concurrent Mark Cycle 2390.402ms
.[287.520s][info][gc,start       ] GC(87) Pause Young (Prepare Mixed) (G1 Evacuation Pause)
[287.520s][info][gc,task        ] GC(87) Using 6 workers of 6 for evacuation
[287.625s][info][gc,phases      ] GC(87)   Pre Evacuate Collection Set: 0.34ms
[287.625s][info][gc,phases      ] GC(87)   Merge Heap Roots: 0.54ms
[287.625s][info][gc,phases      ] GC(87)   Evacuate Collection Set: 102.19ms
[287.625s][info][gc,phases      ] GC(87)   Post Evacuate Collection Set: 1.00ms
[287.625s][info][gc,phases      ] GC(87)   Other: 0.85ms
[287.625s][info][gc,heap        ] GC(87) Eden regions: 1030->0(937)
[287.625s][info][gc,heap        ] GC(87) Survivor regions: 60->117(137)
[287.625s][info][gc,heap        ] GC(87) Old regions: 697->697
[287.625s][info][gc,heap        ] GC(87) Humongous regions: 77->77
[287.625s][info][gc,metaspace   ] GC(87) Metaspace: 28761K(29056K)->28761K(29056K) NonClass: 23878K(24000K)->23878K(24000K) Class: 4882K(5056K)->4882K(5056K)
[287.625s][info][gc             ] GC(87) Pause Young (Prepare Mixed) (G1 Evacuation Pause) 3723M->1777M(4096M) 105.066ms
[287.625s][info][gc,cpu         ] GC(87) User=0.62s Sys=0.00s Real=0.11s
.[288.888s][info][gc,start       ] GC(88) Pause Young (Mixed) (G1 Evacuation Pause)
[288.888s][info][gc,task        ] GC(88) Using 6 workers of 6 for evacuation
[289.018s][info][gc,phases      ] GC(88)   Pre Evacuate Collection Set: 0.40ms
[289.018s][info][gc,phases      ] GC(88)   Merge Heap Roots: 0.55ms
[289.018s][info][gc,phases      ] GC(88)   Evacuate Collection Set: 125.11ms
[289.018s][info][gc,phases      ] GC(88)   Merge Optional Heap Roots: 0.06ms
[289.018s][info][gc,phases      ] GC(88)   Evacuate Optional Collection Set: 3.05ms
[289.018s][info][gc,phases      ] GC(88)   Post Evacuate Collection Set: 1.10ms
[289.018s][info][gc,phases      ] GC(88)   Other: 0.11ms
[289.018s][info][gc,heap        ] GC(88) Eden regions: 937->0(1103)
[289.018s][info][gc,heap        ] GC(88) Survivor regions: 117->63(132)
[289.018s][info][gc,heap        ] GC(88) Old regions: 697->585
[289.018s][info][gc,heap        ] GC(88) Humongous regions: 77->77
[289.018s][info][gc,metaspace   ] GC(88) Metaspace: 28761K(29056K)->28761K(29056K) NonClass: 23878K(24000K)->23878K(24000K) Class: 4882K(5056K)->4882K(5056K)
[289.018s][info][gc             ] GC(88) Pause Young (Mixed) (G1 Evacuation Pause) 3651M->1446M(4096M) 130.523ms
[289.018s][info][gc,cpu         ] GC(88) User=0.77s Sys=0.00s Real=0.13s
.[290.389s][info][gc,start       ] GC(89) Pause Young (Mixed) (G1 Evacuation Pause)
[290.389s][info][gc,task        ] GC(89) Using 6 workers of 6 for evacuation
[290.542s][info][gc,phases      ] GC(89)   Pre Evacuate Collection Set: 0.34ms
[290.542s][info][gc,phases      ] GC(89)   Merge Heap Roots: 0.67ms
[290.542s][info][gc,phases      ] GC(89)   Evacuate Collection Set: 150.74ms
[290.542s][info][gc,phases      ] GC(89)   Post Evacuate Collection Set: 0.98ms
[290.542s][info][gc,phases      ] GC(89)   Other: 0.10ms
[290.542s][info][gc,heap        ] GC(89) Eden regions: 1103->0(1086)
[290.542s][info][gc,heap        ] GC(89) Survivor regions: 63->113(146)
[290.542s][info][gc,heap        ] GC(89) Old regions: 585->556
[290.542s][info][gc,heap        ] GC(89) Humongous regions: 77->77
[290.542s][info][gc,metaspace   ] GC(89) Metaspace: 28761K(29056K)->28761K(29056K) NonClass: 23878K(24000K)->23878K(24000K) Class: 4882K(5056K)->4882K(5056K)
[290.542s][info][gc             ] GC(89) Pause Young (Mixed) (G1 Evacuation Pause) 3652M->1488M(4096M) 152.970ms
[290.542s][info][gc,cpu         ] GC(89) User=0.67s Sys=0.00s Real=0.15s
. (rIR:aIR:PR = 13837:13791:10826) (tPR = 159497) [PR is under limit] 
   290s: Re-initializing (term[292.111s][info][gc,start       ] GC(90) Pause Young (Concurrent Start) (G1 Evacuation Pause)
[292.111s][info][gc,task        ] GC(90) Using 6 workers of 6 for evacuation
[292.236s][info][gc,phases      ] GC(90)   Pre Evacuate Collection Set: 0.39ms
[292.236s][info][gc,phases      ] GC(90)   Merge Heap Roots: 0.44ms
[292.236s][info][gc,phases      ] GC(90)   Evacuate Collection Set: 123.43ms
[292.236s][info][gc,phases      ] GC(90)   Post Evacuate Collection Set: 0.84ms
[292.236s][info][gc,phases      ] GC(90)   Other: 0.11ms
[292.236s][info][gc,heap        ] GC(90) Eden regions: 1086->0(1070)
[292.236s][info][gc,heap        ] GC(90) Survivor regions: 113->73(150)
[292.236s][info][gc,heap        ] GC(90) Old regions: 556->634
[292.236s][info][gc,heap        ] GC(90) Humongous regions: 77->77
[292.236s][info][gc,metaspace   ] GC(90) Metaspace: 28763K(29056K)->28763K(29056K) NonClass: 23880K(24000K)->23880K(24000K) Class: 4882K(5056K)->4882K(5056K)
[292.237s][info][gc             ] GC(90) Pause Young (Concurrent Start) (G1 Evacuation Pause) 3660M->1563M(4096M) 125.357ms
[292.237s][info][gc             ] GC(91) Concurrent Mark Cycle
[292.237s][info][gc,cpu         ] GC(90) User=0.74s Sys=0.00s Real=0.13s
[292.237s][info][gc,marking     ] GC(91) Concurrent Scan Root Regions
[292.483s][info][gc,marking     ] GC(91) Concurrent Scan Root Regions 246.010ms
[292.483s][info][gc,marking     ] GC(91) Concurrent Mark
[292.483s][info][gc,marking     ] GC(91) Concurrent Mark From Roots
[292.483s][info][gc,task        ] GC(91) Using 2 workers of 2 for marking
[293.750s][info][gc,marking     ] GC(91) Concurrent Mark From Roots 1267.442ms
[293.750s][info][gc,marking     ] GC(91) Concurrent Preclean
[293.750s][info][gc,marking     ] GC(91) Concurrent Preclean 0.091ms
[293.756s][info][gc,start       ] GC(91) Pause Remark
[293.758s][info][gc             ] GC(91) Pause Remark 3231M->3231M(4096M) 2.161ms
[293.758s][info][gc,cpu         ] GC(91) User=0.01s Sys=0.00s Real=0.00s
[293.758s][info][gc,marking     ] GC(91) Concurrent Mark 1275.664ms
[293.758s][info][gc,marking     ] GC(91) Concurrent Rebuild Remembered Sets and Scrub Regions
[294.111s][info][gc,start       ] GC(92) Pause Young (Normal) (G1 Evacuation Pause)
[294.111s][info][gc,task        ] GC(92) Using 6 workers of 6 for evacuation
[294.224s][info][gc,phases      ] GC(92)   Pre Evacuate Collection Set: 0.28ms
[294.224s][info][gc,phases      ] GC(92)   Merge Heap Roots: 0.44ms
[294.224s][info][gc,phases      ] GC(92)   Evacuate Collection Set: 111.40ms
[294.224s][info][gc,phases      ] GC(92)   Post Evacuate Collection Set: 0.91ms
[294.224s][info][gc,phases      ] GC(92)   Other: 0.09ms
[294.224s][info][gc,heap        ] GC(92) Eden regions: 1070->0(972)
[294.224s][info][gc,heap        ] GC(92) Survivor regions: 73->131(143)
[294.224s][info][gc,heap        ] GC(92) Old regions: 634->634
[294.224s][info][gc,heap        ] GC(92) Humongous regions: 77->77
[294.224s][info][gc,metaspace   ] GC(92) Metaspace: 28763K(29056K)->28763K(29056K) NonClass: 23880K(24000K)->23880K(24000K) Class: 4882K(5056K)->4882K(5056K)
[294.224s][info][gc             ] GC(92) Pause Young (Normal) (G1 Evacuation Pause) 3703M->1679M(4096M) 113.270ms
[294.224s][info][gc,cpu         ] GC(92) User=0.67s Sys=0.01s Real=0.12s
[294.501s][info][gc,marking     ] GC(91) Concurrent Rebuild Remembered Sets and Scrub Regions 742.279ms
[294.503s][info][gc,start       ] GC(91) Pause Cleanup
[294.504s][info][gc             ] GC(91) Pause Cleanup 2039M->2039M(4096M) 0.207ms
[294.504s][info][gc,cpu         ] GC(91) User=0.00s Sys=0.00s Real=0.01s
[294.504s][info][gc,marking     ] GC(91) Concurrent Clear Claimed Marks
[294.504s][info][gc,marking     ] GC(91) Concurrent Clear Claimed Marks 0.040ms
[294.504s][info][gc,marking     ] GC(91) Concurrent Cleanup for Next Mark
[294.509s][info][gc,marking     ] GC(91) Concurrent Cleanup for Next Mark 5.094ms
[294.509s][info][gc             ] GC(91) Concurrent Mark Cycle 2272.412ms
[295.525s][info][gc,start       ] GC(93) Pause Young (Prepare Mixed) (G1 Evacuation Pause)
[295.525s][info][gc,task        ] GC(93) Using 6 workers of 6 for evacuation
[295.671s][info][gc,phases      ] GC(93)   Pre Evacuate Collection Set: 0.29ms
[295.671s][info][gc,phases      ] GC(93)   Merge Heap Roots: 0.51ms
[295.671s][info][gc,phases      ] GC(93)   Evacuate Collection Set: 143.85ms
[295.671s][info][gc,phases      ] GC(93)   Post Evacuate Collection Set: 0.96ms
[295.671s][info][gc,phases      ] GC(93)   Other: 0.10ms
[295.671s][info][gc,heap        ] GC(93) Eden regions: 972->0(972)
[295.671s][info][gc,heap        ] GC(93) Survivor regions: 131->78(138)
[295.671s][info][gc,heap        ] GC(93) Old regions: 634->732
[295.671s][info][gc,heap        ] GC(93) Humongous regions: 77->77
[295.671s][info][gc,metaspace   ] GC(93) Metaspace: 28763K(29056K)->28763K(29056K) NonClass: 23880K(24000K)->23880K(24000K) Class: 4882K(5056K)->4882K(5056K)
[295.671s][info][gc             ] GC(93) Pause Young (Prepare Mixed) (G1 Evacuation Pause) 3623M->1770M(4096M) 145.846ms
[295.671s][info][gc,cpu         ] GC(93) User=0.86s Sys=0.00s Real=0.14s
[297.002s][info][gc,start       ] GC(94) Pause Young (Mixed) (G1 Evacuation Pause)
[297.002s][info][gc,task        ] GC(94) Using 6 workers of 6 for evacuation
[297.129s][info][gc,phases      ] GC(94)   Pre Evacuate Collection Set: 0.36ms
[297.129s][info][gc,phases      ] GC(94)   Merge Heap Roots: 0.61ms
[297.129s][info][gc,phases      ] GC(94)   Evacuate Collection Set: 119.07ms
[297.129s][info][gc,phases      ] GC(94)   Merge Optional Heap Roots: 0.12ms
[297.129s][info][gc,phases      ] GC(94)   Evacuate Optional Collection Set: 5.16ms
[297.129s][info][gc,phases      ] GC(94)   Post Evacuate Collection Set: 1.11ms
[297.129s][info][gc,phases      ] GC(94)   Other: 0.11ms
[297.129s][info][gc,heap        ] GC(94) Eden regions: 972->0(1069)
[297.129s][info][gc,heap        ] GC(94) Survivor regions: 78->68(132)
[297.129s][info][gc,heap        ] GC(94) Old regions: 732->631
[297.129s][info][gc,heap        ] GC(94) Humongous regions: 77->77
[297.129s][info][gc,metaspace   ] GC(94) Metaspace: 28763K(29056K)->28763K(29056K) NonClass: 23880K(24000K)->23880K(24000K) Class: 4882K(5056K)->4882K(5056K)
[297.129s][info][gc             ] GC(94) Pause Young (Mixed) (G1 Evacuation Pause) 3714M->1547M(4096M) 126.685ms
[297.129s][info][gc,cpu         ] GC(94) User=0.75s Sys=0.00s Real=0.13s
) [298.768s][info][gc,start       ] GC(95) Pause Full (System.gc())
[298.768s][info][gc,task        ] GC(95) Using 6 workers of 6 for full compaction
[298.769s][info][gc,phases,start] GC(95) Phase 1: Mark live objects
[298.785s][info][gc,phases      ] GC(95) Phase 1: Mark live objects 16.559ms
[298.786s][info][gc,phases,start] GC(95) Phase 2: Prepare compaction
[298.789s][info][gc,phases      ] GC(95) Phase 2: Prepare compaction 3.849ms
[298.789s][info][gc,phases,start] GC(95) Phase 3: Adjust pointers
[298.798s][info][gc,phases      ] GC(95) Phase 3: Adjust pointers 8.156ms
[298.798s][info][gc,phases,start] GC(95) Phase 4: Compact heap
[298.802s][info][gc,phases      ] GC(95) Phase 4: Compact heap 3.947ms
[298.802s][info][gc,phases,start] GC(95) Phase 5: Reset Metadata
[298.806s][info][gc,phases      ] GC(95) Phase 5: Reset Metadata 4.305ms
[298.812s][info][gc,heap        ] GC(95) Eden regions: 1067->0(1228)
[298.812s][info][gc,heap        ] GC(95) Survivor regions: 68->0(132)
[298.812s][info][gc,heap        ] GC(95) Old regions: 631->34
[298.812s][info][gc,heap        ] GC(95) Humongous regions: 77->66
[298.812s][info][gc,metaspace   ] GC(95) Metaspace: 28764K(29056K)->28764K(29056K) NonClass: 23882K(24000K)->23882K(24000K) Class: 4882K(5056K)->4882K(5056K)
[298.812s][info][gc             ] GC(95) Pause Full (System.gc()) 3679M->194M(4096M) 43.644ms
[298.812s][info][gc,cpu         ] GC(95) User=0.22s Sys=0.00s Real=0.04s
(init[299.052s][info][gc,start       ] GC(96) Pause Young (Concurrent Start) (G1 Humongous Allocation)
[299.052s][info][gc,task        ] GC(96) Using 6 workers of 6 for evacuation
[299.062s][info][gc,phases      ] GC(96)   Pre Evacuate Collection Set: 0.35ms
[299.062s][info][gc,phases      ] GC(96)   Merge Heap Roots: 0.04ms
[299.062s][info][gc,phases      ] GC(96)   Evacuate Collection Set: 9.20ms
[299.062s][info][gc,phases      ] GC(96)   Post Evacuate Collection Set: 0.26ms
[299.062s][info][gc,phases      ] GC(96)   Other: 0.09ms
[299.062s][info][gc,heap        ] GC(96) Eden regions: 34->0(1220)
[299.062s][info][gc,heap        ] GC(96) Survivor regions: 0->8(154)
[299.062s][info][gc,heap        ] GC(96) Old regions: 34->34
[299.062s][info][gc,heap        ] GC(96) Humongous regions: 66->66
[299.062s][info][gc,metaspace   ] GC(96) Metaspace: 28772K(29056K)->28772K(29056K) NonClass: 23889K(24000K)->23889K(24000K) Class: 4882K(5056K)->4882K(5056K)
[299.062s][info][gc             ] GC(96) Pause Young (Concurrent Start) (G1 Humongous Allocation) 262M->210M(4096M) 10.075ms
[299.062s][info][gc             ] GC(97) Concurrent Mark Cycle
[299.062s][info][gc,marking     ] GC(97) Concurrent Scan Root Regions
[299.062s][info][gc,cpu         ] GC(96) User=0.05s Sys=0.00s Real=0.01s
[299.068s][info][gc,marking     ] GC(97) Concurrent Scan Root Regions 6.420ms
[299.068s][info][gc,marking     ] GC(97) Concurrent Mark
[299.068s][info][gc,marking     ] GC(97) Concurrent Mark From Roots
[299.068s][info][gc,task        ] GC(97) Using 2 workers of 2 for marking
[299.118s][info][gc,marking     ] GC(97) Concurrent Mark From Roots 49.512ms
[299.118s][info][gc,marking     ] GC(97) Concurrent Preclean
[299.118s][info][gc,marking     ] GC(97) Concurrent Preclean 0.090ms
[299.118s][info][gc,start       ] GC(97) Pause Remark
[299.120s][info][gc             ] GC(97) Pause Remark 331M->331M(4096M) 1.705ms
[299.120s][info][gc,cpu         ] GC(97) User=0.01s Sys=0.00s Real=0.00s
[299.120s][info][gc,marking     ] GC(97) Concurrent Mark 51.520ms
[299.120s][info][gc,marking     ] GC(97) Concurrent Rebuild Remembered Sets and Scrub Regions
[299.138s][info][gc,marking     ] GC(97) Concurrent Rebuild Remembered Sets and Scrub Regions 17.994ms
[299.138s][info][gc,start       ] GC(97) Pause Cleanup
[299.138s][info][gc             ] GC(97) Pause Cleanup 367M->367M(4096M) 0.063ms
[299.138s][info][gc,cpu         ] GC(97) User=0.00s Sys=0.00s Real=0.00s
[299.138s][info][gc,marking     ] GC(97) Concurrent Clear Claimed Marks
[299.138s][info][gc,marking     ] GC(97) Concurrent Clear Claimed Marks 0.029ms
[299.138s][info][gc,marking     ] GC(97) Concurrent Cleanup for Next Mark
[299.142s][info][gc,marking     ] GC(97) Concurrent Cleanup for Next Mark 4.289ms
[299.143s][info][gc             ] GC(97) Concurrent Mark Cycle 80.553ms
) ... OK
   303s: Searching from base IR = 11548
   303s:       rampup IR =      0 ... (rIR:aIR:PR = 0:0:0) (tPR = 0) [OK] 
   306s:       rampup IR =   1155 ...[309.961s][info][gc,start       ] GC(98) Pause Young (Prepare Mixed) (G1 Evacuation Pause)
[309.961s][info][gc,task        ] GC(98) Using 6 workers of 6 for evacuation
[310.439s][info][gc,mmu         ] GC(98) MMU target violated: 201.0ms (200.0ms/201.0ms)
[310.439s][info][gc,phases      ] GC(98)   Pre Evacuate Collection Set: 0.33ms
[310.439s][info][gc,phases      ] GC(98)   Merge Heap Roots: 0.57ms
[310.439s][info][gc,phases      ] GC(98)   Evacuate Collection Set: 476.57ms
[310.439s][info][gc,phases      ] GC(98)   Post Evacuate Collection Set: 1.30ms
[310.439s][info][gc,phases      ] GC(98)   Other: 0.16ms
[310.440s][info][gc,heap        ] GC(98) Eden regions: 1220->0(393)
[310.440s][info][gc,heap        ] GC(98) Survivor regions: 8->154(154)
[310.440s][info][gc,heap        ] GC(98) Old regions: 34->344
[310.440s][info][gc,heap        ] GC(98) Humongous regions: 163->155
[310.440s][info][gc,metaspace   ] GC(98) Metaspace: 28782K(29056K)->28782K(29056K) NonClass: 23898K(24000K)->23898K(24000K) Class: 4883K(5056K)->4883K(5056K)
[310.440s][info][gc             ] GC(98) Pause Young (Prepare Mixed) (G1 Evacuation Pause) 2844M->1299M(4096M) 479.036ms
[310.440s][info][gc,cpu         ] GC(98) User=2.83s Sys=0.00s Real=0.48s
. (rIR:aIR:PR = 1155:1166:1140) (tPR = 23609) [OK] 
   310s:       rampup IR =   2310 .[312.468s][info][gc,start       ] GC(99) Pause Young (Mixed) (G1 Evacuation Pause)
[312.468s][info][gc,task        ] GC(99) Using 6 workers of 6 for evacuation
[312.656s][info][gc,phases      ] GC(99)   Pre Evacuate Collection Set: 0.34ms
[312.656s][info][gc,phases      ] GC(99)   Merge Heap Roots: 0.56ms
[312.656s][info][gc,phases      ] GC(99)   Evacuate Collection Set: 186.22ms
[312.656s][info][gc,phases      ] GC(99)   Post Evacuate Collection Set: 0.57ms
[312.656s][info][gc,phases      ] GC(99)   Other: 0.06ms
[312.656s][info][gc,heap        ] GC(99) Eden regions: 391->0(666)
[312.656s][info][gc,heap        ] GC(99) Survivor regions: 154->25(69)
[312.656s][info][gc,heap        ] GC(99) Old regions: 344->494
[312.656s][info][gc,heap        ] GC(99) Humongous regions: 155->155
[312.656s][info][gc,metaspace   ] GC(99) Metaspace: 28783K(29056K)->28783K(29056K) NonClass: 23899K(24000K)->23899K(24000K) Class: 4883K(5056K)->4883K(5056K)
[312.656s][info][gc             ] GC(99) Pause Young (Mixed) (G1 Evacuation Pause) 2081M->1344M(4096M) 187.874ms
[312.656s][info][gc,cpu         ] GC(99) User=1.11s Sys=0.00s Real=0.19s
....[316.032s][info][gc,start       ] GC(100) Pause Young (Concurrent Start) (G1 Evacuation Pause)
[316.032s][info][gc,task        ] GC(100) Using 6 workers of 6 for evacuation
[316.089s][info][gc,phases      ] GC(100)   Pre Evacuate Collection Set: 0.43ms
[316.089s][info][gc,phases      ] GC(100)   Merge Heap Roots: 0.42ms
[316.089s][info][gc,phases      ] GC(100)   Evacuate Collection Set: 55.70ms
[316.089s][info][gc,phases      ] GC(100)   Post Evacuate Collection Set: 0.61ms
[316.089s][info][gc,phases      ] GC(100)   Other: 0.11ms
[316.089s][info][gc,heap        ] GC(100) Eden regions: 705->0(697)
[316.089s][info][gc,heap        ] GC(100) Survivor regions: 25->57(92)
[316.089s][info][gc,heap        ] GC(100) Old regions: 494->494
[316.089s][info][gc,heap        ] GC(100) Humongous regions: 155->155
[316.089s][info][gc,metaspace   ] GC(100) Metaspace: 28784K(29056K)->28784K(29056K) NonClass: 23900K(24000K)->23900K(24000K) Class: 4883K(5056K)->4883K(5056K)
[316.089s][info][gc             ] GC(100) Pause Young (Concurrent Start) (G1 Evacuation Pause) 2754M->1408M(4096M) 57.414ms
[316.089s][info][gc             ] GC(101) Concurrent Mark Cycle
[316.089s][info][gc,marking     ] GC(101) Concurrent Scan Root Regions
[316.089s][info][gc,cpu         ] GC(100) User=0.34s Sys=0.00s Real=0.06s
[316.160s][info][gc,marking     ] GC(101) Concurrent Scan Root Regions 71.238ms
[316.160s][info][gc,marking     ] GC(101) Concurrent Mark
[316.160s][info][gc,marking     ] GC(101) Concurrent Mark From Roots
[316.161s][info][gc,task        ] GC(101) Using 2 workers of 2 for marking
. (rIR:aIR:PR = 2310:2290:2241) (tPR = 41507) [OK] 
   316s:       rampup IR =   3464 [316.799s][info][gc,marking     ] GC(101) Concurrent Mark From Roots 638.601ms
[316.799s][info][gc,marking     ] GC(101) Concurrent Preclean
[316.799s][info][gc,marking     ] GC(101) Concurrent Preclean 0.044ms
[316.799s][info][gc,start       ] GC(101) Pause Remark
[316.804s][info][gc             ] GC(101) Pause Remark 1749M->1535M(4096M) 5.123ms
[316.804s][info][gc,cpu         ] GC(101) User=0.03s Sys=0.00s Real=0.01s
[316.805s][info][gc,marking     ] GC(101) Concurrent Mark 644.017ms
[316.805s][info][gc,marking     ] GC(101) Concurrent Rebuild Remembered Sets and Scrub Regions
[317.052s][info][gc,marking     ] GC(101) Concurrent Rebuild Remembered Sets and Scrub Regions 247.317ms
[317.052s][info][gc,start       ] GC(101) Pause Cleanup
[317.052s][info][gc             ] GC(101) Pause Cleanup 1676M->1676M(4096M) 0.089ms
[317.052s][info][gc,cpu         ] GC(101) User=0.00s Sys=0.00s Real=0.00s
[317.052s][info][gc,marking     ] GC(101) Concurrent Clear Claimed Marks
[317.052s][info][gc,marking     ] GC(101) Concurrent Clear Claimed Marks 0.028ms
[317.052s][info][gc,marking     ] GC(101) Concurrent Cleanup for Next Mark
[317.056s][info][gc,marking     ] GC(101) Concurrent Cleanup for Next Mark 4.010ms
[317.056s][info][gc             ] GC(101) Concurrent Mark Cycle 967.026ms
.[318.602s][info][gc,start       ] GC(102) Pause Young (Prepare Mixed) (G1 Evacuation Pause)
[318.603s][info][gc,task        ] GC(102) Using 6 workers of 6 for evacuation
[318.684s][info][gc,phases      ] GC(102)   Pre Evacuate Collection Set: 0.34ms
[318.684s][info][gc,phases      ] GC(102)   Merge Heap Roots: 0.51ms
[318.684s][info][gc,phases      ] GC(102)   Evacuate Collection Set: 79.74ms
[318.684s][info][gc,phases      ] GC(102)   Post Evacuate Collection Set: 0.78ms
[318.684s][info][gc,phases      ] GC(102)   Other: 0.07ms
[318.684s][info][gc,heap        ] GC(102) Eden regions: 698->0(743)
[318.684s][info][gc,heap        ] GC(102) Survivor regions: 57->72(95)
[318.684s][info][gc,heap        ] GC(102) Old regions: 467->486
[318.684s][info][gc,heap        ] GC(102) Humongous regions: 75->75
[318.684s][info][gc,metaspace   ] GC(102) Metaspace: 28784K(29056K)->28784K(29056K) NonClass: 23900K(24000K)->23900K(24000K) Class: 4883K(5056K)->4883K(5056K)
[318.684s][info][gc             ] GC(102) Pause Young (Prepare Mixed) (G1 Evacuation Pause) 2590M->1260M(4096M) 81.566ms
[318.684s][info][gc,cpu         ] GC(102) User=0.48s Sys=0.00s Real=0.09s
...[321.540s][info][gc,start       ] GC(103) Pause Young (Mixed) (G1 Evacuation Pause)
[321.540s][info][gc,task        ] GC(103) Using 6 workers of 6 for evacuation
[321.630s][info][gc,phases      ] GC(103)   Pre Evacuate Collection Set: 0.36ms
[321.630s][info][gc,phases      ] GC(103)   Merge Heap Roots: 0.35ms
[321.630s][info][gc,phases      ] GC(103)   Evacuate Collection Set: 88.06ms
[321.630s][info][gc,phases      ] GC(103)   Post Evacuate Collection Set: 0.77ms
[321.630s][info][gc,phases      ] GC(103)   Other: 0.08ms
[321.630s][info][gc,heap        ] GC(103) Eden regions: 847->0(958)
[321.630s][info][gc,heap        ] GC(103) Survivor regions: 72->77(115)
[321.630s][info][gc,heap        ] GC(103) Old regions: 486->508
[321.630s][info][gc,heap        ] GC(103) Humongous regions: 75->75
[321.630s][info][gc,metaspace   ] GC(103) Metaspace: 28784K(29056K)->28784K(29056K) NonClass: 23900K(24000K)->23900K(24000K) Class: 4883K(5056K)->4883K(5056K)
[321.630s][info][gc             ] GC(103) Pause Young (Mixed) (G1 Evacuation Pause) 2954M->1316M(4096M) 89.750ms
[321.630s][info][gc,cpu         ] GC(103) User=0.53s Sys=0.00s Real=0.09s
. (rIR:aIR:PR = 3464:3447:3377) (tPR = 58800) [OK] 
   321s:       rampup IR =   4619 ..[324.403s][info][gc,start       ] GC(104) Pause Young (Mixed) (G1 Evacuation Pause)
[324.403s][info][gc,task        ] GC(104) Using 6 workers of 6 for evacuation
[324.504s][info][gc,phases      ] GC(104)   Pre Evacuate Collection Set: 0.38ms
[324.504s][info][gc,phases      ] GC(104)   Merge Heap Roots: 0.39ms
[324.504s][info][gc,phases      ] GC(104)   Evacuate Collection Set: 99.24ms
[324.504s][info][gc,phases      ] GC(104)   Post Evacuate Collection Set: 0.82ms
[324.504s][info][gc,phases      ] GC(104)   Other: 0.09ms
[324.504s][info][gc,heap        ] GC(104) Eden regions: 1059->0(1061)
[324.504s][info][gc,heap        ] GC(104) Survivor regions: 77->91(142)
[324.504s][info][gc,heap        ] GC(104) Old regions: 508->531
[324.504s][info][gc,heap        ] GC(104) Humongous regions: 77->77
[324.504s][info][gc,metaspace   ] GC(104) Metaspace: 28784K(29056K)->28784K(29056K) NonClass: 23900K(24000K)->23900K(24000K) Class: 4883K(5056K)->4883K(5056K)
[324.504s][info][gc             ] GC(104) Pause Young (Mixed) (G1 Evacuation Pause) 3438M->1394M(4096M) 101.052ms
[324.504s][info][gc,cpu         ] GC(104) User=0.59s Sys=0.01s Real=0.11s
.. (rIR:aIR:PR = 4619:4653:4618) (tPR = 75873) [OK] 
   325s:       rampup IR =   5774 .[326.970s][info][gc,start       ] GC(105) Pause Young (Mixed) (G1 Evacuation Pause)
[326.970s][info][gc,task        ] GC(105) Using 6 workers of 6 for evacuation
[327.080s][info][gc,phases      ] GC(105)   Pre Evacuate Collection Set: 0.40ms
[327.080s][info][gc,phases      ] GC(105)   Merge Heap Roots: 0.37ms
[327.080s][info][gc,phases      ] GC(105)   Evacuate Collection Set: 108.60ms
[327.080s][info][gc,phases      ] GC(105)   Post Evacuate Collection Set: 0.99ms
[327.080s][info][gc,phases      ] GC(105)   Other: 0.08ms
[327.080s][info][gc,heap        ] GC(105) Eden regions: 1061->0(1073)
[327.080s][info][gc,heap        ] GC(105) Survivor regions: 91->100(144)
[327.080s][info][gc,heap        ] GC(105) Old regions: 531->537
[327.080s][info][gc,heap        ] GC(105) Humongous regions: 77->77
[327.080s][info][gc,metaspace   ] GC(105) Metaspace: 28788K(29120K)->28788K(29120K) NonClass: 23904K(24064K)->23904K(24064K) Class: 4883K(5056K)->4883K(5056K)
[327.080s][info][gc             ] GC(105) Pause Young (Mixed) (G1 Evacuation Pause) 3516M->1423M(4096M) 110.567ms
[327.080s][info][gc,cpu         ] GC(105) User=0.65s Sys=0.01s Real=0.11s
..[329.495s][info][gc,start       ] GC(106) Pause Young (Concurrent Start) (G1 Evacuation Pause)
[329.495s][info][gc,task        ] GC(106) Using 6 workers of 6 for evacuation
[329.611s][info][gc,phases      ] GC(106)   Pre Evacuate Collection Set: 0.44ms
[329.611s][info][gc,phases      ] GC(106)   Merge Heap Roots: 0.37ms
[329.611s][info][gc,phases      ] GC(106)   Evacuate Collection Set: 113.96ms
[329.611s][info][gc,phases      ] GC(106)   Post Evacuate Collection Set: 0.93ms
[329.611s][info][gc,phases      ] GC(106)   Other: 0.13ms
[329.611s][info][gc,heap        ] GC(106) Eden regions: 1073->0(1061)
[329.611s][info][gc,heap        ] GC(106) Survivor regions: 100->104(147)
[329.611s][info][gc,heap        ] GC(106) Old regions: 537->572
[329.611s][info][gc,heap        ] GC(106) Humongous regions: 77->77
[329.611s][info][gc,metaspace   ] GC(106) Metaspace: 28790K(29120K)->28790K(29120K) NonClass: 23906K(24064K)->23906K(24064K) Class: 4883K(5056K)->4883K(5056K)
[329.611s][info][gc             ] GC(106) Pause Young (Concurrent Start) (G1 Evacuation Pause) 3569M->1501M(4096M) 115.974ms
[329.611s][info][gc             ] GC(107) Concurrent Mark Cycle
[329.611s][info][gc,marking     ] GC(107) Concurrent Scan Root Regions
[329.611s][info][gc,cpu         ] GC(106) User=0.68s Sys=0.00s Real=0.11s
. (rIR:aIR:PR = 5774:5605:5613) (tPR = 90969) [OK] 
   329s:       rampup IR =   6929 [329.793s][info][gc,marking     ] GC(107) Concurrent Scan Root Regions 182.779ms
[329.793s][info][gc,marking     ] GC(107) Concurrent Mark
[329.793s][info][gc,marking     ] GC(107) Concurrent Mark From Roots
[329.793s][info][gc,task        ] GC(107) Using 2 workers of 2 for marking
[330.603s][info][gc,marking     ] GC(107) Concurrent Mark From Roots 809.820ms
[330.603s][info][gc,marking     ] GC(107) Concurrent Preclean
[330.603s][info][gc,marking     ] GC(107) Concurrent Preclean 0.084ms
[330.604s][info][gc,start       ] GC(107) Pause Remark
[330.611s][info][gc             ] GC(107) Pause Remark 2333M->2333M(4096M) 7.391ms
[330.611s][info][gc,cpu         ] GC(107) User=0.04s Sys=0.00s Real=0.00s
[330.612s][info][gc,marking     ] GC(107) Concurrent Mark 818.132ms
[330.612s][info][gc,marking     ] GC(107) Concurrent Rebuild Remembered Sets and Scrub Regions
.[330.924s][info][gc,marking     ] GC(107) Concurrent Rebuild Remembered Sets and Scrub Regions 312.707ms
[330.925s][info][gc,start       ] GC(107) Pause Cleanup
[330.925s][info][gc             ] GC(107) Pause Cleanup 2624M->2624M(4096M) 0.171ms
[330.925s][info][gc,cpu         ] GC(107) User=0.00s Sys=0.00s Real=0.00s
[330.925s][info][gc,marking     ] GC(107) Concurrent Clear Claimed Marks
[330.925s][info][gc,marking     ] GC(107) Concurrent Clear Claimed Marks 0.046ms
[330.925s][info][gc,marking     ] GC(107) Concurrent Cleanup for Next Mark
[330.932s][info][gc,marking     ] GC(107) Concurrent Cleanup for Next Mark 6.256ms
[330.932s][info][gc             ] GC(107) Concurrent Mark Cycle 1321.044ms
.[331.990s][info][gc,start       ] GC(108) Pause Young (Prepare Mixed) (G1 Evacuation Pause)
[331.990s][info][gc,task        ] GC(108) Using 6 workers of 6 for evacuation
[332.108s][info][gc,phases      ] GC(108)   Pre Evacuate Collection Set: 0.36ms
[332.108s][info][gc,phases      ] GC(108)   Merge Heap Roots: 0.43ms
[332.108s][info][gc,phases      ] GC(108)   Evacuate Collection Set: 116.30ms
[332.108s][info][gc,phases      ] GC(108)   Post Evacuate Collection Set: 0.98ms
[332.108s][info][gc,phases      ] GC(108)   Other: 0.09ms
[332.108s][info][gc,heap        ] GC(108) Eden regions: 1061->0(1044)
[332.108s][info][gc,heap        ] GC(108) Survivor regions: 104->105(146)
[332.108s][info][gc,heap        ] GC(108) Old regions: 572->607
[332.108s][info][gc,heap        ] GC(108) Humongous regions: 77->77
[332.108s][info][gc,metaspace   ] GC(108) Metaspace: 28791K(29120K)->28791K(29120K) NonClass: 23907K(24064K)->23907K(24064K) Class: 4883K(5056K)->4883K(5056K)
[332.108s][info][gc             ] GC(108) Pause Young (Prepare Mixed) (G1 Evacuation Pause) 3623M->1575M(4096M) 118.292ms
[332.108s][info][gc,cpu         ] GC(108) User=0.70s Sys=0.00s Real=0.12s
.. (rIR:aIR:PR = 6929:6980:6979) (tPR = 103543) [OK] 
   333s:       rampup IR =   8084 [334.334s][info][gc,start       ] GC(109) Pause Young (Mixed) (G1 Evacuation Pause)
[334.334s][info][gc,task        ] GC(109) Using 6 workers of 6 for evacuation
[334.465s][info][gc,phases      ] GC(109)   Pre Evacuate Collection Set: 0.44ms
[334.465s][info][gc,phases      ] GC(109)   Merge Heap Roots: 0.47ms
[334.465s][info][gc,phases      ] GC(109)   Evacuate Collection Set: 126.73ms
[334.465s][info][gc,phases      ] GC(109)   Merge Optional Heap Roots: 0.03ms
[334.465s][info][gc,phases      ] GC(109)   Evacuate Optional Collection Set: 2.57ms
[334.465s][info][gc,phases      ] GC(109)   Post Evacuate Collection Set: 1.25ms
[334.465s][info][gc,phases      ] GC(109)   Other: 0.12ms
[334.465s][info][gc,heap        ] GC(109) Eden regions: 1044->0(1120)
[334.465s][info][gc,heap        ] GC(109) Survivor regions: 105->108(144)
[334.465s][info][gc,heap        ] GC(109) Old regions: 607->485
[334.465s][info][gc,heap        ] GC(109) Humongous regions: 77->77
[334.465s][info][gc,metaspace   ] GC(109) Metaspace: 28791K(29120K)->28791K(29120K) NonClass: 23907K(24064K)->23907K(24064K) Class: 4883K(5056K)->4883K(5056K)
[334.465s][info][gc             ] GC(109) Pause Young (Mixed) (G1 Evacuation Pause) 3663M->1337M(4096M) 131.754ms
[334.466s][info][gc,cpu         ] GC(109) User=0.78s Sys=0.00s Real=0.13s
..[336.590s][info][gc,start       ] GC(110) Pause Young (Mixed) (G1 Evacuation Pause)
[336.590s][info][gc,task        ] GC(110) Using 6 workers of 6 for evacuation
[336.715s][info][gc,phases      ] GC(110)   Pre Evacuate Collection Set: 0.38ms
[336.715s][info][gc,phases      ] GC(110)   Merge Heap Roots: 0.45ms
[336.715s][info][gc,phases      ] GC(110)   Evacuate Collection Set: 123.79ms
[336.715s][info][gc,phases      ] GC(110)   Post Evacuate Collection Set: 0.97ms
[336.715s][info][gc,phases      ] GC(110)   Other: 0.08ms
[336.715s][info][gc,heap        ] GC(110) Eden regions: 1120->0(1115)
[336.715s][info][gc,heap        ] GC(110) Survivor regions: 108->113(154)
[336.715s][info][gc,heap        ] GC(110) Old regions: 485->491
[336.715s][info][gc,heap        ] GC(110) Humongous regions: 77->77
[336.715s][info][gc,metaspace   ] GC(110) Metaspace: 28792K(29120K)->28792K(29120K) NonClass: 23908K(24064K)->23908K(24064K) Class: 4883K(5056K)->4883K(5056K)
[336.715s][info][gc             ] GC(110) Pause Young (Mixed) (G1 Evacuation Pause) 3577M->1359M(4096M) 125.802ms
[336.715s][info][gc,cpu         ] GC(110) User=0.75s Sys=0.00s Real=0.13s
.. (rIR:aIR:PR = 8084:8087:8087) (tPR = 124974) [OK] 
   337s:       rampup IR =   9238 [338.708s][info][gc,start       ] GC(111) Pause Young (Concurrent Start) (G1 Evacuation Pause)
[338.708s][info][gc,task        ] GC(111) Using 6 workers of 6 for evacuation
[338.827s][info][gc,phases      ] GC(111)   Pre Evacuate Collection Set: 0.39ms
[338.827s][info][gc,phases      ] GC(111)   Merge Heap Roots: 0.45ms
[338.827s][info][gc,phases      ] GC(111)   Evacuate Collection Set: 116.89ms
[338.827s][info][gc,phases      ] GC(111)   Post Evacuate Collection Set: 0.94ms
[338.827s][info][gc,phases      ] GC(111)   Other: 0.11ms
[338.827s][info][gc,heap        ] GC(111) Eden regions: 1115->0(1119)
[338.827s][info][gc,heap        ] GC(111) Survivor regions: 113->109(154)
[338.827s][info][gc,heap        ] GC(111) Old regions: 491->525
[338.827s][info][gc,heap        ] GC(111) Humongous regions: 77->77
[338.827s][info][gc,metaspace   ] GC(111) Metaspace: 28792K(29120K)->28792K(29120K) NonClass: 23908K(24064K)->23908K(24064K) Class: 4883K(5056K)->4883K(5056K)
[338.827s][info][gc             ] GC(111) Pause Young (Concurrent Start) (G1 Evacuation Pause) 3589M->1418M(4096M) 118.922ms
[338.827s][info][gc             ] GC(112) Concurrent Mark Cycle
[338.827s][info][gc,marking     ] GC(112) Concurrent Scan Root Regions
[338.827s][info][gc,cpu         ] GC(111) User=0.70s Sys=0.00s Real=0.12s
.[339.011s][info][gc,marking     ] GC(112) Concurrent Scan Root Regions 184.685ms
[339.011s][info][gc,marking     ] GC(112) Concurrent Mark
[339.011s][info][gc,marking     ] GC(112) Concurrent Mark From Roots
[339.011s][info][gc,task        ] GC(112) Using 2 workers of 2 for marking
.[340.083s][info][gc,marking     ] GC(112) Concurrent Mark From Roots 1071.148ms
[340.083s][info][gc,marking     ] GC(112) Concurrent Preclean
[340.083s][info][gc,marking     ] GC(112) Concurrent Preclean 0.084ms
[340.084s][info][gc,start       ] GC(112) Pause Remark
[340.089s][info][gc             ] GC(112) Pause Remark 2686M->2686M(4096M) 4.894ms
[340.089s][info][gc,cpu         ] GC(112) User=0.02s Sys=0.01s Real=0.00s
[340.091s][info][gc,marking     ] GC(112) Concurrent Mark 1079.336ms
[340.091s][info][gc,marking     ] GC(112) Concurrent Rebuild Remembered Sets and Scrub Regions
[340.494s][info][gc,marking     ] GC(112) Concurrent Rebuild Remembered Sets and Scrub Regions 402.782ms
[340.496s][info][gc,start       ] GC(112) Pause Cleanup
[340.496s][info][gc             ] GC(112) Pause Cleanup 3124M->3124M(4096M) 0.176ms
[340.496s][info][gc,cpu         ] GC(112) User=0.00s Sys=0.00s Real=0.00s
[340.496s][info][gc,marking     ] GC(112) Concurrent Clear Claimed Marks
[340.496s][info][gc,marking     ] GC(112) Concurrent Clear Claimed Marks 0.035ms
[340.496s][info][gc,marking     ] GC(112) Concurrent Cleanup for Next Mark
[340.522s][info][gc,marking     ] GC(112) Concurrent Cleanup for Next Mark 26.008ms
[340.522s][info][gc             ] GC(112) Concurrent Mark Cycle 1695.521ms
[340.828s][info][gc,start       ] GC(113) Pause Young (Prepare Mixed) (G1 Evacuation Pause)
[340.828s][info][gc,task        ] GC(113) Using 6 workers of 6 for evacuation
[340.950s][info][gc,phases      ] GC(113)   Pre Evacuate Collection Set: 0.35ms
[340.950s][info][gc,phases      ] GC(113)   Merge Heap Roots: 0.48ms
[340.950s][info][gc,phases      ] GC(113)   Evacuate Collection Set: 120.84ms
[340.950s][info][gc,phases      ] GC(113)   Post Evacuate Collection Set: 1.03ms
[340.950s][info][gc,phases      ] GC(113)   Other: 0.09ms
[340.950s][info][gc,heap        ] GC(113) Eden regions: 1119->0(1084)
[340.950s][info][gc,heap        ] GC(113) Survivor regions: 109->113(154)
[340.950s][info][gc,heap        ] GC(113) Old regions: 525->558
[340.950s][info][gc,heap        ] GC(113) Humongous regions: 77->77
[340.950s][info][gc,metaspace   ] GC(113) Metaspace: 28794K(29120K)->28794K(29120K) NonClass: 23910K(24064K)->23910K(24064K) Class: 4883K(5056K)->4883K(5056K)
[340.950s][info][gc             ] GC(113) Pause Young (Prepare Mixed) (G1 Evacuation Pause) 3656M->1492M(4096M) 122.930ms
[340.951s][info][gc,cpu         ] GC(113) User=0.72s Sys=0.00s Real=0.12s
..[342.675s][info][gc,start       ] GC(114) Pause Young (Mixed) (G1 Evacuation Pause)
[342.675s][info][gc,task        ] GC(114) Using 6 workers of 6 for evacuation
[342.807s][info][gc,phases      ] GC(114)   Pre Evacuate Collection Set: 0.43ms
[342.807s][info][gc,phases      ] GC(114)   Merge Heap Roots: 0.53ms
[342.807s][info][gc,phases      ] GC(114)   Evacuate Collection Set: 130.49ms
[342.807s][info][gc,phases      ] GC(114)   Post Evacuate Collection Set: 1.06ms
[342.807s][info][gc,phases      ] GC(114)   Other: 0.10ms
[342.808s][info][gc,heap        ] GC(114) Eden regions: 1084->0(1119)
[342.808s][info][gc,heap        ] GC(114) Survivor regions: 113->109(150)
[342.808s][info][gc,heap        ] GC(114) Old regions: 558->461
[342.808s][info][gc,heap        ] GC(114) Humongous regions: 77->77
[342.808s][info][gc,metaspace   ] GC(114) Metaspace: 28794K(29120K)->28794K(29120K) NonClass: 23910K(24064K)->23910K(24064K) Class: 4883K(5056K)->4883K(5056K)
[342.808s][info][gc             ] GC(114) Pause Young (Mixed) (G1 Evacuation Pause) 3660M->1291M(4096M) 132.740ms
[342.808s][info][gc,cpu         ] GC(114) User=0.79s Sys=0.00s Real=0.13s
.. (rIR:aIR:PR = 9238:9335:9358) (tPR = 142058) [OK] 
   343s:       rampup IR =  10393 [344.637s][info][gc,start       ] GC(115) Pause Young (Concurrent Start) (G1 Evacuation Pause)
[344.637s][info][gc,task        ] GC(115) Using 6 workers of 6 for evacuation
[344.759s][info][gc,phases      ] GC(115)   Pre Evacuate Collection Set: 0.40ms
[344.759s][info][gc,phases      ] GC(115)   Merge Heap Roots: 0.55ms
[344.759s][info][gc,phases      ] GC(115)   Evacuate Collection Set: 120.22ms
[344.759s][info][gc,phases      ] GC(115)   Post Evacuate Collection Set: 0.95ms
[344.759s][info][gc,phases      ] GC(115)   Other: 0.11ms
[344.759s][info][gc,heap        ] GC(115) Eden regions: 1119->0(1118)
[344.759s][info][gc,heap        ] GC(115) Survivor regions: 109->110(154)
[344.759s][info][gc,heap        ] GC(115) Old regions: 461->496
[344.759s][info][gc,heap        ] GC(115) Humongous regions: 77->77
[344.759s][info][gc,metaspace   ] GC(115) Metaspace: 28796K(29120K)->28796K(29120K) NonClass: 23912K(24064K)->23912K(24064K) Class: 4883K(5056K)->4883K(5056K)
[344.759s][info][gc             ] GC(115) Pause Young (Concurrent Start) (G1 Evacuation Pause) 3529M->1364M(4096M) 122.374ms
[344.759s][info][gc             ] GC(116) Concurrent Mark Cycle
[344.759s][info][gc,marking     ] GC(116) Concurrent Scan Root Regions
[344.759s][info][gc,cpu         ] GC(115) User=0.72s Sys=0.00s Real=0.12s
[344.974s][info][gc,marking     ] GC(116) Concurrent Scan Root Regions 214.641ms
[344.974s][info][gc,marking     ] GC(116) Concurrent Mark
[344.974s][info][gc,marking     ] GC(116) Concurrent Mark From Roots
[344.974s][info][gc,task        ] GC(116) Using 2 workers of 2 for marking
.[345.763s][info][gc,marking     ] GC(116) Concurrent Mark From Roots 789.546ms
[345.764s][info][gc,marking     ] GC(116) Concurrent Preclean
[345.764s][info][gc,marking     ] GC(116) Concurrent Preclean 0.125ms
[345.764s][info][gc,start       ] GC(116) Pause Remark
[345.768s][info][gc             ] GC(116) Pause Remark 2301M->2301M(4096M) 4.095ms
[345.768s][info][gc,cpu         ] GC(116) User=0.02s Sys=0.00s Real=0.00s
[345.772s][info][gc,marking     ] GC(116) Concurrent Mark 797.746ms
[345.772s][info][gc,marking     ] GC(116) Concurrent Rebuild Remembered Sets and Scrub Regions
[346.026s][info][gc,marking     ] GC(116) Concurrent Rebuild Remembered Sets and Scrub Regions 254.811ms
[346.028s][info][gc,start       ] GC(116) Pause Cleanup
[346.028s][info][gc             ] GC(116) Pause Cleanup 2570M->2570M(4096M) 0.155ms
[346.028s][info][gc,cpu         ] GC(116) User=0.00s Sys=0.00s Real=0.00s
[346.028s][info][gc,marking     ] GC(116) Concurrent Clear Claimed Marks
[346.028s][info][gc,marking     ] GC(116) Concurrent Clear Claimed Marks 0.025ms
[346.028s][info][gc,marking     ] GC(116) Concurrent Cleanup for Next Mark
[346.033s][info][gc,marking     ] GC(116) Concurrent Cleanup for Next Mark 4.926ms
[346.033s][info][gc             ] GC(116) Concurrent Mark Cycle 1273.931ms
.[346.750s][info][gc,start       ] GC(117) Pause Young (Prepare Mixed) (G1 Evacuation Pause)
[346.750s][info][gc,task        ] GC(117) Using 6 workers of 6 for evacuation
[346.868s][info][gc,phases      ] GC(117)   Pre Evacuate Collection Set: 0.36ms
[346.868s][info][gc,phases      ] GC(117)   Merge Heap Roots: 0.52ms
[346.868s][info][gc,phases      ] GC(117)   Evacuate Collection Set: 116.53ms
[346.868s][info][gc,phases      ] GC(117)   Post Evacuate Collection Set: 0.99ms
[346.868s][info][gc,phases      ] GC(117)   Other: 0.09ms
[346.868s][info][gc,heap        ] GC(117) Eden regions: 1118->0(1117)
[346.868s][info][gc,heap        ] GC(117) Survivor regions: 110->111(154)
[346.868s][info][gc,heap        ] GC(117) Old regions: 496->528
[346.868s][info][gc,heap        ] GC(117) Humongous regions: 77->77
[346.868s][info][gc,metaspace   ] GC(117) Metaspace: 28796K(29120K)->28796K(29120K) NonClass: 23912K(24064K)->23912K(24064K) Class: 4883K(5056K)->4883K(5056K)
[346.868s][info][gc             ] GC(117) Pause Young (Prepare Mixed) (G1 Evacuation Pause) 3600M->1428M(4096M) 118.614ms
[346.868s][info][gc,cpu         ] GC(117) User=0.70s Sys=0.00s Real=0.12s
.[348.360s][info][gc,start       ] GC(118) Pause Young (Mixed) (G1 Evacuation Pause)
[348.360s][info][gc,task        ] GC(118) Using 6 workers of 6 for evacuation
[348.542s][info][gc,phases      ] GC(118)   Pre Evacuate Collection Set: 0.38ms
[348.542s][info][gc,phases      ] GC(118)   Merge Heap Roots: 0.58ms
[348.542s][info][gc,phases      ] GC(118)   Evacuate Collection Set: 179.74ms
[348.542s][info][gc,phases      ] GC(118)   Post Evacuate Collection Set: 0.91ms
[348.542s][info][gc,phases      ] GC(118)   Other: 0.09ms
[348.542s][info][gc,heap        ] GC(118) Eden regions: 1117->0(1109)
[348.542s][info][gc,heap        ] GC(118) Survivor regions: 111->119(154)
[348.542s][info][gc,heap        ] GC(118) Old regions: 528->466
[348.542s][info][gc,heap        ] GC(118) Humongous regions: 77->77
[348.542s][info][gc,metaspace   ] GC(118) Metaspace: 28796K(29120K)->28796K(29120K) NonClass: 23912K(24064K)->23912K(24064K) Class: 4883K(5056K)->4883K(5056K)
[348.542s][info][gc             ] GC(118) Pause Young (Mixed) (G1 Evacuation Pause) 3662M->1322M(4096M) 181.831ms
[348.542s][info][gc,cpu         ] GC(118) User=0.85s Sys=0.00s Real=0.18s
..[350.021s][info][gc,start       ] GC(119) Pause Young (Concurrent Start) (G1 Evacuation Pause)
[350.021s][info][gc,task        ] GC(119) Using 6 workers of 6 for evacuation
[350.142s][info][gc,phases      ] GC(119)   Pre Evacuate Collection Set: 0.39ms
[350.142s][info][gc,phases      ] GC(119)   Merge Heap Roots: 0.46ms
[350.142s][info][gc,phases      ] GC(119)   Evacuate Collection Set: 118.92ms
[350.142s][info][gc,phases      ] GC(119)   Post Evacuate Collection Set: 0.92ms
[350.142s][info][gc,phases      ] GC(119)   Other: 0.09ms
[350.142s][info][gc,heap        ] GC(119) Eden regions: 1109->0(1117)
[350.142s][info][gc,heap        ] GC(119) Survivor regions: 119->111(154)
[350.142s][info][gc,heap        ] GC(119) Old regions: 466->500
[350.142s][info][gc,heap        ] GC(119) Humongous regions: 77->77
[350.142s][info][gc,metaspace   ] GC(119) Metaspace: 28798K(29120K)->28798K(29120K) NonClass: 23914K(24064K)->23914K(24064K) Class: 4883K(5056K)->4883K(5056K)
[350.142s][info][gc             ] GC(119) Pause Young (Concurrent Start) (G1 Evacuation Pause) 3540M->1373M(4096M) 120.904ms
[350.142s][info][gc             ] GC(120) Concurrent Mark Cycle
[350.142s][info][gc,marking     ] GC(120) Concurrent Scan Root Regions
[350.142s][info][gc,cpu         ] GC(119) User=0.71s Sys=0.00s Real=0.12s
[350.287s][info][gc,marking     ] GC(120) Concurrent Scan Root Regions 144.790ms
[350.287s][info][gc,marking     ] GC(120) Concurrent Mark
[350.287s][info][gc,marking     ] GC(120) Concurrent Mark From Roots
[350.287s][info][gc,task        ] GC(120) Using 2 workers of 2 for marking
.[350.983s][info][gc,marking     ] GC(120) Concurrent Mark From Roots 695.568ms
[350.983s][info][gc,marking     ] GC(120) Concurrent Preclean
[350.983s][info][gc,marking     ] GC(120) Concurrent Preclean 0.047ms
[350.983s][info][gc,start       ] GC(120) Pause Remark
[350.988s][info][gc             ] GC(120) Pause Remark 2172M->2172M(4096M) 5.083ms
[350.988s][info][gc,cpu         ] GC(120) User=0.03s Sys=0.00s Real=0.01s
[350.988s][info][gc,marking     ] GC(120) Concurrent Mark 700.991ms
[350.988s][info][gc,marking     ] GC(120) Concurrent Rebuild Remembered Sets and Scrub Regions
[351.281s][info][gc,marking     ] GC(120) Concurrent Rebuild Remembered Sets and Scrub Regions 293.215ms
[351.282s][info][gc,start       ] GC(120) Pause Cleanup
[351.282s][info][gc             ] GC(120) Pause Cleanup 2508M->2508M(4096M) 0.117ms
[351.282s][info][gc,cpu         ] GC(120) User=0.00s Sys=0.00s Real=0.00s
[351.283s][info][gc,marking     ] GC(120) Concurrent Clear Claimed Marks
[351.283s][info][gc,marking     ] GC(120) Concurrent Clear Claimed Marks 0.054ms
[351.283s][info][gc,marking     ] GC(120) Concurrent Cleanup for Next Mark
[351.288s][info][gc,marking     ] GC(120) Concurrent Cleanup for Next Mark 4.948ms
[351.288s][info][gc             ] GC(120) Concurrent Mark Cycle 1146.065ms
. (rIR:aIR:PR = 10393:10160:10132) (tPR = 152852) [OK] 
   351s:       rampup IR =  11548 [352.124s][info][gc,start       ] GC(121) Pause Young (Prepare Mixed) (G1 Evacuation Pause)
[352.124s][info][gc,task        ] GC(121) Using 6 workers of 6 for evacuation
[352.251s][info][gc,phases      ] GC(121)   Pre Evacuate Collection Set: 0.35ms
[352.251s][info][gc,phases      ] GC(121)   Merge Heap Roots: 0.50ms
[352.251s][info][gc,phases      ] GC(121)   Evacuate Collection Set: 124.99ms
[352.251s][info][gc,phases      ] GC(121)   Post Evacuate Collection Set: 0.99ms
[352.251s][info][gc,phases      ] GC(121)   Other: 0.09ms
[352.251s][info][gc,heap        ] GC(121) Eden regions: 1117->0(1102)
[352.251s][info][gc,heap        ] GC(121) Survivor regions: 111->117(154)
[352.251s][info][gc,heap        ] GC(121) Old regions: 500->532
[352.251s][info][gc,heap        ] GC(121) Humongous regions: 77->77
[352.251s][info][gc,metaspace   ] GC(121) Metaspace: 28801K(29120K)->28801K(29120K) NonClass: 23917K(24064K)->23917K(24064K) Class: 4883K(5056K)->4883K(5056K)
[352.251s][info][gc             ] GC(121) Pause Young (Prepare Mixed) (G1 Evacuation Pause) 3607M->1448M(4096M) 127.066ms
[352.251s][info][gc,cpu         ] GC(121) User=0.75s Sys=0.00s Real=0.12s
.[353.698s][info][gc,start       ] GC(122) Pause Young (Mixed) (G1 Evacuation Pause)
[353.698s][info][gc,task        ] GC(122) Using 6 workers of 6 for evacuation
[353.835s][info][gc,phases      ] GC(122)   Pre Evacuate Collection Set: 0.37ms
[353.835s][info][gc,phases      ] GC(122)   Merge Heap Roots: 0.53ms
[353.836s][info][gc,phases      ] GC(122)   Evacuate Collection Set: 130.99ms
[353.836s][info][gc,phases      ] GC(122)   Merge Optional Heap Roots: 0.10ms
[353.836s][info][gc,phases      ] GC(122)   Evacuate Optional Collection Set: 4.70ms
[353.836s][info][gc,phases      ] GC(122)   Post Evacuate Collection Set: 1.06ms
[353.836s][info][gc,phases      ] GC(122)   Other: 0.10ms
[353.836s][info][gc,heap        ] GC(122) Eden regions: 1102->0(1117)
[353.836s][info][gc,heap        ] GC(122) Survivor regions: 117->111(153)
[353.836s][info][gc,heap        ] GC(122) Old regions: 532->465
[353.836s][info][gc,heap        ] GC(122) Humongous regions: 77->77
[353.836s][info][gc,metaspace   ] GC(122) Metaspace: 28801K(29120K)->28801K(29120K) NonClass: 23917K(24064K)->23917K(24064K) Class: 4883K(5056K)->4883K(5056K)
[353.836s][info][gc             ] GC(122) Pause Young (Mixed) (G1 Evacuation Pause) 3652M->1303M(4096M) 138.014ms
[353.836s][info][gc,cpu         ] GC(122) User=0.81s Sys=0.00s Real=0.14s
.[355.334s][info][gc,start       ] GC(123) Pause Young (Concurrent Start) (G1 Evacuation Pause)
[355.334s][info][gc,task        ] GC(123) Using 6 workers of 6 for evacuation
[355.504s][info][gc,phases      ] GC(123)   Pre Evacuate Collection Set: 0.41ms
[355.504s][info][gc,phases      ] GC(123)   Merge Heap Roots: 0.57ms
[355.504s][info][gc,phases      ] GC(123)   Evacuate Collection Set: 167.82ms
[355.504s][info][gc,phases      ] GC(123)   Post Evacuate Collection Set: 0.94ms
[355.504s][info][gc,phases      ] GC(123)   Other: 0.90ms
[355.504s][info][gc,heap        ] GC(123) Eden regions: 1117->0(1107)
[355.504s][info][gc,heap        ] GC(123) Survivor regions: 111->121(154)
[355.504s][info][gc,heap        ] GC(123) Old regions: 465->498
[355.504s][info][gc,heap        ] GC(123) Humongous regions: 77->77
[355.504s][info][gc,metaspace   ] GC(123) Metaspace: 28801K(29120K)->28801K(29120K) NonClass: 23917K(24064K)->23917K(24064K) Class: 4883K(5056K)->4883K(5056K)
[355.504s][info][gc             ] GC(123) Pause Young (Concurrent Start) (G1 Evacuation Pause) 3537M->1389M(4096M) 170.779ms
[355.504s][info][gc             ] GC(124) Concurrent Mark Cycle
[355.504s][info][gc,marking     ] GC(124) Concurrent Scan Root Regions
[355.504s][info][gc,cpu         ] GC(123) User=0.77s Sys=0.00s Real=0.18s
[355.684s][info][gc,marking     ] GC(124) Concurrent Scan Root Regions 179.157ms
[355.684s][info][gc,marking     ] GC(124) Concurrent Mark
[355.684s][info][gc,marking     ] GC(124) Concurrent Mark From Roots
[355.684s][info][gc,task        ] GC(124) Using 2 workers of 2 for marking
..[357.179s][info][gc,marking     ] GC(124) Concurrent Mark From Roots 1495.838ms
[357.179s][info][gc,marking     ] GC(124) Concurrent Preclean
[357.180s][info][gc,marking     ] GC(124) Concurrent Preclean 0.106ms
[357.182s][info][gc,start       ] GC(124) Pause Remark
[357.187s][info][gc             ] GC(124) Pause Remark 3201M->3201M(4096M) 5.028ms
[357.187s][info][gc,cpu         ] GC(124) User=0.03s Sys=0.00s Real=0.01s
[357.187s][info][gc,marking     ] GC(124) Concurrent Mark 1503.280ms
[357.187s][info][gc,marking     ] GC(124) Concurrent Rebuild Remembered Sets and Scrub Regions
[357.562s][info][gc,start       ] GC(125) Pause Young (Normal) (G1 Evacuation Pause)
[357.562s][info][gc,task        ] GC(125) Using 6 workers of 6 for evacuation
[357.686s][info][gc,phases      ] GC(125)   Pre Evacuate Collection Set: 0.33ms
[357.686s][info][gc,phases      ] GC(125)   Merge Heap Roots: 0.48ms
[357.686s][info][gc,phases      ] GC(125)   Evacuate Collection Set: 122.68ms
[357.686s][info][gc,phases      ] GC(125)   Post Evacuate Collection Set: 0.96ms
[357.686s][info][gc,phases      ] GC(125)   Other: 0.11ms
[357.686s][info][gc,heap        ] GC(125) Eden regions: 1107->0(1110)
[357.686s][info][gc,heap        ] GC(125) Survivor regions: 121->114(154)
[357.686s][info][gc,heap        ] GC(125) Old regions: 498->530
[357.686s][info][gc,heap        ] GC(125) Humongous regions: 77->77
[357.686s][info][gc,metaspace   ] GC(125) Metaspace: 28804K(29120K)->28804K(29120K) NonClass: 23920K(24064K)->23920K(24064K) Class: 4883K(5056K)->4883K(5056K)
[357.686s][info][gc             ] GC(125) Pause Young (Normal) (G1 Evacuation Pause) 3603M->1439M(4096M) 124.691ms
[357.686s][info][gc,cpu         ] GC(125) User=0.74s Sys=0.00s Real=0.13s
[357.977s][info][gc,marking     ] GC(124) Concurrent Rebuild Remembered Sets and Scrub Regions 789.714ms
[357.979s][info][gc,start       ] GC(124) Pause Cleanup
[357.979s][info][gc             ] GC(124) Pause Cleanup 1847M->1847M(4096M) 0.166ms
[357.979s][info][gc,cpu         ] GC(124) User=0.00s Sys=0.00s Real=0.00s
[357.981s][info][gc,marking     ] GC(124) Concurrent Clear Claimed Marks
[357.981s][info][gc,marking     ] GC(124) Concurrent Clear Claimed Marks 0.062ms
[357.981s][info][gc,marking     ] GC(124) Concurrent Cleanup for Next Mark
[357.986s][info][gc,marking     ] GC(124) Concurrent Cleanup for Next Mark 4.768ms
[357.986s][info][gc             ] GC(124) Concurrent Mark Cycle 2481.791ms
.[359.194s][info][gc,start       ] GC(126) Pause Young (Prepare Mixed) (G1 Evacuation Pause)
[359.194s][info][gc,task        ] GC(126) Using 6 workers of 6 for evacuation
[359.320s][info][gc,phases      ] GC(126)   Pre Evacuate Collection Set: 0.37ms
[359.320s][info][gc,phases      ] GC(126)   Merge Heap Roots: 0.49ms
[359.320s][info][gc,phases      ] GC(126)   Evacuate Collection Set: 124.18ms
[359.320s][info][gc,phases      ] GC(126)   Post Evacuate Collection Set: 0.94ms
[359.320s][info][gc,phases      ] GC(126)   Other: 0.09ms
[359.320s][info][gc,heap        ] GC(126) Eden regions: 1110->0(1071)
[359.320s][info][gc,heap        ] GC(126) Survivor regions: 114->118(153)
[359.320s][info][gc,heap        ] GC(126) Old regions: 530->561
[359.320s][info][gc,heap        ] GC(126) Humongous regions: 77->77
[359.320s][info][gc,metaspace   ] GC(126) Metaspace: 28806K(29120K)->28806K(29120K) NonClass: 23922K(24064K)->23922K(24064K) Class: 4883K(5056K)->4883K(5056K)
[359.320s][info][gc             ] GC(126) Pause Young (Prepare Mixed) (G1 Evacuation Pause) 3659M->1510M(4096M) 126.203ms
[359.320s][info][gc,cpu         ] GC(126) User=0.74s Sys=0.00s Real=0.12s
.[360.757s][info][gc,start       ] GC(127) Pause Young (Mixed) (G1 Evacuation Pause)
[360.757s][info][gc,task        ] GC(127) Using 6 workers of 6 for evacuation
[360.902s][info][gc,phases      ] GC(127)   Pre Evacuate Collection Set: 0.43ms
[360.902s][info][gc,phases      ] GC(127)   Merge Heap Roots: 0.71ms
[360.902s][info][gc,phases      ] GC(127)   Evacuate Collection Set: 137.92ms
[360.902s][info][gc,phases      ] GC(127)   Merge Optional Heap Roots: 0.11ms
[360.902s][info][gc,phases      ] GC(127)   Evacuate Optional Collection Set: 3.82ms
[360.902s][info][gc,phases      ] GC(127)   Post Evacuate Collection Set: 1.04ms
[360.902s][info][gc,phases      ] GC(127)   Other: 0.85ms
[360.902s][info][gc,heap        ] GC(127) Eden regions: 1071->0(1111)
[360.902s][info][gc,heap        ] GC(127) Survivor regions: 118->117(149)
[360.902s][info][gc,heap        ] GC(127) Old regions: 561->497
[360.902s][info][gc,heap        ] GC(127) Humongous regions: 77->77
[360.902s][info][gc,metaspace   ] GC(127) Metaspace: 28806K(29120K)->28806K(29120K) NonClass: 23922K(24064K)->23922K(24064K) Class: 4883K(5056K)->4883K(5056K)
[360.902s][info][gc             ] GC(127) Pause Young (Mixed) (G1 Evacuation Pause) 3652M->1378M(4096M) 145.030ms
[360.902s][info][gc,cpu         ] GC(127) User=0.85s Sys=0.00s Real=0.14s
.[362.371s][info][gc,start       ] GC(128) Pause Young (Concurrent Start) (G1 Evacuation Pause)
[362.371s][info][gc,task        ] GC(128) Using 6 workers of 6 for evacuation
[362.541s][info][gc,phases      ] GC(128)   Pre Evacuate Collection Set: 0.40ms
[362.541s][info][gc,phases      ] GC(128)   Merge Heap Roots: 0.49ms
[362.541s][info][gc,phases      ] GC(128)   Evacuate Collection Set: 168.11ms
[362.541s][info][gc,phases      ] GC(128)   Post Evacuate Collection Set: 0.96ms
[362.541s][info][gc,phases      ] GC(128)   Other: 0.11ms
[362.541s][info][gc,heap        ] GC(128) Eden regions: 1111->0(1096)
[362.541s][info][gc,heap        ] GC(128) Survivor regions: 117->121(154)
[362.541s][info][gc,heap        ] GC(128) Old regions: 497->530
[362.541s][info][gc,heap        ] GC(128) Humongous regions: 77->77
[362.541s][info][gc,metaspace   ] GC(128) Metaspace: 28806K(29120K)->28806K(29120K) NonClass: 23923K(24064K)->23923K(24064K) Class: 4883K(5056K)->4883K(5056K)
[362.541s][info][gc             ] GC(128) Pause Young (Concurrent Start) (G1 Evacuation Pause) 3600M->1453M(4096M) 170.195ms
[362.541s][info][gc             ] GC(129) Concurrent Mark Cycle
[362.542s][info][gc,marking     ] GC(129) Concurrent Scan Root Regions
[362.542s][info][gc,cpu         ] GC(128) User=0.78s Sys=0.00s Real=0.17s
[362.834s][info][gc,marking     ] GC(129) Concurrent Scan Root Regions 292.065ms
[362.834s][info][gc,marking     ] GC(129) Concurrent Mark
[362.834s][info][gc,marking     ] GC(129) Concurrent Mark From Roots
[362.834s][info][gc,task        ] GC(129) Using 2 workers of 2 for marking
.[364.552s][info][gc,marking     ] GC(129) Concurrent Mark From Roots 1718.604ms
[364.552s][info][gc,marking     ] GC(129) Concurrent Preclean
[364.552s][info][gc,start       ] GC(130) Pause Young (Normal) (G1 Evacuation Pause)
[364.552s][info][gc,task        ] GC(130) Using 6 workers of 6 for evacuation
[364.687s][info][gc,phases      ] GC(130)   Pre Evacuate Collection Set: 0.35ms
[364.687s][info][gc,phases      ] GC(130)   Merge Heap Roots: 0.47ms
[364.687s][info][gc,phases      ] GC(130)   Evacuate Collection Set: 132.57ms
[364.687s][info][gc,phases      ] GC(130)   Post Evacuate Collection Set: 0.92ms
[364.687s][info][gc,phases      ] GC(130)   Other: 0.09ms
[364.687s][info][gc,heap        ] GC(130) Eden regions: 1096->0(1055)
[364.687s][info][gc,heap        ] GC(130) Survivor regions: 121->125(153)
[364.687s][info][gc,heap        ] GC(130) Old regions: 530->563
[364.687s][info][gc,heap        ] GC(130) Humongous regions: 77->77
[364.687s][info][gc,metaspace   ] GC(130) Metaspace: 28806K(29120K)->28806K(29120K) NonClass: 23923K(24064K)->23923K(24064K) Class: 4883K(5056K)->4883K(5056K)
[364.687s][info][gc             ] GC(130) Pause Young (Normal) (G1 Evacuation Pause) 3645M->1526M(4096M) 134.508ms
[364.687s][info][gc,cpu         ] GC(130) User=0.80s Sys=0.00s Real=0.14s
[364.687s][info][gc,marking     ] GC(129) Concurrent Preclean 134.742ms
[364.965s][info][gc,start       ] GC(129) Pause Remark
[364.971s][info][gc             ] GC(129) Pause Remark 1836M->1836M(4096M) 5.828ms
[364.971s][info][gc,cpu         ] GC(129) User=0.03s Sys=0.00s Real=0.00s
[364.972s][info][gc,marking     ] GC(129) Concurrent Mark 2138.676ms
[364.972s][info][gc,marking     ] GC(129) Concurrent Rebuild Remembered Sets and Scrub Regions
.[365.257s][info][gc,marking     ] GC(129) Concurrent Rebuild Remembered Sets and Scrub Regions 284.684ms
[365.257s][info][gc,start       ] GC(129) Pause Cleanup
[365.257s][info][gc             ] GC(129) Pause Cleanup 2131M->2131M(4096M) 0.143ms
[365.257s][info][gc,cpu         ] GC(129) User=0.00s Sys=0.00s Real=0.00s
[365.261s][info][gc,marking     ] GC(129) Concurrent Clear Claimed Marks
[365.261s][info][gc,marking     ] GC(129) Concurrent Clear Claimed Marks 0.061ms
[365.261s][info][gc,marking     ] GC(129) Concurrent Cleanup for Next Mark
[365.266s][info][gc,marking     ] GC(129) Concurrent Cleanup for Next Mark 4.825ms
[365.266s][info][gc             ] GC(129) Concurrent Mark Cycle 2724.254ms
[366.123s][info][gc,start       ] GC(131) Pause Young (Prepare Mixed) (G1 Evacuation Pause)
[366.123s][info][gc,task        ] GC(131) Using 6 workers of 6 for evacuation
[366.245s][info][gc,phases      ] GC(131)   Pre Evacuate Collection Set: 0.40ms
[366.245s][info][gc,phases      ] GC(131)   Merge Heap Roots: 0.56ms
[366.245s][info][gc,phases      ] GC(131)   Evacuate Collection Set: 119.15ms
[366.245s][info][gc,phases      ] GC(131)   Post Evacuate Collection Set: 0.96ms
[366.245s][info][gc,phases      ] GC(131)   Other: 0.86ms
[366.245s][info][gc,heap        ] GC(131) Eden regions: 1055->0(1066)
[366.245s][info][gc,heap        ] GC(131) Survivor regions: 125->73(148)
[366.245s][info][gc,heap        ] GC(131) Old regions: 563->638
[366.245s][info][gc,heap        ] GC(131) Humongous regions: 77->77
[366.245s][info][gc,metaspace   ] GC(131) Metaspace: 28806K(29120K)->28806K(29120K) NonClass: 23923K(24064K)->23923K(24064K) Class: 4883K(5056K)->4883K(5056K)
[366.245s][info][gc             ] GC(131) Pause Young (Prepare Mixed) (G1 Evacuation Pause) 3636M->1572M(4096M) 122.057ms
[366.245s][info][gc,cpu         ] GC(131) User=0.72s Sys=0.00s Real=0.13s
..[367.736s][info][gc,start       ] GC(132) Pause Young (Mixed) (G1 Evacuation Pause)
[367.736s][info][gc,task        ] GC(132) Using 6 workers of 6 for evacuation
[367.859s][info][gc,phases      ] GC(132)   Pre Evacuate Collection Set: 0.41ms
[367.859s][info][gc,phases      ] GC(132)   Merge Heap Roots: 0.76ms
[367.859s][info][gc,phases      ] GC(132)   Evacuate Collection Set: 119.97ms
[367.859s][info][gc,phases      ] GC(132)   Post Evacuate Collection Set: 0.89ms
[367.859s][info][gc,phases      ] GC(132)   Other: 0.09ms
[367.859s][info][gc,heap        ] GC(132) Eden regions: 1066->0(1113)
[367.859s][info][gc,heap        ] GC(132) Survivor regions: 73->115(143)
[367.859s][info][gc,heap        ] GC(132) Old regions: 638->509
[367.859s][info][gc,heap        ] GC(132) Humongous regions: 77->77
[367.859s][info][gc,metaspace   ] GC(132) Metaspace: 28810K(29120K)->28810K(29120K) NonClass: 23926K(24064K)->23926K(24064K) Class: 4883K(5056K)->4883K(5056K)
[367.859s][info][gc             ] GC(132) Pause Young (Mixed) (G1 Evacuation Pause) 3704M->1399M(4096M) 122.248ms
[367.859s][info][gc,cpu         ] GC(132) User=0.72s Sys=0.00s Real=0.12s
.[369.404s][info][gc,start       ] GC(133) Pause Young (Concurrent Start) (G1 Evacuation Pause)
[369.404s][info][gc,task        ] GC(133) Using 6 workers of 6 for evacuation
[369.566s][info][gc,phases      ] GC(133)   Pre Evacuate Collection Set: 0.42ms
[369.566s][info][gc,phases      ] GC(133)   Merge Heap Roots: 0.44ms
[369.566s][info][gc,phases      ] GC(133)   Evacuate Collection Set: 160.24ms
[369.566s][info][gc,phases      ] GC(133)   Post Evacuate Collection Set: 1.03ms
[369.566s][info][gc,phases      ] GC(133)   Other: 0.13ms
[369.566s][info][gc,heap        ] GC(133) Eden regions: 1113->0(1104)
[369.566s][info][gc,heap        ] GC(133) Survivor regions: 115->110(154)
[369.566s][info][gc,heap        ] GC(133) Old regions: 509->544
[369.566s][info][gc,heap        ] GC(133) Humongous regions: 77->77
[369.566s][info][gc,metaspace   ] GC(133) Metaspace: 28810K(29120K)->28810K(29120K) NonClass: 23926K(24064K)->23926K(24064K) Class: 4883K(5056K)->4883K(5056K)
[369.566s][info][gc             ] GC(133) Pause Young (Concurrent Start) (G1 Evacuation Pause) 3625M->1459M(4096M) 162.382ms
[369.566s][info][gc             ] GC(134) Concurrent Mark Cycle
[369.566s][info][gc,marking     ] GC(134) Concurrent Scan Root Regions
[369.566s][info][gc,cpu         ] GC(133) User=0.72s Sys=0.00s Real=0.16s
.[369.868s][info][gc,marking     ] GC(134) Concurrent Scan Root Regions 301.160ms
[369.868s][info][gc,marking     ] GC(134) Concurrent Mark
[369.868s][info][gc,marking     ] GC(134) Concurrent Mark From Roots
[369.868s][info][gc,task        ] GC(134) Using 2 workers of 2 for marking
.[371.693s][info][gc,marking     ] GC(134) Concurrent Mark From Roots 1825.212ms
[371.693s][info][gc,marking     ] GC(134) Concurrent Preclean
[371.693s][info][gc,marking     ] GC(134) Concurrent Preclean 0.082ms
[371.693s][info][gc,start       ] GC(134) Pause Remark
[371.698s][info][gc             ] GC(134) Pause Remark 3429M->3429M(4096M) 4.990ms
[371.698s][info][gc,cpu         ] GC(134) User=0.02s Sys=0.00s Real=0.01s
[371.698s][info][gc,marking     ] GC(134) Concurrent Mark 1830.617ms
[371.698s][info][gc,marking     ] GC(134) Concurrent Rebuild Remembered Sets and Scrub Regions
[371.868s][info][gc,start       ] GC(135) Pause Young (Normal) (G1 Evacuation Pause)
[371.868s][info][gc,task        ] GC(135) Using 6 workers of 6 for evacuation
[371.989s][info][gc,phases      ] GC(135)   Pre Evacuate Collection Set: 0.32ms
[371.990s][info][gc,phases      ] GC(135)   Merge Heap Roots: 0.47ms
[371.990s][info][gc,phases      ] GC(135)   Evacuate Collection Set: 119.29ms
[371.990s][info][gc,phases      ] GC(135)   Post Evacuate Collection Set: 0.99ms
[371.990s][info][gc,phases      ] GC(135)   Other: 0.09ms
[371.990s][info][gc,heap        ] GC(135) Eden regions: 1104->0(1071)
[371.990s][info][gc,heap        ] GC(135) Survivor regions: 110->110(152)
[371.990s][info][gc,heap        ] GC(135) Old regions: 544->577
[371.990s][info][gc,heap        ] GC(135) Humongous regions: 77->77
[371.990s][info][gc,metaspace   ] GC(135) Metaspace: 28810K(29120K)->28810K(29120K) NonClass: 23926K(24064K)->23926K(24064K) Class: 4883K(5056K)->4883K(5056K)
[371.990s][info][gc             ] GC(135) Pause Young (Normal) (G1 Evacuation Pause) 3667M->1524M(4096M) 121.292ms
[371.990s][info][gc,cpu         ] GC(135) User=0.72s Sys=0.00s Real=0.12s
[372.356s][info][gc,marking     ] GC(134) Concurrent Rebuild Remembered Sets and Scrub Regions 657.378ms
[372.357s][info][gc,start       ] GC(134) Pause Cleanup
[372.357s][info][gc             ] GC(134) Pause Cleanup 2058M->2058M(4096M) 0.192ms
[372.357s][info][gc,cpu         ] GC(134) User=0.00s Sys=0.00s Real=0.00s
[372.357s][info][gc,marking     ] GC(134) Concurrent Clear Claimed Marks
[372.357s][info][gc,marking     ] GC(134) Concurrent Clear Claimed Marks 0.043ms
[372.357s][info][gc,marking     ] GC(134) Concurrent Cleanup for Next Mark
[372.362s][info][gc,marking     ] GC(134) Concurrent Cleanup for Next Mark 4.585ms
[372.362s][info][gc             ] GC(134) Concurrent Mark Cycle 2795.755ms
.[373.258s][info][gc,start       ] GC(136) Pause Young (Prepare Mixed) (G1 Evacuation Pause)
[373.258s][info][gc,task        ] GC(136) Using 6 workers of 6 for evacuation
[373.400s][info][gc,phases      ] GC(136)   Pre Evacuate Collection Set: 0.36ms
[373.400s][info][gc,phases      ] GC(136)   Merge Heap Roots: 0.57ms
[373.400s][info][gc,phases      ] GC(136)   Evacuate Collection Set: 139.89ms
[373.400s][info][gc,phases      ] GC(136)   Post Evacuate Collection Set: 0.98ms
[373.400s][info][gc,phases      ] GC(136)   Other: 0.09ms
[373.400s][info][gc,heap        ] GC(136) Eden regions: 1071->0(989)
[373.400s][info][gc,heap        ] GC(136) Survivor regions: 110->135(148)
[373.400s][info][gc,heap        ] GC(136) Old regions: 577->609
[373.400s][info][gc,heap        ] GC(136) Humongous regions: 77->77
[373.400s][info][gc,metaspace   ] GC(136) Metaspace: 28810K(29120K)->28810K(29120K) NonClass: 23926K(24064K)->23926K(24064K) Class: 4883K(5056K)->4883K(5056K)
[373.400s][info][gc             ] GC(136) Pause Young (Prepare Mixed) (G1 Evacuation Pause) 3666M->1640M(4096M) 142.032ms
[373.400s][info][gc,cpu         ] GC(136) User=0.84s Sys=0.00s Real=0.14s
.[374.742s][info][gc,start       ] GC(137) Pause Young (Mixed) (G1 Evacuation Pause)
[374.742s][info][gc,task        ] GC(137) Using 6 workers of 6 for evacuation
[374.884s][info][gc,phases      ] GC(137)   Pre Evacuate Collection Set: 0.36ms
[374.884s][info][gc,phases      ] GC(137)   Merge Heap Roots: 0.63ms
[374.884s][info][gc,phases      ] GC(137)   Evacuate Collection Set: 134.64ms
[374.884s][info][gc,phases      ] GC(137)   Merge Optional Heap Roots: 0.10ms
[374.884s][info][gc,phases      ] GC(137)   Evacuate Optional Collection Set: 4.90ms
[374.884s][info][gc,phases      ] GC(137)   Post Evacuate Collection Set: 1.11ms
[374.884s][info][gc,phases      ] GC(137)   Other: 0.10ms
[374.884s][info][gc,heap        ] GC(137) Eden regions: 989->0(1128)
[374.884s][info][gc,heap        ] GC(137) Survivor regions: 135->69(141)
[374.884s][info][gc,heap        ] GC(137) Old regions: 609->569
[374.884s][info][gc,heap        ] GC(137) Humongous regions: 77->77
[374.884s][info][gc,metaspace   ] GC(137) Metaspace: 28810K(29120K)->28810K(29120K) NonClass: 23926K(24064K)->23926K(24064K) Class: 4883K(5056K)->4883K(5056K)
[374.884s][info][gc             ] GC(137) Pause Young (Mixed) (G1 Evacuation Pause) 3618M->1427M(4096M) 141.987ms
[374.884s][info][gc,cpu         ] GC(137) User=0.84s Sys=0.00s Real=0.15s
.[376.327s][info][gc,start       ] GC(138) Pause Young (Mixed) (G1 Evacuation Pause)
[376.327s][info][gc,task        ] GC(138) Using 6 workers of 6 for evacuation
[376.502s][info][gc,phases      ] GC(138)   Pre Evacuate Collection Set: 0.38ms
[376.502s][info][gc,phases      ] GC(138)   Merge Heap Roots: 1.17ms
[376.502s][info][gc,phases      ] GC(138)   Evacuate Collection Set: 172.82ms
[376.502s][info][gc,phases      ] GC(138)   Post Evacuate Collection Set: 0.96ms
[376.502s][info][gc,phases      ] GC(138)   Other: 0.08ms
[376.502s][info][gc,heap        ] GC(138) Eden regions: 1128->0(1078)
[376.502s][info][gc,heap        ] GC(138) Survivor regions: 69->119(150)
[376.502s][info][gc,heap        ] GC(138) Old regions: 569->552
[376.502s][info][gc,heap        ] GC(138) Humongous regions: 77->77
[376.502s][info][gc,metaspace   ] GC(138) Metaspace: 28810K(29120K)->28810K(29120K) NonClass: 23926K(24064K)->23926K(24064K) Class: 4883K(5056K)->4883K(5056K)
[376.502s][info][gc             ] GC(138) Pause Young (Mixed) (G1 Evacuation Pause) 3683M->1493M(4096M) 175.581ms
[376.502s][info][gc,cpu         ] GC(138) User=0.80s Sys=0.00s Real=0.17s
..[377.981s][info][gc,start       ] GC(139) Pause Young (Concurrent Start) (G1 Evacuation Pause)
[377.981s][info][gc,task        ] GC(139) Using 6 workers of 6 for evacuation
[378.103s][info][gc,phases      ] GC(139)   Pre Evacuate Collection Set: 0.43ms
[378.103s][info][gc,phases      ] GC(139)   Merge Heap Roots: 0.49ms
[378.103s][info][gc,phases      ] GC(139)   Evacuate Collection Set: 120.18ms
[378.103s][info][gc,phases      ] GC(139)   Post Evacuate Collection Set: 0.89ms
[378.103s][info][gc,phases      ] GC(139)   Other: 0.13ms
[378.103s][info][gc,heap        ] GC(139) Eden regions: 1078->0(1081)
[378.103s][info][gc,heap        ] GC(139) Survivor regions: 119->68(150)
[378.103s][info][gc,heap        ] GC(139) Old regions: 552->627
[378.103s][info][gc,heap        ] GC(139) Humongous regions: 77->77
[378.103s][info][gc,metaspace   ] GC(139) Metaspace: 28819K(29120K)->28819K(29120K) NonClass: 23935K(24064K)->23935K(24064K) Class: 4883K(5056K)->4883K(5056K)
[378.103s][info][gc             ] GC(139) Pause Young (Concurrent Start) (G1 Evacuation Pause) 3649M->1541M(4096M) 122.246ms
[378.103s][info][gc             ] GC(140) Concurrent Mark Cycle
[378.103s][info][gc,marking     ] GC(140) Concurrent Scan Root Regions
[378.103s][info][gc,cpu         ] GC(139) User=0.73s Sys=0.00s Real=0.12s
[378.408s][info][gc,marking     ] GC(140) Concurrent Scan Root Regions 304.893ms
[378.408s][info][gc,marking     ] GC(140) Concurrent Mark
[378.408s][info][gc,marking     ] GC(140) Concurrent Mark From Roots
[378.408s][info][gc,task        ] GC(140) Using 2 workers of 2 for marking
..[379.957s][info][gc,marking     ] GC(140) Concurrent Mark From Roots 1549.492ms
[379.958s][info][gc,marking     ] GC(140) Concurrent Preclean
[379.958s][info][gc,marking     ] GC(140) Concurrent Preclean 0.075ms
[379.960s][info][gc,start       ] GC(140) Pause Remark
[379.963s][info][gc             ] GC(140) Pause Remark 3547M->3547M(4096M) 2.715ms
[379.963s][info][gc,cpu         ] GC(140) User=0.02s Sys=0.00s Real=0.00s
[379.963s][info][gc,marking     ] GC(140) Concurrent Mark 1554.985ms
[379.963s][info][gc,marking     ] GC(140) Concurrent Rebuild Remembered Sets and Scrub Regions
[380.045s][info][gc,start       ] GC(141) Pause Young (Normal) (G1 Evacuation Pause)
[380.045s][info][gc,task        ] GC(141) Using 6 workers of 6 for evacuation
[380.153s][info][gc,phases      ] GC(141)   Pre Evacuate Collection Set: 0.32ms
[380.153s][info][gc,phases      ] GC(141)   Merge Heap Roots: 0.42ms
[380.153s][info][gc,phases      ] GC(141)   Evacuate Collection Set: 106.08ms
[380.153s][info][gc,phases      ] GC(141)   Post Evacuate Collection Set: 0.91ms
[380.153s][info][gc,phases      ] GC(141)   Other: 0.09ms
[380.153s][info][gc,heap        ] GC(141) Eden regions: 1081->0(993)
[380.153s][info][gc,heap        ] GC(141) Survivor regions: 68->124(144)
[380.153s][info][gc,heap        ] GC(141) Old regions: 627->627
[380.153s][info][gc,heap        ] GC(141) Humongous regions: 77->77
[380.153s][info][gc,metaspace   ] GC(141) Metaspace: 28819K(29120K)->28819K(29120K) NonClass: 23935K(24064K)->23935K(24064K) Class: 4883K(5056K)->4883K(5056K)
[380.153s][info][gc             ] GC(141) Pause Young (Normal) (G1 Evacuation Pause) 3703M->1652M(4096M) 107.961ms
[380.153s][info][gc,cpu         ] GC(141) User=0.64s Sys=0.00s Real=0.10s
[380.735s][info][gc,marking     ] GC(140) Concurrent Rebuild Remembered Sets and Scrub Regions 772.486ms
[380.738s][info][gc,start       ] GC(140) Pause Cleanup
[380.738s][info][gc             ] GC(140) Pause Cleanup 2356M->2356M(4096M) 0.193ms
[380.738s][info][gc,cpu         ] GC(140) User=0.00s Sys=0.00s Real=0.00s
[380.739s][info][gc,marking     ] GC(140) Concurrent Clear Claimed Marks
[380.739s][info][gc,marking     ] GC(140) Concurrent Clear Claimed Marks 0.037ms
[380.739s][info][gc,marking     ] GC(140) Concurrent Cleanup for Next Mark
[380.754s][info][gc,marking     ] GC(140) Concurrent Cleanup for Next Mark 15.805ms
[380.754s][info][gc             ] GC(140) Concurrent Mark Cycle 2651.462ms
.[381.798s][info][gc,start       ] GC(142) Pause Young (Prepare Mixed) (G1 Evacuation Pause)
[381.798s][info][gc,task        ] GC(142) Using 6 workers of 6 for evacuation
[381.916s][info][gc,phases      ] GC(142)   Pre Evacuate Collection Set: 0.37ms
[381.916s][info][gc,phases      ] GC(142)   Merge Heap Roots: 0.55ms
[381.916s][info][gc,phases      ] GC(142)   Evacuate Collection Set: 114.66ms
[381.916s][info][gc,phases      ] GC(142)   Post Evacuate Collection Set: 1.00ms
[381.916s][info][gc,phases      ] GC(142)   Other: 0.82ms
[381.916s][info][gc,heap        ] GC(142) Eden regions: 993->0(1016)
[381.916s][info][gc,heap        ] GC(142) Survivor regions: 124->60(140)
[381.916s][info][gc,heap        ] GC(142) Old regions: 627->709
[381.916s][info][gc,heap        ] GC(142) Humongous regions: 77->77
[381.916s][info][gc,metaspace   ] GC(142) Metaspace: 28824K(29120K)->28824K(29120K) NonClass: 23940K(24064K)->23940K(24064K) Class: 4883K(5056K)->4883K(5056K)
[381.916s][info][gc             ] GC(142) Pause Young (Prepare Mixed) (G1 Evacuation Pause) 3638M->1688M(4096M) 117.553ms
[381.916s][info][gc,cpu         ] GC(142) User=0.69s Sys=0.00s Real=0.12s
. (rIR:aIR:PR = 11548:11458:10651) (tPR = 156306) [PR is under limit] 
   382s: Re-initializing (term[383.049s][info][gc,start       ] GC(143) Pause Young (Mixed) (G1 Evacuation Pause)
[383.049s][info][gc,task        ] GC(143) Using 6 workers of 6 for evacuation
[383.182s][info][gc,phases      ] GC(143)   Pre Evacuate Collection Set: 0.42ms
[383.182s][info][gc,phases      ] GC(143)   Merge Heap Roots: 0.77ms
[383.182s][info][gc,phases      ] GC(143)   Evacuate Collection Set: 123.16ms
[383.182s][info][gc,phases      ] GC(143)   Merge Optional Heap Roots: 0.25ms
[383.182s][info][gc,phases      ] GC(143)   Evacuate Optional Collection Set: 7.00ms
[383.182s][info][gc,phases      ] GC(143)   Post Evacuate Collection Set: 1.14ms
[383.182s][info][gc,phases      ] GC(143)   Other: 0.10ms
[383.182s][info][gc,heap        ] GC(143) Eden regions: 1016->0(1101)
[383.182s][info][gc,heap        ] GC(143) Survivor regions: 60->117(135)
[383.182s][info][gc,heap        ] GC(143) Old regions: 709->533
[383.182s][info][gc,heap        ] GC(143) Humongous regions: 77->77
[383.182s][info][gc,metaspace   ] GC(143) Metaspace: 28824K(29120K)->28824K(29120K) NonClass: 23940K(24064K)->23940K(24064K) Class: 4883K(5056K)->4883K(5056K)
[383.182s][info][gc             ] GC(143) Pause Young (Mixed) (G1 Evacuation Pause) 3720M->1452M(4096M) 133.005ms
[383.182s][info][gc,cpu         ] GC(143) User=0.78s Sys=0.00s Real=0.13s
[384.629s][info][gc,start       ] GC(144) Pause Young (Concurrent Start) (G1 Evacuation Pause)
[384.629s][info][gc,task        ] GC(144) Using 6 workers of 6 for evacuation
[384.758s][info][gc,phases      ] GC(144)   Pre Evacuate Collection Set: 0.37ms
[384.758s][info][gc,phases      ] GC(144)   Merge Heap Roots: 0.53ms
[384.758s][info][gc,phases      ] GC(144)   Evacuate Collection Set: 126.80ms
[384.758s][info][gc,phases      ] GC(144)   Post Evacuate Collection Set: 0.87ms
[384.758s][info][gc,phases      ] GC(144)   Other: 0.10ms
[384.758s][info][gc,heap        ] GC(144) Eden regions: 1101->0(1085)
[384.758s][info][gc,heap        ] GC(144) Survivor regions: 117->78(153)
[384.758s][info][gc,heap        ] GC(144) Old regions: 533->608
[384.758s][info][gc,heap        ] GC(144) Humongous regions: 77->77
[384.758s][info][gc,metaspace   ] GC(144) Metaspace: 28824K(29120K)->28824K(29120K) NonClass: 23940K(24064K)->23940K(24064K) Class: 4883K(5056K)->4883K(5056K)
[384.758s][info][gc             ] GC(144) Pause Young (Concurrent Start) (G1 Evacuation Pause) 3654M->1524M(4096M) 128.803ms
[384.758s][info][gc             ] GC(145) Concurrent Mark Cycle
[384.758s][info][gc,marking     ] GC(145) Concurrent Scan Root Regions
[384.758s][info][gc,cpu         ] GC(144) User=0.76s Sys=0.00s Real=0.13s
[384.973s][info][gc,marking     ] GC(145) Concurrent Scan Root Regions 215.291ms
[384.973s][info][gc,marking     ] GC(145) Concurrent Mark
[384.973s][info][gc,marking     ] GC(145) Concurrent Mark From Roots
[384.973s][info][gc,task        ] GC(145) Using 2 workers of 2 for marking
[386.646s][info][gc,start       ] GC(146) Pause Young (Normal) (G1 Evacuation Pause)
[386.646s][info][gc,task        ] GC(146) Using 6 workers of 6 for evacuation
[386.762s][info][gc,phases      ] GC(146)   Pre Evacuate Collection Set: 0.32ms
[386.762s][info][gc,phases      ] GC(146)   Merge Heap Roots: 0.47ms
[386.762s][info][gc,phases      ] GC(146)   Evacuate Collection Set: 113.40ms
[386.762s][info][gc,phases      ] GC(146)   Post Evacuate Collection Set: 0.82ms
[386.762s][info][gc,phases      ] GC(146)   Other: 0.09ms
[386.762s][info][gc,heap        ] GC(146) Eden regions: 1085->0(1033)
[386.762s][info][gc,heap        ] GC(146) Survivor regions: 78->84(146)
[386.762s][info][gc,heap        ] GC(146) Old regions: 608->657
[386.762s][info][gc,heap        ] GC(146) Humongous regions: 77->77
[386.762s][info][gc,metaspace   ] GC(146) Metaspace: 28824K(29120K)->28824K(29120K) NonClass: 23940K(24064K)->23940K(24064K) Class: 4883K(5056K)->4883K(5056K)
[386.762s][info][gc             ] GC(146) Pause Young (Normal) (G1 Evacuation Pause) 3694M->1632M(4096M) 115.232ms
[386.762s][info][gc,cpu         ] GC(146) User=0.68s Sys=0.00s Real=0.11s
[387.103s][info][gc,marking     ] GC(145) Concurrent Mark From Roots 2129.273ms
[387.103s][info][gc,marking     ] GC(145) Concurrent Preclean
[387.103s][info][gc,marking     ] GC(145) Concurrent Preclean 0.102ms
[387.105s][info][gc,start       ] GC(145) Pause Remark
[387.111s][info][gc             ] GC(145) Pause Remark 2020M->2020M(4096M) 5.529ms
[387.111s][info][gc,cpu         ] GC(145) User=0.03s Sys=0.00s Real=0.00s
[387.113s][info][gc,marking     ] GC(145) Concurrent Mark 2140.007ms
[387.113s][info][gc,marking     ] GC(145) Concurrent Rebuild Remembered Sets and Scrub Regions
[387.551s][info][gc,marking     ] GC(145) Concurrent Rebuild Remembered Sets and Scrub Regions 437.675ms
[387.551s][info][gc,start       ] GC(145) Pause Cleanup
[387.551s][info][gc             ] GC(145) Pause Cleanup 2422M->2422M(4096M) 0.169ms
[387.551s][info][gc,cpu         ] GC(145) User=0.00s Sys=0.00s Real=0.00s
[387.551s][info][gc,marking     ] GC(145) Concurrent Clear Claimed Marks
[387.551s][info][gc,marking     ] GC(145) Concurrent Clear Claimed Marks 0.026ms
[387.551s][info][gc,marking     ] GC(145) Concurrent Cleanup for Next Mark
[387.559s][info][gc,marking     ] GC(145) Concurrent Cleanup for Next Mark 7.323ms
[387.559s][info][gc             ] GC(145) Concurrent Mark Cycle 2800.832ms
[388.387s][info][gc,start       ] GC(147) Pause Young (Prepare Mixed) (G1 Evacuation Pause)
[388.387s][info][gc,task        ] GC(147) Using 6 workers of 6 for evacuation
[388.541s][info][gc,phases      ] GC(147)   Pre Evacuate Collection Set: 0.32ms
[388.541s][info][gc,phases      ] GC(147)   Merge Heap Roots: 0.44ms
[388.541s][info][gc,phases      ] GC(147)   Evacuate Collection Set: 152.62ms
[388.541s][info][gc,phases      ] GC(147)   Post Evacuate Collection Set: 0.90ms
[388.541s][info][gc,phases      ] GC(147)   Other: 0.09ms
[388.541s][info][gc,heap        ] GC(147) Eden regions: 1033->0(989)
[388.541s][info][gc,heap        ] GC(147) Survivor regions: 84->76(140)
[388.541s][info][gc,heap        ] GC(147) Old regions: 657->715
[388.541s][info][gc,heap        ] GC(147) Humongous regions: 77->77
[388.541s][info][gc,metaspace   ] GC(147) Metaspace: 28824K(29120K)->28824K(29120K) NonClass: 23940K(24064K)->23940K(24064K) Class: 4883K(5056K)->4883K(5056K)
[388.541s][info][gc             ] GC(147) Pause Young (Prepare Mixed) (G1 Evacuation Pause) 3698M->1733M(4096M) 154.506ms
[388.541s][info][gc,cpu         ] GC(147) User=0.68s Sys=0.00s Real=0.15s
) [388.674s][info][gc,start       ] GC(148) Pause Full (System.gc())
[388.674s][info][gc,task        ] GC(148) Using 6 workers of 6 for full compaction
[388.675s][info][gc,phases,start] GC(148) Phase 1: Mark live objects
[388.691s][info][gc,phases      ] GC(148) Phase 1: Mark live objects 15.953ms
[388.691s][info][gc,phases,start] GC(148) Phase 2: Prepare compaction
[388.693s][info][gc,phases      ] GC(148) Phase 2: Prepare compaction 2.352ms
[388.693s][info][gc,phases,start] GC(148) Phase 3: Adjust pointers
[388.699s][info][gc,phases      ] GC(148) Phase 3: Adjust pointers 6.466ms
[388.699s][info][gc,phases,start] GC(148) Phase 4: Compact heap
[388.702s][info][gc,phases      ] GC(148) Phase 4: Compact heap 2.381ms
[388.702s][info][gc,phases,start] GC(148) Phase 5: Reset Metadata
[388.706s][info][gc,phases      ] GC(148) Phase 5: Reset Metadata 4.296ms
[388.712s][info][gc,heap        ] GC(148) Eden regions: 128->0(1228)
[388.712s][info][gc,heap        ] GC(148) Survivor regions: 76->0(140)
[388.712s][info][gc,heap        ] GC(148) Old regions: 715->34
[388.712s][info][gc,heap        ] GC(148) Humongous regions: 77->66
[388.712s][info][gc,metaspace   ] GC(148) Metaspace: 28824K(29120K)->28824K(29120K) NonClass: 23940K(24064K)->23940K(24064K) Class: 4883K(5056K)->4883K(5056K)
[388.712s][info][gc             ] GC(148) Pause Full (System.gc()) 1989M->194M(4096M) 38.261ms
[388.712s][info][gc,cpu         ] GC(148) User=0.20s Sys=0.00s Real=0.03s
(init[388.951s][info][gc,start       ] GC(149) Pause Young (Concurrent Start) (G1 Humongous Allocation)
[388.951s][info][gc,task        ] GC(149) Using 6 workers of 6 for evacuation
[388.966s][info][gc,phases      ] GC(149)   Pre Evacuate Collection Set: 0.37ms
[388.966s][info][gc,phases      ] GC(149)   Merge Heap Roots: 0.03ms
[388.966s][info][gc,phases      ] GC(149)   Evacuate Collection Set: 13.66ms
[388.966s][info][gc,phases      ] GC(149)   Post Evacuate Collection Set: 0.29ms
[388.966s][info][gc,phases      ] GC(149)   Other: 0.09ms
[388.966s][info][gc,heap        ] GC(149) Eden regions: 49->0(1214)
[388.966s][info][gc,heap        ] GC(149) Survivor regions: 0->14(154)
[388.966s][info][gc,heap        ] GC(149) Old regions: 34->34
[388.966s][info][gc,heap        ] GC(149) Humongous regions: 66->66
[388.966s][info][gc,metaspace   ] GC(149) Metaspace: 28824K(29120K)->28824K(29120K) NonClass: 23940K(24064K)->23940K(24064K) Class: 4883K(5056K)->4883K(5056K)
[388.966s][info][gc             ] GC(149) Pause Young (Concurrent Start) (G1 Humongous Allocation) 291M->222M(4096M) 14.572ms
[388.966s][info][gc             ] GC(150) Concurrent Mark Cycle
[388.966s][info][gc,marking     ] GC(150) Concurrent Scan Root Regions
[388.966s][info][gc,cpu         ] GC(149) User=0.08s Sys=0.00s Real=0.02s
[388.975s][info][gc,marking     ] GC(150) Concurrent Scan Root Regions 8.931ms
[388.975s][info][gc,marking     ] GC(150) Concurrent Mark
[388.975s][info][gc,marking     ] GC(150) Concurrent Mark From Roots
[388.975s][info][gc,task        ] GC(150) Using 2 workers of 2 for marking
[389.037s][info][gc,marking     ] GC(150) Concurrent Mark From Roots 62.368ms
[389.037s][info][gc,marking     ] GC(150) Concurrent Preclean
[389.037s][info][gc,marking     ] GC(150) Concurrent Preclean 0.113ms
[389.037s][info][gc,start       ] GC(150) Pause Remark
[389.039s][info][gc             ] GC(150) Pause Remark 410M->410M(4096M) 1.702ms
[389.039s][info][gc,cpu         ] GC(150) User=0.00s Sys=0.01s Real=0.00s
[389.039s][info][gc,marking     ] GC(150) Concurrent Mark 64.372ms
[389.039s][info][gc,marking     ] GC(150) Concurrent Rebuild Remembered Sets and Scrub Regions
[389.068s][info][gc,marking     ] GC(150) Concurrent Rebuild Remembered Sets and Scrub Regions 28.796ms
[389.068s][info][gc,start       ] GC(150) Pause Cleanup
[389.068s][info][gc             ] GC(150) Pause Cleanup 464M->464M(4096M) 0.063ms
[389.068s][info][gc,cpu         ] GC(150) User=0.00s Sys=0.00s Real=0.00s
[389.068s][info][gc,marking     ] GC(150) Concurrent Clear Claimed Marks
[389.068s][info][gc,marking     ] GC(150) Concurrent Clear Claimed Marks 0.029ms
[389.068s][info][gc,marking     ] GC(150) Concurrent Cleanup for Next Mark
[389.073s][info][gc,marking     ] GC(150) Concurrent Cleanup for Next Mark 4.492ms
[389.073s][info][gc             ] GC(150) Concurrent Mark Cycle 106.962ms
) ... OK
   392s: high-bound for max-jOPS is measured to be 13837
   392s: 
   392s: Restarting (term) [393.043s][info][gc,start       ] GC(151) Pause Full (System.gc())
[393.043s][info][gc,task        ] GC(151) Using 6 workers of 6 for full compaction
[393.044s][info][gc,phases,start] GC(151) Phase 1: Mark live objects
[393.059s][info][gc,phases      ] GC(151) Phase 1: Mark live objects 15.547ms
[393.059s][info][gc,phases,start] GC(151) Phase 2: Prepare compaction
[393.061s][info][gc,phases      ] GC(151) Phase 2: Prepare compaction 2.322ms
[393.061s][info][gc,phases,start] GC(151) Phase 3: Adjust pointers
[393.068s][info][gc,phases      ] GC(151) Phase 3: Adjust pointers 6.776ms
[393.068s][info][gc,phases,start] GC(151) Phase 4: Compact heap
[393.070s][info][gc,phases      ] GC(151) Phase 4: Compact heap 2.241ms
[393.071s][info][gc,phases,start] GC(151) Phase 5: Reset Metadata
[393.075s][info][gc,phases      ] GC(151) Phase 5: Reset Metadata 4.272ms
[393.081s][info][gc,heap        ] GC(151) Eden regions: 914->0(1228)
[393.081s][info][gc,heap        ] GC(151) Survivor regions: 14->0(154)
[393.081s][info][gc,heap        ] GC(151) Old regions: 34->34
[393.081s][info][gc,heap        ] GC(151) Humongous regions: 163->66
[393.081s][info][gc,metaspace   ] GC(151) Metaspace: 28827K(29120K)->28827K(29120K) NonClass: 23943K(24064K)->23943K(24064K) Class: 4883K(5056K)->4883K(5056K)
[393.081s][info][gc             ] GC(151) Pause Full (System.gc()) 2244M->194M(4096M) 38.149ms
[393.081s][info][gc,cpu         ] GC(151) User=0.20s Sys=0.00s Real=0.04s
(init[393.320s][info][gc,start       ] GC(152) Pause Young (Concurrent Start) (G1 Humongous Allocation)
[393.320s][info][gc,task        ] GC(152) Using 6 workers of 6 for evacuation
[393.334s][info][gc,phases      ] GC(152)   Pre Evacuate Collection Set: 0.34ms
[393.334s][info][gc,phases      ] GC(152)   Merge Heap Roots: 0.03ms
[393.334s][info][gc,phases      ] GC(152)   Evacuate Collection Set: 13.97ms
[393.334s][info][gc,phases      ] GC(152)   Post Evacuate Collection Set: 0.28ms
[393.334s][info][gc,phases      ] GC(152)   Other: 0.08ms
[393.334s][info][gc,heap        ] GC(152) Eden regions: 50->0(1214)
[393.334s][info][gc,heap        ] GC(152) Survivor regions: 0->14(154)
[393.334s][info][gc,heap        ] GC(152) Old regions: 34->34
[393.334s][info][gc,heap        ] GC(152) Humongous regions: 66->66
[393.334s][info][gc,metaspace   ] GC(152) Metaspace: 28827K(29120K)->28827K(29120K) NonClass: 23943K(24064K)->23943K(24064K) Class: 4883K(5056K)->4883K(5056K)
[393.334s][info][gc             ] GC(152) Pause Young (Concurrent Start) (G1 Humongous Allocation) 292M->222M(4096M) 14.851ms
[393.335s][info][gc             ] GC(153) Concurrent Mark Cycle
[393.335s][info][gc,marking     ] GC(153) Concurrent Scan Root Regions
[393.335s][info][gc,cpu         ] GC(152) User=0.09s Sys=0.00s Real=0.02s
[393.343s][info][gc,marking     ] GC(153) Concurrent Scan Root Regions 8.845ms
[393.343s][info][gc,marking     ] GC(153) Concurrent Mark
[393.343s][info][gc,marking     ] GC(153) Concurrent Mark From Roots
[393.343s][info][gc,task        ] GC(153) Using 2 workers of 2 for marking
[393.390s][info][gc,marking     ] GC(153) Concurrent Mark From Roots 46.410ms
[393.390s][info][gc,marking     ] GC(153) Concurrent Preclean
[393.390s][info][gc,marking     ] GC(153) Concurrent Preclean 0.090ms
[393.390s][info][gc,start       ] GC(153) Pause Remark
[393.392s][info][gc             ] GC(153) Pause Remark 352M->352M(4096M) 1.632ms
[393.392s][info][gc,cpu         ] GC(153) User=0.01s Sys=0.00s Real=0.00s
[393.392s][info][gc,marking     ] GC(153) Concurrent Mark 48.308ms
[393.392s][info][gc,marking     ] GC(153) Concurrent Rebuild Remembered Sets and Scrub Regions
[393.418s][info][gc,marking     ] GC(153) Concurrent Rebuild Remembered Sets and Scrub Regions 26.170ms
[393.418s][info][gc,start       ] GC(153) Pause Cleanup
[393.418s][info][gc             ] GC(153) Pause Cleanup 410M->410M(4096M) 0.082ms
[393.418s][info][gc,cpu         ] GC(153) User=0.00s Sys=0.00s Real=0.00s
[393.418s][info][gc,marking     ] GC(153) Concurrent Clear Claimed Marks
[393.418s][info][gc,marking     ] GC(153) Concurrent Clear Claimed Marks 0.031ms
[393.418s][info][gc,marking     ] GC(153) Concurrent Cleanup for Next Mark
[393.423s][info][gc,marking     ] GC(153) Concurrent Cleanup for Next Mark 4.454ms
[393.423s][info][gc             ] GC(153) Concurrent Mark Cycle 88.135ms
) ... OK
   397s: 
   397s: Warmup for building throughput-responsetime curve
   397s: (10%)   IR =   1384 ...[400.486s][info][gc,start       ] GC(154) Pause Young (Prepare Mixed) (G1 Evacuation Pause)
[400.486s][info][gc,task        ] GC(154) Using 6 workers of 6 for evacuation
[400.969s][info][gc,mmu         ] GC(154) MMU target violated: 201.0ms (200.0ms/201.0ms)
[400.969s][info][gc,phases      ] GC(154)   Pre Evacuate Collection Set: 0.34ms
[400.969s][info][gc,phases      ] GC(154)   Merge Heap Roots: 0.56ms
[400.969s][info][gc,phases      ] GC(154)   Evacuate Collection Set: 480.59ms
[400.969s][info][gc,phases      ] GC(154)   Post Evacuate Collection Set: 1.28ms
[400.969s][info][gc,phases      ] GC(154)   Other: 0.12ms
[400.969s][info][gc,heap        ] GC(154) Eden regions: 1214->0(395)
[400.969s][info][gc,heap        ] GC(154) Survivor regions: 14->154(154)
[400.969s][info][gc,heap        ] GC(154) Old regions: 34->344
[400.969s][info][gc,heap        ] GC(154) Humongous regions: 163->155
[400.969s][info][gc,metaspace   ] GC(154) Metaspace: 28832K(29120K)->28832K(29120K) NonClass: 23948K(24064K)->23948K(24064K) Class: 4884K(5056K)->4884K(5056K)
[400.969s][info][gc             ] GC(154) Pause Young (Prepare Mixed) (G1 Evacuation Pause) 2844M->1299M(4096M) 482.978ms
[400.969s][info][gc,cpu         ] GC(154) User=2.85s Sys=0.00s Real=0.48s
...[403.942s][info][gc,start       ] GC(155) Pause Young (Mixed) (G1 Evacuation Pause)
[403.942s][info][gc,task        ] GC(155) Using 6 workers of 6 for evacuation
[404.139s][info][gc,phases      ] GC(155)   Pre Evacuate Collection Set: 0.36ms
[404.139s][info][gc,phases      ] GC(155)   Merge Heap Roots: 0.61ms
[404.139s][info][gc,phases      ] GC(155)   Evacuate Collection Set: 195.21ms
[404.139s][info][gc,phases      ] GC(155)   Post Evacuate Collection Set: 0.44ms
[404.139s][info][gc,phases      ] GC(155)   Other: 0.07ms
[404.139s][info][gc,heap        ] GC(155) Eden regions: 391->0(593)
[404.139s][info][gc,heap        ] GC(155) Survivor regions: 154->23(69)
[404.139s][info][gc,heap        ] GC(155) Old regions: 344->497
[404.139s][info][gc,heap        ] GC(155) Humongous regions: 155->155
[404.139s][info][gc,metaspace   ] GC(155) Metaspace: 28833K(29120K)->28833K(29120K) NonClass: 23949K(24064K)->23949K(24064K) Class: 4884K(5056K)->4884K(5056K)
[404.139s][info][gc             ] GC(155) Pause Young (Mixed) (G1 Evacuation Pause) 2081M->1343M(4096M) 196.838ms
[404.139s][info][gc,cpu         ] GC(155) User=1.17s Sys=0.00s Real=0.20s
.....[409.205s][info][gc,start       ] GC(156) Pause Young (Concurrent Start) (G1 Evacuation Pause)
[409.205s][info][gc,task        ] GC(156) Using 6 workers of 6 for evacuation
[409.259s][info][gc,phases      ] GC(156)   Pre Evacuate Collection Set: 0.43ms
[409.259s][info][gc,phases      ] GC(156)   Merge Heap Roots: 0.43ms
[409.259s][info][gc,phases      ] GC(156)   Evacuate Collection Set: 52.69ms
[409.259s][info][gc,phases      ] GC(156)   Post Evacuate Collection Set: 0.70ms
[409.259s][info][gc,phases      ] GC(156)   Other: 0.09ms
[409.259s][info][gc,heap        ] GC(156) Eden regions: 640->0(653)
[409.259s][info][gc,heap        ] GC(156) Survivor regions: 23->54(83)
[409.259s][info][gc,heap        ] GC(156) Old regions: 497->497
[409.259s][info][gc,heap        ] GC(156) Humongous regions: 155->155
[409.259s][info][gc,metaspace   ] GC(156) Metaspace: 28842K(29184K)->28842K(29184K) NonClass: 23958K(24128K)->23958K(24128K) Class: 4884K(5056K)->4884K(5056K)
[409.259s][info][gc             ] GC(156) Pause Young (Concurrent Start) (G1 Evacuation Pause) 2623M->1405M(4096M) 54.459ms
[409.259s][info][gc             ] GC(157) Concurrent Mark Cycle
[409.259s][info][gc,marking     ] GC(157) Concurrent Scan Root Regions
[409.259s][info][gc,cpu         ] GC(156) User=0.32s Sys=0.00s Real=0.05s
[409.312s][info][gc,marking     ] GC(157) Concurrent Scan Root Regions 52.859ms
[409.312s][info][gc,marking     ] GC(157) Concurrent Mark
[409.312s][info][gc,marking     ] GC(157) Concurrent Mark From Roots
[409.312s][info][gc,task        ] GC(157) Using 2 workers of 2 for marking
.[409.909s][info][gc,marking     ] GC(157) Concurrent Mark From Roots 596.679ms
[409.909s][info][gc,marking     ] GC(157) Concurrent Preclean
[409.909s][info][gc,marking     ] GC(157) Concurrent Preclean 0.040ms
[409.909s][info][gc,start       ] GC(157) Pause Remark
[409.913s][info][gc             ] GC(157) Pause Remark 1570M->1342M(4096M) 3.710ms
[409.913s][info][gc,cpu         ] GC(157) User=0.02s Sys=0.00s Real=0.00s
[409.913s][info][gc,marking     ] GC(157) Concurrent Mark 600.694ms
[409.913s][info][gc,marking     ] GC(157) Concurrent Rebuild Remembered Sets and Scrub Regions
[410.127s][info][gc,marking     ] GC(157) Concurrent Rebuild Remembered Sets and Scrub Regions 214.670ms
[410.128s][info][gc,start       ] GC(157) Pause Cleanup
[410.128s][info][gc             ] GC(157) Pause Cleanup 1395M->1395M(4096M) 0.102ms
[410.128s][info][gc,cpu         ] GC(157) User=0.00s Sys=0.00s Real=0.00s
[410.128s][info][gc,marking     ] GC(157) Concurrent Clear Claimed Marks
[410.128s][info][gc,marking     ] GC(157) Concurrent Clear Claimed Marks 0.028ms
[410.128s][info][gc,marking     ] GC(157) Concurrent Cleanup for Next Mark
[410.131s][info][gc,marking     ] GC(157) Concurrent Cleanup for Next Mark 3.496ms
[410.131s][info][gc             ] GC(157) Concurrent Mark Cycle 872.212ms
.....[414.763s][info][gc,start       ] GC(158) Pause Young (Prepare Mixed) (G1 Evacuation Pause)
[414.763s][info][gc,task        ] GC(158) Using 6 workers of 6 for evacuation
[414.837s][info][gc,phases      ] GC(158)   Pre Evacuate Collection Set: 0.36ms
[414.837s][info][gc,phases      ] GC(158)   Merge Heap Roots: 0.51ms
[414.837s][info][gc,phases      ] GC(158)   Evacuate Collection Set: 72.19ms
[414.837s][info][gc,phases      ] GC(158)   Post Evacuate Collection Set: 0.67ms
[414.837s][info][gc,phases      ] GC(158)   Other: 0.07ms
[414.837s][info][gc,heap        ] GC(158) Eden regions: 645->0(757)
[414.837s][info][gc,heap        ] GC(158) Survivor regions: 54->64(88)
[414.837s][info][gc,heap        ] GC(158) Old regions: 463->480
[414.837s][info][gc,heap        ] GC(158) Humongous regions: 75->75
[414.837s][info][gc,metaspace   ] GC(158) Metaspace: 28842K(29184K)->28842K(29184K) NonClass: 23958K(24128K)->23958K(24128K) Class: 4884K(5056K)->4884K(5056K)
[414.837s][info][gc             ] GC(158) Pause Young (Prepare Mixed) (G1 Evacuation Pause) 2467M->1232M(4096M) 73.942ms
[414.837s][info][gc,cpu         ] GC(158) User=0.43s Sys=0.00s Real=0.08s
.......[422.290s][info][gc,start       ] GC(159) Pause Young (Mixed) (G1 Evacuation Pause)
[422.290s][info][gc,task        ] GC(159) Using 6 workers of 6 for evacuation
[422.376s][info][gc,phases      ] GC(159)   Pre Evacuate Collection Set: 0.41ms
[422.376s][info][gc,phases      ] GC(159)   Merge Heap Roots: 0.40ms
[422.376s][info][gc,phases      ] GC(159)   Evacuate Collection Set: 84.55ms
[422.376s][info][gc,phases      ] GC(159)   Post Evacuate Collection Set: 0.79ms
[422.376s][info][gc,phases      ] GC(159)   Other: 0.09ms
[422.376s][info][gc,heap        ] GC(159) Eden regions: 880->0(957)
[422.376s][info][gc,heap        ] GC(159) Survivor regions: 64->74(118)
[422.376s][info][gc,heap        ] GC(159) Old regions: 480->499
[422.376s][info][gc,heap        ] GC(159) Humongous regions: 75->75
[422.376s][info][gc,metaspace   ] GC(159) Metaspace: 28842K(29184K)->28842K(29184K) NonClass: 23958K(24128K)->23958K(24128K) Class: 4884K(5056K)->4884K(5056K)
[422.377s][info][gc             ] GC(159) Pause Young (Mixed) (G1 Evacuation Pause) 2992M->1291M(4096M) 86.370ms
[422.377s][info][gc,cpu         ] GC(159) User=0.51s Sys=0.01s Real=0.09s
.........[431.198s][info][gc,start       ] GC(160) Pause Young (Mixed) (G1 Evacuation Pause)
[431.198s][info][gc,task        ] GC(160) Using 6 workers of 6 for evacuation
[431.297s][info][gc,phases      ] GC(160)   Pre Evacuate Collection Set: 0.39ms
[431.297s][info][gc,phases      ] GC(160)   Merge Heap Roots: 0.44ms
[431.297s][info][gc,phases      ] GC(160)   Evacuate Collection Set: 97.29ms
[431.297s][info][gc,phases      ] GC(160)   Post Evacuate Collection Set: 0.87ms
[431.297s][info][gc,phases      ] GC(160)   Other: 0.08ms
[431.297s][info][gc,heap        ] GC(160) Eden regions: 1032->0(1040)
[431.297s][info][gc,heap        ] GC(160) Survivor regions: 74->89(139)
[431.297s][info][gc,heap        ] GC(160) Old regions: 499->519
[431.297s][info][gc,heap        ] GC(160) Humongous regions: 77->77
[431.297s][info][gc,metaspace   ] GC(160) Metaspace: 28845K(29184K)->28845K(29184K) NonClass: 23961K(24128K)->23961K(24128K) Class: 4884K(5056K)->4884K(5056K)
[431.297s][info][gc             ] GC(160) Pause Young (Mixed) (G1 Evacuation Pause) 3359M->1364M(4096M) 99.201ms
[431.297s][info][gc,cpu         ] GC(160) User=0.59s Sys=0.00s Real=0.10s
..........[440.740s][info][gc,start       ] GC(161) Pause Young (Mixed) (G1 Evacuation Pause)
[440.740s][info][gc,task        ] GC(161) Using 6 workers of 6 for evacuation
[440.852s][info][gc,phases      ] GC(161)   Pre Evacuate Collection Set: 0.36ms
[440.852s][info][gc,phases      ] GC(161)   Merge Heap Roots: 0.39ms
[440.852s][info][gc,phases      ] GC(161)   Evacuate Collection Set: 109.93ms
[440.852s][info][gc,phases      ] GC(161)   Merge Optional Heap Roots: 0.04ms
[440.852s][info][gc,phases      ] GC(161)   Evacuate Optional Collection Set: 0.50ms
[440.852s][info][gc,phases      ] GC(161)   Post Evacuate Collection Set: 0.98ms
[440.852s][info][gc,phases      ] GC(161)   Other: 0.08ms
[440.852s][info][gc,heap        ] GC(161) Eden regions: 1071->0(1075)
[440.852s][info][gc,heap        ] GC(161) Survivor regions: 89->98(145)
[440.852s][info][gc,heap        ] GC(161) Old regions: 519->536
[440.852s][info][gc,heap        ] GC(161) Humongous regions: 77->77
[440.852s][info][gc,metaspace   ] GC(161) Metaspace: 28848K(29184K)->28848K(29184K) NonClass: 23964K(24128K)->23964K(24128K) Class: 4884K(5056K)->4884K(5056K)
[440.852s][info][gc             ] GC(161) Pause Young (Mixed) (G1 Evacuation Pause) 3506M->1420M(4096M) 112.418ms
[440.852s][info][gc,cpu         ] GC(161) User=0.67s Sys=0.00s Real=0.11s
..........[451.499s][info][gc,start       ] GC(162) Pause Young (Mixed) (G1 Evacuation Pause)
[451.499s][info][gc,task        ] GC(162) Using 6 workers of 6 for evacuation
[451.615s][info][gc,phases      ] GC(162)   Pre Evacuate Collection Set: 0.38ms
[451.615s][info][gc,phases      ] GC(162)   Merge Heap Roots: 0.49ms
[451.615s][info][gc,phases      ] GC(162)   Evacuate Collection Set: 114.34ms
[451.615s][info][gc,phases      ] GC(162)   Post Evacuate Collection Set: 0.99ms
[451.615s][info][gc,phases      ] GC(162)   Other: 0.10ms
[451.615s][info][gc,heap        ] GC(162) Eden regions: 1075->0(1051)
[451.615s][info][gc,heap        ] GC(162) Survivor regions: 98->102(147)
[451.615s][info][gc,heap        ] GC(162) Old regions: 536->560
[451.615s][info][gc,heap        ] GC(162) Humongous regions: 77->77
[451.615s][info][gc,metaspace   ] GC(162) Metaspace: 28851K(29184K)->28851K(29184K) NonClass: 23966K(24128K)->23966K(24128K) Class: 4884K(5056K)->4884K(5056K)
[451.615s][info][gc             ] GC(162) Pause Young (Mixed) (G1 Evacuation Pause) 3570M->1476M(4096M) 116.438ms
[451.615s][info][gc,cpu         ] GC(162) User=0.69s Sys=0.00s Real=0.12s
............[463.324s][info][gc,start       ] GC(163) Pause Young (Concurrent Start) (G1 Evacuation Pause)
[463.324s][info][gc,task        ] GC(163) Using 6 workers of 6 for evacuation
[463.445s][info][gc,phases      ] GC(163)   Pre Evacuate Collection Set: 0.42ms
[463.445s][info][gc,phases      ] GC(163)   Merge Heap Roots: 0.39ms
[463.445s][info][gc,phases      ] GC(163)   Evacuate Collection Set: 118.59ms
[463.445s][info][gc,phases      ] GC(163)   Post Evacuate Collection Set: 0.91ms
[463.445s][info][gc,phases      ] GC(163)   Other: 0.12ms
[463.445s][info][gc,heap        ] GC(163) Eden regions: 1073->0(1052)
[463.445s][info][gc,heap        ] GC(163) Survivor regions: 102->107(147)
[463.445s][info][gc,heap        ] GC(163) Old regions: 560->596
[463.445s][info][gc,heap        ] GC(163) Humongous regions: 77->77
[463.445s][info][gc,metaspace   ] GC(163) Metaspace: 28856K(29184K)->28856K(29184K) NonClass: 23972K(24128K)->23972K(24128K) Class: 4884K(5056K)->4884K(5056K)
[463.445s][info][gc             ] GC(163) Pause Young (Concurrent Start) (G1 Evacuation Pause) 3622M->1558M(4096M) 120.560ms
[463.445s][info][gc             ] GC(164) Concurrent Mark Cycle
[463.445s][info][gc,marking     ] GC(164) Concurrent Scan Root Regions
[463.445s][info][gc,cpu         ] GC(163) User=0.71s Sys=0.00s Real=0.12s
[463.570s][info][gc,marking     ] GC(164) Concurrent Scan Root Regions 124.825ms
[463.570s][info][gc,marking     ] GC(164) Concurrent Mark
[463.570s][info][gc,marking     ] GC(164) Concurrent Mark From Roots
[463.570s][info][gc,task        ] GC(164) Using 2 workers of 2 for marking
.[464.074s][info][gc,marking     ] GC(164) Concurrent Mark From Roots 504.227ms
[464.074s][info][gc,marking     ] GC(164) Concurrent Preclean
[464.074s][info][gc,marking     ] GC(164) Concurrent Preclean 0.045ms
[464.074s][info][gc,start       ] GC(164) Pause Remark
[464.077s][info][gc             ] GC(164) Pause Remark 1704M->1704M(4096M) 3.074ms
[464.077s][info][gc,cpu         ] GC(164) User=0.02s Sys=0.00s Real=0.00s
[464.077s][info][gc,marking     ] GC(164) Concurrent Mark 507.580ms
[464.077s][info][gc,marking     ] GC(164) Concurrent Rebuild Remembered Sets and Scrub Regions
[464.268s][info][gc,marking     ] GC(164) Concurrent Rebuild Remembered Sets and Scrub Regions 190.397ms
[464.268s][info][gc,start       ] GC(164) Pause Cleanup
[464.268s][info][gc             ] GC(164) Pause Cleanup 1729M->1729M(4096M) 0.178ms
[464.268s][info][gc,cpu         ] GC(164) User=0.00s Sys=0.00s Real=0.00s
[464.268s][info][gc,marking     ] GC(164) Concurrent Clear Claimed Marks
[464.268s][info][gc,marking     ] GC(164) Concurrent Clear Claimed Marks 0.032ms
[464.268s][info][gc,marking     ] GC(164) Concurrent Cleanup for Next Mark
[464.272s][info][gc,marking     ] GC(164) Concurrent Cleanup for Next Mark 4.490ms
[464.273s][info][gc             ] GC(164) Concurrent Mark Cycle 827.840ms
...........[475.474s][info][gc,start       ] GC(165) Pause Young (Prepare Mixed) (G1 Evacuation Pause)
[475.474s][info][gc,task        ] GC(165) Using 6 workers of 6 for evacuation
[475.590s][info][gc,phases      ] GC(165)   Pre Evacuate Collection Set: 0.37ms
[475.591s][info][gc,phases      ] GC(165)   Merge Heap Roots: 0.48ms
[475.591s][info][gc,phases      ] GC(165)   Evacuate Collection Set: 114.38ms
[475.591s][info][gc,phases      ] GC(165)   Post Evacuate Collection Set: 0.96ms
[475.591s][info][gc,phases      ] GC(165)   Other: 0.11ms
[475.591s][info][gc,heap        ] GC(165) Eden regions: 1052->0(1026)
[475.591s][info][gc,heap        ] GC(165) Survivor regions: 107->106(145)
[475.591s][info][gc,heap        ] GC(165) Old regions: 596->630
[475.591s][info][gc,heap        ] GC(165) Humongous regions: 77->77
[475.591s][info][gc,metaspace   ] GC(165) Metaspace: 28858K(29184K)->28858K(29184K) NonClass: 23974K(24128K)->23974K(24128K) Class: 4884K(5056K)->4884K(5056K)
[475.591s][info][gc             ] GC(165) Pause Young (Prepare Mixed) (G1 Evacuation Pause) 3662M->1623M(4096M) 116.466ms
[475.591s][info][gc,cpu         ] GC(165) User=0.69s Sys=0.00s Real=0.11s
............[487.522s][info][gc,start       ] GC(166) Pause Young (Mixed) (G1 Evacuation Pause)
[487.522s][info][gc,task        ] GC(166) Using 6 workers of 6 for evacuation
[487.651s][info][gc,phases      ] GC(166)   Pre Evacuate Collection Set: 0.43ms
[487.651s][info][gc,phases      ] GC(166)   Merge Heap Roots: 0.55ms
[487.651s][info][gc,phases      ] GC(166)   Evacuate Collection Set: 126.50ms
[487.651s][info][gc,phases      ] GC(166)   Post Evacuate Collection Set: 1.01ms
[487.651s][info][gc,phases      ] GC(166)   Other: 0.09ms
[487.651s][info][gc,heap        ] GC(166) Eden regions: 1026->0(1124)
[487.651s][info][gc,heap        ] GC(166) Survivor regions: 106->104(142)
[487.651s][info][gc,heap        ] GC(166) Old regions: 630->478
[487.651s][info][gc,heap        ] GC(166) Humongous regions: 77->77
[487.651s][info][gc,metaspace   ] GC(166) Metaspace: 28858K(29184K)->28858K(29184K) NonClass: 23974K(24128K)->23974K(24128K) Class: 4884K(5056K)->4884K(5056K)
[487.651s][info][gc             ] GC(166) Pause Young (Mixed) (G1 Evacuation Pause) 3675M->1316M(4096M) 128.724ms
[487.651s][info][gc,cpu         ] GC(166) User=0.76s Sys=0.00s Real=0.13s
..............[500.787s][info][gc,start       ] GC(167) Pause Young (Mixed) (G1 Evacuation Pause)
[500.787s][info][gc,task        ] GC(167) Using 6 workers of 6 for evacuation
[500.908s][info][gc,phases      ] GC(167)   Pre Evacuate Collection Set: 0.35ms
[500.908s][info][gc,phases      ] GC(167)   Merge Heap Roots: 0.53ms
[500.908s][info][gc,phases      ] GC(167)   Evacuate Collection Set: 118.73ms
[500.908s][info][gc,phases      ] GC(167)   Post Evacuate Collection Set: 0.93ms
[500.908s][info][gc,phases      ] GC(167)   Other: 0.09ms
[500.908s][info][gc,heap        ] GC(167) Eden regions: 1124->0(1122)
[500.908s][info][gc,heap        ] GC(167) Survivor regions: 104->106(154)
[500.908s][info][gc,heap        ] GC(167) Old regions: 478->493
[500.908s][info][gc,heap        ] GC(167) Humongous regions: 77->77
[500.908s][info][gc,metaspace   ] GC(167) Metaspace: 28859K(29184K)->28859K(29184K) NonClass: 23975K(24128K)->23975K(24128K) Class: 4884K(5056K)->4884K(5056K)
[500.908s][info][gc             ] GC(167) Pause Young (Mixed) (G1 Evacuation Pause) 3564M->1351M(4096M) 120.754ms
[500.908s][info][gc,cpu         ] GC(167) User=0.72s Sys=0.00s Real=0.12s
.............[514.246s][info][gc,start       ] GC(168) Pause Young (Concurrent Start) (G1 Evacuation Pause)
[514.247s][info][gc,task        ] GC(168) Using 6 workers of 6 for evacuation
[514.365s][info][gc,phases      ] GC(168)   Pre Evacuate Collection Set: 0.45ms
[514.365s][info][gc,phases      ] GC(168)   Merge Heap Roots: 0.46ms
[514.365s][info][gc,phases      ] GC(168)   Evacuate Collection Set: 116.55ms
[514.365s][info][gc,phases      ] GC(168)   Post Evacuate Collection Set: 0.95ms
[514.365s][info][gc,phases      ] GC(168)   Other: 0.09ms
[514.365s][info][gc,heap        ] GC(168) Eden regions: 1122->0(1118)
[514.365s][info][gc,heap        ] GC(168) Survivor regions: 106->110(154)
[514.365s][info][gc,heap        ] GC(168) Old regions: 493->524
[514.365s][info][gc,heap        ] GC(168) Humongous regions: 77->77
[514.365s][info][gc,metaspace   ] GC(168) Metaspace: 28860K(29184K)->28860K(29184K) NonClass: 23975K(24128K)->23975K(24128K) Class: 4884K(5056K)->4884K(5056K)
[514.365s][info][gc             ] GC(168) Pause Young (Concurrent Start) (G1 Evacuation Pause) 3595M->1421M(4096M) 118.656ms
[514.365s][info][gc             ] GC(169) Concurrent Mark Cycle
[514.365s][info][gc,marking     ] GC(169) Concurrent Scan Root Regions
[514.365s][info][gc,cpu         ] GC(168) User=0.70s Sys=0.00s Real=0.12s
[514.479s][info][gc,marking     ] GC(169) Concurrent Scan Root Regions 113.287ms
[514.479s][info][gc,marking     ] GC(169) Concurrent Mark
[514.479s][info][gc,marking     ] GC(169) Concurrent Mark From Roots
[514.479s][info][gc,task        ] GC(169) Using 2 workers of 2 for marking
.[514.991s][info][gc,marking     ] GC(169) Concurrent Mark From Roots 512.890ms
[514.991s][info][gc,marking     ] GC(169) Concurrent Preclean
[514.992s][info][gc,marking     ] GC(169) Concurrent Preclean 0.036ms
[514.992s][info][gc,start       ] GC(169) Pause Remark
[514.994s][info][gc             ] GC(169) Pause Remark 1559M->1559M(4096M) 2.576ms
[514.994s][info][gc,cpu         ] GC(169) User=0.01s Sys=0.00s Real=0.01s
[514.994s][info][gc,marking     ] GC(169) Concurrent Mark 515.754ms
[514.994s][info][gc,marking     ] GC(169) Concurrent Rebuild Remembered Sets and Scrub Regions
[515.198s][info][gc,marking     ] GC(169) Concurrent Rebuild Remembered Sets and Scrub Regions 203.797ms
[515.198s][info][gc,start       ] GC(169) Pause Cleanup
[515.198s][info][gc             ] GC(169) Pause Cleanup 1593M->1593M(4096M) 0.148ms
[515.198s][info][gc,cpu         ] GC(169) User=0.00s Sys=0.00s Real=0.00s
[515.198s][info][gc,marking     ] GC(169) Concurrent Clear Claimed Marks
[515.198s][info][gc,marking     ] GC(169) Concurrent Clear Claimed Marks 0.027ms
[515.198s][info][gc,marking     ] GC(169) Concurrent Cleanup for Next Mark
[515.202s][info][gc,marking     ] GC(169) Concurrent Cleanup for Next Mark 3.176ms
[515.202s][info][gc             ] GC(169) Concurrent Mark Cycle 836.492ms
............[527.482s][info][gc,start       ] GC(170) Pause Young (Prepare Mixed) (G1 Evacuation Pause)
[527.482s][info][gc,task        ] GC(170) Using 6 workers of 6 for evacuation
[527.601s][info][gc,phases      ] GC(170)   Pre Evacuate Collection Set: 0.37ms
[527.601s][info][gc,phases      ] GC(170)   Merge Heap Roots: 0.51ms
[527.601s][info][gc,phases      ] GC(170)   Evacuate Collection Set: 116.21ms
[527.601s][info][gc,phases      ] GC(170)   Post Evacuate Collection Set: 1.00ms
[527.601s][info][gc,phases      ] GC(170)   Other: 0.09ms
[527.601s][info][gc,heap        ] GC(170) Eden regions: 1118->0(1092)
[527.601s][info][gc,heap        ] GC(170) Survivor regions: 110->109(154)
[527.601s][info][gc,heap        ] GC(170) Old regions: 524->558
[527.601s][info][gc,heap        ] GC(170) Humongous regions: 77->77
[527.601s][info][gc,metaspace   ] GC(170) Metaspace: 28860K(29184K)->28860K(29184K) NonClass: 23975K(24128K)->23975K(24128K) Class: 4884K(5056K)->4884K(5056K)
[527.601s][info][gc             ] GC(170) Pause Young (Prepare Mixed) (G1 Evacuation Pause) 3657M->1486M(4096M) 118.303ms
[527.601s][info][gc,cpu         ] GC(170) User=0.70s Sys=0.00s Real=0.12s
.............[540.456s][info][gc,start       ] GC(171) Pause Young (Mixed) (G1 Evacuation Pause)
[540.456s][info][gc,task        ] GC(171) Using 6 workers of 6 for evacuation
[540.597s][info][gc,phases      ] GC(171)   Pre Evacuate Collection Set: 0.44ms
[540.597s][info][gc,phases      ] GC(171)   Merge Heap Roots: 0.71ms
[540.597s][info][gc,phases      ] GC(171)   Evacuate Collection Set: 139.57ms
[540.597s][info][gc,phases      ] GC(171)   Post Evacuate Collection Set: 0.98ms
[540.597s][info][gc,phases      ] GC(171)   Other: 0.10ms
[540.597s][info][gc,heap        ] GC(171) Eden regions: 1092->0(1121)
[540.597s][info][gc,heap        ] GC(171) Survivor regions: 109->107(151)
[540.597s][info][gc,heap        ] GC(171) Old regions: 558->465
[540.597s][info][gc,heap        ] GC(171) Humongous regions: 77->77
[540.597s][info][gc,metaspace   ] GC(171) Metaspace: 28863K(29184K)->28863K(29184K) NonClass: 23979K(24128K)->23979K(24128K) Class: 4884K(5056K)->4884K(5056K)
[540.597s][info][gc             ] GC(171) Pause Young (Mixed) (G1 Evacuation Pause) 3670M->1297M(4096M) 141.941ms
[540.598s][info][gc,cpu         ] GC(171) User=0.84s Sys=0.00s Real=0.14s
..............[554.014s][info][gc,start       ] GC(172) Pause Young (Concurrent Start) (G1 Evacuation Pause)
[554.014s][info][gc,task        ] GC(172) Using 6 workers of 6 for evacuation
[554.130s][info][gc,phases      ] GC(172)   Pre Evacuate Collection Set: 0.46ms
[554.130s][info][gc,phases      ] GC(172)   Merge Heap Roots: 0.48ms
[554.130s][info][gc,phases      ] GC(172)   Evacuate Collection Set: 114.34ms
[554.130s][info][gc,phases      ] GC(172)   Post Evacuate Collection Set: 0.89ms
[554.130s][info][gc,phases      ] GC(172)   Other: 0.12ms
[554.130s][info][gc,heap        ] GC(172) Eden regions: 1121->0(1120)
[554.130s][info][gc,heap        ] GC(172) Survivor regions: 107->108(154)
[554.130s][info][gc,heap        ] GC(172) Old regions: 465->498
[554.130s][info][gc,heap        ] GC(172) Humongous regions: 77->77
[554.130s][info][gc,metaspace   ] GC(172) Metaspace: 28864K(29184K)->28864K(29184K) NonClass: 23980K(24128K)->23980K(24128K) Class: 4884K(5056K)->4884K(5056K)
[554.130s][info][gc             ] GC(172) Pause Young (Concurrent Start) (G1 Evacuation Pause) 3539M->1363M(4096M) 116.425ms
[554.130s][info][gc             ] GC(173) Concurrent Mark Cycle
[554.130s][info][gc,marking     ] GC(173) Concurrent Scan Root Regions
[554.130s][info][gc,cpu         ] GC(172) User=0.69s Sys=0.00s Real=0.11s
[554.245s][info][gc,marking     ] GC(173) Concurrent Scan Root Regions 115.047ms
[554.245s][info][gc,marking     ] GC(173) Concurrent Mark
[554.245s][info][gc,marking     ] GC(173) Concurrent Mark From Roots
[554.245s][info][gc,task        ] GC(173) Using 2 workers of 2 for marking
.[554.779s][info][gc,marking     ] GC(173) Concurrent Mark From Roots 533.688ms
[554.779s][info][gc,marking     ] GC(173) Concurrent Preclean
[554.779s][info][gc,marking     ] GC(173) Concurrent Preclean 0.035ms
[554.779s][info][gc,start       ] GC(173) Pause Remark
[554.782s][info][gc             ] GC(173) Pause Remark 1493M->1493M(4096M) 2.453ms
[554.782s][info][gc,cpu         ] GC(173) User=0.01s Sys=0.00s Real=0.00s
[554.782s][info][gc,marking     ] GC(173) Concurrent Mark 536.436ms
[554.782s][info][gc,marking     ] GC(173) Concurrent Rebuild Remembered Sets and Scrub Regions
[554.987s][info][gc,marking     ] GC(173) Concurrent Rebuild Remembered Sets and Scrub Regions 205.318ms
[554.987s][info][gc,start       ] GC(173) Pause Cleanup
[554.988s][info][gc             ] GC(173) Pause Cleanup 1537M->1537M(4096M) 0.127ms
[554.988s][info][gc,cpu         ] GC(173) User=0.00s Sys=0.00s Real=0.00s
[554.988s][info][gc,marking     ] GC(173) Concurrent Clear Claimed Marks
[554.988s][info][gc,marking     ] GC(173) Concurrent Clear Claimed Marks 0.029ms
[554.988s][info][gc,marking     ] GC(173) Concurrent Cleanup for Next Mark
[554.991s][info][gc,marking     ] GC(173) Concurrent Cleanup for Next Mark 3.175ms
[554.991s][info][gc             ] GC(173) Concurrent Mark Cycle 860.464ms
............[567.507s][info][gc,start       ] GC(174) Pause Young (Prepare Mixed) (G1 Evacuation Pause)
[567.507s][info][gc,task        ] GC(174) Using 6 workers of 6 for evacuation
[567.625s][info][gc,phases      ] GC(174)   Pre Evacuate Collection Set: 0.39ms
[567.625s][info][gc,phases      ] GC(174)   Merge Heap Roots: 0.54ms
[567.625s][info][gc,phases      ] GC(174)   Evacuate Collection Set: 115.32ms
[567.625s][info][gc,phases      ] GC(174)   Post Evacuate Collection Set: 0.94ms
[567.625s][info][gc,phases      ] GC(174)   Other: 0.08ms
[567.625s][info][gc,heap        ] GC(174) Eden regions: 1120->0(1120)
[567.625s][info][gc,heap        ] GC(174) Survivor regions: 108->108(154)
[567.625s][info][gc,heap        ] GC(174) Old regions: 498->530
[567.625s][info][gc,heap        ] GC(174) Humongous regions: 77->77
[567.625s][info][gc,metaspace   ] GC(174) Metaspace: 28874K(29184K)->28874K(29184K) NonClass: 23990K(24128K)->23990K(24128K) Class: 4884K(5056K)->4884K(5056K)
[567.625s][info][gc             ] GC(174) Pause Young (Prepare Mixed) (G1 Evacuation Pause) 3603M->1428M(4096M) 117.417ms
[567.625s][info][gc,cpu         ] GC(174) User=0.70s Sys=0.00s Real=0.12s
........... (rIR:aIR:PR = 1384:1384:1384) (tPR = 21213) [OK] 
   577s: 
   577s: Building throughput-responsetime curve
   577s: ( 0%)   IR =      0 ...|............................................................ (rIR:aIR:PR = 0:0:0) (tPR = 0) [OK] 
   640s: Performance info:
         Transaction,    Success,    Partial,     Failed,   Receipts, AvgBarcode, 
         Response times:
             Request,    Success,    Partial,     Failed,   SkipFail,     Probes,    Samples,      min,      p50,      p90,      p95,      p99,      max, 

   640s: ( 1%)   IR =    138 ....|...........................[672.259s][info][gc,start       ] GC(175) Pause Young (Mixed) (G1 Evacuation Pause)
[672.259s][info][gc,task        ] GC(175) Using 6 workers of 6 for evacuation
[672.384s][info][gc,phases      ] GC(175)   Pre Evacuate Collection Set: 0.40ms
[672.384s][info][gc,phases      ] GC(175)   Merge Heap Roots: 0.63ms
[672.384s][info][gc,phases      ] GC(175)   Evacuate Collection Set: 123.49ms
[672.384s][info][gc,phases      ] GC(175)   Post Evacuate Collection Set: 0.99ms
[672.384s][info][gc,phases      ] GC(175)   Other: 0.10ms
[672.384s][info][gc,heap        ] GC(175) Eden regions: 1120->0(1120)
[672.384s][info][gc,heap        ] GC(175) Survivor regions: 108->108(154)
[672.384s][info][gc,heap        ] GC(175) Old regions: 530->467
[672.384s][info][gc,heap        ] GC(175) Humongous regions: 77->77
[672.384s][info][gc,metaspace   ] GC(175) Metaspace: 28877K(29184K)->28877K(29184K) NonClass: 23992K(24128K)->23992K(24128K) Class: 4884K(5056K)->4884K(5056K)
[672.384s][info][gc             ] GC(175) Pause Young (Mixed) (G1 Evacuation Pause) 3668M->1301M(4096M) 125.767ms
[672.384s][info][gc,cpu         ] GC(175) User=0.74s Sys=0.00s Real=0.13s
................................. (rIR:aIR:PR = 138:138:138) (tPR = 2102) [OK] 
   704s: Performance info:
         Transaction,    Success,    Partial,     Failed,   Receipts, AvgBarcode, 
             Overall,       8289,          0,          0,       7867,      59.43, 
         Response times:
             Request,    Success,    Partial,     Failed,   SkipFail,     Probes,    Samples,      min,      p50,      p90,      p95,      p99,      max, 
       TotalPurchase,       7867,          0,          0,          0,       7219,       8251,      300,      400,      500,      600,      800,   128000,
     InStorePurchase,       4135,          0,          0,          0,       3819,       4313,      300,      400,      500,      600,      800,     1100,
      OnlinePurchase,       2904,          0,          0,          0,       2710,       3084,      300,      400,      600,      700,      815,   128000,
        InstPurchase,        828,          0,          0,          0,        690,        854,      300,      500,      600,      700,      900,   127000,
          AssocOfCat,          9,          0,          0,          0,          8,          8,    17800,    21500,    25000,    25000,    25000,    25000,
      AssocOfProduct,         84,          0,          0,          0,         83,         89,      400,      600,      700,      800,      800,      800,
      BusinessReport,         22,          0,          0,          0,         18,         22,    18700,    24000,    28000,    28000,    28000,    28000,
          CustBuyBeh,         85,          0,          0,          0,         83,         88,      200,      300,      400,      500,      700,      700,
       ProductReturn,        222,          0,          0,          0,        154,        223,      200,      300,      300,      400,      500,      600,

   704s: ( 2%)   IR =    277 ....|..............................................[755.496s][info][gc,start       ] GC(176) Pause Young (Concurrent Start) (G1 Evacuation Pause)
[755.496s][info][gc,task        ] GC(176) Using 6 workers of 6 for evacuation
[755.613s][info][gc,phases      ] GC(176)   Pre Evacuate Collection Set: 0.42ms
[755.613s][info][gc,phases      ] GC(176)   Merge Heap Roots: 0.53ms
[755.613s][info][gc,phases      ] GC(176)   Evacuate Collection Set: 115.21ms
[755.613s][info][gc,phases      ] GC(176)   Post Evacuate Collection Set: 0.90ms
[755.613s][info][gc,phases      ] GC(176)   Other: 0.16ms
[755.613s][info][gc,heap        ] GC(176) Eden regions: 1120->0(1120)
[755.613s][info][gc,heap        ] GC(176) Survivor regions: 108->108(154)
[755.613s][info][gc,heap        ] GC(176) Old regions: 467->499
[755.613s][info][gc,heap        ] GC(176) Humongous regions: 77->77
[755.613s][info][gc,metaspace   ] GC(176) Metaspace: 28879K(29184K)->28879K(29184K) NonClass: 23995K(24128K)->23995K(24128K) Class: 4884K(5056K)->4884K(5056K)
[755.613s][info][gc             ] GC(176) Pause Young (Concurrent Start) (G1 Evacuation Pause) 3541M->1367M(4096M) 117.369ms
[755.613s][info][gc             ] GC(177) Concurrent Mark Cycle
[755.613s][info][gc,marking     ] GC(177) Concurrent Scan Root Regions
[755.613s][info][gc,cpu         ] GC(176) User=0.70s Sys=0.00s Real=0.11s
[755.720s][info][gc,marking     ] GC(177) Concurrent Scan Root Regions 106.599ms
[755.720s][info][gc,marking     ] GC(177) Concurrent Mark
[755.720s][info][gc,marking     ] GC(177) Concurrent Mark From Roots
[755.720s][info][gc,task        ] GC(177) Using 2 workers of 2 for marking
.[756.197s][info][gc,marking     ] GC(177) Concurrent Mark From Roots 477.770ms
[756.197s][info][gc,marking     ] GC(177) Concurrent Preclean
[756.197s][info][gc,marking     ] GC(177) Concurrent Preclean 0.043ms
[756.198s][info][gc,start       ] GC(177) Pause Remark
[756.200s][info][gc             ] GC(177) Pause Remark 1397M->1397M(4096M) 2.329ms
[756.200s][info][gc,cpu         ] GC(177) User=0.01s Sys=0.00s Real=0.00s
[756.200s][info][gc,marking     ] GC(177) Concurrent Mark 480.406ms
[756.200s][info][gc,marking     ] GC(177) Concurrent Rebuild Remembered Sets and Scrub Regions
[756.389s][info][gc,marking     ] GC(177) Concurrent Rebuild Remembered Sets and Scrub Regions 188.707ms
[756.389s][info][gc,start       ] GC(177) Pause Cleanup
[756.389s][info][gc             ] GC(177) Pause Cleanup 1399M->1399M(4096M) 0.126ms
[756.389s][info][gc,cpu         ] GC(177) User=0.00s Sys=0.00s Real=0.00s
[756.389s][info][gc,marking     ] GC(177) Concurrent Clear Claimed Marks
[756.389s][info][gc,marking     ] GC(177) Concurrent Clear Claimed Marks 0.033ms
[756.389s][info][gc,marking     ] GC(177) Concurrent Cleanup for Next Mark
[756.392s][info][gc,marking     ] GC(177) Concurrent Cleanup for Next Mark 3.214ms
[756.392s][info][gc             ] GC(177) Concurrent Mark Cycle 779.471ms
............. (rIR:aIR:PR = 277:277:277) (tPR = 4239) [OK] 
   768s: Performance info:
         Transaction,    Success,    Partial,     Failed,   Receipts, AvgBarcode, 
             Overall,      16640,          0,          0,      15811,      59.49, 
         Response times:
             Request,    Success,    Partial,     Failed,   SkipFail,     Probes,    Samples,      min,      p50,      p90,      p95,      p99,      max, 
       TotalPurchase,      15811,          0,          0,          0,      14866,      16519,      300,      500,      800,      900,     1100,   119000,
     InStorePurchase,       8320,          0,          0,          0,       7913,       8748,      300,      500,      800,      900,     1100,   119000,
      OnlinePurchase,       5829,          0,          0,          0,       5491,       6072,      300,      500,      800,      900,     1000,   119000,
        InstPurchase,       1662,          0,          0,          0,       1462,       1699,      400,      600,      800,      900,     1200,     4300,
          AssocOfCat,         17,          0,          0,          0,         16,         16,    18400,    22000,    28900,    38000,    38000,    38000,
      AssocOfProduct,        168,          0,          0,          0,        122,        173,      300,      700,      900,     1000,     2158,     4600,
      BusinessReport,         43,          0,          0,          0,         40,         44,    19200,    24000,    29000,    29000,    29000,    29000,
          CustBuyBeh,        165,          0,          0,          0,        117,        168,      200,      450,      700,      700,      931,     1000,
       ProductReturn,        436,          0,          0,          0,        349,        466,      200,      300,      600,      600,      933,     1900,

   768s: ( 3%)   IR =    415 ....|...............................[804.810s][info][gc,start       ] GC(178) Pause Young (Prepare Mixed) (G1 Evacuation Pause)
[804.810s][info][gc,task        ] GC(178) Using 6 workers of 6 for evacuation
[804.927s][info][gc,phases      ] GC(178)   Pre Evacuate Collection Set: 0.37ms
[804.927s][info][gc,phases      ] GC(178)   Merge Heap Roots: 0.59ms
[804.927s][info][gc,phases      ] GC(178)   Evacuate Collection Set: 115.42ms
[804.927s][info][gc,phases      ] GC(178)   Post Evacuate Collection Set: 0.96ms
[804.927s][info][gc,phases      ] GC(178)   Other: 0.10ms
[804.927s][info][gc,heap        ] GC(178) Eden regions: 1120->0(1121)
[804.927s][info][gc,heap        ] GC(178) Survivor regions: 108->107(154)
[804.927s][info][gc,heap        ] GC(178) Old regions: 499->532
[804.927s][info][gc,heap        ] GC(178) Humongous regions: 77->77
[804.927s][info][gc,metaspace   ] GC(178) Metaspace: 28883K(29184K)->28883K(29184K) NonClass: 23999K(24128K)->23999K(24128K) Class: 4884K(5056K)->4884K(5056K)
[804.927s][info][gc             ] GC(178) Pause Young (Prepare Mixed) (G1 Evacuation Pause) 3607M->1431M(4096M) 117.578ms
[804.927s][info][gc,cpu         ] GC(178) User=0.70s Sys=0.00s Real=0.12s
............................. (rIR:aIR:PR = 415:415:415) (tPR = 6224) [OK] 
   832s: Performance info:
         Transaction,    Success,    Partial,     Failed,   Receipts, AvgBarcode, 
             Overall,      24942,          0,          0,      23696,      59.49, 
         Response times:
             Request,    Success,    Partial,     Failed,   SkipFail,     Probes,    Samples,      min,      p50,      p90,      p95,      p99,      max, 
       TotalPurchase,      23696,          0,          0,          0,      22643,      24812,      300,      600,      900,     1000,     1200,   120000,
     InStorePurchase,      12484,          0,          0,          0,      12047,      13077,      300,      600,      900,     1000,     1200,   120000,
      OnlinePurchase,       8719,          0,          0,          0,       8327,       9138,      300,      700,     1000,     1100,     1300,   120000,
        InstPurchase,       2493,          0,          0,          0,       2269,       2597,      400,      700,     1000,     1100,     1300,     1800,
          AssocOfCat,         26,          0,          0,          0,         25,         26,    17800,    22500,    29200,    32650,    33000,    33000,
      AssocOfProduct,        247,          0,          0,          0,        196,        266,      400,      900,     1200,     1300,     1533,     2100,
      BusinessReport,         62,          0,          0,          0,         61,         65,    18600,    24000,    29400,    30700,    38000,    38000,
          CustBuyBeh,        250,          0,          0,          0,        187,        251,      200,      500,      800,      900,     1048,     1300,
       ProductReturn,        661,          0,          0,          0,        536,        656,      200,      500,      700,      800,      943,     1000,

   832s: ( 4%)   IR =    553 ....|........[845.711s][info][gc,start       ] GC(179) Pause Young (Mixed) (G1 Evacuation Pause)
[845.711s][info][gc,task        ] GC(179) Using 6 workers of 6 for evacuation
[845.841s][info][gc,phases      ] GC(179)   Pre Evacuate Collection Set: 0.39ms
[845.841s][info][gc,phases      ] GC(179)   Merge Heap Roots: 0.62ms
[845.841s][info][gc,phases      ] GC(179)   Evacuate Collection Set: 126.95ms
[845.841s][info][gc,phases      ] GC(179)   Post Evacuate Collection Set: 0.99ms
[845.841s][info][gc,phases      ] GC(179)   Other: 0.11ms
[845.841s][info][gc,heap        ] GC(179) Eden regions: 1121->0(1121)
[845.841s][info][gc,heap        ] GC(179) Survivor regions: 107->107(154)
[845.841s][info][gc,heap        ] GC(179) Old regions: 532->466
[845.841s][info][gc,heap        ] GC(179) Humongous regions: 77->77
[845.841s][info][gc,metaspace   ] GC(179) Metaspace: 28884K(29184K)->28884K(29184K) NonClass: 23999K(24128K)->23999K(24128K) Class: 4884K(5056K)->4884K(5056K)
[845.841s][info][gc             ] GC(179) Pause Young (Mixed) (G1 Evacuation Pause) 3673M->1298M(4096M) 129.209ms
[845.841s][info][gc,cpu         ] GC(179) User=0.76s Sys=0.01s Real=0.13s
..................................[879.819s][info][gc,start       ] GC(180) Pause Young (Concurrent Start) (G1 Evacuation Pause)
[879.819s][info][gc,task        ] GC(180) Using 6 workers of 6 for evacuation
[879.935s][info][gc,phases      ] GC(180)   Pre Evacuate Collection Set: 0.44ms
[879.935s][info][gc,phases      ] GC(180)   Merge Heap Roots: 0.49ms
[879.935s][info][gc,phases      ] GC(180)   Evacuate Collection Set: 114.44ms
[879.935s][info][gc,phases      ] GC(180)   Post Evacuate Collection Set: 0.91ms
[879.935s][info][gc,phases      ] GC(180)   Other: 0.12ms
[879.935s][info][gc,heap        ] GC(180) Eden regions: 1121->0(1119)
[879.935s][info][gc,heap        ] GC(180) Survivor regions: 107->109(154)
[879.935s][info][gc,heap        ] GC(180) Old regions: 466->498
[879.935s][info][gc,heap        ] GC(180) Humongous regions: 77->77
[879.935s][info][gc,metaspace   ] GC(180) Metaspace: 28887K(29184K)->28887K(29184K) NonClass: 24002K(24128K)->24002K(24128K) Class: 4884K(5056K)->4884K(5056K)
[879.935s][info][gc             ] GC(180) Pause Young (Concurrent Start) (G1 Evacuation Pause) 3540M->1365M(4096M) 116.521ms
[879.935s][info][gc             ] GC(181) Concurrent Mark Cycle
[879.935s][info][gc,marking     ] GC(181) Concurrent Scan Root Regions
[879.935s][info][gc,cpu         ] GC(180) User=0.68s Sys=0.00s Real=0.12s
.[880.100s][info][gc,marking     ] GC(181) Concurrent Scan Root Regions 164.696ms
[880.100s][info][gc,marking     ] GC(181) Concurrent Mark
[880.100s][info][gc,marking     ] GC(181) Concurrent Mark From Roots
[880.100s][info][gc,task        ] GC(181) Using 2 workers of 2 for marking
[880.938s][info][gc,marking     ] GC(181) Concurrent Mark From Roots 838.582ms
[880.939s][info][gc,marking     ] GC(181) Concurrent Preclean
[880.939s][info][gc,marking     ] GC(181) Concurrent Preclean 0.043ms
[880.939s][info][gc,start       ] GC(181) Pause Remark
[880.941s][info][gc             ] GC(181) Pause Remark 1453M->1453M(4096M) 2.548ms
[880.941s][info][gc,cpu         ] GC(181) User=0.01s Sys=0.00s Real=0.00s
[880.941s][info][gc,marking     ] GC(181) Concurrent Mark 841.419ms
[880.941s][info][gc,marking     ] GC(181) Concurrent Rebuild Remembered Sets and Scrub Regions
.[881.134s][info][gc,marking     ] GC(181) Concurrent Rebuild Remembered Sets and Scrub Regions 192.666ms
[881.134s][info][gc,start       ] GC(181) Pause Cleanup
[881.134s][info][gc             ] GC(181) Pause Cleanup 1461M->1461M(4096M) 0.119ms
[881.134s][info][gc,cpu         ] GC(181) User=0.00s Sys=0.00s Real=0.00s
[881.134s][info][gc,marking     ] GC(181) Concurrent Clear Claimed Marks
[881.134s][info][gc,marking     ] GC(181) Concurrent Clear Claimed Marks 0.027ms
[881.134s][info][gc,marking     ] GC(181) Concurrent Cleanup for Next Mark
[881.138s][info][gc,marking     ] GC(181) Concurrent Cleanup for Next Mark 3.247ms
[881.138s][info][gc             ] GC(181) Concurrent Mark Cycle 1202.541ms
................ (rIR:aIR:PR = 553:553:553) (tPR = 8227) [OK] 
   896s: Performance info:
         Transaction,    Success,    Partial,     Failed,   Receipts, AvgBarcode, 
             Overall,      33201,          0,          0,      31539,      59.48, 
         Response times:
             Request,    Success,    Partial,     Failed,   SkipFail,     Probes,    Samples,      min,      p50,      p90,      p95,      p99,      max, 
       TotalPurchase,      31539,          0,          0,          0,      30201,      33191,      300,      800,     1100,     1200,     1600,   131000,
     InStorePurchase,      16586,          0,          0,          0,      15976,      17417,      300,      800,     1100,     1300,     1600,   131000,
      OnlinePurchase,      11630,          0,          0,          0,      11222,      12360,      300,      700,     1100,     1200,     1600,   131000,
        InstPurchase,       3323,          0,          0,          0,       3003,       3414,      400,      700,     1000,     1100,     1400,   131000,
          AssocOfCat,         33,          0,          0,          0,         28,         34,    17800,    22000,    28000,    60750,   147000,   147000,
      AssocOfProduct,        333,          0,          0,          0,        265,        350,      400,      800,     1100,     1200,     1349,     4300,
      BusinessReport,         84,          0,          0,          0,         82,         88,    18700,    24000,    29100,    31000,    37000,    37000,
          CustBuyBeh,        331,          0,          0,          0,        244,        329,      200,      700,     1100,     1200,     3050,     3500,
       ProductReturn,        881,          0,          0,          0,        731,        880,      200,      500,      800,      900,     1219,     2500,

   896s: ( 5%)   IR =    692 .....|........[910.582s][info][gc,start       ] GC(182) Pause Young (Prepare Mixed) (G1 Evacuation Pause)
[910.582s][info][gc,task        ] GC(182) Using 6 workers of 6 for evacuation
[910.700s][info][gc,phases      ] GC(182)   Pre Evacuate Collection Set: 0.35ms
[910.700s][info][gc,phases      ] GC(182)   Merge Heap Roots: 0.59ms
[910.700s][info][gc,phases      ] GC(182)   Evacuate Collection Set: 115.98ms
[910.700s][info][gc,phases      ] GC(182)   Post Evacuate Collection Set: 0.99ms
[910.700s][info][gc,phases      ] GC(182)   Other: 0.10ms
[910.701s][info][gc,heap        ] GC(182) Eden regions: 1119->0(1120)
[910.701s][info][gc,heap        ] GC(182) Survivor regions: 109->108(154)
[910.701s][info][gc,heap        ] GC(182) Old regions: 498->530
[910.701s][info][gc,heap        ] GC(182) Humongous regions: 77->77
[910.701s][info][gc,metaspace   ] GC(182) Metaspace: 28889K(29184K)->28889K(29184K) NonClass: 24004K(24128K)->24004K(24128K) Class: 4884K(5056K)->4884K(5056K)
[910.701s][info][gc             ] GC(182) Pause Young (Prepare Mixed) (G1 Evacuation Pause) 3603M->1428M(4096M) 118.161ms
[910.701s][info][gc,cpu         ] GC(182) User=0.70s Sys=0.00s Real=0.12s
............................[938.033s][info][gc,start       ] GC(183) Pause Young (Mixed) (G1 Evacuation Pause)
[938.033s][info][gc,task        ] GC(183) Using 6 workers of 6 for evacuation
[938.163s][info][gc,phases      ] GC(183)   Pre Evacuate Collection Set: 0.39ms
[938.163s][info][gc,phases      ] GC(183)   Merge Heap Roots: 0.59ms
[938.163s][info][gc,phases      ] GC(183)   Evacuate Collection Set: 127.14ms
[938.163s][info][gc,phases      ] GC(183)   Post Evacuate Collection Set: 0.97ms
[938.163s][info][gc,phases      ] GC(183)   Other: 0.10ms
[938.163s][info][gc,heap        ] GC(183) Eden regions: 1120->0(1119)
[938.163s][info][gc,heap        ] GC(183) Survivor regions: 108->109(154)
[938.163s][info][gc,heap        ] GC(183) Old regions: 530->464
[938.163s][info][gc,heap        ] GC(183) Humongous regions: 77->77
[938.163s][info][gc,metaspace   ] GC(183) Metaspace: 28890K(29184K)->28890K(29184K) NonClass: 24006K(24128K)->24006K(24128K) Class: 4884K(5056K)->4884K(5056K)
[938.163s][info][gc             ] GC(183) Pause Young (Mixed) (G1 Evacuation Pause) 3668M->1298M(4096M) 129.320ms
[938.163s][info][gc,cpu         ] GC(183) User=0.77s Sys=0.00s Real=0.13s
........................ (rIR:aIR:PR = 692:692:692) (tPR = 10335) [OK] 
   961s: Performance info:
         Transaction,    Success,    Partial,     Failed,   Receipts, AvgBarcode, 
             Overall,      41521,          0,          0,      39441,      59.51, 
         Response times:
             Request,    Success,    Partial,     Failed,   SkipFail,     Probes,    Samples,      min,      p50,      p90,      p95,      p99,      max, 
       TotalPurchase,      39441,          0,          0,          0,      38052,      42258,      300,      900,     1200,     1400,     1700,   134000,
     InStorePurchase,      20761,          0,          0,          0,      20153,      22136,      300,      900,     1200,     1300,     1700,   134000,
      OnlinePurchase,      14525,          0,          0,          0,      14027,      15656,      300,      900,     1300,     1400,     1700,   132000,
        InstPurchase,       4155,          0,          0,          0,       3872,       4466,      400,      900,     1300,     1400,     1700,   132000,
          AssocOfCat,         41,          0,          0,          0,         41,         43,    17500,    23000,    24000,    25800,    27000,    27000,
      AssocOfProduct,        417,          0,          0,          0,        335,        456,      500,      900,     1300,     1400,     1743,   132000,
      BusinessReport,        104,          0,          0,          0,         99,        111,    18800,    25000,    30000,    31000,    37280,    38000,
          CustBuyBeh,        417,          0,          0,          0,        341,        444,      200,      700,     1200,     1300,     1600,     4200,
       ProductReturn,       1101,          0,          0,          0,        965,       1158,      200,      800,     1200,     1300,     1641,   133000,

   961s: ( 6%)   IR =    830 ...[965.072s][info][gc,start       ] GC(184) Pause Young (Concurrent Start) (G1 Evacuation Pause)
[965.072s][info][gc,task        ] GC(184) Using 6 workers of 6 for evacuation
[965.191s][info][gc,phases      ] GC(184)   Pre Evacuate Collection Set: 0.42ms
[965.191s][info][gc,phases      ] GC(184)   Merge Heap Roots: 0.50ms
[965.191s][info][gc,phases      ] GC(184)   Evacuate Collection Set: 116.69ms
[965.191s][info][gc,phases      ] GC(184)   Post Evacuate Collection Set: 0.98ms
[965.191s][info][gc,phases      ] GC(184)   Other: 0.12ms
[965.191s][info][gc,heap        ] GC(184) Eden regions: 1119->0(1118)
[965.191s][info][gc,heap        ] GC(184) Survivor regions: 109->110(154)
[965.191s][info][gc,heap        ] GC(184) Old regions: 464->497
[965.191s][info][gc,heap        ] GC(184) Humongous regions: 77->77
[965.191s][info][gc,metaspace   ] GC(184) Metaspace: 28898K(29184K)->28898K(29184K) NonClass: 24013K(24128K)->24013K(24128K) Class: 4884K(5056K)->4884K(5056K)
[965.191s][info][gc             ] GC(184) Pause Young (Concurrent Start) (G1 Evacuation Pause) 3536M->1366M(4096M) 118.834ms
[965.191s][info][gc             ] GC(185) Concurrent Mark Cycle
[965.191s][info][gc,marking     ] GC(185) Concurrent Scan Root Regions
[965.191s][info][gc,cpu         ] GC(184) User=0.71s Sys=0.00s Real=0.12s
[965.306s][info][gc,marking     ] GC(185) Concurrent Scan Root Regions 114.301ms
[965.306s][info][gc,marking     ] GC(185) Concurrent Mark
[965.306s][info][gc,marking     ] GC(185) Concurrent Mark From Roots
[965.306s][info][gc,task        ] GC(185) Using 2 workers of 2 for marking
[965.810s][info][gc,marking     ] GC(185) Concurrent Mark From Roots 503.965ms
[965.810s][info][gc,marking     ] GC(185) Concurrent Preclean
[965.810s][info][gc,marking     ] GC(185) Concurrent Preclean 0.047ms
[965.810s][info][gc,start       ] GC(185) Pause Remark
[965.812s][info][gc             ] GC(185) Pause Remark 1437M->1437M(4096M) 2.290ms
[965.812s][info][gc,cpu         ] GC(185) User=0.01s Sys=0.00s Real=0.00s
[965.812s][info][gc,marking     ] GC(185) Concurrent Mark 506.559ms
[965.812s][info][gc,marking     ] GC(185) Concurrent Rebuild Remembered Sets and Scrub Regions
[966.008s][info][gc,marking     ] GC(185) Concurrent Rebuild Remembered Sets and Scrub Regions 195.694ms
[966.008s][info][gc,start       ] GC(185) Pause Cleanup
[966.008s][info][gc             ] GC(185) Pause Cleanup 1467M->1467M(4096M) 0.119ms
[966.008s][info][gc,cpu         ] GC(185) User=0.00s Sys=0.00s Real=0.00s
[966.008s][info][gc,marking     ] GC(185) Concurrent Clear Claimed Marks
[966.008s][info][gc,marking     ] GC(185) Concurrent Clear Claimed Marks 0.042ms
[966.008s][info][gc,marking     ] GC(185) Concurrent Cleanup for Next Mark
[966.012s][info][gc,marking     ] GC(185) Concurrent Cleanup for Next Mark 3.674ms
[966.012s][info][gc             ] GC(185) Concurrent Mark Cycle 820.737ms
..|....................[987.865s][info][gc,start       ] GC(186) Pause Young (Prepare Mixed) (G1 Evacuation Pause)
[987.865s][info][gc,task        ] GC(186) Using 6 workers of 6 for evacuation
[987.982s][info][gc,phases      ] GC(186)   Pre Evacuate Collection Set: 0.37ms
[987.982s][info][gc,phases      ] GC(186)   Merge Heap Roots: 0.50ms
[987.982s][info][gc,phases      ] GC(186)   Evacuate Collection Set: 115.65ms
[987.982s][info][gc,phases      ] GC(186)   Post Evacuate Collection Set: 0.99ms
[987.982s][info][gc,phases      ] GC(186)   Other: 0.10ms
[987.982s][info][gc,heap        ] GC(186) Eden regions: 1118->0(1119)
[987.982s][info][gc,heap        ] GC(186) Survivor regions: 110->109(154)
[987.982s][info][gc,heap        ] GC(186) Old regions: 497->529
[987.982s][info][gc,heap        ] GC(186) Humongous regions: 77->77
[987.982s][info][gc,metaspace   ] GC(186) Metaspace: 28898K(29184K)->28898K(29184K) NonClass: 24013K(24128K)->24013K(24128K) Class: 4884K(5056K)->4884K(5056K)
[987.982s][info][gc             ] GC(186) Pause Young (Prepare Mixed) (G1 Evacuation Pause) 3602M->1428M(4096M) 117.729ms
[987.982s][info][gc,cpu         ] GC(186) User=0.70s Sys=0.00s Real=0.11s
.......................[1010.936s][info][gc,start       ] GC(187) Pause Young (Mixed) (G1 Evacuation Pause)
[1010.936s][info][gc,task        ] GC(187) Using 6 workers of 6 for evacuation
[1011.066s][info][gc,phases      ] GC(187)   Pre Evacuate Collection Set: 0.41ms
[1011.066s][info][gc,phases      ] GC(187)   Merge Heap Roots: 0.62ms
[1011.066s][info][gc,phases      ] GC(187)   Evacuate Collection Set: 127.84ms
[1011.066s][info][gc,phases      ] GC(187)   Post Evacuate Collection Set: 0.95ms
[1011.066s][info][gc,phases      ] GC(187)   Other: 0.11ms
[1011.066s][info][gc,heap        ] GC(187) Eden regions: 1119->0(1120)
[1011.066s][info][gc,heap        ] GC(187) Survivor regions: 109->108(154)
[1011.066s][info][gc,heap        ] GC(187) Old regions: 529->465
[1011.066s][info][gc,heap        ] GC(187) Humongous regions: 77->77
[1011.066s][info][gc,metaspace   ] GC(187) Metaspace: 28898K(29184K)->28898K(29184K) NonClass: 24013K(24128K)->24013K(24128K) Class: 4884K(5056K)->4884K(5056K)
[1011.066s][info][gc             ] GC(187) Pause Young (Mixed) (G1 Evacuation Pause) 3666M->1298M(4096M) 130.073ms
[1011.066s][info][gc,cpu         ] GC(187) User=0.77s Sys=0.00s Real=0.13s
................. (rIR:aIR:PR = 830:830:830) (tPR = 12213) [OK] 
  1026s: Performance info:
         Transaction,    Success,    Partial,     Failed,   Receipts, AvgBarcode, 
             Overall,      49846,          0,          0,      47365,      59.48, 
         Response times:
             Request,    Success,    Partial,     Failed,   SkipFail,     Probes,    Samples,      min,      p50,      p90,      p95,      p99,      max, 
       TotalPurchase,      47365,          0,          0,          0,      45785,      50692,      300,     1000,     1500,     1600,     2000,   135000,
     InStorePurchase,      24944,          0,          0,          0,      24273,      26739,      300,     1000,     1400,     1600,     2000,   135000,
      OnlinePurchase,      17440,          0,          0,          0,      16898,      18722,      300,     1000,     1500,     1600,     2000,   133000,
        InstPurchase,       4981,          0,          0,          0,       4614,       5231,      400,     1100,     1500,     1600,     2000,   135000,
          AssocOfCat,         50,          0,          0,          0,         45,         54,    17100,    23000,    25500,    28000,    36000,    36000,
      AssocOfProduct,        497,          0,          0,          0,        409,        508,      500,      900,     1300,     1555,     1800,     3600,
      BusinessReport,        124,          0,          0,          0,         84,        125,    19200,    25000,    30000,    31700,    50620,    54000,
          CustBuyBeh,        491,          0,          0,          0,        420,        547,      200,      700,     1300,     1400,     1752,     2000,
       ProductReturn,       1319,          0,          0,          0,       1192,       1425,      200,      600,     1100,     1200,     1600,     5100,

  1026s: ( 7%)   IR =    969 .....|[1032.957s][info][gc,start       ] GC(188) Pause Young (Concurrent Start) (G1 Evacuation Pause)
[1032.957s][info][gc,task        ] GC(188) Using 6 workers of 6 for evacuation
[1033.076s][info][gc,phases      ] GC(188)   Pre Evacuate Collection Set: 0.44ms
[1033.076s][info][gc,phases      ] GC(188)   Merge Heap Roots: 0.53ms
[1033.076s][info][gc,phases      ] GC(188)   Evacuate Collection Set: 116.32ms
[1033.076s][info][gc,phases      ] GC(188)   Post Evacuate Collection Set: 0.92ms
[1033.076s][info][gc,phases      ] GC(188)   Other: 0.10ms
[1033.076s][info][gc,heap        ] GC(188) Eden regions: 1120->0(1119)
[1033.076s][info][gc,heap        ] GC(188) Survivor regions: 108->109(154)
[1033.076s][info][gc,heap        ] GC(188) Old regions: 465->496
[1033.076s][info][gc,heap        ] GC(188) Humongous regions: 77->77
[1033.076s][info][gc,metaspace   ] GC(188) Metaspace: 28899K(29184K)->28899K(29184K) NonClass: 24015K(24128K)->24015K(24128K) Class: 4884K(5056K)->4884K(5056K)
[1033.076s][info][gc             ] GC(188) Pause Young (Concurrent Start) (G1 Evacuation Pause) 3538M->1363M(4096M) 118.481ms
[1033.076s][info][gc             ] GC(189) Concurrent Mark Cycle
[1033.076s][info][gc,marking     ] GC(189) Concurrent Scan Root Regions
[1033.076s][info][gc,cpu         ] GC(188) User=0.70s Sys=0.00s Real=0.12s
.[1033.239s][info][gc,marking     ] GC(189) Concurrent Scan Root Regions 162.976ms
[1033.239s][info][gc,marking     ] GC(189) Concurrent Mark
[1033.239s][info][gc,marking     ] GC(189) Concurrent Mark From Roots
[1033.239s][info][gc,task        ] GC(189) Using 2 workers of 2 for marking
.[1034.092s][info][gc,marking     ] GC(189) Concurrent Mark From Roots 852.892ms
[1034.092s][info][gc,marking     ] GC(189) Concurrent Preclean
[1034.092s][info][gc,marking     ] GC(189) Concurrent Preclean 0.049ms
[1034.092s][info][gc,start       ] GC(189) Pause Remark
[1034.095s][info][gc             ] GC(189) Pause Remark 1497M->1497M(4096M) 2.719ms
[1034.095s][info][gc,cpu         ] GC(189) User=0.01s Sys=0.00s Real=0.01s
[1034.095s][info][gc,marking     ] GC(189) Concurrent Mark 856.128ms
[1034.095s][info][gc,marking     ] GC(189) Concurrent Rebuild Remembered Sets and Scrub Regions
[1034.468s][info][gc,marking     ] GC(189) Concurrent Rebuild Remembered Sets and Scrub Regions 373.395ms
[1034.469s][info][gc,start       ] GC(189) Pause Cleanup
[1034.469s][info][gc             ] GC(189) Pause Cleanup 1543M->1543M(4096M) 0.122ms
[1034.469s][info][gc,cpu         ] GC(189) User=0.00s Sys=0.00s Real=0.00s
[1034.469s][info][gc,marking     ] GC(189) Concurrent Clear Claimed Marks
[1034.469s][info][gc,marking     ] GC(189) Concurrent Clear Claimed Marks 0.030ms
[1034.469s][info][gc,marking     ] GC(189) Concurrent Cleanup for Next Mark
[1034.472s][info][gc,marking     ] GC(189) Concurrent Cleanup for Next Mark 3.462ms
[1034.472s][info][gc             ] GC(189) Concurrent Mark Cycle 1396.458ms
..................[1052.537s][info][gc,start       ] GC(190) Pause Young (Prepare Mixed) (G1 Evacuation Pause)
[1052.537s][info][gc,task        ] GC(190) Using 6 workers of 6 for evacuation
[1052.656s][info][gc,phases      ] GC(190)   Pre Evacuate Collection Set: 0.37ms
[1052.656s][info][gc,phases      ] GC(190)   Merge Heap Roots: 0.53ms
[1052.656s][info][gc,phases      ] GC(190)   Evacuate Collection Set: 116.72ms
[1052.656s][info][gc,phases      ] GC(190)   Post Evacuate Collection Set: 0.95ms
[1052.656s][info][gc,phases      ] GC(190)   Other: 0.09ms
[1052.656s][info][gc,heap        ] GC(190) Eden regions: 1119->0(1119)
[1052.656s][info][gc,heap        ] GC(190) Survivor regions: 109->109(154)
[1052.656s][info][gc,heap        ] GC(190) Old regions: 496->528
[1052.656s][info][gc,heap        ] GC(190) Humongous regions: 77->77
[1052.656s][info][gc,metaspace   ] GC(190) Metaspace: 28899K(29184K)->28899K(29184K) NonClass: 24015K(24128K)->24015K(24128K) Class: 4884K(5056K)->4884K(5056K)
[1052.656s][info][gc             ] GC(190) Pause Young (Prepare Mixed) (G1 Evacuation Pause) 3601M->1426M(4096M) 118.809ms
[1052.656s][info][gc,cpu         ] GC(190) User=0.70s Sys=0.00s Real=0.12s
....................[1072.292s][info][gc,start       ] GC(191) Pause Young (Mixed) (G1 Evacuation Pause)
[1072.293s][info][gc,task        ] GC(191) Using 6 workers of 6 for evacuation
[1072.437s][info][gc,phases      ] GC(191)   Pre Evacuate Collection Set: 0.48ms
[1072.437s][info][gc,phases      ] GC(191)   Merge Heap Roots: 0.81ms
[1072.437s][info][gc,phases      ] GC(191)   Evacuate Collection Set: 142.35ms
[1072.437s][info][gc,phases      ] GC(191)   Post Evacuate Collection Set: 0.99ms
[1072.437s][info][gc,phases      ] GC(191)   Other: 0.11ms
[1072.437s][info][gc,heap        ] GC(191) Eden regions: 1119->0(1117)
[1072.437s][info][gc,heap        ] GC(191) Survivor regions: 109->111(154)
[1072.437s][info][gc,heap        ] GC(191) Old regions: 528->465
[1072.437s][info][gc,heap        ] GC(191) Humongous regions: 77->77
[1072.437s][info][gc,metaspace   ] GC(191) Metaspace: 28899K(29184K)->28899K(29184K) NonClass: 24015K(24128K)->24015K(24128K) Class: 4884K(5056K)->4884K(5056K)
[1072.437s][info][gc             ] GC(191) Pause Young (Mixed) (G1 Evacuation Pause) 3664M->1304M(4096M) 144.897ms
[1072.437s][info][gc,cpu         ] GC(191) User=0.86s Sys=0.00s Real=0.15s
...................[1091.979s][info][gc,start       ] GC(192) Pause Young (Concurrent Start) (G1 Evacuation Pause)
[1091.979s][info][gc,task        ] GC(192) Using 6 workers of 6 for evacuation
[1092.097s][info][gc,phases      ] GC(192)   Pre Evacuate Collection Set: 0.43ms
[1092.097s][info][gc,phases      ] GC(192)   Merge Heap Roots: 0.50ms
[1092.097s][info][gc,phases      ] GC(192)   Evacuate Collection Set: 116.37ms
[1092.097s][info][gc,phases      ] GC(192)   Post Evacuate Collection Set: 0.91ms
[1092.097s][info][gc,phases      ] GC(192)   Other: 0.11ms
[1092.097s][info][gc,heap        ] GC(192) Eden regions: 1117->0(1119)
[1092.097s][info][gc,heap        ] GC(192) Survivor regions: 111->109(154)
[1092.097s][info][gc,heap        ] GC(192) Old regions: 465->497
[1092.097s][info][gc,heap        ] GC(192) Humongous regions: 77->77
[1092.097s][info][gc,metaspace   ] GC(192) Metaspace: 28899K(29184K)->28899K(29184K) NonClass: 24015K(24128K)->24015K(24128K) Class: 4884K(5056K)->4884K(5056K)
[1092.097s][info][gc             ] GC(192) Pause Young (Concurrent Start) (G1 Evacuation Pause) 3538M->1364M(4096M) 118.464ms
[1092.097s][info][gc             ] GC(193) Concurrent Mark Cycle
[1092.097s][info][gc,marking     ] GC(193) Concurrent Scan Root Regions
[1092.097s][info][gc,cpu         ] GC(192) User=0.70s Sys=0.00s Real=0.12s
. (rIR:aIR:PR = 969:969:969) (tPR = 14276) [OK] 
  1091s: Performance info:
         Transaction,    Success,    Partial,     Failed,   Receipts, AvgBarcode, 
             Overall,      58167,          0,          0,      55256,      59.49, 
         Response times:
             Request,    Success,    Partial,     Failed,   SkipFail,     Probes,    Samples,      min,      p50,      p90,      p95,      p99,      max, 
       TotalPurchase,      55256,          0,          0,          0,      53107,      58891,      300,     1100,     1600,     1800,     2500,   122000,
     InStorePurchase,      29085,          0,          0,          0,      28116,      31085,      300,     1100,     1600,     1800,     2500,    11400,
      OnlinePurchase,      20355,          0,          0,          0,      19514,      21553,      300,     1100,     1600,     1800,     2600,   122000,
        InstPurchase,       5816,          0,          0,          0,       5477,       6253,      400,     1100,     1600,     1800,     2500,    10500,
          AssocOfCat,         57,          0,          0,          0,         53,         62,    18400,    23000,    26700,    27850,    33000,    33000,
      AssocOfProduct,        582,          0,          0,          0,        485,        613,      500,     1100,     1500,     1700,     1986,     3200,
      BusinessReport,        149,          0,          0,          0,        104,        149,    19200,    25000,    30000,    32000,   109500,   175000,
          CustBuyBeh,        582,          0,          0,          0,        459,        587,      200,     1000,     1500,     1700,     2112,     2800,
       ProductReturn,       1541,          0,          0,          0,       1390,       1651,      200,     1000,     1600,     1800,     2940,     8500,

  1091s: ( 8%)   IR =   1107 [1092.207s][info][gc,marking     ] GC(193) Concurrent Scan Root Regions 110.052ms
[1092.207s][info][gc,marking     ] GC(193) Concurrent Mark
[1092.207s][info][gc,marking     ] GC(193) Concurrent Mark From Roots
[1092.207s][info][gc,task        ] GC(193) Using 2 workers of 2 for marking
[1092.714s][info][gc,marking     ] GC(193) Concurrent Mark From Roots 506.580ms
[1092.714s][info][gc,marking     ] GC(193) Concurrent Preclean
[1092.714s][info][gc,marking     ] GC(193) Concurrent Preclean 0.048ms
[1092.714s][info][gc,start       ] GC(193) Pause Remark
[1092.717s][info][gc             ] GC(193) Pause Remark 1466M->1466M(4096M) 2.543ms
[1092.717s][info][gc,cpu         ] GC(193) User=0.01s Sys=0.00s Real=0.00s
[1092.717s][info][gc,marking     ] GC(193) Concurrent Mark 509.403ms
[1092.717s][info][gc,marking     ] GC(193) Concurrent Rebuild Remembered Sets and Scrub Regions
[1092.911s][info][gc,marking     ] GC(193) Concurrent Rebuild Remembered Sets and Scrub Regions 194.336ms
[1092.911s][info][gc,start       ] GC(193) Pause Cleanup
[1092.911s][info][gc             ] GC(193) Pause Cleanup 1488M->1488M(4096M) 0.120ms
[1092.911s][info][gc,cpu         ] GC(193) User=0.00s Sys=0.00s Real=0.00s
[1092.912s][info][gc,marking     ] GC(193) Concurrent Clear Claimed Marks
[1092.912s][info][gc,marking     ] GC(193) Concurrent Clear Claimed Marks 0.030ms
[1092.912s][info][gc,marking     ] GC(193) Concurrent Cleanup for Next Mark
[1092.915s][info][gc,marking     ] GC(193) Concurrent Cleanup for Next Mark 3.242ms
[1092.915s][info][gc             ] GC(193) Concurrent Mark Cycle 817.561ms
.....|............[1109.369s][info][gc,start       ] GC(194) Pause Young (Prepare Mixed) (G1 Evacuation Pause)
[1109.369s][info][gc,task        ] GC(194) Using 6 workers of 6 for evacuation
[1109.487s][info][gc,phases      ] GC(194)   Pre Evacuate Collection Set: 0.39ms
[1109.487s][info][gc,phases      ] GC(194)   Merge Heap Roots: 0.52ms
[1109.487s][info][gc,phases      ] GC(194)   Evacuate Collection Set: 115.71ms
[1109.487s][info][gc,phases      ] GC(194)   Post Evacuate Collection Set: 0.94ms
[1109.487s][info][gc,phases      ] GC(194)   Other: 0.08ms
[1109.487s][info][gc,heap        ] GC(194) Eden regions: 1119->0(1119)
[1109.487s][info][gc,heap        ] GC(194) Survivor regions: 109->109(154)
[1109.487s][info][gc,heap        ] GC(194) Old regions: 497->529
[1109.487s][info][gc,heap        ] GC(194) Humongous regions: 77->77
[1109.487s][info][gc,metaspace   ] GC(194) Metaspace: 28900K(29184K)->28900K(29184K) NonClass: 24016K(24128K)->24016K(24128K) Class: 4884K(5056K)->4884K(5056K)
[1109.487s][info][gc             ] GC(194) Pause Young (Prepare Mixed) (G1 Evacuation Pause) 3602M->1429M(4096M) 117.775ms
[1109.487s][info][gc,cpu         ] GC(194) User=0.70s Sys=0.00s Real=0.12s
.................[1126.719s][info][gc,start       ] GC(195) Pause Young (Mixed) (G1 Evacuation Pause)
[1126.719s][info][gc,task        ] GC(195) Using 6 workers of 6 for evacuation
[1126.848s][info][gc,phases      ] GC(195)   Pre Evacuate Collection Set: 0.42ms
[1126.848s][info][gc,phases      ] GC(195)   Merge Heap Roots: 0.63ms
[1126.848s][info][gc,phases      ] GC(195)   Evacuate Collection Set: 127.32ms
[1126.848s][info][gc,phases      ] GC(195)   Post Evacuate Collection Set: 1.00ms
[1126.848s][info][gc,phases      ] GC(195)   Other: 0.10ms
[1126.848s][info][gc,heap        ] GC(195) Eden regions: 1119->0(1118)
[1126.849s][info][gc,heap        ] GC(195) Survivor regions: 109->110(154)
[1126.849s][info][gc,heap        ] GC(195) Old regions: 529->465
[1126.849s][info][gc,heap        ] GC(195) Humongous regions: 77->77
[1126.849s][info][gc,metaspace   ] GC(195) Metaspace: 28900K(29184K)->28900K(29184K) NonClass: 24016K(24128K)->24016K(24128K) Class: 4884K(5056K)->4884K(5056K)
[1126.849s][info][gc             ] GC(195) Pause Young (Mixed) (G1 Evacuation Pause) 3667M->1301M(4096M) 129.610ms
[1126.849s][info][gc,cpu         ] GC(195) User=0.76s Sys=0.00s Real=0.13s
.................[1143.739s][info][gc,start       ] GC(196) Pause Young (Concurrent Start) (G1 Evacuation Pause)
[1143.739s][info][gc,task        ] GC(196) Using 6 workers of 6 for evacuation
[1143.856s][info][gc,phases      ] GC(196)   Pre Evacuate Collection Set: 0.45ms
[1143.856s][info][gc,phases      ] GC(196)   Merge Heap Roots: 0.52ms
[1143.856s][info][gc,phases      ] GC(196)   Evacuate Collection Set: 115.30ms
[1143.856s][info][gc,phases      ] GC(196)   Post Evacuate Collection Set: 0.90ms
[1143.856s][info][gc,phases      ] GC(196)   Other: 0.12ms
[1143.856s][info][gc,heap        ] GC(196) Eden regions: 1118->0(1119)
[1143.856s][info][gc,heap        ] GC(196) Survivor regions: 110->109(154)
[1143.856s][info][gc,heap        ] GC(196) Old regions: 465->497
[1143.856s][info][gc,heap        ] GC(196) Humongous regions: 77->77
[1143.856s][info][gc,metaspace   ] GC(196) Metaspace: 28905K(29184K)->28905K(29184K) NonClass: 24020K(24128K)->24020K(24128K) Class: 4884K(5056K)->4884K(5056K)
[1143.856s][info][gc             ] GC(196) Pause Young (Concurrent Start) (G1 Evacuation Pause) 3537M->1365M(4096M) 117.436ms
[1143.856s][info][gc             ] GC(197) Concurrent Mark Cycle
[1143.856s][info][gc,marking     ] GC(197) Concurrent Scan Root Regions
[1143.856s][info][gc,cpu         ] GC(196) User=0.69s Sys=0.00s Real=0.12s
[1143.967s][info][gc,marking     ] GC(197) Concurrent Scan Root Regions 111.177ms
[1143.967s][info][gc,marking     ] GC(197) Concurrent Mark
[1143.967s][info][gc,marking     ] GC(197) Concurrent Mark From Roots
[1143.967s][info][gc,task        ] GC(197) Using 2 workers of 2 for marking
.[1144.477s][info][gc,marking     ] GC(197) Concurrent Mark From Roots 509.537ms
[1144.477s][info][gc,marking     ] GC(197) Concurrent Preclean
[1144.477s][info][gc,marking     ] GC(197) Concurrent Preclean 0.051ms
[1144.477s][info][gc,start       ] GC(197) Pause Remark
[1144.480s][info][gc             ] GC(197) Pause Remark 1474M->1474M(4096M) 2.687ms
[1144.480s][info][gc,cpu         ] GC(197) User=0.01s Sys=0.00s Real=0.00s
[1144.480s][info][gc,marking     ] GC(197) Concurrent Mark 512.517ms
[1144.480s][info][gc,marking     ] GC(197) Concurrent Rebuild Remembered Sets and Scrub Regions
[1144.679s][info][gc,marking     ] GC(197) Concurrent Rebuild Remembered Sets and Scrub Regions 199.148ms
[1144.679s][info][gc,start       ] GC(197) Pause Cleanup
[1144.679s][info][gc             ] GC(197) Pause Cleanup 1496M->1496M(4096M) 0.123ms
[1144.679s][info][gc,cpu         ] GC(197) User=0.00s Sys=0.00s Real=0.00s
[1144.679s][info][gc,marking     ] GC(197) Concurrent Clear Claimed Marks
[1144.679s][info][gc,marking     ] GC(197) Concurrent Clear Claimed Marks 0.032ms
[1144.679s][info][gc,marking     ] GC(197) Concurrent Cleanup for Next Mark
[1144.684s][info][gc,marking     ] GC(197) Concurrent Cleanup for Next Mark 4.290ms
[1144.684s][info][gc             ] GC(197) Concurrent Mark Cycle 827.649ms
............. (rIR:aIR:PR = 1107:1107:1107) (tPR = 16524) [OK] 
  1156s: Performance info:
         Transaction,    Success,    Partial,     Failed,   Receipts, AvgBarcode, 
             Overall,      66473,          0,          0,      63152,      59.49, 
         Response times:
             Request,    Success,    Partial,     Failed,   SkipFail,     Probes,    Samples,      min,      p50,      p90,      p95,      p99,      max, 
       TotalPurchase,      63152,          0,          0,          0,      61057,      67394,      300,     1200,     1800,     1900,     2605,   133000,
     InStorePurchase,      33241,          0,          0,          0,      32253,      35387,      300,     1200,     1700,     1900,     2600,   133000,
      OnlinePurchase,      23268,          0,          0,          0,      22476,      24751,      300,     1200,     1700,     1900,     2648,   133000,
        InstPurchase,       6643,          0,          0,          0,       6328,       7256,      400,     1300,     1900,     2000,     2700,   132000,
          AssocOfCat,         66,          0,          0,          0,         65,         72,    17900,    24000,    29000,    34000,    36000,    36000,
      AssocOfProduct,        660,          0,          0,          0,        563,        748,      400,     1100,     1600,     1800,     2351,     5900,
      BusinessReport,        166,          0,          0,          0,        115,        167,    19700,    26000,    32000,    34200,    84360,   168000,
          CustBuyBeh,        668,          0,          0,          0,        551,        686,      200,     1100,     1600,     1900,     2826,     9500,
       ProductReturn,       1761,          0,          0,          0,       1579,       1862,      200,      900,     1500,     1700,     2374,   133000,

  1156s: ( 9%)   IR =   1245 ...[1160.609s][info][gc,start       ] GC(198) Pause Young (Prepare Mixed) (G1 Evacuation Pause)
[1160.610s][info][gc,task        ] GC(198) Using 6 workers of 6 for evacuation
[1160.729s][info][gc,phases      ] GC(198)   Pre Evacuate Collection Set: 0.36ms
[1160.729s][info][gc,phases      ] GC(198)   Merge Heap Roots: 0.53ms
[1160.729s][info][gc,phases      ] GC(198)   Evacuate Collection Set: 117.12ms
[1160.729s][info][gc,phases      ] GC(198)   Post Evacuate Collection Set: 0.94ms
[1160.729s][info][gc,phases      ] GC(198)   Other: 0.09ms
[1160.729s][info][gc,heap        ] GC(198) Eden regions: 1119->0(1118)
[1160.729s][info][gc,heap        ] GC(198) Survivor regions: 109->110(154)
[1160.729s][info][gc,heap        ] GC(198) Old regions: 497->530
[1160.729s][info][gc,heap        ] GC(198) Humongous regions: 77->77
[1160.729s][info][gc,metaspace   ] GC(198) Metaspace: 28907K(29184K)->28907K(29184K) NonClass: 24023K(24128K)->24023K(24128K) Class: 4884K(5056K)->4884K(5056K)
[1160.729s][info][gc             ] GC(198) Pause Young (Prepare Mixed) (G1 Evacuation Pause) 3603M->1432M(4096M) 119.184ms
[1160.729s][info][gc,cpu         ] GC(198) User=0.71s Sys=0.01s Real=0.12s
.|..............[1175.812s][info][gc,start       ] GC(199) Pause Young (Mixed) (G1 Evacuation Pause)
[1175.812s][info][gc,task        ] GC(199) Using 6 workers of 6 for evacuation
[1175.942s][info][gc,phases      ] GC(199)   Pre Evacuate Collection Set: 0.39ms
[1175.942s][info][gc,phases      ] GC(199)   Merge Heap Roots: 0.67ms
[1175.942s][info][gc,phases      ] GC(199)   Evacuate Collection Set: 127.74ms
[1175.942s][info][gc,phases      ] GC(199)   Post Evacuate Collection Set: 0.98ms
[1175.942s][info][gc,phases      ] GC(199)   Other: 0.09ms
[1175.942s][info][gc,heap        ] GC(199) Eden regions: 1118->0(1119)
[1175.942s][info][gc,heap        ] GC(199) Survivor regions: 110->109(154)
[1175.942s][info][gc,heap        ] GC(199) Old regions: 530->467
[1175.942s][info][gc,heap        ] GC(199) Humongous regions: 77->77
[1175.942s][info][gc,metaspace   ] GC(199) Metaspace: 28907K(29184K)->28907K(29184K) NonClass: 24023K(24128K)->24023K(24128K) Class: 4884K(5056K)->4884K(5056K)
[1175.942s][info][gc             ] GC(199) Pause Young (Mixed) (G1 Evacuation Pause) 3668M->1304M(4096M) 129.996ms
[1175.942s][info][gc,cpu         ] GC(199) User=0.77s Sys=0.00s Real=0.13s
...............[1191.147s][info][gc,start       ] GC(200) Pause Young (Concurrent Start) (G1 Evacuation Pause)
[1191.147s][info][gc,task        ] GC(200) Using 6 workers of 6 for evacuation
[1191.265s][info][gc,phases      ] GC(200)   Pre Evacuate Collection Set: 0.39ms
[1191.265s][info][gc,phases      ] GC(200)   Merge Heap Roots: 0.48ms
[1191.265s][info][gc,phases      ] GC(200)   Evacuate Collection Set: 116.56ms
[1191.265s][info][gc,phases      ] GC(200)   Post Evacuate Collection Set: 0.93ms
[1191.265s][info][gc,phases      ] GC(200)   Other: 0.11ms
[1191.265s][info][gc,heap        ] GC(200) Eden regions: 1119->0(1119)
[1191.265s][info][gc,heap        ] GC(200) Survivor regions: 109->109(154)
[1191.265s][info][gc,heap        ] GC(200) Old regions: 467->500
[1191.265s][info][gc,heap        ] GC(200) Humongous regions: 77->77
[1191.265s][info][gc,metaspace   ] GC(200) Metaspace: 28907K(29184K)->28907K(29184K) NonClass: 24023K(24128K)->24023K(24128K) Class: 4884K(5056K)->4884K(5056K)
[1191.265s][info][gc             ] GC(200) Pause Young (Concurrent Start) (G1 Evacuation Pause) 3542M->1369M(4096M) 118.632ms
[1191.266s][info][gc             ] GC(201) Concurrent Mark Cycle
[1191.266s][info][gc,marking     ] GC(201) Concurrent Scan Root Regions
[1191.266s][info][gc,cpu         ] GC(200) User=0.70s Sys=0.00s Real=0.12s
.[1191.385s][info][gc,marking     ] GC(201) Concurrent Scan Root Regions 119.851ms
[1191.385s][info][gc,marking     ] GC(201) Concurrent Mark
[1191.385s][info][gc,marking     ] GC(201) Concurrent Mark From Roots
[1191.385s][info][gc,task        ] GC(201) Using 2 workers of 2 for marking
[1191.898s][info][gc,marking     ] GC(201) Concurrent Mark From Roots 512.888ms
[1191.898s][info][gc,marking     ] GC(201) Concurrent Preclean
[1191.898s][info][gc,marking     ] GC(201) Concurrent Preclean 0.046ms
[1191.899s][info][gc,start       ] GC(201) Pause Remark
[1191.901s][info][gc             ] GC(201) Pause Remark 1475M->1475M(4096M) 2.569ms
[1191.901s][info][gc,cpu         ] GC(201) User=0.01s Sys=0.01s Real=0.00s
[1191.901s][info][gc,marking     ] GC(201) Concurrent Mark 515.782ms
[1191.901s][info][gc,marking     ] GC(201) Concurrent Rebuild Remembered Sets and Scrub Regions
[1192.101s][info][gc,marking     ] GC(201) Concurrent Rebuild Remembered Sets and Scrub Regions 200.153ms
[1192.102s][info][gc,start       ] GC(201) Pause Cleanup
[1192.102s][info][gc             ] GC(201) Pause Cleanup 1508M->1508M(4096M) 0.129ms
[1192.102s][info][gc,cpu         ] GC(201) User=0.00s Sys=0.00s Real=0.00s
[1192.102s][info][gc,marking     ] GC(201) Concurrent Clear Claimed Marks
[1192.102s][info][gc,marking     ] GC(201) Concurrent Clear Claimed Marks 0.031ms
[1192.102s][info][gc,marking     ] GC(201) Concurrent Cleanup for Next Mark
[1192.105s][info][gc,marking     ] GC(201) Concurrent Cleanup for Next Mark 3.236ms
[1192.105s][info][gc             ] GC(201) Concurrent Mark Cycle 839.562ms
...............[1206.510s][info][gc,start       ] GC(202) Pause Young (Prepare Mixed) (G1 Evacuation Pause)
[1206.510s][info][gc,task        ] GC(202) Using 6 workers of 6 for evacuation
[1206.628s][info][gc,phases      ] GC(202)   Pre Evacuate Collection Set: 0.37ms
[1206.628s][info][gc,phases      ] GC(202)   Merge Heap Roots: 0.51ms
[1206.628s][info][gc,phases      ] GC(202)   Evacuate Collection Set: 115.98ms
[1206.628s][info][gc,phases      ] GC(202)   Post Evacuate Collection Set: 0.93ms
[1206.628s][info][gc,phases      ] GC(202)   Other: 0.08ms
[1206.628s][info][gc,heap        ] GC(202) Eden regions: 1119->0(1118)
[1206.628s][info][gc,heap        ] GC(202) Survivor regions: 109->109(154)
[1206.628s][info][gc,heap        ] GC(202) Old regions: 500->532
[1206.628s][info][gc,heap        ] GC(202) Humongous regions: 77->77
[1206.628s][info][gc,metaspace   ] GC(202) Metaspace: 28907K(29184K)->28907K(29184K) NonClass: 24023K(24128K)->24023K(24128K) Class: 4884K(5056K)->4884K(5056K)
[1206.628s][info][gc             ] GC(202) Pause Young (Prepare Mixed) (G1 Evacuation Pause) 3607M->1434M(4096M) 118.018ms
[1206.628s][info][gc,cpu         ] GC(202) User=0.70s Sys=0.00s Real=0.12s
............... (rIR:aIR:PR = 1245:1244:1244) (tPR = 18595) [OK] 
  1221s: Performance info:
         Transaction,    Success,    Partial,     Failed,   Receipts, AvgBarcode, 
             Overall,      74800,          0,          0,      71062,      59.48, 
         Response times:
             Request,    Success,    Partial,     Failed,   SkipFail,     Probes,    Samples,      min,      p50,      p90,      p95,      p99,      max, 
       TotalPurchase,      71059,          0,          0,          0,      69195,      74979,      300,     1300,     1900,     2100,     3000,   133000,
     InStorePurchase,      37403,          0,          0,          0,      36546,      39416,      300,     1300,     1900,     2100,     3000,   133000,
      OnlinePurchase,      26182,          0,          0,          0,      25542,      27733,      300,     1200,     1900,     2100,     3000,   133000,
        InstPurchase,       7474,          0,          0,          0,       7107,       7830,      400,     1400,     2000,     2200,     3000,   132000,
          AssocOfCat,         74,          0,          0,          0,         72,         79,    17500,    23000,    26000,    28000,    46000,    46000,
      AssocOfProduct,        747,          0,          0,          0,        647,        798,      500,     1500,     2000,     2205,     4001,    10000,
      BusinessReport,        187,          0,          0,          0,        138,        187,    19100,    27000,    33200,    36000,   156080,   186000,
          CustBuyBeh,        745,          0,          0,          0,        649,        798,      200,     1300,     1900,     2100,     2819,    21000,
       ProductReturn,       1985,          0,          0,          0,       1812,       2120,      300,     1500,     2000,     2200,     3379,   121000,

  1221s: (10%)   IR =   1384 [1221.836s][info][gc,start       ] GC(203) Pause Young (Mixed) (G1 Evacuation Pause)
[1221.836s][info][gc,task        ] GC(203) Using 6 workers of 6 for evacuation
[1221.969s][info][gc,phases      ] GC(203)   Pre Evacuate Collection Set: 0.38ms
[1221.969s][info][gc,phases      ] GC(203)   Merge Heap Roots: 0.68ms
[1221.969s][info][gc,phases      ] GC(203)   Evacuate Collection Set: 131.22ms
[1221.969s][info][gc,phases      ] GC(203)   Post Evacuate Collection Set: 0.96ms
[1221.969s][info][gc,phases      ] GC(203)   Other: 0.09ms
[1221.969s][info][gc,heap        ] GC(203) Eden regions: 1118->0(1118)
[1221.969s][info][gc,heap        ] GC(203) Survivor regions: 109->110(154)
[1221.969s][info][gc,heap        ] GC(203) Old regions: 532->469
[1221.969s][info][gc,heap        ] GC(203) Humongous regions: 77->77
[1221.969s][info][gc,metaspace   ] GC(203) Metaspace: 28907K(29184K)->28907K(29184K) NonClass: 24023K(24128K)->24023K(24128K) Class: 4884K(5056K)->4884K(5056K)
[1221.969s][info][gc             ] GC(203) Pause Young (Mixed) (G1 Evacuation Pause) 3670M->1309M(4096M) 133.476ms
[1221.969s][info][gc,cpu         ] GC(203) User=0.79s Sys=0.00s Real=0.13s
.....|.........[1235.548s][info][gc,start       ] GC(204) Pause Young (Concurrent Start) (G1 Evacuation Pause)
[1235.548s][info][gc,task        ] GC(204) Using 6 workers of 6 for evacuation
[1235.664s][info][gc,phases      ] GC(204)   Pre Evacuate Collection Set: 0.41ms
[1235.664s][info][gc,phases      ] GC(204)   Merge Heap Roots: 0.48ms
[1235.664s][info][gc,phases      ] GC(204)   Evacuate Collection Set: 114.63ms
[1235.664s][info][gc,phases      ] GC(204)   Post Evacuate Collection Set: 0.95ms
[1235.664s][info][gc,phases      ] GC(204)   Other: 0.12ms
[1235.664s][info][gc,heap        ] GC(204) Eden regions: 1118->0(1119)
[1235.664s][info][gc,heap        ] GC(204) Survivor regions: 110->109(154)
[1235.664s][info][gc,heap        ] GC(204) Old regions: 469->501
[1235.664s][info][gc,heap        ] GC(204) Humongous regions: 77->77
[1235.664s][info][gc,metaspace   ] GC(204) Metaspace: 28911K(29184K)->28911K(29184K) NonClass: 24026K(24128K)->24026K(24128K) Class: 4884K(5056K)->4884K(5056K)
[1235.664s][info][gc             ] GC(204) Pause Young (Concurrent Start) (G1 Evacuation Pause) 3545M->1373M(4096M) 116.719ms
[1235.664s][info][gc             ] GC(205) Concurrent Mark Cycle
[1235.665s][info][gc,marking     ] GC(205) Concurrent Scan Root Regions
[1235.665s][info][gc,cpu         ] GC(204) User=0.69s Sys=0.00s Real=0.12s
[1235.778s][info][gc,marking     ] GC(205) Concurrent Scan Root Regions 113.204ms
[1235.778s][info][gc,marking     ] GC(205) Concurrent Mark
[1235.778s][info][gc,marking     ] GC(205) Concurrent Mark From Roots
[1235.778s][info][gc,task        ] GC(205) Using 2 workers of 2 for marking
[1236.286s][info][gc,marking     ] GC(205) Concurrent Mark From Roots 508.588ms
[1236.286s][info][gc,marking     ] GC(205) Concurrent Preclean
[1236.286s][info][gc,marking     ] GC(205) Concurrent Preclean 0.048ms
[1236.287s][info][gc,start       ] GC(205) Pause Remark
[1236.289s][info][gc             ] GC(205) Pause Remark 1486M->1486M(4096M) 2.650ms
[1236.289s][info][gc,cpu         ] GC(205) User=0.02s Sys=0.00s Real=0.00s
[1236.289s][info][gc,marking     ] GC(205) Concurrent Mark 511.557ms
[1236.289s][info][gc,marking     ] GC(205) Concurrent Rebuild Remembered Sets and Scrub Regions
.[1236.487s][info][gc,marking     ] GC(205) Concurrent Rebuild Remembered Sets and Scrub Regions 197.780ms
[1236.487s][info][gc,start       ] GC(205) Pause Cleanup
[1236.487s][info][gc             ] GC(205) Pause Cleanup 1519M->1519M(4096M) 0.124ms
[1236.487s][info][gc,cpu         ] GC(205) User=0.00s Sys=0.00s Real=0.00s
[1236.487s][info][gc,marking     ] GC(205) Concurrent Clear Claimed Marks
[1236.487s][info][gc,marking     ] GC(205) Concurrent Clear Claimed Marks 0.029ms
[1236.487s][info][gc,marking     ] GC(205) Concurrent Cleanup for Next Mark
[1236.492s][info][gc,marking     ] GC(205) Concurrent Cleanup for Next Mark 4.201ms
[1236.492s][info][gc             ] GC(205) Concurrent Mark Cycle 827.283ms
............[1249.287s][info][gc,start       ] GC(206) Pause Young (Prepare Mixed) (G1 Evacuation Pause)
[1249.287s][info][gc,task        ] GC(206) Using 6 workers of 6 for evacuation
[1249.404s][info][gc,phases      ] GC(206)   Pre Evacuate Collection Set: 0.36ms
[1249.404s][info][gc,phases      ] GC(206)   Merge Heap Roots: 0.56ms
[1249.404s][info][gc,phases      ] GC(206)   Evacuate Collection Set: 115.37ms
[1249.404s][info][gc,phases      ] GC(206)   Post Evacuate Collection Set: 0.98ms
[1249.404s][info][gc,phases      ] GC(206)   Other: 0.09ms
[1249.404s][info][gc,heap        ] GC(206) Eden regions: 1119->0(1117)
[1249.404s][info][gc,heap        ] GC(206) Survivor regions: 109->109(154)
[1249.404s][info][gc,heap        ] GC(206) Old regions: 501->533
[1249.404s][info][gc,heap        ] GC(206) Humongous regions: 77->77
[1249.404s][info][gc,metaspace   ] GC(206) Metaspace: 28911K(29184K)->28911K(29184K) NonClass: 24027K(24128K)->24027K(24128K) Class: 4884K(5056K)->4884K(5056K)
[1249.404s][info][gc             ] GC(206) Pause Young (Prepare Mixed) (G1 Evacuation Pause) 3611M->1436M(4096M) 117.493ms
[1249.404s][info][gc,cpu         ] GC(206) User=0.69s Sys=0.00s Real=0.12s
..............[1263.062s][info][gc,start       ] GC(207) Pause Young (Mixed) (G1 Evacuation Pause)
[1263.062s][info][gc,task        ] GC(207) Using 6 workers of 6 for evacuation
[1263.191s][info][gc,phases      ] GC(207)   Pre Evacuate Collection Set: 0.45ms
[1263.191s][info][gc,phases      ] GC(207)   Merge Heap Roots: 0.66ms
[1263.191s][info][gc,phases      ] GC(207)   Evacuate Collection Set: 126.26ms
[1263.191s][info][gc,phases      ] GC(207)   Post Evacuate Collection Set: 0.96ms
[1263.191s][info][gc,phases      ] GC(207)   Other: 0.10ms
[1263.191s][info][gc,heap        ] GC(207) Eden regions: 1117->0(1120)
[1263.191s][info][gc,heap        ] GC(207) Survivor regions: 109->108(154)
[1263.191s][info][gc,heap        ] GC(207) Old regions: 533->467
[1263.191s][info][gc,heap        ] GC(207) Humongous regions: 77->77
[1263.191s][info][gc,metaspace   ] GC(207) Metaspace: 28911K(29184K)->28911K(29184K) NonClass: 24027K(24128K)->24027K(24128K) Class: 4884K(5056K)->4884K(5056K)
[1263.191s][info][gc             ] GC(207) Pause Young (Mixed) (G1 Evacuation Pause) 3670M->1302M(4096M) 128.560ms
[1263.191s][info][gc,cpu         ] GC(207) User=0.76s Sys=0.00s Real=0.13s
..............[1276.869s][info][gc,start       ] GC(208) Pause Young (Concurrent Start) (G1 Evacuation Pause)
[1276.869s][info][gc,task        ] GC(208) Using 6 workers of 6 for evacuation
[1276.986s][info][gc,phases      ] GC(208)   Pre Evacuate Collection Set: 0.39ms
[1276.986s][info][gc,phases      ] GC(208)   Merge Heap Roots: 0.48ms
[1276.986s][info][gc,phases      ] GC(208)   Evacuate Collection Set: 115.52ms
[1276.986s][info][gc,phases      ] GC(208)   Post Evacuate Collection Set: 0.89ms
[1276.986s][info][gc,phases      ] GC(208)   Other: 0.10ms
[1276.986s][info][gc,heap        ] GC(208) Eden regions: 1120->0(1120)
[1276.986s][info][gc,heap        ] GC(208) Survivor regions: 108->108(154)
[1276.986s][info][gc,heap        ] GC(208) Old regions: 467->499
[1276.986s][info][gc,heap        ] GC(208) Humongous regions: 77->77
[1276.986s][info][gc,metaspace   ] GC(208) Metaspace: 28913K(29248K)->28913K(29248K) NonClass: 24029K(24192K)->24029K(24192K) Class: 4884K(5056K)->4884K(5056K)
[1276.986s][info][gc             ] GC(208) Pause Young (Concurrent Start) (G1 Evacuation Pause) 3542M->1366M(4096M) 117.541ms
[1276.986s][info][gc             ] GC(209) Concurrent Mark Cycle
[1276.986s][info][gc,marking     ] GC(209) Concurrent Scan Root Regions
[1276.986s][info][gc,cpu         ] GC(208) User=0.69s Sys=0.00s Real=0.12s
[1277.125s][info][gc,marking     ] GC(209) Concurrent Scan Root Regions 139.029ms
[1277.125s][info][gc,marking     ] GC(209) Concurrent Mark
[1277.125s][info][gc,marking     ] GC(209) Concurrent Mark From Roots
[1277.125s][info][gc,task        ] GC(209) Using 2 workers of 2 for marking
.[1277.647s][info][gc,marking     ] GC(209) Concurrent Mark From Roots 522.004ms
[1277.647s][info][gc,marking     ] GC(209) Concurrent Preclean
[1277.648s][info][gc,marking     ] GC(209) Concurrent Preclean 0.039ms
[1277.648s][info][gc,start       ] GC(209) Pause Remark
[1277.650s][info][gc             ] GC(209) Pause Remark 1514M->1514M(4096M) 2.598ms
[1277.650s][info][gc,cpu         ] GC(209) User=0.01s Sys=0.00s Real=0.00s
[1277.650s][info][gc,marking     ] GC(209) Concurrent Mark 524.879ms
[1277.650s][info][gc,marking     ] GC(209) Concurrent Rebuild Remembered Sets and Scrub Regions
[1277.853s][info][gc,marking     ] GC(209) Concurrent Rebuild Remembered Sets and Scrub Regions 202.829ms
[1277.853s][info][gc,start       ] GC(209) Pause Cleanup
[1277.853s][info][gc             ] GC(209) Pause Cleanup 1546M->1546M(4096M) 0.115ms
[1277.853s][info][gc,cpu         ] GC(209) User=0.00s Sys=0.00s Real=0.00s
[1277.853s][info][gc,marking     ] GC(209) Concurrent Clear Claimed Marks
[1277.853s][info][gc,marking     ] GC(209) Concurrent Clear Claimed Marks 0.036ms
[1277.853s][info][gc,marking     ] GC(209) Concurrent Cleanup for Next Mark
[1277.858s][info][gc,marking     ] GC(209) Concurrent Cleanup for Next Mark 4.317ms
[1277.858s][info][gc             ] GC(209) Concurrent Mark Cycle 871.536ms
......... (rIR:aIR:PR = 1384:1383:1383) (tPR = 20587) [OK] 
  1286s: Performance info:
         Transaction,    Success,    Partial,     Failed,   Receipts, AvgBarcode, 
             Overall,      83127,          0,          0,      78967,      59.47, 
         Response times:
             Request,    Success,    Partial,     Failed,   SkipFail,     Probes,    Samples,      min,      p50,      p90,      p95,      p99,      max, 
       TotalPurchase,      78967,          0,          0,          0,      76736,      84324,      300,     1400,     2100,     2300,     3500,   145000,
     InStorePurchase,      41555,          0,          0,          0,      40481,      44325,      300,     1300,     2000,     2200,     3400,   145000,
      OnlinePurchase,      29096,          0,          0,          0,      28398,      31120,      300,     1500,     2100,     2300,     3800,   145000,
        InstPurchase,       8316,          0,          0,          0,       7857,       8879,      400,     1600,     2200,     2400,     4900,   145000,
          AssocOfCat,         84,          0,          0,          0,         78,         90,    18200,    23000,    26000,    30800,   164000,   164000,
      AssocOfProduct,        836,          0,          0,          0,        725,        882,      400,     1200,     1800,     2000,     2600,    23000,
      BusinessReport,        208,          0,          0,          0,        159,        239,    19200,    26000,    32000,    39000,   125400,   233000,
          CustBuyBeh,        829,          0,          0,          0,        690,        847,      300,     1500,     2200,     2400,     5404,   121000,
       ProductReturn,       2203,          0,          0,          0,       1963,       2257,      200,      700,     1800,     2100,     3000,   145000,

  1286s: (11%)   IR =   1522 ...[1290.187s][info][gc,start       ] GC(210) Pause Young (Prepare Mixed) (G1 Evacuation Pause)
[1290.187s][info][gc,task        ] GC(210) Using 6 workers of 6 for evacuation
[1290.304s][info][gc,phases      ] GC(210)   Pre Evacuate Collection Set: 0.35ms
[1290.304s][info][gc,phases      ] GC(210)   Merge Heap Roots: 0.60ms
[1290.304s][info][gc,phases      ] GC(210)   Evacuate Collection Set: 115.23ms
[1290.304s][info][gc,phases      ] GC(210)   Post Evacuate Collection Set: 0.96ms
[1290.304s][info][gc,phases      ] GC(210)   Other: 0.09ms
[1290.304s][info][gc,heap        ] GC(210) Eden regions: 1120->0(1119)
[1290.304s][info][gc,heap        ] GC(210) Survivor regions: 108->109(154)
[1290.304s][info][gc,heap        ] GC(210) Old regions: 499->530
[1290.304s][info][gc,heap        ] GC(210) Humongous regions: 77->77
[1290.304s][info][gc,metaspace   ] GC(210) Metaspace: 28913K(29248K)->28913K(29248K) NonClass: 24029K(24192K)->24029K(24192K) Class: 4884K(5056K)->4884K(5056K)
[1290.304s][info][gc             ] GC(210) Pause Young (Prepare Mixed) (G1 Evacuation Pause) 3606M->1430M(4096M) 117.381ms
[1290.304s][info][gc,cpu         ] GC(210) User=0.70s Sys=0.00s Real=0.12s
..|...........[1302.759s][info][gc,start       ] GC(211) Pause Young (Mixed) (G1 Evacuation Pause)
[1302.759s][info][gc,task        ] GC(211) Using 6 workers of 6 for evacuation
[1302.890s][info][gc,phases      ] GC(211)   Pre Evacuate Collection Set: 0.38ms
[1302.890s][info][gc,phases      ] GC(211)   Merge Heap Roots: 0.70ms
[1302.890s][info][gc,phases      ] GC(211)   Evacuate Collection Set: 129.37ms
[1302.890s][info][gc,phases      ] GC(211)   Post Evacuate Collection Set: 0.96ms
[1302.890s][info][gc,phases      ] GC(211)   Other: 0.09ms
[1302.890s][info][gc,heap        ] GC(211) Eden regions: 1119->0(1120)
[1302.890s][info][gc,heap        ] GC(211) Survivor regions: 109->108(154)
[1302.890s][info][gc,heap        ] GC(211) Old regions: 530->467
[1302.890s][info][gc,heap        ] GC(211) Humongous regions: 77->77
[1302.890s][info][gc,metaspace   ] GC(211) Metaspace: 28914K(29248K)->28914K(29248K) NonClass: 24030K(24192K)->24030K(24192K) Class: 4884K(5056K)->4884K(5056K)
[1302.890s][info][gc             ] GC(211) Pause Young (Mixed) (G1 Evacuation Pause) 3668M->1303M(4096M) 131.629ms
[1302.890s][info][gc,cpu         ] GC(211) User=0.77s Sys=0.00s Real=0.13s
............[1315.224s][info][gc,start       ] GC(212) Pause Young (Concurrent Start) (G1 Evacuation Pause)
[1315.225s][info][gc,task        ] GC(212) Using 6 workers of 6 for evacuation
[1315.344s][info][gc,phases      ] GC(212)   Pre Evacuate Collection Set: 0.43ms
[1315.344s][info][gc,phases      ] GC(212)   Merge Heap Roots: 0.49ms
[1315.344s][info][gc,phases      ] GC(212)   Evacuate Collection Set: 117.17ms
[1315.344s][info][gc,phases      ] GC(212)   Post Evacuate Collection Set: 0.92ms
[1315.344s][info][gc,phases      ] GC(212)   Other: 0.10ms
[1315.344s][info][gc,heap        ] GC(212) Eden regions: 1120->0(1117)
[1315.344s][info][gc,heap        ] GC(212) Survivor regions: 108->111(154)
[1315.344s][info][gc,heap        ] GC(212) Old regions: 467->500
[1315.344s][info][gc,heap        ] GC(212) Humongous regions: 77->77
[1315.344s][info][gc,metaspace   ] GC(212) Metaspace: 28915K(29248K)->28915K(29248K) NonClass: 24030K(24192K)->24030K(24192K) Class: 4884K(5056K)->4884K(5056K)
[1315.344s][info][gc             ] GC(212) Pause Young (Concurrent Start) (G1 Evacuation Pause) 3543M->1374M(4096M) 119.256ms
[1315.344s][info][gc             ] GC(213) Concurrent Mark Cycle
[1315.344s][info][gc,marking     ] GC(213) Concurrent Scan Root Regions
[1315.344s][info][gc,cpu         ] GC(212) User=0.71s Sys=0.00s Real=0.12s
.[1315.512s][info][gc,marking     ] GC(213) Concurrent Scan Root Regions 168.267ms
[1315.512s][info][gc,marking     ] GC(213) Concurrent Mark
[1315.512s][info][gc,marking     ] GC(213) Concurrent Mark From Roots
[1315.512s][info][gc,task        ] GC(213) Using 2 workers of 2 for marking
[1316.384s][info][gc,marking     ] GC(213) Concurrent Mark From Roots 872.177ms
[1316.384s][info][gc,marking     ] GC(213) Concurrent Preclean
[1316.384s][info][gc,marking     ] GC(213) Concurrent Preclean 0.048ms
[1316.385s][info][gc,start       ] GC(213) Pause Remark
[1316.388s][info][gc             ] GC(213) Pause Remark 1607M->1607M(4096M) 3.290ms
[1316.388s][info][gc,cpu         ] GC(213) User=0.02s Sys=0.00s Real=0.00s
[1316.388s][info][gc,marking     ] GC(213) Concurrent Mark 875.781ms
[1316.388s][info][gc,marking     ] GC(213) Concurrent Rebuild Remembered Sets and Scrub Regions
.[1316.765s][info][gc,marking     ] GC(213) Concurrent Rebuild Remembered Sets and Scrub Regions 376.881ms
[1316.765s][info][gc,start       ] GC(213) Pause Cleanup
[1316.765s][info][gc             ] GC(213) Pause Cleanup 1660M->1660M(4096M) 0.118ms
[1316.765s][info][gc,cpu         ] GC(213) User=0.00s Sys=0.00s Real=0.00s
[1316.765s][info][gc,marking     ] GC(213) Concurrent Clear Claimed Marks
[1316.765s][info][gc,marking     ] GC(213) Concurrent Clear Claimed Marks 0.028ms
[1316.765s][info][gc,marking     ] GC(213) Concurrent Cleanup for Next Mark
[1316.769s][info][gc,marking     ] GC(213) Concurrent Cleanup for Next Mark 3.354ms
[1316.769s][info][gc             ] GC(213) Concurrent Mark Cycle 1424.786ms
...........[1327.657s][info][gc,start       ] GC(214) Pause Young (Prepare Mixed) (G1 Evacuation Pause)
[1327.657s][info][gc,task        ] GC(214) Using 6 workers of 6 for evacuation
[1327.774s][info][gc,phases      ] GC(214)   Pre Evacuate Collection Set: 0.39ms
[1327.774s][info][gc,phases      ] GC(214)   Merge Heap Roots: 0.52ms
[1327.774s][info][gc,phases      ] GC(214)   Evacuate Collection Set: 114.95ms
[1327.774s][info][gc,phases      ] GC(214)   Post Evacuate Collection Set: 0.96ms
[1327.774s][info][gc,phases      ] GC(214)   Other: 0.10ms
[1327.774s][info][gc,heap        ] GC(214) Eden regions: 1117->0(1118)
[1327.774s][info][gc,heap        ] GC(214) Survivor regions: 111->109(154)
[1327.774s][info][gc,heap        ] GC(214) Old regions: 500->532
[1327.774s][info][gc,heap        ] GC(214) Humongous regions: 77->77
[1327.774s][info][gc,metaspace   ] GC(214) Metaspace: 28915K(29248K)->28915K(29248K) NonClass: 24030K(24192K)->24030K(24192K) Class: 4884K(5056K)->4884K(5056K)
[1327.774s][info][gc             ] GC(214) Pause Young (Prepare Mixed) (G1 Evacuation Pause) 3608M->1434M(4096M) 117.051ms
[1327.774s][info][gc,cpu         ] GC(214) User=0.69s Sys=0.00s Real=0.12s
............[1340.168s][info][gc,start       ] GC(215) Pause Young (Mixed) (G1 Evacuation Pause)
[1340.168s][info][gc,task        ] GC(215) Using 6 workers of 6 for evacuation
[1340.297s][info][gc,phases      ] GC(215)   Pre Evacuate Collection Set: 0.44ms
[1340.297s][info][gc,phases      ] GC(215)   Merge Heap Roots: 0.62ms
[1340.297s][info][gc,phases      ] GC(215)   Evacuate Collection Set: 126.29ms
[1340.297s][info][gc,phases      ] GC(215)   Post Evacuate Collection Set: 0.98ms
[1340.297s][info][gc,phases      ] GC(215)   Other: 0.10ms
[1340.297s][info][gc,heap        ] GC(215) Eden regions: 1118->0(1120)
[1340.297s][info][gc,heap        ] GC(215) Survivor regions: 109->108(154)
[1340.297s][info][gc,heap        ] GC(215) Old regions: 532->469
[1340.297s][info][gc,heap        ] GC(215) Humongous regions: 77->77
[1340.297s][info][gc,metaspace   ] GC(215) Metaspace: 28916K(29248K)->28916K(29248K) NonClass: 24031K(24192K)->24031K(24192K) Class: 4884K(5056K)->4884K(5056K)
[1340.297s][info][gc             ] GC(215) Pause Young (Mixed) (G1 Evacuation Pause) 3670M->1307M(4096M) 128.561ms
[1340.297s][info][gc,cpu         ] GC(215) User=0.76s Sys=0.00s Real=0.13s
............ (rIR:aIR:PR = 1522:1522:1522) (tPR = 22964) [OK] 
  1351s: Performance info:
         Transaction,    Success,    Partial,     Failed,   Receipts, AvgBarcode, 
             Overall,      91344,          0,          0,      86766,      59.47, 
         Response times:
             Request,    Success,    Partial,     Failed,   SkipFail,     Probes,    Samples,      min,      p50,      p90,      p95,      p99,      max, 
       TotalPurchase,      86766,          0,          0,          0,      84360,      92679,      300,     1500,     2200,     2500,     3900,   136000,
     InStorePurchase,      45642,          0,          0,          0,      44576,      48829,      300,     1500,     2200,     2450,     3800,   134000,
      OnlinePurchase,      31997,          0,          0,          0,      31122,      34167,      300,     1600,     2300,     2600,     4400,   136000,
        InstPurchase,       9127,          0,          0,          0,       8662,       9683,      400,     1400,     2100,     2400,     3400,    16800,
          AssocOfCat,         93,          0,          0,          0,         91,         98,    18200,    24000,    33000,    38050,   152000,   152000,
      AssocOfProduct,        915,          0,          0,          0,        785,        949,      500,     1300,     1900,     2100,     3700,     5300,
      BusinessReport,        231,          0,          0,          0,        176,        264,    19700,    26500,    35000,    41750,   146000,   163000,
          CustBuyBeh,        909,          0,          0,          0,        795,        960,      200,     1100,     2090,     2300,     3039,    13800,
       ProductReturn,       2430,          0,          0,          0,       2222,       2595,      200,     1800,     2340,     2600,     9728,   121000,

  1351s: (12%)   IR =   1660 .[1352.630s][info][gc,start       ] GC(216) Pause Young (Concurrent Start) (G1 Evacuation Pause)
[1352.631s][info][gc,task        ] GC(216) Using 6 workers of 6 for evacuation
[1352.747s][info][gc,phases      ] GC(216)   Pre Evacuate Collection Set: 0.44ms
[1352.747s][info][gc,phases      ] GC(216)   Merge Heap Roots: 0.48ms
[1352.747s][info][gc,phases      ] GC(216)   Evacuate Collection Set: 114.68ms
[1352.747s][info][gc,phases      ] GC(216)   Post Evacuate Collection Set: 0.90ms
[1352.747s][info][gc,phases      ] GC(216)   Other: 0.10ms
[1352.747s][info][gc,heap        ] GC(216) Eden regions: 1120->0(1118)
[1352.747s][info][gc,heap        ] GC(216) Survivor regions: 108->110(154)
[1352.747s][info][gc,heap        ] GC(216) Old regions: 469->501
[1352.747s][info][gc,heap        ] GC(216) Humongous regions: 77->77
[1352.747s][info][gc,metaspace   ] GC(216) Metaspace: 28916K(29248K)->28916K(29248K) NonClass: 24031K(24192K)->24031K(24192K) Class: 4884K(5056K)->4884K(5056K)
[1352.747s][info][gc             ] GC(216) Pause Young (Concurrent Start) (G1 Evacuation Pause) 3547M->1374M(4096M) 116.721ms
[1352.747s][info][gc             ] GC(217) Concurrent Mark Cycle
[1352.747s][info][gc,marking     ] GC(217) Concurrent Scan Root Regions
[1352.747s][info][gc,cpu         ] GC(216) User=0.69s Sys=0.00s Real=0.12s
[1352.895s][info][gc,marking     ] GC(217) Concurrent Scan Root Regions 147.548ms
[1352.895s][info][gc,marking     ] GC(217) Concurrent Mark
[1352.895s][info][gc,marking     ] GC(217) Concurrent Mark From Roots
[1352.895s][info][gc,task        ] GC(217) Using 2 workers of 2 for marking
[1353.447s][info][gc,marking     ] GC(217) Concurrent Mark From Roots 552.283ms
[1353.447s][info][gc,marking     ] GC(217) Concurrent Preclean
[1353.447s][info][gc,marking     ] GC(217) Concurrent Preclean 0.042ms
[1353.447s][info][gc,start       ] GC(217) Pause Remark
[1353.450s][info][gc             ] GC(217) Pause Remark 1557M->1557M(4096M) 2.735ms
[1353.450s][info][gc,cpu         ] GC(217) User=0.01s Sys=0.00s Real=0.00s
[1353.450s][info][gc,marking     ] GC(217) Concurrent Mark 555.331ms
[1353.450s][info][gc,marking     ] GC(217) Concurrent Rebuild Remembered Sets and Scrub Regions
.[1353.789s][info][gc,marking     ] GC(217) Concurrent Rebuild Remembered Sets and Scrub Regions 338.636ms
[1353.789s][info][gc,start       ] GC(217) Pause Cleanup
[1353.789s][info][gc             ] GC(217) Pause Cleanup 1612M->1612M(4096M) 0.132ms
[1353.789s][info][gc,cpu         ] GC(217) User=0.00s Sys=0.00s Real=0.00s
[1353.789s][info][gc,marking     ] GC(217) Concurrent Clear Claimed Marks
[1353.789s][info][gc,marking     ] GC(217) Concurrent Clear Claimed Marks 0.027ms
[1353.789s][info][gc,marking     ] GC(217) Concurrent Cleanup for Next Mark
[1353.793s][info][gc,marking     ] GC(217) Concurrent Cleanup for Next Mark 3.970ms
[1353.793s][info][gc             ] GC(217) Concurrent Mark Cycle 1046.023ms
..|........[1364.027s][info][gc,start       ] GC(218) Pause Young (Prepare Mixed) (G1 Evacuation Pause)
[1364.027s][info][gc,task        ] GC(218) Using 6 workers of 6 for evacuation
[1364.144s][info][gc,phases      ] GC(218)   Pre Evacuate Collection Set: 0.34ms
[1364.144s][info][gc,phases      ] GC(218)   Merge Heap Roots: 0.55ms
[1364.144s][info][gc,phases      ] GC(218)   Evacuate Collection Set: 115.51ms
[1364.144s][info][gc,phases      ] GC(218)   Post Evacuate Collection Set: 0.95ms
[1364.144s][info][gc,phases      ] GC(218)   Other: 0.10ms
[1364.144s][info][gc,heap        ] GC(218) Eden regions: 1118->0(1119)
[1364.144s][info][gc,heap        ] GC(218) Survivor regions: 110->108(154)
[1364.144s][info][gc,heap        ] GC(218) Old regions: 501->533
[1364.144s][info][gc,heap        ] GC(218) Humongous regions: 77->77
[1364.144s][info][gc,metaspace   ] GC(218) Metaspace: 28916K(29248K)->28916K(29248K) NonClass: 24031K(24192K)->24031K(24192K) Class: 4884K(5056K)->4884K(5056K)
[1364.144s][info][gc             ] GC(218) Pause Young (Prepare Mixed) (G1 Evacuation Pause) 3610M->1434M(4096M) 117.585ms
[1364.144s][info][gc,cpu         ] GC(218) User=0.69s Sys=0.01s Real=0.12s
............[1375.573s][info][gc,start       ] GC(219) Pause Young (Mixed) (G1 Evacuation Pause)
[1375.573s][info][gc,task        ] GC(219) Using 6 workers of 6 for evacuation
[1375.704s][info][gc,phases      ] GC(219)   Pre Evacuate Collection Set: 0.42ms
[1375.704s][info][gc,phases      ] GC(219)   Merge Heap Roots: 0.65ms
[1375.704s][info][gc,phases      ] GC(219)   Evacuate Collection Set: 129.09ms
[1375.704s][info][gc,phases      ] GC(219)   Post Evacuate Collection Set: 0.96ms
[1375.705s][info][gc,phases      ] GC(219)   Other: 0.09ms
[1375.705s][info][gc,heap        ] GC(219) Eden regions: 1119->0(1120)
[1375.705s][info][gc,heap        ] GC(219) Survivor regions: 108->108(154)
[1375.705s][info][gc,heap        ] GC(219) Old regions: 533->468
[1375.705s][info][gc,heap        ] GC(219) Humongous regions: 77->77
[1375.705s][info][gc,metaspace   ] GC(219) Metaspace: 28916K(29248K)->28916K(29248K) NonClass: 24031K(24192K)->24031K(24192K) Class: 4884K(5056K)->4884K(5056K)
[1375.705s][info][gc             ] GC(219) Pause Young (Mixed) (G1 Evacuation Pause) 3672M->1305M(4096M) 131.338ms
[1375.705s][info][gc,cpu         ] GC(219) User=0.77s Sys=0.00s Real=0.14s
...........[1386.863s][info][gc,start       ] GC(220) Pause Young (Concurrent Start) (G1 Evacuation Pause)
[1386.863s][info][gc,task        ] GC(220) Using 6 workers of 6 for evacuation
[1386.983s][info][gc,phases      ] GC(220)   Pre Evacuate Collection Set: 0.40ms
[1386.983s][info][gc,phases      ] GC(220)   Merge Heap Roots: 0.49ms
[1386.983s][info][gc,phases      ] GC(220)   Evacuate Collection Set: 117.89ms
[1386.983s][info][gc,phases      ] GC(220)   Post Evacuate Collection Set: 0.91ms
[1386.983s][info][gc,phases      ] GC(220)   Other: 0.12ms
[1386.983s][info][gc,heap        ] GC(220) Eden regions: 1120->0(1117)
[1386.983s][info][gc,heap        ] GC(220) Survivor regions: 108->111(154)
[1386.983s][info][gc,heap        ] GC(220) Old regions: 468->499
[1386.983s][info][gc,heap        ] GC(220) Humongous regions: 77->77
[1386.983s][info][gc,metaspace   ] GC(220) Metaspace: 28916K(29248K)->28916K(29248K) NonClass: 24031K(24192K)->24031K(24192K) Class: 4884K(5056K)->4884K(5056K)
[1386.983s][info][gc             ] GC(220) Pause Young (Concurrent Start) (G1 Evacuation Pause) 3545M->1372M(4096M) 119.931ms
[1386.983s][info][gc             ] GC(221) Concurrent Mark Cycle
[1386.983s][info][gc,marking     ] GC(221) Concurrent Scan Root Regions
[1386.983s][info][gc,cpu         ] GC(220) User=0.70s Sys=0.00s Real=0.12s
[1387.105s][info][gc,marking     ] GC(221) Concurrent Scan Root Regions 121.630ms
[1387.105s][info][gc,marking     ] GC(221) Concurrent Mark
[1387.105s][info][gc,marking     ] GC(221) Concurrent Mark From Roots
[1387.105s][info][gc,task        ] GC(221) Using 2 workers of 2 for marking
.[1387.644s][info][gc,marking     ] GC(221) Concurrent Mark From Roots 539.219ms
[1387.644s][info][gc,marking     ] GC(221) Concurrent Preclean
[1387.644s][info][gc,marking     ] GC(221) Concurrent Preclean 0.035ms
[1387.644s][info][gc,start       ] GC(221) Pause Remark
[1387.647s][info][gc             ] GC(221) Pause Remark 1512M->1512M(4096M) 2.668ms
[1387.647s][info][gc,cpu         ] GC(221) User=0.01s Sys=0.00s Real=0.00s
[1387.647s][info][gc,marking     ] GC(221) Concurrent Mark 542.168ms
[1387.647s][info][gc,marking     ] GC(221) Concurrent Rebuild Remembered Sets and Scrub Regions
[1387.861s][info][gc,marking     ] GC(221) Concurrent Rebuild Remembered Sets and Scrub Regions 213.741ms
[1387.861s][info][gc,start       ] GC(221) Pause Cleanup
[1387.861s][info][gc             ] GC(221) Pause Cleanup 1554M->1554M(4096M) 0.117ms
[1387.861s][info][gc,cpu         ] GC(221) User=0.00s Sys=0.00s Real=0.00s
[1387.861s][info][gc,marking     ] GC(221) Concurrent Clear Claimed Marks
[1387.861s][info][gc,marking     ] GC(221) Concurrent Clear Claimed Marks 0.028ms
[1387.861s][info][gc,marking     ] GC(221) Concurrent Cleanup for Next Mark
[1387.864s][info][gc,marking     ] GC(221) Concurrent Cleanup for Next Mark 3.232ms
[1387.864s][info][gc             ] GC(221) Concurrent Mark Cycle 881.244ms
..........[1398.393s][info][gc,start       ] GC(222) Pause Young (Prepare Mixed) (G1 Evacuation Pause)
[1398.393s][info][gc,task        ] GC(222) Using 6 workers of 6 for evacuation
[1398.510s][info][gc,phases      ] GC(222)   Pre Evacuate Collection Set: 0.35ms
[1398.510s][info][gc,phases      ] GC(222)   Merge Heap Roots: 0.55ms
[1398.510s][info][gc,phases      ] GC(222)   Evacuate Collection Set: 115.60ms
[1398.510s][info][gc,phases      ] GC(222)   Post Evacuate Collection Set: 0.96ms
[1398.510s][info][gc,phases      ] GC(222)   Other: 0.08ms
[1398.510s][info][gc,heap        ] GC(222) Eden regions: 1117->0(1118)
[1398.510s][info][gc,heap        ] GC(222) Survivor regions: 111->109(154)
[1398.510s][info][gc,heap        ] GC(222) Old regions: 499->532
[1398.510s][info][gc,heap        ] GC(222) Humongous regions: 77->77
[1398.510s][info][gc,metaspace   ] GC(222) Metaspace: 28916K(29248K)->28916K(29248K) NonClass: 24031K(24192K)->24031K(24192K) Class: 4884K(5056K)->4884K(5056K)
[1398.511s][info][gc             ] GC(222) Pause Young (Prepare Mixed) (G1 Evacuation Pause) 3606M->1434M(4096M) 117.694ms
[1398.511s][info][gc,cpu         ] GC(222) User=0.69s Sys=0.01s Real=0.12s
............[1409.940s][info][gc,start       ] GC(223) Pause Young (Mixed) (G1 Evacuation Pause)
[1409.940s][info][gc,task        ] GC(223) Using 6 workers of 6 for evacuation
[1410.072s][info][gc,phases      ] GC(223)   Pre Evacuate Collection Set: 0.43ms
[1410.072s][info][gc,phases      ] GC(223)   Merge Heap Roots: 0.68ms
[1410.072s][info][gc,phases      ] GC(223)   Evacuate Collection Set: 129.61ms
[1410.072s][info][gc,phases      ] GC(223)   Post Evacuate Collection Set: 0.96ms
[1410.072s][info][gc,phases      ] GC(223)   Other: 0.09ms
[1410.072s][info][gc,heap        ] GC(223) Eden regions: 1118->0(1119)
[1410.072s][info][gc,heap        ] GC(223) Survivor regions: 109->109(154)
[1410.072s][info][gc,heap        ] GC(223) Old regions: 532->469
[1410.072s][info][gc,heap        ] GC(223) Humongous regions: 77->77
[1410.072s][info][gc,metaspace   ] GC(223) Metaspace: 28916K(29248K)->28916K(29248K) NonClass: 24031K(24192K)->24031K(24192K) Class: 4884K(5056K)->4884K(5056K)
[1410.072s][info][gc             ] GC(223) Pause Young (Mixed) (G1 Evacuation Pause) 3670M->1308M(4096M) 131.905ms
[1410.072s][info][gc,cpu         ] GC(223) User=0.78s Sys=0.00s Real=0.13s
...... (rIR:aIR:PR = 1660:1660:1660) (tPR = 24810) [OK] 
  1415s: Performance info:
         Transaction,    Success,    Partial,     Failed,   Receipts, AvgBarcode, 
             Overall,      99664,          0,          0,      94677,      59.48, 
         Response times:
             Request,    Success,    Partial,     Failed,   SkipFail,     Probes,    Samples,      min,      p50,      p90,      p95,      p99,      max, 
       TotalPurchase,      94677,          0,          0,          0,      91887,      99601,      300,     1600,     2400,     2700,     6598,   138000,
     InStorePurchase,      49803,          0,          0,          0,      48403,      52279,      300,     1600,     2400,     2700,     6300,   138000,
      OnlinePurchase,      34898,          0,          0,          0,      33969,      36741,      300,     1600,     2400,     2700,     7000,   137000,
        InstPurchase,       9976,          0,          0,          0,       9515,      10581,      400,     1700,     2500,     2800,     6918,   137000,
          AssocOfCat,        100,          0,          0,          0,         99,        105,    18300,    24000,    31400,    38800,   203940,   207000,
      AssocOfProduct,        998,          0,          0,          0,        873,       1045,      500,     1000,     1600,     2000,     3208,    11400,
      BusinessReport,        250,          0,          0,          0,        203,        289,    19600,    27000,    33000,    41000,   124600,   168000,
          CustBuyBeh,        998,          0,          0,          0,        867,       1071,      200,     1000,     2000,     2300,     4280,   120000,
       ProductReturn,       2641,          0,          0,          0,       2403,       2733,      200,     1700,     2400,     2700,     4000,   135000,

  1415s: (13%)   IR =   1799 .....[1420.881s][info][gc,start       ] GC(224) Pause Young (Concurrent Start) (G1 Evacuation Pause)
[1420.881s][info][gc,task        ] GC(224) Using 6 workers of 6 for evacuation
[1420.998s][info][gc,phases      ] GC(224)   Pre Evacuate Collection Set: 0.42ms
[1420.998s][info][gc,phases      ] GC(224)   Merge Heap Roots: 0.49ms
[1420.998s][info][gc,phases      ] GC(224)   Evacuate Collection Set: 115.36ms
[1420.998s][info][gc,phases      ] GC(224)   Post Evacuate Collection Set: 0.90ms
[1420.998s][info][gc,phases      ] GC(224)   Other: 0.11ms
[1420.998s][info][gc,heap        ] GC(224) Eden regions: 1119->0(1119)
[1420.998s][info][gc,heap        ] GC(224) Survivor regions: 109->109(154)
[1420.998s][info][gc,heap        ] GC(224) Old regions: 469->500
[1420.998s][info][gc,heap        ] GC(224) Humongous regions: 77->77
[1420.998s][info][gc,metaspace   ] GC(224) Metaspace: 28919K(29248K)->28919K(29248K) NonClass: 24035K(24192K)->24035K(24192K) Class: 4884K(5056K)->4884K(5056K)
[1420.998s][info][gc             ] GC(224) Pause Young (Concurrent Start) (G1 Evacuation Pause) 3546M->1370M(4096M) 117.401ms
[1420.998s][info][gc             ] GC(225) Concurrent Mark Cycle
[1420.998s][info][gc,marking     ] GC(225) Concurrent Scan Root Regions
[1420.998s][info][gc,cpu         ] GC(224) User=0.70s Sys=0.00s Real=0.12s
[1421.116s][info][gc,marking     ] GC(225) Concurrent Scan Root Regions 117.574ms
[1421.116s][info][gc,marking     ] GC(225) Concurrent Mark
[1421.116s][info][gc,marking     ] GC(225) Concurrent Mark From Roots
[1421.116s][info][gc,task        ] GC(225) Using 2 workers of 2 for marking
.|[1421.637s][info][gc,marking     ] GC(225) Concurrent Mark From Roots 521.406ms
[1421.637s][info][gc,marking     ] GC(225) Concurrent Preclean
[1421.637s][info][gc,marking     ] GC(225) Concurrent Preclean 0.046ms
[1421.637s][info][gc,start       ] GC(225) Pause Remark
[1421.640s][info][gc             ] GC(225) Pause Remark 1522M->1522M(4096M) 2.709ms
[1421.640s][info][gc,cpu         ] GC(225) User=0.01s Sys=0.00s Real=0.00s
[1421.640s][info][gc,marking     ] GC(225) Concurrent Mark 524.409ms
[1421.640s][info][gc,marking     ] GC(225) Concurrent Rebuild Remembered Sets and Scrub Regions
[1421.850s][info][gc,marking     ] GC(225) Concurrent Rebuild Remembered Sets and Scrub Regions 209.316ms
[1421.850s][info][gc,start       ] GC(225) Pause Cleanup
[1421.850s][info][gc             ] GC(225) Pause Cleanup 1570M->1570M(4096M) 0.118ms
[1421.850s][info][gc,cpu         ] GC(225) User=0.00s Sys=0.00s Real=0.00s
[1421.850s][info][gc,marking     ] GC(225) Concurrent Clear Claimed Marks
[1421.850s][info][gc,marking     ] GC(225) Concurrent Clear Claimed Marks 0.027ms
[1421.850s][info][gc,marking     ] GC(225) Concurrent Cleanup for Next Mark
[1421.853s][info][gc,marking     ] GC(225) Concurrent Cleanup for Next Mark 3.247ms
[1421.853s][info][gc             ] GC(225) Concurrent Mark Cycle 855.010ms
.........[1431.424s][info][gc,start       ] GC(226) Pause Young (Prepare Mixed) (G1 Evacuation Pause)
[1431.424s][info][gc,task        ] GC(226) Using 6 workers of 6 for evacuation
[1431.541s][info][gc,phases      ] GC(226)   Pre Evacuate Collection Set: 0.36ms
[1431.541s][info][gc,phases      ] GC(226)   Merge Heap Roots: 0.50ms
[1431.541s][info][gc,phases      ] GC(226)   Evacuate Collection Set: 114.66ms
[1431.541s][info][gc,phases      ] GC(226)   Post Evacuate Collection Set: 0.96ms
[1431.541s][info][gc,phases      ] GC(226)   Other: 0.09ms
[1431.541s][info][gc,heap        ] GC(226) Eden regions: 1119->0(1119)
[1431.541s][info][gc,heap        ] GC(226) Survivor regions: 109->108(154)
[1431.541s][info][gc,heap        ] GC(226) Old regions: 500->533
[1431.541s][info][gc,heap        ] GC(226) Humongous regions: 77->77
[1431.541s][info][gc,metaspace   ] GC(226) Metaspace: 28919K(29248K)->28919K(29248K) NonClass: 24035K(24192K)->24035K(24192K) Class: 4884K(5056K)->4884K(5056K)
[1431.541s][info][gc             ] GC(226) Pause Young (Prepare Mixed) (G1 Evacuation Pause) 3608M->1434M(4096M) 116.717ms
[1431.541s][info][gc,cpu         ] GC(226) User=0.69s Sys=0.00s Real=0.11s
...........[1441.966s][info][gc,start       ] GC(227) Pause Young (Mixed) (G1 Evacuation Pause)
[1441.966s][info][gc,task        ] GC(227) Using 6 workers of 6 for evacuation
[1442.097s][info][gc,phases      ] GC(227)   Pre Evacuate Collection Set: 0.40ms
[1442.097s][info][gc,phases      ] GC(227)   Merge Heap Roots: 0.62ms
[1442.097s][info][gc,phases      ] GC(227)   Evacuate Collection Set: 129.08ms
[1442.097s][info][gc,phases      ] GC(227)   Post Evacuate Collection Set: 0.97ms
[1442.097s][info][gc,phases      ] GC(227)   Other: 0.09ms
[1442.097s][info][gc,heap        ] GC(227) Eden regions: 1119->0(1120)
[1442.097s][info][gc,heap        ] GC(227) Survivor regions: 108->108(154)
[1442.097s][info][gc,heap        ] GC(227) Old regions: 533->469
[1442.097s][info][gc,heap        ] GC(227) Humongous regions: 77->77
[1442.097s][info][gc,metaspace   ] GC(227) Metaspace: 28919K(29248K)->28919K(29248K) NonClass: 24035K(24192K)->24035K(24192K) Class: 4884K(5056K)->4884K(5056K)
[1442.097s][info][gc             ] GC(227) Pause Young (Mixed) (G1 Evacuation Pause) 3672M->1306M(4096M) 131.295ms
[1442.097s][info][gc,cpu         ] GC(227) User=0.78s Sys=0.00s Real=0.13s
..........[1452.555s][info][gc,start       ] GC(228) Pause Young (Concurrent Start) (G1 Evacuation Pause)
[1452.555s][info][gc,task        ] GC(228) Using 6 workers of 6 for evacuation
[1452.672s][info][gc,phases      ] GC(228)   Pre Evacuate Collection Set: 0.41ms
[1452.672s][info][gc,phases      ] GC(228)   Merge Heap Roots: 0.54ms
[1452.672s][info][gc,phases      ] GC(228)   Evacuate Collection Set: 114.20ms
[1452.672s][info][gc,phases      ] GC(228)   Post Evacuate Collection Set: 0.91ms
[1452.672s][info][gc,phases      ] GC(228)   Other: 0.12ms
[1452.672s][info][gc,heap        ] GC(228) Eden regions: 1120->0(1119)
[1452.672s][info][gc,heap        ] GC(228) Survivor regions: 108->109(154)
[1452.672s][info][gc,heap        ] GC(228) Old regions: 469->501
[1452.672s][info][gc,heap        ] GC(228) Humongous regions: 77->77
[1452.672s][info][gc,metaspace   ] GC(228) Metaspace: 28919K(29248K)->28919K(29248K) NonClass: 24035K(24192K)->24035K(24192K) Class: 4884K(5056K)->4884K(5056K)
[1452.672s][info][gc             ] GC(228) Pause Young (Concurrent Start) (G1 Evacuation Pause) 3546M->1372M(4096M) 116.325ms
[1452.672s][info][gc             ] GC(229) Concurrent Mark Cycle
[1452.672s][info][gc,marking     ] GC(229) Concurrent Scan Root Regions
[1452.672s][info][gc,cpu         ] GC(228) User=0.68s Sys=0.00s Real=0.11s
.[1452.797s][info][gc,marking     ] GC(229) Concurrent Scan Root Regions 124.971ms
[1452.797s][info][gc,marking     ] GC(229) Concurrent Mark
[1452.797s][info][gc,marking     ] GC(229) Concurrent Mark From Roots
[1452.797s][info][gc,task        ] GC(229) Using 2 workers of 2 for marking
[1453.329s][info][gc,marking     ] GC(229) Concurrent Mark From Roots 532.575ms
[1453.329s][info][gc,marking     ] GC(229) Concurrent Preclean
[1453.329s][info][gc,marking     ] GC(229) Concurrent Preclean 0.036ms
[1453.330s][info][gc,start       ] GC(229) Pause Remark
[1453.332s][info][gc             ] GC(229) Pause Remark 1510M->1510M(4096M) 2.550ms
[1453.332s][info][gc,cpu         ] GC(229) User=0.02s Sys=0.00s Real=0.00s
[1453.332s][info][gc,marking     ] GC(229) Concurrent Mark 535.415ms
[1453.332s][info][gc,marking     ] GC(229) Concurrent Rebuild Remembered Sets and Scrub Regions
[1453.545s][info][gc,marking     ] GC(229) Concurrent Rebuild Remembered Sets and Scrub Regions 212.957ms
[1453.545s][info][gc,start       ] GC(229) Pause Cleanup
[1453.545s][info][gc             ] GC(229) Pause Cleanup 1560M->1560M(4096M) 0.115ms
[1453.545s][info][gc,cpu         ] GC(229) User=0.00s Sys=0.00s Real=0.00s
[1453.546s][info][gc,marking     ] GC(229) Concurrent Clear Claimed Marks
[1453.546s][info][gc,marking     ] GC(229) Concurrent Clear Claimed Marks 0.036ms
[1453.546s][info][gc,marking     ] GC(229) Concurrent Cleanup for Next Mark
[1453.549s][info][gc,marking     ] GC(229) Concurrent Cleanup for Next Mark 3.267ms
[1453.549s][info][gc             ] GC(229) Concurrent Mark Cycle 877.130ms
..........[1463.037s][info][gc,start       ] GC(230) Pause Young (Prepare Mixed) (G1 Evacuation Pause)
[1463.037s][info][gc,task        ] GC(230) Using 6 workers of 6 for evacuation
[1463.153s][info][gc,phases      ] GC(230)   Pre Evacuate Collection Set: 0.37ms
[1463.153s][info][gc,phases      ] GC(230)   Merge Heap Roots: 0.49ms
[1463.153s][info][gc,phases      ] GC(230)   Evacuate Collection Set: 114.46ms
[1463.153s][info][gc,phases      ] GC(230)   Post Evacuate Collection Set: 0.99ms
[1463.153s][info][gc,phases      ] GC(230)   Other: 0.09ms
[1463.153s][info][gc,heap        ] GC(230) Eden regions: 1119->0(1119)
[1463.153s][info][gc,heap        ] GC(230) Survivor regions: 109->108(154)
[1463.153s][info][gc,heap        ] GC(230) Old regions: 501->533
[1463.153s][info][gc,heap        ] GC(230) Humongous regions: 77->77
[1463.153s][info][gc,metaspace   ] GC(230) Metaspace: 28919K(29248K)->28919K(29248K) NonClass: 24035K(24192K)->24035K(24192K) Class: 4884K(5056K)->4884K(5056K)
[1463.153s][info][gc             ] GC(230) Pause Young (Prepare Mixed) (G1 Evacuation Pause) 3610M->1434M(4096M) 116.535ms
[1463.153s][info][gc,cpu         ] GC(230) User=0.69s Sys=0.00s Real=0.11s
...........[1473.719s][info][gc,start       ] GC(231) Pause Young (Mixed) (G1 Evacuation Pause)
[1473.719s][info][gc,task        ] GC(231) Using 6 workers of 6 for evacuation
[1473.861s][info][gc,phases      ] GC(231)   Pre Evacuate Collection Set: 0.46ms
[1473.861s][info][gc,phases      ] GC(231)   Merge Heap Roots: 0.80ms
[1473.861s][info][gc,phases      ] GC(231)   Evacuate Collection Set: 139.84ms
[1473.861s][info][gc,phases      ] GC(231)   Post Evacuate Collection Set: 0.96ms
[1473.861s][info][gc,phases      ] GC(231)   Other: 0.10ms
[1473.861s][info][gc,heap        ] GC(231) Eden regions: 1119->0(1119)
[1473.861s][info][gc,heap        ] GC(231) Survivor regions: 108->109(154)
[1473.861s][info][gc,heap        ] GC(231) Old regions: 533->470
[1473.861s][info][gc,heap        ] GC(231) Humongous regions: 77->77
[1473.861s][info][gc,metaspace   ] GC(231) Metaspace: 28919K(29248K)->28919K(29248K) NonClass: 24035K(24192K)->24035K(24192K) Class: 4884K(5056K)->4884K(5056K)
[1473.861s][info][gc             ] GC(231) Pause Young (Mixed) (G1 Evacuation Pause) 3672M->1310M(4096M) 142.306ms
[1473.861s][info][gc,cpu         ] GC(231) User=0.84s Sys=0.00s Real=0.14s
.[1475.469s][info][gc,start       ] GC(232) Pause Young (Concurrent Start) (G1 Humongous Allocation)
[1475.469s][info][gc,task        ] GC(232) Using 6 workers of 6 for evacuation
[1475.559s][info][gc,phases      ] GC(232)   Pre Evacuate Collection Set: 0.40ms
[1475.559s][info][gc,phases      ] GC(232)   Merge Heap Roots: 0.30ms
[1475.559s][info][gc,phases      ] GC(232)   Evacuate Collection Set: 88.92ms
[1475.559s][info][gc,phases      ] GC(232)   Post Evacuate Collection Set: 0.48ms
[1475.559s][info][gc,phases      ] GC(232)   Other: 0.11ms
[1475.559s][info][gc,heap        ] GC(232) Eden regions: 172->0(1154)
[1475.559s][info][gc,heap        ] GC(232) Survivor regions: 109->74(154)
[1475.559s][info][gc,heap        ] GC(232) Old regions: 470->512
[1475.559s][info][gc,heap        ] GC(232) Humongous regions: 77->77
[1475.559s][info][gc,metaspace   ] GC(232) Metaspace: 28919K(29248K)->28919K(29248K) NonClass: 24035K(24192K)->24035K(24192K) Class: 4884K(5056K)->4884K(5056K)
[1475.559s][info][gc             ] GC(232) Pause Young (Concurrent Start) (G1 Humongous Allocation) 1654M->1323M(4096M) 90.328ms
[1475.559s][info][gc             ] GC(233) Concurrent Mark Cycle
[1475.559s][info][gc,marking     ] GC(233) Concurrent Scan Root Regions
[1475.559s][info][gc,cpu         ] GC(232) User=0.53s Sys=0.00s Real=0.09s
[1475.690s][info][gc,marking     ] GC(233) Concurrent Scan Root Regions 130.877ms
[1475.690s][info][gc,marking     ] GC(233) Concurrent Mark
[1475.690s][info][gc,marking     ] GC(233) Concurrent Mark From Roots
[1475.690s][info][gc,task        ] GC(233) Using 2 workers of 2 for marking
.[1476.403s][info][gc,marking     ] GC(233) Concurrent Mark From Roots 712.789ms
[1476.403s][info][gc,marking     ] GC(233) Concurrent Preclean
[1476.403s][info][gc,marking     ] GC(233) Concurrent Preclean 0.038ms
[1476.403s][info][gc,start       ] GC(233) Pause Remark
[1476.407s][info][gc             ] GC(233) Pause Remark 1583M->1583M(4096M) 3.433ms
[1476.407s][info][gc,cpu         ] GC(233) User=0.02s Sys=0.00s Real=0.01s
[1476.407s][info][gc,marking     ] GC(233) Concurrent Mark 716.543ms
[1476.407s][info][gc,marking     ] GC(233) Concurrent Rebuild Remembered Sets and Scrub Regions
.[1476.782s][info][gc,marking     ] GC(233) Concurrent Rebuild Remembered Sets and Scrub Regions 374.511ms
[1476.782s][info][gc,start       ] GC(233) Pause Cleanup
[1476.782s][info][gc             ] GC(233) Pause Cleanup 1647M->1647M(4096M) 0.109ms
[1476.782s][info][gc,cpu         ] GC(233) User=0.00s Sys=0.00s Real=0.00s
[1476.782s][info][gc,marking     ] GC(233) Concurrent Clear Claimed Marks
[1476.782s][info][gc,marking     ] GC(233) Concurrent Clear Claimed Marks 0.028ms
[1476.782s][info][gc,marking     ] GC(233) Concurrent Cleanup for Next Mark
[1476.785s][info][gc,marking     ] GC(233) Concurrent Cleanup for Next Mark 3.509ms
[1476.785s][info][gc             ] GC(233) Concurrent Mark Cycle 1225.928ms
..... (rIR:aIR:PR = 1799:1799:1799) (tPR = 26750) [OK] 
  1481s: Performance info:
         Transaction,    Success,    Partial,     Failed,   Receipts, AvgBarcode, 
             Overall,     108248,          0,          0,     102819,      59.47, 
         Response times:
             Request,    Success,    Partial,     Failed,   SkipFail,     Probes,    Samples,      min,      p50,      p90,      p95,      p99,      max, 
       TotalPurchase,     102819,          0,          0,          0,     100079,     112075,      300,     1700,     2600,     3000,     6300,   156000,
     InStorePurchase,      54109,          0,          0,          0,      52923,      59047,      300,     1700,     2600,     2900,     6100,   149000,
      OnlinePurchase,      37873,          0,          0,          0,      36872,      41306,      300,     1800,     2700,     3100,     7200,   156000,
        InstPurchase,      10837,          0,          0,          0,      10284,      11722,      400,     1500,     2600,     2900,     4800,   147000,
          AssocOfCat,        108,          0,          0,          0,        101,        118,    18400,    25000,    29100,    33050,   138760,   157000,
      AssocOfProduct,       1083,          0,          0,          0,        947,       1186,      600,     2100,     2900,     3500,     8313,    21000,
      BusinessReport,        274,          0,          0,          0,        201,        308,    20000,    28000,    34000,    38000,    58820,    66000,
          CustBuyBeh,       1085,          0,          0,          0,        944,       1149,      400,     1600,     2200,     2550,     7250,    11700,
       ProductReturn,       2879,          0,          0,          0,       2688,       3162,      200,     1700,     2500,     2800,     5581,   120000,

  1481s: (14%)   IR =   1937 ....[1485.847s][info][gc,start       ] GC(234) Pause Young (Prepare Mixed) (G1 Evacuation Pause)
[1485.847s][info][gc,task        ] GC(234) Using 6 workers of 6 for evacuation
[1485.950s][info][gc,phases      ] GC(234)   Pre Evacuate Collection Set: 0.42ms
[1485.950s][info][gc,phases      ] GC(234)   Merge Heap Roots: 0.58ms
[1485.950s][info][gc,phases      ] GC(234)   Evacuate Collection Set: 101.32ms
[1485.950s][info][gc,phases      ] GC(234)   Post Evacuate Collection Set: 0.95ms
[1485.950s][info][gc,phases      ] GC(234)   Other: 0.10ms
[1485.950s][info][gc,heap        ] GC(234) Eden regions: 1154->0(1113)
[1485.950s][info][gc,heap        ] GC(234) Survivor regions: 74->115(154)
[1485.950s][info][gc,heap        ] GC(234) Old regions: 512->512
[1485.950s][info][gc,heap        ] GC(234) Humongous regions: 80->80
[1485.950s][info][gc,metaspace   ] GC(234) Metaspace: 28919K(29248K)->28919K(29248K) NonClass: 24035K(24192K)->24035K(24192K) Class: 4884K(5056K)->4884K(5056K)
[1485.950s][info][gc             ] GC(234) Pause Young (Prepare Mixed) (G1 Evacuation Pause) 3637M->1411M(4096M) 103.526ms
[1485.950s][info][gc,cpu         ] GC(234) User=0.62s Sys=0.00s Real=0.10s
...|......[1495.612s][info][gc,start       ] GC(235) Pause Young (Mixed) (G1 Evacuation Pause)
[1495.612s][info][gc,task        ] GC(235) Using 6 workers of 6 for evacuation
[1495.744s][info][gc,phases      ] GC(235)   Pre Evacuate Collection Set: 0.43ms
[1495.744s][info][gc,phases      ] GC(235)   Merge Heap Roots: 0.58ms
[1495.744s][info][gc,phases      ] GC(235)   Evacuate Collection Set: 129.21ms
[1495.744s][info][gc,phases      ] GC(235)   Post Evacuate Collection Set: 0.98ms
[1495.744s][info][gc,phases      ] GC(235)   Other: 0.09ms
[1495.744s][info][gc,heap        ] GC(235) Eden regions: 1113->0(1113)
[1495.744s][info][gc,heap        ] GC(235) Survivor regions: 115->115(154)
[1495.744s][info][gc,heap        ] GC(235) Old regions: 512->475
[1495.744s][info][gc,heap        ] GC(235) Humongous regions: 80->80
[1495.744s][info][gc,metaspace   ] GC(235) Metaspace: 28919K(29248K)->28919K(29248K) NonClass: 24035K(24192K)->24035K(24192K) Class: 4884K(5056K)->4884K(5056K)
[1495.744s][info][gc             ] GC(235) Pause Young (Mixed) (G1 Evacuation Pause) 3637M->1339M(4096M) 131.426ms
[1495.744s][info][gc,cpu         ] GC(235) User=0.78s Sys=0.00s Real=0.14s
..........[1505.365s][info][gc,start       ] GC(236) Pause Young (Concurrent Start) (G1 Evacuation Pause)
[1505.365s][info][gc,task        ] GC(236) Using 6 workers of 6 for evacuation
[1505.487s][info][gc,phases      ] GC(236)   Pre Evacuate Collection Set: 0.41ms
[1505.487s][info][gc,phases      ] GC(236)   Merge Heap Roots: 0.54ms
[1505.487s][info][gc,phases      ] GC(236)   Evacuate Collection Set: 119.53ms
[1505.487s][info][gc,phases      ] GC(236)   Post Evacuate Collection Set: 0.90ms
[1505.487s][info][gc,phases      ] GC(236)   Other: 0.13ms
[1505.487s][info][gc,heap        ] GC(236) Eden regions: 1113->0(1120)
[1505.487s][info][gc,heap        ] GC(236) Survivor regions: 115->108(154)
[1505.487s][info][gc,heap        ] GC(236) Old regions: 475->513
[1505.487s][info][gc,heap        ] GC(236) Humongous regions: 80->80
[1505.487s][info][gc,metaspace   ] GC(236) Metaspace: 28919K(29248K)->28919K(29248K) NonClass: 24035K(24192K)->24035K(24192K) Class: 4884K(5056K)->4884K(5056K)
[1505.487s][info][gc             ] GC(236) Pause Young (Concurrent Start) (G1 Evacuation Pause) 3565M->1399M(4096M) 121.657ms
[1505.487s][info][gc             ] GC(237) Concurrent Mark Cycle
[1505.487s][info][gc,marking     ] GC(237) Concurrent Scan Root Regions
[1505.487s][info][gc,cpu         ] GC(236) User=0.72s Sys=0.00s Real=0.12s
[1505.662s][info][gc,marking     ] GC(237) Concurrent Scan Root Regions 174.853ms
[1505.662s][info][gc,marking     ] GC(237) Concurrent Mark
[1505.662s][info][gc,marking     ] GC(237) Concurrent Mark From Roots
[1505.662s][info][gc,task        ] GC(237) Using 2 workers of 2 for marking
.[1506.571s][info][gc,marking     ] GC(237) Concurrent Mark From Roots 908.716ms
[1506.571s][info][gc,marking     ] GC(237) Concurrent Preclean
[1506.571s][info][gc,marking     ] GC(237) Concurrent Preclean 0.042ms
[1506.571s][info][gc,start       ] GC(237) Pause Remark
[1506.574s][info][gc             ] GC(237) Pause Remark 1680M->1680M(4096M) 3.385ms
[1506.574s][info][gc,cpu         ] GC(237) User=0.01s Sys=0.00s Real=0.01s
[1506.574s][info][gc,marking     ] GC(237) Concurrent Mark 912.419ms
[1506.574s][info][gc,marking     ] GC(237) Concurrent Rebuild Remembered Sets and Scrub Regions
.[1506.797s][info][gc,marking     ] GC(237) Concurrent Rebuild Remembered Sets and Scrub Regions 222.306ms
[1506.797s][info][gc,start       ] GC(237) Pause Cleanup
[1506.797s][info][gc             ] GC(237) Pause Cleanup 1736M->1736M(4096M) 0.132ms
[1506.797s][info][gc,cpu         ] GC(237) User=0.00s Sys=0.00s Real=0.00s
[1506.797s][info][gc,marking     ] GC(237) Concurrent Clear Claimed Marks
[1506.797s][info][gc,marking     ] GC(237) Concurrent Clear Claimed Marks 0.037ms
[1506.797s][info][gc,marking     ] GC(237) Concurrent Cleanup for Next Mark
[1506.802s][info][gc,marking     ] GC(237) Concurrent Cleanup for Next Mark 4.623ms
[1506.802s][info][gc             ] GC(237) Concurrent Mark Cycle 1315.077ms
........[1515.152s][info][gc,start       ] GC(238) Pause Young (Prepare Mixed) (G1 Evacuation Pause)
[1515.152s][info][gc,task        ] GC(238) Using 6 workers of 6 for evacuation
[1515.268s][info][gc,phases      ] GC(238)   Pre Evacuate Collection Set: 0.36ms
[1515.268s][info][gc,phases      ] GC(238)   Merge Heap Roots: 0.56ms
[1515.268s][info][gc,phases      ] GC(238)   Evacuate Collection Set: 114.04ms
[1515.268s][info][gc,phases      ] GC(238)   Post Evacuate Collection Set: 0.95ms
[1515.268s][info][gc,phases      ] GC(238)   Other: 0.09ms
[1515.268s][info][gc,heap        ] GC(238) Eden regions: 1120->0(1103)
[1515.268s][info][gc,heap        ] GC(238) Survivor regions: 108->109(154)
[1515.268s][info][gc,heap        ] GC(238) Old regions: 513->544
[1515.268s][info][gc,heap        ] GC(238) Humongous regions: 80->80
[1515.268s][info][gc,metaspace   ] GC(238) Metaspace: 28919K(29248K)->28919K(29248K) NonClass: 24035K(24192K)->24035K(24192K) Class: 4884K(5056K)->4884K(5056K)
[1515.268s][info][gc             ] GC(238) Pause Young (Prepare Mixed) (G1 Evacuation Pause) 3639M->1464M(4096M) 116.140ms
[1515.268s][info][gc,cpu         ] GC(238) User=0.69s Sys=0.00s Real=0.12s
..........[1524.788s][info][gc,start       ] GC(239) Pause Young (Mixed) (G1 Evacuation Pause)
[1524.788s][info][gc,task        ] GC(239) Using 6 workers of 6 for evacuation
[1524.919s][info][gc,phases      ] GC(239)   Pre Evacuate Collection Set: 0.45ms
[1524.919s][info][gc,phases      ] GC(239)   Merge Heap Roots: 0.74ms
[1524.919s][info][gc,phases      ] GC(239)   Evacuate Collection Set: 128.14ms
[1524.919s][info][gc,phases      ] GC(239)   Post Evacuate Collection Set: 0.98ms
[1524.919s][info][gc,phases      ] GC(239)   Other: 0.10ms
[1524.919s][info][gc,heap        ] GC(239) Eden regions: 1103->0(1121)
[1524.919s][info][gc,heap        ] GC(239) Survivor regions: 109->107(152)
[1524.919s][info][gc,heap        ] GC(239) Old regions: 544->466
[1524.919s][info][gc,heap        ] GC(239) Humongous regions: 80->80
[1524.919s][info][gc,metaspace   ] GC(239) Metaspace: 28919K(29248K)->28919K(29248K) NonClass: 24035K(24192K)->24035K(24192K) Class: 4884K(5056K)->4884K(5056K)
[1524.919s][info][gc             ] GC(239) Pause Young (Mixed) (G1 Evacuation Pause) 3670M->1305M(4096M) 130.573ms
[1524.919s][info][gc,cpu         ] GC(239) User=0.77s Sys=0.00s Real=0.13s
.........[1534.649s][info][gc,start       ] GC(240) Pause Young (Concurrent Start) (G1 Evacuation Pause)
[1534.649s][info][gc,task        ] GC(240) Using 6 workers of 6 for evacuation
[1534.769s][info][gc,phases      ] GC(240)   Pre Evacuate Collection Set: 0.39ms
[1534.769s][info][gc,phases      ] GC(240)   Merge Heap Roots: 0.56ms
[1534.769s][info][gc,phases      ] GC(240)   Evacuate Collection Set: 118.22ms
[1534.769s][info][gc,phases      ] GC(240)   Post Evacuate Collection Set: 0.92ms
[1534.769s][info][gc,phases      ] GC(240)   Other: 0.11ms
[1534.769s][info][gc,heap        ] GC(240) Eden regions: 1121->0(1118)
[1534.769s][info][gc,heap        ] GC(240) Survivor regions: 107->110(154)
[1534.769s][info][gc,heap        ] GC(240) Old regions: 466->498
[1534.769s][info][gc,heap        ] GC(240) Humongous regions: 80->80
[1534.769s][info][gc,metaspace   ] GC(240) Metaspace: 28919K(29248K)->28919K(29248K) NonClass: 24035K(24192K)->24035K(24192K) Class: 4884K(5056K)->4884K(5056K)
[1534.769s][info][gc             ] GC(240) Pause Young (Concurrent Start) (G1 Evacuation Pause) 3547M->1374M(4096M) 120.386ms
[1534.769s][info][gc             ] GC(241) Concurrent Mark Cycle
[1534.769s][info][gc,marking     ] GC(241) Concurrent Scan Root Regions
[1534.769s][info][gc,cpu         ] GC(240) User=0.71s Sys=0.00s Real=0.12s
.[1534.886s][info][gc,marking     ] GC(241) Concurrent Scan Root Regions 116.885ms
[1534.886s][info][gc,marking     ] GC(241) Concurrent Mark
[1534.886s][info][gc,marking     ] GC(241) Concurrent Mark From Roots
[1534.886s][info][gc,task        ] GC(241) Using 2 workers of 2 for marking
[1535.421s][info][gc,marking     ] GC(241) Concurrent Mark From Roots 534.632ms
[1535.421s][info][gc,marking     ] GC(241) Concurrent Preclean
[1535.421s][info][gc,marking     ] GC(241) Concurrent Preclean 0.044ms
[1535.421s][info][gc,start       ] GC(241) Pause Remark
[1535.424s][info][gc             ] GC(241) Pause Remark 1554M->1554M(4096M) 2.783ms
[1535.424s][info][gc,cpu         ] GC(241) User=0.02s Sys=0.00s Real=0.01s
[1535.424s][info][gc,marking     ] GC(241) Concurrent Mark 537.730ms
[1535.424s][info][gc,marking     ] GC(241) Concurrent Rebuild Remembered Sets and Scrub Regions
[1535.641s][info][gc,marking     ] GC(241) Concurrent Rebuild Remembered Sets and Scrub Regions 216.663ms
[1535.641s][info][gc,start       ] GC(241) Pause Cleanup
[1535.641s][info][gc             ] GC(241) Pause Cleanup 1611M->1611M(4096M) 0.123ms
[1535.641s][info][gc,cpu         ] GC(241) User=0.00s Sys=0.00s Real=0.00s
[1535.641s][info][gc,marking     ] GC(241) Concurrent Clear Claimed Marks
[1535.641s][info][gc,marking     ] GC(241) Concurrent Clear Claimed Marks 0.033ms
[1535.641s][info][gc,marking     ] GC(241) Concurrent Cleanup for Next Mark
[1535.644s][info][gc,marking     ] GC(241) Concurrent Cleanup for Next Mark 3.419ms
[1535.644s][info][gc             ] GC(241) Concurrent Mark Cycle 875.247ms
.........[1544.471s][info][gc,start       ] GC(242) Pause Young (Prepare Mixed) (G1 Evacuation Pause)
[1544.471s][info][gc,task        ] GC(242) Using 6 workers of 6 for evacuation
[1544.588s][info][gc,phases      ] GC(242)   Pre Evacuate Collection Set: 0.35ms
[1544.588s][info][gc,phases      ] GC(242)   Merge Heap Roots: 0.52ms
[1544.588s][info][gc,phases      ] GC(242)   Evacuate Collection Set: 114.72ms
[1544.588s][info][gc,phases      ] GC(242)   Post Evacuate Collection Set: 0.96ms
[1544.588s][info][gc,phases      ] GC(242)   Other: 0.09ms
[1544.588s][info][gc,heap        ] GC(242) Eden regions: 1118->0(1119)
[1544.588s][info][gc,heap        ] GC(242) Survivor regions: 110->108(154)
[1544.588s][info][gc,heap        ] GC(242) Old regions: 498->530
[1544.588s][info][gc,heap        ] GC(242) Humongous regions: 80->80
[1544.588s][info][gc,metaspace   ] GC(242) Metaspace: 28919K(29248K)->28919K(29248K) NonClass: 24035K(24192K)->24035K(24192K) Class: 4884K(5056K)->4884K(5056K)
[1544.588s][info][gc             ] GC(242) Pause Young (Prepare Mixed) (G1 Evacuation Pause) 3610M->1434M(4096M) 116.770ms
[1544.588s][info][gc,cpu         ] GC(242) User=0.69s Sys=0.00s Real=0.12s
..... (rIR:aIR:PR = 1937:1936:1936) (tPR = 28884) [OK] 
  1548s: Performance info:
         Transaction,    Success,    Partial,     Failed,   Receipts, AvgBarcode, 
             Overall,     116285,          0,          0,     110479,      59.48, 
         Response times:
             Request,    Success,    Partial,     Failed,   SkipFail,     Probes,    Samples,      min,      p50,      p90,      p95,      p99,      max, 
       TotalPurchase,     110479,          0,          0,          0,     107383,     121388,      300,     1800,     2700,     3000,     6400,   149000,
     InStorePurchase,      58177,          0,          0,          0,      56695,      63777,      300,     1700,     2700,     3000,     6100,   149000,
      OnlinePurchase,      40695,          0,          0,          0,      39596,      44838,      300,     1900,     2700,     3100,     6400,   149000,
        InstPurchase,      11607,          0,          0,          0,      11092,      12773,      400,     1700,     2700,     3000,     7278,   149000,
          AssocOfCat,        116,          0,          0,          0,        114,        129,    18300,    25000,    28000,    32000,    39200,    41000,
      AssocOfProduct,       1166,          0,          0,          0,       1041,       1270,      600,     2600,     3290,     3700,    12861,    25000,
      BusinessReport,        292,          0,          0,          0,        221,        310,    19900,    27000,    35000,    42000,    49890,   164000,
          CustBuyBeh,       1156,          0,          0,          0,       1004,       1253,      300,     2200,     3000,     3500,    15230,   132000,
       ProductReturn,       3076,          0,          0,          0,       2828,       3356,      200,     1300,     2600,     2900,     5600,   132000,

  1548s: (15%)   IR =   2076 .....[1553.867s][info][gc,start       ] GC(243) Pause Young (Mixed) (G1 Evacuation Pause)
[1553.867s][info][gc,task        ] GC(243) Using 6 workers of 6 for evacuation
[1553.999s][info][gc,phases      ] GC(243)   Pre Evacuate Collection Set: 0.40ms
[1553.999s][info][gc,phases      ] GC(243)   Merge Heap Roots: 0.81ms
[1553.999s][info][gc,phases      ] GC(243)   Evacuate Collection Set: 130.07ms
[1553.999s][info][gc,phases      ] GC(243)   Post Evacuate Collection Set: 0.99ms
[1553.999s][info][gc,phases      ] GC(243)   Other: 0.09ms
[1553.999s][info][gc,heap        ] GC(243) Eden regions: 1119->0(1120)
[1554.000s][info][gc,heap        ] GC(243) Survivor regions: 108->108(154)
[1554.000s][info][gc,heap        ] GC(243) Old regions: 530->470
[1554.000s][info][gc,heap        ] GC(243) Humongous regions: 80->80
[1554.000s][info][gc,metaspace   ] GC(243) Metaspace: 28922K(29248K)->28922K(29248K) NonClass: 24037K(24192K)->24037K(24192K) Class: 4884K(5056K)->4884K(5056K)
[1554.000s][info][gc             ] GC(243) Pause Young (Mixed) (G1 Evacuation Pause) 3672M->1313M(4096M) 132.500ms
[1554.000s][info][gc,cpu         ] GC(243) User=0.78s Sys=0.00s Real=0.13s
..|.......[1562.977s][info][gc,start       ] GC(244) Pause Young (Concurrent Start) (G1 Evacuation Pause)
[1562.977s][info][gc,task        ] GC(244) Using 6 workers of 6 for evacuation
[1563.103s][info][gc,phases      ] GC(244)   Pre Evacuate Collection Set: 0.38ms
[1563.103s][info][gc,phases      ] GC(244)   Merge Heap Roots: 0.48ms
[1563.103s][info][gc,phases      ] GC(244)   Evacuate Collection Set: 123.48ms
[1563.103s][info][gc,phases      ] GC(244)   Post Evacuate Collection Set: 0.94ms
[1563.103s][info][gc,phases      ] GC(244)   Other: 0.12ms
[1563.103s][info][gc,heap        ] GC(244) Eden regions: 1120->0(1114)
[1563.103s][info][gc,heap        ] GC(244) Survivor regions: 108->114(154)
[1563.103s][info][gc,heap        ] GC(244) Old regions: 470->502
[1563.103s][info][gc,heap        ] GC(244) Humongous regions: 80->80
[1563.103s][info][gc,metaspace   ] GC(244) Metaspace: 28922K(29248K)->28922K(29248K) NonClass: 24037K(24192K)->24037K(24192K) Class: 4884K(5056K)->4884K(5056K)
[1563.103s][info][gc             ] GC(244) Pause Young (Concurrent Start) (G1 Evacuation Pause) 3553M->1390M(4096M) 125.538ms
[1563.103s][info][gc             ] GC(245) Concurrent Mark Cycle
[1563.103s][info][gc,marking     ] GC(245) Concurrent Scan Root Regions
[1563.103s][info][gc,cpu         ] GC(244) User=0.74s Sys=0.00s Real=0.12s
[1563.227s][info][gc,marking     ] GC(245) Concurrent Scan Root Regions 124.221ms
[1563.227s][info][gc,marking     ] GC(245) Concurrent Mark
[1563.227s][info][gc,marking     ] GC(245) Concurrent Mark From Roots
[1563.227s][info][gc,task        ] GC(245) Using 2 workers of 2 for marking
[1563.757s][info][gc,marking     ] GC(245) Concurrent Mark From Roots 530.255ms
[1563.757s][info][gc,marking     ] GC(245) Concurrent Preclean
[1563.757s][info][gc,marking     ] GC(245) Concurrent Preclean 0.043ms
[1563.758s][info][gc,start       ] GC(245) Pause Remark
[1563.760s][info][gc             ] GC(245) Pause Remark 1567M->1567M(4096M) 2.683ms
[1563.760s][info][gc,cpu         ] GC(245) User=0.01s Sys=0.00s Real=0.00s
[1563.760s][info][gc,marking     ] GC(245) Concurrent Mark 533.257ms
[1563.760s][info][gc,marking     ] GC(245) Concurrent Rebuild Remembered Sets and Scrub Regions
.[1563.965s][info][gc,marking     ] GC(245) Concurrent Rebuild Remembered Sets and Scrub Regions 204.427ms
[1563.965s][info][gc,start       ] GC(245) Pause Cleanup
[1563.965s][info][gc             ] GC(245) Pause Cleanup 1610M->1610M(4096M) 0.125ms
[1563.965s][info][gc,cpu         ] GC(245) User=0.00s Sys=0.00s Real=0.00s
[1563.965s][info][gc,marking     ] GC(245) Concurrent Clear Claimed Marks
[1563.965s][info][gc,marking     ] GC(245) Concurrent Clear Claimed Marks 0.027ms
[1563.965s][info][gc,marking     ] GC(245) Concurrent Cleanup for Next Mark
[1563.969s][info][gc,marking     ] GC(245) Concurrent Cleanup for Next Mark 3.306ms
[1563.969s][info][gc             ] GC(245) Concurrent Mark Cycle 865.754ms
........[1572.087s][info][gc,start       ] GC(246) Pause Young (Prepare Mixed) (G1 Evacuation Pause)
[1572.087s][info][gc,task        ] GC(246) Using 6 workers of 6 for evacuation
[1572.209s][info][gc,phases      ] GC(246)   Pre Evacuate Collection Set: 0.36ms
[1572.209s][info][gc,phases      ] GC(246)   Merge Heap Roots: 0.57ms
[1572.209s][info][gc,phases      ] GC(246)   Evacuate Collection Set: 119.54ms
[1572.209s][info][gc,phases      ] GC(246)   Post Evacuate Collection Set: 0.95ms
[1572.209s][info][gc,phases      ] GC(246)   Other: 0.59ms
[1572.209s][info][gc,heap        ] GC(246) Eden regions: 1114->0(1110)
[1572.209s][info][gc,heap        ] GC(246) Survivor regions: 114->111(154)
[1572.209s][info][gc,heap        ] GC(246) Old regions: 502->533
[1572.209s][info][gc,heap        ] GC(246) Humongous regions: 80->80
[1572.209s][info][gc,metaspace   ] GC(246) Metaspace: 28922K(29248K)->28922K(29248K) NonClass: 24037K(24192K)->24037K(24192K) Class: 4884K(5056K)->4884K(5056K)
[1572.209s][info][gc             ] GC(246) Pause Young (Prepare Mixed) (G1 Evacuation Pause) 3618M->1447M(4096M) 122.134ms
[1572.209s][info][gc,cpu         ] GC(246) User=0.71s Sys=0.00s Real=0.12s
.........[1581.228s][info][gc,start       ] GC(247) Pause Young (Mixed) (G1 Evacuation Pause)
[1581.228s][info][gc,task        ] GC(247) Using 6 workers of 6 for evacuation
[1581.357s][info][gc,phases      ] GC(247)   Pre Evacuate Collection Set: 0.42ms
[1581.357s][info][gc,phases      ] GC(247)   Merge Heap Roots: 0.65ms
[1581.357s][info][gc,phases      ] GC(247)   Evacuate Collection Set: 126.57ms
[1581.357s][info][gc,phases      ] GC(247)   Post Evacuate Collection Set: 0.98ms
[1581.357s][info][gc,phases      ] GC(247)   Other: 0.10ms
[1581.357s][info][gc,heap        ] GC(247) Eden regions: 1110->0(1120)
[1581.357s][info][gc,heap        ] GC(247) Survivor regions: 111->108(153)
[1581.357s][info][gc,heap        ] GC(247) Old regions: 533->469
[1581.357s][info][gc,heap        ] GC(247) Humongous regions: 80->80
[1581.357s][info][gc,metaspace   ] GC(247) Metaspace: 28922K(29248K)->28922K(29248K) NonClass: 24037K(24192K)->24037K(24192K) Class: 4884K(5056K)->4884K(5056K)
[1581.357s][info][gc             ] GC(247) Pause Young (Mixed) (G1 Evacuation Pause) 3667M->1311M(4096M) 128.873ms
[1581.357s][info][gc,cpu         ] GC(247) User=0.77s Sys=0.00s Real=0.13s
.........[1590.296s][info][gc,start       ] GC(248) Pause Young (Concurrent Start) (G1 Evacuation Pause)
[1590.296s][info][gc,task        ] GC(248) Using 6 workers of 6 for evacuation
[1590.412s][info][gc,phases      ] GC(248)   Pre Evacuate Collection Set: 0.46ms
[1590.412s][info][gc,phases      ] GC(248)   Merge Heap Roots: 0.52ms
[1590.413s][info][gc,phases      ] GC(248)   Evacuate Collection Set: 114.85ms
[1590.413s][info][gc,phases      ] GC(248)   Post Evacuate Collection Set: 0.90ms
[1590.413s][info][gc,phases      ] GC(248)   Other: 0.12ms
[1590.413s][info][gc,heap        ] GC(248) Eden regions: 1120->0(1120)
[1590.413s][info][gc,heap        ] GC(248) Survivor regions: 108->108(154)
[1590.413s][info][gc,heap        ] GC(248) Old regions: 469->501
[1590.413s][info][gc,heap        ] GC(248) Humongous regions: 80->80
[1590.413s][info][gc,metaspace   ] GC(248) Metaspace: 28922K(29248K)->28922K(29248K) NonClass: 24037K(24192K)->24037K(24192K) Class: 4884K(5056K)->4884K(5056K)
[1590.413s][info][gc             ] GC(248) Pause Young (Concurrent Start) (G1 Evacuation Pause) 3551M->1375M(4096M) 116.986ms
[1590.413s][info][gc             ] GC(249) Concurrent Mark Cycle
[1590.413s][info][gc,marking     ] GC(249) Concurrent Scan Root Regions
[1590.413s][info][gc,cpu         ] GC(248) User=0.69s Sys=0.00s Real=0.11s
[1590.530s][info][gc,marking     ] GC(249) Concurrent Scan Root Regions 117.264ms
[1590.530s][info][gc,marking     ] GC(249) Concurrent Mark
[1590.530s][info][gc,marking     ] GC(249) Concurrent Mark From Roots
[1590.530s][info][gc,task        ] GC(249) Using 2 workers of 2 for marking
.[1591.072s][info][gc,marking     ] GC(249) Concurrent Mark From Roots 542.184ms
[1591.072s][info][gc,marking     ] GC(249) Concurrent Preclean
[1591.072s][info][gc,marking     ] GC(249) Concurrent Preclean 0.035ms
[1591.072s][info][gc,start       ] GC(249) Pause Remark
[1591.075s][info][gc             ] GC(249) Pause Remark 1553M->1553M(4096M) 2.919ms
[1591.075s][info][gc,cpu         ] GC(249) User=0.01s Sys=0.00s Real=0.01s
[1591.075s][info][gc,marking     ] GC(249) Concurrent Mark 545.404ms
[1591.075s][info][gc,marking     ] GC(249) Concurrent Rebuild Remembered Sets and Scrub Regions
[1591.302s][info][gc,marking     ] GC(249) Concurrent Rebuild Remembered Sets and Scrub Regions 226.438ms
[1591.302s][info][gc,start       ] GC(249) Pause Cleanup
[1591.302s][info][gc             ] GC(249) Pause Cleanup 1621M->1621M(4096M) 0.130ms
[1591.302s][info][gc,cpu         ] GC(249) User=0.00s Sys=0.00s Real=0.00s
[1591.302s][info][gc,marking     ] GC(249) Concurrent Clear Claimed Marks
[1591.302s][info][gc,marking     ] GC(249) Concurrent Clear Claimed Marks 0.033ms
[1591.302s][info][gc,marking     ] GC(249) Concurrent Cleanup for Next Mark
[1591.306s][info][gc,marking     ] GC(249) Concurrent Cleanup for Next Mark 3.810ms
[1591.306s][info][gc             ] GC(249) Concurrent Mark Cycle 893.582ms
........[1599.454s][info][gc,start       ] GC(250) Pause Young (Prepare Mixed) (G1 Evacuation Pause)
[1599.454s][info][gc,task        ] GC(250) Using 6 workers of 6 for evacuation
[1599.572s][info][gc,phases      ] GC(250)   Pre Evacuate Collection Set: 0.36ms
[1599.572s][info][gc,phases      ] GC(250)   Merge Heap Roots: 0.52ms
[1599.572s][info][gc,phases      ] GC(250)   Evacuate Collection Set: 115.81ms
[1599.572s][info][gc,phases      ] GC(250)   Post Evacuate Collection Set: 0.94ms
[1599.572s][info][gc,phases      ] GC(250)   Other: 0.09ms
[1599.572s][info][gc,heap        ] GC(250) Eden regions: 1120->0(1117)
[1599.572s][info][gc,heap        ] GC(250) Survivor regions: 108->108(154)
[1599.572s][info][gc,heap        ] GC(250) Old regions: 501->532
[1599.572s][info][gc,heap        ] GC(250) Humongous regions: 80->80
[1599.572s][info][gc,metaspace   ] GC(250) Metaspace: 28922K(29248K)->28922K(29248K) NonClass: 24037K(24192K)->24037K(24192K) Class: 4884K(5056K)->4884K(5056K)
[1599.572s][info][gc             ] GC(250) Pause Young (Prepare Mixed) (G1 Evacuation Pause) 3615M->1439M(4096M) 117.867ms
[1599.572s][info][gc,cpu         ] GC(250) User=0.69s Sys=0.00s Real=0.11s
.........[1608.711s][info][gc,start       ] GC(251) Pause Young (Mixed) (G1 Evacuation Pause)
[1608.711s][info][gc,task        ] GC(251) Using 6 workers of 6 for evacuation
[1608.847s][info][gc,phases      ] GC(251)   Pre Evacuate Collection Set: 0.39ms
[1608.847s][info][gc,phases      ] GC(251)   Merge Heap Roots: 0.77ms
[1608.847s][info][gc,phases      ] GC(251)   Evacuate Collection Set: 133.61ms
[1608.847s][info][gc,phases      ] GC(251)   Post Evacuate Collection Set: 0.95ms
[1608.847s][info][gc,phases      ] GC(251)   Other: 0.09ms
[1608.847s][info][gc,heap        ] GC(251) Eden regions: 1117->0(1118)
[1608.847s][info][gc,heap        ] GC(251) Survivor regions: 108->110(154)
[1608.847s][info][gc,heap        ] GC(251) Old regions: 532->470
[1608.847s][info][gc,heap        ] GC(251) Humongous regions: 80->80
[1608.847s][info][gc,metaspace   ] GC(251) Metaspace: 28922K(29248K)->28922K(29248K) NonClass: 24037K(24192K)->24037K(24192K) Class: 4884K(5056K)->4884K(5056K)
[1608.847s][info][gc             ] GC(251) Pause Young (Mixed) (G1 Evacuation Pause) 3673M->1317M(4096M) 135.948ms
[1608.847s][info][gc,cpu         ] GC(251) User=0.81s Sys=0.01s Real=0.14s
........ (rIR:aIR:PR = 2076:2075:2075) (tPR = 30793) [OK] 
  1615s: Performance info:
         Transaction,    Success,    Partial,     Failed,   Receipts, AvgBarcode, 
             Overall,     124617,          0,          0,     118377,      59.47, 
         Response times:
             Request,    Success,    Partial,     Failed,   SkipFail,     Probes,    Samples,      min,      p50,      p90,      p95,      p99,      max, 
       TotalPurchase,     118377,          0,          0,          0,     115386,     130010,      300,     1900,     2900,     3300,     8600,   141000,
     InStorePurchase,      62297,          0,          0,          0,      60749,      68100,      300,     2000,     2900,     3400,     9000,   141000,
      OnlinePurchase,      43601,          0,          0,          0,      42631,      48069,      300,     1800,     2800,     3200,     8600,   141000,
        InstPurchase,      12479,          0,          0,          0,      12006,      13841,      400,     1700,     2800,     3200,     7000,   140000,
          AssocOfCat,        122,          0,          0,          0,         89,        135,    18600,    25000,    31400,    55000,   161640,   162000,
      AssocOfProduct,       1245,          0,          0,          0,       1108,       1356,      500,     1700,     2800,     3200,    11100,   136000,
      BusinessReport,        311,          0,          0,          0,        244,        339,    19300,    27000,    34000,    40000,   127800,   176000,
          CustBuyBeh,       1247,          0,          0,          0,       1107,       1367,      300,     1900,     2900,     3400,    15808,   140000,
       ProductReturn,       3315,          0,          0,          0,       3084,       3667,      200,     1800,     2700,     3100,     8000,   138000,

  1615s: (16%)   IR =   2214 .[1617.666s][info][gc,start       ] GC(252) Pause Young (Concurrent Start) (G1 Evacuation Pause)
[1617.666s][info][gc,task        ] GC(252) Using 6 workers of 6 for evacuation
[1617.783s][info][gc,phases      ] GC(252)   Pre Evacuate Collection Set: 0.40ms
[1617.783s][info][gc,phases      ] GC(252)   Merge Heap Roots: 0.46ms
[1617.783s][info][gc,phases      ] GC(252)   Evacuate Collection Set: 114.76ms
[1617.783s][info][gc,phases      ] GC(252)   Post Evacuate Collection Set: 0.90ms
[1617.783s][info][gc,phases      ] GC(252)   Other: 0.11ms
[1617.783s][info][gc,heap        ] GC(252) Eden regions: 1118->0(1119)
[1617.783s][info][gc,heap        ] GC(252) Survivor regions: 110->109(154)
[1617.783s][info][gc,heap        ] GC(252) Old regions: 470->502
[1617.783s][info][gc,heap        ] GC(252) Humongous regions: 80->80
[1617.783s][info][gc,metaspace   ] GC(252) Metaspace: 28924K(29248K)->28924K(29248K) NonClass: 24040K(24192K)->24040K(24192K) Class: 4884K(5056K)->4884K(5056K)
[1617.783s][info][gc             ] GC(252) Pause Young (Concurrent Start) (G1 Evacuation Pause) 3553M->1380M(4096M) 116.809ms
[1617.783s][info][gc             ] GC(253) Concurrent Mark Cycle
[1617.783s][info][gc,marking     ] GC(253) Concurrent Scan Root Regions
[1617.783s][info][gc,cpu         ] GC(252) User=0.69s Sys=0.00s Real=0.11s
.[1617.912s][info][gc,marking     ] GC(253) Concurrent Scan Root Regions 129.325ms
[1617.912s][info][gc,marking     ] GC(253) Concurrent Mark
[1617.912s][info][gc,marking     ] GC(253) Concurrent Mark From Roots
[1617.912s][info][gc,task        ] GC(253) Using 2 workers of 2 for marking
[1618.454s][info][gc,marking     ] GC(253) Concurrent Mark From Roots 541.578ms
[1618.454s][info][gc,marking     ] GC(253) Concurrent Preclean
[1618.454s][info][gc,marking     ] GC(253) Concurrent Preclean 0.053ms
[1618.454s][info][gc,start       ] GC(253) Pause Remark
[1618.457s][info][gc             ] GC(253) Pause Remark 1590M->1590M(4096M) 2.923ms
[1618.457s][info][gc,cpu         ] GC(253) User=0.01s Sys=0.00s Real=0.00s
[1618.457s][info][gc,marking     ] GC(253) Concurrent Mark 544.809ms
[1618.457s][info][gc,marking     ] GC(253) Concurrent Rebuild Remembered Sets and Scrub Regions
[1618.672s][info][gc,marking     ] GC(253) Concurrent Rebuild Remembered Sets and Scrub Regions 214.997ms
[1618.673s][info][gc,start       ] GC(253) Pause Cleanup
[1618.673s][info][gc             ] GC(253) Pause Cleanup 1656M->1656M(4096M) 0.136ms
[1618.673s][info][gc,cpu         ] GC(253) User=0.00s Sys=0.00s Real=0.00s
[1618.673s][info][gc,marking     ] GC(253) Concurrent Clear Claimed Marks
[1618.673s][info][gc,marking     ] GC(253) Concurrent Clear Claimed Marks 0.038ms
[1618.673s][info][gc,marking     ] GC(253) Concurrent Cleanup for Next Mark
[1618.677s][info][gc,marking     ] GC(253) Concurrent Cleanup for Next Mark 3.523ms
[1618.677s][info][gc             ] GC(253) Concurrent Mark Cycle 893.529ms
..|......[1626.324s][info][gc,start       ] GC(254) Pause Young (Prepare Mixed) (G1 Evacuation Pause)
[1626.324s][info][gc,task        ] GC(254) Using 6 workers of 6 for evacuation
[1626.442s][info][gc,phases      ] GC(254)   Pre Evacuate Collection Set: 0.39ms
[1626.442s][info][gc,phases      ] GC(254)   Merge Heap Roots: 0.57ms
[1626.442s][info][gc,phases      ] GC(254)   Evacuate Collection Set: 116.26ms
[1626.442s][info][gc,phases      ] GC(254)   Post Evacuate Collection Set: 0.96ms
[1626.442s][info][gc,phases      ] GC(254)   Other: 0.09ms
[1626.442s][info][gc,heap        ] GC(254) Eden regions: 1119->0(1113)
[1626.442s][info][gc,heap        ] GC(254) Survivor regions: 109->109(154)
[1626.442s][info][gc,heap        ] GC(254) Old regions: 502->534
[1626.442s][info][gc,heap        ] GC(254) Humongous regions: 80->80
[1626.442s][info][gc,metaspace   ] GC(254) Metaspace: 28924K(29248K)->28924K(29248K) NonClass: 24040K(24192K)->24040K(24192K) Class: 4884K(5056K)->4884K(5056K)
[1626.442s][info][gc             ] GC(254) Pause Young (Prepare Mixed) (G1 Evacuation Pause) 3618M->1444M(4096M) 118.394ms
[1626.442s][info][gc,cpu         ] GC(254) User=0.70s Sys=0.00s Real=0.11s
........[1634.780s][info][gc,start       ] GC(255) Pause Young (Mixed) (G1 Evacuation Pause)
[1634.780s][info][gc,task        ] GC(255) Using 6 workers of 6 for evacuation
[1634.911s][info][gc,phases      ] GC(255)   Pre Evacuate Collection Set: 0.40ms
[1634.911s][info][gc,phases      ] GC(255)   Merge Heap Roots: 0.58ms
[1634.911s][info][gc,phases      ] GC(255)   Evacuate Collection Set: 129.00ms
[1634.911s][info][gc,phases      ] GC(255)   Post Evacuate Collection Set: 0.97ms
[1634.911s][info][gc,phases      ] GC(255)   Other: 0.09ms
[1634.911s][info][gc,heap        ] GC(255) Eden regions: 1113->0(1118)
[1634.911s][info][gc,heap        ] GC(255) Survivor regions: 109->110(153)
[1634.911s][info][gc,heap        ] GC(255) Old regions: 534->470
[1634.911s][info][gc,heap        ] GC(255) Humongous regions: 80->80
[1634.911s][info][gc,metaspace   ] GC(255) Metaspace: 28924K(29248K)->28924K(29248K) NonClass: 24040K(24192K)->24040K(24192K) Class: 4884K(5056K)->4884K(5056K)
[1634.911s][info][gc             ] GC(255) Pause Young (Mixed) (G1 Evacuation Pause) 3670M->1318M(4096M) 131.187ms
[1634.911s][info][gc,cpu         ] GC(255) User=0.78s Sys=0.00s Real=0.13s
.........[1643.389s][info][gc,start       ] GC(256) Pause Young (Concurrent Start) (G1 Evacuation Pause)
[1643.389s][info][gc,task        ] GC(256) Using 6 workers of 6 for evacuation
[1643.508s][info][gc,phases      ] GC(256)   Pre Evacuate Collection Set: 0.41ms
[1643.508s][info][gc,phases      ] GC(256)   Merge Heap Roots: 0.52ms
[1643.508s][info][gc,phases      ] GC(256)   Evacuate Collection Set: 116.38ms
[1643.508s][info][gc,phases      ] GC(256)   Post Evacuate Collection Set: 0.91ms
[1643.508s][info][gc,phases      ] GC(256)   Other: 0.11ms
[1643.508s][info][gc,heap        ] GC(256) Eden regions: 1118->0(1120)
[1643.508s][info][gc,heap        ] GC(256) Survivor regions: 110->108(154)
[1643.508s][info][gc,heap        ] GC(256) Old regions: 470->502
[1643.508s][info][gc,heap        ] GC(256) Humongous regions: 80->80
[1643.508s][info][gc,metaspace   ] GC(256) Metaspace: 28924K(29248K)->28924K(29248K) NonClass: 24040K(24192K)->24040K(24192K) Class: 4884K(5056K)->4884K(5056K)
[1643.508s][info][gc             ] GC(256) Pause Young (Concurrent Start) (G1 Evacuation Pause) 3554M->1378M(4096M) 118.462ms
[1643.508s][info][gc             ] GC(257) Concurrent Mark Cycle
[1643.508s][info][gc,marking     ] GC(257) Concurrent Scan Root Regions
[1643.508s][info][gc,cpu         ] GC(256) User=0.70s Sys=0.00s Real=0.12s
[1643.617s][info][gc,marking     ] GC(257) Concurrent Scan Root Regions 109.076ms
[1643.617s][info][gc,marking     ] GC(257) Concurrent Mark
[1643.617s][info][gc,marking     ] GC(257) Concurrent Mark From Roots
[1643.617s][info][gc,task        ] GC(257) Using 2 workers of 2 for marking
.[1644.129s][info][gc,marking     ] GC(257) Concurrent Mark From Roots 511.696ms
[1644.129s][info][gc,marking     ] GC(257) Concurrent Preclean
[1644.129s][info][gc,marking     ] GC(257) Concurrent Preclean 0.036ms
[1644.129s][info][gc,start       ] GC(257) Pause Remark
[1644.131s][info][gc             ] GC(257) Pause Remark 1564M->1564M(4096M) 2.643ms
[1644.132s][info][gc,cpu         ] GC(257) User=0.01s Sys=0.00s Real=0.00s
[1644.132s][info][gc,marking     ] GC(257) Concurrent Mark 514.652ms
[1644.132s][info][gc,marking     ] GC(257) Concurrent Rebuild Remembered Sets and Scrub Regions
[1644.336s][info][gc,marking     ] GC(257) Concurrent Rebuild Remembered Sets and Scrub Regions 203.972ms
[1644.336s][info][gc,start       ] GC(257) Pause Cleanup
[1644.336s][info][gc             ] GC(257) Pause Cleanup 1633M->1633M(4096M) 0.124ms
[1644.336s][info][gc,cpu         ] GC(257) User=0.00s Sys=0.00s Real=0.00s
[1644.337s][info][gc,marking     ] GC(257) Concurrent Clear Claimed Marks
[1644.337s][info][gc,marking     ] GC(257) Concurrent Clear Claimed Marks 0.035ms
[1644.337s][info][gc,marking     ] GC(257) Concurrent Cleanup for Next Mark
[1644.341s][info][gc,marking     ] GC(257) Concurrent Cleanup for Next Mark 3.903ms
[1644.341s][info][gc             ] GC(257) Concurrent Mark Cycle 832.884ms
........[1651.947s][info][gc,start       ] GC(258) Pause Young (Prepare Mixed) (G1 Evacuation Pause)
[1651.947s][info][gc,task        ] GC(258) Using 6 workers of 6 for evacuation
[1652.065s][info][gc,phases      ] GC(258)   Pre Evacuate Collection Set: 0.37ms
[1652.065s][info][gc,phases      ] GC(258)   Merge Heap Roots: 0.51ms
[1652.065s][info][gc,phases      ] GC(258)   Evacuate Collection Set: 116.26ms
[1652.065s][info][gc,phases      ] GC(258)   Post Evacuate Collection Set: 0.97ms
[1652.065s][info][gc,phases      ] GC(258)   Other: 0.09ms
[1652.065s][info][gc,heap        ] GC(258) Eden regions: 1120->0(1115)
[1652.065s][info][gc,heap        ] GC(258) Survivor regions: 108->108(154)
[1652.065s][info][gc,heap        ] GC(258) Old regions: 502->534
[1652.065s][info][gc,heap        ] GC(258) Humongous regions: 80->80
[1652.065s][info][gc,metaspace   ] GC(258) Metaspace: 28924K(29248K)->28924K(29248K) NonClass: 24040K(24192K)->24040K(24192K) Class: 4884K(5056K)->4884K(5056K)
[1652.065s][info][gc             ] GC(258) Pause Young (Prepare Mixed) (G1 Evacuation Pause) 3618M->1442M(4096M) 118.348ms
[1652.066s][info][gc,cpu         ] GC(258) User=0.70s Sys=0.00s Real=0.12s
........[1660.431s][info][gc,start       ] GC(259) Pause Young (Mixed) (G1 Evacuation Pause)
[1660.431s][info][gc,task        ] GC(259) Using 6 workers of 6 for evacuation
[1660.569s][info][gc,phases      ] GC(259)   Pre Evacuate Collection Set: 0.38ms
[1660.569s][info][gc,phases      ] GC(259)   Merge Heap Roots: 0.72ms
[1660.569s][info][gc,phases      ] GC(259)   Evacuate Collection Set: 135.75ms
[1660.569s][info][gc,phases      ] GC(259)   Post Evacuate Collection Set: 0.94ms
[1660.569s][info][gc,phases      ] GC(259)   Other: 0.09ms
[1660.569s][info][gc,heap        ] GC(259) Eden regions: 1115->0(1115)
[1660.569s][info][gc,heap        ] GC(259) Survivor regions: 108->113(153)
[1660.569s][info][gc,heap        ] GC(259) Old regions: 534->470
[1660.569s][info][gc,heap        ] GC(259) Humongous regions: 80->80
[1660.569s][info][gc,metaspace   ] GC(259) Metaspace: 28925K(29248K)->28925K(29248K) NonClass: 24041K(24192K)->24041K(24192K) Class: 4884K(5056K)->4884K(5056K)
[1660.569s][info][gc             ] GC(259) Pause Young (Mixed) (G1 Evacuation Pause) 3671M->1324M(4096M) 137.995ms
[1660.569s][info][gc,cpu         ] GC(259) User=0.81s Sys=0.00s Real=0.14s
.........[1669.046s][info][gc,start       ] GC(260) Pause Young (Concurrent Start) (G1 Evacuation Pause)
[1669.046s][info][gc,task        ] GC(260) Using 6 workers of 6 for evacuation
[1669.164s][info][gc,phases      ] GC(260)   Pre Evacuate Collection Set: 0.44ms
[1669.164s][info][gc,phases      ] GC(260)   Merge Heap Roots: 0.52ms
[1669.164s][info][gc,phases      ] GC(260)   Evacuate Collection Set: 115.91ms
[1669.164s][info][gc,phases      ] GC(260)   Post Evacuate Collection Set: 0.91ms
[1669.164s][info][gc,phases      ] GC(260)   Other: 0.14ms
[1669.164s][info][gc,heap        ] GC(260) Eden regions: 1115->0(1120)
[1669.164s][info][gc,heap        ] GC(260) Survivor regions: 113->108(154)
[1669.164s][info][gc,heap        ] GC(260) Old regions: 470->502
[1669.164s][info][gc,heap        ] GC(260) Humongous regions: 80->80
[1669.164s][info][gc,metaspace   ] GC(260) Metaspace: 28925K(29248K)->28925K(29248K) NonClass: 24041K(24192K)->24041K(24192K) Class: 4884K(5056K)->4884K(5056K)
[1669.164s][info][gc             ] GC(260) Pause Young (Concurrent Start) (G1 Evacuation Pause) 3554M->1378M(4096M) 118.058ms
[1669.164s][info][gc             ] GC(261) Concurrent Mark Cycle
[1669.164s][info][gc,marking     ] GC(261) Concurrent Scan Root Regions
[1669.164s][info][gc,cpu         ] GC(260) User=0.70s Sys=0.00s Real=0.12s
[1669.291s][info][gc,marking     ] GC(261) Concurrent Scan Root Regions 127.014ms
[1669.291s][info][gc,marking     ] GC(261) Concurrent Mark
[1669.291s][info][gc,marking     ] GC(261) Concurrent Mark From Roots
[1669.291s][info][gc,task        ] GC(261) Using 2 workers of 2 for marking
[1669.852s][info][gc,marking     ] GC(261) Concurrent Mark From Roots 561.405ms
[1669.853s][info][gc,marking     ] GC(261) Concurrent Preclean
[1669.853s][info][gc,marking     ] GC(261) Concurrent Preclean 0.038ms
[1669.853s][info][gc,start       ] GC(261) Pause Remark
[1669.856s][info][gc             ] GC(261) Pause Remark 1601M->1601M(4096M) 2.976ms
[1669.856s][info][gc,cpu         ] GC(261) User=0.01s Sys=0.00s Real=0.01s
[1669.856s][info][gc,marking     ] GC(261) Concurrent Mark 564.655ms
[1669.856s][info][gc,marking     ] GC(261) Concurrent Rebuild Remembered Sets and Scrub Regions
.[1670.063s][info][gc,marking     ] GC(261) Concurrent Rebuild Remembered Sets and Scrub Regions 206.979ms
[1670.063s][info][gc,start       ] GC(261) Pause Cleanup
[1670.063s][info][gc             ] GC(261) Pause Cleanup 1642M->1642M(4096M) 0.118ms
[1670.063s][info][gc,cpu         ] GC(261) User=0.00s Sys=0.00s Real=0.00s
[1670.063s][info][gc,marking     ] GC(261) Concurrent Clear Claimed Marks
[1670.063s][info][gc,marking     ] GC(261) Concurrent Clear Claimed Marks 0.036ms
[1670.063s][info][gc,marking     ] GC(261) Concurrent Cleanup for Next Mark
[1670.067s][info][gc,marking     ] GC(261) Concurrent Cleanup for Next Mark 3.875ms
[1670.067s][info][gc             ] GC(261) Concurrent Mark Cycle 903.060ms
.......[1677.620s][info][gc,start       ] GC(262) Pause Young (Prepare Mixed) (G1 Evacuation Pause)
[1677.620s][info][gc,task        ] GC(262) Using 6 workers of 6 for evacuation
[1677.738s][info][gc,phases      ] GC(262)   Pre Evacuate Collection Set: 0.44ms
[1677.738s][info][gc,phases      ] GC(262)   Merge Heap Roots: 0.55ms
[1677.738s][info][gc,phases      ] GC(262)   Evacuate Collection Set: 115.93ms
[1677.738s][info][gc,phases      ] GC(262)   Post Evacuate Collection Set: 0.98ms
[1677.738s][info][gc,phases      ] GC(262)   Other: 0.09ms
[1677.738s][info][gc,heap        ] GC(262) Eden regions: 1120->0(1112)
[1677.738s][info][gc,heap        ] GC(262) Survivor regions: 108->110(154)
[1677.738s][info][gc,heap        ] GC(262) Old regions: 502->533
[1677.738s][info][gc,heap        ] GC(262) Humongous regions: 80->80
[1677.738s][info][gc,metaspace   ] GC(262) Metaspace: 28926K(29248K)->28926K(29248K) NonClass: 24041K(24192K)->24041K(24192K) Class: 4884K(5056K)->4884K(5056K)
[1677.738s][info][gc             ] GC(262) Pause Young (Prepare Mixed) (G1 Evacuation Pause) 3618M->1444M(4096M) 118.141ms
[1677.738s][info][gc,cpu         ] GC(262) User=0.70s Sys=0.00s Real=0.12s
... (rIR:aIR:PR = 2214:2214:2214) (tPR = 32665) [OK] 
  1679s: Performance info:
         Transaction,    Success,    Partial,     Failed,   Receipts, AvgBarcode, 
             Overall,     132989,          0,          0,     126342,      59.47, 
         Response times:
             Request,    Success,    Partial,     Failed,   SkipFail,     Probes,    Samples,      min,      p50,      p90,      p95,      p99,      max, 
       TotalPurchase,     126342,          0,          0,          0,     123597,     132780,      300,     2000,     3000,     3500,    15300,   165000,
     InStorePurchase,      66485,          0,          0,          0,      65260,      70038,      300,     1900,     3000,     3400,    15200,   137000,
      OnlinePurchase,      46537,          0,          0,          0,      45443,      48689,      300,     2000,     3100,     3600,    15710,   165000,
        InstPurchase,      13320,          0,          0,          0,      12894,      14053,      400,     2200,     3200,     3600,    13292,   137000,
          AssocOfCat,        131,          0,          0,          0,         90,        127,    18700,    26000,    31000,    34800,    56400,    62000,
      AssocOfProduct,       1331,          0,          0,          0,       1174,       1407,      500,     2700,     3500,     4100,    13180,   123000,
      BusinessReport,        333,          0,          0,          0,        237,        327,    19200,    28000,    41200,    56200,   155600,   179000,
          CustBuyBeh,       1326,          0,          0,          0,       1207,       1468,      200,     1500,     2200,     2600,     6124,   121000,
       ProductReturn,       3526,          0,          0,          0,       3278,       3654,      200,     1900,     3100,     3600,    14225,   136000,

  1679s: (17%)   IR =   2352 .....|[1685.792s][info][gc,start       ] GC(263) Pause Young (Mixed) (G1 Evacuation Pause)
[1685.792s][info][gc,task        ] GC(263) Using 6 workers of 6 for evacuation
[1685.926s][info][gc,phases      ] GC(263)   Pre Evacuate Collection Set: 0.40ms
[1685.926s][info][gc,phases      ] GC(263)   Merge Heap Roots: 0.68ms
[1685.926s][info][gc,phases      ] GC(263)   Evacuate Collection Set: 131.77ms
[1685.926s][info][gc,phases      ] GC(263)   Post Evacuate Collection Set: 0.97ms
[1685.926s][info][gc,phases      ] GC(263)   Other: 0.09ms
[1685.926s][info][gc,heap        ] GC(263) Eden regions: 1112->0(1118)
[1685.926s][info][gc,heap        ] GC(263) Survivor regions: 110->110(153)
[1685.926s][info][gc,heap        ] GC(263) Old regions: 533->469
[1685.926s][info][gc,heap        ] GC(263) Humongous regions: 80->80
[1685.926s][info][gc,metaspace   ] GC(263) Metaspace: 28926K(29248K)->28926K(29248K) NonClass: 24041K(24192K)->24041K(24192K) Class: 4884K(5056K)->4884K(5056K)
[1685.927s][info][gc             ] GC(263) Pause Young (Mixed) (G1 Evacuation Pause) 3668M->1315M(4096M) 134.063ms
[1685.927s][info][gc,cpu         ] GC(263) User=0.80s Sys=0.00s Real=0.14s
........[1693.783s][info][gc,start       ] GC(264) Pause Young (Concurrent Start) (G1 Evacuation Pause)
[1693.783s][info][gc,task        ] GC(264) Using 6 workers of 6 for evacuation
[1693.903s][info][gc,phases      ] GC(264)   Pre Evacuate Collection Set: 0.44ms
[1693.903s][info][gc,phases      ] GC(264)   Merge Heap Roots: 0.52ms
[1693.903s][info][gc,phases      ] GC(264)   Evacuate Collection Set: 118.37ms
[1693.903s][info][gc,phases      ] GC(264)   Post Evacuate Collection Set: 0.91ms
[1693.903s][info][gc,phases      ] GC(264)   Other: 0.12ms
[1693.903s][info][gc,heap        ] GC(264) Eden regions: 1118->0(1118)
[1693.903s][info][gc,heap        ] GC(264) Survivor regions: 110->110(154)
[1693.903s][info][gc,heap        ] GC(264) Old regions: 469->502
[1693.903s][info][gc,heap        ] GC(264) Humongous regions: 80->80
[1693.903s][info][gc,metaspace   ] GC(264) Metaspace: 28926K(29248K)->28926K(29248K) NonClass: 24041K(24192K)->24041K(24192K) Class: 4884K(5056K)->4884K(5056K)
[1693.903s][info][gc             ] GC(264) Pause Young (Concurrent Start) (G1 Evacuation Pause) 3551M->1381M(4096M) 120.487ms
[1693.903s][info][gc             ] GC(265) Concurrent Mark Cycle
[1693.903s][info][gc,marking     ] GC(265) Concurrent Scan Root Regions
[1693.903s][info][gc,cpu         ] GC(264) User=0.72s Sys=0.01s Real=0.12s
.[1694.026s][info][gc,marking     ] GC(265) Concurrent Scan Root Regions 123.201ms
[1694.026s][info][gc,marking     ] GC(265) Concurrent Mark
[1694.026s][info][gc,marking     ] GC(265) Concurrent Mark From Roots
[1694.026s][info][gc,task        ] GC(265) Using 2 workers of 2 for marking
[1694.576s][info][gc,marking     ] GC(265) Concurrent Mark From Roots 549.039ms
[1694.576s][info][gc,marking     ] GC(265) Concurrent Preclean
[1694.576s][info][gc,marking     ] GC(265) Concurrent Preclean 0.053ms
[1694.576s][info][gc,start       ] GC(265) Pause Remark
[1694.579s][info][gc             ] GC(265) Pause Remark 1605M->1605M(4096M) 2.928ms
[1694.579s][info][gc,cpu         ] GC(265) User=0.02s Sys=0.00s Real=0.00s
[1694.579s][info][gc,marking     ] GC(265) Concurrent Mark 552.274ms
[1694.579s][info][gc,marking     ] GC(265) Concurrent Rebuild Remembered Sets and Scrub Regions
[1694.801s][info][gc,marking     ] GC(265) Concurrent Rebuild Remembered Sets and Scrub Regions 221.950ms
[1694.801s][info][gc,start       ] GC(265) Pause Cleanup
[1694.801s][info][gc             ] GC(265) Pause Cleanup 1666M->1666M(4096M) 0.119ms
[1694.801s][info][gc,cpu         ] GC(265) User=0.00s Sys=0.00s Real=0.00s
[1694.801s][info][gc,marking     ] GC(265) Concurrent Clear Claimed Marks
[1694.801s][info][gc,marking     ] GC(265) Concurrent Clear Claimed Marks 0.033ms
[1694.801s][info][gc,marking     ] GC(265) Concurrent Cleanup for Next Mark
[1694.804s][info][gc,marking     ] GC(265) Concurrent Cleanup for Next Mark 3.261ms
[1694.804s][info][gc             ] GC(265) Concurrent Mark Cycle 901.154ms
.......[1701.963s][info][gc,start       ] GC(266) Pause Young (Prepare Mixed) (G1 Evacuation Pause)
[1701.963s][info][gc,task        ] GC(266) Using 6 workers of 6 for evacuation
[1702.079s][info][gc,phases      ] GC(266)   Pre Evacuate Collection Set: 0.35ms
[1702.079s][info][gc,phases      ] GC(266)   Merge Heap Roots: 0.52ms
[1702.079s][info][gc,phases      ] GC(266)   Evacuate Collection Set: 114.72ms
[1702.079s][info][gc,phases      ] GC(266)   Post Evacuate Collection Set: 0.98ms
[1702.079s][info][gc,phases      ] GC(266)   Other: 0.09ms
[1702.079s][info][gc,heap        ] GC(266) Eden regions: 1118->0(1116)
[1702.079s][info][gc,heap        ] GC(266) Survivor regions: 110->108(154)
[1702.079s][info][gc,heap        ] GC(266) Old regions: 502->533
[1702.079s][info][gc,heap        ] GC(266) Humongous regions: 80->80
[1702.079s][info][gc,metaspace   ] GC(266) Metaspace: 28926K(29248K)->28926K(29248K) NonClass: 24041K(24192K)->24041K(24192K) Class: 4884K(5056K)->4884K(5056K)
[1702.079s][info][gc             ] GC(266) Pause Young (Prepare Mixed) (G1 Evacuation Pause) 3617M->1441M(4096M) 116.807ms
[1702.079s][info][gc,cpu         ] GC(266) User=0.69s Sys=0.00s Real=0.12s
........[1709.994s][info][gc,start       ] GC(267) Pause Young (Mixed) (G1 Evacuation Pause)
[1709.994s][info][gc,task        ] GC(267) Using 6 workers of 6 for evacuation
[1710.126s][info][gc,phases      ] GC(267)   Pre Evacuate Collection Set: 0.41ms
[1710.126s][info][gc,phases      ] GC(267)   Merge Heap Roots: 0.68ms
[1710.126s][info][gc,phases      ] GC(267)   Evacuate Collection Set: 129.89ms
[1710.126s][info][gc,phases      ] GC(267)   Post Evacuate Collection Set: 0.95ms
[1710.126s][info][gc,phases      ] GC(267)   Other: 0.10ms
[1710.126s][info][gc,heap        ] GC(267) Eden regions: 1116->0(1119)
[1710.126s][info][gc,heap        ] GC(267) Survivor regions: 108->109(153)
[1710.126s][info][gc,heap        ] GC(267) Old regions: 533->470
[1710.126s][info][gc,heap        ] GC(267) Humongous regions: 80->80
[1710.126s][info][gc,metaspace   ] GC(267) Metaspace: 28926K(29248K)->28926K(29248K) NonClass: 24041K(24192K)->24041K(24192K) Class: 4884K(5056K)->4884K(5056K)
[1710.126s][info][gc             ] GC(267) Pause Young (Mixed) (G1 Evacuation Pause) 3673M->1315M(4096M) 132.185ms
[1710.126s][info][gc,cpu         ] GC(267) User=0.78s Sys=0.00s Real=0.13s
........[1718.004s][info][gc,start       ] GC(268) Pause Young (Concurrent Start) (G1 Evacuation Pause)
[1718.004s][info][gc,task        ] GC(268) Using 6 workers of 6 for evacuation
[1718.121s][info][gc,phases      ] GC(268)   Pre Evacuate Collection Set: 0.42ms
[1718.121s][info][gc,phases      ] GC(268)   Merge Heap Roots: 0.51ms
[1718.121s][info][gc,phases      ] GC(268)   Evacuate Collection Set: 115.12ms
[1718.121s][info][gc,phases      ] GC(268)   Post Evacuate Collection Set: 0.93ms
[1718.121s][info][gc,phases      ] GC(268)   Other: 0.13ms
[1718.121s][info][gc,heap        ] GC(268) Eden regions: 1119->0(1119)
[1718.121s][info][gc,heap        ] GC(268) Survivor regions: 109->109(154)
[1718.121s][info][gc,heap        ] GC(268) Old regions: 470->502
[1718.121s][info][gc,heap        ] GC(268) Humongous regions: 80->80
[1718.121s][info][gc,metaspace   ] GC(268) Metaspace: 28926K(29248K)->28926K(29248K) NonClass: 24041K(24192K)->24041K(24192K) Class: 4884K(5056K)->4884K(5056K)
[1718.121s][info][gc             ] GC(268) Pause Young (Concurrent Start) (G1 Evacuation Pause) 3553M->1379M(4096M) 117.243ms
[1718.121s][info][gc             ] GC(269) Concurrent Mark Cycle
[1718.121s][info][gc,marking     ] GC(269) Concurrent Scan Root Regions
[1718.121s][info][gc,cpu         ] GC(268) User=0.70s Sys=0.00s Real=0.11s
.[1718.246s][info][gc,marking     ] GC(269) Concurrent Scan Root Regions 124.997ms
[1718.246s][info][gc,marking     ] GC(269) Concurrent Mark
[1718.246s][info][gc,marking     ] GC(269) Concurrent Mark From Roots
[1718.246s][info][gc,task        ] GC(269) Using 2 workers of 2 for marking
[1718.799s][info][gc,marking     ] GC(269) Concurrent Mark From Roots 552.931ms
[1718.799s][info][gc,marking     ] GC(269) Concurrent Preclean
[1718.799s][info][gc,marking     ] GC(269) Concurrent Preclean 0.038ms
[1718.800s][info][gc,start       ] GC(269) Pause Remark
[1718.802s][info][gc             ] GC(269) Pause Remark 1599M->1599M(4096M) 2.662ms
[1718.802s][info][gc,cpu         ] GC(269) User=0.01s Sys=0.00s Real=0.00s
[1718.802s][info][gc,marking     ] GC(269) Concurrent Mark 555.903ms
[1718.802s][info][gc,marking     ] GC(269) Concurrent Rebuild Remembered Sets and Scrub Regions
[1719.012s][info][gc,marking     ] GC(269) Concurrent Rebuild Remembered Sets and Scrub Regions 210.134ms
[1719.013s][info][gc,start       ] GC(269) Pause Cleanup
[1719.013s][info][gc             ] GC(269) Pause Cleanup 1645M->1645M(4096M) 0.134ms
[1719.013s][info][gc,cpu         ] GC(269) User=0.00s Sys=0.00s Real=0.00s
[1719.013s][info][gc,marking     ] GC(269) Concurrent Clear Claimed Marks
[1719.013s][info][gc,marking     ] GC(269) Concurrent Clear Claimed Marks 0.030ms
[1719.013s][info][gc,marking     ] GC(269) Concurrent Cleanup for Next Mark
[1719.016s][info][gc,marking     ] GC(269) Concurrent Cleanup for Next Mark 3.247ms
[1719.016s][info][gc             ] GC(269) Concurrent Mark Cycle 894.771ms
.......[1726.117s][info][gc,start       ] GC(270) Pause Young (Prepare Mixed) (G1 Evacuation Pause)
[1726.117s][info][gc,task        ] GC(270) Using 6 workers of 6 for evacuation
[1726.233s][info][gc,phases      ] GC(270)   Pre Evacuate Collection Set: 0.39ms
[1726.233s][info][gc,phases      ] GC(270)   Merge Heap Roots: 0.51ms
[1726.233s][info][gc,phases      ] GC(270)   Evacuate Collection Set: 114.08ms
[1726.233s][info][gc,phases      ] GC(270)   Post Evacuate Collection Set: 0.95ms
[1726.233s][info][gc,phases      ] GC(270)   Other: 0.08ms
[1726.233s][info][gc,heap        ] GC(270) Eden regions: 1119->0(1115)
[1726.233s][info][gc,heap        ] GC(270) Survivor regions: 109->108(154)
[1726.233s][info][gc,heap        ] GC(270) Old regions: 502->534
[1726.233s][info][gc,heap        ] GC(270) Humongous regions: 80->80
[1726.233s][info][gc,metaspace   ] GC(270) Metaspace: 28926K(29248K)->28926K(29248K) NonClass: 24042K(24192K)->24042K(24192K) Class: 4884K(5056K)->4884K(5056K)
[1726.233s][info][gc             ] GC(270) Pause Young (Prepare Mixed) (G1 Evacuation Pause) 3617M->1443M(4096M) 116.143ms
[1726.233s][info][gc,cpu         ] GC(270) User=0.69s Sys=0.00s Real=0.11s
........[1734.108s][info][gc,start       ] GC(271) Pause Young (Mixed) (G1 Evacuation Pause)
[1734.108s][info][gc,task        ] GC(271) Using 6 workers of 6 for evacuation
[1734.244s][info][gc,phases      ] GC(271)   Pre Evacuate Collection Set: 0.39ms
[1734.244s][info][gc,phases      ] GC(271)   Merge Heap Roots: 0.72ms
[1734.244s][info][gc,phases      ] GC(271)   Evacuate Collection Set: 133.32ms
[1734.244s][info][gc,phases      ] GC(271)   Post Evacuate Collection Set: 0.98ms
[1734.244s][info][gc,phases      ] GC(271)   Other: 0.09ms
[1734.244s][info][gc,heap        ] GC(271) Eden regions: 1115->0(1116)
[1734.244s][info][gc,heap        ] GC(271) Survivor regions: 108->112(153)
[1734.244s][info][gc,heap        ] GC(271) Old regions: 534->470
[1734.244s][info][gc,heap        ] GC(271) Humongous regions: 80->80
[1734.244s][info][gc,metaspace   ] GC(271) Metaspace: 28926K(29248K)->28926K(29248K) NonClass: 24042K(24192K)->24042K(24192K) Class: 4884K(5056K)->4884K(5056K)
[1734.244s][info][gc             ] GC(271) Pause Young (Mixed) (G1 Evacuation Pause) 3673M->1322M(4096M) 135.649ms
[1734.244s][info][gc,cpu         ] GC(271) User=0.80s Sys=0.00s Real=0.14s
........[1742.239s][info][gc,start       ] GC(272) Pause Young (Concurrent Start) (G1 Evacuation Pause)
[1742.239s][info][gc,task        ] GC(272) Using 6 workers of 6 for evacuation
[1742.356s][info][gc,phases      ] GC(272)   Pre Evacuate Collection Set: 0.43ms
[1742.356s][info][gc,phases      ] GC(272)   Merge Heap Roots: 0.53ms
[1742.356s][info][gc,phases      ] GC(272)   Evacuate Collection Set: 114.74ms
[1742.356s][info][gc,phases      ] GC(272)   Post Evacuate Collection Set: 0.91ms
[1742.356s][info][gc,phases      ] GC(272)   Other: 0.12ms
[1742.356s][info][gc,heap        ] GC(272) Eden regions: 1116->0(1120)
[1742.356s][info][gc,heap        ] GC(272) Survivor regions: 112->108(154)
[1742.356s][info][gc,heap        ] GC(272) Old regions: 470->502
[1742.356s][info][gc,heap        ] GC(272) Humongous regions: 80->80
[1742.356s][info][gc,metaspace   ] GC(272) Metaspace: 28926K(29248K)->28926K(29248K) NonClass: 24042K(24192K)->24042K(24192K) Class: 4884K(5056K)->4884K(5056K)
[1742.356s][info][gc             ] GC(272) Pause Young (Concurrent Start) (G1 Evacuation Pause) 3554M->1378M(4096M) 116.879ms
[1742.356s][info][gc             ] GC(273) Concurrent Mark Cycle
[1742.356s][info][gc,marking     ] GC(273) Concurrent Scan Root Regions
[1742.356s][info][gc,cpu         ] GC(272) User=0.69s Sys=0.00s Real=0.12s
.[1742.488s][info][gc,marking     ] GC(273) Concurrent Scan Root Regions 131.957ms
[1742.488s][info][gc,marking     ] GC(273) Concurrent Mark
[1742.488s][info][gc,marking     ] GC(273) Concurrent Mark From Roots
[1742.488s][info][gc,task        ] GC(273) Using 2 workers of 2 for marking
[1743.043s][info][gc,marking     ] GC(273) Concurrent Mark From Roots 554.931ms
[1743.043s][info][gc,marking     ] GC(273) Concurrent Preclean
[1743.043s][info][gc,marking     ] GC(273) Concurrent Preclean 0.042ms
[1743.044s][info][gc,start       ] GC(273) Pause Remark
[1743.047s][info][gc             ] GC(273) Pause Remark 1627M->1627M(4096M) 2.985ms
[1743.047s][info][gc,cpu         ] GC(273) User=0.01s Sys=0.00s Real=0.00s
[1743.047s][info][gc,marking     ] GC(273) Concurrent Mark 559.190ms
[1743.047s][info][gc,marking     ] GC(273) Concurrent Rebuild Remembered Sets and Scrub Regions
.[1743.398s][info][gc,marking     ] GC(273) Concurrent Rebuild Remembered Sets and Scrub Regions 350.996ms
[1743.399s][info][gc,start       ] GC(273) Pause Cleanup
[1743.399s][info][gc             ] GC(273) Pause Cleanup 1710M->1710M(4096M) 0.127ms
[1743.399s][info][gc,cpu         ] GC(273) User=0.00s Sys=0.00s Real=0.00s
[1743.399s][info][gc,marking     ] GC(273) Concurrent Clear Claimed Marks
[1743.399s][info][gc,marking     ] GC(273) Concurrent Clear Claimed Marks 0.028ms
[1743.399s][info][gc,marking     ] GC(273) Concurrent Cleanup for Next Mark
[1743.403s][info][gc,marking     ] GC(273) Concurrent Cleanup for Next Mark 4.207ms
[1743.403s][info][gc             ] GC(273) Concurrent Mark Cycle 1046.854ms
.. (rIR:aIR:PR = 2352:2351:2351) (tPR = 35275) [OK] 
  1745s: Performance info:
         Transaction,    Success,    Partial,     Failed,   Receipts, AvgBarcode, 
             Overall,     142080,          0,          0,     134969,      59.48, 
         Response times:
             Request,    Success,    Partial,     Failed,   SkipFail,     Probes,    Samples,      min,      p50,      p90,      p95,      p99,      max, 
       TotalPurchase,     134969,          0,          0,          0,     132147,     144693,      300,     2000,     3200,     3700,    15300,   208000,
     InStorePurchase,      71051,          0,          0,          0,      69514,      75830,      300,     2000,     3200,     3700,    15000,   186000,
      OnlinePurchase,      49721,          0,          0,          0,      48858,      53392,      300,     2200,     3300,     3800,    15400,   208000,
        InstPurchase,      14197,          0,          0,          0,      13775,      15471,      400,     1900,     3200,     3700,    16884,   148000,
          AssocOfCat,        144,          0,          0,          0,        110,        165,    19300,    25000,    31000,    37700,   164140,   178000,
      AssocOfProduct,       1424,          0,          0,          0,       1257,       1479,      400,     2900,     3800,     4400,    21600,   138000,
      BusinessReport,        355,          0,          0,          0,        292,        402,    18900,    28000,    38700,    45700,    69880,   168000,
          CustBuyBeh,       1420,          0,          0,          0,       1286,       1561,      200,     2500,     3400,     4100,    22000,   138000,
       ProductReturn,       3769,          0,          0,          0,       3438,       3927,      200,     1700,     3100,     3500,     9100,   141000,

  1745s: (18%)   IR =   2491 ....[1750.012s][info][gc,start       ] GC(274) Pause Young (Prepare Mixed) (G1 Evacuation Pause)
[1750.012s][info][gc,task        ] GC(274) Using 6 workers of 6 for evacuation
[1750.130s][info][gc,phases      ] GC(274)   Pre Evacuate Collection Set: 0.36ms
[1750.130s][info][gc,phases      ] GC(274)   Merge Heap Roots: 0.50ms
[1750.130s][info][gc,phases      ] GC(274)   Evacuate Collection Set: 115.23ms
[1750.130s][info][gc,phases      ] GC(274)   Post Evacuate Collection Set: 0.96ms
[1750.130s][info][gc,phases      ] GC(274)   Other: 0.08ms
[1750.130s][info][gc,heap        ] GC(274) Eden regions: 1120->0(1115)
[1750.130s][info][gc,heap        ] GC(274) Survivor regions: 108->108(154)
[1750.130s][info][gc,heap        ] GC(274) Old regions: 502->534
[1750.130s][info][gc,heap        ] GC(274) Humongous regions: 80->80
[1750.130s][info][gc,metaspace   ] GC(274) Metaspace: 28926K(29248K)->28926K(29248K) NonClass: 24042K(24192K)->24042K(24192K) Class: 4884K(5056K)->4884K(5056K)
[1750.130s][info][gc             ] GC(274) Pause Young (Prepare Mixed) (G1 Evacuation Pause) 3618M->1442M(4096M) 117.294ms
[1750.130s][info][gc,cpu         ] GC(274) User=0.69s Sys=0.00s Real=0.12s
.|.......[1757.663s][info][gc,start       ] GC(275) Pause Young (Mixed) (G1 Evacuation Pause)
[1757.663s][info][gc,task        ] GC(275) Using 6 workers of 6 for evacuation
[1757.797s][info][gc,phases      ] GC(275)   Pre Evacuate Collection Set: 0.37ms
[1757.797s][info][gc,phases      ] GC(275)   Merge Heap Roots: 0.75ms
[1757.797s][info][gc,phases      ] GC(275)   Evacuate Collection Set: 131.60ms
[1757.797s][info][gc,phases      ] GC(275)   Post Evacuate Collection Set: 0.97ms
[1757.797s][info][gc,phases      ] GC(275)   Other: 0.10ms
[1757.797s][info][gc,heap        ] GC(275) Eden regions: 1115->0(1120)
[1757.797s][info][gc,heap        ] GC(275) Survivor regions: 108->108(153)
[1757.797s][info][gc,heap        ] GC(275) Old regions: 534->472
[1757.797s][info][gc,heap        ] GC(275) Humongous regions: 80->80
[1757.797s][info][gc,metaspace   ] GC(275) Metaspace: 28926K(29248K)->28926K(29248K) NonClass: 24042K(24192K)->24042K(24192K) Class: 4884K(5056K)->4884K(5056K)
[1757.797s][info][gc             ] GC(275) Pause Young (Mixed) (G1 Evacuation Pause) 3672M->1318M(4096M) 133.906ms
[1757.797s][info][gc,cpu         ] GC(275) User=0.80s Sys=0.00s Real=0.14s
.......[1765.209s][info][gc,start       ] GC(276) Pause Young (Concurrent Start) (G1 Evacuation Pause)
[1765.209s][info][gc,task        ] GC(276) Using 6 workers of 6 for evacuation
[1765.327s][info][gc,phases      ] GC(276)   Pre Evacuate Collection Set: 0.42ms
[1765.327s][info][gc,phases      ] GC(276)   Merge Heap Roots: 0.49ms
[1765.327s][info][gc,phases      ] GC(276)   Evacuate Collection Set: 115.98ms
[1765.327s][info][gc,phases      ] GC(276)   Post Evacuate Collection Set: 0.91ms
[1765.327s][info][gc,phases      ] GC(276)   Other: 0.12ms
[1765.327s][info][gc,heap        ] GC(276) Eden regions: 1120->0(1120)
[1765.327s][info][gc,heap        ] GC(276) Survivor regions: 108->108(154)
[1765.327s][info][gc,heap        ] GC(276) Old regions: 472->504
[1765.327s][info][gc,heap        ] GC(276) Humongous regions: 80->80
[1765.327s][info][gc,metaspace   ] GC(276) Metaspace: 28927K(29248K)->28927K(29248K) NonClass: 24043K(24192K)->24043K(24192K) Class: 4884K(5056K)->4884K(5056K)
[1765.327s][info][gc             ] GC(276) Pause Young (Concurrent Start) (G1 Evacuation Pause) 3558M->1381M(4096M) 118.051ms
[1765.327s][info][gc             ] GC(277) Concurrent Mark Cycle
[1765.327s][info][gc,marking     ] GC(277) Concurrent Scan Root Regions
[1765.327s][info][gc,cpu         ] GC(276) User=0.70s Sys=0.00s Real=0.12s
.[1765.446s][info][gc,marking     ] GC(277) Concurrent Scan Root Regions 119.214ms
[1765.446s][info][gc,marking     ] GC(277) Concurrent Mark
[1765.446s][info][gc,marking     ] GC(277) Concurrent Mark From Roots
[1765.446s][info][gc,task        ] GC(277) Using 2 workers of 2 for marking
[1766.002s][info][gc,marking     ] GC(277) Concurrent Mark From Roots 555.544ms
[1766.002s][info][gc,marking     ] GC(277) Concurrent Preclean
[1766.002s][info][gc,marking     ] GC(277) Concurrent Preclean 0.050ms
[1766.003s][info][gc,start       ] GC(277) Pause Remark
[1766.006s][info][gc             ] GC(277) Pause Remark 1619M->1619M(4096M) 3.037ms
[1766.006s][info][gc,cpu         ] GC(277) User=0.01s Sys=0.00s Real=0.01s
[1766.006s][info][gc,marking     ] GC(277) Concurrent Mark 560.046ms
[1766.006s][info][gc,marking     ] GC(277) Concurrent Rebuild Remembered Sets and Scrub Regions
[1766.208s][info][gc,marking     ] GC(277) Concurrent Rebuild Remembered Sets and Scrub Regions 201.564ms
[1766.208s][info][gc,start       ] GC(277) Pause Cleanup
[1766.208s][info][gc             ] GC(277) Pause Cleanup 1687M->1687M(4096M) 0.118ms
[1766.208s][info][gc,cpu         ] GC(277) User=0.00s Sys=0.00s Real=0.00s
[1766.208s][info][gc,marking     ] GC(277) Concurrent Clear Claimed Marks
[1766.208s][info][gc,marking     ] GC(277) Concurrent Clear Claimed Marks 0.025ms
[1766.208s][info][gc,marking     ] GC(277) Concurrent Cleanup for Next Mark
[1766.212s][info][gc,marking     ] GC(277) Concurrent Cleanup for Next Mark 3.282ms
[1766.212s][info][gc             ] GC(277) Concurrent Mark Cycle 884.553ms
.......[1772.758s][info][gc,start       ] GC(278) Pause Young (Prepare Mixed) (G1 Evacuation Pause)
[1772.758s][info][gc,task        ] GC(278) Using 6 workers of 6 for evacuation
[1772.875s][info][gc,phases      ] GC(278)   Pre Evacuate Collection Set: 0.39ms
[1772.875s][info][gc,phases      ] GC(278)   Merge Heap Roots: 0.58ms
[1772.875s][info][gc,phases      ] GC(278)   Evacuate Collection Set: 115.33ms
[1772.875s][info][gc,phases      ] GC(278)   Post Evacuate Collection Set: 0.97ms
[1772.875s][info][gc,phases      ] GC(278)   Other: 0.09ms
[1772.875s][info][gc,heap        ] GC(278) Eden regions: 1120->0(1111)
[1772.875s][info][gc,heap        ] GC(278) Survivor regions: 108->109(154)
[1772.875s][info][gc,heap        ] GC(278) Old regions: 504->536
[1772.875s][info][gc,heap        ] GC(278) Humongous regions: 80->80
[1772.875s][info][gc,metaspace   ] GC(278) Metaspace: 28928K(29248K)->28928K(29248K) NonClass: 24044K(24192K)->24044K(24192K) Class: 4884K(5056K)->4884K(5056K)
[1772.875s][info][gc             ] GC(278) Pause Young (Prepare Mixed) (G1 Evacuation Pause) 3621M->1447M(4096M) 117.512ms
[1772.875s][info][gc,cpu         ] GC(278) User=0.69s Sys=0.00s Real=0.12s
.......[1780.368s][info][gc,start       ] GC(279) Pause Young (Mixed) (G1 Evacuation Pause)
[1780.368s][info][gc,task        ] GC(279) Using 6 workers of 6 for evacuation
[1780.498s][info][gc,phases      ] GC(279)   Pre Evacuate Collection Set: 0.42ms
[1780.498s][info][gc,phases      ] GC(279)   Merge Heap Roots: 0.68ms
[1780.498s][info][gc,phases      ] GC(279)   Evacuate Collection Set: 127.88ms
[1780.498s][info][gc,phases      ] GC(279)   Post Evacuate Collection Set: 1.01ms
[1780.498s][info][gc,phases      ] GC(279)   Other: 0.10ms
[1780.498s][info][gc,heap        ] GC(279) Eden regions: 1111->0(1120)
[1780.498s][info][gc,heap        ] GC(279) Survivor regions: 109->108(153)
[1780.498s][info][gc,heap        ] GC(279) Old regions: 536->471
[1780.498s][info][gc,heap        ] GC(279) Humongous regions: 80->80
[1780.498s][info][gc,metaspace   ] GC(279) Metaspace: 28928K(29248K)->28928K(29248K) NonClass: 24044K(24192K)->24044K(24192K) Class: 4884K(5056K)->4884K(5056K)
[1780.498s][info][gc             ] GC(279) Pause Young (Mixed) (G1 Evacuation Pause) 3669M->1316M(4096M) 130.261ms
[1780.498s][info][gc,cpu         ] GC(279) User=0.77s Sys=0.00s Real=0.13s
........[1788.012s][info][gc,start       ] GC(280) Pause Young (Concurrent Start) (G1 Evacuation Pause)
[1788.012s][info][gc,task        ] GC(280) Using 6 workers of 6 for evacuation
[1788.128s][info][gc,phases      ] GC(280)   Pre Evacuate Collection Set: 0.43ms
[1788.128s][info][gc,phases      ] GC(280)   Merge Heap Roots: 0.47ms
[1788.128s][info][gc,phases      ] GC(280)   Evacuate Collection Set: 114.17ms
[1788.128s][info][gc,phases      ] GC(280)   Post Evacuate Collection Set: 0.92ms
[1788.128s][info][gc,phases      ] GC(280)   Other: 0.12ms
[1788.128s][info][gc,heap        ] GC(280) Eden regions: 1120->0(1120)
[1788.128s][info][gc,heap        ] GC(280) Survivor regions: 108->108(154)
[1788.128s][info][gc,heap        ] GC(280) Old regions: 471->503
[1788.128s][info][gc,heap        ] GC(280) Humongous regions: 80->80
[1788.128s][info][gc,metaspace   ] GC(280) Metaspace: 28930K(29248K)->28930K(29248K) NonClass: 24046K(24192K)->24046K(24192K) Class: 4884K(5056K)->4884K(5056K)
[1788.128s][info][gc             ] GC(280) Pause Young (Concurrent Start) (G1 Evacuation Pause) 3556M->1380M(4096M) 116.247ms
[1788.128s][info][gc             ] GC(281) Concurrent Mark Cycle
[1788.128s][info][gc,marking     ] GC(281) Concurrent Scan Root Regions
[1788.128s][info][gc,cpu         ] GC(280) User=0.69s Sys=0.00s Real=0.12s
[1788.265s][info][gc,marking     ] GC(281) Concurrent Scan Root Regions 136.975ms
[1788.265s][info][gc,marking     ] GC(281) Concurrent Mark
[1788.265s][info][gc,marking     ] GC(281) Concurrent Mark From Roots
[1788.265s][info][gc,task        ] GC(281) Using 2 workers of 2 for marking
.[1788.826s][info][gc,marking     ] GC(281) Concurrent Mark From Roots 560.155ms
[1788.826s][info][gc,marking     ] GC(281) Concurrent Preclean
[1788.826s][info][gc,marking     ] GC(281) Concurrent Preclean 0.037ms
[1788.826s][info][gc,start       ] GC(281) Pause Remark
[1788.829s][info][gc             ] GC(281) Pause Remark 1639M->1639M(4096M) 2.937ms
[1788.829s][info][gc,cpu         ] GC(281) User=0.02s Sys=0.00s Real=0.00s
[1788.829s][info][gc,marking     ] GC(281) Concurrent Mark 563.390ms
[1788.829s][info][gc,marking     ] GC(281) Concurrent Rebuild Remembered Sets and Scrub Regions
[1789.046s][info][gc,marking     ] GC(281) Concurrent Rebuild Remembered Sets and Scrub Regions 217.375ms
[1789.046s][info][gc,start       ] GC(281) Pause Cleanup
[1789.046s][info][gc             ] GC(281) Pause Cleanup 1693M->1693M(4096M) 0.113ms
[1789.046s][info][gc,cpu         ] GC(281) User=0.00s Sys=0.00s Real=0.00s
[1789.046s][info][gc,marking     ] GC(281) Concurrent Clear Claimed Marks
[1789.046s][info][gc,marking     ] GC(281) Concurrent Clear Claimed Marks 0.029ms
[1789.046s][info][gc,marking     ] GC(281) Concurrent Cleanup for Next Mark
[1789.050s][info][gc,marking     ] GC(281) Concurrent Cleanup for Next Mark 3.237ms
[1789.050s][info][gc             ] GC(281) Concurrent Mark Cycle 921.439ms
.......[1795.644s][info][gc,start       ] GC(282) Pause Young (Prepare Mixed) (G1 Evacuation Pause)
[1795.644s][info][gc,task        ] GC(282) Using 6 workers of 6 for evacuation
[1795.762s][info][gc,phases      ] GC(282)   Pre Evacuate Collection Set: 0.42ms
[1795.762s][info][gc,phases      ] GC(282)   Merge Heap Roots: 0.58ms
[1795.762s][info][gc,phases      ] GC(282)   Evacuate Collection Set: 116.23ms
[1795.762s][info][gc,phases      ] GC(282)   Post Evacuate Collection Set: 0.99ms
[1795.762s][info][gc,phases      ] GC(282)   Other: 0.09ms
[1795.762s][info][gc,heap        ] GC(282) Eden regions: 1120->0(1112)
[1795.762s][info][gc,heap        ] GC(282) Survivor regions: 108->109(154)
[1795.762s][info][gc,heap        ] GC(282) Old regions: 503->535
[1795.762s][info][gc,heap        ] GC(282) Humongous regions: 80->80
[1795.762s][info][gc,metaspace   ] GC(282) Metaspace: 28930K(29248K)->28930K(29248K) NonClass: 24046K(24192K)->24046K(24192K) Class: 4884K(5056K)->4884K(5056K)
[1795.762s][info][gc             ] GC(282) Pause Young (Prepare Mixed) (G1 Evacuation Pause) 3620M->1445M(4096M) 118.486ms
[1795.762s][info][gc,cpu         ] GC(282) User=0.70s Sys=0.00s Real=0.11s
.......[1803.125s][info][gc,start       ] GC(283) Pause Young (Mixed) (G1 Evacuation Pause)
[1803.125s][info][gc,task        ] GC(283) Using 6 workers of 6 for evacuation
[1803.256s][info][gc,phases      ] GC(283)   Pre Evacuate Collection Set: 0.44ms
[1803.256s][info][gc,phases      ] GC(283)   Merge Heap Roots: 0.70ms
[1803.256s][info][gc,phases      ] GC(283)   Evacuate Collection Set: 128.32ms
[1803.256s][info][gc,phases      ] GC(283)   Post Evacuate Collection Set: 1.02ms
[1803.256s][info][gc,phases      ] GC(283)   Other: 0.09ms
[1803.256s][info][gc,heap        ] GC(283) Eden regions: 1112->0(1120)
[1803.256s][info][gc,heap        ] GC(283) Survivor regions: 109->108(153)
[1803.256s][info][gc,heap        ] GC(283) Old regions: 535->470
[1803.256s][info][gc,heap        ] GC(283) Humongous regions: 80->80
[1803.256s][info][gc,metaspace   ] GC(283) Metaspace: 28930K(29248K)->28930K(29248K) NonClass: 24046K(24192K)->24046K(24192K) Class: 4884K(5056K)->4884K(5056K)
[1803.256s][info][gc             ] GC(283) Pause Young (Mixed) (G1 Evacuation Pause) 3669M->1315M(4096M) 130.715ms
[1803.256s][info][gc,cpu         ] GC(283) User=0.77s Sys=0.00s Real=0.13s
........ (rIR:aIR:PR = 2491:2489:2489) (tPR = 36684) [OK] 
  1810s: Performance info:
         Transaction,    Success,    Partial,     Failed,   Receipts, AvgBarcode, 
             Overall,     149610,          0,          0,     142114,      59.48, 
         Response times:
             Request,    Success,    Partial,     Failed,   SkipFail,     Probes,    Samples,      min,      p50,      p90,      p95,      p99,      max, 
       TotalPurchase,     142114,          0,          0,          0,     138813,     151704,      300,     2200,     3400,     3900,    17300,   178000,
     InStorePurchase,      74766,          0,          0,          0,      73074,      79531,      300,     2100,     3300,     3900,    17700,   178000,
      OnlinePurchase,      52371,          0,          0,          0,      51335,      56187,      300,     2200,     3400,     3900,    17400,   167000,
        InstPurchase,      14977,          0,          0,          0,      14404,      15986,      400,     2400,     3400,     3900,    14713,   167000,
          AssocOfCat,        151,          0,          0,          0,        115,        179,    18900,    26000,    32000,    38000,   106800,   178000,
      AssocOfProduct,       1497,          0,          0,          0,       1332,       1593,      600,     2400,     3400,     3930,    16400,   137000,
      BusinessReport,        377,          0,          0,          0,        311,        407,    21000,    29000,    37000,    43000,    64520,   110000,
          CustBuyBeh,       1498,          0,          0,          0,       1348,       1574,      300,     2100,     3100,     3500,    13600,   167000,
       ProductReturn,       3973,          0,          0,          0,       3702,       4235,      200,     1900,     3300,     3800,    17600,   136000,

  1810s: (19%)   IR =   2629 [1810.772s][info][gc,start       ] GC(284) Pause Young (Concurrent Start) (G1 Evacuation Pause)
[1810.772s][info][gc,task        ] GC(284) Using 6 workers of 6 for evacuation
[1810.888s][info][gc,phases      ] GC(284)   Pre Evacuate Collection Set: 0.44ms
[1810.888s][info][gc,phases      ] GC(284)   Merge Heap Roots: 0.48ms
[1810.888s][info][gc,phases      ] GC(284)   Evacuate Collection Set: 113.83ms
[1810.888s][info][gc,phases      ] GC(284)   Post Evacuate Collection Set: 0.92ms
[1810.888s][info][gc,phases      ] GC(284)   Other: 0.12ms
[1810.888s][info][gc,heap        ] GC(284) Eden regions: 1120->0(1119)
[1810.888s][info][gc,heap        ] GC(284) Survivor regions: 108->109(154)
[1810.888s][info][gc,heap        ] GC(284) Old regions: 470->502
[1810.888s][info][gc,heap        ] GC(284) Humongous regions: 80->80
[1810.888s][info][gc,metaspace   ] GC(284) Metaspace: 28931K(29248K)->28931K(29248K) NonClass: 24047K(24192K)->24047K(24192K) Class: 4884K(5056K)->4884K(5056K)
[1810.888s][info][gc             ] GC(284) Pause Young (Concurrent Start) (G1 Evacuation Pause) 3555M->1380M(4096M) 115.943ms
[1810.888s][info][gc             ] GC(285) Concurrent Mark Cycle
[1810.888s][info][gc,marking     ] GC(285) Concurrent Scan Root Regions
[1810.888s][info][gc,cpu         ] GC(284) User=0.69s Sys=0.00s Real=0.12s
[1811.007s][info][gc,marking     ] GC(285) Concurrent Scan Root Regions 119.281ms
[1811.007s][info][gc,marking     ] GC(285) Concurrent Mark
[1811.007s][info][gc,marking     ] GC(285) Concurrent Mark From Roots
[1811.007s][info][gc,task        ] GC(285) Using 2 workers of 2 for marking
.[1811.570s][info][gc,marking     ] GC(285) Concurrent Mark From Roots 563.026ms
[1811.570s][info][gc,marking     ] GC(285) Concurrent Preclean
[1811.570s][info][gc,marking     ] GC(285) Concurrent Preclean 0.052ms
[1811.571s][info][gc,start       ] GC(285) Pause Remark
[1811.574s][info][gc             ] GC(285) Pause Remark 1623M->1623M(4096M) 3.202ms
[1811.574s][info][gc,cpu         ] GC(285) User=0.02s Sys=0.00s Real=0.01s
[1811.574s][info][gc,marking     ] GC(285) Concurrent Mark 566.545ms
[1811.574s][info][gc,marking     ] GC(285) Concurrent Rebuild Remembered Sets and Scrub Regions
[1811.789s][info][gc,marking     ] GC(285) Concurrent Rebuild Remembered Sets and Scrub Regions 214.802ms
[1811.789s][info][gc,start       ] GC(285) Pause Cleanup
[1811.789s][info][gc             ] GC(285) Pause Cleanup 1688M->1688M(4096M) 0.120ms
[1811.789s][info][gc,cpu         ] GC(285) User=0.00s Sys=0.00s Real=0.00s
[1811.789s][info][gc,marking     ] GC(285) Concurrent Clear Claimed Marks
[1811.789s][info][gc,marking     ] GC(285) Concurrent Clear Claimed Marks 0.032ms
[1811.789s][info][gc,marking     ] GC(285) Concurrent Cleanup for Next Mark
[1811.792s][info][gc,marking     ] GC(285) Concurrent Cleanup for Next Mark 3.263ms
[1811.792s][info][gc             ] GC(285) Concurrent Mark Cycle 904.406ms
.....|.[1817.922s][info][gc,start       ] GC(286) Pause Young (Prepare Mixed) (G1 Evacuation Pause)
[1817.922s][info][gc,task        ] GC(286) Using 6 workers of 6 for evacuation
[1818.039s][info][gc,phases      ] GC(286)   Pre Evacuate Collection Set: 0.36ms
[1818.039s][info][gc,phases      ] GC(286)   Merge Heap Roots: 0.54ms
[1818.039s][info][gc,phases      ] GC(286)   Evacuate Collection Set: 115.09ms
[1818.039s][info][gc,phases      ] GC(286)   Post Evacuate Collection Set: 0.95ms
[1818.039s][info][gc,phases      ] GC(286)   Other: 0.08ms
[1818.039s][info][gc,heap        ] GC(286) Eden regions: 1119->0(1115)
[1818.039s][info][gc,heap        ] GC(286) Survivor regions: 109->108(154)
[1818.039s][info][gc,heap        ] GC(286) Old regions: 502->534
[1818.039s][info][gc,heap        ] GC(286) Humongous regions: 80->80
[1818.039s][info][gc,metaspace   ] GC(286) Metaspace: 28933K(29248K)->28933K(29248K) NonClass: 24049K(24192K)->24049K(24192K) Class: 4884K(5056K)->4884K(5056K)
[1818.039s][info][gc             ] GC(286) Pause Young (Prepare Mixed) (G1 Evacuation Pause) 3618M->1442M(4096M) 117.145ms
[1818.039s][info][gc,cpu         ] GC(286) User=0.69s Sys=0.00s Real=0.12s
.......[1825.092s][info][gc,start       ] GC(287) Pause Young (Mixed) (G1 Evacuation Pause)
[1825.093s][info][gc,task        ] GC(287) Using 6 workers of 6 for evacuation
[1825.225s][info][gc,phases      ] GC(287)   Pre Evacuate Collection Set: 0.40ms
[1825.225s][info][gc,phases      ] GC(287)   Merge Heap Roots: 0.69ms
[1825.225s][info][gc,phases      ] GC(287)   Evacuate Collection Set: 130.11ms
[1825.225s][info][gc,phases      ] GC(287)   Post Evacuate Collection Set: 0.98ms
[1825.225s][info][gc,phases      ] GC(287)   Other: 0.09ms
[1825.225s][info][gc,heap        ] GC(287) Eden regions: 1115->0(1121)
[1825.225s][info][gc,heap        ] GC(287) Survivor regions: 108->107(153)
[1825.225s][info][gc,heap        ] GC(287) Old regions: 534->471
[1825.225s][info][gc,heap        ] GC(287) Humongous regions: 80->80
[1825.225s][info][gc,metaspace   ] GC(287) Metaspace: 28933K(29248K)->28933K(29248K) NonClass: 24049K(24192K)->24049K(24192K) Class: 4884K(5056K)->4884K(5056K)
[1825.225s][info][gc             ] GC(287) Pause Young (Mixed) (G1 Evacuation Pause) 3672M->1314M(4096M) 132.392ms
[1825.225s][info][gc,cpu         ] GC(287) User=0.78s Sys=0.00s Real=0.14s
.......[1832.297s][info][gc,start       ] GC(288) Pause Young (Concurrent Start) (G1 Evacuation Pause)
[1832.297s][info][gc,task        ] GC(288) Using 6 workers of 6 for evacuation
[1832.413s][info][gc,phases      ] GC(288)   Pre Evacuate Collection Set: 0.43ms
[1832.413s][info][gc,phases      ] GC(288)   Merge Heap Roots: 0.49ms
[1832.413s][info][gc,phases      ] GC(288)   Evacuate Collection Set: 113.53ms
[1832.413s][info][gc,phases      ] GC(288)   Post Evacuate Collection Set: 0.91ms
[1832.413s][info][gc,phases      ] GC(288)   Other: 0.11ms
[1832.413s][info][gc,heap        ] GC(288) Eden regions: 1121->0(1120)
[1832.413s][info][gc,heap        ] GC(288) Survivor regions: 107->108(154)
[1832.413s][info][gc,heap        ] GC(288) Old regions: 471->503
[1832.413s][info][gc,heap        ] GC(288) Humongous regions: 80->80
[1832.413s][info][gc,metaspace   ] GC(288) Metaspace: 28933K(29248K)->28933K(29248K) NonClass: 24049K(24192K)->24049K(24192K) Class: 4884K(5056K)->4884K(5056K)
[1832.413s][info][gc             ] GC(288) Pause Young (Concurrent Start) (G1 Evacuation Pause) 3556M->1379M(4096M) 115.640ms
[1832.413s][info][gc             ] GC(289) Concurrent Mark Cycle
[1832.413s][info][gc,marking     ] GC(289) Concurrent Scan Root Regions
[1832.413s][info][gc,cpu         ] GC(288) User=0.69s Sys=0.00s Real=0.11s
.[1832.548s][info][gc,marking     ] GC(289) Concurrent Scan Root Regions 135.048ms
[1832.548s][info][gc,marking     ] GC(289) Concurrent Mark
[1832.548s][info][gc,marking     ] GC(289) Concurrent Mark From Roots
[1832.548s][info][gc,task        ] GC(289) Using 2 workers of 2 for marking
[1833.154s][info][gc,marking     ] GC(289) Concurrent Mark From Roots 605.522ms
[1833.154s][info][gc,marking     ] GC(289) Concurrent Preclean
[1833.154s][info][gc,marking     ] GC(289) Concurrent Preclean 0.037ms
[1833.154s][info][gc,start       ] GC(289) Pause Remark
[1833.157s][info][gc             ] GC(289) Pause Remark 1636M->1636M(4096M) 3.181ms
[1833.157s][info][gc,cpu         ] GC(289) User=0.02s Sys=0.00s Real=0.00s
[1833.157s][info][gc,marking     ] GC(289) Concurrent Mark 609.024ms
[1833.157s][info][gc,marking     ] GC(289) Concurrent Rebuild Remembered Sets and Scrub Regions
[1833.384s][info][gc,marking     ] GC(289) Concurrent Rebuild Remembered Sets and Scrub Regions 226.547ms
[1833.384s][info][gc,start       ] GC(289) Pause Cleanup
[1833.384s][info][gc             ] GC(289) Pause Cleanup 1702M->1702M(4096M) 0.123ms
[1833.384s][info][gc,cpu         ] GC(289) User=0.00s Sys=0.00s Real=0.00s
[1833.384s][info][gc,marking     ] GC(289) Concurrent Clear Claimed Marks
[1833.384s][info][gc,marking     ] GC(289) Concurrent Clear Claimed Marks 0.029ms
[1833.384s][info][gc,marking     ] GC(289) Concurrent Cleanup for Next Mark
[1833.388s][info][gc,marking     ] GC(289) Concurrent Cleanup for Next Mark 4.096ms
[1833.388s][info][gc             ] GC(289) Concurrent Mark Cycle 975.161ms
......[1839.545s][info][gc,start       ] GC(290) Pause Young (Prepare Mixed) (G1 Evacuation Pause)
[1839.545s][info][gc,task        ] GC(290) Using 6 workers of 6 for evacuation
[1839.662s][info][gc,phases      ] GC(290)   Pre Evacuate Collection Set: 0.37ms
[1839.663s][info][gc,phases      ] GC(290)   Merge Heap Roots: 0.52ms
[1839.663s][info][gc,phases      ] GC(290)   Evacuate Collection Set: 115.43ms
[1839.663s][info][gc,phases      ] GC(290)   Post Evacuate Collection Set: 0.95ms
[1839.663s][info][gc,phases      ] GC(290)   Other: 0.08ms
[1839.663s][info][gc,heap        ] GC(290) Eden regions: 1120->0(1115)
[1839.663s][info][gc,heap        ] GC(290) Survivor regions: 108->108(154)
[1839.663s][info][gc,heap        ] GC(290) Old regions: 503->534
[1839.663s][info][gc,heap        ] GC(290) Humongous regions: 80->80
[1839.663s][info][gc,metaspace   ] GC(290) Metaspace: 28933K(29248K)->28933K(29248K) NonClass: 24049K(24192K)->24049K(24192K) Class: 4884K(5056K)->4884K(5056K)
[1839.663s][info][gc             ] GC(290) Pause Young (Prepare Mixed) (G1 Evacuation Pause) 3619M->1443M(4096M) 117.486ms
[1839.663s][info][gc,cpu         ] GC(290) User=0.69s Sys=0.00s Real=0.11s
.......[1846.656s][info][gc,start       ] GC(291) Pause Young (Mixed) (G1 Evacuation Pause)
[1846.656s][info][gc,task        ] GC(291) Using 6 workers of 6 for evacuation
[1846.788s][info][gc,phases      ] GC(291)   Pre Evacuate Collection Set: 0.40ms
[1846.788s][info][gc,phases      ] GC(291)   Merge Heap Roots: 0.81ms
[1846.788s][info][gc,phases      ] GC(291)   Evacuate Collection Set: 130.02ms
[1846.788s][info][gc,phases      ] GC(291)   Post Evacuate Collection Set: 0.99ms
[1846.788s][info][gc,phases      ] GC(291)   Other: 0.09ms
[1846.788s][info][gc,heap        ] GC(291) Eden regions: 1115->0(1119)
[1846.788s][info][gc,heap        ] GC(291) Survivor regions: 108->109(153)
[1846.788s][info][gc,heap        ] GC(291) Old regions: 534->471
[1846.788s][info][gc,heap        ] GC(291) Humongous regions: 80->80
[1846.788s][info][gc,metaspace   ] GC(291) Metaspace: 28933K(29248K)->28933K(29248K) NonClass: 24049K(24192K)->24049K(24192K) Class: 4884K(5056K)->4884K(5056K)
[1846.788s][info][gc             ] GC(291) Pause Young (Mixed) (G1 Evacuation Pause) 3673M->1318M(4096M) 132.455ms
[1846.788s][info][gc,cpu         ] GC(291) User=0.78s Sys=0.00s Real=0.13s
........[1853.861s][info][gc,start       ] GC(292) Pause Young (Concurrent Start) (G1 Evacuation Pause)
[1853.861s][info][gc,task        ] GC(292) Using 6 workers of 6 for evacuation
[1853.977s][info][gc,phases      ] GC(292)   Pre Evacuate Collection Set: 0.41ms
[1853.977s][info][gc,phases      ] GC(292)   Merge Heap Roots: 0.48ms
[1853.977s][info][gc,phases      ] GC(292)   Evacuate Collection Set: 114.27ms
[1853.977s][info][gc,phases      ] GC(292)   Post Evacuate Collection Set: 0.90ms
[1853.977s][info][gc,phases      ] GC(292)   Other: 0.11ms
[1853.977s][info][gc,heap        ] GC(292) Eden regions: 1119->0(1120)
[1853.977s][info][gc,heap        ] GC(292) Survivor regions: 109->108(154)
[1853.977s][info][gc,heap        ] GC(292) Old regions: 471->504
[1853.977s][info][gc,heap        ] GC(292) Humongous regions: 80->80
[1853.977s][info][gc,metaspace   ] GC(292) Metaspace: 28933K(29248K)->28933K(29248K) NonClass: 24049K(24192K)->24049K(24192K) Class: 4884K(5056K)->4884K(5056K)
[1853.977s][info][gc             ] GC(292) Pause Young (Concurrent Start) (G1 Evacuation Pause) 3556M->1381M(4096M) 116.326ms
[1853.977s][info][gc             ] GC(293) Concurrent Mark Cycle
[1853.977s][info][gc,marking     ] GC(293) Concurrent Scan Root Regions
[1853.977s][info][gc,cpu         ] GC(292) User=0.69s Sys=0.01s Real=0.12s
[1854.148s][info][gc,marking     ] GC(293) Concurrent Scan Root Regions 170.242ms
[1854.148s][info][gc,marking     ] GC(293) Concurrent Mark
[1854.148s][info][gc,marking     ] GC(293) Concurrent Mark From Roots
[1854.148s][info][gc,task        ] GC(293) Using 2 workers of 2 for marking
.[1855.049s][info][gc,marking     ] GC(293) Concurrent Mark From Roots 901.165ms
[1855.049s][info][gc,marking     ] GC(293) Concurrent Preclean
[1855.049s][info][gc,marking     ] GC(293) Concurrent Preclean 0.037ms
[1855.049s][info][gc,start       ] GC(293) Pause Remark
[1855.053s][info][gc             ] GC(293) Pause Remark 1716M->1716M(4096M) 3.754ms
[1855.053s][info][gc,cpu         ] GC(293) User=0.02s Sys=0.00s Real=0.00s
[1855.053s][info][gc,marking     ] GC(293) Concurrent Mark 905.212ms
[1855.053s][info][gc,marking     ] GC(293) Concurrent Rebuild Remembered Sets and Scrub Regions
[1855.402s][info][gc,marking     ] GC(293) Concurrent Rebuild Remembered Sets and Scrub Regions 348.855ms
[1855.402s][info][gc,start       ] GC(293) Pause Cleanup
[1855.402s][info][gc             ] GC(293) Pause Cleanup 1819M->1819M(4096M) 0.127ms
[1855.402s][info][gc,cpu         ] GC(293) User=0.00s Sys=0.00s Real=0.00s
[1855.402s][info][gc,marking     ] GC(293) Concurrent Clear Claimed Marks
[1855.402s][info][gc,marking     ] GC(293) Concurrent Clear Claimed Marks 0.035ms
[1855.402s][info][gc,marking     ] GC(293) Concurrent Cleanup for Next Mark
[1855.406s][info][gc,marking     ] GC(293) Concurrent Cleanup for Next Mark 4.129ms
[1855.406s][info][gc             ] GC(293) Concurrent Mark Cycle 1428.972ms
......[1861.169s][info][gc,start       ] GC(294) Pause Young (Prepare Mixed) (G1 Evacuation Pause)
[1861.169s][info][gc,task        ] GC(294) Using 6 workers of 6 for evacuation
[1861.287s][info][gc,phases      ] GC(294)   Pre Evacuate Collection Set: 0.38ms
[1861.287s][info][gc,phases      ] GC(294)   Merge Heap Roots: 0.52ms
[1861.287s][info][gc,phases      ] GC(294)   Evacuate Collection Set: 115.63ms
[1861.287s][info][gc,phases      ] GC(294)   Post Evacuate Collection Set: 0.97ms
[1861.287s][info][gc,phases      ] GC(294)   Other: 0.08ms
[1861.287s][info][gc,heap        ] GC(294) Eden regions: 1120->0(1112)
[1861.287s][info][gc,heap        ] GC(294) Survivor regions: 108->109(154)
[1861.287s][info][gc,heap        ] GC(294) Old regions: 504->535
[1861.287s][info][gc,heap        ] GC(294) Humongous regions: 80->80
[1861.287s][info][gc,metaspace   ] GC(294) Metaspace: 28933K(29248K)->28933K(29248K) NonClass: 24049K(24192K)->24049K(24192K) Class: 4884K(5056K)->4884K(5056K)
[1861.287s][info][gc             ] GC(294) Pause Young (Prepare Mixed) (G1 Evacuation Pause) 3621M->1447M(4096M) 117.723ms
[1861.287s][info][gc,cpu         ] GC(294) User=0.70s Sys=0.00s Real=0.12s
.......[1868.279s][info][gc,start       ] GC(295) Pause Young (Mixed) (G1 Evacuation Pause)
[1868.279s][info][gc,task        ] GC(295) Using 6 workers of 6 for evacuation
[1868.410s][info][gc,phases      ] GC(295)   Pre Evacuate Collection Set: 0.41ms
[1868.410s][info][gc,phases      ] GC(295)   Merge Heap Roots: 0.66ms
[1868.410s][info][gc,phases      ] GC(295)   Evacuate Collection Set: 128.50ms
[1868.410s][info][gc,phases      ] GC(295)   Post Evacuate Collection Set: 0.97ms
[1868.410s][info][gc,phases      ] GC(295)   Other: 0.09ms
[1868.410s][info][gc,heap        ] GC(295) Eden regions: 1112->0(1120)
[1868.410s][info][gc,heap        ] GC(295) Survivor regions: 109->108(153)
[1868.410s][info][gc,heap        ] GC(295) Old regions: 535->471
[1868.410s][info][gc,heap        ] GC(295) Humongous regions: 80->80
[1868.410s][info][gc,metaspace   ] GC(295) Metaspace: 28933K(29248K)->28933K(29248K) NonClass: 24049K(24192K)->24049K(24192K) Class: 4884K(5056K)->4884K(5056K)
[1868.410s][info][gc             ] GC(295) Pause Young (Mixed) (G1 Evacuation Pause) 3671M->1317M(4096M) 130.761ms
[1868.410s][info][gc,cpu         ] GC(295) User=0.77s Sys=0.00s Real=0.13s
.......[1875.491s][info][gc,start       ] GC(296) Pause Young (Concurrent Start) (G1 Evacuation Pause)
[1875.491s][info][gc,task        ] GC(296) Using 6 workers of 6 for evacuation
[1875.611s][info][gc,phases      ] GC(296)   Pre Evacuate Collection Set: 0.38ms
[1875.611s][info][gc,phases      ] GC(296)   Merge Heap Roots: 0.50ms
[1875.611s][info][gc,phases      ] GC(296)   Evacuate Collection Set: 117.92ms
[1875.611s][info][gc,phases      ] GC(296)   Post Evacuate Collection Set: 0.93ms
[1875.611s][info][gc,phases      ] GC(296)   Other: 0.12ms
[1875.611s][info][gc,heap        ] GC(296) Eden regions: 1120->0(1118)
[1875.611s][info][gc,heap        ] GC(296) Survivor regions: 108->110(154)
[1875.611s][info][gc,heap        ] GC(296) Old regions: 471->504
[1875.611s][info][gc,heap        ] GC(296) Humongous regions: 80->80
[1875.611s][info][gc,metaspace   ] GC(296) Metaspace: 28933K(29248K)->28933K(29248K) NonClass: 24049K(24192K)->24049K(24192K) Class: 4884K(5056K)->4884K(5056K)
[1875.611s][info][gc             ] GC(296) Pause Young (Concurrent Start) (G1 Evacuation Pause) 3557M->1385M(4096M) 119.973ms
[1875.611s][info][gc             ] GC(297) Concurrent Mark Cycle
[1875.611s][info][gc,marking     ] GC(297) Concurrent Scan Root Regions
[1875.611s][info][gc,cpu         ] GC(296) User=0.71s Sys=0.00s Real=0.12s
[1875.755s][info][gc,marking     ] GC(297) Concurrent Scan Root Regions 143.733ms
[1875.755s][info][gc,marking     ] GC(297) Concurrent Mark
[1875.755s][info][gc,marking     ] GC(297) Concurrent Mark From Roots
[1875.755s][info][gc,task        ] GC(297) Using 2 workers of 2 for marking
.[1876.357s][info][gc,marking     ] GC(297) Concurrent Mark From Roots 601.612ms
[1876.357s][info][gc,marking     ] GC(297) Concurrent Preclean
[1876.357s][info][gc,marking     ] GC(297) Concurrent Preclean 0.036ms
[1876.357s][info][gc,start       ] GC(297) Pause Remark
[1876.360s][info][gc             ] GC(297) Pause Remark 1630M->1630M(4096M) 3.210ms
[1876.360s][info][gc,cpu         ] GC(297) User=0.02s Sys=0.00s Real=0.00s
[1876.360s][info][gc,marking     ] GC(297) Concurrent Mark 605.115ms
[1876.360s][info][gc,marking     ] GC(297) Concurrent Rebuild Remembered Sets and Scrub Regions
[1876.622s][info][gc,marking     ] GC(297) Concurrent Rebuild Remembered Sets and Scrub Regions 262.148ms
[1876.622s][info][gc,start       ] GC(297) Pause Cleanup
[1876.623s][info][gc             ] GC(297) Pause Cleanup 1729M->1729M(4096M) 0.133ms
[1876.623s][info][gc,cpu         ] GC(297) User=0.00s Sys=0.00s Real=0.00s
[1876.623s][info][gc,marking     ] GC(297) Concurrent Clear Claimed Marks
[1876.623s][info][gc,marking     ] GC(297) Concurrent Clear Claimed Marks 0.029ms
[1876.623s][info][gc,marking     ] GC(297) Concurrent Cleanup for Next Mark
[1876.627s][info][gc,marking     ] GC(297) Concurrent Cleanup for Next Mark 4.230ms
[1876.627s][info][gc             ] GC(297) Concurrent Mark Cycle 1015.750ms
. (rIR:aIR:PR = 2629:2629:2629) (tPR = 39252) [OK] 
  1876s: Performance info:
         Transaction,    Success,    Partial,     Failed,   Receipts, AvgBarcode, 
             Overall,     158438,          0,          0,     150506,      59.48, 
         Response times:
             Request,    Success,    Partial,     Failed,   SkipFail,     Probes,    Samples,      min,      p50,      p90,      p95,      p99,      max, 
       TotalPurchase,     150506,          0,          0,          0,     146938,     163230,      300,     2300,     3600,     4145,    11500,   167000,
     InStorePurchase,      79210,          0,          0,          0,      77301,      85689,      300,     2200,     3600,     4100,     9800,   167000,
      OnlinePurchase,      55460,          0,          0,          0,      54297,      60159,      300,     2300,     3600,     4200,    12800,   141000,
        InstPurchase,      15836,          0,          0,          0,      15340,      17382,      400,     2600,     3700,     4300,    14700,   167000,
          AssocOfCat,        157,          0,          0,          0,        112,        158,    18800,    26000,    34100,    48050,   147330,   155000,
      AssocOfProduct,       1583,          0,          0,          0,       1385,       1655,      500,     2600,     3700,     4100,    14400,   136000,
      BusinessReport,        395,          0,          0,          0,        312,        410,    21000,    29000,    39000,    47000,   138230,   179000,
          CustBuyBeh,       1588,          0,          0,          0,       1434,       1753,      200,     2500,     3600,     4230,    17200,   137000,
       ProductReturn,       4209,          0,          0,          0,       3920,       4510,      200,     1500,     2800,     3200,     7200,   136000,

  1876s: (20%)   IR =   2767 .....[1882.448s][info][gc,start       ] GC(298) Pause Young (Prepare Mixed) (G1 Evacuation Pause)
[1882.448s][info][gc,task        ] GC(298) Using 6 workers of 6 for evacuation
[1882.565s][info][gc,phases      ] GC(298)   Pre Evacuate Collection Set: 0.36ms
[1882.565s][info][gc,phases      ] GC(298)   Merge Heap Roots: 0.50ms
[1882.565s][info][gc,phases      ] GC(298)   Evacuate Collection Set: 115.21ms
[1882.565s][info][gc,phases      ] GC(298)   Post Evacuate Collection Set: 0.96ms
[1882.565s][info][gc,phases      ] GC(298)   Other: 0.08ms
[1882.565s][info][gc,heap        ] GC(298) Eden regions: 1118->0(1113)
[1882.565s][info][gc,heap        ] GC(298) Survivor regions: 110->109(154)
[1882.565s][info][gc,heap        ] GC(298) Old regions: 504->534
[1882.565s][info][gc,heap        ] GC(298) Humongous regions: 80->80
[1882.565s][info][gc,metaspace   ] GC(298) Metaspace: 28933K(29248K)->28933K(29248K) NonClass: 24049K(24192K)->24049K(24192K) Class: 4884K(5056K)->4884K(5056K)
[1882.565s][info][gc             ] GC(298) Pause Young (Prepare Mixed) (G1 Evacuation Pause) 3621M->1445M(4096M) 117.233ms
[1882.565s][info][gc,cpu         ] GC(298) User=0.70s Sys=0.00s Real=0.12s
.|......[1889.337s][info][gc,start       ] GC(299) Pause Young (Mixed) (G1 Evacuation Pause)
[1889.337s][info][gc,task        ] GC(299) Using 6 workers of 6 for evacuation
[1889.473s][info][gc,phases      ] GC(299)   Pre Evacuate Collection Set: 0.40ms
[1889.473s][info][gc,phases      ] GC(299)   Merge Heap Roots: 0.65ms
[1889.473s][info][gc,phases      ] GC(299)   Evacuate Collection Set: 133.57ms
[1889.473s][info][gc,phases      ] GC(299)   Post Evacuate Collection Set: 0.97ms
[1889.473s][info][gc,phases      ] GC(299)   Other: 0.09ms
[1889.473s][info][gc,heap        ] GC(299) Eden regions: 1113->0(1116)
[1889.473s][info][gc,heap        ] GC(299) Survivor regions: 109->112(153)
[1889.473s][info][gc,heap        ] GC(299) Old regions: 534->471
[1889.473s][info][gc,heap        ] GC(299) Humongous regions: 80->80
[1889.473s][info][gc,metaspace   ] GC(299) Metaspace: 28933K(29248K)->28933K(29248K) NonClass: 24049K(24192K)->24049K(24192K) Class: 4884K(5056K)->4884K(5056K)
[1889.473s][info][gc             ] GC(299) Pause Young (Mixed) (G1 Evacuation Pause) 3671M->1323M(4096M) 135.827ms
[1889.473s][info][gc,cpu         ] GC(299) User=0.80s Sys=0.00s Real=0.13s
.......[1896.104s][info][gc,start       ] GC(300) Pause Young (Concurrent Start) (G1 Evacuation Pause)
[1896.104s][info][gc,task        ] GC(300) Using 6 workers of 6 for evacuation
[1896.220s][info][gc,phases      ] GC(300)   Pre Evacuate Collection Set: 0.42ms
[1896.220s][info][gc,phases      ] GC(300)   Merge Heap Roots: 0.47ms
[1896.220s][info][gc,phases      ] GC(300)   Evacuate Collection Set: 113.80ms
[1896.220s][info][gc,phases      ] GC(300)   Post Evacuate Collection Set: 0.90ms
[1896.220s][info][gc,phases      ] GC(300)   Other: 0.12ms
[1896.220s][info][gc,heap        ] GC(300) Eden regions: 1116->0(1120)
[1896.220s][info][gc,heap        ] GC(300) Survivor regions: 112->108(154)
[1896.220s][info][gc,heap        ] GC(300) Old regions: 471->502
[1896.220s][info][gc,heap        ] GC(300) Humongous regions: 80->80
[1896.220s][info][gc,metaspace   ] GC(300) Metaspace: 28933K(29248K)->28933K(29248K) NonClass: 24049K(24192K)->24049K(24192K) Class: 4884K(5056K)->4884K(5056K)
[1896.220s][info][gc             ] GC(300) Pause Young (Concurrent Start) (G1 Evacuation Pause) 3555M->1379M(4096M) 115.845ms
[1896.220s][info][gc             ] GC(301) Concurrent Mark Cycle
[1896.220s][info][gc,marking     ] GC(301) Concurrent Scan Root Regions
[1896.220s][info][gc,cpu         ] GC(300) User=0.69s Sys=0.00s Real=0.11s
[1896.347s][info][gc,marking     ] GC(301) Concurrent Scan Root Regions 126.488ms
[1896.347s][info][gc,marking     ] GC(301) Concurrent Mark
[1896.347s][info][gc,marking     ] GC(301) Concurrent Mark From Roots
[1896.347s][info][gc,task        ] GC(301) Using 2 workers of 2 for marking
.[1897.010s][info][gc,marking     ] GC(301) Concurrent Mark From Roots 662.980ms
[1897.010s][info][gc,marking     ] GC(301) Concurrent Preclean
[1897.010s][info][gc,marking     ] GC(301) Concurrent Preclean 0.046ms
[1897.010s][info][gc,start       ] GC(301) Pause Remark
[1897.013s][info][gc             ] GC(301) Pause Remark 1702M->1702M(4096M) 3.231ms
[1897.013s][info][gc,cpu         ] GC(301) User=0.01s Sys=0.00s Real=0.00s
[1897.013s][info][gc,marking     ] GC(301) Concurrent Mark 666.494ms
[1897.013s][info][gc,marking     ] GC(301) Concurrent Rebuild Remembered Sets and Scrub Regions
[1897.249s][info][gc,marking     ] GC(301) Concurrent Rebuild Remembered Sets and Scrub Regions 235.267ms
[1897.249s][info][gc,start       ] GC(301) Pause Cleanup
[1897.249s][info][gc             ] GC(301) Pause Cleanup 1778M->1778M(4096M) 0.126ms
[1897.249s][info][gc,cpu         ] GC(301) User=0.00s Sys=0.00s Real=0.00s
[1897.249s][info][gc,marking     ] GC(301) Concurrent Clear Claimed Marks
[1897.249s][info][gc,marking     ] GC(301) Concurrent Clear Claimed Marks 0.031ms
[1897.249s][info][gc,marking     ] GC(301) Concurrent Cleanup for Next Mark
[1897.253s][info][gc,marking     ] GC(301) Concurrent Cleanup for Next Mark 3.433ms
[1897.253s][info][gc             ] GC(301) Concurrent Mark Cycle 1032.508ms
......[1903.008s][info][gc,start       ] GC(302) Pause Young (Prepare Mixed) (G1 Evacuation Pause)
[1903.008s][info][gc,task        ] GC(302) Using 6 workers of 6 for evacuation
[1903.125s][info][gc,phases      ] GC(302)   Pre Evacuate Collection Set: 0.35ms
[1903.125s][info][gc,phases      ] GC(302)   Merge Heap Roots: 0.50ms
[1903.125s][info][gc,phases      ] GC(302)   Evacuate Collection Set: 114.97ms
[1903.125s][info][gc,phases      ] GC(302)   Post Evacuate Collection Set: 0.95ms
[1903.125s][info][gc,phases      ] GC(302)   Other: 0.10ms
[1903.125s][info][gc,heap        ] GC(302) Eden regions: 1120->0(1114)
[1903.125s][info][gc,heap        ] GC(302) Survivor regions: 108->108(154)
[1903.125s][info][gc,heap        ] GC(302) Old regions: 502->535
[1903.125s][info][gc,heap        ] GC(302) Humongous regions: 80->80
[1903.125s][info][gc,metaspace   ] GC(302) Metaspace: 28933K(29248K)->28933K(29248K) NonClass: 24049K(24192K)->24049K(24192K) Class: 4884K(5056K)->4884K(5056K)
[1903.125s][info][gc             ] GC(302) Pause Young (Prepare Mixed) (G1 Evacuation Pause) 3619M->1444M(4096M) 117.029ms
[1903.125s][info][gc,cpu         ] GC(302) User=0.69s Sys=0.00s Real=0.12s
......[1909.775s][info][gc,start       ] GC(303) Pause Young (Mixed) (G1 Evacuation Pause)
[1909.775s][info][gc,task        ] GC(303) Using 6 workers of 6 for evacuation
[1909.905s][info][gc,phases      ] GC(303)   Pre Evacuate Collection Set: 0.41ms
[1909.905s][info][gc,phases      ] GC(303)   Merge Heap Roots: 0.66ms
[1909.905s][info][gc,phases      ] GC(303)   Evacuate Collection Set: 128.13ms
[1909.905s][info][gc,phases      ] GC(303)   Post Evacuate Collection Set: 0.95ms
[1909.905s][info][gc,phases      ] GC(303)   Other: 0.09ms
[1909.905s][info][gc,heap        ] GC(303) Eden regions: 1114->0(1119)
[1909.905s][info][gc,heap        ] GC(303) Survivor regions: 108->109(153)
[1909.905s][info][gc,heap        ] GC(303) Old regions: 535->471
[1909.905s][info][gc,heap        ] GC(303) Humongous regions: 80->80
[1909.905s][info][gc,metaspace   ] GC(303) Metaspace: 28933K(29248K)->28933K(29248K) NonClass: 24049K(24192K)->24049K(24192K) Class: 4884K(5056K)->4884K(5056K)
[1909.905s][info][gc             ] GC(303) Pause Young (Mixed) (G1 Evacuation Pause) 3672M->1319M(4096M) 130.352ms
[1909.905s][info][gc,cpu         ] GC(303) User=0.78s Sys=0.00s Real=0.13s
.......[1916.679s][info][gc,start       ] GC(304) Pause Young (Concurrent Start) (G1 Evacuation Pause)
[1916.679s][info][gc,task        ] GC(304) Using 6 workers of 6 for evacuation
[1916.797s][info][gc,phases      ] GC(304)   Pre Evacuate Collection Set: 0.40ms
[1916.797s][info][gc,phases      ] GC(304)   Merge Heap Roots: 0.45ms
[1916.797s][info][gc,phases      ] GC(304)   Evacuate Collection Set: 115.88ms
[1916.797s][info][gc,phases      ] GC(304)   Post Evacuate Collection Set: 0.90ms
[1916.797s][info][gc,phases      ] GC(304)   Other: 0.11ms
[1916.797s][info][gc,heap        ] GC(304) Eden regions: 1119->0(1119)
[1916.797s][info][gc,heap        ] GC(304) Survivor regions: 109->109(154)
[1916.797s][info][gc,heap        ] GC(304) Old regions: 471->504
[1916.797s][info][gc,heap        ] GC(304) Humongous regions: 80->80
[1916.797s][info][gc,metaspace   ] GC(304) Metaspace: 28933K(29248K)->28933K(29248K) NonClass: 24049K(24192K)->24049K(24192K) Class: 4884K(5056K)->4884K(5056K)
[1916.797s][info][gc             ] GC(304) Pause Young (Concurrent Start) (G1 Evacuation Pause) 3557M->1384M(4096M) 117.878ms
[1916.797s][info][gc             ] GC(305) Concurrent Mark Cycle
[1916.797s][info][gc,marking     ] GC(305) Concurrent Scan Root Regions
[1916.797s][info][gc,cpu         ] GC(304) User=0.69s Sys=0.00s Real=0.12s
.[1916.968s][info][gc,marking     ] GC(305) Concurrent Scan Root Regions 170.492ms
[1916.968s][info][gc,marking     ] GC(305) Concurrent Mark
[1916.968s][info][gc,marking     ] GC(305) Concurrent Mark From Roots
[1916.968s][info][gc,task        ] GC(305) Using 2 workers of 2 for marking
[1917.881s][info][gc,marking     ] GC(305) Concurrent Mark From Roots 913.672ms
[1917.881s][info][gc,marking     ] GC(305) Concurrent Preclean
[1917.881s][info][gc,marking     ] GC(305) Concurrent Preclean 0.038ms
[1917.882s][info][gc,start       ] GC(305) Pause Remark
[1917.885s][info][gc             ] GC(305) Pause Remark 1822M->1822M(4096M) 3.860ms
[1917.886s][info][gc,cpu         ] GC(305) User=0.02s Sys=0.01s Real=0.01s
[1917.886s][info][gc,marking     ] GC(305) Concurrent Mark 917.849ms
[1917.886s][info][gc,marking     ] GC(305) Concurrent Rebuild Remembered Sets and Scrub Regions
.[1918.236s][info][gc,marking     ] GC(305) Concurrent Rebuild Remembered Sets and Scrub Regions 350.692ms
[1918.236s][info][gc,start       ] GC(305) Pause Cleanup
[1918.237s][info][gc             ] GC(305) Pause Cleanup 1926M->1926M(4096M) 0.143ms
[1918.237s][info][gc,cpu         ] GC(305) User=0.00s Sys=0.00s Real=0.00s
[1918.237s][info][gc,marking     ] GC(305) Concurrent Clear Claimed Marks
[1918.237s][info][gc,marking     ] GC(305) Concurrent Clear Claimed Marks 0.028ms
[1918.237s][info][gc,marking     ] GC(305) Concurrent Cleanup for Next Mark
[1918.240s][info][gc,marking     ] GC(305) Concurrent Cleanup for Next Mark 3.487ms
[1918.240s][info][gc             ] GC(305) Concurrent Mark Cycle 1443.044ms
.....[1923.415s][info][gc,start       ] GC(306) Pause Young (Prepare Mixed) (G1 Evacuation Pause)
[1923.415s][info][gc,task        ] GC(306) Using 6 workers of 6 for evacuation
[1923.535s][info][gc,phases      ] GC(306)   Pre Evacuate Collection Set: 0.39ms
[1923.535s][info][gc,phases      ] GC(306)   Merge Heap Roots: 0.56ms
[1923.535s][info][gc,phases      ] GC(306)   Evacuate Collection Set: 118.28ms
[1923.535s][info][gc,phases      ] GC(306)   Post Evacuate Collection Set: 0.99ms
[1923.535s][info][gc,phases      ] GC(306)   Other: 0.09ms
[1923.535s][info][gc,heap        ] GC(306) Eden regions: 1119->0(1107)
[1923.535s][info][gc,heap        ] GC(306) Survivor regions: 109->111(154)
[1923.535s][info][gc,heap        ] GC(306) Old regions: 504->536
[1923.535s][info][gc,heap        ] GC(306) Humongous regions: 80->80
[1923.535s][info][gc,metaspace   ] GC(306) Metaspace: 28933K(29248K)->28933K(29248K) NonClass: 24049K(24192K)->24049K(24192K) Class: 4884K(5056K)->4884K(5056K)
[1923.535s][info][gc             ] GC(306) Pause Young (Prepare Mixed) (G1 Evacuation Pause) 3622M->1452M(4096M) 120.439ms
[1923.535s][info][gc,cpu         ] GC(306) User=0.72s Sys=0.00s Real=0.12s
.......[1930.245s][info][gc,start       ] GC(307) Pause Young (Mixed) (G1 Evacuation Pause)
[1930.245s][info][gc,task        ] GC(307) Using 6 workers of 6 for evacuation
[1930.379s][info][gc,phases      ] GC(307)   Pre Evacuate Collection Set: 0.42ms
[1930.379s][info][gc,phases      ] GC(307)   Merge Heap Roots: 0.68ms
[1930.379s][info][gc,phases      ] GC(307)   Evacuate Collection Set: 130.89ms
[1930.379s][info][gc,phases      ] GC(307)   Post Evacuate Collection Set: 1.01ms
[1930.379s][info][gc,phases      ] GC(307)   Other: 0.09ms
[1930.379s][info][gc,heap        ] GC(307) Eden regions: 1107->0(1120)
[1930.379s][info][gc,heap        ] GC(307) Survivor regions: 111->108(153)
[1930.379s][info][gc,heap        ] GC(307) Old regions: 536->472
[1930.379s][info][gc,heap        ] GC(307) Humongous regions: 80->80
[1930.379s][info][gc,metaspace   ] GC(307) Metaspace: 28933K(29248K)->28933K(29248K) NonClass: 24049K(24192K)->24049K(24192K) Class: 4884K(5056K)->4884K(5056K)
[1930.379s][info][gc             ] GC(307) Pause Young (Mixed) (G1 Evacuation Pause) 3666M->1319M(4096M) 133.226ms
[1930.379s][info][gc,cpu         ] GC(307) User=0.79s Sys=0.01s Real=0.13s
.......[1937.091s][info][gc,start       ] GC(308) Pause Young (Concurrent Start) (G1 Evacuation Pause)
[1937.091s][info][gc,task        ] GC(308) Using 6 workers of 6 for evacuation
[1937.211s][info][gc,phases      ] GC(308)   Pre Evacuate Collection Set: 0.41ms
[1937.211s][info][gc,phases      ] GC(308)   Merge Heap Roots: 0.50ms
[1937.211s][info][gc,phases      ] GC(308)   Evacuate Collection Set: 117.89ms
[1937.211s][info][gc,phases      ] GC(308)   Post Evacuate Collection Set: 0.99ms
[1937.211s][info][gc,phases      ] GC(308)   Other: 0.13ms
[1937.211s][info][gc,heap        ] GC(308) Eden regions: 1120->0(1118)
[1937.211s][info][gc,heap        ] GC(308) Survivor regions: 108->110(154)
[1937.211s][info][gc,heap        ] GC(308) Old regions: 472->504
[1937.211s][info][gc,heap        ] GC(308) Humongous regions: 80->80
[1937.211s][info][gc,metaspace   ] GC(308) Metaspace: 28933K(29248K)->28933K(29248K) NonClass: 24049K(24192K)->24049K(24192K) Class: 4884K(5056K)->4884K(5056K)
[1937.211s][info][gc             ] GC(308) Pause Young (Concurrent Start) (G1 Evacuation Pause) 3559M->1386M(4096M) 120.044ms
[1937.211s][info][gc             ] GC(309) Concurrent Mark Cycle
[1937.211s][info][gc,marking     ] GC(309) Concurrent Scan Root Regions
[1937.211s][info][gc,cpu         ] GC(308) User=0.71s Sys=0.00s Real=0.12s
[1937.383s][info][gc,marking     ] GC(309) Concurrent Scan Root Regions 171.801ms
[1937.383s][info][gc,marking     ] GC(309) Concurrent Mark
[1937.383s][info][gc,marking     ] GC(309) Concurrent Mark From Roots
[1937.383s][info][gc,task        ] GC(309) Using 2 workers of 2 for marking
.[1938.293s][info][gc,marking     ] GC(309) Concurrent Mark From Roots 909.793ms
[1938.293s][info][gc,marking     ] GC(309) Concurrent Preclean
[1938.293s][info][gc,marking     ] GC(309) Concurrent Preclean 0.039ms
[1938.293s][info][gc,start       ] GC(309) Pause Remark
[1938.296s][info][gc             ] GC(309) Pause Remark 1774M->1774M(4096M) 3.154ms
[1938.296s][info][gc,cpu         ] GC(309) User=0.01s Sys=0.00s Real=0.01s
[1938.296s][info][gc,marking     ] GC(309) Concurrent Mark 913.236ms
[1938.296s][info][gc,marking     ] GC(309) Concurrent Rebuild Remembered Sets and Scrub Regions
[1938.690s][info][gc,marking     ] GC(309) Concurrent Rebuild Remembered Sets and Scrub Regions 394.305ms
[1938.691s][info][gc,start       ] GC(309) Pause Cleanup
[1938.691s][info][gc             ] GC(309) Pause Cleanup 1896M->1896M(4096M) 0.122ms
[1938.691s][info][gc,cpu         ] GC(309) User=0.00s Sys=0.00s Real=0.00s
[1938.691s][info][gc,marking     ] GC(309) Concurrent Clear Claimed Marks
[1938.691s][info][gc,marking     ] GC(309) Concurrent Clear Claimed Marks 0.029ms
[1938.691s][info][gc,marking     ] GC(309) Concurrent Cleanup for Next Mark
[1938.694s][info][gc,marking     ] GC(309) Concurrent Cleanup for Next Mark 3.507ms
[1938.694s][info][gc             ] GC(309) Concurrent Mark Cycle 1483.341ms
..... (rIR:aIR:PR = 2767:2767:2767) (tPR = 40964) [OK] 
  1942s: Performance info:
         Transaction,    Success,    Partial,     Failed,   Receipts, AvgBarcode, 
             Overall,     166384,          0,          0,     158045,      59.47, 
         Response times:
             Request,    Success,    Partial,     Failed,   SkipFail,     Probes,    Samples,      min,      p50,      p90,      p95,      p99,      max, 
       TotalPurchase,     158045,          0,          0,          0,     154496,     171427,      300,     2400,     3800,     4500,    17600,   174000,
     InStorePurchase,      83164,          0,          0,          0,      81317,      89863,      300,     2400,     3800,     4500,    17400,   153000,
      OnlinePurchase,      58244,          0,          0,          0,      56972,      63282,      300,     2300,     3800,     4500,    17600,   150000,
        InstPurchase,      16637,          0,          0,          0,      16207,      18282,      400,     2500,     3900,     4600,    19034,   174000,
          AssocOfCat,        168,          0,          0,          0,        123,        192,    18500,    26000,    33000,    36350,    73160,   155000,
      AssocOfProduct,       1672,          0,          0,          0,       1484,       1764,      500,     2100,     3500,     4000,    18500,   122000,
      BusinessReport,        417,          0,          0,          0,        342,        465,    19000,    29000,    39400,    45000,    64340,   165000,
          CustBuyBeh,       1669,          0,          0,          0,       1515,       1831,      200,     1900,     3680,     4400,    21000,   120000,
       ProductReturn,       4413,          0,          0,          0,       4153,       4810,      200,     2000,     3500,     4100,    16100,   146000,

  1942s: (21%)   IR =   2906 [1943.805s][info][gc,start       ] GC(310) Pause Young (Prepare Mixed) (G1 Evacuation Pause)
[1943.805s][info][gc,task        ] GC(310) Using 6 workers of 6 for evacuation
[1943.922s][info][gc,phases      ] GC(310)   Pre Evacuate Collection Set: 0.35ms
[1943.922s][info][gc,phases      ] GC(310)   Merge Heap Roots: 0.53ms
[1943.922s][info][gc,phases      ] GC(310)   Evacuate Collection Set: 114.68ms
[1943.922s][info][gc,phases      ] GC(310)   Post Evacuate Collection Set: 0.97ms
[1943.922s][info][gc,phases      ] GC(310)   Other: 0.09ms
[1943.922s][info][gc,heap        ] GC(310) Eden regions: 1118->0(1112)
[1943.922s][info][gc,heap        ] GC(310) Survivor regions: 110->108(154)
[1943.922s][info][gc,heap        ] GC(310) Old regions: 504->537
[1943.922s][info][gc,heap        ] GC(310) Humongous regions: 80->80
[1943.922s][info][gc,metaspace   ] GC(310) Metaspace: 28933K(29248K)->28933K(29248K) NonClass: 24049K(24192K)->24049K(24192K) Class: 4884K(5056K)->4884K(5056K)
[1943.922s][info][gc             ] GC(310) Pause Young (Prepare Mixed) (G1 Evacuation Pause) 3622M->1447M(4096M) 116.773ms
[1943.922s][info][gc,cpu         ] GC(310) User=0.69s Sys=0.00s Real=0.11s
.....|..[1950.316s][info][gc,start       ] GC(311) Pause Young (Mixed) (G1 Evacuation Pause)
[1950.316s][info][gc,task        ] GC(311) Using 6 workers of 6 for evacuation
[1950.450s][info][gc,phases      ] GC(311)   Pre Evacuate Collection Set: 0.39ms
[1950.450s][info][gc,phases      ] GC(311)   Merge Heap Roots: 0.72ms
[1950.450s][info][gc,phases      ] GC(311)   Evacuate Collection Set: 131.05ms
[1950.450s][info][gc,phases      ] GC(311)   Post Evacuate Collection Set: 1.03ms
[1950.450s][info][gc,phases      ] GC(311)   Other: 0.09ms
[1950.450s][info][gc,heap        ] GC(311) Eden regions: 1112->0(1119)
[1950.450s][info][gc,heap        ] GC(311) Survivor regions: 108->109(153)
[1950.450s][info][gc,heap        ] GC(311) Old regions: 537->472
[1950.450s][info][gc,heap        ] GC(311) Humongous regions: 80->80
[1950.450s][info][gc,metaspace   ] GC(311) Metaspace: 28933K(29248K)->28933K(29248K) NonClass: 24049K(24192K)->24049K(24192K) Class: 4884K(5056K)->4884K(5056K)
[1950.450s][info][gc             ] GC(311) Pause Young (Mixed) (G1 Evacuation Pause) 3671M->1321M(4096M) 133.443ms
[1950.450s][info][gc,cpu         ] GC(311) User=0.79s Sys=0.00s Real=0.13s
......[1956.780s][info][gc,start       ] GC(312) Pause Young (Concurrent Start) (G1 Evacuation Pause)
[1956.780s][info][gc,task        ] GC(312) Using 6 workers of 6 for evacuation
[1956.896s][info][gc,phases      ] GC(312)   Pre Evacuate Collection Set: 0.42ms
[1956.896s][info][gc,phases      ] GC(312)   Merge Heap Roots: 0.48ms
[1956.896s][info][gc,phases      ] GC(312)   Evacuate Collection Set: 114.11ms
[1956.896s][info][gc,phases      ] GC(312)   Post Evacuate Collection Set: 0.91ms
[1956.896s][info][gc,phases      ] GC(312)   Other: 0.12ms
[1956.896s][info][gc,heap        ] GC(312) Eden regions: 1119->0(1120)
[1956.896s][info][gc,heap        ] GC(312) Survivor regions: 109->108(154)
[1956.896s][info][gc,heap        ] GC(312) Old regions: 472->504
[1956.896s][info][gc,heap        ] GC(312) Humongous regions: 80->80
[1956.896s][info][gc,metaspace   ] GC(312) Metaspace: 28933K(29248K)->28933K(29248K) NonClass: 24049K(24192K)->24049K(24192K) Class: 4884K(5056K)->4884K(5056K)
[1956.896s][info][gc             ] GC(312) Pause Young (Concurrent Start) (G1 Evacuation Pause) 3559M->1382M(4096M) 116.169ms
[1956.896s][info][gc             ] GC(313) Concurrent Mark Cycle
[1956.896s][info][gc,marking     ] GC(313) Concurrent Scan Root Regions
[1956.896s][info][gc,cpu         ] GC(312) User=0.68s Sys=0.00s Real=0.12s
.[1957.064s][info][gc,marking     ] GC(313) Concurrent Scan Root Regions 167.676ms
[1957.064s][info][gc,marking     ] GC(313) Concurrent Mark
[1957.064s][info][gc,marking     ] GC(313) Concurrent Mark From Roots
[1957.064s][info][gc,task        ] GC(313) Using 2 workers of 2 for marking
[1957.623s][info][gc,marking     ] GC(313) Concurrent Mark From Roots 558.535ms
[1957.623s][info][gc,marking     ] GC(313) Concurrent Preclean
[1957.623s][info][gc,marking     ] GC(313) Concurrent Preclean 0.055ms
[1957.623s][info][gc,start       ] GC(313) Pause Remark
[1957.626s][info][gc             ] GC(313) Pause Remark 1663M->1663M(4096M) 3.244ms
[1957.626s][info][gc,cpu         ] GC(313) User=0.02s Sys=0.00s Real=0.01s
[1957.626s][info][gc,marking     ] GC(313) Concurrent Mark 562.122ms
[1957.626s][info][gc,marking     ] GC(313) Concurrent Rebuild Remembered Sets and Scrub Regions
[1957.865s][info][gc,marking     ] GC(313) Concurrent Rebuild Remembered Sets and Scrub Regions 238.363ms
[1957.865s][info][gc,start       ] GC(313) Pause Cleanup
[1957.865s][info][gc             ] GC(313) Pause Cleanup 1754M->1754M(4096M) 0.122ms
[1957.865s][info][gc,cpu         ] GC(313) User=0.00s Sys=0.00s Real=0.00s
[1957.865s][info][gc,marking     ] GC(313) Concurrent Clear Claimed Marks
[1957.865s][info][gc,marking     ] GC(313) Concurrent Clear Claimed Marks 0.043ms
[1957.865s][info][gc,marking     ] GC(313) Concurrent Cleanup for Next Mark
[1957.869s][info][gc,marking     ] GC(313) Concurrent Cleanup for Next Mark 3.813ms
[1957.869s][info][gc             ] GC(313) Concurrent Mark Cycle 972.519ms
......[1963.313s][info][gc,start       ] GC(314) Pause Young (Prepare Mixed) (G1 Evacuation Pause)
[1963.313s][info][gc,task        ] GC(314) Using 6 workers of 6 for evacuation
[1963.430s][info][gc,phases      ] GC(314)   Pre Evacuate Collection Set: 0.37ms
[1963.430s][info][gc,phases      ] GC(314)   Merge Heap Roots: 0.52ms
[1963.430s][info][gc,phases      ] GC(314)   Evacuate Collection Set: 115.43ms
[1963.430s][info][gc,phases      ] GC(314)   Post Evacuate Collection Set: 0.96ms
[1963.430s][info][gc,phases      ] GC(314)   Other: 0.09ms
[1963.430s][info][gc,heap        ] GC(314) Eden regions: 1120->0(1111)
[1963.430s][info][gc,heap        ] GC(314) Survivor regions: 108->109(154)
[1963.430s][info][gc,heap        ] GC(314) Old regions: 504->536
[1963.430s][info][gc,heap        ] GC(314) Humongous regions: 80->80
[1963.430s][info][gc,metaspace   ] GC(314) Metaspace: 28933K(29248K)->28933K(29248K) NonClass: 24049K(24192K)->24049K(24192K) Class: 4884K(5056K)->4884K(5056K)
[1963.430s][info][gc             ] GC(314) Pause Young (Prepare Mixed) (G1 Evacuation Pause) 3622M->1447M(4096M) 117.504ms
[1963.430s][info][gc,cpu         ] GC(314) User=0.69s Sys=0.00s Real=0.12s
......[1969.841s][info][gc,start       ] GC(315) Pause Young (Mixed) (G1 Evacuation Pause)
[1969.841s][info][gc,task        ] GC(315) Using 6 workers of 6 for evacuation
[1969.973s][info][gc,phases      ] GC(315)   Pre Evacuate Collection Set: 0.41ms
[1969.973s][info][gc,phases      ] GC(315)   Merge Heap Roots: 0.70ms
[1969.973s][info][gc,phases      ] GC(315)   Evacuate Collection Set: 129.92ms
[1969.973s][info][gc,phases      ] GC(315)   Post Evacuate Collection Set: 1.00ms
[1969.973s][info][gc,phases      ] GC(315)   Other: 0.09ms
[1969.973s][info][gc,heap        ] GC(315) Eden regions: 1111->0(1120)
[1969.973s][info][gc,heap        ] GC(315) Survivor regions: 109->108(153)
[1969.973s][info][gc,heap        ] GC(315) Old regions: 536->471
[1969.973s][info][gc,heap        ] GC(315) Humongous regions: 80->80
[1969.973s][info][gc,metaspace   ] GC(315) Metaspace: 28933K(29248K)->28933K(29248K) NonClass: 24049K(24192K)->24049K(24192K) Class: 4884K(5056K)->4884K(5056K)
[1969.973s][info][gc             ] GC(315) Pause Young (Mixed) (G1 Evacuation Pause) 3669M->1315M(4096M) 132.250ms
[1969.973s][info][gc,cpu         ] GC(315) User=0.78s Sys=0.00s Real=0.13s
.......[1976.383s][info][gc,start       ] GC(316) Pause Young (Concurrent Start) (G1 Evacuation Pause)
[1976.383s][info][gc,task        ] GC(316) Using 6 workers of 6 for evacuation
[1976.501s][info][gc,phases      ] GC(316)   Pre Evacuate Collection Set: 0.42ms
[1976.501s][info][gc,phases      ] GC(316)   Merge Heap Roots: 0.49ms
[1976.501s][info][gc,phases      ] GC(316)   Evacuate Collection Set: 115.32ms
[1976.501s][info][gc,phases      ] GC(316)   Post Evacuate Collection Set: 0.92ms
[1976.501s][info][gc,phases      ] GC(316)   Other: 0.11ms
[1976.501s][info][gc,heap        ] GC(316) Eden regions: 1120->0(1119)
[1976.501s][info][gc,heap        ] GC(316) Survivor regions: 108->109(154)
[1976.501s][info][gc,heap        ] GC(316) Old regions: 471->502
[1976.501s][info][gc,heap        ] GC(316) Humongous regions: 80->80
[1976.501s][info][gc,metaspace   ] GC(316) Metaspace: 28933K(29248K)->28933K(29248K) NonClass: 24049K(24192K)->24049K(24192K) Class: 4884K(5056K)->4884K(5056K)
[1976.501s][info][gc             ] GC(316) Pause Young (Concurrent Start) (G1 Evacuation Pause) 3555M->1380M(4096M) 117.402ms
[1976.501s][info][gc             ] GC(317) Concurrent Mark Cycle
[1976.501s][info][gc,marking     ] GC(317) Concurrent Scan Root Regions
[1976.501s][info][gc,cpu         ] GC(316) User=0.69s Sys=0.00s Real=0.12s
[1976.651s][info][gc,marking     ] GC(317) Concurrent Scan Root Regions 149.845ms
[1976.651s][info][gc,marking     ] GC(317) Concurrent Mark
[1976.651s][info][gc,marking     ] GC(317) Concurrent Mark From Roots
[1976.651s][info][gc,task        ] GC(317) Using 2 workers of 2 for marking
.[1977.252s][info][gc,marking     ] GC(317) Concurrent Mark From Roots 600.889ms
[1977.252s][info][gc,marking     ] GC(317) Concurrent Preclean
[1977.252s][info][gc,marking     ] GC(317) Concurrent Preclean 0.035ms
[1977.252s][info][gc,start       ] GC(317) Pause Remark
[1977.255s][info][gc             ] GC(317) Pause Remark 1681M->1681M(4096M) 3.218ms
[1977.255s][info][gc,cpu         ] GC(317) User=0.02s Sys=0.00s Real=0.01s
[1977.255s][info][gc,marking     ] GC(317) Concurrent Mark 604.412ms
[1977.255s][info][gc,marking     ] GC(317) Concurrent Rebuild Remembered Sets and Scrub Regions
[1977.542s][info][gc,marking     ] GC(317) Concurrent Rebuild Remembered Sets and Scrub Regions 286.710ms
[1977.542s][info][gc,start       ] GC(317) Pause Cleanup
[1977.542s][info][gc             ] GC(317) Pause Cleanup 1814M->1814M(4096M) 0.123ms
[1977.542s][info][gc,cpu         ] GC(317) User=0.00s Sys=0.00s Real=0.00s
[1977.542s][info][gc,marking     ] GC(317) Concurrent Clear Claimed Marks
[1977.542s][info][gc,marking     ] GC(317) Concurrent Clear Claimed Marks 0.024ms
[1977.542s][info][gc,marking     ] GC(317) Concurrent Cleanup for Next Mark
[1977.545s][info][gc,marking     ] GC(317) Concurrent Cleanup for Next Mark 3.250ms
[1977.545s][info][gc             ] GC(317) Concurrent Mark Cycle 1044.677ms
.....[1982.797s][info][gc,start       ] GC(318) Pause Young (Prepare Mixed) (G1 Evacuation Pause)
[1982.797s][info][gc,task        ] GC(318) Using 6 workers of 6 for evacuation
[1982.916s][info][gc,phases      ] GC(318)   Pre Evacuate Collection Set: 0.36ms
[1982.916s][info][gc,phases      ] GC(318)   Merge Heap Roots: 0.54ms
[1982.916s][info][gc,phases      ] GC(318)   Evacuate Collection Set: 117.76ms
[1982.916s][info][gc,phases      ] GC(318)   Post Evacuate Collection Set: 0.97ms
[1982.916s][info][gc,phases      ] GC(318)   Other: 0.09ms
[1982.916s][info][gc,heap        ] GC(318) Eden regions: 1119->0(1111)
[1982.916s][info][gc,heap        ] GC(318) Survivor regions: 109->110(154)
[1982.916s][info][gc,heap        ] GC(318) Old regions: 502->534
[1982.916s][info][gc,heap        ] GC(318) Humongous regions: 80->80
[1982.916s][info][gc,metaspace   ] GC(318) Metaspace: 28933K(29248K)->28933K(29248K) NonClass: 24049K(24192K)->24049K(24192K) Class: 4884K(5056K)->4884K(5056K)
[1982.916s][info][gc             ] GC(318) Pause Young (Prepare Mixed) (G1 Evacuation Pause) 3618M->1445M(4096M) 119.882ms
[1982.916s][info][gc,cpu         ] GC(318) User=0.70s Sys=0.00s Real=0.12s
.......[1989.322s][info][gc,start       ] GC(319) Pause Young (Mixed) (G1 Evacuation Pause)
[1989.322s][info][gc,task        ] GC(319) Using 6 workers of 6 for evacuation
[1989.457s][info][gc,phases      ] GC(319)   Pre Evacuate Collection Set: 0.43ms
[1989.457s][info][gc,phases      ] GC(319)   Merge Heap Roots: 0.80ms
[1989.457s][info][gc,phases      ] GC(319)   Evacuate Collection Set: 132.49ms
[1989.457s][info][gc,phases      ] GC(319)   Post Evacuate Collection Set: 0.99ms
[1989.457s][info][gc,phases      ] GC(319)   Other: 0.09ms
[1989.457s][info][gc,heap        ] GC(319) Eden regions: 1111->0(1118)
[1989.457s][info][gc,heap        ] GC(319) Survivor regions: 110->110(153)
[1989.457s][info][gc,heap        ] GC(319) Old regions: 534->472
[1989.457s][info][gc,heap        ] GC(319) Humongous regions: 80->80
[1989.457s][info][gc,metaspace   ] GC(319) Metaspace: 28933K(29248K)->28933K(29248K) NonClass: 24049K(24192K)->24049K(24192K) Class: 4884K(5056K)->4884K(5056K)
[1989.457s][info][gc             ] GC(319) Pause Young (Mixed) (G1 Evacuation Pause) 3667M->1321M(4096M) 134.956ms
[1989.457s][info][gc,cpu         ] GC(319) User=0.79s Sys=0.00s Real=0.14s
......[1995.778s][info][gc,start       ] GC(320) Pause Young (Concurrent Start) (G1 Evacuation Pause)
[1995.778s][info][gc,task        ] GC(320) Using 6 workers of 6 for evacuation
[1995.893s][info][gc,phases      ] GC(320)   Pre Evacuate Collection Set: 0.44ms
[1995.893s][info][gc,phases      ] GC(320)   Merge Heap Roots: 0.48ms
[1995.893s][info][gc,phases      ] GC(320)   Evacuate Collection Set: 113.30ms
[1995.893s][info][gc,phases      ] GC(320)   Post Evacuate Collection Set: 0.92ms
[1995.893s][info][gc,phases      ] GC(320)   Other: 0.11ms
[1995.893s][info][gc,heap        ] GC(320) Eden regions: 1118->0(1121)
[1995.893s][info][gc,heap        ] GC(320) Survivor regions: 110->107(154)
[1995.893s][info][gc,heap        ] GC(320) Old regions: 472->503
[1995.893s][info][gc,heap        ] GC(320) Humongous regions: 80->80
[1995.893s][info][gc,metaspace   ] GC(320) Metaspace: 28933K(29248K)->28933K(29248K) NonClass: 24049K(24192K)->24049K(24192K) Class: 4884K(5056K)->4884K(5056K)
[1995.893s][info][gc             ] GC(320) Pause Young (Concurrent Start) (G1 Evacuation Pause) 3557M->1379M(4096M) 115.381ms
[1995.893s][info][gc             ] GC(321) Concurrent Mark Cycle
[1995.894s][info][gc,marking     ] GC(321) Concurrent Scan Root Regions
[1995.894s][info][gc,cpu         ] GC(320) User=0.68s Sys=0.00s Real=0.11s
[1996.025s][info][gc,marking     ] GC(321) Concurrent Scan Root Regions 131.902ms
[1996.025s][info][gc,marking     ] GC(321) Concurrent Mark
[1996.025s][info][gc,marking     ] GC(321) Concurrent Mark From Roots
[1996.025s][info][gc,task        ] GC(321) Using 2 workers of 2 for marking
.[1996.663s][info][gc,marking     ] GC(321) Concurrent Mark From Roots 637.465ms
[1996.663s][info][gc,marking     ] GC(321) Concurrent Preclean
[1996.663s][info][gc,marking     ] GC(321) Concurrent Preclean 0.038ms
[1996.663s][info][gc,start       ] GC(321) Pause Remark
[1996.666s][info][gc             ] GC(321) Pause Remark 1672M->1672M(4096M) 3.331ms
[1996.667s][info][gc,cpu         ] GC(321) User=0.02s Sys=0.00s Real=0.01s
[1996.667s][info][gc,marking     ] GC(321) Concurrent Mark 641.087ms
[1996.667s][info][gc,marking     ] GC(321) Concurrent Rebuild Remembered Sets and Scrub Regions
[1996.910s][info][gc,marking     ] GC(321) Concurrent Rebuild Remembered Sets and Scrub Regions 243.596ms
[1996.910s][info][gc,start       ] GC(321) Pause Cleanup
[1996.910s][info][gc             ] GC(321) Pause Cleanup 1762M->1762M(4096M) 0.115ms
[1996.910s][info][gc,cpu         ] GC(321) User=0.00s Sys=0.00s Real=0.00s
[1996.910s][info][gc,marking     ] GC(321) Concurrent Clear Claimed Marks
[1996.910s][info][gc,marking     ] GC(321) Concurrent Clear Claimed Marks 0.028ms
[1996.910s][info][gc,marking     ] GC(321) Concurrent Cleanup for Next Mark
[1996.914s][info][gc,marking     ] GC(321) Concurrent Cleanup for Next Mark 3.412ms
[1996.914s][info][gc             ] GC(321) Concurrent Mark Cycle 1020.465ms
......[2002.367s][info][gc,start       ] GC(322) Pause Young (Prepare Mixed) (G1 Evacuation Pause)
[2002.367s][info][gc,task        ] GC(322) Using 6 workers of 6 for evacuation
[2002.484s][info][gc,phases      ] GC(322)   Pre Evacuate Collection Set: 0.37ms
[2002.484s][info][gc,phases      ] GC(322)   Merge Heap Roots: 0.53ms
[2002.484s][info][gc,phases      ] GC(322)   Evacuate Collection Set: 114.76ms
[2002.484s][info][gc,phases      ] GC(322)   Post Evacuate Collection Set: 0.97ms
[2002.484s][info][gc,phases      ] GC(322)   Other: 0.08ms
[2002.484s][info][gc,heap        ] GC(322) Eden regions: 1121->0(1113)
[2002.484s][info][gc,heap        ] GC(322) Survivor regions: 107->109(154)
[2002.484s][info][gc,heap        ] GC(322) Old regions: 503->534
[2002.484s][info][gc,heap        ] GC(322) Humongous regions: 80->80
[2002.484s][info][gc,metaspace   ] GC(322) Metaspace: 28933K(29248K)->28933K(29248K) NonClass: 24049K(24192K)->24049K(24192K) Class: 4884K(5056K)->4884K(5056K)
[2002.484s][info][gc             ] GC(322) Pause Young (Prepare Mixed) (G1 Evacuation Pause) 3621M->1444M(4096M) 116.863ms
[2002.484s][info][gc,cpu         ] GC(322) User=0.69s Sys=0.00s Real=0.12s
...... (rIR:aIR:PR = 2906:2907:2907) (tPR = 43122) [OK] 
  2007s: Performance info:
         Transaction,    Success,    Partial,     Failed,   Receipts, AvgBarcode, 
             Overall,     174583,          0,          0,     165837,      59.48, 
         Response times:
             Request,    Success,    Partial,     Failed,   SkipFail,     Probes,    Samples,      min,      p50,      p90,      p95,      p99,      max, 
       TotalPurchase,     165837,          0,          0,          0,     162363,     176920,      300,     2400,     3900,     4500,    16400,   171000,
     InStorePurchase,      87259,          0,          0,          0,      85619,      92927,      300,     2400,     3800,     4400,    16200,   171000,
      OnlinePurchase,      61120,          0,          0,          0,      59858,      65348,      300,     2500,     3900,     4500,    16400,   153000,
        InstPurchase,      17458,          0,          0,          0,      16886,      18645,      400,     2400,     4000,     4600,    17700,   153000,
          AssocOfCat,        174,          0,          0,          0,        125,        186,    19400,    27000,    31300,    37950,    56650,    61000,
      AssocOfProduct,       1754,          0,          0,          0,       1582,       1876,      400,     3000,     4200,     5000,    12300,   127000,
      BusinessReport,        434,          0,          0,          0,        349,        483,    21000,    29000,    41000,    49000,    71320,   182000,
          CustBuyBeh,       1741,          0,          0,          0,       1569,       1865,      200,     1400,     2500,     2900,     7436,    20000,
       ProductReturn,       4645,          0,          0,          0,       4366,       4970,      200,     1900,     3400,     3900,    13129,    32000,

  2007s: (22%)   IR =   3044 [2008.834s][info][gc,start       ] GC(323) Pause Young (Mixed) (G1 Evacuation Pause)
[2008.834s][info][gc,task        ] GC(323) Using 6 workers of 6 for evacuation
[2008.967s][info][gc,phases      ] GC(323)   Pre Evacuate Collection Set: 0.42ms
[2008.967s][info][gc,phases      ] GC(323)   Merge Heap Roots: 0.74ms
[2008.967s][info][gc,phases      ] GC(323)   Evacuate Collection Set: 130.89ms
[2008.967s][info][gc,phases      ] GC(323)   Post Evacuate Collection Set: 0.99ms
[2008.967s][info][gc,phases      ] GC(323)   Other: 0.09ms
[2008.967s][info][gc,heap        ] GC(323) Eden regions: 1113->0(1120)
[2008.967s][info][gc,heap        ] GC(323) Survivor regions: 109->108(153)
[2008.967s][info][gc,heap        ] GC(323) Old regions: 534->472
[2008.967s][info][gc,heap        ] GC(323) Humongous regions: 80->80
[2008.967s][info][gc,metaspace   ] GC(323) Metaspace: 28933K(29248K)->28933K(29248K) NonClass: 24049K(24192K)->24049K(24192K) Class: 4884K(5056K)->4884K(5056K)
[2008.967s][info][gc             ] GC(323) Pause Young (Mixed) (G1 Evacuation Pause) 3670M->1318M(4096M) 133.250ms
[2008.967s][info][gc,cpu         ] GC(323) User=0.79s Sys=0.00s Real=0.13s
......[2014.995s][info][gc,start       ] GC(324) Pause Young (Concurrent Start) (G1 Evacuation Pause)
[2014.996s][info][gc,task        ] GC(324) Using 6 workers of 6 for evacuation
[2015.113s][info][gc,phases      ] GC(324)   Pre Evacuate Collection Set: 0.40ms
[2015.113s][info][gc,phases      ] GC(324)   Merge Heap Roots: 0.49ms
[2015.113s][info][gc,phases      ] GC(324)   Evacuate Collection Set: 115.12ms
[2015.113s][info][gc,phases      ] GC(324)   Post Evacuate Collection Set: 0.90ms
[2015.113s][info][gc,phases      ] GC(324)   Other: 0.11ms
[2015.113s][info][gc,heap        ] GC(324) Eden regions: 1120->0(1120)
[2015.113s][info][gc,heap        ] GC(324) Survivor regions: 108->108(154)
[2015.113s][info][gc,heap        ] GC(324) Old regions: 472->504
[2015.113s][info][gc,heap        ] GC(324) Humongous regions: 80->80
[2015.113s][info][gc,metaspace   ] GC(324) Metaspace: 28933K(29248K)->28933K(29248K) NonClass: 24049K(24192K)->24049K(24192K) Class: 4884K(5056K)->4884K(5056K)
[2015.113s][info][gc             ] GC(324) Pause Young (Concurrent Start) (G1 Evacuation Pause) 3558M->1381M(4096M) 117.207ms
[2015.113s][info][gc             ] GC(325) Concurrent Mark Cycle
[2015.113s][info][gc,marking     ] GC(325) Concurrent Scan Root Regions
[2015.113s][info][gc,cpu         ] GC(324) User=0.69s Sys=0.00s Real=0.11s
.[2015.237s][info][gc,marking     ] GC(325) Concurrent Scan Root Regions 123.825ms
[2015.237s][info][gc,marking     ] GC(325) Concurrent Mark
[2015.237s][info][gc,marking     ] GC(325) Concurrent Mark From Roots
[2015.237s][info][gc,task        ] GC(325) Using 2 workers of 2 for marking
[2015.863s][info][gc,marking     ] GC(325) Concurrent Mark From Roots 625.908ms
[2015.863s][info][gc,marking     ] GC(325) Concurrent Preclean
[2015.863s][info][gc,marking     ] GC(325) Concurrent Preclean 0.049ms
[2015.863s][info][gc,start       ] GC(325) Pause Remark
[2015.866s][info][gc             ] GC(325) Pause Remark 1670M->1670M(4096M) 3.437ms
[2015.866s][info][gc,cpu         ] GC(325) User=0.02s Sys=0.00s Real=0.01s
[2015.866s][info][gc,marking     ] GC(325) Concurrent Mark 629.656ms
[2015.866s][info][gc,marking     ] GC(325) Concurrent Rebuild Remembered Sets and Scrub Regions
[2016.112s][info][gc,marking     ] GC(325) Concurrent Rebuild Remembered Sets and Scrub Regions 245.693ms
[2016.112s][info][gc,start       ] GC(325) Pause Cleanup
[2016.113s][info][gc             ] GC(325) Pause Cleanup 1771M->1771M(4096M) 0.810ms
[2016.113s][info][gc,cpu         ] GC(325) User=0.00s Sys=0.00s Real=0.00s
[2016.113s][info][gc,marking     ] GC(325) Concurrent Clear Claimed Marks
[2016.113s][info][gc,marking     ] GC(325) Concurrent Clear Claimed Marks 0.033ms
[2016.113s][info][gc,marking     ] GC(325) Concurrent Cleanup for Next Mark
[2016.116s][info][gc,marking     ] GC(325) Concurrent Cleanup for Next Mark 3.319ms
[2016.116s][info][gc             ] GC(325) Concurrent Mark Cycle 1003.672ms
...|...[2021.279s][info][gc,start       ] GC(326) Pause Young (Prepare Mixed) (G1 Evacuation Pause)
[2021.279s][info][gc,task        ] GC(326) Using 6 workers of 6 for evacuation
[2021.396s][info][gc,phases      ] GC(326)   Pre Evacuate Collection Set: 0.37ms
[2021.396s][info][gc,phases      ] GC(326)   Merge Heap Roots: 0.53ms
[2021.396s][info][gc,phases      ] GC(326)   Evacuate Collection Set: 115.65ms
[2021.396s][info][gc,phases      ] GC(326)   Post Evacuate Collection Set: 0.96ms
[2021.396s][info][gc,phases      ] GC(326)   Other: 0.10ms
[2021.396s][info][gc,heap        ] GC(326) Eden regions: 1120->0(1111)
[2021.396s][info][gc,heap        ] GC(326) Survivor regions: 108->109(154)
[2021.396s][info][gc,heap        ] GC(326) Old regions: 504->536
[2021.396s][info][gc,heap        ] GC(326) Humongous regions: 80->80
[2021.396s][info][gc,metaspace   ] GC(326) Metaspace: 28933K(29248K)->28933K(29248K) NonClass: 24049K(24192K)->24049K(24192K) Class: 4884K(5056K)->4884K(5056K)
[2021.396s][info][gc             ] GC(326) Pause Young (Prepare Mixed) (G1 Evacuation Pause) 3621M->1448M(4096M) 117.747ms
[2021.396s][info][gc,cpu         ] GC(326) User=0.69s Sys=0.01s Real=0.12s
......[2027.407s][info][gc,start       ] GC(327) Pause Young (Mixed) (G1 Evacuation Pause)
[2027.407s][info][gc,task        ] GC(327) Using 6 workers of 6 for evacuation
[2027.542s][info][gc,phases      ] GC(327)   Pre Evacuate Collection Set: 0.38ms
[2027.542s][info][gc,phases      ] GC(327)   Merge Heap Roots: 0.68ms
[2027.542s][info][gc,phases      ] GC(327)   Evacuate Collection Set: 132.75ms
[2027.542s][info][gc,phases      ] GC(327)   Post Evacuate Collection Set: 0.99ms
[2027.542s][info][gc,phases      ] GC(327)   Other: 0.09ms
[2027.542s][info][gc,heap        ] GC(327) Eden regions: 1111->0(1117)
[2027.542s][info][gc,heap        ] GC(327) Survivor regions: 109->111(153)
[2027.542s][info][gc,heap        ] GC(327) Old regions: 536->472
[2027.542s][info][gc,heap        ] GC(327) Humongous regions: 80->80
[2027.542s][info][gc,metaspace   ] GC(327) Metaspace: 28933K(29248K)->28933K(29248K) NonClass: 24049K(24192K)->24049K(24192K) Class: 4884K(5056K)->4884K(5056K)
[2027.542s][info][gc             ] GC(327) Pause Young (Mixed) (G1 Evacuation Pause) 3670M->1325M(4096M) 135.072ms
[2027.542s][info][gc,cpu         ] GC(327) User=0.80s Sys=0.00s Real=0.13s
......[2033.630s][info][gc,start       ] GC(328) Pause Young (Concurrent Start) (G1 Evacuation Pause)
[2033.630s][info][gc,task        ] GC(328) Using 6 workers of 6 for evacuation
[2033.747s][info][gc,phases      ] GC(328)   Pre Evacuate Collection Set: 0.43ms
[2033.747s][info][gc,phases      ] GC(328)   Merge Heap Roots: 0.48ms
[2033.747s][info][gc,phases      ] GC(328)   Evacuate Collection Set: 115.35ms
[2033.747s][info][gc,phases      ] GC(328)   Post Evacuate Collection Set: 0.94ms
[2033.747s][info][gc,phases      ] GC(328)   Other: 0.13ms
[2033.748s][info][gc,heap        ] GC(328) Eden regions: 1117->0(1119)
[2033.748s][info][gc,heap        ] GC(328) Survivor regions: 111->109(154)
[2033.748s][info][gc,heap        ] GC(328) Old regions: 472->504
[2033.748s][info][gc,heap        ] GC(328) Humongous regions: 80->80
[2033.748s][info][gc,metaspace   ] GC(328) Metaspace: 28933K(29248K)->28933K(29248K) NonClass: 24049K(24192K)->24049K(24192K) Class: 4884K(5056K)->4884K(5056K)
[2033.748s][info][gc             ] GC(328) Pause Young (Concurrent Start) (G1 Evacuation Pause) 3559M->1384M(4096M) 117.459ms
[2033.748s][info][gc             ] GC(329) Concurrent Mark Cycle
[2033.748s][info][gc,marking     ] GC(329) Concurrent Scan Root Regions
[2033.748s][info][gc,cpu         ] GC(328) User=0.69s Sys=0.01s Real=0.12s
[2033.902s][info][gc,marking     ] GC(329) Concurrent Scan Root Regions 154.232ms
[2033.902s][info][gc,marking     ] GC(329) Concurrent Mark
[2033.902s][info][gc,marking     ] GC(329) Concurrent Mark From Roots
[2033.902s][info][gc,task        ] GC(329) Using 2 workers of 2 for marking
.[2034.546s][info][gc,marking     ] GC(329) Concurrent Mark From Roots 644.194ms
[2034.546s][info][gc,marking     ] GC(329) Concurrent Preclean
[2034.546s][info][gc,marking     ] GC(329) Concurrent Preclean 0.056ms
[2034.547s][info][gc,start       ] GC(329) Pause Remark
[2034.550s][info][gc             ] GC(329) Pause Remark 1736M->1736M(4096M) 3.422ms
[2034.550s][info][gc,cpu         ] GC(329) User=0.01s Sys=0.00s Real=0.00s
[2034.551s][info][gc,marking     ] GC(329) Concurrent Mark 649.370ms
[2034.551s][info][gc,marking     ] GC(329) Concurrent Rebuild Remembered Sets and Scrub Regions
[2034.778s][info][gc,marking     ] GC(329) Concurrent Rebuild Remembered Sets and Scrub Regions 227.150ms
[2034.779s][info][gc,start       ] GC(329) Pause Cleanup
[2034.779s][info][gc             ] GC(329) Pause Cleanup 1839M->1839M(4096M) 0.112ms
[2034.779s][info][gc,cpu         ] GC(329) User=0.00s Sys=0.00s Real=0.00s
[2034.779s][info][gc,marking     ] GC(329) Concurrent Clear Claimed Marks
[2034.779s][info][gc,marking     ] GC(329) Concurrent Clear Claimed Marks 0.029ms
[2034.779s][info][gc,marking     ] GC(329) Concurrent Cleanup for Next Mark
[2034.782s][info][gc,marking     ] GC(329) Concurrent Cleanup for Next Mark 3.250ms
[2034.782s][info][gc             ] GC(329) Concurrent Mark Cycle 1034.514ms
.....[2039.886s][info][gc,start       ] GC(330) Pause Young (Prepare Mixed) (G1 Evacuation Pause)
[2039.886s][info][gc,task        ] GC(330) Using 6 workers of 6 for evacuation
[2040.003s][info][gc,phases      ] GC(330)   Pre Evacuate Collection Set: 0.39ms
[2040.003s][info][gc,phases      ] GC(330)   Merge Heap Roots: 0.60ms
[2040.003s][info][gc,phases      ] GC(330)   Evacuate Collection Set: 114.74ms
[2040.003s][info][gc,phases      ] GC(330)   Post Evacuate Collection Set: 0.96ms
[2040.003s][info][gc,phases      ] GC(330)   Other: 0.10ms
[2040.003s][info][gc,heap        ] GC(330) Eden regions: 1119->0(1113)
[2040.003s][info][gc,heap        ] GC(330) Survivor regions: 109->108(154)
[2040.003s][info][gc,heap        ] GC(330) Old regions: 504->536
[2040.003s][info][gc,heap        ] GC(330) Humongous regions: 80->80
[2040.003s][info][gc,metaspace   ] GC(330) Metaspace: 28933K(29248K)->28933K(29248K) NonClass: 24049K(24192K)->24049K(24192K) Class: 4884K(5056K)->4884K(5056K)
[2040.003s][info][gc             ] GC(330) Pause Young (Prepare Mixed) (G1 Evacuation Pause) 3622M->1446M(4096M) 116.954ms
[2040.003s][info][gc,cpu         ] GC(330) User=0.69s Sys=0.00s Real=0.11s
......[2046.104s][info][gc,start       ] GC(331) Pause Young (Mixed) (G1 Evacuation Pause)
[2046.104s][info][gc,task        ] GC(331) Using 6 workers of 6 for evacuation
[2046.235s][info][gc,phases      ] GC(331)   Pre Evacuate Collection Set: 0.43ms
[2046.235s][info][gc,phases      ] GC(331)   Merge Heap Roots: 0.70ms
[2046.235s][info][gc,phases      ] GC(331)   Evacuate Collection Set: 128.82ms
[2046.235s][info][gc,phases      ] GC(331)   Post Evacuate Collection Set: 0.95ms
[2046.235s][info][gc,phases      ] GC(331)   Other: 0.10ms
[2046.235s][info][gc,heap        ] GC(331) Eden regions: 1113->0(1119)
[2046.235s][info][gc,heap        ] GC(331) Survivor regions: 108->109(153)
[2046.235s][info][gc,heap        ] GC(331) Old regions: 536->471
[2046.235s][info][gc,heap        ] GC(331) Humongous regions: 80->80
[2046.235s][info][gc,metaspace   ] GC(331) Metaspace: 28933K(29248K)->28933K(29248K) NonClass: 24049K(24192K)->24049K(24192K) Class: 4884K(5056K)->4884K(5056K)
[2046.235s][info][gc             ] GC(331) Pause Young (Mixed) (G1 Evacuation Pause) 3672M->1318M(4096M) 131.176ms
[2046.235s][info][gc,cpu         ] GC(331) User=0.78s Sys=0.00s Real=0.13s
.......[2052.332s][info][gc,start       ] GC(332) Pause Young (Concurrent Start) (G1 Evacuation Pause)
[2052.332s][info][gc,task        ] GC(332) Using 6 workers of 6 for evacuation
[2052.449s][info][gc,phases      ] GC(332)   Pre Evacuate Collection Set: 0.42ms
[2052.449s][info][gc,phases      ] GC(332)   Merge Heap Roots: 0.56ms
[2052.449s][info][gc,phases      ] GC(332)   Evacuate Collection Set: 115.08ms
[2052.449s][info][gc,phases      ] GC(332)   Post Evacuate Collection Set: 0.91ms
[2052.449s][info][gc,phases      ] GC(332)   Other: 0.13ms
[2052.449s][info][gc,heap        ] GC(332) Eden regions: 1119->0(1120)
[2052.449s][info][gc,heap        ] GC(332) Survivor regions: 109->108(154)
[2052.449s][info][gc,heap        ] GC(332) Old regions: 471->503
[2052.449s][info][gc,heap        ] GC(332) Humongous regions: 80->80
[2052.449s][info][gc,metaspace   ] GC(332) Metaspace: 28933K(29248K)->28933K(29248K) NonClass: 24049K(24192K)->24049K(24192K) Class: 4884K(5056K)->4884K(5056K)
[2052.449s][info][gc             ] GC(332) Pause Young (Concurrent Start) (G1 Evacuation Pause) 3556M->1381M(4096M) 117.223ms
[2052.449s][info][gc             ] GC(333) Concurrent Mark Cycle
[2052.449s][info][gc,marking     ] GC(333) Concurrent Scan Root Regions
[2052.449s][info][gc,cpu         ] GC(332) User=0.69s Sys=0.00s Real=0.12s
[2052.569s][info][gc,marking     ] GC(333) Concurrent Scan Root Regions 120.597ms
[2052.569s][info][gc,marking     ] GC(333) Concurrent Mark
[2052.569s][info][gc,marking     ] GC(333) Concurrent Mark From Roots
[2052.569s][info][gc,task        ] GC(333) Using 2 workers of 2 for marking
[2053.144s][info][gc,marking     ] GC(333) Concurrent Mark From Roots 574.206ms
[2053.144s][info][gc,marking     ] GC(333) Concurrent Preclean
[2053.144s][info][gc,marking     ] GC(333) Concurrent Preclean 0.040ms
[2053.144s][info][gc,start       ] GC(333) Pause Remark
[2053.147s][info][gc             ] GC(333) Pause Remark 1662M->1662M(4096M) 3.119ms
[2053.147s][info][gc,cpu         ] GC(333) User=0.02s Sys=0.00s Real=0.00s
[2053.148s][info][gc,marking     ] GC(333) Concurrent Mark 578.412ms
[2053.148s][info][gc,marking     ] GC(333) Concurrent Rebuild Remembered Sets and Scrub Regions
.[2053.384s][info][gc,marking     ] GC(333) Concurrent Rebuild Remembered Sets and Scrub Regions 235.948ms
[2053.384s][info][gc,start       ] GC(333) Pause Cleanup
[2053.384s][info][gc             ] GC(333) Pause Cleanup 1749M->1749M(4096M) 0.128ms
[2053.384s][info][gc,cpu         ] GC(333) User=0.00s Sys=0.00s Real=0.00s
[2053.385s][info][gc,marking     ] GC(333) Concurrent Clear Claimed Marks
[2053.385s][info][gc,marking     ] GC(333) Concurrent Clear Claimed Marks 0.045ms
[2053.385s][info][gc,marking     ] GC(333) Concurrent Cleanup for Next Mark
[2053.390s][info][gc,marking     ] GC(333) Concurrent Cleanup for Next Mark 4.588ms
[2053.390s][info][gc             ] GC(333) Concurrent Mark Cycle 941.255ms
.....[2058.488s][info][gc,start       ] GC(334) Pause Young (Prepare Mixed) (G1 Evacuation Pause)
[2058.488s][info][gc,task        ] GC(334) Using 6 workers of 6 for evacuation
[2058.608s][info][gc,phases      ] GC(334)   Pre Evacuate Collection Set: 0.36ms
[2058.608s][info][gc,phases      ] GC(334)   Merge Heap Roots: 0.51ms
[2058.608s][info][gc,phases      ] GC(334)   Evacuate Collection Set: 118.40ms
[2058.608s][info][gc,phases      ] GC(334)   Post Evacuate Collection Set: 0.96ms
[2058.608s][info][gc,phases      ] GC(334)   Other: 0.10ms
[2058.608s][info][gc,heap        ] GC(334) Eden regions: 1120->0(1108)
[2058.608s][info][gc,heap        ] GC(334) Survivor regions: 108->111(154)
[2058.608s][info][gc,heap        ] GC(334) Old regions: 503->535
[2058.608s][info][gc,heap        ] GC(334) Humongous regions: 80->80
[2058.608s][info][gc,metaspace   ] GC(334) Metaspace: 28933K(29248K)->28933K(29248K) NonClass: 24049K(24192K)->24049K(24192K) Class: 4884K(5056K)->4884K(5056K)
[2058.608s][info][gc             ] GC(334) Pause Young (Prepare Mixed) (G1 Evacuation Pause) 3621M->1451M(4096M) 120.446ms
[2058.608s][info][gc,cpu         ] GC(334) User=0.71s Sys=0.00s Real=0.12s
......[2064.779s][info][gc,start       ] GC(335) Pause Young (Mixed) (G1 Evacuation Pause)
[2064.779s][info][gc,task        ] GC(335) Using 6 workers of 6 for evacuation
[2064.911s][info][gc,phases      ] GC(335)   Pre Evacuate Collection Set: 0.41ms
[2064.911s][info][gc,phases      ] GC(335)   Merge Heap Roots: 0.75ms
[2064.911s][info][gc,phases      ] GC(335)   Evacuate Collection Set: 129.70ms
[2064.911s][info][gc,phases      ] GC(335)   Post Evacuate Collection Set: 0.98ms
[2064.911s][info][gc,phases      ] GC(335)   Other: 0.09ms
[2064.911s][info][gc,heap        ] GC(335) Eden regions: 1108->0(1119)
[2064.911s][info][gc,heap        ] GC(335) Survivor regions: 111->109(153)
[2064.911s][info][gc,heap        ] GC(335) Old regions: 535->472
[2064.911s][info][gc,heap        ] GC(335) Humongous regions: 80->80
[2064.911s][info][gc,metaspace   ] GC(335) Metaspace: 28933K(29248K)->28933K(29248K) NonClass: 24049K(24192K)->24049K(24192K) Class: 4884K(5056K)->4884K(5056K)
[2064.911s][info][gc             ] GC(335) Pause Young (Mixed) (G1 Evacuation Pause) 3667M->1319M(4096M) 132.084ms
[2064.911s][info][gc,cpu         ] GC(335) User=0.78s Sys=0.00s Real=0.13s
......[2070.832s][info][gc,start       ] GC(336) Pause Young (Concurrent Start) (G1 Evacuation Pause)
[2070.832s][info][gc,task        ] GC(336) Using 6 workers of 6 for evacuation
[2070.948s][info][gc,phases      ] GC(336)   Pre Evacuate Collection Set: 0.43ms
[2070.948s][info][gc,phases      ] GC(336)   Merge Heap Roots: 0.52ms
[2070.948s][info][gc,phases      ] GC(336)   Evacuate Collection Set: 113.88ms
[2070.948s][info][gc,phases      ] GC(336)   Post Evacuate Collection Set: 0.92ms
[2070.948s][info][gc,phases      ] GC(336)   Other: 0.13ms
[2070.948s][info][gc,heap        ] GC(336) Eden regions: 1119->0(1121)
[2070.948s][info][gc,heap        ] GC(336) Survivor regions: 109->107(154)
[2070.948s][info][gc,heap        ] GC(336) Old regions: 472->504
[2070.948s][info][gc,heap        ] GC(336) Humongous regions: 80->80
[2070.948s][info][gc,metaspace   ] GC(336) Metaspace: 28933K(29248K)->28933K(29248K) NonClass: 24049K(24192K)->24049K(24192K) Class: 4884K(5056K)->4884K(5056K)
[2070.948s][info][gc             ] GC(336) Pause Young (Concurrent Start) (G1 Evacuation Pause) 3557M->1381M(4096M) 116.010ms
[2070.948s][info][gc             ] GC(337) Concurrent Mark Cycle
[2070.948s][info][gc,marking     ] GC(337) Concurrent Scan Root Regions
[2070.948s][info][gc,cpu         ] GC(336) User=0.68s Sys=0.00s Real=0.12s
[2071.079s][info][gc,marking     ] GC(337) Concurrent Scan Root Regions 131.078ms
[2071.079s][info][gc,marking     ] GC(337) Concurrent Mark
[2071.079s][info][gc,marking     ] GC(337) Concurrent Mark From Roots
[2071.079s][info][gc,task        ] GC(337) Using 2 workers of 2 for marking
.[2071.689s][info][gc,marking     ] GC(337) Concurrent Mark From Roots 609.756ms
[2071.689s][info][gc,marking     ] GC(337) Concurrent Preclean
[2071.689s][info][gc,marking     ] GC(337) Concurrent Preclean 0.036ms
[2071.689s][info][gc,start       ] GC(337) Pause Remark
[2071.692s][info][gc             ] GC(337) Pause Remark 1667M->1667M(4096M) 3.234ms
[2071.692s][info][gc,cpu         ] GC(337) User=0.02s Sys=0.00s Real=0.00s
[2071.692s][info][gc,marking     ] GC(337) Concurrent Mark 613.310ms
[2071.692s][info][gc,marking     ] GC(337) Concurrent Rebuild Remembered Sets and Scrub Regions
[2071.937s][info][gc,marking     ] GC(337) Concurrent Rebuild Remembered Sets and Scrub Regions 244.352ms
[2071.937s][info][gc,start       ] GC(337) Pause Cleanup
[2071.937s][info][gc             ] GC(337) Pause Cleanup 1762M->1762M(4096M) 0.121ms
[2071.937s][info][gc,cpu         ] GC(337) User=0.00s Sys=0.00s Real=0.00s
[2071.937s][info][gc,marking     ] GC(337) Concurrent Clear Claimed Marks
[2071.937s][info][gc,marking     ] GC(337) Concurrent Clear Claimed Marks 0.032ms
[2071.937s][info][gc,marking     ] GC(337) Concurrent Cleanup for Next Mark
[2071.941s][info][gc,marking     ] GC(337) Concurrent Cleanup for Next Mark 3.661ms
[2071.941s][info][gc             ] GC(337) Concurrent Mark Cycle 993.133ms
.....[2077.137s][info][gc,start       ] GC(338) Pause Young (Prepare Mixed) (G1 Evacuation Pause)
[2077.137s][info][gc,task        ] GC(338) Using 6 workers of 6 for evacuation
[2077.254s][info][gc,phases      ] GC(338)   Pre Evacuate Collection Set: 0.39ms
[2077.254s][info][gc,phases      ] GC(338)   Merge Heap Roots: 0.54ms
[2077.254s][info][gc,phases      ] GC(338)   Evacuate Collection Set: 114.98ms
[2077.254s][info][gc,phases      ] GC(338)   Post Evacuate Collection Set: 0.96ms
[2077.254s][info][gc,phases      ] GC(338)   Other: 0.09ms
[2077.254s][info][gc,heap        ] GC(338) Eden regions: 1121->0(1113)
[2077.254s][info][gc,heap        ] GC(338) Survivor regions: 107->108(154)
[2077.254s][info][gc,heap        ] GC(338) Old regions: 504->536
[2077.254s][info][gc,heap        ] GC(338) Humongous regions: 80->80
[2077.254s][info][gc,metaspace   ] GC(338) Metaspace: 28933K(29248K)->28933K(29248K) NonClass: 24049K(24192K)->24049K(24192K) Class: 4884K(5056K)->4884K(5056K)
[2077.254s][info][gc             ] GC(338) Pause Young (Prepare Mixed) (G1 Evacuation Pause) 3623M->1447M(4096M) 117.098ms
[2077.254s][info][gc,cpu         ] GC(338) User=0.69s Sys=0.00s Real=0.12s
.. (rIR:aIR:PR = 3044:3046:3046) (tPR = 45044) [OK] 
  2078s: Performance info:
         Transaction,    Success,    Partial,     Failed,   Receipts, AvgBarcode, 
             Overall,     183226,          0,          0,     174055,      59.48, 
         Response times:
             Request,    Success,    Partial,     Failed,   SkipFail,     Probes,    Samples,      min,      p50,      p90,      p95,      p99,      max, 
       TotalPurchase,     174055,          0,          0,          0,     170956,     200118,      300,     2600,     4100,     5000,    23000,   182000,
     InStorePurchase,      91601,          0,          0,          0,      90304,     105451,      300,     2600,     4100,     5000,    24000,   182000,
      OnlinePurchase,      64128,          0,          0,          0,      62867,      73699,      300,     2600,     4100,     5000,    24000,   157000,
        InstPurchase,      18326,          0,          0,          0,      17785,      20968,      400,     2300,     3900,     4700,    18062,   182000,
          AssocOfCat,        185,          0,          0,          0,        129,        192,    19900,    27000,    35000,    46350,   101920,   154000,
      AssocOfProduct,       1838,          0,          0,          0,       1649,       2096,      500,     2200,     3900,     4800,    16709,   122000,
      BusinessReport,        456,          0,          0,          0,        372,        550,    19800,    30000,    43000,    53450,    85780,   188000,
          CustBuyBeh,       1838,          0,          0,          0,       1658,       2107,      300,     2100,     3400,     4000,    15852,   123000,
       ProductReturn,       4854,          0,          0,          0,       4624,       5603,      200,     2700,     4100,     4900,    26920,   126000,

  2078s: (23%)   IR =   3183 ....[2083.108s][info][gc,start       ] GC(339) Pause Young (Mixed) (G1 Evacuation Pause)
[2083.108s][info][gc,task        ] GC(339) Using 6 workers of 6 for evacuation
[2083.241s][info][gc,phases      ] GC(339)   Pre Evacuate Collection Set: 0.35ms
[2083.241s][info][gc,phases      ] GC(339)   Merge Heap Roots: 0.72ms
[2083.241s][info][gc,phases      ] GC(339)   Evacuate Collection Set: 130.58ms
[2083.241s][info][gc,phases      ] GC(339)   Post Evacuate Collection Set: 0.97ms
[2083.241s][info][gc,phases      ] GC(339)   Other: 0.09ms
[2083.241s][info][gc,heap        ] GC(339) Eden regions: 1113->0(1118)
[2083.241s][info][gc,heap        ] GC(339) Survivor regions: 108->110(153)
[2083.241s][info][gc,heap        ] GC(339) Old regions: 536->473
[2083.241s][info][gc,heap        ] GC(339) Humongous regions: 80->80
[2083.241s][info][gc,metaspace   ] GC(339) Metaspace: 28934K(29248K)->28934K(29248K) NonClass: 24049K(24192K)->24049K(24192K) Class: 4884K(5056K)->4884K(5056K)
[2083.241s][info][gc             ] GC(339) Pause Young (Mixed) (G1 Evacuation Pause) 3673M->1325M(4096M) 132.842ms
[2083.241s][info][gc,cpu         ] GC(339) User=0.79s Sys=0.00s Real=0.13s
.|.....[2089.012s][info][gc,start       ] GC(340) Pause Young (Concurrent Start) (G1 Evacuation Pause)
[2089.012s][info][gc,task        ] GC(340) Using 6 workers of 6 for evacuation
[2089.128s][info][gc,phases      ] GC(340)   Pre Evacuate Collection Set: 0.40ms
[2089.128s][info][gc,phases      ] GC(340)   Merge Heap Roots: 0.51ms
[2089.128s][info][gc,phases      ] GC(340)   Evacuate Collection Set: 113.97ms
[2089.128s][info][gc,phases      ] GC(340)   Post Evacuate Collection Set: 0.94ms
[2089.128s][info][gc,phases      ] GC(340)   Other: 0.13ms
[2089.128s][info][gc,heap        ] GC(340) Eden regions: 1118->0(1120)
[2089.128s][info][gc,heap        ] GC(340) Survivor regions: 110->108(154)
[2089.128s][info][gc,heap        ] GC(340) Old regions: 473->505
[2089.128s][info][gc,heap        ] GC(340) Humongous regions: 80->80
[2089.128s][info][gc,metaspace   ] GC(340) Metaspace: 28934K(29248K)->28934K(29248K) NonClass: 24049K(24192K)->24049K(24192K) Class: 4884K(5056K)->4884K(5056K)
[2089.128s][info][gc             ] GC(340) Pause Young (Concurrent Start) (G1 Evacuation Pause) 3561M->1384M(4096M) 116.087ms
[2089.128s][info][gc             ] GC(341) Concurrent Mark Cycle
[2089.128s][info][gc,marking     ] GC(341) Concurrent Scan Root Regions
[2089.128s][info][gc,cpu         ] GC(340) User=0.68s Sys=0.00s Real=0.12s
[2089.246s][info][gc,marking     ] GC(341) Concurrent Scan Root Regions 117.535ms
[2089.246s][info][gc,marking     ] GC(341) Concurrent Mark
[2089.246s][info][gc,marking     ] GC(341) Concurrent Mark From Roots
[2089.246s][info][gc,task        ] GC(341) Using 2 workers of 2 for marking
.[2089.834s][info][gc,marking     ] GC(341) Concurrent Mark From Roots 587.919ms
[2089.834s][info][gc,marking     ] GC(341) Concurrent Preclean
[2089.834s][info][gc,marking     ] GC(341) Concurrent Preclean 0.052ms
[2089.835s][info][gc,start       ] GC(341) Pause Remark
[2089.838s][info][gc             ] GC(341) Pause Remark 1676M->1676M(4096M) 3.331ms
[2089.838s][info][gc,cpu         ] GC(341) User=0.02s Sys=0.00s Real=0.00s
[2089.839s][info][gc,marking     ] GC(341) Concurrent Mark 592.766ms
[2089.839s][info][gc,marking     ] GC(341) Concurrent Rebuild Remembered Sets and Scrub Regions
[2090.070s][info][gc,marking     ] GC(341) Concurrent Rebuild Remembered Sets and Scrub Regions 231.462ms
[2090.070s][info][gc,start       ] GC(341) Pause Cleanup
[2090.071s][info][gc             ] GC(341) Pause Cleanup 1786M->1786M(4096M) 0.125ms
[2090.071s][info][gc,cpu         ] GC(341) User=0.00s Sys=0.00s Real=0.00s
[2090.071s][info][gc,marking     ] GC(341) Concurrent Clear Claimed Marks
[2090.071s][info][gc,marking     ] GC(341) Concurrent Clear Claimed Marks 0.029ms
[2090.071s][info][gc,marking     ] GC(341) Concurrent Cleanup for Next Mark
[2090.074s][info][gc,marking     ] GC(341) Concurrent Cleanup for Next Mark 3.249ms
[2090.074s][info][gc             ] GC(341) Concurrent Mark Cycle 945.531ms
.....[2095.037s][info][gc,start       ] GC(342) Pause Young (Prepare Mixed) (G1 Evacuation Pause)
[2095.037s][info][gc,task        ] GC(342) Using 6 workers of 6 for evacuation
[2095.154s][info][gc,phases      ] GC(342)   Pre Evacuate Collection Set: 0.40ms
[2095.154s][info][gc,phases      ] GC(342)   Merge Heap Roots: 0.53ms
[2095.154s][info][gc,phases      ] GC(342)   Evacuate Collection Set: 114.92ms
[2095.154s][info][gc,phases      ] GC(342)   Post Evacuate Collection Set: 0.94ms
[2095.154s][info][gc,phases      ] GC(342)   Other: 0.09ms
[2095.154s][info][gc,heap        ] GC(342) Eden regions: 1120->0(1112)
[2095.154s][info][gc,heap        ] GC(342) Survivor regions: 108->108(154)
[2095.154s][info][gc,heap        ] GC(342) Old regions: 505->537
[2095.154s][info][gc,heap        ] GC(342) Humongous regions: 80->80
[2095.154s][info][gc,metaspace   ] GC(342) Metaspace: 28934K(29248K)->28934K(29248K) NonClass: 24049K(24192K)->24049K(24192K) Class: 4884K(5056K)->4884K(5056K)
[2095.154s][info][gc             ] GC(342) Pause Young (Prepare Mixed) (G1 Evacuation Pause) 3624M->1448M(4096M) 117.005ms
[2095.154s][info][gc,cpu         ] GC(342) User=0.69s Sys=0.00s Real=0.12s
......[2100.897s][info][gc,start       ] GC(343) Pause Young (Mixed) (G1 Evacuation Pause)
[2100.897s][info][gc,task        ] GC(343) Using 6 workers of 6 for evacuation
[2101.030s][info][gc,phases      ] GC(343)   Pre Evacuate Collection Set: 0.42ms
[2101.030s][info][gc,phases      ] GC(343)   Merge Heap Roots: 0.71ms
[2101.030s][info][gc,phases      ] GC(343)   Evacuate Collection Set: 130.66ms
[2101.030s][info][gc,phases      ] GC(343)   Post Evacuate Collection Set: 0.96ms
[2101.030s][info][gc,phases      ] GC(343)   Other: 0.10ms
[2101.030s][info][gc,heap        ] GC(343) Eden regions: 1112->0(1118)
[2101.030s][info][gc,heap        ] GC(343) Survivor regions: 108->110(153)
[2101.030s][info][gc,heap        ] GC(343) Old regions: 537->472
[2101.030s][info][gc,heap        ] GC(343) Humongous regions: 80->80
[2101.030s][info][gc,metaspace   ] GC(343) Metaspace: 28934K(29248K)->28934K(29248K) NonClass: 24049K(24192K)->24049K(24192K) Class: 4884K(5056K)->4884K(5056K)
[2101.030s][info][gc             ] GC(343) Pause Young (Mixed) (G1 Evacuation Pause) 3672M->1322M(4096M) 132.994ms
[2101.030s][info][gc,cpu         ] GC(343) User=0.78s Sys=0.00s Real=0.13s
......[2106.839s][info][gc,start       ] GC(344) Pause Young (Concurrent Start) (G1 Evacuation Pause)
[2106.839s][info][gc,task        ] GC(344) Using 6 workers of 6 for evacuation
[2106.957s][info][gc,phases      ] GC(344)   Pre Evacuate Collection Set: 0.39ms
[2106.957s][info][gc,phases      ] GC(344)   Merge Heap Roots: 0.53ms
[2106.957s][info][gc,phases      ] GC(344)   Evacuate Collection Set: 115.62ms
[2106.957s][info][gc,phases      ] GC(344)   Post Evacuate Collection Set: 0.95ms
[2106.957s][info][gc,phases      ] GC(344)   Other: 0.11ms
[2106.957s][info][gc,heap        ] GC(344) Eden regions: 1118->0(1118)
[2106.957s][info][gc,heap        ] GC(344) Survivor regions: 110->110(154)
[2106.957s][info][gc,heap        ] GC(344) Old regions: 472->504
[2106.957s][info][gc,heap        ] GC(344) Humongous regions: 80->80
[2106.957s][info][gc,metaspace   ] GC(344) Metaspace: 28934K(29248K)->28934K(29248K) NonClass: 24049K(24192K)->24049K(24192K) Class: 4884K(5056K)->4884K(5056K)
[2106.957s][info][gc             ] GC(344) Pause Young (Concurrent Start) (G1 Evacuation Pause) 3558M->1386M(4096M) 117.747ms
[2106.957s][info][gc             ] GC(345) Concurrent Mark Cycle
[2106.957s][info][gc,marking     ] GC(345) Concurrent Scan Root Regions
[2106.957s][info][gc,cpu         ] GC(344) User=0.70s Sys=0.00s Real=0.12s
[2107.093s][info][gc,marking     ] GC(345) Concurrent Scan Root Regions 136.260ms
[2107.093s][info][gc,marking     ] GC(345) Concurrent Mark
[2107.093s][info][gc,marking     ] GC(345) Concurrent Mark From Roots
[2107.093s][info][gc,task        ] GC(345) Using 2 workers of 2 for marking
.[2107.674s][info][gc,marking     ] GC(345) Concurrent Mark From Roots 580.352ms
[2107.674s][info][gc,marking     ] GC(345) Concurrent Preclean
[2107.674s][info][gc,marking     ] GC(345) Concurrent Preclean 0.043ms
[2107.674s][info][gc,start       ] GC(345) Pause Remark
[2107.677s][info][gc             ] GC(345) Pause Remark 1699M->1699M(4096M) 3.318ms
[2107.677s][info][gc,cpu         ] GC(345) User=0.01s Sys=0.00s Real=0.00s
[2107.677s][info][gc,marking     ] GC(345) Concurrent Mark 583.999ms
[2107.677s][info][gc,marking     ] GC(345) Concurrent Rebuild Remembered Sets and Scrub Regions
[2107.902s][info][gc,marking     ] GC(345) Concurrent Rebuild Remembered Sets and Scrub Regions 224.585ms
[2107.903s][info][gc,start       ] GC(345) Pause Cleanup
[2107.903s][info][gc             ] GC(345) Pause Cleanup 1797M->1797M(4096M) 0.132ms
[2107.903s][info][gc,cpu         ] GC(345) User=0.00s Sys=0.00s Real=0.00s
[2107.903s][info][gc,marking     ] GC(345) Concurrent Clear Claimed Marks
[2107.903s][info][gc,marking     ] GC(345) Concurrent Clear Claimed Marks 0.033ms
[2107.903s][info][gc,marking     ] GC(345) Concurrent Cleanup for Next Mark
[2107.907s][info][gc,marking     ] GC(345) Concurrent Cleanup for Next Mark 3.738ms
[2107.907s][info][gc             ] GC(345) Concurrent Mark Cycle 949.579ms
.....[2112.787s][info][gc,start       ] GC(346) Pause Young (Prepare Mixed) (G1 Evacuation Pause)
[2112.787s][info][gc,task        ] GC(346) Using 6 workers of 6 for evacuation
[2112.907s][info][gc,phases      ] GC(346)   Pre Evacuate Collection Set: 0.33ms
[2112.907s][info][gc,phases      ] GC(346)   Merge Heap Roots: 0.58ms
[2112.907s][info][gc,phases      ] GC(346)   Evacuate Collection Set: 118.58ms
[2112.907s][info][gc,phases      ] GC(346)   Post Evacuate Collection Set: 0.93ms
[2112.907s][info][gc,phases      ] GC(346)   Other: 0.09ms
[2112.907s][info][gc,heap        ] GC(346) Eden regions: 1118->0(1109)
[2112.907s][info][gc,heap        ] GC(346) Survivor regions: 110->110(154)
[2112.907s][info][gc,heap        ] GC(346) Old regions: 504->536
[2112.907s][info][gc,heap        ] GC(346) Humongous regions: 80->80
[2112.907s][info][gc,metaspace   ] GC(346) Metaspace: 28934K(29248K)->28934K(29248K) NonClass: 24049K(24192K)->24049K(24192K) Class: 4884K(5056K)->4884K(5056K)
[2112.907s][info][gc             ] GC(346) Pause Young (Prepare Mixed) (G1 Evacuation Pause) 3622M->1449M(4096M) 120.646ms
[2112.907s][info][gc,cpu         ] GC(346) User=0.72s Sys=0.00s Real=0.12s
......[2118.696s][info][gc,start       ] GC(347) Pause Young (Mixed) (G1 Evacuation Pause)
[2118.696s][info][gc,task        ] GC(347) Using 6 workers of 6 for evacuation
[2118.827s][info][gc,phases      ] GC(347)   Pre Evacuate Collection Set: 0.41ms
[2118.827s][info][gc,phases      ] GC(347)   Merge Heap Roots: 0.62ms
[2118.827s][info][gc,phases      ] GC(347)   Evacuate Collection Set: 128.91ms
[2118.827s][info][gc,phases      ] GC(347)   Post Evacuate Collection Set: 0.96ms
[2118.827s][info][gc,phases      ] GC(347)   Other: 0.09ms
[2118.827s][info][gc,heap        ] GC(347) Eden regions: 1109->0(1119)
[2118.827s][info][gc,heap        ] GC(347) Survivor regions: 110->109(153)
[2118.827s][info][gc,heap        ] GC(347) Old regions: 536->472
[2118.827s][info][gc,heap        ] GC(347) Humongous regions: 80->80
[2118.827s][info][gc,metaspace   ] GC(347) Metaspace: 28934K(29248K)->28934K(29248K) NonClass: 24049K(24192K)->24049K(24192K) Class: 4884K(5056K)->4884K(5056K)
[2118.827s][info][gc             ] GC(347) Pause Young (Mixed) (G1 Evacuation Pause) 3667M->1321M(4096M) 131.132ms
[2118.827s][info][gc,cpu         ] GC(347) User=0.77s Sys=0.00s Real=0.13s
......[2124.695s][info][gc,start       ] GC(348) Pause Young (Concurrent Start) (G1 Evacuation Pause)
[2124.695s][info][gc,task        ] GC(348) Using 6 workers of 6 for evacuation
[2124.811s][info][gc,phases      ] GC(348)   Pre Evacuate Collection Set: 0.40ms
[2124.811s][info][gc,phases      ] GC(348)   Merge Heap Roots: 0.50ms
[2124.811s][info][gc,phases      ] GC(348)   Evacuate Collection Set: 114.70ms
[2124.811s][info][gc,phases      ] GC(348)   Post Evacuate Collection Set: 0.92ms
[2124.811s][info][gc,phases      ] GC(348)   Other: 0.10ms
[2124.811s][info][gc,heap        ] GC(348) Eden regions: 1119->0(1119)
[2124.811s][info][gc,heap        ] GC(348) Survivor regions: 109->109(154)
[2124.811s][info][gc,heap        ] GC(348) Old regions: 472->505
[2124.811s][info][gc,heap        ] GC(348) Humongous regions: 80->80
[2124.811s][info][gc,metaspace   ] GC(348) Metaspace: 28934K(29248K)->28934K(29248K) NonClass: 24049K(24192K)->24049K(24192K) Class: 4884K(5056K)->4884K(5056K)
[2124.811s][info][gc             ] GC(348) Pause Young (Concurrent Start) (G1 Evacuation Pause) 3559M->1386M(4096M) 116.763ms
[2124.811s][info][gc             ] GC(349) Concurrent Mark Cycle
[2124.811s][info][gc,marking     ] GC(349) Concurrent Scan Root Regions
[2124.811s][info][gc,cpu         ] GC(348) User=0.69s Sys=0.01s Real=0.11s
[2124.974s][info][gc,marking     ] GC(349) Concurrent Scan Root Regions 162.898ms
[2124.974s][info][gc,marking     ] GC(349) Concurrent Mark
[2124.974s][info][gc,marking     ] GC(349) Concurrent Mark From Roots
[2124.974s][info][gc,task        ] GC(349) Using 2 workers of 2 for marking
.[2125.887s][info][gc,marking     ] GC(349) Concurrent Mark From Roots 912.823ms
[2125.887s][info][gc,marking     ] GC(349) Concurrent Preclean
[2125.887s][info][gc,marking     ] GC(349) Concurrent Preclean 0.036ms
[2125.887s][info][gc,start       ] GC(349) Pause Remark
[2125.891s][info][gc             ] GC(349) Pause Remark 1856M->1856M(4096M) 4.165ms
[2125.892s][info][gc,cpu         ] GC(349) User=0.02s Sys=0.00s Real=0.00s
[2125.892s][info][gc,marking     ] GC(349) Concurrent Mark 917.259ms
[2125.892s][info][gc,marking     ] GC(349) Concurrent Rebuild Remembered Sets and Scrub Regions
[2126.244s][info][gc,marking     ] GC(349) Concurrent Rebuild Remembered Sets and Scrub Regions 352.272ms
[2126.244s][info][gc,start       ] GC(349) Pause Cleanup
[2126.244s][info][gc             ] GC(349) Pause Cleanup 1986M->1986M(4096M) 0.120ms
[2126.244s][info][gc,cpu         ] GC(349) User=0.00s Sys=0.00s Real=0.00s
[2126.244s][info][gc,marking     ] GC(349) Concurrent Clear Claimed Marks
[2126.244s][info][gc,marking     ] GC(349) Concurrent Clear Claimed Marks 0.028ms
[2126.244s][info][gc,marking     ] GC(349) Concurrent Cleanup for Next Mark
[2126.248s][info][gc,marking     ] GC(349) Concurrent Cleanup for Next Mark 3.836ms
[2126.248s][info][gc             ] GC(349) Concurrent Mark Cycle 1436.775ms
.....[2130.575s][info][gc,start       ] GC(350) Pause Young (Prepare Mixed) (G1 Evacuation Pause)
[2130.575s][info][gc,task        ] GC(350) Using 6 workers of 6 for evacuation
[2130.692s][info][gc,phases      ] GC(350)   Pre Evacuate Collection Set: 0.39ms
[2130.692s][info][gc,phases      ] GC(350)   Merge Heap Roots: 0.54ms
[2130.692s][info][gc,phases      ] GC(350)   Evacuate Collection Set: 115.43ms
[2130.692s][info][gc,phases      ] GC(350)   Post Evacuate Collection Set: 0.94ms
[2130.692s][info][gc,phases      ] GC(350)   Other: 0.10ms
[2130.692s][info][gc,heap        ] GC(350) Eden regions: 1119->0(1111)
[2130.692s][info][gc,heap        ] GC(350) Survivor regions: 109->109(154)
[2130.692s][info][gc,heap        ] GC(350) Old regions: 505->536
[2130.692s][info][gc,heap        ] GC(350) Humongous regions: 80->80
[2130.692s][info][gc,metaspace   ] GC(350) Metaspace: 28934K(29248K)->28934K(29248K) NonClass: 24049K(24192K)->24049K(24192K) Class: 4884K(5056K)->4884K(5056K)
[2130.693s][info][gc             ] GC(350) Pause Young (Prepare Mixed) (G1 Evacuation Pause) 3624M->1449M(4096M) 117.522ms
[2130.693s][info][gc,cpu         ] GC(350) User=0.69s Sys=0.00s Real=0.11s
......[2136.599s][info][gc,start       ] GC(351) Pause Young (Mixed) (G1 Evacuation Pause)
[2136.599s][info][gc,task        ] GC(351) Using 6 workers of 6 for evacuation
[2136.730s][info][gc,phases      ] GC(351)   Pre Evacuate Collection Set: 0.42ms
[2136.730s][info][gc,phases      ] GC(351)   Merge Heap Roots: 0.72ms
[2136.730s][info][gc,phases      ] GC(351)   Evacuate Collection Set: 129.45ms
[2136.730s][info][gc,phases      ] GC(351)   Post Evacuate Collection Set: 0.98ms
[2136.730s][info][gc,phases      ] GC(351)   Other: 0.10ms
[2136.730s][info][gc,heap        ] GC(351) Eden regions: 1111->0(1118)
[2136.730s][info][gc,heap        ] GC(351) Survivor regions: 109->110(153)
[2136.730s][info][gc,heap        ] GC(351) Old regions: 536->472
[2136.730s][info][gc,heap        ] GC(351) Humongous regions: 80->80
[2136.730s][info][gc,metaspace   ] GC(351) Metaspace: 28934K(29248K)->28934K(29248K) NonClass: 24049K(24192K)->24049K(24192K) Class: 4884K(5056K)->4884K(5056K)
[2136.730s][info][gc             ] GC(351) Pause Young (Mixed) (G1 Evacuation Pause) 3671M->1321M(4096M) 131.838ms
[2136.730s][info][gc,cpu         ] GC(351) User=0.78s Sys=0.00s Real=0.13s
......[2142.448s][info][gc,start       ] GC(352) Pause Young (Concurrent Start) (G1 Evacuation Pause)
[2142.448s][info][gc,task        ] GC(352) Using 6 workers of 6 for evacuation
[2142.565s][info][gc,phases      ] GC(352)   Pre Evacuate Collection Set: 0.38ms
[2142.565s][info][gc,phases      ] GC(352)   Merge Heap Roots: 0.49ms
[2142.565s][info][gc,phases      ] GC(352)   Evacuate Collection Set: 115.54ms
[2142.565s][info][gc,phases      ] GC(352)   Post Evacuate Collection Set: 0.92ms
[2142.565s][info][gc,phases      ] GC(352)   Other: 0.10ms
[2142.565s][info][gc,heap        ] GC(352) Eden regions: 1118->0(1119)
[2142.565s][info][gc,heap        ] GC(352) Survivor regions: 110->109(154)
[2142.565s][info][gc,heap        ] GC(352) Old regions: 472->504
[2142.565s][info][gc,heap        ] GC(352) Humongous regions: 80->80
[2142.565s][info][gc,metaspace   ] GC(352) Metaspace: 28934K(29248K)->28934K(29248K) NonClass: 24049K(24192K)->24049K(24192K) Class: 4884K(5056K)->4884K(5056K)
[2142.565s][info][gc             ] GC(352) Pause Young (Concurrent Start) (G1 Evacuation Pause) 3557M->1384M(4096M) 117.564ms
[2142.565s][info][gc             ] GC(353) Concurrent Mark Cycle
[2142.565s][info][gc,marking     ] GC(353) Concurrent Scan Root Regions
[2142.565s][info][gc,cpu         ] GC(352) User=0.70s Sys=0.00s Real=0.12s
[2142.720s][info][gc,marking     ] GC(353) Concurrent Scan Root Regions 154.804ms
[2142.720s][info][gc,marking     ] GC(353) Concurrent Mark
[2142.720s][info][gc,marking     ] GC(353) Concurrent Mark From Roots
[2142.720s][info][gc,task        ] GC(353) Using 2 workers of 2 for marking
. (rIR:aIR:PR = 3183:3185:3185) (tPR = 47464) [OK] 
  2143s: Performance info:
         Transaction,    Success,    Partial,     Failed,   Receipts, AvgBarcode, 
             Overall,     191240,          0,          0,     181661,      59.49, 
         Response times:
             Request,    Success,    Partial,     Failed,   SkipFail,     Probes,    Samples,      min,      p50,      p90,      p95,      p99,      max, 
       TotalPurchase,     181661,          0,          0,          0,     178401,     193487,      300,     2700,     4400,     5500,    27000,   171000,
     InStorePurchase,      95609,          0,          0,          0,      93843,     101457,      300,     2600,     4300,     5400,    26000,   171000,
      OnlinePurchase,      66936,          0,          0,          0,      66027,      71599,      300,     2800,     4500,     5600,    28000,   171000,
        InstPurchase,      19116,          0,          0,          0,      18531,      20431,      400,     2500,     4300,     5400,    25000,   134000,
          AssocOfCat,        192,          0,          0,          0,        133,        204,    21000,    27000,    34000,    38000,   147000,   152000,
      AssocOfProduct,       1924,          0,          0,          0,       1749,       2080,      500,     3100,     4500,     5900,    28190,   122000,
      BusinessReport,        477,          0,          0,          0,        395,        525,    21000,    30000,    42000,    50000,   172740,   233000,
          CustBuyBeh,       1912,          0,          0,          0,       1728,       2016,      300,     2400,     4200,     5200,    22000,   134000,
       ProductReturn,       5074,          0,          0,          0,       4745,       5340,      200,     2600,     4200,     5300,    29000,   148000,

  2143s: (24%)   IR =   3321 [2143.402s][info][gc,marking     ] GC(353) Concurrent Mark From Roots 681.886ms
[2143.402s][info][gc,marking     ] GC(353) Concurrent Preclean
[2143.402s][info][gc,marking     ] GC(353) Concurrent Preclean 0.038ms
[2143.402s][info][gc,start       ] GC(353) Pause Remark
[2143.406s][info][gc             ] GC(353) Pause Remark 1759M->1759M(4096M) 3.421ms
[2143.406s][info][gc,cpu         ] GC(353) User=0.01s Sys=0.00s Real=0.01s
[2143.406s][info][gc,marking     ] GC(353) Concurrent Mark 685.589ms
[2143.406s][info][gc,marking     ] GC(353) Concurrent Rebuild Remembered Sets and Scrub Regions
[2143.706s][info][gc,marking     ] GC(353) Concurrent Rebuild Remembered Sets and Scrub Regions 300.398ms
[2143.706s][info][gc,start       ] GC(353) Pause Cleanup
[2143.706s][info][gc             ] GC(353) Pause Cleanup 1891M->1891M(4096M) 0.112ms
[2143.706s][info][gc,cpu         ] GC(353) User=0.00s Sys=0.00s Real=0.00s
[2143.706s][info][gc,marking     ] GC(353) Concurrent Clear Claimed Marks
[2143.706s][info][gc,marking     ] GC(353) Concurrent Clear Claimed Marks 0.029ms
[2143.706s][info][gc,marking     ] GC(353) Concurrent Cleanup for Next Mark
[2143.710s][info][gc,marking     ] GC(353) Concurrent Cleanup for Next Mark 3.408ms
[2143.710s][info][gc             ] GC(353) Concurrent Mark Cycle 1144.688ms
....[2148.229s][info][gc,start       ] GC(354) Pause Young (Prepare Mixed) (G1 Evacuation Pause)
[2148.229s][info][gc,task        ] GC(354) Using 6 workers of 6 for evacuation
[2148.353s][info][gc,phases      ] GC(354)   Pre Evacuate Collection Set: 0.35ms
[2148.353s][info][gc,phases      ] GC(354)   Merge Heap Roots: 0.59ms
[2148.353s][info][gc,phases      ] GC(354)   Evacuate Collection Set: 122.14ms
[2148.353s][info][gc,phases      ] GC(354)   Post Evacuate Collection Set: 0.97ms
[2148.353s][info][gc,phases      ] GC(354)   Other: 0.09ms
[2148.353s][info][gc,heap        ] GC(354) Eden regions: 1119->0(1103)
[2148.353s][info][gc,heap        ] GC(354) Survivor regions: 109->113(154)
[2148.353s][info][gc,heap        ] GC(354) Old regions: 504->536
[2148.353s][info][gc,heap        ] GC(354) Humongous regions: 80->80
[2148.353s][info][gc,metaspace   ] GC(354) Metaspace: 28934K(29248K)->28934K(29248K) NonClass: 24049K(24192K)->24049K(24192K) Class: 4884K(5056K)->4884K(5056K)
[2148.353s][info][gc             ] GC(354) Pause Young (Prepare Mixed) (G1 Evacuation Pause) 3622M->1456M(4096M) 124.296ms
[2148.353s][info][gc,cpu         ] GC(354) User=0.74s Sys=0.00s Real=0.12s
....|..[2153.758s][info][gc,start       ] GC(355) Pause Young (Mixed) (G1 Evacuation Pause)
[2153.758s][info][gc,task        ] GC(355) Using 6 workers of 6 for evacuation
[2153.892s][info][gc,phases      ] GC(355)   Pre Evacuate Collection Set: 0.40ms
[2153.892s][info][gc,phases      ] GC(355)   Merge Heap Roots: 0.68ms
[2153.892s][info][gc,phases      ] GC(355)   Evacuate Collection Set: 132.22ms
[2153.892s][info][gc,phases      ] GC(355)   Post Evacuate Collection Set: 0.98ms
[2153.892s][info][gc,phases      ] GC(355)   Other: 0.09ms
[2153.892s][info][gc,heap        ] GC(355) Eden regions: 1103->0(1119)
[2153.892s][info][gc,heap        ] GC(355) Survivor regions: 113->109(152)
[2153.892s][info][gc,heap        ] GC(355) Old regions: 536->473
[2153.892s][info][gc,heap        ] GC(355) Humongous regions: 80->80
[2153.892s][info][gc,metaspace   ] GC(355) Metaspace: 28934K(29248K)->28934K(29248K) NonClass: 24049K(24192K)->24049K(24192K) Class: 4884K(5056K)->4884K(5056K)
[2153.893s][info][gc             ] GC(355) Pause Young (Mixed) (G1 Evacuation Pause) 3662M->1322M(4096M) 134.502ms
[2153.893s][info][gc,cpu         ] GC(355) User=0.80s Sys=0.00s Real=0.13s
......[2159.460s][info][gc,start       ] GC(356) Pause Young (Concurrent Start) (G1 Evacuation Pause)
[2159.460s][info][gc,task        ] GC(356) Using 6 workers of 6 for evacuation
[2159.577s][info][gc,phases      ] GC(356)   Pre Evacuate Collection Set: 0.46ms
[2159.577s][info][gc,phases      ] GC(356)   Merge Heap Roots: 0.49ms
[2159.577s][info][gc,phases      ] GC(356)   Evacuate Collection Set: 115.20ms
[2159.577s][info][gc,phases      ] GC(356)   Post Evacuate Collection Set: 0.91ms
[2159.577s][info][gc,phases      ] GC(356)   Other: 0.12ms
[2159.577s][info][gc,heap        ] GC(356) Eden regions: 1119->0(1120)
[2159.577s][info][gc,heap        ] GC(356) Survivor regions: 109->108(154)
[2159.577s][info][gc,heap        ] GC(356) Old regions: 473->506
[2159.577s][info][gc,heap        ] GC(356) Humongous regions: 80->80
[2159.577s][info][gc,metaspace   ] GC(356) Metaspace: 28934K(29248K)->28934K(29248K) NonClass: 24049K(24192K)->24049K(24192K) Class: 4884K(5056K)->4884K(5056K)
[2159.577s][info][gc             ] GC(356) Pause Young (Concurrent Start) (G1 Evacuation Pause) 3560M->1385M(4096M) 117.323ms
[2159.577s][info][gc             ] GC(357) Concurrent Mark Cycle
[2159.577s][info][gc,marking     ] GC(357) Concurrent Scan Root Regions
[2159.577s][info][gc,cpu         ] GC(356) User=0.69s Sys=0.00s Real=0.12s
[2159.731s][info][gc,marking     ] GC(357) Concurrent Scan Root Regions 154.059ms
[2159.731s][info][gc,marking     ] GC(357) Concurrent Mark
[2159.731s][info][gc,marking     ] GC(357) Concurrent Mark From Roots
[2159.731s][info][gc,task        ] GC(357) Using 2 workers of 2 for marking
[2160.366s][info][gc,marking     ] GC(357) Concurrent Mark From Roots 634.706ms
[2160.366s][info][gc,marking     ] GC(357) Concurrent Preclean
[2160.366s][info][gc,marking     ] GC(357) Concurrent Preclean 0.048ms
[2160.366s][info][gc,start       ] GC(357) Pause Remark
[2160.370s][info][gc             ] GC(357) Pause Remark 1741M->1741M(4096M) 3.394ms
[2160.370s][info][gc,cpu         ] GC(357) User=0.01s Sys=0.00s Real=0.00s
[2160.370s][info][gc,marking     ] GC(357) Concurrent Mark 638.428ms
[2160.370s][info][gc,marking     ] GC(357) Concurrent Rebuild Remembered Sets and Scrub Regions
.[2160.654s][info][gc,marking     ] GC(357) Concurrent Rebuild Remembered Sets and Scrub Regions 284.508ms
[2160.654s][info][gc,start       ] GC(357) Pause Cleanup
[2160.654s][info][gc             ] GC(357) Pause Cleanup 1858M->1858M(4096M) 0.110ms
[2160.655s][info][gc,cpu         ] GC(357) User=0.00s Sys=0.00s Real=0.00s
[2160.655s][info][gc,marking     ] GC(357) Concurrent Clear Claimed Marks
[2160.655s][info][gc,marking     ] GC(357) Concurrent Clear Claimed Marks 0.032ms
[2160.655s][info][gc,marking     ] GC(357) Concurrent Cleanup for Next Mark
[2160.658s][info][gc,marking     ] GC(357) Concurrent Cleanup for Next Mark 3.862ms
[2160.658s][info][gc             ] GC(357) Concurrent Mark Cycle 1081.301ms
....[2165.223s][info][gc,start       ] GC(358) Pause Young (Prepare Mixed) (G1 Evacuation Pause)
[2165.223s][info][gc,task        ] GC(358) Using 6 workers of 6 for evacuation
[2165.343s][info][gc,phases      ] GC(358)   Pre Evacuate Collection Set: 0.36ms
[2165.343s][info][gc,phases      ] GC(358)   Merge Heap Roots: 0.51ms
[2165.343s][info][gc,phases      ] GC(358)   Evacuate Collection Set: 117.44ms
[2165.343s][info][gc,phases      ] GC(358)   Post Evacuate Collection Set: 0.96ms
[2165.343s][info][gc,phases      ] GC(358)   Other: 0.09ms
[2165.343s][info][gc,heap        ] GC(358) Eden regions: 1120->0(1107)
[2165.343s][info][gc,heap        ] GC(358) Survivor regions: 108->111(154)
[2165.343s][info][gc,heap        ] GC(358) Old regions: 506->536
[2165.343s][info][gc,heap        ] GC(358) Humongous regions: 80->80
[2165.343s][info][gc,metaspace   ] GC(358) Metaspace: 28934K(29248K)->28934K(29248K) NonClass: 24049K(24192K)->24049K(24192K) Class: 4884K(5056K)->4884K(5056K)
[2165.343s][info][gc             ] GC(358) Pause Young (Prepare Mixed) (G1 Evacuation Pause) 3625M->1453M(4096M) 119.507ms
[2165.343s][info][gc,cpu         ] GC(358) User=0.71s Sys=0.00s Real=0.12s
......[2170.807s][info][gc,start       ] GC(359) Pause Young (Mixed) (G1 Evacuation Pause)
[2170.807s][info][gc,task        ] GC(359) Using 6 workers of 6 for evacuation
[2170.941s][info][gc,phases      ] GC(359)   Pre Evacuate Collection Set: 0.38ms
[2170.941s][info][gc,phases      ] GC(359)   Merge Heap Roots: 0.70ms
[2170.941s][info][gc,phases      ] GC(359)   Evacuate Collection Set: 132.00ms
[2170.941s][info][gc,phases      ] GC(359)   Post Evacuate Collection Set: 0.97ms
[2170.941s][info][gc,phases      ] GC(359)   Other: 0.08ms
[2170.941s][info][gc,heap        ] GC(359) Eden regions: 1107->0(1119)
[2170.941s][info][gc,heap        ] GC(359) Survivor regions: 111->109(153)
[2170.941s][info][gc,heap        ] GC(359) Old regions: 536->473
[2170.941s][info][gc,heap        ] GC(359) Humongous regions: 80->80
[2170.941s][info][gc,metaspace   ] GC(359) Metaspace: 28934K(29248K)->28934K(29248K) NonClass: 24049K(24192K)->24049K(24192K) Class: 4884K(5056K)->4884K(5056K)
[2170.941s][info][gc             ] GC(359) Pause Young (Mixed) (G1 Evacuation Pause) 3667M->1322M(4096M) 134.271ms
[2170.941s][info][gc,cpu         ] GC(359) User=0.79s Sys=0.00s Real=0.13s
......[2176.528s][info][gc,start       ] GC(360) Pause Young (Concurrent Start) (G1 Evacuation Pause)
[2176.528s][info][gc,task        ] GC(360) Using 6 workers of 6 for evacuation
[2176.645s][info][gc,phases      ] GC(360)   Pre Evacuate Collection Set: 0.42ms
[2176.645s][info][gc,phases      ] GC(360)   Merge Heap Roots: 0.47ms
[2176.645s][info][gc,phases      ] GC(360)   Evacuate Collection Set: 114.83ms
[2176.645s][info][gc,phases      ] GC(360)   Post Evacuate Collection Set: 0.91ms
[2176.645s][info][gc,phases      ] GC(360)   Other: 0.12ms
[2176.645s][info][gc,heap        ] GC(360) Eden regions: 1119->0(1120)
[2176.645s][info][gc,heap        ] GC(360) Survivor regions: 109->108(154)
[2176.645s][info][gc,heap        ] GC(360) Old regions: 473->505
[2176.645s][info][gc,heap        ] GC(360) Humongous regions: 80->80
[2176.645s][info][gc,metaspace   ] GC(360) Metaspace: 28934K(29248K)->28934K(29248K) NonClass: 24049K(24192K)->24049K(24192K) Class: 4884K(5056K)->4884K(5056K)
[2176.645s][info][gc             ] GC(360) Pause Young (Concurrent Start) (G1 Evacuation Pause) 3560M->1384M(4096M) 116.879ms
[2176.645s][info][gc             ] GC(361) Concurrent Mark Cycle
[2176.645s][info][gc,marking     ] GC(361) Concurrent Scan Root Regions
[2176.645s][info][gc,cpu         ] GC(360) User=0.69s Sys=0.00s Real=0.12s
[2176.799s][info][gc,marking     ] GC(361) Concurrent Scan Root Regions 154.519ms
[2176.799s][info][gc,marking     ] GC(361) Concurrent Mark
[2176.799s][info][gc,marking     ] GC(361) Concurrent Mark From Roots
[2176.799s][info][gc,task        ] GC(361) Using 2 workers of 2 for marking
.[2177.476s][info][gc,marking     ] GC(361) Concurrent Mark From Roots 676.671ms
[2177.476s][info][gc,marking     ] GC(361) Concurrent Preclean
[2177.476s][info][gc,marking     ] GC(361) Concurrent Preclean 0.048ms
[2177.476s][info][gc,start       ] GC(361) Pause Remark
[2177.480s][info][gc             ] GC(361) Pause Remark 1771M->1771M(4096M) 3.505ms
[2177.480s][info][gc,cpu         ] GC(361) User=0.02s Sys=0.00s Real=0.00s
[2177.480s][info][gc,marking     ] GC(361) Concurrent Mark 680.479ms
[2177.480s][info][gc,marking     ] GC(361) Concurrent Rebuild Remembered Sets and Scrub Regions
[2177.723s][info][gc,marking     ] GC(361) Concurrent Rebuild Remembered Sets and Scrub Regions 243.107ms
[2177.723s][info][gc,start       ] GC(361) Pause Cleanup
[2177.723s][info][gc             ] GC(361) Pause Cleanup 1867M->1867M(4096M) 0.122ms
[2177.723s][info][gc,cpu         ] GC(361) User=0.00s Sys=0.00s Real=0.00s
[2177.723s][info][gc,marking     ] GC(361) Concurrent Clear Claimed Marks
[2177.723s][info][gc,marking     ] GC(361) Concurrent Clear Claimed Marks 0.026ms
[2177.723s][info][gc,marking     ] GC(361) Concurrent Cleanup for Next Mark
[2177.726s][info][gc,marking     ] GC(361) Concurrent Cleanup for Next Mark 3.180ms
[2177.726s][info][gc             ] GC(361) Concurrent Mark Cycle 1081.759ms
....[2182.193s][info][gc,start       ] GC(362) Pause Young (Prepare Mixed) (G1 Evacuation Pause)
[2182.193s][info][gc,task        ] GC(362) Using 6 workers of 6 for evacuation
[2182.310s][info][gc,phases      ] GC(362)   Pre Evacuate Collection Set: 0.38ms
[2182.310s][info][gc,phases      ] GC(362)   Merge Heap Roots: 0.54ms
[2182.310s][info][gc,phases      ] GC(362)   Evacuate Collection Set: 114.82ms
[2182.310s][info][gc,phases      ] GC(362)   Post Evacuate Collection Set: 0.95ms
[2182.310s][info][gc,phases      ] GC(362)   Other: 0.09ms
[2182.310s][info][gc,heap        ] GC(362) Eden regions: 1120->0(1112)
[2182.310s][info][gc,heap        ] GC(362) Survivor regions: 108->108(154)
[2182.310s][info][gc,heap        ] GC(362) Old regions: 505->537
[2182.310s][info][gc,heap        ] GC(362) Humongous regions: 80->80
[2182.310s][info][gc,metaspace   ] GC(362) Metaspace: 28934K(29248K)->28934K(29248K) NonClass: 24049K(24192K)->24049K(24192K) Class: 4884K(5056K)->4884K(5056K)
[2182.310s][info][gc             ] GC(362) Pause Young (Prepare Mixed) (G1 Evacuation Pause) 3624M->1448M(4096M) 116.917ms
[2182.310s][info][gc,cpu         ] GC(362) User=0.69s Sys=0.00s Real=0.12s
......[2187.882s][info][gc,start       ] GC(363) Pause Young (Mixed) (G1 Evacuation Pause)
[2187.882s][info][gc,task        ] GC(363) Using 6 workers of 6 for evacuation
[2188.014s][info][gc,phases      ] GC(363)   Pre Evacuate Collection Set: 0.38ms
[2188.014s][info][gc,phases      ] GC(363)   Merge Heap Roots: 0.69ms
[2188.014s][info][gc,phases      ] GC(363)   Evacuate Collection Set: 129.75ms
[2188.014s][info][gc,phases      ] GC(363)   Post Evacuate Collection Set: 0.98ms
[2188.014s][info][gc,phases      ] GC(363)   Other: 0.09ms
[2188.014s][info][gc,heap        ] GC(363) Eden regions: 1112->0(1121)
[2188.014s][info][gc,heap        ] GC(363) Survivor regions: 108->107(153)
[2188.014s][info][gc,heap        ] GC(363) Old regions: 537->473
[2188.014s][info][gc,heap        ] GC(363) Humongous regions: 80->80
[2188.014s][info][gc,metaspace   ] GC(363) Metaspace: 28934K(29248K)->28934K(29248K) NonClass: 24049K(24192K)->24049K(24192K) Class: 4884K(5056K)->4884K(5056K)
[2188.014s][info][gc             ] GC(363) Pause Young (Mixed) (G1 Evacuation Pause) 3672M->1318M(4096M) 132.014ms
[2188.014s][info][gc,cpu         ] GC(363) User=0.78s Sys=0.00s Real=0.14s
......[2193.580s][info][gc,start       ] GC(364) Pause Young (Concurrent Start) (G1 Evacuation Pause)
[2193.580s][info][gc,task        ] GC(364) Using 6 workers of 6 for evacuation
[2193.697s][info][gc,phases      ] GC(364)   Pre Evacuate Collection Set: 0.44ms
[2193.697s][info][gc,phases      ] GC(364)   Merge Heap Roots: 0.52ms
[2193.697s][info][gc,phases      ] GC(364)   Evacuate Collection Set: 115.16ms
[2193.697s][info][gc,phases      ] GC(364)   Post Evacuate Collection Set: 0.90ms
[2193.697s][info][gc,phases      ] GC(364)   Other: 0.12ms
[2193.697s][info][gc,heap        ] GC(364) Eden regions: 1121->0(1119)
[2193.697s][info][gc,heap        ] GC(364) Survivor regions: 107->109(154)
[2193.697s][info][gc,heap        ] GC(364) Old regions: 473->504
[2193.697s][info][gc,heap        ] GC(364) Humongous regions: 80->80
[2193.697s][info][gc,metaspace   ] GC(364) Metaspace: 28934K(29248K)->28934K(29248K) NonClass: 24049K(24192K)->24049K(24192K) Class: 4884K(5056K)->4884K(5056K)
[2193.697s][info][gc             ] GC(364) Pause Young (Concurrent Start) (G1 Evacuation Pause) 3560M->1385M(4096M) 117.273ms
[2193.697s][info][gc             ] GC(365) Concurrent Mark Cycle
[2193.697s][info][gc,marking     ] GC(365) Concurrent Scan Root Regions
[2193.697s][info][gc,cpu         ] GC(364) User=0.69s Sys=0.00s Real=0.12s
[2193.840s][info][gc,marking     ] GC(365) Concurrent Scan Root Regions 142.451ms
[2193.840s][info][gc,marking     ] GC(365) Concurrent Mark
[2193.840s][info][gc,marking     ] GC(365) Concurrent Mark From Roots
[2193.840s][info][gc,task        ] GC(365) Using 2 workers of 2 for marking
.[2194.482s][info][gc,marking     ] GC(365) Concurrent Mark From Roots 642.158ms
[2194.482s][info][gc,marking     ] GC(365) Concurrent Preclean
[2194.482s][info][gc,marking     ] GC(365) Concurrent Preclean 0.054ms
[2194.482s][info][gc,start       ] GC(365) Pause Remark
[2194.486s][info][gc             ] GC(365) Pause Remark 1729M->1729M(4096M) 3.578ms
[2194.486s][info][gc,cpu         ] GC(365) User=0.02s Sys=0.00s Real=0.01s
[2194.486s][info][gc,marking     ] GC(365) Concurrent Mark 646.686ms
[2194.486s][info][gc,marking     ] GC(365) Concurrent Rebuild Remembered Sets and Scrub Regions
[2194.837s][info][gc,marking     ] GC(365) Concurrent Rebuild Remembered Sets and Scrub Regions 350.837ms
[2194.837s][info][gc,start       ] GC(365) Pause Cleanup
[2194.837s][info][gc             ] GC(365) Pause Cleanup 1863M->1863M(4096M) 0.120ms
[2194.837s][info][gc,cpu         ] GC(365) User=0.00s Sys=0.00s Real=0.00s
[2194.837s][info][gc,marking     ] GC(365) Concurrent Clear Claimed Marks
[2194.838s][info][gc,marking     ] GC(365) Concurrent Clear Claimed Marks 0.028ms
[2194.838s][info][gc,marking     ] GC(365) Concurrent Cleanup for Next Mark
[2194.841s][info][gc,marking     ] GC(365) Concurrent Cleanup for Next Mark 3.452ms
[2194.841s][info][gc             ] GC(365) Concurrent Mark Cycle 1143.927ms
....[2199.279s][info][gc,start       ] GC(366) Pause Young (Prepare Mixed) (G1 Evacuation Pause)
[2199.279s][info][gc,task        ] GC(366) Using 6 workers of 6 for evacuation
[2199.396s][info][gc,phases      ] GC(366)   Pre Evacuate Collection Set: 0.39ms
[2199.396s][info][gc,phases      ] GC(366)   Merge Heap Roots: 0.56ms
[2199.396s][info][gc,phases      ] GC(366)   Evacuate Collection Set: 115.03ms
[2199.396s][info][gc,phases      ] GC(366)   Post Evacuate Collection Set: 0.96ms
[2199.396s][info][gc,phases      ] GC(366)   Other: 0.09ms
[2199.396s][info][gc,heap        ] GC(366) Eden regions: 1119->0(1111)
[2199.396s][info][gc,heap        ] GC(366) Survivor regions: 109->109(154)
[2199.396s][info][gc,heap        ] GC(366) Old regions: 504->536
[2199.396s][info][gc,heap        ] GC(366) Humongous regions: 80->80
[2199.396s][info][gc,metaspace   ] GC(366) Metaspace: 28934K(29248K)->28934K(29248K) NonClass: 24049K(24192K)->24049K(24192K) Class: 4884K(5056K)->4884K(5056K)
[2199.396s][info][gc             ] GC(366) Pause Young (Prepare Mixed) (G1 Evacuation Pause) 3623M->1447M(4096M) 117.173ms
[2199.396s][info][gc,cpu         ] GC(366) User=0.69s Sys=0.00s Real=0.12s
......[2204.965s][info][gc,start       ] GC(367) Pause Young (Mixed) (G1 Evacuation Pause)
[2204.965s][info][gc,task        ] GC(367) Using 6 workers of 6 for evacuation
[2205.099s][info][gc,phases      ] GC(367)   Pre Evacuate Collection Set: 0.39ms
[2205.099s][info][gc,phases      ] GC(367)   Merge Heap Roots: 0.65ms
[2205.099s][info][gc,phases      ] GC(367)   Evacuate Collection Set: 131.78ms
[2205.099s][info][gc,phases      ] GC(367)   Post Evacuate Collection Set: 0.85ms
[2205.099s][info][gc,phases      ] GC(367)   Other: 0.09ms
[2205.099s][info][gc,heap        ] GC(367) Eden regions: 1111->0(1117)
[2205.099s][info][gc,heap        ] GC(367) Survivor regions: 109->111(153)
[2205.099s][info][gc,heap        ] GC(367) Old regions: 536->472
[2205.099s][info][gc,heap        ] GC(367) Humongous regions: 80->80
[2205.099s][info][gc,metaspace   ] GC(367) Metaspace: 28934K(29248K)->28934K(29248K) NonClass: 24049K(24192K)->24049K(24192K) Class: 4884K(5056K)->4884K(5056K)
[2205.099s][info][gc             ] GC(367) Pause Young (Mixed) (G1 Evacuation Pause) 3669M->1323M(4096M) 133.895ms
[2205.099s][info][gc,cpu         ] GC(367) User=0.79s Sys=0.00s Real=0.13s
......[2210.623s][info][gc,start       ] GC(368) Pause Young (Concurrent Start) (G1 Evacuation Pause)
[2210.623s][info][gc,task        ] GC(368) Using 6 workers of 6 for evacuation
[2210.740s][info][gc,phases      ] GC(368)   Pre Evacuate Collection Set: 0.44ms
[2210.741s][info][gc,phases      ] GC(368)   Merge Heap Roots: 0.53ms
[2210.741s][info][gc,phases      ] GC(368)   Evacuate Collection Set: 115.13ms
[2210.741s][info][gc,phases      ] GC(368)   Post Evacuate Collection Set: 0.92ms
[2210.741s][info][gc,phases      ] GC(368)   Other: 0.11ms
[2210.741s][info][gc,heap        ] GC(368) Eden regions: 1117->0(1119)
[2210.741s][info][gc,heap        ] GC(368) Survivor regions: 111->109(154)
[2210.741s][info][gc,heap        ] GC(368) Old regions: 472->504
[2210.741s][info][gc,heap        ] GC(368) Humongous regions: 80->80
[2210.741s][info][gc,metaspace   ] GC(368) Metaspace: 28934K(29248K)->28934K(29248K) NonClass: 24049K(24192K)->24049K(24192K) Class: 4884K(5056K)->4884K(5056K)
[2210.741s][info][gc             ] GC(368) Pause Young (Concurrent Start) (G1 Evacuation Pause) 3557M->1384M(4096M) 117.306ms
[2210.741s][info][gc             ] GC(369) Concurrent Mark Cycle
[2210.741s][info][gc,marking     ] GC(369) Concurrent Scan Root Regions
[2210.741s][info][gc,cpu         ] GC(368) User=0.69s Sys=0.00s Real=0.12s
[2210.911s][info][gc,marking     ] GC(369) Concurrent Scan Root Regions 170.814ms
[2210.912s][info][gc,marking     ] GC(369) Concurrent Mark
[2210.912s][info][gc,marking     ] GC(369) Concurrent Mark From Roots
[2210.912s][info][gc,task        ] GC(369) Using 2 workers of 2 for marking
. (rIR:aIR:PR = 3321:3321:3321) (tPR = 49100) [OK] 
  2211s: Performance info:
         Transaction,    Success,    Partial,     Failed,   Receipts, AvgBarcode, 
             Overall,     199448,          0,          0,     189471,      59.47, 
         Response times:
             Request,    Success,    Partial,     Failed,   SkipFail,     Probes,    Samples,      min,      p50,      p90,      p95,      p99,      max, 
       TotalPurchase,     189471,          0,          0,          0,     185652,     212022,      300,     2700,     4500,     5600,    27000,   183000,
     InStorePurchase,      99720,          0,          0,          0,      98108,     111768,      300,     2700,     4500,     5600,    27000,   168000,
      OnlinePurchase,      69819,          0,          0,          0,      68294,      78006,      300,     2900,     4500,     5700,    28000,   183000,
        InstPurchase,      19932,          0,          0,          0,      19250,      22248,      400,     2300,     4100,     5100,    25000,   140000,
          AssocOfCat,        200,          0,          0,          0,        145,        214,    18800,    27000,    33500,    38500,   103950,   144000,
      AssocOfProduct,       1992,          0,          0,          0,       1840,       2281,      500,     3500,     4800,     5800,    25540,   122000,
      BusinessReport,        497,          0,          0,          0,        410,        546,    23000,    31000,    44000,    54000,    91890,   178000,
          CustBuyBeh,       1991,          0,          0,          0,       1787,       2163,      200,     1900,     3900,     4780,    17208,   136000,
       ProductReturn,       5297,          0,          0,          0,       4977,       5819,      200,     2400,     4100,     5100,    24800,   141000,

  2211s: (25%)   IR =   3459 [2211.826s][info][gc,marking     ] GC(369) Concurrent Mark From Roots 914.133ms
[2211.826s][info][gc,marking     ] GC(369) Concurrent Preclean
[2211.826s][info][gc,marking     ] GC(369) Concurrent Preclean 0.036ms
[2211.826s][info][gc,start       ] GC(369) Pause Remark
[2211.830s][info][gc             ] GC(369) Pause Remark 1861M->1861M(4096M) 3.897ms
[2211.830s][info][gc,cpu         ] GC(369) User=0.02s Sys=0.00s Real=0.00s
[2211.830s][info][gc,marking     ] GC(369) Concurrent Mark 918.350ms
[2211.830s][info][gc,marking     ] GC(369) Concurrent Rebuild Remembered Sets and Scrub Regions
[2212.183s][info][gc,marking     ] GC(369) Concurrent Rebuild Remembered Sets and Scrub Regions 352.857ms
[2212.183s][info][gc,start       ] GC(369) Pause Cleanup
[2212.183s][info][gc             ] GC(369) Pause Cleanup 1984M->1984M(4096M) 0.122ms
[2212.183s][info][gc,cpu         ] GC(369) User=0.00s Sys=0.00s Real=0.00s
[2212.183s][info][gc,marking     ] GC(369) Concurrent Clear Claimed Marks
[2212.183s][info][gc,marking     ] GC(369) Concurrent Clear Claimed Marks 0.025ms
[2212.183s][info][gc,marking     ] GC(369) Concurrent Cleanup for Next Mark
[2212.187s][info][gc,marking     ] GC(369) Concurrent Cleanup for Next Mark 3.491ms
[2212.187s][info][gc             ] GC(369) Concurrent Mark Cycle 1446.001ms
....[2216.214s][info][gc,start       ] GC(370) Pause Young (Prepare Mixed) (G1 Evacuation Pause)
[2216.214s][info][gc,task        ] GC(370) Using 6 workers of 6 for evacuation
[2216.339s][info][gc,phases      ] GC(370)   Pre Evacuate Collection Set: 0.34ms
[2216.339s][info][gc,phases      ] GC(370)   Merge Heap Roots: 0.55ms
[2216.339s][info][gc,phases      ] GC(370)   Evacuate Collection Set: 123.06ms
[2216.339s][info][gc,phases      ] GC(370)   Post Evacuate Collection Set: 0.97ms
[2216.339s][info][gc,phases      ] GC(370)   Other: 0.09ms
[2216.339s][info][gc,heap        ] GC(370) Eden regions: 1119->0(1101)
[2216.339s][info][gc,heap        ] GC(370) Survivor regions: 109->114(154)
[2216.339s][info][gc,heap        ] GC(370) Old regions: 504->536
[2216.339s][info][gc,heap        ] GC(370) Humongous regions: 80->80
[2216.339s][info][gc,metaspace   ] GC(370) Metaspace: 28939K(29248K)->28939K(29248K) NonClass: 24055K(24192K)->24055K(24192K) Class: 4884K(5056K)->4884K(5056K)
[2216.339s][info][gc             ] GC(370) Pause Young (Prepare Mixed) (G1 Evacuation Pause) 3622M->1457M(4096M) 125.143ms
[2216.339s][info][gc,cpu         ] GC(370) User=0.74s Sys=0.00s Real=0.12s
..|....[2221.571s][info][gc,start       ] GC(371) Pause Young (Mixed) (G1 Evacuation Pause)
[2221.571s][info][gc,task        ] GC(371) Using 6 workers of 6 for evacuation
[2221.705s][info][gc,phases      ] GC(371)   Pre Evacuate Collection Set: 0.42ms
[2221.705s][info][gc,phases      ] GC(371)   Merge Heap Roots: 0.71ms
[2221.705s][info][gc,phases      ] GC(371)   Evacuate Collection Set: 131.79ms
[2221.705s][info][gc,phases      ] GC(371)   Post Evacuate Collection Set: 1.00ms
[2221.705s][info][gc,phases      ] GC(371)   Other: 0.09ms
[2221.705s][info][gc,heap        ] GC(371) Eden regions: 1101->0(1119)
[2221.705s][info][gc,heap        ] GC(371) Survivor regions: 114->109(152)
[2221.705s][info][gc,heap        ] GC(371) Old regions: 536->472
[2221.705s][info][gc,heap        ] GC(371) Humongous regions: 80->80
[2221.705s][info][gc,metaspace   ] GC(371) Metaspace: 28939K(29248K)->28939K(29248K) NonClass: 24055K(24192K)->24055K(24192K) Class: 4884K(5056K)->4884K(5056K)
[2221.705s][info][gc             ] GC(371) Pause Young (Mixed) (G1 Evacuation Pause) 3659M->1321M(4096M) 134.150ms
[2221.705s][info][gc,cpu         ] GC(371) User=0.79s Sys=0.00s Real=0.14s
.....[2227.031s][info][gc,start       ] GC(372) Pause Young (Concurrent Start) (G1 Evacuation Pause)
[2227.031s][info][gc,task        ] GC(372) Using 6 workers of 6 for evacuation
[2227.147s][info][gc,phases      ] GC(372)   Pre Evacuate Collection Set: 0.42ms
[2227.147s][info][gc,phases      ] GC(372)   Merge Heap Roots: 0.51ms
[2227.147s][info][gc,phases      ] GC(372)   Evacuate Collection Set: 113.85ms
[2227.147s][info][gc,phases      ] GC(372)   Post Evacuate Collection Set: 0.93ms
[2227.147s][info][gc,phases      ] GC(372)   Other: 0.11ms
[2227.147s][info][gc,heap        ] GC(372) Eden regions: 1119->0(1120)
[2227.147s][info][gc,heap        ] GC(372) Survivor regions: 109->108(154)
[2227.147s][info][gc,heap        ] GC(372) Old regions: 472->504
[2227.147s][info][gc,heap        ] GC(372) Humongous regions: 80->80
[2227.147s][info][gc,metaspace   ] GC(372) Metaspace: 28939K(29248K)->28939K(29248K) NonClass: 24055K(24192K)->24055K(24192K) Class: 4884K(5056K)->4884K(5056K)
[2227.147s][info][gc             ] GC(372) Pause Young (Concurrent Start) (G1 Evacuation Pause) 3559M->1382M(4096M) 115.947ms
[2227.147s][info][gc             ] GC(373) Concurrent Mark Cycle
[2227.147s][info][gc,marking     ] GC(373) Concurrent Scan Root Regions
[2227.147s][info][gc,cpu         ] GC(372) User=0.69s Sys=0.00s Real=0.12s
[2227.280s][info][gc,marking     ] GC(373) Concurrent Scan Root Regions 132.692ms
[2227.280s][info][gc,marking     ] GC(373) Concurrent Mark
[2227.280s][info][gc,marking     ] GC(373) Concurrent Mark From Roots
[2227.280s][info][gc,task        ] GC(373) Using 2 workers of 2 for marking
.[2228.008s][info][gc,marking     ] GC(373) Concurrent Mark From Roots 727.847ms
[2228.008s][info][gc,marking     ] GC(373) Concurrent Preclean
[2228.008s][info][gc,marking     ] GC(373) Concurrent Preclean 0.069ms
[2228.010s][info][gc,start       ] GC(373) Pause Remark
[2228.014s][info][gc             ] GC(373) Pause Remark 1824M->1824M(4096M) 3.521ms
[2228.014s][info][gc,cpu         ] GC(373) User=0.02s Sys=0.00s Real=0.01s
[2228.014s][info][gc,marking     ] GC(373) Concurrent Mark 734.010ms
[2228.014s][info][gc,marking     ] GC(373) Concurrent Rebuild Remembered Sets and Scrub Regions
[2228.255s][info][gc,marking     ] GC(373) Concurrent Rebuild Remembered Sets and Scrub Regions 241.066ms
[2228.255s][info][gc,start       ] GC(373) Pause Cleanup
[2228.255s][info][gc             ] GC(373) Pause Cleanup 1939M->1939M(4096M) 0.117ms
[2228.255s][info][gc,cpu         ] GC(373) User=0.00s Sys=0.00s Real=0.00s
[2228.255s][info][gc,marking     ] GC(373) Concurrent Clear Claimed Marks
[2228.255s][info][gc,marking     ] GC(373) Concurrent Clear Claimed Marks 0.028ms
[2228.255s][info][gc,marking     ] GC(373) Concurrent Cleanup for Next Mark
[2228.260s][info][gc,marking     ] GC(373) Concurrent Cleanup for Next Mark 4.238ms
[2228.260s][info][gc             ] GC(373) Concurrent Mark Cycle 1112.493ms
....[2232.476s][info][gc,start       ] GC(374) Pause Young (Prepare Mixed) (G1 Evacuation Pause)
[2232.476s][info][gc,task        ] GC(374) Using 6 workers of 6 for evacuation
[2232.594s][info][gc,phases      ] GC(374)   Pre Evacuate Collection Set: 0.37ms
[2232.594s][info][gc,phases      ] GC(374)   Merge Heap Roots: 0.55ms
[2232.594s][info][gc,phases      ] GC(374)   Evacuate Collection Set: 116.33ms
[2232.594s][info][gc,phases      ] GC(374)   Post Evacuate Collection Set: 0.97ms
[2232.594s][info][gc,phases      ] GC(374)   Other: 0.10ms
[2232.594s][info][gc,heap        ] GC(374) Eden regions: 1120->0(1110)
[2232.594s][info][gc,heap        ] GC(374) Survivor regions: 108->110(154)
[2232.594s][info][gc,heap        ] GC(374) Old regions: 504->535
[2232.594s][info][gc,heap        ] GC(374) Humongous regions: 80->80
[2232.594s][info][gc,metaspace   ] GC(374) Metaspace: 28939K(29248K)->28939K(29248K) NonClass: 24055K(24192K)->24055K(24192K) Class: 4884K(5056K)->4884K(5056K)
[2232.594s][info][gc             ] GC(374) Pause Young (Prepare Mixed) (G1 Evacuation Pause) 3622M->1449M(4096M) 118.476ms
[2232.594s][info][gc,cpu         ] GC(374) User=0.70s Sys=0.00s Real=0.12s
......[2237.857s][info][gc,start       ] GC(375) Pause Young (Mixed) (G1 Evacuation Pause)
[2237.857s][info][gc,task        ] GC(375) Using 6 workers of 6 for evacuation
[2237.990s][info][gc,phases      ] GC(375)   Pre Evacuate Collection Set: 0.40ms
[2237.990s][info][gc,phases      ] GC(375)   Merge Heap Roots: 0.69ms
[2237.990s][info][gc,phases      ] GC(375)   Evacuate Collection Set: 130.84ms
[2237.990s][info][gc,phases      ] GC(375)   Post Evacuate Collection Set: 0.98ms
[2237.990s][info][gc,phases      ] GC(375)   Other: 0.10ms
[2237.990s][info][gc,heap        ] GC(375) Eden regions: 1110->0(1119)
[2237.990s][info][gc,heap        ] GC(375) Survivor regions: 110->109(153)
[2237.990s][info][gc,heap        ] GC(375) Old regions: 535->473
[2237.990s][info][gc,heap        ] GC(375) Humongous regions: 80->80
[2237.990s][info][gc,metaspace   ] GC(375) Metaspace: 28939K(29248K)->28939K(29248K) NonClass: 24055K(24192K)->24055K(24192K) Class: 4884K(5056K)->4884K(5056K)
[2237.990s][info][gc             ] GC(375) Pause Young (Mixed) (G1 Evacuation Pause) 3669M->1323M(4096M) 133.141ms
[2237.990s][info][gc,cpu         ] GC(375) User=0.78s Sys=0.00s Real=0.13s
.....[2243.238s][info][gc,start       ] GC(376) Pause Young (Concurrent Start) (G1 Evacuation Pause)
[2243.238s][info][gc,task        ] GC(376) Using 6 workers of 6 for evacuation
[2243.356s][info][gc,phases      ] GC(376)   Pre Evacuate Collection Set: 0.40ms
[2243.356s][info][gc,phases      ] GC(376)   Merge Heap Roots: 0.50ms
[2243.356s][info][gc,phases      ] GC(376)   Evacuate Collection Set: 116.64ms
[2243.356s][info][gc,phases      ] GC(376)   Post Evacuate Collection Set: 0.90ms
[2243.356s][info][gc,phases      ] GC(376)   Other: 0.12ms
[2243.356s][info][gc,heap        ] GC(376) Eden regions: 1119->0(1118)
[2243.356s][info][gc,heap        ] GC(376) Survivor regions: 109->110(154)
[2243.356s][info][gc,heap        ] GC(376) Old regions: 473->506
[2243.356s][info][gc,heap        ] GC(376) Humongous regions: 80->80
[2243.356s][info][gc,metaspace   ] GC(376) Metaspace: 28939K(29248K)->28939K(29248K) NonClass: 24055K(24192K)->24055K(24192K) Class: 4884K(5056K)->4884K(5056K)
[2243.356s][info][gc             ] GC(376) Pause Young (Concurrent Start) (G1 Evacuation Pause) 3561M->1390M(4096M) 118.687ms
[2243.356s][info][gc             ] GC(377) Concurrent Mark Cycle
[2243.356s][info][gc,marking     ] GC(377) Concurrent Scan Root Regions
[2243.356s][info][gc,cpu         ] GC(376) User=0.70s Sys=0.00s Real=0.12s
[2243.527s][info][gc,marking     ] GC(377) Concurrent Scan Root Regions 170.251ms
[2243.527s][info][gc,marking     ] GC(377) Concurrent Mark
[2243.527s][info][gc,marking     ] GC(377) Concurrent Mark From Roots
[2243.527s][info][gc,task        ] GC(377) Using 2 workers of 2 for marking
.[2244.485s][info][gc,marking     ] GC(377) Concurrent Mark From Roots 957.956ms
[2244.485s][info][gc,marking     ] GC(377) Concurrent Preclean
[2244.485s][info][gc,marking     ] GC(377) Concurrent Preclean 0.039ms
[2244.486s][info][gc,start       ] GC(377) Pause Remark
[2244.490s][info][gc             ] GC(377) Pause Remark 1852M->1852M(4096M) 4.147ms
[2244.490s][info][gc,cpu         ] GC(377) User=0.03s Sys=0.00s Real=0.00s
[2244.490s][info][gc,marking     ] GC(377) Concurrent Mark 963.486ms
[2244.490s][info][gc,marking     ] GC(377) Concurrent Rebuild Remembered Sets and Scrub Regions
.[2244.721s][info][gc,marking     ] GC(377) Concurrent Rebuild Remembered Sets and Scrub Regions 231.296ms
[2244.722s][info][gc,start       ] GC(377) Pause Cleanup
[2244.722s][info][gc             ] GC(377) Pause Cleanup 1934M->1934M(4096M) 0.110ms
[2244.722s][info][gc,cpu         ] GC(377) User=0.00s Sys=0.00s Real=0.00s
[2244.722s][info][gc,marking     ] GC(377) Concurrent Clear Claimed Marks
[2244.722s][info][gc,marking     ] GC(377) Concurrent Clear Claimed Marks 0.029ms
[2244.722s][info][gc,marking     ] GC(377) Concurrent Cleanup for Next Mark
[2244.726s][info][gc,marking     ] GC(377) Concurrent Cleanup for Next Mark 3.876ms
[2244.726s][info][gc             ] GC(377) Concurrent Mark Cycle 1369.369ms
....[2248.822s][info][gc,start       ] GC(378) Pause Young (Prepare Mixed) (G1 Evacuation Pause)
[2248.823s][info][gc,task        ] GC(378) Using 6 workers of 6 for evacuation
[2248.938s][info][gc,phases      ] GC(378)   Pre Evacuate Collection Set: 0.34ms
[2248.939s][info][gc,phases      ] GC(378)   Merge Heap Roots: 0.54ms
[2248.939s][info][gc,phases      ] GC(378)   Evacuate Collection Set: 114.03ms
[2248.939s][info][gc,phases      ] GC(378)   Post Evacuate Collection Set: 0.97ms
[2248.939s][info][gc,phases      ] GC(378)   Other: 0.09ms
[2248.939s][info][gc,heap        ] GC(378) Eden regions: 1118->0(1112)
[2248.939s][info][gc,heap        ] GC(378) Survivor regions: 110->108(154)
[2248.939s][info][gc,heap        ] GC(378) Old regions: 506->537
[2248.939s][info][gc,heap        ] GC(378) Humongous regions: 80->80
[2248.939s][info][gc,metaspace   ] GC(378) Metaspace: 28939K(29248K)->28939K(29248K) NonClass: 24055K(24192K)->24055K(24192K) Class: 4884K(5056K)->4884K(5056K)
[2248.939s][info][gc             ] GC(378) Pause Young (Prepare Mixed) (G1 Evacuation Pause) 3626M->1449M(4096M) 116.120ms
[2248.939s][info][gc,cpu         ] GC(378) User=0.69s Sys=0.01s Real=0.12s
.....[2254.286s][info][gc,start       ] GC(379) Pause Young (Mixed) (G1 Evacuation Pause)
[2254.286s][info][gc,task        ] GC(379) Using 6 workers of 6 for evacuation
[2254.418s][info][gc,phases      ] GC(379)   Pre Evacuate Collection Set: 0.41ms
[2254.418s][info][gc,phases      ] GC(379)   Merge Heap Roots: 0.71ms
[2254.418s][info][gc,phases      ] GC(379)   Evacuate Collection Set: 129.79ms
[2254.418s][info][gc,phases      ] GC(379)   Post Evacuate Collection Set: 0.97ms
[2254.418s][info][gc,phases      ] GC(379)   Other: 0.09ms
[2254.418s][info][gc,heap        ] GC(379) Eden regions: 1112->0(1119)
[2254.418s][info][gc,heap        ] GC(379) Survivor regions: 108->109(153)
[2254.418s][info][gc,heap        ] GC(379) Old regions: 537->473
[2254.418s][info][gc,heap        ] GC(379) Humongous regions: 80->80
[2254.418s][info][gc,metaspace   ] GC(379) Metaspace: 28939K(29248K)->28939K(29248K) NonClass: 24055K(24192K)->24055K(24192K) Class: 4884K(5056K)->4884K(5056K)
[2254.418s][info][gc             ] GC(379) Pause Young (Mixed) (G1 Evacuation Pause) 3673M->1322M(4096M) 132.101ms
[2254.418s][info][gc,cpu         ] GC(379) User=0.78s Sys=0.01s Real=0.13s
......[2259.724s][info][gc,start       ] GC(380) Pause Young (Concurrent Start) (G1 Evacuation Pause)
[2259.724s][info][gc,task        ] GC(380) Using 6 workers of 6 for evacuation
[2259.846s][info][gc,phases      ] GC(380)   Pre Evacuate Collection Set: 0.44ms
[2259.846s][info][gc,phases      ] GC(380)   Merge Heap Roots: 0.59ms
[2259.846s][info][gc,phases      ] GC(380)   Evacuate Collection Set: 119.45ms
[2259.846s][info][gc,phases      ] GC(380)   Post Evacuate Collection Set: 0.91ms
[2259.846s][info][gc,phases      ] GC(380)   Other: 0.11ms
[2259.846s][info][gc,heap        ] GC(380) Eden regions: 1119->0(1119)
[2259.846s][info][gc,heap        ] GC(380) Survivor regions: 109->109(154)
[2259.846s][info][gc,heap        ] GC(380) Old regions: 473->505
[2259.846s][info][gc,heap        ] GC(380) Humongous regions: 80->80
[2259.846s][info][gc,metaspace   ] GC(380) Metaspace: 28939K(29248K)->28939K(29248K) NonClass: 24055K(24192K)->24055K(24192K) Class: 4884K(5056K)->4884K(5056K)
[2259.846s][info][gc             ] GC(380) Pause Young (Concurrent Start) (G1 Evacuation Pause) 3560M->1387M(4096M) 121.695ms
[2259.846s][info][gc             ] GC(381) Concurrent Mark Cycle
[2259.846s][info][gc,marking     ] GC(381) Concurrent Scan Root Regions
[2259.846s][info][gc,cpu         ] GC(380) User=0.72s Sys=0.00s Real=0.12s
[2259.998s][info][gc,marking     ] GC(381) Concurrent Scan Root Regions 151.795ms
[2259.998s][info][gc,marking     ] GC(381) Concurrent Mark
[2259.998s][info][gc,marking     ] GC(381) Concurrent Mark From Roots
[2259.998s][info][gc,task        ] GC(381) Using 2 workers of 2 for marking
[2260.618s][info][gc,marking     ] GC(381) Concurrent Mark From Roots 620.307ms
[2260.618s][info][gc,marking     ] GC(381) Concurrent Preclean
[2260.618s][info][gc,marking     ] GC(381) Concurrent Preclean 0.039ms
[2260.620s][info][gc,start       ] GC(381) Pause Remark
[2260.623s][info][gc             ] GC(381) Pause Remark 1729M->1729M(4096M) 3.520ms
[2260.623s][info][gc,cpu         ] GC(381) User=0.02s Sys=0.00s Real=0.00s
[2260.624s][info][gc,marking     ] GC(381) Concurrent Mark 625.631ms
[2260.624s][info][gc,marking     ] GC(381) Concurrent Rebuild Remembered Sets and Scrub Regions
.[2260.978s][info][gc,marking     ] GC(381) Concurrent Rebuild Remembered Sets and Scrub Regions 354.791ms
[2260.979s][info][gc,start       ] GC(381) Pause Cleanup
[2260.979s][info][gc             ] GC(381) Pause Cleanup 1885M->1885M(4096M) 0.122ms
[2260.979s][info][gc,cpu         ] GC(381) User=0.00s Sys=0.00s Real=0.00s
[2260.979s][info][gc,marking     ] GC(381) Concurrent Clear Claimed Marks
[2260.979s][info][gc,marking     ] GC(381) Concurrent Clear Claimed Marks 0.026ms
[2260.979s][info][gc,marking     ] GC(381) Concurrent Cleanup for Next Mark
[2260.982s][info][gc,marking     ] GC(381) Concurrent Cleanup for Next Mark 3.437ms
[2260.982s][info][gc             ] GC(381) Concurrent Mark Cycle 1136.101ms
....[2265.113s][info][gc,start       ] GC(382) Pause Young (Prepare Mixed) (G1 Evacuation Pause)
[2265.113s][info][gc,task        ] GC(382) Using 6 workers of 6 for evacuation
[2265.230s][info][gc,phases      ] GC(382)   Pre Evacuate Collection Set: 0.37ms
[2265.230s][info][gc,phases      ] GC(382)   Merge Heap Roots: 0.55ms
[2265.230s][info][gc,phases      ] GC(382)   Evacuate Collection Set: 115.44ms
[2265.230s][info][gc,phases      ] GC(382)   Post Evacuate Collection Set: 0.96ms
[2265.230s][info][gc,phases      ] GC(382)   Other: 0.10ms
[2265.230s][info][gc,heap        ] GC(382) Eden regions: 1119->0(1112)
[2265.230s][info][gc,heap        ] GC(382) Survivor regions: 109->108(154)
[2265.230s][info][gc,heap        ] GC(382) Old regions: 505->537
[2265.230s][info][gc,heap        ] GC(382) Humongous regions: 80->80
[2265.230s][info][gc,metaspace   ] GC(382) Metaspace: 28939K(29248K)->28939K(29248K) NonClass: 24055K(24192K)->24055K(24192K) Class: 4884K(5056K)->4884K(5056K)
[2265.230s][info][gc             ] GC(382) Pause Young (Prepare Mixed) (G1 Evacuation Pause) 3625M->1449M(4096M) 117.547ms
[2265.230s][info][gc,cpu         ] GC(382) User=0.70s Sys=0.00s Real=0.12s
......[2270.640s][info][gc,start       ] GC(383) Pause Young (Mixed) (G1 Evacuation Pause)
[2270.640s][info][gc,task        ] GC(383) Using 6 workers of 6 for evacuation
[2270.774s][info][gc,phases      ] GC(383)   Pre Evacuate Collection Set: 0.44ms
[2270.774s][info][gc,phases      ] GC(383)   Merge Heap Roots: 0.74ms
[2270.774s][info][gc,phases      ] GC(383)   Evacuate Collection Set: 132.18ms
[2270.774s][info][gc,phases      ] GC(383)   Post Evacuate Collection Set: 1.01ms
[2270.774s][info][gc,phases      ] GC(383)   Other: 0.09ms
[2270.774s][info][gc,heap        ] GC(383) Eden regions: 1112->0(1119)
[2270.774s][info][gc,heap        ] GC(383) Survivor regions: 108->109(153)
[2270.774s][info][gc,heap        ] GC(383) Old regions: 537->473
[2270.774s][info][gc,heap        ] GC(383) Humongous regions: 80->80
[2270.774s][info][gc,metaspace   ] GC(383) Metaspace: 28939K(29248K)->28939K(29248K) NonClass: 24055K(24192K)->24055K(24192K) Class: 4884K(5056K)->4884K(5056K)
[2270.774s][info][gc             ] GC(383) Pause Young (Mixed) (G1 Evacuation Pause) 3673M->1322M(4096M) 134.577ms
[2270.774s][info][gc,cpu         ] GC(383) User=0.80s Sys=0.00s Real=0.14s
.....[2276.099s][info][gc,start       ] GC(384) Pause Young (Concurrent Start) (G1 Evacuation Pause)
[2276.099s][info][gc,task        ] GC(384) Using 6 workers of 6 for evacuation
[2276.215s][info][gc,phases      ] GC(384)   Pre Evacuate Collection Set: 0.43ms
[2276.215s][info][gc,phases      ] GC(384)   Merge Heap Roots: 0.52ms
[2276.215s][info][gc,phases      ] GC(384)   Evacuate Collection Set: 114.41ms
[2276.215s][info][gc,phases      ] GC(384)   Post Evacuate Collection Set: 0.91ms
[2276.215s][info][gc,phases      ] GC(384)   Other: 0.12ms
[2276.215s][info][gc,heap        ] GC(384) Eden regions: 1119->0(1120)
[2276.215s][info][gc,heap        ] GC(384) Survivor regions: 109->108(154)
[2276.215s][info][gc,heap        ] GC(384) Old regions: 473->504
[2276.215s][info][gc,heap        ] GC(384) Humongous regions: 80->80
[2276.215s][info][gc,metaspace   ] GC(384) Metaspace: 28939K(29248K)->28939K(29248K) NonClass: 24055K(24192K)->24055K(24192K) Class: 4884K(5056K)->4884K(5056K)
[2276.215s][info][gc             ] GC(384) Pause Young (Concurrent Start) (G1 Evacuation Pause) 3560M->1383M(4096M) 116.520ms
[2276.215s][info][gc             ] GC(385) Concurrent Mark Cycle
[2276.215s][info][gc,marking     ] GC(385) Concurrent Scan Root Regions
[2276.215s][info][gc,cpu         ] GC(384) User=0.69s Sys=0.00s Real=0.12s
[2276.384s][info][gc,marking     ] GC(385) Concurrent Scan Root Regions 168.518ms
[2276.384s][info][gc,marking     ] GC(385) Concurrent Mark
[2276.384s][info][gc,marking     ] GC(385) Concurrent Mark From Roots
[2276.384s][info][gc,task        ] GC(385) Using 2 workers of 2 for marking
.[2277.300s][info][gc,marking     ] GC(385) Concurrent Mark From Roots 916.287ms
[2277.300s][info][gc,marking     ] GC(385) Concurrent Preclean
[2277.300s][info][gc,marking     ] GC(385) Concurrent Preclean 0.037ms
[2277.300s][info][gc,start       ] GC(385) Pause Remark
[2277.304s][info][gc             ] GC(385) Pause Remark 1885M->1885M(4096M) 3.613ms
[2277.304s][info][gc,cpu         ] GC(385) User=0.02s Sys=0.00s Real=0.01s
[2277.304s][info][gc,marking     ] GC(385) Concurrent Mark 920.210ms
[2277.304s][info][gc,marking     ] GC(385) Concurrent Rebuild Remembered Sets and Scrub Regions
. (rIR:aIR:PR = 3459:3460:3460) (tPR = 51140) [OK] 
  2277s: Performance info:
         Transaction,    Success,    Partial,     Failed,   Receipts, AvgBarcode, 
             Overall,     208019,          0,          0,     197614,      59.47, 
         Response times:
             Request,    Success,    Partial,     Failed,   SkipFail,     Probes,    Samples,      min,      p50,      p90,      p95,      p99,      max, 
       TotalPurchase,     197614,          0,          0,          0,     193575,     214186,      300,     2900,     5000,     6665,    30000,   219000,
     InStorePurchase,     104009,          0,          0,          0,     102168,     112905,      300,     2900,     4900,     6500,    29000,   219000,
      OnlinePurchase,      72809,          0,          0,          0,      71085,      78525,      300,     3000,     5000,     6800,    30000,   154000,
        InstPurchase,      20796,          0,          0,          0,      20322,      22756,      400,     2500,     5100,     6700,    32000,   155000,
          AssocOfCat,        207,          0,          0,          0,        148,        229,    19600,    27000,    36000,    50000,   121900,   153000,
      AssocOfProduct,       2073,          0,          0,          0,       1901,       2240,      700,     2900,     4600,     6200,    22000,   136000,
      BusinessReport,        518,          0,          0,          0,        424,        576,    21000,    31000,    49000,    60150,   122050,   193000,
          CustBuyBeh,       2081,          0,          0,          0,       1926,       2280,      300,     3700,     5800,     8600,    51000,   142000,
       ProductReturn,       5526,          0,          0,          0,       5118,       5928,      200,     3000,     5100,     6700,    35000,   142000,

  2277s: (26%)   IR =   3598 [2277.696s][info][gc,marking     ] GC(385) Concurrent Rebuild Remembered Sets and Scrub Regions 391.908ms
[2277.696s][info][gc,start       ] GC(385) Pause Cleanup
[2277.696s][info][gc             ] GC(385) Pause Cleanup 2021M->2021M(4096M) 0.115ms
[2277.696s][info][gc,cpu         ] GC(385) User=0.00s Sys=0.00s Real=0.00s
[2277.696s][info][gc,marking     ] GC(385) Concurrent Clear Claimed Marks
[2277.696s][info][gc,marking     ] GC(385) Concurrent Clear Claimed Marks 0.026ms
[2277.696s][info][gc,marking     ] GC(385) Concurrent Cleanup for Next Mark
[2277.700s][info][gc,marking     ] GC(385) Concurrent Cleanup for Next Mark 3.313ms
[2277.700s][info][gc             ] GC(385) Concurrent Mark Cycle 1484.456ms
...[2281.412s][info][gc,start       ] GC(386) Pause Young (Prepare Mixed) (G1 Evacuation Pause)
[2281.412s][info][gc,task        ] GC(386) Using 6 workers of 6 for evacuation
[2281.531s][info][gc,phases      ] GC(386)   Pre Evacuate Collection Set: 0.36ms
[2281.532s][info][gc,phases      ] GC(386)   Merge Heap Roots: 0.56ms
[2281.532s][info][gc,phases      ] GC(386)   Evacuate Collection Set: 117.50ms
[2281.532s][info][gc,phases      ] GC(386)   Post Evacuate Collection Set: 0.95ms
[2281.532s][info][gc,phases      ] GC(386)   Other: 0.09ms
[2281.532s][info][gc,heap        ] GC(386) Eden regions: 1120->0(1107)
[2281.532s][info][gc,heap        ] GC(386) Survivor regions: 108->111(154)
[2281.532s][info][gc,heap        ] GC(386) Old regions: 504->536
[2281.532s][info][gc,heap        ] GC(386) Humongous regions: 80->80
[2281.532s][info][gc,metaspace   ] GC(386) Metaspace: 28946K(29248K)->28946K(29248K) NonClass: 24061K(24192K)->24061K(24192K) Class: 4884K(5056K)->4884K(5056K)
[2281.532s][info][gc             ] GC(386) Pause Young (Prepare Mixed) (G1 Evacuation Pause) 3623M->1452M(4096M) 119.608ms
[2281.532s][info][gc,cpu         ] GC(386) User=0.71s Sys=0.00s Real=0.12s
.|....[2286.668s][info][gc,start       ] GC(387) Pause Young (Mixed) (G1 Evacuation Pause)
[2286.668s][info][gc,task        ] GC(387) Using 6 workers of 6 for evacuation
[2286.806s][info][gc,phases      ] GC(387)   Pre Evacuate Collection Set: 0.44ms
[2286.806s][info][gc,phases      ] GC(387)   Merge Heap Roots: 0.68ms
[2286.806s][info][gc,phases      ] GC(387)   Evacuate Collection Set: 134.74ms
[2286.806s][info][gc,phases      ] GC(387)   Post Evacuate Collection Set: 1.07ms
[2286.806s][info][gc,phases      ] GC(387)   Other: 0.82ms
[2286.806s][info][gc,heap        ] GC(387) Eden regions: 1107->0(1114)
[2286.806s][info][gc,heap        ] GC(387) Survivor regions: 111->114(153)
[2286.806s][info][gc,heap        ] GC(387) Old regions: 536->472
[2286.806s][info][gc,heap        ] GC(387) Humongous regions: 80->80
[2286.806s][info][gc,metaspace   ] GC(387) Metaspace: 28946K(29248K)->28946K(29248K) NonClass: 24061K(24192K)->24061K(24192K) Class: 4884K(5056K)->4884K(5056K)
[2286.806s][info][gc             ] GC(387) Pause Young (Mixed) (G1 Evacuation Pause) 3666M->1330M(4096M) 137.912ms
[2286.806s][info][gc,cpu         ] GC(387) User=0.82s Sys=0.00s Real=0.14s
......[2291.866s][info][gc,start       ] GC(388) Pause Young (Concurrent Start) (G1 Evacuation Pause)
[2291.866s][info][gc,task        ] GC(388) Using 6 workers of 6 for evacuation
[2291.981s][info][gc,phases      ] GC(388)   Pre Evacuate Collection Set: 0.43ms
[2291.981s][info][gc,phases      ] GC(388)   Merge Heap Roots: 0.64ms
[2291.981s][info][gc,phases      ] GC(388)   Evacuate Collection Set: 113.13ms
[2291.981s][info][gc,phases      ] GC(388)   Post Evacuate Collection Set: 0.93ms
[2291.981s][info][gc,phases      ] GC(388)   Other: 0.10ms
[2291.981s][info][gc,heap        ] GC(388) Eden regions: 1114->0(1121)
[2291.981s][info][gc,heap        ] GC(388) Survivor regions: 114->107(154)
[2291.981s][info][gc,heap        ] GC(388) Old regions: 472->503
[2291.981s][info][gc,heap        ] GC(388) Humongous regions: 80->80
[2291.981s][info][gc,metaspace   ] GC(388) Metaspace: 28946K(29248K)->28946K(29248K) NonClass: 24061K(24192K)->24061K(24192K) Class: 4884K(5056K)->4884K(5056K)
[2291.981s][info][gc             ] GC(388) Pause Young (Concurrent Start) (G1 Evacuation Pause) 3558M->1378M(4096M) 115.356ms
[2291.981s][info][gc             ] GC(389) Concurrent Mark Cycle
[2291.981s][info][gc,marking     ] GC(389) Concurrent Scan Root Regions
[2291.981s][info][gc,cpu         ] GC(388) User=0.68s Sys=0.00s Real=0.11s
[2292.147s][info][gc,marking     ] GC(389) Concurrent Scan Root Regions 165.816ms
[2292.147s][info][gc,marking     ] GC(389) Concurrent Mark
[2292.147s][info][gc,marking     ] GC(389) Concurrent Mark From Roots
[2292.147s][info][gc,task        ] GC(389) Using 2 workers of 2 for marking
[2292.792s][info][gc,marking     ] GC(389) Concurrent Mark From Roots 644.678ms
[2292.792s][info][gc,marking     ] GC(389) Concurrent Preclean
[2292.792s][info][gc,marking     ] GC(389) Concurrent Preclean 0.061ms
[2292.792s][info][gc,start       ] GC(389) Pause Remark
[2292.795s][info][gc             ] GC(389) Pause Remark 1752M->1752M(4096M) 3.598ms
[2292.795s][info][gc,cpu         ] GC(389) User=0.02s Sys=0.00s Real=0.01s
[2292.796s][info][gc,marking     ] GC(389) Concurrent Mark 648.639ms
[2292.796s][info][gc,marking     ] GC(389) Concurrent Rebuild Remembered Sets and Scrub Regions
.[2293.047s][info][gc,marking     ] GC(389) Concurrent Rebuild Remembered Sets and Scrub Regions 251.483ms
[2293.047s][info][gc,start       ] GC(389) Pause Cleanup
[2293.047s][info][gc             ] GC(389) Pause Cleanup 1860M->1860M(4096M) 0.119ms
[2293.047s][info][gc,cpu         ] GC(389) User=0.00s Sys=0.00s Real=0.00s
[2293.047s][info][gc,marking     ] GC(389) Concurrent Clear Claimed Marks
[2293.047s][info][gc,marking     ] GC(389) Concurrent Clear Claimed Marks 0.031ms
[2293.047s][info][gc,marking     ] GC(389) Concurrent Cleanup for Next Mark
[2293.052s][info][gc,marking     ] GC(389) Concurrent Cleanup for Next Mark 4.749ms
[2293.052s][info][gc             ] GC(389) Concurrent Mark Cycle 1071.198ms
....[2297.228s][info][gc,start       ] GC(390) Pause Young (Prepare Mixed) (G1 Evacuation Pause)
[2297.228s][info][gc,task        ] GC(390) Using 6 workers of 6 for evacuation
[2297.345s][info][gc,phases      ] GC(390)   Pre Evacuate Collection Set: 0.38ms
[2297.346s][info][gc,phases      ] GC(390)   Merge Heap Roots: 0.52ms
[2297.346s][info][gc,phases      ] GC(390)   Evacuate Collection Set: 115.41ms
[2297.346s][info][gc,phases      ] GC(390)   Post Evacuate Collection Set: 0.96ms
[2297.346s][info][gc,phases      ] GC(390)   Other: 0.09ms
[2297.346s][info][gc,heap        ] GC(390) Eden regions: 1121->0(1110)
[2297.346s][info][gc,heap        ] GC(390) Survivor regions: 107->110(154)
[2297.346s][info][gc,heap        ] GC(390) Old regions: 503->535
[2297.346s][info][gc,heap        ] GC(390) Humongous regions: 80->80
[2297.346s][info][gc,metaspace   ] GC(390) Metaspace: 28946K(29248K)->28946K(29248K) NonClass: 24061K(24192K)->24061K(24192K) Class: 4884K(5056K)->4884K(5056K)
[2297.346s][info][gc             ] GC(390) Pause Young (Prepare Mixed) (G1 Evacuation Pause) 3620M->1447M(4096M) 117.516ms
[2297.346s][info][gc,cpu         ] GC(390) User=0.69s Sys=0.00s Real=0.12s
.....[2302.352s][info][gc,start       ] GC(391) Pause Young (Mixed) (G1 Evacuation Pause)
[2302.352s][info][gc,task        ] GC(391) Using 6 workers of 6 for evacuation
[2302.491s][info][gc,phases      ] GC(391)   Pre Evacuate Collection Set: 0.40ms
[2302.491s][info][gc,phases      ] GC(391)   Merge Heap Roots: 1.05ms
[2302.491s][info][gc,phases      ] GC(391)   Evacuate Collection Set: 136.05ms
[2302.491s][info][gc,phases      ] GC(391)   Post Evacuate Collection Set: 0.95ms
[2302.491s][info][gc,phases      ] GC(391)   Other: 0.09ms
[2302.491s][info][gc,heap        ] GC(391) Eden regions: 1110->0(1119)
[2302.491s][info][gc,heap        ] GC(391) Survivor regions: 110->109(153)
[2302.491s][info][gc,heap        ] GC(391) Old regions: 535->473
[2302.491s][info][gc,heap        ] GC(391) Humongous regions: 80->80
[2302.491s][info][gc,metaspace   ] GC(391) Metaspace: 28946K(29248K)->28946K(29248K) NonClass: 24061K(24192K)->24061K(24192K) Class: 4884K(5056K)->4884K(5056K)
[2302.491s][info][gc             ] GC(391) Pause Young (Mixed) (G1 Evacuation Pause) 3667M->1322M(4096M) 138.674ms
[2302.491s][info][gc,cpu         ] GC(391) User=0.82s Sys=0.00s Real=0.14s
.....[2307.717s][info][gc,start       ] GC(392) Pause Young (Concurrent Start) (G1 Evacuation Pause)
[2307.717s][info][gc,task        ] GC(392) Using 6 workers of 6 for evacuation
[2307.835s][info][gc,phases      ] GC(392)   Pre Evacuate Collection Set: 0.45ms
[2307.835s][info][gc,phases      ] GC(392)   Merge Heap Roots: 0.50ms
[2307.835s][info][gc,phases      ] GC(392)   Evacuate Collection Set: 116.53ms
[2307.835s][info][gc,phases      ] GC(392)   Post Evacuate Collection Set: 0.89ms
[2307.835s][info][gc,phases      ] GC(392)   Other: 0.15ms
[2307.835s][info][gc,heap        ] GC(392) Eden regions: 1119->0(1118)
[2307.835s][info][gc,heap        ] GC(392) Survivor regions: 109->110(154)
[2307.835s][info][gc,heap        ] GC(392) Old regions: 473->505
[2307.835s][info][gc,heap        ] GC(392) Humongous regions: 80->80
[2307.835s][info][gc,metaspace   ] GC(392) Metaspace: 28946K(29248K)->28946K(29248K) NonClass: 24061K(24192K)->24061K(24192K) Class: 4884K(5056K)->4884K(5056K)
[2307.835s][info][gc             ] GC(392) Pause Young (Concurrent Start) (G1 Evacuation Pause) 3560M->1388M(4096M) 118.651ms
[2307.835s][info][gc             ] GC(393) Concurrent Mark Cycle
[2307.835s][info][gc,marking     ] GC(393) Concurrent Scan Root Regions
[2307.835s][info][gc,cpu         ] GC(392) User=0.70s Sys=0.00s Real=0.12s
.[2307.973s][info][gc,marking     ] GC(393) Concurrent Scan Root Regions 137.459ms
[2307.973s][info][gc,marking     ] GC(393) Concurrent Mark
[2307.973s][info][gc,marking     ] GC(393) Concurrent Mark From Roots
[2307.973s][info][gc,task        ] GC(393) Using 2 workers of 2 for marking
[2308.555s][info][gc,marking     ] GC(393) Concurrent Mark From Roots 581.766ms
[2308.555s][info][gc,marking     ] GC(393) Concurrent Preclean
[2308.555s][info][gc,marking     ] GC(393) Concurrent Preclean 0.043ms
[2308.555s][info][gc,start       ] GC(393) Pause Remark
[2308.558s][info][gc             ] GC(393) Pause Remark 1755M->1755M(4096M) 3.225ms
[2308.558s][info][gc,cpu         ] GC(393) User=0.01s Sys=0.00s Real=0.00s
[2308.558s][info][gc,marking     ] GC(393) Concurrent Mark 585.338ms
[2308.558s][info][gc,marking     ] GC(393) Concurrent Rebuild Remembered Sets and Scrub Regions
[2308.775s][info][gc,marking     ] GC(393) Concurrent Rebuild Remembered Sets and Scrub Regions 216.455ms
[2308.775s][info][gc,start       ] GC(393) Pause Cleanup
[2308.775s][info][gc             ] GC(393) Pause Cleanup 1827M->1827M(4096M) 0.111ms
[2308.775s][info][gc,cpu         ] GC(393) User=0.00s Sys=0.00s Real=0.00s
[2308.775s][info][gc,marking     ] GC(393) Concurrent Clear Claimed Marks
[2308.775s][info][gc,marking     ] GC(393) Concurrent Clear Claimed Marks 0.033ms
[2308.775s][info][gc,marking     ] GC(393) Concurrent Cleanup for Next Mark
[2308.778s][info][gc,marking     ] GC(393) Concurrent Cleanup for Next Mark 3.243ms
[2308.778s][info][gc             ] GC(393) Concurrent Mark Cycle 942.990ms
.....[2312.925s][info][gc,start       ] GC(394) Pause Young (Prepare Mixed) (G1 Evacuation Pause)
[2312.925s][info][gc,task        ] GC(394) Using 6 workers of 6 for evacuation
[2313.042s][info][gc,phases      ] GC(394)   Pre Evacuate Collection Set: 0.38ms
[2313.042s][info][gc,phases      ] GC(394)   Merge Heap Roots: 0.52ms
[2313.042s][info][gc,phases      ] GC(394)   Evacuate Collection Set: 115.62ms
[2313.042s][info][gc,phases      ] GC(394)   Post Evacuate Collection Set: 0.94ms
[2313.042s][info][gc,phases      ] GC(394)   Other: 0.09ms
[2313.042s][info][gc,heap        ] GC(394) Eden regions: 1118->0(1113)
[2313.042s][info][gc,heap        ] GC(394) Survivor regions: 110->108(154)
[2313.042s][info][gc,heap        ] GC(394) Old regions: 505->536
[2313.042s][info][gc,heap        ] GC(394) Humongous regions: 80->80
[2313.042s][info][gc,metaspace   ] GC(394) Metaspace: 28946K(29248K)->28946K(29248K) NonClass: 24061K(24192K)->24061K(24192K) Class: 4884K(5056K)->4884K(5056K)
[2313.042s][info][gc             ] GC(394) Pause Young (Prepare Mixed) (G1 Evacuation Pause) 3624M->1447M(4096M) 117.687ms
[2313.042s][info][gc,cpu         ] GC(394) User=0.69s Sys=0.01s Real=0.11s
.....[2318.189s][info][gc,start       ] GC(395) Pause Young (Mixed) (G1 Evacuation Pause)
[2318.189s][info][gc,task        ] GC(395) Using 6 workers of 6 for evacuation
[2318.318s][info][gc,phases      ] GC(395)   Pre Evacuate Collection Set: 0.42ms
[2318.318s][info][gc,phases      ] GC(395)   Merge Heap Roots: 0.59ms
[2318.318s][info][gc,phases      ] GC(395)   Evacuate Collection Set: 127.12ms
[2318.318s][info][gc,phases      ] GC(395)   Post Evacuate Collection Set: 0.95ms
[2318.318s][info][gc,phases      ] GC(395)   Other: 0.09ms
[2318.318s][info][gc,heap        ] GC(395) Eden regions: 1113->0(1119)
[2318.318s][info][gc,heap        ] GC(395) Survivor regions: 108->109(153)
[2318.318s][info][gc,heap        ] GC(395) Old regions: 536->472
[2318.318s][info][gc,heap        ] GC(395) Humongous regions: 80->80
[2318.318s][info][gc,metaspace   ] GC(395) Metaspace: 28946K(29248K)->28946K(29248K) NonClass: 24061K(24192K)->24061K(24192K) Class: 4884K(5056K)->4884K(5056K)
[2318.318s][info][gc             ] GC(395) Pause Young (Mixed) (G1 Evacuation Pause) 3673M->1320M(4096M) 129.311ms
[2318.318s][info][gc,cpu         ] GC(395) User=0.76s Sys=0.00s Real=0.13s
.....[2323.387s][info][gc,start       ] GC(396) Pause Young (Concurrent Start) (G1 Evacuation Pause)
[2323.387s][info][gc,task        ] GC(396) Using 6 workers of 6 for evacuation
[2323.506s][info][gc,phases      ] GC(396)   Pre Evacuate Collection Set: 0.44ms
[2323.506s][info][gc,phases      ] GC(396)   Merge Heap Roots: 0.52ms
[2323.506s][info][gc,phases      ] GC(396)   Evacuate Collection Set: 117.35ms
[2323.506s][info][gc,phases      ] GC(396)   Post Evacuate Collection Set: 0.90ms
[2323.506s][info][gc,phases      ] GC(396)   Other: 0.13ms
[2323.506s][info][gc,heap        ] GC(396) Eden regions: 1119->0(1118)
[2323.506s][info][gc,heap        ] GC(396) Survivor regions: 109->110(154)
[2323.506s][info][gc,heap        ] GC(396) Old regions: 472->505
[2323.506s][info][gc,heap        ] GC(396) Humongous regions: 80->80
[2323.506s][info][gc,metaspace   ] GC(396) Metaspace: 28946K(29248K)->28946K(29248K) NonClass: 24061K(24192K)->24061K(24192K) Class: 4884K(5056K)->4884K(5056K)
[2323.506s][info][gc             ] GC(396) Pause Young (Concurrent Start) (G1 Evacuation Pause) 3558M->1387M(4096M) 119.479ms
[2323.506s][info][gc             ] GC(397) Concurrent Mark Cycle
[2323.506s][info][gc,marking     ] GC(397) Concurrent Scan Root Regions
[2323.506s][info][gc,cpu         ] GC(396) User=0.71s Sys=0.00s Real=0.12s
[2323.640s][info][gc,marking     ] GC(397) Concurrent Scan Root Regions 134.094ms
[2323.640s][info][gc,marking     ] GC(397) Concurrent Mark
[2323.640s][info][gc,marking     ] GC(397) Concurrent Mark From Roots
[2323.640s][info][gc,task        ] GC(397) Using 2 workers of 2 for marking
.[2324.231s][info][gc,marking     ] GC(397) Concurrent Mark From Roots 590.124ms
[2324.231s][info][gc,marking     ] GC(397) Concurrent Preclean
[2324.231s][info][gc,marking     ] GC(397) Concurrent Preclean 0.040ms
[2324.231s][info][gc,start       ] GC(397) Pause Remark
[2324.234s][info][gc             ] GC(397) Pause Remark 1726M->1726M(4096M) 3.443ms
[2324.234s][info][gc,cpu         ] GC(397) User=0.02s Sys=0.00s Real=0.01s
[2324.234s][info][gc,marking     ] GC(397) Concurrent Mark 593.882ms
[2324.234s][info][gc,marking     ] GC(397) Concurrent Rebuild Remembered Sets and Scrub Regions
[2324.460s][info][gc,marking     ] GC(397) Concurrent Rebuild Remembered Sets and Scrub Regions 226.109ms
[2324.463s][info][gc,start       ] GC(397) Pause Cleanup
[2324.463s][info][gc             ] GC(397) Pause Cleanup 1819M->1819M(4096M) 0.161ms
[2324.463s][info][gc,cpu         ] GC(397) User=0.00s Sys=0.00s Real=0.00s
[2324.463s][info][gc,marking     ] GC(397) Concurrent Clear Claimed Marks
[2324.464s][info][gc,marking     ] GC(397) Concurrent Clear Claimed Marks 0.032ms
[2324.464s][info][gc,marking     ] GC(397) Concurrent Cleanup for Next Mark
[2324.468s][info][gc,marking     ] GC(397) Concurrent Cleanup for Next Mark 4.054ms
[2324.468s][info][gc             ] GC(397) Concurrent Mark Cycle 961.385ms
....[2328.627s][info][gc,start       ] GC(398) Pause Young (Prepare Mixed) (G1 Evacuation Pause)
[2328.627s][info][gc,task        ] GC(398) Using 6 workers of 6 for evacuation
[2328.745s][info][gc,phases      ] GC(398)   Pre Evacuate Collection Set: 0.36ms
[2328.745s][info][gc,phases      ] GC(398)   Merge Heap Roots: 0.54ms
[2328.745s][info][gc,phases      ] GC(398)   Evacuate Collection Set: 116.84ms
[2328.745s][info][gc,phases      ] GC(398)   Post Evacuate Collection Set: 0.96ms
[2328.745s][info][gc,phases      ] GC(398)   Other: 0.09ms
[2328.746s][info][gc,heap        ] GC(398) Eden regions: 1118->0(1112)
[2328.746s][info][gc,heap        ] GC(398) Survivor regions: 110->108(154)
[2328.746s][info][gc,heap        ] GC(398) Old regions: 505->537
[2328.746s][info][gc,heap        ] GC(398) Humongous regions: 80->80
[2328.746s][info][gc,metaspace   ] GC(398) Metaspace: 28946K(29248K)->28946K(29248K) NonClass: 24061K(24192K)->24061K(24192K) Class: 4884K(5056K)->4884K(5056K)
[2328.746s][info][gc             ] GC(398) Pause Young (Prepare Mixed) (G1 Evacuation Pause) 3623M->1448M(4096M) 118.930ms
[2328.746s][info][gc,cpu         ] GC(398) User=0.71s Sys=0.00s Real=0.12s
.....[2333.859s][info][gc,start       ] GC(399) Pause Young (Mixed) (G1 Evacuation Pause)
[2333.859s][info][gc,task        ] GC(399) Using 6 workers of 6 for evacuation
[2333.991s][info][gc,phases      ] GC(399)   Pre Evacuate Collection Set: 0.38ms
[2333.991s][info][gc,phases      ] GC(399)   Merge Heap Roots: 0.74ms
[2333.991s][info][gc,phases      ] GC(399)   Evacuate Collection Set: 130.44ms
[2333.991s][info][gc,phases      ] GC(399)   Post Evacuate Collection Set: 1.00ms
[2333.991s][info][gc,phases      ] GC(399)   Other: 0.09ms
[2333.991s][info][gc,heap        ] GC(399) Eden regions: 1112->0(1118)
[2333.991s][info][gc,heap        ] GC(399) Survivor regions: 108->110(153)
[2333.991s][info][gc,heap        ] GC(399) Old regions: 537->474
[2333.991s][info][gc,heap        ] GC(399) Humongous regions: 80->80
[2333.991s][info][gc,metaspace   ] GC(399) Metaspace: 28946K(29248K)->28946K(29248K) NonClass: 24061K(24192K)->24061K(24192K) Class: 4884K(5056K)->4884K(5056K)
[2333.991s][info][gc             ] GC(399) Pause Young (Mixed) (G1 Evacuation Pause) 3672M->1325M(4096M) 132.781ms
[2333.991s][info][gc,cpu         ] GC(399) User=0.78s Sys=0.00s Real=0.13s
......[2339.197s][info][gc,start       ] GC(400) Pause Young (Concurrent Start) (G1 Evacuation Pause)
[2339.197s][info][gc,task        ] GC(400) Using 6 workers of 6 for evacuation
[2339.315s][info][gc,phases      ] GC(400)   Pre Evacuate Collection Set: 0.40ms
[2339.315s][info][gc,phases      ] GC(400)   Merge Heap Roots: 0.47ms
[2339.315s][info][gc,phases      ] GC(400)   Evacuate Collection Set: 116.25ms
[2339.315s][info][gc,phases      ] GC(400)   Post Evacuate Collection Set: 0.90ms
[2339.315s][info][gc,phases      ] GC(400)   Other: 0.11ms
[2339.315s][info][gc,heap        ] GC(400) Eden regions: 1118->0(1119)
[2339.315s][info][gc,heap        ] GC(400) Survivor regions: 110->109(154)
[2339.315s][info][gc,heap        ] GC(400) Old regions: 474->505
[2339.315s][info][gc,heap        ] GC(400) Humongous regions: 80->80
[2339.315s][info][gc,metaspace   ] GC(400) Metaspace: 28946K(29248K)->28946K(29248K) NonClass: 24061K(24192K)->24061K(24192K) Class: 4884K(5056K)->4884K(5056K)
[2339.315s][info][gc             ] GC(400) Pause Young (Concurrent Start) (G1 Evacuation Pause) 3561M->1386M(4096M) 118.244ms
[2339.315s][info][gc             ] GC(401) Concurrent Mark Cycle
[2339.315s][info][gc,marking     ] GC(401) Concurrent Scan Root Regions
[2339.315s][info][gc,cpu         ] GC(400) User=0.70s Sys=0.00s Real=0.12s
[2339.444s][info][gc,marking     ] GC(401) Concurrent Scan Root Regions 128.320ms
[2339.444s][info][gc,marking     ] GC(401) Concurrent Mark
[2339.444s][info][gc,marking     ] GC(401) Concurrent Mark From Roots
[2339.444s][info][gc,task        ] GC(401) Using 2 workers of 2 for marking
.[2340.044s][info][gc,marking     ] GC(401) Concurrent Mark From Roots 599.742ms
[2340.044s][info][gc,marking     ] GC(401) Concurrent Preclean
[2340.044s][info][gc,marking     ] GC(401) Concurrent Preclean 0.052ms
[2340.044s][info][gc,start       ] GC(401) Pause Remark
[2340.047s][info][gc             ] GC(401) Pause Remark 1753M->1753M(4096M) 3.493ms
[2340.047s][info][gc,cpu         ] GC(401) User=0.01s Sys=0.00s Real=0.00s
[2340.047s][info][gc,marking     ] GC(401) Concurrent Mark 603.538ms
[2340.047s][info][gc,marking     ] GC(401) Concurrent Rebuild Remembered Sets and Scrub Regions
[2340.254s][info][gc,marking     ] GC(401) Concurrent Rebuild Remembered Sets and Scrub Regions 206.614ms
[2340.254s][info][gc,start       ] GC(401) Pause Cleanup
[2340.254s][info][gc             ] GC(401) Pause Cleanup 1853M->1853M(4096M) 0.115ms
[2340.254s][info][gc,cpu         ] GC(401) User=0.00s Sys=0.00s Real=0.00s
[2340.254s][info][gc,marking     ] GC(401) Concurrent Clear Claimed Marks
[2340.254s][info][gc,marking     ] GC(401) Concurrent Clear Claimed Marks 0.029ms
[2340.254s][info][gc,marking     ] GC(401) Concurrent Cleanup for Next Mark
[2340.258s][info][gc,marking     ] GC(401) Concurrent Cleanup for Next Mark 3.248ms
[2340.258s][info][gc             ] GC(401) Concurrent Mark Cycle 942.185ms
.. (rIR:aIR:PR = 3598:3598:3598) (tPR = 53154) [OK] 
  2341s: Performance info:
         Transaction,    Success,    Partial,     Failed,   Receipts, AvgBarcode, 
             Overall,     217075,          0,          0,     206206,      59.48, 
         Response times:
             Request,    Success,    Partial,     Failed,   SkipFail,     Probes,    Samples,      min,      p50,      p90,      p95,      p99,      max, 
       TotalPurchase,     206205,          0,          0,          0,     202454,     216692,      300,     2900,     4900,     6500,    29000,   192000,
     InStorePurchase,     108596,          0,          0,          0,     106760,     113947,      300,     2800,     4900,     6400,    29000,   167000,
      OnlinePurchase,      75904,          0,          0,          0,      74569,      79944,      300,     2900,     4900,     6600,    29000,   192000,
        InstPurchase,      21705,          0,          0,          0,      21125,      22801,      400,     3200,     5100,     6800,    33000,   186000,
          AssocOfCat,        214,          0,          0,          0,        161,        235,    21000,    29000,    45400,    52000,   156200,   178000,
      AssocOfProduct,       2178,          0,          0,          0,       1971,       2278,      800,     3700,     5600,     8110,    34000,   122000,
      BusinessReport,        541,          0,          0,          0,        438,        570,    22000,    32000,    48000,    57900,    90060,   184000,
          CustBuyBeh,       2176,          0,          0,          0,       2002,       2352,      200,     2700,     4800,     6300,    34000,   137000,
       ProductReturn,       5761,          0,          0,          0,       5408,       5979,      200,     3000,     4900,     6500,    32200,   136000,

  2341s: (27%)   IR =   3736 ..[2344.310s][info][gc,start       ] GC(402) Pause Young (Prepare Mixed) (G1 Evacuation Pause)
[2344.310s][info][gc,task        ] GC(402) Using 6 workers of 6 for evacuation
[2344.430s][info][gc,phases      ] GC(402)   Pre Evacuate Collection Set: 0.36ms
[2344.430s][info][gc,phases      ] GC(402)   Merge Heap Roots: 0.57ms
[2344.430s][info][gc,phases      ] GC(402)   Evacuate Collection Set: 117.77ms
[2344.430s][info][gc,phases      ] GC(402)   Post Evacuate Collection Set: 0.95ms
[2344.430s][info][gc,phases      ] GC(402)   Other: 0.09ms
[2344.430s][info][gc,heap        ] GC(402) Eden regions: 1119->0(1108)
[2344.430s][info][gc,heap        ] GC(402) Survivor regions: 109->110(154)
[2344.430s][info][gc,heap        ] GC(402) Old regions: 505->537
[2344.430s][info][gc,heap        ] GC(402) Humongous regions: 80->80
[2344.430s][info][gc,metaspace   ] GC(402) Metaspace: 28946K(29248K)->28946K(29248K) NonClass: 24061K(24192K)->24061K(24192K) Class: 4884K(5056K)->4884K(5056K)
[2344.430s][info][gc             ] GC(402) Pause Young (Prepare Mixed) (G1 Evacuation Pause) 3624M->1453M(4096M) 119.871ms
[2344.430s][info][gc,cpu         ] GC(402) User=0.70s Sys=0.00s Real=0.12s
..|...[2349.312s][info][gc,start       ] GC(403) Pause Young (Mixed) (G1 Evacuation Pause)
[2349.312s][info][gc,task        ] GC(403) Using 6 workers of 6 for evacuation
[2349.444s][info][gc,phases      ] GC(403)   Pre Evacuate Collection Set: 0.40ms
[2349.444s][info][gc,phases      ] GC(403)   Merge Heap Roots: 0.75ms
[2349.444s][info][gc,phases      ] GC(403)   Evacuate Collection Set: 129.14ms
[2349.444s][info][gc,phases      ] GC(403)   Post Evacuate Collection Set: 0.98ms
[2349.444s][info][gc,phases      ] GC(403)   Other: 0.09ms
[2349.444s][info][gc,heap        ] GC(403) Eden regions: 1108->0(1120)
[2349.444s][info][gc,heap        ] GC(403) Survivor regions: 110->108(153)
[2349.444s][info][gc,heap        ] GC(403) Old regions: 537->473
[2349.444s][info][gc,heap        ] GC(403) Humongous regions: 80->80
[2349.444s][info][gc,metaspace   ] GC(403) Metaspace: 28946K(29248K)->28946K(29248K) NonClass: 24061K(24192K)->24061K(24192K) Class: 4884K(5056K)->4884K(5056K)
[2349.444s][info][gc             ] GC(403) Pause Young (Mixed) (G1 Evacuation Pause) 3669M->1319M(4096M) 131.492ms
[2349.444s][info][gc,cpu         ] GC(403) User=0.78s Sys=0.00s Real=0.14s
.....[2354.330s][info][gc,start       ] GC(404) Pause Young (Concurrent Start) (G1 Evacuation Pause)
[2354.330s][info][gc,task        ] GC(404) Using 6 workers of 6 for evacuation
[2354.449s][info][gc,phases      ] GC(404)   Pre Evacuate Collection Set: 0.41ms
[2354.449s][info][gc,phases      ] GC(404)   Merge Heap Roots: 0.52ms
[2354.449s][info][gc,phases      ] GC(404)   Evacuate Collection Set: 117.35ms
[2354.449s][info][gc,phases      ] GC(404)   Post Evacuate Collection Set: 0.92ms
[2354.449s][info][gc,phases      ] GC(404)   Other: 0.13ms
[2354.449s][info][gc,heap        ] GC(404) Eden regions: 1120->0(1120)
[2354.449s][info][gc,heap        ] GC(404) Survivor regions: 108->108(154)
[2354.449s][info][gc,heap        ] GC(404) Old regions: 473->505
[2354.449s][info][gc,heap        ] GC(404) Humongous regions: 80->80
[2354.449s][info][gc,metaspace   ] GC(404) Metaspace: 28946K(29248K)->28946K(29248K) NonClass: 24061K(24192K)->24061K(24192K) Class: 4884K(5056K)->4884K(5056K)
[2354.449s][info][gc             ] GC(404) Pause Young (Concurrent Start) (G1 Evacuation Pause) 3559M->1384M(4096M) 119.475ms
[2354.449s][info][gc             ] GC(405) Concurrent Mark Cycle
[2354.449s][info][gc,marking     ] GC(405) Concurrent Scan Root Regions
[2354.449s][info][gc,cpu         ] GC(404) User=0.70s Sys=0.00s Real=0.12s
[2354.574s][info][gc,marking     ] GC(405) Concurrent Scan Root Regions 124.381ms
[2354.574s][info][gc,marking     ] GC(405) Concurrent Mark
[2354.574s][info][gc,marking     ] GC(405) Concurrent Mark From Roots
[2354.574s][info][gc,task        ] GC(405) Using 2 workers of 2 for marking
.[2355.260s][info][gc,marking     ] GC(405) Concurrent Mark From Roots 686.128ms
[2355.260s][info][gc,marking     ] GC(405) Concurrent Preclean
[2355.260s][info][gc,marking     ] GC(405) Concurrent Preclean 0.051ms
[2355.260s][info][gc,start       ] GC(405) Pause Remark
[2355.264s][info][gc             ] GC(405) Pause Remark 1801M->1801M(4096M) 3.926ms
[2355.264s][info][gc,cpu         ] GC(405) User=0.02s Sys=0.00s Real=0.01s
[2355.264s][info][gc,marking     ] GC(405) Concurrent Mark 690.384ms
[2355.264s][info][gc,marking     ] GC(405) Concurrent Rebuild Remembered Sets and Scrub Regions
[2355.530s][info][gc,marking     ] GC(405) Concurrent Rebuild Remembered Sets and Scrub Regions 266.007ms
[2355.530s][info][gc,start       ] GC(405) Pause Cleanup
[2355.530s][info][gc             ] GC(405) Pause Cleanup 1906M->1906M(4096M) 0.123ms
[2355.530s][info][gc,cpu         ] GC(405) User=0.00s Sys=0.00s Real=0.00s
[2355.530s][info][gc,marking     ] GC(405) Concurrent Clear Claimed Marks
[2355.531s][info][gc,marking     ] GC(405) Concurrent Clear Claimed Marks 0.029ms
[2355.531s][info][gc,marking     ] GC(405) Concurrent Cleanup for Next Mark
[2355.534s][info][gc,marking     ] GC(405) Concurrent Cleanup for Next Mark 3.307ms
[2355.534s][info][gc             ] GC(405) Concurrent Mark Cycle 1084.572ms
....[2359.423s][info][gc,start       ] GC(406) Pause Young (Prepare Mixed) (G1 Evacuation Pause)
[2359.423s][info][gc,task        ] GC(406) Using 6 workers of 6 for evacuation
[2359.541s][info][gc,phases      ] GC(406)   Pre Evacuate Collection Set: 0.35ms
[2359.541s][info][gc,phases      ] GC(406)   Merge Heap Roots: 0.54ms
[2359.541s][info][gc,phases      ] GC(406)   Evacuate Collection Set: 115.97ms
[2359.541s][info][gc,phases      ] GC(406)   Post Evacuate Collection Set: 0.95ms
[2359.541s][info][gc,phases      ] GC(406)   Other: 0.09ms
[2359.541s][info][gc,heap        ] GC(406) Eden regions: 1120->0(1112)
[2359.541s][info][gc,heap        ] GC(406) Survivor regions: 108->108(154)
[2359.541s][info][gc,heap        ] GC(406) Old regions: 505->537
[2359.541s][info][gc,heap        ] GC(406) Humongous regions: 80->80
[2359.541s][info][gc,metaspace   ] GC(406) Metaspace: 28946K(29248K)->28946K(29248K) NonClass: 24061K(24192K)->24061K(24192K) Class: 4884K(5056K)->4884K(5056K)
[2359.541s][info][gc             ] GC(406) Pause Young (Prepare Mixed) (G1 Evacuation Pause) 3624M->1448M(4096M) 118.069ms
[2359.541s][info][gc,cpu         ] GC(406) User=0.70s Sys=0.00s Real=0.12s
.....[2364.486s][info][gc,start       ] GC(407) Pause Young (Mixed) (G1 Evacuation Pause)
[2364.486s][info][gc,task        ] GC(407) Using 6 workers of 6 for evacuation
[2364.618s][info][gc,phases      ] GC(407)   Pre Evacuate Collection Set: 0.44ms
[2364.618s][info][gc,phases      ] GC(407)   Merge Heap Roots: 0.71ms
[2364.618s][info][gc,phases      ] GC(407)   Evacuate Collection Set: 130.46ms
[2364.618s][info][gc,phases      ] GC(407)   Post Evacuate Collection Set: 0.97ms
[2364.618s][info][gc,phases      ] GC(407)   Other: 0.09ms
[2364.618s][info][gc,heap        ] GC(407) Eden regions: 1112->0(1119)
[2364.618s][info][gc,heap        ] GC(407) Survivor regions: 108->109(153)
[2364.618s][info][gc,heap        ] GC(407) Old regions: 537->474
[2364.618s][info][gc,heap        ] GC(407) Humongous regions: 80->80
[2364.619s][info][gc,metaspace   ] GC(407) Metaspace: 28946K(29248K)->28946K(29248K) NonClass: 24061K(24192K)->24061K(24192K) Class: 4884K(5056K)->4884K(5056K)
[2364.619s][info][gc             ] GC(407) Pause Young (Mixed) (G1 Evacuation Pause) 3672M->1324M(4096M) 132.826ms
[2364.619s][info][gc,cpu         ] GC(407) User=0.78s Sys=0.00s Real=0.13s
.....[2369.601s][info][gc,start       ] GC(408) Pause Young (Concurrent Start) (G1 Evacuation Pause)
[2369.601s][info][gc,task        ] GC(408) Using 6 workers of 6 for evacuation
[2369.721s][info][gc,phases      ] GC(408)   Pre Evacuate Collection Set: 0.39ms
[2369.721s][info][gc,phases      ] GC(408)   Merge Heap Roots: 0.47ms
[2369.721s][info][gc,phases      ] GC(408)   Evacuate Collection Set: 118.82ms
[2369.721s][info][gc,phases      ] GC(408)   Post Evacuate Collection Set: 0.90ms
[2369.721s][info][gc,phases      ] GC(408)   Other: 0.10ms
[2369.721s][info][gc,heap        ] GC(408) Eden regions: 1119->0(1115)
[2369.721s][info][gc,heap        ] GC(408) Survivor regions: 109->113(154)
[2369.721s][info][gc,heap        ] GC(408) Old regions: 474->506
[2369.721s][info][gc,heap        ] GC(408) Humongous regions: 80->80
[2369.721s][info][gc,metaspace   ] GC(408) Metaspace: 28946K(29248K)->28946K(29248K) NonClass: 24061K(24192K)->24061K(24192K) Class: 4884K(5056K)->4884K(5056K)
[2369.721s][info][gc             ] GC(408) Pause Young (Concurrent Start) (G1 Evacuation Pause) 3562M->1395M(4096M) 120.801ms
[2369.721s][info][gc             ] GC(409) Concurrent Mark Cycle
[2369.721s][info][gc,marking     ] GC(409) Concurrent Scan Root Regions
[2369.721s][info][gc,cpu         ] GC(408) User=0.72s Sys=0.00s Real=0.12s
[2369.878s][info][gc,marking     ] GC(409) Concurrent Scan Root Regions 156.703ms
[2369.878s][info][gc,marking     ] GC(409) Concurrent Mark
[2369.878s][info][gc,marking     ] GC(409) Concurrent Mark From Roots
[2369.878s][info][gc,task        ] GC(409) Using 2 workers of 2 for marking
.[2370.583s][info][gc,marking     ] GC(409) Concurrent Mark From Roots 705.153ms
[2370.583s][info][gc,marking     ] GC(409) Concurrent Preclean
[2370.583s][info][gc,marking     ] GC(409) Concurrent Preclean 0.035ms
[2370.583s][info][gc,start       ] GC(409) Pause Remark
[2370.588s][info][gc             ] GC(409) Pause Remark 1866M->1866M(4096M) 4.242ms
[2370.588s][info][gc,cpu         ] GC(409) User=0.02s Sys=0.00s Real=0.01s
[2370.588s][info][gc,marking     ] GC(409) Concurrent Mark 709.692ms
[2370.588s][info][gc,marking     ] GC(409) Concurrent Rebuild Remembered Sets and Scrub Regions
[2370.944s][info][gc,marking     ] GC(409) Concurrent Rebuild Remembered Sets and Scrub Regions 356.304ms
[2370.944s][info][gc,start       ] GC(409) Pause Cleanup
[2370.944s][info][gc             ] GC(409) Pause Cleanup 2014M->2014M(4096M) 0.109ms
[2370.944s][info][gc,cpu         ] GC(409) User=0.00s Sys=0.00s Real=0.00s
[2370.944s][info][gc,marking     ] GC(409) Concurrent Clear Claimed Marks
[2370.944s][info][gc,marking     ] GC(409) Concurrent Clear Claimed Marks 0.028ms
[2370.944s][info][gc,marking     ] GC(409) Concurrent Cleanup for Next Mark
[2370.948s][info][gc,marking     ] GC(409) Concurrent Cleanup for Next Mark 3.416ms
[2370.948s][info][gc             ] GC(409) Concurrent Mark Cycle 1226.584ms
....[2374.626s][info][gc,start       ] GC(410) Pause Young (Prepare Mixed) (G1 Evacuation Pause)
[2374.626s][info][gc,task        ] GC(410) Using 6 workers of 6 for evacuation
[2374.743s][info][gc,phases      ] GC(410)   Pre Evacuate Collection Set: 0.36ms
[2374.743s][info][gc,phases      ] GC(410)   Merge Heap Roots: 0.54ms
[2374.743s][info][gc,phases      ] GC(410)   Evacuate Collection Set: 115.66ms
[2374.743s][info][gc,phases      ] GC(410)   Post Evacuate Collection Set: 0.96ms
[2374.743s][info][gc,phases      ] GC(410)   Other: 0.09ms
[2374.743s][info][gc,heap        ] GC(410) Eden regions: 1115->0(1107)
[2374.743s][info][gc,heap        ] GC(410) Survivor regions: 113->110(154)
[2374.743s][info][gc,heap        ] GC(410) Old regions: 506->538
[2374.743s][info][gc,heap        ] GC(410) Humongous regions: 80->80
[2374.743s][info][gc,metaspace   ] GC(410) Metaspace: 28946K(29248K)->28946K(29248K) NonClass: 24061K(24192K)->24061K(24192K) Class: 4884K(5056K)->4884K(5056K)
[2374.743s][info][gc             ] GC(410) Pause Young (Prepare Mixed) (G1 Evacuation Pause) 3625M->1453M(4096M) 117.767ms
[2374.743s][info][gc,cpu         ] GC(410) User=0.70s Sys=0.00s Real=0.11s
.....[2379.645s][info][gc,start       ] GC(411) Pause Young (Mixed) (G1 Evacuation Pause)
[2379.645s][info][gc,task        ] GC(411) Using 6 workers of 6 for evacuation
[2379.778s][info][gc,phases      ] GC(411)   Pre Evacuate Collection Set: 0.40ms
[2379.778s][info][gc,phases      ] GC(411)   Merge Heap Roots: 0.78ms
[2379.778s][info][gc,phases      ] GC(411)   Evacuate Collection Set: 130.51ms
[2379.778s][info][gc,phases      ] GC(411)   Post Evacuate Collection Set: 0.99ms
[2379.778s][info][gc,phases      ] GC(411)   Other: 0.10ms
[2379.778s][info][gc,heap        ] GC(411) Eden regions: 1107->0(1119)
[2379.778s][info][gc,heap        ] GC(411) Survivor regions: 110->109(153)
[2379.778s][info][gc,heap        ] GC(411) Old regions: 538->474
[2379.778s][info][gc,heap        ] GC(411) Humongous regions: 80->80
[2379.778s][info][gc,metaspace   ] GC(411) Metaspace: 28946K(29248K)->28946K(29248K) NonClass: 24061K(24192K)->24061K(24192K) Class: 4884K(5056K)->4884K(5056K)
[2379.778s][info][gc             ] GC(411) Pause Young (Mixed) (G1 Evacuation Pause) 3667M->1323M(4096M) 132.941ms
[2379.778s][info][gc,cpu         ] GC(411) User=0.78s Sys=0.00s Real=0.13s
.....[2384.703s][info][gc,start       ] GC(412) Pause Young (Concurrent Start) (G1 Evacuation Pause)
[2384.703s][info][gc,task        ] GC(412) Using 6 workers of 6 for evacuation
[2384.821s][info][gc,phases      ] GC(412)   Pre Evacuate Collection Set: 0.40ms
[2384.821s][info][gc,phases      ] GC(412)   Merge Heap Roots: 0.50ms
[2384.821s][info][gc,phases      ] GC(412)   Evacuate Collection Set: 116.09ms
[2384.821s][info][gc,phases      ] GC(412)   Post Evacuate Collection Set: 0.91ms
[2384.821s][info][gc,phases      ] GC(412)   Other: 0.11ms
[2384.821s][info][gc,heap        ] GC(412) Eden regions: 1119->0(1119)
[2384.821s][info][gc,heap        ] GC(412) Survivor regions: 109->109(154)
[2384.821s][info][gc,heap        ] GC(412) Old regions: 474->505
[2384.821s][info][gc,heap        ] GC(412) Humongous regions: 80->80
[2384.821s][info][gc,metaspace   ] GC(412) Metaspace: 28946K(29248K)->28946K(29248K) NonClass: 24061K(24192K)->24061K(24192K) Class: 4884K(5056K)->4884K(5056K)
[2384.821s][info][gc             ] GC(412) Pause Young (Concurrent Start) (G1 Evacuation Pause) 3561M->1387M(4096M) 118.162ms
[2384.822s][info][gc             ] GC(413) Concurrent Mark Cycle
[2384.822s][info][gc,marking     ] GC(413) Concurrent Scan Root Regions
[2384.822s][info][gc,cpu         ] GC(412) User=0.70s Sys=0.00s Real=0.12s
[2384.955s][info][gc,marking     ] GC(413) Concurrent Scan Root Regions 133.630ms
[2384.955s][info][gc,marking     ] GC(413) Concurrent Mark
[2384.955s][info][gc,marking     ] GC(413) Concurrent Mark From Roots
[2384.955s][info][gc,task        ] GC(413) Using 2 workers of 2 for marking
.[2385.555s][info][gc,marking     ] GC(413) Concurrent Mark From Roots 599.651ms
[2385.555s][info][gc,marking     ] GC(413) Concurrent Preclean
[2385.555s][info][gc,marking     ] GC(413) Concurrent Preclean 0.052ms
[2385.555s][info][gc,start       ] GC(413) Pause Remark
[2385.559s][info][gc             ] GC(413) Pause Remark 1786M->1786M(4096M) 3.815ms
[2385.559s][info][gc,cpu         ] GC(413) User=0.02s Sys=0.00s Real=0.00s
[2385.559s][info][gc,marking     ] GC(413) Concurrent Mark 604.038ms
[2385.559s][info][gc,marking     ] GC(413) Concurrent Rebuild Remembered Sets and Scrub Regions
[2385.785s][info][gc,marking     ] GC(413) Concurrent Rebuild Remembered Sets and Scrub Regions 225.482ms
[2385.785s][info][gc,start       ] GC(413) Pause Cleanup
[2385.785s][info][gc             ] GC(413) Pause Cleanup 1885M->1885M(4096M) 0.126ms
[2385.785s][info][gc,cpu         ] GC(413) User=0.00s Sys=0.00s Real=0.00s
[2385.785s][info][gc,marking     ] GC(413) Concurrent Clear Claimed Marks
[2385.785s][info][gc,marking     ] GC(413) Concurrent Clear Claimed Marks 0.031ms
[2385.785s][info][gc,marking     ] GC(413) Concurrent Cleanup for Next Mark
[2385.788s][info][gc,marking     ] GC(413) Concurrent Cleanup for Next Mark 3.267ms
[2385.788s][info][gc             ] GC(413) Concurrent Mark Cycle 966.931ms
....[2389.728s][info][gc,start       ] GC(414) Pause Young (Prepare Mixed) (G1 Evacuation Pause)
[2389.728s][info][gc,task        ] GC(414) Using 6 workers of 6 for evacuation
[2389.847s][info][gc,phases      ] GC(414)   Pre Evacuate Collection Set: 0.34ms
[2389.847s][info][gc,phases      ] GC(414)   Merge Heap Roots: 0.54ms
[2389.847s][info][gc,phases      ] GC(414)   Evacuate Collection Set: 116.78ms
[2389.847s][info][gc,phases      ] GC(414)   Post Evacuate Collection Set: 0.95ms
[2389.847s][info][gc,phases      ] GC(414)   Other: 0.09ms
[2389.847s][info][gc,heap        ] GC(414) Eden regions: 1119->0(1108)
[2389.847s][info][gc,heap        ] GC(414) Survivor regions: 109->110(154)
[2389.847s][info][gc,heap        ] GC(414) Old regions: 505->537
[2389.847s][info][gc,heap        ] GC(414) Humongous regions: 80->80
[2389.847s][info][gc,metaspace   ] GC(414) Metaspace: 28946K(29248K)->28946K(29248K) NonClass: 24061K(24192K)->24061K(24192K) Class: 4884K(5056K)->4884K(5056K)
[2389.847s][info][gc             ] GC(414) Pause Young (Prepare Mixed) (G1 Evacuation Pause) 3625M->1452M(4096M) 118.829ms
[2389.847s][info][gc,cpu         ] GC(414) User=0.70s Sys=0.00s Real=0.12s
.....[2394.768s][info][gc,start       ] GC(415) Pause Young (Mixed) (G1 Evacuation Pause)
[2394.768s][info][gc,task        ] GC(415) Using 6 workers of 6 for evacuation
[2394.900s][info][gc,phases      ] GC(415)   Pre Evacuate Collection Set: 0.43ms
[2394.900s][info][gc,phases      ] GC(415)   Merge Heap Roots: 0.73ms
[2394.900s][info][gc,phases      ] GC(415)   Evacuate Collection Set: 129.52ms
[2394.900s][info][gc,phases      ] GC(415)   Post Evacuate Collection Set: 0.96ms
[2394.900s][info][gc,phases      ] GC(415)   Other: 0.09ms
[2394.900s][info][gc,heap        ] GC(415) Eden regions: 1108->0(1119)
[2394.900s][info][gc,heap        ] GC(415) Survivor regions: 110->109(153)
[2394.900s][info][gc,heap        ] GC(415) Old regions: 537->473
[2394.900s][info][gc,heap        ] GC(415) Humongous regions: 80->80
[2394.900s][info][gc,metaspace   ] GC(415) Metaspace: 28946K(29248K)->28946K(29248K) NonClass: 24061K(24192K)->24061K(24192K) Class: 4884K(5056K)->4884K(5056K)
[2394.900s][info][gc             ] GC(415) Pause Young (Mixed) (G1 Evacuation Pause) 3668M->1322M(4096M) 131.887ms
[2394.900s][info][gc,cpu         ] GC(415) User=0.78s Sys=0.00s Real=0.13s
.....[2399.827s][info][gc,start       ] GC(416) Pause Young (Concurrent Start) (G1 Evacuation Pause)
[2399.827s][info][gc,task        ] GC(416) Using 6 workers of 6 for evacuation
[2399.943s][info][gc,phases      ] GC(416)   Pre Evacuate Collection Set: 0.41ms
[2399.943s][info][gc,phases      ] GC(416)   Merge Heap Roots: 0.50ms
[2399.943s][info][gc,phases      ] GC(416)   Evacuate Collection Set: 113.70ms
[2399.943s][info][gc,phases      ] GC(416)   Post Evacuate Collection Set: 0.92ms
[2399.943s][info][gc,phases      ] GC(416)   Other: 0.12ms
[2399.943s][info][gc,heap        ] GC(416) Eden regions: 1119->0(1121)
[2399.943s][info][gc,heap        ] GC(416) Survivor regions: 109->107(154)
[2399.943s][info][gc,heap        ] GC(416) Old regions: 473->505
[2399.943s][info][gc,heap        ] GC(416) Humongous regions: 80->80
[2399.943s][info][gc,metaspace   ] GC(416) Metaspace: 28946K(29248K)->28946K(29248K) NonClass: 24061K(24192K)->24061K(24192K) Class: 4884K(5056K)->4884K(5056K)
[2399.943s][info][gc             ] GC(416) Pause Young (Concurrent Start) (G1 Evacuation Pause) 3560M->1383M(4096M) 115.766ms
[2399.943s][info][gc             ] GC(417) Concurrent Mark Cycle
[2399.943s][info][gc,cpu         ] GC(416) User=0.68s Sys=0.00s Real=0.11s
[2399.943s][info][gc,marking     ] GC(417) Concurrent Scan Root Regions
.[2400.091s][info][gc,marking     ] GC(417) Concurrent Scan Root Regions 147.809ms
[2400.091s][info][gc,marking     ] GC(417) Concurrent Mark
[2400.091s][info][gc,marking     ] GC(417) Concurrent Mark From Roots
[2400.091s][info][gc,task        ] GC(417) Using 2 workers of 2 for marking
[2400.760s][info][gc,marking     ] GC(417) Concurrent Mark From Roots 668.954ms
[2400.760s][info][gc,marking     ] GC(417) Concurrent Preclean
[2400.760s][info][gc,marking     ] GC(417) Concurrent Preclean 0.035ms
[2400.760s][info][gc,start       ] GC(417) Pause Remark
[2400.764s][info][gc             ] GC(417) Pause Remark 1810M->1810M(4096M) 3.925ms
[2400.764s][info][gc,cpu         ] GC(417) User=0.02s Sys=0.00s Real=0.01s
[2400.764s][info][gc,marking     ] GC(417) Concurrent Mark 673.195ms
[2400.764s][info][gc,marking     ] GC(417) Concurrent Rebuild Remembered Sets and Scrub Regions
[2401.004s][info][gc,marking     ] GC(417) Concurrent Rebuild Remembered Sets and Scrub Regions 240.245ms
[2401.004s][info][gc,start       ] GC(417) Pause Cleanup
[2401.004s][info][gc             ] GC(417) Pause Cleanup 1901M->1901M(4096M) 0.112ms
[2401.004s][info][gc,cpu         ] GC(417) User=0.00s Sys=0.00s Real=0.00s
[2401.004s][info][gc,marking     ] GC(417) Concurrent Clear Claimed Marks
[2401.004s][info][gc,marking     ] GC(417) Concurrent Clear Claimed Marks 0.026ms
[2401.004s][info][gc,marking     ] GC(417) Concurrent Cleanup for Next Mark
[2401.008s][info][gc,marking     ] GC(417) Concurrent Cleanup for Next Mark 3.575ms
[2401.008s][info][gc             ] GC(417) Concurrent Mark Cycle 1065.317ms
....[2404.846s][info][gc,start       ] GC(418) Pause Young (Prepare Mixed) (G1 Evacuation Pause)
[2404.847s][info][gc,task        ] GC(418) Using 6 workers of 6 for evacuation
[2404.962s][info][gc,phases      ] GC(418)   Pre Evacuate Collection Set: 0.37ms
[2404.962s][info][gc,phases      ] GC(418)   Merge Heap Roots: 0.52ms
[2404.962s][info][gc,phases      ] GC(418)   Evacuate Collection Set: 113.98ms
[2404.962s][info][gc,phases      ] GC(418)   Post Evacuate Collection Set: 0.96ms
[2404.962s][info][gc,phases      ] GC(418)   Other: 0.09ms
[2404.962s][info][gc,heap        ] GC(418) Eden regions: 1121->0(1114)
[2404.962s][info][gc,heap        ] GC(418) Survivor regions: 107->107(154)
[2404.962s][info][gc,heap        ] GC(418) Old regions: 505->537
[2404.962s][info][gc,heap        ] GC(418) Humongous regions: 80->80
[2404.963s][info][gc,metaspace   ] GC(418) Metaspace: 28946K(29248K)->28946K(29248K) NonClass: 24061K(24192K)->24061K(24192K) Class: 4884K(5056K)->4884K(5056K)
[2404.963s][info][gc             ] GC(418) Pause Young (Prepare Mixed) (G1 Evacuation Pause) 3625M->1446M(4096M) 116.077ms
[2404.963s][info][gc,cpu         ] GC(418) User=0.68s Sys=0.00s Real=0.11s
.. (rIR:aIR:PR = 3736:3734:3734) (tPR = 55162) [OK] 
  2405s: Performance info:
         Transaction,    Success,    Partial,     Failed,   Receipts, AvgBarcode, 
             Overall,     224243,          0,          0,     213020,      59.48, 
         Response times:
             Request,    Success,    Partial,     Failed,   SkipFail,     Probes,    Samples,      min,      p50,      p90,      p95,      p99,      max, 
       TotalPurchase,     213020,          0,          0,          0,     209378,     223619,      300,     3100,     5300,     7400,    39000,   191000,
     InStorePurchase,     112110,          0,          0,          0,     110465,     117843,      300,     3100,     5300,     7400,    39000,   191000,
      OnlinePurchase,      78471,          0,          0,          0,      77073,      82224,      300,     2900,     5200,     7300,    39000,   161000,
        InstPurchase,      22439,          0,          0,          0,      21840,      23552,      500,     3200,     5300,     7600,    39000,   161000,
          AssocOfCat,        220,          0,          0,          0,        169,        249,    19700,    30000,    56000,    83500,   175000,   193000,
      AssocOfProduct,       2245,          0,          0,          0,       2083,       2414,      500,     2900,     4500,     6100,    34700,   136000,
      BusinessReport,        563,          0,          0,          0,        460,        604,    19900,    32000,    46500,    55000,   115800,   192000,
          CustBuyBeh,       2248,          0,          0,          0,       2010,       2301,      200,     2800,     4900,     7000,    32000,   136000,
       ProductReturn,       5947,          0,          0,          0,       5596,       6186,      200,     3000,     5200,     7100,    43000,   138000,

  2405s: (28%)   IR =   3874 ...[2409.807s][info][gc,start       ] GC(419) Pause Young (Mixed) (G1 Evacuation Pause)
[2409.807s][info][gc,task        ] GC(419) Using 6 workers of 6 for evacuation
[2409.942s][info][gc,phases      ] GC(419)   Pre Evacuate Collection Set: 0.41ms
[2409.942s][info][gc,phases      ] GC(419)   Merge Heap Roots: 0.72ms
[2409.942s][info][gc,phases      ] GC(419)   Evacuate Collection Set: 132.29ms
[2409.942s][info][gc,phases      ] GC(419)   Post Evacuate Collection Set: 1.03ms
[2409.942s][info][gc,phases      ] GC(419)   Other: 0.09ms
[2409.942s][info][gc,heap        ] GC(419) Eden regions: 1114->0(1119)
[2409.942s][info][gc,heap        ] GC(419) Survivor regions: 107->109(153)
[2409.942s][info][gc,heap        ] GC(419) Old regions: 537->473
[2409.942s][info][gc,heap        ] GC(419) Humongous regions: 80->80
[2409.942s][info][gc,metaspace   ] GC(419) Metaspace: 28947K(29248K)->28947K(29248K) NonClass: 24063K(24192K)->24063K(24192K) Class: 4884K(5056K)->4884K(5056K)
[2409.942s][info][gc             ] GC(419) Pause Young (Mixed) (G1 Evacuation Pause) 3674M->1322M(4096M) 134.657ms
[2409.942s][info][gc,cpu         ] GC(419) User=0.79s Sys=0.00s Real=0.13s
...|..[2414.712s][info][gc,start       ] GC(420) Pause Young (Concurrent Start) (G1 Evacuation Pause)
[2414.712s][info][gc,task        ] GC(420) Using 6 workers of 6 for evacuation
[2414.830s][info][gc,phases      ] GC(420)   Pre Evacuate Collection Set: 0.42ms
[2414.830s][info][gc,phases      ] GC(420)   Merge Heap Roots: 0.49ms
[2414.830s][info][gc,phases      ] GC(420)   Evacuate Collection Set: 116.42ms
[2414.830s][info][gc,phases      ] GC(420)   Post Evacuate Collection Set: 0.94ms
[2414.830s][info][gc,phases      ] GC(420)   Other: 0.11ms
[2414.830s][info][gc,heap        ] GC(420) Eden regions: 1119->0(1118)
[2414.830s][info][gc,heap        ] GC(420) Survivor regions: 109->110(154)
[2414.830s][info][gc,heap        ] GC(420) Old regions: 473->504
[2414.830s][info][gc,heap        ] GC(420) Humongous regions: 80->80
[2414.830s][info][gc,metaspace   ] GC(420) Metaspace: 28947K(29248K)->28947K(29248K) NonClass: 24063K(24192K)->24063K(24192K) Class: 4884K(5056K)->4884K(5056K)
[2414.830s][info][gc             ] GC(420) Pause Young (Concurrent Start) (G1 Evacuation Pause) 3560M->1387M(4096M) 118.505ms
[2414.830s][info][gc             ] GC(421) Concurrent Mark Cycle
[2414.830s][info][gc,marking     ] GC(421) Concurrent Scan Root Regions
[2414.830s][info][gc,cpu         ] GC(420) User=0.70s Sys=0.00s Real=0.12s
[2414.966s][info][gc,marking     ] GC(421) Concurrent Scan Root Regions 136.129ms
[2414.966s][info][gc,marking     ] GC(421) Concurrent Mark
[2414.966s][info][gc,marking     ] GC(421) Concurrent Mark From Roots
[2414.966s][info][gc,task        ] GC(421) Using 2 workers of 2 for marking
.[2415.571s][info][gc,marking     ] GC(421) Concurrent Mark From Roots 604.523ms
[2415.571s][info][gc,marking     ] GC(421) Concurrent Preclean
[2415.571s][info][gc,marking     ] GC(421) Concurrent Preclean 0.055ms
[2415.571s][info][gc,start       ] GC(421) Pause Remark
[2415.575s][info][gc             ] GC(421) Pause Remark 1769M->1769M(4096M) 3.452ms
[2415.575s][info][gc,cpu         ] GC(421) User=0.02s Sys=0.00s Real=0.01s
[2415.575s][info][gc,marking     ] GC(421) Concurrent Mark 608.387ms
[2415.575s][info][gc,marking     ] GC(421) Concurrent Rebuild Remembered Sets and Scrub Regions
[2415.811s][info][gc,marking     ] GC(421) Concurrent Rebuild Remembered Sets and Scrub Regions 235.678ms
[2415.811s][info][gc,start       ] GC(421) Pause Cleanup
[2415.811s][info][gc             ] GC(421) Pause Cleanup 1897M->1897M(4096M) 0.139ms
[2415.811s][info][gc,cpu         ] GC(421) User=0.00s Sys=0.00s Real=0.00s
[2415.811s][info][gc,marking     ] GC(421) Concurrent Clear Claimed Marks
[2415.811s][info][gc,marking     ] GC(421) Concurrent Clear Claimed Marks 0.035ms
[2415.812s][info][gc,marking     ] GC(421) Concurrent Cleanup for Next Mark
[2415.815s][info][gc,marking     ] GC(421) Concurrent Cleanup for Next Mark 3.419ms
[2415.815s][info][gc             ] GC(421) Concurrent Mark Cycle 984.704ms
....[2419.564s][info][gc,start       ] GC(422) Pause Young (Prepare Mixed) (G1 Evacuation Pause)
[2419.564s][info][gc,task        ] GC(422) Using 6 workers of 6 for evacuation
[2419.684s][info][gc,phases      ] GC(422)   Pre Evacuate Collection Set: 0.34ms
[2419.684s][info][gc,phases      ] GC(422)   Merge Heap Roots: 0.52ms
[2419.684s][info][gc,phases      ] GC(422)   Evacuate Collection Set: 118.05ms
[2419.684s][info][gc,phases      ] GC(422)   Post Evacuate Collection Set: 0.95ms
[2419.684s][info][gc,phases      ] GC(422)   Other: 0.09ms
[2419.684s][info][gc,heap        ] GC(422) Eden regions: 1118->0(1104)
[2419.684s][info][gc,heap        ] GC(422) Survivor regions: 110->112(154)
[2419.684s][info][gc,heap        ] GC(422) Old regions: 504->537
[2419.684s][info][gc,heap        ] GC(422) Humongous regions: 80->80
[2419.684s][info][gc,metaspace   ] GC(422) Metaspace: 28947K(29248K)->28947K(29248K) NonClass: 24063K(24192K)->24063K(24192K) Class: 4884K(5056K)->4884K(5056K)
[2419.684s][info][gc             ] GC(422) Pause Young (Prepare Mixed) (G1 Evacuation Pause) 3623M->1455M(4096M) 120.085ms
[2419.684s][info][gc,cpu         ] GC(422) User=0.71s Sys=0.00s Real=0.12s
.....[2424.345s][info][gc,start       ] GC(423) Pause Young (Mixed) (G1 Evacuation Pause)
[2424.345s][info][gc,task        ] GC(423) Using 6 workers of 6 for evacuation
[2424.476s][info][gc,phases      ] GC(423)   Pre Evacuate Collection Set: 0.37ms
[2424.476s][info][gc,phases      ] GC(423)   Merge Heap Roots: 0.65ms
[2424.476s][info][gc,phases      ] GC(423)   Evacuate Collection Set: 129.30ms
[2424.476s][info][gc,phases      ] GC(423)   Post Evacuate Collection Set: 0.97ms
[2424.476s][info][gc,phases      ] GC(423)   Other: 0.08ms
[2424.476s][info][gc,heap        ] GC(423) Eden regions: 1104->0(1121)
[2424.476s][info][gc,heap        ] GC(423) Survivor regions: 112->107(152)
[2424.476s][info][gc,heap        ] GC(423) Old regions: 537->474
[2424.476s][info][gc,heap        ] GC(423) Humongous regions: 80->80
[2424.476s][info][gc,metaspace   ] GC(423) Metaspace: 28947K(29248K)->28947K(29248K) NonClass: 24063K(24192K)->24063K(24192K) Class: 4884K(5056K)->4884K(5056K)
[2424.476s][info][gc             ] GC(423) Pause Young (Mixed) (G1 Evacuation Pause) 3663M->1320M(4096M) 131.499ms
[2424.476s][info][gc,cpu         ] GC(423) User=0.78s Sys=0.00s Real=0.13s
.....[2429.262s][info][gc,start       ] GC(424) Pause Young (Concurrent Start) (G1 Evacuation Pause)
[2429.262s][info][gc,task        ] GC(424) Using 6 workers of 6 for evacuation
[2429.379s][info][gc,phases      ] GC(424)   Pre Evacuate Collection Set: 0.39ms
[2429.379s][info][gc,phases      ] GC(424)   Merge Heap Roots: 0.48ms
[2429.379s][info][gc,phases      ] GC(424)   Evacuate Collection Set: 115.40ms
[2429.379s][info][gc,phases      ] GC(424)   Post Evacuate Collection Set: 0.93ms
[2429.379s][info][gc,phases      ] GC(424)   Other: 0.12ms
[2429.379s][info][gc,heap        ] GC(424) Eden regions: 1121->0(1119)
[2429.379s][info][gc,heap        ] GC(424) Survivor regions: 107->109(154)
[2429.379s][info][gc,heap        ] GC(424) Old regions: 474->505
[2429.379s][info][gc,heap        ] GC(424) Humongous regions: 80->80
[2429.379s][info][gc,metaspace   ] GC(424) Metaspace: 28947K(29248K)->28947K(29248K) NonClass: 24063K(24192K)->24063K(24192K) Class: 4884K(5056K)->4884K(5056K)
[2429.379s][info][gc             ] GC(424) Pause Young (Concurrent Start) (G1 Evacuation Pause) 3562M->1386M(4096M) 117.447ms
[2429.379s][info][gc             ] GC(425) Concurrent Mark Cycle
[2429.379s][info][gc,marking     ] GC(425) Concurrent Scan Root Regions
[2429.379s][info][gc,cpu         ] GC(424) User=0.70s Sys=0.00s Real=0.12s
[2429.558s][info][gc,marking     ] GC(425) Concurrent Scan Root Regions 179.073ms
[2429.558s][info][gc,marking     ] GC(425) Concurrent Mark
[2429.558s][info][gc,marking     ] GC(425) Concurrent Mark From Roots
[2429.558s][info][gc,task        ] GC(425) Using 2 workers of 2 for marking
.[2430.237s][info][gc,marking     ] GC(425) Concurrent Mark From Roots 679.012ms
[2430.237s][info][gc,marking     ] GC(425) Concurrent Preclean
[2430.237s][info][gc,marking     ] GC(425) Concurrent Preclean 0.043ms
[2430.240s][info][gc,start       ] GC(425) Pause Remark
[2430.244s][info][gc             ] GC(425) Pause Remark 1842M->1842M(4096M) 3.918ms
[2430.244s][info][gc,cpu         ] GC(425) User=0.02s Sys=0.00s Real=0.01s
[2430.244s][info][gc,marking     ] GC(425) Concurrent Mark 685.650ms
[2430.244s][info][gc,marking     ] GC(425) Concurrent Rebuild Remembered Sets and Scrub Regions
[2430.512s][info][gc,marking     ] GC(425) Concurrent Rebuild Remembered Sets and Scrub Regions 268.436ms
[2430.512s][info][gc,start       ] GC(425) Pause Cleanup
[2430.513s][info][gc             ] GC(425) Pause Cleanup 1971M->1971M(4096M) 0.128ms
[2430.513s][info][gc,cpu         ] GC(425) User=0.00s Sys=0.00s Real=0.00s
[2430.513s][info][gc,marking     ] GC(425) Concurrent Clear Claimed Marks
[2430.513s][info][gc,marking     ] GC(425) Concurrent Clear Claimed Marks 0.030ms
[2430.513s][info][gc,marking     ] GC(425) Concurrent Cleanup for Next Mark
[2430.518s][info][gc,marking     ] GC(425) Concurrent Cleanup for Next Mark 4.830ms
[2430.518s][info][gc             ] GC(425) Concurrent Mark Cycle 1138.563ms
....[2434.248s][info][gc,start       ] GC(426) Pause Young (Prepare Mixed) (G1 Evacuation Pause)
[2434.248s][info][gc,task        ] GC(426) Using 6 workers of 6 for evacuation
[2434.365s][info][gc,phases      ] GC(426)   Pre Evacuate Collection Set: 0.36ms
[2434.365s][info][gc,phases      ] GC(426)   Merge Heap Roots: 0.52ms
[2434.365s][info][gc,phases      ] GC(426)   Evacuate Collection Set: 115.25ms
[2434.365s][info][gc,phases      ] GC(426)   Post Evacuate Collection Set: 0.93ms
[2434.365s][info][gc,phases      ] GC(426)   Other: 0.09ms
[2434.365s][info][gc,heap        ] GC(426) Eden regions: 1119->0(1110)
[2434.365s][info][gc,heap        ] GC(426) Survivor regions: 109->109(154)
[2434.365s][info][gc,heap        ] GC(426) Old regions: 505->537
[2434.365s][info][gc,heap        ] GC(426) Humongous regions: 80->80
[2434.365s][info][gc,metaspace   ] GC(426) Metaspace: 28947K(29248K)->28947K(29248K) NonClass: 24063K(24192K)->24063K(24192K) Class: 4884K(5056K)->4884K(5056K)
[2434.365s][info][gc             ] GC(426) Pause Young (Prepare Mixed) (G1 Evacuation Pause) 3624M->1450M(4096M) 117.289ms
[2434.365s][info][gc,cpu         ] GC(426) User=0.70s Sys=0.00s Real=0.12s
....[2439.062s][info][gc,start       ] GC(427) Pause Young (Mixed) (G1 Evacuation Pause)
[2439.062s][info][gc,task        ] GC(427) Using 6 workers of 6 for evacuation
[2439.194s][info][gc,phases      ] GC(427)   Pre Evacuate Collection Set: 0.42ms
[2439.194s][info][gc,phases      ] GC(427)   Merge Heap Roots: 0.69ms
[2439.194s][info][gc,phases      ] GC(427)   Evacuate Collection Set: 129.27ms
[2439.194s][info][gc,phases      ] GC(427)   Post Evacuate Collection Set: 0.98ms
[2439.194s][info][gc,phases      ] GC(427)   Other: 0.09ms
[2439.194s][info][gc,heap        ] GC(427) Eden regions: 1110->0(1119)
[2439.194s][info][gc,heap        ] GC(427) Survivor regions: 109->109(153)
[2439.194s][info][gc,heap        ] GC(427) Old regions: 537->473
[2439.194s][info][gc,heap        ] GC(427) Humongous regions: 80->80
[2439.194s][info][gc,metaspace   ] GC(427) Metaspace: 28947K(29248K)->28947K(29248K) NonClass: 24063K(24192K)->24063K(24192K) Class: 4884K(5056K)->4884K(5056K)
[2439.194s][info][gc             ] GC(427) Pause Young (Mixed) (G1 Evacuation Pause) 3670M->1322M(4096M) 131.581ms
[2439.194s][info][gc,cpu         ] GC(427) User=0.78s Sys=0.00s Real=0.14s
.....[2443.867s][info][gc,start       ] GC(428) Pause Young (Concurrent Start) (G1 Evacuation Pause)
[2443.867s][info][gc,task        ] GC(428) Using 6 workers of 6 for evacuation
[2443.986s][info][gc,phases      ] GC(428)   Pre Evacuate Collection Set: 0.42ms
[2443.986s][info][gc,phases      ] GC(428)   Merge Heap Roots: 0.46ms
[2443.986s][info][gc,phases      ] GC(428)   Evacuate Collection Set: 116.99ms
[2443.986s][info][gc,phases      ] GC(428)   Post Evacuate Collection Set: 0.91ms
[2443.986s][info][gc,phases      ] GC(428)   Other: 0.12ms
[2443.986s][info][gc,heap        ] GC(428) Eden regions: 1119->0(1119)
[2443.986s][info][gc,heap        ] GC(428) Survivor regions: 109->109(154)
[2443.986s][info][gc,heap        ] GC(428) Old regions: 473->506
[2443.986s][info][gc,heap        ] GC(428) Humongous regions: 80->80
[2443.986s][info][gc,metaspace   ] GC(428) Metaspace: 28947K(29248K)->28947K(29248K) NonClass: 24063K(24192K)->24063K(24192K) Class: 4884K(5056K)->4884K(5056K)
[2443.986s][info][gc             ] GC(428) Pause Young (Concurrent Start) (G1 Evacuation Pause) 3560M->1388M(4096M) 119.034ms
[2443.986s][info][gc             ] GC(429) Concurrent Mark Cycle
[2443.986s][info][gc,marking     ] GC(429) Concurrent Scan Root Regions
[2443.986s][info][gc,cpu         ] GC(428) User=0.70s Sys=0.00s Real=0.12s
[2444.142s][info][gc,marking     ] GC(429) Concurrent Scan Root Regions 155.385ms
[2444.142s][info][gc,marking     ] GC(429) Concurrent Mark
[2444.142s][info][gc,marking     ] GC(429) Concurrent Mark From Roots
[2444.142s][info][gc,task        ] GC(429) Using 2 workers of 2 for marking
.[2444.786s][info][gc,marking     ] GC(429) Concurrent Mark From Roots 644.404ms
[2444.786s][info][gc,marking     ] GC(429) Concurrent Preclean
[2444.786s][info][gc,marking     ] GC(429) Concurrent Preclean 0.034ms
[2444.786s][info][gc,start       ] GC(429) Pause Remark
[2444.790s][info][gc             ] GC(429) Pause Remark 1777M->1777M(4096M) 3.839ms
[2444.790s][info][gc,cpu         ] GC(429) User=0.02s Sys=0.00s Real=0.00s
[2444.790s][info][gc,marking     ] GC(429) Concurrent Mark 648.550ms
[2444.790s][info][gc,marking     ] GC(429) Concurrent Rebuild Remembered Sets and Scrub Regions
[2445.020s][info][gc,marking     ] GC(429) Concurrent Rebuild Remembered Sets and Scrub Regions 229.475ms
[2445.020s][info][gc,start       ] GC(429) Pause Cleanup
[2445.020s][info][gc             ] GC(429) Pause Cleanup 1891M->1891M(4096M) 0.128ms
[2445.020s][info][gc,cpu         ] GC(429) User=0.00s Sys=0.00s Real=0.00s
[2445.020s][info][gc,marking     ] GC(429) Concurrent Clear Claimed Marks
[2445.020s][info][gc,marking     ] GC(429) Concurrent Clear Claimed Marks 0.030ms
[2445.020s][info][gc,marking     ] GC(429) Concurrent Cleanup for Next Mark
[2445.023s][info][gc,marking     ] GC(429) Concurrent Cleanup for Next Mark 3.245ms
[2445.023s][info][gc             ] GC(429) Concurrent Mark Cycle 1037.152ms
....[2448.782s][info][gc,start       ] GC(430) Pause Young (Prepare Mixed) (G1 Evacuation Pause)
[2448.782s][info][gc,task        ] GC(430) Using 6 workers of 6 for evacuation
[2448.900s][info][gc,phases      ] GC(430)   Pre Evacuate Collection Set: 0.33ms
[2448.900s][info][gc,phases      ] GC(430)   Merge Heap Roots: 0.56ms
[2448.900s][info][gc,phases      ] GC(430)   Evacuate Collection Set: 116.03ms
[2448.900s][info][gc,phases      ] GC(430)   Post Evacuate Collection Set: 0.97ms
[2448.900s][info][gc,phases      ] GC(430)   Other: 0.09ms
[2448.900s][info][gc,heap        ] GC(430) Eden regions: 1119->0(1111)
[2448.900s][info][gc,heap        ] GC(430) Survivor regions: 109->108(154)
[2448.900s][info][gc,heap        ] GC(430) Old regions: 506->538
[2448.900s][info][gc,heap        ] GC(430) Humongous regions: 80->80
[2448.900s][info][gc,metaspace   ] GC(430) Metaspace: 28947K(29248K)->28947K(29248K) NonClass: 24063K(24192K)->24063K(24192K) Class: 4884K(5056K)->4884K(5056K)
[2448.900s][info][gc             ] GC(430) Pause Young (Prepare Mixed) (G1 Evacuation Pause) 3626M->1449M(4096M) 118.141ms
[2448.900s][info][gc,cpu         ] GC(430) User=0.69s Sys=0.00s Real=0.12s
.....[2453.638s][info][gc,start       ] GC(431) Pause Young (Mixed) (G1 Evacuation Pause)
[2453.638s][info][gc,task        ] GC(431) Using 6 workers of 6 for evacuation
[2453.771s][info][gc,phases      ] GC(431)   Pre Evacuate Collection Set: 0.41ms
[2453.772s][info][gc,phases      ] GC(431)   Merge Heap Roots: 0.72ms
[2453.772s][info][gc,phases      ] GC(431)   Evacuate Collection Set: 131.51ms
[2453.772s][info][gc,phases      ] GC(431)   Post Evacuate Collection Set: 0.98ms
[2453.772s][info][gc,phases      ] GC(431)   Other: 0.09ms
[2453.772s][info][gc,heap        ] GC(431) Eden regions: 1111->0(1119)
[2453.772s][info][gc,heap        ] GC(431) Survivor regions: 108->109(153)
[2453.772s][info][gc,heap        ] GC(431) Old regions: 538->474
[2453.772s][info][gc,heap        ] GC(431) Humongous regions: 80->80
[2453.772s][info][gc,metaspace   ] GC(431) Metaspace: 28947K(29248K)->28947K(29248K) NonClass: 24063K(24192K)->24063K(24192K) Class: 4884K(5056K)->4884K(5056K)
[2453.772s][info][gc             ] GC(431) Pause Young (Mixed) (G1 Evacuation Pause) 3671M->1325M(4096M) 133.837ms
[2453.772s][info][gc,cpu         ] GC(431) User=0.79s Sys=0.00s Real=0.13s
.....[2458.468s][info][gc,start       ] GC(432) Pause Young (Concurrent Start) (G1 Evacuation Pause)
[2458.468s][info][gc,task        ] GC(432) Using 6 workers of 6 for evacuation
[2458.588s][info][gc,phases      ] GC(432)   Pre Evacuate Collection Set: 0.45ms
[2458.588s][info][gc,phases      ] GC(432)   Merge Heap Roots: 0.52ms
[2458.588s][info][gc,phases      ] GC(432)   Evacuate Collection Set: 118.14ms
[2458.588s][info][gc,phases      ] GC(432)   Post Evacuate Collection Set: 0.95ms
[2458.588s][info][gc,phases      ] GC(432)   Other: 0.14ms
[2458.588s][info][gc,heap        ] GC(432) Eden regions: 1119->0(1117)
[2458.588s][info][gc,heap        ] GC(432) Survivor regions: 109->111(154)
[2458.588s][info][gc,heap        ] GC(432) Old regions: 474->507
[2458.588s][info][gc,heap        ] GC(432) Humongous regions: 80->80
[2458.588s][info][gc,metaspace   ] GC(432) Metaspace: 28947K(29248K)->28947K(29248K) NonClass: 24063K(24192K)->24063K(24192K) Class: 4884K(5056K)->4884K(5056K)
[2458.588s][info][gc             ] GC(432) Pause Young (Concurrent Start) (G1 Evacuation Pause) 3563M->1394M(4096M) 120.321ms
[2458.588s][info][gc             ] GC(433) Concurrent Mark Cycle
[2458.588s][info][gc,marking     ] GC(433) Concurrent Scan Root Regions
[2458.588s][info][gc,cpu         ] GC(432) User=0.71s Sys=0.00s Real=0.12s
[2458.726s][info][gc,marking     ] GC(433) Concurrent Scan Root Regions 137.662ms
[2458.726s][info][gc,marking     ] GC(433) Concurrent Mark
[2458.726s][info][gc,marking     ] GC(433) Concurrent Mark From Roots
[2458.726s][info][gc,task        ] GC(433) Using 2 workers of 2 for marking
.[2459.339s][info][gc,marking     ] GC(433) Concurrent Mark From Roots 613.647ms
[2459.340s][info][gc,marking     ] GC(433) Concurrent Preclean
[2459.340s][info][gc,marking     ] GC(433) Concurrent Preclean 0.061ms
[2459.340s][info][gc,start       ] GC(433) Pause Remark
[2459.344s][info][gc             ] GC(433) Pause Remark 1789M->1789M(4096M) 3.748ms
[2459.344s][info][gc,cpu         ] GC(433) User=0.02s Sys=0.00s Real=0.01s
[2459.345s][info][gc,marking     ] GC(433) Concurrent Mark 618.993ms
[2459.345s][info][gc,marking     ] GC(433) Concurrent Rebuild Remembered Sets and Scrub Regions
[2459.615s][info][gc,marking     ] GC(433) Concurrent Rebuild Remembered Sets and Scrub Regions 270.515ms
[2459.616s][info][gc,start       ] GC(433) Pause Cleanup
[2459.616s][info][gc             ] GC(433) Pause Cleanup 1925M->1925M(4096M) 0.135ms
[2459.616s][info][gc,cpu         ] GC(433) User=0.00s Sys=0.00s Real=0.00s
[2459.616s][info][gc,marking     ] GC(433) Concurrent Clear Claimed Marks
[2459.616s][info][gc,marking     ] GC(433) Concurrent Clear Claimed Marks 0.034ms
[2459.616s][info][gc,marking     ] GC(433) Concurrent Cleanup for Next Mark
[2459.620s][info][gc,marking     ] GC(433) Concurrent Cleanup for Next Mark 4.498ms
[2459.620s][info][gc             ] GC(433) Concurrent Mark Cycle 1032.225ms
....[2463.354s][info][gc,start       ] GC(434) Pause Young (Prepare Mixed) (G1 Evacuation Pause)
[2463.355s][info][gc,task        ] GC(434) Using 6 workers of 6 for evacuation
[2463.471s][info][gc,phases      ] GC(434)   Pre Evacuate Collection Set: 0.37ms
[2463.471s][info][gc,phases      ] GC(434)   Merge Heap Roots: 0.54ms
[2463.471s][info][gc,phases      ] GC(434)   Evacuate Collection Set: 114.47ms
[2463.471s][info][gc,phases      ] GC(434)   Post Evacuate Collection Set: 0.96ms
[2463.471s][info][gc,phases      ] GC(434)   Other: 0.09ms
[2463.471s][info][gc,heap        ] GC(434) Eden regions: 1117->0(1109)
[2463.471s][info][gc,heap        ] GC(434) Survivor regions: 111->109(154)
[2463.471s][info][gc,heap        ] GC(434) Old regions: 507->538
[2463.471s][info][gc,heap        ] GC(434) Humongous regions: 80->80
[2463.471s][info][gc,metaspace   ] GC(434) Metaspace: 28947K(29248K)->28947K(29248K) NonClass: 24063K(24192K)->24063K(24192K) Class: 4884K(5056K)->4884K(5056K)
[2463.471s][info][gc             ] GC(434) Pause Young (Prepare Mixed) (G1 Evacuation Pause) 3628M->1451M(4096M) 116.573ms
[2463.471s][info][gc,cpu         ] GC(434) User=0.69s Sys=0.00s Real=0.11s
....[2468.197s][info][gc,start       ] GC(435) Pause Young (Mixed) (G1 Evacuation Pause)
[2468.197s][info][gc,task        ] GC(435) Using 6 workers of 6 for evacuation
[2468.332s][info][gc,phases      ] GC(435)   Pre Evacuate Collection Set: 0.39ms
[2468.332s][info][gc,phases      ] GC(435)   Merge Heap Roots: 0.67ms
[2468.332s][info][gc,phases      ] GC(435)   Evacuate Collection Set: 132.35ms
[2468.332s][info][gc,phases      ] GC(435)   Post Evacuate Collection Set: 1.01ms
[2468.332s][info][gc,phases      ] GC(435)   Other: 0.09ms
[2468.332s][info][gc,heap        ] GC(435) Eden regions: 1109->0(1117)
[2468.332s][info][gc,heap        ] GC(435) Survivor regions: 109->111(153)
[2468.332s][info][gc,heap        ] GC(435) Old regions: 538->473
[2468.332s][info][gc,heap        ] GC(435) Humongous regions: 80->80
[2468.332s][info][gc,metaspace   ] GC(435) Metaspace: 28947K(29248K)->28947K(29248K) NonClass: 24063K(24192K)->24063K(24192K) Class: 4884K(5056K)->4884K(5056K)
[2468.332s][info][gc             ] GC(435) Pause Young (Mixed) (G1 Evacuation Pause) 3669M->1327M(4096M) 134.629ms
[2468.332s][info][gc,cpu         ] GC(435) User=0.79s Sys=0.00s Real=0.13s
..... (rIR:aIR:PR = 3874:3875:3875) (tPR = 57602) [OK] 
  2472s: Performance info:
         Transaction,    Success,    Partial,     Failed,   Receipts, AvgBarcode, 
             Overall,     233369,          0,          0,     221694,      59.48, 
         Response times:
             Request,    Success,    Partial,     Failed,   SkipFail,     Probes,    Samples,      min,      p50,      p90,      p95,      p99,      max, 
       TotalPurchase,     221694,          0,          0,          0,     217710,     239791,      300,     3100,     5300,     7300,    37000,   217000,
     InStorePurchase,     116643,          0,          0,          0,     114657,     125960,      300,     3200,     5400,     7500,    39000,   217000,
      OnlinePurchase,      81746,          0,          0,          0,      80517,      88629,      300,     3000,     5300,     7200,    37000,   193000,
        InstPurchase,      23305,          0,          0,          0,      22536,      25202,      400,     2800,     5000,     6900,    33000,   149000,
          AssocOfCat,        232,          0,          0,          0,        171,        250,    19600,    29000,    39000,    50900,    74940,   170000,
      AssocOfProduct,       2331,          0,          0,          0,       2110,       2505,      800,     4200,     6100,     8600,    46000,   138000,
      BusinessReport,        579,          0,          0,          0,        499,        634,    24000,    32000,    51000,    68500,   158550,   192000,
          CustBuyBeh,       2337,          0,          0,          0,       2156,       2552,      600,     3900,     6100,     9735,    44000,   139000,
       ProductReturn,       6196,          0,          0,          0,       5825,       6714,      200,     3300,     5200,     6900,    36000,   142000,

  2472s: (29%)   IR =   4013 [2473.098s][info][gc,start       ] GC(436) Pause Young (Concurrent Start) (G1 Evacuation Pause)
[2473.098s][info][gc,task        ] GC(436) Using 6 workers of 6 for evacuation
[2473.215s][info][gc,phases      ] GC(436)   Pre Evacuate Collection Set: 0.41ms
[2473.215s][info][gc,phases      ] GC(436)   Merge Heap Roots: 0.52ms
[2473.215s][info][gc,phases      ] GC(436)   Evacuate Collection Set: 115.56ms
[2473.215s][info][gc,phases      ] GC(436)   Post Evacuate Collection Set: 0.91ms
[2473.215s][info][gc,phases      ] GC(436)   Other: 0.12ms
[2473.215s][info][gc,heap        ] GC(436) Eden regions: 1117->0(1119)
[2473.215s][info][gc,heap        ] GC(436) Survivor regions: 111->109(154)
[2473.215s][info][gc,heap        ] GC(436) Old regions: 473->505
[2473.215s][info][gc,heap        ] GC(436) Humongous regions: 80->80
[2473.215s][info][gc,metaspace   ] GC(436) Metaspace: 28947K(29248K)->28947K(29248K) NonClass: 24063K(24192K)->24063K(24192K) Class: 4884K(5056K)->4884K(5056K)
[2473.215s][info][gc             ] GC(436) Pause Young (Concurrent Start) (G1 Evacuation Pause) 3561M->1386M(4096M) 117.641ms
[2473.215s][info][gc             ] GC(437) Concurrent Mark Cycle
[2473.215s][info][gc,marking     ] GC(437) Concurrent Scan Root Regions
[2473.215s][info][gc,cpu         ] GC(436) User=0.69s Sys=0.00s Real=0.12s
.[2473.375s][info][gc,marking     ] GC(437) Concurrent Scan Root Regions 159.830ms
[2473.375s][info][gc,marking     ] GC(437) Concurrent Mark
[2473.375s][info][gc,marking     ] GC(437) Concurrent Mark From Roots
[2473.375s][info][gc,task        ] GC(437) Using 2 workers of 2 for marking
[2474.087s][info][gc,marking     ] GC(437) Concurrent Mark From Roots 711.750ms
[2474.087s][info][gc,marking     ] GC(437) Concurrent Preclean
[2474.087s][info][gc,marking     ] GC(437) Concurrent Preclean 0.066ms
[2474.087s][info][gc,start       ] GC(437) Pause Remark
[2474.091s][info][gc             ] GC(437) Pause Remark 1881M->1881M(4096M) 4.027ms
[2474.091s][info][gc,cpu         ] GC(437) User=0.02s Sys=0.00s Real=0.00s
[2474.091s][info][gc,marking     ] GC(437) Concurrent Mark 716.146ms
[2474.091s][info][gc,marking     ] GC(437) Concurrent Rebuild Remembered Sets and Scrub Regions
[2474.325s][info][gc,marking     ] GC(437) Concurrent Rebuild Remembered Sets and Scrub Regions 234.141ms
[2474.326s][info][gc,start       ] GC(437) Pause Cleanup
[2474.326s][info][gc             ] GC(437) Pause Cleanup 1990M->1990M(4096M) 0.112ms
[2474.326s][info][gc,cpu         ] GC(437) User=0.00s Sys=0.00s Real=0.00s
[2474.326s][info][gc,marking     ] GC(437) Concurrent Clear Claimed Marks
[2474.326s][info][gc,marking     ] GC(437) Concurrent Clear Claimed Marks 0.027ms
[2474.326s][info][gc,marking     ] GC(437) Concurrent Cleanup for Next Mark
[2474.329s][info][gc,marking     ] GC(437) Concurrent Cleanup for Next Mark 3.643ms
[2474.329s][info][gc             ] GC(437) Concurrent Mark Cycle 1114.231ms
....|[2477.827s][info][gc,start       ] GC(438) Pause Young (Prepare Mixed) (G1 Evacuation Pause)
[2477.827s][info][gc,task        ] GC(438) Using 6 workers of 6 for evacuation
[2477.944s][info][gc,phases      ] GC(438)   Pre Evacuate Collection Set: 0.38ms
[2477.944s][info][gc,phases      ] GC(438)   Merge Heap Roots: 0.53ms
[2477.944s][info][gc,phases      ] GC(438)   Evacuate Collection Set: 115.69ms
[2477.944s][info][gc,phases      ] GC(438)   Post Evacuate Collection Set: 0.97ms
[2477.944s][info][gc,phases      ] GC(438)   Other: 0.09ms
[2477.944s][info][gc,heap        ] GC(438) Eden regions: 1119->0(1110)
[2477.944s][info][gc,heap        ] GC(438) Survivor regions: 109->109(154)
[2477.944s][info][gc,heap        ] GC(438) Old regions: 505->537
[2477.944s][info][gc,heap        ] GC(438) Humongous regions: 80->80
[2477.944s][info][gc,metaspace   ] GC(438) Metaspace: 28947K(29248K)->28947K(29248K) NonClass: 24063K(24192K)->24063K(24192K) Class: 4884K(5056K)->4884K(5056K)
[2477.944s][info][gc             ] GC(438) Pause Young (Prepare Mixed) (G1 Evacuation Pause) 3624M->1450M(4096M) 117.835ms
[2477.945s][info][gc,cpu         ] GC(438) User=0.70s Sys=0.00s Real=0.12s
.....[2482.477s][info][gc,start       ] GC(439) Pause Young (Mixed) (G1 Evacuation Pause)
[2482.477s][info][gc,task        ] GC(439) Using 6 workers of 6 for evacuation
[2482.607s][info][gc,phases      ] GC(439)   Pre Evacuate Collection Set: 0.41ms
[2482.607s][info][gc,phases      ] GC(439)   Merge Heap Roots: 0.66ms
[2482.607s][info][gc,phases      ] GC(439)   Evacuate Collection Set: 127.02ms
[2482.607s][info][gc,phases      ] GC(439)   Post Evacuate Collection Set: 1.00ms
[2482.607s][info][gc,phases      ] GC(439)   Other: 0.09ms
[2482.607s][info][gc,heap        ] GC(439) Eden regions: 1110->0(1119)
[2482.607s][info][gc,heap        ] GC(439) Survivor regions: 109->109(153)
[2482.607s][info][gc,heap        ] GC(439) Old regions: 537->474
[2482.607s][info][gc,heap        ] GC(439) Humongous regions: 80->80
[2482.607s][info][gc,metaspace   ] GC(439) Metaspace: 28947K(29248K)->28947K(29248K) NonClass: 24063K(24192K)->24063K(24192K) Class: 4884K(5056K)->4884K(5056K)
[2482.607s][info][gc             ] GC(439) Pause Young (Mixed) (G1 Evacuation Pause) 3670M->1323M(4096M) 129.334ms
[2482.607s][info][gc,cpu         ] GC(439) User=0.76s Sys=0.00s Real=0.13s
....[2487.228s][info][gc,start       ] GC(440) Pause Young (Concurrent Start) (G1 Evacuation Pause)
[2487.228s][info][gc,task        ] GC(440) Using 6 workers of 6 for evacuation
[2487.348s][info][gc,phases      ] GC(440)   Pre Evacuate Collection Set: 0.37ms
[2487.348s][info][gc,phases      ] GC(440)   Merge Heap Roots: 0.50ms
[2487.348s][info][gc,phases      ] GC(440)   Evacuate Collection Set: 117.79ms
[2487.348s][info][gc,phases      ] GC(440)   Post Evacuate Collection Set: 0.91ms
[2487.348s][info][gc,phases      ] GC(440)   Other: 0.12ms
[2487.348s][info][gc,heap        ] GC(440) Eden regions: 1119->0(1118)
[2487.348s][info][gc,heap        ] GC(440) Survivor regions: 109->110(154)
[2487.348s][info][gc,heap        ] GC(440) Old regions: 474->505
[2487.348s][info][gc,heap        ] GC(440) Humongous regions: 80->80
[2487.348s][info][gc,metaspace   ] GC(440) Metaspace: 28947K(29248K)->28947K(29248K) NonClass: 24063K(24192K)->24063K(24192K) Class: 4884K(5056K)->4884K(5056K)
[2487.348s][info][gc             ] GC(440) Pause Young (Concurrent Start) (G1 Evacuation Pause) 3561M->1389M(4096M) 119.816ms
[2487.348s][info][gc             ] GC(441) Concurrent Mark Cycle
[2487.348s][info][gc,marking     ] GC(441) Concurrent Scan Root Regions
[2487.348s][info][gc,cpu         ] GC(440) User=0.71s Sys=0.00s Real=0.12s
.[2487.488s][info][gc,marking     ] GC(441) Concurrent Scan Root Regions 140.437ms
[2487.488s][info][gc,marking     ] GC(441) Concurrent Mark
[2487.488s][info][gc,marking     ] GC(441) Concurrent Mark From Roots
[2487.488s][info][gc,task        ] GC(441) Using 2 workers of 2 for marking
[2488.095s][info][gc,marking     ] GC(441) Concurrent Mark From Roots 606.776ms
[2488.095s][info][gc,marking     ] GC(441) Concurrent Preclean
[2488.095s][info][gc,marking     ] GC(441) Concurrent Preclean 0.065ms
[2488.096s][info][gc,start       ] GC(441) Pause Remark
[2488.100s][info][gc             ] GC(441) Pause Remark 1807M->1807M(4096M) 3.744ms
[2488.100s][info][gc,cpu         ] GC(441) User=0.02s Sys=0.00s Real=0.00s
[2488.100s][info][gc,marking     ] GC(441) Concurrent Mark 612.063ms
[2488.100s][info][gc,marking     ] GC(441) Concurrent Rebuild Remembered Sets and Scrub Regions
[2488.342s][info][gc,marking     ] GC(441) Concurrent Rebuild Remembered Sets and Scrub Regions 241.922ms
[2488.342s][info][gc,start       ] GC(441) Pause Cleanup
[2488.343s][info][gc             ] GC(441) Pause Cleanup 1939M->1939M(4096M) 0.138ms
[2488.343s][info][gc,cpu         ] GC(441) User=0.00s Sys=0.00s Real=0.00s
[2488.343s][info][gc,marking     ] GC(441) Concurrent Clear Claimed Marks
[2488.343s][info][gc,marking     ] GC(441) Concurrent Clear Claimed Marks 0.038ms
[2488.343s][info][gc,marking     ] GC(441) Concurrent Cleanup for Next Mark
[2488.347s][info][gc,marking     ] GC(441) Concurrent Cleanup for Next Mark 3.976ms
[2488.347s][info][gc             ] GC(441) Concurrent Mark Cycle 998.993ms
....[2491.925s][info][gc,start       ] GC(442) Pause Young (Prepare Mixed) (G1 Evacuation Pause)
[2491.925s][info][gc,task        ] GC(442) Using 6 workers of 6 for evacuation
[2492.042s][info][gc,phases      ] GC(442)   Pre Evacuate Collection Set: 0.37ms
[2492.042s][info][gc,phases      ] GC(442)   Merge Heap Roots: 0.54ms
[2492.042s][info][gc,phases      ] GC(442)   Evacuate Collection Set: 115.53ms
[2492.042s][info][gc,phases      ] GC(442)   Post Evacuate Collection Set: 0.99ms
[2492.042s][info][gc,phases      ] GC(442)   Other: 0.09ms
[2492.042s][info][gc,heap        ] GC(442) Eden regions: 1118->0(1112)
[2492.042s][info][gc,heap        ] GC(442) Survivor regions: 110->108(154)
[2492.042s][info][gc,heap        ] GC(442) Old regions: 505->537
[2492.042s][info][gc,heap        ] GC(442) Humongous regions: 80->80
[2492.042s][info][gc,metaspace   ] GC(442) Metaspace: 28947K(29248K)->28947K(29248K) NonClass: 24063K(24192K)->24063K(24192K) Class: 4884K(5056K)->4884K(5056K)
[2492.042s][info][gc             ] GC(442) Pause Young (Prepare Mixed) (G1 Evacuation Pause) 3625M->1448M(4096M) 117.663ms
[2492.042s][info][gc,cpu         ] GC(442) User=0.70s Sys=0.00s Real=0.11s
.....[2496.631s][info][gc,start       ] GC(443) Pause Young (Mixed) (G1 Evacuation Pause)
[2496.631s][info][gc,task        ] GC(443) Using 6 workers of 6 for evacuation
[2496.768s][info][gc,phases      ] GC(443)   Pre Evacuate Collection Set: 0.41ms
[2496.768s][info][gc,phases      ] GC(443)   Merge Heap Roots: 0.74ms
[2496.768s][info][gc,phases      ] GC(443)   Evacuate Collection Set: 134.42ms
[2496.768s][info][gc,phases      ] GC(443)   Post Evacuate Collection Set: 0.97ms
[2496.768s][info][gc,phases      ] GC(443)   Other: 0.09ms
[2496.768s][info][gc,heap        ] GC(443) Eden regions: 1112->0(1117)
[2496.768s][info][gc,heap        ] GC(443) Survivor regions: 108->111(153)
[2496.768s][info][gc,heap        ] GC(443) Old regions: 537->473
[2496.768s][info][gc,heap        ] GC(443) Humongous regions: 80->80
[2496.768s][info][gc,metaspace   ] GC(443) Metaspace: 28947K(29248K)->28947K(29248K) NonClass: 24063K(24192K)->24063K(24192K) Class: 4884K(5056K)->4884K(5056K)
[2496.768s][info][gc             ] GC(443) Pause Young (Mixed) (G1 Evacuation Pause) 3672M->1327M(4096M) 136.763ms
[2496.768s][info][gc,cpu         ] GC(443) User=0.81s Sys=0.00s Real=0.14s
....[2501.333s][info][gc,start       ] GC(444) Pause Young (Concurrent Start) (G1 Evacuation Pause)
[2501.333s][info][gc,task        ] GC(444) Using 6 workers of 6 for evacuation
[2501.450s][info][gc,phases      ] GC(444)   Pre Evacuate Collection Set: 0.39ms
[2501.450s][info][gc,phases      ] GC(444)   Merge Heap Roots: 0.47ms
[2501.450s][info][gc,phases      ] GC(444)   Evacuate Collection Set: 114.91ms
[2501.450s][info][gc,phases      ] GC(444)   Post Evacuate Collection Set: 0.92ms
[2501.450s][info][gc,phases      ] GC(444)   Other: 0.09ms
[2501.450s][info][gc,heap        ] GC(444) Eden regions: 1117->0(1119)
[2501.450s][info][gc,heap        ] GC(444) Survivor regions: 111->109(154)
[2501.450s][info][gc,heap        ] GC(444) Old regions: 473->505
[2501.450s][info][gc,heap        ] GC(444) Humongous regions: 80->80
[2501.450s][info][gc,metaspace   ] GC(444) Metaspace: 28947K(29248K)->28947K(29248K) NonClass: 24063K(24192K)->24063K(24192K) Class: 4884K(5056K)->4884K(5056K)
[2501.450s][info][gc             ] GC(444) Pause Young (Concurrent Start) (G1 Evacuation Pause) 3561M->1385M(4096M) 116.938ms
[2501.450s][info][gc             ] GC(445) Concurrent Mark Cycle
[2501.450s][info][gc,marking     ] GC(445) Concurrent Scan Root Regions
[2501.450s][info][gc,cpu         ] GC(444) User=0.69s Sys=0.00s Real=0.12s
.[2501.626s][info][gc,marking     ] GC(445) Concurrent Scan Root Regions 175.631ms
[2501.626s][info][gc,marking     ] GC(445) Concurrent Mark
[2501.626s][info][gc,marking     ] GC(445) Concurrent Mark From Roots
[2501.626s][info][gc,task        ] GC(445) Using 2 workers of 2 for marking
[2502.337s][info][gc,marking     ] GC(445) Concurrent Mark From Roots 711.583ms
[2502.337s][info][gc,marking     ] GC(445) Concurrent Preclean
[2502.337s][info][gc,marking     ] GC(445) Concurrent Preclean 0.035ms
[2502.338s][info][gc,start       ] GC(445) Pause Remark
[2502.342s][info][gc             ] GC(445) Pause Remark 1897M->1897M(4096M) 4.082ms
[2502.342s][info][gc,cpu         ] GC(445) User=0.02s Sys=0.00s Real=0.00s
[2502.342s][info][gc,marking     ] GC(445) Concurrent Mark 715.996ms
[2502.342s][info][gc,marking     ] GC(445) Concurrent Rebuild Remembered Sets and Scrub Regions
.[2502.582s][info][gc,marking     ] GC(445) Concurrent Rebuild Remembered Sets and Scrub Regions 240.738ms
[2502.583s][info][gc,start       ] GC(445) Pause Cleanup
[2502.583s][info][gc             ] GC(445) Pause Cleanup 1972M->1972M(4096M) 0.117ms
[2502.583s][info][gc,cpu         ] GC(445) User=0.00s Sys=0.00s Real=0.00s
[2502.583s][info][gc,marking     ] GC(445) Concurrent Clear Claimed Marks
[2502.583s][info][gc,marking     ] GC(445) Concurrent Clear Claimed Marks 0.031ms
[2502.583s][info][gc,marking     ] GC(445) Concurrent Cleanup for Next Mark
[2502.586s][info][gc,marking     ] GC(445) Concurrent Cleanup for Next Mark 3.237ms
[2502.586s][info][gc             ] GC(445) Concurrent Mark Cycle 1136.093ms
...[2505.986s][info][gc,start       ] GC(446) Pause Young (Prepare Mixed) (G1 Evacuation Pause)
[2505.986s][info][gc,task        ] GC(446) Using 6 workers of 6 for evacuation
[2506.103s][info][gc,phases      ] GC(446)   Pre Evacuate Collection Set: 0.36ms
[2506.103s][info][gc,phases      ] GC(446)   Merge Heap Roots: 0.59ms
[2506.103s][info][gc,phases      ] GC(446)   Evacuate Collection Set: 115.48ms
[2506.103s][info][gc,phases      ] GC(446)   Post Evacuate Collection Set: 0.96ms
[2506.103s][info][gc,phases      ] GC(446)   Other: 0.09ms
[2506.103s][info][gc,heap        ] GC(446) Eden regions: 1119->0(1114)
[2506.103s][info][gc,heap        ] GC(446) Survivor regions: 109->107(154)
[2506.103s][info][gc,heap        ] GC(446) Old regions: 505->537
[2506.103s][info][gc,heap        ] GC(446) Humongous regions: 80->80
[2506.103s][info][gc,metaspace   ] GC(446) Metaspace: 28947K(29248K)->28947K(29248K) NonClass: 24063K(24192K)->24063K(24192K) Class: 4884K(5056K)->4884K(5056K)
[2506.103s][info][gc             ] GC(446) Pause Young (Prepare Mixed) (G1 Evacuation Pause) 3623M->1446M(4096M) 117.619ms
[2506.103s][info][gc,cpu         ] GC(446) User=0.70s Sys=0.00s Real=0.11s
.....[2510.782s][info][gc,start       ] GC(447) Pause Young (Mixed) (G1 Evacuation Pause)
[2510.782s][info][gc,task        ] GC(447) Using 6 workers of 6 for evacuation
[2510.911s][info][gc,phases      ] GC(447)   Pre Evacuate Collection Set: 0.46ms
[2510.911s][info][gc,phases      ] GC(447)   Merge Heap Roots: 0.70ms
[2510.911s][info][gc,phases      ] GC(447)   Evacuate Collection Set: 126.68ms
[2510.911s][info][gc,phases      ] GC(447)   Post Evacuate Collection Set: 1.02ms
[2510.911s][info][gc,phases      ] GC(447)   Other: 0.10ms
[2510.911s][info][gc,heap        ] GC(447) Eden regions: 1114->0(1120)
[2510.911s][info][gc,heap        ] GC(447) Survivor regions: 107->108(153)
[2510.911s][info][gc,heap        ] GC(447) Old regions: 537->474
[2510.911s][info][gc,heap        ] GC(447) Humongous regions: 80->80
[2510.911s][info][gc,metaspace   ] GC(447) Metaspace: 28947K(29248K)->28947K(29248K) NonClass: 24063K(24192K)->24063K(24192K) Class: 4884K(5056K)->4884K(5056K)
[2510.911s][info][gc             ] GC(447) Pause Young (Mixed) (G1 Evacuation Pause) 3674M->1322M(4096M) 129.139ms
[2510.911s][info][gc,cpu         ] GC(447) User=0.76s Sys=0.00s Real=0.13s
.....[2515.476s][info][gc,start       ] GC(448) Pause Young (Concurrent Start) (G1 Evacuation Pause)
[2515.476s][info][gc,task        ] GC(448) Using 6 workers of 6 for evacuation
[2515.593s][info][gc,phases      ] GC(448)   Pre Evacuate Collection Set: 0.42ms
[2515.593s][info][gc,phases      ] GC(448)   Merge Heap Roots: 0.51ms
[2515.593s][info][gc,phases      ] GC(448)   Evacuate Collection Set: 115.23ms
[2515.593s][info][gc,phases      ] GC(448)   Post Evacuate Collection Set: 0.90ms
[2515.593s][info][gc,phases      ] GC(448)   Other: 0.11ms
[2515.593s][info][gc,heap        ] GC(448) Eden regions: 1120->0(1118)
[2515.593s][info][gc,heap        ] GC(448) Survivor regions: 108->110(154)
[2515.593s][info][gc,heap        ] GC(448) Old regions: 474->505
[2515.593s][info][gc,heap        ] GC(448) Humongous regions: 80->80
[2515.593s][info][gc,metaspace   ] GC(448) Metaspace: 28947K(29248K)->28947K(29248K) NonClass: 24063K(24192K)->24063K(24192K) Class: 4884K(5056K)->4884K(5056K)
[2515.593s][info][gc             ] GC(448) Pause Young (Concurrent Start) (G1 Evacuation Pause) 3562M->1388M(4096M) 117.316ms
[2515.593s][info][gc             ] GC(449) Concurrent Mark Cycle
[2515.593s][info][gc,marking     ] GC(449) Concurrent Scan Root Regions
[2515.593s][info][gc,cpu         ] GC(448) User=0.69s Sys=0.00s Real=0.11s
[2515.755s][info][gc,marking     ] GC(449) Concurrent Scan Root Regions 162.484ms
[2515.755s][info][gc,marking     ] GC(449) Concurrent Mark
[2515.755s][info][gc,marking     ] GC(449) Concurrent Mark From Roots
[2515.755s][info][gc,task        ] GC(449) Using 2 workers of 2 for marking
[2516.462s][info][gc,marking     ] GC(449) Concurrent Mark From Roots 706.040ms
[2516.462s][info][gc,marking     ] GC(449) Concurrent Preclean
[2516.462s][info][gc,marking     ] GC(449) Concurrent Preclean 0.054ms
[2516.462s][info][gc,start       ] GC(449) Pause Remark
[2516.467s][info][gc             ] GC(449) Pause Remark 1861M->1861M(4096M) 4.269ms
[2516.467s][info][gc,cpu         ] GC(449) User=0.03s Sys=0.00s Real=0.01s
[2516.468s][info][gc,marking     ] GC(449) Concurrent Mark 712.172ms
[2516.468s][info][gc,marking     ] GC(449) Concurrent Rebuild Remembered Sets and Scrub Regions
.[2516.822s][info][gc,marking     ] GC(449) Concurrent Rebuild Remembered Sets and Scrub Regions 354.810ms
[2516.823s][info][gc,start       ] GC(449) Pause Cleanup
[2516.823s][info][gc             ] GC(449) Pause Cleanup 2042M->2042M(4096M) 0.138ms
[2516.823s][info][gc,cpu         ] GC(449) User=0.00s Sys=0.00s Real=0.00s
[2516.823s][info][gc,marking     ] GC(449) Concurrent Clear Claimed Marks
[2516.823s][info][gc,marking     ] GC(449) Concurrent Clear Claimed Marks 0.035ms
[2516.823s][info][gc,marking     ] GC(449) Concurrent Cleanup for Next Mark
[2516.827s][info][gc,marking     ] GC(449) Concurrent Cleanup for Next Mark 4.180ms
[2516.827s][info][gc             ] GC(449) Concurrent Mark Cycle 1234.559ms
...[2520.214s][info][gc,start       ] GC(450) Pause Young (Prepare Mixed) (G1 Evacuation Pause)
[2520.214s][info][gc,task        ] GC(450) Using 6 workers of 6 for evacuation
[2520.331s][info][gc,phases      ] GC(450)   Pre Evacuate Collection Set: 0.38ms
[2520.331s][info][gc,phases      ] GC(450)   Merge Heap Roots: 0.53ms
[2520.331s][info][gc,phases      ] GC(450)   Evacuate Collection Set: 115.13ms
[2520.331s][info][gc,phases      ] GC(450)   Post Evacuate Collection Set: 0.99ms
[2520.331s][info][gc,phases      ] GC(450)   Other: 0.08ms
[2520.331s][info][gc,heap        ] GC(450) Eden regions: 1118->0(1111)
[2520.331s][info][gc,heap        ] GC(450) Survivor regions: 110->108(154)
[2520.331s][info][gc,heap        ] GC(450) Old regions: 505->538
[2520.331s][info][gc,heap        ] GC(450) Humongous regions: 80->80
[2520.331s][info][gc,metaspace   ] GC(450) Metaspace: 28947K(29248K)->28947K(29248K) NonClass: 24063K(24192K)->24063K(24192K) Class: 4884K(5056K)->4884K(5056K)
[2520.331s][info][gc             ] GC(450) Pause Young (Prepare Mixed) (G1 Evacuation Pause) 3624M->1450M(4096M) 117.229ms
[2520.331s][info][gc,cpu         ] GC(450) User=0.69s Sys=0.00s Real=0.11s
.....[2524.894s][info][gc,start       ] GC(451) Pause Young (Mixed) (G1 Evacuation Pause)
[2524.894s][info][gc,task        ] GC(451) Using 6 workers of 6 for evacuation
[2525.024s][info][gc,phases      ] GC(451)   Pre Evacuate Collection Set: 0.41ms
[2525.024s][info][gc,phases      ] GC(451)   Merge Heap Roots: 0.73ms
[2525.024s][info][gc,phases      ] GC(451)   Evacuate Collection Set: 127.77ms
[2525.024s][info][gc,phases      ] GC(451)   Post Evacuate Collection Set: 0.99ms
[2525.024s][info][gc,phases      ] GC(451)   Other: 0.11ms
[2525.024s][info][gc,heap        ] GC(451) Eden regions: 1111->0(1121)
[2525.024s][info][gc,heap        ] GC(451) Survivor regions: 108->107(153)
[2525.024s][info][gc,heap        ] GC(451) Old regions: 538->473
[2525.024s][info][gc,heap        ] GC(451) Humongous regions: 80->80
[2525.024s][info][gc,metaspace   ] GC(451) Metaspace: 28947K(29248K)->28947K(29248K) NonClass: 24063K(24192K)->24063K(24192K) Class: 4884K(5056K)->4884K(5056K)
[2525.024s][info][gc             ] GC(451) Pause Young (Mixed) (G1 Evacuation Pause) 3672M->1318M(4096M) 130.147ms
[2525.024s][info][gc,cpu         ] GC(451) User=0.77s Sys=0.00s Real=0.13s
.....[2529.536s][info][gc,start       ] GC(452) Pause Young (Concurrent Start) (G1 Evacuation Pause)
[2529.536s][info][gc,task        ] GC(452) Using 6 workers of 6 for evacuation
[2529.655s][info][gc,phases      ] GC(452)   Pre Evacuate Collection Set: 0.39ms
[2529.655s][info][gc,phases      ] GC(452)   Merge Heap Roots: 0.50ms
[2529.655s][info][gc,phases      ] GC(452)   Evacuate Collection Set: 117.17ms
[2529.655s][info][gc,phases      ] GC(452)   Post Evacuate Collection Set: 0.91ms
[2529.655s][info][gc,phases      ] GC(452)   Other: 0.12ms
[2529.655s][info][gc,heap        ] GC(452) Eden regions: 1121->0(1118)
[2529.655s][info][gc,heap        ] GC(452) Survivor regions: 107->110(154)
[2529.655s][info][gc,heap        ] GC(452) Old regions: 473->505
[2529.655s][info][gc,heap        ] GC(452) Humongous regions: 80->80
[2529.655s][info][gc,metaspace   ] GC(452) Metaspace: 28947K(29248K)->28947K(29248K) NonClass: 24063K(24192K)->24063K(24192K) Class: 4884K(5056K)->4884K(5056K)
[2529.655s][info][gc             ] GC(452) Pause Young (Concurrent Start) (G1 Evacuation Pause) 3560M->1388M(4096M) 119.221ms
[2529.655s][info][gc             ] GC(453) Concurrent Mark Cycle
[2529.655s][info][gc,marking     ] GC(453) Concurrent Scan Root Regions
[2529.655s][info][gc,cpu         ] GC(452) User=0.71s Sys=0.00s Real=0.12s
[2529.828s][info][gc,marking     ] GC(453) Concurrent Scan Root Regions 173.109ms
[2529.828s][info][gc,marking     ] GC(453) Concurrent Mark
[2529.828s][info][gc,marking     ] GC(453) Concurrent Mark From Roots
[2529.828s][info][gc,task        ] GC(453) Using 2 workers of 2 for marking
.[2530.749s][info][gc,marking     ] GC(453) Concurrent Mark From Roots 920.535ms
[2530.749s][info][gc,marking     ] GC(453) Concurrent Preclean
[2530.749s][info][gc,marking     ] GC(453) Concurrent Preclean 0.038ms
[2530.749s][info][gc,start       ] GC(453) Pause Remark
[2530.753s][info][gc             ] GC(453) Pause Remark 1923M->1923M(4096M) 4.555ms
[2530.754s][info][gc,cpu         ] GC(453) User=0.03s Sys=0.00s Real=0.00s
[2530.754s][info][gc,marking     ] GC(453) Concurrent Mark 925.380ms
[2530.754s][info][gc,marking     ] GC(453) Concurrent Rebuild Remembered Sets and Scrub Regions
[2530.994s][info][gc,marking     ] GC(453) Concurrent Rebuild Remembered Sets and Scrub Regions 240.579ms
[2530.994s][info][gc,start       ] GC(453) Pause Cleanup
[2530.994s][info][gc             ] GC(453) Pause Cleanup 2046M->2046M(4096M) 0.120ms
[2530.994s][info][gc,cpu         ] GC(453) User=0.00s Sys=0.00s Real=0.00s
[2530.994s][info][gc,marking     ] GC(453) Concurrent Clear Claimed Marks
[2530.994s][info][gc,marking     ] GC(453) Concurrent Clear Claimed Marks 0.027ms
[2530.994s][info][gc,marking     ] GC(453) Concurrent Cleanup for Next Mark
[2530.998s][info][gc,marking     ] GC(453) Concurrent Cleanup for Next Mark 3.429ms
[2530.998s][info][gc             ] GC(453) Concurrent Mark Cycle 1342.973ms
...[2534.282s][info][gc,start       ] GC(454) Pause Young (Prepare Mixed) (G1 Evacuation Pause)
[2534.283s][info][gc,task        ] GC(454) Using 6 workers of 6 for evacuation
[2534.400s][info][gc,phases      ] GC(454)   Pre Evacuate Collection Set: 0.37ms
[2534.400s][info][gc,phases      ] GC(454)   Merge Heap Roots: 0.55ms
[2534.400s][info][gc,phases      ] GC(454)   Evacuate Collection Set: 115.48ms
[2534.400s][info][gc,phases      ] GC(454)   Post Evacuate Collection Set: 0.97ms
[2534.400s][info][gc,phases      ] GC(454)   Other: 0.10ms
[2534.400s][info][gc,heap        ] GC(454) Eden regions: 1118->0(1110)
[2534.400s][info][gc,heap        ] GC(454) Survivor regions: 110->109(154)
[2534.400s][info][gc,heap        ] GC(454) Old regions: 505->537
[2534.400s][info][gc,heap        ] GC(454) Humongous regions: 80->80
[2534.400s][info][gc,metaspace   ] GC(454) Metaspace: 28948K(29248K)->28948K(29248K) NonClass: 24063K(24192K)->24063K(24192K) Class: 4884K(5056K)->4884K(5056K)
[2534.400s][info][gc             ] GC(454) Pause Young (Prepare Mixed) (G1 Evacuation Pause) 3624M->1450M(4096M) 117.624ms
[2534.400s][info][gc,cpu         ] GC(454) User=0.69s Sys=0.00s Real=0.12s
.... (rIR:aIR:PR = 4013:4013:4013) (tPR = 59329) [OK] 
  2537s: Performance info:
         Transaction,    Success,    Partial,     Failed,   Receipts, AvgBarcode, 
             Overall,     241269,          0,          0,     229209,      59.47, 
         Response times:
             Request,    Success,    Partial,     Failed,   SkipFail,     Probes,    Samples,      min,      p50,      p90,      p95,      p99,      max, 
       TotalPurchase,     229208,          0,          0,          0,     225040,     244576,      300,     3300,     5800,     8500,    37000,   188000,
     InStorePurchase,     120665,          0,          0,          0,     118979,     129240,      300,     3300,     5800,     8500,    37000,   188000,
      OnlinePurchase,      84437,          0,          0,          0,      82842,      89828,      300,     3300,     5900,     8600,    37000,   172000,
        InstPurchase,      24106,          0,          0,          0,      23219,      25508,      400,     3200,     5700,     8200,    36000,   151000,
          AssocOfCat,        243,          0,          0,          0,        194,        270,    21000,    29000,    40000,    45000,    94160,   174000,
      AssocOfProduct,       2401,          0,          0,          0,       2188,       2566,      700,     2900,     4900,     6565,    29000,   136000,
      BusinessReport,        602,          0,          0,          0,        502,        613,    23000,    33000,    50600,    64300,   128060,   218000,
          CustBuyBeh,       2416,          0,          0,          0,       2206,       2589,      200,     2700,     5300,     7600,    35100,   172000,
       ProductReturn,       6398,          0,          0,          0,       6109,       6906,      300,     2600,     5400,     8000,    35000,   188000,

  2537s: (30%)   IR =   4151 .[2538.880s][info][gc,start       ] GC(455) Pause Young (Mixed) (G1 Evacuation Pause)
[2538.880s][info][gc,task        ] GC(455) Using 6 workers of 6 for evacuation
[2539.011s][info][gc,phases      ] GC(455)   Pre Evacuate Collection Set: 0.38ms
[2539.011s][info][gc,phases      ] GC(455)   Merge Heap Roots: 0.70ms
[2539.011s][info][gc,phases      ] GC(455)   Evacuate Collection Set: 128.99ms
[2539.011s][info][gc,phases      ] GC(455)   Post Evacuate Collection Set: 0.97ms
[2539.011s][info][gc,phases      ] GC(455)   Other: 0.09ms
[2539.011s][info][gc,heap        ] GC(455) Eden regions: 1110->0(1121)
[2539.011s][info][gc,heap        ] GC(455) Survivor regions: 109->107(153)
[2539.011s][info][gc,heap        ] GC(455) Old regions: 537->474
[2539.011s][info][gc,heap        ] GC(455) Humongous regions: 80->80
[2539.011s][info][gc,metaspace   ] GC(455) Metaspace: 28948K(29248K)->28948K(29248K) NonClass: 24063K(24192K)->24063K(24192K) Class: 4884K(5056K)->4884K(5056K)
[2539.011s][info][gc             ] GC(455) Pause Young (Mixed) (G1 Evacuation Pause) 3670M->1320M(4096M) 131.264ms
[2539.011s][info][gc,cpu         ] GC(455) User=0.77s Sys=0.00s Real=0.13s
...|..[2543.532s][info][gc,start       ] GC(456) Pause Young (Concurrent Start) (G1 Evacuation Pause)
[2543.532s][info][gc,task        ] GC(456) Using 6 workers of 6 for evacuation
[2543.652s][info][gc,phases      ] GC(456)   Pre Evacuate Collection Set: 0.39ms
[2543.652s][info][gc,phases      ] GC(456)   Merge Heap Roots: 0.49ms
[2543.652s][info][gc,phases      ] GC(456)   Evacuate Collection Set: 117.52ms
[2543.652s][info][gc,phases      ] GC(456)   Post Evacuate Collection Set: 0.95ms
[2543.652s][info][gc,phases      ] GC(456)   Other: 0.12ms
[2543.652s][info][gc,heap        ] GC(456) Eden regions: 1121->0(1117)
[2543.652s][info][gc,heap        ] GC(456) Survivor regions: 107->111(154)
[2543.652s][info][gc,heap        ] GC(456) Old regions: 474->507
[2543.652s][info][gc,heap        ] GC(456) Humongous regions: 80->80
[2543.652s][info][gc,metaspace   ] GC(456) Metaspace: 28948K(29248K)->28948K(29248K) NonClass: 24063K(24192K)->24063K(24192K) Class: 4884K(5056K)->4884K(5056K)
[2543.652s][info][gc             ] GC(456) Pause Young (Concurrent Start) (G1 Evacuation Pause) 3562M->1394M(4096M) 119.614ms
[2543.652s][info][gc             ] GC(457) Concurrent Mark Cycle
[2543.652s][info][gc,marking     ] GC(457) Concurrent Scan Root Regions
[2543.652s][info][gc,cpu         ] GC(456) User=0.71s Sys=0.00s Real=0.12s
[2543.795s][info][gc,marking     ] GC(457) Concurrent Scan Root Regions 142.991ms
[2543.795s][info][gc,marking     ] GC(457) Concurrent Mark
[2543.795s][info][gc,marking     ] GC(457) Concurrent Mark From Roots
[2543.795s][info][gc,task        ] GC(457) Using 2 workers of 2 for marking
[2544.498s][info][gc,marking     ] GC(457) Concurrent Mark From Roots 703.041ms
[2544.498s][info][gc,marking     ] GC(457) Concurrent Preclean
[2544.498s][info][gc,marking     ] GC(457) Concurrent Preclean 0.049ms
[2544.498s][info][gc,start       ] GC(457) Pause Remark
[2544.502s][info][gc             ] GC(457) Pause Remark 1826M->1826M(4096M) 4.064ms
[2544.502s][info][gc,cpu         ] GC(457) User=0.03s Sys=0.00s Real=0.00s
[2544.502s][info][gc,marking     ] GC(457) Concurrent Mark 707.428ms
[2544.502s][info][gc,marking     ] GC(457) Concurrent Rebuild Remembered Sets and Scrub Regions
.[2544.746s][info][gc,marking     ] GC(457) Concurrent Rebuild Remembered Sets and Scrub Regions 243.384ms
[2544.746s][info][gc,start       ] GC(457) Pause Cleanup
[2544.746s][info][gc             ] GC(457) Pause Cleanup 1997M->1997M(4096M) 0.123ms
[2544.746s][info][gc,cpu         ] GC(457) User=0.00s Sys=0.00s Real=0.00s
[2544.746s][info][gc,marking     ] GC(457) Concurrent Clear Claimed Marks
[2544.746s][info][gc,marking     ] GC(457) Concurrent Clear Claimed Marks 0.036ms
[2544.746s][info][gc,marking     ] GC(457) Concurrent Cleanup for Next Mark
[2544.750s][info][gc,marking     ] GC(457) Concurrent Cleanup for Next Mark 4.149ms
[2544.750s][info][gc             ] GC(457) Concurrent Mark Cycle 1098.499ms
...[2548.051s][info][gc,start       ] GC(458) Pause Young (Prepare Mixed) (G1 Evacuation Pause)
[2548.051s][info][gc,task        ] GC(458) Using 6 workers of 6 for evacuation
[2548.168s][info][gc,phases      ] GC(458)   Pre Evacuate Collection Set: 0.39ms
[2548.168s][info][gc,phases      ] GC(458)   Merge Heap Roots: 0.50ms
[2548.168s][info][gc,phases      ] GC(458)   Evacuate Collection Set: 115.46ms
[2548.168s][info][gc,phases      ] GC(458)   Post Evacuate Collection Set: 0.99ms
[2548.168s][info][gc,phases      ] GC(458)   Other: 0.09ms
[2548.168s][info][gc,heap        ] GC(458) Eden regions: 1117->0(1109)
[2548.168s][info][gc,heap        ] GC(458) Survivor regions: 111->109(154)
[2548.168s][info][gc,heap        ] GC(458) Old regions: 507->538
[2548.168s][info][gc,heap        ] GC(458) Humongous regions: 80->80
[2548.168s][info][gc,metaspace   ] GC(458) Metaspace: 28948K(29248K)->28948K(29248K) NonClass: 24063K(24192K)->24063K(24192K) Class: 4884K(5056K)->4884K(5056K)
[2548.168s][info][gc             ] GC(458) Pause Young (Prepare Mixed) (G1 Evacuation Pause) 3628M->1452M(4096M) 117.564ms
[2548.168s][info][gc,cpu         ] GC(458) User=0.70s Sys=0.00s Real=0.12s
.....[2552.601s][info][gc,start       ] GC(459) Pause Young (Mixed) (G1 Evacuation Pause)
[2552.601s][info][gc,task        ] GC(459) Using 6 workers of 6 for evacuation
[2552.733s][info][gc,phases      ] GC(459)   Pre Evacuate Collection Set: 0.39ms
[2552.733s][info][gc,phases      ] GC(459)   Merge Heap Roots: 0.70ms
[2552.733s][info][gc,phases      ] GC(459)   Evacuate Collection Set: 129.73ms
[2552.733s][info][gc,phases      ] GC(459)   Post Evacuate Collection Set: 1.03ms
[2552.733s][info][gc,phases      ] GC(459)   Other: 0.09ms
[2552.733s][info][gc,heap        ] GC(459) Eden regions: 1109->0(1118)
[2552.733s][info][gc,heap        ] GC(459) Survivor regions: 109->110(153)
[2552.733s][info][gc,heap        ] GC(459) Old regions: 538->475
[2552.733s][info][gc,heap        ] GC(459) Humongous regions: 80->80
[2552.733s][info][gc,metaspace   ] GC(459) Metaspace: 28948K(29248K)->28948K(29248K) NonClass: 24063K(24192K)->24063K(24192K) Class: 4884K(5056K)->4884K(5056K)
[2552.733s][info][gc             ] GC(459) Pause Young (Mixed) (G1 Evacuation Pause) 3670M->1328M(4096M) 132.072ms
[2552.733s][info][gc,cpu         ] GC(459) User=0.78s Sys=0.00s Real=0.13s
....[2557.256s][info][gc,start       ] GC(460) Pause Young (Concurrent Start) (G1 Evacuation Pause)
[2557.256s][info][gc,task        ] GC(460) Using 6 workers of 6 for evacuation
[2557.377s][info][gc,phases      ] GC(460)   Pre Evacuate Collection Set: 0.41ms
[2557.377s][info][gc,phases      ] GC(460)   Merge Heap Roots: 0.50ms
[2557.377s][info][gc,phases      ] GC(460)   Evacuate Collection Set: 119.53ms
[2557.377s][info][gc,phases      ] GC(460)   Post Evacuate Collection Set: 0.92ms
[2557.377s][info][gc,phases      ] GC(460)   Other: 0.11ms
[2557.377s][info][gc,heap        ] GC(460) Eden regions: 1118->0(1115)
[2557.377s][info][gc,heap        ] GC(460) Survivor regions: 110->113(154)
[2557.377s][info][gc,heap        ] GC(460) Old regions: 475->507
[2557.377s][info][gc,heap        ] GC(460) Humongous regions: 80->80
[2557.377s][info][gc,metaspace   ] GC(460) Metaspace: 28948K(29248K)->28948K(29248K) NonClass: 24063K(24192K)->24063K(24192K) Class: 4884K(5056K)->4884K(5056K)
[2557.377s][info][gc             ] GC(460) Pause Young (Concurrent Start) (G1 Evacuation Pause) 3564M->1398M(4096M) 121.593ms
[2557.378s][info][gc             ] GC(461) Concurrent Mark Cycle
[2557.378s][info][gc,marking     ] GC(461) Concurrent Scan Root Regions
[2557.378s][info][gc,cpu         ] GC(460) User=0.72s Sys=0.00s Real=0.12s
[2557.518s][info][gc,marking     ] GC(461) Concurrent Scan Root Regions 140.519ms
[2557.518s][info][gc,marking     ] GC(461) Concurrent Mark
[2557.518s][info][gc,marking     ] GC(461) Concurrent Mark From Roots
[2557.518s][info][gc,task        ] GC(461) Using 2 workers of 2 for marking
.[2558.182s][info][gc,marking     ] GC(461) Concurrent Mark From Roots 663.421ms
[2558.182s][info][gc,marking     ] GC(461) Concurrent Preclean
[2558.182s][info][gc,marking     ] GC(461) Concurrent Preclean 0.034ms
[2558.182s][info][gc,start       ] GC(461) Pause Remark
[2558.186s][info][gc             ] GC(461) Pause Remark 1925M->1925M(4096M) 4.371ms
[2558.186s][info][gc,cpu         ] GC(461) User=0.02s Sys=0.00s Real=0.01s
[2558.186s][info][gc,marking     ] GC(461) Concurrent Mark 668.126ms
[2558.186s][info][gc,marking     ] GC(461) Concurrent Rebuild Remembered Sets and Scrub Regions
[2558.414s][info][gc,marking     ] GC(461) Concurrent Rebuild Remembered Sets and Scrub Regions 227.918ms
[2558.414s][info][gc,start       ] GC(461) Pause Cleanup
[2558.414s][info][gc             ] GC(461) Pause Cleanup 2038M->2038M(4096M) 0.121ms
[2558.414s][info][gc,cpu         ] GC(461) User=0.00s Sys=0.00s Real=0.00s
[2558.414s][info][gc,marking     ] GC(461) Concurrent Clear Claimed Marks
[2558.415s][info][gc,marking     ] GC(461) Concurrent Clear Claimed Marks 0.033ms
[2558.415s][info][gc,marking     ] GC(461) Concurrent Cleanup for Next Mark
[2558.460s][info][gc,marking     ] GC(461) Concurrent Cleanup for Next Mark 45.136ms
[2558.460s][info][gc             ] GC(461) Concurrent Mark Cycle 1082.230ms
....[2561.726s][info][gc,start       ] GC(462) Pause Young (Prepare Mixed) (G1 Evacuation Pause)
[2561.726s][info][gc,task        ] GC(462) Using 6 workers of 6 for evacuation
[2561.845s][info][gc,phases      ] GC(462)   Pre Evacuate Collection Set: 0.36ms
[2561.845s][info][gc,phases      ] GC(462)   Merge Heap Roots: 0.50ms
[2561.845s][info][gc,phases      ] GC(462)   Evacuate Collection Set: 116.45ms
[2561.845s][info][gc,phases      ] GC(462)   Post Evacuate Collection Set: 0.95ms
[2561.845s][info][gc,phases      ] GC(462)   Other: 0.09ms
[2561.845s][info][gc,heap        ] GC(462) Eden regions: 1115->0(1106)
[2561.845s][info][gc,heap        ] GC(462) Survivor regions: 113->110(154)
[2561.845s][info][gc,heap        ] GC(462) Old regions: 507->539
[2561.845s][info][gc,heap        ] GC(462) Humongous regions: 80->80
[2561.845s][info][gc,metaspace   ] GC(462) Metaspace: 28948K(29248K)->28948K(29248K) NonClass: 24063K(24192K)->24063K(24192K) Class: 4884K(5056K)->4884K(5056K)
[2561.845s][info][gc             ] GC(462) Pause Young (Prepare Mixed) (G1 Evacuation Pause) 3628M->1456M(4096M) 118.503ms
[2561.845s][info][gc,cpu         ] GC(462) User=0.70s Sys=0.00s Real=0.12s
....[2566.202s][info][gc,start       ] GC(463) Pause Young (Mixed) (G1 Evacuation Pause)
[2566.202s][info][gc,task        ] GC(463) Using 6 workers of 6 for evacuation
[2566.332s][info][gc,phases      ] GC(463)   Pre Evacuate Collection Set: 0.42ms
[2566.332s][info][gc,phases      ] GC(463)   Merge Heap Roots: 0.65ms
[2566.332s][info][gc,phases      ] GC(463)   Evacuate Collection Set: 128.15ms
[2566.332s][info][gc,phases      ] GC(463)   Post Evacuate Collection Set: 0.95ms
[2566.332s][info][gc,phases      ] GC(463)   Other: 0.09ms
[2566.332s][info][gc,heap        ] GC(463) Eden regions: 1106->0(1122)
[2566.332s][info][gc,heap        ] GC(463) Survivor regions: 110->106(152)
[2566.332s][info][gc,heap        ] GC(463) Old regions: 539->474
[2566.332s][info][gc,heap        ] GC(463) Humongous regions: 80->80
[2566.332s][info][gc,metaspace   ] GC(463) Metaspace: 28948K(29248K)->28948K(29248K) NonClass: 24063K(24192K)->24063K(24192K) Class: 4884K(5056K)->4884K(5056K)
[2566.332s][info][gc             ] GC(463) Pause Young (Mixed) (G1 Evacuation Pause) 3668M->1319M(4096M) 130.392ms
[2566.332s][info][gc,cpu         ] GC(463) User=0.77s Sys=0.00s Real=0.13s
.....[2570.813s][info][gc,start       ] GC(464) Pause Young (Concurrent Start) (G1 Evacuation Pause)
[2570.813s][info][gc,task        ] GC(464) Using 6 workers of 6 for evacuation
[2570.933s][info][gc,phases      ] GC(464)   Pre Evacuate Collection Set: 0.42ms
[2570.933s][info][gc,phases      ] GC(464)   Merge Heap Roots: 0.50ms
[2570.933s][info][gc,phases      ] GC(464)   Evacuate Collection Set: 117.45ms
[2570.933s][info][gc,phases      ] GC(464)   Post Evacuate Collection Set: 0.92ms
[2570.933s][info][gc,phases      ] GC(464)   Other: 0.12ms
[2570.933s][info][gc,heap        ] GC(464) Eden regions: 1122->0(1120)
[2570.933s][info][gc,heap        ] GC(464) Survivor regions: 106->108(154)
[2570.933s][info][gc,heap        ] GC(464) Old regions: 474->505
[2570.933s][info][gc,heap        ] GC(464) Humongous regions: 80->80
[2570.933s][info][gc,metaspace   ] GC(464) Metaspace: 28948K(29248K)->28948K(29248K) NonClass: 24063K(24192K)->24063K(24192K) Class: 4884K(5056K)->4884K(5056K)
[2570.933s][info][gc             ] GC(464) Pause Young (Concurrent Start) (G1 Evacuation Pause) 3563M->1385M(4096M) 119.555ms
[2570.933s][info][gc             ] GC(465) Concurrent Mark Cycle
[2570.933s][info][gc,marking     ] GC(465) Concurrent Scan Root Regions
[2570.933s][info][gc,cpu         ] GC(464) User=0.71s Sys=0.00s Real=0.12s
[2571.118s][info][gc,marking     ] GC(465) Concurrent Scan Root Regions 184.910ms
[2571.118s][info][gc,marking     ] GC(465) Concurrent Mark
[2571.118s][info][gc,marking     ] GC(465) Concurrent Mark From Roots
[2571.118s][info][gc,task        ] GC(465) Using 2 workers of 2 for marking
.[2571.829s][info][gc,marking     ] GC(465) Concurrent Mark From Roots 710.771ms
[2571.829s][info][gc,marking     ] GC(465) Concurrent Preclean
[2571.829s][info][gc,marking     ] GC(465) Concurrent Preclean 0.035ms
[2571.829s][info][gc,start       ] GC(465) Pause Remark
[2571.833s][info][gc             ] GC(465) Pause Remark 1916M->1916M(4096M) 4.092ms
[2571.833s][info][gc,cpu         ] GC(465) User=0.03s Sys=0.00s Real=0.00s
[2571.833s][info][gc,marking     ] GC(465) Concurrent Mark 715.189ms
[2571.833s][info][gc,marking     ] GC(465) Concurrent Rebuild Remembered Sets and Scrub Regions
[2572.076s][info][gc,marking     ] GC(465) Concurrent Rebuild Remembered Sets and Scrub Regions 243.151ms
[2572.076s][info][gc,start       ] GC(465) Pause Cleanup
[2572.077s][info][gc             ] GC(465) Pause Cleanup 2014M->2014M(4096M) 0.127ms
[2572.077s][info][gc,cpu         ] GC(465) User=0.00s Sys=0.00s Real=0.00s
[2572.077s][info][gc,marking     ] GC(465) Concurrent Clear Claimed Marks
[2572.077s][info][gc,marking     ] GC(465) Concurrent Clear Claimed Marks 0.028ms
[2572.077s][info][gc,marking     ] GC(465) Concurrent Cleanup for Next Mark
[2572.081s][info][gc,marking     ] GC(465) Concurrent Cleanup for Next Mark 4.011ms
[2572.081s][info][gc             ] GC(465) Concurrent Mark Cycle 1147.782ms
...[2575.335s][info][gc,start       ] GC(466) Pause Young (Prepare Mixed) (G1 Evacuation Pause)
[2575.335s][info][gc,task        ] GC(466) Using 6 workers of 6 for evacuation
[2575.452s][info][gc,phases      ] GC(466)   Pre Evacuate Collection Set: 0.36ms
[2575.452s][info][gc,phases      ] GC(466)   Merge Heap Roots: 0.54ms
[2575.452s][info][gc,phases      ] GC(466)   Evacuate Collection Set: 115.17ms
[2575.452s][info][gc,phases      ] GC(466)   Post Evacuate Collection Set: 0.95ms
[2575.452s][info][gc,phases      ] GC(466)   Other: 0.08ms
[2575.452s][info][gc,heap        ] GC(466) Eden regions: 1120->0(1110)
[2575.452s][info][gc,heap        ] GC(466) Survivor regions: 108->109(154)
[2575.452s][info][gc,heap        ] GC(466) Old regions: 505->537
[2575.452s][info][gc,heap        ] GC(466) Humongous regions: 80->80
[2575.452s][info][gc,metaspace   ] GC(466) Metaspace: 28948K(29248K)->28948K(29248K) NonClass: 24063K(24192K)->24063K(24192K) Class: 4884K(5056K)->4884K(5056K)
[2575.452s][info][gc             ] GC(466) Pause Young (Prepare Mixed) (G1 Evacuation Pause) 3625M->1450M(4096M) 117.236ms
[2575.452s][info][gc,cpu         ] GC(466) User=0.69s Sys=0.00s Real=0.11s
.....[2579.857s][info][gc,start       ] GC(467) Pause Young (Mixed) (G1 Evacuation Pause)
[2579.857s][info][gc,task        ] GC(467) Using 6 workers of 6 for evacuation
[2579.988s][info][gc,phases      ] GC(467)   Pre Evacuate Collection Set: 0.40ms
[2579.988s][info][gc,phases      ] GC(467)   Merge Heap Roots: 0.70ms
[2579.988s][info][gc,phases      ] GC(467)   Evacuate Collection Set: 128.17ms
[2579.988s][info][gc,phases      ] GC(467)   Post Evacuate Collection Set: 0.95ms
[2579.988s][info][gc,phases      ] GC(467)   Other: 0.09ms
[2579.988s][info][gc,heap        ] GC(467) Eden regions: 1110->0(1120)
[2579.988s][info][gc,heap        ] GC(467) Survivor regions: 109->108(153)
[2579.988s][info][gc,heap        ] GC(467) Old regions: 537->474
[2579.988s][info][gc,heap        ] GC(467) Humongous regions: 80->80
[2579.988s][info][gc,metaspace   ] GC(467) Metaspace: 28948K(29248K)->28948K(29248K) NonClass: 24063K(24192K)->24063K(24192K) Class: 4884K(5056K)->4884K(5056K)
[2579.988s][info][gc             ] GC(467) Pause Young (Mixed) (G1 Evacuation Pause) 3670M->1321M(4096M) 130.436ms
[2579.988s][info][gc,cpu         ] GC(467) User=0.77s Sys=0.00s Real=0.13s
....[2584.410s][info][gc,start       ] GC(468) Pause Young (Concurrent Start) (G1 Evacuation Pause)
[2584.410s][info][gc,task        ] GC(468) Using 6 workers of 6 for evacuation
[2584.527s][info][gc,phases      ] GC(468)   Pre Evacuate Collection Set: 0.40ms
[2584.527s][info][gc,phases      ] GC(468)   Merge Heap Roots: 0.51ms
[2584.527s][info][gc,phases      ] GC(468)   Evacuate Collection Set: 115.90ms
[2584.527s][info][gc,phases      ] GC(468)   Post Evacuate Collection Set: 0.90ms
[2584.527s][info][gc,phases      ] GC(468)   Other: 0.11ms
[2584.527s][info][gc,heap        ] GC(468) Eden regions: 1120->0(1119)
[2584.527s][info][gc,heap        ] GC(468) Survivor regions: 108->109(154)
[2584.527s][info][gc,heap        ] GC(468) Old regions: 474->506
[2584.527s][info][gc,heap        ] GC(468) Humongous regions: 80->80
[2584.527s][info][gc,metaspace   ] GC(468) Metaspace: 28948K(29248K)->28948K(29248K) NonClass: 24063K(24192K)->24063K(24192K) Class: 4884K(5056K)->4884K(5056K)
[2584.527s][info][gc             ] GC(468) Pause Young (Concurrent Start) (G1 Evacuation Pause) 3561M->1388M(4096M) 117.976ms
[2584.528s][info][gc             ] GC(469) Concurrent Mark Cycle
[2584.528s][info][gc,marking     ] GC(469) Concurrent Scan Root Regions
[2584.528s][info][gc,cpu         ] GC(468) User=0.69s Sys=0.00s Real=0.12s
.[2584.698s][info][gc,marking     ] GC(469) Concurrent Scan Root Regions 169.991ms
[2584.698s][info][gc,marking     ] GC(469) Concurrent Mark
[2584.698s][info][gc,marking     ] GC(469) Concurrent Mark From Roots
[2584.698s][info][gc,task        ] GC(469) Using 2 workers of 2 for marking
[2585.465s][info][gc,marking     ] GC(469) Concurrent Mark From Roots 767.080ms
[2585.465s][info][gc,marking     ] GC(469) Concurrent Preclean
[2585.465s][info][gc,marking     ] GC(469) Concurrent Preclean 0.042ms
[2585.465s][info][gc,start       ] GC(469) Pause Remark
[2585.469s][info][gc             ] GC(469) Pause Remark 1925M->1925M(4096M) 4.042ms
[2585.469s][info][gc,cpu         ] GC(469) User=0.02s Sys=0.00s Real=0.00s
[2585.469s][info][gc,marking     ] GC(469) Concurrent Mark 771.429ms
[2585.469s][info][gc,marking     ] GC(469) Concurrent Rebuild Remembered Sets and Scrub Regions
[2585.680s][info][gc,marking     ] GC(469) Concurrent Rebuild Remembered Sets and Scrub Regions 211.384ms
[2585.681s][info][gc,start       ] GC(469) Pause Cleanup
[2585.681s][info][gc             ] GC(469) Pause Cleanup 2033M->2033M(4096M) 0.136ms
[2585.681s][info][gc,cpu         ] GC(469) User=0.00s Sys=0.00s Real=0.00s
[2585.682s][info][gc,marking     ] GC(469) Concurrent Clear Claimed Marks
[2585.682s][info][gc,marking     ] GC(469) Concurrent Clear Claimed Marks 0.039ms
[2585.682s][info][gc,marking     ] GC(469) Concurrent Cleanup for Next Mark
.[2585.686s][info][gc,marking     ] GC(469) Concurrent Cleanup for Next Mark 4.418ms
[2585.686s][info][gc             ] GC(469) Concurrent Mark Cycle 1158.937ms
...[2588.946s][info][gc,start       ] GC(470) Pause Young (Prepare Mixed) (G1 Evacuation Pause)
[2588.946s][info][gc,task        ] GC(470) Using 6 workers of 6 for evacuation
[2589.064s][info][gc,phases      ] GC(470)   Pre Evacuate Collection Set: 0.37ms
[2589.064s][info][gc,phases      ] GC(470)   Merge Heap Roots: 0.58ms
[2589.064s][info][gc,phases      ] GC(470)   Evacuate Collection Set: 116.00ms
[2589.064s][info][gc,phases      ] GC(470)   Post Evacuate Collection Set: 0.96ms
[2589.064s][info][gc,phases      ] GC(470)   Other: 0.09ms
[2589.064s][info][gc,heap        ] GC(470) Eden regions: 1119->0(1112)
[2589.064s][info][gc,heap        ] GC(470) Survivor regions: 109->108(154)
[2589.064s][info][gc,heap        ] GC(470) Old regions: 506->537
[2589.064s][info][gc,heap        ] GC(470) Humongous regions: 80->80
[2589.064s][info][gc,metaspace   ] GC(470) Metaspace: 28948K(29248K)->28948K(29248K) NonClass: 24063K(24192K)->24063K(24192K) Class: 4884K(5056K)->4884K(5056K)
[2589.064s][info][gc             ] GC(470) Pause Young (Prepare Mixed) (G1 Evacuation Pause) 3626M->1448M(4096M) 118.156ms
[2589.064s][info][gc,cpu         ] GC(470) User=0.70s Sys=0.00s Real=0.12s
....[2593.487s][info][gc,start       ] GC(471) Pause Young (Mixed) (G1 Evacuation Pause)
[2593.487s][info][gc,task        ] GC(471) Using 6 workers of 6 for evacuation
[2593.620s][info][gc,phases      ] GC(471)   Pre Evacuate Collection Set: 0.40ms
[2593.620s][info][gc,phases      ] GC(471)   Merge Heap Roots: 0.71ms
[2593.620s][info][gc,phases      ] GC(471)   Evacuate Collection Set: 130.69ms
[2593.620s][info][gc,phases      ] GC(471)   Post Evacuate Collection Set: 0.98ms
[2593.620s][info][gc,phases      ] GC(471)   Other: 0.09ms
[2593.620s][info][gc,heap        ] GC(471) Eden regions: 1112->0(1119)
[2593.620s][info][gc,heap        ] GC(471) Survivor regions: 108->109(153)
[2593.620s][info][gc,heap        ] GC(471) Old regions: 537->475
[2593.620s][info][gc,heap        ] GC(471) Humongous regions: 80->80
[2593.620s][info][gc,metaspace   ] GC(471) Metaspace: 28948K(29248K)->28948K(29248K) NonClass: 24063K(24192K)->24063K(24192K) Class: 4884K(5056K)->4884K(5056K)
[2593.620s][info][gc             ] GC(471) Pause Young (Mixed) (G1 Evacuation Pause) 3672M->1326M(4096M) 133.046ms
[2593.620s][info][gc,cpu         ] GC(471) User=0.79s Sys=0.00s Real=0.13s
.....[2598.047s][info][gc,start       ] GC(472) Pause Young (Concurrent Start) (G1 Evacuation Pause)
[2598.047s][info][gc,task        ] GC(472) Using 6 workers of 6 for evacuation
[2598.167s][info][gc,phases      ] GC(472)   Pre Evacuate Collection Set: 0.41ms
[2598.167s][info][gc,phases      ] GC(472)   Merge Heap Roots: 0.46ms
[2598.167s][info][gc,phases      ] GC(472)   Evacuate Collection Set: 118.18ms
[2598.167s][info][gc,phases      ] GC(472)   Post Evacuate Collection Set: 0.90ms
[2598.167s][info][gc,phases      ] GC(472)   Other: 0.12ms
[2598.167s][info][gc,heap        ] GC(472) Eden regions: 1119->0(1118)
[2598.167s][info][gc,heap        ] GC(472) Survivor regions: 109->110(154)
[2598.167s][info][gc,heap        ] GC(472) Old regions: 475->506
[2598.167s][info][gc,heap        ] GC(472) Humongous regions: 80->80
[2598.167s][info][gc,metaspace   ] GC(472) Metaspace: 28948K(29248K)->28948K(29248K) NonClass: 24063K(24192K)->24063K(24192K) Class: 4884K(5056K)->4884K(5056K)
[2598.167s][info][gc             ] GC(472) Pause Young (Concurrent Start) (G1 Evacuation Pause) 3564M->1391M(4096M) 120.196ms
[2598.167s][info][gc             ] GC(473) Concurrent Mark Cycle
[2598.167s][info][gc,marking     ] GC(473) Concurrent Scan Root Regions
[2598.167s][info][gc,cpu         ] GC(472) User=0.71s Sys=0.00s Real=0.12s
[2598.307s][info][gc,marking     ] GC(473) Concurrent Scan Root Regions 140.006ms
[2598.307s][info][gc,marking     ] GC(473) Concurrent Mark
[2598.307s][info][gc,marking     ] GC(473) Concurrent Mark From Roots
[2598.307s][info][gc,task        ] GC(473) Using 2 workers of 2 for marking
.[2598.923s][info][gc,marking     ] GC(473) Concurrent Mark From Roots 615.989ms
[2598.924s][info][gc,marking     ] GC(473) Concurrent Preclean
[2598.924s][info][gc,marking     ] GC(473) Concurrent Preclean 0.035ms
[2598.924s][info][gc,start       ] GC(473) Pause Remark
[2598.928s][info][gc             ] GC(473) Pause Remark 1801M->1801M(4096M) 3.914ms
[2598.928s][info][gc,cpu         ] GC(473) User=0.02s Sys=0.00s Real=0.00s
[2598.928s][info][gc,marking     ] GC(473) Concurrent Mark 620.208ms
[2598.928s][info][gc,marking     ] GC(473) Concurrent Rebuild Remembered Sets and Scrub Regions
[2599.281s][info][gc,marking     ] GC(473) Concurrent Rebuild Remembered Sets and Scrub Regions 353.753ms
[2599.282s][info][gc,start       ] GC(473) Pause Cleanup
[2599.282s][info][gc             ] GC(473) Pause Cleanup 1993M->1993M(4096M) 0.121ms
[2599.282s][info][gc,cpu         ] GC(473) User=0.00s Sys=0.00s Real=0.00s
[2599.282s][info][gc,marking     ] GC(473) Concurrent Clear Claimed Marks
[2599.282s][info][gc,marking     ] GC(473) Concurrent Clear Claimed Marks 0.037ms
[2599.282s][info][gc,marking     ] GC(473) Concurrent Cleanup for Next Mark
[2599.287s][info][gc,marking     ] GC(473) Concurrent Cleanup for Next Mark 4.876ms
[2599.287s][info][gc             ] GC(473) Concurrent Mark Cycle 1119.403ms
... (rIR:aIR:PR = 4151:4150:4150) (tPR = 61805) [OK] 
  2601s: Performance info:
         Transaction,    Success,    Partial,     Failed,   Receipts, AvgBarcode, 
             Overall,     249683,          0,          0,     237202,      59.48, 
         Response times:
             Request,    Success,    Partial,     Failed,   SkipFail,     Probes,    Samples,      min,      p50,      p90,      p95,      p99,      max, 
       TotalPurchase,     237202,          0,          0,          0,     232658,     249329,      300,     3400,     6100,     9900,    51000,   209000,
     InStorePurchase,     124794,          0,          0,          0,     122569,     130739,      300,     3300,     6100,     9700,    52000,   170000,
      OnlinePurchase,      87435,          0,          0,          0,      85703,      92115,      300,     3500,     6100,     9800,    49000,   193000,
        InstPurchase,      24973,          0,          0,          0,      24386,      26475,      400,     3600,     6400,    10600,    53000,   209000,
          AssocOfCat,        250,          0,          0,          0,        202,        271,    22000,    31000,    57600,    81000,   135560,   166000,
      AssocOfProduct,       2497,          0,          0,          0,       2288,       2571,      400,     2000,     4200,     5600,    29000,   125000,
      BusinessReport,        619,          0,          0,          0,        524,        676,    25000,    33000,    53300,    70000,   148140,   222000,
          CustBuyBeh,       2500,          0,          0,          0,       2314,       2692,      300,     3800,     6700,    12805,    61000,   233000,
       ProductReturn,       6615,          0,          0,          0,       6291,       6978,      200,     2300,     5710,     8500,    53000,   161000,

  2601s: (31%)   IR =   4289 [2602.566s][info][gc,start       ] GC(474) Pause Young (Prepare Mixed) (G1 Evacuation Pause)
[2602.566s][info][gc,task        ] GC(474) Using 6 workers of 6 for evacuation
[2602.685s][info][gc,phases      ] GC(474)   Pre Evacuate Collection Set: 0.35ms
[2602.685s][info][gc,phases      ] GC(474)   Merge Heap Roots: 0.51ms
[2602.685s][info][gc,phases      ] GC(474)   Evacuate Collection Set: 116.32ms
[2602.685s][info][gc,phases      ] GC(474)   Post Evacuate Collection Set: 0.96ms
[2602.685s][info][gc,phases      ] GC(474)   Other: 0.09ms
[2602.685s][info][gc,heap        ] GC(474) Eden regions: 1118->0(1109)
[2602.685s][info][gc,heap        ] GC(474) Survivor regions: 110->109(154)
[2602.685s][info][gc,heap        ] GC(474) Old regions: 506->538
[2602.685s][info][gc,heap        ] GC(474) Humongous regions: 80->80
[2602.685s][info][gc,metaspace   ] GC(474) Metaspace: 28948K(29248K)->28948K(29248K) NonClass: 24063K(24192K)->24063K(24192K) Class: 4884K(5056K)->4884K(5056K)
[2602.685s][info][gc             ] GC(474) Pause Young (Prepare Mixed) (G1 Evacuation Pause) 3627M->1453M(4096M) 118.358ms
[2602.685s][info][gc,cpu         ] GC(474) User=0.70s Sys=0.00s Real=0.12s
....|.[2606.933s][info][gc,start       ] GC(475) Pause Young (Mixed) (G1 Evacuation Pause)
[2606.933s][info][gc,task        ] GC(475) Using 6 workers of 6 for evacuation
[2607.065s][info][gc,phases      ] GC(475)   Pre Evacuate Collection Set: 0.41ms
[2607.065s][info][gc,phases      ] GC(475)   Merge Heap Roots: 0.74ms
[2607.065s][info][gc,phases      ] GC(475)   Evacuate Collection Set: 130.32ms
[2607.065s][info][gc,phases      ] GC(475)   Post Evacuate Collection Set: 0.97ms
[2607.065s][info][gc,phases      ] GC(475)   Other: 0.09ms
[2607.065s][info][gc,heap        ] GC(475) Eden regions: 1109->0(1119)
[2607.065s][info][gc,heap        ] GC(475) Survivor regions: 109->109(153)
[2607.065s][info][gc,heap        ] GC(475) Old regions: 538->473
[2607.065s][info][gc,heap        ] GC(475) Humongous regions: 80->80
[2607.065s][info][gc,metaspace   ] GC(475) Metaspace: 28948K(29248K)->28948K(29248K) NonClass: 24063K(24192K)->24063K(24192K) Class: 4884K(5056K)->4884K(5056K)
[2607.066s][info][gc             ] GC(475) Pause Young (Mixed) (G1 Evacuation Pause) 3671M->1322M(4096M) 132.684ms
[2607.066s][info][gc,cpu         ] GC(475) User=0.78s Sys=0.00s Real=0.14s
....[2611.351s][info][gc,start       ] GC(476) Pause Young (Concurrent Start) (G1 Evacuation Pause)
[2611.351s][info][gc,task        ] GC(476) Using 6 workers of 6 for evacuation
[2611.468s][info][gc,phases      ] GC(476)   Pre Evacuate Collection Set: 0.41ms
[2611.468s][info][gc,phases      ] GC(476)   Merge Heap Roots: 0.50ms
[2611.468s][info][gc,phases      ] GC(476)   Evacuate Collection Set: 115.07ms
[2611.469s][info][gc,phases      ] GC(476)   Post Evacuate Collection Set: 0.92ms
[2611.469s][info][gc,phases      ] GC(476)   Other: 0.11ms
[2611.469s][info][gc,heap        ] GC(476) Eden regions: 1119->0(1119)
[2611.469s][info][gc,heap        ] GC(476) Survivor regions: 109->109(154)
[2611.469s][info][gc,heap        ] GC(476) Old regions: 473->505
[2611.469s][info][gc,heap        ] GC(476) Humongous regions: 80->80
[2611.469s][info][gc,metaspace   ] GC(476) Metaspace: 28948K(29248K)->28948K(29248K) NonClass: 24063K(24192K)->24063K(24192K) Class: 4884K(5056K)->4884K(5056K)
[2611.469s][info][gc             ] GC(476) Pause Young (Concurrent Start) (G1 Evacuation Pause) 3560M->1386M(4096M) 117.156ms
[2611.469s][info][gc             ] GC(477) Concurrent Mark Cycle
[2611.469s][info][gc,marking     ] GC(477) Concurrent Scan Root Regions
[2611.469s][info][gc,cpu         ] GC(476) User=0.69s Sys=0.00s Real=0.12s
[2611.643s][info][gc,marking     ] GC(477) Concurrent Scan Root Regions 174.403ms
[2611.643s][info][gc,marking     ] GC(477) Concurrent Mark
[2611.643s][info][gc,marking     ] GC(477) Concurrent Mark From Roots
[2611.643s][info][gc,task        ] GC(477) Using 2 workers of 2 for marking
.[2612.615s][info][gc,marking     ] GC(477) Concurrent Mark From Roots 972.205ms
[2612.615s][info][gc,marking     ] GC(477) Concurrent Preclean
[2612.615s][info][gc,marking     ] GC(477) Concurrent Preclean 0.049ms
[2612.615s][info][gc,start       ] GC(477) Pause Remark
[2612.620s][info][gc             ] GC(477) Pause Remark 1974M->1974M(4096M) 4.041ms
[2612.620s][info][gc,cpu         ] GC(477) User=0.01s Sys=0.01s Real=0.00s
[2612.620s][info][gc,marking     ] GC(477) Concurrent Mark 976.575ms
[2612.620s][info][gc,marking     ] GC(477) Concurrent Rebuild Remembered Sets and Scrub Regions
.[2612.888s][info][gc,marking     ] GC(477) Concurrent Rebuild Remembered Sets and Scrub Regions 268.132ms
[2612.889s][info][gc,start       ] GC(477) Pause Cleanup
[2612.889s][info][gc             ] GC(477) Pause Cleanup 2121M->2121M(4096M) 0.139ms
[2612.889s][info][gc,cpu         ] GC(477) User=0.00s Sys=0.00s Real=0.00s
[2612.889s][info][gc,marking     ] GC(477) Concurrent Clear Claimed Marks
[2612.889s][info][gc,marking     ] GC(477) Concurrent Clear Claimed Marks 0.034ms
[2612.889s][info][gc,marking     ] GC(477) Concurrent Cleanup for Next Mark
[2612.893s][info][gc,marking     ] GC(477) Concurrent Cleanup for Next Mark 3.658ms
[2612.893s][info][gc             ] GC(477) Concurrent Mark Cycle 1424.155ms
...[2615.773s][info][gc,start       ] GC(478) Pause Young (Prepare Mixed) (G1 Evacuation Pause)
[2615.773s][info][gc,task        ] GC(478) Using 6 workers of 6 for evacuation
[2615.890s][info][gc,phases      ] GC(478)   Pre Evacuate Collection Set: 0.36ms
[2615.890s][info][gc,phases      ] GC(478)   Merge Heap Roots: 0.53ms
[2615.890s][info][gc,phases      ] GC(478)   Evacuate Collection Set: 114.53ms
[2615.890s][info][gc,phases      ] GC(478)   Post Evacuate Collection Set: 0.94ms
[2615.890s][info][gc,phases      ] GC(478)   Other: 0.09ms
[2615.890s][info][gc,heap        ] GC(478) Eden regions: 1119->0(1112)
[2615.890s][info][gc,heap        ] GC(478) Survivor regions: 109->108(154)
[2615.890s][info][gc,heap        ] GC(478) Old regions: 505->537
[2615.890s][info][gc,heap        ] GC(478) Humongous regions: 80->80
[2615.890s][info][gc,metaspace   ] GC(478) Metaspace: 28950K(29312K)->28950K(29312K) NonClass: 24066K(24256K)->24066K(24256K) Class: 4884K(5056K)->4884K(5056K)
[2615.890s][info][gc             ] GC(478) Pause Young (Prepare Mixed) (G1 Evacuation Pause) 3624M->1449M(4096M) 116.581ms
[2615.890s][info][gc,cpu         ] GC(478) User=0.69s Sys=0.00s Real=0.12s
....[2620.199s][info][gc,start       ] GC(479) Pause Young (Mixed) (G1 Evacuation Pause)
[2620.199s][info][gc,task        ] GC(479) Using 6 workers of 6 for evacuation
[2620.331s][info][gc,phases      ] GC(479)   Pre Evacuate Collection Set: 0.43ms
[2620.331s][info][gc,phases      ] GC(479)   Merge Heap Roots: 0.67ms
[2620.331s][info][gc,phases      ] GC(479)   Evacuate Collection Set: 129.30ms
[2620.331s][info][gc,phases      ] GC(479)   Post Evacuate Collection Set: 0.98ms
[2620.331s][info][gc,phases      ] GC(479)   Other: 0.09ms
[2620.331s][info][gc,heap        ] GC(479) Eden regions: 1112->0(1120)
[2620.331s][info][gc,heap        ] GC(479) Survivor regions: 108->108(153)
[2620.331s][info][gc,heap        ] GC(479) Old regions: 537->474
[2620.331s][info][gc,heap        ] GC(479) Humongous regions: 80->80
[2620.331s][info][gc,metaspace   ] GC(479) Metaspace: 28950K(29312K)->28950K(29312K) NonClass: 24066K(24256K)->24066K(24256K) Class: 4884K(5056K)->4884K(5056K)
[2620.331s][info][gc             ] GC(479) Pause Young (Mixed) (G1 Evacuation Pause) 3673M->1323M(4096M) 131.613ms
[2620.331s][info][gc,cpu         ] GC(479) User=0.77s Sys=0.01s Real=0.13s
....[2624.593s][info][gc,start       ] GC(480) Pause Young (Concurrent Start) (G1 Evacuation Pause)
[2624.593s][info][gc,task        ] GC(480) Using 6 workers of 6 for evacuation
[2624.712s][info][gc,phases      ] GC(480)   Pre Evacuate Collection Set: 0.42ms
[2624.712s][info][gc,phases      ] GC(480)   Merge Heap Roots: 0.52ms
[2624.712s][info][gc,phases      ] GC(480)   Evacuate Collection Set: 117.15ms
[2624.712s][info][gc,phases      ] GC(480)   Post Evacuate Collection Set: 0.92ms
[2624.712s][info][gc,phases      ] GC(480)   Other: 0.12ms
[2624.712s][info][gc,heap        ] GC(480) Eden regions: 1120->0(1119)
[2624.712s][info][gc,heap        ] GC(480) Survivor regions: 108->109(154)
[2624.712s][info][gc,heap        ] GC(480) Old regions: 474->506
[2624.712s][info][gc,heap        ] GC(480) Humongous regions: 80->80
[2624.712s][info][gc,metaspace   ] GC(480) Metaspace: 28950K(29312K)->28950K(29312K) NonClass: 24066K(24256K)->24066K(24256K) Class: 4884K(5056K)->4884K(5056K)
[2624.712s][info][gc             ] GC(480) Pause Young (Concurrent Start) (G1 Evacuation Pause) 3563M->1389M(4096M) 119.257ms
[2624.712s][info][gc             ] GC(481) Concurrent Mark Cycle
[2624.712s][info][gc,marking     ] GC(481) Concurrent Scan Root Regions
[2624.712s][info][gc,cpu         ] GC(480) User=0.71s Sys=0.00s Real=0.12s
.[2624.887s][info][gc,marking     ] GC(481) Concurrent Scan Root Regions 175.380ms
[2624.887s][info][gc,marking     ] GC(481) Concurrent Mark
[2624.888s][info][gc,marking     ] GC(481) Concurrent Mark From Roots
[2624.888s][info][gc,task        ] GC(481) Using 2 workers of 2 for marking
[2625.598s][info][gc,marking     ] GC(481) Concurrent Mark From Roots 710.574ms
[2625.598s][info][gc,marking     ] GC(481) Concurrent Preclean
[2625.598s][info][gc,marking     ] GC(481) Concurrent Preclean 0.039ms
[2625.598s][info][gc,start       ] GC(481) Pause Remark
[2625.602s][info][gc             ] GC(481) Pause Remark 1900M->1900M(4096M) 4.121ms
[2625.602s][info][gc,cpu         ] GC(481) User=0.02s Sys=0.00s Real=0.00s
[2625.603s][info][gc,marking     ] GC(481) Concurrent Mark 715.025ms
[2625.603s][info][gc,marking     ] GC(481) Concurrent Rebuild Remembered Sets and Scrub Regions
.[2625.895s][info][gc,marking     ] GC(481) Concurrent Rebuild Remembered Sets and Scrub Regions 292.780ms
[2625.895s][info][gc,start       ] GC(481) Pause Cleanup
[2625.896s][info][gc             ] GC(481) Pause Cleanup 2084M->2084M(4096M) 0.122ms
[2625.896s][info][gc,cpu         ] GC(481) User=0.00s Sys=0.00s Real=0.00s
[2625.896s][info][gc,marking     ] GC(481) Concurrent Clear Claimed Marks
[2625.896s][info][gc,marking     ] GC(481) Concurrent Clear Claimed Marks 0.027ms
[2625.896s][info][gc,marking     ] GC(481) Concurrent Cleanup for Next Mark
[2625.899s][info][gc,marking     ] GC(481) Concurrent Cleanup for Next Mark 3.176ms
[2625.899s][info][gc             ] GC(481) Concurrent Mark Cycle 1186.885ms
...[2629.003s][info][gc,start       ] GC(482) Pause Young (Prepare Mixed) (G1 Evacuation Pause)
[2629.003s][info][gc,task        ] GC(482) Using 6 workers of 6 for evacuation
[2629.122s][info][gc,phases      ] GC(482)   Pre Evacuate Collection Set: 0.35ms
[2629.122s][info][gc,phases      ] GC(482)   Merge Heap Roots: 0.54ms
[2629.122s][info][gc,phases      ] GC(482)   Evacuate Collection Set: 117.14ms
[2629.122s][info][gc,phases      ] GC(482)   Post Evacuate Collection Set: 0.94ms
[2629.122s][info][gc,phases      ] GC(482)   Other: 0.09ms
[2629.122s][info][gc,heap        ] GC(482) Eden regions: 1119->0(1107)
[2629.122s][info][gc,heap        ] GC(482) Survivor regions: 109->110(154)
[2629.122s][info][gc,heap        ] GC(482) Old regions: 506->538
[2629.122s][info][gc,heap        ] GC(482) Humongous regions: 80->80
[2629.122s][info][gc,metaspace   ] GC(482) Metaspace: 28950K(29312K)->28950K(29312K) NonClass: 24066K(24256K)->24066K(24256K) Class: 4884K(5056K)->4884K(5056K)
[2629.122s][info][gc             ] GC(482) Pause Young (Prepare Mixed) (G1 Evacuation Pause) 3627M->1455M(4096M) 119.202ms
[2629.122s][info][gc,cpu         ] GC(482) User=0.70s Sys=0.00s Real=0.12s
....[2633.325s][info][gc,start       ] GC(483) Pause Young (Mixed) (G1 Evacuation Pause)
[2633.325s][info][gc,task        ] GC(483) Using 6 workers of 6 for evacuation
[2633.458s][info][gc,phases      ] GC(483)   Pre Evacuate Collection Set: 0.42ms
[2633.459s][info][gc,phases      ] GC(483)   Merge Heap Roots: 0.65ms
[2633.459s][info][gc,phases      ] GC(483)   Evacuate Collection Set: 131.48ms
[2633.459s][info][gc,phases      ] GC(483)   Post Evacuate Collection Set: 0.97ms
[2633.459s][info][gc,phases      ] GC(483)   Other: 0.09ms
[2633.459s][info][gc,heap        ] GC(483) Eden regions: 1107->0(1117)
[2633.459s][info][gc,heap        ] GC(483) Survivor regions: 110->111(153)
[2633.459s][info][gc,heap        ] GC(483) Old regions: 538->475
[2633.459s][info][gc,heap        ] GC(483) Humongous regions: 80->80
[2633.459s][info][gc,metaspace   ] GC(483) Metaspace: 28953K(29312K)->28953K(29312K) NonClass: 24069K(24256K)->24069K(24256K) Class: 4884K(5056K)->4884K(5056K)
[2633.459s][info][gc             ] GC(483) Pause Young (Mixed) (G1 Evacuation Pause) 3669M->1329M(4096M) 133.750ms
[2633.459s][info][gc,cpu         ] GC(483) User=0.79s Sys=0.00s Real=0.13s
.....[2637.788s][info][gc,start       ] GC(484) Pause Young (Concurrent Start) (G1 Evacuation Pause)
[2637.788s][info][gc,task        ] GC(484) Using 6 workers of 6 for evacuation
[2637.904s][info][gc,phases      ] GC(484)   Pre Evacuate Collection Set: 0.39ms
[2637.904s][info][gc,phases      ] GC(484)   Merge Heap Roots: 0.48ms
[2637.904s][info][gc,phases      ] GC(484)   Evacuate Collection Set: 113.59ms
[2637.904s][info][gc,phases      ] GC(484)   Post Evacuate Collection Set: 0.91ms
[2637.904s][info][gc,phases      ] GC(484)   Other: 0.12ms
[2637.904s][info][gc,heap        ] GC(484) Eden regions: 1117->0(1121)
[2637.904s][info][gc,heap        ] GC(484) Survivor regions: 111->107(154)
[2637.904s][info][gc,heap        ] GC(484) Old regions: 475->507
[2637.904s][info][gc,heap        ] GC(484) Humongous regions: 80->80
[2637.904s][info][gc,metaspace   ] GC(484) Metaspace: 28953K(29312K)->28953K(29312K) NonClass: 24069K(24256K)->24069K(24256K) Class: 4884K(5056K)->4884K(5056K)
[2637.904s][info][gc             ] GC(484) Pause Young (Concurrent Start) (G1 Evacuation Pause) 3563M->1385M(4096M) 115.623ms
[2637.904s][info][gc             ] GC(485) Concurrent Mark Cycle
[2637.904s][info][gc,marking     ] GC(485) Concurrent Scan Root Regions
[2637.904s][info][gc,cpu         ] GC(484) User=0.69s Sys=0.00s Real=0.12s
[2638.091s][info][gc,marking     ] GC(485) Concurrent Scan Root Regions 187.259ms
[2638.091s][info][gc,marking     ] GC(485) Concurrent Mark
[2638.091s][info][gc,marking     ] GC(485) Concurrent Mark From Roots
[2638.091s][info][gc,task        ] GC(485) Using 2 workers of 2 for marking
[2638.761s][info][gc,marking     ] GC(485) Concurrent Mark From Roots 669.528ms
[2638.761s][info][gc,marking     ] GC(485) Concurrent Preclean
[2638.761s][info][gc,marking     ] GC(485) Concurrent Preclean 0.037ms
[2638.761s][info][gc,start       ] GC(485) Pause Remark
[2638.765s][info][gc             ] GC(485) Pause Remark 1869M->1869M(4096M) 3.653ms
[2638.765s][info][gc,cpu         ] GC(485) User=0.02s Sys=0.00s Real=0.01s
[2638.765s][info][gc,marking     ] GC(485) Concurrent Mark 673.487ms
[2638.765s][info][gc,marking     ] GC(485) Concurrent Rebuild Remembered Sets and Scrub Regions
.[2639.049s][info][gc,marking     ] GC(485) Concurrent Rebuild Remembered Sets and Scrub Regions 284.833ms
[2639.050s][info][gc,start       ] GC(485) Pause Cleanup
[2639.050s][info][gc             ] GC(485) Pause Cleanup 2038M->2038M(4096M) 0.142ms
[2639.050s][info][gc,cpu         ] GC(485) User=0.00s Sys=0.00s Real=0.00s
[2639.050s][info][gc,marking     ] GC(485) Concurrent Clear Claimed Marks
[2639.050s][info][gc,marking     ] GC(485) Concurrent Clear Claimed Marks 0.026ms
[2639.050s][info][gc,marking     ] GC(485) Concurrent Cleanup for Next Mark
[2639.053s][info][gc,marking     ] GC(485) Concurrent Cleanup for Next Mark 3.258ms
[2639.053s][info][gc             ] GC(485) Concurrent Mark Cycle 1149.356ms
...[2642.197s][info][gc,start       ] GC(486) Pause Young (Prepare Mixed) (G1 Evacuation Pause)
[2642.197s][info][gc,task        ] GC(486) Using 6 workers of 6 for evacuation
[2642.315s][info][gc,phases      ] GC(486)   Pre Evacuate Collection Set: 0.37ms
[2642.315s][info][gc,phases      ] GC(486)   Merge Heap Roots: 0.55ms
[2642.315s][info][gc,phases      ] GC(486)   Evacuate Collection Set: 115.90ms
[2642.315s][info][gc,phases      ] GC(486)   Post Evacuate Collection Set: 0.96ms
[2642.315s][info][gc,phases      ] GC(486)   Other: 0.10ms
[2642.315s][info][gc,heap        ] GC(486) Eden regions: 1121->0(1107)
[2642.315s][info][gc,heap        ] GC(486) Survivor regions: 107->110(154)
[2642.315s][info][gc,heap        ] GC(486) Old regions: 507->538
[2642.315s][info][gc,heap        ] GC(486) Humongous regions: 80->80
[2642.315s][info][gc,metaspace   ] GC(486) Metaspace: 28953K(29312K)->28953K(29312K) NonClass: 24069K(24256K)->24069K(24256K) Class: 4884K(5056K)->4884K(5056K)
[2642.315s][info][gc             ] GC(486) Pause Young (Prepare Mixed) (G1 Evacuation Pause) 3627M->1453M(4096M) 117.989ms
[2642.315s][info][gc,cpu         ] GC(486) User=0.70s Sys=0.00s Real=0.12s
....[2646.509s][info][gc,start       ] GC(487) Pause Young (Mixed) (G1 Evacuation Pause)
[2646.509s][info][gc,task        ] GC(487) Using 6 workers of 6 for evacuation
[2646.647s][info][gc,phases      ] GC(487)   Pre Evacuate Collection Set: 0.37ms
[2646.647s][info][gc,phases      ] GC(487)   Merge Heap Roots: 0.68ms
[2646.647s][info][gc,phases      ] GC(487)   Evacuate Collection Set: 135.51ms
[2646.647s][info][gc,phases      ] GC(487)   Post Evacuate Collection Set: 0.96ms
[2646.647s][info][gc,phases      ] GC(487)   Other: 0.09ms
[2646.647s][info][gc,heap        ] GC(487) Eden regions: 1107->0(1116)
[2646.647s][info][gc,heap        ] GC(487) Survivor regions: 110->112(153)
[2646.647s][info][gc,heap        ] GC(487) Old regions: 538->475
[2646.647s][info][gc,heap        ] GC(487) Humongous regions: 80->80
[2646.647s][info][gc,metaspace   ] GC(487) Metaspace: 28953K(29312K)->28953K(29312K) NonClass: 24069K(24256K)->24069K(24256K) Class: 4884K(5056K)->4884K(5056K)
[2646.647s][info][gc             ] GC(487) Pause Young (Mixed) (G1 Evacuation Pause) 3667M->1331M(4096M) 137.738ms
[2646.647s][info][gc,cpu         ] GC(487) User=0.81s Sys=0.00s Real=0.14s
.....[2650.966s][info][gc,start       ] GC(488) Pause Young (Concurrent Start) (G1 Evacuation Pause)
[2650.966s][info][gc,task        ] GC(488) Using 6 workers of 6 for evacuation
[2651.083s][info][gc,phases      ] GC(488)   Pre Evacuate Collection Set: 0.42ms
[2651.083s][info][gc,phases      ] GC(488)   Merge Heap Roots: 0.51ms
[2651.083s][info][gc,phases      ] GC(488)   Evacuate Collection Set: 114.78ms
[2651.083s][info][gc,phases      ] GC(488)   Post Evacuate Collection Set: 0.92ms
[2651.083s][info][gc,phases      ] GC(488)   Other: 0.12ms
[2651.083s][info][gc,heap        ] GC(488) Eden regions: 1116->0(1120)
[2651.083s][info][gc,heap        ] GC(488) Survivor regions: 112->108(154)
[2651.083s][info][gc,heap        ] GC(488) Old regions: 475->507
[2651.083s][info][gc,heap        ] GC(488) Humongous regions: 80->80
[2651.083s][info][gc,metaspace   ] GC(488) Metaspace: 28953K(29312K)->28953K(29312K) NonClass: 24069K(24256K)->24069K(24256K) Class: 4884K(5056K)->4884K(5056K)
[2651.083s][info][gc             ] GC(488) Pause Young (Concurrent Start) (G1 Evacuation Pause) 3563M->1388M(4096M) 116.887ms
[2651.083s][info][gc             ] GC(489) Concurrent Mark Cycle
[2651.083s][info][gc,marking     ] GC(489) Concurrent Scan Root Regions
[2651.083s][info][gc,cpu         ] GC(488) User=0.69s Sys=0.01s Real=0.11s
[2651.268s][info][gc,marking     ] GC(489) Concurrent Scan Root Regions 185.078ms
[2651.268s][info][gc,marking     ] GC(489) Concurrent Mark
[2651.268s][info][gc,marking     ] GC(489) Concurrent Mark From Roots
[2651.268s][info][gc,task        ] GC(489) Using 2 workers of 2 for marking
.[2651.991s][info][gc,marking     ] GC(489) Concurrent Mark From Roots 722.315ms
[2651.991s][info][gc,marking     ] GC(489) Concurrent Preclean
[2651.991s][info][gc,marking     ] GC(489) Concurrent Preclean 0.035ms
[2651.991s][info][gc,start       ] GC(489) Pause Remark
[2651.995s][info][gc             ] GC(489) Pause Remark 1939M->1939M(4096M) 4.282ms
[2651.995s][info][gc,cpu         ] GC(489) User=0.03s Sys=0.00s Real=0.01s
[2651.995s][info][gc,marking     ] GC(489) Concurrent Mark 726.937ms
[2651.995s][info][gc,marking     ] GC(489) Concurrent Rebuild Remembered Sets and Scrub Regions
[2652.201s][info][gc,marking     ] GC(489) Concurrent Rebuild Remembered Sets and Scrub Regions 205.902ms
[2652.202s][info][gc,start       ] GC(489) Pause Cleanup
[2652.202s][info][gc             ] GC(489) Pause Cleanup 2037M->2037M(4096M) 0.138ms
[2652.202s][info][gc,cpu         ] GC(489) User=0.00s Sys=0.00s Real=0.00s
[2652.202s][info][gc,marking     ] GC(489) Concurrent Clear Claimed Marks
[2652.202s][info][gc,marking     ] GC(489) Concurrent Clear Claimed Marks 0.036ms
[2652.202s][info][gc,marking     ] GC(489) Concurrent Cleanup for Next Mark
[2652.207s][info][gc,marking     ] GC(489) Concurrent Cleanup for Next Mark 4.532ms
[2652.207s][info][gc             ] GC(489) Concurrent Mark Cycle 1123.596ms
...[2655.351s][info][gc,start       ] GC(490) Pause Young (Prepare Mixed) (G1 Evacuation Pause)
[2655.351s][info][gc,task        ] GC(490) Using 6 workers of 6 for evacuation
[2655.469s][info][gc,phases      ] GC(490)   Pre Evacuate Collection Set: 0.37ms
[2655.469s][info][gc,phases      ] GC(490)   Merge Heap Roots: 0.52ms
[2655.469s][info][gc,phases      ] GC(490)   Evacuate Collection Set: 115.55ms
[2655.469s][info][gc,phases      ] GC(490)   Post Evacuate Collection Set: 0.98ms
[2655.469s][info][gc,phases      ] GC(490)   Other: 0.09ms
[2655.469s][info][gc,heap        ] GC(490) Eden regions: 1120->0(1108)
[2655.469s][info][gc,heap        ] GC(490) Survivor regions: 108->109(154)
[2655.469s][info][gc,heap        ] GC(490) Old regions: 507->539
[2655.469s][info][gc,heap        ] GC(490) Humongous regions: 80->80
[2655.469s][info][gc,metaspace   ] GC(490) Metaspace: 28953K(29312K)->28953K(29312K) NonClass: 24069K(24256K)->24069K(24256K) Class: 4884K(5056K)->4884K(5056K)
[2655.469s][info][gc             ] GC(490) Pause Young (Prepare Mixed) (G1 Evacuation Pause) 3628M->1454M(4096M) 117.647ms
[2655.469s][info][gc,cpu         ] GC(490) User=0.69s Sys=0.00s Real=0.12s
....[2659.707s][info][gc,start       ] GC(491) Pause Young (Mixed) (G1 Evacuation Pause)
[2659.707s][info][gc,task        ] GC(491) Using 6 workers of 6 for evacuation
[2659.837s][info][gc,phases      ] GC(491)   Pre Evacuate Collection Set: 0.46ms
[2659.837s][info][gc,phases      ] GC(491)   Merge Heap Roots: 0.69ms
[2659.837s][info][gc,phases      ] GC(491)   Evacuate Collection Set: 128.28ms
[2659.837s][info][gc,phases      ] GC(491)   Post Evacuate Collection Set: 0.97ms
[2659.837s][info][gc,phases      ] GC(491)   Other: 0.10ms
[2659.837s][info][gc,heap        ] GC(491) Eden regions: 1108->0(1119)
[2659.837s][info][gc,heap        ] GC(491) Survivor regions: 109->109(153)
[2659.837s][info][gc,heap        ] GC(491) Old regions: 539->475
[2659.837s][info][gc,heap        ] GC(491) Humongous regions: 80->80
[2659.837s][info][gc,metaspace   ] GC(491) Metaspace: 28954K(29312K)->28954K(29312K) NonClass: 24070K(24256K)->24070K(24256K) Class: 4884K(5056K)->4884K(5056K)
[2659.837s][info][gc             ] GC(491) Pause Young (Mixed) (G1 Evacuation Pause) 3670M->1327M(4096M) 130.648ms
[2659.838s][info][gc,cpu         ] GC(491) User=0.78s Sys=0.00s Real=0.13s
.....[2664.240s][info][gc,start       ] GC(492) Pause Young (Concurrent Start) (G1 Evacuation Pause)
[2664.240s][info][gc,task        ] GC(492) Using 6 workers of 6 for evacuation
[2664.358s][info][gc,phases      ] GC(492)   Pre Evacuate Collection Set: 0.46ms
[2664.358s][info][gc,phases      ] GC(492)   Merge Heap Roots: 0.51ms
[2664.358s][info][gc,phases      ] GC(492)   Evacuate Collection Set: 115.99ms
[2664.358s][info][gc,phases      ] GC(492)   Post Evacuate Collection Set: 0.91ms
[2664.358s][info][gc,phases      ] GC(492)   Other: 0.13ms
[2664.358s][info][gc,heap        ] GC(492) Eden regions: 1119->0(1119)
[2664.358s][info][gc,heap        ] GC(492) Survivor regions: 109->109(154)
[2664.358s][info][gc,heap        ] GC(492) Old regions: 475->507
[2664.358s][info][gc,heap        ] GC(492) Humongous regions: 80->80
[2664.358s][info][gc,metaspace   ] GC(492) Metaspace: 28954K(29312K)->28954K(29312K) NonClass: 24070K(24256K)->24070K(24256K) Class: 4884K(5056K)->4884K(5056K)
[2664.358s][info][gc             ] GC(492) Pause Young (Concurrent Start) (G1 Evacuation Pause) 3565M->1391M(4096M) 118.139ms
[2664.358s][info][gc             ] GC(493) Concurrent Mark Cycle
[2664.358s][info][gc,marking     ] GC(493) Concurrent Scan Root Regions
[2664.358s][info][gc,cpu         ] GC(492) User=0.70s Sys=0.00s Real=0.12s
[2664.475s][info][gc,marking     ] GC(493) Concurrent Scan Root Regions 116.515ms
[2664.475s][info][gc,marking     ] GC(493) Concurrent Mark
[2664.475s][info][gc,marking     ] GC(493) Concurrent Mark From Roots
[2664.475s][info][gc,task        ] GC(493) Using 2 workers of 2 for marking
.[2665.122s][info][gc,marking     ] GC(493) Concurrent Mark From Roots 647.482ms
[2665.122s][info][gc,marking     ] GC(493) Concurrent Preclean
[2665.122s][info][gc,marking     ] GC(493) Concurrent Preclean 0.037ms
[2665.122s][info][gc,start       ] GC(493) Pause Remark
[2665.127s][info][gc             ] GC(493) Pause Remark 1872M->1872M(4096M) 4.192ms
[2665.127s][info][gc,cpu         ] GC(493) User=0.02s Sys=0.00s Real=0.01s
[2665.127s][info][gc,marking     ] GC(493) Concurrent Mark 651.972ms
[2665.127s][info][gc,marking     ] GC(493) Concurrent Rebuild Remembered Sets and Scrub Regions
[2665.366s][info][gc,marking     ] GC(493) Concurrent Rebuild Remembered Sets and Scrub Regions 239.093ms
[2665.366s][info][gc,start       ] GC(493) Pause Cleanup
[2665.366s][info][gc             ] GC(493) Pause Cleanup 2000M->2000M(4096M) 0.130ms
[2665.366s][info][gc,cpu         ] GC(493) User=0.00s Sys=0.00s Real=0.00s
[2665.366s][info][gc,marking     ] GC(493) Concurrent Clear Claimed Marks
[2665.366s][info][gc,marking     ] GC(493) Concurrent Clear Claimed Marks 0.035ms
[2665.366s][info][gc,marking     ] GC(493) Concurrent Cleanup for Next Mark
[2665.370s][info][gc,marking     ] GC(493) Concurrent Cleanup for Next Mark 3.578ms
[2665.370s][info][gc             ] GC(493) Concurrent Mark Cycle 1011.729ms
. (rIR:aIR:PR = 4289:4289:4289) (tPR = 63820) [OK] 
  2665s: Performance info:
         Transaction,    Success,    Partial,     Failed,   Receipts, AvgBarcode, 
             Overall,     257891,          0,          0,     244965,      59.48, 
         Response times:
             Request,    Success,    Partial,     Failed,   SkipFail,     Probes,    Samples,      min,      p50,      p90,      p95,      p99,      max, 
       TotalPurchase,     244992,          0,          0,          0,     240425,     257047,      300,     3500,     6500,    10700,    58000,   182000,
     InStorePurchase,     128950,          0,          0,          0,     126746,     135252,      300,     3400,     6400,    10700,    57000,   182000,
      OnlinePurchase,      90259,          0,          0,          0,      88536,      94686,      300,     3600,     6600,    10900,    58000,   177000,
        InstPurchase,      25783,          0,          0,          0,      25143,      27109,      400,     3500,     6400,    10050,    58000,   152000,
          AssocOfCat,        254,          0,          0,          0,        205,        289,    19500,    31000,    50000,    58000,   120100,   143000,
      AssocOfProduct,       2582,          0,          0,          0,       2420,       2758,      700,     4400,     7000,    11410,    56820,   142000,
      BusinessReport,        644,          0,          0,          0,        524,        643,    22000,    33000,    51600,    67000,   162520,   191000,
          CustBuyBeh,       2587,          0,          0,          0,       2418,       2815,      200,     2800,     6100,     8540,    56000,   125000,
       ProductReturn,       6842,          0,          0,          0,       6450,       7076,      200,     2700,     5700,     8500,    52230,   149000,

  2665s: (32%)   IR =   4428 ..[2668.469s][info][gc,start       ] GC(494) Pause Young (Prepare Mixed) (G1 Evacuation Pause)
[2668.469s][info][gc,task        ] GC(494) Using 6 workers of 6 for evacuation
[2668.588s][info][gc,phases      ] GC(494)   Pre Evacuate Collection Set: 0.35ms
[2668.588s][info][gc,phases      ] GC(494)   Merge Heap Roots: 0.54ms
[2668.588s][info][gc,phases      ] GC(494)   Evacuate Collection Set: 116.30ms
[2668.588s][info][gc,phases      ] GC(494)   Post Evacuate Collection Set: 1.03ms
[2668.588s][info][gc,phases      ] GC(494)   Other: 0.09ms
[2668.588s][info][gc,heap        ] GC(494) Eden regions: 1119->0(1107)
[2668.588s][info][gc,heap        ] GC(494) Survivor regions: 109->110(154)
[2668.588s][info][gc,heap        ] GC(494) Old regions: 507->538
[2668.588s][info][gc,heap        ] GC(494) Humongous regions: 80->80
[2668.588s][info][gc,metaspace   ] GC(494) Metaspace: 28954K(29312K)->28954K(29312K) NonClass: 24070K(24256K)->24070K(24256K) Class: 4884K(5056K)->4884K(5056K)
[2668.588s][info][gc             ] GC(494) Pause Young (Prepare Mixed) (G1 Evacuation Pause) 3629M->1454M(4096M) 118.443ms
[2668.588s][info][gc,cpu         ] GC(494) User=0.70s Sys=0.00s Real=0.12s
....|[2672.702s][info][gc,start       ] GC(495) Pause Young (Mixed) (G1 Evacuation Pause)
[2672.702s][info][gc,task        ] GC(495) Using 6 workers of 6 for evacuation
[2672.835s][info][gc,phases      ] GC(495)   Pre Evacuate Collection Set: 0.41ms
[2672.835s][info][gc,phases      ] GC(495)   Merge Heap Roots: 0.81ms
[2672.835s][info][gc,phases      ] GC(495)   Evacuate Collection Set: 130.76ms
[2672.835s][info][gc,phases      ] GC(495)   Post Evacuate Collection Set: 1.02ms
[2672.835s][info][gc,phases      ] GC(495)   Other: 0.11ms
[2672.835s][info][gc,heap        ] GC(495) Eden regions: 1107->0(1120)
[2672.835s][info][gc,heap        ] GC(495) Survivor regions: 110->108(153)
[2672.835s][info][gc,heap        ] GC(495) Old regions: 538->475
[2672.835s][info][gc,heap        ] GC(495) Humongous regions: 80->80
[2672.835s][info][gc,metaspace   ] GC(495) Metaspace: 28954K(29312K)->28954K(29312K) NonClass: 24070K(24256K)->24070K(24256K) Class: 4884K(5056K)->4884K(5056K)
[2672.835s][info][gc             ] GC(495) Pause Young (Mixed) (G1 Evacuation Pause) 3668M->1325M(4096M) 133.241ms
[2672.835s][info][gc,cpu         ] GC(495) User=0.79s Sys=0.00s Real=0.14s
.....[2676.986s][info][gc,start       ] GC(496) Pause Young (Concurrent Start) (G1 Evacuation Pause)
[2676.986s][info][gc,task        ] GC(496) Using 6 workers of 6 for evacuation
[2677.105s][info][gc,phases      ] GC(496)   Pre Evacuate Collection Set: 0.39ms
[2677.105s][info][gc,phases      ] GC(496)   Merge Heap Roots: 0.51ms
[2677.105s][info][gc,phases      ] GC(496)   Evacuate Collection Set: 117.05ms
[2677.105s][info][gc,phases      ] GC(496)   Post Evacuate Collection Set: 0.91ms
[2677.105s][info][gc,phases      ] GC(496)   Other: 0.10ms
[2677.105s][info][gc,heap        ] GC(496) Eden regions: 1120->0(1119)
[2677.105s][info][gc,heap        ] GC(496) Survivor regions: 108->109(154)
[2677.105s][info][gc,heap        ] GC(496) Old regions: 475->506
[2677.105s][info][gc,heap        ] GC(496) Humongous regions: 80->80
[2677.105s][info][gc,metaspace   ] GC(496) Metaspace: 28954K(29312K)->28954K(29312K) NonClass: 24070K(24256K)->24070K(24256K) Class: 4884K(5056K)->4884K(5056K)
[2677.105s][info][gc             ] GC(496) Pause Young (Concurrent Start) (G1 Evacuation Pause) 3565M->1389M(4096M) 119.111ms
[2677.105s][info][gc             ] GC(497) Concurrent Mark Cycle
[2677.105s][info][gc,marking     ] GC(497) Concurrent Scan Root Regions
[2677.105s][info][gc,cpu         ] GC(496) User=0.71s Sys=0.00s Real=0.12s
[2677.244s][info][gc,marking     ] GC(497) Concurrent Scan Root Regions 139.396ms
[2677.244s][info][gc,marking     ] GC(497) Concurrent Mark
[2677.244s][info][gc,marking     ] GC(497) Concurrent Mark From Roots
[2677.244s][info][gc,task        ] GC(497) Using 2 workers of 2 for marking
[2677.876s][info][gc,marking     ] GC(497) Concurrent Mark From Roots 631.785ms
[2677.876s][info][gc,marking     ] GC(497) Concurrent Preclean
[2677.876s][info][gc,marking     ] GC(497) Concurrent Preclean 0.061ms
[2677.877s][info][gc,start       ] GC(497) Pause Remark
[2677.881s][info][gc             ] GC(497) Pause Remark 1857M->1857M(4096M) 4.004ms
[2677.881s][info][gc,cpu         ] GC(497) User=0.02s Sys=0.00s Real=0.00s
[2677.881s][info][gc,marking     ] GC(497) Concurrent Mark 636.805ms
[2677.881s][info][gc,marking     ] GC(497) Concurrent Rebuild Remembered Sets and Scrub Regions
.[2678.120s][info][gc,marking     ] GC(497) Concurrent Rebuild Remembered Sets and Scrub Regions 238.822ms
[2678.120s][info][gc,start       ] GC(497) Pause Cleanup
[2678.120s][info][gc             ] GC(497) Pause Cleanup 1981M->1981M(4096M) 0.111ms
[2678.120s][info][gc,cpu         ] GC(497) User=0.00s Sys=0.00s Real=0.00s
[2678.120s][info][gc,marking     ] GC(497) Concurrent Clear Claimed Marks
[2678.120s][info][gc,marking     ] GC(497) Concurrent Clear Claimed Marks 0.028ms
[2678.120s][info][gc,marking     ] GC(497) Concurrent Cleanup for Next Mark
[2678.124s][info][gc,marking     ] GC(497) Concurrent Cleanup for Next Mark 4.169ms
[2678.124s][info][gc             ] GC(497) Concurrent Mark Cycle 1019.677ms
...[2681.218s][info][gc,start       ] GC(498) Pause Young (Prepare Mixed) (G1 Evacuation Pause)
[2681.218s][info][gc,task        ] GC(498) Using 6 workers of 6 for evacuation
[2681.335s][info][gc,phases      ] GC(498)   Pre Evacuate Collection Set: 0.37ms
[2681.335s][info][gc,phases      ] GC(498)   Merge Heap Roots: 0.52ms
[2681.335s][info][gc,phases      ] GC(498)   Evacuate Collection Set: 114.17ms
[2681.335s][info][gc,phases      ] GC(498)   Post Evacuate Collection Set: 0.95ms
[2681.335s][info][gc,phases      ] GC(498)   Other: 0.09ms
[2681.335s][info][gc,heap        ] GC(498) Eden regions: 1119->0(1111)
[2681.335s][info][gc,heap        ] GC(498) Survivor regions: 109->108(154)
[2681.335s][info][gc,heap        ] GC(498) Old regions: 506->538
[2681.335s][info][gc,heap        ] GC(498) Humongous regions: 80->80
[2681.335s][info][gc,metaspace   ] GC(498) Metaspace: 28954K(29312K)->28954K(29312K) NonClass: 24070K(24256K)->24070K(24256K) Class: 4884K(5056K)->4884K(5056K)
[2681.335s][info][gc             ] GC(498) Pause Young (Prepare Mixed) (G1 Evacuation Pause) 3627M->1449M(4096M) 116.242ms
[2681.335s][info][gc,cpu         ] GC(498) User=0.68s Sys=0.00s Real=0.12s
....[2685.506s][info][gc,start       ] GC(499) Pause Young (Mixed) (G1 Evacuation Pause)
[2685.506s][info][gc,task        ] GC(499) Using 6 workers of 6 for evacuation
[2685.645s][info][gc,phases      ] GC(499)   Pre Evacuate Collection Set: 0.40ms
[2685.645s][info][gc,phases      ] GC(499)   Merge Heap Roots: 0.73ms
[2685.645s][info][gc,phases      ] GC(499)   Evacuate Collection Set: 136.18ms
[2685.645s][info][gc,phases      ] GC(499)   Post Evacuate Collection Set: 0.91ms
[2685.645s][info][gc,phases      ] GC(499)   Other: 0.10ms
[2685.645s][info][gc,heap        ] GC(499) Eden regions: 1111->0(1114)
[2685.645s][info][gc,heap        ] GC(499) Survivor regions: 108->114(153)
[2685.645s][info][gc,heap        ] GC(499) Old regions: 538->474
[2685.645s][info][gc,heap        ] GC(499) Humongous regions: 80->80
[2685.645s][info][gc,metaspace   ] GC(499) Metaspace: 28954K(29312K)->28954K(29312K) NonClass: 24070K(24256K)->24070K(24256K) Class: 4884K(5056K)->4884K(5056K)
[2685.645s][info][gc             ] GC(499) Pause Young (Mixed) (G1 Evacuation Pause) 3671M->1334M(4096M) 138.462ms
[2685.645s][info][gc,cpu         ] GC(499) User=0.82s Sys=0.00s Real=0.14s
....[2689.816s][info][gc,start       ] GC(500) Pause Young (Concurrent Start) (G1 Evacuation Pause)
[2689.816s][info][gc,task        ] GC(500) Using 6 workers of 6 for evacuation
[2689.932s][info][gc,phases      ] GC(500)   Pre Evacuate Collection Set: 0.43ms
[2689.932s][info][gc,phases      ] GC(500)   Merge Heap Roots: 0.49ms
[2689.932s][info][gc,phases      ] GC(500)   Evacuate Collection Set: 114.37ms
[2689.932s][info][gc,phases      ] GC(500)   Post Evacuate Collection Set: 0.92ms
[2689.932s][info][gc,phases      ] GC(500)   Other: 0.13ms
[2689.932s][info][gc,heap        ] GC(500) Eden regions: 1114->0(1120)
[2689.932s][info][gc,heap        ] GC(500) Survivor regions: 114->108(154)
[2689.932s][info][gc,heap        ] GC(500) Old regions: 474->506
[2689.932s][info][gc,heap        ] GC(500) Humongous regions: 80->80
[2689.932s][info][gc,metaspace   ] GC(500) Metaspace: 28954K(29312K)->28954K(29312K) NonClass: 24070K(24256K)->24070K(24256K) Class: 4884K(5056K)->4884K(5056K)
[2689.932s][info][gc             ] GC(500) Pause Young (Concurrent Start) (G1 Evacuation Pause) 3562M->1387M(4096M) 116.466ms
[2689.932s][info][gc             ] GC(501) Concurrent Mark Cycle
[2689.932s][info][gc,marking     ] GC(501) Concurrent Scan Root Regions
[2689.932s][info][gc,cpu         ] GC(500) User=0.68s Sys=0.00s Real=0.11s
.[2690.102s][info][gc,marking     ] GC(501) Concurrent Scan Root Regions 169.892ms
[2690.102s][info][gc,marking     ] GC(501) Concurrent Mark
[2690.102s][info][gc,marking     ] GC(501) Concurrent Mark From Roots
[2690.102s][info][gc,task        ] GC(501) Using 2 workers of 2 for marking
[2690.757s][info][gc,marking     ] GC(501) Concurrent Mark From Roots 654.776ms
[2690.757s][info][gc,marking     ] GC(501) Concurrent Preclean
[2690.757s][info][gc,marking     ] GC(501) Concurrent Preclean 0.055ms
[2690.758s][info][gc,start       ] GC(501) Pause Remark
[2690.761s][info][gc             ] GC(501) Pause Remark 1915M->1915M(4096M) 3.460ms
[2690.761s][info][gc,cpu         ] GC(501) User=0.02s Sys=0.00s Real=0.00s
[2690.761s][info][gc,marking     ] GC(501) Concurrent Mark 658.932ms
[2690.761s][info][gc,marking     ] GC(501) Concurrent Rebuild Remembered Sets and Scrub Regions
.[2691.000s][info][gc,marking     ] GC(501) Concurrent Rebuild Remembered Sets and Scrub Regions 238.227ms
[2691.000s][info][gc,start       ] GC(501) Pause Cleanup
[2691.000s][info][gc             ] GC(501) Pause Cleanup 2003M->2003M(4096M) 0.127ms
[2691.000s][info][gc,cpu         ] GC(501) User=0.00s Sys=0.00s Real=0.00s
[2691.001s][info][gc,marking     ] GC(501) Concurrent Clear Claimed Marks
[2691.001s][info][gc,marking     ] GC(501) Concurrent Clear Claimed Marks 0.040ms
[2691.001s][info][gc,marking     ] GC(501) Concurrent Cleanup for Next Mark
[2691.006s][info][gc,marking     ] GC(501) Concurrent Cleanup for Next Mark 5.016ms
[2691.006s][info][gc             ] GC(501) Concurrent Mark Cycle 1073.469ms
...[2694.130s][info][gc,start       ] GC(502) Pause Young (Prepare Mixed) (G1 Evacuation Pause)
[2694.130s][info][gc,task        ] GC(502) Using 6 workers of 6 for evacuation
[2694.248s][info][gc,phases      ] GC(502)   Pre Evacuate Collection Set: 0.38ms
[2694.248s][info][gc,phases      ] GC(502)   Merge Heap Roots: 0.53ms
[2694.248s][info][gc,phases      ] GC(502)   Evacuate Collection Set: 115.98ms
[2694.248s][info][gc,phases      ] GC(502)   Post Evacuate Collection Set: 0.98ms
[2694.248s][info][gc,phases      ] GC(502)   Other: 0.08ms
[2694.248s][info][gc,heap        ] GC(502) Eden regions: 1120->0(1107)
[2694.248s][info][gc,heap        ] GC(502) Survivor regions: 108->110(154)
[2694.248s][info][gc,heap        ] GC(502) Old regions: 506->538
[2694.248s][info][gc,heap        ] GC(502) Humongous regions: 80->80
[2694.248s][info][gc,metaspace   ] GC(502) Metaspace: 28954K(29312K)->28954K(29312K) NonClass: 24070K(24256K)->24070K(24256K) Class: 4884K(5056K)->4884K(5056K)
[2694.248s][info][gc             ] GC(502) Pause Young (Prepare Mixed) (G1 Evacuation Pause) 3627M->1454M(4096M) 118.084ms
[2694.248s][info][gc,cpu         ] GC(502) User=0.70s Sys=0.00s Real=0.12s
....[2698.258s][info][gc,start       ] GC(503) Pause Young (Mixed) (G1 Evacuation Pause)
[2698.258s][info][gc,task        ] GC(503) Using 6 workers of 6 for evacuation
[2698.392s][info][gc,phases      ] GC(503)   Pre Evacuate Collection Set: 0.40ms
[2698.392s][info][gc,phases      ] GC(503)   Merge Heap Roots: 0.71ms
[2698.392s][info][gc,phases      ] GC(503)   Evacuate Collection Set: 132.35ms
[2698.392s][info][gc,phases      ] GC(503)   Post Evacuate Collection Set: 0.92ms
[2698.392s][info][gc,phases      ] GC(503)   Other: 0.10ms
[2698.392s][info][gc,heap        ] GC(503) Eden regions: 1107->0(1118)
[2698.392s][info][gc,heap        ] GC(503) Survivor regions: 110->110(153)
[2698.392s][info][gc,heap        ] GC(503) Old regions: 538->475
[2698.392s][info][gc,heap        ] GC(503) Humongous regions: 80->80
[2698.392s][info][gc,metaspace   ] GC(503) Metaspace: 28954K(29312K)->28954K(29312K) NonClass: 24070K(24256K)->24070K(24256K) Class: 4884K(5056K)->4884K(5056K)
[2698.392s][info][gc             ] GC(503) Pause Young (Mixed) (G1 Evacuation Pause) 3668M->1328M(4096M) 134.634ms
[2698.392s][info][gc,cpu         ] GC(503) User=0.79s Sys=0.01s Real=0.13s
....[2702.479s][info][gc,start       ] GC(504) Pause Young (Concurrent Start) (G1 Evacuation Pause)
[2702.479s][info][gc,task        ] GC(504) Using 6 workers of 6 for evacuation
[2702.595s][info][gc,phases      ] GC(504)   Pre Evacuate Collection Set: 0.46ms
[2702.595s][info][gc,phases      ] GC(504)   Merge Heap Roots: 0.54ms
[2702.595s][info][gc,phases      ] GC(504)   Evacuate Collection Set: 114.70ms
[2702.595s][info][gc,phases      ] GC(504)   Post Evacuate Collection Set: 0.90ms
[2702.595s][info][gc,phases      ] GC(504)   Other: 0.14ms
[2702.595s][info][gc,heap        ] GC(504) Eden regions: 1118->0(1120)
[2702.595s][info][gc,heap        ] GC(504) Survivor regions: 110->108(154)
[2702.595s][info][gc,heap        ] GC(504) Old regions: 475->507
[2702.595s][info][gc,heap        ] GC(504) Humongous regions: 80->80
[2702.595s][info][gc,metaspace   ] GC(504) Metaspace: 28954K(29312K)->28954K(29312K) NonClass: 24070K(24256K)->24070K(24256K) Class: 4884K(5056K)->4884K(5056K)
[2702.595s][info][gc             ] GC(504) Pause Young (Concurrent Start) (G1 Evacuation Pause) 3564M->1388M(4096M) 116.866ms
[2702.595s][info][gc             ] GC(505) Concurrent Mark Cycle
[2702.596s][info][gc,marking     ] GC(505) Concurrent Scan Root Regions
[2702.596s][info][gc,cpu         ] GC(504) User=0.69s Sys=0.00s Real=0.12s
[2702.749s][info][gc,marking     ] GC(505) Concurrent Scan Root Regions 153.462ms
[2702.749s][info][gc,marking     ] GC(505) Concurrent Mark
[2702.749s][info][gc,marking     ] GC(505) Concurrent Mark From Roots
[2702.749s][info][gc,task        ] GC(505) Using 2 workers of 2 for marking
.[2703.507s][info][gc,marking     ] GC(505) Concurrent Mark From Roots 758.156ms
[2703.507s][info][gc,marking     ] GC(505) Concurrent Preclean
[2703.507s][info][gc,marking     ] GC(505) Concurrent Preclean 0.037ms
[2703.507s][info][gc,start       ] GC(505) Pause Remark
[2703.512s][info][gc             ] GC(505) Pause Remark 1922M->1922M(4096M) 4.273ms
[2703.512s][info][gc,cpu         ] GC(505) User=0.03s Sys=0.00s Real=0.00s
[2703.512s][info][gc,marking     ] GC(505) Concurrent Mark 762.717ms
[2703.512s][info][gc,marking     ] GC(505) Concurrent Rebuild Remembered Sets and Scrub Regions
[2703.771s][info][gc,marking     ] GC(505) Concurrent Rebuild Remembered Sets and Scrub Regions 259.276ms
[2703.771s][info][gc,start       ] GC(505) Pause Cleanup
[2703.771s][info][gc             ] GC(505) Pause Cleanup 2048M->2048M(4096M) 0.134ms
[2703.771s][info][gc,cpu         ] GC(505) User=0.00s Sys=0.00s Real=0.00s
[2703.771s][info][gc,marking     ] GC(505) Concurrent Clear Claimed Marks
[2703.771s][info][gc,marking     ] GC(505) Concurrent Clear Claimed Marks 0.034ms
[2703.771s][info][gc,marking     ] GC(505) Concurrent Cleanup for Next Mark
[2703.776s][info][gc,marking     ] GC(505) Concurrent Cleanup for Next Mark 4.227ms
[2703.776s][info][gc             ] GC(505) Concurrent Mark Cycle 1180.252ms
...[2706.817s][info][gc,start       ] GC(506) Pause Young (Prepare Mixed) (G1 Evacuation Pause)
[2706.817s][info][gc,task        ] GC(506) Using 6 workers of 6 for evacuation
[2706.936s][info][gc,phases      ] GC(506)   Pre Evacuate Collection Set: 0.39ms
[2706.936s][info][gc,phases      ] GC(506)   Merge Heap Roots: 0.56ms
[2706.936s][info][gc,phases      ] GC(506)   Evacuate Collection Set: 117.14ms
[2706.936s][info][gc,phases      ] GC(506)   Post Evacuate Collection Set: 0.98ms
[2706.936s][info][gc,phases      ] GC(506)   Other: 0.10ms
[2706.937s][info][gc,heap        ] GC(506) Eden regions: 1120->0(1106)
[2706.937s][info][gc,heap        ] GC(506) Survivor regions: 108->110(154)
[2706.937s][info][gc,heap        ] GC(506) Old regions: 507->539
[2706.937s][info][gc,heap        ] GC(506) Humongous regions: 80->80
[2706.937s][info][gc,metaspace   ] GC(506) Metaspace: 28954K(29312K)->28954K(29312K) NonClass: 24070K(24256K)->24070K(24256K) Class: 4884K(5056K)->4884K(5056K)
[2706.937s][info][gc             ] GC(506) Pause Young (Prepare Mixed) (G1 Evacuation Pause) 3628M->1455M(4096M) 119.325ms
[2706.937s][info][gc,cpu         ] GC(506) User=0.70s Sys=0.01s Real=0.12s
.....[2711.028s][info][gc,start       ] GC(507) Pause Young (Mixed) (G1 Evacuation Pause)
[2711.028s][info][gc,task        ] GC(507) Using 6 workers of 6 for evacuation
[2711.158s][info][gc,phases      ] GC(507)   Pre Evacuate Collection Set: 0.40ms
[2711.158s][info][gc,phases      ] GC(507)   Merge Heap Roots: 0.68ms
[2711.158s][info][gc,phases      ] GC(507)   Evacuate Collection Set: 127.92ms
[2711.158s][info][gc,phases      ] GC(507)   Post Evacuate Collection Set: 0.96ms
[2711.158s][info][gc,phases      ] GC(507)   Other: 0.09ms
[2711.158s][info][gc,heap        ] GC(507) Eden regions: 1106->0(1119)
[2711.158s][info][gc,heap        ] GC(507) Survivor regions: 110->109(152)
[2711.158s][info][gc,heap        ] GC(507) Old regions: 539->475
[2711.158s][info][gc,heap        ] GC(507) Humongous regions: 80->80
[2711.158s][info][gc,metaspace   ] GC(507) Metaspace: 28954K(29312K)->28954K(29312K) NonClass: 24070K(24256K)->24070K(24256K) Class: 4884K(5056K)->4884K(5056K)
[2711.158s][info][gc             ] GC(507) Pause Young (Mixed) (G1 Evacuation Pause) 3667M->1326M(4096M) 130.174ms
[2711.158s][info][gc,cpu         ] GC(507) User=0.77s Sys=0.00s Real=0.13s
....[2715.269s][info][gc,start       ] GC(508) Pause Young (Concurrent Start) (G1 Evacuation Pause)
[2715.269s][info][gc,task        ] GC(508) Using 6 workers of 6 for evacuation
[2715.389s][info][gc,phases      ] GC(508)   Pre Evacuate Collection Set: 0.41ms
[2715.389s][info][gc,phases      ] GC(508)   Merge Heap Roots: 0.54ms
[2715.389s][info][gc,phases      ] GC(508)   Evacuate Collection Set: 118.36ms
[2715.389s][info][gc,phases      ] GC(508)   Post Evacuate Collection Set: 0.90ms
[2715.389s][info][gc,phases      ] GC(508)   Other: 0.13ms
[2715.389s][info][gc,heap        ] GC(508) Eden regions: 1119->0(1118)
[2715.389s][info][gc,heap        ] GC(508) Survivor regions: 109->110(154)
[2715.389s][info][gc,heap        ] GC(508) Old regions: 475->508
[2715.389s][info][gc,heap        ] GC(508) Humongous regions: 80->80
[2715.389s][info][gc,metaspace   ] GC(508) Metaspace: 28954K(29312K)->28954K(29312K) NonClass: 24070K(24256K)->24070K(24256K) Class: 4884K(5056K)->4884K(5056K)
[2715.389s][info][gc             ] GC(508) Pause Young (Concurrent Start) (G1 Evacuation Pause) 3564M->1394M(4096M) 120.476ms
[2715.389s][info][gc             ] GC(509) Concurrent Mark Cycle
[2715.389s][info][gc,marking     ] GC(509) Concurrent Scan Root Regions
[2715.389s][info][gc,cpu         ] GC(508) User=0.71s Sys=0.00s Real=0.12s
[2715.530s][info][gc,marking     ] GC(509) Concurrent Scan Root Regions 140.781ms
[2715.530s][info][gc,marking     ] GC(509) Concurrent Mark
[2715.530s][info][gc,marking     ] GC(509) Concurrent Mark From Roots
[2715.530s][info][gc,task        ] GC(509) Using 2 workers of 2 for marking
.[2716.257s][info][gc,marking     ] GC(509) Concurrent Mark From Roots 727.105ms
[2716.257s][info][gc,marking     ] GC(509) Concurrent Preclean
[2716.258s][info][gc,marking     ] GC(509) Concurrent Preclean 0.103ms
[2716.258s][info][gc,start       ] GC(509) Pause Remark
[2716.263s][info][gc             ] GC(509) Pause Remark 1922M->1922M(4096M) 4.881ms
[2716.263s][info][gc,cpu         ] GC(509) User=0.02s Sys=0.00s Real=0.00s
[2716.263s][info][gc,marking     ] GC(509) Concurrent Mark 732.402ms
[2716.263s][info][gc,marking     ] GC(509) Concurrent Rebuild Remembered Sets and Scrub Regions
[2716.585s][info][gc,marking     ] GC(509) Concurrent Rebuild Remembered Sets and Scrub Regions 321.974ms
[2716.585s][info][gc,start       ] GC(509) Pause Cleanup
[2716.585s][info][gc             ] GC(509) Pause Cleanup 2099M->2099M(4096M) 0.126ms
[2716.585s][info][gc,cpu         ] GC(509) User=0.00s Sys=0.00s Real=0.00s
[2716.585s][info][gc,marking     ] GC(509) Concurrent Clear Claimed Marks
[2716.585s][info][gc,marking     ] GC(509) Concurrent Clear Claimed Marks 0.031ms
[2716.585s][info][gc,marking     ] GC(509) Concurrent Cleanup for Next Mark
[2716.589s][info][gc,marking     ] GC(509) Concurrent Cleanup for Next Mark 4.082ms
[2716.589s][info][gc             ] GC(509) Concurrent Mark Cycle 1199.762ms
...[2719.560s][info][gc,start       ] GC(510) Pause Young (Prepare Mixed) (G1 Evacuation Pause)
[2719.560s][info][gc,task        ] GC(510) Using 6 workers of 6 for evacuation
[2719.680s][info][gc,phases      ] GC(510)   Pre Evacuate Collection Set: 0.37ms
[2719.680s][info][gc,phases      ] GC(510)   Merge Heap Roots: 0.54ms
[2719.680s][info][gc,phases      ] GC(510)   Evacuate Collection Set: 118.37ms
[2719.680s][info][gc,phases      ] GC(510)   Post Evacuate Collection Set: 0.95ms
[2719.680s][info][gc,phases      ] GC(510)   Other: 0.08ms
[2719.680s][info][gc,heap        ] GC(510) Eden regions: 1118->0(1102)
[2719.680s][info][gc,heap        ] GC(510) Survivor regions: 110->112(154)
[2719.680s][info][gc,heap        ] GC(510) Old regions: 508->539
[2719.680s][info][gc,heap        ] GC(510) Humongous regions: 80->80
[2719.680s][info][gc,metaspace   ] GC(510) Metaspace: 28950K(29312K)->28950K(29312K) NonClass: 24069K(24256K)->24069K(24256K) Class: 4881K(5056K)->4881K(5056K)
[2719.680s][info][gc             ] GC(510) Pause Young (Prepare Mixed) (G1 Evacuation Pause) 3630M->1459M(4096M) 120.445ms
[2719.680s][info][gc,cpu         ] GC(510) User=0.71s Sys=0.00s Real=0.12s
....[2723.798s][info][gc,start       ] GC(511) Pause Young (Mixed) (G1 Evacuation Pause)
[2723.798s][info][gc,task        ] GC(511) Using 6 workers of 6 for evacuation
[2723.927s][info][gc,phases      ] GC(511)   Pre Evacuate Collection Set: 0.39ms
[2723.927s][info][gc,phases      ] GC(511)   Merge Heap Roots: 0.63ms
[2723.927s][info][gc,phases      ] GC(511)   Evacuate Collection Set: 126.39ms
[2723.927s][info][gc,phases      ] GC(511)   Post Evacuate Collection Set: 0.97ms
[2723.927s][info][gc,phases      ] GC(511)   Other: 0.08ms
[2723.927s][info][gc,heap        ] GC(511) Eden regions: 1102->0(1121)
[2723.927s][info][gc,heap        ] GC(511) Survivor regions: 112->107(152)
[2723.927s][info][gc,heap        ] GC(511) Old regions: 539->475
[2723.927s][info][gc,heap        ] GC(511) Humongous regions: 80->80
[2723.927s][info][gc,metaspace   ] GC(511) Metaspace: 28951K(29312K)->28951K(29312K) NonClass: 24070K(24256K)->24070K(24256K) Class: 4881K(5056K)->4881K(5056K)
[2723.927s][info][gc             ] GC(511) Pause Young (Mixed) (G1 Evacuation Pause) 3663M->1321M(4096M) 128.611ms
[2723.927s][info][gc,cpu         ] GC(511) User=0.76s Sys=0.00s Real=0.13s
....[2728.010s][info][gc,start       ] GC(512) Pause Young (Concurrent Start) (G1 Evacuation Pause)
[2728.010s][info][gc,task        ] GC(512) Using 6 workers of 6 for evacuation
[2728.126s][info][gc,phases      ] GC(512)   Pre Evacuate Collection Set: 0.43ms
[2728.126s][info][gc,phases      ] GC(512)   Merge Heap Roots: 0.52ms
[2728.126s][info][gc,phases      ] GC(512)   Evacuate Collection Set: 113.21ms
[2728.126s][info][gc,phases      ] GC(512)   Post Evacuate Collection Set: 0.90ms
[2728.126s][info][gc,phases      ] GC(512)   Other: 0.93ms
[2728.126s][info][gc,heap        ] GC(512) Eden regions: 1121->0(1121)
[2728.126s][info][gc,heap        ] GC(512) Survivor regions: 107->107(154)
[2728.126s][info][gc,heap        ] GC(512) Old regions: 475->507
[2728.126s][info][gc,heap        ] GC(512) Humongous regions: 80->80
[2728.126s][info][gc,metaspace   ] GC(512) Metaspace: 28951K(29312K)->28951K(29312K) NonClass: 24070K(24256K)->24070K(24256K) Class: 4881K(5056K)->4881K(5056K)
[2728.127s][info][gc             ] GC(512) Pause Young (Concurrent Start) (G1 Evacuation Pause) 3563M->1385M(4096M) 116.142ms
[2728.127s][info][gc             ] GC(513) Concurrent Mark Cycle
[2728.127s][info][gc,marking     ] GC(513) Concurrent Scan Root Regions
[2728.127s][info][gc,cpu         ] GC(512) User=0.68s Sys=0.00s Real=0.12s
.[2728.304s][info][gc,marking     ] GC(513) Concurrent Scan Root Regions 177.589ms
[2728.304s][info][gc,marking     ] GC(513) Concurrent Mark
[2728.304s][info][gc,marking     ] GC(513) Concurrent Mark From Roots
[2728.304s][info][gc,task        ] GC(513) Using 2 workers of 2 for marking
[2728.990s][info][gc,marking     ] GC(513) Concurrent Mark From Roots 686.031ms
[2728.990s][info][gc,marking     ] GC(513) Concurrent Preclean
[2728.990s][info][gc,marking     ] GC(513) Concurrent Preclean 0.096ms
[2728.990s][info][gc,start       ] GC(513) Pause Remark
[2728.995s][info][gc             ] GC(513) Pause Remark 1876M->1876M(4096M) 4.125ms
[2728.995s][info][gc,cpu         ] GC(513) User=0.02s Sys=0.01s Real=0.01s
[2728.995s][info][gc,marking     ] GC(513) Concurrent Mark 690.547ms
[2728.995s][info][gc,marking     ] GC(513) Concurrent Rebuild Remembered Sets and Scrub Regions
.[2729.261s][info][gc,marking     ] GC(513) Concurrent Rebuild Remembered Sets and Scrub Regions 265.915ms
[2729.261s][info][gc,start       ] GC(513) Pause Cleanup
[2729.261s][info][gc             ] GC(513) Pause Cleanup 2013M->2013M(4096M) 0.129ms
[2729.261s][info][gc,cpu         ] GC(513) User=0.00s Sys=0.00s Real=0.00s
[2729.261s][info][gc,marking     ] GC(513) Concurrent Clear Claimed Marks
[2729.262s][info][gc,marking     ] GC(513) Concurrent Clear Claimed Marks 0.034ms
[2729.262s][info][gc,marking     ] GC(513) Concurrent Cleanup for Next Mark
[2729.266s][info][gc,marking     ] GC(513) Concurrent Cleanup for Next Mark 4.569ms
[2729.266s][info][gc             ] GC(513) Concurrent Mark Cycle 1139.658ms
... (rIR:aIR:PR = 4428:4429:4429) (tPR = 65775) [OK] 
  2731s: Performance info:
         Transaction,    Success,    Partial,     Failed,   Receipts, AvgBarcode, 
             Overall,     266757,          0,          0,     253440,      59.47, 
         Response times:
             Request,    Success,    Partial,     Failed,   SkipFail,     Probes,    Samples,      min,      p50,      p90,      p95,      p99,      max, 
       TotalPurchase,     253441,          0,          0,          0,     248237,     274484,      300,     3600,     6600,    11800,    55000,   213000,
     InStorePurchase,     133514,          0,          0,          0,     130967,     144552,      300,     3600,     6700,    11800,    56000,   213000,
      OnlinePurchase,      93273,          0,          0,          0,      91426,     101079,      300,     3500,     6600,    11800,    55000,   155000,
        InstPurchase,      26654,          0,          0,          0,      25844,      28853,      400,     3500,     6600,    11400,    55000,   159000,
          AssocOfCat,        267,          0,          0,          0,        213,        292,    21000,    30000,    48000,    56000,   148400,   168000,
      AssocOfProduct,       2657,          0,          0,          0,       2434,       2863,      500,     2600,     6400,     9780,    52720,   126000,
      BusinessReport,        668,          0,          0,          0,        536,        702,    23000,    35000,    59000,    77850,   168730,   223000,
          CustBuyBeh,       2677,          0,          0,          0,       2492,       2933,      200,     2500,     5400,     8590,    43980,   134000,
       ProductReturn,       7049,          0,          0,          0,       6659,       7650,      200,     3700,     6700,    11100,    56000,   156000,

  2731s: (33%)   IR =   4566 [2732.297s][info][gc,start       ] GC(514) Pause Young (Prepare Mixed) (G1 Evacuation Pause)
[2732.297s][info][gc,task        ] GC(514) Using 6 workers of 6 for evacuation
[2732.416s][info][gc,phases      ] GC(514)   Pre Evacuate Collection Set: 0.33ms
[2732.416s][info][gc,phases      ] GC(514)   Merge Heap Roots: 0.52ms
[2732.416s][info][gc,phases      ] GC(514)   Evacuate Collection Set: 116.66ms
[2732.416s][info][gc,phases      ] GC(514)   Post Evacuate Collection Set: 0.99ms
[2732.416s][info][gc,phases      ] GC(514)   Other: 0.09ms
[2732.416s][info][gc,heap        ] GC(514) Eden regions: 1121->0(1105)
[2732.416s][info][gc,heap        ] GC(514) Survivor regions: 107->111(154)
[2732.416s][info][gc,heap        ] GC(514) Old regions: 507->538
[2732.416s][info][gc,heap        ] GC(514) Humongous regions: 80->80
[2732.416s][info][gc,metaspace   ] GC(514) Metaspace: 28951K(29312K)->28951K(29312K) NonClass: 24070K(24256K)->24070K(24256K) Class: 4881K(5056K)->4881K(5056K)
[2732.416s][info][gc             ] GC(514) Pause Young (Prepare Mixed) (G1 Evacuation Pause) 3627M->1456M(4096M) 118.740ms
[2732.416s][info][gc,cpu         ] GC(514) User=0.70s Sys=0.00s Real=0.12s
....[2736.426s][info][gc,start       ] GC(515) Pause Young (Mixed) (G1 Evacuation Pause)
[2736.426s][info][gc,task        ] GC(515) Using 6 workers of 6 for evacuation
[2736.561s][info][gc,phases      ] GC(515)   Pre Evacuate Collection Set: 0.41ms
[2736.561s][info][gc,phases      ] GC(515)   Merge Heap Roots: 0.74ms
[2736.561s][info][gc,phases      ] GC(515)   Evacuate Collection Set: 132.06ms
[2736.561s][info][gc,phases      ] GC(515)   Post Evacuate Collection Set: 0.99ms
[2736.561s][info][gc,phases      ] GC(515)   Other: 0.09ms
[2736.561s][info][gc,heap        ] GC(515) Eden regions: 1105->0(1119)
[2736.561s][info][gc,heap        ] GC(515) Survivor regions: 111->109(152)
[2736.561s][info][gc,heap        ] GC(515) Old regions: 538->475
[2736.561s][info][gc,heap        ] GC(515) Humongous regions: 80->80
[2736.561s][info][gc,metaspace   ] GC(515) Metaspace: 28951K(29312K)->28951K(29312K) NonClass: 24070K(24256K)->24070K(24256K) Class: 4881K(5056K)->4881K(5056K)
[2736.561s][info][gc             ] GC(515) Pause Young (Mixed) (G1 Evacuation Pause) 3666M->1327M(4096M) 134.422ms
[2736.561s][info][gc,cpu         ] GC(515) User=0.79s Sys=0.00s Real=0.13s
.|...[2740.522s][info][gc,start       ] GC(516) Pause Young (Concurrent Start) (G1 Evacuation Pause)
[2740.522s][info][gc,task        ] GC(516) Using 6 workers of 6 for evacuation
[2740.643s][info][gc,phases      ] GC(516)   Pre Evacuate Collection Set: 0.40ms
[2740.643s][info][gc,phases      ] GC(516)   Merge Heap Roots: 0.53ms
[2740.643s][info][gc,phases      ] GC(516)   Evacuate Collection Set: 118.50ms
[2740.643s][info][gc,phases      ] GC(516)   Post Evacuate Collection Set: 0.89ms
[2740.643s][info][gc,phases      ] GC(516)   Other: 0.11ms
[2740.643s][info][gc,heap        ] GC(516) Eden regions: 1119->0(1117)
[2740.643s][info][gc,heap        ] GC(516) Survivor regions: 109->111(154)
[2740.643s][info][gc,heap        ] GC(516) Old regions: 475->507
[2740.643s][info][gc,heap        ] GC(516) Humongous regions: 80->80
[2740.643s][info][gc,metaspace   ] GC(516) Metaspace: 28952K(29312K)->28952K(29312K) NonClass: 24070K(24256K)->24070K(24256K) Class: 4881K(5056K)->4881K(5056K)
[2740.643s][info][gc             ] GC(516) Pause Young (Concurrent Start) (G1 Evacuation Pause) 3565M->1395M(4096M) 120.559ms
[2740.643s][info][gc             ] GC(517) Concurrent Mark Cycle
[2740.643s][info][gc,marking     ] GC(517) Concurrent Scan Root Regions
[2740.643s][info][gc,cpu         ] GC(516) User=0.71s Sys=0.00s Real=0.12s
[2740.829s][info][gc,marking     ] GC(517) Concurrent Scan Root Regions 185.643ms
[2740.829s][info][gc,marking     ] GC(517) Concurrent Mark
[2740.829s][info][gc,marking     ] GC(517) Concurrent Mark From Roots
[2740.829s][info][gc,task        ] GC(517) Using 2 workers of 2 for marking
.[2741.551s][info][gc,marking     ] GC(517) Concurrent Mark From Roots 721.883ms
[2741.551s][info][gc,marking     ] GC(517) Concurrent Preclean
[2741.551s][info][gc,marking     ] GC(517) Concurrent Preclean 0.124ms
[2741.551s][info][gc,start       ] GC(517) Pause Remark
[2741.557s][info][gc             ] GC(517) Pause Remark 1957M->1957M(4096M) 5.925ms
[2741.557s][info][gc,cpu         ] GC(517) User=0.04s Sys=0.00s Real=0.01s
[2741.557s][info][gc,marking     ] GC(517) Concurrent Mark 728.868ms
[2741.557s][info][gc,marking     ] GC(517) Concurrent Rebuild Remembered Sets and Scrub Regions
[2741.833s][info][gc,marking     ] GC(517) Concurrent Rebuild Remembered Sets and Scrub Regions 275.155ms
[2741.833s][info][gc,start       ] GC(517) Pause Cleanup
[2741.833s][info][gc             ] GC(517) Pause Cleanup 2119M->2119M(4096M) 0.137ms
[2741.833s][info][gc,cpu         ] GC(517) User=0.00s Sys=0.00s Real=0.00s
[2741.834s][info][gc,marking     ] GC(517) Concurrent Clear Claimed Marks
[2741.834s][info][gc,marking     ] GC(517) Concurrent Clear Claimed Marks 0.036ms
[2741.834s][info][gc,marking     ] GC(517) Concurrent Cleanup for Next Mark
[2741.839s][info][gc,marking     ] GC(517) Concurrent Cleanup for Next Mark 5.572ms
[2741.839s][info][gc             ] GC(517) Concurrent Mark Cycle 1196.476ms
...[2744.755s][info][gc,start       ] GC(518) Pause Young (Prepare Mixed) (G1 Evacuation Pause)
[2744.755s][info][gc,task        ] GC(518) Using 6 workers of 6 for evacuation
[2744.875s][info][gc,phases      ] GC(518)   Pre Evacuate Collection Set: 0.38ms
[2744.875s][info][gc,phases      ] GC(518)   Merge Heap Roots: 0.58ms
[2744.875s][info][gc,phases      ] GC(518)   Evacuate Collection Set: 118.34ms
[2744.875s][info][gc,phases      ] GC(518)   Post Evacuate Collection Set: 0.96ms
[2744.875s][info][gc,phases      ] GC(518)   Other: 0.11ms
[2744.875s][info][gc,heap        ] GC(518) Eden regions: 1117->0(1101)
[2744.875s][info][gc,heap        ] GC(518) Survivor regions: 111->113(154)
[2744.875s][info][gc,heap        ] GC(518) Old regions: 507->538
[2744.875s][info][gc,heap        ] GC(518) Humongous regions: 80->80
[2744.875s][info][gc,metaspace   ] GC(518) Metaspace: 28948K(29312K)->28948K(29312K) NonClass: 24068K(24256K)->24068K(24256K) Class: 4880K(5056K)->4880K(5056K)
[2744.875s][info][gc             ] GC(518) Pause Young (Prepare Mixed) (G1 Evacuation Pause) 3629M->1460M(4096M) 120.522ms
[2744.875s][info][gc,cpu         ] GC(518) User=0.71s Sys=0.00s Real=0.12s
....[2748.730s][info][gc,start       ] GC(519) Pause Young (Mixed) (G1 Evacuation Pause)
[2748.730s][info][gc,task        ] GC(519) Using 6 workers of 6 for evacuation
[2748.867s][info][gc,phases      ] GC(519)   Pre Evacuate Collection Set: 0.38ms
[2748.867s][info][gc,phases      ] GC(519)   Merge Heap Roots: 0.69ms
[2748.867s][info][gc,phases      ] GC(519)   Evacuate Collection Set: 134.95ms
[2748.867s][info][gc,phases      ] GC(519)   Post Evacuate Collection Set: 0.99ms
[2748.867s][info][gc,phases      ] GC(519)   Other: 0.09ms
[2748.867s][info][gc,heap        ] GC(519) Eden regions: 1101->0(1113)
[2748.867s][info][gc,heap        ] GC(519) Survivor regions: 113->115(152)
[2748.867s][info][gc,heap        ] GC(519) Old regions: 538->474
[2748.867s][info][gc,heap        ] GC(519) Humongous regions: 80->80
[2748.867s][info][gc,metaspace   ] GC(519) Metaspace: 28948K(29312K)->28948K(29312K) NonClass: 24068K(24256K)->24068K(24256K) Class: 4880K(5056K)->4880K(5056K)
[2748.867s][info][gc             ] GC(519) Pause Young (Mixed) (G1 Evacuation Pause) 3662M->1336M(4096M) 137.230ms
[2748.867s][info][gc,cpu         ] GC(519) User=0.81s Sys=0.00s Real=0.14s
....[2752.780s][info][gc,start       ] GC(520) Pause Young (Concurrent Start) (G1 Evacuation Pause)
[2752.780s][info][gc,task        ] GC(520) Using 6 workers of 6 for evacuation
[2752.895s][info][gc,phases      ] GC(520)   Pre Evacuate Collection Set: 0.41ms
[2752.895s][info][gc,phases      ] GC(520)   Merge Heap Roots: 0.49ms
[2752.895s][info][gc,phases      ] GC(520)   Evacuate Collection Set: 113.01ms
[2752.895s][info][gc,phases      ] GC(520)   Post Evacuate Collection Set: 0.91ms
[2752.895s][info][gc,phases      ] GC(520)   Other: 0.13ms
[2752.895s][info][gc,heap        ] GC(520) Eden regions: 1113->0(1122)
[2752.895s][info][gc,heap        ] GC(520) Survivor regions: 115->106(154)
[2752.895s][info][gc,heap        ] GC(520) Old regions: 474->507
[2752.895s][info][gc,heap        ] GC(520) Humongous regions: 80->80
[2752.895s][info][gc,metaspace   ] GC(520) Metaspace: 28948K(29312K)->28948K(29312K) NonClass: 24068K(24256K)->24068K(24256K) Class: 4880K(5056K)->4880K(5056K)
[2752.895s][info][gc             ] GC(520) Pause Young (Concurrent Start) (G1 Evacuation Pause) 3562M->1384M(4096M) 115.110ms
[2752.895s][info][gc             ] GC(521) Concurrent Mark Cycle
[2752.895s][info][gc,marking     ] GC(521) Concurrent Scan Root Regions
[2752.895s][info][gc,cpu         ] GC(520) User=0.68s Sys=0.00s Real=0.12s
[2753.045s][info][gc,marking     ] GC(521) Concurrent Scan Root Regions 149.738ms
[2753.045s][info][gc,marking     ] GC(521) Concurrent Mark
[2753.045s][info][gc,marking     ] GC(521) Concurrent Mark From Roots
[2753.045s][info][gc,task        ] GC(521) Using 2 workers of 2 for marking
.[2753.737s][info][gc,marking     ] GC(521) Concurrent Mark From Roots 692.315ms
[2753.737s][info][gc,marking     ] GC(521) Concurrent Preclean
[2753.737s][info][gc,marking     ] GC(521) Concurrent Preclean 0.067ms
[2753.737s][info][gc,start       ] GC(521) Pause Remark
[2753.741s][info][gc             ] GC(521) Pause Remark 1851M->1851M(4096M) 4.072ms
[2753.741s][info][gc,cpu         ] GC(521) User=0.02s Sys=0.00s Real=0.00s
[2753.741s][info][gc,marking     ] GC(521) Concurrent Mark 696.740ms
[2753.741s][info][gc,marking     ] GC(521) Concurrent Rebuild Remembered Sets and Scrub Regions
[2753.993s][info][gc,marking     ] GC(521) Concurrent Rebuild Remembered Sets and Scrub Regions 251.180ms
[2753.993s][info][gc,start       ] GC(521) Pause Cleanup
[2753.993s][info][gc             ] GC(521) Pause Cleanup 1976M->1976M(4096M) 0.125ms
[2753.993s][info][gc,cpu         ] GC(521) User=0.00s Sys=0.00s Real=0.00s
[2753.993s][info][gc,marking     ] GC(521) Concurrent Clear Claimed Marks
[2753.993s][info][gc,marking     ] GC(521) Concurrent Clear Claimed Marks 0.030ms
[2753.993s][info][gc,marking     ] GC(521) Concurrent Cleanup for Next Mark
[2753.998s][info][gc,marking     ] GC(521) Concurrent Cleanup for Next Mark 4.372ms
[2753.998s][info][gc             ] GC(521) Concurrent Mark Cycle 1102.874ms
...[2757.019s][info][gc,start       ] GC(522) Pause Young (Prepare Mixed) (G1 Evacuation Pause)
[2757.019s][info][gc,task        ] GC(522) Using 6 workers of 6 for evacuation
[2757.135s][info][gc,phases      ] GC(522)   Pre Evacuate Collection Set: 0.36ms
[2757.135s][info][gc,phases      ] GC(522)   Merge Heap Roots: 0.51ms
[2757.135s][info][gc,phases      ] GC(522)   Evacuate Collection Set: 113.49ms
[2757.135s][info][gc,phases      ] GC(522)   Post Evacuate Collection Set: 0.97ms
[2757.135s][info][gc,phases      ] GC(522)   Other: 0.09ms
[2757.135s][info][gc,heap        ] GC(522) Eden regions: 1122->0(1111)
[2757.135s][info][gc,heap        ] GC(522) Survivor regions: 106->108(154)
[2757.135s][info][gc,heap        ] GC(522) Old regions: 507->538
[2757.135s][info][gc,heap        ] GC(522) Humongous regions: 80->80
[2757.135s][info][gc,metaspace   ] GC(522) Metaspace: 28948K(29312K)->28948K(29312K) NonClass: 24068K(24256K)->24068K(24256K) Class: 4880K(5056K)->4880K(5056K)
[2757.135s][info][gc             ] GC(522) Pause Young (Prepare Mixed) (G1 Evacuation Pause) 3628M->1449M(4096M) 115.549ms
[2757.135s][info][gc,cpu         ] GC(522) User=0.68s Sys=0.00s Real=0.12s
....[2761.146s][info][gc,start       ] GC(523) Pause Young (Mixed) (G1 Evacuation Pause)
[2761.146s][info][gc,task        ] GC(523) Using 6 workers of 6 for evacuation
[2761.277s][info][gc,phases      ] GC(523)   Pre Evacuate Collection Set: 0.40ms
[2761.277s][info][gc,phases      ] GC(523)   Merge Heap Roots: 0.64ms
[2761.277s][info][gc,phases      ] GC(523)   Evacuate Collection Set: 128.93ms
[2761.277s][info][gc,phases      ] GC(523)   Post Evacuate Collection Set: 0.97ms
[2761.277s][info][gc,phases      ] GC(523)   Other: 0.09ms
[2761.277s][info][gc,heap        ] GC(523) Eden regions: 1111->0(1119)
[2761.277s][info][gc,heap        ] GC(523) Survivor regions: 108->109(153)
[2761.277s][info][gc,heap        ] GC(523) Old regions: 538->476
[2761.277s][info][gc,heap        ] GC(523) Humongous regions: 80->80
[2761.277s][info][gc,metaspace   ] GC(523) Metaspace: 28948K(29312K)->28948K(29312K) NonClass: 24068K(24256K)->24068K(24256K) Class: 4880K(5056K)->4880K(5056K)
[2761.277s][info][gc             ] GC(523) Pause Young (Mixed) (G1 Evacuation Pause) 3671M->1327M(4096M) 131.186ms
[2761.277s][info][gc,cpu         ] GC(523) User=0.78s Sys=0.00s Real=0.13s
.....[2765.300s][info][gc,start       ] GC(524) Pause Young (Concurrent Start) (G1 Evacuation Pause)
[2765.300s][info][gc,task        ] GC(524) Using 6 workers of 6 for evacuation
[2765.417s][info][gc,phases      ] GC(524)   Pre Evacuate Collection Set: 0.44ms
[2765.417s][info][gc,phases      ] GC(524)   Merge Heap Roots: 0.49ms
[2765.417s][info][gc,phases      ] GC(524)   Evacuate Collection Set: 114.34ms
[2765.417s][info][gc,phases      ] GC(524)   Post Evacuate Collection Set: 0.93ms
[2765.417s][info][gc,phases      ] GC(524)   Other: 0.10ms
[2765.417s][info][gc,heap        ] GC(524) Eden regions: 1119->0(1119)
[2765.417s][info][gc,heap        ] GC(524) Survivor regions: 109->109(154)
[2765.417s][info][gc,heap        ] GC(524) Old regions: 476->508
[2765.417s][info][gc,heap        ] GC(524) Humongous regions: 80->80
[2765.417s][info][gc,metaspace   ] GC(524) Metaspace: 28948K(29312K)->28948K(29312K) NonClass: 24068K(24256K)->24068K(24256K) Class: 4880K(5056K)->4880K(5056K)
[2765.417s][info][gc             ] GC(524) Pause Young (Concurrent Start) (G1 Evacuation Pause) 3565M->1392M(4096M) 116.424ms
[2765.417s][info][gc             ] GC(525) Concurrent Mark Cycle
[2765.417s][info][gc,marking     ] GC(525) Concurrent Scan Root Regions
[2765.417s][info][gc,cpu         ] GC(524) User=0.68s Sys=0.00s Real=0.12s
[2765.595s][info][gc,marking     ] GC(525) Concurrent Scan Root Regions 178.523ms
[2765.595s][info][gc,marking     ] GC(525) Concurrent Mark
[2765.595s][info][gc,marking     ] GC(525) Concurrent Mark From Roots
[2765.595s][info][gc,task        ] GC(525) Using 2 workers of 2 for marking
.[2766.316s][info][gc,marking     ] GC(525) Concurrent Mark From Roots 720.222ms
[2766.316s][info][gc,marking     ] GC(525) Concurrent Preclean
[2766.316s][info][gc,marking     ] GC(525) Concurrent Preclean 0.071ms
[2766.316s][info][gc,start       ] GC(525) Pause Remark
[2766.320s][info][gc             ] GC(525) Pause Remark 1948M->1948M(4096M) 4.255ms
[2766.320s][info][gc,cpu         ] GC(525) User=0.02s Sys=0.00s Real=0.00s
[2766.320s][info][gc,marking     ] GC(525) Concurrent Mark 724.817ms
[2766.320s][info][gc,marking     ] GC(525) Concurrent Rebuild Remembered Sets and Scrub Regions
[2766.642s][info][gc,marking     ] GC(525) Concurrent Rebuild Remembered Sets and Scrub Regions 321.908ms
[2766.642s][info][gc,start       ] GC(525) Pause Cleanup
[2766.642s][info][gc             ] GC(525) Pause Cleanup 2144M->2144M(4096M) 0.133ms
[2766.642s][info][gc,cpu         ] GC(525) User=0.00s Sys=0.00s Real=0.00s
[2766.643s][info][gc,marking     ] GC(525) Concurrent Clear Claimed Marks
[2766.643s][info][gc,marking     ] GC(525) Concurrent Clear Claimed Marks 0.027ms
[2766.643s][info][gc,marking     ] GC(525) Concurrent Cleanup for Next Mark
[2766.646s][info][gc,marking     ] GC(525) Concurrent Cleanup for Next Mark 3.539ms
[2766.646s][info][gc             ] GC(525) Concurrent Mark Cycle 1229.292ms
...[2769.341s][info][gc,start       ] GC(526) Pause Young (Prepare Mixed) (G1 Evacuation Pause)
[2769.341s][info][gc,task        ] GC(526) Using 6 workers of 6 for evacuation
[2769.458s][info][gc,phases      ] GC(526)   Pre Evacuate Collection Set: 0.38ms
[2769.458s][info][gc,phases      ] GC(526)   Merge Heap Roots: 0.51ms
[2769.458s][info][gc,phases      ] GC(526)   Evacuate Collection Set: 115.18ms
[2769.458s][info][gc,phases      ] GC(526)   Post Evacuate Collection Set: 0.95ms
[2769.458s][info][gc,phases      ] GC(526)   Other: 0.09ms
[2769.458s][info][gc,heap        ] GC(526) Eden regions: 1119->0(1109)
[2769.458s][info][gc,heap        ] GC(526) Survivor regions: 109->108(154)
[2769.458s][info][gc,heap        ] GC(526) Old regions: 508->540
[2769.458s][info][gc,heap        ] GC(526) Humongous regions: 80->80
[2769.458s][info][gc,metaspace   ] GC(526) Metaspace: 28948K(29312K)->28948K(29312K) NonClass: 24068K(24256K)->24068K(24256K) Class: 4880K(5056K)->4880K(5056K)
[2769.459s][info][gc             ] GC(526) Pause Young (Prepare Mixed) (G1 Evacuation Pause) 3630M->1453M(4096M) 117.255ms
[2769.459s][info][gc,cpu         ] GC(526) User=0.69s Sys=0.00s Real=0.12s
....[2773.542s][info][gc,start       ] GC(527) Pause Young (Mixed) (G1 Evacuation Pause)
[2773.542s][info][gc,task        ] GC(527) Using 6 workers of 6 for evacuation
[2773.682s][info][gc,phases      ] GC(527)   Pre Evacuate Collection Set: 0.38ms
[2773.682s][info][gc,phases      ] GC(527)   Merge Heap Roots: 0.79ms
[2773.682s][info][gc,phases      ] GC(527)   Evacuate Collection Set: 137.79ms
[2773.682s][info][gc,phases      ] GC(527)   Post Evacuate Collection Set: 1.00ms
[2773.682s][info][gc,phases      ] GC(527)   Other: 0.10ms
[2773.682s][info][gc,heap        ] GC(527) Eden regions: 1109->0(1116)
[2773.682s][info][gc,heap        ] GC(527) Survivor regions: 108->112(153)
[2773.682s][info][gc,heap        ] GC(527) Old regions: 540->474
[2773.682s][info][gc,heap        ] GC(527) Humongous regions: 80->80
[2773.682s][info][gc,metaspace   ] GC(527) Metaspace: 28948K(29312K)->28948K(29312K) NonClass: 24068K(24256K)->24068K(24256K) Class: 4880K(5056K)->4880K(5056K)
[2773.682s][info][gc             ] GC(527) Pause Young (Mixed) (G1 Evacuation Pause) 3671M->1331M(4096M) 140.194ms
[2773.682s][info][gc,cpu         ] GC(527) User=0.83s Sys=0.00s Real=0.14s
....[2777.598s][info][gc,start       ] GC(528) Pause Young (Concurrent Start) (G1 Evacuation Pause)
[2777.598s][info][gc,task        ] GC(528) Using 6 workers of 6 for evacuation
[2777.718s][info][gc,phases      ] GC(528)   Pre Evacuate Collection Set: 0.41ms
[2777.718s][info][gc,phases      ] GC(528)   Merge Heap Roots: 0.51ms
[2777.718s][info][gc,phases      ] GC(528)   Evacuate Collection Set: 117.90ms
[2777.718s][info][gc,phases      ] GC(528)   Post Evacuate Collection Set: 0.95ms
[2777.718s][info][gc,phases      ] GC(528)   Other: 0.12ms
[2777.718s][info][gc,heap        ] GC(528) Eden regions: 1116->0(1116)
[2777.718s][info][gc,heap        ] GC(528) Survivor regions: 112->112(154)
[2777.718s][info][gc,heap        ] GC(528) Old regions: 474->505
[2777.718s][info][gc,heap        ] GC(528) Humongous regions: 80->80
[2777.718s][info][gc,metaspace   ] GC(528) Metaspace: 28948K(29312K)->28948K(29312K) NonClass: 24068K(24256K)->24068K(24256K) Class: 4880K(5056K)->4880K(5056K)
[2777.718s][info][gc             ] GC(528) Pause Young (Concurrent Start) (G1 Evacuation Pause) 3563M->1393M(4096M) 120.034ms
[2777.718s][info][gc             ] GC(529) Concurrent Mark Cycle
[2777.718s][info][gc,marking     ] GC(529) Concurrent Scan Root Regions
[2777.718s][info][gc,cpu         ] GC(528) User=0.71s Sys=0.00s Real=0.12s
[2777.895s][info][gc,marking     ] GC(529) Concurrent Scan Root Regions 177.145ms
[2777.895s][info][gc,marking     ] GC(529) Concurrent Mark
[2777.895s][info][gc,marking     ] GC(529) Concurrent Mark From Roots
[2777.895s][info][gc,task        ] GC(529) Using 2 workers of 2 for marking
.[2778.826s][info][gc,marking     ] GC(529) Concurrent Mark From Roots 931.106ms
[2778.826s][info][gc,marking     ] GC(529) Concurrent Preclean
[2778.826s][info][gc,marking     ] GC(529) Concurrent Preclean 0.102ms
[2778.827s][info][gc,start       ] GC(529) Pause Remark
[2778.831s][info][gc             ] GC(529) Pause Remark 2059M->2059M(4096M) 4.839ms
[2778.831s][info][gc,cpu         ] GC(529) User=0.03s Sys=0.00s Real=0.00s
[2778.835s][info][gc,marking     ] GC(529) Concurrent Mark 940.476ms
[2778.836s][info][gc,marking     ] GC(529) Concurrent Rebuild Remembered Sets and Scrub Regions
[2779.192s][info][gc,marking     ] GC(529) Concurrent Rebuild Remembered Sets and Scrub Regions 356.637ms
[2779.193s][info][gc,start       ] GC(529) Pause Cleanup
[2779.193s][info][gc             ] GC(529) Pause Cleanup 2261M->2261M(4096M) 0.132ms
[2779.193s][info][gc,cpu         ] GC(529) User=0.00s Sys=0.00s Real=0.00s
[2779.193s][info][gc,marking     ] GC(529) Concurrent Clear Claimed Marks
[2779.193s][info][gc,marking     ] GC(529) Concurrent Clear Claimed Marks 0.032ms
[2779.193s][info][gc,marking     ] GC(529) Concurrent Cleanup for Next Mark
[2779.197s][info][gc,marking     ] GC(529) Concurrent Cleanup for Next Mark 3.400ms
[2779.197s][info][gc             ] GC(529) Concurrent Mark Cycle 1479.057ms
...[2781.792s][info][gc,start       ] GC(530) Pause Young (Prepare Mixed) (G1 Evacuation Pause)
[2781.792s][info][gc,task        ] GC(530) Using 6 workers of 6 for evacuation
[2781.915s][info][gc,phases      ] GC(530)   Pre Evacuate Collection Set: 0.36ms
[2781.915s][info][gc,phases      ] GC(530)   Merge Heap Roots: 0.55ms
[2781.915s][info][gc,phases      ] GC(530)   Evacuate Collection Set: 121.54ms
[2781.915s][info][gc,phases      ] GC(530)   Post Evacuate Collection Set: 0.95ms
[2781.915s][info][gc,phases      ] GC(530)   Other: 0.08ms
[2781.915s][info][gc,heap        ] GC(530) Eden regions: 1116->0(1103)
[2781.915s][info][gc,heap        ] GC(530) Survivor regions: 112->112(154)
[2781.915s][info][gc,heap        ] GC(530) Old regions: 505->538
[2781.915s][info][gc,heap        ] GC(530) Humongous regions: 80->80
[2781.915s][info][gc,metaspace   ] GC(530) Metaspace: 28948K(29312K)->28948K(29312K) NonClass: 24068K(24256K)->24068K(24256K) Class: 4880K(5056K)->4880K(5056K)
[2781.915s][info][gc             ] GC(530) Pause Young (Prepare Mixed) (G1 Evacuation Pause) 3625M->1457M(4096M) 123.622ms
[2781.915s][info][gc,cpu         ] GC(530) User=0.73s Sys=0.00s Real=0.13s
....[2785.882s][info][gc,start       ] GC(531) Pause Young (Mixed) (G1 Evacuation Pause)
[2785.882s][info][gc,task        ] GC(531) Using 6 workers of 6 for evacuation
[2786.010s][info][gc,phases      ] GC(531)   Pre Evacuate Collection Set: 0.39ms
[2786.010s][info][gc,phases      ] GC(531)   Merge Heap Roots: 0.66ms
[2786.010s][info][gc,phases      ] GC(531)   Evacuate Collection Set: 126.69ms
[2786.010s][info][gc,phases      ] GC(531)   Post Evacuate Collection Set: 0.95ms
[2786.010s][info][gc,phases      ] GC(531)   Other: 0.10ms
[2786.010s][info][gc,heap        ] GC(531) Eden regions: 1103->0(1120)
[2786.010s][info][gc,heap        ] GC(531) Survivor regions: 112->108(152)
[2786.010s][info][gc,heap        ] GC(531) Old regions: 538->474
[2786.010s][info][gc,heap        ] GC(531) Humongous regions: 80->80
[2786.010s][info][gc,metaspace   ] GC(531) Metaspace: 28948K(29312K)->28948K(29312K) NonClass: 24068K(24256K)->24068K(24256K) Class: 4880K(5056K)->4880K(5056K)
[2786.011s][info][gc             ] GC(531) Pause Young (Mixed) (G1 Evacuation Pause) 3663M->1323M(4096M) 128.931ms
[2786.011s][info][gc,cpu         ] GC(531) User=0.76s Sys=0.00s Real=0.13s
....[2789.973s][info][gc,start       ] GC(532) Pause Young (Concurrent Start) (G1 Evacuation Pause)
[2789.973s][info][gc,task        ] GC(532) Using 6 workers of 6 for evacuation
[2790.093s][info][gc,phases      ] GC(532)   Pre Evacuate Collection Set: 0.40ms
[2790.093s][info][gc,phases      ] GC(532)   Merge Heap Roots: 0.50ms
[2790.093s][info][gc,phases      ] GC(532)   Evacuate Collection Set: 117.87ms
[2790.093s][info][gc,phases      ] GC(532)   Post Evacuate Collection Set: 0.92ms
[2790.093s][info][gc,phases      ] GC(532)   Other: 0.11ms
[2790.093s][info][gc,heap        ] GC(532) Eden regions: 1120->0(1118)
[2790.093s][info][gc,heap        ] GC(532) Survivor regions: 108->110(154)
[2790.093s][info][gc,heap        ] GC(532) Old regions: 474->507
[2790.093s][info][gc,heap        ] GC(532) Humongous regions: 80->80
[2790.093s][info][gc,metaspace   ] GC(532) Metaspace: 28948K(29312K)->28948K(29312K) NonClass: 24068K(24256K)->24068K(24256K) Class: 4880K(5056K)->4880K(5056K)
[2790.093s][info][gc             ] GC(532) Pause Young (Concurrent Start) (G1 Evacuation Pause) 3563M->1391M(4096M) 119.944ms
[2790.093s][info][gc             ] GC(533) Concurrent Mark Cycle
[2790.093s][info][gc,marking     ] GC(533) Concurrent Scan Root Regions
[2790.093s][info][gc,cpu         ] GC(532) User=0.71s Sys=0.00s Real=0.12s
[2790.241s][info][gc,marking     ] GC(533) Concurrent Scan Root Regions 147.737ms
[2790.241s][info][gc,marking     ] GC(533) Concurrent Mark
[2790.241s][info][gc,marking     ] GC(533) Concurrent Mark From Roots
[2790.241s][info][gc,task        ] GC(533) Using 2 workers of 2 for marking
.[2790.859s][info][gc,marking     ] GC(533) Concurrent Mark From Roots 618.673ms
[2790.859s][info][gc,marking     ] GC(533) Concurrent Preclean
[2790.860s][info][gc,marking     ] GC(533) Concurrent Preclean 0.102ms
[2790.860s][info][gc,start       ] GC(533) Pause Remark
[2790.864s][info][gc             ] GC(533) Pause Remark 1855M->1855M(4096M) 4.005ms
[2790.864s][info][gc,cpu         ] GC(533) User=0.02s Sys=0.00s Real=0.01s
[2790.864s][info][gc,marking     ] GC(533) Concurrent Mark 623.631ms
[2790.864s][info][gc,marking     ] GC(533) Concurrent Rebuild Remembered Sets and Scrub Regions
[2791.074s][info][gc,marking     ] GC(533) Concurrent Rebuild Remembered Sets and Scrub Regions 209.578ms
[2791.074s][info][gc,start       ] GC(533) Pause Cleanup
[2791.074s][info][gc             ] GC(533) Pause Cleanup 1976M->1976M(4096M) 0.116ms
[2791.074s][info][gc,cpu         ] GC(533) User=0.00s Sys=0.00s Real=0.00s
[2791.074s][info][gc,marking     ] GC(533) Concurrent Clear Claimed Marks
[2791.074s][info][gc,marking     ] GC(533) Concurrent Clear Claimed Marks 0.028ms
[2791.074s][info][gc,marking     ] GC(533) Concurrent Cleanup for Next Mark
[2791.078s][info][gc,marking     ] GC(533) Concurrent Cleanup for Next Mark 3.277ms
[2791.078s][info][gc             ] GC(533) Concurrent Mark Cycle 984.682ms
...[2794.116s][info][gc,start       ] GC(534) Pause Young (Prepare Mixed) (G1 Evacuation Pause)
[2794.117s][info][gc,task        ] GC(534) Using 6 workers of 6 for evacuation
[2794.234s][info][gc,phases      ] GC(534)   Pre Evacuate Collection Set: 0.38ms
[2794.234s][info][gc,phases      ] GC(534)   Merge Heap Roots: 0.58ms
[2794.234s][info][gc,phases      ] GC(534)   Evacuate Collection Set: 115.59ms
[2794.234s][info][gc,phases      ] GC(534)   Post Evacuate Collection Set: 0.97ms
[2794.234s][info][gc,phases      ] GC(534)   Other: 0.09ms
[2794.234s][info][gc,heap        ] GC(534) Eden regions: 1118->0(1110)
[2794.234s][info][gc,heap        ] GC(534) Survivor regions: 110->108(154)
[2794.234s][info][gc,heap        ] GC(534) Old regions: 507->539
[2794.234s][info][gc,heap        ] GC(534) Humongous regions: 80->80
[2794.234s][info][gc,metaspace   ] GC(534) Metaspace: 28948K(29312K)->28948K(29312K) NonClass: 24068K(24256K)->24068K(24256K) Class: 4880K(5056K)->4880K(5056K)
[2794.234s][info][gc             ] GC(534) Pause Young (Prepare Mixed) (G1 Evacuation Pause) 3627M->1453M(4096M) 117.758ms
[2794.234s][info][gc,cpu         ] GC(534) User=0.70s Sys=0.00s Real=0.12s
.... (rIR:aIR:PR = 4566:4567:4567) (tPR = 67678) [OK] 
  2797s: Performance info:
         Transaction,    Success,    Partial,     Failed,   Receipts, AvgBarcode, 
             Overall,     274781,          0,          0,     261028,      59.48, 
         Response times:
             Request,    Success,    Partial,     Failed,   SkipFail,     Probes,    Samples,      min,      p50,      p90,      p95,      p99,      max, 
       TotalPurchase,     261028,          0,          0,          0,     256708,     279066,      300,     3700,     7100,    13965,    61000,   215000,
     InStorePurchase,     137432,          0,          0,          0,     135336,     147073,      300,     3700,     7100,    14200,    62000,   212000,
      OnlinePurchase,      96109,          0,          0,          0,      94614,     102741,      300,     3600,     6900,    13400,    61000,   168000,
        InstPurchase,      27487,          0,          0,          0,      26758,      29252,      400,     4100,     7400,    14700,    63000,   215000,
          AssocOfCat,        278,          0,          0,          0,        212,        278,    22000,    32000,    45100,    76050,   141920,   183000,
      AssocOfProduct,       2756,          0,          0,          0,       2487,       2875,      500,     3600,     6300,    12320,    50000,   147000,
      BusinessReport,        684,          0,          0,          0,        559,        717,    25000,    34000,    61000,    84100,   199820,   264000,
          CustBuyBeh,       2750,          0,          0,          0,       2535,       2916,      200,     3800,     6600,    16900,    58000,   141000,
       ProductReturn,       7285,          0,          0,          0,       6980,       7876,      200,     2700,     6700,    11600,    58230,   212000,

  2797s: (34%)   IR =   4705 [2798.211s][info][gc,start       ] GC(535) Pause Young (Mixed) (G1 Evacuation Pause)
[2798.211s][info][gc,task        ] GC(535) Using 6 workers of 6 for evacuation
[2798.345s][info][gc,phases      ] GC(535)   Pre Evacuate Collection Set: 0.41ms
[2798.345s][info][gc,phases      ] GC(535)   Merge Heap Roots: 0.78ms
[2798.345s][info][gc,phases      ] GC(535)   Evacuate Collection Set: 131.11ms
[2798.345s][info][gc,phases      ] GC(535)   Post Evacuate Collection Set: 1.06ms
[2798.345s][info][gc,phases      ] GC(535)   Other: 0.10ms
[2798.345s][info][gc,heap        ] GC(535) Eden regions: 1110->0(1117)
[2798.345s][info][gc,heap        ] GC(535) Survivor regions: 108->111(153)
[2798.345s][info][gc,heap        ] GC(535) Old regions: 539->476
[2798.345s][info][gc,heap        ] GC(535) Humongous regions: 80->80
[2798.345s][info][gc,metaspace   ] GC(535) Metaspace: 28948K(29312K)->28948K(29312K) NonClass: 24068K(24256K)->24068K(24256K) Class: 4880K(5056K)->4880K(5056K)
[2798.345s][info][gc             ] GC(535) Pause Young (Mixed) (G1 Evacuation Pause) 3673M->1332M(4096M) 133.613ms
[2798.345s][info][gc,cpu         ] GC(535) User=0.79s Sys=0.00s Real=0.14s
....[2802.292s][info][gc,start       ] GC(536) Pause Young (Concurrent Start) (G1 Evacuation Pause)
[2802.292s][info][gc,task        ] GC(536) Using 6 workers of 6 for evacuation
[2802.409s][info][gc,phases      ] GC(536)   Pre Evacuate Collection Set: 0.41ms
[2802.409s][info][gc,phases      ] GC(536)   Merge Heap Roots: 0.49ms
[2802.409s][info][gc,phases      ] GC(536)   Evacuate Collection Set: 115.87ms
[2802.409s][info][gc,phases      ] GC(536)   Post Evacuate Collection Set: 0.97ms
[2802.409s][info][gc,phases      ] GC(536)   Other: 0.10ms
[2802.409s][info][gc,heap        ] GC(536) Eden regions: 1117->0(1119)
[2802.409s][info][gc,heap        ] GC(536) Survivor regions: 111->109(154)
[2802.409s][info][gc,heap        ] GC(536) Old regions: 476->509
[2802.409s][info][gc,heap        ] GC(536) Humongous regions: 80->80
[2802.409s][info][gc,metaspace   ] GC(536) Metaspace: 28948K(29312K)->28948K(29312K) NonClass: 24068K(24256K)->24068K(24256K) Class: 4880K(5056K)->4880K(5056K)
[2802.410s][info][gc             ] GC(536) Pause Young (Concurrent Start) (G1 Evacuation Pause) 3566M->1394M(4096M) 117.988ms
[2802.410s][info][gc             ] GC(537) Concurrent Mark Cycle
[2802.410s][info][gc,marking     ] GC(537) Concurrent Scan Root Regions
[2802.410s][info][gc,cpu         ] GC(536) User=0.69s Sys=0.00s Real=0.12s
.[2802.553s][info][gc,marking     ] GC(537) Concurrent Scan Root Regions 143.035ms
[2802.553s][info][gc,marking     ] GC(537) Concurrent Mark
[2802.553s][info][gc,marking     ] GC(537) Concurrent Mark From Roots
[2802.553s][info][gc,task        ] GC(537) Using 2 workers of 2 for marking
[2803.205s][info][gc,marking     ] GC(537) Concurrent Mark From Roots 651.957ms
[2803.205s][info][gc,marking     ] GC(537) Concurrent Preclean
[2803.205s][info][gc,marking     ] GC(537) Concurrent Preclean 0.123ms
[2803.205s][info][gc,start       ] GC(537) Pause Remark
[2803.211s][info][gc             ] GC(537) Pause Remark 1912M->1912M(4096M) 5.413ms
[2803.211s][info][gc,cpu         ] GC(537) User=0.03s Sys=0.00s Real=0.00s
[2803.211s][info][gc,marking     ] GC(537) Concurrent Mark 658.622ms
[2803.211s][info][gc,marking     ] GC(537) Concurrent Rebuild Remembered Sets and Scrub Regions
.[2803.487s][info][gc,marking     ] GC(537) Concurrent Rebuild Remembered Sets and Scrub Regions 275.367ms
[2803.487s][info][gc,start       ] GC(537) Pause Cleanup
[2803.487s][info][gc             ] GC(537) Pause Cleanup 2064M->2064M(4096M) 0.121ms
[2803.487s][info][gc,cpu         ] GC(537) User=0.00s Sys=0.00s Real=0.00s
[2803.487s][info][gc,marking     ] GC(537) Concurrent Clear Claimed Marks
[2803.487s][info][gc,marking     ] GC(537) Concurrent Clear Claimed Marks 0.035ms
[2803.487s][info][gc,marking     ] GC(537) Concurrent Cleanup for Next Mark
[2803.491s][info][gc,marking     ] GC(537) Concurrent Cleanup for Next Mark 4.409ms
[2803.491s][info][gc             ] GC(537) Concurrent Mark Cycle 1081.959ms
..[2806.239s][info][gc,start       ] GC(538) Pause Young (Prepare Mixed) (G1 Evacuation Pause)
[2806.239s][info][gc,task        ] GC(538) Using 6 workers of 6 for evacuation
[2806.356s][info][gc,phases      ] GC(538)   Pre Evacuate Collection Set: 0.34ms
[2806.356s][info][gc,phases      ] GC(538)   Merge Heap Roots: 0.56ms
[2806.356s][info][gc,phases      ] GC(538)   Evacuate Collection Set: 115.17ms
[2806.356s][info][gc,phases      ] GC(538)   Post Evacuate Collection Set: 0.95ms
[2806.356s][info][gc,phases      ] GC(538)   Other: 0.09ms
[2806.356s][info][gc,heap        ] GC(538) Eden regions: 1119->0(1109)
[2806.356s][info][gc,heap        ] GC(538) Survivor regions: 109->108(154)
[2806.356s][info][gc,heap        ] GC(538) Old regions: 509->540
[2806.356s][info][gc,heap        ] GC(538) Humongous regions: 80->80
[2806.356s][info][gc,metaspace   ] GC(538) Metaspace: 28947K(29312K)->28947K(29312K) NonClass: 24067K(24256K)->24067K(24256K) Class: 4879K(5056K)->4879K(5056K)
[2806.356s][info][gc             ] GC(538) Pause Young (Prepare Mixed) (G1 Evacuation Pause) 3632M->1455M(4096M) 117.238ms
[2806.356s][info][gc,cpu         ] GC(538) User=0.69s Sys=0.00s Real=0.12s
...|.[2810.236s][info][gc,start       ] GC(539) Pause Young (Mixed) (G1 Evacuation Pause)
[2810.236s][info][gc,task        ] GC(539) Using 6 workers of 6 for evacuation
[2810.371s][info][gc,phases      ] GC(539)   Pre Evacuate Collection Set: 0.38ms
[2810.371s][info][gc,phases      ] GC(539)   Merge Heap Roots: 0.69ms
[2810.371s][info][gc,phases      ] GC(539)   Evacuate Collection Set: 132.27ms
[2810.371s][info][gc,phases      ] GC(539)   Post Evacuate Collection Set: 0.97ms
[2810.371s][info][gc,phases      ] GC(539)   Other: 0.09ms
[2810.371s][info][gc,heap        ] GC(539) Eden regions: 1109->0(1118)
[2810.371s][info][gc,heap        ] GC(539) Survivor regions: 108->110(153)
[2810.371s][info][gc,heap        ] GC(539) Old regions: 540->475
[2810.371s][info][gc,heap        ] GC(539) Humongous regions: 80->80
[2810.371s][info][gc,metaspace   ] GC(539) Metaspace: 28947K(29312K)->28947K(29312K) NonClass: 24067K(24256K)->24067K(24256K) Class: 4879K(5056K)->4879K(5056K)
[2810.371s][info][gc             ] GC(539) Pause Young (Mixed) (G1 Evacuation Pause) 3673M->1327M(4096M) 134.535ms
[2810.371s][info][gc,cpu         ] GC(539) User=0.79s Sys=0.00s Real=0.13s
....[2814.257s][info][gc,start       ] GC(540) Pause Young (Concurrent Start) (G1 Evacuation Pause)
[2814.257s][info][gc,task        ] GC(540) Using 6 workers of 6 for evacuation
[2814.375s][info][gc,phases      ] GC(540)   Pre Evacuate Collection Set: 0.41ms
[2814.375s][info][gc,phases      ] GC(540)   Merge Heap Roots: 0.49ms
[2814.375s][info][gc,phases      ] GC(540)   Evacuate Collection Set: 116.89ms
[2814.375s][info][gc,phases      ] GC(540)   Post Evacuate Collection Set: 0.90ms
[2814.375s][info][gc,phases      ] GC(540)   Other: 0.10ms
[2814.375s][info][gc,heap        ] GC(540) Eden regions: 1118->0(1117)
[2814.375s][info][gc,heap        ] GC(540) Survivor regions: 110->111(154)
[2814.375s][info][gc,heap        ] GC(540) Old regions: 475->506
[2814.375s][info][gc,heap        ] GC(540) Humongous regions: 80->80
[2814.376s][info][gc,metaspace   ] GC(540) Metaspace: 28947K(29312K)->28947K(29312K) NonClass: 24067K(24256K)->24067K(24256K) Class: 4879K(5056K)->4879K(5056K)
[2814.376s][info][gc             ] GC(540) Pause Young (Concurrent Start) (G1 Evacuation Pause) 3563M->1392M(4096M) 118.940ms
[2814.376s][info][gc             ] GC(541) Concurrent Mark Cycle
[2814.376s][info][gc,marking     ] GC(541) Concurrent Scan Root Regions
[2814.376s][info][gc,cpu         ] GC(540) User=0.70s Sys=0.00s Real=0.12s
.[2814.552s][info][gc,marking     ] GC(541) Concurrent Scan Root Regions 176.511ms
[2814.552s][info][gc,marking     ] GC(541) Concurrent Mark
[2814.552s][info][gc,marking     ] GC(541) Concurrent Mark From Roots
[2814.552s][info][gc,task        ] GC(541) Using 2 workers of 2 for marking
.[2815.536s][info][gc,marking     ] GC(541) Concurrent Mark From Roots 983.708ms
[2815.536s][info][gc,marking     ] GC(541) Concurrent Preclean
[2815.536s][info][gc,marking     ] GC(541) Concurrent Preclean 0.067ms
[2815.536s][info][gc,start       ] GC(541) Pause Remark
[2815.540s][info][gc             ] GC(541) Pause Remark 2094M->2094M(4096M) 4.413ms
[2815.541s][info][gc,cpu         ] GC(541) User=0.03s Sys=0.00s Real=0.00s
[2815.541s][info][gc,marking     ] GC(541) Concurrent Mark 988.449ms
[2815.541s][info][gc,marking     ] GC(541) Concurrent Rebuild Remembered Sets and Scrub Regions
[2815.898s][info][gc,marking     ] GC(541) Concurrent Rebuild Remembered Sets and Scrub Regions 357.761ms
[2815.899s][info][gc,start       ] GC(541) Pause Cleanup
[2815.899s][info][gc             ] GC(541) Pause Cleanup 2296M->2296M(4096M) 0.135ms
[2815.899s][info][gc,cpu         ] GC(541) User=0.00s Sys=0.00s Real=0.00s
[2815.899s][info][gc,marking     ] GC(541) Concurrent Clear Claimed Marks
[2815.899s][info][gc,marking     ] GC(541) Concurrent Clear Claimed Marks 0.027ms
[2815.899s][info][gc,marking     ] GC(541) Concurrent Cleanup for Next Mark
[2815.902s][info][gc,marking     ] GC(541) Concurrent Cleanup for Next Mark 3.721ms
[2815.903s][info][gc             ] GC(541) Concurrent Mark Cycle 1526.989ms
..[2818.219s][info][gc,start       ] GC(542) Pause Young (Prepare Mixed) (G1 Evacuation Pause)
[2818.219s][info][gc,task        ] GC(542) Using 6 workers of 6 for evacuation
[2818.340s][info][gc,phases      ] GC(542)   Pre Evacuate Collection Set: 0.35ms
[2818.340s][info][gc,phases      ] GC(542)   Merge Heap Roots: 0.52ms
[2818.340s][info][gc,phases      ] GC(542)   Evacuate Collection Set: 118.52ms
[2818.340s][info][gc,phases      ] GC(542)   Post Evacuate Collection Set: 0.97ms
[2818.340s][info][gc,phases      ] GC(542)   Other: 0.09ms
[2818.340s][info][gc,heap        ] GC(542) Eden regions: 1117->0(1103)
[2818.340s][info][gc,heap        ] GC(542) Survivor regions: 111->112(154)
[2818.340s][info][gc,heap        ] GC(542) Old regions: 506->538
[2818.340s][info][gc,heap        ] GC(542) Humongous regions: 80->80
[2818.340s][info][gc,metaspace   ] GC(542) Metaspace: 28947K(29312K)->28947K(29312K) NonClass: 24067K(24256K)->24067K(24256K) Class: 4879K(5056K)->4879K(5056K)
[2818.340s][info][gc             ] GC(542) Pause Young (Prepare Mixed) (G1 Evacuation Pause) 3626M->1457M(4096M) 120.597ms
[2818.340s][info][gc,cpu         ] GC(542) User=0.71s Sys=0.00s Real=0.12s
....[2822.181s][info][gc,start       ] GC(543) Pause Young (Mixed) (G1 Evacuation Pause)
[2822.181s][info][gc,task        ] GC(543) Using 6 workers of 6 for evacuation
[2822.311s][info][gc,phases      ] GC(543)   Pre Evacuate Collection Set: 0.40ms
[2822.311s][info][gc,phases      ] GC(543)   Merge Heap Roots: 0.64ms
[2822.311s][info][gc,phases      ] GC(543)   Evacuate Collection Set: 128.00ms
[2822.311s][info][gc,phases      ] GC(543)   Post Evacuate Collection Set: 0.98ms
[2822.311s][info][gc,phases      ] GC(543)   Other: 0.08ms
[2822.311s][info][gc,heap        ] GC(543) Eden regions: 1103->0(1120)
[2822.311s][info][gc,heap        ] GC(543) Survivor regions: 112->108(152)
[2822.311s][info][gc,heap        ] GC(543) Old regions: 538->475
[2822.311s][info][gc,heap        ] GC(543) Humongous regions: 80->80
[2822.311s][info][gc,metaspace   ] GC(543) Metaspace: 28947K(29312K)->28947K(29312K) NonClass: 24067K(24256K)->24067K(24256K) Class: 4879K(5056K)->4879K(5056K)
[2822.311s][info][gc             ] GC(543) Pause Young (Mixed) (G1 Evacuation Pause) 3663M->1324M(4096M) 130.254ms
[2822.312s][info][gc,cpu         ] GC(543) User=0.77s Sys=0.00s Real=0.13s
....[2826.237s][info][gc,start       ] GC(544) Pause Young (Concurrent Start) (G1 Evacuation Pause)
[2826.237s][info][gc,task        ] GC(544) Using 6 workers of 6 for evacuation
[2826.356s][info][gc,phases      ] GC(544)   Pre Evacuate Collection Set: 0.43ms
[2826.356s][info][gc,phases      ] GC(544)   Merge Heap Roots: 0.52ms
[2826.356s][info][gc,phases      ] GC(544)   Evacuate Collection Set: 116.67ms
[2826.356s][info][gc,phases      ] GC(544)   Post Evacuate Collection Set: 0.92ms
[2826.356s][info][gc,phases      ] GC(544)   Other: 0.12ms
[2826.356s][info][gc,heap        ] GC(544) Eden regions: 1120->0(1119)
[2826.356s][info][gc,heap        ] GC(544) Survivor regions: 108->109(154)
[2826.356s][info][gc,heap        ] GC(544) Old regions: 475->507
[2826.356s][info][gc,heap        ] GC(544) Humongous regions: 80->80
[2826.356s][info][gc,metaspace   ] GC(544) Metaspace: 28947K(29312K)->28947K(29312K) NonClass: 24067K(24256K)->24067K(24256K) Class: 4879K(5056K)->4879K(5056K)
[2826.356s][info][gc             ] GC(544) Pause Young (Concurrent Start) (G1 Evacuation Pause) 3564M->1389M(4096M) 118.811ms
[2826.356s][info][gc             ] GC(545) Concurrent Mark Cycle
[2826.356s][info][gc,marking     ] GC(545) Concurrent Scan Root Regions
[2826.356s][info][gc,cpu         ] GC(544) User=0.70s Sys=0.00s Real=0.12s
.[2826.535s][info][gc,marking     ] GC(545) Concurrent Scan Root Regions 179.202ms
[2826.535s][info][gc,marking     ] GC(545) Concurrent Mark
[2826.535s][info][gc,marking     ] GC(545) Concurrent Mark From Roots
[2826.535s][info][gc,task        ] GC(545) Using 2 workers of 2 for marking
[2827.148s][info][gc,marking     ] GC(545) Concurrent Mark From Roots 612.699ms
[2827.148s][info][gc,marking     ] GC(545) Concurrent Preclean
[2827.148s][info][gc,marking     ] GC(545) Concurrent Preclean 0.084ms
[2827.148s][info][gc,start       ] GC(545) Pause Remark
[2827.153s][info][gc             ] GC(545) Pause Remark 1885M->1885M(4096M) 4.284ms
[2827.153s][info][gc,cpu         ] GC(545) User=0.02s Sys=0.00s Real=0.00s
[2827.153s][info][gc,marking     ] GC(545) Concurrent Mark 617.326ms
[2827.153s][info][gc,marking     ] GC(545) Concurrent Rebuild Remembered Sets and Scrub Regions
.[2827.513s][info][gc,marking     ] GC(545) Concurrent Rebuild Remembered Sets and Scrub Regions 359.805ms
[2827.513s][info][gc,start       ] GC(545) Pause Cleanup
[2827.513s][info][gc             ] GC(545) Pause Cleanup 2062M->2062M(4096M) 0.113ms
[2827.513s][info][gc,cpu         ] GC(545) User=0.00s Sys=0.00s Real=0.00s
[2827.513s][info][gc,marking     ] GC(545) Concurrent Clear Claimed Marks
[2827.513s][info][gc,marking     ] GC(545) Concurrent Clear Claimed Marks 0.031ms
[2827.513s][info][gc,marking     ] GC(545) Concurrent Cleanup for Next Mark
[2827.517s][info][gc,marking     ] GC(545) Concurrent Cleanup for Next Mark 4.409ms
[2827.517s][info][gc             ] GC(545) Concurrent Mark Cycle 1161.233ms
..[2830.251s][info][gc,start       ] GC(546) Pause Young (Prepare Mixed) (G1 Evacuation Pause)
[2830.251s][info][gc,task        ] GC(546) Using 6 workers of 6 for evacuation
[2830.368s][info][gc,phases      ] GC(546)   Pre Evacuate Collection Set: 0.37ms
[2830.368s][info][gc,phases      ] GC(546)   Merge Heap Roots: 0.55ms
[2830.368s][info][gc,phases      ] GC(546)   Evacuate Collection Set: 115.39ms
[2830.368s][info][gc,phases      ] GC(546)   Post Evacuate Collection Set: 0.95ms
[2830.368s][info][gc,phases      ] GC(546)   Other: 0.09ms
[2830.368s][info][gc,heap        ] GC(546) Eden regions: 1119->0(1106)
[2830.368s][info][gc,heap        ] GC(546) Survivor regions: 109->110(154)
[2830.368s][info][gc,heap        ] GC(546) Old regions: 507->539
[2830.368s][info][gc,heap        ] GC(546) Humongous regions: 80->80
[2830.368s][info][gc,metaspace   ] GC(546) Metaspace: 28947K(29312K)->28947K(29312K) NonClass: 24067K(24256K)->24067K(24256K) Class: 4879K(5056K)->4879K(5056K)
[2830.368s][info][gc             ] GC(546) Pause Young (Prepare Mixed) (G1 Evacuation Pause) 3627M->1455M(4096M) 117.502ms
[2830.368s][info][gc,cpu         ] GC(546) User=0.69s Sys=0.00s Real=0.12s
....[2834.218s][info][gc,start       ] GC(547) Pause Young (Mixed) (G1 Evacuation Pause)
[2834.218s][info][gc,task        ] GC(547) Using 6 workers of 6 for evacuation
[2834.351s][info][gc,phases      ] GC(547)   Pre Evacuate Collection Set: 0.43ms
[2834.351s][info][gc,phases      ] GC(547)   Merge Heap Roots: 0.64ms
[2834.351s][info][gc,phases      ] GC(547)   Evacuate Collection Set: 130.71ms
[2834.351s][info][gc,phases      ] GC(547)   Post Evacuate Collection Set: 1.03ms
[2834.351s][info][gc,phases      ] GC(547)   Other: 0.09ms
[2834.351s][info][gc,heap        ] GC(547) Eden regions: 1106->0(1119)
[2834.351s][info][gc,heap        ] GC(547) Survivor regions: 110->109(152)
[2834.351s][info][gc,heap        ] GC(547) Old regions: 539->476
[2834.351s][info][gc,heap        ] GC(547) Humongous regions: 80->80
[2834.351s][info][gc,metaspace   ] GC(547) Metaspace: 28947K(29312K)->28947K(29312K) NonClass: 24067K(24256K)->24067K(24256K) Class: 4879K(5056K)->4879K(5056K)
[2834.351s][info][gc             ] GC(547) Pause Young (Mixed) (G1 Evacuation Pause) 3667M->1328M(4096M) 133.046ms
[2834.351s][info][gc,cpu         ] GC(547) User=0.79s Sys=0.00s Real=0.13s
....[2838.217s][info][gc,start       ] GC(548) Pause Young (Concurrent Start) (G1 Evacuation Pause)
[2838.217s][info][gc,task        ] GC(548) Using 6 workers of 6 for evacuation
[2838.337s][info][gc,phases      ] GC(548)   Pre Evacuate Collection Set: 0.40ms
[2838.337s][info][gc,phases      ] GC(548)   Merge Heap Roots: 0.48ms
[2838.337s][info][gc,phases      ] GC(548)   Evacuate Collection Set: 118.92ms
[2838.337s][info][gc,phases      ] GC(548)   Post Evacuate Collection Set: 0.92ms
[2838.337s][info][gc,phases      ] GC(548)   Other: 0.10ms
[2838.337s][info][gc,heap        ] GC(548) Eden regions: 1119->0(1118)
[2838.337s][info][gc,heap        ] GC(548) Survivor regions: 109->110(154)
[2838.337s][info][gc,heap        ] GC(548) Old regions: 476->508
[2838.337s][info][gc,heap        ] GC(548) Humongous regions: 80->80
[2838.337s][info][gc,metaspace   ] GC(548) Metaspace: 28947K(29312K)->28947K(29312K) NonClass: 24067K(24256K)->24067K(24256K) Class: 4879K(5056K)->4879K(5056K)
[2838.337s][info][gc             ] GC(548) Pause Young (Concurrent Start) (G1 Evacuation Pause) 3566M->1394M(4096M) 120.966ms
[2838.338s][info][gc             ] GC(549) Concurrent Mark Cycle
[2838.338s][info][gc,marking     ] GC(549) Concurrent Scan Root Regions
[2838.338s][info][gc,cpu         ] GC(548) User=0.72s Sys=0.00s Real=0.12s
.[2838.511s][info][gc,marking     ] GC(549) Concurrent Scan Root Regions 173.913ms
[2838.511s][info][gc,marking     ] GC(549) Concurrent Mark
[2838.511s][info][gc,marking     ] GC(549) Concurrent Mark From Roots
[2838.511s][info][gc,task        ] GC(549) Using 2 workers of 2 for marking
[2839.490s][info][gc,marking     ] GC(549) Concurrent Mark From Roots 978.691ms
[2839.490s][info][gc,marking     ] GC(549) Concurrent Preclean
[2839.490s][info][gc,marking     ] GC(549) Concurrent Preclean 0.073ms
[2839.490s][info][gc,start       ] GC(549) Pause Remark
[2839.494s][info][gc             ] GC(549) Pause Remark 2071M->2071M(4096M) 3.558ms
[2839.494s][info][gc,cpu         ] GC(549) User=0.02s Sys=0.00s Real=0.01s
[2839.494s][info][gc,marking     ] GC(549) Concurrent Mark 982.599ms
[2839.494s][info][gc,marking     ] GC(549) Concurrent Rebuild Remembered Sets and Scrub Regions
.[2839.851s][info][gc,marking     ] GC(549) Concurrent Rebuild Remembered Sets and Scrub Regions 357.126ms
[2839.851s][info][gc,start       ] GC(549) Pause Cleanup
[2839.851s][info][gc             ] GC(549) Pause Cleanup 2275M->2275M(4096M) 0.127ms
[2839.852s][info][gc,cpu         ] GC(549) User=0.00s Sys=0.00s Real=0.00s
[2839.852s][info][gc,marking     ] GC(549) Concurrent Clear Claimed Marks
[2839.852s][info][gc,marking     ] GC(549) Concurrent Clear Claimed Marks 0.031ms
[2839.852s][info][gc,marking     ] GC(549) Concurrent Cleanup for Next Mark
[2839.855s][info][gc,marking     ] GC(549) Concurrent Cleanup for Next Mark 3.836ms
[2839.855s][info][gc             ] GC(549) Concurrent Mark Cycle 1517.965ms
..[2842.252s][info][gc,start       ] GC(550) Pause Young (Prepare Mixed) (G1 Evacuation Pause)
[2842.252s][info][gc,task        ] GC(550) Using 6 workers of 6 for evacuation
[2842.369s][info][gc,phases      ] GC(550)   Pre Evacuate Collection Set: 0.36ms
[2842.369s][info][gc,phases      ] GC(550)   Merge Heap Roots: 0.52ms
[2842.369s][info][gc,phases      ] GC(550)   Evacuate Collection Set: 115.06ms
[2842.369s][info][gc,phases      ] GC(550)   Post Evacuate Collection Set: 0.98ms
[2842.369s][info][gc,phases      ] GC(550)   Other: 0.09ms
[2842.369s][info][gc,heap        ] GC(550) Eden regions: 1118->0(1106)
[2842.369s][info][gc,heap        ] GC(550) Survivor regions: 110->109(154)
[2842.369s][info][gc,heap        ] GC(550) Old regions: 508->541
[2842.369s][info][gc,heap        ] GC(550) Humongous regions: 80->80
[2842.369s][info][gc,metaspace   ] GC(550) Metaspace: 28947K(29312K)->28947K(29312K) NonClass: 24067K(24256K)->24067K(24256K) Class: 4879K(5056K)->4879K(5056K)
[2842.369s][info][gc             ] GC(550) Pause Young (Prepare Mixed) (G1 Evacuation Pause) 3630M->1457M(4096M) 117.149ms
[2842.369s][info][gc,cpu         ] GC(550) User=0.69s Sys=0.00s Real=0.12s
....[2846.189s][info][gc,start       ] GC(551) Pause Young (Mixed) (G1 Evacuation Pause)
[2846.189s][info][gc,task        ] GC(551) Using 6 workers of 6 for evacuation
[2846.320s][info][gc,phases      ] GC(551)   Pre Evacuate Collection Set: 0.39ms
[2846.320s][info][gc,phases      ] GC(551)   Merge Heap Roots: 0.72ms
[2846.320s][info][gc,phases      ] GC(551)   Evacuate Collection Set: 128.38ms
[2846.320s][info][gc,phases      ] GC(551)   Post Evacuate Collection Set: 0.99ms
[2846.320s][info][gc,phases      ] GC(551)   Other: 0.09ms
[2846.320s][info][gc,heap        ] GC(551) Eden regions: 1106->0(1120)
[2846.320s][info][gc,heap        ] GC(551) Survivor regions: 109->108(152)
[2846.320s][info][gc,heap        ] GC(551) Old regions: 541->475
[2846.320s][info][gc,heap        ] GC(551) Humongous regions: 80->80
[2846.320s][info][gc,metaspace   ] GC(551) Metaspace: 28947K(29312K)->28947K(29312K) NonClass: 24067K(24256K)->24067K(24256K) Class: 4879K(5056K)->4879K(5056K)
[2846.320s][info][gc             ] GC(551) Pause Young (Mixed) (G1 Evacuation Pause) 3669M->1324M(4096M) 130.701ms
[2846.320s][info][gc,cpu         ] GC(551) User=0.77s Sys=0.00s Real=0.13s
....[2850.245s][info][gc,start       ] GC(552) Pause Young (Concurrent Start) (G1 Evacuation Pause)
[2850.245s][info][gc,task        ] GC(552) Using 6 workers of 6 for evacuation
[2850.362s][info][gc,phases      ] GC(552)   Pre Evacuate Collection Set: 0.40ms
[2850.362s][info][gc,phases      ] GC(552)   Merge Heap Roots: 0.51ms
[2850.362s][info][gc,phases      ] GC(552)   Evacuate Collection Set: 114.26ms
[2850.362s][info][gc,phases      ] GC(552)   Post Evacuate Collection Set: 0.93ms
[2850.362s][info][gc,phases      ] GC(552)   Other: 0.10ms
[2850.362s][info][gc,heap        ] GC(552) Eden regions: 1120->0(1120)
[2850.362s][info][gc,heap        ] GC(552) Survivor regions: 108->108(154)
[2850.362s][info][gc,heap        ] GC(552) Old regions: 475->507
[2850.362s][info][gc,heap        ] GC(552) Humongous regions: 80->80
[2850.362s][info][gc,metaspace   ] GC(552) Metaspace: 28947K(29312K)->28947K(29312K) NonClass: 24067K(24256K)->24067K(24256K) Class: 4879K(5056K)->4879K(5056K)
[2850.362s][info][gc             ] GC(552) Pause Young (Concurrent Start) (G1 Evacuation Pause) 3564M->1388M(4096M) 116.326ms
[2850.362s][info][gc             ] GC(553) Concurrent Mark Cycle
[2850.362s][info][gc,marking     ] GC(553) Concurrent Scan Root Regions
[2850.362s][info][gc,cpu         ] GC(552) User=0.69s Sys=0.00s Real=0.11s
.[2850.541s][info][gc,marking     ] GC(553) Concurrent Scan Root Regions 179.314ms
[2850.541s][info][gc,marking     ] GC(553) Concurrent Mark
[2850.541s][info][gc,marking     ] GC(553) Concurrent Mark From Roots
[2850.541s][info][gc,task        ] GC(553) Using 2 workers of 2 for marking
[2851.520s][info][gc,marking     ] GC(553) Concurrent Mark From Roots 979.226ms
[2851.520s][info][gc,marking     ] GC(553) Concurrent Preclean
[2851.520s][info][gc,marking     ] GC(553) Concurrent Preclean 0.112ms
[2851.522s][info][gc,start       ] GC(553) Pause Remark
[2851.527s][info][gc             ] GC(553) Pause Remark 2098M->2098M(4096M) 4.984ms
[2851.527s][info][gc,cpu         ] GC(553) User=0.03s Sys=0.00s Real=0.01s
[2851.527s][info][gc,marking     ] GC(553) Concurrent Mark 985.878ms
[2851.527s][info][gc,marking     ] GC(553) Concurrent Rebuild Remembered Sets and Scrub Regions
.[2851.808s][info][gc,marking     ] GC(553) Concurrent Rebuild Remembered Sets and Scrub Regions 281.447ms
[2851.809s][info][gc,start       ] GC(553) Pause Cleanup
[2851.809s][info][gc             ] GC(553) Pause Cleanup 2264M->2264M(4096M) 0.132ms
[2851.809s][info][gc,cpu         ] GC(553) User=0.00s Sys=0.00s Real=0.00s
[2851.809s][info][gc,marking     ] GC(553) Concurrent Clear Claimed Marks
[2851.809s][info][gc,marking     ] GC(553) Concurrent Clear Claimed Marks 0.034ms
[2851.809s][info][gc,marking     ] GC(553) Concurrent Cleanup for Next Mark
[2851.813s][info][gc,marking     ] GC(553) Concurrent Cleanup for Next Mark 3.810ms
[2851.813s][info][gc             ] GC(553) Concurrent Mark Cycle 1451.372ms
..[2854.359s][info][gc,start       ] GC(554) Pause Young (Prepare Mixed) (G1 Evacuation Pause)
[2854.359s][info][gc,task        ] GC(554) Using 6 workers of 6 for evacuation
[2854.477s][info][gc,phases      ] GC(554)   Pre Evacuate Collection Set: 0.38ms
[2854.477s][info][gc,phases      ] GC(554)   Merge Heap Roots: 0.53ms
[2854.477s][info][gc,phases      ] GC(554)   Evacuate Collection Set: 115.79ms
[2854.477s][info][gc,phases      ] GC(554)   Post Evacuate Collection Set: 0.95ms
[2854.477s][info][gc,phases      ] GC(554)   Other: 0.09ms
[2854.477s][info][gc,heap        ] GC(554) Eden regions: 1120->0(1107)
[2854.477s][info][gc,heap        ] GC(554) Survivor regions: 108->110(154)
[2854.477s][info][gc,heap        ] GC(554) Old regions: 507->538
[2854.477s][info][gc,heap        ] GC(554) Humongous regions: 80->80
[2854.477s][info][gc,metaspace   ] GC(554) Metaspace: 28947K(29312K)->28947K(29312K) NonClass: 24067K(24256K)->24067K(24256K) Class: 4879K(5056K)->4879K(5056K)
[2854.477s][info][gc             ] GC(554) Pause Young (Prepare Mixed) (G1 Evacuation Pause) 3628M->1453M(4096M) 117.878ms
[2854.477s][info][gc,cpu         ] GC(554) User=0.69s Sys=0.00s Real=0.12s
....[2858.288s][info][gc,start       ] GC(555) Pause Young (Mixed) (G1 Evacuation Pause)
[2858.288s][info][gc,task        ] GC(555) Using 6 workers of 6 for evacuation
[2858.420s][info][gc,phases      ] GC(555)   Pre Evacuate Collection Set: 0.45ms
[2858.420s][info][gc,phases      ] GC(555)   Merge Heap Roots: 0.80ms
[2858.420s][info][gc,phases      ] GC(555)   Evacuate Collection Set: 129.59ms
[2858.420s][info][gc,phases      ] GC(555)   Post Evacuate Collection Set: 0.99ms
[2858.420s][info][gc,phases      ] GC(555)   Other: 0.09ms
[2858.420s][info][gc,heap        ] GC(555) Eden regions: 1107->0(1120)
[2858.420s][info][gc,heap        ] GC(555) Survivor regions: 110->108(153)
[2858.420s][info][gc,heap        ] GC(555) Old regions: 538->474
[2858.420s][info][gc,heap        ] GC(555) Humongous regions: 80->80
[2858.420s][info][gc,metaspace   ] GC(555) Metaspace: 28947K(29312K)->28947K(29312K) NonClass: 24067K(24256K)->24067K(24256K) Class: 4879K(5056K)->4879K(5056K)
[2858.420s][info][gc             ] GC(555) Pause Young (Mixed) (G1 Evacuation Pause) 3667M->1321M(4096M) 132.039ms
[2858.420s][info][gc,cpu         ] GC(555) User=0.78s Sys=0.00s Real=0.13s
....[2862.292s][info][gc,start       ] GC(556) Pause Young (Concurrent Start) (G1 Evacuation Pause)
[2862.292s][info][gc,task        ] GC(556) Using 6 workers of 6 for evacuation
[2862.408s][info][gc,phases      ] GC(556)   Pre Evacuate Collection Set: 0.41ms
[2862.408s][info][gc,phases      ] GC(556)   Merge Heap Roots: 0.51ms
[2862.408s][info][gc,phases      ] GC(556)   Evacuate Collection Set: 114.79ms
[2862.408s][info][gc,phases      ] GC(556)   Post Evacuate Collection Set: 0.91ms
[2862.408s][info][gc,phases      ] GC(556)   Other: 0.14ms
[2862.408s][info][gc,heap        ] GC(556) Eden regions: 1120->0(1120)
[2862.408s][info][gc,heap        ] GC(556) Survivor regions: 108->108(154)
[2862.408s][info][gc,heap        ] GC(556) Old regions: 474->506
[2862.408s][info][gc,heap        ] GC(556) Humongous regions: 80->80
[2862.408s][info][gc,metaspace   ] GC(556) Metaspace: 28947K(29312K)->28947K(29312K) NonClass: 24067K(24256K)->24067K(24256K) Class: 4879K(5056K)->4879K(5056K)
[2862.408s][info][gc             ] GC(556) Pause Young (Concurrent Start) (G1 Evacuation Pause) 3561M->1387M(4096M) 116.897ms
[2862.408s][info][gc             ] GC(557) Concurrent Mark Cycle
[2862.408s][info][gc,marking     ] GC(557) Concurrent Scan Root Regions
[2862.408s][info][gc,cpu         ] GC(556) User=0.69s Sys=0.00s Real=0.12s
[2862.533s][info][gc,marking     ] GC(557) Concurrent Scan Root Regions 124.173ms
[2862.533s][info][gc,marking     ] GC(557) Concurrent Mark
[2862.533s][info][gc,marking     ] GC(557) Concurrent Mark From Roots
[2862.533s][info][gc,task        ] GC(557) Using 2 workers of 2 for marking
.[2863.156s][info][gc,marking     ] GC(557) Concurrent Mark From Roots 623.259ms
[2863.156s][info][gc,marking     ] GC(557) Concurrent Preclean
[2863.156s][info][gc,marking     ] GC(557) Concurrent Preclean 0.081ms
[2863.157s][info][gc,start       ] GC(557) Pause Remark
[2863.161s][info][gc             ] GC(557) Pause Remark 1857M->1857M(4096M) 4.211ms
[2863.161s][info][gc,cpu         ] GC(557) User=0.02s Sys=0.00s Real=0.00s
[2863.162s][info][gc,marking     ] GC(557) Concurrent Mark 629.239ms
[2863.162s][info][gc,marking     ] GC(557) Concurrent Rebuild Remembered Sets and Scrub Regions
[2863.395s][info][gc,marking     ] GC(557) Concurrent Rebuild Remembered Sets and Scrub Regions 233.314ms
[2863.396s][info][gc,start       ] GC(557) Pause Cleanup
[2863.396s][info][gc             ] GC(557) Pause Cleanup 1984M->1984M(4096M) 0.134ms
[2863.396s][info][gc,cpu         ] GC(557) User=0.00s Sys=0.00s Real=0.00s
[2863.396s][info][gc,marking     ] GC(557) Concurrent Clear Claimed Marks
[2863.396s][info][gc,marking     ] GC(557) Concurrent Clear Claimed Marks 0.038ms
[2863.396s][info][gc,marking     ] GC(557) Concurrent Cleanup for Next Mark
[2863.402s][info][gc,marking     ] GC(557) Concurrent Cleanup for Next Mark 5.062ms
[2863.402s][info][gc             ] GC(557) Concurrent Mark Cycle 993.102ms
...[2866.283s][info][gc,start       ] GC(558) Pause Young (Prepare Mixed) (G1 Evacuation Pause)
[2866.283s][info][gc,task        ] GC(558) Using 6 workers of 6 for evacuation
[2866.401s][info][gc,phases      ] GC(558)   Pre Evacuate Collection Set: 0.39ms
[2866.401s][info][gc,phases      ] GC(558)   Merge Heap Roots: 0.49ms
[2866.401s][info][gc,phases      ] GC(558)   Evacuate Collection Set: 116.16ms
[2866.401s][info][gc,phases      ] GC(558)   Post Evacuate Collection Set: 0.94ms
[2866.401s][info][gc,phases      ] GC(558)   Other: 0.09ms
[2866.401s][info][gc,heap        ] GC(558) Eden regions: 1120->0(1108)
[2866.401s][info][gc,heap        ] GC(558) Survivor regions: 108->110(154)
[2866.401s][info][gc,heap        ] GC(558) Old regions: 506->537
[2866.401s][info][gc,heap        ] GC(558) Humongous regions: 80->80
[2866.401s][info][gc,metaspace   ] GC(558) Metaspace: 28947K(29312K)->28947K(29312K) NonClass: 24067K(24256K)->24067K(24256K) Class: 4879K(5056K)->4879K(5056K)
[2866.401s][info][gc             ] GC(558) Pause Young (Prepare Mixed) (G1 Evacuation Pause) 3627M->1453M(4096M) 118.197ms
[2866.401s][info][gc,cpu         ] GC(558) User=0.70s Sys=0.00s Real=0.12s
... (rIR:aIR:PR = 4705:4704:4704) (tPR = 70014) [OK] 
  2868s: Performance info:
         Transaction,    Success,    Partial,     Failed,   Receipts, AvgBarcode, 
             Overall,     282833,          0,          0,     268715,      59.47, 
         Response times:
             Request,    Success,    Partial,     Failed,   SkipFail,     Probes,    Samples,      min,      p50,      p90,      p95,      p99,      max, 
       TotalPurchase,     268711,          0,          0,          0,     261761,     314252,      300,     3900,     7500,    13200,    43000,   189000,
     InStorePurchase,     141413,          0,          0,          0,     137823,     165760,      300,     3900,     7500,    12900,    42000,   163000,
      OnlinePurchase,      98997,          0,          0,          0,      96398,     115504,      300,     3900,     7500,    13600,    45000,   189000,
        InstPurchase,      28301,          0,          0,          0,      27540,      32988,      400,     3700,     7100,    12100,    40000,   189000,
          AssocOfCat,        284,          0,          0,          0,        225,        318,    19500,    33000,    52100,    66050,   115780,   189000,
      AssocOfProduct,       2826,          0,          0,          0,       2599,       3238,      600,     3900,     7200,    14100,    51000,   163000,
      BusinessReport,        701,          0,          0,          0,        584,        781,    24000,    34000,    53000,    62800,   135320,   197000,
          CustBuyBeh,       2821,          0,          0,          0,       2631,       3413,      300,     2800,     5900,    12100,    35000,   140000,
       ProductReturn,       7496,          0,          0,          0,       7179,       8872,      200,     4000,     7300,    12435,    43270,   139000,

  2868s: (35%)   IR =   4843 .[2870.338s][info][gc,start       ] GC(559) Pause Young (Mixed) (G1 Evacuation Pause)
[2870.338s][info][gc,task        ] GC(559) Using 6 workers of 6 for evacuation
[2870.468s][info][gc,phases      ] GC(559)   Pre Evacuate Collection Set: 0.44ms
[2870.468s][info][gc,phases      ] GC(559)   Merge Heap Roots: 0.68ms
[2870.468s][info][gc,phases      ] GC(559)   Evacuate Collection Set: 128.09ms
[2870.468s][info][gc,phases      ] GC(559)   Post Evacuate Collection Set: 0.98ms
[2870.468s][info][gc,phases      ] GC(559)   Other: 0.10ms
[2870.468s][info][gc,heap        ] GC(559) Eden regions: 1108->0(1119)
[2870.468s][info][gc,heap        ] GC(559) Survivor regions: 110->109(153)
[2870.468s][info][gc,heap        ] GC(559) Old regions: 537->475
[2870.468s][info][gc,heap        ] GC(559) Humongous regions: 80->80
[2870.468s][info][gc,metaspace   ] GC(559) Metaspace: 28947K(29312K)->28947K(29312K) NonClass: 24067K(24256K)->24067K(24256K) Class: 4879K(5056K)->4879K(5056K)
[2870.468s][info][gc             ] GC(559) Pause Young (Mixed) (G1 Evacuation Pause) 3669M->1325M(4096M) 130.435ms
[2870.468s][info][gc,cpu         ] GC(559) User=0.77s Sys=0.01s Real=0.13s
...|.[2874.220s][info][gc,start       ] GC(560) Pause Young (Concurrent Start) (G1 Evacuation Pause)
[2874.220s][info][gc,task        ] GC(560) Using 6 workers of 6 for evacuation
[2874.339s][info][gc,phases      ] GC(560)   Pre Evacuate Collection Set: 0.41ms
[2874.339s][info][gc,phases      ] GC(560)   Merge Heap Roots: 0.51ms
[2874.339s][info][gc,phases      ] GC(560)   Evacuate Collection Set: 117.08ms
[2874.339s][info][gc,phases      ] GC(560)   Post Evacuate Collection Set: 0.92ms
[2874.339s][info][gc,phases      ] GC(560)   Other: 0.13ms
[2874.339s][info][gc,heap        ] GC(560) Eden regions: 1119->0(1117)
[2874.339s][info][gc,heap        ] GC(560) Survivor regions: 109->111(154)
[2874.339s][info][gc,heap        ] GC(560) Old regions: 475->506
[2874.339s][info][gc,heap        ] GC(560) Humongous regions: 80->80
[2874.339s][info][gc,metaspace   ] GC(560) Metaspace: 28947K(29312K)->28947K(29312K) NonClass: 24067K(24256K)->24067K(24256K) Class: 4879K(5056K)->4879K(5056K)
[2874.339s][info][gc             ] GC(560) Pause Young (Concurrent Start) (G1 Evacuation Pause) 3563M->1393M(4096M) 119.175ms
[2874.339s][info][gc             ] GC(561) Concurrent Mark Cycle
[2874.339s][info][gc,marking     ] GC(561) Concurrent Scan Root Regions
[2874.339s][info][gc,cpu         ] GC(560) User=0.70s Sys=0.00s Real=0.12s
[2874.481s][info][gc,marking     ] GC(561) Concurrent Scan Root Regions 142.257ms
[2874.481s][info][gc,marking     ] GC(561) Concurrent Mark
[2874.481s][info][gc,marking     ] GC(561) Concurrent Mark From Roots
[2874.481s][info][gc,task        ] GC(561) Using 2 workers of 2 for marking
.[2875.110s][info][gc,marking     ] GC(561) Concurrent Mark From Roots 628.685ms
[2875.110s][info][gc,marking     ] GC(561) Concurrent Preclean
[2875.110s][info][gc,marking     ] GC(561) Concurrent Preclean 0.096ms
[2875.110s][info][gc,start       ] GC(561) Pause Remark
[2875.115s][info][gc             ] GC(561) Pause Remark 1906M->1906M(4096M) 4.790ms
[2875.115s][info][gc,cpu         ] GC(561) User=0.02s Sys=0.00s Real=0.01s
[2875.115s][info][gc,marking     ] GC(561) Concurrent Mark 633.866ms
[2875.115s][info][gc,marking     ] GC(561) Concurrent Rebuild Remembered Sets and Scrub Regions
[2875.389s][info][gc,marking     ] GC(561) Concurrent Rebuild Remembered Sets and Scrub Regions 273.730ms
[2875.389s][info][gc,start       ] GC(561) Pause Cleanup
[2875.389s][info][gc             ] GC(561) Pause Cleanup 2062M->2062M(4096M) 0.121ms
[2875.389s][info][gc,cpu         ] GC(561) User=0.00s Sys=0.00s Real=0.00s
[2875.389s][info][gc,marking     ] GC(561) Concurrent Clear Claimed Marks
[2875.389s][info][gc,marking     ] GC(561) Concurrent Clear Claimed Marks 0.034ms
[2875.389s][info][gc,marking     ] GC(561) Concurrent Cleanup for Next Mark
[2875.392s][info][gc,marking     ] GC(561) Concurrent Cleanup for Next Mark 3.329ms
[2875.392s][info][gc             ] GC(561) Concurrent Mark Cycle 1053.681ms
...[2878.087s][info][gc,start       ] GC(562) Pause Young (Prepare Mixed) (G1 Evacuation Pause)
[2878.087s][info][gc,task        ] GC(562) Using 6 workers of 6 for evacuation
[2878.205s][info][gc,phases      ] GC(562)   Pre Evacuate Collection Set: 0.33ms
[2878.205s][info][gc,phases      ] GC(562)   Merge Heap Roots: 0.56ms
[2878.205s][info][gc,phases      ] GC(562)   Evacuate Collection Set: 116.06ms
[2878.205s][info][gc,phases      ] GC(562)   Post Evacuate Collection Set: 0.98ms
[2878.205s][info][gc,phases      ] GC(562)   Other: 0.09ms
[2878.205s][info][gc,heap        ] GC(562) Eden regions: 1117->0(1109)
[2878.205s][info][gc,heap        ] GC(562) Survivor regions: 111->109(154)
[2878.205s][info][gc,heap        ] GC(562) Old regions: 506->538
[2878.205s][info][gc,heap        ] GC(562) Humongous regions: 80->80
[2878.205s][info][gc,metaspace   ] GC(562) Metaspace: 28947K(29312K)->28947K(29312K) NonClass: 24067K(24256K)->24067K(24256K) Class: 4879K(5056K)->4879K(5056K)
[2878.205s][info][gc             ] GC(562) Pause Young (Prepare Mixed) (G1 Evacuation Pause) 3627M->1452M(4096M) 118.154ms
[2878.205s][info][gc,cpu         ] GC(562) User=0.70s Sys=0.00s Real=0.12s
....[2881.964s][info][gc,start       ] GC(563) Pause Young (Mixed) (G1 Evacuation Pause)
[2881.964s][info][gc,task        ] GC(563) Using 6 workers of 6 for evacuation
[2882.096s][info][gc,phases      ] GC(563)   Pre Evacuate Collection Set: 0.42ms
[2882.096s][info][gc,phases      ] GC(563)   Merge Heap Roots: 0.72ms
[2882.096s][info][gc,phases      ] GC(563)   Evacuate Collection Set: 129.65ms
[2882.096s][info][gc,phases      ] GC(563)   Post Evacuate Collection Set: 0.96ms
[2882.096s][info][gc,phases      ] GC(563)   Other: 0.09ms
[2882.096s][info][gc,heap        ] GC(563) Eden regions: 1109->0(1121)
[2882.096s][info][gc,heap        ] GC(563) Survivor regions: 109->107(153)
[2882.096s][info][gc,heap        ] GC(563) Old regions: 538->473
[2882.096s][info][gc,heap        ] GC(563) Humongous regions: 80->80
[2882.096s][info][gc,metaspace   ] GC(563) Metaspace: 28947K(29312K)->28947K(29312K) NonClass: 24067K(24256K)->24067K(24256K) Class: 4879K(5056K)->4879K(5056K)
[2882.096s][info][gc             ] GC(563) Pause Young (Mixed) (G1 Evacuation Pause) 3670M->1319M(4096M) 131.966ms
[2882.096s][info][gc,cpu         ] GC(563) User=0.78s Sys=0.00s Real=0.13s
....[2885.884s][info][gc,start       ] GC(564) Pause Young (Concurrent Start) (G1 Evacuation Pause)
[2885.884s][info][gc,task        ] GC(564) Using 6 workers of 6 for evacuation
[2886.000s][info][gc,phases      ] GC(564)   Pre Evacuate Collection Set: 0.44ms
[2886.000s][info][gc,phases      ] GC(564)   Merge Heap Roots: 0.47ms
[2886.000s][info][gc,phases      ] GC(564)   Evacuate Collection Set: 114.22ms
[2886.000s][info][gc,phases      ] GC(564)   Post Evacuate Collection Set: 0.92ms
[2886.000s][info][gc,phases      ] GC(564)   Other: 0.11ms
[2886.000s][info][gc,heap        ] GC(564) Eden regions: 1121->0(1120)
[2886.000s][info][gc,heap        ] GC(564) Survivor regions: 107->108(154)
[2886.000s][info][gc,heap        ] GC(564) Old regions: 473->505
[2886.000s][info][gc,heap        ] GC(564) Humongous regions: 80->80
[2886.000s][info][gc,metaspace   ] GC(564) Metaspace: 28947K(29312K)->28947K(29312K) NonClass: 24067K(24256K)->24067K(24256K) Class: 4879K(5056K)->4879K(5056K)
[2886.000s][info][gc             ] GC(564) Pause Young (Concurrent Start) (G1 Evacuation Pause) 3561M->1384M(4096M) 116.306ms
[2886.000s][info][gc             ] GC(565) Concurrent Mark Cycle
[2886.000s][info][gc,marking     ] GC(565) Concurrent Scan Root Regions
[2886.000s][info][gc,cpu         ] GC(564) User=0.69s Sys=0.00s Real=0.11s
[2886.171s][info][gc,marking     ] GC(565) Concurrent Scan Root Regions 170.494ms
[2886.171s][info][gc,marking     ] GC(565) Concurrent Mark
[2886.171s][info][gc,marking     ] GC(565) Concurrent Mark From Roots
[2886.171s][info][gc,task        ] GC(565) Using 2 workers of 2 for marking
.[2886.874s][info][gc,marking     ] GC(565) Concurrent Mark From Roots 703.689ms
[2886.875s][info][gc,marking     ] GC(565) Concurrent Preclean
[2886.875s][info][gc,marking     ] GC(565) Concurrent Preclean 0.073ms
[2886.875s][info][gc,start       ] GC(565) Pause Remark
[2886.879s][info][gc             ] GC(565) Pause Remark 1920M->1920M(4096M) 4.404ms
[2886.879s][info][gc,cpu         ] GC(565) User=0.02s Sys=0.00s Real=0.00s
[2886.879s][info][gc,marking     ] GC(565) Concurrent Mark 708.421ms
[2886.879s][info][gc,marking     ] GC(565) Concurrent Rebuild Remembered Sets and Scrub Regions
[2887.149s][info][gc,marking     ] GC(565) Concurrent Rebuild Remembered Sets and Scrub Regions 269.852ms
[2887.150s][info][gc,start       ] GC(565) Pause Cleanup
[2887.150s][info][gc             ] GC(565) Pause Cleanup 2076M->2076M(4096M) 0.131ms
[2887.150s][info][gc,cpu         ] GC(565) User=0.00s Sys=0.00s Real=0.00s
[2887.151s][info][gc,marking     ] GC(565) Concurrent Clear Claimed Marks
[2887.151s][info][gc,marking     ] GC(565) Concurrent Clear Claimed Marks 0.051ms
[2887.151s][info][gc,marking     ] GC(565) Concurrent Cleanup for Next Mark
[2887.158s][info][gc,marking     ] GC(565) Concurrent Cleanup for Next Mark 6.683ms
[2887.158s][info][gc             ] GC(565) Concurrent Mark Cycle 1157.933ms
...[2889.782s][info][gc,start       ] GC(566) Pause Young (Prepare Mixed) (G1 Evacuation Pause)
[2889.782s][info][gc,task        ] GC(566) Using 6 workers of 6 for evacuation
[2889.902s][info][gc,phases      ] GC(566)   Pre Evacuate Collection Set: 0.34ms
[2889.902s][info][gc,phases      ] GC(566)   Merge Heap Roots: 0.51ms
[2889.902s][info][gc,phases      ] GC(566)   Evacuate Collection Set: 118.29ms
[2889.902s][info][gc,phases      ] GC(566)   Post Evacuate Collection Set: 0.99ms
[2889.902s][info][gc,phases      ] GC(566)   Other: 0.09ms
[2889.902s][info][gc,heap        ] GC(566) Eden regions: 1120->0(1105)
[2889.902s][info][gc,heap        ] GC(566) Survivor regions: 108->112(154)
[2889.902s][info][gc,heap        ] GC(566) Old regions: 505->536
[2889.902s][info][gc,heap        ] GC(566) Humongous regions: 80->80
[2889.902s][info][gc,metaspace   ] GC(566) Metaspace: 28947K(29312K)->28947K(29312K) NonClass: 24067K(24256K)->24067K(24256K) Class: 4879K(5056K)->4879K(5056K)
[2889.902s][info][gc             ] GC(566) Pause Young (Prepare Mixed) (G1 Evacuation Pause) 3624M->1455M(4096M) 120.354ms
[2889.902s][info][gc,cpu         ] GC(566) User=0.71s Sys=0.00s Real=0.12s
...[2893.612s][info][gc,start       ] GC(567) Pause Young (Mixed) (G1 Evacuation Pause)
[2893.613s][info][gc,task        ] GC(567) Using 6 workers of 6 for evacuation
[2893.746s][info][gc,phases      ] GC(567)   Pre Evacuate Collection Set: 0.44ms
[2893.746s][info][gc,phases      ] GC(567)   Merge Heap Roots: 0.83ms
[2893.746s][info][gc,phases      ] GC(567)   Evacuate Collection Set: 130.98ms
[2893.746s][info][gc,phases      ] GC(567)   Post Evacuate Collection Set: 0.97ms
[2893.746s][info][gc,phases      ] GC(567)   Other: 0.10ms
[2893.746s][info][gc,heap        ] GC(567) Eden regions: 1105->0(1119)
[2893.746s][info][gc,heap        ] GC(567) Survivor regions: 112->109(153)
[2893.746s][info][gc,heap        ] GC(567) Old regions: 536->475
[2893.746s][info][gc,heap        ] GC(567) Humongous regions: 80->80
[2893.746s][info][gc,metaspace   ] GC(567) Metaspace: 28947K(29312K)->28947K(29312K) NonClass: 24067K(24256K)->24067K(24256K) Class: 4879K(5056K)->4879K(5056K)
[2893.746s][info][gc             ] GC(567) Pause Young (Mixed) (G1 Evacuation Pause) 3665M->1325M(4096M) 134.197ms
[2893.746s][info][gc,cpu         ] GC(567) User=0.79s Sys=0.00s Real=0.14s
....[2897.552s][info][gc,start       ] GC(568) Pause Young (Concurrent Start) (G1 Evacuation Pause)
[2897.552s][info][gc,task        ] GC(568) Using 6 workers of 6 for evacuation
[2897.671s][info][gc,phases      ] GC(568)   Pre Evacuate Collection Set: 0.41ms
[2897.671s][info][gc,phases      ] GC(568)   Merge Heap Roots: 0.53ms
[2897.671s][info][gc,phases      ] GC(568)   Evacuate Collection Set: 116.94ms
[2897.671s][info][gc,phases      ] GC(568)   Post Evacuate Collection Set: 0.90ms
[2897.671s][info][gc,phases      ] GC(568)   Other: 0.12ms
[2897.671s][info][gc,heap        ] GC(568) Eden regions: 1119->0(1118)
[2897.671s][info][gc,heap        ] GC(568) Survivor regions: 109->110(154)
[2897.671s][info][gc,heap        ] GC(568) Old regions: 475->506
[2897.671s][info][gc,heap        ] GC(568) Humongous regions: 80->80
[2897.671s][info][gc,metaspace   ] GC(568) Metaspace: 28947K(29312K)->28947K(29312K) NonClass: 24067K(24256K)->24067K(24256K) Class: 4879K(5056K)->4879K(5056K)
[2897.671s][info][gc             ] GC(568) Pause Young (Concurrent Start) (G1 Evacuation Pause) 3563M->1390M(4096M) 119.054ms
[2897.671s][info][gc             ] GC(569) Concurrent Mark Cycle
[2897.671s][info][gc,marking     ] GC(569) Concurrent Scan Root Regions
[2897.671s][info][gc,cpu         ] GC(568) User=0.70s Sys=0.00s Real=0.12s
.[2897.870s][info][gc,marking     ] GC(569) Concurrent Scan Root Regions 198.126ms
[2897.870s][info][gc,marking     ] GC(569) Concurrent Mark
[2897.870s][info][gc,marking     ] GC(569) Concurrent Mark From Roots
[2897.870s][info][gc,task        ] GC(569) Using 2 workers of 2 for marking
[2898.607s][info][gc,marking     ] GC(569) Concurrent Mark From Roots 737.011ms
[2898.607s][info][gc,marking     ] GC(569) Concurrent Preclean
[2898.607s][info][gc,marking     ] GC(569) Concurrent Preclean 0.067ms
[2898.607s][info][gc,start       ] GC(569) Pause Remark
[2898.611s][info][gc             ] GC(569) Pause Remark 2005M->2005M(4096M) 4.393ms
[2898.611s][info][gc,cpu         ] GC(569) User=0.02s Sys=0.00s Real=0.00s
[2898.611s][info][gc,marking     ] GC(569) Concurrent Mark 741.740ms
[2898.611s][info][gc,marking     ] GC(569) Concurrent Rebuild Remembered Sets and Scrub Regions
.[2898.969s][info][gc,marking     ] GC(569) Concurrent Rebuild Remembered Sets and Scrub Regions 357.526ms
[2898.969s][info][gc,start       ] GC(569) Pause Cleanup
[2898.969s][info][gc             ] GC(569) Pause Cleanup 2236M->2236M(4096M) 0.122ms
[2898.969s][info][gc,cpu         ] GC(569) User=0.00s Sys=0.00s Real=0.00s
[2898.969s][info][gc,marking     ] GC(569) Concurrent Clear Claimed Marks
[2898.969s][info][gc,marking     ] GC(569) Concurrent Clear Claimed Marks 0.025ms
[2898.969s][info][gc,marking     ] GC(569) Concurrent Cleanup for Next Mark
[2898.973s][info][gc,marking     ] GC(569) Concurrent Cleanup for Next Mark 3.436ms
[2898.973s][info][gc             ] GC(569) Concurrent Mark Cycle 1301.305ms
..[2901.430s][info][gc,start       ] GC(570) Pause Young (Prepare Mixed) (G1 Evacuation Pause)
[2901.430s][info][gc,task        ] GC(570) Using 6 workers of 6 for evacuation
[2901.547s][info][gc,phases      ] GC(570)   Pre Evacuate Collection Set: 0.38ms
[2901.548s][info][gc,phases      ] GC(570)   Merge Heap Roots: 0.61ms
[2901.548s][info][gc,phases      ] GC(570)   Evacuate Collection Set: 115.57ms
[2901.548s][info][gc,phases      ] GC(570)   Post Evacuate Collection Set: 0.96ms
[2901.548s][info][gc,phases      ] GC(570)   Other: 0.10ms
[2901.548s][info][gc,heap        ] GC(570) Eden regions: 1118->0(1108)
[2901.548s][info][gc,heap        ] GC(570) Survivor regions: 110->110(154)
[2901.548s][info][gc,heap        ] GC(570) Old regions: 506->537
[2901.548s][info][gc,heap        ] GC(570) Humongous regions: 80->80
[2901.548s][info][gc,metaspace   ] GC(570) Metaspace: 28947K(29312K)->28947K(29312K) NonClass: 24067K(24256K)->24067K(24256K) Class: 4879K(5056K)->4879K(5056K)
[2901.548s][info][gc             ] GC(570) Pause Young (Prepare Mixed) (G1 Evacuation Pause) 3626M->1451M(4096M) 117.771ms
[2901.548s][info][gc,cpu         ] GC(570) User=0.69s Sys=0.00s Real=0.12s
....[2905.239s][info][gc,start       ] GC(571) Pause Young (Mixed) (G1 Evacuation Pause)
[2905.239s][info][gc,task        ] GC(571) Using 6 workers of 6 for evacuation
[2905.372s][info][gc,phases      ] GC(571)   Pre Evacuate Collection Set: 0.38ms
[2905.372s][info][gc,phases      ] GC(571)   Merge Heap Roots: 0.66ms
[2905.372s][info][gc,phases      ] GC(571)   Evacuate Collection Set: 131.31ms
[2905.372s][info][gc,phases      ] GC(571)   Post Evacuate Collection Set: 1.00ms
[2905.372s][info][gc,phases      ] GC(571)   Other: 0.09ms
[2905.372s][info][gc,heap        ] GC(571) Eden regions: 1108->0(1117)
[2905.372s][info][gc,heap        ] GC(571) Survivor regions: 110->111(153)
[2905.372s][info][gc,heap        ] GC(571) Old regions: 537->474
[2905.372s][info][gc,heap        ] GC(571) Humongous regions: 80->80
[2905.372s][info][gc,metaspace   ] GC(571) Metaspace: 28947K(29312K)->28947K(29312K) NonClass: 24067K(24256K)->24067K(24256K) Class: 4879K(5056K)->4879K(5056K)
[2905.372s][info][gc             ] GC(571) Pause Young (Mixed) (G1 Evacuation Pause) 3667M->1327M(4096M) 133.583ms
[2905.373s][info][gc,cpu         ] GC(571) User=0.79s Sys=0.00s Real=0.13s
....[2909.152s][info][gc,start       ] GC(572) Pause Young (Concurrent Start) (G1 Evacuation Pause)
[2909.152s][info][gc,task        ] GC(572) Using 6 workers of 6 for evacuation
[2909.269s][info][gc,phases      ] GC(572)   Pre Evacuate Collection Set: 0.42ms
[2909.269s][info][gc,phases      ] GC(572)   Merge Heap Roots: 0.49ms
[2909.269s][info][gc,phases      ] GC(572)   Evacuate Collection Set: 114.71ms
[2909.269s][info][gc,phases      ] GC(572)   Post Evacuate Collection Set: 0.91ms
[2909.269s][info][gc,phases      ] GC(572)   Other: 0.11ms
[2909.269s][info][gc,heap        ] GC(572) Eden regions: 1117->0(1119)
[2909.269s][info][gc,heap        ] GC(572) Survivor regions: 111->109(154)
[2909.269s][info][gc,heap        ] GC(572) Old regions: 474->506
[2909.269s][info][gc,heap        ] GC(572) Humongous regions: 80->80
[2909.269s][info][gc,metaspace   ] GC(572) Metaspace: 28947K(29312K)->28947K(29312K) NonClass: 24067K(24256K)->24067K(24256K) Class: 4879K(5056K)->4879K(5056K)
[2909.269s][info][gc             ] GC(572) Pause Young (Concurrent Start) (G1 Evacuation Pause) 3561M->1388M(4096M) 116.780ms
[2909.269s][info][gc             ] GC(573) Concurrent Mark Cycle
[2909.269s][info][gc,marking     ] GC(573) Concurrent Scan Root Regions
[2909.269s][info][gc,cpu         ] GC(572) User=0.69s Sys=0.00s Real=0.12s
[2909.444s][info][gc,marking     ] GC(573) Concurrent Scan Root Regions 175.078ms
[2909.444s][info][gc,marking     ] GC(573) Concurrent Mark
[2909.444s][info][gc,marking     ] GC(573) Concurrent Mark From Roots
[2909.444s][info][gc,task        ] GC(573) Using 2 workers of 2 for marking
.[2910.376s][info][gc,marking     ] GC(573) Concurrent Mark From Roots 931.702ms
[2910.376s][info][gc,marking     ] GC(573) Concurrent Preclean
[2910.376s][info][gc,marking     ] GC(573) Concurrent Preclean 0.104ms
[2910.376s][info][gc,start       ] GC(573) Pause Remark
[2910.381s][info][gc             ] GC(573) Pause Remark 2072M->2072M(4096M) 4.768ms
[2910.381s][info][gc,cpu         ] GC(573) User=0.02s Sys=0.00s Real=0.00s
[2910.381s][info][gc,marking     ] GC(573) Concurrent Mark 936.857ms
[2910.381s][info][gc,marking     ] GC(573) Concurrent Rebuild Remembered Sets and Scrub Regions
[2910.781s][info][gc,marking     ] GC(573) Concurrent Rebuild Remembered Sets and Scrub Regions 399.641ms
[2910.781s][info][gc,start       ] GC(573) Pause Cleanup
[2910.781s][info][gc             ] GC(573) Pause Cleanup 2317M->2317M(4096M) 0.121ms
[2910.781s][info][gc,cpu         ] GC(573) User=0.00s Sys=0.00s Real=0.00s
[2910.781s][info][gc,marking     ] GC(573) Concurrent Clear Claimed Marks
[2910.781s][info][gc,marking     ] GC(573) Concurrent Clear Claimed Marks 0.033ms
[2910.781s][info][gc,marking     ] GC(573) Concurrent Cleanup for Next Mark
[2910.785s][info][gc,marking     ] GC(573) Concurrent Cleanup for Next Mark 4.498ms
[2910.786s][info][gc             ] GC(573) Concurrent Mark Cycle 1516.621ms
...[2913.060s][info][gc,start       ] GC(574) Pause Young (Prepare Mixed) (G1 Evacuation Pause)
[2913.060s][info][gc,task        ] GC(574) Using 6 workers of 6 for evacuation
[2913.177s][info][gc,phases      ] GC(574)   Pre Evacuate Collection Set: 0.37ms
[2913.177s][info][gc,phases      ] GC(574)   Merge Heap Roots: 0.50ms
[2913.177s][info][gc,phases      ] GC(574)   Evacuate Collection Set: 114.87ms
[2913.177s][info][gc,phases      ] GC(574)   Post Evacuate Collection Set: 0.95ms
[2913.177s][info][gc,phases      ] GC(574)   Other: 0.09ms
[2913.177s][info][gc,heap        ] GC(574) Eden regions: 1119->0(1110)
[2913.177s][info][gc,heap        ] GC(574) Survivor regions: 109->109(154)
[2913.177s][info][gc,heap        ] GC(574) Old regions: 506->537
[2913.177s][info][gc,heap        ] GC(574) Humongous regions: 80->80
[2913.177s][info][gc,metaspace   ] GC(574) Metaspace: 28947K(29312K)->28947K(29312K) NonClass: 24067K(24256K)->24067K(24256K) Class: 4879K(5056K)->4879K(5056K)
[2913.177s][info][gc             ] GC(574) Pause Young (Prepare Mixed) (G1 Evacuation Pause) 3626M->1450M(4096M) 116.915ms
[2913.177s][info][gc,cpu         ] GC(574) User=0.69s Sys=0.00s Real=0.12s
....[2917.008s][info][gc,start       ] GC(575) Pause Young (Mixed) (G1 Evacuation Pause)
[2917.008s][info][gc,task        ] GC(575) Using 6 workers of 6 for evacuation
[2917.139s][info][gc,phases      ] GC(575)   Pre Evacuate Collection Set: 0.43ms
[2917.139s][info][gc,phases      ] GC(575)   Merge Heap Roots: 0.75ms
[2917.139s][info][gc,phases      ] GC(575)   Evacuate Collection Set: 129.26ms
[2917.139s][info][gc,phases      ] GC(575)   Post Evacuate Collection Set: 0.99ms
[2917.139s][info][gc,phases      ] GC(575)   Other: 0.10ms
[2917.139s][info][gc,heap        ] GC(575) Eden regions: 1110->0(1119)
[2917.139s][info][gc,heap        ] GC(575) Survivor regions: 109->109(153)
[2917.139s][info][gc,heap        ] GC(575) Old regions: 537->475
[2917.139s][info][gc,heap        ] GC(575) Humongous regions: 80->80
[2917.139s][info][gc,metaspace   ] GC(575) Metaspace: 28947K(29312K)->28947K(29312K) NonClass: 24067K(24256K)->24067K(24256K) Class: 4879K(5056K)->4879K(5056K)
[2917.139s][info][gc             ] GC(575) Pause Young (Mixed) (G1 Evacuation Pause) 3670M->1326M(4096M) 131.666ms
[2917.139s][info][gc,cpu         ] GC(575) User=0.78s Sys=0.00s Real=0.13s
....[2920.862s][info][gc,start       ] GC(576) Pause Young (Concurrent Start) (G1 Evacuation Pause)
[2920.862s][info][gc,task        ] GC(576) Using 6 workers of 6 for evacuation
[2920.979s][info][gc,phases      ] GC(576)   Pre Evacuate Collection Set: 0.42ms
[2920.979s][info][gc,phases      ] GC(576)   Merge Heap Roots: 0.50ms
[2920.979s][info][gc,phases      ] GC(576)   Evacuate Collection Set: 114.85ms
[2920.979s][info][gc,phases      ] GC(576)   Post Evacuate Collection Set: 0.92ms
[2920.979s][info][gc,phases      ] GC(576)   Other: 0.11ms
[2920.979s][info][gc,heap        ] GC(576) Eden regions: 1119->0(1120)
[2920.979s][info][gc,heap        ] GC(576) Survivor regions: 109->108(154)
[2920.979s][info][gc,heap        ] GC(576) Old regions: 475->508
[2920.979s][info][gc,heap        ] GC(576) Humongous regions: 80->80
[2920.979s][info][gc,metaspace   ] GC(576) Metaspace: 28947K(29312K)->28947K(29312K) NonClass: 24067K(24256K)->24067K(24256K) Class: 4879K(5056K)->4879K(5056K)
[2920.979s][info][gc             ] GC(576) Pause Young (Concurrent Start) (G1 Evacuation Pause) 3564M->1389M(4096M) 116.964ms
[2920.979s][info][gc             ] GC(577) Concurrent Mark Cycle
[2920.979s][info][gc,marking     ] GC(577) Concurrent Scan Root Regions
[2920.979s][info][gc,cpu         ] GC(576) User=0.69s Sys=0.00s Real=0.12s
[2921.158s][info][gc,marking     ] GC(577) Concurrent Scan Root Regions 178.722ms
[2921.158s][info][gc,marking     ] GC(577) Concurrent Mark
[2921.158s][info][gc,marking     ] GC(577) Concurrent Mark From Roots
[2921.158s][info][gc,task        ] GC(577) Using 2 workers of 2 for marking
.[2922.097s][info][gc,marking     ] GC(577) Concurrent Mark From Roots 938.868ms
[2922.097s][info][gc,marking     ] GC(577) Concurrent Preclean
[2922.097s][info][gc,marking     ] GC(577) Concurrent Preclean 0.105ms
[2922.097s][info][gc,start       ] GC(577) Pause Remark
[2922.103s][info][gc             ] GC(577) Pause Remark 2118M->2118M(4096M) 6.179ms
[2922.103s][info][gc,cpu         ] GC(577) User=0.04s Sys=0.00s Real=0.00s
[2922.103s][info][gc,marking     ] GC(577) Concurrent Mark 945.465ms
[2922.103s][info][gc,marking     ] GC(577) Concurrent Rebuild Remembered Sets and Scrub Regions
[2922.502s][info][gc,marking     ] GC(577) Concurrent Rebuild Remembered Sets and Scrub Regions 398.915ms
[2922.502s][info][gc,start       ] GC(577) Pause Cleanup
[2922.502s][info][gc             ] GC(577) Pause Cleanup 2361M->2361M(4096M) 0.121ms
[2922.502s][info][gc,cpu         ] GC(577) User=0.00s Sys=0.00s Real=0.00s
[2922.502s][info][gc,marking     ] GC(577) Concurrent Clear Claimed Marks
[2922.502s][info][gc,marking     ] GC(577) Concurrent Clear Claimed Marks 0.028ms
[2922.502s][info][gc,marking     ] GC(577) Concurrent Cleanup for Next Mark
[2922.506s][info][gc,marking     ] GC(577) Concurrent Cleanup for Next Mark 4.024ms
[2922.507s][info][gc             ] GC(577) Concurrent Mark Cycle 1527.663ms
..[2924.727s][info][gc,start       ] GC(578) Pause Young (Prepare Mixed) (G1 Evacuation Pause)
[2924.727s][info][gc,task        ] GC(578) Using 6 workers of 6 for evacuation
[2924.847s][info][gc,phases      ] GC(578)   Pre Evacuate Collection Set: 0.36ms
[2924.847s][info][gc,phases      ] GC(578)   Merge Heap Roots: 0.54ms
[2924.847s][info][gc,phases      ] GC(578)   Evacuate Collection Set: 118.77ms
[2924.847s][info][gc,phases      ] GC(578)   Post Evacuate Collection Set: 0.96ms
[2924.847s][info][gc,phases      ] GC(578)   Other: 0.09ms
[2924.847s][info][gc,heap        ] GC(578) Eden regions: 1120->0(1101)
[2924.847s][info][gc,heap        ] GC(578) Survivor regions: 108->112(154)
[2924.847s][info][gc,heap        ] GC(578) Old regions: 508->540
[2924.847s][info][gc,heap        ] GC(578) Humongous regions: 80->80
[2924.847s][info][gc,metaspace   ] GC(578) Metaspace: 28943K(29312K)->28943K(29312K) NonClass: 24065K(24256K)->24065K(24256K) Class: 4878K(5056K)->4878K(5056K)
[2924.847s][info][gc             ] GC(578) Pause Young (Prepare Mixed) (G1 Evacuation Pause) 3629M->1462M(4096M) 120.848ms
[2924.847s][info][gc,cpu         ] GC(578) User=0.72s Sys=0.00s Real=0.12s
....[2928.607s][info][gc,start       ] GC(579) Pause Young (Mixed) (G1 Evacuation Pause)
[2928.607s][info][gc,task        ] GC(579) Using 6 workers of 6 for evacuation
[2928.741s][info][gc,phases      ] GC(579)   Pre Evacuate Collection Set: 0.39ms
[2928.741s][info][gc,phases      ] GC(579)   Merge Heap Roots: 0.65ms
[2928.741s][info][gc,phases      ] GC(579)   Evacuate Collection Set: 131.88ms
[2928.741s][info][gc,phases      ] GC(579)   Post Evacuate Collection Set: 0.98ms
[2928.741s][info][gc,phases      ] GC(579)   Other: 0.09ms
[2928.741s][info][gc,heap        ] GC(579) Eden regions: 1101->0(1117)
[2928.741s][info][gc,heap        ] GC(579) Survivor regions: 112->111(152)
[2928.741s][info][gc,heap        ] GC(579) Old regions: 540->477
[2928.741s][info][gc,heap        ] GC(579) Humongous regions: 80->80
[2928.741s][info][gc,metaspace   ] GC(579) Metaspace: 28943K(29312K)->28943K(29312K) NonClass: 24065K(24256K)->24065K(24256K) Class: 4878K(5056K)->4878K(5056K)
[2928.741s][info][gc             ] GC(579) Pause Young (Mixed) (G1 Evacuation Pause) 3664M->1334M(4096M) 134.147ms
[2928.741s][info][gc,cpu         ] GC(579) User=0.79s Sys=0.00s Real=0.13s
....[2932.453s][info][gc,start       ] GC(580) Pause Young (Concurrent Start) (G1 Evacuation Pause)
[2932.453s][info][gc,task        ] GC(580) Using 6 workers of 6 for evacuation
[2932.571s][info][gc,phases      ] GC(580)   Pre Evacuate Collection Set: 0.41ms
[2932.571s][info][gc,phases      ] GC(580)   Merge Heap Roots: 0.47ms
[2932.571s][info][gc,phases      ] GC(580)   Evacuate Collection Set: 115.20ms
[2932.571s][info][gc,phases      ] GC(580)   Post Evacuate Collection Set: 0.91ms
[2932.571s][info][gc,phases      ] GC(580)   Other: 0.09ms
[2932.571s][info][gc,heap        ] GC(580) Eden regions: 1117->0(1119)
[2932.571s][info][gc,heap        ] GC(580) Survivor regions: 111->109(154)
[2932.571s][info][gc,heap        ] GC(580) Old regions: 477->509
[2932.571s][info][gc,heap        ] GC(580) Humongous regions: 80->80
[2932.571s][info][gc,metaspace   ] GC(580) Metaspace: 28943K(29312K)->28943K(29312K) NonClass: 24065K(24256K)->24065K(24256K) Class: 4878K(5056K)->4878K(5056K)
[2932.571s][info][gc             ] GC(580) Pause Young (Concurrent Start) (G1 Evacuation Pause) 3568M->1393M(4096M) 117.218ms
[2932.571s][info][gc             ] GC(581) Concurrent Mark Cycle
[2932.571s][info][gc,marking     ] GC(581) Concurrent Scan Root Regions
[2932.571s][info][gc,cpu         ] GC(580) User=0.69s Sys=0.00s Real=0.12s
[2932.750s][info][gc,marking     ] GC(581) Concurrent Scan Root Regions 179.737ms
[2932.751s][info][gc,marking     ] GC(581) Concurrent Mark
[2932.751s][info][gc,marking     ] GC(581) Concurrent Mark From Roots
[2932.751s][info][gc,task        ] GC(581) Using 2 workers of 2 for marking
. (rIR:aIR:PR = 4843:4842:4841) (tPR = 71508) [OK] 
  2932s: Performance info:
         Transaction,    Success,    Partial,     Failed,   Receipts, AvgBarcode, 
             Overall,     291744,          0,          0,     277157,      59.48, 
         Response times:
             Request,    Success,    Partial,     Failed,   SkipFail,     Probes,    Samples,      min,      p50,      p90,      p95,      p99,      max, 
       TotalPurchase,     277253,          0,          0,          0,     272826,     290815,      300,     3900,     7700,    14000,    50840,   246000,
     InStorePurchase,     145910,          0,          0,          0,     143853,     153035,      300,     3900,     7600,    13900,    49640,   246000,
      OnlinePurchase,     102132,          0,          0,          0,     100766,     107527,      300,     4000,     7700,    13900,    51000,   214000,
        InstPurchase,      29211,          0,          0,          0,      28207,      30253,      400,     4000,     7900,    15700,    54000,   175000,
          AssocOfCat,        291,          0,          0,          0,        211,        300,    24000,    32000,    50000,    60950,   106870,   166000,
      AssocOfProduct,       2915,          0,          0,          0,       2685,       3069,      700,     4100,     7900,    15050,    46300,   140000,
      BusinessReport,        731,          0,          0,          0,        633,        756,    25000,    36000,    56300,    72150,   169150,   190000,
          CustBuyBeh,       2910,          0,          0,          0,       2695,       3083,      300,     3200,     6700,    12400,    39160,   125000,
       ProductReturn,       7740,          0,          0,          0,       7436,       8222,      300,     3200,     6500,    11385,    42000,   176000,

  2932s: (36%)   IR =   4981 [2933.396s][info][gc,marking     ] GC(581) Concurrent Mark From Roots 645.612ms
[2933.396s][info][gc,marking     ] GC(581) Concurrent Preclean
[2933.396s][info][gc,marking     ] GC(581) Concurrent Preclean 0.087ms
[2933.396s][info][gc,start       ] GC(581) Pause Remark
[2933.400s][info][gc             ] GC(581) Pause Remark 1951M->1951M(4096M) 4.091ms
[2933.401s][info][gc,cpu         ] GC(581) User=0.02s Sys=0.00s Real=0.00s
[2933.401s][info][gc,marking     ] GC(581) Concurrent Mark 650.068ms
[2933.401s][info][gc,marking     ] GC(581) Concurrent Rebuild Remembered Sets and Scrub Regions
[2933.659s][info][gc,marking     ] GC(581) Concurrent Rebuild Remembered Sets and Scrub Regions 258.739ms
[2933.659s][info][gc,start       ] GC(581) Pause Cleanup
[2933.660s][info][gc             ] GC(581) Pause Cleanup 2093M->2093M(4096M) 0.118ms
[2933.660s][info][gc,cpu         ] GC(581) User=0.00s Sys=0.00s Real=0.00s
[2933.660s][info][gc,marking     ] GC(581) Concurrent Clear Claimed Marks
[2933.660s][info][gc,marking     ] GC(581) Concurrent Clear Claimed Marks 0.028ms
[2933.660s][info][gc,marking     ] GC(581) Concurrent Cleanup for Next Mark
[2933.663s][info][gc,marking     ] GC(581) Concurrent Cleanup for Next Mark 3.246ms
[2933.663s][info][gc             ] GC(581) Concurrent Mark Cycle 1092.235ms
...[2936.315s][info][gc,start       ] GC(582) Pause Young (Prepare Mixed) (G1 Evacuation Pause)
[2936.315s][info][gc,task        ] GC(582) Using 6 workers of 6 for evacuation
[2936.433s][info][gc,phases      ] GC(582)   Pre Evacuate Collection Set: 0.35ms
[2936.433s][info][gc,phases      ] GC(582)   Merge Heap Roots: 0.60ms
[2936.433s][info][gc,phases      ] GC(582)   Evacuate Collection Set: 116.12ms
[2936.433s][info][gc,phases      ] GC(582)   Post Evacuate Collection Set: 0.98ms
[2936.433s][info][gc,phases      ] GC(582)   Other: 0.10ms
[2936.433s][info][gc,heap        ] GC(582) Eden regions: 1119->0(1107)
[2936.433s][info][gc,heap        ] GC(582) Survivor regions: 109->109(154)
[2936.433s][info][gc,heap        ] GC(582) Old regions: 509->540
[2936.433s][info][gc,heap        ] GC(582) Humongous regions: 80->80
[2936.433s][info][gc,metaspace   ] GC(582) Metaspace: 28943K(29312K)->28943K(29312K) NonClass: 24065K(24256K)->24065K(24256K) Class: 4878K(5056K)->4878K(5056K)
[2936.433s][info][gc             ] GC(582) Pause Young (Prepare Mixed) (G1 Evacuation Pause) 3631M->1456M(4096M) 118.286ms
[2936.433s][info][gc,cpu         ] GC(582) User=0.70s Sys=0.00s Real=0.11s
..|..[2940.054s][info][gc,start       ] GC(583) Pause Young (Mixed) (G1 Evacuation Pause)
[2940.054s][info][gc,task        ] GC(583) Using 6 workers of 6 for evacuation
[2940.184s][info][gc,phases      ] GC(583)   Pre Evacuate Collection Set: 0.42ms
[2940.184s][info][gc,phases      ] GC(583)   Merge Heap Roots: 0.68ms
[2940.184s][info][gc,phases      ] GC(583)   Evacuate Collection Set: 127.94ms
[2940.184s][info][gc,phases      ] GC(583)   Post Evacuate Collection Set: 0.96ms
[2940.184s][info][gc,phases      ] GC(583)   Other: 0.09ms
[2940.184s][info][gc,heap        ] GC(583) Eden regions: 1107->0(1120)
[2940.184s][info][gc,heap        ] GC(583) Survivor regions: 109->108(152)
[2940.184s][info][gc,heap        ] GC(583) Old regions: 540->474
[2940.184s][info][gc,heap        ] GC(583) Humongous regions: 80->80
[2940.184s][info][gc,metaspace   ] GC(583) Metaspace: 28943K(29312K)->28943K(29312K) NonClass: 24065K(24256K)->24065K(24256K) Class: 4878K(5056K)->4878K(5056K)
[2940.184s][info][gc             ] GC(583) Pause Young (Mixed) (G1 Evacuation Pause) 3670M->1323M(4096M) 130.212ms
[2940.184s][info][gc,cpu         ] GC(583) User=0.77s Sys=0.00s Real=0.13s
....[2943.962s][info][gc,start       ] GC(584) Pause Young (Concurrent Start) (G1 Evacuation Pause)
[2943.962s][info][gc,task        ] GC(584) Using 6 workers of 6 for evacuation
[2944.079s][info][gc,phases      ] GC(584)   Pre Evacuate Collection Set: 0.39ms
[2944.079s][info][gc,phases      ] GC(584)   Merge Heap Roots: 0.51ms
[2944.079s][info][gc,phases      ] GC(584)   Evacuate Collection Set: 115.24ms
[2944.079s][info][gc,phases      ] GC(584)   Post Evacuate Collection Set: 0.91ms
[2944.079s][info][gc,phases      ] GC(584)   Other: 0.11ms
[2944.079s][info][gc,heap        ] GC(584) Eden regions: 1120->0(1120)
[2944.079s][info][gc,heap        ] GC(584) Survivor regions: 108->108(154)
[2944.079s][info][gc,heap        ] GC(584) Old regions: 474->506
[2944.079s][info][gc,heap        ] GC(584) Humongous regions: 80->80
[2944.079s][info][gc,metaspace   ] GC(584) Metaspace: 28943K(29312K)->28943K(29312K) NonClass: 24065K(24256K)->24065K(24256K) Class: 4878K(5056K)->4878K(5056K)
[2944.079s][info][gc             ] GC(584) Pause Young (Concurrent Start) (G1 Evacuation Pause) 3563M->1386M(4096M) 117.313ms
[2944.079s][info][gc             ] GC(585) Concurrent Mark Cycle
[2944.079s][info][gc,marking     ] GC(585) Concurrent Scan Root Regions
[2944.079s][info][gc,cpu         ] GC(584) User=0.69s Sys=0.00s Real=0.12s
[2944.219s][info][gc,marking     ] GC(585) Concurrent Scan Root Regions 139.617ms
[2944.219s][info][gc,marking     ] GC(585) Concurrent Mark
[2944.219s][info][gc,marking     ] GC(585) Concurrent Mark From Roots
[2944.219s][info][gc,task        ] GC(585) Using 2 workers of 2 for marking
[2944.891s][info][gc,marking     ] GC(585) Concurrent Mark From Roots 671.999ms
[2944.891s][info][gc,marking     ] GC(585) Concurrent Preclean
[2944.891s][info][gc,marking     ] GC(585) Concurrent Preclean 0.084ms
[2944.891s][info][gc,start       ] GC(585) Pause Remark
[2944.895s][info][gc             ] GC(585) Pause Remark 1981M->1981M(4096M) 3.923ms
[2944.895s][info][gc,cpu         ] GC(585) User=0.02s Sys=0.00s Real=0.01s
[2944.895s][info][gc,marking     ] GC(585) Concurrent Mark 676.256ms
[2944.895s][info][gc,marking     ] GC(585) Concurrent Rebuild Remembered Sets and Scrub Regions
.[2945.135s][info][gc,marking     ] GC(585) Concurrent Rebuild Remembered Sets and Scrub Regions 240.462ms
[2945.136s][info][gc,start       ] GC(585) Pause Cleanup
[2945.136s][info][gc             ] GC(585) Pause Cleanup 2114M->2114M(4096M) 0.120ms
[2945.136s][info][gc,cpu         ] GC(585) User=0.00s Sys=0.00s Real=0.00s
[2945.136s][info][gc,marking     ] GC(585) Concurrent Clear Claimed Marks
[2945.136s][info][gc,marking     ] GC(585) Concurrent Clear Claimed Marks 0.028ms
[2945.136s][info][gc,marking     ] GC(585) Concurrent Cleanup for Next Mark
[2945.139s][info][gc,marking     ] GC(585) Concurrent Cleanup for Next Mark 3.228ms
[2945.139s][info][gc             ] GC(585) Concurrent Mark Cycle 1060.069ms
..[2947.679s][info][gc,start       ] GC(586) Pause Young (Prepare Mixed) (G1 Evacuation Pause)
[2947.679s][info][gc,task        ] GC(586) Using 6 workers of 6 for evacuation
[2947.797s][info][gc,phases      ] GC(586)   Pre Evacuate Collection Set: 0.36ms
[2947.797s][info][gc,phases      ] GC(586)   Merge Heap Roots: 0.52ms
[2947.797s][info][gc,phases      ] GC(586)   Evacuate Collection Set: 116.55ms
[2947.797s][info][gc,phases      ] GC(586)   Post Evacuate Collection Set: 0.95ms
[2947.797s][info][gc,phases      ] GC(586)   Other: 0.08ms
[2947.797s][info][gc,heap        ] GC(586) Eden regions: 1120->0(1108)
[2947.797s][info][gc,heap        ] GC(586) Survivor regions: 108->110(154)
[2947.797s][info][gc,heap        ] GC(586) Old regions: 506->537
[2947.797s][info][gc,heap        ] GC(586) Humongous regions: 80->80
[2947.797s][info][gc,metaspace   ] GC(586) Metaspace: 28943K(29312K)->28943K(29312K) NonClass: 24065K(24256K)->24065K(24256K) Class: 4878K(5056K)->4878K(5056K)
[2947.797s][info][gc             ] GC(586) Pause Young (Prepare Mixed) (G1 Evacuation Pause) 3626M->1452M(4096M) 118.588ms
[2947.797s][info][gc,cpu         ] GC(586) User=0.70s Sys=0.00s Real=0.12s
....[2951.401s][info][gc,start       ] GC(587) Pause Young (Mixed) (G1 Evacuation Pause)
[2951.401s][info][gc,task        ] GC(587) Using 6 workers of 6 for evacuation
[2951.532s][info][gc,phases      ] GC(587)   Pre Evacuate Collection Set: 0.42ms
[2951.532s][info][gc,phases      ] GC(587)   Merge Heap Roots: 0.70ms
[2951.532s][info][gc,phases      ] GC(587)   Evacuate Collection Set: 128.89ms
[2951.532s][info][gc,phases      ] GC(587)   Post Evacuate Collection Set: 0.98ms
[2951.532s][info][gc,phases      ] GC(587)   Other: 0.09ms
[2951.532s][info][gc,heap        ] GC(587) Eden regions: 1108->0(1120)
[2951.532s][info][gc,heap        ] GC(587) Survivor regions: 110->108(153)
[2951.532s][info][gc,heap        ] GC(587) Old regions: 537->475
[2951.532s][info][gc,heap        ] GC(587) Humongous regions: 80->80
[2951.532s][info][gc,metaspace   ] GC(587) Metaspace: 28943K(29312K)->28943K(29312K) NonClass: 24065K(24256K)->24065K(24256K) Class: 4878K(5056K)->4878K(5056K)
[2951.532s][info][gc             ] GC(587) Pause Young (Mixed) (G1 Evacuation Pause) 3668M->1323M(4096M) 131.227ms
[2951.532s][info][gc,cpu         ] GC(587) User=0.78s Sys=0.00s Real=0.13s
....[2955.197s][info][gc,start       ] GC(588) Pause Young (Concurrent Start) (G1 Evacuation Pause)
[2955.197s][info][gc,task        ] GC(588) Using 6 workers of 6 for evacuation
[2955.314s][info][gc,phases      ] GC(588)   Pre Evacuate Collection Set: 0.41ms
[2955.314s][info][gc,phases      ] GC(588)   Merge Heap Roots: 0.52ms
[2955.314s][info][gc,phases      ] GC(588)   Evacuate Collection Set: 114.83ms
[2955.314s][info][gc,phases      ] GC(588)   Post Evacuate Collection Set: 0.93ms
[2955.314s][info][gc,phases      ] GC(588)   Other: 0.12ms
[2955.314s][info][gc,heap        ] GC(588) Eden regions: 1120->0(1120)
[2955.314s][info][gc,heap        ] GC(588) Survivor regions: 108->108(154)
[2955.314s][info][gc,heap        ] GC(588) Old regions: 475->506
[2955.314s][info][gc,heap        ] GC(588) Humongous regions: 80->80
[2955.314s][info][gc,metaspace   ] GC(588) Metaspace: 28943K(29312K)->28943K(29312K) NonClass: 24065K(24256K)->24065K(24256K) Class: 4878K(5056K)->4878K(5056K)
[2955.314s][info][gc             ] GC(588) Pause Young (Concurrent Start) (G1 Evacuation Pause) 3563M->1387M(4096M) 116.933ms
[2955.314s][info][gc             ] GC(589) Concurrent Mark Cycle
[2955.314s][info][gc,marking     ] GC(589) Concurrent Scan Root Regions
[2955.314s][info][gc,cpu         ] GC(588) User=0.69s Sys=0.00s Real=0.12s
[2955.491s][info][gc,marking     ] GC(589) Concurrent Scan Root Regions 177.609ms
[2955.492s][info][gc,marking     ] GC(589) Concurrent Mark
[2955.492s][info][gc,marking     ] GC(589) Concurrent Mark From Roots
[2955.492s][info][gc,task        ] GC(589) Using 2 workers of 2 for marking
.[2956.258s][info][gc,marking     ] GC(589) Concurrent Mark From Roots 766.133ms
[2956.258s][info][gc,marking     ] GC(589) Concurrent Preclean
[2956.258s][info][gc,marking     ] GC(589) Concurrent Preclean 0.095ms
[2956.261s][info][gc,start       ] GC(589) Pause Remark
[2956.265s][info][gc             ] GC(589) Pause Remark 2023M->2023M(4096M) 4.579ms
[2956.265s][info][gc,cpu         ] GC(589) User=0.02s Sys=0.00s Real=0.01s
[2956.265s][info][gc,marking     ] GC(589) Concurrent Mark 773.742ms
[2956.265s][info][gc,marking     ] GC(589) Concurrent Rebuild Remembered Sets and Scrub Regions
[2956.520s][info][gc,marking     ] GC(589) Concurrent Rebuild Remembered Sets and Scrub Regions 254.208ms
[2956.520s][info][gc,start       ] GC(589) Pause Cleanup
[2956.520s][info][gc             ] GC(589) Pause Cleanup 2181M->2181M(4096M) 0.114ms
[2956.520s][info][gc,cpu         ] GC(589) User=0.00s Sys=0.00s Real=0.00s
[2956.520s][info][gc,marking     ] GC(589) Concurrent Clear Claimed Marks
[2956.520s][info][gc,marking     ] GC(589) Concurrent Clear Claimed Marks 0.029ms
[2956.520s][info][gc,marking     ] GC(589) Concurrent Cleanup for Next Mark
[2956.523s][info][gc,marking     ] GC(589) Concurrent Cleanup for Next Mark 3.624ms
[2956.524s][info][gc             ] GC(589) Concurrent Mark Cycle 1209.695ms
...[2958.993s][info][gc,start       ] GC(590) Pause Young (Prepare Mixed) (G1 Evacuation Pause)
[2958.993s][info][gc,task        ] GC(590) Using 6 workers of 6 for evacuation
[2959.111s][info][gc,phases      ] GC(590)   Pre Evacuate Collection Set: 0.38ms
[2959.111s][info][gc,phases      ] GC(590)   Merge Heap Roots: 0.62ms
[2959.111s][info][gc,phases      ] GC(590)   Evacuate Collection Set: 116.28ms
[2959.111s][info][gc,phases      ] GC(590)   Post Evacuate Collection Set: 0.95ms
[2959.111s][info][gc,phases      ] GC(590)   Other: 0.09ms
[2959.111s][info][gc,heap        ] GC(590) Eden regions: 1120->0(1108)
[2959.111s][info][gc,heap        ] GC(590) Survivor regions: 108->110(154)
[2959.111s][info][gc,heap        ] GC(590) Old regions: 506->537
[2959.111s][info][gc,heap        ] GC(590) Humongous regions: 80->80
[2959.111s][info][gc,metaspace   ] GC(590) Metaspace: 28943K(29312K)->28943K(29312K) NonClass: 24065K(24256K)->24065K(24256K) Class: 4878K(5056K)->4878K(5056K)
[2959.111s][info][gc             ] GC(590) Pause Young (Prepare Mixed) (G1 Evacuation Pause) 3627M->1451M(4096M) 118.476ms
[2959.111s][info][gc,cpu         ] GC(590) User=0.70s Sys=0.00s Real=0.12s
...[2962.780s][info][gc,start       ] GC(591) Pause Young (Mixed) (G1 Evacuation Pause)
[2962.780s][info][gc,task        ] GC(591) Using 6 workers of 6 for evacuation
[2962.911s][info][gc,phases      ] GC(591)   Pre Evacuate Collection Set: 0.40ms
[2962.911s][info][gc,phases      ] GC(591)   Merge Heap Roots: 0.67ms
[2962.911s][info][gc,phases      ] GC(591)   Evacuate Collection Set: 129.37ms
[2962.911s][info][gc,phases      ] GC(591)   Post Evacuate Collection Set: 0.96ms
[2962.911s][info][gc,phases      ] GC(591)   Other: 0.09ms
[2962.911s][info][gc,heap        ] GC(591) Eden regions: 1108->0(1120)
[2962.911s][info][gc,heap        ] GC(591) Survivor regions: 110->108(153)
[2962.911s][info][gc,heap        ] GC(591) Old regions: 537->475
[2962.911s][info][gc,heap        ] GC(591) Humongous regions: 80->80
[2962.911s][info][gc,metaspace   ] GC(591) Metaspace: 28943K(29312K)->28943K(29312K) NonClass: 24065K(24256K)->24065K(24256K) Class: 4878K(5056K)->4878K(5056K)
[2962.911s][info][gc             ] GC(591) Pause Young (Mixed) (G1 Evacuation Pause) 3667M->1323M(4096M) 131.641ms
[2962.911s][info][gc,cpu         ] GC(591) User=0.78s Sys=0.00s Real=0.13s
....[2966.492s][info][gc,start       ] GC(592) Pause Young (Concurrent Start) (G1 Evacuation Pause)
[2966.492s][info][gc,task        ] GC(592) Using 6 workers of 6 for evacuation
[2966.609s][info][gc,phases      ] GC(592)   Pre Evacuate Collection Set: 0.40ms
[2966.609s][info][gc,phases      ] GC(592)   Merge Heap Roots: 0.47ms
[2966.609s][info][gc,phases      ] GC(592)   Evacuate Collection Set: 114.46ms
[2966.609s][info][gc,phases      ] GC(592)   Post Evacuate Collection Set: 0.91ms
[2966.609s][info][gc,phases      ] GC(592)   Other: 0.12ms
[2966.609s][info][gc,heap        ] GC(592) Eden regions: 1120->0(1119)
[2966.609s][info][gc,heap        ] GC(592) Survivor regions: 108->109(154)
[2966.609s][info][gc,heap        ] GC(592) Old regions: 475->506
[2966.609s][info][gc,heap        ] GC(592) Humongous regions: 80->80
[2966.609s][info][gc,metaspace   ] GC(592) Metaspace: 28943K(29312K)->28943K(29312K) NonClass: 24065K(24256K)->24065K(24256K) Class: 4878K(5056K)->4878K(5056K)
[2966.609s][info][gc             ] GC(592) Pause Young (Concurrent Start) (G1 Evacuation Pause) 3563M->1388M(4096M) 116.487ms
[2966.609s][info][gc             ] GC(593) Concurrent Mark Cycle
[2966.609s][info][gc,marking     ] GC(593) Concurrent Scan Root Regions
[2966.609s][info][gc,cpu         ] GC(592) User=0.68s Sys=0.01s Real=0.12s
[2966.747s][info][gc,marking     ] GC(593) Concurrent Scan Root Regions 138.067ms
[2966.747s][info][gc,marking     ] GC(593) Concurrent Mark
[2966.747s][info][gc,marking     ] GC(593) Concurrent Mark From Roots
[2966.747s][info][gc,task        ] GC(593) Using 2 workers of 2 for marking
.[2967.361s][info][gc,marking     ] GC(593) Concurrent Mark From Roots 614.018ms
[2967.361s][info][gc,marking     ] GC(593) Concurrent Preclean
[2967.361s][info][gc,marking     ] GC(593) Concurrent Preclean 0.102ms
[2967.361s][info][gc,start       ] GC(593) Pause Remark
[2967.365s][info][gc             ] GC(593) Pause Remark 1842M->1842M(4096M) 3.876ms
[2967.365s][info][gc,cpu         ] GC(593) User=0.02s Sys=0.00s Real=0.01s
[2967.365s][info][gc,marking     ] GC(593) Concurrent Mark 618.383ms
[2967.365s][info][gc,marking     ] GC(593) Concurrent Rebuild Remembered Sets and Scrub Regions
[2967.636s][info][gc,marking     ] GC(593) Concurrent Rebuild Remembered Sets and Scrub Regions 270.233ms
[2967.636s][info][gc,start       ] GC(593) Pause Cleanup
[2967.636s][info][gc             ] GC(593) Pause Cleanup 2013M->2013M(4096M) 0.132ms
[2967.636s][info][gc,cpu         ] GC(593) User=0.00s Sys=0.00s Real=0.00s
[2967.637s][info][gc,marking     ] GC(593) Concurrent Clear Claimed Marks
[2967.637s][info][gc,marking     ] GC(593) Concurrent Clear Claimed Marks 0.047ms
[2967.637s][info][gc,marking     ] GC(593) Concurrent Cleanup for Next Mark
[2967.643s][info][gc,marking     ] GC(593) Concurrent Cleanup for Next Mark 5.204ms
[2967.643s][info][gc             ] GC(593) Concurrent Mark Cycle 1033.911ms
...[2970.330s][info][gc,start       ] GC(594) Pause Young (Prepare Mixed) (G1 Evacuation Pause)
[2970.330s][info][gc,task        ] GC(594) Using 6 workers of 6 for evacuation
[2970.449s][info][gc,phases      ] GC(594)   Pre Evacuate Collection Set: 0.35ms
[2970.449s][info][gc,phases      ] GC(594)   Merge Heap Roots: 0.56ms
[2970.449s][info][gc,phases      ] GC(594)   Evacuate Collection Set: 117.91ms
[2970.449s][info][gc,phases      ] GC(594)   Post Evacuate Collection Set: 0.97ms
[2970.449s][info][gc,phases      ] GC(594)   Other: 0.09ms
[2970.449s][info][gc,heap        ] GC(594) Eden regions: 1119->0(1109)
[2970.449s][info][gc,heap        ] GC(594) Survivor regions: 109->109(154)
[2970.449s][info][gc,heap        ] GC(594) Old regions: 506->538
[2970.449s][info][gc,heap        ] GC(594) Humongous regions: 80->80
[2970.449s][info][gc,metaspace   ] GC(594) Metaspace: 28943K(29312K)->28943K(29312K) NonClass: 24065K(24256K)->24065K(24256K) Class: 4878K(5056K)->4878K(5056K)
[2970.450s][info][gc             ] GC(594) Pause Young (Prepare Mixed) (G1 Evacuation Pause) 3626M->1453M(4096M) 120.017ms
[2970.450s][info][gc,cpu         ] GC(594) User=0.71s Sys=0.00s Real=0.12s
....[2974.160s][info][gc,start       ] GC(595) Pause Young (Mixed) (G1 Evacuation Pause)
[2974.160s][info][gc,task        ] GC(595) Using 6 workers of 6 for evacuation
[2974.292s][info][gc,phases      ] GC(595)   Pre Evacuate Collection Set: 0.42ms
[2974.292s][info][gc,phases      ] GC(595)   Merge Heap Roots: 0.65ms
[2974.292s][info][gc,phases      ] GC(595)   Evacuate Collection Set: 129.17ms
[2974.292s][info][gc,phases      ] GC(595)   Post Evacuate Collection Set: 1.01ms
[2974.292s][info][gc,phases      ] GC(595)   Other: 0.09ms
[2974.292s][info][gc,heap        ] GC(595) Eden regions: 1109->0(1119)
[2974.292s][info][gc,heap        ] GC(595) Survivor regions: 109->109(153)
[2974.292s][info][gc,heap        ] GC(595) Old regions: 538->473
[2974.292s][info][gc,heap        ] GC(595) Humongous regions: 80->80
[2974.292s][info][gc,metaspace   ] GC(595) Metaspace: 28943K(29312K)->28943K(29312K) NonClass: 24065K(24256K)->24065K(24256K) Class: 4878K(5056K)->4878K(5056K)
[2974.292s][info][gc             ] GC(595) Pause Young (Mixed) (G1 Evacuation Pause) 3671M->1322M(4096M) 131.485ms
[2974.292s][info][gc,cpu         ] GC(595) User=0.77s Sys=0.00s Real=0.13s
...[2977.875s][info][gc,start       ] GC(596) Pause Young (Concurrent Start) (G1 Evacuation Pause)
[2977.875s][info][gc,task        ] GC(596) Using 6 workers of 6 for evacuation
[2977.993s][info][gc,phases      ] GC(596)   Pre Evacuate Collection Set: 0.46ms
[2977.993s][info][gc,phases      ] GC(596)   Merge Heap Roots: 0.53ms
[2977.993s][info][gc,phases      ] GC(596)   Evacuate Collection Set: 115.74ms
[2977.993s][info][gc,phases      ] GC(596)   Post Evacuate Collection Set: 0.95ms
[2977.993s][info][gc,phases      ] GC(596)   Other: 0.12ms
[2977.993s][info][gc,heap        ] GC(596) Eden regions: 1119->0(1121)
[2977.993s][info][gc,heap        ] GC(596) Survivor regions: 109->107(154)
[2977.993s][info][gc,heap        ] GC(596) Old regions: 473->505
[2977.993s][info][gc,heap        ] GC(596) Humongous regions: 80->80
[2977.993s][info][gc,metaspace   ] GC(596) Metaspace: 28943K(29312K)->28943K(29312K) NonClass: 24065K(24256K)->24065K(24256K) Class: 4878K(5056K)->4878K(5056K)
[2977.993s][info][gc             ] GC(596) Pause Young (Concurrent Start) (G1 Evacuation Pause) 3560M->1383M(4096M) 117.932ms
[2977.993s][info][gc             ] GC(597) Concurrent Mark Cycle
[2977.993s][info][gc,marking     ] GC(597) Concurrent Scan Root Regions
[2977.993s][info][gc,cpu         ] GC(596) User=0.70s Sys=0.00s Real=0.11s
.[2978.116s][info][gc,marking     ] GC(597) Concurrent Scan Root Regions 122.594ms
[2978.116s][info][gc,marking     ] GC(597) Concurrent Mark
[2978.116s][info][gc,marking     ] GC(597) Concurrent Mark From Roots
[2978.116s][info][gc,task        ] GC(597) Using 2 workers of 2 for marking
[2978.731s][info][gc,marking     ] GC(597) Concurrent Mark From Roots 615.129ms
[2978.731s][info][gc,marking     ] GC(597) Concurrent Preclean
[2978.731s][info][gc,marking     ] GC(597) Concurrent Preclean 0.092ms
[2978.731s][info][gc,start       ] GC(597) Pause Remark
[2978.736s][info][gc             ] GC(597) Pause Remark 1808M->1808M(4096M) 4.211ms
[2978.736s][info][gc,cpu         ] GC(597) User=0.02s Sys=0.00s Real=0.01s
[2978.736s][info][gc,marking     ] GC(597) Concurrent Mark 619.726ms
[2978.736s][info][gc,marking     ] GC(597) Concurrent Rebuild Remembered Sets and Scrub Regions
[2978.981s][info][gc,marking     ] GC(597) Concurrent Rebuild Remembered Sets and Scrub Regions 245.210ms
[2978.981s][info][gc,start       ] GC(597) Pause Cleanup
[2978.982s][info][gc             ] GC(597) Pause Cleanup 1961M->1961M(4096M) 0.534ms
[2978.982s][info][gc,cpu         ] GC(597) User=0.01s Sys=0.00s Real=0.00s
[2978.982s][info][gc,marking     ] GC(597) Concurrent Clear Claimed Marks
[2978.982s][info][gc,marking     ] GC(597) Concurrent Clear Claimed Marks 0.041ms
[2978.982s][info][gc,marking     ] GC(597) Concurrent Cleanup for Next Mark
[2978.987s][info][gc,marking     ] GC(597) Concurrent Cleanup for Next Mark 4.452ms
[2978.987s][info][gc             ] GC(597) Concurrent Mark Cycle 993.336ms
...[2981.685s][info][gc,start       ] GC(598) Pause Young (Prepare Mixed) (G1 Evacuation Pause)
[2981.685s][info][gc,task        ] GC(598) Using 6 workers of 6 for evacuation
[2981.807s][info][gc,phases      ] GC(598)   Pre Evacuate Collection Set: 0.34ms
[2981.807s][info][gc,phases      ] GC(598)   Merge Heap Roots: 0.56ms
[2981.807s][info][gc,phases      ] GC(598)   Evacuate Collection Set: 119.97ms
[2981.807s][info][gc,phases      ] GC(598)   Post Evacuate Collection Set: 0.95ms
[2981.807s][info][gc,phases      ] GC(598)   Other: 0.10ms
[2981.807s][info][gc,heap        ] GC(598) Eden regions: 1121->0(1104)
[2981.807s][info][gc,heap        ] GC(598) Survivor regions: 107->112(154)
[2981.807s][info][gc,heap        ] GC(598) Old regions: 505->537
[2981.807s][info][gc,heap        ] GC(598) Humongous regions: 80->80
[2981.807s][info][gc,metaspace   ] GC(598) Metaspace: 28943K(29312K)->28943K(29312K) NonClass: 24065K(24256K)->24065K(24256K) Class: 4878K(5056K)->4878K(5056K)
[2981.807s][info][gc             ] GC(598) Pause Young (Prepare Mixed) (G1 Evacuation Pause) 3625M->1456M(4096M) 122.035ms
[2981.807s][info][gc,cpu         ] GC(598) User=0.72s Sys=0.00s Real=0.12s
....[2985.458s][info][gc,start       ] GC(599) Pause Young (Mixed) (G1 Evacuation Pause)
[2985.458s][info][gc,task        ] GC(599) Using 6 workers of 6 for evacuation
[2985.591s][info][gc,phases      ] GC(599)   Pre Evacuate Collection Set: 0.41ms
[2985.591s][info][gc,phases      ] GC(599)   Merge Heap Roots: 0.71ms
[2985.591s][info][gc,phases      ] GC(599)   Evacuate Collection Set: 130.70ms
[2985.591s][info][gc,phases      ] GC(599)   Post Evacuate Collection Set: 0.98ms
[2985.591s][info][gc,phases      ] GC(599)   Other: 0.09ms
[2985.591s][info][gc,heap        ] GC(599) Eden regions: 1104->0(1118)
[2985.591s][info][gc,heap        ] GC(599) Survivor regions: 112->110(152)
[2985.591s][info][gc,heap        ] GC(599) Old regions: 537->476
[2985.591s][info][gc,heap        ] GC(599) Humongous regions: 80->80
[2985.591s][info][gc,metaspace   ] GC(599) Metaspace: 28943K(29312K)->28943K(29312K) NonClass: 24065K(24256K)->24065K(24256K) Class: 4878K(5056K)->4878K(5056K)
[2985.591s][info][gc             ] GC(599) Pause Young (Mixed) (G1 Evacuation Pause) 3664M->1329M(4096M) 133.016ms
[2985.591s][info][gc,cpu         ] GC(599) User=0.78s Sys=0.00s Real=0.13s
....[2989.182s][info][gc,start       ] GC(600) Pause Young (Concurrent Start) (G1 Evacuation Pause)
[2989.182s][info][gc,task        ] GC(600) Using 6 workers of 6 for evacuation
[2989.300s][info][gc,phases      ] GC(600)   Pre Evacuate Collection Set: 0.40ms
[2989.301s][info][gc,phases      ] GC(600)   Merge Heap Roots: 0.56ms
[2989.301s][info][gc,phases      ] GC(600)   Evacuate Collection Set: 116.13ms
[2989.301s][info][gc,phases      ] GC(600)   Post Evacuate Collection Set: 0.89ms
[2989.301s][info][gc,phases      ] GC(600)   Other: 0.11ms
[2989.301s][info][gc,heap        ] GC(600) Eden regions: 1118->0(1119)
[2989.301s][info][gc,heap        ] GC(600) Survivor regions: 110->109(154)
[2989.301s][info][gc,heap        ] GC(600) Old regions: 476->509
[2989.301s][info][gc,heap        ] GC(600) Humongous regions: 80->80
[2989.301s][info][gc,metaspace   ] GC(600) Metaspace: 28943K(29312K)->28943K(29312K) NonClass: 24065K(24256K)->24065K(24256K) Class: 4878K(5056K)->4878K(5056K)
[2989.301s][info][gc             ] GC(600) Pause Young (Concurrent Start) (G1 Evacuation Pause) 3565M->1394M(4096M) 118.248ms
[2989.301s][info][gc             ] GC(601) Concurrent Mark Cycle
[2989.301s][info][gc,marking     ] GC(601) Concurrent Scan Root Regions
[2989.301s][info][gc,cpu         ] GC(600) User=0.70s Sys=0.00s Real=0.12s
[2989.477s][info][gc,marking     ] GC(601) Concurrent Scan Root Regions 176.845ms
[2989.478s][info][gc,marking     ] GC(601) Concurrent Mark
[2989.478s][info][gc,marking     ] GC(601) Concurrent Mark From Roots
[2989.478s][info][gc,task        ] GC(601) Using 2 workers of 2 for marking
.[2990.185s][info][gc,marking     ] GC(601) Concurrent Mark From Roots 707.080ms
[2990.185s][info][gc,marking     ] GC(601) Concurrent Preclean
[2990.185s][info][gc,marking     ] GC(601) Concurrent Preclean 0.068ms
[2990.185s][info][gc,start       ] GC(601) Pause Remark
[2990.189s][info][gc             ] GC(601) Pause Remark 1949M->1949M(4096M) 4.517ms
[2990.189s][info][gc,cpu         ] GC(601) User=0.02s Sys=0.00s Real=0.00s
[2990.189s][info][gc,marking     ] GC(601) Concurrent Mark 711.922ms
[2990.189s][info][gc,marking     ] GC(601) Concurrent Rebuild Remembered Sets and Scrub Regions
[2990.434s][info][gc,marking     ] GC(601) Concurrent Rebuild Remembered Sets and Scrub Regions 244.255ms
[2990.434s][info][gc,start       ] GC(601) Pause Cleanup
[2990.434s][info][gc             ] GC(601) Pause Cleanup 2110M->2110M(4096M) 0.122ms
[2990.434s][info][gc,cpu         ] GC(601) User=0.00s Sys=0.00s Real=0.00s
[2990.435s][info][gc,marking     ] GC(601) Concurrent Clear Claimed Marks
[2990.435s][info][gc,marking     ] GC(601) Concurrent Clear Claimed Marks 0.033ms
[2990.435s][info][gc,marking     ] GC(601) Concurrent Cleanup for Next Mark
[2990.440s][info][gc,marking     ] GC(601) Concurrent Cleanup for Next Mark 5.341ms
[2990.440s][info][gc             ] GC(601) Concurrent Mark Cycle 1139.533ms
..[2993.023s][info][gc,start       ] GC(602) Pause Young (Prepare Mixed) (G1 Evacuation Pause)
[2993.023s][info][gc,task        ] GC(602) Using 6 workers of 6 for evacuation
[2993.140s][info][gc,phases      ] GC(602)   Pre Evacuate Collection Set: 0.37ms
[2993.140s][info][gc,phases      ] GC(602)   Merge Heap Roots: 0.51ms
[2993.140s][info][gc,phases      ] GC(602)   Evacuate Collection Set: 115.06ms
[2993.140s][info][gc,phases      ] GC(602)   Post Evacuate Collection Set: 0.94ms
[2993.140s][info][gc,phases      ] GC(602)   Other: 0.10ms
[2993.140s][info][gc,heap        ] GC(602) Eden regions: 1119->0(1108)
[2993.140s][info][gc,heap        ] GC(602) Survivor regions: 109->108(154)
[2993.140s][info][gc,heap        ] GC(602) Old regions: 509->541
[2993.140s][info][gc,heap        ] GC(602) Humongous regions: 80->80
[2993.140s][info][gc,metaspace   ] GC(602) Metaspace: 28943K(29312K)->28943K(29312K) NonClass: 24065K(24256K)->24065K(24256K) Class: 4878K(5056K)->4878K(5056K)
[2993.140s][info][gc             ] GC(602) Pause Young (Prepare Mixed) (G1 Evacuation Pause) 3632M->1456M(4096M) 117.115ms
[2993.140s][info][gc,cpu         ] GC(602) User=0.69s Sys=0.00s Real=0.12s
....[2996.762s][info][gc,start       ] GC(603) Pause Young (Mixed) (G1 Evacuation Pause)
[2996.762s][info][gc,task        ] GC(603) Using 6 workers of 6 for evacuation
[2996.895s][info][gc,phases      ] GC(603)   Pre Evacuate Collection Set: 0.43ms
[2996.895s][info][gc,phases      ] GC(603)   Merge Heap Roots: 0.64ms
[2996.895s][info][gc,phases      ] GC(603)   Evacuate Collection Set: 130.39ms
[2996.895s][info][gc,phases      ] GC(603)   Post Evacuate Collection Set: 0.98ms
[2996.895s][info][gc,phases      ] GC(603)   Other: 0.09ms
[2996.895s][info][gc,heap        ] GC(603) Eden regions: 1108->0(1119)
[2996.895s][info][gc,heap        ] GC(603) Survivor regions: 108->109(152)
[2996.895s][info][gc,heap        ] GC(603) Old regions: 541->477
[2996.895s][info][gc,heap        ] GC(603) Humongous regions: 80->80
[2996.895s][info][gc,metaspace   ] GC(603) Metaspace: 28943K(29312K)->28943K(29312K) NonClass: 24065K(24256K)->24065K(24256K) Class: 4878K(5056K)->4878K(5056K)
[2996.895s][info][gc             ] GC(603) Pause Young (Mixed) (G1 Evacuation Pause) 3672M->1330M(4096M) 132.690ms
[2996.895s][info][gc,cpu         ] GC(603) User=0.79s Sys=0.00s Real=0.14s
.. (rIR:aIR:PR = 4981:4982:4983) (tPR = 73840) [OK] 
  2997s: Performance info:
         Transaction,    Success,    Partial,     Failed,   Receipts, AvgBarcode, 
             Overall,     300099,          0,          0,     285098,      59.47, 
         Response times:
             Request,    Success,    Partial,     Failed,   SkipFail,     Probes,    Samples,      min,      p50,      p90,      p95,      p99,      max, 
       TotalPurchase,     285097,          0,          0,          0,     280156,     304288,      300,     4100,     7900,    17200,    57000,   218000,
     InStorePurchase,     150055,          0,          0,          0,     147761,     160170,      300,     3900,     7900,    16700,    57000,   218000,
      OnlinePurchase,     105004,          0,          0,          0,     103194,     112061,      300,     4100,     7900,    17400,    58000,   218000,
        InstPurchase,      30038,          0,          0,          0,      29201,      32057,      400,     4400,     8100,    18500,    56000,   178000,
          AssocOfCat,        299,          0,          0,          0,        228,        311,    18600,    32000,    50800,    60800,   103400,   245000,
      AssocOfProduct,       2994,          0,          0,          0,       2771,       3136,      600,     3200,     6400,    16000,    48000,   123000,
      BusinessReport,        750,          0,          0,          0,        642,        811,    25000,    35000,    54800,    72200,   156680,   190000,
          CustBuyBeh,       3008,          0,          0,          0,       2783,       3236,      200,     3100,     7300,    16415,    54630,   128000,
       ProductReturn,       7949,          0,          0,          0,       7549,       8508,      200,     4600,     8500,    26000,    62000,   140000,

  2997s: (37%)   IR =   5120 ..[3000.478s][info][gc,start       ] GC(604) Pause Young (Concurrent Start) (G1 Evacuation Pause)
[3000.478s][info][gc,task        ] GC(604) Using 6 workers of 6 for evacuation
[3000.599s][info][gc,phases      ] GC(604)   Pre Evacuate Collection Set: 0.41ms
[3000.599s][info][gc,phases      ] GC(604)   Merge Heap Roots: 0.50ms
[3000.599s][info][gc,phases      ] GC(604)   Evacuate Collection Set: 119.57ms
[3000.599s][info][gc,phases      ] GC(604)   Post Evacuate Collection Set: 0.93ms
[3000.599s][info][gc,phases      ] GC(604)   Other: 0.12ms
[3000.599s][info][gc,heap        ] GC(604) Eden regions: 1119->0(1116)
[3000.599s][info][gc,heap        ] GC(604) Survivor regions: 109->112(154)
[3000.599s][info][gc,heap        ] GC(604) Old regions: 477->509
[3000.599s][info][gc,heap        ] GC(604) Humongous regions: 80->80
[3000.599s][info][gc,metaspace   ] GC(604) Metaspace: 28943K(29312K)->28943K(29312K) NonClass: 24065K(24256K)->24065K(24256K) Class: 4878K(5056K)->4878K(5056K)
[3000.599s][info][gc             ] GC(604) Pause Young (Concurrent Start) (G1 Evacuation Pause) 3568M->1400M(4096M) 121.670ms
[3000.599s][info][gc             ] GC(605) Concurrent Mark Cycle
[3000.599s][info][gc,marking     ] GC(605) Concurrent Scan Root Regions
[3000.599s][info][gc,cpu         ] GC(604) User=0.72s Sys=0.00s Real=0.12s
[3000.745s][info][gc,marking     ] GC(605) Concurrent Scan Root Regions 145.892ms
[3000.745s][info][gc,marking     ] GC(605) Concurrent Mark
[3000.745s][info][gc,marking     ] GC(605) Concurrent Mark From Roots
[3000.745s][info][gc,task        ] GC(605) Using 2 workers of 2 for marking
.[3001.390s][info][gc,marking     ] GC(605) Concurrent Mark From Roots 645.150ms
[3001.390s][info][gc,marking     ] GC(605) Concurrent Preclean
[3001.391s][info][gc,marking     ] GC(605) Concurrent Preclean 0.112ms
[3001.391s][info][gc,start       ] GC(605) Pause Remark
[3001.395s][info][gc             ] GC(605) Pause Remark 1927M->1927M(4096M) 4.256ms
[3001.395s][info][gc,cpu         ] GC(605) User=0.02s Sys=0.00s Real=0.01s
[3001.395s][info][gc,marking     ] GC(605) Concurrent Mark 649.830ms
[3001.395s][info][gc,marking     ] GC(605) Concurrent Rebuild Remembered Sets and Scrub Regions
[3001.671s][info][gc,marking     ] GC(605) Concurrent Rebuild Remembered Sets and Scrub Regions 275.586ms
[3001.671s][info][gc,start       ] GC(605) Pause Cleanup
[3001.671s][info][gc             ] GC(605) Pause Cleanup 2083M->2083M(4096M) 0.124ms
[3001.671s][info][gc,cpu         ] GC(605) User=0.00s Sys=0.00s Real=0.00s
[3001.671s][info][gc,marking     ] GC(605) Concurrent Clear Claimed Marks
[3001.671s][info][gc,marking     ] GC(605) Concurrent Clear Claimed Marks 0.032ms
[3001.671s][info][gc,marking     ] GC(605) Concurrent Cleanup for Next Mark
[3001.675s][info][gc,marking     ] GC(605) Concurrent Cleanup for Next Mark 3.884ms
[3001.675s][info][gc             ] GC(605) Concurrent Mark Cycle 1075.705ms
..|.[3004.192s][info][gc,start       ] GC(606) Pause Young (Prepare Mixed) (G1 Evacuation Pause)
[3004.192s][info][gc,task        ] GC(606) Using 6 workers of 6 for evacuation
[3004.309s][info][gc,phases      ] GC(606)   Pre Evacuate Collection Set: 0.35ms
[3004.309s][info][gc,phases      ] GC(606)   Merge Heap Roots: 0.55ms
[3004.309s][info][gc,phases      ] GC(606)   Evacuate Collection Set: 115.79ms
[3004.309s][info][gc,phases      ] GC(606)   Post Evacuate Collection Set: 0.98ms
[3004.309s][info][gc,phases      ] GC(606)   Other: 0.08ms
[3004.309s][info][gc,heap        ] GC(606) Eden regions: 1116->0(1106)
[3004.309s][info][gc,heap        ] GC(606) Survivor regions: 112->109(154)
[3004.309s][info][gc,heap        ] GC(606) Old regions: 509->541
[3004.309s][info][gc,heap        ] GC(606) Humongous regions: 80->80
[3004.309s][info][gc,metaspace   ] GC(606) Metaspace: 28943K(29312K)->28943K(29312K) NonClass: 24065K(24256K)->24065K(24256K) Class: 4878K(5056K)->4878K(5056K)
[3004.309s][info][gc             ] GC(606) Pause Young (Prepare Mixed) (G1 Evacuation Pause) 3632M->1457M(4096M) 117.874ms
[3004.309s][info][gc,cpu         ] GC(606) User=0.70s Sys=0.00s Real=0.12s
...[3007.772s][info][gc,start       ] GC(607) Pause Young (Mixed) (G1 Evacuation Pause)
[3007.772s][info][gc,task        ] GC(607) Using 6 workers of 6 for evacuation
[3007.907s][info][gc,phases      ] GC(607)   Pre Evacuate Collection Set: 0.42ms
[3007.907s][info][gc,phases      ] GC(607)   Merge Heap Roots: 0.76ms
[3007.907s][info][gc,phases      ] GC(607)   Evacuate Collection Set: 131.98ms
[3007.907s][info][gc,phases      ] GC(607)   Post Evacuate Collection Set: 0.99ms
[3007.907s][info][gc,phases      ] GC(607)   Other: 0.09ms
[3007.907s][info][gc,heap        ] GC(607) Eden regions: 1106->0(1119)
[3007.907s][info][gc,heap        ] GC(607) Survivor regions: 109->109(152)
[3007.907s][info][gc,heap        ] GC(607) Old regions: 541->477
[3007.907s][info][gc,heap        ] GC(607) Humongous regions: 80->80
[3007.907s][info][gc,metaspace   ] GC(607) Metaspace: 28943K(29312K)->28943K(29312K) NonClass: 24065K(24256K)->24065K(24256K) Class: 4878K(5056K)->4878K(5056K)
[3007.907s][info][gc             ] GC(607) Pause Young (Mixed) (G1 Evacuation Pause) 3669M->1329M(4096M) 134.388ms
[3007.907s][info][gc,cpu         ] GC(607) User=0.79s Sys=0.00s Real=0.14s
....[3011.511s][info][gc,start       ] GC(608) Pause Young (Concurrent Start) (G1 Evacuation Pause)
[3011.511s][info][gc,task        ] GC(608) Using 6 workers of 6 for evacuation
[3011.628s][info][gc,phases      ] GC(608)   Pre Evacuate Collection Set: 0.43ms
[3011.628s][info][gc,phases      ] GC(608)   Merge Heap Roots: 0.49ms
[3011.628s][info][gc,phases      ] GC(608)   Evacuate Collection Set: 115.47ms
[3011.628s][info][gc,phases      ] GC(608)   Post Evacuate Collection Set: 0.97ms
[3011.628s][info][gc,phases      ] GC(608)   Other: 0.11ms
[3011.628s][info][gc,heap        ] GC(608) Eden regions: 1119->0(1120)
[3011.628s][info][gc,heap        ] GC(608) Survivor regions: 109->108(154)
[3011.628s][info][gc,heap        ] GC(608) Old regions: 477->509
[3011.628s][info][gc,heap        ] GC(608) Humongous regions: 80->80
[3011.628s][info][gc,metaspace   ] GC(608) Metaspace: 28943K(29312K)->28943K(29312K) NonClass: 24065K(24256K)->24065K(24256K) Class: 4878K(5056K)->4878K(5056K)
[3011.628s][info][gc             ] GC(608) Pause Young (Concurrent Start) (G1 Evacuation Pause) 3567M->1392M(4096M) 117.590ms
[3011.628s][info][gc             ] GC(609) Concurrent Mark Cycle
[3011.628s][info][gc,marking     ] GC(609) Concurrent Scan Root Regions
[3011.628s][info][gc,cpu         ] GC(608) User=0.70s Sys=0.00s Real=0.12s
[3011.816s][info][gc,marking     ] GC(609) Concurrent Scan Root Regions 187.498ms
[3011.816s][info][gc,marking     ] GC(609) Concurrent Mark
[3011.816s][info][gc,marking     ] GC(609) Concurrent Mark From Roots
[3011.816s][info][gc,task        ] GC(609) Using 2 workers of 2 for marking
.[3012.479s][info][gc,marking     ] GC(609) Concurrent Mark From Roots 662.812ms
[3012.479s][info][gc,marking     ] GC(609) Concurrent Preclean
[3012.479s][info][gc,marking     ] GC(609) Concurrent Preclean 0.104ms
[3012.479s][info][gc,start       ] GC(609) Pause Remark
[3012.483s][info][gc             ] GC(609) Pause Remark 1977M->1977M(4096M) 3.840ms
[3012.483s][info][gc,cpu         ] GC(609) User=0.02s Sys=0.00s Real=0.00s
[3012.483s][info][gc,marking     ] GC(609) Concurrent Mark 667.164ms
[3012.483s][info][gc,marking     ] GC(609) Concurrent Rebuild Remembered Sets and Scrub Regions
[3012.735s][info][gc,marking     ] GC(609) Concurrent Rebuild Remembered Sets and Scrub Regions 252.105ms
[3012.735s][info][gc,start       ] GC(609) Pause Cleanup
[3012.735s][info][gc             ] GC(609) Pause Cleanup 2157M->2157M(4096M) 0.117ms
[3012.735s][info][gc,cpu         ] GC(609) User=0.00s Sys=0.00s Real=0.00s
[3012.735s][info][gc,marking     ] GC(609) Concurrent Clear Claimed Marks
[3012.735s][info][gc,marking     ] GC(609) Concurrent Clear Claimed Marks 0.024ms
[3012.735s][info][gc,marking     ] GC(609) Concurrent Cleanup for Next Mark
[3012.739s][info][gc,marking     ] GC(609) Concurrent Cleanup for Next Mark 3.230ms
[3012.739s][info][gc             ] GC(609) Concurrent Mark Cycle 1110.461ms
...[3015.260s][info][gc,start       ] GC(610) Pause Young (Prepare Mixed) (G1 Evacuation Pause)
[3015.260s][info][gc,task        ] GC(610) Using 6 workers of 6 for evacuation
[3015.377s][info][gc,phases      ] GC(610)   Pre Evacuate Collection Set: 0.37ms
[3015.377s][info][gc,phases      ] GC(610)   Merge Heap Roots: 0.51ms
[3015.377s][info][gc,phases      ] GC(610)   Evacuate Collection Set: 115.41ms
[3015.377s][info][gc,phases      ] GC(610)   Post Evacuate Collection Set: 0.96ms
[3015.377s][info][gc,phases      ] GC(610)   Other: 0.09ms
[3015.377s][info][gc,heap        ] GC(610) Eden regions: 1120->0(1106)
[3015.377s][info][gc,heap        ] GC(610) Survivor regions: 108->110(154)
[3015.377s][info][gc,heap        ] GC(610) Old regions: 509->539
[3015.377s][info][gc,heap        ] GC(610) Humongous regions: 80->80
[3015.377s][info][gc,metaspace   ] GC(610) Metaspace: 28943K(29312K)->28943K(29312K) NonClass: 24065K(24256K)->24065K(24256K) Class: 4878K(5056K)->4878K(5056K)
[3015.377s][info][gc             ] GC(610) Pause Young (Prepare Mixed) (G1 Evacuation Pause) 3632M->1455M(4096M) 117.493ms
[3015.377s][info][gc,cpu         ] GC(610) User=0.70s Sys=0.01s Real=0.12s
...[3018.856s][info][gc,start       ] GC(611) Pause Young (Mixed) (G1 Evacuation Pause)
[3018.856s][info][gc,task        ] GC(611) Using 6 workers of 6 for evacuation
[3018.987s][info][gc,phases      ] GC(611)   Pre Evacuate Collection Set: 0.43ms
[3018.987s][info][gc,phases      ] GC(611)   Merge Heap Roots: 0.78ms
[3018.987s][info][gc,phases      ] GC(611)   Evacuate Collection Set: 129.07ms
[3018.987s][info][gc,phases      ] GC(611)   Post Evacuate Collection Set: 0.97ms
[3018.987s][info][gc,phases      ] GC(611)   Other: 0.10ms
[3018.987s][info][gc,heap        ] GC(611) Eden regions: 1106->0(1121)
[3018.987s][info][gc,heap        ] GC(611) Survivor regions: 110->107(152)
[3018.987s][info][gc,heap        ] GC(611) Old regions: 539->475
[3018.987s][info][gc,heap        ] GC(611) Humongous regions: 80->80
[3018.987s][info][gc,metaspace   ] GC(611) Metaspace: 28943K(29312K)->28943K(29312K) NonClass: 24065K(24256K)->24065K(24256K) Class: 4878K(5056K)->4878K(5056K)
[3018.987s][info][gc             ] GC(611) Pause Young (Mixed) (G1 Evacuation Pause) 3667M->1322M(4096M) 131.482ms
[3018.987s][info][gc,cpu         ] GC(611) User=0.78s Sys=0.00s Real=0.13s
....[3022.559s][info][gc,start       ] GC(612) Pause Young (Concurrent Start) (G1 Evacuation Pause)
[3022.559s][info][gc,task        ] GC(612) Using 6 workers of 6 for evacuation
[3022.681s][info][gc,phases      ] GC(612)   Pre Evacuate Collection Set: 0.39ms
[3022.681s][info][gc,phases      ] GC(612)   Merge Heap Roots: 0.49ms
[3022.681s][info][gc,phases      ] GC(612)   Evacuate Collection Set: 120.69ms
[3022.681s][info][gc,phases      ] GC(612)   Post Evacuate Collection Set: 0.95ms
[3022.681s][info][gc,phases      ] GC(612)   Other: 0.11ms
[3022.681s][info][gc,heap        ] GC(612) Eden regions: 1121->0(1117)
[3022.681s][info][gc,heap        ] GC(612) Survivor regions: 107->111(154)
[3022.681s][info][gc,heap        ] GC(612) Old regions: 475->508
[3022.682s][info][gc,heap        ] GC(612) Humongous regions: 80->80
[3022.682s][info][gc,metaspace   ] GC(612) Metaspace: 28943K(29312K)->28943K(29312K) NonClass: 24065K(24256K)->24065K(24256K) Class: 4878K(5056K)->4878K(5056K)
[3022.682s][info][gc             ] GC(612) Pause Young (Concurrent Start) (G1 Evacuation Pause) 3564M->1397M(4096M) 122.781ms
[3022.682s][info][gc             ] GC(613) Concurrent Mark Cycle
[3022.682s][info][gc,marking     ] GC(613) Concurrent Scan Root Regions
[3022.682s][info][gc,cpu         ] GC(612) User=0.72s Sys=0.00s Real=0.12s
[3022.823s][info][gc,marking     ] GC(613) Concurrent Scan Root Regions 141.756ms
[3022.823s][info][gc,marking     ] GC(613) Concurrent Mark
[3022.823s][info][gc,marking     ] GC(613) Concurrent Mark From Roots
[3022.823s][info][gc,task        ] GC(613) Using 2 workers of 2 for marking
.[3023.481s][info][gc,marking     ] GC(613) Concurrent Mark From Roots 657.775ms
[3023.481s][info][gc,marking     ] GC(613) Concurrent Preclean
[3023.481s][info][gc,marking     ] GC(613) Concurrent Preclean 0.080ms
[3023.482s][info][gc,start       ] GC(613) Pause Remark
[3023.486s][info][gc             ] GC(613) Pause Remark 1964M->1964M(4096M) 4.171ms
[3023.486s][info][gc,cpu         ] GC(613) User=0.02s Sys=0.01s Real=0.01s
[3023.486s][info][gc,marking     ] GC(613) Concurrent Mark 662.406ms
[3023.486s][info][gc,marking     ] GC(613) Concurrent Rebuild Remembered Sets and Scrub Regions
[3023.843s][info][gc,marking     ] GC(613) Concurrent Rebuild Remembered Sets and Scrub Regions 357.648ms
[3023.844s][info][gc,start       ] GC(613) Pause Cleanup
[3023.844s][info][gc             ] GC(613) Pause Cleanup 2168M->2168M(4096M) 0.124ms
[3023.844s][info][gc,cpu         ] GC(613) User=0.00s Sys=0.00s Real=0.00s
[3023.844s][info][gc,marking     ] GC(613) Concurrent Clear Claimed Marks
[3023.844s][info][gc,marking     ] GC(613) Concurrent Clear Claimed Marks 0.027ms
[3023.844s][info][gc,marking     ] GC(613) Concurrent Cleanup for Next Mark
[3023.850s][info][gc,marking     ] GC(613) Concurrent Cleanup for Next Mark 5.789ms
[3023.850s][info][gc             ] GC(613) Concurrent Mark Cycle 1168.197ms
..[3026.220s][info][gc,start       ] GC(614) Pause Young (Prepare Mixed) (G1 Evacuation Pause)
[3026.220s][info][gc,task        ] GC(614) Using 6 workers of 6 for evacuation
[3026.340s][info][gc,phases      ] GC(614)   Pre Evacuate Collection Set: 0.37ms
[3026.340s][info][gc,phases      ] GC(614)   Merge Heap Roots: 0.51ms
[3026.340s][info][gc,phases      ] GC(614)   Evacuate Collection Set: 118.57ms
[3026.340s][info][gc,phases      ] GC(614)   Post Evacuate Collection Set: 0.97ms
[3026.340s][info][gc,phases      ] GC(614)   Other: 0.09ms
[3026.340s][info][gc,heap        ] GC(614) Eden regions: 1117->0(1103)
[3026.340s][info][gc,heap        ] GC(614) Survivor regions: 111->111(154)
[3026.340s][info][gc,heap        ] GC(614) Old regions: 508->540
[3026.340s][info][gc,heap        ] GC(614) Humongous regions: 80->80
[3026.340s][info][gc,metaspace   ] GC(614) Metaspace: 28943K(29312K)->28943K(29312K) NonClass: 24065K(24256K)->24065K(24256K) Class: 4878K(5056K)->4878K(5056K)
[3026.340s][info][gc             ] GC(614) Pause Young (Prepare Mixed) (G1 Evacuation Pause) 3631M->1459M(4096M) 120.645ms
[3026.340s][info][gc,cpu         ] GC(614) User=0.71s Sys=0.00s Real=0.12s
....[3029.859s][info][gc,start       ] GC(615) Pause Young (Mixed) (G1 Evacuation Pause)
[3029.860s][info][gc,task        ] GC(615) Using 6 workers of 6 for evacuation
[3029.993s][info][gc,phases      ] GC(615)   Pre Evacuate Collection Set: 0.38ms
[3029.993s][info][gc,phases      ] GC(615)   Merge Heap Roots: 0.67ms
[3029.993s][info][gc,phases      ] GC(615)   Evacuate Collection Set: 131.60ms
[3029.993s][info][gc,phases      ] GC(615)   Post Evacuate Collection Set: 0.98ms
[3029.993s][info][gc,phases      ] GC(615)   Other: 0.09ms
[3029.993s][info][gc,heap        ] GC(615) Eden regions: 1103->0(1119)
[3029.993s][info][gc,heap        ] GC(615) Survivor regions: 111->109(152)
[3029.993s][info][gc,heap        ] GC(615) Old regions: 540->476
[3029.993s][info][gc,heap        ] GC(615) Humongous regions: 80->80
[3029.993s][info][gc,metaspace   ] GC(615) Metaspace: 28943K(29312K)->28943K(29312K) NonClass: 24065K(24256K)->24065K(24256K) Class: 4878K(5056K)->4878K(5056K)
[3029.993s][info][gc             ] GC(615) Pause Young (Mixed) (G1 Evacuation Pause) 3665M->1328M(4096M) 133.858ms
[3029.993s][info][gc,cpu         ] GC(615) User=0.79s Sys=0.00s Real=0.13s
....[3033.616s][info][gc,start       ] GC(616) Pause Young (Concurrent Start) (G1 Evacuation Pause)
[3033.616s][info][gc,task        ] GC(616) Using 6 workers of 6 for evacuation
[3033.737s][info][gc,phases      ] GC(616)   Pre Evacuate Collection Set: 0.42ms
[3033.737s][info][gc,phases      ] GC(616)   Merge Heap Roots: 0.49ms
[3033.737s][info][gc,phases      ] GC(616)   Evacuate Collection Set: 118.96ms
[3033.737s][info][gc,phases      ] GC(616)   Post Evacuate Collection Set: 0.92ms
[3033.737s][info][gc,phases      ] GC(616)   Other: 0.10ms
[3033.737s][info][gc,heap        ] GC(616) Eden regions: 1119->0(1115)
[3033.737s][info][gc,heap        ] GC(616) Survivor regions: 109->113(154)
[3033.737s][info][gc,heap        ] GC(616) Old regions: 476->508
[3033.737s][info][gc,heap        ] GC(616) Humongous regions: 80->80
[3033.737s][info][gc,metaspace   ] GC(616) Metaspace: 28943K(29312K)->28943K(29312K) NonClass: 24065K(24256K)->24065K(24256K) Class: 4878K(5056K)->4878K(5056K)
[3033.737s][info][gc             ] GC(616) Pause Young (Concurrent Start) (G1 Evacuation Pause) 3566M->1399M(4096M) 121.034ms
[3033.737s][info][gc             ] GC(617) Concurrent Mark Cycle
[3033.737s][info][gc,marking     ] GC(617) Concurrent Scan Root Regions
[3033.737s][info][gc,cpu         ] GC(616) User=0.71s Sys=0.01s Real=0.12s
[3033.915s][info][gc,marking     ] GC(617) Concurrent Scan Root Regions 178.114ms
[3033.915s][info][gc,marking     ] GC(617) Concurrent Mark
[3033.915s][info][gc,marking     ] GC(617) Concurrent Mark From Roots
[3033.915s][info][gc,task        ] GC(617) Using 2 workers of 2 for marking
.[3034.860s][info][gc,marking     ] GC(617) Concurrent Mark From Roots 944.750ms
[3034.860s][info][gc,marking     ] GC(617) Concurrent Preclean
[3034.860s][info][gc,marking     ] GC(617) Concurrent Preclean 0.103ms
[3034.860s][info][gc,start       ] GC(617) Pause Remark
[3034.865s][info][gc             ] GC(617) Pause Remark 2203M->2203M(4096M) 5.180ms
[3034.865s][info][gc,cpu         ] GC(617) User=0.03s Sys=0.00s Real=0.01s
[3034.866s][info][gc,marking     ] GC(617) Concurrent Mark 951.231ms
[3034.866s][info][gc,marking     ] GC(617) Concurrent Rebuild Remembered Sets and Scrub Regions
[3035.226s][info][gc,marking     ] GC(617) Concurrent Rebuild Remembered Sets and Scrub Regions 360.075ms
[3035.226s][info][gc,start       ] GC(617) Pause Cleanup
[3035.226s][info][gc             ] GC(617) Pause Cleanup 2419M->2419M(4096M) 0.114ms
[3035.226s][info][gc,cpu         ] GC(617) User=0.00s Sys=0.00s Real=0.00s
[3035.227s][info][gc,marking     ] GC(617) Concurrent Clear Claimed Marks
[3035.227s][info][gc,marking     ] GC(617) Concurrent Clear Claimed Marks 0.028ms
[3035.227s][info][gc,marking     ] GC(617) Concurrent Cleanup for Next Mark
[3035.230s][info][gc,marking     ] GC(617) Concurrent Cleanup for Next Mark 3.321ms
[3035.230s][info][gc             ] GC(617) Concurrent Mark Cycle 1493.256ms
..[3037.296s][info][gc,start       ] GC(618) Pause Young (Prepare Mixed) (G1 Evacuation Pause)
[3037.296s][info][gc,task        ] GC(618) Using 6 workers of 6 for evacuation
[3037.420s][info][gc,phases      ] GC(618)   Pre Evacuate Collection Set: 0.35ms
[3037.420s][info][gc,phases      ] GC(618)   Merge Heap Roots: 0.52ms
[3037.420s][info][gc,phases      ] GC(618)   Evacuate Collection Set: 121.88ms
[3037.420s][info][gc,phases      ] GC(618)   Post Evacuate Collection Set: 0.98ms
[3037.420s][info][gc,phases      ] GC(618)   Other: 0.09ms
[3037.420s][info][gc,heap        ] GC(618) Eden regions: 1115->0(1098)
[3037.420s][info][gc,heap        ] GC(618) Survivor regions: 113->114(154)
[3037.420s][info][gc,heap        ] GC(618) Old regions: 508->539
[3037.420s][info][gc,heap        ] GC(618) Humongous regions: 80->80
[3037.420s][info][gc,metaspace   ] GC(618) Metaspace: 28943K(29312K)->28943K(29312K) NonClass: 24065K(24256K)->24065K(24256K) Class: 4878K(5056K)->4878K(5056K)
[3037.420s][info][gc             ] GC(618) Pause Young (Prepare Mixed) (G1 Evacuation Pause) 3629M->1464M(4096M) 123.952ms
[3037.420s][info][gc,cpu         ] GC(618) User=0.73s Sys=0.00s Real=0.12s
....[3040.876s][info][gc,start       ] GC(619) Pause Young (Mixed) (G1 Evacuation Pause)
[3040.876s][info][gc,task        ] GC(619) Using 6 workers of 6 for evacuation
[3041.010s][info][gc,phases      ] GC(619)   Pre Evacuate Collection Set: 0.35ms
[3041.010s][info][gc,phases      ] GC(619)   Merge Heap Roots: 0.68ms
[3041.010s][info][gc,phases      ] GC(619)   Evacuate Collection Set: 131.57ms
[3041.010s][info][gc,phases      ] GC(619)   Post Evacuate Collection Set: 1.00ms
[3041.010s][info][gc,phases      ] GC(619)   Other: 0.09ms
[3041.010s][info][gc,heap        ] GC(619) Eden regions: 1098->0(1119)
[3041.010s][info][gc,heap        ] GC(619) Survivor regions: 114->109(152)
[3041.010s][info][gc,heap        ] GC(619) Old regions: 539->476
[3041.010s][info][gc,heap        ] GC(619) Humongous regions: 80->80
[3041.010s][info][gc,metaspace   ] GC(619) Metaspace: 28943K(29312K)->28943K(29312K) NonClass: 24065K(24256K)->24065K(24256K) Class: 4878K(5056K)->4878K(5056K)
[3041.010s][info][gc             ] GC(619) Pause Young (Mixed) (G1 Evacuation Pause) 3660M->1328M(4096M) 133.824ms
[3041.010s][info][gc,cpu         ] GC(619) User=0.79s Sys=0.00s Real=0.13s
....[3044.607s][info][gc,start       ] GC(620) Pause Young (Concurrent Start) (G1 Evacuation Pause)
[3044.607s][info][gc,task        ] GC(620) Using 6 workers of 6 for evacuation
[3044.726s][info][gc,phases      ] GC(620)   Pre Evacuate Collection Set: 0.40ms
[3044.726s][info][gc,phases      ] GC(620)   Merge Heap Roots: 0.56ms
[3044.726s][info][gc,phases      ] GC(620)   Evacuate Collection Set: 116.61ms
[3044.726s][info][gc,phases      ] GC(620)   Post Evacuate Collection Set: 0.92ms
[3044.726s][info][gc,phases      ] GC(620)   Other: 0.11ms
[3044.726s][info][gc,heap        ] GC(620) Eden regions: 1119->0(1118)
[3044.726s][info][gc,heap        ] GC(620) Survivor regions: 109->110(154)
[3044.726s][info][gc,heap        ] GC(620) Old regions: 476->508
[3044.726s][info][gc,heap        ] GC(620) Humongous regions: 80->80
[3044.726s][info][gc,metaspace   ] GC(620) Metaspace: 28943K(29312K)->28943K(29312K) NonClass: 24065K(24256K)->24065K(24256K) Class: 4878K(5056K)->4878K(5056K)
[3044.726s][info][gc             ] GC(620) Pause Young (Concurrent Start) (G1 Evacuation Pause) 3566M->1394M(4096M) 118.733ms
[3044.726s][info][gc             ] GC(621) Concurrent Mark Cycle
[3044.726s][info][gc,marking     ] GC(621) Concurrent Scan Root Regions
[3044.726s][info][gc,cpu         ] GC(620) User=0.70s Sys=0.00s Real=0.12s
[3044.904s][info][gc,marking     ] GC(621) Concurrent Scan Root Regions 178.114ms
[3044.904s][info][gc,marking     ] GC(621) Concurrent Mark
[3044.904s][info][gc,marking     ] GC(621) Concurrent Mark From Roots
[3044.904s][info][gc,task        ] GC(621) Using 2 workers of 2 for marking
.[3045.848s][info][gc,marking     ] GC(621) Concurrent Mark From Roots 943.437ms
[3045.848s][info][gc,marking     ] GC(621) Concurrent Preclean
[3045.848s][info][gc,marking     ] GC(621) Concurrent Preclean 0.102ms
[3045.849s][info][gc,start       ] GC(621) Pause Remark
[3045.854s][info][gc             ] GC(621) Pause Remark 2156M->2156M(4096M) 5.014ms
[3045.854s][info][gc,cpu         ] GC(621) User=0.02s Sys=0.00s Real=0.01s
[3045.855s][info][gc,marking     ] GC(621) Concurrent Mark 950.563ms
[3045.855s][info][gc,marking     ] GC(621) Concurrent Rebuild Remembered Sets and Scrub Regions
[3046.213s][info][gc,marking     ] GC(621) Concurrent Rebuild Remembered Sets and Scrub Regions 357.589ms
[3046.213s][info][gc,start       ] GC(621) Pause Cleanup
[3046.213s][info][gc             ] GC(621) Pause Cleanup 2387M->2387M(4096M) 0.111ms
[3046.213s][info][gc,cpu         ] GC(621) User=0.00s Sys=0.00s Real=0.00s
[3046.213s][info][gc,marking     ] GC(621) Concurrent Clear Claimed Marks
[3046.213s][info][gc,marking     ] GC(621) Concurrent Clear Claimed Marks 0.029ms
[3046.213s][info][gc,marking     ] GC(621) Concurrent Cleanup for Next Mark
[3046.217s][info][gc,marking     ] GC(621) Concurrent Cleanup for Next Mark 3.866ms
[3046.217s][info][gc             ] GC(621) Concurrent Mark Cycle 1490.586ms
..[3048.308s][info][gc,start       ] GC(622) Pause Young (Prepare Mixed) (G1 Evacuation Pause)
[3048.308s][info][gc,task        ] GC(622) Using 6 workers of 6 for evacuation
[3048.425s][info][gc,phases      ] GC(622)   Pre Evacuate Collection Set: 0.39ms
[3048.425s][info][gc,phases      ] GC(622)   Merge Heap Roots: 0.54ms
[3048.425s][info][gc,phases      ] GC(622)   Evacuate Collection Set: 115.23ms
[3048.425s][info][gc,phases      ] GC(622)   Post Evacuate Collection Set: 0.95ms
[3048.425s][info][gc,phases      ] GC(622)   Other: 0.09ms
[3048.425s][info][gc,heap        ] GC(622) Eden regions: 1118->0(1105)
[3048.425s][info][gc,heap        ] GC(622) Survivor regions: 110->110(154)
[3048.425s][info][gc,heap        ] GC(622) Old regions: 508->540
[3048.425s][info][gc,heap        ] GC(622) Humongous regions: 80->80
[3048.425s][info][gc,metaspace   ] GC(622) Metaspace: 28943K(29312K)->28943K(29312K) NonClass: 24065K(24256K)->24065K(24256K) Class: 4878K(5056K)->4878K(5056K)
[3048.425s][info][gc             ] GC(622) Pause Young (Prepare Mixed) (G1 Evacuation Pause) 3630M->1458M(4096M) 117.337ms
[3048.425s][info][gc,cpu         ] GC(622) User=0.70s Sys=0.00s Real=0.12s
....[3051.907s][info][gc,start       ] GC(623) Pause Young (Mixed) (G1 Evacuation Pause)
[3051.907s][info][gc,task        ] GC(623) Using 6 workers of 6 for evacuation
[3052.040s][info][gc,phases      ] GC(623)   Pre Evacuate Collection Set: 0.38ms
[3052.040s][info][gc,phases      ] GC(623)   Merge Heap Roots: 0.64ms
[3052.040s][info][gc,phases      ] GC(623)   Evacuate Collection Set: 130.76ms
[3052.040s][info][gc,phases      ] GC(623)   Post Evacuate Collection Set: 0.97ms
[3052.040s][info][gc,phases      ] GC(623)   Other: 0.08ms
[3052.040s][info][gc,heap        ] GC(623) Eden regions: 1105->0(1119)
[3052.040s][info][gc,heap        ] GC(623) Survivor regions: 110->109(152)
[3052.040s][info][gc,heap        ] GC(623) Old regions: 540->477
[3052.040s][info][gc,heap        ] GC(623) Humongous regions: 80->80
[3052.040s][info][gc,metaspace   ] GC(623) Metaspace: 28943K(29312K)->28943K(29312K) NonClass: 24065K(24256K)->24065K(24256K) Class: 4878K(5056K)->4878K(5056K)
[3052.040s][info][gc             ] GC(623) Pause Young (Mixed) (G1 Evacuation Pause) 3668M->1330M(4096M) 132.978ms
[3052.040s][info][gc,cpu         ] GC(623) User=0.79s Sys=0.00s Real=0.13s
....[3055.639s][info][gc,start       ] GC(624) Pause Young (Concurrent Start) (G1 Evacuation Pause)
[3055.639s][info][gc,task        ] GC(624) Using 6 workers of 6 for evacuation
[3055.759s][info][gc,phases      ] GC(624)   Pre Evacuate Collection Set: 0.45ms
[3055.759s][info][gc,phases      ] GC(624)   Merge Heap Roots: 0.55ms
[3055.759s][info][gc,phases      ] GC(624)   Evacuate Collection Set: 117.64ms
[3055.759s][info][gc,phases      ] GC(624)   Post Evacuate Collection Set: 0.91ms
[3055.759s][info][gc,phases      ] GC(624)   Other: 0.14ms
[3055.759s][info][gc,heap        ] GC(624) Eden regions: 1119->0(1117)
[3055.759s][info][gc,heap        ] GC(624) Survivor regions: 109->111(154)
[3055.759s][info][gc,heap        ] GC(624) Old regions: 477->509
[3055.759s][info][gc,heap        ] GC(624) Humongous regions: 80->80
[3055.759s][info][gc,metaspace   ] GC(624) Metaspace: 28943K(29312K)->28943K(29312K) NonClass: 24065K(24256K)->24065K(24256K) Class: 4878K(5056K)->4878K(5056K)
[3055.759s][info][gc             ] GC(624) Pause Young (Concurrent Start) (G1 Evacuation Pause) 3568M->1397M(4096M) 119.830ms
[3055.759s][info][gc             ] GC(625) Concurrent Mark Cycle
[3055.759s][info][gc,marking     ] GC(625) Concurrent Scan Root Regions
[3055.759s][info][gc,cpu         ] GC(624) User=0.71s Sys=0.00s Real=0.12s
[3055.943s][info][gc,marking     ] GC(625) Concurrent Scan Root Regions 184.101ms
[3055.943s][info][gc,marking     ] GC(625) Concurrent Mark
[3055.943s][info][gc,marking     ] GC(625) Concurrent Mark From Roots
[3055.943s][info][gc,task        ] GC(625) Using 2 workers of 2 for marking
.[3056.755s][info][gc,marking     ] GC(625) Concurrent Mark From Roots 812.025ms
[3056.755s][info][gc,marking     ] GC(625) Concurrent Preclean
[3056.755s][info][gc,marking     ] GC(625) Concurrent Preclean 0.099ms
[3056.755s][info][gc,start       ] GC(625) Pause Remark
[3056.760s][info][gc             ] GC(625) Pause Remark 2130M->2130M(4096M) 5.207ms
[3056.761s][info][gc,cpu         ] GC(625) User=0.03s Sys=0.00s Real=0.00s
[3056.762s][info][gc,marking     ] GC(625) Concurrent Mark 819.385ms
[3056.762s][info][gc,marking     ] GC(625) Concurrent Rebuild Remembered Sets and Scrub Regions
[3057.029s][info][gc,marking     ] GC(625) Concurrent Rebuild Remembered Sets and Scrub Regions 267.005ms
[3057.030s][info][gc,start       ] GC(625) Pause Cleanup
[3057.030s][info][gc             ] GC(625) Pause Cleanup 2288M->2288M(4096M) 0.123ms
[3057.030s][info][gc,cpu         ] GC(625) User=0.00s Sys=0.00s Real=0.00s
[3057.030s][info][gc,marking     ] GC(625) Concurrent Clear Claimed Marks
[3057.030s][info][gc,marking     ] GC(625) Concurrent Clear Claimed Marks 0.030ms
[3057.030s][info][gc,marking     ] GC(625) Concurrent Cleanup for Next Mark
[3057.034s][info][gc,marking     ] GC(625) Concurrent Cleanup for Next Mark 3.925ms
[3057.034s][info][gc             ] GC(625) Concurrent Mark Cycle 1274.999ms
..[3059.229s][info][gc,start       ] GC(626) Pause Young (Prepare Mixed) (G1 Evacuation Pause)
[3059.229s][info][gc,task        ] GC(626) Using 6 workers of 6 for evacuation
[3059.348s][info][gc,phases      ] GC(626)   Pre Evacuate Collection Set: 0.35ms
[3059.348s][info][gc,phases      ] GC(626)   Merge Heap Roots: 0.55ms
[3059.348s][info][gc,phases      ] GC(626)   Evacuate Collection Set: 117.03ms
[3059.348s][info][gc,phases      ] GC(626)   Post Evacuate Collection Set: 0.94ms
[3059.348s][info][gc,phases      ] GC(626)   Other: 0.09ms
[3059.348s][info][gc,heap        ] GC(626) Eden regions: 1117->0(1104)
[3059.348s][info][gc,heap        ] GC(626) Survivor regions: 111->110(154)
[3059.348s][info][gc,heap        ] GC(626) Old regions: 509->541
[3059.348s][info][gc,heap        ] GC(626) Humongous regions: 80->80
[3059.348s][info][gc,metaspace   ] GC(626) Metaspace: 28943K(29312K)->28943K(29312K) NonClass: 24065K(24256K)->24065K(24256K) Class: 4878K(5056K)->4878K(5056K)
[3059.348s][info][gc             ] GC(626) Pause Young (Prepare Mixed) (G1 Evacuation Pause) 3631M->1460M(4096M) 119.095ms
[3059.348s][info][gc,cpu         ] GC(626) User=0.70s Sys=0.00s Real=0.12s
....[3062.920s][info][gc,start       ] GC(627) Pause Young (Mixed) (G1 Evacuation Pause)
[3062.920s][info][gc,task        ] GC(627) Using 6 workers of 6 for evacuation
[3063.054s][info][gc,phases      ] GC(627)   Pre Evacuate Collection Set: 0.38ms
[3063.054s][info][gc,phases      ] GC(627)   Merge Heap Roots: 0.67ms
[3063.054s][info][gc,phases      ] GC(627)   Evacuate Collection Set: 131.86ms
[3063.054s][info][gc,phases      ] GC(627)   Post Evacuate Collection Set: 0.91ms
[3063.054s][info][gc,phases      ] GC(627)   Other: 0.10ms
[3063.054s][info][gc,heap        ] GC(627) Eden regions: 1104->0(1119)
[3063.054s][info][gc,heap        ] GC(627) Survivor regions: 110->109(152)
[3063.054s][info][gc,heap        ] GC(627) Old regions: 541->476
[3063.054s][info][gc,heap        ] GC(627) Humongous regions: 80->80
[3063.054s][info][gc,metaspace   ] GC(627) Metaspace: 28943K(29312K)->28943K(29312K) NonClass: 24065K(24256K)->24065K(24256K) Class: 4878K(5056K)->4878K(5056K)
[3063.054s][info][gc             ] GC(627) Pause Young (Mixed) (G1 Evacuation Pause) 3668M->1329M(4096M) 134.054ms
[3063.054s][info][gc,cpu         ] GC(627) User=0.79s Sys=0.00s Real=0.14s
. (rIR:aIR:PR = 5120:5120:5120) (tPR = 75655) [OK] 
  3063s: Performance info:
         Transaction,    Success,    Partial,     Failed,   Receipts, AvgBarcode, 
             Overall,     308676,          0,          0,     293257,      59.48, 
         Response times:
             Request,    Success,    Partial,     Failed,   SkipFail,     Probes,    Samples,      min,      p50,      p90,      p95,      p99,      max, 
       TotalPurchase,     293256,          0,          0,          0,     288934,     312691,      300,     4200,     9400,    23000,    60000,   228000,
     InStorePurchase,     154294,          0,          0,          0,     152287,     164521,      300,     4300,     9500,    24000,    60000,   228000,
      OnlinePurchase,     108050,          0,          0,          0,     106589,     115376,      300,     4200,     9400,    23000,    60000,   228000,
        InstPurchase,      30912,          0,          0,          0,      30058,      32794,      400,     4000,     8950,    23000,    58050,   228000,
          AssocOfCat,        306,          0,          0,          0,        238,        326,    23000,    32000,    54300,    77250,   144570,   161000,
      AssocOfProduct,       3080,          0,          0,          0,       2881,       3376,      400,     4100,     8500,    23000,    53000,   138000,
      BusinessReport,        771,          0,          0,          0,        668,        814,    23000,    37000,    68500,    87250,   164850,   208000,
          CustBuyBeh,       3085,          0,          0,          0,       2877,       3305,      200,     2900,     6700,    18570,    49000,   142000,
       ProductReturn,       8177,          0,          0,          0,       7750,       8731,      200,     4300,    10400,    25000,    66000,   203000,

  3063s: (38%)   IR =   5258 ...[3066.536s][info][gc,start       ] GC(628) Pause Young (Concurrent Start) (G1 Evacuation Pause)
[3066.536s][info][gc,task        ] GC(628) Using 6 workers of 6 for evacuation
[3066.655s][info][gc,phases      ] GC(628)   Pre Evacuate Collection Set: 0.42ms
[3066.655s][info][gc,phases      ] GC(628)   Merge Heap Roots: 0.46ms
[3066.655s][info][gc,phases      ] GC(628)   Evacuate Collection Set: 116.34ms
[3066.655s][info][gc,phases      ] GC(628)   Post Evacuate Collection Set: 0.94ms
[3066.655s][info][gc,phases      ] GC(628)   Other: 0.14ms
[3066.655s][info][gc,heap        ] GC(628) Eden regions: 1119->0(1119)
[3066.655s][info][gc,heap        ] GC(628) Survivor regions: 109->109(154)
[3066.655s][info][gc,heap        ] GC(628) Old regions: 476->507
[3066.655s][info][gc,heap        ] GC(628) Humongous regions: 80->80
[3066.655s][info][gc,metaspace   ] GC(628) Metaspace: 28943K(29312K)->28943K(29312K) NonClass: 24065K(24256K)->24065K(24256K) Class: 4878K(5056K)->4878K(5056K)
[3066.655s][info][gc             ] GC(628) Pause Young (Concurrent Start) (G1 Evacuation Pause) 3567M->1391M(4096M) 118.434ms
[3066.655s][info][gc             ] GC(629) Concurrent Mark Cycle
[3066.655s][info][gc,marking     ] GC(629) Concurrent Scan Root Regions
[3066.655s][info][gc,cpu         ] GC(628) User=0.70s Sys=0.00s Real=0.12s
[3066.842s][info][gc,marking     ] GC(629) Concurrent Scan Root Regions 186.995ms
[3066.842s][info][gc,marking     ] GC(629) Concurrent Mark
[3066.842s][info][gc,marking     ] GC(629) Concurrent Mark From Roots
[3066.842s][info][gc,task        ] GC(629) Using 2 workers of 2 for marking
.|[3067.654s][info][gc,marking     ] GC(629) Concurrent Mark From Roots 812.749ms
[3067.655s][info][gc,marking     ] GC(629) Concurrent Preclean
[3067.655s][info][gc,marking     ] GC(629) Concurrent Preclean 0.132ms
[3067.655s][info][gc,start       ] GC(629) Pause Remark
[3067.660s][info][gc             ] GC(629) Pause Remark 2113M->2113M(4096M) 5.380ms
[3067.660s][info][gc,cpu         ] GC(629) User=0.02s Sys=0.00s Real=0.00s
[3067.661s][info][gc,marking     ] GC(629) Concurrent Mark 818.941ms
[3067.661s][info][gc,marking     ] GC(629) Concurrent Rebuild Remembered Sets and Scrub Regions
[3067.930s][info][gc,marking     ] GC(629) Concurrent Rebuild Remembered Sets and Scrub Regions 269.583ms
[3067.930s][info][gc,start       ] GC(629) Pause Cleanup
[3067.931s][info][gc             ] GC(629) Pause Cleanup 2275M->2275M(4096M) 0.129ms
[3067.931s][info][gc,cpu         ] GC(629) User=0.00s Sys=0.00s Real=0.00s
[3067.931s][info][gc,marking     ] GC(629) Concurrent Clear Claimed Marks
[3067.931s][info][gc,marking     ] GC(629) Concurrent Clear Claimed Marks 0.029ms
[3067.931s][info][gc,marking     ] GC(629) Concurrent Cleanup for Next Mark
[3067.936s][info][gc,marking     ] GC(629) Concurrent Cleanup for Next Mark 5.498ms
[3067.936s][info][gc             ] GC(629) Concurrent Mark Cycle 1281.543ms
..[3070.121s][info][gc,start       ] GC(630) Pause Young (Prepare Mixed) (G1 Evacuation Pause)
[3070.121s][info][gc,task        ] GC(630) Using 6 workers of 6 for evacuation
[3070.239s][info][gc,phases      ] GC(630)   Pre Evacuate Collection Set: 0.41ms
[3070.239s][info][gc,phases      ] GC(630)   Merge Heap Roots: 0.56ms
[3070.239s][info][gc,phases      ] GC(630)   Evacuate Collection Set: 115.07ms
[3070.239s][info][gc,phases      ] GC(630)   Post Evacuate Collection Set: 0.94ms
[3070.239s][info][gc,phases      ] GC(630)   Other: 0.10ms
[3070.239s][info][gc,heap        ] GC(630) Eden regions: 1119->0(1110)
[3070.239s][info][gc,heap        ] GC(630) Survivor regions: 109->108(154)
[3070.239s][info][gc,heap        ] GC(630) Old regions: 507->539
[3070.239s][info][gc,heap        ] GC(630) Humongous regions: 80->80
[3070.239s][info][gc,metaspace   ] GC(630) Metaspace: 28943K(29312K)->28943K(29312K) NonClass: 24065K(24256K)->24065K(24256K) Class: 4878K(5056K)->4878K(5056K)
[3070.239s][info][gc             ] GC(630) Pause Young (Prepare Mixed) (G1 Evacuation Pause) 3629M->1453M(4096M) 117.219ms
[3070.239s][info][gc,cpu         ] GC(630) User=0.69s Sys=0.00s Real=0.12s
....[3073.700s][info][gc,start       ] GC(631) Pause Young (Mixed) (G1 Evacuation Pause)
[3073.700s][info][gc,task        ] GC(631) Using 6 workers of 6 for evacuation
[3073.833s][info][gc,phases      ] GC(631)   Pre Evacuate Collection Set: 0.43ms
[3073.833s][info][gc,phases      ] GC(631)   Merge Heap Roots: 0.69ms
[3073.833s][info][gc,phases      ] GC(631)   Evacuate Collection Set: 130.93ms
[3073.833s][info][gc,phases      ] GC(631)   Post Evacuate Collection Set: 1.00ms
[3073.833s][info][gc,phases      ] GC(631)   Other: 0.10ms
[3073.833s][info][gc,heap        ] GC(631) Eden regions: 1110->0(1117)
[3073.833s][info][gc,heap        ] GC(631) Survivor regions: 108->111(153)
[3073.833s][info][gc,heap        ] GC(631) Old regions: 539->475
[3073.833s][info][gc,heap        ] GC(631) Humongous regions: 80->80
[3073.833s][info][gc,metaspace   ] GC(631) Metaspace: 28943K(29312K)->28943K(29312K) NonClass: 24065K(24256K)->24065K(24256K) Class: 4878K(5056K)->4878K(5056K)
[3073.833s][info][gc             ] GC(631) Pause Young (Mixed) (G1 Evacuation Pause) 3673M->1329M(4096M) 133.277ms
[3073.833s][info][gc,cpu         ] GC(631) User=0.79s Sys=0.00s Real=0.13s
...[3077.270s][info][gc,start       ] GC(632) Pause Young (Concurrent Start) (G1 Evacuation Pause)
[3077.270s][info][gc,task        ] GC(632) Using 6 workers of 6 for evacuation
[3077.387s][info][gc,phases      ] GC(632)   Pre Evacuate Collection Set: 0.43ms
[3077.387s][info][gc,phases      ] GC(632)   Merge Heap Roots: 0.45ms
[3077.387s][info][gc,phases      ] GC(632)   Evacuate Collection Set: 114.53ms
[3077.387s][info][gc,phases      ] GC(632)   Post Evacuate Collection Set: 0.92ms
[3077.387s][info][gc,phases      ] GC(632)   Other: 0.11ms
[3077.387s][info][gc,heap        ] GC(632) Eden regions: 1117->0(1119)
[3077.387s][info][gc,heap        ] GC(632) Survivor regions: 111->109(154)
[3077.387s][info][gc,heap        ] GC(632) Old regions: 475->507
[3077.387s][info][gc,heap        ] GC(632) Humongous regions: 80->80
[3077.387s][info][gc,metaspace   ] GC(632) Metaspace: 28943K(29312K)->28943K(29312K) NonClass: 24065K(24256K)->24065K(24256K) Class: 4878K(5056K)->4878K(5056K)
[3077.387s][info][gc             ] GC(632) Pause Young (Concurrent Start) (G1 Evacuation Pause) 3563M->1389M(4096M) 116.566ms
[3077.387s][info][gc             ] GC(633) Concurrent Mark Cycle
[3077.387s][info][gc,marking     ] GC(633) Concurrent Scan Root Regions
[3077.387s][info][gc,cpu         ] GC(632) User=0.69s Sys=0.00s Real=0.12s
.[3077.563s][info][gc,marking     ] GC(633) Concurrent Scan Root Regions 176.631ms
[3077.563s][info][gc,marking     ] GC(633) Concurrent Mark
[3077.563s][info][gc,marking     ] GC(633) Concurrent Mark From Roots
[3077.563s][info][gc,task        ] GC(633) Using 2 workers of 2 for marking
[3078.330s][info][gc,marking     ] GC(633) Concurrent Mark From Roots 766.452ms
[3078.330s][info][gc,marking     ] GC(633) Concurrent Preclean
[3078.330s][info][gc,marking     ] GC(633) Concurrent Preclean 0.110ms
[3078.331s][info][gc,start       ] GC(633) Pause Remark
[3078.335s][info][gc             ] GC(633) Pause Remark 2045M->2045M(4096M) 4.213ms
[3078.335s][info][gc,cpu         ] GC(633) User=0.03s Sys=0.00s Real=0.01s
[3078.336s][info][gc,marking     ] GC(633) Concurrent Mark 772.873ms
[3078.336s][info][gc,marking     ] GC(633) Concurrent Rebuild Remembered Sets and Scrub Regions
.[3078.704s][info][gc,marking     ] GC(633) Concurrent Rebuild Remembered Sets and Scrub Regions 367.883ms
[3078.704s][info][gc,start       ] GC(633) Pause Cleanup
[3078.705s][info][gc             ] GC(633) Pause Cleanup 2279M->2279M(4096M) 0.131ms
[3078.705s][info][gc,cpu         ] GC(633) User=0.00s Sys=0.00s Real=0.00s
[3078.705s][info][gc,marking     ] GC(633) Concurrent Clear Claimed Marks
[3078.705s][info][gc,marking     ] GC(633) Concurrent Clear Claimed Marks 0.028ms
[3078.705s][info][gc,marking     ] GC(633) Concurrent Cleanup for Next Mark
[3078.709s][info][gc,marking     ] GC(633) Concurrent Cleanup for Next Mark 3.990ms
[3078.709s][info][gc             ] GC(633) Concurrent Mark Cycle 1321.925ms
..[3080.861s][info][gc,start       ] GC(634) Pause Young (Prepare Mixed) (G1 Evacuation Pause)
[3080.861s][info][gc,task        ] GC(634) Using 6 workers of 6 for evacuation
[3080.981s][info][gc,phases      ] GC(634)   Pre Evacuate Collection Set: 0.36ms
[3080.981s][info][gc,phases      ] GC(634)   Merge Heap Roots: 0.53ms
[3080.981s][info][gc,phases      ] GC(634)   Evacuate Collection Set: 117.63ms
[3080.981s][info][gc,phases      ] GC(634)   Post Evacuate Collection Set: 0.93ms
[3080.981s][info][gc,phases      ] GC(634)   Other: 0.10ms
[3080.981s][info][gc,heap        ] GC(634) Eden regions: 1119->0(1106)
[3080.981s][info][gc,heap        ] GC(634) Survivor regions: 109->110(154)
[3080.981s][info][gc,heap        ] GC(634) Old regions: 507->539
[3080.981s][info][gc,heap        ] GC(634) Humongous regions: 80->80
[3080.981s][info][gc,metaspace   ] GC(634) Metaspace: 28943K(29312K)->28943K(29312K) NonClass: 24065K(24256K)->24065K(24256K) Class: 4878K(5056K)->4878K(5056K)
[3080.981s][info][gc             ] GC(634) Pause Young (Prepare Mixed) (G1 Evacuation Pause) 3627M->1456M(4096M) 119.689ms
[3080.981s][info][gc,cpu         ] GC(634) User=0.71s Sys=0.01s Real=0.12s
...[3084.396s][info][gc,start       ] GC(635) Pause Young (Mixed) (G1 Evacuation Pause)
[3084.396s][info][gc,task        ] GC(635) Using 6 workers of 6 for evacuation
[3084.529s][info][gc,phases      ] GC(635)   Pre Evacuate Collection Set: 0.39ms
[3084.529s][info][gc,phases      ] GC(635)   Merge Heap Roots: 0.72ms
[3084.529s][info][gc,phases      ] GC(635)   Evacuate Collection Set: 131.12ms
[3084.529s][info][gc,phases      ] GC(635)   Post Evacuate Collection Set: 0.95ms
[3084.529s][info][gc,phases      ] GC(635)   Other: 0.09ms
[3084.529s][info][gc,heap        ] GC(635) Eden regions: 1106->0(1120)
[3084.529s][info][gc,heap        ] GC(635) Survivor regions: 110->108(152)
[3084.529s][info][gc,heap        ] GC(635) Old regions: 539->477
[3084.529s][info][gc,heap        ] GC(635) Humongous regions: 80->80
[3084.529s][info][gc,metaspace   ] GC(635) Metaspace: 28943K(29312K)->28943K(29312K) NonClass: 24065K(24256K)->24065K(24256K) Class: 4878K(5056K)->4878K(5056K)
[3084.529s][info][gc             ] GC(635) Pause Young (Mixed) (G1 Evacuation Pause) 3668M->1327M(4096M) 133.409ms
[3084.529s][info][gc,cpu         ] GC(635) User=0.79s Sys=0.00s Real=0.13s
....[3088.026s][info][gc,start       ] GC(636) Pause Young (Concurrent Start) (G1 Evacuation Pause)
[3088.026s][info][gc,task        ] GC(636) Using 6 workers of 6 for evacuation
[3088.144s][info][gc,phases      ] GC(636)   Pre Evacuate Collection Set: 0.40ms
[3088.144s][info][gc,phases      ] GC(636)   Merge Heap Roots: 0.46ms
[3088.144s][info][gc,phases      ] GC(636)   Evacuate Collection Set: 116.07ms
[3088.144s][info][gc,phases      ] GC(636)   Post Evacuate Collection Set: 0.93ms
[3088.144s][info][gc,phases      ] GC(636)   Other: 0.12ms
[3088.144s][info][gc,heap        ] GC(636) Eden regions: 1120->0(1120)
[3088.144s][info][gc,heap        ] GC(636) Survivor regions: 108->108(154)
[3088.144s][info][gc,heap        ] GC(636) Old regions: 477->508
[3088.144s][info][gc,heap        ] GC(636) Humongous regions: 80->80
[3088.144s][info][gc,metaspace   ] GC(636) Metaspace: 28943K(29312K)->28943K(29312K) NonClass: 24065K(24256K)->24065K(24256K) Class: 4878K(5056K)->4878K(5056K)
[3088.144s][info][gc             ] GC(636) Pause Young (Concurrent Start) (G1 Evacuation Pause) 3567M->1390M(4096M) 118.111ms
[3088.144s][info][gc             ] GC(637) Concurrent Mark Cycle
[3088.144s][info][gc,marking     ] GC(637) Concurrent Scan Root Regions
[3088.144s][info][gc,cpu         ] GC(636) User=0.70s Sys=0.00s Real=0.12s
[3088.283s][info][gc,marking     ] GC(637) Concurrent Scan Root Regions 138.967ms
[3088.283s][info][gc,marking     ] GC(637) Concurrent Mark
[3088.283s][info][gc,marking     ] GC(637) Concurrent Mark From Roots
[3088.283s][info][gc,task        ] GC(637) Using 2 workers of 2 for marking
.[3088.952s][info][gc,marking     ] GC(637) Concurrent Mark From Roots 668.883ms
[3088.952s][info][gc,marking     ] GC(637) Concurrent Preclean
[3088.952s][info][gc,marking     ] GC(637) Concurrent Preclean 0.101ms
[3088.953s][info][gc,start       ] GC(637) Pause Remark
[3088.958s][info][gc             ] GC(637) Pause Remark 1986M->1986M(4096M) 4.965ms
[3088.958s][info][gc,cpu         ] GC(637) User=0.03s Sys=0.00s Real=0.01s
[3088.958s][info][gc,marking     ] GC(637) Concurrent Mark 675.096ms
[3088.958s][info][gc,marking     ] GC(637) Concurrent Rebuild Remembered Sets and Scrub Regions
[3089.242s][info][gc,marking     ] GC(637) Concurrent Rebuild Remembered Sets and Scrub Regions 283.712ms
[3089.242s][info][gc,start       ] GC(637) Pause Cleanup
[3089.242s][info][gc             ] GC(637) Pause Cleanup 2171M->2171M(4096M) 0.115ms
[3089.242s][info][gc,cpu         ] GC(637) User=0.00s Sys=0.00s Real=0.00s
[3089.242s][info][gc,marking     ] GC(637) Concurrent Clear Claimed Marks
[3089.243s][info][gc,marking     ] GC(637) Concurrent Clear Claimed Marks 0.027ms
[3089.243s][info][gc,marking     ] GC(637) Concurrent Cleanup for Next Mark
[3089.247s][info][gc,marking     ] GC(637) Concurrent Cleanup for Next Mark 4.755ms
[3089.247s][info][gc             ] GC(637) Concurrent Mark Cycle 1103.070ms
..[3091.586s][info][gc,start       ] GC(638) Pause Young (Prepare Mixed) (G1 Evacuation Pause)
[3091.586s][info][gc,task        ] GC(638) Using 6 workers of 6 for evacuation
[3091.704s][info][gc,phases      ] GC(638)   Pre Evacuate Collection Set: 0.39ms
[3091.704s][info][gc,phases      ] GC(638)   Merge Heap Roots: 0.52ms
[3091.704s][info][gc,phases      ] GC(638)   Evacuate Collection Set: 116.21ms
[3091.704s][info][gc,phases      ] GC(638)   Post Evacuate Collection Set: 0.94ms
[3091.704s][info][gc,phases      ] GC(638)   Other: 0.09ms
[3091.704s][info][gc,heap        ] GC(638) Eden regions: 1120->0(1106)
[3091.704s][info][gc,heap        ] GC(638) Survivor regions: 108->110(154)
[3091.704s][info][gc,heap        ] GC(638) Old regions: 508->539
[3091.704s][info][gc,heap        ] GC(638) Humongous regions: 80->80
[3091.704s][info][gc,metaspace   ] GC(638) Metaspace: 28945K(29312K)->28945K(29312K) NonClass: 24066K(24256K)->24066K(24256K) Class: 4878K(5056K)->4878K(5056K)
[3091.704s][info][gc             ] GC(638) Pause Young (Prepare Mixed) (G1 Evacuation Pause) 3630M->1456M(4096M) 118.278ms
[3091.704s][info][gc,cpu         ] GC(638) User=0.70s Sys=0.00s Real=0.12s
....[3095.185s][info][gc,start       ] GC(639) Pause Young (Mixed) (G1 Evacuation Pause)
[3095.185s][info][gc,task        ] GC(639) Using 6 workers of 6 for evacuation
[3095.318s][info][gc,phases      ] GC(639)   Pre Evacuate Collection Set: 0.41ms
[3095.318s][info][gc,phases      ] GC(639)   Merge Heap Roots: 0.74ms
[3095.318s][info][gc,phases      ] GC(639)   Evacuate Collection Set: 130.99ms
[3095.318s][info][gc,phases      ] GC(639)   Post Evacuate Collection Set: 0.97ms
[3095.318s][info][gc,phases      ] GC(639)   Other: 0.09ms
[3095.318s][info][gc,heap        ] GC(639) Eden regions: 1106->0(1119)
[3095.318s][info][gc,heap        ] GC(639) Survivor regions: 110->109(152)
[3095.318s][info][gc,heap        ] GC(639) Old regions: 539->474
[3095.318s][info][gc,heap        ] GC(639) Humongous regions: 80->80
[3095.318s][info][gc,metaspace   ] GC(639) Metaspace: 28945K(29312K)->28945K(29312K) NonClass: 24066K(24256K)->24066K(24256K) Class: 4878K(5056K)->4878K(5056K)
[3095.318s][info][gc             ] GC(639) Pause Young (Mixed) (G1 Evacuation Pause) 3668M->1324M(4096M) 133.344ms
[3095.318s][info][gc,cpu         ] GC(639) User=0.79s Sys=0.00s Real=0.13s
....[3098.728s][info][gc,start       ] GC(640) Pause Young (Concurrent Start) (G1 Evacuation Pause)
[3098.728s][info][gc,task        ] GC(640) Using 6 workers of 6 for evacuation
[3098.851s][info][gc,phases      ] GC(640)   Pre Evacuate Collection Set: 0.41ms
[3098.851s][info][gc,phases      ] GC(640)   Merge Heap Roots: 0.48ms
[3098.851s][info][gc,phases      ] GC(640)   Evacuate Collection Set: 120.32ms
[3098.851s][info][gc,phases      ] GC(640)   Post Evacuate Collection Set: 0.91ms
[3098.851s][info][gc,phases      ] GC(640)   Other: 0.10ms
[3098.851s][info][gc,heap        ] GC(640) Eden regions: 1119->0(1115)
[3098.851s][info][gc,heap        ] GC(640) Survivor regions: 109->113(154)
[3098.851s][info][gc,heap        ] GC(640) Old regions: 474->507
[3098.851s][info][gc,heap        ] GC(640) Humongous regions: 80->80
[3098.851s][info][gc,metaspace   ] GC(640) Metaspace: 28945K(29312K)->28945K(29312K) NonClass: 24066K(24256K)->24066K(24256K) Class: 4878K(5056K)->4878K(5056K)
[3098.851s][info][gc             ] GC(640) Pause Young (Concurrent Start) (G1 Evacuation Pause) 3562M->1398M(4096M) 122.366ms
[3098.851s][info][gc             ] GC(641) Concurrent Mark Cycle
[3098.851s][info][gc,marking     ] GC(641) Concurrent Scan Root Regions
[3098.851s][info][gc,cpu         ] GC(640) User=0.72s Sys=0.00s Real=0.12s
[3099.040s][info][gc,marking     ] GC(641) Concurrent Scan Root Regions 189.339ms
[3099.040s][info][gc,marking     ] GC(641) Concurrent Mark
[3099.040s][info][gc,marking     ] GC(641) Concurrent Mark From Roots
[3099.040s][info][gc,task        ] GC(641) Using 2 workers of 2 for marking
.[3099.837s][info][gc,marking     ] GC(641) Concurrent Mark From Roots 796.425ms
[3099.837s][info][gc,marking     ] GC(641) Concurrent Preclean
[3099.837s][info][gc,marking     ] GC(641) Concurrent Preclean 0.222ms
[3099.837s][info][gc,start       ] GC(641) Pause Remark
[3099.843s][info][gc             ] GC(641) Pause Remark 2092M->2092M(4096M) 6.436ms
[3099.844s][info][gc,cpu         ] GC(641) User=0.03s Sys=0.00s Real=0.00s
[3099.844s][info][gc,marking     ] GC(641) Concurrent Mark 803.387ms
[3099.844s][info][gc,marking     ] GC(641) Concurrent Rebuild Remembered Sets and Scrub Regions
[3100.130s][info][gc,marking     ] GC(641) Concurrent Rebuild Remembered Sets and Scrub Regions 286.532ms
[3100.130s][info][gc,start       ] GC(641) Pause Cleanup
[3100.130s][info][gc             ] GC(641) Pause Cleanup 2283M->2283M(4096M) 0.129ms
[3100.131s][info][gc,cpu         ] GC(641) User=0.00s Sys=0.00s Real=0.00s
[3100.131s][info][gc,marking     ] GC(641) Concurrent Clear Claimed Marks
[3100.131s][info][gc,marking     ] GC(641) Concurrent Clear Claimed Marks 0.037ms
[3100.131s][info][gc,marking     ] GC(641) Concurrent Cleanup for Next Mark
[3100.135s][info][gc,marking     ] GC(641) Concurrent Cleanup for Next Mark 4.629ms
[3100.135s][info][gc             ] GC(641) Concurrent Mark Cycle 1284.641ms
..[3102.259s][info][gc,start       ] GC(642) Pause Young (Prepare Mixed) (G1 Evacuation Pause)
[3102.259s][info][gc,task        ] GC(642) Using 6 workers of 6 for evacuation
[3102.377s][info][gc,phases      ] GC(642)   Pre Evacuate Collection Set: 0.36ms
[3102.377s][info][gc,phases      ] GC(642)   Merge Heap Roots: 0.51ms
[3102.377s][info][gc,phases      ] GC(642)   Evacuate Collection Set: 116.42ms
[3102.377s][info][gc,phases      ] GC(642)   Post Evacuate Collection Set: 0.94ms
[3102.377s][info][gc,phases      ] GC(642)   Other: 0.09ms
[3102.377s][info][gc,heap        ] GC(642) Eden regions: 1115->0(1108)
[3102.377s][info][gc,heap        ] GC(642) Survivor regions: 113->109(154)
[3102.377s][info][gc,heap        ] GC(642) Old regions: 507->539
[3102.377s][info][gc,heap        ] GC(642) Humongous regions: 80->80
[3102.377s][info][gc,metaspace   ] GC(642) Metaspace: 28886K(29312K)->28886K(29312K) NonClass: 24017K(24256K)->24017K(24256K) Class: 4868K(5056K)->4868K(5056K)
[3102.377s][info][gc             ] GC(642) Pause Young (Prepare Mixed) (G1 Evacuation Pause) 3628M->1454M(4096M) 118.452ms
[3102.377s][info][gc,cpu         ] GC(642) User=0.70s Sys=0.00s Real=0.12s
....[3105.867s][info][gc,start       ] GC(643) Pause Young (Mixed) (G1 Evacuation Pause)
[3105.867s][info][gc,task        ] GC(643) Using 6 workers of 6 for evacuation
[3106.000s][info][gc,phases      ] GC(643)   Pre Evacuate Collection Set: 0.40ms
[3106.000s][info][gc,phases      ] GC(643)   Merge Heap Roots: 0.61ms
[3106.000s][info][gc,phases      ] GC(643)   Evacuate Collection Set: 130.83ms
[3106.000s][info][gc,phases      ] GC(643)   Post Evacuate Collection Set: 1.00ms
[3106.000s][info][gc,phases      ] GC(643)   Other: 0.09ms
[3106.000s][info][gc,heap        ] GC(643) Eden regions: 1108->0(1120)
[3106.000s][info][gc,heap        ] GC(643) Survivor regions: 109->108(153)
[3106.000s][info][gc,heap        ] GC(643) Old regions: 539->478
[3106.000s][info][gc,heap        ] GC(643) Humongous regions: 80->80
[3106.000s][info][gc,metaspace   ] GC(643) Metaspace: 28886K(29312K)->28886K(29312K) NonClass: 24017K(24256K)->24017K(24256K) Class: 4868K(5056K)->4868K(5056K)
[3106.000s][info][gc             ] GC(643) Pause Young (Mixed) (G1 Evacuation Pause) 3670M->1331M(4096M) 133.071ms
[3106.000s][info][gc,cpu         ] GC(643) User=0.79s Sys=0.00s Real=0.13s
...[3109.427s][info][gc,start       ] GC(644) Pause Young (Concurrent Start) (G1 Evacuation Pause)
[3109.427s][info][gc,task        ] GC(644) Using 6 workers of 6 for evacuation
[3109.547s][info][gc,phases      ] GC(644)   Pre Evacuate Collection Set: 0.44ms
[3109.547s][info][gc,phases      ] GC(644)   Merge Heap Roots: 0.50ms
[3109.547s][info][gc,phases      ] GC(644)   Evacuate Collection Set: 118.47ms
[3109.547s][info][gc,phases      ] GC(644)   Post Evacuate Collection Set: 0.92ms
[3109.547s][info][gc,phases      ] GC(644)   Other: 0.15ms
[3109.547s][info][gc,heap        ] GC(644) Eden regions: 1120->0(1117)
[3109.547s][info][gc,heap        ] GC(644) Survivor regions: 108->111(154)
[3109.547s][info][gc,heap        ] GC(644) Old regions: 478->510
[3109.547s][info][gc,heap        ] GC(644) Humongous regions: 80->80
[3109.547s][info][gc,metaspace   ] GC(644) Metaspace: 28886K(29312K)->28886K(29312K) NonClass: 24017K(24256K)->24017K(24256K) Class: 4868K(5056K)->4868K(5056K)
[3109.547s][info][gc             ] GC(644) Pause Young (Concurrent Start) (G1 Evacuation Pause) 3571M->1400M(4096M) 120.625ms
[3109.547s][info][gc             ] GC(645) Concurrent Mark Cycle
[3109.547s][info][gc,marking     ] GC(645) Concurrent Scan Root Regions
[3109.547s][info][gc,cpu         ] GC(644) User=0.71s Sys=0.00s Real=0.12s
[3109.664s][info][gc,marking     ] GC(645) Concurrent Scan Root Regions 116.257ms
[3109.664s][info][gc,marking     ] GC(645) Concurrent Mark
[3109.664s][info][gc,marking     ] GC(645) Concurrent Mark From Roots
[3109.664s][info][gc,task        ] GC(645) Using 2 workers of 2 for marking
.[3110.210s][info][gc,marking     ] GC(645) Concurrent Mark From Roots 545.934ms
[3110.210s][info][gc,marking     ] GC(645) Concurrent Preclean
[3110.211s][info][gc,marking     ] GC(645) Concurrent Preclean 1.159ms
[3110.211s][info][gc,start       ] GC(645) Pause Remark
[3110.216s][info][gc             ] GC(645) Pause Remark 1850M->1850M(4096M) 4.846ms
[3110.216s][info][gc,cpu         ] GC(645) User=0.02s Sys=0.00s Real=0.01s
[3110.216s][info][gc,marking     ] GC(645) Concurrent Mark 552.241ms
[3110.216s][info][gc,marking     ] GC(645) Concurrent Rebuild Remembered Sets and Scrub Regions
[3110.487s][info][gc,marking     ] GC(645) Concurrent Rebuild Remembered Sets and Scrub Regions 271.436ms
[3110.488s][info][gc,start       ] GC(645) Pause Cleanup
[3110.488s][info][gc             ] GC(645) Pause Cleanup 2029M->2029M(4096M) 0.126ms
[3110.488s][info][gc,cpu         ] GC(645) User=0.00s Sys=0.00s Real=0.00s
[3110.488s][info][gc,marking     ] GC(645) Concurrent Clear Claimed Marks
[3110.488s][info][gc,marking     ] GC(645) Concurrent Clear Claimed Marks 0.030ms
[3110.488s][info][gc,marking     ] GC(645) Concurrent Cleanup for Next Mark
[3110.492s][info][gc,marking     ] GC(645) Concurrent Cleanup for Next Mark 3.774ms
[3110.492s][info][gc             ] GC(645) Concurrent Mark Cycle 944.708ms
...[3113.000s][info][gc,start       ] GC(646) Pause Young (Prepare Mixed) (G1 Evacuation Pause)
[3113.000s][info][gc,task        ] GC(646) Using 6 workers of 6 for evacuation
[3113.121s][info][gc,phases      ] GC(646)   Pre Evacuate Collection Set: 0.36ms
[3113.121s][info][gc,phases      ] GC(646)   Merge Heap Roots: 0.52ms
[3113.121s][info][gc,phases      ] GC(646)   Evacuate Collection Set: 118.81ms
[3113.121s][info][gc,phases      ] GC(646)   Post Evacuate Collection Set: 0.98ms
[3113.121s][info][gc,phases      ] GC(646)   Other: 0.08ms
[3113.121s][info][gc,heap        ] GC(646) Eden regions: 1117->0(1103)
[3113.121s][info][gc,heap        ] GC(646) Survivor regions: 111->110(154)
[3113.121s][info][gc,heap        ] GC(646) Old regions: 510->542
[3113.121s][info][gc,heap        ] GC(646) Humongous regions: 80->80
[3113.121s][info][gc,metaspace   ] GC(646) Metaspace: 28886K(29312K)->28886K(29312K) NonClass: 24017K(24256K)->24017K(24256K) Class: 4868K(5056K)->4868K(5056K)
[3113.121s][info][gc             ] GC(646) Pause Young (Prepare Mixed) (G1 Evacuation Pause) 3634M->1462M(4096M) 120.908ms
[3113.121s][info][gc,cpu         ] GC(646) User=0.71s Sys=0.00s Real=0.12s
...[3116.621s][info][gc,start       ] GC(647) Pause Young (Mixed) (G1 Evacuation Pause)
[3116.622s][info][gc,task        ] GC(647) Using 6 workers of 6 for evacuation
[3116.755s][info][gc,phases      ] GC(647)   Pre Evacuate Collection Set: 0.41ms
[3116.756s][info][gc,phases      ] GC(647)   Merge Heap Roots: 0.79ms
[3116.756s][info][gc,phases      ] GC(647)   Evacuate Collection Set: 131.66ms
[3116.756s][info][gc,phases      ] GC(647)   Post Evacuate Collection Set: 0.99ms
[3116.756s][info][gc,phases      ] GC(647)   Other: 0.10ms
[3116.756s][info][gc,heap        ] GC(647) Eden regions: 1103->0(1118)
[3116.756s][info][gc,heap        ] GC(647) Survivor regions: 110->110(152)
[3116.756s][info][gc,heap        ] GC(647) Old regions: 542->475
[3116.756s][info][gc,heap        ] GC(647) Humongous regions: 80->80
[3116.756s][info][gc,metaspace   ] GC(647) Metaspace: 28886K(29312K)->28886K(29312K) NonClass: 24017K(24256K)->24017K(24256K) Class: 4868K(5056K)->4868K(5056K)
[3116.756s][info][gc             ] GC(647) Pause Young (Mixed) (G1 Evacuation Pause) 3668M->1327M(4096M) 134.096ms
[3116.756s][info][gc,cpu         ] GC(647) User=0.79s Sys=0.01s Real=0.14s
....[3120.178s][info][gc,start       ] GC(648) Pause Young (Concurrent Start) (G1 Evacuation Pause)
[3120.178s][info][gc,task        ] GC(648) Using 6 workers of 6 for evacuation
[3120.295s][info][gc,phases      ] GC(648)   Pre Evacuate Collection Set: 0.44ms
[3120.295s][info][gc,phases      ] GC(648)   Merge Heap Roots: 0.50ms
[3120.295s][info][gc,phases      ] GC(648)   Evacuate Collection Set: 115.27ms
[3120.295s][info][gc,phases      ] GC(648)   Post Evacuate Collection Set: 0.91ms
[3120.295s][info][gc,phases      ] GC(648)   Other: 0.13ms
[3120.295s][info][gc,heap        ] GC(648) Eden regions: 1118->0(1119)
[3120.295s][info][gc,heap        ] GC(648) Survivor regions: 110->109(154)
[3120.295s][info][gc,heap        ] GC(648) Old regions: 475->507
[3120.295s][info][gc,heap        ] GC(648) Humongous regions: 80->80
[3120.295s][info][gc,metaspace   ] GC(648) Metaspace: 28886K(29312K)->28886K(29312K) NonClass: 24017K(24256K)->24017K(24256K) Class: 4868K(5056K)->4868K(5056K)
[3120.295s][info][gc             ] GC(648) Pause Young (Concurrent Start) (G1 Evacuation Pause) 3563M->1390M(4096M) 117.380ms
[3120.295s][info][gc             ] GC(649) Concurrent Mark Cycle
[3120.295s][info][gc,marking     ] GC(649) Concurrent Scan Root Regions
[3120.295s][info][gc,cpu         ] GC(648) User=0.70s Sys=0.00s Real=0.12s
[3120.472s][info][gc,marking     ] GC(649) Concurrent Scan Root Regions 177.147ms
[3120.472s][info][gc,marking     ] GC(649) Concurrent Mark
[3120.472s][info][gc,marking     ] GC(649) Concurrent Mark From Roots
[3120.472s][info][gc,task        ] GC(649) Using 2 workers of 2 for marking
.[3121.133s][info][gc,marking     ] GC(649) Concurrent Mark From Roots 660.547ms
[3121.133s][info][gc,marking     ] GC(649) Concurrent Preclean
[3121.133s][info][gc,marking     ] GC(649) Concurrent Preclean 0.420ms
[3121.134s][info][gc,start       ] GC(649) Pause Remark
[3121.138s][info][gc             ] GC(649) Pause Remark 1975M->1975M(4096M) 4.435ms
[3121.138s][info][gc,cpu         ] GC(649) User=0.02s Sys=0.00s Real=0.00s
[3121.139s][info][gc,marking     ] GC(649) Concurrent Mark 666.609ms
[3121.139s][info][gc,marking     ] GC(649) Concurrent Rebuild Remembered Sets and Scrub Regions
[3121.375s][info][gc,marking     ] GC(649) Concurrent Rebuild Remembered Sets and Scrub Regions 236.131ms
[3121.375s][info][gc,start       ] GC(649) Pause Cleanup
[3121.375s][info][gc             ] GC(649) Pause Cleanup 2115M->2115M(4096M) 0.118ms
[3121.375s][info][gc,cpu         ] GC(649) User=0.00s Sys=0.00s Real=0.00s
[3121.376s][info][gc,marking     ] GC(649) Concurrent Clear Claimed Marks
[3121.376s][info][gc,marking     ] GC(649) Concurrent Clear Claimed Marks 0.023ms
[3121.376s][info][gc,marking     ] GC(649) Concurrent Cleanup for Next Mark
[3121.379s][info][gc,marking     ] GC(649) Concurrent Cleanup for Next Mark 3.698ms
[3121.379s][info][gc             ] GC(649) Concurrent Mark Cycle 1084.058ms
...[3123.808s][info][gc,start       ] GC(650) Pause Young (Prepare Mixed) (G1 Evacuation Pause)
[3123.808s][info][gc,task        ] GC(650) Using 6 workers of 6 for evacuation
[3123.927s][info][gc,phases      ] GC(650)   Pre Evacuate Collection Set: 0.40ms
[3123.927s][info][gc,phases      ] GC(650)   Merge Heap Roots: 0.62ms
[3123.927s][info][gc,phases      ] GC(650)   Evacuate Collection Set: 116.48ms
[3123.927s][info][gc,phases      ] GC(650)   Post Evacuate Collection Set: 0.96ms
[3123.927s][info][gc,phases      ] GC(650)   Other: 0.09ms
[3123.927s][info][gc,heap        ] GC(650) Eden regions: 1119->0(1110)
[3123.927s][info][gc,heap        ] GC(650) Survivor regions: 109->108(154)
[3123.927s][info][gc,heap        ] GC(650) Old regions: 507->539
[3123.927s][info][gc,heap        ] GC(650) Humongous regions: 80->80
[3123.927s][info][gc,metaspace   ] GC(650) Metaspace: 28887K(29312K)->28887K(29312K) NonClass: 24019K(24256K)->24019K(24256K) Class: 4868K(5056K)->4868K(5056K)
[3123.927s][info][gc             ] GC(650) Pause Young (Prepare Mixed) (G1 Evacuation Pause) 3628M->1452M(4096M) 118.674ms
[3123.927s][info][gc,cpu         ] GC(650) User=0.70s Sys=0.01s Real=0.12s
...[3127.345s][info][gc,start       ] GC(651) Pause Young (Mixed) (G1 Evacuation Pause)
[3127.346s][info][gc,task        ] GC(651) Using 6 workers of 6 for evacuation
[3127.478s][info][gc,phases      ] GC(651)   Pre Evacuate Collection Set: 0.40ms
[3127.478s][info][gc,phases      ] GC(651)   Merge Heap Roots: 0.69ms
[3127.478s][info][gc,phases      ] GC(651)   Evacuate Collection Set: 130.40ms
[3127.478s][info][gc,phases      ] GC(651)   Post Evacuate Collection Set: 0.98ms
[3127.478s][info][gc,phases      ] GC(651)   Other: 0.09ms
[3127.478s][info][gc,heap        ] GC(651) Eden regions: 1110->0(1118)
[3127.478s][info][gc,heap        ] GC(651) Survivor regions: 108->110(153)
[3127.478s][info][gc,heap        ] GC(651) Old regions: 539->476
[3127.478s][info][gc,heap        ] GC(651) Humongous regions: 80->80
[3127.478s][info][gc,metaspace   ] GC(651) Metaspace: 28887K(29312K)->28887K(29312K) NonClass: 24019K(24256K)->24019K(24256K) Class: 4868K(5056K)->4868K(5056K)
[3127.478s][info][gc             ] GC(651) Pause Young (Mixed) (G1 Evacuation Pause) 3672M->1329M(4096M) 132.690ms
[3127.478s][info][gc,cpu         ] GC(651) User=0.78s Sys=0.00s Real=0.13s
. (rIR:aIR:PR = 5258:5258:5258) (tPR = 78155) [OK] 
  3127s: Performance info:
         Transaction,    Success,    Partial,     Failed,   Receipts, AvgBarcode, 
             Overall,     316810,          0,          0,     300955,      59.48, 
         Response times:
             Request,    Success,    Partial,     Failed,   SkipFail,     Probes,    Samples,      min,      p50,      p90,      p95,      p99,      max, 
       TotalPurchase,     300956,          0,          0,          0,     294921,     316016,      300,     4300,     9600,    22000,    68000,   246000,
     InStorePurchase,     158386,          0,          0,          0,     155382,     166580,      300,     4600,     9800,    22000,    71000,   246000,
      OnlinePurchase,     110889,          0,          0,          0,     108789,     116185,      300,     4000,     9400,    21000,    65000,   246000,
        InstPurchase,      31681,          0,          0,          0,      30750,      33251,      400,     4300,     9600,    22000,    67000,   246000,
          AssocOfCat,        316,          0,          0,          0,        252,        326,    19100,    32000,    52600,    61000,   100570,   191000,
      AssocOfProduct,       3158,          0,          0,          0,       2950,       3331,      800,     3700,     8980,    21000,    54000,   137000,
      BusinessReport,        787,          0,          0,          0,        674,        808,    21000,    37000,    76100,    95000,   159640,   222000,
          CustBuyBeh,       3169,          0,          0,          0,       2896,       3287,      300,     2500,     7220,    17000,    48240,   123000,
       ProductReturn,       8425,          0,          0,          0,       8043,       8841,      200,     4200,     9300,    21000,    62000,   246000,

  3127s: (39%)   IR =   5396 ...[3130.841s][info][gc,start       ] GC(652) Pause Young (Concurrent Start) (G1 Evacuation Pause)
[3130.841s][info][gc,task        ] GC(652) Using 6 workers of 6 for evacuation
[3130.959s][info][gc,phases      ] GC(652)   Pre Evacuate Collection Set: 0.41ms
[3130.959s][info][gc,phases      ] GC(652)   Merge Heap Roots: 0.52ms
[3130.959s][info][gc,phases      ] GC(652)   Evacuate Collection Set: 115.88ms
[3130.959s][info][gc,phases      ] GC(652)   Post Evacuate Collection Set: 0.98ms
[3130.959s][info][gc,phases      ] GC(652)   Other: 0.12ms
[3130.959s][info][gc,heap        ] GC(652) Eden regions: 1118->0(1121)
[3130.959s][info][gc,heap        ] GC(652) Survivor regions: 110->107(154)
[3130.959s][info][gc,heap        ] GC(652) Old regions: 476->508
[3130.959s][info][gc,heap        ] GC(652) Humongous regions: 80->80
[3130.959s][info][gc,metaspace   ] GC(652) Metaspace: 28887K(29312K)->28887K(29312K) NonClass: 24019K(24256K)->24019K(24256K) Class: 4868K(5056K)->4868K(5056K)
[3130.959s][info][gc             ] GC(652) Pause Young (Concurrent Start) (G1 Evacuation Pause) 3565M->1389M(4096M) 118.059ms
[3130.959s][info][gc             ] GC(653) Concurrent Mark Cycle
[3130.959s][info][gc,marking     ] GC(653) Concurrent Scan Root Regions
[3130.959s][info][gc,cpu         ] GC(652) User=0.70s Sys=0.00s Real=0.12s
[3131.132s][info][gc,marking     ] GC(653) Concurrent Scan Root Regions 173.325ms
[3131.132s][info][gc,marking     ] GC(653) Concurrent Mark
[3131.132s][info][gc,marking     ] GC(653) Concurrent Mark From Roots
[3131.132s][info][gc,task        ] GC(653) Using 2 workers of 2 for marking
.|[3131.949s][info][gc,marking     ] GC(653) Concurrent Mark From Roots 817.106ms
[3131.949s][info][gc,marking     ] GC(653) Concurrent Preclean
[3131.950s][info][gc,marking     ] GC(653) Concurrent Preclean 0.419ms
[3131.950s][info][gc,start       ] GC(653) Pause Remark
[3131.956s][info][gc             ] GC(653) Pause Remark 2103M->2103M(4096M) 5.980ms
[3131.956s][info][gc,cpu         ] GC(653) User=0.03s Sys=0.00s Real=0.01s
[3131.956s][info][gc,marking     ] GC(653) Concurrent Mark 823.771ms
[3131.956s][info][gc,marking     ] GC(653) Concurrent Rebuild Remembered Sets and Scrub Regions
[3132.247s][info][gc,marking     ] GC(653) Concurrent Rebuild Remembered Sets and Scrub Regions 291.076ms
[3132.248s][info][gc,start       ] GC(653) Pause Cleanup
[3132.248s][info][gc             ] GC(653) Pause Cleanup 2299M->2299M(4096M) 0.130ms
[3132.248s][info][gc,cpu         ] GC(653) User=0.00s Sys=0.00s Real=0.00s
[3132.249s][info][gc,marking     ] GC(653) Concurrent Clear Claimed Marks
[3132.249s][info][gc,marking     ] GC(653) Concurrent Clear Claimed Marks 0.033ms
[3132.249s][info][gc,marking     ] GC(653) Concurrent Cleanup for Next Mark
[3132.253s][info][gc,marking     ] GC(653) Concurrent Cleanup for Next Mark 4.219ms
[3132.253s][info][gc             ] GC(653) Concurrent Mark Cycle 1294.256ms
..[3134.294s][info][gc,start       ] GC(654) Pause Young (Prepare Mixed) (G1 Evacuation Pause)
[3134.294s][info][gc,task        ] GC(654) Using 6 workers of 6 for evacuation
[3134.415s][info][gc,phases      ] GC(654)   Pre Evacuate Collection Set: 0.37ms
[3134.415s][info][gc,phases      ] GC(654)   Merge Heap Roots: 0.54ms
[3134.415s][info][gc,phases      ] GC(654)   Evacuate Collection Set: 118.98ms
[3134.415s][info][gc,phases      ] GC(654)   Post Evacuate Collection Set: 1.00ms
[3134.415s][info][gc,phases      ] GC(654)   Other: 0.09ms
[3134.415s][info][gc,heap        ] GC(654) Eden regions: 1121->0(1103)
[3134.416s][info][gc,heap        ] GC(654) Survivor regions: 107->111(154)
[3134.416s][info][gc,heap        ] GC(654) Old regions: 508->540
[3134.416s][info][gc,heap        ] GC(654) Humongous regions: 80->80
[3134.416s][info][gc,metaspace   ] GC(654) Metaspace: 28887K(29312K)->28887K(29312K) NonClass: 24019K(24256K)->24019K(24256K) Class: 4868K(5056K)->4868K(5056K)
[3134.416s][info][gc             ] GC(654) Pause Young (Prepare Mixed) (G1 Evacuation Pause) 3631M->1460M(4096M) 121.119ms
[3134.416s][info][gc,cpu         ] GC(654) User=0.71s Sys=0.00s Real=0.12s
...[3137.780s][info][gc,start       ] GC(655) Pause Young (Mixed) (G1 Evacuation Pause)
[3137.780s][info][gc,task        ] GC(655) Using 6 workers of 6 for evacuation
[3137.916s][info][gc,phases      ] GC(655)   Pre Evacuate Collection Set: 0.44ms
[3137.916s][info][gc,phases      ] GC(655)   Merge Heap Roots: 0.75ms
[3137.916s][info][gc,phases      ] GC(655)   Evacuate Collection Set: 132.93ms
[3137.916s][info][gc,phases      ] GC(655)   Post Evacuate Collection Set: 0.96ms
[3137.916s][info][gc,phases      ] GC(655)   Other: 0.09ms
[3137.916s][info][gc,heap        ] GC(655) Eden regions: 1103->0(1121)
[3137.916s][info][gc,heap        ] GC(655) Survivor regions: 111->107(152)
[3137.916s][info][gc,heap        ] GC(655) Old regions: 540->476
[3137.916s][info][gc,heap        ] GC(655) Humongous regions: 80->80
[3137.916s][info][gc,metaspace   ] GC(655) Metaspace: 28887K(29312K)->28887K(29312K) NonClass: 24019K(24256K)->24019K(24256K) Class: 4868K(5056K)->4868K(5056K)
[3137.916s][info][gc             ] GC(655) Pause Young (Mixed) (G1 Evacuation Pause) 3666M->1324M(4096M) 135.317ms
[3137.916s][info][gc,cpu         ] GC(655) User=0.80s Sys=0.00s Real=0.14s
....[3141.272s][info][gc,start       ] GC(656) Pause Young (Concurrent Start) (G1 Evacuation Pause)
[3141.272s][info][gc,task        ] GC(656) Using 6 workers of 6 for evacuation
[3141.393s][info][gc,phases      ] GC(656)   Pre Evacuate Collection Set: 0.40ms
[3141.393s][info][gc,phases      ] GC(656)   Merge Heap Roots: 0.47ms
[3141.393s][info][gc,phases      ] GC(656)   Evacuate Collection Set: 118.68ms
[3141.393s][info][gc,phases      ] GC(656)   Post Evacuate Collection Set: 0.82ms
[3141.393s][info][gc,phases      ] GC(656)   Other: 0.13ms
[3141.393s][info][gc,heap        ] GC(656) Eden regions: 1121->0(1116)
[3141.393s][info][gc,heap        ] GC(656) Survivor regions: 107->112(154)
[3141.393s][info][gc,heap        ] GC(656) Old regions: 476->507
[3141.393s][info][gc,heap        ] GC(656) Humongous regions: 80->80
[3141.393s][info][gc,metaspace   ] GC(656) Metaspace: 28887K(29312K)->28887K(29312K) NonClass: 24019K(24256K)->24019K(24256K) Class: 4868K(5056K)->4868K(5056K)
[3141.393s][info][gc             ] GC(656) Pause Young (Concurrent Start) (G1 Evacuation Pause) 3566M->1397M(4096M) 120.628ms
[3141.393s][info][gc             ] GC(657) Concurrent Mark Cycle
[3141.393s][info][gc,marking     ] GC(657) Concurrent Scan Root Regions
[3141.393s][info][gc,cpu         ] GC(656) User=0.71s Sys=0.00s Real=0.12s
[3141.614s][info][gc,marking     ] GC(657) Concurrent Scan Root Regions 220.972ms
[3141.614s][info][gc,marking     ] GC(657) Concurrent Mark
[3141.614s][info][gc,marking     ] GC(657) Concurrent Mark From Roots
[3141.614s][info][gc,task        ] GC(657) Using 2 workers of 2 for marking
.[3142.412s][info][gc,marking     ] GC(657) Concurrent Mark From Roots 798.566ms
[3142.412s][info][gc,marking     ] GC(657) Concurrent Preclean
[3142.413s][info][gc,marking     ] GC(657) Concurrent Preclean 0.644ms
[3142.413s][info][gc,start       ] GC(657) Pause Remark
[3142.419s][info][gc             ] GC(657) Pause Remark 2134M->2134M(4096M) 6.096ms
[3142.419s][info][gc,cpu         ] GC(657) User=0.03s Sys=0.00s Real=0.01s
[3142.419s][info][gc,marking     ] GC(657) Concurrent Mark 805.616ms
[3142.419s][info][gc,marking     ] GC(657) Concurrent Rebuild Remembered Sets and Scrub Regions
[3142.710s][info][gc,marking     ] GC(657) Concurrent Rebuild Remembered Sets and Scrub Regions 290.229ms
[3142.711s][info][gc,start       ] GC(657) Pause Cleanup
[3142.711s][info][gc             ] GC(657) Pause Cleanup 2319M->2319M(4096M) 0.170ms
[3142.712s][info][gc,cpu         ] GC(657) User=0.00s Sys=0.00s Real=0.00s
[3142.712s][info][gc,marking     ] GC(657) Concurrent Clear Claimed Marks
[3142.712s][info][gc,marking     ] GC(657) Concurrent Clear Claimed Marks 0.041ms
[3142.712s][info][gc,marking     ] GC(657) Concurrent Cleanup for Next Mark
[3142.719s][info][gc,marking     ] GC(657) Concurrent Cleanup for Next Mark 7.184ms
[3142.719s][info][gc             ] GC(657) Concurrent Mark Cycle 1326.240ms
..[3144.729s][info][gc,start       ] GC(658) Pause Young (Prepare Mixed) (G1 Evacuation Pause)
[3144.729s][info][gc,task        ] GC(658) Using 6 workers of 6 for evacuation
[3144.848s][info][gc,phases      ] GC(658)   Pre Evacuate Collection Set: 0.38ms
[3144.848s][info][gc,phases      ] GC(658)   Merge Heap Roots: 0.60ms
[3144.848s][info][gc,phases      ] GC(658)   Evacuate Collection Set: 116.97ms
[3144.848s][info][gc,phases      ] GC(658)   Post Evacuate Collection Set: 0.95ms
[3144.848s][info][gc,phases      ] GC(658)   Other: 0.11ms
[3144.848s][info][gc,heap        ] GC(658) Eden regions: 1116->0(1106)
[3144.848s][info][gc,heap        ] GC(658) Survivor regions: 112->110(154)
[3144.848s][info][gc,heap        ] GC(658) Old regions: 507->539
[3144.848s][info][gc,heap        ] GC(658) Humongous regions: 80->80
[3144.848s][info][gc,metaspace   ] GC(658) Metaspace: 28887K(29312K)->28887K(29312K) NonClass: 24019K(24256K)->24019K(24256K) Class: 4868K(5056K)->4868K(5056K)
[3144.848s][info][gc             ] GC(658) Pause Young (Prepare Mixed) (G1 Evacuation Pause) 3629M->1457M(4096M) 119.156ms
[3144.849s][info][gc,cpu         ] GC(658) User=0.70s Sys=0.00s Real=0.12s
....[3148.269s][info][gc,start       ] GC(659) Pause Young (Mixed) (G1 Evacuation Pause)
[3148.269s][info][gc,task        ] GC(659) Using 6 workers of 6 for evacuation
[3148.401s][info][gc,phases      ] GC(659)   Pre Evacuate Collection Set: 0.42ms
[3148.401s][info][gc,phases      ] GC(659)   Merge Heap Roots: 0.72ms
[3148.401s][info][gc,phases      ] GC(659)   Evacuate Collection Set: 129.96ms
[3148.401s][info][gc,phases      ] GC(659)   Post Evacuate Collection Set: 1.00ms
[3148.401s][info][gc,phases      ] GC(659)   Other: 0.09ms
[3148.401s][info][gc,heap        ] GC(659) Eden regions: 1106->0(1119)
[3148.401s][info][gc,heap        ] GC(659) Survivor regions: 110->109(152)
[3148.401s][info][gc,heap        ] GC(659) Old regions: 539->474
[3148.401s][info][gc,heap        ] GC(659) Humongous regions: 80->80
[3148.401s][info][gc,metaspace   ] GC(659) Metaspace: 28887K(29312K)->28887K(29312K) NonClass: 24019K(24256K)->24019K(24256K) Class: 4868K(5056K)->4868K(5056K)
[3148.401s][info][gc             ] GC(659) Pause Young (Mixed) (G1 Evacuation Pause) 3669M->1325M(4096M) 132.329ms
[3148.401s][info][gc,cpu         ] GC(659) User=0.78s Sys=0.00s Real=0.13s
...[3151.711s][info][gc,start       ] GC(660) Pause Young (Concurrent Start) (G1 Evacuation Pause)
[3151.711s][info][gc,task        ] GC(660) Using 6 workers of 6 for evacuation
[3151.828s][info][gc,phases      ] GC(660)   Pre Evacuate Collection Set: 0.43ms
[3151.828s][info][gc,phases      ] GC(660)   Merge Heap Roots: 0.49ms
[3151.828s][info][gc,phases      ] GC(660)   Evacuate Collection Set: 115.84ms
[3151.828s][info][gc,phases      ] GC(660)   Post Evacuate Collection Set: 0.93ms
[3151.828s][info][gc,phases      ] GC(660)   Other: 0.10ms
[3151.828s][info][gc,heap        ] GC(660) Eden regions: 1119->0(1119)
[3151.828s][info][gc,heap        ] GC(660) Survivor regions: 109->109(154)
[3151.828s][info][gc,heap        ] GC(660) Old regions: 474->506
[3151.828s][info][gc,heap        ] GC(660) Humongous regions: 80->80
[3151.828s][info][gc,metaspace   ] GC(660) Metaspace: 28887K(29312K)->28887K(29312K) NonClass: 24019K(24256K)->24019K(24256K) Class: 4868K(5056K)->4868K(5056K)
[3151.828s][info][gc             ] GC(660) Pause Young (Concurrent Start) (G1 Evacuation Pause) 3563M->1388M(4096M) 117.923ms
[3151.828s][info][gc             ] GC(661) Concurrent Mark Cycle
[3151.828s][info][gc,marking     ] GC(661) Concurrent Scan Root Regions
[3151.828s][info][gc,cpu         ] GC(660) User=0.70s Sys=0.00s Real=0.12s
.[3151.992s][info][gc,marking     ] GC(661) Concurrent Scan Root Regions 163.781ms
[3151.992s][info][gc,marking     ] GC(661) Concurrent Mark
[3151.992s][info][gc,marking     ] GC(661) Concurrent Mark From Roots
[3151.992s][info][gc,task        ] GC(661) Using 2 workers of 2 for marking
[3152.660s][info][gc,marking     ] GC(661) Concurrent Mark From Roots 667.259ms
[3152.660s][info][gc,marking     ] GC(661) Concurrent Preclean
[3152.660s][info][gc,marking     ] GC(661) Concurrent Preclean 0.101ms
[3152.660s][info][gc,start       ] GC(661) Pause Remark
[3152.664s][info][gc             ] GC(661) Pause Remark 1968M->1968M(4096M) 4.319ms
[3152.664s][info][gc,cpu         ] GC(661) User=0.02s Sys=0.00s Real=0.01s
[3152.665s][info][gc,marking     ] GC(661) Concurrent Mark 672.597ms
[3152.665s][info][gc,marking     ] GC(661) Concurrent Rebuild Remembered Sets and Scrub Regions
[3152.914s][info][gc,marking     ] GC(661) Concurrent Rebuild Remembered Sets and Scrub Regions 249.251ms
[3152.914s][info][gc,start       ] GC(661) Pause Cleanup
[3152.914s][info][gc             ] GC(661) Pause Cleanup 2137M->2137M(4096M) 0.114ms
[3152.914s][info][gc,cpu         ] GC(661) User=0.00s Sys=0.00s Real=0.00s
[3152.915s][info][gc,marking     ] GC(661) Concurrent Clear Claimed Marks
[3152.915s][info][gc,marking     ] GC(661) Concurrent Clear Claimed Marks 0.026ms
[3152.915s][info][gc,marking     ] GC(661) Concurrent Cleanup for Next Mark
[3152.918s][info][gc,marking     ] GC(661) Concurrent Cleanup for Next Mark 3.655ms
[3152.918s][info][gc             ] GC(661) Concurrent Mark Cycle 1089.799ms
...[3155.194s][info][gc,start       ] GC(662) Pause Young (Prepare Mixed) (G1 Evacuation Pause)
[3155.194s][info][gc,task        ] GC(662) Using 6 workers of 6 for evacuation
[3155.317s][info][gc,phases      ] GC(662)   Pre Evacuate Collection Set: 0.35ms
[3155.317s][info][gc,phases      ] GC(662)   Merge Heap Roots: 0.51ms
[3155.317s][info][gc,phases      ] GC(662)   Evacuate Collection Set: 121.11ms
[3155.317s][info][gc,phases      ] GC(662)   Post Evacuate Collection Set: 0.93ms
[3155.317s][info][gc,phases      ] GC(662)   Other: 0.09ms
[3155.317s][info][gc,heap        ] GC(662) Eden regions: 1119->0(1105)
[3155.317s][info][gc,heap        ] GC(662) Survivor regions: 109->111(154)
[3155.317s][info][gc,heap        ] GC(662) Old regions: 506->538
[3155.317s][info][gc,heap        ] GC(662) Humongous regions: 80->80
[3155.317s][info][gc,metaspace   ] GC(662) Metaspace: 28887K(29312K)->28887K(29312K) NonClass: 24019K(24256K)->24019K(24256K) Class: 4868K(5056K)->4868K(5056K)
[3155.317s][info][gc             ] GC(662) Pause Young (Prepare Mixed) (G1 Evacuation Pause) 3626M->1455M(4096M) 123.114ms
[3155.317s][info][gc,cpu         ] GC(662) User=0.72s Sys=0.00s Real=0.13s
...[3158.603s][info][gc,start       ] GC(663) Pause Young (Mixed) (G1 Evacuation Pause)
[3158.603s][info][gc,task        ] GC(663) Using 6 workers of 6 for evacuation
[3158.733s][info][gc,phases      ] GC(663)   Pre Evacuate Collection Set: 0.42ms
[3158.733s][info][gc,phases      ] GC(663)   Merge Heap Roots: 0.63ms
[3158.733s][info][gc,phases      ] GC(663)   Evacuate Collection Set: 128.16ms
[3158.733s][info][gc,phases      ] GC(663)   Post Evacuate Collection Set: 0.99ms
[3158.733s][info][gc,phases      ] GC(663)   Other: 0.09ms
[3158.733s][info][gc,heap        ] GC(663) Eden regions: 1105->0(1119)
[3158.733s][info][gc,heap        ] GC(663) Survivor regions: 111->109(152)
[3158.733s][info][gc,heap        ] GC(663) Old regions: 538->475
[3158.733s][info][gc,heap        ] GC(663) Humongous regions: 80->80
[3158.733s][info][gc,metaspace   ] GC(663) Metaspace: 28887K(29312K)->28887K(29312K) NonClass: 24019K(24256K)->24019K(24256K) Class: 4868K(5056K)->4868K(5056K)
[3158.733s][info][gc             ] GC(663) Pause Young (Mixed) (G1 Evacuation Pause) 3665M->1325M(4096M) 130.434ms
[3158.733s][info][gc,cpu         ] GC(663) User=0.77s Sys=0.00s Real=0.13s
....[3162.187s][info][gc,start       ] GC(664) Pause Young (Concurrent Start) (G1 Evacuation Pause)
[3162.187s][info][gc,task        ] GC(664) Using 6 workers of 6 for evacuation
[3162.307s][info][gc,phases      ] GC(664)   Pre Evacuate Collection Set: 0.39ms
[3162.307s][info][gc,phases      ] GC(664)   Merge Heap Roots: 0.50ms
[3162.307s][info][gc,phases      ] GC(664)   Evacuate Collection Set: 118.30ms
[3162.307s][info][gc,phases      ] GC(664)   Post Evacuate Collection Set: 0.93ms
[3162.307s][info][gc,phases      ] GC(664)   Other: 0.11ms
[3162.307s][info][gc,heap        ] GC(664) Eden regions: 1119->0(1117)
[3162.307s][info][gc,heap        ] GC(664) Survivor regions: 109->111(154)
[3162.307s][info][gc,heap        ] GC(664) Old regions: 475->506
[3162.307s][info][gc,heap        ] GC(664) Humongous regions: 80->80
[3162.307s][info][gc,metaspace   ] GC(664) Metaspace: 28887K(29312K)->28887K(29312K) NonClass: 24019K(24256K)->24019K(24256K) Class: 4868K(5056K)->4868K(5056K)
[3162.307s][info][gc             ] GC(664) Pause Young (Concurrent Start) (G1 Evacuation Pause) 3563M->1392M(4096M) 120.383ms
[3162.307s][info][gc             ] GC(665) Concurrent Mark Cycle
[3162.307s][info][gc,marking     ] GC(665) Concurrent Scan Root Regions
[3162.307s][info][gc,cpu         ] GC(664) User=0.71s Sys=0.00s Real=0.12s
[3162.498s][info][gc,marking     ] GC(665) Concurrent Scan Root Regions 190.736ms
[3162.498s][info][gc,marking     ] GC(665) Concurrent Mark
[3162.498s][info][gc,marking     ] GC(665) Concurrent Mark From Roots
[3162.498s][info][gc,task        ] GC(665) Using 2 workers of 2 for marking
.[3163.300s][info][gc,marking     ] GC(665) Concurrent Mark From Roots 801.841ms
[3163.300s][info][gc,marking     ] GC(665) Concurrent Preclean
[3163.301s][info][gc,marking     ] GC(665) Concurrent Preclean 0.502ms
[3163.301s][info][gc,start       ] GC(665) Pause Remark
[3163.306s][info][gc             ] GC(665) Pause Remark 2104M->2104M(4096M) 5.020ms
[3163.306s][info][gc,cpu         ] GC(665) User=0.02s Sys=0.00s Real=0.01s
[3163.306s][info][gc,marking     ] GC(665) Concurrent Mark 807.993ms
[3163.306s][info][gc,marking     ] GC(665) Concurrent Rebuild Remembered Sets and Scrub Regions
[3163.636s][info][gc,marking     ] GC(665) Concurrent Rebuild Remembered Sets and Scrub Regions 329.812ms
[3163.636s][info][gc,start       ] GC(665) Pause Cleanup
[3163.636s][info][gc             ] GC(665) Pause Cleanup 2324M->2324M(4096M) 0.109ms
[3163.636s][info][gc,cpu         ] GC(665) User=0.00s Sys=0.00s Real=0.00s
[3163.636s][info][gc,marking     ] GC(665) Concurrent Clear Claimed Marks
[3163.636s][info][gc,marking     ] GC(665) Concurrent Clear Claimed Marks 0.026ms
[3163.636s][info][gc,marking     ] GC(665) Concurrent Cleanup for Next Mark
[3163.640s][info][gc,marking     ] GC(665) Concurrent Cleanup for Next Mark 3.215ms
[3163.640s][info][gc             ] GC(665) Concurrent Mark Cycle 1332.224ms
..[3165.655s][info][gc,start       ] GC(666) Pause Young (Prepare Mixed) (G1 Evacuation Pause)
[3165.655s][info][gc,task        ] GC(666) Using 6 workers of 6 for evacuation
[3165.776s][info][gc,phases      ] GC(666)   Pre Evacuate Collection Set: 0.37ms
[3165.776s][info][gc,phases      ] GC(666)   Merge Heap Roots: 0.52ms
[3165.776s][info][gc,phases      ] GC(666)   Evacuate Collection Set: 119.10ms
[3165.776s][info][gc,phases      ] GC(666)   Post Evacuate Collection Set: 0.93ms
[3165.776s][info][gc,phases      ] GC(666)   Other: 0.10ms
[3165.776s][info][gc,heap        ] GC(666) Eden regions: 1117->0(1100)
[3165.776s][info][gc,heap        ] GC(666) Survivor regions: 111->114(154)
[3165.776s][info][gc,heap        ] GC(666) Old regions: 506->537
[3165.776s][info][gc,heap        ] GC(666) Humongous regions: 80->80
[3165.776s][info][gc,metaspace   ] GC(666) Metaspace: 28887K(29312K)->28887K(29312K) NonClass: 24019K(24256K)->24019K(24256K) Class: 4868K(5056K)->4868K(5056K)
[3165.776s][info][gc             ] GC(666) Pause Young (Prepare Mixed) (G1 Evacuation Pause) 3626M->1459M(4096M) 121.137ms
[3165.777s][info][gc,cpu         ] GC(666) User=0.71s Sys=0.00s Real=0.12s
....[3169.134s][info][gc,start       ] GC(667) Pause Young (Mixed) (G1 Evacuation Pause)
[3169.134s][info][gc,task        ] GC(667) Using 6 workers of 6 for evacuation
[3169.268s][info][gc,phases      ] GC(667)   Pre Evacuate Collection Set: 0.39ms
[3169.268s][info][gc,phases      ] GC(667)   Merge Heap Roots: 0.74ms
[3169.268s][info][gc,phases      ] GC(667)   Evacuate Collection Set: 131.81ms
[3169.268s][info][gc,phases      ] GC(667)   Post Evacuate Collection Set: 0.97ms
[3169.268s][info][gc,phases      ] GC(667)   Other: 0.09ms
[3169.268s][info][gc,heap        ] GC(667) Eden regions: 1100->0(1120)
[3169.268s][info][gc,heap        ] GC(667) Survivor regions: 114->108(152)
[3169.268s][info][gc,heap        ] GC(667) Old regions: 537->474
[3169.268s][info][gc,heap        ] GC(667) Humongous regions: 80->80
[3169.268s][info][gc,metaspace   ] GC(667) Metaspace: 28887K(29312K)->28887K(29312K) NonClass: 24019K(24256K)->24019K(24256K) Class: 4868K(5056K)->4868K(5056K)
[3169.268s][info][gc             ] GC(667) Pause Young (Mixed) (G1 Evacuation Pause) 3659M->1322M(4096M) 134.141ms
[3169.269s][info][gc,cpu         ] GC(667) User=0.80s Sys=0.00s Real=0.13s
...[3172.622s][info][gc,start       ] GC(668) Pause Young (Concurrent Start) (G1 Evacuation Pause)
[3172.622s][info][gc,task        ] GC(668) Using 6 workers of 6 for evacuation
[3172.740s][info][gc,phases      ] GC(668)   Pre Evacuate Collection Set: 0.41ms
[3172.740s][info][gc,phases      ] GC(668)   Merge Heap Roots: 0.53ms
[3172.740s][info][gc,phases      ] GC(668)   Evacuate Collection Set: 116.65ms
[3172.740s][info][gc,phases      ] GC(668)   Post Evacuate Collection Set: 0.91ms
[3172.740s][info][gc,phases      ] GC(668)   Other: 0.12ms
[3172.740s][info][gc,heap        ] GC(668) Eden regions: 1120->0(1118)
[3172.740s][info][gc,heap        ] GC(668) Survivor regions: 108->110(154)
[3172.740s][info][gc,heap        ] GC(668) Old regions: 474->506
[3172.740s][info][gc,heap        ] GC(668) Humongous regions: 80->80
[3172.740s][info][gc,metaspace   ] GC(668) Metaspace: 28887K(29312K)->28887K(29312K) NonClass: 24019K(24256K)->24019K(24256K) Class: 4868K(5056K)->4868K(5056K)
[3172.740s][info][gc             ] GC(668) Pause Young (Concurrent Start) (G1 Evacuation Pause) 3562M->1389M(4096M) 118.756ms
[3172.740s][info][gc             ] GC(669) Concurrent Mark Cycle
[3172.740s][info][gc,marking     ] GC(669) Concurrent Scan Root Regions
[3172.740s][info][gc,cpu         ] GC(668) User=0.70s Sys=0.00s Real=0.12s
[3172.923s][info][gc,marking     ] GC(669) Concurrent Scan Root Regions 182.747ms
[3172.923s][info][gc,marking     ] GC(669) Concurrent Mark
[3172.923s][info][gc,marking     ] GC(669) Concurrent Mark From Roots
[3172.923s][info][gc,task        ] GC(669) Using 2 workers of 2 for marking
.[3173.703s][info][gc,marking     ] GC(669) Concurrent Mark From Roots 779.615ms
[3173.703s][info][gc,marking     ] GC(669) Concurrent Preclean
[3173.703s][info][gc,marking     ] GC(669) Concurrent Preclean 0.498ms
[3173.705s][info][gc,start       ] GC(669) Pause Remark
[3173.710s][info][gc             ] GC(669) Pause Remark 2085M->2085M(4096M) 5.121ms
[3173.710s][info][gc,cpu         ] GC(669) User=0.03s Sys=0.00s Real=0.00s
[3173.711s][info][gc,marking     ] GC(669) Concurrent Mark 787.525ms
[3173.711s][info][gc,marking     ] GC(669) Concurrent Rebuild Remembered Sets and Scrub Regions
[3173.969s][info][gc,marking     ] GC(669) Concurrent Rebuild Remembered Sets and Scrub Regions 257.874ms
[3173.969s][info][gc,start       ] GC(669) Pause Cleanup
[3173.969s][info][gc             ] GC(669) Pause Cleanup 2278M->2278M(4096M) 0.140ms
[3173.969s][info][gc,cpu         ] GC(669) User=0.00s Sys=0.00s Real=0.00s
[3173.969s][info][gc,marking     ] GC(669) Concurrent Clear Claimed Marks
[3173.969s][info][gc,marking     ] GC(669) Concurrent Clear Claimed Marks 0.030ms
[3173.969s][info][gc,marking     ] GC(669) Concurrent Cleanup for Next Mark
[3173.973s][info][gc,marking     ] GC(669) Concurrent Cleanup for Next Mark 4.070ms
[3173.973s][info][gc             ] GC(669) Concurrent Mark Cycle 1232.794ms
...[3176.049s][info][gc,start       ] GC(670) Pause Young (Prepare Mixed) (G1 Evacuation Pause)
[3176.049s][info][gc,task        ] GC(670) Using 6 workers of 6 for evacuation
[3176.168s][info][gc,phases      ] GC(670)   Pre Evacuate Collection Set: 0.37ms
[3176.168s][info][gc,phases      ] GC(670)   Merge Heap Roots: 0.52ms
[3176.168s][info][gc,phases      ] GC(670)   Evacuate Collection Set: 117.10ms
[3176.168s][info][gc,phases      ] GC(670)   Post Evacuate Collection Set: 0.94ms
[3176.168s][info][gc,phases      ] GC(670)   Other: 0.09ms
[3176.168s][info][gc,heap        ] GC(670) Eden regions: 1118->0(1109)
[3176.168s][info][gc,heap        ] GC(670) Survivor regions: 110->109(154)
[3176.168s][info][gc,heap        ] GC(670) Old regions: 506->538
[3176.168s][info][gc,heap        ] GC(670) Humongous regions: 80->80
[3176.168s][info][gc,metaspace   ] GC(670) Metaspace: 28887K(29312K)->28887K(29312K) NonClass: 24019K(24256K)->24019K(24256K) Class: 4868K(5056K)->4868K(5056K)
[3176.168s][info][gc             ] GC(670) Pause Young (Prepare Mixed) (G1 Evacuation Pause) 3625M->1453M(4096M) 119.141ms
[3176.168s][info][gc,cpu         ] GC(670) User=0.71s Sys=0.00s Real=0.12s
...[3179.629s][info][gc,start       ] GC(671) Pause Young (Mixed) (G1 Evacuation Pause)
[3179.629s][info][gc,task        ] GC(671) Using 6 workers of 6 for evacuation
[3179.761s][info][gc,phases      ] GC(671)   Pre Evacuate Collection Set: 0.42ms
[3179.761s][info][gc,phases      ] GC(671)   Merge Heap Roots: 0.61ms
[3179.761s][info][gc,phases      ] GC(671)   Evacuate Collection Set: 129.47ms
[3179.761s][info][gc,phases      ] GC(671)   Post Evacuate Collection Set: 0.98ms
[3179.761s][info][gc,phases      ] GC(671)   Other: 0.09ms
[3179.761s][info][gc,heap        ] GC(671) Eden regions: 1109->0(1118)
[3179.761s][info][gc,heap        ] GC(671) Survivor regions: 109->110(153)
[3179.761s][info][gc,heap        ] GC(671) Old regions: 538->475
[3179.761s][info][gc,heap        ] GC(671) Humongous regions: 80->80
[3179.761s][info][gc,metaspace   ] GC(671) Metaspace: 28887K(29312K)->28887K(29312K) NonClass: 24019K(24256K)->24019K(24256K) Class: 4868K(5056K)->4868K(5056K)
[3179.761s][info][gc             ] GC(671) Pause Young (Mixed) (G1 Evacuation Pause) 3671M->1328M(4096M) 131.705ms
[3179.761s][info][gc,cpu         ] GC(671) User=0.78s Sys=0.00s Real=0.13s
....[3183.081s][info][gc,start       ] GC(672) Pause Young (Concurrent Start) (G1 Evacuation Pause)
[3183.081s][info][gc,task        ] GC(672) Using 6 workers of 6 for evacuation
[3183.198s][info][gc,phases      ] GC(672)   Pre Evacuate Collection Set: 0.41ms
[3183.198s][info][gc,phases      ] GC(672)   Merge Heap Roots: 0.47ms
[3183.198s][info][gc,phases      ] GC(672)   Evacuate Collection Set: 114.80ms
[3183.198s][info][gc,phases      ] GC(672)   Post Evacuate Collection Set: 0.90ms
[3183.198s][info][gc,phases      ] GC(672)   Other: 0.11ms
[3183.198s][info][gc,heap        ] GC(672) Eden regions: 1118->0(1119)
[3183.198s][info][gc,heap        ] GC(672) Survivor regions: 110->109(154)
[3183.198s][info][gc,heap        ] GC(672) Old regions: 475->507
[3183.198s][info][gc,heap        ] GC(672) Humongous regions: 80->80
[3183.198s][info][gc,metaspace   ] GC(672) Metaspace: 28887K(29312K)->28887K(29312K) NonClass: 24019K(24256K)->24019K(24256K) Class: 4868K(5056K)->4868K(5056K)
[3183.198s][info][gc             ] GC(672) Pause Young (Concurrent Start) (G1 Evacuation Pause) 3564M->1390M(4096M) 116.828ms
[3183.198s][info][gc             ] GC(673) Concurrent Mark Cycle
[3183.198s][info][gc,marking     ] GC(673) Concurrent Scan Root Regions
[3183.198s][info][gc,cpu         ] GC(672) User=0.69s Sys=0.00s Real=0.12s
[3183.375s][info][gc,marking     ] GC(673) Concurrent Scan Root Regions 177.338ms
[3183.375s][info][gc,marking     ] GC(673) Concurrent Mark
[3183.375s][info][gc,marking     ] GC(673) Concurrent Mark From Roots
[3183.375s][info][gc,task        ] GC(673) Using 2 workers of 2 for marking
.[3184.175s][info][gc,marking     ] GC(673) Concurrent Mark From Roots 799.777ms
[3184.175s][info][gc,marking     ] GC(673) Concurrent Preclean
[3184.176s][info][gc,marking     ] GC(673) Concurrent Preclean 0.387ms
[3184.176s][info][gc,start       ] GC(673) Pause Remark
[3184.181s][info][gc             ] GC(673) Pause Remark 2104M->2104M(4096M) 5.064ms
[3184.181s][info][gc,cpu         ] GC(673) User=0.03s Sys=0.00s Real=0.00s
[3184.182s][info][gc,marking     ] GC(673) Concurrent Mark 806.259ms
[3184.182s][info][gc,marking     ] GC(673) Concurrent Rebuild Remembered Sets and Scrub Regions
[3184.508s][info][gc,marking     ] GC(673) Concurrent Rebuild Remembered Sets and Scrub Regions 326.069ms
[3184.508s][info][gc,start       ] GC(673) Pause Cleanup
[3184.508s][info][gc             ] GC(673) Pause Cleanup 2305M->2305M(4096M) 0.118ms
[3184.508s][info][gc,cpu         ] GC(673) User=0.00s Sys=0.00s Real=0.00s
[3184.508s][info][gc,marking     ] GC(673) Concurrent Clear Claimed Marks
[3184.508s][info][gc,marking     ] GC(673) Concurrent Clear Claimed Marks 0.030ms
[3184.508s][info][gc,marking     ] GC(673) Concurrent Cleanup for Next Mark
[3184.511s][info][gc,marking     ] GC(673) Concurrent Cleanup for Next Mark 3.261ms
[3184.511s][info][gc             ] GC(673) Concurrent Mark Cycle 1313.458ms
..[3186.585s][info][gc,start       ] GC(674) Pause Young (Prepare Mixed) (G1 Evacuation Pause)
[3186.585s][info][gc,task        ] GC(674) Using 6 workers of 6 for evacuation
[3186.705s][info][gc,phases      ] GC(674)   Pre Evacuate Collection Set: 0.34ms
[3186.705s][info][gc,phases      ] GC(674)   Merge Heap Roots: 0.55ms
[3186.705s][info][gc,phases      ] GC(674)   Evacuate Collection Set: 118.68ms
[3186.705s][info][gc,phases      ] GC(674)   Post Evacuate Collection Set: 0.95ms
[3186.705s][info][gc,phases      ] GC(674)   Other: 0.09ms
[3186.705s][info][gc,heap        ] GC(674) Eden regions: 1119->0(1104)
[3186.705s][info][gc,heap        ] GC(674) Survivor regions: 109->111(154)
[3186.705s][info][gc,heap        ] GC(674) Old regions: 507->539
[3186.705s][info][gc,heap        ] GC(674) Humongous regions: 80->80
[3186.705s][info][gc,metaspace   ] GC(674) Metaspace: 28887K(29312K)->28887K(29312K) NonClass: 24019K(24256K)->24019K(24256K) Class: 4868K(5056K)->4868K(5056K)
[3186.705s][info][gc             ] GC(674) Pause Young (Prepare Mixed) (G1 Evacuation Pause) 3628M->1457M(4096M) 120.725ms
[3186.705s][info][gc,cpu         ] GC(674) User=0.71s Sys=0.00s Real=0.12s
...[3190.034s][info][gc,start       ] GC(675) Pause Young (Mixed) (G1 Evacuation Pause)
[3190.034s][info][gc,task        ] GC(675) Using 6 workers of 6 for evacuation
[3190.167s][info][gc,phases      ] GC(675)   Pre Evacuate Collection Set: 0.45ms
[3190.167s][info][gc,phases      ] GC(675)   Merge Heap Roots: 0.69ms
[3190.167s][info][gc,phases      ] GC(675)   Evacuate Collection Set: 131.32ms
[3190.167s][info][gc,phases      ] GC(675)   Post Evacuate Collection Set: 0.99ms
[3190.168s][info][gc,phases      ] GC(675)   Other: 0.09ms
[3190.168s][info][gc,heap        ] GC(675) Eden regions: 1104->0(1121)
[3190.168s][info][gc,heap        ] GC(675) Survivor regions: 111->107(152)
[3190.168s][info][gc,heap        ] GC(675) Old regions: 539->475
[3190.168s][info][gc,heap        ] GC(675) Humongous regions: 80->80
[3190.168s][info][gc,metaspace   ] GC(675) Metaspace: 28887K(29312K)->28887K(29312K) NonClass: 24019K(24256K)->24019K(24256K) Class: 4868K(5056K)->4868K(5056K)
[3190.168s][info][gc             ] GC(675) Pause Young (Mixed) (G1 Evacuation Pause) 3665M->1322M(4096M) 133.668ms
[3190.168s][info][gc,cpu         ] GC(675) User=0.79s Sys=0.00s Real=0.13s
... (rIR:aIR:PR = 5396:5393:5393) (tPR = 79923) [OK] 
  3192s: Performance info:
         Transaction,    Success,    Partial,     Failed,   Receipts, AvgBarcode, 
             Overall,     325470,          0,          0,     309213,      59.48, 
         Response times:
             Request,    Success,    Partial,     Failed,   SkipFail,     Probes,    Samples,      min,      p50,      p90,      p95,      p99,      max, 
       TotalPurchase,     309217,          0,          0,          0,     303815,     324761,      300,     4400,    10000,    23000,    70000,   317000,
     InStorePurchase,     162786,          0,          0,          0,     160554,     171526,      300,     4500,    10000,    23000,    70000,   312000,
      OnlinePurchase,     113890,          0,          0,          0,     111773,     119239,      300,     4300,     9900,    23000,    72000,   317000,
        InstPurchase,      32541,          0,          0,          0,      31488,      33996,      500,     4200,     9800,    22000,    67000,   200000,
          AssocOfCat,        324,          0,          0,          0,        251,        339,    23000,    34000,    59000,    91000,   126800,   184000,
      AssocOfProduct,       3261,          0,          0,          0,       3039,       3444,      600,     5500,    11500,    28000,    89550,   160000,
      BusinessReport,        815,          0,          0,          0,        714,        852,    26000,    37000,    69000,    87000,   163410,   226000,
          CustBuyBeh,       3248,          0,          0,          0,       3058,       3496,      200,     4700,     9530,    18100,    66030,   167000,
       ProductReturn,       8608,          0,          0,          0,       8231,       9077,      200,     4800,    10500,    26000,    72000,   212000,

  3192s: (40%)   IR =   5535 .[3193.599s][info][gc,start       ] GC(676) Pause Young (Concurrent Start) (G1 Evacuation Pause)
[3193.599s][info][gc,task        ] GC(676) Using 6 workers of 6 for evacuation
[3193.718s][info][gc,phases      ] GC(676)   Pre Evacuate Collection Set: 0.43ms
[3193.718s][info][gc,phases      ] GC(676)   Merge Heap Roots: 0.46ms
[3193.718s][info][gc,phases      ] GC(676)   Evacuate Collection Set: 117.42ms
[3193.718s][info][gc,phases      ] GC(676)   Post Evacuate Collection Set: 0.92ms
[3193.718s][info][gc,phases      ] GC(676)   Other: 0.12ms
[3193.718s][info][gc,heap        ] GC(676) Eden regions: 1121->0(1118)
[3193.719s][info][gc,heap        ] GC(676) Survivor regions: 107->110(154)
[3193.719s][info][gc,heap        ] GC(676) Old regions: 475->507
[3193.719s][info][gc,heap        ] GC(676) Humongous regions: 80->80
[3193.719s][info][gc,metaspace   ] GC(676) Metaspace: 28887K(29312K)->28887K(29312K) NonClass: 24019K(24256K)->24019K(24256K) Class: 4868K(5056K)->4868K(5056K)
[3193.719s][info][gc             ] GC(676) Pause Young (Concurrent Start) (G1 Evacuation Pause) 3564M->1393M(4096M) 119.473ms
[3193.719s][info][gc             ] GC(677) Concurrent Mark Cycle
[3193.719s][info][gc,marking     ] GC(677) Concurrent Scan Root Regions
[3193.719s][info][gc,cpu         ] GC(676) User=0.71s Sys=0.00s Real=0.12s
[3193.908s][info][gc,marking     ] GC(677) Concurrent Scan Root Regions 189.595ms
[3193.908s][info][gc,marking     ] GC(677) Concurrent Mark
[3193.908s][info][gc,marking     ] GC(677) Concurrent Mark From Roots
[3193.908s][info][gc,task        ] GC(677) Using 2 workers of 2 for marking
.[3194.586s][info][gc,marking     ] GC(677) Concurrent Mark From Roots 678.192ms
[3194.586s][info][gc,marking     ] GC(677) Concurrent Preclean
[3194.587s][info][gc,marking     ] GC(677) Concurrent Preclean 0.300ms
[3194.587s][info][gc,start       ] GC(677) Pause Remark
[3194.592s][info][gc             ] GC(677) Pause Remark 2078M->2078M(4096M) 4.823ms
[3194.592s][info][gc,cpu         ] GC(677) User=0.02s Sys=0.00s Real=0.00s
[3194.592s][info][gc,marking     ] GC(677) Concurrent Mark 683.921ms
[3194.592s][info][gc,marking     ] GC(677) Concurrent Rebuild Remembered Sets and Scrub Regions
[3194.846s][info][gc,marking     ] GC(677) Concurrent Rebuild Remembered Sets and Scrub Regions 253.563ms
[3194.846s][info][gc,start       ] GC(677) Pause Cleanup
[3194.846s][info][gc             ] GC(677) Pause Cleanup 2263M->2263M(4096M) 0.118ms
[3194.846s][info][gc,cpu         ] GC(677) User=0.00s Sys=0.00s Real=0.00s
[3194.846s][info][gc,marking     ] GC(677) Concurrent Clear Claimed Marks
[3194.846s][info][gc,marking     ] GC(677) Concurrent Clear Claimed Marks 0.027ms
[3194.846s][info][gc,marking     ] GC(677) Concurrent Cleanup for Next Mark
[3194.849s][info][gc,marking     ] GC(677) Concurrent Cleanup for Next Mark 3.266ms
[3194.849s][info][gc             ] GC(677) Concurrent Mark Cycle 1130.847ms
..|[3196.978s][info][gc,start       ] GC(678) Pause Young (Prepare Mixed) (G1 Evacuation Pause)
[3196.978s][info][gc,task        ] GC(678) Using 6 workers of 6 for evacuation
[3197.101s][info][gc,phases      ] GC(678)   Pre Evacuate Collection Set: 0.35ms
[3197.101s][info][gc,phases      ] GC(678)   Merge Heap Roots: 0.61ms
[3197.101s][info][gc,phases      ] GC(678)   Evacuate Collection Set: 120.77ms
[3197.101s][info][gc,phases      ] GC(678)   Post Evacuate Collection Set: 0.97ms
[3197.101s][info][gc,phases      ] GC(678)   Other: 0.09ms
[3197.101s][info][gc,heap        ] GC(678) Eden regions: 1118->0(1100)
[3197.101s][info][gc,heap        ] GC(678) Survivor regions: 110->113(154)
[3197.101s][info][gc,heap        ] GC(678) Old regions: 507->539
[3197.101s][info][gc,heap        ] GC(678) Humongous regions: 80->80
[3197.101s][info][gc,metaspace   ] GC(678) Metaspace: 28887K(29312K)->28887K(29312K) NonClass: 24019K(24256K)->24019K(24256K) Class: 4868K(5056K)->4868K(5056K)
[3197.101s][info][gc             ] GC(678) Pause Young (Prepare Mixed) (G1 Evacuation Pause) 3629M->1462M(4096M) 122.905ms
[3197.101s][info][gc,cpu         ] GC(678) User=0.73s Sys=0.00s Real=0.12s
....[3200.319s][info][gc,start       ] GC(679) Pause Young (Mixed) (G1 Evacuation Pause)
[3200.319s][info][gc,task        ] GC(679) Using 6 workers of 6 for evacuation
[3200.451s][info][gc,phases      ] GC(679)   Pre Evacuate Collection Set: 0.41ms
[3200.451s][info][gc,phases      ] GC(679)   Merge Heap Roots: 0.74ms
[3200.451s][info][gc,phases      ] GC(679)   Evacuate Collection Set: 130.25ms
[3200.451s][info][gc,phases      ] GC(679)   Post Evacuate Collection Set: 1.00ms
[3200.451s][info][gc,phases      ] GC(679)   Other: 0.09ms
[3200.451s][info][gc,heap        ] GC(679) Eden regions: 1100->0(1121)
[3200.451s][info][gc,heap        ] GC(679) Survivor regions: 113->107(152)
[3200.451s][info][gc,heap        ] GC(679) Old regions: 539->475
[3200.451s][info][gc,heap        ] GC(679) Humongous regions: 80->80
[3200.451s][info][gc,metaspace   ] GC(679) Metaspace: 28887K(29312K)->28887K(29312K) NonClass: 24019K(24256K)->24019K(24256K) Class: 4868K(5056K)->4868K(5056K)
[3200.451s][info][gc             ] GC(679) Pause Young (Mixed) (G1 Evacuation Pause) 3662M->1323M(4096M) 132.620ms
[3200.451s][info][gc,cpu         ] GC(679) User=0.78s Sys=0.00s Real=0.13s
...[3203.695s][info][gc,start       ] GC(680) Pause Young (Concurrent Start) (G1 Evacuation Pause)
[3203.695s][info][gc,task        ] GC(680) Using 6 workers of 6 for evacuation
[3203.815s][info][gc,phases      ] GC(680)   Pre Evacuate Collection Set: 0.44ms
[3203.815s][info][gc,phases      ] GC(680)   Merge Heap Roots: 0.50ms
[3203.815s][info][gc,phases      ] GC(680)   Evacuate Collection Set: 117.17ms
[3203.815s][info][gc,phases      ] GC(680)   Post Evacuate Collection Set: 0.93ms
[3203.815s][info][gc,phases      ] GC(680)   Other: 0.12ms
[3203.815s][info][gc,heap        ] GC(680) Eden regions: 1121->0(1118)
[3203.815s][info][gc,heap        ] GC(680) Survivor regions: 107->110(154)
[3203.815s][info][gc,heap        ] GC(680) Old regions: 475->507
[3203.815s][info][gc,heap        ] GC(680) Humongous regions: 80->80
[3203.815s][info][gc,metaspace   ] GC(680) Metaspace: 28887K(29312K)->28887K(29312K) NonClass: 24019K(24256K)->24019K(24256K) Class: 4868K(5056K)->4868K(5056K)
[3203.815s][info][gc             ] GC(680) Pause Young (Concurrent Start) (G1 Evacuation Pause) 3565M->1393M(4096M) 119.280ms
[3203.815s][info][gc             ] GC(681) Concurrent Mark Cycle
[3203.815s][info][gc,marking     ] GC(681) Concurrent Scan Root Regions
[3203.815s][info][gc,cpu         ] GC(680) User=0.71s Sys=0.00s Real=0.12s
[3203.955s][info][gc,marking     ] GC(681) Concurrent Scan Root Regions 140.433ms
[3203.955s][info][gc,marking     ] GC(681) Concurrent Mark
[3203.955s][info][gc,marking     ] GC(681) Concurrent Mark From Roots
[3203.955s][info][gc,task        ] GC(681) Using 2 workers of 2 for marking
.[3204.602s][info][gc,marking     ] GC(681) Concurrent Mark From Roots 646.637ms
[3204.602s][info][gc,marking     ] GC(681) Concurrent Preclean
[3204.602s][info][gc,marking     ] GC(681) Concurrent Preclean 0.233ms
[3204.602s][info][gc,start       ] GC(681) Pause Remark
[3204.606s][info][gc             ] GC(681) Pause Remark 1941M->1941M(4096M) 4.096ms
[3204.606s][info][gc,cpu         ] GC(681) User=0.02s Sys=0.00s Real=0.01s
[3204.607s][info][gc,marking     ] GC(681) Concurrent Mark 651.306ms
[3204.607s][info][gc,marking     ] GC(681) Concurrent Rebuild Remembered Sets and Scrub Regions
[3204.847s][info][gc,marking     ] GC(681) Concurrent Rebuild Remembered Sets and Scrub Regions 240.286ms
[3204.847s][info][gc,start       ] GC(681) Pause Cleanup
[3204.847s][info][gc             ] GC(681) Pause Cleanup 2111M->2111M(4096M) 0.125ms
[3204.847s][info][gc,cpu         ] GC(681) User=0.00s Sys=0.00s Real=0.00s
[3204.848s][info][gc,marking     ] GC(681) Concurrent Clear Claimed Marks
[3204.848s][info][gc,marking     ] GC(681) Concurrent Clear Claimed Marks 0.033ms
[3204.848s][info][gc,marking     ] GC(681) Concurrent Cleanup for Next Mark
[3204.853s][info][gc,marking     ] GC(681) Concurrent Cleanup for Next Mark 5.279ms
[3204.853s][info][gc             ] GC(681) Concurrent Mark Cycle 1038.343ms
..[3207.181s][info][gc,start       ] GC(682) Pause Young (Prepare Mixed) (G1 Evacuation Pause)
[3207.182s][info][gc,task        ] GC(682) Using 6 workers of 6 for evacuation
[3207.302s][info][gc,phases      ] GC(682)   Pre Evacuate Collection Set: 0.37ms
[3207.302s][info][gc,phases      ] GC(682)   Merge Heap Roots: 0.53ms
[3207.302s][info][gc,phases      ] GC(682)   Evacuate Collection Set: 118.21ms
[3207.302s][info][gc,phases      ] GC(682)   Post Evacuate Collection Set: 0.96ms
[3207.302s][info][gc,phases      ] GC(682)   Other: 0.09ms
[3207.302s][info][gc,heap        ] GC(682) Eden regions: 1118->0(1107)
[3207.302s][info][gc,heap        ] GC(682) Survivor regions: 110->110(154)
[3207.302s][info][gc,heap        ] GC(682) Old regions: 507->538
[3207.302s][info][gc,heap        ] GC(682) Humongous regions: 80->80
[3207.302s][info][gc,metaspace   ] GC(682) Metaspace: 28887K(29312K)->28887K(29312K) NonClass: 24019K(24256K)->24019K(24256K) Class: 4868K(5056K)->4868K(5056K)
[3207.302s][info][gc             ] GC(682) Pause Young (Prepare Mixed) (G1 Evacuation Pause) 3629M->1454M(4096M) 120.283ms
[3207.302s][info][gc,cpu         ] GC(682) User=0.71s Sys=0.00s Real=0.12s
....[3210.563s][info][gc,start       ] GC(683) Pause Young (Mixed) (G1 Evacuation Pause)
[3210.563s][info][gc,task        ] GC(683) Using 6 workers of 6 for evacuation
[3210.693s][info][gc,phases      ] GC(683)   Pre Evacuate Collection Set: 0.42ms
[3210.694s][info][gc,phases      ] GC(683)   Merge Heap Roots: 0.56ms
[3210.694s][info][gc,phases      ] GC(683)   Evacuate Collection Set: 128.19ms
[3210.694s][info][gc,phases      ] GC(683)   Post Evacuate Collection Set: 0.99ms
[3210.694s][info][gc,phases      ] GC(683)   Other: 0.09ms
[3210.694s][info][gc,heap        ] GC(683) Eden regions: 1107->0(1117)
[3210.694s][info][gc,heap        ] GC(683) Survivor regions: 110->111(153)
[3210.694s][info][gc,heap        ] GC(683) Old regions: 538->475
[3210.694s][info][gc,heap        ] GC(683) Humongous regions: 80->80
[3210.694s][info][gc,metaspace   ] GC(683) Metaspace: 28887K(29312K)->28887K(29312K) NonClass: 24019K(24256K)->24019K(24256K) Class: 4868K(5056K)->4868K(5056K)
[3210.694s][info][gc             ] GC(683) Pause Young (Mixed) (G1 Evacuation Pause) 3668M->1330M(4096M) 130.389ms
[3210.694s][info][gc,cpu         ] GC(683) User=0.77s Sys=0.00s Real=0.14s
...[3213.991s][info][gc,start       ] GC(684) Pause Young (Concurrent Start) (G1 Evacuation Pause)
[3213.991s][info][gc,task        ] GC(684) Using 6 workers of 6 for evacuation
[3214.110s][info][gc,phases      ] GC(684)   Pre Evacuate Collection Set: 0.42ms
[3214.110s][info][gc,phases      ] GC(684)   Merge Heap Roots: 0.52ms
[3214.110s][info][gc,phases      ] GC(684)   Evacuate Collection Set: 116.93ms
[3214.110s][info][gc,phases      ] GC(684)   Post Evacuate Collection Set: 0.92ms
[3214.110s][info][gc,phases      ] GC(684)   Other: 0.13ms
[3214.110s][info][gc,heap        ] GC(684) Eden regions: 1117->0(1118)
[3214.110s][info][gc,heap        ] GC(684) Survivor regions: 111->110(154)
[3214.110s][info][gc,heap        ] GC(684) Old regions: 475->507
[3214.110s][info][gc,heap        ] GC(684) Humongous regions: 80->80
[3214.110s][info][gc,metaspace   ] GC(684) Metaspace: 28887K(29312K)->28887K(29312K) NonClass: 24019K(24256K)->24019K(24256K) Class: 4868K(5056K)->4868K(5056K)
[3214.110s][info][gc             ] GC(684) Pause Young (Concurrent Start) (G1 Evacuation Pause) 3564M->1391M(4096M) 119.070ms
[3214.110s][info][gc             ] GC(685) Concurrent Mark Cycle
[3214.110s][info][gc,marking     ] GC(685) Concurrent Scan Root Regions
[3214.110s][info][gc,cpu         ] GC(684) User=0.71s Sys=0.00s Real=0.12s
[3214.253s][info][gc,marking     ] GC(685) Concurrent Scan Root Regions 143.669ms
[3214.253s][info][gc,marking     ] GC(685) Concurrent Mark
[3214.253s][info][gc,marking     ] GC(685) Concurrent Mark From Roots
[3214.254s][info][gc,task        ] GC(685) Using 2 workers of 2 for marking
.[3214.938s][info][gc,marking     ] GC(685) Concurrent Mark From Roots 684.320ms
[3214.938s][info][gc,marking     ] GC(685) Concurrent Preclean
[3214.938s][info][gc,marking     ] GC(685) Concurrent Preclean 0.104ms
[3214.940s][info][gc,start       ] GC(685) Pause Remark
[3214.945s][info][gc             ] GC(685) Pause Remark 2025M->2025M(4096M) 4.428ms
[3214.945s][info][gc,cpu         ] GC(685) User=0.03s Sys=0.00s Real=0.01s
[3214.945s][info][gc,marking     ] GC(685) Concurrent Mark 691.750ms
[3214.945s][info][gc,marking     ] GC(685) Concurrent Rebuild Remembered Sets and Scrub Regions
[3215.308s][info][gc,marking     ] GC(685) Concurrent Rebuild Remembered Sets and Scrub Regions 363.202ms
[3215.309s][info][gc,start       ] GC(685) Pause Cleanup
[3215.309s][info][gc             ] GC(685) Pause Cleanup 2275M->2275M(4096M) 0.821ms
[3215.309s][info][gc,cpu         ] GC(685) User=0.00s Sys=0.00s Real=0.00s
[3215.310s][info][gc,marking     ] GC(685) Concurrent Clear Claimed Marks
[3215.310s][info][gc,marking     ] GC(685) Concurrent Clear Claimed Marks 0.040ms
[3215.310s][info][gc,marking     ] GC(685) Concurrent Cleanup for Next Mark
[3215.314s][info][gc,marking     ] GC(685) Concurrent Cleanup for Next Mark 4.845ms
[3215.315s][info][gc             ] GC(685) Concurrent Mark Cycle 1204.782ms
...[3217.353s][info][gc,start       ] GC(686) Pause Young (Prepare Mixed) (G1 Evacuation Pause)
[3217.353s][info][gc,task        ] GC(686) Using 6 workers of 6 for evacuation
[3217.470s][info][gc,phases      ] GC(686)   Pre Evacuate Collection Set: 0.34ms
[3217.470s][info][gc,phases      ] GC(686)   Merge Heap Roots: 0.59ms
[3217.470s][info][gc,phases      ] GC(686)   Evacuate Collection Set: 115.27ms
[3217.470s][info][gc,phases      ] GC(686)   Post Evacuate Collection Set: 0.95ms
[3217.470s][info][gc,phases      ] GC(686)   Other: 0.10ms
[3217.470s][info][gc,heap        ] GC(686) Eden regions: 1118->0(1108)
[3217.470s][info][gc,heap        ] GC(686) Survivor regions: 110->109(154)
[3217.470s][info][gc,heap        ] GC(686) Old regions: 507->539
[3217.470s][info][gc,heap        ] GC(686) Humongous regions: 80->80
[3217.470s][info][gc,metaspace   ] GC(686) Metaspace: 28887K(29312K)->28887K(29312K) NonClass: 24019K(24256K)->24019K(24256K) Class: 4868K(5056K)->4868K(5056K)
[3217.471s][info][gc             ] GC(686) Pause Young (Prepare Mixed) (G1 Evacuation Pause) 3627M->1453M(4096M) 117.395ms
[3217.471s][info][gc,cpu         ] GC(686) User=0.70s Sys=0.00s Real=0.12s
...[3220.740s][info][gc,start       ] GC(687) Pause Young (Mixed) (G1 Evacuation Pause)
[3220.740s][info][gc,task        ] GC(687) Using 6 workers of 6 for evacuation
[3220.880s][info][gc,phases      ] GC(687)   Pre Evacuate Collection Set: 0.40ms
[3220.880s][info][gc,phases      ] GC(687)   Merge Heap Roots: 0.71ms
[3220.880s][info][gc,phases      ] GC(687)   Evacuate Collection Set: 138.04ms
[3220.880s][info][gc,phases      ] GC(687)   Post Evacuate Collection Set: 0.97ms
[3220.880s][info][gc,phases      ] GC(687)   Other: 0.09ms
[3220.881s][info][gc,heap        ] GC(687) Eden regions: 1108->0(1113)
[3220.881s][info][gc,heap        ] GC(687) Survivor regions: 109->115(153)
[3220.881s][info][gc,heap        ] GC(687) Old regions: 539->474
[3220.881s][info][gc,heap        ] GC(687) Humongous regions: 80->80
[3220.881s][info][gc,metaspace   ] GC(687) Metaspace: 28887K(29312K)->28887K(29312K) NonClass: 24019K(24256K)->24019K(24256K) Class: 4868K(5056K)->4868K(5056K)
[3220.881s][info][gc             ] GC(687) Pause Young (Mixed) (G1 Evacuation Pause) 3669M->1336M(4096M) 140.356ms
[3220.881s][info][gc,cpu         ] GC(687) User=0.83s Sys=0.00s Real=0.14s
...[3224.050s][info][gc,start       ] GC(688) Pause Young (Concurrent Start) (G1 Evacuation Pause)
[3224.050s][info][gc,task        ] GC(688) Using 6 workers of 6 for evacuation
[3224.170s][info][gc,phases      ] GC(688)   Pre Evacuate Collection Set: 0.42ms
[3224.170s][info][gc,phases      ] GC(688)   Merge Heap Roots: 0.46ms
[3224.170s][info][gc,phases      ] GC(688)   Evacuate Collection Set: 117.56ms
[3224.170s][info][gc,phases      ] GC(688)   Post Evacuate Collection Set: 0.95ms
[3224.170s][info][gc,phases      ] GC(688)   Other: 0.11ms
[3224.170s][info][gc,heap        ] GC(688) Eden regions: 1113->0(1118)
[3224.170s][info][gc,heap        ] GC(688) Survivor regions: 115->110(154)
[3224.170s][info][gc,heap        ] GC(688) Old regions: 474->506
[3224.170s][info][gc,heap        ] GC(688) Humongous regions: 80->80
[3224.170s][info][gc,metaspace   ] GC(688) Metaspace: 28887K(29312K)->28887K(29312K) NonClass: 24019K(24256K)->24019K(24256K) Class: 4868K(5056K)->4868K(5056K)
[3224.170s][info][gc             ] GC(688) Pause Young (Concurrent Start) (G1 Evacuation Pause) 3562M->1389M(4096M) 119.629ms
[3224.170s][info][gc             ] GC(689) Concurrent Mark Cycle
[3224.170s][info][gc,marking     ] GC(689) Concurrent Scan Root Regions
[3224.170s][info][gc,cpu         ] GC(688) User=0.71s Sys=0.00s Real=0.12s
.[3224.350s][info][gc,marking     ] GC(689) Concurrent Scan Root Regions 179.993ms
[3224.350s][info][gc,marking     ] GC(689) Concurrent Mark
[3224.350s][info][gc,marking     ] GC(689) Concurrent Mark From Roots
[3224.350s][info][gc,task        ] GC(689) Using 2 workers of 2 for marking
[3225.290s][info][gc,marking     ] GC(689) Concurrent Mark From Roots 940.079ms
[3225.290s][info][gc,marking     ] GC(689) Concurrent Preclean
[3225.290s][info][gc,marking     ] GC(689) Concurrent Preclean 0.218ms
[3225.290s][info][gc,start       ] GC(689) Pause Remark
[3225.296s][info][gc             ] GC(689) Pause Remark 2172M->2172M(4096M) 5.640ms
[3225.296s][info][gc,cpu         ] GC(689) User=0.03s Sys=0.00s Real=0.01s
[3225.296s][info][gc,marking     ] GC(689) Concurrent Mark 946.222ms
[3225.296s][info][gc,marking     ] GC(689) Concurrent Rebuild Remembered Sets and Scrub Regions
.[3225.562s][info][gc,marking     ] GC(689) Concurrent Rebuild Remembered Sets and Scrub Regions 266.265ms
[3225.562s][info][gc,start       ] GC(689) Pause Cleanup
[3225.563s][info][gc             ] GC(689) Pause Cleanup 2355M->2355M(4096M) 0.126ms
[3225.563s][info][gc,cpu         ] GC(689) User=0.00s Sys=0.00s Real=0.00s
[3225.563s][info][gc,marking     ] GC(689) Concurrent Clear Claimed Marks
[3225.563s][info][gc,marking     ] GC(689) Concurrent Clear Claimed Marks 0.025ms
[3225.563s][info][gc,marking     ] GC(689) Concurrent Cleanup for Next Mark
[3225.567s][info][gc,marking     ] GC(689) Concurrent Cleanup for Next Mark 4.547ms
[3225.567s][info][gc             ] GC(689) Concurrent Mark Cycle 1397.609ms
..[3227.528s][info][gc,start       ] GC(690) Pause Young (Prepare Mixed) (G1 Evacuation Pause)
[3227.528s][info][gc,task        ] GC(690) Using 6 workers of 6 for evacuation
[3227.645s][info][gc,phases      ] GC(690)   Pre Evacuate Collection Set: 0.36ms
[3227.645s][info][gc,phases      ] GC(690)   Merge Heap Roots: 0.54ms
[3227.645s][info][gc,phases      ] GC(690)   Evacuate Collection Set: 115.39ms
[3227.645s][info][gc,phases      ] GC(690)   Post Evacuate Collection Set: 0.95ms
[3227.645s][info][gc,phases      ] GC(690)   Other: 0.10ms
[3227.645s][info][gc,heap        ] GC(690) Eden regions: 1118->0(1108)
[3227.645s][info][gc,heap        ] GC(690) Survivor regions: 110->110(154)
[3227.645s][info][gc,heap        ] GC(690) Old regions: 506->537
[3227.645s][info][gc,heap        ] GC(690) Humongous regions: 80->80
[3227.645s][info][gc,metaspace   ] GC(690) Metaspace: 28887K(29312K)->28887K(29312K) NonClass: 24019K(24256K)->24019K(24256K) Class: 4868K(5056K)->4868K(5056K)
[3227.645s][info][gc             ] GC(690) Pause Young (Prepare Mixed) (G1 Evacuation Pause) 3625M->1452M(4096M) 117.476ms
[3227.645s][info][gc,cpu         ] GC(690) User=0.70s Sys=0.00s Real=0.12s
...[3230.880s][info][gc,start       ] GC(691) Pause Young (Mixed) (G1 Evacuation Pause)
[3230.880s][info][gc,task        ] GC(691) Using 6 workers of 6 for evacuation
[3231.016s][info][gc,phases      ] GC(691)   Pre Evacuate Collection Set: 0.41ms
[3231.016s][info][gc,phases      ] GC(691)   Merge Heap Roots: 0.66ms
[3231.016s][info][gc,phases      ] GC(691)   Evacuate Collection Set: 133.67ms
[3231.016s][info][gc,phases      ] GC(691)   Post Evacuate Collection Set: 0.95ms
[3231.016s][info][gc,phases      ] GC(691)   Other: 0.09ms
[3231.016s][info][gc,heap        ] GC(691) Eden regions: 1108->0(1114)
[3231.016s][info][gc,heap        ] GC(691) Survivor regions: 110->114(153)
[3231.016s][info][gc,heap        ] GC(691) Old regions: 537->475
[3231.016s][info][gc,heap        ] GC(691) Humongous regions: 80->80
[3231.016s][info][gc,metaspace   ] GC(691) Metaspace: 28887K(29312K)->28887K(29312K) NonClass: 24019K(24256K)->24019K(24256K) Class: 4868K(5056K)->4868K(5056K)
[3231.016s][info][gc             ] GC(691) Pause Young (Mixed) (G1 Evacuation Pause) 3668M->1336M(4096M) 135.909ms
[3231.016s][info][gc,cpu         ] GC(691) User=0.80s Sys=0.00s Real=0.14s
...[3234.315s][info][gc,start       ] GC(692) Pause Young (Concurrent Start) (G1 Evacuation Pause)
[3234.315s][info][gc,task        ] GC(692) Using 6 workers of 6 for evacuation
[3234.433s][info][gc,phases      ] GC(692)   Pre Evacuate Collection Set: 0.41ms
[3234.433s][info][gc,phases      ] GC(692)   Merge Heap Roots: 0.48ms
[3234.433s][info][gc,phases      ] GC(692)   Evacuate Collection Set: 115.81ms
[3234.433s][info][gc,phases      ] GC(692)   Post Evacuate Collection Set: 0.90ms
[3234.433s][info][gc,phases      ] GC(692)   Other: 0.12ms
[3234.433s][info][gc,heap        ] GC(692) Eden regions: 1114->0(1119)
[3234.433s][info][gc,heap        ] GC(692) Survivor regions: 114->109(154)
[3234.433s][info][gc,heap        ] GC(692) Old regions: 475->507
[3234.433s][info][gc,heap        ] GC(692) Humongous regions: 80->80
[3234.433s][info][gc,metaspace   ] GC(692) Metaspace: 28887K(29312K)->28887K(29312K) NonClass: 24019K(24256K)->24019K(24256K) Class: 4868K(5056K)->4868K(5056K)
[3234.433s][info][gc             ] GC(692) Pause Young (Concurrent Start) (G1 Evacuation Pause) 3564M->1390M(4096M) 117.858ms
[3234.433s][info][gc             ] GC(693) Concurrent Mark Cycle
[3234.433s][info][gc,marking     ] GC(693) Concurrent Scan Root Regions
[3234.433s][info][gc,cpu         ] GC(692) User=0.70s Sys=0.00s Real=0.11s
.[3234.575s][info][gc,marking     ] GC(693) Concurrent Scan Root Regions 142.385ms
[3234.575s][info][gc,marking     ] GC(693) Concurrent Mark
[3234.575s][info][gc,marking     ] GC(693) Concurrent Mark From Roots
[3234.575s][info][gc,task        ] GC(693) Using 2 workers of 2 for marking
[3235.220s][info][gc,marking     ] GC(693) Concurrent Mark From Roots 644.715ms
[3235.220s][info][gc,marking     ] GC(693) Concurrent Preclean
[3235.220s][info][gc,marking     ] GC(693) Concurrent Preclean 0.174ms
[3235.220s][info][gc,start       ] GC(693) Pause Remark
[3235.225s][info][gc             ] GC(693) Pause Remark 1979M->1979M(4096M) 4.807ms
[3235.225s][info][gc,cpu         ] GC(693) User=0.02s Sys=0.00s Real=0.01s
[3235.225s][info][gc,marking     ] GC(693) Concurrent Mark 649.978ms
[3235.225s][info][gc,marking     ] GC(693) Concurrent Rebuild Remembered Sets and Scrub Regions
.[3235.515s][info][gc,marking     ] GC(693) Concurrent Rebuild Remembered Sets and Scrub Regions 289.445ms
[3235.515s][info][gc,start       ] GC(693) Pause Cleanup
[3235.515s][info][gc             ] GC(693) Pause Cleanup 2165M->2165M(4096M) 0.124ms
[3235.515s][info][gc,cpu         ] GC(693) User=0.00s Sys=0.00s Real=0.00s
[3235.516s][info][gc,marking     ] GC(693) Concurrent Clear Claimed Marks
[3235.516s][info][gc,marking     ] GC(693) Concurrent Clear Claimed Marks 0.035ms
[3235.516s][info][gc,marking     ] GC(693) Concurrent Cleanup for Next Mark
[3235.521s][info][gc,marking     ] GC(693) Concurrent Cleanup for Next Mark 5.222ms
[3235.521s][info][gc             ] GC(693) Concurrent Mark Cycle 1088.802ms
..[3237.727s][info][gc,start       ] GC(694) Pause Young (Prepare Mixed) (G1 Evacuation Pause)
[3237.727s][info][gc,task        ] GC(694) Using 6 workers of 6 for evacuation
[3237.846s][info][gc,phases      ] GC(694)   Pre Evacuate Collection Set: 0.35ms
[3237.846s][info][gc,phases      ] GC(694)   Merge Heap Roots: 0.54ms
[3237.846s][info][gc,phases      ] GC(694)   Evacuate Collection Set: 116.81ms
[3237.846s][info][gc,phases      ] GC(694)   Post Evacuate Collection Set: 0.94ms
[3237.846s][info][gc,phases      ] GC(694)   Other: 0.10ms
[3237.846s][info][gc,heap        ] GC(694) Eden regions: 1119->0(1104)
[3237.846s][info][gc,heap        ] GC(694) Survivor regions: 109->111(154)
[3237.846s][info][gc,heap        ] GC(694) Old regions: 507->539
[3237.846s][info][gc,heap        ] GC(694) Humongous regions: 80->80
[3237.846s][info][gc,metaspace   ] GC(694) Metaspace: 28887K(29312K)->28887K(29312K) NonClass: 24019K(24256K)->24019K(24256K) Class: 4868K(5056K)->4868K(5056K)
[3237.846s][info][gc             ] GC(694) Pause Young (Prepare Mixed) (G1 Evacuation Pause) 3628M->1457M(4096M) 118.881ms
[3237.846s][info][gc,cpu         ] GC(694) User=0.70s Sys=0.00s Real=0.12s
...[3241.122s][info][gc,start       ] GC(695) Pause Young (Mixed) (G1 Evacuation Pause)
[3241.123s][info][gc,task        ] GC(695) Using 6 workers of 6 for evacuation
[3241.254s][info][gc,phases      ] GC(695)   Pre Evacuate Collection Set: 0.42ms
[3241.255s][info][gc,phases      ] GC(695)   Merge Heap Roots: 0.75ms
[3241.255s][info][gc,phases      ] GC(695)   Evacuate Collection Set: 129.73ms
[3241.255s][info][gc,phases      ] GC(695)   Post Evacuate Collection Set: 0.97ms
[3241.255s][info][gc,phases      ] GC(695)   Other: 0.09ms
[3241.255s][info][gc,heap        ] GC(695) Eden regions: 1104->0(1118)
[3241.255s][info][gc,heap        ] GC(695) Survivor regions: 111->110(152)
[3241.255s][info][gc,heap        ] GC(695) Old regions: 539->474
[3241.255s][info][gc,heap        ] GC(695) Humongous regions: 80->80
[3241.255s][info][gc,metaspace   ] GC(695) Metaspace: 28887K(29312K)->28887K(29312K) NonClass: 24019K(24256K)->24019K(24256K) Class: 4868K(5056K)->4868K(5056K)
[3241.255s][info][gc             ] GC(695) Pause Young (Mixed) (G1 Evacuation Pause) 3665M->1325M(4096M) 132.112ms
[3241.255s][info][gc,cpu         ] GC(695) User=0.79s Sys=0.00s Real=0.14s
....[3244.480s][info][gc,start       ] GC(696) Pause Young (Concurrent Start) (G1 Evacuation Pause)
[3244.480s][info][gc,task        ] GC(696) Using 6 workers of 6 for evacuation
[3244.596s][info][gc,phases      ] GC(696)   Pre Evacuate Collection Set: 0.44ms
[3244.596s][info][gc,phases      ] GC(696)   Merge Heap Roots: 0.49ms
[3244.596s][info][gc,phases      ] GC(696)   Evacuate Collection Set: 113.71ms
[3244.596s][info][gc,phases      ] GC(696)   Post Evacuate Collection Set: 0.91ms
[3244.596s][info][gc,phases      ] GC(696)   Other: 0.10ms
[3244.596s][info][gc,heap        ] GC(696) Eden regions: 1118->0(1119)
[3244.596s][info][gc,heap        ] GC(696) Survivor regions: 110->109(154)
[3244.596s][info][gc,heap        ] GC(696) Old regions: 474->506
[3244.596s][info][gc,heap        ] GC(696) Humongous regions: 80->80
[3244.596s][info][gc,metaspace   ] GC(696) Metaspace: 28887K(29312K)->28887K(29312K) NonClass: 24019K(24256K)->24019K(24256K) Class: 4868K(5056K)->4868K(5056K)
[3244.596s][info][gc             ] GC(696) Pause Young (Concurrent Start) (G1 Evacuation Pause) 3561M->1388M(4096M) 115.777ms
[3244.596s][info][gc             ] GC(697) Concurrent Mark Cycle
[3244.596s][info][gc,marking     ] GC(697) Concurrent Scan Root Regions
[3244.596s][info][gc,cpu         ] GC(696) User=0.68s Sys=0.00s Real=0.12s
[3244.766s][info][gc,marking     ] GC(697) Concurrent Scan Root Regions 170.050ms
[3244.766s][info][gc,marking     ] GC(697) Concurrent Mark
[3244.766s][info][gc,marking     ] GC(697) Concurrent Mark From Roots
[3244.766s][info][gc,task        ] GC(697) Using 2 workers of 2 for marking
.[3245.554s][info][gc,marking     ] GC(697) Concurrent Mark From Roots 787.679ms
[3245.554s][info][gc,marking     ] GC(697) Concurrent Preclean
[3245.554s][info][gc,marking     ] GC(697) Concurrent Preclean 0.096ms
[3245.554s][info][gc,start       ] GC(697) Pause Remark
[3245.559s][info][gc             ] GC(697) Pause Remark 2062M->2062M(4096M) 4.415ms
[3245.559s][info][gc,cpu         ] GC(697) User=0.03s Sys=0.00s Real=0.00s
[3245.559s][info][gc,marking     ] GC(697) Concurrent Mark 792.522ms
[3245.559s][info][gc,marking     ] GC(697) Concurrent Rebuild Remembered Sets and Scrub Regions
[3245.848s][info][gc,marking     ] GC(697) Concurrent Rebuild Remembered Sets and Scrub Regions 289.021ms
[3245.848s][info][gc,start       ] GC(697) Pause Cleanup
[3245.848s][info][gc             ] GC(697) Pause Cleanup 2249M->2249M(4096M) 0.121ms
[3245.848s][info][gc,cpu         ] GC(697) User=0.00s Sys=0.00s Real=0.00s
[3245.849s][info][gc,marking     ] GC(697) Concurrent Clear Claimed Marks
[3245.849s][info][gc,marking     ] GC(697) Concurrent Clear Claimed Marks 0.032ms
[3245.849s][info][gc,marking     ] GC(697) Concurrent Cleanup for Next Mark
[3245.855s][info][gc,marking     ] GC(697) Concurrent Cleanup for Next Mark 5.960ms
[3245.855s][info][gc             ] GC(697) Concurrent Mark Cycle 1258.600ms
..[3247.939s][info][gc,start       ] GC(698) Pause Young (Prepare Mixed) (G1 Evacuation Pause)
[3247.939s][info][gc,task        ] GC(698) Using 6 workers of 6 for evacuation
[3248.056s][info][gc,phases      ] GC(698)   Pre Evacuate Collection Set: 0.38ms
[3248.056s][info][gc,phases      ] GC(698)   Merge Heap Roots: 0.49ms
[3248.056s][info][gc,phases      ] GC(698)   Evacuate Collection Set: 114.56ms
[3248.056s][info][gc,phases      ] GC(698)   Post Evacuate Collection Set: 0.93ms
[3248.056s][info][gc,phases      ] GC(698)   Other: 0.09ms
[3248.056s][info][gc,heap        ] GC(698) Eden regions: 1119->0(1112)
[3248.056s][info][gc,heap        ] GC(698) Survivor regions: 109->108(154)
[3248.056s][info][gc,heap        ] GC(698) Old regions: 506->537
[3248.056s][info][gc,heap        ] GC(698) Humongous regions: 80->80
[3248.056s][info][gc,metaspace   ] GC(698) Metaspace: 28887K(29312K)->28887K(29312K) NonClass: 24019K(24256K)->24019K(24256K) Class: 4868K(5056K)->4868K(5056K)
[3248.056s][info][gc             ] GC(698) Pause Young (Prepare Mixed) (G1 Evacuation Pause) 3626M->1448M(4096M) 116.589ms
[3248.056s][info][gc,cpu         ] GC(698) User=0.68s Sys=0.00s Real=0.12s
...[3251.296s][info][gc,start       ] GC(699) Pause Young (Mixed) (G1 Evacuation Pause)
[3251.296s][info][gc,task        ] GC(699) Using 6 workers of 6 for evacuation
[3251.428s][info][gc,phases      ] GC(699)   Pre Evacuate Collection Set: 0.42ms
[3251.428s][info][gc,phases      ] GC(699)   Merge Heap Roots: 0.66ms
[3251.428s][info][gc,phases      ] GC(699)   Evacuate Collection Set: 129.70ms
[3251.428s][info][gc,phases      ] GC(699)   Post Evacuate Collection Set: 0.97ms
[3251.428s][info][gc,phases      ] GC(699)   Other: 0.09ms
[3251.428s][info][gc,heap        ] GC(699) Eden regions: 1112->0(1120)
[3251.428s][info][gc,heap        ] GC(699) Survivor regions: 108->108(153)
[3251.428s][info][gc,heap        ] GC(699) Old regions: 537->475
[3251.428s][info][gc,heap        ] GC(699) Humongous regions: 80->80
[3251.428s][info][gc,metaspace   ] GC(699) Metaspace: 28887K(29312K)->28887K(29312K) NonClass: 24019K(24256K)->24019K(24256K) Class: 4868K(5056K)->4868K(5056K)
[3251.428s][info][gc             ] GC(699) Pause Young (Mixed) (G1 Evacuation Pause) 3672M->1325M(4096M) 131.971ms
[3251.428s][info][gc,cpu         ] GC(699) User=0.78s Sys=0.00s Real=0.13s
....[3254.677s][info][gc,start       ] GC(700) Pause Young (Concurrent Start) (G1 Evacuation Pause)
[3254.677s][info][gc,task        ] GC(700) Using 6 workers of 6 for evacuation
[3254.798s][info][gc,phases      ] GC(700)   Pre Evacuate Collection Set: 0.39ms
[3254.798s][info][gc,phases      ] GC(700)   Merge Heap Roots: 0.54ms
[3254.798s][info][gc,phases      ] GC(700)   Evacuate Collection Set: 118.75ms
[3254.798s][info][gc,phases      ] GC(700)   Post Evacuate Collection Set: 0.94ms
[3254.798s][info][gc,phases      ] GC(700)   Other: 0.10ms
[3254.798s][info][gc,heap        ] GC(700) Eden regions: 1120->0(1117)
[3254.798s][info][gc,heap        ] GC(700) Survivor regions: 108->111(154)
[3254.798s][info][gc,heap        ] GC(700) Old regions: 475->508
[3254.798s][info][gc,heap        ] GC(700) Humongous regions: 80->80
[3254.798s][info][gc,metaspace   ] GC(700) Metaspace: 28887K(29312K)->28887K(29312K) NonClass: 24019K(24256K)->24019K(24256K) Class: 4868K(5056K)->4868K(5056K)
[3254.798s][info][gc             ] GC(700) Pause Young (Concurrent Start) (G1 Evacuation Pause) 3565M->1395M(4096M) 120.872ms
[3254.798s][info][gc             ] GC(701) Concurrent Mark Cycle
[3254.798s][info][gc,marking     ] GC(701) Concurrent Scan Root Regions
[3254.798s][info][gc,cpu         ] GC(700) User=0.71s Sys=0.00s Real=0.12s
[3254.983s][info][gc,marking     ] GC(701) Concurrent Scan Root Regions 184.769ms
[3254.983s][info][gc,marking     ] GC(701) Concurrent Mark
[3254.983s][info][gc,marking     ] GC(701) Concurrent Mark From Roots
[3254.983s][info][gc,task        ] GC(701) Using 2 workers of 2 for marking
.[3255.918s][info][gc,marking     ] GC(701) Concurrent Mark From Roots 934.459ms
[3255.918s][info][gc,marking     ] GC(701) Concurrent Preclean
[3255.918s][info][gc,marking     ] GC(701) Concurrent Preclean 0.283ms
[3255.918s][info][gc,start       ] GC(701) Pause Remark
[3255.924s][info][gc             ] GC(701) Pause Remark 2160M->2160M(4096M) 5.617ms
[3255.924s][info][gc,cpu         ] GC(701) User=0.03s Sys=0.00s Real=0.01s
[3255.924s][info][gc,marking     ] GC(701) Concurrent Mark 941.230ms
[3255.924s][info][gc,marking     ] GC(701) Concurrent Rebuild Remembered Sets and Scrub Regions
[3256.286s][info][gc,marking     ] GC(701) Concurrent Rebuild Remembered Sets and Scrub Regions 361.643ms
[3256.286s][info][gc,start       ] GC(701) Pause Cleanup
[3256.286s][info][gc             ] GC(701) Pause Cleanup 2435M->2435M(4096M) 0.125ms
[3256.286s][info][gc,cpu         ] GC(701) User=0.00s Sys=0.00s Real=0.00s
[3256.286s][info][gc,marking     ] GC(701) Concurrent Clear Claimed Marks
[3256.286s][info][gc,marking     ] GC(701) Concurrent Clear Claimed Marks 0.026ms
[3256.286s][info][gc,marking     ] GC(701) Concurrent Cleanup for Next Mark
[3256.291s][info][gc,marking     ] GC(701) Concurrent Cleanup for Next Mark 4.760ms
[3256.291s][info][gc             ] GC(701) Concurrent Mark Cycle 1492.910ms
. (rIR:aIR:PR = 5535:5538:5538) (tPR = 82019) [OK] 
  3256s: Performance info:
         Transaction,    Success,    Partial,     Failed,   Receipts, AvgBarcode, 
             Overall,     333724,          0,          0,     317058,      59.47, 
         Response times:
             Request,    Success,    Partial,     Failed,   SkipFail,     Probes,    Samples,      min,      p50,      p90,      p95,      p99,      max, 
       TotalPurchase,     317058,          0,          0,          0,     311255,     333739,      300,     4600,    12100,    30000,    78000,   219000,
     InStorePurchase,     166932,          0,          0,          0,     164074,     176001,      300,     4600,    12200,    30000,    78000,   219000,
      OnlinePurchase,     116772,          0,          0,          0,     114650,     122423,      300,     4500,    11900,    30000,    78000,   203000,
        InstPurchase,      33354,          0,          0,          0,      32531,      35315,      400,     4600,    12300,    30000,    77000,   180000,
          AssocOfCat,        333,          0,          0,          0,        262,        357,    23000,    34000,    60200,    89500,   143860,   216000,
      AssocOfProduct,       3325,          0,          0,          0,       3084,       3524,      400,     5300,    12300,    31000,    85000,   140000,
      BusinessReport,        832,          0,          0,          0,        682,        822,    25000,    38000,    74000,   106000,   175770,   265000,
          CustBuyBeh,       3327,          0,          0,          0,       3120,       3528,      200,     4200,    11100,    26550,    67000,   138000,
       ProductReturn,       8849,          0,          0,          0,       8430,       9368,      200,     4800,    13110,    34000,    84000,   203000,

  3256s: (41%)   IR =   5673 .[3258.061s][info][gc,start       ] GC(702) Pause Young (Prepare Mixed) (G1 Evacuation Pause)
[3258.061s][info][gc,task        ] GC(702) Using 6 workers of 6 for evacuation
[3258.178s][info][gc,phases      ] GC(702)   Pre Evacuate Collection Set: 0.35ms
[3258.178s][info][gc,phases      ] GC(702)   Merge Heap Roots: 0.51ms
[3258.178s][info][gc,phases      ] GC(702)   Evacuate Collection Set: 115.28ms
[3258.178s][info][gc,phases      ] GC(702)   Post Evacuate Collection Set: 0.96ms
[3258.178s][info][gc,phases      ] GC(702)   Other: 0.09ms
[3258.179s][info][gc,heap        ] GC(702) Eden regions: 1117->0(1107)
[3258.179s][info][gc,heap        ] GC(702) Survivor regions: 111->109(154)
[3258.179s][info][gc,heap        ] GC(702) Old regions: 508->540
[3258.179s][info][gc,heap        ] GC(702) Humongous regions: 80->80
[3258.179s][info][gc,metaspace   ] GC(702) Metaspace: 28887K(29312K)->28887K(29312K) NonClass: 24019K(24256K)->24019K(24256K) Class: 4868K(5056K)->4868K(5056K)
[3258.179s][info][gc             ] GC(702) Pause Young (Prepare Mixed) (G1 Evacuation Pause) 3629M->1456M(4096M) 117.331ms
[3258.179s][info][gc,cpu         ] GC(702) User=0.70s Sys=0.00s Real=0.12s
...[3261.346s][info][gc,start       ] GC(703) Pause Young (Mixed) (G1 Evacuation Pause)
[3261.346s][info][gc,task        ] GC(703) Using 6 workers of 6 for evacuation
[3261.477s][info][gc,phases      ] GC(703)   Pre Evacuate Collection Set: 0.44ms
[3261.477s][info][gc,phases      ] GC(703)   Merge Heap Roots: 0.65ms
[3261.477s][info][gc,phases      ] GC(703)   Evacuate Collection Set: 128.64ms
[3261.477s][info][gc,phases      ] GC(703)   Post Evacuate Collection Set: 1.01ms
[3261.477s][info][gc,phases      ] GC(703)   Other: 0.09ms
[3261.477s][info][gc,heap        ] GC(703) Eden regions: 1107->0(1118)
[3261.477s][info][gc,heap        ] GC(703) Survivor regions: 109->110(152)
[3261.477s][info][gc,heap        ] GC(703) Old regions: 540->476
[3261.477s][info][gc,heap        ] GC(703) Humongous regions: 80->80
[3261.477s][info][gc,metaspace   ] GC(703) Metaspace: 28887K(29312K)->28887K(29312K) NonClass: 24019K(24256K)->24019K(24256K) Class: 4868K(5056K)->4868K(5056K)
[3261.477s][info][gc             ] GC(703) Pause Young (Mixed) (G1 Evacuation Pause) 3670M->1329M(4096M) 130.955ms
[3261.477s][info][gc,cpu         ] GC(703) User=0.78s Sys=0.00s Real=0.13s
..|..[3264.664s][info][gc,start       ] GC(704) Pause Young (Concurrent Start) (G1 Evacuation Pause)
[3264.665s][info][gc,task        ] GC(704) Using 6 workers of 6 for evacuation
[3264.783s][info][gc,phases      ] GC(704)   Pre Evacuate Collection Set: 0.40ms
[3264.783s][info][gc,phases      ] GC(704)   Merge Heap Roots: 0.49ms
[3264.783s][info][gc,phases      ] GC(704)   Evacuate Collection Set: 116.54ms
[3264.783s][info][gc,phases      ] GC(704)   Post Evacuate Collection Set: 0.91ms
[3264.783s][info][gc,phases      ] GC(704)   Other: 0.09ms
[3264.783s][info][gc,heap        ] GC(704) Eden regions: 1118->0(1117)
[3264.783s][info][gc,heap        ] GC(704) Survivor regions: 110->111(154)
[3264.783s][info][gc,heap        ] GC(704) Old regions: 476->507
[3264.783s][info][gc,heap        ] GC(704) Humongous regions: 80->80
[3264.783s][info][gc,metaspace   ] GC(704) Metaspace: 28887K(29312K)->28887K(29312K) NonClass: 24019K(24256K)->24019K(24256K) Class: 4868K(5056K)->4868K(5056K)
[3264.783s][info][gc             ] GC(704) Pause Young (Concurrent Start) (G1 Evacuation Pause) 3565M->1394M(4096M) 118.591ms
[3264.783s][info][gc             ] GC(705) Concurrent Mark Cycle
[3264.783s][info][gc,marking     ] GC(705) Concurrent Scan Root Regions
[3264.783s][info][gc,cpu         ] GC(704) User=0.70s Sys=0.01s Real=0.11s
[3264.898s][info][gc,marking     ] GC(705) Concurrent Scan Root Regions 115.276ms
[3264.898s][info][gc,marking     ] GC(705) Concurrent Mark
[3264.898s][info][gc,marking     ] GC(705) Concurrent Mark From Roots
[3264.898s][info][gc,task        ] GC(705) Using 2 workers of 2 for marking
[3265.457s][info][gc,marking     ] GC(705) Concurrent Mark From Roots 558.788ms
[3265.457s][info][gc,marking     ] GC(705) Concurrent Preclean
[3265.457s][info][gc,marking     ] GC(705) Concurrent Preclean 0.129ms
[3265.458s][info][gc,start       ] GC(705) Pause Remark
[3265.462s][info][gc             ] GC(705) Pause Remark 1884M->1884M(4096M) 4.407ms
[3265.462s][info][gc,cpu         ] GC(705) User=0.02s Sys=0.00s Real=0.00s
[3265.465s][info][gc,marking     ] GC(705) Concurrent Mark 566.191ms
[3265.465s][info][gc,marking     ] GC(705) Concurrent Rebuild Remembered Sets and Scrub Regions
.[3265.729s][info][gc,marking     ] GC(705) Concurrent Rebuild Remembered Sets and Scrub Regions 264.677ms
[3265.730s][info][gc,start       ] GC(705) Pause Cleanup
[3265.730s][info][gc             ] GC(705) Pause Cleanup 2108M->2108M(4096M) 0.123ms
[3265.730s][info][gc,cpu         ] GC(705) User=0.00s Sys=0.00s Real=0.00s
[3265.730s][info][gc,marking     ] GC(705) Concurrent Clear Claimed Marks
[3265.730s][info][gc,marking     ] GC(705) Concurrent Clear Claimed Marks 0.026ms
[3265.730s][info][gc,marking     ] GC(705) Concurrent Cleanup for Next Mark
[3265.734s][info][gc,marking     ] GC(705) Concurrent Cleanup for Next Mark 4.282ms
[3265.734s][info][gc             ] GC(705) Concurrent Mark Cycle 950.964ms
..[3268.008s][info][gc,start       ] GC(706) Pause Young (Prepare Mixed) (G1 Evacuation Pause)
[3268.008s][info][gc,task        ] GC(706) Using 6 workers of 6 for evacuation
[3268.124s][info][gc,phases      ] GC(706)   Pre Evacuate Collection Set: 0.35ms
[3268.124s][info][gc,phases      ] GC(706)   Merge Heap Roots: 0.54ms
[3268.124s][info][gc,phases      ] GC(706)   Evacuate Collection Set: 114.30ms
[3268.124s][info][gc,phases      ] GC(706)   Post Evacuate Collection Set: 0.95ms
[3268.124s][info][gc,phases      ] GC(706)   Other: 0.09ms
[3268.124s][info][gc,heap        ] GC(706) Eden regions: 1117->0(1109)
[3268.124s][info][gc,heap        ] GC(706) Survivor regions: 111->108(154)
[3268.124s][info][gc,heap        ] GC(706) Old regions: 507->540
[3268.124s][info][gc,heap        ] GC(706) Humongous regions: 80->80
[3268.124s][info][gc,metaspace   ] GC(706) Metaspace: 28887K(29312K)->28887K(29312K) NonClass: 24019K(24256K)->24019K(24256K) Class: 4868K(5056K)->4868K(5056K)
[3268.124s][info][gc             ] GC(706) Pause Young (Prepare Mixed) (G1 Evacuation Pause) 3628M->1454M(4096M) 116.358ms
[3268.124s][info][gc,cpu         ] GC(706) User=0.69s Sys=0.00s Real=0.12s
...[3271.303s][info][gc,start       ] GC(707) Pause Young (Mixed) (G1 Evacuation Pause)
[3271.303s][info][gc,task        ] GC(707) Using 6 workers of 6 for evacuation
[3271.435s][info][gc,phases      ] GC(707)   Pre Evacuate Collection Set: 0.41ms
[3271.435s][info][gc,phases      ] GC(707)   Merge Heap Roots: 0.69ms
[3271.435s][info][gc,phases      ] GC(707)   Evacuate Collection Set: 129.44ms
[3271.435s][info][gc,phases      ] GC(707)   Post Evacuate Collection Set: 0.98ms
[3271.435s][info][gc,phases      ] GC(707)   Other: 0.09ms
[3271.435s][info][gc,heap        ] GC(707) Eden regions: 1109->0(1119)
[3271.435s][info][gc,heap        ] GC(707) Survivor regions: 108->109(153)
[3271.435s][info][gc,heap        ] GC(707) Old regions: 540->474
[3271.435s][info][gc,heap        ] GC(707) Humongous regions: 80->80
[3271.435s][info][gc,metaspace   ] GC(707) Metaspace: 28887K(29312K)->28887K(29312K) NonClass: 24019K(24256K)->24019K(24256K) Class: 4868K(5056K)->4868K(5056K)
[3271.435s][info][gc             ] GC(707) Pause Young (Mixed) (G1 Evacuation Pause) 3672M->1324M(4096M) 131.755ms
[3271.435s][info][gc,cpu         ] GC(707) User=0.78s Sys=0.00s Real=0.14s
....[3274.616s][info][gc,start       ] GC(708) Pause Young (Concurrent Start) (G1 Evacuation Pause)
[3274.616s][info][gc,task        ] GC(708) Using 6 workers of 6 for evacuation
[3274.738s][info][gc,phases      ] GC(708)   Pre Evacuate Collection Set: 0.39ms
[3274.738s][info][gc,phases      ] GC(708)   Merge Heap Roots: 0.46ms
[3274.738s][info][gc,phases      ] GC(708)   Evacuate Collection Set: 120.82ms
[3274.738s][info][gc,phases      ] GC(708)   Post Evacuate Collection Set: 0.91ms
[3274.738s][info][gc,phases      ] GC(708)   Other: 0.09ms
[3274.738s][info][gc,heap        ] GC(708) Eden regions: 1119->0(1114)
[3274.738s][info][gc,heap        ] GC(708) Survivor regions: 109->114(154)
[3274.738s][info][gc,heap        ] GC(708) Old regions: 474->505
[3274.738s][info][gc,heap        ] GC(708) Humongous regions: 80->80
[3274.738s][info][gc,metaspace   ] GC(708) Metaspace: 28887K(29312K)->28887K(29312K) NonClass: 24019K(24256K)->24019K(24256K) Class: 4868K(5056K)->4868K(5056K)
[3274.738s][info][gc             ] GC(708) Pause Young (Concurrent Start) (G1 Evacuation Pause) 3562M->1396M(4096M) 122.795ms
[3274.738s][info][gc             ] GC(709) Concurrent Mark Cycle
[3274.738s][info][gc,marking     ] GC(709) Concurrent Scan Root Regions
[3274.738s][info][gc,cpu         ] GC(708) User=0.73s Sys=0.01s Real=0.12s
[3274.923s][info][gc,marking     ] GC(709) Concurrent Scan Root Regions 184.184ms
[3274.923s][info][gc,marking     ] GC(709) Concurrent Mark
[3274.923s][info][gc,marking     ] GC(709) Concurrent Mark From Roots
[3274.923s][info][gc,task        ] GC(709) Using 2 workers of 2 for marking
.[3275.720s][info][gc,marking     ] GC(709) Concurrent Mark From Roots 797.113ms
[3275.720s][info][gc,marking     ] GC(709) Concurrent Preclean
[3275.720s][info][gc,marking     ] GC(709) Concurrent Preclean 0.124ms
[3275.720s][info][gc,start       ] GC(709) Pause Remark
[3275.726s][info][gc             ] GC(709) Pause Remark 2133M->2133M(4096M) 5.845ms
[3275.726s][info][gc,cpu         ] GC(709) User=0.03s Sys=0.00s Real=0.01s
[3275.726s][info][gc,marking     ] GC(709) Concurrent Mark 803.382ms
[3275.726s][info][gc,marking     ] GC(709) Concurrent Rebuild Remembered Sets and Scrub Regions
[3276.088s][info][gc,marking     ] GC(709) Concurrent Rebuild Remembered Sets and Scrub Regions 361.897ms
[3276.088s][info][gc,start       ] GC(709) Pause Cleanup
[3276.088s][info][gc             ] GC(709) Pause Cleanup 2399M->2399M(4096M) 0.109ms
[3276.088s][info][gc,cpu         ] GC(709) User=0.00s Sys=0.00s Real=0.00s
[3276.088s][info][gc,marking     ] GC(709) Concurrent Clear Claimed Marks
[3276.088s][info][gc,marking     ] GC(709) Concurrent Clear Claimed Marks 0.025ms
[3276.088s][info][gc,marking     ] GC(709) Concurrent Cleanup for Next Mark
[3276.092s][info][gc,marking     ] GC(709) Concurrent Cleanup for Next Mark 4.159ms
[3276.093s][info][gc             ] GC(709) Concurrent Mark Cycle 1354.116ms
..[3277.940s][info][gc,start       ] GC(710) Pause Young (Prepare Mixed) (G1 Evacuation Pause)
[3277.940s][info][gc,task        ] GC(710) Using 6 workers of 6 for evacuation
[3278.055s][info][gc,phases      ] GC(710)   Pre Evacuate Collection Set: 0.35ms
[3278.055s][info][gc,phases      ] GC(710)   Merge Heap Roots: 0.53ms
[3278.055s][info][gc,phases      ] GC(710)   Evacuate Collection Set: 112.95ms
[3278.055s][info][gc,phases      ] GC(710)   Post Evacuate Collection Set: 0.95ms
[3278.055s][info][gc,phases      ] GC(710)   Other: 0.09ms
[3278.055s][info][gc,heap        ] GC(710) Eden regions: 1114->0(1112)
[3278.055s][info][gc,heap        ] GC(710) Survivor regions: 114->108(154)
[3278.055s][info][gc,heap        ] GC(710) Old regions: 505->537
[3278.055s][info][gc,heap        ] GC(710) Humongous regions: 80->80
[3278.055s][info][gc,metaspace   ] GC(710) Metaspace: 28887K(29312K)->28887K(29312K) NonClass: 24019K(24256K)->24019K(24256K) Class: 4868K(5056K)->4868K(5056K)
[3278.055s][info][gc             ] GC(710) Pause Young (Prepare Mixed) (G1 Evacuation Pause) 3624M->1448M(4096M) 115.007ms
[3278.055s][info][gc,cpu         ] GC(710) User=0.68s Sys=0.00s Real=0.12s
...[3281.188s][info][gc,start       ] GC(711) Pause Young (Mixed) (G1 Evacuation Pause)
[3281.188s][info][gc,task        ] GC(711) Using 6 workers of 6 for evacuation
[3281.323s][info][gc,phases      ] GC(711)   Pre Evacuate Collection Set: 0.39ms
[3281.323s][info][gc,phases      ] GC(711)   Merge Heap Roots: 0.67ms
[3281.323s][info][gc,phases      ] GC(711)   Evacuate Collection Set: 133.00ms
[3281.323s][info][gc,phases      ] GC(711)   Post Evacuate Collection Set: 1.08ms
[3281.324s][info][gc,phases      ] GC(711)   Other: 0.09ms
[3281.324s][info][gc,heap        ] GC(711) Eden regions: 1112->0(1118)
[3281.324s][info][gc,heap        ] GC(711) Survivor regions: 108->110(153)
[3281.324s][info][gc,heap        ] GC(711) Old regions: 537->474
[3281.324s][info][gc,heap        ] GC(711) Humongous regions: 80->80
[3281.324s][info][gc,metaspace   ] GC(711) Metaspace: 28887K(29312K)->28887K(29312K) NonClass: 24019K(24256K)->24019K(24256K) Class: 4868K(5056K)->4868K(5056K)
[3281.324s][info][gc             ] GC(711) Pause Young (Mixed) (G1 Evacuation Pause) 3672M->1326M(4096M) 135.375ms
[3281.324s][info][gc,cpu         ] GC(711) User=0.80s Sys=0.00s Real=0.14s
...[3284.586s][info][gc,start       ] GC(712) Pause Young (Concurrent Start) (G1 Evacuation Pause)
[3284.586s][info][gc,task        ] GC(712) Using 6 workers of 6 for evacuation
[3284.704s][info][gc,phases      ] GC(712)   Pre Evacuate Collection Set: 0.46ms
[3284.704s][info][gc,phases      ] GC(712)   Merge Heap Roots: 0.52ms
[3284.704s][info][gc,phases      ] GC(712)   Evacuate Collection Set: 115.53ms
[3284.704s][info][gc,phases      ] GC(712)   Post Evacuate Collection Set: 0.90ms
[3284.704s][info][gc,phases      ] GC(712)   Other: 0.12ms
[3284.704s][info][gc,heap        ] GC(712) Eden regions: 1118->0(1118)
[3284.704s][info][gc,heap        ] GC(712) Survivor regions: 110->110(154)
[3284.704s][info][gc,heap        ] GC(712) Old regions: 474->506
[3284.704s][info][gc,heap        ] GC(712) Humongous regions: 80->80
[3284.704s][info][gc,metaspace   ] GC(712) Metaspace: 28887K(29312K)->28887K(29312K) NonClass: 24019K(24256K)->24019K(24256K) Class: 4868K(5056K)->4868K(5056K)
[3284.704s][info][gc             ] GC(712) Pause Young (Concurrent Start) (G1 Evacuation Pause) 3562M->1391M(4096M) 117.668ms
[3284.704s][info][gc             ] GC(713) Concurrent Mark Cycle
[3284.704s][info][gc,marking     ] GC(713) Concurrent Scan Root Regions
[3284.704s][info][gc,cpu         ] GC(712) User=0.69s Sys=0.00s Real=0.12s
.[3284.880s][info][gc,marking     ] GC(713) Concurrent Scan Root Regions 175.761ms
[3284.880s][info][gc,marking     ] GC(713) Concurrent Mark
[3284.880s][info][gc,marking     ] GC(713) Concurrent Mark From Roots
[3284.880s][info][gc,task        ] GC(713) Using 2 workers of 2 for marking
.[3285.815s][info][gc,marking     ] GC(713) Concurrent Mark From Roots 935.313ms
[3285.815s][info][gc,marking     ] GC(713) Concurrent Preclean
[3285.815s][info][gc,marking     ] GC(713) Concurrent Preclean 0.094ms
[3285.817s][info][gc,start       ] GC(713) Pause Remark
[3285.823s][info][gc             ] GC(713) Pause Remark 2227M->2227M(4096M) 5.470ms
[3285.823s][info][gc,cpu         ] GC(713) User=0.03s Sys=0.00s Real=0.00s
[3285.823s][info][gc,marking     ] GC(713) Concurrent Mark 943.068ms
[3285.823s][info][gc,marking     ] GC(713) Concurrent Rebuild Remembered Sets and Scrub Regions
[3286.080s][info][gc,marking     ] GC(713) Concurrent Rebuild Remembered Sets and Scrub Regions 256.828ms
[3286.080s][info][gc,start       ] GC(713) Pause Cleanup
[3286.080s][info][gc             ] GC(713) Pause Cleanup 2428M->2428M(4096M) 0.121ms
[3286.080s][info][gc,cpu         ] GC(713) User=0.00s Sys=0.00s Real=0.00s
[3286.080s][info][gc,marking     ] GC(713) Concurrent Clear Claimed Marks
[3286.080s][info][gc,marking     ] GC(713) Concurrent Clear Claimed Marks 0.029ms
[3286.080s][info][gc,marking     ] GC(713) Concurrent Cleanup for Next Mark
[3286.086s][info][gc,marking     ] GC(713) Concurrent Cleanup for Next Mark 5.741ms
[3286.086s][info][gc             ] GC(713) Concurrent Mark Cycle 1382.089ms
..[3287.807s][info][gc,start       ] GC(714) Pause Young (Prepare Mixed) (G1 Evacuation Pause)
[3287.807s][info][gc,task        ] GC(714) Using 6 workers of 6 for evacuation
[3287.922s][info][gc,phases      ] GC(714)   Pre Evacuate Collection Set: 0.38ms
[3287.922s][info][gc,phases      ] GC(714)   Merge Heap Roots: 0.54ms
[3287.922s][info][gc,phases      ] GC(714)   Evacuate Collection Set: 112.94ms
[3287.922s][info][gc,phases      ] GC(714)   Post Evacuate Collection Set: 0.93ms
[3287.922s][info][gc,phases      ] GC(714)   Other: 0.10ms
[3287.922s][info][gc,heap        ] GC(714) Eden regions: 1118->0(1114)
[3287.922s][info][gc,heap        ] GC(714) Survivor regions: 110->107(154)
[3287.922s][info][gc,heap        ] GC(714) Old regions: 506->537
[3287.922s][info][gc,heap        ] GC(714) Humongous regions: 80->80
[3287.922s][info][gc,metaspace   ] GC(714) Metaspace: 28887K(29312K)->28887K(29312K) NonClass: 24019K(24256K)->24019K(24256K) Class: 4868K(5056K)->4868K(5056K)
[3287.922s][info][gc             ] GC(714) Pause Young (Prepare Mixed) (G1 Evacuation Pause) 3627M->1447M(4096M) 115.024ms
[3287.922s][info][gc,cpu         ] GC(714) User=0.68s Sys=0.00s Real=0.11s
...[3291.269s][info][gc,start       ] GC(715) Pause Young (Mixed) (G1 Evacuation Pause)
[3291.269s][info][gc,task        ] GC(715) Using 6 workers of 6 for evacuation
[3291.400s][info][gc,phases      ] GC(715)   Pre Evacuate Collection Set: 0.38ms
[3291.400s][info][gc,phases      ] GC(715)   Merge Heap Roots: 0.71ms
[3291.400s][info][gc,phases      ] GC(715)   Evacuate Collection Set: 129.50ms
[3291.400s][info][gc,phases      ] GC(715)   Post Evacuate Collection Set: 0.96ms
[3291.400s][info][gc,phases      ] GC(715)   Other: 0.09ms
[3291.400s][info][gc,heap        ] GC(715) Eden regions: 1114->0(1119)
[3291.400s][info][gc,heap        ] GC(715) Survivor regions: 107->109(153)
[3291.400s][info][gc,heap        ] GC(715) Old regions: 537->474
[3291.400s][info][gc,heap        ] GC(715) Humongous regions: 80->80
[3291.400s][info][gc,metaspace   ] GC(715) Metaspace: 28887K(29312K)->28887K(29312K) NonClass: 24019K(24256K)->24019K(24256K) Class: 4868K(5056K)->4868K(5056K)
[3291.400s][info][gc             ] GC(715) Pause Young (Mixed) (G1 Evacuation Pause) 3675M->1323M(4096M) 131.778ms
[3291.400s][info][gc,cpu         ] GC(715) User=0.78s Sys=0.00s Real=0.13s
...[3294.566s][info][gc,start       ] GC(716) Pause Young (Concurrent Start) (G1 Evacuation Pause)
[3294.566s][info][gc,task        ] GC(716) Using 6 workers of 6 for evacuation
[3294.685s][info][gc,phases      ] GC(716)   Pre Evacuate Collection Set: 0.43ms
[3294.685s][info][gc,phases      ] GC(716)   Merge Heap Roots: 0.52ms
[3294.685s][info][gc,phases      ] GC(716)   Evacuate Collection Set: 116.81ms
[3294.685s][info][gc,phases      ] GC(716)   Post Evacuate Collection Set: 0.92ms
[3294.685s][info][gc,phases      ] GC(716)   Other: 0.13ms
[3294.685s][info][gc,heap        ] GC(716) Eden regions: 1119->0(1117)
[3294.685s][info][gc,heap        ] GC(716) Survivor regions: 109->111(154)
[3294.685s][info][gc,heap        ] GC(716) Old regions: 474->505
[3294.685s][info][gc,heap        ] GC(716) Humongous regions: 80->80
[3294.685s][info][gc,metaspace   ] GC(716) Metaspace: 28887K(29312K)->28887K(29312K) NonClass: 24019K(24256K)->24019K(24256K) Class: 4868K(5056K)->4868K(5056K)
[3294.685s][info][gc             ] GC(716) Pause Young (Concurrent Start) (G1 Evacuation Pause) 3561M->1389M(4096M) 118.940ms
[3294.685s][info][gc             ] GC(717) Concurrent Mark Cycle
[3294.685s][info][gc,marking     ] GC(717) Concurrent Scan Root Regions
[3294.685s][info][gc,cpu         ] GC(716) User=0.70s Sys=0.00s Real=0.12s
.[3294.825s][info][gc,marking     ] GC(717) Concurrent Scan Root Regions 140.076ms
[3294.825s][info][gc,marking     ] GC(717) Concurrent Mark
[3294.825s][info][gc,marking     ] GC(717) Concurrent Mark From Roots
[3294.825s][info][gc,task        ] GC(717) Using 2 workers of 2 for marking
[3295.508s][info][gc,marking     ] GC(717) Concurrent Mark From Roots 682.243ms
[3295.508s][info][gc,marking     ] GC(717) Concurrent Preclean
[3295.508s][info][gc,marking     ] GC(717) Concurrent Preclean 0.068ms
[3295.508s][info][gc,start       ] GC(717) Pause Remark
[3295.511s][info][gc             ] GC(717) Pause Remark 2026M->2026M(4096M) 2.889ms
[3295.511s][info][gc,cpu         ] GC(717) User=0.01s Sys=0.00s Real=0.00s
[3295.511s][info][gc,marking     ] GC(717) Concurrent Mark 685.463ms
[3295.511s][info][gc,marking     ] GC(717) Concurrent Rebuild Remembered Sets and Scrub Regions
[3295.748s][info][gc,marking     ] GC(717) Concurrent Rebuild Remembered Sets and Scrub Regions 237.258ms
[3295.748s][info][gc,start       ] GC(717) Pause Cleanup
[3295.748s][info][gc             ] GC(717) Pause Cleanup 2174M->2174M(4096M) 0.121ms
[3295.748s][info][gc,cpu         ] GC(717) User=0.00s Sys=0.00s Real=0.00s
[3295.748s][info][gc,marking     ] GC(717) Concurrent Clear Claimed Marks
[3295.748s][info][gc,marking     ] GC(717) Concurrent Clear Claimed Marks 0.024ms
[3295.748s][info][gc,marking     ] GC(717) Concurrent Cleanup for Next Mark
[3295.752s][info][gc,marking     ] GC(717) Concurrent Cleanup for Next Mark 3.239ms
[3295.752s][info][gc             ] GC(717) Concurrent Mark Cycle 1066.510ms
...[3297.850s][info][gc,start       ] GC(718) Pause Young (Prepare Mixed) (G1 Evacuation Pause)
[3297.850s][info][gc,task        ] GC(718) Using 6 workers of 6 for evacuation
[3297.965s][info][gc,phases      ] GC(718)   Pre Evacuate Collection Set: 0.36ms
[3297.965s][info][gc,phases      ] GC(718)   Merge Heap Roots: 0.52ms
[3297.965s][info][gc,phases      ] GC(718)   Evacuate Collection Set: 113.85ms
[3297.965s][info][gc,phases      ] GC(718)   Post Evacuate Collection Set: 0.95ms
[3297.965s][info][gc,phases      ] GC(718)   Other: 0.09ms
[3297.965s][info][gc,heap        ] GC(718) Eden regions: 1117->0(1113)
[3297.965s][info][gc,heap        ] GC(718) Survivor regions: 111->107(154)
[3297.965s][info][gc,heap        ] GC(718) Old regions: 505->538
[3297.965s][info][gc,heap        ] GC(718) Humongous regions: 80->80
[3297.965s][info][gc,metaspace   ] GC(718) Metaspace: 28887K(29312K)->28887K(29312K) NonClass: 24019K(24256K)->24019K(24256K) Class: 4868K(5056K)->4868K(5056K)
[3297.965s][info][gc             ] GC(718) Pause Young (Prepare Mixed) (G1 Evacuation Pause) 3623M->1447M(4096M) 115.912ms
[3297.966s][info][gc,cpu         ] GC(718) User=0.68s Sys=0.01s Real=0.12s
...[3301.123s][info][gc,start       ] GC(719) Pause Young (Mixed) (G1 Evacuation Pause)
[3301.123s][info][gc,task        ] GC(719) Using 6 workers of 6 for evacuation
[3301.258s][info][gc,phases      ] GC(719)   Pre Evacuate Collection Set: 0.39ms
[3301.258s][info][gc,phases      ] GC(719)   Merge Heap Roots: 0.64ms
[3301.258s][info][gc,phases      ] GC(719)   Evacuate Collection Set: 133.15ms
[3301.258s][info][gc,phases      ] GC(719)   Post Evacuate Collection Set: 0.98ms
[3301.258s][info][gc,phases      ] GC(719)   Other: 0.09ms
[3301.258s][info][gc,heap        ] GC(719) Eden regions: 1113->0(1116)
[3301.258s][info][gc,heap        ] GC(719) Survivor regions: 107->112(153)
[3301.258s][info][gc,heap        ] GC(719) Old regions: 538->474
[3301.258s][info][gc,heap        ] GC(719) Humongous regions: 80->80
[3301.258s][info][gc,metaspace   ] GC(719) Metaspace: 28887K(29312K)->28887K(29312K) NonClass: 24019K(24256K)->24019K(24256K) Class: 4868K(5056K)->4868K(5056K)
[3301.258s][info][gc             ] GC(719) Pause Young (Mixed) (G1 Evacuation Pause) 3673M->1330M(4096M) 135.385ms
[3301.258s][info][gc,cpu         ] GC(719) User=0.80s Sys=0.00s Real=0.14s
...[3304.416s][info][gc,start       ] GC(720) Pause Young (Concurrent Start) (G1 Evacuation Pause)
[3304.416s][info][gc,task        ] GC(720) Using 6 workers of 6 for evacuation
[3304.534s][info][gc,phases      ] GC(720)   Pre Evacuate Collection Set: 0.40ms
[3304.534s][info][gc,phases      ] GC(720)   Merge Heap Roots: 0.48ms
[3304.534s][info][gc,phases      ] GC(720)   Evacuate Collection Set: 116.42ms
[3304.534s][info][gc,phases      ] GC(720)   Post Evacuate Collection Set: 0.92ms
[3304.534s][info][gc,phases      ] GC(720)   Other: 0.10ms
[3304.534s][info][gc,heap        ] GC(720) Eden regions: 1116->0(1117)
[3304.534s][info][gc,heap        ] GC(720) Survivor regions: 112->111(154)
[3304.534s][info][gc,heap        ] GC(720) Old regions: 474->506
[3304.534s][info][gc,heap        ] GC(720) Humongous regions: 80->80
[3304.534s][info][gc,metaspace   ] GC(720) Metaspace: 28887K(29312K)->28887K(29312K) NonClass: 24019K(24256K)->24019K(24256K) Class: 4868K(5056K)->4868K(5056K)
[3304.534s][info][gc             ] GC(720) Pause Young (Concurrent Start) (G1 Evacuation Pause) 3562M->1392M(4096M) 118.481ms
[3304.534s][info][gc             ] GC(721) Concurrent Mark Cycle
[3304.534s][info][gc,marking     ] GC(721) Concurrent Scan Root Regions
[3304.534s][info][gc,cpu         ] GC(720) User=0.70s Sys=0.00s Real=0.12s
[3304.712s][info][gc,marking     ] GC(721) Concurrent Scan Root Regions 178.232ms
[3304.712s][info][gc,marking     ] GC(721) Concurrent Mark
[3304.712s][info][gc,marking     ] GC(721) Concurrent Mark From Roots
[3304.712s][info][gc,task        ] GC(721) Using 2 workers of 2 for marking
.[3305.686s][info][gc,marking     ] GC(721) Concurrent Mark From Roots 974.030ms
[3305.687s][info][gc,marking     ] GC(721) Concurrent Preclean
[3305.687s][info][gc,marking     ] GC(721) Concurrent Preclean 0.106ms
[3305.689s][info][gc,start       ] GC(721) Pause Remark
[3305.695s][info][gc             ] GC(721) Pause Remark 2204M->2204M(4096M) 5.575ms
[3305.695s][info][gc,cpu         ] GC(721) User=0.03s Sys=0.01s Real=0.01s
[3305.695s][info][gc,marking     ] GC(721) Concurrent Mark 983.055ms
[3305.696s][info][gc,marking     ] GC(721) Concurrent Rebuild Remembered Sets and Scrub Regions
.[3305.945s][info][gc,marking     ] GC(721) Concurrent Rebuild Remembered Sets and Scrub Regions 249.341ms
[3305.946s][info][gc,start       ] GC(721) Pause Cleanup
[3305.946s][info][gc             ] GC(721) Pause Cleanup 2394M->2394M(4096M) 0.136ms
[3305.946s][info][gc,cpu         ] GC(721) User=0.00s Sys=0.00s Real=0.00s
[3305.946s][info][gc,marking     ] GC(721) Concurrent Clear Claimed Marks
[3305.946s][info][gc,marking     ] GC(721) Concurrent Clear Claimed Marks 0.032ms
[3305.946s][info][gc,marking     ] GC(721) Concurrent Cleanup for Next Mark
[3305.951s][info][gc,marking     ] GC(721) Concurrent Cleanup for Next Mark 5.021ms
[3305.951s][info][gc             ] GC(721) Concurrent Mark Cycle 1417.206ms
.[3307.746s][info][gc,start       ] GC(722) Pause Young (Prepare Mixed) (G1 Evacuation Pause)
[3307.746s][info][gc,task        ] GC(722) Using 6 workers of 6 for evacuation
[3307.865s][info][gc,phases      ] GC(722)   Pre Evacuate Collection Set: 0.37ms
[3307.865s][info][gc,phases      ] GC(722)   Merge Heap Roots: 0.55ms
[3307.865s][info][gc,phases      ] GC(722)   Evacuate Collection Set: 116.70ms
[3307.865s][info][gc,phases      ] GC(722)   Post Evacuate Collection Set: 0.98ms
[3307.865s][info][gc,phases      ] GC(722)   Other: 0.09ms
[3307.865s][info][gc,heap        ] GC(722) Eden regions: 1117->0(1105)
[3307.865s][info][gc,heap        ] GC(722) Survivor regions: 111->111(154)
[3307.865s][info][gc,heap        ] GC(722) Old regions: 506->538
[3307.865s][info][gc,heap        ] GC(722) Humongous regions: 80->80
[3307.865s][info][gc,metaspace   ] GC(722) Metaspace: 28887K(29312K)->28887K(29312K) NonClass: 24019K(24256K)->24019K(24256K) Class: 4868K(5056K)->4868K(5056K)
[3307.865s][info][gc             ] GC(722) Pause Young (Prepare Mixed) (G1 Evacuation Pause) 3626M->1455M(4096M) 118.825ms
[3307.865s][info][gc,cpu         ] GC(722) User=0.70s Sys=0.00s Real=0.12s
....[3311.051s][info][gc,start       ] GC(723) Pause Young (Mixed) (G1 Evacuation Pause)
[3311.051s][info][gc,task        ] GC(723) Using 6 workers of 6 for evacuation
[3311.183s][info][gc,phases      ] GC(723)   Pre Evacuate Collection Set: 0.39ms
[3311.183s][info][gc,phases      ] GC(723)   Merge Heap Roots: 0.70ms
[3311.183s][info][gc,phases      ] GC(723)   Evacuate Collection Set: 129.24ms
[3311.183s][info][gc,phases      ] GC(723)   Post Evacuate Collection Set: 0.97ms
[3311.183s][info][gc,phases      ] GC(723)   Other: 0.08ms
[3311.183s][info][gc,heap        ] GC(723) Eden regions: 1105->0(1119)
[3311.183s][info][gc,heap        ] GC(723) Survivor regions: 111->109(152)
[3311.183s][info][gc,heap        ] GC(723) Old regions: 538->475
[3311.183s][info][gc,heap        ] GC(723) Humongous regions: 80->80
[3311.183s][info][gc,metaspace   ] GC(723) Metaspace: 28887K(29312K)->28887K(29312K) NonClass: 24019K(24256K)->24019K(24256K) Class: 4868K(5056K)->4868K(5056K)
[3311.183s][info][gc             ] GC(723) Pause Young (Mixed) (G1 Evacuation Pause) 3665M->1326M(4096M) 131.531ms
[3311.183s][info][gc,cpu         ] GC(723) User=0.78s Sys=0.00s Real=0.13s
...[3314.378s][info][gc,start       ] GC(724) Pause Young (Concurrent Start) (G1 Evacuation Pause)
[3314.378s][info][gc,task        ] GC(724) Using 6 workers of 6 for evacuation
[3314.495s][info][gc,phases      ] GC(724)   Pre Evacuate Collection Set: 0.40ms
[3314.495s][info][gc,phases      ] GC(724)   Merge Heap Roots: 0.50ms
[3314.495s][info][gc,phases      ] GC(724)   Evacuate Collection Set: 115.90ms
[3314.495s][info][gc,phases      ] GC(724)   Post Evacuate Collection Set: 0.93ms
[3314.495s][info][gc,phases      ] GC(724)   Other: 0.11ms
[3314.496s][info][gc,heap        ] GC(724) Eden regions: 1119->0(1119)
[3314.496s][info][gc,heap        ] GC(724) Survivor regions: 109->109(154)
[3314.496s][info][gc,heap        ] GC(724) Old regions: 475->508
[3314.496s][info][gc,heap        ] GC(724) Humongous regions: 80->80
[3314.496s][info][gc,metaspace   ] GC(724) Metaspace: 28887K(29312K)->28887K(29312K) NonClass: 24019K(24256K)->24019K(24256K) Class: 4868K(5056K)->4868K(5056K)
[3314.496s][info][gc             ] GC(724) Pause Young (Concurrent Start) (G1 Evacuation Pause) 3564M->1392M(4096M) 117.973ms
[3314.496s][info][gc             ] GC(725) Concurrent Mark Cycle
[3314.496s][info][gc,marking     ] GC(725) Concurrent Scan Root Regions
[3314.496s][info][gc,cpu         ] GC(724) User=0.70s Sys=0.00s Real=0.12s
[3314.628s][info][gc,marking     ] GC(725) Concurrent Scan Root Regions 132.834ms
[3314.628s][info][gc,marking     ] GC(725) Concurrent Mark
[3314.628s][info][gc,marking     ] GC(725) Concurrent Mark From Roots
[3314.629s][info][gc,task        ] GC(725) Using 2 workers of 2 for marking
.[3315.294s][info][gc,marking     ] GC(725) Concurrent Mark From Roots 665.157ms
[3315.294s][info][gc,marking     ] GC(725) Concurrent Preclean
[3315.294s][info][gc,marking     ] GC(725) Concurrent Preclean 0.076ms
[3315.295s][info][gc,start       ] GC(725) Pause Remark
[3315.300s][info][gc             ] GC(725) Pause Remark 1974M->1974M(4096M) 4.665ms
[3315.300s][info][gc,cpu         ] GC(725) User=0.02s Sys=0.00s Real=0.00s
[3315.300s][info][gc,marking     ] GC(725) Concurrent Mark 671.754ms
[3315.300s][info][gc,marking     ] GC(725) Concurrent Rebuild Remembered Sets and Scrub Regions
[3315.581s][info][gc,marking     ] GC(725) Concurrent Rebuild Remembered Sets and Scrub Regions 281.100ms
[3315.581s][info][gc,start       ] GC(725) Pause Cleanup
[3315.582s][info][gc             ] GC(725) Pause Cleanup 2168M->2168M(4096M) 0.119ms
[3315.582s][info][gc,cpu         ] GC(725) User=0.00s Sys=0.00s Real=0.00s
[3315.582s][info][gc,marking     ] GC(725) Concurrent Clear Claimed Marks
[3315.582s][info][gc,marking     ] GC(725) Concurrent Clear Claimed Marks 0.030ms
[3315.582s][info][gc,marking     ] GC(725) Concurrent Cleanup for Next Mark
[3315.588s][info][gc,marking     ] GC(725) Concurrent Cleanup for Next Mark 5.925ms
[3315.588s][info][gc             ] GC(725) Concurrent Mark Cycle 1092.098ms
..[3317.702s][info][gc,start       ] GC(726) Pause Young (Prepare Mixed) (G1 Evacuation Pause)
[3317.702s][info][gc,task        ] GC(726) Using 6 workers of 6 for evacuation
[3317.823s][info][gc,phases      ] GC(726)   Pre Evacuate Collection Set: 0.37ms
[3317.823s][info][gc,phases      ] GC(726)   Merge Heap Roots: 0.56ms
[3317.823s][info][gc,phases      ] GC(726)   Evacuate Collection Set: 119.10ms
[3317.823s][info][gc,phases      ] GC(726)   Post Evacuate Collection Set: 0.94ms
[3317.823s][info][gc,phases      ] GC(726)   Other: 0.09ms
[3317.823s][info][gc,heap        ] GC(726) Eden regions: 1119->0(1101)
[3317.823s][info][gc,heap        ] GC(726) Survivor regions: 109->112(154)
[3317.823s][info][gc,heap        ] GC(726) Old regions: 508->540
[3317.823s][info][gc,heap        ] GC(726) Humongous regions: 80->80
[3317.823s][info][gc,metaspace   ] GC(726) Metaspace: 28887K(29312K)->28887K(29312K) NonClass: 24019K(24256K)->24019K(24256K) Class: 4868K(5056K)->4868K(5056K)
[3317.823s][info][gc             ] GC(726) Pause Young (Prepare Mixed) (G1 Evacuation Pause) 3630M->1462M(4096M) 121.206ms
[3317.823s][info][gc,cpu         ] GC(726) User=0.71s Sys=0.00s Real=0.12s
....[3320.999s][info][gc,start       ] GC(727) Pause Young (Mixed) (G1 Evacuation Pause)
[3320.999s][info][gc,task        ] GC(727) Using 6 workers of 6 for evacuation
[3321.128s][info][gc,phases      ] GC(727)   Pre Evacuate Collection Set: 0.40ms
[3321.128s][info][gc,phases      ] GC(727)   Merge Heap Roots: 0.62ms
[3321.128s][info][gc,phases      ] GC(727)   Evacuate Collection Set: 126.66ms
[3321.128s][info][gc,phases      ] GC(727)   Post Evacuate Collection Set: 1.01ms
[3321.128s][info][gc,phases      ] GC(727)   Other: 0.09ms
[3321.128s][info][gc,heap        ] GC(727) Eden regions: 1101->0(1120)
[3321.128s][info][gc,heap        ] GC(727) Survivor regions: 112->108(152)
[3321.128s][info][gc,heap        ] GC(727) Old regions: 540->475
[3321.128s][info][gc,heap        ] GC(727) Humongous regions: 80->80
[3321.128s][info][gc,metaspace   ] GC(727) Metaspace: 28887K(29312K)->28887K(29312K) NonClass: 24019K(24256K)->24019K(24256K) Class: 4868K(5056K)->4868K(5056K)
[3321.128s][info][gc             ] GC(727) Pause Young (Mixed) (G1 Evacuation Pause) 3664M->1324M(4096M) 128.905ms
[3321.128s][info][gc,cpu         ] GC(727) User=0.76s Sys=0.00s Real=0.13s
.. (rIR:aIR:PR = 5673:5673:5673) (tPR = 83931) [OK] 
  3322s: Performance info:
         Transaction,    Success,    Partial,     Failed,   Receipts, AvgBarcode, 
             Overall,     342520,          0,          0,     325418,      59.48, 
         Response times:
             Request,    Success,    Partial,     Failed,   SkipFail,     Probes,    Samples,      min,      p50,      p90,      p95,      p99,      max, 
       TotalPurchase,     325419,          0,          0,          0,     320151,     352677,      300,     4700,    12000,    31000,    84000,   217000,
     InStorePurchase,     171320,          0,          0,          0,     168951,     185833,      300,     4800,    12200,    32000,    84000,   217000,
      OnlinePurchase,     119869,          0,          0,          0,     117912,     129943,      300,     4400,    11700,    30000,    82000,   217000,
        InstPurchase,      34230,          0,          0,          0,      33288,      36901,      400,     4900,    12500,    32000,    84000,   217000,
          AssocOfCat,        343,          0,          0,          0,        283,        419,    22000,    34000,    59000,    87000,   173200,   177000,
      AssocOfProduct,       3421,          0,          0,          0,       3213,       3799,      300,     3800,     9400,    24000,    77000,   140000,
      BusinessReport,        855,          0,          0,          0,        720,        893,    21000,    38000,    74000,   101300,   174300,   220000,
          CustBuyBeh,       3415,          0,          0,          0,       3156,       3674,      400,     5300,    15450,    39000,    97000,   138000,
       ProductReturn,       9068,          0,          0,          0,       8576,       9721,      200,     5100,    12700,    33000,    76000,   162000,

  3322s: (42%)   IR =   5812 .[3324.300s][info][gc,start       ] GC(728) Pause Young (Concurrent Start) (G1 Evacuation Pause)
[3324.300s][info][gc,task        ] GC(728) Using 6 workers of 6 for evacuation
[3324.418s][info][gc,phases      ] GC(728)   Pre Evacuate Collection Set: 0.39ms
[3324.418s][info][gc,phases      ] GC(728)   Merge Heap Roots: 0.54ms
[3324.418s][info][gc,phases      ] GC(728)   Evacuate Collection Set: 115.88ms
[3324.418s][info][gc,phases      ] GC(728)   Post Evacuate Collection Set: 0.91ms
[3324.418s][info][gc,phases      ] GC(728)   Other: 0.18ms
[3324.418s][info][gc,heap        ] GC(728) Eden regions: 1120->0(1117)
[3324.418s][info][gc,heap        ] GC(728) Survivor regions: 108->111(154)
[3324.418s][info][gc,heap        ] GC(728) Old regions: 475->507
[3324.418s][info][gc,heap        ] GC(728) Humongous regions: 80->80
[3324.418s][info][gc,metaspace   ] GC(728) Metaspace: 28887K(29312K)->28887K(29312K) NonClass: 24019K(24256K)->24019K(24256K) Class: 4868K(5056K)->4868K(5056K)
[3324.418s][info][gc             ] GC(728) Pause Young (Concurrent Start) (G1 Evacuation Pause) 3564M->1394M(4096M) 118.043ms
[3324.418s][info][gc             ] GC(729) Concurrent Mark Cycle
[3324.418s][info][gc,marking     ] GC(729) Concurrent Scan Root Regions
[3324.418s][info][gc,cpu         ] GC(728) User=0.69s Sys=0.00s Real=0.12s
[3324.557s][info][gc,marking     ] GC(729) Concurrent Scan Root Regions 139.545ms
[3324.557s][info][gc,marking     ] GC(729) Concurrent Mark
[3324.557s][info][gc,marking     ] GC(729) Concurrent Mark From Roots
[3324.557s][info][gc,task        ] GC(729) Using 2 workers of 2 for marking
.[3325.237s][info][gc,marking     ] GC(729) Concurrent Mark From Roots 679.941ms
[3325.237s][info][gc,marking     ] GC(729) Concurrent Preclean
[3325.237s][info][gc,marking     ] GC(729) Concurrent Preclean 0.125ms
[3325.238s][info][gc,start       ] GC(729) Pause Remark
[3325.243s][info][gc             ] GC(729) Pause Remark 2043M->2043M(4096M) 4.956ms
[3325.243s][info][gc,cpu         ] GC(729) User=0.02s Sys=0.00s Real=0.00s
[3325.243s][info][gc,marking     ] GC(729) Concurrent Mark 685.323ms
[3325.243s][info][gc,marking     ] GC(729) Concurrent Rebuild Remembered Sets and Scrub Regions
[3325.569s][info][gc,marking     ] GC(729) Concurrent Rebuild Remembered Sets and Scrub Regions 326.685ms
[3325.570s][info][gc,start       ] GC(729) Pause Cleanup
[3325.570s][info][gc             ] GC(729) Pause Cleanup 2283M->2283M(4096M) 0.132ms
[3325.570s][info][gc,cpu         ] GC(729) User=0.00s Sys=0.00s Real=0.00s
[3325.571s][info][gc,marking     ] GC(729) Concurrent Clear Claimed Marks
[3325.571s][info][gc,marking     ] GC(729) Concurrent Clear Claimed Marks 0.031ms
[3325.571s][info][gc,marking     ] GC(729) Concurrent Cleanup for Next Mark
[3325.577s][info][gc,marking     ] GC(729) Concurrent Cleanup for Next Mark 5.744ms
[3325.577s][info][gc             ] GC(729) Concurrent Mark Cycle 1158.858ms
..[3327.528s][info][gc,start       ] GC(730) Pause Young (Prepare Mixed) (G1 Evacuation Pause)
[3327.528s][info][gc,task        ] GC(730) Using 6 workers of 6 for evacuation
[3327.648s][info][gc,phases      ] GC(730)   Pre Evacuate Collection Set: 0.35ms
[3327.649s][info][gc,phases      ] GC(730)   Merge Heap Roots: 0.55ms
[3327.649s][info][gc,phases      ] GC(730)   Evacuate Collection Set: 118.56ms
[3327.649s][info][gc,phases      ] GC(730)   Post Evacuate Collection Set: 0.96ms
[3327.649s][info][gc,phases      ] GC(730)   Other: 0.10ms
[3327.649s][info][gc,heap        ] GC(730) Eden regions: 1117->0(1104)
[3327.649s][info][gc,heap        ] GC(730) Survivor regions: 111->111(154)
[3327.649s][info][gc,heap        ] GC(730) Old regions: 507->539
[3327.649s][info][gc,heap        ] GC(730) Humongous regions: 80->80
[3327.649s][info][gc,metaspace   ] GC(730) Metaspace: 28887K(29312K)->28887K(29312K) NonClass: 24019K(24256K)->24019K(24256K) Class: 4868K(5056K)->4868K(5056K)
[3327.649s][info][gc             ] GC(730) Pause Young (Prepare Mixed) (G1 Evacuation Pause) 3628M->1459M(4096M) 120.673ms
[3327.649s][info][gc,cpu         ] GC(730) User=0.71s Sys=0.00s Real=0.12s
.|..[3330.753s][info][gc,start       ] GC(731) Pause Young (Mixed) (G1 Evacuation Pause)
[3330.753s][info][gc,task        ] GC(731) Using 6 workers of 6 for evacuation
[3330.892s][info][gc,phases      ] GC(731)   Pre Evacuate Collection Set: 0.39ms
[3330.892s][info][gc,phases      ] GC(731)   Merge Heap Roots: 0.75ms
[3330.892s][info][gc,phases      ] GC(731)   Evacuate Collection Set: 137.14ms
[3330.892s][info][gc,phases      ] GC(731)   Post Evacuate Collection Set: 0.99ms
[3330.892s][info][gc,phases      ] GC(731)   Other: 0.11ms
[3330.892s][info][gc,heap        ] GC(731) Eden regions: 1104->0(1114)
[3330.892s][info][gc,heap        ] GC(731) Survivor regions: 111->114(152)
[3330.892s][info][gc,heap        ] GC(731) Old regions: 539->475
[3330.892s][info][gc,heap        ] GC(731) Humongous regions: 80->80
[3330.892s][info][gc,metaspace   ] GC(731) Metaspace: 28887K(29312K)->28887K(29312K) NonClass: 24019K(24256K)->24019K(24256K) Class: 4868K(5056K)->4868K(5056K)
[3330.892s][info][gc             ] GC(731) Pause Young (Mixed) (G1 Evacuation Pause) 3667M->1335M(4096M) 139.508ms
[3330.892s][info][gc,cpu         ] GC(731) User=0.83s Sys=0.00s Real=0.14s
....[3334.025s][info][gc,start       ] GC(732) Pause Young (Concurrent Start) (G1 Evacuation Pause)
[3334.025s][info][gc,task        ] GC(732) Using 6 workers of 6 for evacuation
[3334.144s][info][gc,phases      ] GC(732)   Pre Evacuate Collection Set: 0.38ms
[3334.144s][info][gc,phases      ] GC(732)   Merge Heap Roots: 0.47ms
[3334.144s][info][gc,phases      ] GC(732)   Evacuate Collection Set: 117.07ms
[3334.144s][info][gc,phases      ] GC(732)   Post Evacuate Collection Set: 0.93ms
[3334.144s][info][gc,phases      ] GC(732)   Other: 0.11ms
[3334.144s][info][gc,heap        ] GC(732) Eden regions: 1114->0(1117)
[3334.144s][info][gc,heap        ] GC(732) Survivor regions: 114->111(154)
[3334.144s][info][gc,heap        ] GC(732) Old regions: 475->506
[3334.144s][info][gc,heap        ] GC(732) Humongous regions: 80->80
[3334.144s][info][gc,metaspace   ] GC(732) Metaspace: 28887K(29312K)->28887K(29312K) NonClass: 24019K(24256K)->24019K(24256K) Class: 4868K(5056K)->4868K(5056K)
[3334.144s][info][gc             ] GC(732) Pause Young (Concurrent Start) (G1 Evacuation Pause) 3563M->1392M(4096M) 119.102ms
[3334.144s][info][gc             ] GC(733) Concurrent Mark Cycle
[3334.144s][info][gc,marking     ] GC(733) Concurrent Scan Root Regions
[3334.144s][info][gc,cpu         ] GC(732) User=0.70s Sys=0.00s Real=0.12s
[3334.342s][info][gc,marking     ] GC(733) Concurrent Scan Root Regions 197.798ms
[3334.342s][info][gc,marking     ] GC(733) Concurrent Mark
[3334.342s][info][gc,marking     ] GC(733) Concurrent Mark From Roots
[3334.342s][info][gc,task        ] GC(733) Using 2 workers of 2 for marking
.[3335.209s][info][gc,marking     ] GC(733) Concurrent Mark From Roots 866.410ms
[3335.209s][info][gc,marking     ] GC(733) Concurrent Preclean
[3335.209s][info][gc,marking     ] GC(733) Concurrent Preclean 0.070ms
[3335.209s][info][gc,start       ] GC(733) Pause Remark
[3335.215s][info][gc             ] GC(733) Pause Remark 2253M->2253M(4096M) 5.929ms
[3335.215s][info][gc,cpu         ] GC(733) User=0.03s Sys=0.00s Real=0.01s
[3335.215s][info][gc,marking     ] GC(733) Concurrent Mark 872.674ms
[3335.215s][info][gc,marking     ] GC(733) Concurrent Rebuild Remembered Sets and Scrub Regions
[3335.474s][info][gc,marking     ] GC(733) Concurrent Rebuild Remembered Sets and Scrub Regions 259.303ms
[3335.475s][info][gc,start       ] GC(733) Pause Cleanup
[3335.475s][info][gc             ] GC(733) Pause Cleanup 2433M->2433M(4096M) 0.126ms
[3335.475s][info][gc,cpu         ] GC(733) User=0.00s Sys=0.00s Real=0.00s
[3335.475s][info][gc,marking     ] GC(733) Concurrent Clear Claimed Marks
[3335.475s][info][gc,marking     ] GC(733) Concurrent Clear Claimed Marks 0.033ms
[3335.475s][info][gc,marking     ] GC(733) Concurrent Cleanup for Next Mark
[3335.479s][info][gc,marking     ] GC(733) Concurrent Cleanup for Next Mark 4.131ms
[3335.480s][info][gc             ] GC(733) Concurrent Mark Cycle 1335.304ms
..[3337.191s][info][gc,start       ] GC(734) Pause Young (Prepare Mixed) (G1 Evacuation Pause)
[3337.191s][info][gc,task        ] GC(734) Using 6 workers of 6 for evacuation
[3337.308s][info][gc,phases      ] GC(734)   Pre Evacuate Collection Set: 0.36ms
[3337.308s][info][gc,phases      ] GC(734)   Merge Heap Roots: 0.51ms
[3337.308s][info][gc,phases      ] GC(734)   Evacuate Collection Set: 114.41ms
[3337.308s][info][gc,phases      ] GC(734)   Post Evacuate Collection Set: 0.92ms
[3337.308s][info][gc,phases      ] GC(734)   Other: 0.10ms
[3337.308s][info][gc,heap        ] GC(734) Eden regions: 1117->0(1109)
[3337.308s][info][gc,heap        ] GC(734) Survivor regions: 111->109(154)
[3337.308s][info][gc,heap        ] GC(734) Old regions: 506->538
[3337.308s][info][gc,heap        ] GC(734) Humongous regions: 80->80
[3337.308s][info][gc,metaspace   ] GC(734) Metaspace: 28887K(29312K)->28887K(29312K) NonClass: 24019K(24256K)->24019K(24256K) Class: 4868K(5056K)->4868K(5056K)
[3337.308s][info][gc             ] GC(734) Pause Young (Prepare Mixed) (G1 Evacuation Pause) 3626M->1452M(4096M) 116.442ms
[3337.308s][info][gc,cpu         ] GC(734) User=0.69s Sys=0.00s Real=0.12s
...[3340.456s][info][gc,start       ] GC(735) Pause Young (Mixed) (G1 Evacuation Pause)
[3340.456s][info][gc,task        ] GC(735) Using 6 workers of 6 for evacuation
[3340.588s][info][gc,phases      ] GC(735)   Pre Evacuate Collection Set: 0.42ms
[3340.588s][info][gc,phases      ] GC(735)   Merge Heap Roots: 0.67ms
[3340.588s][info][gc,phases      ] GC(735)   Evacuate Collection Set: 129.88ms
[3340.588s][info][gc,phases      ] GC(735)   Post Evacuate Collection Set: 1.00ms
[3340.588s][info][gc,phases      ] GC(735)   Other: 0.09ms
[3340.588s][info][gc,heap        ] GC(735) Eden regions: 1109->0(1118)
[3340.588s][info][gc,heap        ] GC(735) Survivor regions: 109->110(153)
[3340.588s][info][gc,heap        ] GC(735) Old regions: 538->475
[3340.588s][info][gc,heap        ] GC(735) Humongous regions: 80->80
[3340.588s][info][gc,metaspace   ] GC(735) Metaspace: 28887K(29312K)->28887K(29312K) NonClass: 24019K(24256K)->24019K(24256K) Class: 4868K(5056K)->4868K(5056K)
[3340.588s][info][gc             ] GC(735) Pause Young (Mixed) (G1 Evacuation Pause) 3670M->1327M(4096M) 132.203ms
[3340.588s][info][gc,cpu         ] GC(735) User=0.78s Sys=0.00s Real=0.13s
...[3343.706s][info][gc,start       ] GC(736) Pause Young (Concurrent Start) (G1 Evacuation Pause)
[3343.706s][info][gc,task        ] GC(736) Using 6 workers of 6 for evacuation
[3343.825s][info][gc,phases      ] GC(736)   Pre Evacuate Collection Set: 0.43ms
[3343.825s][info][gc,phases      ] GC(736)   Merge Heap Roots: 0.51ms
[3343.825s][info][gc,phases      ] GC(736)   Evacuate Collection Set: 116.99ms
[3343.825s][info][gc,phases      ] GC(736)   Post Evacuate Collection Set: 0.91ms
[3343.825s][info][gc,phases      ] GC(736)   Other: 0.11ms
[3343.825s][info][gc,heap        ] GC(736) Eden regions: 1118->0(1117)
[3343.825s][info][gc,heap        ] GC(736) Survivor regions: 110->111(154)
[3343.825s][info][gc,heap        ] GC(736) Old regions: 475->506
[3343.825s][info][gc,heap        ] GC(736) Humongous regions: 80->80
[3343.825s][info][gc,metaspace   ] GC(736) Metaspace: 28887K(29312K)->28887K(29312K) NonClass: 24019K(24256K)->24019K(24256K) Class: 4868K(5056K)->4868K(5056K)
[3343.825s][info][gc             ] GC(736) Pause Young (Concurrent Start) (G1 Evacuation Pause) 3563M->1392M(4096M) 119.114ms
[3343.826s][info][gc             ] GC(737) Concurrent Mark Cycle
[3343.826s][info][gc,marking     ] GC(737) Concurrent Scan Root Regions
[3343.826s][info][gc,cpu         ] GC(736) User=0.70s Sys=0.00s Real=0.12s
[3344.004s][info][gc,marking     ] GC(737) Concurrent Scan Root Regions 178.174ms
[3344.004s][info][gc,marking     ] GC(737) Concurrent Mark
[3344.004s][info][gc,marking     ] GC(737) Concurrent Mark From Roots
[3344.004s][info][gc,task        ] GC(737) Using 2 workers of 2 for marking
.[3344.938s][info][gc,marking     ] GC(737) Concurrent Mark From Roots 934.040ms
[3344.938s][info][gc,marking     ] GC(737) Concurrent Preclean
[3344.938s][info][gc,marking     ] GC(737) Concurrent Preclean 0.105ms
[3344.938s][info][gc,start       ] GC(737) Pause Remark
[3344.944s][info][gc             ] GC(737) Pause Remark 2228M->2228M(4096M) 5.839ms
[3344.944s][info][gc,cpu         ] GC(737) User=0.03s Sys=0.00s Real=0.01s
[3344.944s][info][gc,marking     ] GC(737) Concurrent Mark 940.437ms
[3344.944s][info][gc,marking     ] GC(737) Concurrent Rebuild Remembered Sets and Scrub Regions
.[3345.311s][info][gc,marking     ] GC(737) Concurrent Rebuild Remembered Sets and Scrub Regions 366.597ms
[3345.311s][info][gc,start       ] GC(737) Pause Cleanup
[3345.312s][info][gc             ] GC(737) Pause Cleanup 2503M->2503M(4096M) 0.133ms
[3345.312s][info][gc,cpu         ] GC(737) User=0.00s Sys=0.00s Real=0.00s
[3345.312s][info][gc,marking     ] GC(737) Concurrent Clear Claimed Marks
[3345.312s][info][gc,marking     ] GC(737) Concurrent Clear Claimed Marks 0.030ms
[3345.312s][info][gc,marking     ] GC(737) Concurrent Cleanup for Next Mark
[3345.315s][info][gc,marking     ] GC(737) Concurrent Cleanup for Next Mark 3.353ms
[3345.315s][info][gc             ] GC(737) Concurrent Mark Cycle 1489.835ms
.[3346.911s][info][gc,start       ] GC(738) Pause Young (Prepare Mixed) (G1 Evacuation Pause)
[3346.911s][info][gc,task        ] GC(738) Using 6 workers of 6 for evacuation
[3347.027s][info][gc,phases      ] GC(738)   Pre Evacuate Collection Set: 0.36ms
[3347.027s][info][gc,phases      ] GC(738)   Merge Heap Roots: 0.53ms
[3347.027s][info][gc,phases      ] GC(738)   Evacuate Collection Set: 114.32ms
[3347.027s][info][gc,phases      ] GC(738)   Post Evacuate Collection Set: 0.96ms
[3347.027s][info][gc,phases      ] GC(738)   Other: 0.09ms
[3347.027s][info][gc,heap        ] GC(738) Eden regions: 1117->0(1111)
[3347.027s][info][gc,heap        ] GC(738) Survivor regions: 111->108(154)
[3347.027s][info][gc,heap        ] GC(738) Old regions: 506->538
[3347.027s][info][gc,heap        ] GC(738) Humongous regions: 80->80
[3347.027s][info][gc,metaspace   ] GC(738) Metaspace: 28887K(29312K)->28887K(29312K) NonClass: 24019K(24256K)->24019K(24256K) Class: 4868K(5056K)->4868K(5056K)
[3347.027s][info][gc             ] GC(738) Pause Young (Prepare Mixed) (G1 Evacuation Pause) 3626M->1451M(4096M) 116.383ms
[3347.027s][info][gc,cpu         ] GC(738) User=0.69s Sys=0.00s Real=0.12s
....[3350.137s][info][gc,start       ] GC(739) Pause Young (Mixed) (G1 Evacuation Pause)
[3350.137s][info][gc,task        ] GC(739) Using 6 workers of 6 for evacuation
[3350.274s][info][gc,phases      ] GC(739)   Pre Evacuate Collection Set: 0.41ms
[3350.274s][info][gc,phases      ] GC(739)   Merge Heap Roots: 0.69ms
[3350.274s][info][gc,phases      ] GC(739)   Evacuate Collection Set: 134.37ms
[3350.274s][info][gc,phases      ] GC(739)   Post Evacuate Collection Set: 0.96ms
[3350.274s][info][gc,phases      ] GC(739)   Other: 0.09ms
[3350.274s][info][gc,heap        ] GC(739) Eden regions: 1111->0(1116)
[3350.274s][info][gc,heap        ] GC(739) Survivor regions: 108->112(153)
[3350.274s][info][gc,heap        ] GC(739) Old regions: 538->474
[3350.274s][info][gc,heap        ] GC(739) Humongous regions: 80->80
[3350.274s][info][gc,metaspace   ] GC(739) Metaspace: 28887K(29312K)->28887K(29312K) NonClass: 24019K(24256K)->24019K(24256K) Class: 4868K(5056K)->4868K(5056K)
[3350.274s][info][gc             ] GC(739) Pause Young (Mixed) (G1 Evacuation Pause) 3673M->1330M(4096M) 136.638ms
[3350.274s][info][gc,cpu         ] GC(739) User=0.81s Sys=0.00s Real=0.14s
...[3353.385s][info][gc,start       ] GC(740) Pause Young (Concurrent Start) (G1 Evacuation Pause)
[3353.385s][info][gc,task        ] GC(740) Using 6 workers of 6 for evacuation
[3353.502s][info][gc,phases      ] GC(740)   Pre Evacuate Collection Set: 0.40ms
[3353.502s][info][gc,phases      ] GC(740)   Merge Heap Roots: 0.48ms
[3353.502s][info][gc,phases      ] GC(740)   Evacuate Collection Set: 115.41ms
[3353.502s][info][gc,phases      ] GC(740)   Post Evacuate Collection Set: 0.93ms
[3353.502s][info][gc,phases      ] GC(740)   Other: 0.11ms
[3353.502s][info][gc,heap        ] GC(740) Eden regions: 1116->0(1118)
[3353.502s][info][gc,heap        ] GC(740) Survivor regions: 112->110(154)
[3353.502s][info][gc,heap        ] GC(740) Old regions: 474->505
[3353.502s][info][gc,heap        ] GC(740) Humongous regions: 80->80
[3353.502s][info][gc,metaspace   ] GC(740) Metaspace: 28887K(29312K)->28887K(29312K) NonClass: 24019K(24256K)->24019K(24256K) Class: 4868K(5056K)->4868K(5056K)
[3353.502s][info][gc             ] GC(740) Pause Young (Concurrent Start) (G1 Evacuation Pause) 3562M->1389M(4096M) 117.481ms
[3353.502s][info][gc             ] GC(741) Concurrent Mark Cycle
[3353.502s][info][gc,marking     ] GC(741) Concurrent Scan Root Regions
[3353.502s][info][gc,cpu         ] GC(740) User=0.69s Sys=0.00s Real=0.11s
[3353.647s][info][gc,marking     ] GC(741) Concurrent Scan Root Regions 145.165ms
[3353.647s][info][gc,marking     ] GC(741) Concurrent Mark
[3353.647s][info][gc,marking     ] GC(741) Concurrent Mark From Roots
[3353.647s][info][gc,task        ] GC(741) Using 2 workers of 2 for marking
.[3354.319s][info][gc,marking     ] GC(741) Concurrent Mark From Roots 671.594ms
[3354.319s][info][gc,marking     ] GC(741) Concurrent Preclean
[3354.319s][info][gc,marking     ] GC(741) Concurrent Preclean 0.100ms
[3354.319s][info][gc,start       ] GC(741) Pause Remark
[3354.324s][info][gc             ] GC(741) Pause Remark 2014M->2014M(4096M) 4.542ms
[3354.324s][info][gc,cpu         ] GC(741) User=0.02s Sys=0.00s Real=0.01s
[3354.324s][info][gc,marking     ] GC(741) Concurrent Mark 676.604ms
[3354.324s][info][gc,marking     ] GC(741) Concurrent Rebuild Remembered Sets and Scrub Regions
[3354.604s][info][gc,marking     ] GC(741) Concurrent Rebuild Remembered Sets and Scrub Regions 280.045ms
[3354.604s][info][gc,start       ] GC(741) Pause Cleanup
[3354.604s][info][gc             ] GC(741) Pause Cleanup 2217M->2217M(4096M) 0.123ms
[3354.604s][info][gc,cpu         ] GC(741) User=0.00s Sys=0.00s Real=0.00s
[3354.605s][info][gc,marking     ] GC(741) Concurrent Clear Claimed Marks
[3354.605s][info][gc,marking     ] GC(741) Concurrent Clear Claimed Marks 0.034ms
[3354.605s][info][gc,marking     ] GC(741) Concurrent Cleanup for Next Mark
[3354.609s][info][gc,marking     ] GC(741) Concurrent Cleanup for Next Mark 4.745ms
[3354.609s][info][gc             ] GC(741) Concurrent Mark Cycle 1107.399ms
..[3356.696s][info][gc,start       ] GC(742) Pause Young (Prepare Mixed) (G1 Evacuation Pause)
[3356.696s][info][gc,task        ] GC(742) Using 6 workers of 6 for evacuation
[3356.814s][info][gc,phases      ] GC(742)   Pre Evacuate Collection Set: 0.36ms
[3356.814s][info][gc,phases      ] GC(742)   Merge Heap Roots: 0.55ms
[3356.814s][info][gc,phases      ] GC(742)   Evacuate Collection Set: 115.79ms
[3356.814s][info][gc,phases      ] GC(742)   Post Evacuate Collection Set: 0.95ms
[3356.814s][info][gc,phases      ] GC(742)   Other: 0.09ms
[3356.814s][info][gc,heap        ] GC(742) Eden regions: 1118->0(1106)
[3356.814s][info][gc,heap        ] GC(742) Survivor regions: 110->111(154)
[3356.814s][info][gc,heap        ] GC(742) Old regions: 505->537
[3356.814s][info][gc,heap        ] GC(742) Humongous regions: 80->80
[3356.814s][info][gc,metaspace   ] GC(742) Metaspace: 28887K(29312K)->28887K(29312K) NonClass: 24019K(24256K)->24019K(24256K) Class: 4868K(5056K)->4868K(5056K)
[3356.814s][info][gc             ] GC(742) Pause Young (Prepare Mixed) (G1 Evacuation Pause) 3625M->1454M(4096M) 117.871ms
[3356.814s][info][gc,cpu         ] GC(742) User=0.70s Sys=0.00s Real=0.12s
...[3359.874s][info][gc,start       ] GC(743) Pause Young (Mixed) (G1 Evacuation Pause)
[3359.874s][info][gc,task        ] GC(743) Using 6 workers of 6 for evacuation
[3360.003s][info][gc,phases      ] GC(743)   Pre Evacuate Collection Set: 0.38ms
[3360.003s][info][gc,phases      ] GC(743)   Merge Heap Roots: 0.66ms
[3360.003s][info][gc,phases      ] GC(743)   Evacuate Collection Set: 127.68ms
[3360.003s][info][gc,phases      ] GC(743)   Post Evacuate Collection Set: 0.95ms
[3360.003s][info][gc,phases      ] GC(743)   Other: 0.09ms
[3360.003s][info][gc,heap        ] GC(743) Eden regions: 1106->0(1121)
[3360.003s][info][gc,heap        ] GC(743) Survivor regions: 111->107(153)
[3360.003s][info][gc,heap        ] GC(743) Old regions: 537->474
[3360.003s][info][gc,heap        ] GC(743) Humongous regions: 80->80
[3360.003s][info][gc,metaspace   ] GC(743) Metaspace: 28887K(29312K)->28887K(29312K) NonClass: 24019K(24256K)->24019K(24256K) Class: 4868K(5056K)->4868K(5056K)
[3360.003s][info][gc             ] GC(743) Pause Young (Mixed) (G1 Evacuation Pause) 3666M->1320M(4096M) 129.903ms
[3360.003s][info][gc,cpu         ] GC(743) User=0.76s Sys=0.00s Real=0.13s
...[3363.135s][info][gc,start       ] GC(744) Pause Young (Concurrent Start) (G1 Evacuation Pause)
[3363.135s][info][gc,task        ] GC(744) Using 6 workers of 6 for evacuation
[3363.253s][info][gc,phases      ] GC(744)   Pre Evacuate Collection Set: 0.41ms
[3363.253s][info][gc,phases      ] GC(744)   Merge Heap Roots: 0.47ms
[3363.253s][info][gc,phases      ] GC(744)   Evacuate Collection Set: 115.90ms
[3363.253s][info][gc,phases      ] GC(744)   Post Evacuate Collection Set: 0.91ms
[3363.253s][info][gc,phases      ] GC(744)   Other: 0.10ms
[3363.253s][info][gc,heap        ] GC(744) Eden regions: 1121->0(1120)
[3363.253s][info][gc,heap        ] GC(744) Survivor regions: 107->108(154)
[3363.253s][info][gc,heap        ] GC(744) Old regions: 474->506
[3363.253s][info][gc,heap        ] GC(744) Humongous regions: 80->80
[3363.253s][info][gc,metaspace   ] GC(744) Metaspace: 28887K(29312K)->28887K(29312K) NonClass: 24019K(24256K)->24019K(24256K) Class: 4868K(5056K)->4868K(5056K)
[3363.253s][info][gc             ] GC(744) Pause Young (Concurrent Start) (G1 Evacuation Pause) 3562M->1385M(4096M) 117.922ms
[3363.253s][info][gc             ] GC(745) Concurrent Mark Cycle
[3363.253s][info][gc,marking     ] GC(745) Concurrent Scan Root Regions
[3363.253s][info][gc,cpu         ] GC(744) User=0.70s Sys=0.00s Real=0.11s
.[3363.397s][info][gc,marking     ] GC(745) Concurrent Scan Root Regions 143.526ms
[3363.397s][info][gc,marking     ] GC(745) Concurrent Mark
[3363.397s][info][gc,marking     ] GC(745) Concurrent Mark From Roots
[3363.397s][info][gc,task        ] GC(745) Using 2 workers of 2 for marking
[3364.107s][info][gc,marking     ] GC(745) Concurrent Mark From Roots 709.920ms
[3364.107s][info][gc,marking     ] GC(745) Concurrent Preclean
[3364.107s][info][gc,marking     ] GC(745) Concurrent Preclean 0.103ms
[3364.108s][info][gc,start       ] GC(745) Pause Remark
[3364.113s][info][gc             ] GC(745) Pause Remark 2060M->2060M(4096M) 5.136ms
[3364.113s][info][gc,cpu         ] GC(745) User=0.03s Sys=0.00s Real=0.00s
[3364.113s][info][gc,marking     ] GC(745) Concurrent Mark 716.001ms
[3364.113s][info][gc,marking     ] GC(745) Concurrent Rebuild Remembered Sets and Scrub Regions
.[3364.478s][info][gc,marking     ] GC(745) Concurrent Rebuild Remembered Sets and Scrub Regions 364.923ms
[3364.478s][info][gc,start       ] GC(745) Pause Cleanup
[3364.478s][info][gc             ] GC(745) Pause Cleanup 2316M->2316M(4096M) 0.121ms
[3364.478s][info][gc,cpu         ] GC(745) User=0.00s Sys=0.00s Real=0.00s
[3364.479s][info][gc,marking     ] GC(745) Concurrent Clear Claimed Marks
[3364.479s][info][gc,marking     ] GC(745) Concurrent Clear Claimed Marks 0.037ms
[3364.479s][info][gc,marking     ] GC(745) Concurrent Cleanup for Next Mark
[3364.484s][info][gc,marking     ] GC(745) Concurrent Cleanup for Next Mark 5.267ms
[3364.484s][info][gc             ] GC(745) Concurrent Mark Cycle 1230.935ms
..[3366.404s][info][gc,start       ] GC(746) Pause Young (Prepare Mixed) (G1 Evacuation Pause)
[3366.404s][info][gc,task        ] GC(746) Using 6 workers of 6 for evacuation
[3366.522s][info][gc,phases      ] GC(746)   Pre Evacuate Collection Set: 0.37ms
[3366.522s][info][gc,phases      ] GC(746)   Merge Heap Roots: 0.54ms
[3366.522s][info][gc,phases      ] GC(746)   Evacuate Collection Set: 116.39ms
[3366.522s][info][gc,phases      ] GC(746)   Post Evacuate Collection Set: 0.93ms
[3366.522s][info][gc,phases      ] GC(746)   Other: 0.09ms
[3366.522s][info][gc,heap        ] GC(746) Eden regions: 1120->0(1108)
[3366.522s][info][gc,heap        ] GC(746) Survivor regions: 108->110(154)
[3366.522s][info][gc,heap        ] GC(746) Old regions: 506->537
[3366.522s][info][gc,heap        ] GC(746) Humongous regions: 80->80
[3366.522s][info][gc,metaspace   ] GC(746) Metaspace: 28887K(29312K)->28887K(29312K) NonClass: 24019K(24256K)->24019K(24256K) Class: 4868K(5056K)->4868K(5056K)
[3366.522s][info][gc             ] GC(746) Pause Young (Prepare Mixed) (G1 Evacuation Pause) 3625M->1451M(4096M) 118.456ms
[3366.522s][info][gc,cpu         ] GC(746) User=0.70s Sys=0.00s Real=0.11s
...[3369.580s][info][gc,start       ] GC(747) Pause Young (Mixed) (G1 Evacuation Pause)
[3369.580s][info][gc,task        ] GC(747) Using 6 workers of 6 for evacuation
[3369.712s][info][gc,phases      ] GC(747)   Pre Evacuate Collection Set: 0.40ms
[3369.712s][info][gc,phases      ] GC(747)   Merge Heap Roots: 0.68ms
[3369.712s][info][gc,phases      ] GC(747)   Evacuate Collection Set: 129.68ms
[3369.712s][info][gc,phases      ] GC(747)   Post Evacuate Collection Set: 0.97ms
[3369.712s][info][gc,phases      ] GC(747)   Other: 0.09ms
[3369.712s][info][gc,heap        ] GC(747) Eden regions: 1108->0(1119)
[3369.712s][info][gc,heap        ] GC(747) Survivor regions: 110->109(153)
[3369.712s][info][gc,heap        ] GC(747) Old regions: 537->474
[3369.712s][info][gc,heap        ] GC(747) Humongous regions: 80->80
[3369.712s][info][gc,metaspace   ] GC(747) Metaspace: 28887K(29312K)->28887K(29312K) NonClass: 24019K(24256K)->24019K(24256K) Class: 4868K(5056K)->4868K(5056K)
[3369.712s][info][gc             ] GC(747) Pause Young (Mixed) (G1 Evacuation Pause) 3667M->1324M(4096M) 131.944ms
[3369.712s][info][gc,cpu         ] GC(747) User=0.78s Sys=0.00s Real=0.13s
...[3372.779s][info][gc,start       ] GC(748) Pause Young (Concurrent Start) (G1 Evacuation Pause)
[3372.779s][info][gc,task        ] GC(748) Using 6 workers of 6 for evacuation
[3372.895s][info][gc,phases      ] GC(748)   Pre Evacuate Collection Set: 0.41ms
[3372.895s][info][gc,phases      ] GC(748)   Merge Heap Roots: 0.46ms
[3372.895s][info][gc,phases      ] GC(748)   Evacuate Collection Set: 114.17ms
[3372.895s][info][gc,phases      ] GC(748)   Post Evacuate Collection Set: 0.92ms
[3372.895s][info][gc,phases      ] GC(748)   Other: 0.12ms
[3372.895s][info][gc,heap        ] GC(748) Eden regions: 1119->0(1121)
[3372.895s][info][gc,heap        ] GC(748) Survivor regions: 109->107(154)
[3372.895s][info][gc,heap        ] GC(748) Old regions: 474->507
[3372.895s][info][gc,heap        ] GC(748) Humongous regions: 80->80
[3372.895s][info][gc,metaspace   ] GC(748) Metaspace: 28887K(29312K)->28887K(29312K) NonClass: 24019K(24256K)->24019K(24256K) Class: 4868K(5056K)->4868K(5056K)
[3372.895s][info][gc             ] GC(748) Pause Young (Concurrent Start) (G1 Evacuation Pause) 3562M->1385M(4096M) 116.215ms
[3372.896s][info][gc             ] GC(749) Concurrent Mark Cycle
[3372.896s][info][gc,marking     ] GC(749) Concurrent Scan Root Regions
[3372.896s][info][gc,cpu         ] GC(748) User=0.68s Sys=0.00s Real=0.12s
[3373.066s][info][gc,marking     ] GC(749) Concurrent Scan Root Regions 170.584ms
[3373.066s][info][gc,marking     ] GC(749) Concurrent Mark
[3373.066s][info][gc,marking     ] GC(749) Concurrent Mark From Roots
[3373.066s][info][gc,task        ] GC(749) Using 2 workers of 2 for marking
.[3373.856s][info][gc,marking     ] GC(749) Concurrent Mark From Roots 790.075ms
[3373.856s][info][gc,marking     ] GC(749) Concurrent Preclean
[3373.856s][info][gc,marking     ] GC(749) Concurrent Preclean 0.098ms
[3373.857s][info][gc,start       ] GC(749) Pause Remark
[3373.861s][info][gc             ] GC(749) Pause Remark 2091M->2091M(4096M) 4.216ms
[3373.861s][info][gc,cpu         ] GC(749) User=0.02s Sys=0.00s Real=0.00s
[3373.862s][info][gc,marking     ] GC(749) Concurrent Mark 795.859ms
[3373.862s][info][gc,marking     ] GC(749) Concurrent Rebuild Remembered Sets and Scrub Regions
[3374.158s][info][gc,marking     ] GC(749) Concurrent Rebuild Remembered Sets and Scrub Regions 295.631ms
[3374.158s][info][gc,start       ] GC(749) Pause Cleanup
[3374.158s][info][gc             ] GC(749) Pause Cleanup 2293M->2293M(4096M) 0.131ms
[3374.158s][info][gc,cpu         ] GC(749) User=0.00s Sys=0.00s Real=0.00s
[3374.158s][info][gc,marking     ] GC(749) Concurrent Clear Claimed Marks
[3374.158s][info][gc,marking     ] GC(749) Concurrent Clear Claimed Marks 0.029ms
[3374.158s][info][gc,marking     ] GC(749) Concurrent Cleanup for Next Mark
[3374.163s][info][gc,marking     ] GC(749) Concurrent Cleanup for Next Mark 4.529ms
[3374.163s][info][gc             ] GC(749) Concurrent Mark Cycle 1267.152ms
..[3376.057s][info][gc,start       ] GC(750) Pause Young (Prepare Mixed) (G1 Evacuation Pause)
[3376.057s][info][gc,task        ] GC(750) Using 6 workers of 6 for evacuation
[3376.178s][info][gc,phases      ] GC(750)   Pre Evacuate Collection Set: 0.35ms
[3376.178s][info][gc,phases      ] GC(750)   Merge Heap Roots: 0.52ms
[3376.178s][info][gc,phases      ] GC(750)   Evacuate Collection Set: 119.41ms
[3376.178s][info][gc,phases      ] GC(750)   Post Evacuate Collection Set: 0.96ms
[3376.178s][info][gc,phases      ] GC(750)   Other: 0.08ms
[3376.178s][info][gc,heap        ] GC(750) Eden regions: 1121->0(1103)
[3376.178s][info][gc,heap        ] GC(750) Survivor regions: 107->112(154)
[3376.178s][info][gc,heap        ] GC(750) Old regions: 507->538
[3376.178s][info][gc,heap        ] GC(750) Humongous regions: 80->80
[3376.178s][info][gc,metaspace   ] GC(750) Metaspace: 28887K(29312K)->28887K(29312K) NonClass: 24019K(24256K)->24019K(24256K) Class: 4868K(5056K)->4868K(5056K)
[3376.178s][info][gc             ] GC(750) Pause Young (Prepare Mixed) (G1 Evacuation Pause) 3627M->1458M(4096M) 121.462ms
[3376.178s][info][gc,cpu         ] GC(750) User=0.72s Sys=0.00s Real=0.12s
...[3379.265s][info][gc,start       ] GC(751) Pause Young (Mixed) (G1 Evacuation Pause)
[3379.265s][info][gc,task        ] GC(751) Using 6 workers of 6 for evacuation
[3379.397s][info][gc,phases      ] GC(751)   Pre Evacuate Collection Set: 0.39ms
[3379.397s][info][gc,phases      ] GC(751)   Merge Heap Roots: 0.74ms
[3379.397s][info][gc,phases      ] GC(751)   Evacuate Collection Set: 129.33ms
[3379.397s][info][gc,phases      ] GC(751)   Post Evacuate Collection Set: 1.16ms
[3379.397s][info][gc,phases      ] GC(751)   Other: 0.13ms
[3379.397s][info][gc,heap        ] GC(751) Eden regions: 1103->0(1119)
[3379.397s][info][gc,heap        ] GC(751) Survivor regions: 112->109(152)
[3379.397s][info][gc,heap        ] GC(751) Old regions: 538->476
[3379.397s][info][gc,heap        ] GC(751) Humongous regions: 80->80
[3379.397s][info][gc,metaspace   ] GC(751) Metaspace: 28887K(29312K)->28887K(29312K) NonClass: 24019K(24256K)->24019K(24256K) Class: 4868K(5056K)->4868K(5056K)
[3379.397s][info][gc             ] GC(751) Pause Young (Mixed) (G1 Evacuation Pause) 3664M->1328M(4096M) 132.238ms
[3379.397s][info][gc,cpu         ] GC(751) User=0.78s Sys=0.00s Real=0.13s
....[3382.546s][info][gc,start       ] GC(752) Pause Young (Concurrent Start) (G1 Evacuation Pause)
[3382.546s][info][gc,task        ] GC(752) Using 6 workers of 6 for evacuation
[3382.665s][info][gc,phases      ] GC(752)   Pre Evacuate Collection Set: 0.38ms
[3382.665s][info][gc,phases      ] GC(752)   Merge Heap Roots: 0.48ms
[3382.665s][info][gc,phases      ] GC(752)   Evacuate Collection Set: 116.93ms
[3382.665s][info][gc,phases      ] GC(752)   Post Evacuate Collection Set: 0.90ms
[3382.665s][info][gc,phases      ] GC(752)   Other: 0.11ms
[3382.665s][info][gc,heap        ] GC(752) Eden regions: 1119->0(1117)
[3382.665s][info][gc,heap        ] GC(752) Survivor regions: 109->111(154)
[3382.665s][info][gc,heap        ] GC(752) Old regions: 476->508
[3382.665s][info][gc,heap        ] GC(752) Humongous regions: 80->80
[3382.665s][info][gc,metaspace   ] GC(752) Metaspace: 28887K(29312K)->28887K(29312K) NonClass: 24019K(24256K)->24019K(24256K) Class: 4868K(5056K)->4868K(5056K)
[3382.665s][info][gc             ] GC(752) Pause Young (Concurrent Start) (G1 Evacuation Pause) 3566M->1397M(4096M) 118.918ms
[3382.665s][info][gc             ] GC(753) Concurrent Mark Cycle
[3382.665s][info][gc,marking     ] GC(753) Concurrent Scan Root Regions
[3382.665s][info][gc,cpu         ] GC(752) User=0.71s Sys=0.00s Real=0.12s
[3382.849s][info][gc,marking     ] GC(753) Concurrent Scan Root Regions 183.506ms
[3382.849s][info][gc,marking     ] GC(753) Concurrent Mark
[3382.849s][info][gc,marking     ] GC(753) Concurrent Mark From Roots
[3382.849s][info][gc,task        ] GC(753) Using 2 workers of 2 for marking
.[3383.802s][info][gc,marking     ] GC(753) Concurrent Mark From Roots 953.218ms
[3383.802s][info][gc,marking     ] GC(753) Concurrent Preclean
[3383.802s][info][gc,marking     ] GC(753) Concurrent Preclean 0.112ms
[3383.802s][info][gc,start       ] GC(753) Pause Remark
[3383.808s][info][gc             ] GC(753) Pause Remark 2279M->2279M(4096M) 5.634ms
[3383.808s][info][gc,cpu         ] GC(753) User=0.03s Sys=0.00s Real=0.01s
[3383.808s][info][gc,marking     ] GC(753) Concurrent Mark 959.273ms
[3383.808s][info][gc,marking     ] GC(753) Concurrent Rebuild Remembered Sets and Scrub Regions
[3384.164s][info][gc,marking     ] GC(753) Concurrent Rebuild Remembered Sets and Scrub Regions 356.385ms
[3384.164s][info][gc,start       ] GC(753) Pause Cleanup
[3384.165s][info][gc             ] GC(753) Pause Cleanup 2504M->2504M(4096M) 0.131ms
[3384.165s][info][gc,cpu         ] GC(753) User=0.00s Sys=0.00s Real=0.00s
[3384.165s][info][gc,marking     ] GC(753) Concurrent Clear Claimed Marks
[3384.165s][info][gc,marking     ] GC(753) Concurrent Clear Claimed Marks 0.025ms
[3384.165s][info][gc,marking     ] GC(753) Concurrent Cleanup for Next Mark
[3384.168s][info][gc,marking     ] GC(753) Concurrent Cleanup for Next Mark 3.297ms
[3384.168s][info][gc             ] GC(753) Concurrent Mark Cycle 1502.979ms
..[3385.782s][info][gc,start       ] GC(754) Pause Young (Prepare Mixed) (G1 Evacuation Pause)
[3385.782s][info][gc,task        ] GC(754) Using 6 workers of 6 for evacuation
[3385.898s][info][gc,phases      ] GC(754)   Pre Evacuate Collection Set: 0.39ms
[3385.898s][info][gc,phases      ] GC(754)   Merge Heap Roots: 0.52ms
[3385.898s][info][gc,phases      ] GC(754)   Evacuate Collection Set: 114.27ms
[3385.898s][info][gc,phases      ] GC(754)   Post Evacuate Collection Set: 0.93ms
[3385.898s][info][gc,phases      ] GC(754)   Other: 0.08ms
[3385.898s][info][gc,heap        ] GC(754) Eden regions: 1117->0(1109)
[3385.898s][info][gc,heap        ] GC(754) Survivor regions: 111->108(154)
[3385.898s][info][gc,heap        ] GC(754) Old regions: 508->540
[3385.898s][info][gc,heap        ] GC(754) Humongous regions: 80->80
[3385.898s][info][gc,metaspace   ] GC(754) Metaspace: 28887K(29312K)->28887K(29312K) NonClass: 24019K(24256K)->24019K(24256K) Class: 4868K(5056K)->4868K(5056K)
[3385.898s][info][gc             ] GC(754) Pause Young (Prepare Mixed) (G1 Evacuation Pause) 3631M->1455M(4096M) 116.321ms
[3385.898s][info][gc,cpu         ] GC(754) User=0.69s Sys=0.00s Real=0.12s
... (rIR:aIR:PR = 5812:5814:5814) (tPR = 86088) [OK] 
  3388s: Performance info:
         Transaction,    Success,    Partial,     Failed,   Receipts, AvgBarcode, 
             Overall,     351504,          0,          0,     333916,      59.48, 
         Response times:
             Request,    Success,    Partial,     Failed,   SkipFail,     Probes,    Samples,      min,      p50,      p90,      p95,      p99,      max, 
       TotalPurchase,     333921,          0,          0,          0,     326653,     355728,      300,     4900,    16000,    41000,    97000,   269000,
     InStorePurchase,     175725,          0,          0,          0,     171802,     186658,      300,     4800,    15800,    41000,    97000,   269000,
      OnlinePurchase,     122997,          0,          0,          0,     120674,     131500,      300,     5300,    16600,    43000,    98000,   269000,
        InstPurchase,      35199,          0,          0,          0,      34177,      37570,      400,     4300,    14500,    37000,    94000,   213000,
          AssocOfCat,        352,          0,          0,          0,        259,        352,    23000,    35500,    70400,    98750,   165880,   188000,
      AssocOfProduct,       3517,          0,          0,          0,       3233,       3721,      600,     5400,    18000,    45000,    92560,   199000,
      BusinessReport,        881,          0,          0,          0,        780,        947,    22000,    37000,    74200,    97600,   179520,   220000,
          CustBuyBeh,       3516,          0,          0,          0,       3271,       3786,     1100,     5900,    21000,    45000,   111000,   205000,
       ProductReturn,       9316,          0,          0,          0,       8892,      10022,      200,     3400,    12300,    35000,    94000,   195000,

  3388s: (43%)   IR =   5950 [3389.048s][info][gc,start       ] GC(755) Pause Young (Mixed) (G1 Evacuation Pause)
[3389.048s][info][gc,task        ] GC(755) Using 6 workers of 6 for evacuation
[3389.179s][info][gc,phases      ] GC(755)   Pre Evacuate Collection Set: 0.39ms
[3389.179s][info][gc,phases      ] GC(755)   Merge Heap Roots: 0.64ms
[3389.179s][info][gc,phases      ] GC(755)   Evacuate Collection Set: 129.15ms
[3389.179s][info][gc,phases      ] GC(755)   Post Evacuate Collection Set: 0.95ms
[3389.179s][info][gc,phases      ] GC(755)   Other: 0.09ms
[3389.179s][info][gc,heap        ] GC(755) Eden regions: 1109->0(1119)
[3389.179s][info][gc,heap        ] GC(755) Survivor regions: 108->109(153)
[3389.180s][info][gc,heap        ] GC(755) Old regions: 540->475
[3389.180s][info][gc,heap        ] GC(755) Humongous regions: 80->80
[3389.180s][info][gc,metaspace   ] GC(755) Metaspace: 28887K(29312K)->28887K(29312K) NonClass: 24019K(24256K)->24019K(24256K) Class: 4868K(5056K)->4868K(5056K)
[3389.180s][info][gc             ] GC(755) Pause Young (Mixed) (G1 Evacuation Pause) 3673M->1326M(4096M) 131.364ms
[3389.180s][info][gc,cpu         ] GC(755) User=0.77s Sys=0.00s Real=0.13s
...[3392.191s][info][gc,start       ] GC(756) Pause Young (Concurrent Start) (G1 Evacuation Pause)
[3392.191s][info][gc,task        ] GC(756) Using 6 workers of 6 for evacuation
[3392.308s][info][gc,phases      ] GC(756)   Pre Evacuate Collection Set: 0.40ms
[3392.308s][info][gc,phases      ] GC(756)   Merge Heap Roots: 0.50ms
[3392.308s][info][gc,phases      ] GC(756)   Evacuate Collection Set: 115.05ms
[3392.308s][info][gc,phases      ] GC(756)   Post Evacuate Collection Set: 0.88ms
[3392.308s][info][gc,phases      ] GC(756)   Other: 0.12ms
[3392.308s][info][gc,heap        ] GC(756) Eden regions: 1119->0(1119)
[3392.308s][info][gc,heap        ] GC(756) Survivor regions: 109->109(154)
[3392.308s][info][gc,heap        ] GC(756) Old regions: 475->507
[3392.308s][info][gc,heap        ] GC(756) Humongous regions: 80->80
[3392.308s][info][gc,metaspace   ] GC(756) Metaspace: 28887K(29312K)->28887K(29312K) NonClass: 24019K(24256K)->24019K(24256K) Class: 4868K(5056K)->4868K(5056K)
[3392.308s][info][gc             ] GC(756) Pause Young (Concurrent Start) (G1 Evacuation Pause) 3564M->1390M(4096M) 117.098ms
[3392.308s][info][gc             ] GC(757) Concurrent Mark Cycle
[3392.308s][info][gc,marking     ] GC(757) Concurrent Scan Root Regions
[3392.308s][info][gc,cpu         ] GC(756) User=0.70s Sys=0.00s Real=0.12s
[3392.489s][info][gc,marking     ] GC(757) Concurrent Scan Root Regions 180.630ms
[3392.489s][info][gc,marking     ] GC(757) Concurrent Mark
[3392.489s][info][gc,marking     ] GC(757) Concurrent Mark From Roots
[3392.489s][info][gc,task        ] GC(757) Using 2 workers of 2 for marking
.[3393.474s][info][gc,marking     ] GC(757) Concurrent Mark From Roots 984.799ms
[3393.474s][info][gc,marking     ] GC(757) Concurrent Preclean
[3393.474s][info][gc,marking     ] GC(757) Concurrent Preclean 0.087ms
[3393.474s][info][gc,start       ] GC(757) Pause Remark
[3393.480s][info][gc             ] GC(757) Pause Remark 2278M->2278M(4096M) 6.151ms
[3393.480s][info][gc,cpu         ] GC(757) User=0.04s Sys=0.00s Real=0.00s
[3393.480s][info][gc,marking     ] GC(757) Concurrent Mark 991.322ms
[3393.480s][info][gc,marking     ] GC(757) Concurrent Rebuild Remembered Sets and Scrub Regions
.[3393.838s][info][gc,marking     ] GC(757) Concurrent Rebuild Remembered Sets and Scrub Regions 358.384ms
[3393.839s][info][gc,start       ] GC(757) Pause Cleanup
[3393.839s][info][gc             ] GC(757) Pause Cleanup 2547M->2547M(4096M) 0.116ms
[3393.839s][info][gc,cpu         ] GC(757) User=0.00s Sys=0.00s Real=0.00s
[3393.839s][info][gc,marking     ] GC(757) Concurrent Clear Claimed Marks
[3393.839s][info][gc,marking     ] GC(757) Concurrent Clear Claimed Marks 0.022ms
[3393.839s][info][gc,marking     ] GC(757) Concurrent Cleanup for Next Mark
[3393.843s][info][gc,marking     ] GC(757) Concurrent Cleanup for Next Mark 3.881ms
[3393.843s][info][gc             ] GC(757) Concurrent Mark Cycle 1534.689ms
.[3395.334s][info][gc,start       ] GC(758) Pause Young (Prepare Mixed) (G1 Evacuation Pause)
[3395.334s][info][gc,task        ] GC(758) Using 6 workers of 6 for evacuation
[3395.455s][info][gc,phases      ] GC(758)   Pre Evacuate Collection Set: 0.33ms
[3395.455s][info][gc,phases      ] GC(758)   Merge Heap Roots: 0.53ms
[3395.455s][info][gc,phases      ] GC(758)   Evacuate Collection Set: 118.37ms
[3395.455s][info][gc,phases      ] GC(758)   Post Evacuate Collection Set: 0.99ms
[3395.455s][info][gc,phases      ] GC(758)   Other: 0.09ms
[3395.455s][info][gc,heap        ] GC(758) Eden regions: 1119->0(1103)
[3395.455s][info][gc,heap        ] GC(758) Survivor regions: 109->111(154)
[3395.455s][info][gc,heap        ] GC(758) Old regions: 507->540
[3395.455s][info][gc,heap        ] GC(758) Humongous regions: 80->80
[3395.455s][info][gc,metaspace   ] GC(758) Metaspace: 28887K(29312K)->28887K(29312K) NonClass: 24019K(24256K)->24019K(24256K) Class: 4868K(5056K)->4868K(5056K)
[3395.455s][info][gc             ] GC(758) Pause Young (Prepare Mixed) (G1 Evacuation Pause) 3628M->1461M(4096M) 120.443ms
[3395.455s][info][gc,cpu         ] GC(758) User=0.71s Sys=0.00s Real=0.12s
.|..[3398.523s][info][gc,start       ] GC(759) Pause Young (Mixed) (G1 Evacuation Pause)
[3398.523s][info][gc,task        ] GC(759) Using 6 workers of 6 for evacuation
[3398.659s][info][gc,phases      ] GC(759)   Pre Evacuate Collection Set: 0.37ms
[3398.659s][info][gc,phases      ] GC(759)   Merge Heap Roots: 0.70ms
[3398.659s][info][gc,phases      ] GC(759)   Evacuate Collection Set: 133.42ms
[3398.659s][info][gc,phases      ] GC(759)   Post Evacuate Collection Set: 0.93ms
[3398.659s][info][gc,phases      ] GC(759)   Other: 0.09ms
[3398.659s][info][gc,heap        ] GC(759) Eden regions: 1103->0(1116)
[3398.659s][info][gc,heap        ] GC(759) Survivor regions: 111->112(152)
[3398.659s][info][gc,heap        ] GC(759) Old regions: 540->476
[3398.659s][info][gc,heap        ] GC(759) Humongous regions: 80->80
[3398.659s][info][gc,metaspace   ] GC(759) Metaspace: 28887K(29312K)->28887K(29312K) NonClass: 24019K(24256K)->24019K(24256K) Class: 4868K(5056K)->4868K(5056K)
[3398.659s][info][gc             ] GC(759) Pause Young (Mixed) (G1 Evacuation Pause) 3667M->1334M(4096M) 135.643ms
[3398.659s][info][gc,cpu         ] GC(759) User=0.80s Sys=0.00s Real=0.14s
....[3401.671s][info][gc,start       ] GC(760) Pause Young (Concurrent Start) (G1 Evacuation Pause)
[3401.671s][info][gc,task        ] GC(760) Using 6 workers of 6 for evacuation
[3401.789s][info][gc,phases      ] GC(760)   Pre Evacuate Collection Set: 0.38ms
[3401.789s][info][gc,phases      ] GC(760)   Merge Heap Roots: 0.46ms
[3401.789s][info][gc,phases      ] GC(760)   Evacuate Collection Set: 116.03ms
[3401.789s][info][gc,phases      ] GC(760)   Post Evacuate Collection Set: 0.87ms
[3401.789s][info][gc,phases      ] GC(760)   Other: 0.11ms
[3401.789s][info][gc,heap        ] GC(760) Eden regions: 1116->0(1119)
[3401.789s][info][gc,heap        ] GC(760) Survivor regions: 112->109(154)
[3401.789s][info][gc,heap        ] GC(760) Old regions: 476->507
[3401.789s][info][gc,heap        ] GC(760) Humongous regions: 80->80
[3401.789s][info][gc,metaspace   ] GC(760) Metaspace: 28887K(29312K)->28887K(29312K) NonClass: 24019K(24256K)->24019K(24256K) Class: 4868K(5056K)->4868K(5056K)
[3401.789s][info][gc             ] GC(760) Pause Young (Concurrent Start) (G1 Evacuation Pause) 3566M->1391M(4096M) 117.980ms
[3401.789s][info][gc             ] GC(761) Concurrent Mark Cycle
[3401.789s][info][gc,marking     ] GC(761) Concurrent Scan Root Regions
[3401.789s][info][gc,cpu         ] GC(760) User=0.70s Sys=0.00s Real=0.12s
[3401.969s][info][gc,marking     ] GC(761) Concurrent Scan Root Regions 179.841ms
[3401.969s][info][gc,marking     ] GC(761) Concurrent Mark
[3401.969s][info][gc,marking     ] GC(761) Concurrent Mark From Roots
[3401.969s][info][gc,task        ] GC(761) Using 2 workers of 2 for marking
.[3402.913s][info][gc,marking     ] GC(761) Concurrent Mark From Roots 943.670ms
[3402.913s][info][gc,marking     ] GC(761) Concurrent Preclean
[3402.913s][info][gc,marking     ] GC(761) Concurrent Preclean 0.075ms
[3402.913s][info][gc,start       ] GC(761) Pause Remark
[3402.919s][info][gc             ] GC(761) Pause Remark 2293M->2293M(4096M) 5.996ms
[3402.919s][info][gc,cpu         ] GC(761) User=0.03s Sys=0.00s Real=0.01s
[3402.919s][info][gc,marking     ] GC(761) Concurrent Mark 950.289ms
[3402.919s][info][gc,marking     ] GC(761) Concurrent Rebuild Remembered Sets and Scrub Regions
[3403.174s][info][gc,marking     ] GC(761) Concurrent Rebuild Remembered Sets and Scrub Regions 254.399ms
[3403.174s][info][gc,start       ] GC(761) Pause Cleanup
[3403.174s][info][gc             ] GC(761) Pause Cleanup 2483M->2483M(4096M) 0.105ms
[3403.174s][info][gc,cpu         ] GC(761) User=0.00s Sys=0.00s Real=0.00s
[3403.174s][info][gc,marking     ] GC(761) Concurrent Clear Claimed Marks
[3403.174s][info][gc,marking     ] GC(761) Concurrent Clear Claimed Marks 0.026ms
[3403.174s][info][gc,marking     ] GC(761) Concurrent Cleanup for Next Mark
[3403.178s][info][gc,marking     ] GC(761) Concurrent Cleanup for Next Mark 4.349ms
[3403.178s][info][gc             ] GC(761) Concurrent Mark Cycle 1389.329ms
..[3404.804s][info][gc,start       ] GC(762) Pause Young (Prepare Mixed) (G1 Evacuation Pause)
[3404.804s][info][gc,task        ] GC(762) Using 6 workers of 6 for evacuation
[3404.919s][info][gc,phases      ] GC(762)   Pre Evacuate Collection Set: 0.36ms
[3404.919s][info][gc,phases      ] GC(762)   Merge Heap Roots: 0.50ms
[3404.919s][info][gc,phases      ] GC(762)   Evacuate Collection Set: 112.72ms
[3404.919s][info][gc,phases      ] GC(762)   Post Evacuate Collection Set: 0.92ms
[3404.919s][info][gc,phases      ] GC(762)   Other: 0.09ms
[3404.919s][info][gc,heap        ] GC(762) Eden regions: 1119->0(1112)
[3404.919s][info][gc,heap        ] GC(762) Survivor regions: 109->107(154)
[3404.919s][info][gc,heap        ] GC(762) Old regions: 507->539
[3404.919s][info][gc,heap        ] GC(762) Humongous regions: 80->80
[3404.919s][info][gc,metaspace   ] GC(762) Metaspace: 28887K(29312K)->28887K(29312K) NonClass: 24019K(24256K)->24019K(24256K) Class: 4868K(5056K)->4868K(5056K)
[3404.919s][info][gc             ] GC(762) Pause Young (Prepare Mixed) (G1 Evacuation Pause) 3629M->1451M(4096M) 114.715ms
[3404.919s][info][gc,cpu         ] GC(762) User=0.68s Sys=0.00s Real=0.11s
...[3407.960s][info][gc,start       ] GC(763) Pause Young (Mixed) (G1 Evacuation Pause)
[3407.960s][info][gc,task        ] GC(763) Using 6 workers of 6 for evacuation
[3408.092s][info][gc,phases      ] GC(763)   Pre Evacuate Collection Set: 0.38ms
[3408.092s][info][gc,phases      ] GC(763)   Merge Heap Roots: 0.68ms
[3408.092s][info][gc,phases      ] GC(763)   Evacuate Collection Set: 129.81ms
[3408.092s][info][gc,phases      ] GC(763)   Post Evacuate Collection Set: 0.95ms
[3408.092s][info][gc,phases      ] GC(763)   Other: 0.09ms
[3408.092s][info][gc,heap        ] GC(763) Eden regions: 1112->0(1119)
[3408.092s][info][gc,heap        ] GC(763) Survivor regions: 107->109(153)
[3408.092s][info][gc,heap        ] GC(763) Old regions: 539->474
[3408.092s][info][gc,heap        ] GC(763) Humongous regions: 80->80
[3408.092s][info][gc,metaspace   ] GC(763) Metaspace: 28887K(29312K)->28887K(29312K) NonClass: 24019K(24256K)->24019K(24256K) Class: 4868K(5056K)->4868K(5056K)
[3408.092s][info][gc             ] GC(763) Pause Young (Mixed) (G1 Evacuation Pause) 3675M->1325M(4096M) 132.043ms
[3408.093s][info][gc,cpu         ] GC(763) User=0.78s Sys=0.00s Real=0.13s
...[3411.167s][info][gc,start       ] GC(764) Pause Young (Concurrent Start) (G1 Evacuation Pause)
[3411.167s][info][gc,task        ] GC(764) Using 6 workers of 6 for evacuation
[3411.293s][info][gc,phases      ] GC(764)   Pre Evacuate Collection Set: 0.36ms
[3411.293s][info][gc,phases      ] GC(764)   Merge Heap Roots: 0.47ms
[3411.293s][info][gc,phases      ] GC(764)   Evacuate Collection Set: 124.88ms
[3411.293s][info][gc,phases      ] GC(764)   Post Evacuate Collection Set: 0.86ms
[3411.293s][info][gc,phases      ] GC(764)   Other: 0.12ms
[3411.293s][info][gc,heap        ] GC(764) Eden regions: 1119->0(1113)
[3411.293s][info][gc,heap        ] GC(764) Survivor regions: 109->115(154)
[3411.293s][info][gc,heap        ] GC(764) Old regions: 474->506
[3411.293s][info][gc,heap        ] GC(764) Humongous regions: 80->80
[3411.293s][info][gc,metaspace   ] GC(764) Metaspace: 28887K(29312K)->28887K(29312K) NonClass: 24019K(24256K)->24019K(24256K) Class: 4868K(5056K)->4868K(5056K)
[3411.293s][info][gc             ] GC(764) Pause Young (Concurrent Start) (G1 Evacuation Pause) 3563M->1400M(4096M) 126.826ms
[3411.293s][info][gc             ] GC(765) Concurrent Mark Cycle
[3411.293s][info][gc,marking     ] GC(765) Concurrent Scan Root Regions
[3411.293s][info][gc,cpu         ] GC(764) User=0.75s Sys=0.00s Real=0.12s
[3411.454s][info][gc,marking     ] GC(765) Concurrent Scan Root Regions 160.065ms
[3411.454s][info][gc,marking     ] GC(765) Concurrent Mark
[3411.454s][info][gc,marking     ] GC(765) Concurrent Mark From Roots
[3411.454s][info][gc,task        ] GC(765) Using 2 workers of 2 for marking
.[3412.151s][info][gc,marking     ] GC(765) Concurrent Mark From Roots 697.805ms
[3412.152s][info][gc,marking     ] GC(765) Concurrent Preclean
[3412.152s][info][gc,marking     ] GC(765) Concurrent Preclean 0.088ms
[3412.152s][info][gc,start       ] GC(765) Pause Remark
[3412.156s][info][gc             ] GC(765) Pause Remark 2056M->2056M(4096M) 4.080ms
[3412.156s][info][gc,cpu         ] GC(765) User=0.02s Sys=0.00s Real=0.01s
[3412.156s][info][gc,marking     ] GC(765) Concurrent Mark 702.259ms
[3412.156s][info][gc,marking     ] GC(765) Concurrent Rebuild Remembered Sets and Scrub Regions
[3412.461s][info][gc,marking     ] GC(765) Concurrent Rebuild Remembered Sets and Scrub Regions 305.486ms
[3412.462s][info][gc,start       ] GC(765) Pause Cleanup
[3412.462s][info][gc             ] GC(765) Pause Cleanup 2317M->2317M(4096M) 0.111ms
[3412.462s][info][gc,cpu         ] GC(765) User=0.00s Sys=0.00s Real=0.00s
[3412.462s][info][gc,marking     ] GC(765) Concurrent Clear Claimed Marks
[3412.462s][info][gc,marking     ] GC(765) Concurrent Clear Claimed Marks 0.021ms
[3412.462s][info][gc,marking     ] GC(765) Concurrent Cleanup for Next Mark
[3412.465s][info][gc,marking     ] GC(765) Concurrent Cleanup for Next Mark 3.568ms
[3412.465s][info][gc             ] GC(765) Concurrent Mark Cycle 1171.840ms
..[3414.279s][info][gc,start       ] GC(766) Pause Young (Prepare Mixed) (G1 Evacuation Pause)
[3414.279s][info][gc,task        ] GC(766) Using 6 workers of 6 for evacuation
[3414.396s][info][gc,phases      ] GC(766)   Pre Evacuate Collection Set: 0.35ms
[3414.396s][info][gc,phases      ] GC(766)   Merge Heap Roots: 0.51ms
[3414.396s][info][gc,phases      ] GC(766)   Evacuate Collection Set: 114.64ms
[3414.396s][info][gc,phases      ] GC(766)   Post Evacuate Collection Set: 0.92ms
[3414.396s][info][gc,phases      ] GC(766)   Other: 0.09ms
[3414.396s][info][gc,heap        ] GC(766) Eden regions: 1113->0(1109)
[3414.396s][info][gc,heap        ] GC(766) Survivor regions: 115->109(154)
[3414.396s][info][gc,heap        ] GC(766) Old regions: 506->538
[3414.396s][info][gc,heap        ] GC(766) Humongous regions: 80->80
[3414.396s][info][gc,metaspace   ] GC(766) Metaspace: 28887K(29312K)->28887K(29312K) NonClass: 24019K(24256K)->24019K(24256K) Class: 4868K(5056K)->4868K(5056K)
[3414.396s][info][gc             ] GC(766) Pause Young (Prepare Mixed) (G1 Evacuation Pause) 3626M->1451M(4096M) 116.633ms
[3414.396s][info][gc,cpu         ] GC(766) User=0.69s Sys=0.00s Real=0.12s
...[3417.511s][info][gc,start       ] GC(767) Pause Young (Mixed) (G1 Evacuation Pause)
[3417.511s][info][gc,task        ] GC(767) Using 6 workers of 6 for evacuation
[3417.643s][info][gc,phases      ] GC(767)   Pre Evacuate Collection Set: 0.42ms
[3417.643s][info][gc,phases      ] GC(767)   Merge Heap Roots: 0.65ms
[3417.643s][info][gc,phases      ] GC(767)   Evacuate Collection Set: 129.31ms
[3417.643s][info][gc,phases      ] GC(767)   Post Evacuate Collection Set: 0.97ms
[3417.643s][info][gc,phases      ] GC(767)   Other: 0.10ms
[3417.643s][info][gc,heap        ] GC(767) Eden regions: 1109->0(1119)
[3417.643s][info][gc,heap        ] GC(767) Survivor regions: 109->109(153)
[3417.643s][info][gc,heap        ] GC(767) Old regions: 538->475
[3417.643s][info][gc,heap        ] GC(767) Humongous regions: 80->80
[3417.643s][info][gc,metaspace   ] GC(767) Metaspace: 28888K(29312K)->28888K(29312K) NonClass: 24019K(24256K)->24019K(24256K) Class: 4868K(5056K)->4868K(5056K)
[3417.643s][info][gc             ] GC(767) Pause Young (Mixed) (G1 Evacuation Pause) 3669M->1326M(4096M) 131.585ms
[3417.643s][info][gc,cpu         ] GC(767) User=0.78s Sys=0.00s Real=0.13s
...[3420.643s][info][gc,start       ] GC(768) Pause Young (Concurrent Start) (G1 Evacuation Pause)
[3420.643s][info][gc,task        ] GC(768) Using 6 workers of 6 for evacuation
[3420.760s][info][gc,phases      ] GC(768)   Pre Evacuate Collection Set: 0.39ms
[3420.760s][info][gc,phases      ] GC(768)   Merge Heap Roots: 0.45ms
[3420.760s][info][gc,phases      ] GC(768)   Evacuate Collection Set: 115.29ms
[3420.760s][info][gc,phases      ] GC(768)   Post Evacuate Collection Set: 0.92ms
[3420.760s][info][gc,phases      ] GC(768)   Other: 0.12ms
[3420.760s][info][gc,heap        ] GC(768) Eden regions: 1119->0(1118)
[3420.760s][info][gc,heap        ] GC(768) Survivor regions: 109->110(154)
[3420.760s][info][gc,heap        ] GC(768) Old regions: 475->506
[3420.760s][info][gc,heap        ] GC(768) Humongous regions: 80->80
[3420.760s][info][gc,metaspace   ] GC(768) Metaspace: 28888K(29312K)->28888K(29312K) NonClass: 24019K(24256K)->24019K(24256K) Class: 4868K(5056K)->4868K(5056K)
[3420.760s][info][gc             ] GC(768) Pause Young (Concurrent Start) (G1 Evacuation Pause) 3564M->1389M(4096M) 117.291ms
[3420.760s][info][gc             ] GC(769) Concurrent Mark Cycle
[3420.760s][info][gc,marking     ] GC(769) Concurrent Scan Root Regions
[3420.760s][info][gc,cpu         ] GC(768) User=0.69s Sys=0.00s Real=0.12s
.[3420.900s][info][gc,marking     ] GC(769) Concurrent Scan Root Regions 139.198ms
[3420.900s][info][gc,marking     ] GC(769) Concurrent Mark
[3420.900s][info][gc,marking     ] GC(769) Concurrent Mark From Roots
[3420.900s][info][gc,task        ] GC(769) Using 2 workers of 2 for marking
[3421.623s][info][gc,marking     ] GC(769) Concurrent Mark From Roots 723.382ms
[3421.623s][info][gc,marking     ] GC(769) Concurrent Preclean
[3421.623s][info][gc,marking     ] GC(769) Concurrent Preclean 0.078ms
[3421.624s][info][gc,start       ] GC(769) Pause Remark
[3421.629s][info][gc             ] GC(769) Pause Remark 2077M->2077M(4096M) 4.727ms
[3421.629s][info][gc,cpu         ] GC(769) User=0.02s Sys=0.00s Real=0.00s
[3421.629s][info][gc,marking     ] GC(769) Concurrent Mark 729.215ms
[3421.629s][info][gc,marking     ] GC(769) Concurrent Rebuild Remembered Sets and Scrub Regions
.[3421.873s][info][gc,marking     ] GC(769) Concurrent Rebuild Remembered Sets and Scrub Regions 244.072ms
[3421.873s][info][gc,start       ] GC(769) Pause Cleanup
[3421.873s][info][gc             ] GC(769) Pause Cleanup 2248M->2248M(4096M) 0.101ms
[3421.873s][info][gc,cpu         ] GC(769) User=0.00s Sys=0.00s Real=0.00s
[3421.873s][info][gc,marking     ] GC(769) Concurrent Clear Claimed Marks
[3421.873s][info][gc,marking     ] GC(769) Concurrent Clear Claimed Marks 0.023ms
[3421.873s][info][gc,marking     ] GC(769) Concurrent Cleanup for Next Mark
[3421.878s][info][gc,marking     ] GC(769) Concurrent Cleanup for Next Mark 4.337ms
[3421.878s][info][gc             ] GC(769) Concurrent Mark Cycle 1117.303ms
..[3423.825s][info][gc,start       ] GC(770) Pause Young (Prepare Mixed) (G1 Evacuation Pause)
[3423.825s][info][gc,task        ] GC(770) Using 6 workers of 6 for evacuation
[3423.941s][info][gc,phases      ] GC(770)   Pre Evacuate Collection Set: 0.36ms
[3423.941s][info][gc,phases      ] GC(770)   Merge Heap Roots: 0.52ms
[3423.941s][info][gc,phases      ] GC(770)   Evacuate Collection Set: 114.21ms
[3423.941s][info][gc,phases      ] GC(770)   Post Evacuate Collection Set: 0.92ms
[3423.941s][info][gc,phases      ] GC(770)   Other: 0.09ms
[3423.941s][info][gc,heap        ] GC(770) Eden regions: 1118->0(1113)
[3423.941s][info][gc,heap        ] GC(770) Survivor regions: 110->107(154)
[3423.941s][info][gc,heap        ] GC(770) Old regions: 506->538
[3423.941s][info][gc,heap        ] GC(770) Humongous regions: 80->80
[3423.941s][info][gc,metaspace   ] GC(770) Metaspace: 28888K(29312K)->28888K(29312K) NonClass: 24019K(24256K)->24019K(24256K) Class: 4868K(5056K)->4868K(5056K)
[3423.941s][info][gc             ] GC(770) Pause Young (Prepare Mixed) (G1 Evacuation Pause) 3625M->1449M(4096M) 116.246ms
[3423.941s][info][gc,cpu         ] GC(770) User=0.69s Sys=0.00s Real=0.11s
...[3427.000s][info][gc,start       ] GC(771) Pause Young (Mixed) (G1 Evacuation Pause)
[3427.000s][info][gc,task        ] GC(771) Using 6 workers of 6 for evacuation
[3427.132s][info][gc,phases      ] GC(771)   Pre Evacuate Collection Set: 0.37ms
[3427.132s][info][gc,phases      ] GC(771)   Merge Heap Roots: 0.65ms
[3427.132s][info][gc,phases      ] GC(771)   Evacuate Collection Set: 129.49ms
[3427.132s][info][gc,phases      ] GC(771)   Post Evacuate Collection Set: 0.96ms
[3427.132s][info][gc,phases      ] GC(771)   Other: 0.09ms
[3427.132s][info][gc,heap        ] GC(771) Eden regions: 1113->0(1119)
[3427.132s][info][gc,heap        ] GC(771) Survivor regions: 107->109(153)
[3427.132s][info][gc,heap        ] GC(771) Old regions: 538->474
[3427.132s][info][gc,heap        ] GC(771) Humongous regions: 80->80
[3427.132s][info][gc,metaspace   ] GC(771) Metaspace: 28888K(29312K)->28888K(29312K) NonClass: 24019K(24256K)->24019K(24256K) Class: 4868K(5056K)->4868K(5056K)
[3427.132s][info][gc             ] GC(771) Pause Young (Mixed) (G1 Evacuation Pause) 3675M->1324M(4096M) 131.687ms
[3427.132s][info][gc,cpu         ] GC(771) User=0.78s Sys=0.00s Real=0.13s
...[3430.100s][info][gc,start       ] GC(772) Pause Young (Concurrent Start) (G1 Evacuation Pause)
[3430.101s][info][gc,task        ] GC(772) Using 6 workers of 6 for evacuation
[3430.219s][info][gc,phases      ] GC(772)   Pre Evacuate Collection Set: 0.35ms
[3430.219s][info][gc,phases      ] GC(772)   Merge Heap Roots: 0.48ms
[3430.219s][info][gc,phases      ] GC(772)   Evacuate Collection Set: 116.20ms
[3430.219s][info][gc,phases      ] GC(772)   Post Evacuate Collection Set: 0.90ms
[3430.219s][info][gc,phases      ] GC(772)   Other: 0.11ms
[3430.219s][info][gc,heap        ] GC(772) Eden regions: 1119->0(1120)
[3430.219s][info][gc,heap        ] GC(772) Survivor regions: 109->108(154)
[3430.219s][info][gc,heap        ] GC(772) Old regions: 474->507
[3430.219s][info][gc,heap        ] GC(772) Humongous regions: 80->80
[3430.219s][info][gc,metaspace   ] GC(772) Metaspace: 28888K(29312K)->28888K(29312K) NonClass: 24019K(24256K)->24019K(24256K) Class: 4868K(5056K)->4868K(5056K)
[3430.219s][info][gc             ] GC(772) Pause Young (Concurrent Start) (G1 Evacuation Pause) 3562M->1388M(4096M) 118.192ms
[3430.219s][info][gc             ] GC(773) Concurrent Mark Cycle
[3430.219s][info][gc,marking     ] GC(773) Concurrent Scan Root Regions
[3430.219s][info][gc,cpu         ] GC(772) User=0.70s Sys=0.00s Real=0.12s
[3430.334s][info][gc,marking     ] GC(773) Concurrent Scan Root Regions 115.472ms
[3430.334s][info][gc,marking     ] GC(773) Concurrent Mark
[3430.334s][info][gc,marking     ] GC(773) Concurrent Mark From Roots
[3430.334s][info][gc,task        ] GC(773) Using 2 workers of 2 for marking
.[3430.890s][info][gc,marking     ] GC(773) Concurrent Mark From Roots 555.860ms
[3430.890s][info][gc,marking     ] GC(773) Concurrent Preclean
[3430.890s][info][gc,marking     ] GC(773) Concurrent Preclean 0.105ms
[3430.890s][info][gc,start       ] GC(773) Pause Remark
[3430.895s][info][gc             ] GC(773) Pause Remark 1918M->1918M(4096M) 4.565ms
[3430.895s][info][gc,cpu         ] GC(773) User=0.03s Sys=0.00s Real=0.01s
[3430.895s][info][gc,marking     ] GC(773) Concurrent Mark 560.877ms
[3430.895s][info][gc,marking     ] GC(773) Concurrent Rebuild Remembered Sets and Scrub Regions
[3431.106s][info][gc,marking     ] GC(773) Concurrent Rebuild Remembered Sets and Scrub Regions 210.838ms
[3431.106s][info][gc,start       ] GC(773) Pause Cleanup
[3431.106s][info][gc             ] GC(773) Pause Cleanup 2081M->2081M(4096M) 0.099ms
[3431.106s][info][gc,cpu         ] GC(773) User=0.00s Sys=0.00s Real=0.00s
[3431.106s][info][gc,marking     ] GC(773) Concurrent Clear Claimed Marks
[3431.106s][info][gc,marking     ] GC(773) Concurrent Clear Claimed Marks 0.020ms
[3431.106s][info][gc,marking     ] GC(773) Concurrent Cleanup for Next Mark
[3431.111s][info][gc,marking     ] GC(773) Concurrent Cleanup for Next Mark 4.575ms
[3431.111s][info][gc             ] GC(773) Concurrent Mark Cycle 892.246ms
..[3433.302s][info][gc,start       ] GC(774) Pause Young (Prepare Mixed) (G1 Evacuation Pause)
[3433.302s][info][gc,task        ] GC(774) Using 6 workers of 6 for evacuation
[3433.422s][info][gc,phases      ] GC(774)   Pre Evacuate Collection Set: 0.34ms
[3433.422s][info][gc,phases      ] GC(774)   Merge Heap Roots: 0.50ms
[3433.422s][info][gc,phases      ] GC(774)   Evacuate Collection Set: 117.68ms
[3433.422s][info][gc,phases      ] GC(774)   Post Evacuate Collection Set: 0.94ms
[3433.422s][info][gc,phases      ] GC(774)   Other: 0.08ms
[3433.422s][info][gc,heap        ] GC(774) Eden regions: 1120->0(1104)
[3433.422s][info][gc,heap        ] GC(774) Survivor regions: 108->111(154)
[3433.422s][info][gc,heap        ] GC(774) Old regions: 507->539
[3433.422s][info][gc,heap        ] GC(774) Humongous regions: 80->80
[3433.422s][info][gc,metaspace   ] GC(774) Metaspace: 28889K(29312K)->28889K(29312K) NonClass: 24021K(24256K)->24021K(24256K) Class: 4868K(5056K)->4868K(5056K)
[3433.422s][info][gc             ] GC(774) Pause Young (Prepare Mixed) (G1 Evacuation Pause) 3628M->1457M(4096M) 119.671ms
[3433.422s][info][gc,cpu         ] GC(774) User=0.71s Sys=0.00s Real=0.12s
...[3436.404s][info][gc,start       ] GC(775) Pause Young (Mixed) (G1 Evacuation Pause)
[3436.404s][info][gc,task        ] GC(775) Using 6 workers of 6 for evacuation
[3436.535s][info][gc,phases      ] GC(775)   Pre Evacuate Collection Set: 0.38ms
[3436.535s][info][gc,phases      ] GC(775)   Merge Heap Roots: 0.61ms
[3436.535s][info][gc,phases      ] GC(775)   Evacuate Collection Set: 129.07ms
[3436.535s][info][gc,phases      ] GC(775)   Post Evacuate Collection Set: 0.94ms
[3436.535s][info][gc,phases      ] GC(775)   Other: 0.09ms
[3436.535s][info][gc,heap        ] GC(775) Eden regions: 1104->0(1119)
[3436.535s][info][gc,heap        ] GC(775) Survivor regions: 111->109(152)
[3436.535s][info][gc,heap        ] GC(775) Old regions: 539->475
[3436.535s][info][gc,heap        ] GC(775) Humongous regions: 80->80
[3436.535s][info][gc,metaspace   ] GC(775) Metaspace: 28889K(29312K)->28889K(29312K) NonClass: 24021K(24256K)->24021K(24256K) Class: 4868K(5056K)->4868K(5056K)
[3436.535s][info][gc             ] GC(775) Pause Young (Mixed) (G1 Evacuation Pause) 3665M->1327M(4096M) 131.209ms
[3436.535s][info][gc,cpu         ] GC(775) User=0.78s Sys=0.00s Real=0.13s
...[3439.616s][info][gc,start       ] GC(776) Pause Young (Concurrent Start) (G1 Evacuation Pause)
[3439.616s][info][gc,task        ] GC(776) Using 6 workers of 6 for evacuation
[3439.736s][info][gc,phases      ] GC(776)   Pre Evacuate Collection Set: 0.41ms
[3439.736s][info][gc,phases      ] GC(776)   Merge Heap Roots: 0.45ms
[3439.736s][info][gc,phases      ] GC(776)   Evacuate Collection Set: 118.22ms
[3439.736s][info][gc,phases      ] GC(776)   Post Evacuate Collection Set: 0.90ms
[3439.736s][info][gc,phases      ] GC(776)   Other: 0.11ms
[3439.736s][info][gc,heap        ] GC(776) Eden regions: 1119->0(1116)
[3439.736s][info][gc,heap        ] GC(776) Survivor regions: 109->112(154)
[3439.736s][info][gc,heap        ] GC(776) Old regions: 475->508
[3439.736s][info][gc,heap        ] GC(776) Humongous regions: 80->80
[3439.736s][info][gc,metaspace   ] GC(776) Metaspace: 28889K(29312K)->28889K(29312K) NonClass: 24021K(24256K)->24021K(24256K) Class: 4868K(5056K)->4868K(5056K)
[3439.736s][info][gc             ] GC(776) Pause Young (Concurrent Start) (G1 Evacuation Pause) 3565M->1398M(4096M) 120.219ms
[3439.736s][info][gc             ] GC(777) Concurrent Mark Cycle
[3439.736s][info][gc,marking     ] GC(777) Concurrent Scan Root Regions
[3439.736s][info][gc,cpu         ] GC(776) User=0.71s Sys=0.00s Real=0.12s
.[3439.922s][info][gc,marking     ] GC(777) Concurrent Scan Root Regions 185.324ms
[3439.922s][info][gc,marking     ] GC(777) Concurrent Mark
[3439.922s][info][gc,marking     ] GC(777) Concurrent Mark From Roots
[3439.922s][info][gc,task        ] GC(777) Using 2 workers of 2 for marking
[3440.733s][info][gc,marking     ] GC(777) Concurrent Mark From Roots 811.071ms
[3440.733s][info][gc,marking     ] GC(777) Concurrent Preclean
[3440.733s][info][gc,marking     ] GC(777) Concurrent Preclean 0.082ms
[3440.733s][info][gc,start       ] GC(777) Pause Remark
[3440.739s][info][gc             ] GC(777) Pause Remark 2156M->2156M(4096M) 5.730ms
[3440.739s][info][gc,cpu         ] GC(777) User=0.03s Sys=0.00s Real=0.01s
[3440.739s][info][gc,marking     ] GC(777) Concurrent Mark 817.142ms
[3440.739s][info][gc,marking     ] GC(777) Concurrent Rebuild Remembered Sets and Scrub Regions
.[3441.100s][info][gc,marking     ] GC(777) Concurrent Rebuild Remembered Sets and Scrub Regions 360.764ms
[3441.100s][info][gc,start       ] GC(777) Pause Cleanup
[3441.100s][info][gc             ] GC(777) Pause Cleanup 2415M->2415M(4096M) 0.116ms
[3441.100s][info][gc,cpu         ] GC(777) User=0.00s Sys=0.00s Real=0.00s
[3441.100s][info][gc,marking     ] GC(777) Concurrent Clear Claimed Marks
[3441.100s][info][gc,marking     ] GC(777) Concurrent Clear Claimed Marks 0.025ms
[3441.100s][info][gc,marking     ] GC(777) Concurrent Cleanup for Next Mark
[3441.103s][info][gc,marking     ] GC(777) Concurrent Cleanup for Next Mark 3.520ms
[3441.104s][info][gc             ] GC(777) Concurrent Mark Cycle 1367.228ms
.[3442.754s][info][gc,start       ] GC(778) Pause Young (Prepare Mixed) (G1 Evacuation Pause)
[3442.754s][info][gc,task        ] GC(778) Using 6 workers of 6 for evacuation
[3442.873s][info][gc,phases      ] GC(778)   Pre Evacuate Collection Set: 0.38ms
[3442.873s][info][gc,phases      ] GC(778)   Merge Heap Roots: 0.51ms
[3442.873s][info][gc,phases      ] GC(778)   Evacuate Collection Set: 117.06ms
[3442.873s][info][gc,phases      ] GC(778)   Post Evacuate Collection Set: 0.92ms
[3442.873s][info][gc,phases      ] GC(778)   Other: 0.09ms
[3442.873s][info][gc,heap        ] GC(778) Eden regions: 1116->0(1104)
[3442.873s][info][gc,heap        ] GC(778) Survivor regions: 112->111(154)
[3442.873s][info][gc,heap        ] GC(778) Old regions: 508->539
[3442.873s][info][gc,heap        ] GC(778) Humongous regions: 80->80
[3442.873s][info][gc,metaspace   ] GC(778) Metaspace: 28889K(29312K)->28889K(29312K) NonClass: 24021K(24256K)->24021K(24256K) Class: 4868K(5056K)->4868K(5056K)
[3442.874s][info][gc             ] GC(778) Pause Young (Prepare Mixed) (G1 Evacuation Pause) 3630M->1458M(4096M) 119.083ms
[3442.874s][info][gc,cpu         ] GC(778) User=0.70s Sys=0.00s Real=0.11s
...[3445.883s][info][gc,start       ] GC(779) Pause Young (Mixed) (G1 Evacuation Pause)
[3445.883s][info][gc,task        ] GC(779) Using 6 workers of 6 for evacuation
[3446.015s][info][gc,phases      ] GC(779)   Pre Evacuate Collection Set: 0.37ms
[3446.015s][info][gc,phases      ] GC(779)   Merge Heap Roots: 0.71ms
[3446.015s][info][gc,phases      ] GC(779)   Evacuate Collection Set: 130.22ms
[3446.015s][info][gc,phases      ] GC(779)   Post Evacuate Collection Set: 0.95ms
[3446.015s][info][gc,phases      ] GC(779)   Other: 0.09ms
[3446.015s][info][gc,heap        ] GC(779) Eden regions: 1104->0(1121)
[3446.015s][info][gc,heap        ] GC(779) Survivor regions: 111->107(152)
[3446.015s][info][gc,heap        ] GC(779) Old regions: 539->474
[3446.015s][info][gc,heap        ] GC(779) Humongous regions: 80->80
[3446.015s][info][gc,metaspace   ] GC(779) Metaspace: 28889K(29312K)->28889K(29312K) NonClass: 24021K(24256K)->24021K(24256K) Class: 4868K(5056K)->4868K(5056K)
[3446.015s][info][gc             ] GC(779) Pause Young (Mixed) (G1 Evacuation Pause) 3666M->1320M(4096M) 132.469ms
[3446.015s][info][gc,cpu         ] GC(779) User=0.79s Sys=0.00s Real=0.14s
....[3449.106s][info][gc,start       ] GC(780) Pause Young (Concurrent Start) (G1 Evacuation Pause)
[3449.106s][info][gc,task        ] GC(780) Using 6 workers of 6 for evacuation
[3449.226s][info][gc,phases      ] GC(780)   Pre Evacuate Collection Set: 0.37ms
[3449.226s][info][gc,phases      ] GC(780)   Merge Heap Roots: 0.45ms
[3449.226s][info][gc,phases      ] GC(780)   Evacuate Collection Set: 118.27ms
[3449.226s][info][gc,phases      ] GC(780)   Post Evacuate Collection Set: 0.87ms
[3449.226s][info][gc,phases      ] GC(780)   Other: 0.10ms
[3449.226s][info][gc,heap        ] GC(780) Eden regions: 1121->0(1117)
[3449.226s][info][gc,heap        ] GC(780) Survivor regions: 107->111(154)
[3449.226s][info][gc,heap        ] GC(780) Old regions: 474->506
[3449.226s][info][gc,heap        ] GC(780) Humongous regions: 80->80
[3449.226s][info][gc,metaspace   ] GC(780) Metaspace: 28889K(29312K)->28889K(29312K) NonClass: 24021K(24256K)->24021K(24256K) Class: 4868K(5056K)->4868K(5056K)
[3449.226s][info][gc             ] GC(780) Pause Young (Concurrent Start) (G1 Evacuation Pause) 3562M->1393M(4096M) 120.191ms
[3449.226s][info][gc             ] GC(781) Concurrent Mark Cycle
[3449.226s][info][gc,marking     ] GC(781) Concurrent Scan Root Regions
[3449.226s][info][gc,cpu         ] GC(780) User=0.71s Sys=0.00s Real=0.12s
[3449.406s][info][gc,marking     ] GC(781) Concurrent Scan Root Regions 180.468ms
[3449.406s][info][gc,marking     ] GC(781) Concurrent Mark
[3449.406s][info][gc,marking     ] GC(781) Concurrent Mark From Roots
[3449.406s][info][gc,task        ] GC(781) Using 2 workers of 2 for marking
.[3450.358s][info][gc,marking     ] GC(781) Concurrent Mark From Roots 952.032ms
[3450.358s][info][gc,marking     ] GC(781) Concurrent Preclean
[3450.358s][info][gc,marking     ] GC(781) Concurrent Preclean 0.099ms
[3450.359s][info][gc,start       ] GC(781) Pause Remark
[3450.365s][info][gc             ] GC(781) Pause Remark 2261M->2261M(4096M) 6.022ms
[3450.365s][info][gc,cpu         ] GC(781) User=0.03s Sys=0.00s Real=0.01s
[3450.367s][info][gc,marking     ] GC(781) Concurrent Mark 960.512ms
[3450.367s][info][gc,marking     ] GC(781) Concurrent Rebuild Remembered Sets and Scrub Regions
[3450.702s][info][gc,marking     ] GC(781) Concurrent Rebuild Remembered Sets and Scrub Regions 335.348ms
[3450.703s][info][gc,start       ] GC(781) Pause Cleanup
[3450.703s][info][gc             ] GC(781) Pause Cleanup 2535M->2535M(4096M) 0.126ms
[3450.703s][info][gc,cpu         ] GC(781) User=0.00s Sys=0.00s Real=0.00s
[3450.704s][info][gc,marking     ] GC(781) Concurrent Clear Claimed Marks
[3450.704s][info][gc,marking     ] GC(781) Concurrent Clear Claimed Marks 0.049ms
[3450.704s][info][gc,marking     ] GC(781) Concurrent Cleanup for Next Mark
[3450.710s][info][gc,marking     ] GC(781) Concurrent Cleanup for Next Mark 5.811ms
[3450.710s][info][gc             ] GC(781) Concurrent Mark Cycle 1484.047ms
..[3452.234s][info][gc,start       ] GC(782) Pause Young (Prepare Mixed) (G1 Evacuation Pause)
[3452.234s][info][gc,task        ] GC(782) Using 6 workers of 6 for evacuation
[3452.350s][info][gc,phases      ] GC(782)   Pre Evacuate Collection Set: 0.33ms
[3452.350s][info][gc,phases      ] GC(782)   Merge Heap Roots: 0.48ms
[3452.350s][info][gc,phases      ] GC(782)   Evacuate Collection Set: 113.37ms
[3452.350s][info][gc,phases      ] GC(782)   Post Evacuate Collection Set: 0.93ms
[3452.350s][info][gc,phases      ] GC(782)   Other: 0.09ms
[3452.350s][info][gc,heap        ] GC(782) Eden regions: 1117->0(1112)
[3452.350s][info][gc,heap        ] GC(782) Survivor regions: 111->108(154)
[3452.350s][info][gc,heap        ] GC(782) Old regions: 506->537
[3452.350s][info][gc,heap        ] GC(782) Humongous regions: 80->80
[3452.350s][info][gc,metaspace   ] GC(782) Metaspace: 28889K(29312K)->28889K(29312K) NonClass: 24021K(24256K)->24021K(24256K) Class: 4868K(5056K)->4868K(5056K)
[3452.350s][info][gc             ] GC(782) Pause Young (Prepare Mixed) (G1 Evacuation Pause) 3627M->1449M(4096M) 115.339ms
[3452.350s][info][gc,cpu         ] GC(782) User=0.68s Sys=0.00s Real=0.11s
...[3455.394s][info][gc,start       ] GC(783) Pause Young (Mixed) (G1 Evacuation Pause)
[3455.394s][info][gc,task        ] GC(783) Using 6 workers of 6 for evacuation
[3455.532s][info][gc,phases      ] GC(783)   Pre Evacuate Collection Set: 0.38ms
[3455.532s][info][gc,phases      ] GC(783)   Merge Heap Roots: 0.69ms
[3455.532s][info][gc,phases      ] GC(783)   Evacuate Collection Set: 135.59ms
[3455.532s][info][gc,phases      ] GC(783)   Post Evacuate Collection Set: 0.94ms
[3455.532s][info][gc,phases      ] GC(783)   Other: 0.09ms
[3455.532s][info][gc,heap        ] GC(783) Eden regions: 1112->0(1114)
[3455.532s][info][gc,heap        ] GC(783) Survivor regions: 108->114(153)
[3455.532s][info][gc,heap        ] GC(783) Old regions: 537->474
[3455.532s][info][gc,heap        ] GC(783) Humongous regions: 80->80
[3455.532s][info][gc,metaspace   ] GC(783) Metaspace: 28889K(29312K)->28889K(29312K) NonClass: 24021K(24256K)->24021K(24256K) Class: 4868K(5056K)->4868K(5056K)
[3455.532s][info][gc             ] GC(783) Pause Young (Mixed) (G1 Evacuation Pause) 3673M->1333M(4096M) 137.833ms
[3455.532s][info][gc,cpu         ] GC(783) User=0.81s Sys=0.00s Real=0.13s
. (rIR:aIR:PR = 5950:5952:5952) (tPR = 88048) [OK] 
  3455s: Performance info:
         Transaction,    Success,    Partial,     Failed,   Receipts, AvgBarcode, 
             Overall,     360464,          0,          0,     342442,      59.47, 
         Response times:
             Request,    Success,    Partial,     Failed,   SkipFail,     Probes,    Samples,      min,      p50,      p90,      p95,      p99,      max, 
       TotalPurchase,     342439,          0,          0,          0,     334303,     375766,      300,     4900,    18600,    43000,   109000,   238000,
     InStorePurchase,     180198,          0,          0,          0,     176240,     197640,      300,     5000,    18500,    43000,   109000,   238000,
      OnlinePurchase,     126195,          0,          0,          0,     123038,     138602,      300,     4700,    18400,    43000,   108000,   238000,
        InstPurchase,      36046,          0,          0,          0,      35025,      39524,      400,     5300,    21000,    47000,   113000,   238000,
          AssocOfCat,        361,          0,          0,          0,        298,        433,    27000,    37000,    80000,   115800,   177640,   187000,
      AssocOfProduct,       3599,          0,          0,          0,       3269,       3844,      800,     4600,    16750,    38000,   116000,   186000,
      BusinessReport,        903,          0,          0,          0,        777,        994,    26000,    38000,    74000,    99250,   200250,   250000,
          CustBuyBeh,       3602,          0,          0,          0,       3374,       3982,      200,     5600,    17900,    41000,   106000,   191000,
       ProductReturn,       9558,          0,          0,          0,       9148,      10616,      200,     5000,    18300,    45000,   106000,   238000,

  3455s: (44%)   IR =   6088 ..[3458.509s][info][gc,start       ] GC(784) Pause Young (Concurrent Start) (G1 Evacuation Pause)
[3458.509s][info][gc,task        ] GC(784) Using 6 workers of 6 for evacuation
[3458.629s][info][gc,phases      ] GC(784)   Pre Evacuate Collection Set: 0.37ms
[3458.629s][info][gc,phases      ] GC(784)   Merge Heap Roots: 0.49ms
[3458.629s][info][gc,phases      ] GC(784)   Evacuate Collection Set: 117.34ms
[3458.629s][info][gc,phases      ] GC(784)   Post Evacuate Collection Set: 0.91ms
[3458.629s][info][gc,phases      ] GC(784)   Other: 0.10ms
[3458.629s][info][gc,heap        ] GC(784) Eden regions: 1114->0(1117)
[3458.629s][info][gc,heap        ] GC(784) Survivor regions: 114->111(154)
[3458.629s][info][gc,heap        ] GC(784) Old regions: 474->505
[3458.629s][info][gc,heap        ] GC(784) Humongous regions: 80->80
[3458.629s][info][gc,metaspace   ] GC(784) Metaspace: 28889K(29312K)->28889K(29312K) NonClass: 24021K(24256K)->24021K(24256K) Class: 4868K(5056K)->4868K(5056K)
[3458.629s][info][gc             ] GC(784) Pause Young (Concurrent Start) (G1 Evacuation Pause) 3561M->1390M(4096M) 119.378ms
[3458.629s][info][gc             ] GC(785) Concurrent Mark Cycle
[3458.629s][info][gc,marking     ] GC(785) Concurrent Scan Root Regions
[3458.629s][info][gc,cpu         ] GC(784) User=0.71s Sys=0.00s Real=0.12s
[3458.787s][info][gc,marking     ] GC(785) Concurrent Scan Root Regions 157.971ms
[3458.787s][info][gc,marking     ] GC(785) Concurrent Mark
[3458.787s][info][gc,marking     ] GC(785) Concurrent Mark From Roots
[3458.787s][info][gc,task        ] GC(785) Using 2 workers of 2 for marking
.[3459.482s][info][gc,marking     ] GC(785) Concurrent Mark From Roots 694.744ms
[3459.482s][info][gc,marking     ] GC(785) Concurrent Preclean
[3459.482s][info][gc,marking     ] GC(785) Concurrent Preclean 0.098ms
[3459.482s][info][gc,start       ] GC(785) Pause Remark
[3459.486s][info][gc             ] GC(785) Pause Remark 2072M->2072M(4096M) 3.717ms
[3459.486s][info][gc,cpu         ] GC(785) User=0.02s Sys=0.00s Real=0.01s
[3459.486s][info][gc,marking     ] GC(785) Concurrent Mark 699.421ms
[3459.486s][info][gc,marking     ] GC(785) Concurrent Rebuild Remembered Sets and Scrub Regions
[3459.741s][info][gc,marking     ] GC(785) Concurrent Rebuild Remembered Sets and Scrub Regions 254.319ms
[3459.741s][info][gc,start       ] GC(785) Pause Cleanup
[3459.741s][info][gc             ] GC(785) Pause Cleanup 2257M->2257M(4096M) 0.108ms
[3459.741s][info][gc,cpu         ] GC(785) User=0.00s Sys=0.00s Real=0.00s
[3459.741s][info][gc,marking     ] GC(785) Concurrent Clear Claimed Marks
[3459.741s][info][gc,marking     ] GC(785) Concurrent Clear Claimed Marks 0.023ms
[3459.741s][info][gc,marking     ] GC(785) Concurrent Cleanup for Next Mark
[3459.745s][info][gc,marking     ] GC(785) Concurrent Cleanup for Next Mark 4.336ms
[3459.745s][info][gc             ] GC(785) Concurrent Mark Cycle 1116.596ms
..[3461.663s][info][gc,start       ] GC(786) Pause Young (Prepare Mixed) (G1 Evacuation Pause)
[3461.663s][info][gc,task        ] GC(786) Using 6 workers of 6 for evacuation
[3461.786s][info][gc,phases      ] GC(786)   Pre Evacuate Collection Set: 0.34ms
[3461.786s][info][gc,phases      ] GC(786)   Merge Heap Roots: 0.51ms
[3461.786s][info][gc,phases      ] GC(786)   Evacuate Collection Set: 121.25ms
[3461.786s][info][gc,phases      ] GC(786)   Post Evacuate Collection Set: 0.97ms
[3461.786s][info][gc,phases      ] GC(786)   Other: 0.10ms
[3461.786s][info][gc,heap        ] GC(786) Eden regions: 1117->0(1102)
[3461.786s][info][gc,heap        ] GC(786) Survivor regions: 111->113(154)
[3461.786s][info][gc,heap        ] GC(786) Old regions: 505->537
[3461.786s][info][gc,heap        ] GC(786) Humongous regions: 80->80
[3461.786s][info][gc,metaspace   ] GC(786) Metaspace: 28889K(29312K)->28889K(29312K) NonClass: 24021K(24256K)->24021K(24256K) Class: 4868K(5056K)->4868K(5056K)
[3461.786s][info][gc             ] GC(786) Pause Young (Prepare Mixed) (G1 Evacuation Pause) 3624M->1459M(4096M) 123.317ms
[3461.786s][info][gc,cpu         ] GC(786) User=0.73s Sys=0.00s Real=0.13s
..|.[3464.702s][info][gc,start       ] GC(787) Pause Young (Mixed) (G1 Evacuation Pause)
[3464.702s][info][gc,task        ] GC(787) Using 6 workers of 6 for evacuation
[3464.839s][info][gc,phases      ] GC(787)   Pre Evacuate Collection Set: 0.33ms
[3464.839s][info][gc,phases      ] GC(787)   Merge Heap Roots: 0.71ms
[3464.839s][info][gc,phases      ] GC(787)   Evacuate Collection Set: 134.71ms
[3464.839s][info][gc,phases      ] GC(787)   Post Evacuate Collection Set: 0.97ms
[3464.839s][info][gc,phases      ] GC(787)   Other: 0.08ms
[3464.839s][info][gc,heap        ] GC(787) Eden regions: 1102->0(1115)
[3464.839s][info][gc,heap        ] GC(787) Survivor regions: 113->113(152)
[3464.839s][info][gc,heap        ] GC(787) Old regions: 537->474
[3464.839s][info][gc,heap        ] GC(787) Humongous regions: 80->80
[3464.839s][info][gc,metaspace   ] GC(787) Metaspace: 28889K(29312K)->28889K(29312K) NonClass: 24021K(24256K)->24021K(24256K) Class: 4868K(5056K)->4868K(5056K)
[3464.839s][info][gc             ] GC(787) Pause Young (Mixed) (G1 Evacuation Pause) 3663M->1333M(4096M) 136.950ms
[3464.839s][info][gc,cpu         ] GC(787) User=0.81s Sys=0.01s Real=0.14s
...[3467.800s][info][gc,start       ] GC(788) Pause Young (Concurrent Start) (G1 Evacuation Pause)
[3467.800s][info][gc,task        ] GC(788) Using 6 workers of 6 for evacuation
[3467.918s][info][gc,phases      ] GC(788)   Pre Evacuate Collection Set: 0.39ms
[3467.918s][info][gc,phases      ] GC(788)   Merge Heap Roots: 0.45ms
[3467.918s][info][gc,phases      ] GC(788)   Evacuate Collection Set: 116.09ms
[3467.918s][info][gc,phases      ] GC(788)   Post Evacuate Collection Set: 0.88ms
[3467.918s][info][gc,phases      ] GC(788)   Other: 0.13ms
[3467.918s][info][gc,heap        ] GC(788) Eden regions: 1115->0(1119)
[3467.918s][info][gc,heap        ] GC(788) Survivor regions: 113->109(154)
[3467.918s][info][gc,heap        ] GC(788) Old regions: 474->506
[3467.918s][info][gc,heap        ] GC(788) Humongous regions: 80->80
[3467.918s][info][gc,metaspace   ] GC(788) Metaspace: 28889K(29312K)->28889K(29312K) NonClass: 24021K(24256K)->24021K(24256K) Class: 4868K(5056K)->4868K(5056K)
[3467.918s][info][gc             ] GC(788) Pause Young (Concurrent Start) (G1 Evacuation Pause) 3563M->1389M(4096M) 118.073ms
[3467.918s][info][gc             ] GC(789) Concurrent Mark Cycle
[3467.918s][info][gc,marking     ] GC(789) Concurrent Scan Root Regions
[3467.918s][info][gc,cpu         ] GC(788) User=0.70s Sys=0.00s Real=0.12s
[3468.097s][info][gc,marking     ] GC(789) Concurrent Scan Root Regions 178.636ms
[3468.097s][info][gc,marking     ] GC(789) Concurrent Mark
[3468.097s][info][gc,marking     ] GC(789) Concurrent Mark From Roots
[3468.097s][info][gc,task        ] GC(789) Using 2 workers of 2 for marking
.[3468.970s][info][gc,marking     ] GC(789) Concurrent Mark From Roots 872.809ms
[3468.970s][info][gc,marking     ] GC(789) Concurrent Preclean
[3468.970s][info][gc,marking     ] GC(789) Concurrent Preclean 0.147ms
[3468.970s][info][gc,start       ] GC(789) Pause Remark
[3468.975s][info][gc             ] GC(789) Pause Remark 2206M->2206M(4096M) 5.256ms
[3468.975s][info][gc,cpu         ] GC(789) User=0.03s Sys=0.00s Real=0.01s
[3468.975s][info][gc,marking     ] GC(789) Concurrent Mark 878.750ms
[3468.975s][info][gc,marking     ] GC(789) Concurrent Rebuild Remembered Sets and Scrub Regions
[3469.253s][info][gc,marking     ] GC(789) Concurrent Rebuild Remembered Sets and Scrub Regions 277.875ms
[3469.254s][info][gc,start       ] GC(789) Pause Cleanup
[3469.254s][info][gc             ] GC(789) Pause Cleanup 2393M->2393M(4096M) 0.131ms
[3469.254s][info][gc,cpu         ] GC(789) User=0.00s Sys=0.00s Real=0.00s
[3469.255s][info][gc,marking     ] GC(789) Concurrent Clear Claimed Marks
[3469.255s][info][gc,marking     ] GC(789) Concurrent Clear Claimed Marks 0.034ms
[3469.255s][info][gc,marking     ] GC(789) Concurrent Cleanup for Next Mark
[3469.258s][info][gc,marking     ] GC(789) Concurrent Cleanup for Next Mark 3.604ms
[3469.258s][info][gc             ] GC(789) Concurrent Mark Cycle 1340.309ms
..[3470.861s][info][gc,start       ] GC(790) Pause Young (Prepare Mixed) (G1 Evacuation Pause)
[3470.861s][info][gc,task        ] GC(790) Using 6 workers of 6 for evacuation
[3470.976s][info][gc,phases      ] GC(790)   Pre Evacuate Collection Set: 0.32ms
[3470.976s][info][gc,phases      ] GC(790)   Merge Heap Roots: 0.49ms
[3470.976s][info][gc,phases      ] GC(790)   Evacuate Collection Set: 113.32ms
[3470.976s][info][gc,phases      ] GC(790)   Post Evacuate Collection Set: 0.93ms
[3470.976s][info][gc,phases      ] GC(790)   Other: 0.09ms
[3470.976s][info][gc,heap        ] GC(790) Eden regions: 1119->0(1113)
[3470.976s][info][gc,heap        ] GC(790) Survivor regions: 109->107(154)
[3470.976s][info][gc,heap        ] GC(790) Old regions: 506->538
[3470.976s][info][gc,heap        ] GC(790) Humongous regions: 80->80
[3470.976s][info][gc,metaspace   ] GC(790) Metaspace: 28889K(29312K)->28889K(29312K) NonClass: 24021K(24256K)->24021K(24256K) Class: 4868K(5056K)->4868K(5056K)
[3470.976s][info][gc             ] GC(790) Pause Young (Prepare Mixed) (G1 Evacuation Pause) 3627M->1449M(4096M) 115.285ms
[3470.976s][info][gc,cpu         ] GC(790) User=0.68s Sys=0.01s Real=0.12s
...[3473.980s][info][gc,start       ] GC(791) Pause Young (Mixed) (G1 Evacuation Pause)
[3473.980s][info][gc,task        ] GC(791) Using 6 workers of 6 for evacuation
[3474.109s][info][gc,phases      ] GC(791)   Pre Evacuate Collection Set: 0.38ms
[3474.109s][info][gc,phases      ] GC(791)   Merge Heap Roots: 0.60ms
[3474.109s][info][gc,phases      ] GC(791)   Evacuate Collection Set: 126.42ms
[3474.109s][info][gc,phases      ] GC(791)   Post Evacuate Collection Set: 0.94ms
[3474.109s][info][gc,phases      ] GC(791)   Other: 0.10ms
[3474.109s][info][gc,heap        ] GC(791) Eden regions: 1113->0(1120)
[3474.109s][info][gc,heap        ] GC(791) Survivor regions: 107->108(153)
[3474.109s][info][gc,heap        ] GC(791) Old regions: 538->474
[3474.109s][info][gc,heap        ] GC(791) Humongous regions: 80->80
[3474.109s][info][gc,metaspace   ] GC(791) Metaspace: 28889K(29312K)->28889K(29312K) NonClass: 24021K(24256K)->24021K(24256K) Class: 4868K(5056K)->4868K(5056K)
[3474.109s][info][gc             ] GC(791) Pause Young (Mixed) (G1 Evacuation Pause) 3675M->1322M(4096M) 128.563ms
[3474.109s][info][gc,cpu         ] GC(791) User=0.76s Sys=0.00s Real=0.13s
...[3477.055s][info][gc,start       ] GC(792) Pause Young (Concurrent Start) (G1 Evacuation Pause)
[3477.056s][info][gc,task        ] GC(792) Using 6 workers of 6 for evacuation
[3477.171s][info][gc,phases      ] GC(792)   Pre Evacuate Collection Set: 0.39ms
[3477.171s][info][gc,phases      ] GC(792)   Merge Heap Roots: 0.45ms
[3477.171s][info][gc,phases      ] GC(792)   Evacuate Collection Set: 114.05ms
[3477.171s][info][gc,phases      ] GC(792)   Post Evacuate Collection Set: 0.88ms
[3477.171s][info][gc,phases      ] GC(792)   Other: 0.09ms
[3477.171s][info][gc,heap        ] GC(792) Eden regions: 1120->0(1119)
[3477.171s][info][gc,heap        ] GC(792) Survivor regions: 108->109(154)
[3477.171s][info][gc,heap        ] GC(792) Old regions: 474->506
[3477.171s][info][gc,heap        ] GC(792) Humongous regions: 80->80
[3477.171s][info][gc,metaspace   ] GC(792) Metaspace: 28889K(29312K)->28889K(29312K) NonClass: 24021K(24256K)->24021K(24256K) Class: 4868K(5056K)->4868K(5056K)
[3477.171s][info][gc             ] GC(792) Pause Young (Concurrent Start) (G1 Evacuation Pause) 3562M->1388M(4096M) 115.986ms
[3477.172s][info][gc             ] GC(793) Concurrent Mark Cycle
[3477.172s][info][gc,marking     ] GC(793) Concurrent Scan Root Regions
[3477.172s][info][gc,cpu         ] GC(792) User=0.68s Sys=0.01s Real=0.11s
.[3477.315s][info][gc,marking     ] GC(793) Concurrent Scan Root Regions 143.362ms
[3477.316s][info][gc,marking     ] GC(793) Concurrent Mark
[3477.316s][info][gc,marking     ] GC(793) Concurrent Mark From Roots
[3477.316s][info][gc,task        ] GC(793) Using 2 workers of 2 for marking
[3478.069s][info][gc,marking     ] GC(793) Concurrent Mark From Roots 753.413ms
[3478.069s][info][gc,marking     ] GC(793) Concurrent Preclean
[3478.070s][info][gc,marking     ] GC(793) Concurrent Preclean 0.100ms
[3478.070s][info][gc,start       ] GC(793) Pause Remark
[3478.075s][info][gc             ] GC(793) Pause Remark 2166M->2166M(4096M) 4.703ms
[3478.075s][info][gc,cpu         ] GC(793) User=0.03s Sys=0.00s Real=0.01s
[3478.076s][info][gc,marking     ] GC(793) Concurrent Mark 760.032ms
[3478.076s][info][gc,marking     ] GC(793) Concurrent Rebuild Remembered Sets and Scrub Regions
[3478.315s][info][gc,marking     ] GC(793) Concurrent Rebuild Remembered Sets and Scrub Regions 238.769ms
[3478.315s][info][gc,start       ] GC(793) Pause Cleanup
[3478.315s][info][gc             ] GC(793) Pause Cleanup 2309M->2309M(4096M) 0.098ms
[3478.315s][info][gc,cpu         ] GC(793) User=0.00s Sys=0.00s Real=0.00s
[3478.316s][info][gc,marking     ] GC(793) Concurrent Clear Claimed Marks
[3478.316s][info][gc,marking     ] GC(793) Concurrent Clear Claimed Marks 0.037ms
[3478.316s][info][gc,marking     ] GC(793) Concurrent Cleanup for Next Mark
[3478.321s][info][gc,marking     ] GC(793) Concurrent Cleanup for Next Mark 4.919ms
[3478.321s][info][gc             ] GC(793) Concurrent Mark Cycle 1149.370ms
..[3480.146s][info][gc,start       ] GC(794) Pause Young (Prepare Mixed) (G1 Evacuation Pause)
[3480.146s][info][gc,task        ] GC(794) Using 6 workers of 6 for evacuation
[3480.265s][info][gc,phases      ] GC(794)   Pre Evacuate Collection Set: 0.33ms
[3480.265s][info][gc,phases      ] GC(794)   Merge Heap Roots: 0.48ms
[3480.265s][info][gc,phases      ] GC(794)   Evacuate Collection Set: 116.89ms
[3480.265s][info][gc,phases      ] GC(794)   Post Evacuate Collection Set: 0.91ms
[3480.265s][info][gc,phases      ] GC(794)   Other: 0.09ms
[3480.265s][info][gc,heap        ] GC(794) Eden regions: 1119->0(1103)
[3480.265s][info][gc,heap        ] GC(794) Survivor regions: 109->112(154)
[3480.265s][info][gc,heap        ] GC(794) Old regions: 506->538
[3480.265s][info][gc,heap        ] GC(794) Humongous regions: 80->80
[3480.265s][info][gc,metaspace   ] GC(794) Metaspace: 28889K(29312K)->28889K(29312K) NonClass: 24021K(24256K)->24021K(24256K) Class: 4868K(5056K)->4868K(5056K)
[3480.265s][info][gc             ] GC(794) Pause Young (Prepare Mixed) (G1 Evacuation Pause) 3626M->1457M(4096M) 118.828ms
[3480.265s][info][gc,cpu         ] GC(794) User=0.71s Sys=0.00s Real=0.12s
...[3483.212s][info][gc,start       ] GC(795) Pause Young (Mixed) (G1 Evacuation Pause)
[3483.212s][info][gc,task        ] GC(795) Using 6 workers of 6 for evacuation
[3483.344s][info][gc,phases      ] GC(795)   Pre Evacuate Collection Set: 0.40ms
[3483.344s][info][gc,phases      ] GC(795)   Merge Heap Roots: 0.66ms
[3483.344s][info][gc,phases      ] GC(795)   Evacuate Collection Set: 129.88ms
[3483.344s][info][gc,phases      ] GC(795)   Post Evacuate Collection Set: 0.98ms
[3483.344s][info][gc,phases      ] GC(795)   Other: 0.09ms
[3483.344s][info][gc,heap        ] GC(795) Eden regions: 1103->0(1118)
[3483.344s][info][gc,heap        ] GC(795) Survivor regions: 112->110(152)
[3483.344s][info][gc,heap        ] GC(795) Old regions: 538->474
[3483.344s][info][gc,heap        ] GC(795) Humongous regions: 80->80
[3483.344s][info][gc,metaspace   ] GC(795) Metaspace: 28889K(29312K)->28889K(29312K) NonClass: 24021K(24256K)->24021K(24256K) Class: 4868K(5056K)->4868K(5056K)
[3483.344s][info][gc             ] GC(795) Pause Young (Mixed) (G1 Evacuation Pause) 3663M->1326M(4096M) 132.133ms
[3483.344s][info][gc,cpu         ] GC(795) User=0.78s Sys=0.00s Real=0.14s
....[3486.353s][info][gc,start       ] GC(796) Pause Young (Concurrent Start) (G1 Evacuation Pause)
[3486.354s][info][gc,task        ] GC(796) Using 6 workers of 6 for evacuation
[3486.470s][info][gc,phases      ] GC(796)   Pre Evacuate Collection Set: 0.39ms
[3486.470s][info][gc,phases      ] GC(796)   Merge Heap Roots: 0.45ms
[3486.470s][info][gc,phases      ] GC(796)   Evacuate Collection Set: 114.55ms
[3486.470s][info][gc,phases      ] GC(796)   Post Evacuate Collection Set: 0.89ms
[3486.470s][info][gc,phases      ] GC(796)   Other: 0.10ms
[3486.470s][info][gc,heap        ] GC(796) Eden regions: 1118->0(1119)
[3486.470s][info][gc,heap        ] GC(796) Survivor regions: 110->109(154)
[3486.470s][info][gc,heap        ] GC(796) Old regions: 474->506
[3486.470s][info][gc,heap        ] GC(796) Humongous regions: 80->80
[3486.470s][info][gc,metaspace   ] GC(796) Metaspace: 28889K(29312K)->28889K(29312K) NonClass: 24021K(24256K)->24021K(24256K) Class: 4868K(5056K)->4868K(5056K)
[3486.470s][info][gc             ] GC(796) Pause Young (Concurrent Start) (G1 Evacuation Pause) 3562M->1389M(4096M) 116.506ms
[3486.470s][info][gc             ] GC(797) Concurrent Mark Cycle
[3486.470s][info][gc,marking     ] GC(797) Concurrent Scan Root Regions
[3486.470s][info][gc,cpu         ] GC(796) User=0.68s Sys=0.00s Real=0.12s
[3486.650s][info][gc,marking     ] GC(797) Concurrent Scan Root Regions 180.224ms
[3486.650s][info][gc,marking     ] GC(797) Concurrent Mark
[3486.650s][info][gc,marking     ] GC(797) Concurrent Mark From Roots
[3486.650s][info][gc,task        ] GC(797) Using 2 workers of 2 for marking
.[3487.637s][info][gc,marking     ] GC(797) Concurrent Mark From Roots 986.920ms
[3487.637s][info][gc,marking     ] GC(797) Concurrent Preclean
[3487.637s][info][gc,marking     ] GC(797) Concurrent Preclean 0.099ms
[3487.638s][info][gc,start       ] GC(797) Pause Remark
[3487.642s][info][gc             ] GC(797) Pause Remark 2298M->2298M(4096M) 4.688ms
[3487.642s][info][gc,cpu         ] GC(797) User=0.03s Sys=0.00s Real=0.00s
[3487.642s][info][gc,marking     ] GC(797) Concurrent Mark 992.006ms
[3487.642s][info][gc,marking     ] GC(797) Concurrent Rebuild Remembered Sets and Scrub Regions
[3487.973s][info][gc,marking     ] GC(797) Concurrent Rebuild Remembered Sets and Scrub Regions 330.852ms
[3487.973s][info][gc,start       ] GC(797) Pause Cleanup
[3487.973s][info][gc             ] GC(797) Pause Cleanup 2568M->2568M(4096M) 0.106ms
[3487.974s][info][gc,cpu         ] GC(797) User=0.00s Sys=0.00s Real=0.00s
[3487.974s][info][gc,marking     ] GC(797) Concurrent Clear Claimed Marks
[3487.974s][info][gc,marking     ] GC(797) Concurrent Clear Claimed Marks 0.027ms
[3487.974s][info][gc,marking     ] GC(797) Concurrent Cleanup for Next Mark
[3487.979s][info][gc,marking     ] GC(797) Concurrent Cleanup for Next Mark 5.367ms
[3487.979s][info][gc             ] GC(797) Concurrent Mark Cycle 1509.003ms
..[3489.431s][info][gc,start       ] GC(798) Pause Young (Prepare Mixed) (G1 Evacuation Pause)
[3489.431s][info][gc,task        ] GC(798) Using 6 workers of 6 for evacuation
[3489.549s][info][gc,phases      ] GC(798)   Pre Evacuate Collection Set: 0.33ms
[3489.549s][info][gc,phases      ] GC(798)   Merge Heap Roots: 0.49ms
[3489.549s][info][gc,phases      ] GC(798)   Evacuate Collection Set: 115.90ms
[3489.549s][info][gc,phases      ] GC(798)   Post Evacuate Collection Set: 0.94ms
[3489.549s][info][gc,phases      ] GC(798)   Other: 0.09ms
[3489.549s][info][gc,heap        ] GC(798) Eden regions: 1119->0(1109)
[3489.549s][info][gc,heap        ] GC(798) Survivor regions: 109->109(154)
[3489.549s][info][gc,heap        ] GC(798) Old regions: 506->538
[3489.549s][info][gc,heap        ] GC(798) Humongous regions: 80->80
[3489.549s][info][gc,metaspace   ] GC(798) Metaspace: 28889K(29312K)->28889K(29312K) NonClass: 24021K(24256K)->24021K(24256K) Class: 4868K(5056K)->4868K(5056K)
[3489.549s][info][gc             ] GC(798) Pause Young (Prepare Mixed) (G1 Evacuation Pause) 3627M->1453M(4096M) 117.888ms
[3489.549s][info][gc,cpu         ] GC(798) User=0.69s Sys=0.00s Real=0.12s
...[3492.508s][info][gc,start       ] GC(799) Pause Young (Mixed) (G1 Evacuation Pause)
[3492.508s][info][gc,task        ] GC(799) Using 6 workers of 6 for evacuation
[3492.640s][info][gc,phases      ] GC(799)   Pre Evacuate Collection Set: 0.39ms
[3492.640s][info][gc,phases      ] GC(799)   Merge Heap Roots: 0.66ms
[3492.640s][info][gc,phases      ] GC(799)   Evacuate Collection Set: 130.22ms
[3492.640s][info][gc,phases      ] GC(799)   Post Evacuate Collection Set: 0.94ms
[3492.640s][info][gc,phases      ] GC(799)   Other: 0.09ms
[3492.640s][info][gc,heap        ] GC(799) Eden regions: 1109->0(1118)
[3492.640s][info][gc,heap        ] GC(799) Survivor regions: 109->110(153)
[3492.640s][info][gc,heap        ] GC(799) Old regions: 538->475
[3492.640s][info][gc,heap        ] GC(799) Humongous regions: 80->80
[3492.640s][info][gc,metaspace   ] GC(799) Metaspace: 28889K(29312K)->28889K(29312K) NonClass: 24021K(24256K)->24021K(24256K) Class: 4868K(5056K)->4868K(5056K)
[3492.640s][info][gc             ] GC(799) Pause Young (Mixed) (G1 Evacuation Pause) 3671M->1328M(4096M) 132.428ms
[3492.640s][info][gc,cpu         ] GC(799) User=0.78s Sys=0.00s Real=0.13s
...[3495.593s][info][gc,start       ] GC(800) Pause Young (Concurrent Start) (G1 Evacuation Pause)
[3495.593s][info][gc,task        ] GC(800) Using 6 workers of 6 for evacuation
[3495.712s][info][gc,phases      ] GC(800)   Pre Evacuate Collection Set: 0.40ms
[3495.712s][info][gc,phases      ] GC(800)   Merge Heap Roots: 0.46ms
[3495.712s][info][gc,phases      ] GC(800)   Evacuate Collection Set: 117.57ms
[3495.712s][info][gc,phases      ] GC(800)   Post Evacuate Collection Set: 0.89ms
[3495.712s][info][gc,phases      ] GC(800)   Other: 0.11ms
[3495.712s][info][gc,heap        ] GC(800) Eden regions: 1118->0(1117)
[3495.712s][info][gc,heap        ] GC(800) Survivor regions: 110->111(154)
[3495.712s][info][gc,heap        ] GC(800) Old regions: 475->507
[3495.712s][info][gc,heap        ] GC(800) Humongous regions: 80->80
[3495.712s][info][gc,metaspace   ] GC(800) Metaspace: 28889K(29312K)->28889K(29312K) NonClass: 24021K(24256K)->24021K(24256K) Class: 4868K(5056K)->4868K(5056K)
[3495.712s][info][gc             ] GC(800) Pause Young (Concurrent Start) (G1 Evacuation Pause) 3564M->1393M(4096M) 119.561ms
[3495.712s][info][gc             ] GC(801) Concurrent Mark Cycle
[3495.712s][info][gc,marking     ] GC(801) Concurrent Scan Root Regions
[3495.712s][info][gc,cpu         ] GC(800) User=0.71s Sys=0.00s Real=0.12s
[3495.867s][info][gc,marking     ] GC(801) Concurrent Scan Root Regions 154.794ms
[3495.867s][info][gc,marking     ] GC(801) Concurrent Mark
[3495.867s][info][gc,marking     ] GC(801) Concurrent Mark From Roots
[3495.867s][info][gc,task        ] GC(801) Using 2 workers of 2 for marking
.[3496.453s][info][gc,marking     ] GC(801) Concurrent Mark From Roots 584.260ms
[3496.453s][info][gc,marking     ] GC(801) Concurrent Preclean
[3496.454s][info][gc,marking     ] GC(801) Concurrent Preclean 0.099ms
[3496.455s][info][gc,start       ] GC(801) Pause Remark
[3496.459s][info][gc             ] GC(801) Pause Remark 1959M->1959M(4096M) 4.043ms
[3496.459s][info][gc,cpu         ] GC(801) User=0.02s Sys=0.00s Real=0.00s
[3496.459s][info][gc,marking     ] GC(801) Concurrent Mark 591.629ms
[3496.459s][info][gc,marking     ] GC(801) Concurrent Rebuild Remembered Sets and Scrub Regions
[3496.672s][info][gc,marking     ] GC(801) Concurrent Rebuild Remembered Sets and Scrub Regions 213.112ms
[3496.672s][info][gc,start       ] GC(801) Pause Cleanup
[3496.672s][info][gc             ] GC(801) Pause Cleanup 2161M->2161M(4096M) 0.103ms
[3496.672s][info][gc,cpu         ] GC(801) User=0.00s Sys=0.00s Real=0.00s
[3496.672s][info][gc,marking     ] GC(801) Concurrent Clear Claimed Marks
[3496.672s][info][gc,marking     ] GC(801) Concurrent Clear Claimed Marks 0.024ms
[3496.672s][info][gc,marking     ] GC(801) Concurrent Cleanup for Next Mark
[3496.678s][info][gc,marking     ] GC(801) Concurrent Cleanup for Next Mark 6.040ms
[3496.678s][info][gc             ] GC(801) Concurrent Mark Cycle 966.068ms
..[3498.610s][info][gc,start       ] GC(802) Pause Young (Prepare Mixed) (G1 Evacuation Pause)
[3498.610s][info][gc,task        ] GC(802) Using 6 workers of 6 for evacuation
[3498.733s][info][gc,phases      ] GC(802)   Pre Evacuate Collection Set: 0.32ms
[3498.734s][info][gc,phases      ] GC(802)   Merge Heap Roots: 0.51ms
[3498.734s][info][gc,phases      ] GC(802)   Evacuate Collection Set: 121.69ms
[3498.734s][info][gc,phases      ] GC(802)   Post Evacuate Collection Set: 0.93ms
[3498.734s][info][gc,phases      ] GC(802)   Other: 0.09ms
[3498.734s][info][gc,heap        ] GC(802) Eden regions: 1117->0(1099)
[3498.734s][info][gc,heap        ] GC(802) Survivor regions: 111->114(154)
[3498.734s][info][gc,heap        ] GC(802) Old regions: 507->538
[3498.734s][info][gc,heap        ] GC(802) Humongous regions: 80->80
[3498.734s][info][gc,metaspace   ] GC(802) Metaspace: 28889K(29312K)->28889K(29312K) NonClass: 24021K(24256K)->24021K(24256K) Class: 4868K(5056K)->4868K(5056K)
[3498.734s][info][gc             ] GC(802) Pause Young (Prepare Mixed) (G1 Evacuation Pause) 3627M->1462M(4096M) 123.686ms
[3498.734s][info][gc,cpu         ] GC(802) User=0.73s Sys=0.00s Real=0.13s
...[3501.702s][info][gc,start       ] GC(803) Pause Young (Mixed) (G1 Evacuation Pause)
[3501.702s][info][gc,task        ] GC(803) Using 6 workers of 6 for evacuation
[3501.837s][info][gc,phases      ] GC(803)   Pre Evacuate Collection Set: 0.40ms
[3501.837s][info][gc,phases      ] GC(803)   Merge Heap Roots: 0.68ms
[3501.837s][info][gc,phases      ] GC(803)   Evacuate Collection Set: 132.38ms
[3501.837s][info][gc,phases      ] GC(803)   Post Evacuate Collection Set: 0.95ms
[3501.837s][info][gc,phases      ] GC(803)   Other: 0.09ms
[3501.837s][info][gc,heap        ] GC(803) Eden regions: 1099->0(1116)
[3501.837s][info][gc,heap        ] GC(803) Survivor regions: 114->112(152)
[3501.837s][info][gc,heap        ] GC(803) Old regions: 538->475
[3501.837s][info][gc,heap        ] GC(803) Humongous regions: 80->80
[3501.837s][info][gc,metaspace   ] GC(803) Metaspace: 28889K(29312K)->28889K(29312K) NonClass: 24021K(24256K)->24021K(24256K) Class: 4868K(5056K)->4868K(5056K)
[3501.837s][info][gc             ] GC(803) Pause Young (Mixed) (G1 Evacuation Pause) 3660M->1332M(4096M) 134.633ms
[3501.837s][info][gc,cpu         ] GC(803) User=0.79s Sys=0.00s Real=0.14s
...[3504.801s][info][gc,start       ] GC(804) Pause Young (Concurrent Start) (G1 Evacuation Pause)
[3504.801s][info][gc,task        ] GC(804) Using 6 workers of 6 for evacuation
[3504.917s][info][gc,phases      ] GC(804)   Pre Evacuate Collection Set: 0.39ms
[3504.917s][info][gc,phases      ] GC(804)   Merge Heap Roots: 0.47ms
[3504.917s][info][gc,phases      ] GC(804)   Evacuate Collection Set: 113.47ms
[3504.917s][info][gc,phases      ] GC(804)   Post Evacuate Collection Set: 0.87ms
[3504.917s][info][gc,phases      ] GC(804)   Other: 0.13ms
[3504.917s][info][gc,heap        ] GC(804) Eden regions: 1116->0(1120)
[3504.917s][info][gc,heap        ] GC(804) Survivor regions: 112->108(154)
[3504.917s][info][gc,heap        ] GC(804) Old regions: 475->507
[3504.917s][info][gc,heap        ] GC(804) Humongous regions: 80->80
[3504.917s][info][gc,metaspace   ] GC(804) Metaspace: 28889K(29312K)->28889K(29312K) NonClass: 24021K(24256K)->24021K(24256K) Class: 4868K(5056K)->4868K(5056K)
[3504.917s][info][gc             ] GC(804) Pause Young (Concurrent Start) (G1 Evacuation Pause) 3564M->1387M(4096M) 115.464ms
[3504.917s][info][gc             ] GC(805) Concurrent Mark Cycle
[3504.917s][info][gc,marking     ] GC(805) Concurrent Scan Root Regions
[3504.917s][info][gc,cpu         ] GC(804) User=0.68s Sys=0.00s Real=0.12s
[3505.056s][info][gc,marking     ] GC(805) Concurrent Scan Root Regions 138.779ms
[3505.056s][info][gc,marking     ] GC(805) Concurrent Mark
[3505.056s][info][gc,marking     ] GC(805) Concurrent Mark From Roots
[3505.056s][info][gc,task        ] GC(805) Using 2 workers of 2 for marking
.[3505.727s][info][gc,marking     ] GC(805) Concurrent Mark From Roots 670.957ms
[3505.727s][info][gc,marking     ] GC(805) Concurrent Preclean
[3505.727s][info][gc,marking     ] GC(805) Concurrent Preclean 0.077ms
[3505.728s][info][gc,start       ] GC(805) Pause Remark
[3505.733s][info][gc             ] GC(805) Pause Remark 2029M->2029M(4096M) 5.225ms
[3505.733s][info][gc,cpu         ] GC(805) User=0.03s Sys=0.00s Real=0.00s
[3505.734s][info][gc,marking     ] GC(805) Concurrent Mark 678.138ms
[3505.734s][info][gc,marking     ] GC(805) Concurrent Rebuild Remembered Sets and Scrub Regions
[3505.980s][info][gc,marking     ] GC(805) Concurrent Rebuild Remembered Sets and Scrub Regions 246.245ms
[3505.981s][info][gc,start       ] GC(805) Pause Cleanup
[3505.982s][info][gc             ] GC(805) Pause Cleanup 2206M->2206M(4096M) 0.131ms
[3505.982s][info][gc,cpu         ] GC(805) User=0.00s Sys=0.00s Real=0.00s
[3505.982s][info][gc,marking     ] GC(805) Concurrent Clear Claimed Marks
[3505.982s][info][gc,marking     ] GC(805) Concurrent Clear Claimed Marks 0.028ms
[3505.982s][info][gc,marking     ] GC(805) Concurrent Cleanup for Next Mark
[3505.986s][info][gc,marking     ] GC(805) Concurrent Cleanup for Next Mark 4.558ms
[3505.986s][info][gc             ] GC(805) Concurrent Mark Cycle 1069.452ms
..[3507.927s][info][gc,start       ] GC(806) Pause Young (Prepare Mixed) (G1 Evacuation Pause)
[3507.927s][info][gc,task        ] GC(806) Using 6 workers of 6 for evacuation
[3508.043s][info][gc,phases      ] GC(806)   Pre Evacuate Collection Set: 0.35ms
[3508.043s][info][gc,phases      ] GC(806)   Merge Heap Roots: 0.50ms
[3508.043s][info][gc,phases      ] GC(806)   Evacuate Collection Set: 114.57ms
[3508.043s][info][gc,phases      ] GC(806)   Post Evacuate Collection Set: 0.91ms
[3508.043s][info][gc,phases      ] GC(806)   Other: 0.09ms
[3508.043s][info][gc,heap        ] GC(806) Eden regions: 1120->0(1110)
[3508.043s][info][gc,heap        ] GC(806) Survivor regions: 108->108(154)
[3508.043s][info][gc,heap        ] GC(806) Old regions: 507->539
[3508.043s][info][gc,heap        ] GC(806) Humongous regions: 80->80
[3508.043s][info][gc,metaspace   ] GC(806) Metaspace: 28889K(29312K)->28889K(29312K) NonClass: 24021K(24256K)->24021K(24256K) Class: 4868K(5056K)->4868K(5056K)
[3508.043s][info][gc             ] GC(806) Pause Young (Prepare Mixed) (G1 Evacuation Pause) 3627M->1452M(4096M) 116.550ms
[3508.043s][info][gc,cpu         ] GC(806) User=0.69s Sys=0.00s Real=0.11s
...[3510.969s][info][gc,start       ] GC(807) Pause Young (Mixed) (G1 Evacuation Pause)
[3510.970s][info][gc,task        ] GC(807) Using 6 workers of 6 for evacuation
[3511.105s][info][gc,phases      ] GC(807)   Pre Evacuate Collection Set: 0.38ms
[3511.105s][info][gc,phases      ] GC(807)   Merge Heap Roots: 0.72ms
[3511.105s][info][gc,phases      ] GC(807)   Evacuate Collection Set: 132.90ms
[3511.105s][info][gc,phases      ] GC(807)   Post Evacuate Collection Set: 0.96ms
[3511.105s][info][gc,phases      ] GC(807)   Other: 0.10ms
[3511.105s][info][gc,heap        ] GC(807) Eden regions: 1110->0(1118)
[3511.105s][info][gc,heap        ] GC(807) Survivor regions: 108->110(153)
[3511.105s][info][gc,heap        ] GC(807) Old regions: 539->476
[3511.105s][info][gc,heap        ] GC(807) Humongous regions: 80->80
[3511.105s][info][gc,metaspace   ] GC(807) Metaspace: 28889K(29312K)->28889K(29312K) NonClass: 24021K(24256K)->24021K(24256K) Class: 4868K(5056K)->4868K(5056K)
[3511.105s][info][gc             ] GC(807) Pause Young (Mixed) (G1 Evacuation Pause) 3672M->1331M(4096M) 135.194ms
[3511.105s][info][gc,cpu         ] GC(807) User=0.79s Sys=0.01s Real=0.14s
...[3514.088s][info][gc,start       ] GC(808) Pause Young (Concurrent Start) (G1 Evacuation Pause)
[3514.088s][info][gc,task        ] GC(808) Using 6 workers of 6 for evacuation
[3514.207s][info][gc,phases      ] GC(808)   Pre Evacuate Collection Set: 0.42ms
[3514.207s][info][gc,phases      ] GC(808)   Merge Heap Roots: 0.54ms
[3514.207s][info][gc,phases      ] GC(808)   Evacuate Collection Set: 116.93ms
[3514.207s][info][gc,phases      ] GC(808)   Post Evacuate Collection Set: 0.93ms
[3514.207s][info][gc,phases      ] GC(808)   Other: 0.13ms
[3514.207s][info][gc,heap        ] GC(808) Eden regions: 1118->0(1117)
[3514.207s][info][gc,heap        ] GC(808) Survivor regions: 110->111(154)
[3514.207s][info][gc,heap        ] GC(808) Old regions: 476->508
[3514.207s][info][gc,heap        ] GC(808) Humongous regions: 80->80
[3514.207s][info][gc,metaspace   ] GC(808) Metaspace: 28889K(29312K)->28889K(29312K) NonClass: 24021K(24256K)->24021K(24256K) Class: 4868K(5056K)->4868K(5056K)
[3514.207s][info][gc             ] GC(808) Pause Young (Concurrent Start) (G1 Evacuation Pause) 3567M->1396M(4096M) 119.100ms
[3514.207s][info][gc             ] GC(809) Concurrent Mark Cycle
[3514.207s][info][gc,marking     ] GC(809) Concurrent Scan Root Regions
[3514.207s][info][gc,cpu         ] GC(808) User=0.70s Sys=0.00s Real=0.12s
[3514.341s][info][gc,marking     ] GC(809) Concurrent Scan Root Regions 134.476ms
[3514.341s][info][gc,marking     ] GC(809) Concurrent Mark
[3514.341s][info][gc,marking     ] GC(809) Concurrent Mark From Roots
[3514.341s][info][gc,task        ] GC(809) Using 2 workers of 2 for marking
.[3514.904s][info][gc,marking     ] GC(809) Concurrent Mark From Roots 562.813ms
[3514.904s][info][gc,marking     ] GC(809) Concurrent Preclean
[3514.904s][info][gc,marking     ] GC(809) Concurrent Preclean 0.149ms
[3514.907s][info][gc,start       ] GC(809) Pause Remark
[3514.911s][info][gc             ] GC(809) Pause Remark 1922M->1922M(4096M) 4.357ms
[3514.911s][info][gc,cpu         ] GC(809) User=0.02s Sys=0.01s Real=0.00s
[3514.912s][info][gc,marking     ] GC(809) Concurrent Mark 570.237ms
[3514.912s][info][gc,marking     ] GC(809) Concurrent Rebuild Remembered Sets and Scrub Regions
[3515.275s][info][gc,marking     ] GC(809) Concurrent Rebuild Remembered Sets and Scrub Regions 363.361ms
[3515.275s][info][gc,start       ] GC(809) Pause Cleanup
[3515.275s][info][gc             ] GC(809) Pause Cleanup 2245M->2245M(4096M) 0.105ms
[3515.275s][info][gc,cpu         ] GC(809) User=0.00s Sys=0.00s Real=0.00s
[3515.275s][info][gc,marking     ] GC(809) Concurrent Clear Claimed Marks
[3515.275s][info][gc,marking     ] GC(809) Concurrent Clear Claimed Marks 0.025ms
[3515.275s][info][gc,marking     ] GC(809) Concurrent Cleanup for Next Mark
[3515.280s][info][gc,marking     ] GC(809) Concurrent Cleanup for Next Mark 5.094ms
[3515.281s][info][gc             ] GC(809) Concurrent Mark Cycle 1073.688ms
..[3517.229s][info][gc,start       ] GC(810) Pause Young (Prepare Mixed) (G1 Evacuation Pause)
[3517.229s][info][gc,task        ] GC(810) Using 6 workers of 6 for evacuation
[3517.353s][info][gc,phases      ] GC(810)   Pre Evacuate Collection Set: 0.32ms
[3517.353s][info][gc,phases      ] GC(810)   Merge Heap Roots: 0.51ms
[3517.353s][info][gc,phases      ] GC(810)   Evacuate Collection Set: 122.36ms
[3517.353s][info][gc,phases      ] GC(810)   Post Evacuate Collection Set: 0.93ms
[3517.353s][info][gc,phases      ] GC(810)   Other: 0.08ms
[3517.353s][info][gc,heap        ] GC(810) Eden regions: 1117->0(1094)
[3517.353s][info][gc,heap        ] GC(810) Survivor regions: 111->116(154)
[3517.353s][info][gc,heap        ] GC(810) Old regions: 508->539
[3517.353s][info][gc,heap        ] GC(810) Humongous regions: 80->80
[3517.353s][info][gc,metaspace   ] GC(810) Metaspace: 28889K(29312K)->28889K(29312K) NonClass: 24021K(24256K)->24021K(24256K) Class: 4868K(5056K)->4868K(5056K)
[3517.353s][info][gc             ] GC(810) Pause Young (Prepare Mixed) (G1 Evacuation Pause) 3630M->1468M(4096M) 124.334ms
[3517.353s][info][gc,cpu         ] GC(810) User=0.74s Sys=0.00s Real=0.12s
...[3520.183s][info][gc,start       ] GC(811) Pause Young (Mixed) (G1 Evacuation Pause)
[3520.183s][info][gc,task        ] GC(811) Using 6 workers of 6 for evacuation
[3520.317s][info][gc,phases      ] GC(811)   Pre Evacuate Collection Set: 0.37ms
[3520.317s][info][gc,phases      ] GC(811)   Merge Heap Roots: 0.70ms
[3520.317s][info][gc,phases      ] GC(811)   Evacuate Collection Set: 132.28ms
[3520.317s][info][gc,phases      ] GC(811)   Post Evacuate Collection Set: 0.89ms
[3520.317s][info][gc,phases      ] GC(811)   Other: 0.09ms
[3520.317s][info][gc,heap        ] GC(811) Eden regions: 1094->0(1119)
[3520.317s][info][gc,heap        ] GC(811) Survivor regions: 116->109(152)
[3520.317s][info][gc,heap        ] GC(811) Old regions: 539->475
[3520.317s][info][gc,heap        ] GC(811) Humongous regions: 80->80
[3520.317s][info][gc,metaspace   ] GC(811) Metaspace: 28889K(29312K)->28889K(29312K) NonClass: 24021K(24256K)->24021K(24256K) Class: 4868K(5056K)->4868K(5056K)
[3520.317s][info][gc             ] GC(811) Pause Young (Mixed) (G1 Evacuation Pause) 3656M->1326M(4096M) 134.449ms
[3520.317s][info][gc,cpu         ] GC(811) User=0.79s Sys=0.00s Real=0.14s
...[3523.299s][info][gc,start       ] GC(812) Pause Young (Concurrent Start) (G1 Evacuation Pause)
[3523.299s][info][gc,task        ] GC(812) Using 6 workers of 6 for evacuation
[3523.416s][info][gc,phases      ] GC(812)   Pre Evacuate Collection Set: 0.40ms
[3523.416s][info][gc,phases      ] GC(812)   Merge Heap Roots: 0.43ms
[3523.416s][info][gc,phases      ] GC(812)   Evacuate Collection Set: 114.85ms
[3523.416s][info][gc,phases      ] GC(812)   Post Evacuate Collection Set: 0.88ms
[3523.416s][info][gc,phases      ] GC(812)   Other: 0.13ms
[3523.416s][info][gc,heap        ] GC(812) Eden regions: 1119->0(1120)
[3523.416s][info][gc,heap        ] GC(812) Survivor regions: 109->108(154)
[3523.416s][info][gc,heap        ] GC(812) Old regions: 475->508
[3523.416s][info][gc,heap        ] GC(812) Humongous regions: 80->80
[3523.416s][info][gc,metaspace   ] GC(812) Metaspace: 28889K(29312K)->28889K(29312K) NonClass: 24021K(24256K)->24021K(24256K) Class: 4868K(5056K)->4868K(5056K)
[3523.416s][info][gc             ] GC(812) Pause Young (Concurrent Start) (G1 Evacuation Pause) 3564M->1390M(4096M) 116.828ms
[3523.416s][info][gc             ] GC(813) Concurrent Mark Cycle
[3523.416s][info][gc,marking     ] GC(813) Concurrent Scan Root Regions
[3523.416s][info][gc,cpu         ] GC(812) User=0.69s Sys=0.00s Real=0.12s
.[3523.531s][info][gc,marking     ] GC(813) Concurrent Scan Root Regions 115.309ms
[3523.531s][info][gc,marking     ] GC(813) Concurrent Mark
[3523.531s][info][gc,marking     ] GC(813) Concurrent Mark From Roots
[3523.531s][info][gc,task        ] GC(813) Using 2 workers of 2 for marking
 (rIR:aIR:PR = 6088:6072:6072) (tPR = 90399) [OK] 
  3523s: Performance info:
         Transaction,    Success,    Partial,     Failed,   Receipts, AvgBarcode, 
             Overall,     366446,          0,          0,     348133,      59.47, 
         Response times:
             Request,    Success,    Partial,     Failed,   SkipFail,     Probes,    Samples,      min,      p50,      p90,      p95,      p99,      max, 
       TotalPurchase,     348122,          0,          0,          0,     341943,     383141,      300,     5100,    27000,    68000,   194000,   326000,
     InStorePurchase,     183149,          0,          0,          0,     180246,     201623,      300,     5100,    27000,    69000,   196000,   326000,
      OnlinePurchase,     128322,          0,          0,          0,     126224,     141224,      300,     5100,    26000,    67000,   193000,   324000,
        InstPurchase,      36651,          0,          0,          0,      35473,      40294,      400,     5100,    28000,    67000,   178000,   308000,
          AssocOfCat,        363,          0,          0,          0,        284,        393,    24000,    35000,    73000,   151100,   262300,   315000,
      AssocOfProduct,       3657,          0,          0,          0,       3326,       3945,      600,     4100,    19580,    61000,   191000,   313000,
      BusinessReport,        919,          0,          0,          0,        783,        969,    25000,    38000,    88000,   147500,   276000,   299000,
          CustBuyBeh,       3658,          0,          0,          0,       3375,       4002,      500,     5800,    29000,    70000,   205000,   312000,
       ProductReturn,       9716,          0,          0,          0,       9200,      10710,      200,     4800,    24000,    62000,   174890,   254000,

  3523s: (45%)   IR =   6227 [3524.088s][info][gc,marking     ] GC(813) Concurrent Mark From Roots 557.007ms
[3524.088s][info][gc,marking     ] GC(813) Concurrent Preclean
[3524.088s][info][gc,marking     ] GC(813) Concurrent Preclean 0.098ms
[3524.089s][info][gc,start       ] GC(813) Pause Remark
[3524.092s][info][gc             ] GC(813) Pause Remark 1824M->1824M(4096M) 3.509ms
[3524.092s][info][gc,cpu         ] GC(813) User=0.02s Sys=0.00s Real=0.00s
[3524.093s][info][gc,marking     ] GC(813) Concurrent Mark 561.344ms
[3524.093s][info][gc,marking     ] GC(813) Concurrent Rebuild Remembered Sets and Scrub Regions
[3524.341s][info][gc,marking     ] GC(813) Concurrent Rebuild Remembered Sets and Scrub Regions 248.570ms
[3524.341s][info][gc,start       ] GC(813) Pause Cleanup
[3524.341s][info][gc             ] GC(813) Pause Cleanup 2013M->2013M(4096M) 0.105ms
[3524.341s][info][gc,cpu         ] GC(813) User=0.00s Sys=0.00s Real=0.00s
[3524.341s][info][gc,marking     ] GC(813) Concurrent Clear Claimed Marks
[3524.341s][info][gc,marking     ] GC(813) Concurrent Clear Claimed Marks 0.029ms
[3524.341s][info][gc,marking     ] GC(813) Concurrent Cleanup for Next Mark
[3524.346s][info][gc,marking     ] GC(813) Concurrent Cleanup for Next Mark 4.410ms
[3524.346s][info][gc             ] GC(813) Concurrent Mark Cycle 930.182ms
..[3526.477s][info][gc,start       ] GC(814) Pause Young (Prepare Mixed) (G1 Evacuation Pause)
[3526.477s][info][gc,task        ] GC(814) Using 6 workers of 6 for evacuation
[3526.597s][info][gc,phases      ] GC(814)   Pre Evacuate Collection Set: 0.34ms
[3526.597s][info][gc,phases      ] GC(814)   Merge Heap Roots: 0.48ms
[3526.597s][info][gc,phases      ] GC(814)   Evacuate Collection Set: 118.45ms
[3526.597s][info][gc,phases      ] GC(814)   Post Evacuate Collection Set: 1.02ms
[3526.597s][info][gc,phases      ] GC(814)   Other: 0.09ms
[3526.597s][info][gc,heap        ] GC(814) Eden regions: 1120->0(1102)
[3526.597s][info][gc,heap        ] GC(814) Survivor regions: 108->112(154)
[3526.597s][info][gc,heap        ] GC(814) Old regions: 508->539
[3526.597s][info][gc,heap        ] GC(814) Humongous regions: 80->80
[3526.597s][info][gc,metaspace   ] GC(814) Metaspace: 28889K(29312K)->28889K(29312K) NonClass: 24021K(24256K)->24021K(24256K) Class: 4868K(5056K)->4868K(5056K)
[3526.597s][info][gc             ] GC(814) Pause Young (Prepare Mixed) (G1 Evacuation Pause) 3630M->1460M(4096M) 120.508ms
[3526.597s][info][gc,cpu         ] GC(814) User=0.72s Sys=0.00s Real=0.12s
...[3529.502s][info][gc,start       ] GC(815) Pause Young (Mixed) (G1 Evacuation Pause)
[3529.502s][info][gc,task        ] GC(815) Using 6 workers of 6 for evacuation
[3529.633s][info][gc,phases      ] GC(815)   Pre Evacuate Collection Set: 0.38ms
[3529.633s][info][gc,phases      ] GC(815)   Merge Heap Roots: 0.62ms
[3529.633s][info][gc,phases      ] GC(815)   Evacuate Collection Set: 129.05ms
[3529.633s][info][gc,phases      ] GC(815)   Post Evacuate Collection Set: 1.00ms
[3529.633s][info][gc,phases      ] GC(815)   Other: 0.09ms
[3529.633s][info][gc,heap        ] GC(815) Eden regions: 1102->0(1118)
[3529.633s][info][gc,heap        ] GC(815) Survivor regions: 112->110(152)
[3529.633s][info][gc,heap        ] GC(815) Old regions: 539->476
[3529.633s][info][gc,heap        ] GC(815) Humongous regions: 80->80
[3529.633s][info][gc,metaspace   ] GC(815) Metaspace: 28889K(29312K)->28889K(29312K) NonClass: 24021K(24256K)->24021K(24256K) Class: 4868K(5056K)->4868K(5056K)
[3529.633s][info][gc             ] GC(815) Pause Young (Mixed) (G1 Evacuation Pause) 3664M->1330M(4096M) 131.262ms
[3529.633s][info][gc,cpu         ] GC(815) User=0.78s Sys=0.00s Real=0.13s
...[3532.508s][info][gc,start       ] GC(816) Pause Young (Concurrent Start) (G1 Evacuation Pause)
[3532.508s][info][gc,task        ] GC(816) Using 6 workers of 6 for evacuation
[3532.625s][info][gc,phases      ] GC(816)   Pre Evacuate Collection Set: 0.38ms
[3532.625s][info][gc,phases      ] GC(816)   Merge Heap Roots: 0.47ms
[3532.625s][info][gc,phases      ] GC(816)   Evacuate Collection Set: 115.63ms
[3532.625s][info][gc,phases      ] GC(816)   Post Evacuate Collection Set: 0.89ms
[3532.625s][info][gc,phases      ] GC(816)   Other: 0.10ms
[3532.625s][info][gc,heap        ] GC(816) Eden regions: 1118->0(1119)
[3532.625s][info][gc,heap        ] GC(816) Survivor regions: 110->109(154)
[3532.625s][info][gc,heap        ] GC(816) Old regions: 476->509
[3532.625s][info][gc,heap        ] GC(816) Humongous regions: 80->80
[3532.625s][info][gc,metaspace   ] GC(816) Metaspace: 28889K(29312K)->28889K(29312K) NonClass: 24021K(24256K)->24021K(24256K) Class: 4868K(5056K)->4868K(5056K)
[3532.625s][info][gc             ] GC(816) Pause Young (Concurrent Start) (G1 Evacuation Pause) 3566M->1394M(4096M) 117.607ms
[3532.625s][info][gc             ] GC(817) Concurrent Mark Cycle
[3532.625s][info][gc,marking     ] GC(817) Concurrent Scan Root Regions
[3532.625s][info][gc,cpu         ] GC(816) User=0.70s Sys=0.00s Real=0.12s
.|[3532.766s][info][gc,marking     ] GC(817) Concurrent Scan Root Regions 140.101ms
[3532.766s][info][gc,marking     ] GC(817) Concurrent Mark
[3532.766s][info][gc,marking     ] GC(817) Concurrent Mark From Roots
[3532.766s][info][gc,task        ] GC(817) Using 2 workers of 2 for marking
[3533.444s][info][gc,marking     ] GC(817) Concurrent Mark From Roots 678.648ms
[3533.444s][info][gc,marking     ] GC(817) Concurrent Preclean
[3533.444s][info][gc,marking     ] GC(817) Concurrent Preclean 0.099ms
[3533.444s][info][gc,start       ] GC(817) Pause Remark
[3533.450s][info][gc             ] GC(817) Pause Remark 2060M->2060M(4096M) 5.040ms
[3533.460s][info][gc,cpu         ] GC(817) User=0.02s Sys=0.00s Real=0.00s
[3533.460s][info][gc,marking     ] GC(817) Concurrent Mark 694.152ms
[3533.460s][info][gc,marking     ] GC(817) Concurrent Rebuild Remembered Sets and Scrub Regions
.[3533.706s][info][gc,marking     ] GC(817) Concurrent Rebuild Remembered Sets and Scrub Regions 246.464ms
[3533.706s][info][gc,start       ] GC(817) Pause Cleanup
[3533.706s][info][gc             ] GC(817) Pause Cleanup 2241M->2241M(4096M) 0.112ms
[3533.707s][info][gc,cpu         ] GC(817) User=0.00s Sys=0.00s Real=0.00s
[3533.707s][info][gc,marking     ] GC(817) Concurrent Clear Claimed Marks
[3533.707s][info][gc,marking     ] GC(817) Concurrent Clear Claimed Marks 0.029ms
[3533.707s][info][gc,marking     ] GC(817) Concurrent Cleanup for Next Mark
[3533.711s][info][gc,marking     ] GC(817) Concurrent Cleanup for Next Mark 4.534ms
[3533.711s][info][gc             ] GC(817) Concurrent Mark Cycle 1085.772ms
.[3535.560s][info][gc,start       ] GC(818) Pause Young (Prepare Mixed) (G1 Evacuation Pause)
[3535.561s][info][gc,task        ] GC(818) Using 6 workers of 6 for evacuation
[3535.678s][info][gc,phases      ] GC(818)   Pre Evacuate Collection Set: 0.33ms
[3535.678s][info][gc,phases      ] GC(818)   Merge Heap Roots: 0.49ms
[3535.678s][info][gc,phases      ] GC(818)   Evacuate Collection Set: 115.99ms
[3535.678s][info][gc,phases      ] GC(818)   Post Evacuate Collection Set: 0.92ms
[3535.678s][info][gc,phases      ] GC(818)   Other: 0.08ms
[3535.678s][info][gc,heap        ] GC(818) Eden regions: 1119->0(1105)
[3535.678s][info][gc,heap        ] GC(818) Survivor regions: 109->110(154)
[3535.678s][info][gc,heap        ] GC(818) Old regions: 509->540
[3535.678s][info][gc,heap        ] GC(818) Humongous regions: 80->80
[3535.678s][info][gc,metaspace   ] GC(818) Metaspace: 28889K(29312K)->28889K(29312K) NonClass: 24021K(24256K)->24021K(24256K) Class: 4868K(5056K)->4868K(5056K)
[3535.678s][info][gc             ] GC(818) Pause Young (Prepare Mixed) (G1 Evacuation Pause) 3632M->1458M(4096M) 117.944ms
[3535.678s][info][gc,cpu         ] GC(818) User=0.69s Sys=0.00s Real=0.12s
...[3538.480s][info][gc,start       ] GC(819) Pause Young (Mixed) (G1 Evacuation Pause)
[3538.480s][info][gc,task        ] GC(819) Using 6 workers of 6 for evacuation
[3538.614s][info][gc,phases      ] GC(819)   Pre Evacuate Collection Set: 0.36ms
[3538.614s][info][gc,phases      ] GC(819)   Merge Heap Roots: 0.66ms
[3538.614s][info][gc,phases      ] GC(819)   Evacuate Collection Set: 131.91ms
[3538.614s][info][gc,phases      ] GC(819)   Post Evacuate Collection Set: 0.95ms
[3538.614s][info][gc,phases      ] GC(819)   Other: 0.09ms
[3538.614s][info][gc,heap        ] GC(819) Eden regions: 1105->0(1117)
[3538.614s][info][gc,heap        ] GC(819) Survivor regions: 110->111(152)
[3538.614s][info][gc,heap        ] GC(819) Old regions: 540->476
[3538.614s][info][gc,heap        ] GC(819) Humongous regions: 80->80
[3538.614s][info][gc,metaspace   ] GC(819) Metaspace: 28889K(29312K)->28889K(29312K) NonClass: 24021K(24256K)->24021K(24256K) Class: 4868K(5056K)->4868K(5056K)
[3538.614s][info][gc             ] GC(819) Pause Young (Mixed) (G1 Evacuation Pause) 3668M->1332M(4096M) 134.102ms
[3538.614s][info][gc,cpu         ] GC(819) User=0.79s Sys=0.00s Real=0.14s
...[3541.521s][info][gc,start       ] GC(820) Pause Young (Concurrent Start) (G1 Evacuation Pause)
[3541.521s][info][gc,task        ] GC(820) Using 6 workers of 6 for evacuation
[3541.639s][info][gc,phases      ] GC(820)   Pre Evacuate Collection Set: 0.43ms
[3541.639s][info][gc,phases      ] GC(820)   Merge Heap Roots: 0.52ms
[3541.639s][info][gc,phases      ] GC(820)   Evacuate Collection Set: 115.91ms
[3541.639s][info][gc,phases      ] GC(820)   Post Evacuate Collection Set: 0.88ms
[3541.639s][info][gc,phases      ] GC(820)   Other: 0.14ms
[3541.639s][info][gc,heap        ] GC(820) Eden regions: 1117->0(1119)
[3541.639s][info][gc,heap        ] GC(820) Survivor regions: 111->109(154)
[3541.639s][info][gc,heap        ] GC(820) Old regions: 476->509
[3541.639s][info][gc,heap        ] GC(820) Humongous regions: 80->80
[3541.639s][info][gc,metaspace   ] GC(820) Metaspace: 28889K(29312K)->28889K(29312K) NonClass: 24021K(24256K)->24021K(24256K) Class: 4868K(5056K)->4868K(5056K)
[3541.639s][info][gc             ] GC(820) Pause Young (Concurrent Start) (G1 Evacuation Pause) 3566M->1393M(4096M) 118.039ms
[3541.639s][info][gc             ] GC(821) Concurrent Mark Cycle
[3541.639s][info][gc,marking     ] GC(821) Concurrent Scan Root Regions
[3541.639s][info][gc,cpu         ] GC(820) User=0.70s Sys=0.00s Real=0.12s
.[3541.783s][info][gc,marking     ] GC(821) Concurrent Scan Root Regions 143.671ms
[3541.783s][info][gc,marking     ] GC(821) Concurrent Mark
[3541.783s][info][gc,marking     ] GC(821) Concurrent Mark From Roots
[3541.783s][info][gc,task        ] GC(821) Using 2 workers of 2 for marking
[3542.497s][info][gc,marking     ] GC(821) Concurrent Mark From Roots 713.879ms
[3542.497s][info][gc,marking     ] GC(821) Concurrent Preclean
[3542.497s][info][gc,marking     ] GC(821) Concurrent Preclean 0.105ms
[3542.497s][info][gc,start       ] GC(821) Pause Remark
[3542.502s][info][gc             ] GC(821) Pause Remark 2108M->2108M(4096M) 5.477ms
[3542.502s][info][gc,cpu         ] GC(821) User=0.04s Sys=0.00s Real=0.00s
[3542.503s][info][gc,marking     ] GC(821) Concurrent Mark 720.366ms
[3542.503s][info][gc,marking     ] GC(821) Concurrent Rebuild Remembered Sets and Scrub Regions
.[3542.751s][info][gc,marking     ] GC(821) Concurrent Rebuild Remembered Sets and Scrub Regions 248.115ms
[3542.751s][info][gc,start       ] GC(821) Pause Cleanup
[3542.751s][info][gc             ] GC(821) Pause Cleanup 2269M->2269M(4096M) 0.106ms
[3542.751s][info][gc,cpu         ] GC(821) User=0.00s Sys=0.00s Real=0.00s
[3542.751s][info][gc,marking     ] GC(821) Concurrent Clear Claimed Marks
[3542.751s][info][gc,marking     ] GC(821) Concurrent Clear Claimed Marks 0.022ms
[3542.751s][info][gc,marking     ] GC(821) Concurrent Cleanup for Next Mark
[3542.755s][info][gc,marking     ] GC(821) Concurrent Cleanup for Next Mark 3.504ms
[3542.755s][info][gc             ] GC(821) Concurrent Mark Cycle 1116.153ms
.[3544.533s][info][gc,start       ] GC(822) Pause Young (Prepare Mixed) (G1 Evacuation Pause)
[3544.533s][info][gc,task        ] GC(822) Using 6 workers of 6 for evacuation
[3544.650s][info][gc,phases      ] GC(822)   Pre Evacuate Collection Set: 0.33ms
[3544.650s][info][gc,phases      ] GC(822)   Merge Heap Roots: 0.49ms
[3544.650s][info][gc,phases      ] GC(822)   Evacuate Collection Set: 115.30ms
[3544.650s][info][gc,phases      ] GC(822)   Post Evacuate Collection Set: 0.92ms
[3544.650s][info][gc,phases      ] GC(822)   Other: 0.09ms
[3544.650s][info][gc,heap        ] GC(822) Eden regions: 1119->0(1105)
[3544.650s][info][gc,heap        ] GC(822) Survivor regions: 109->110(154)
[3544.650s][info][gc,heap        ] GC(822) Old regions: 509->540
[3544.650s][info][gc,heap        ] GC(822) Humongous regions: 80->80
[3544.650s][info][gc,metaspace   ] GC(822) Metaspace: 28889K(29312K)->28889K(29312K) NonClass: 24021K(24256K)->24021K(24256K) Class: 4868K(5056K)->4868K(5056K)
[3544.650s][info][gc             ] GC(822) Pause Young (Prepare Mixed) (G1 Evacuation Pause) 3631M->1458M(4096M) 117.266ms
[3544.650s][info][gc,cpu         ] GC(822) User=0.69s Sys=0.00s Real=0.12s
...[3547.570s][info][gc,start       ] GC(823) Pause Young (Mixed) (G1 Evacuation Pause)
[3547.570s][info][gc,task        ] GC(823) Using 6 workers of 6 for evacuation
[3547.704s][info][gc,phases      ] GC(823)   Pre Evacuate Collection Set: 0.37ms
[3547.704s][info][gc,phases      ] GC(823)   Merge Heap Roots: 0.63ms
[3547.704s][info][gc,phases      ] GC(823)   Evacuate Collection Set: 132.04ms
[3547.704s][info][gc,phases      ] GC(823)   Post Evacuate Collection Set: 0.94ms
[3547.704s][info][gc,phases      ] GC(823)   Other: 0.08ms
[3547.704s][info][gc,heap        ] GC(823) Eden regions: 1105->0(1117)
[3547.704s][info][gc,heap        ] GC(823) Survivor regions: 110->111(152)
[3547.704s][info][gc,heap        ] GC(823) Old regions: 540->476
[3547.704s][info][gc,heap        ] GC(823) Humongous regions: 80->80
[3547.704s][info][gc,metaspace   ] GC(823) Metaspace: 28889K(29312K)->28889K(29312K) NonClass: 24021K(24256K)->24021K(24256K) Class: 4868K(5056K)->4868K(5056K)
[3547.704s][info][gc             ] GC(823) Pause Young (Mixed) (G1 Evacuation Pause) 3668M->1331M(4096M) 134.236ms
[3547.704s][info][gc,cpu         ] GC(823) User=0.79s Sys=0.00s Real=0.14s
...[3550.548s][info][gc,start       ] GC(824) Pause Young (Concurrent Start) (G1 Evacuation Pause)
[3550.548s][info][gc,task        ] GC(824) Using 6 workers of 6 for evacuation
[3550.669s][info][gc,phases      ] GC(824)   Pre Evacuate Collection Set: 0.36ms
[3550.670s][info][gc,phases      ] GC(824)   Merge Heap Roots: 0.49ms
[3550.670s][info][gc,phases      ] GC(824)   Evacuate Collection Set: 119.54ms
[3550.670s][info][gc,phases      ] GC(824)   Post Evacuate Collection Set: 0.95ms
[3550.670s][info][gc,phases      ] GC(824)   Other: 0.12ms
[3550.670s][info][gc,heap        ] GC(824) Eden regions: 1117->0(1116)
[3550.670s][info][gc,heap        ] GC(824) Survivor regions: 111->112(154)
[3550.670s][info][gc,heap        ] GC(824) Old regions: 476->508
[3550.670s][info][gc,heap        ] GC(824) Humongous regions: 80->80
[3550.670s][info][gc,metaspace   ] GC(824) Metaspace: 28889K(29312K)->28889K(29312K) NonClass: 24021K(24256K)->24021K(24256K) Class: 4868K(5056K)->4868K(5056K)
[3550.670s][info][gc             ] GC(824) Pause Young (Concurrent Start) (G1 Evacuation Pause) 3565M->1398M(4096M) 121.617ms
[3550.670s][info][gc             ] GC(825) Concurrent Mark Cycle
[3550.670s][info][gc,marking     ] GC(825) Concurrent Scan Root Regions
[3550.670s][info][gc,cpu         ] GC(824) User=0.71s Sys=0.00s Real=0.12s
.[3550.854s][info][gc,marking     ] GC(825) Concurrent Scan Root Regions 184.112ms
[3550.854s][info][gc,marking     ] GC(825) Concurrent Mark
[3550.854s][info][gc,marking     ] GC(825) Concurrent Mark From Roots
[3550.854s][info][gc,task        ] GC(825) Using 2 workers of 2 for marking
.[3551.810s][info][gc,marking     ] GC(825) Concurrent Mark From Roots 955.786ms
[3551.810s][info][gc,marking     ] GC(825) Concurrent Preclean
[3551.810s][info][gc,marking     ] GC(825) Concurrent Preclean 0.149ms
[3551.811s][info][gc,start       ] GC(825) Pause Remark
[3551.817s][info][gc             ] GC(825) Pause Remark 2292M->2292M(4096M) 5.872ms
[3551.817s][info][gc,cpu         ] GC(825) User=0.03s Sys=0.00s Real=0.01s
[3551.818s][info][gc,marking     ] GC(825) Concurrent Mark 964.171ms
[3551.818s][info][gc,marking     ] GC(825) Concurrent Rebuild Remembered Sets and Scrub Regions
[3552.134s][info][gc,marking     ] GC(825) Concurrent Rebuild Remembered Sets and Scrub Regions 315.569ms
[3552.134s][info][gc,start       ] GC(825) Pause Cleanup
[3552.134s][info][gc             ] GC(825) Pause Cleanup 2540M->2540M(4096M) 0.113ms
[3552.134s][info][gc,cpu         ] GC(825) User=0.00s Sys=0.00s Real=0.00s
[3552.134s][info][gc,marking     ] GC(825) Concurrent Clear Claimed Marks
[3552.134s][info][gc,marking     ] GC(825) Concurrent Clear Claimed Marks 0.030ms
[3552.134s][info][gc,marking     ] GC(825) Concurrent Cleanup for Next Mark
[3552.139s][info][gc,marking     ] GC(825) Concurrent Cleanup for Next Mark 5.107ms
[3552.139s][info][gc             ] GC(825) Concurrent Mark Cycle 1469.842ms
.[3553.623s][info][gc,start       ] GC(826) Pause Young (Prepare Mixed) (G1 Evacuation Pause)
[3553.623s][info][gc,task        ] GC(826) Using 6 workers of 6 for evacuation
[3553.743s][info][gc,phases      ] GC(826)   Pre Evacuate Collection Set: 0.34ms
[3553.743s][info][gc,phases      ] GC(826)   Merge Heap Roots: 0.51ms
[3553.743s][info][gc,phases      ] GC(826)   Evacuate Collection Set: 117.38ms
[3553.743s][info][gc,phases      ] GC(826)   Post Evacuate Collection Set: 0.93ms
[3553.743s][info][gc,phases      ] GC(826)   Other: 0.10ms
[3553.743s][info][gc,heap        ] GC(826) Eden regions: 1116->0(1104)
[3553.743s][info][gc,heap        ] GC(826) Survivor regions: 112->111(154)
[3553.743s][info][gc,heap        ] GC(826) Old regions: 508->539
[3553.743s][info][gc,heap        ] GC(826) Humongous regions: 80->80
[3553.743s][info][gc,metaspace   ] GC(826) Metaspace: 28889K(29312K)->28889K(29312K) NonClass: 24021K(24256K)->24021K(24256K) Class: 4868K(5056K)->4868K(5056K)
[3553.743s][info][gc             ] GC(826) Pause Young (Prepare Mixed) (G1 Evacuation Pause) 3630M->1459M(4096M) 119.402ms
[3553.743s][info][gc,cpu         ] GC(826) User=0.71s Sys=0.00s Real=0.12s
...[3556.600s][info][gc,start       ] GC(827) Pause Young (Mixed) (G1 Evacuation Pause)
[3556.600s][info][gc,task        ] GC(827) Using 6 workers of 6 for evacuation
[3556.736s][info][gc,phases      ] GC(827)   Pre Evacuate Collection Set: 0.37ms
[3556.736s][info][gc,phases      ] GC(827)   Merge Heap Roots: 0.64ms
[3556.736s][info][gc,phases      ] GC(827)   Evacuate Collection Set: 134.40ms
[3556.736s][info][gc,phases      ] GC(827)   Post Evacuate Collection Set: 0.96ms
[3556.736s][info][gc,phases      ] GC(827)   Other: 0.09ms
[3556.736s][info][gc,heap        ] GC(827) Eden regions: 1104->0(1114)
[3556.736s][info][gc,heap        ] GC(827) Survivor regions: 111->114(152)
[3556.736s][info][gc,heap        ] GC(827) Old regions: 539->476
[3556.736s][info][gc,heap        ] GC(827) Humongous regions: 80->80
[3556.736s][info][gc,metaspace   ] GC(827) Metaspace: 28889K(29312K)->28889K(29312K) NonClass: 24021K(24256K)->24021K(24256K) Class: 4868K(5056K)->4868K(5056K)
[3556.736s][info][gc             ] GC(827) Pause Young (Mixed) (G1 Evacuation Pause) 3667M->1337M(4096M) 136.593ms
[3556.736s][info][gc,cpu         ] GC(827) User=0.81s Sys=0.00s Real=0.14s
...[3559.619s][info][gc,start       ] GC(828) Pause Young (Concurrent Start) (G1 Evacuation Pause)
[3559.619s][info][gc,task        ] GC(828) Using 6 workers of 6 for evacuation
[3559.740s][info][gc,phases      ] GC(828)   Pre Evacuate Collection Set: 0.34ms
[3559.740s][info][gc,phases      ] GC(828)   Merge Heap Roots: 0.46ms
[3559.740s][info][gc,phases      ] GC(828)   Evacuate Collection Set: 119.29ms
[3559.740s][info][gc,phases      ] GC(828)   Post Evacuate Collection Set: 0.91ms
[3559.740s][info][gc,phases      ] GC(828)   Other: 0.12ms
[3559.740s][info][gc,heap        ] GC(828) Eden regions: 1114->0(1117)
[3559.740s][info][gc,heap        ] GC(828) Survivor regions: 114->111(154)
[3559.740s][info][gc,heap        ] GC(828) Old regions: 476->508
[3559.740s][info][gc,heap        ] GC(828) Humongous regions: 80->80
[3559.740s][info][gc,metaspace   ] GC(828) Metaspace: 28889K(29312K)->28889K(29312K) NonClass: 24021K(24256K)->24021K(24256K) Class: 4868K(5056K)->4868K(5056K)
[3559.740s][info][gc             ] GC(828) Pause Young (Concurrent Start) (G1 Evacuation Pause) 3565M->1397M(4096M) 121.296ms
[3559.740s][info][gc             ] GC(829) Concurrent Mark Cycle
[3559.740s][info][gc,marking     ] GC(829) Concurrent Scan Root Regions
[3559.740s][info][gc,cpu         ] GC(828) User=0.72s Sys=0.00s Real=0.12s
.[3559.925s][info][gc,marking     ] GC(829) Concurrent Scan Root Regions 185.368ms
[3559.925s][info][gc,marking     ] GC(829) Concurrent Mark
[3559.925s][info][gc,marking     ] GC(829) Concurrent Mark From Roots
[3559.925s][info][gc,task        ] GC(829) Using 2 workers of 2 for marking
[3560.806s][info][gc,marking     ] GC(829) Concurrent Mark From Roots 880.121ms
[3560.806s][info][gc,marking     ] GC(829) Concurrent Preclean
[3560.806s][info][gc,marking     ] GC(829) Concurrent Preclean 0.106ms
[3560.809s][info][gc,start       ] GC(829) Pause Remark
[3560.814s][info][gc             ] GC(829) Pause Remark 2283M->2283M(4096M) 4.587ms
[3560.814s][info][gc,cpu         ] GC(829) User=0.02s Sys=0.00s Real=0.01s
[3560.814s][info][gc,marking     ] GC(829) Concurrent Mark 888.643ms
[3560.814s][info][gc,marking     ] GC(829) Concurrent Rebuild Remembered Sets and Scrub Regions
.[3561.071s][info][gc,marking     ] GC(829) Concurrent Rebuild Remembered Sets and Scrub Regions 256.962ms
[3561.071s][info][gc,start       ] GC(829) Pause Cleanup
[3561.071s][info][gc             ] GC(829) Pause Cleanup 2489M->2489M(4096M) 0.108ms
[3561.071s][info][gc,cpu         ] GC(829) User=0.00s Sys=0.00s Real=0.00s
[3561.071s][info][gc,marking     ] GC(829) Concurrent Clear Claimed Marks
[3561.071s][info][gc,marking     ] GC(829) Concurrent Clear Claimed Marks 0.023ms
[3561.071s][info][gc,marking     ] GC(829) Concurrent Cleanup for Next Mark
[3561.075s][info][gc,marking     ] GC(829) Concurrent Cleanup for Next Mark 3.840ms
[3561.075s][info][gc             ] GC(829) Concurrent Mark Cycle 1335.253ms
.[3562.602s][info][gc,start       ] GC(830) Pause Young (Prepare Mixed) (G1 Evacuation Pause)
[3562.602s][info][gc,task        ] GC(830) Using 6 workers of 6 for evacuation
[3562.721s][info][gc,phases      ] GC(830)   Pre Evacuate Collection Set: 0.35ms
[3562.721s][info][gc,phases      ] GC(830)   Merge Heap Roots: 0.55ms
[3562.721s][info][gc,phases      ] GC(830)   Evacuate Collection Set: 116.69ms
[3562.721s][info][gc,phases      ] GC(830)   Post Evacuate Collection Set: 0.93ms
[3562.721s][info][gc,phases      ] GC(830)   Other: 0.09ms
[3562.721s][info][gc,heap        ] GC(830) Eden regions: 1117->0(1107)
[3562.721s][info][gc,heap        ] GC(830) Survivor regions: 111->109(154)
[3562.721s][info][gc,heap        ] GC(830) Old regions: 508->540
[3562.721s][info][gc,heap        ] GC(830) Humongous regions: 80->80
[3562.721s][info][gc,metaspace   ] GC(830) Metaspace: 28889K(29312K)->28889K(29312K) NonClass: 24021K(24256K)->24021K(24256K) Class: 4868K(5056K)->4868K(5056K)
[3562.721s][info][gc             ] GC(830) Pause Young (Prepare Mixed) (G1 Evacuation Pause) 3631M->1455M(4096M) 118.758ms
[3562.721s][info][gc,cpu         ] GC(830) User=0.70s Sys=0.00s Real=0.12s
...[3565.615s][info][gc,start       ] GC(831) Pause Young (Mixed) (G1 Evacuation Pause)
[3565.615s][info][gc,task        ] GC(831) Using 6 workers of 6 for evacuation
[3565.748s][info][gc,phases      ] GC(831)   Pre Evacuate Collection Set: 0.38ms
[3565.748s][info][gc,phases      ] GC(831)   Merge Heap Roots: 0.66ms
[3565.748s][info][gc,phases      ] GC(831)   Evacuate Collection Set: 130.96ms
[3565.748s][info][gc,phases      ] GC(831)   Post Evacuate Collection Set: 0.95ms
[3565.748s][info][gc,phases      ] GC(831)   Other: 0.09ms
[3565.748s][info][gc,heap        ] GC(831) Eden regions: 1107->0(1118)
[3565.748s][info][gc,heap        ] GC(831) Survivor regions: 109->110(152)
[3565.748s][info][gc,heap        ] GC(831) Old regions: 540->475
[3565.748s][info][gc,heap        ] GC(831) Humongous regions: 80->80
[3565.748s][info][gc,metaspace   ] GC(831) Metaspace: 28889K(29312K)->28889K(29312K) NonClass: 24021K(24256K)->24021K(24256K) Class: 4868K(5056K)->4868K(5056K)
[3565.748s][info][gc             ] GC(831) Pause Young (Mixed) (G1 Evacuation Pause) 3669M->1328M(4096M) 133.176ms
[3565.748s][info][gc,cpu         ] GC(831) User=0.79s Sys=0.00s Real=0.13s
...[3568.702s][info][gc,start       ] GC(832) Pause Young (Concurrent Start) (G1 Evacuation Pause)
[3568.702s][info][gc,task        ] GC(832) Using 6 workers of 6 for evacuation
[3568.822s][info][gc,phases      ] GC(832)   Pre Evacuate Collection Set: 0.40ms
[3568.822s][info][gc,phases      ] GC(832)   Merge Heap Roots: 0.54ms
[3568.822s][info][gc,phases      ] GC(832)   Evacuate Collection Set: 118.23ms
[3568.822s][info][gc,phases      ] GC(832)   Post Evacuate Collection Set: 0.89ms
[3568.822s][info][gc,phases      ] GC(832)   Other: 0.12ms
[3568.822s][info][gc,heap        ] GC(832) Eden regions: 1118->0(1115)
[3568.822s][info][gc,heap        ] GC(832) Survivor regions: 110->113(154)
[3568.822s][info][gc,heap        ] GC(832) Old regions: 475->507
[3568.822s][info][gc,heap        ] GC(832) Humongous regions: 80->80
[3568.822s][info][gc,metaspace   ] GC(832) Metaspace: 28889K(29312K)->28889K(29312K) NonClass: 24021K(24256K)->24021K(24256K) Class: 4868K(5056K)->4868K(5056K)
[3568.822s][info][gc             ] GC(832) Pause Young (Concurrent Start) (G1 Evacuation Pause) 3564M->1397M(4096M) 120.356ms
[3568.822s][info][gc             ] GC(833) Concurrent Mark Cycle
[3568.822s][info][gc,marking     ] GC(833) Concurrent Scan Root Regions
[3568.822s][info][gc,cpu         ] GC(832) User=0.71s Sys=0.00s Real=0.12s
[3569.014s][info][gc,marking     ] GC(833) Concurrent Scan Root Regions 191.756ms
[3569.014s][info][gc,marking     ] GC(833) Concurrent Mark
[3569.014s][info][gc,marking     ] GC(833) Concurrent Mark From Roots
[3569.014s][info][gc,task        ] GC(833) Using 2 workers of 2 for marking
.[3569.929s][info][gc,marking     ] GC(833) Concurrent Mark From Roots 914.835ms
[3569.929s][info][gc,marking     ] GC(833) Concurrent Preclean
[3569.929s][info][gc,marking     ] GC(833) Concurrent Preclean 0.105ms
[3569.930s][info][gc,start       ] GC(833) Pause Remark
[3569.937s][info][gc             ] GC(833) Pause Remark 2344M->2344M(4096M) 6.802ms
[3569.937s][info][gc,cpu         ] GC(833) User=0.04s Sys=0.00s Real=0.01s
[3569.937s][info][gc,marking     ] GC(833) Concurrent Mark 922.766ms
[3569.937s][info][gc,marking     ] GC(833) Concurrent Rebuild Remembered Sets and Scrub Regions
.[3570.254s][info][gc,marking     ] GC(833) Concurrent Rebuild Remembered Sets and Scrub Regions 317.036ms
[3570.254s][info][gc,start       ] GC(833) Pause Cleanup
[3570.254s][info][gc             ] GC(833) Pause Cleanup 2594M->2594M(4096M) 0.115ms
[3570.254s][info][gc,cpu         ] GC(833) User=0.00s Sys=0.00s Real=0.00s
[3570.254s][info][gc,marking     ] GC(833) Concurrent Clear Claimed Marks
[3570.254s][info][gc,marking     ] GC(833) Concurrent Clear Claimed Marks 0.032ms
[3570.254s][info][gc,marking     ] GC(833) Concurrent Cleanup for Next Mark
[3570.259s][info][gc,marking     ] GC(833) Concurrent Cleanup for Next Mark 4.747ms
[3570.259s][info][gc             ] GC(833) Concurrent Mark Cycle 1436.939ms
.[3571.634s][info][gc,start       ] GC(834) Pause Young (Prepare Mixed) (G1 Evacuation Pause)
[3571.634s][info][gc,task        ] GC(834) Using 6 workers of 6 for evacuation
[3571.754s][info][gc,phases      ] GC(834)   Pre Evacuate Collection Set: 0.33ms
[3571.754s][info][gc,phases      ] GC(834)   Merge Heap Roots: 0.48ms
[3571.754s][info][gc,phases      ] GC(834)   Evacuate Collection Set: 117.60ms
[3571.754s][info][gc,phases      ] GC(834)   Post Evacuate Collection Set: 0.95ms
[3571.754s][info][gc,phases      ] GC(834)   Other: 0.08ms
[3571.754s][info][gc,heap        ] GC(834) Eden regions: 1115->0(1104)
[3571.754s][info][gc,heap        ] GC(834) Survivor regions: 113->111(154)
[3571.754s][info][gc,heap        ] GC(834) Old regions: 507->539
[3571.754s][info][gc,heap        ] GC(834) Humongous regions: 80->80
[3571.754s][info][gc,metaspace   ] GC(834) Metaspace: 28889K(29312K)->28889K(29312K) NonClass: 24021K(24256K)->24021K(24256K) Class: 4868K(5056K)->4868K(5056K)
[3571.754s][info][gc             ] GC(834) Pause Young (Prepare Mixed) (G1 Evacuation Pause) 3627M->1458M(4096M) 119.578ms
[3571.754s][info][gc,cpu         ] GC(834) User=0.71s Sys=0.00s Real=0.12s
...[3574.670s][info][gc,start       ] GC(835) Pause Young (Mixed) (G1 Evacuation Pause)
[3574.670s][info][gc,task        ] GC(835) Using 6 workers of 6 for evacuation
[3574.804s][info][gc,phases      ] GC(835)   Pre Evacuate Collection Set: 0.39ms
[3574.804s][info][gc,phases      ] GC(835)   Merge Heap Roots: 0.68ms
[3574.804s][info][gc,phases      ] GC(835)   Evacuate Collection Set: 131.90ms
[3574.804s][info][gc,phases      ] GC(835)   Post Evacuate Collection Set: 0.96ms
[3574.804s][info][gc,phases      ] GC(835)   Other: 0.09ms
[3574.804s][info][gc,heap        ] GC(835) Eden regions: 1104->0(1118)
[3574.804s][info][gc,heap        ] GC(835) Survivor regions: 111->110(152)
[3574.804s][info][gc,heap        ] GC(835) Old regions: 539->475
[3574.804s][info][gc,heap        ] GC(835) Humongous regions: 80->80
[3574.804s][info][gc,metaspace   ] GC(835) Metaspace: 28890K(29312K)->28890K(29312K) NonClass: 24021K(24256K)->24021K(24256K) Class: 4868K(5056K)->4868K(5056K)
[3574.804s][info][gc             ] GC(835) Pause Young (Mixed) (G1 Evacuation Pause) 3666M->1328M(4096M) 134.179ms
[3574.804s][info][gc,cpu         ] GC(835) User=0.80s Sys=0.00s Real=0.14s
...[3577.646s][info][gc,start       ] GC(836) Pause Young (Concurrent Start) (G1 Evacuation Pause)
[3577.646s][info][gc,task        ] GC(836) Using 6 workers of 6 for evacuation
[3577.764s][info][gc,phases      ] GC(836)   Pre Evacuate Collection Set: 0.36ms
[3577.764s][info][gc,phases      ] GC(836)   Merge Heap Roots: 0.44ms
[3577.764s][info][gc,phases      ] GC(836)   Evacuate Collection Set: 115.85ms
[3577.764s][info][gc,phases      ] GC(836)   Post Evacuate Collection Set: 0.89ms
[3577.764s][info][gc,phases      ] GC(836)   Other: 0.10ms
[3577.764s][info][gc,heap        ] GC(836) Eden regions: 1118->0(1118)
[3577.764s][info][gc,heap        ] GC(836) Survivor regions: 110->110(154)
[3577.764s][info][gc,heap        ] GC(836) Old regions: 475->506
[3577.764s][info][gc,heap        ] GC(836) Humongous regions: 80->80
[3577.764s][info][gc,metaspace   ] GC(836) Metaspace: 28890K(29312K)->28890K(29312K) NonClass: 24021K(24256K)->24021K(24256K) Class: 4868K(5056K)->4868K(5056K)
[3577.764s][info][gc             ] GC(836) Pause Young (Concurrent Start) (G1 Evacuation Pause) 3564M->1391M(4096M) 117.780ms
[3577.764s][info][gc             ] GC(837) Concurrent Mark Cycle
[3577.764s][info][gc,marking     ] GC(837) Concurrent Scan Root Regions
[3577.764s][info][gc,cpu         ] GC(836) User=0.70s Sys=0.00s Real=0.12s
[3577.981s][info][gc,marking     ] GC(837) Concurrent Scan Root Regions 217.095ms
[3577.981s][info][gc,marking     ] GC(837) Concurrent Mark
[3577.981s][info][gc,marking     ] GC(837) Concurrent Mark From Roots
[3577.981s][info][gc,task        ] GC(837) Using 2 workers of 2 for marking
.[3578.767s][info][gc,marking     ] GC(837) Concurrent Mark From Roots 785.577ms
[3578.767s][info][gc,marking     ] GC(837) Concurrent Preclean
[3578.767s][info][gc,marking     ] GC(837) Concurrent Preclean 0.095ms
[3578.767s][info][gc,start       ] GC(837) Pause Remark
[3578.773s][info][gc             ] GC(837) Pause Remark 2175M->2175M(4096M) 5.610ms
[3578.773s][info][gc,cpu         ] GC(837) User=0.03s Sys=0.00s Real=0.00s
[3578.773s][info][gc,marking     ] GC(837) Concurrent Mark 791.679ms
[3578.773s][info][gc,marking     ] GC(837) Concurrent Rebuild Remembered Sets and Scrub Regions
[3579.089s][info][gc,marking     ] GC(837) Concurrent Rebuild Remembered Sets and Scrub Regions 316.539ms
[3579.089s][info][gc,start       ] GC(837) Pause Cleanup
[3579.090s][info][gc             ] GC(837) Pause Cleanup 2419M->2419M(4096M) 0.110ms
[3579.090s][info][gc,cpu         ] GC(837) User=0.00s Sys=0.00s Real=0.00s
[3579.090s][info][gc,marking     ] GC(837) Concurrent Clear Claimed Marks
[3579.090s][info][gc,marking     ] GC(837) Concurrent Clear Claimed Marks 0.024ms
[3579.090s][info][gc,marking     ] GC(837) Concurrent Cleanup for Next Mark
[3579.094s][info][gc,marking     ] GC(837) Concurrent Cleanup for Next Mark 4.765ms
[3579.095s][info][gc             ] GC(837) Concurrent Mark Cycle 1330.577ms
..[3580.664s][info][gc,start       ] GC(838) Pause Young (Prepare Mixed) (G1 Evacuation Pause)
[3580.664s][info][gc,task        ] GC(838) Using 6 workers of 6 for evacuation
[3580.781s][info][gc,phases      ] GC(838)   Pre Evacuate Collection Set: 0.37ms
[3580.781s][info][gc,phases      ] GC(838)   Merge Heap Roots: 0.51ms
[3580.781s][info][gc,phases      ] GC(838)   Evacuate Collection Set: 115.24ms
[3580.781s][info][gc,phases      ] GC(838)   Post Evacuate Collection Set: 0.93ms
[3580.781s][info][gc,phases      ] GC(838)   Other: 0.09ms
[3580.781s][info][gc,heap        ] GC(838) Eden regions: 1118->0(1106)
[3580.781s][info][gc,heap        ] GC(838) Survivor regions: 110->110(154)
[3580.781s][info][gc,heap        ] GC(838) Old regions: 506->539
[3580.781s][info][gc,heap        ] GC(838) Humongous regions: 80->80
[3580.781s][info][gc,metaspace   ] GC(838) Metaspace: 28890K(29312K)->28890K(29312K) NonClass: 24021K(24256K)->24021K(24256K) Class: 4868K(5056K)->4868K(5056K)
[3580.781s][info][gc             ] GC(838) Pause Young (Prepare Mixed) (G1 Evacuation Pause) 3627M->1455M(4096M) 117.276ms
[3580.781s][info][gc,cpu         ] GC(838) User=0.70s Sys=0.00s Real=0.11s
...[3583.716s][info][gc,start       ] GC(839) Pause Young (Mixed) (G1 Evacuation Pause)
[3583.716s][info][gc,task        ] GC(839) Using 6 workers of 6 for evacuation
[3583.848s][info][gc,phases      ] GC(839)   Pre Evacuate Collection Set: 0.37ms
[3583.848s][info][gc,phases      ] GC(839)   Merge Heap Roots: 0.68ms
[3583.848s][info][gc,phases      ] GC(839)   Evacuate Collection Set: 129.84ms
[3583.848s][info][gc,phases      ] GC(839)   Post Evacuate Collection Set: 0.92ms
[3583.848s][info][gc,phases      ] GC(839)   Other: 0.09ms
[3583.848s][info][gc,heap        ] GC(839) Eden regions: 1106->0(1116)
[3583.848s][info][gc,heap        ] GC(839) Survivor regions: 110->112(152)
[3583.848s][info][gc,heap        ] GC(839) Old regions: 539->475
[3583.848s][info][gc,heap        ] GC(839) Humongous regions: 80->80
[3583.848s][info][gc,metaspace   ] GC(839) Metaspace: 28890K(29312K)->28890K(29312K) NonClass: 24021K(24256K)->24021K(24256K) Class: 4868K(5056K)->4868K(5056K)
[3583.848s][info][gc             ] GC(839) Pause Young (Mixed) (G1 Evacuation Pause) 3667M->1331M(4096M) 132.033ms
[3583.848s][info][gc,cpu         ] GC(839) User=0.78s Sys=0.00s Real=0.13s
...[3586.748s][info][gc,start       ] GC(840) Pause Young (Concurrent Start) (G1 Evacuation Pause)
[3586.748s][info][gc,task        ] GC(840) Using 6 workers of 6 for evacuation
[3586.866s][info][gc,phases      ] GC(840)   Pre Evacuate Collection Set: 0.33ms
[3586.866s][info][gc,phases      ] GC(840)   Merge Heap Roots: 0.46ms
[3586.866s][info][gc,phases      ] GC(840)   Evacuate Collection Set: 116.70ms
[3586.866s][info][gc,phases      ] GC(840)   Post Evacuate Collection Set: 0.89ms
[3586.866s][info][gc,phases      ] GC(840)   Other: 0.10ms
[3586.866s][info][gc,heap        ] GC(840) Eden regions: 1116->0(1117)
[3586.866s][info][gc,heap        ] GC(840) Survivor regions: 112->111(154)
[3586.866s][info][gc,heap        ] GC(840) Old regions: 475->507
[3586.866s][info][gc,heap        ] GC(840) Humongous regions: 80->80
[3586.866s][info][gc,metaspace   ] GC(840) Metaspace: 28890K(29312K)->28890K(29312K) NonClass: 24021K(24256K)->24021K(24256K) Class: 4868K(5056K)->4868K(5056K)
[3586.866s][info][gc             ] GC(840) Pause Young (Concurrent Start) (G1 Evacuation Pause) 3563M->1395M(4096M) 118.617ms
[3586.866s][info][gc             ] GC(841) Concurrent Mark Cycle
[3586.866s][info][gc,marking     ] GC(841) Concurrent Scan Root Regions
[3586.866s][info][gc,cpu         ] GC(840) User=0.70s Sys=0.00s Real=0.12s
[3587.101s][info][gc,marking     ] GC(841) Concurrent Scan Root Regions 235.263ms
[3587.101s][info][gc,marking     ] GC(841) Concurrent Mark
[3587.102s][info][gc,marking     ] GC(841) Concurrent Mark From Roots
[3587.102s][info][gc,task        ] GC(841) Using 2 workers of 2 for marking
.[3588.015s][info][gc,marking     ] GC(841) Concurrent Mark From Roots 913.950ms
[3588.015s][info][gc,marking     ] GC(841) Concurrent Preclean
[3588.016s][info][gc,marking     ] GC(841) Concurrent Preclean 0.091ms
[3588.016s][info][gc,start       ] GC(841) Pause Remark
[3588.021s][info][gc             ] GC(841) Pause Remark 2380M->2380M(4096M) 5.007ms
[3588.021s][info][gc,cpu         ] GC(841) User=0.02s Sys=0.00s Real=0.00s
[3588.021s][info][gc,marking     ] GC(841) Concurrent Mark 919.298ms
[3588.021s][info][gc,marking     ] GC(841) Concurrent Rebuild Remembered Sets and Scrub Regions
.[3588.296s][info][gc,marking     ] GC(841) Concurrent Rebuild Remembered Sets and Scrub Regions 274.987ms
[3588.296s][info][gc,start       ] GC(841) Pause Cleanup
[3588.296s][info][gc             ] GC(841) Pause Cleanup 2556M->2556M(4096M) 0.105ms
[3588.296s][info][gc,cpu         ] GC(841) User=0.00s Sys=0.00s Real=0.00s
[3588.296s][info][gc,marking     ] GC(841) Concurrent Clear Claimed Marks
[3588.296s][info][gc,marking     ] GC(841) Concurrent Clear Claimed Marks 0.037ms
[3588.296s][info][gc,marking     ] GC(841) Concurrent Cleanup for Next Mark
[3588.299s][info][gc,marking     ] GC(841) Concurrent Cleanup for Next Mark 3.329ms
[3588.300s][info][gc             ] GC(841) Concurrent Mark Cycle 1433.353ms
.[3589.752s][info][gc,start       ] GC(842) Pause Young (Prepare Mixed) (G1 Evacuation Pause)
[3589.752s][info][gc,task        ] GC(842) Using 6 workers of 6 for evacuation
[3589.870s][info][gc,phases      ] GC(842)   Pre Evacuate Collection Set: 0.35ms
[3589.870s][info][gc,phases      ] GC(842)   Merge Heap Roots: 0.48ms
[3589.870s][info][gc,phases      ] GC(842)   Evacuate Collection Set: 116.26ms
[3589.870s][info][gc,phases      ] GC(842)   Post Evacuate Collection Set: 0.94ms
[3589.871s][info][gc,phases      ] GC(842)   Other: 0.09ms
[3589.871s][info][gc,heap        ] GC(842) Eden regions: 1117->0(1106)
[3589.871s][info][gc,heap        ] GC(842) Survivor regions: 111->110(154)
[3589.871s][info][gc,heap        ] GC(842) Old regions: 507->539
[3589.871s][info][gc,heap        ] GC(842) Humongous regions: 80->80
[3589.871s][info][gc,metaspace   ] GC(842) Metaspace: 28890K(29312K)->28890K(29312K) NonClass: 24021K(24256K)->24021K(24256K) Class: 4868K(5056K)->4868K(5056K)
[3589.871s][info][gc             ] GC(842) Pause Young (Prepare Mixed) (G1 Evacuation Pause) 3629M->1457M(4096M) 118.245ms
[3589.871s][info][gc,cpu         ] GC(842) User=0.70s Sys=0.00s Real=0.12s
...[3592.705s][info][gc,start       ] GC(843) Pause Young (Mixed) (G1 Evacuation Pause)
[3592.705s][info][gc,task        ] GC(843) Using 6 workers of 6 for evacuation
[3592.836s][info][gc,phases      ] GC(843)   Pre Evacuate Collection Set: 0.42ms
[3592.836s][info][gc,phases      ] GC(843)   Merge Heap Roots: 0.67ms
[3592.836s][info][gc,phases      ] GC(843)   Evacuate Collection Set: 129.00ms
[3592.836s][info][gc,phases      ] GC(843)   Post Evacuate Collection Set: 0.93ms
[3592.836s][info][gc,phases      ] GC(843)   Other: 0.09ms
[3592.836s][info][gc,heap        ] GC(843) Eden regions: 1106->0(1119)
[3592.836s][info][gc,heap        ] GC(843) Survivor regions: 110->109(152)
[3592.836s][info][gc,heap        ] GC(843) Old regions: 539->476
[3592.836s][info][gc,heap        ] GC(843) Humongous regions: 80->80
[3592.836s][info][gc,metaspace   ] GC(843) Metaspace: 28890K(29312K)->28890K(29312K) NonClass: 24021K(24256K)->24021K(24256K) Class: 4868K(5056K)->4868K(5056K)
[3592.836s][info][gc             ] GC(843) Pause Young (Mixed) (G1 Evacuation Pause) 3669M->1327M(4096M) 131.274ms
[3592.837s][info][gc,cpu         ] GC(843) User=0.78s Sys=0.00s Real=0.13s
. (rIR:aIR:PR = 6227:6236:6238) (tPR = 92620) [OK] 
  3593s: Performance info:
         Transaction,    Success,    Partial,     Failed,   Receipts, AvgBarcode, 
             Overall,     377437,          0,          0,     358569,      59.48, 
         Response times:
             Request,    Success,    Partial,     Failed,   SkipFail,     Probes,    Samples,      min,      p50,      p90,      p95,      p99,      max, 
       TotalPurchase,     358255,          0,          0,          0,     349377,     406102,      300,     5200,    18900,    47000,   116000,   256000,
     InStorePurchase,     188546,          0,          0,          0,     184307,     214142,      300,     5100,    18800,    46000,   117000,   256000,
      OnlinePurchase,     132020,          0,          0,          0,     128961,     149603,      300,     5500,    19200,    48000,   117000,   256000,
        InstPurchase,      37689,          0,          0,          0,      36109,      42357,      400,     4800,    18000,    45000,   111000,   239000,
          AssocOfCat,        379,          0,          0,          0,        312,        426,    21000,    37000,    73600,   116250,   188000,   203000,
      AssocOfProduct,       3774,          0,          0,          0,       3516,       4320,      700,     6100,    21000,    53000,   122000,   173000,
      BusinessReport,        948,          0,          0,          0,        809,       1044,    25000,    39000,    75000,    96500,   169550,   199000,
          CustBuyBeh,       3776,          0,          0,          0,       3537,       4295,      400,     6000,    17700,    51000,   129040,   256000,
       ProductReturn,       9985,          0,          0,          0,       9449,      11247,      200,     4500,    16600,    41000,   101000,   215000,

  3593s: (46%)   IR =   6365 ..[3595.687s][info][gc,start       ] GC(844) Pause Young (Concurrent Start) (G1 Evacuation Pause)
[3595.687s][info][gc,task        ] GC(844) Using 6 workers of 6 for evacuation
[3595.805s][info][gc,phases      ] GC(844)   Pre Evacuate Collection Set: 0.39ms
[3595.805s][info][gc,phases      ] GC(844)   Merge Heap Roots: 0.48ms
[3595.805s][info][gc,phases      ] GC(844)   Evacuate Collection Set: 116.33ms
[3595.805s][info][gc,phases      ] GC(844)   Post Evacuate Collection Set: 0.94ms
[3595.805s][info][gc,phases      ] GC(844)   Other: 0.11ms
[3595.805s][info][gc,heap        ] GC(844) Eden regions: 1119->0(1118)
[3595.805s][info][gc,heap        ] GC(844) Survivor regions: 109->110(154)
[3595.805s][info][gc,heap        ] GC(844) Old regions: 476->508
[3595.805s][info][gc,heap        ] GC(844) Humongous regions: 80->80
[3595.805s][info][gc,metaspace   ] GC(844) Metaspace: 28891K(29312K)->28891K(29312K) NonClass: 24023K(24256K)->24023K(24256K) Class: 4868K(5056K)->4868K(5056K)
[3595.806s][info][gc             ] GC(844) Pause Young (Concurrent Start) (G1 Evacuation Pause) 3565M->1394M(4096M) 118.368ms
[3595.806s][info][gc             ] GC(845) Concurrent Mark Cycle
[3595.806s][info][gc,marking     ] GC(845) Concurrent Scan Root Regions
[3595.806s][info][gc,cpu         ] GC(844) User=0.70s Sys=0.00s Real=0.12s
[3595.993s][info][gc,marking     ] GC(845) Concurrent Scan Root Regions 187.043ms
[3595.993s][info][gc,marking     ] GC(845) Concurrent Mark
[3595.993s][info][gc,marking     ] GC(845) Concurrent Mark From Roots
[3595.993s][info][gc,task        ] GC(845) Using 2 workers of 2 for marking
.[3596.707s][info][gc,marking     ] GC(845) Concurrent Mark From Roots 714.499ms
[3596.707s][info][gc,marking     ] GC(845) Concurrent Preclean
[3596.707s][info][gc,marking     ] GC(845) Concurrent Preclean 0.107ms
[3596.711s][info][gc,start       ] GC(845) Pause Remark
[3596.717s][info][gc             ] GC(845) Pause Remark 2128M->2128M(4096M) 5.279ms
[3596.717s][info][gc,cpu         ] GC(845) User=0.03s Sys=0.00s Real=0.01s
[3596.717s][info][gc,marking     ] GC(845) Concurrent Mark 724.120ms
[3596.717s][info][gc,marking     ] GC(845) Concurrent Rebuild Remembered Sets and Scrub Regions
[3596.972s][info][gc,marking     ] GC(845) Concurrent Rebuild Remembered Sets and Scrub Regions 255.704ms
[3596.973s][info][gc,start       ] GC(845) Pause Cleanup
[3596.973s][info][gc             ] GC(845) Pause Cleanup 2356M->2356M(4096M) 0.102ms
[3596.973s][info][gc,cpu         ] GC(845) User=0.00s Sys=0.00s Real=0.00s
[3596.973s][info][gc,marking     ] GC(845) Concurrent Clear Claimed Marks
[3596.973s][info][gc,marking     ] GC(845) Concurrent Clear Claimed Marks 0.021ms
[3596.973s][info][gc,marking     ] GC(845) Concurrent Cleanup for Next Mark
[3596.976s][info][gc,marking     ] GC(845) Concurrent Cleanup for Next Mark 3.520ms
[3596.976s][info][gc             ] GC(845) Concurrent Mark Cycle 1170.782ms
..[3598.638s][info][gc,start       ] GC(846) Pause Young (Prepare Mixed) (G1 Evacuation Pause)
[3598.638s][info][gc,task        ] GC(846) Using 6 workers of 6 for evacuation
[3598.757s][info][gc,phases      ] GC(846)   Pre Evacuate Collection Set: 0.30ms
[3598.757s][info][gc,phases      ] GC(846)   Merge Heap Roots: 0.50ms
[3598.757s][info][gc,phases      ] GC(846)   Evacuate Collection Set: 117.51ms
[3598.757s][info][gc,phases      ] GC(846)   Post Evacuate Collection Set: 0.95ms
[3598.757s][info][gc,phases      ] GC(846)   Other: 0.09ms
[3598.757s][info][gc,heap        ] GC(846) Eden regions: 1118->0(1102)
[3598.757s][info][gc,heap        ] GC(846) Survivor regions: 110->112(154)
[3598.757s][info][gc,heap        ] GC(846) Old regions: 508->539
[3598.757s][info][gc,heap        ] GC(846) Humongous regions: 80->80
[3598.757s][info][gc,metaspace   ] GC(846) Metaspace: 28891K(29312K)->28891K(29312K) NonClass: 24023K(24256K)->24023K(24256K) Class: 4868K(5056K)->4868K(5056K)
[3598.757s][info][gc             ] GC(846) Pause Young (Prepare Mixed) (G1 Evacuation Pause) 3630M->1461M(4096M) 119.504ms
[3598.758s][info][gc,cpu         ] GC(846) User=0.70s Sys=0.00s Real=0.12s
.|..[3601.581s][info][gc,start       ] GC(847) Pause Young (Mixed) (G1 Evacuation Pause)
[3601.581s][info][gc,task        ] GC(847) Using 6 workers of 6 for evacuation
[3601.718s][info][gc,phases      ] GC(847)   Pre Evacuate Collection Set: 0.37ms
[3601.718s][info][gc,phases      ] GC(847)   Merge Heap Roots: 0.67ms
[3601.718s][info][gc,phases      ] GC(847)   Evacuate Collection Set: 135.20ms
[3601.718s][info][gc,phases      ] GC(847)   Post Evacuate Collection Set: 0.82ms
[3601.718s][info][gc,phases      ] GC(847)   Other: 0.09ms
[3601.718s][info][gc,heap        ] GC(847) Eden regions: 1102->0(1116)
[3601.718s][info][gc,heap        ] GC(847) Survivor regions: 112->112(152)
[3601.718s][info][gc,heap        ] GC(847) Old regions: 539->476
[3601.718s][info][gc,heap        ] GC(847) Humongous regions: 80->80
[3601.718s][info][gc,metaspace   ] GC(847) Metaspace: 28891K(29312K)->28891K(29312K) NonClass: 24023K(24256K)->24023K(24256K) Class: 4868K(5056K)->4868K(5056K)
[3601.718s][info][gc             ] GC(847) Pause Young (Mixed) (G1 Evacuation Pause) 3665M->1334M(4096M) 137.303ms
[3601.718s][info][gc,cpu         ] GC(847) User=0.81s Sys=0.00s Real=0.14s
...[3604.518s][info][gc,start       ] GC(848) Pause Young (Concurrent Start) (G1 Evacuation Pause)
[3604.518s][info][gc,task        ] GC(848) Using 6 workers of 6 for evacuation
[3604.635s][info][gc,phases      ] GC(848)   Pre Evacuate Collection Set: 0.37ms
[3604.635s][info][gc,phases      ] GC(848)   Merge Heap Roots: 0.43ms
[3604.635s][info][gc,phases      ] GC(848)   Evacuate Collection Set: 115.63ms
[3604.635s][info][gc,phases      ] GC(848)   Post Evacuate Collection Set: 0.89ms
[3604.635s][info][gc,phases      ] GC(848)   Other: 0.12ms
[3604.635s][info][gc,heap        ] GC(848) Eden regions: 1116->0(1118)
[3604.635s][info][gc,heap        ] GC(848) Survivor regions: 112->110(154)
[3604.635s][info][gc,heap        ] GC(848) Old regions: 476->508
[3604.635s][info][gc,heap        ] GC(848) Humongous regions: 80->80
[3604.635s][info][gc,metaspace   ] GC(848) Metaspace: 28891K(29312K)->28891K(29312K) NonClass: 24023K(24256K)->24023K(24256K) Class: 4868K(5056K)->4868K(5056K)
[3604.635s][info][gc             ] GC(848) Pause Young (Concurrent Start) (G1 Evacuation Pause) 3566M->1394M(4096M) 117.569ms
[3604.636s][info][gc             ] GC(849) Concurrent Mark Cycle
[3604.636s][info][gc,marking     ] GC(849) Concurrent Scan Root Regions
[3604.636s][info][gc,cpu         ] GC(848) User=0.70s Sys=0.00s Real=0.12s
[3604.822s][info][gc,marking     ] GC(849) Concurrent Scan Root Regions 186.205ms
[3604.822s][info][gc,marking     ] GC(849) Concurrent Mark
[3604.822s][info][gc,marking     ] GC(849) Concurrent Mark From Roots
[3604.822s][info][gc,task        ] GC(849) Using 2 workers of 2 for marking
.[3605.712s][info][gc,marking     ] GC(849) Concurrent Mark From Roots 889.867ms
[3605.712s][info][gc,marking     ] GC(849) Concurrent Preclean
[3605.712s][info][gc,marking     ] GC(849) Concurrent Preclean 0.106ms
[3605.712s][info][gc,start       ] GC(849) Pause Remark
[3605.718s][info][gc             ] GC(849) Pause Remark 2291M->2291M(4096M) 6.304ms
[3605.718s][info][gc,cpu         ] GC(849) User=0.03s Sys=0.00s Real=0.01s
[3605.719s][info][gc,marking     ] GC(849) Concurrent Mark 896.725ms
[3605.719s][info][gc,marking     ] GC(849) Concurrent Rebuild Remembered Sets and Scrub Regions
[3605.967s][info][gc,marking     ] GC(849) Concurrent Rebuild Remembered Sets and Scrub Regions 247.948ms
[3605.967s][info][gc,start       ] GC(849) Pause Cleanup
[3605.967s][info][gc             ] GC(849) Pause Cleanup 2498M->2498M(4096M) 0.107ms
[3605.967s][info][gc,cpu         ] GC(849) User=0.00s Sys=0.00s Real=0.00s
[3605.967s][info][gc,marking     ] GC(849) Concurrent Clear Claimed Marks
[3605.967s][info][gc,marking     ] GC(849) Concurrent Clear Claimed Marks 0.023ms
[3605.967s][info][gc,marking     ] GC(849) Concurrent Cleanup for Next Mark
[3605.972s][info][gc,marking     ] GC(849) Concurrent Cleanup for Next Mark 4.941ms
[3605.972s][info][gc             ] GC(849) Concurrent Mark Cycle 1336.345ms
..[3607.497s][info][gc,start       ] GC(850) Pause Young (Prepare Mixed) (G1 Evacuation Pause)
[3607.497s][info][gc,task        ] GC(850) Using 6 workers of 6 for evacuation
[3607.616s][info][gc,phases      ] GC(850)   Pre Evacuate Collection Set: 0.35ms
[3607.616s][info][gc,phases      ] GC(850)   Merge Heap Roots: 0.49ms
[3607.616s][info][gc,phases      ] GC(850)   Evacuate Collection Set: 117.70ms
[3607.616s][info][gc,phases      ] GC(850)   Post Evacuate Collection Set: 0.94ms
[3607.616s][info][gc,phases      ] GC(850)   Other: 0.08ms
[3607.616s][info][gc,heap        ] GC(850) Eden regions: 1118->0(1106)
[3607.616s][info][gc,heap        ] GC(850) Survivor regions: 110->110(154)
[3607.616s][info][gc,heap        ] GC(850) Old regions: 508->539
[3607.616s][info][gc,heap        ] GC(850) Humongous regions: 80->80
[3607.616s][info][gc,metaspace   ] GC(850) Metaspace: 28891K(29312K)->28891K(29312K) NonClass: 24023K(24256K)->24023K(24256K) Class: 4868K(5056K)->4868K(5056K)
[3607.616s][info][gc             ] GC(850) Pause Young (Prepare Mixed) (G1 Evacuation Pause) 3630M->1457M(4096M) 119.694ms
[3607.617s][info][gc,cpu         ] GC(850) User=0.71s Sys=0.00s Real=0.12s
...[3610.400s][info][gc,start       ] GC(851) Pause Young (Mixed) (G1 Evacuation Pause)
[3610.400s][info][gc,task        ] GC(851) Using 6 workers of 6 for evacuation
[3610.530s][info][gc,phases      ] GC(851)   Pre Evacuate Collection Set: 0.37ms
[3610.530s][info][gc,phases      ] GC(851)   Merge Heap Roots: 0.62ms
[3610.530s][info][gc,phases      ] GC(851)   Evacuate Collection Set: 127.74ms
[3610.530s][info][gc,phases      ] GC(851)   Post Evacuate Collection Set: 0.95ms
[3610.530s][info][gc,phases      ] GC(851)   Other: 0.09ms
[3610.530s][info][gc,heap        ] GC(851) Eden regions: 1106->0(1119)
[3610.530s][info][gc,heap        ] GC(851) Survivor regions: 110->109(152)
[3610.530s][info][gc,heap        ] GC(851) Old regions: 539->474
[3610.530s][info][gc,heap        ] GC(851) Humongous regions: 80->80
[3610.530s][info][gc,metaspace   ] GC(851) Metaspace: 28891K(29312K)->28891K(29312K) NonClass: 24023K(24256K)->24023K(24256K) Class: 4868K(5056K)->4868K(5056K)
[3610.530s][info][gc             ] GC(851) Pause Young (Mixed) (G1 Evacuation Pause) 3669M->1324M(4096M) 129.916ms
[3610.530s][info][gc,cpu         ] GC(851) User=0.76s Sys=0.00s Real=0.13s
...[3613.368s][info][gc,start       ] GC(852) Pause Young (Concurrent Start) (G1 Evacuation Pause)
[3613.368s][info][gc,task        ] GC(852) Using 6 workers of 6 for evacuation
[3613.487s][info][gc,phases      ] GC(852)   Pre Evacuate Collection Set: 0.36ms
[3613.487s][info][gc,phases      ] GC(852)   Merge Heap Roots: 0.44ms
[3613.487s][info][gc,phases      ] GC(852)   Evacuate Collection Set: 117.00ms
[3613.487s][info][gc,phases      ] GC(852)   Post Evacuate Collection Set: 0.89ms
[3613.487s][info][gc,phases      ] GC(852)   Other: 0.11ms
[3613.487s][info][gc,heap        ] GC(852) Eden regions: 1119->0(1118)
[3613.487s][info][gc,heap        ] GC(852) Survivor regions: 109->110(154)
[3613.487s][info][gc,heap        ] GC(852) Old regions: 474->506
[3613.487s][info][gc,heap        ] GC(852) Humongous regions: 80->80
[3613.487s][info][gc,metaspace   ] GC(852) Metaspace: 28891K(29312K)->28891K(29312K) NonClass: 24023K(24256K)->24023K(24256K) Class: 4868K(5056K)->4868K(5056K)
[3613.487s][info][gc             ] GC(852) Pause Young (Concurrent Start) (G1 Evacuation Pause) 3562M->1389M(4096M) 118.926ms
[3613.487s][info][gc             ] GC(853) Concurrent Mark Cycle
[3613.487s][info][gc,marking     ] GC(853) Concurrent Scan Root Regions
[3613.487s][info][gc,cpu         ] GC(852) User=0.70s Sys=0.00s Real=0.12s
[3613.627s][info][gc,marking     ] GC(853) Concurrent Scan Root Regions 140.112ms
[3613.627s][info][gc,marking     ] GC(853) Concurrent Mark
[3613.627s][info][gc,marking     ] GC(853) Concurrent Mark From Roots
[3613.627s][info][gc,task        ] GC(853) Using 2 workers of 2 for marking
.[3614.314s][info][gc,marking     ] GC(853) Concurrent Mark From Roots 686.547ms
[3614.314s][info][gc,marking     ] GC(853) Concurrent Preclean
[3614.314s][info][gc,marking     ] GC(853) Concurrent Preclean 0.074ms
[3614.315s][info][gc,start       ] GC(853) Pause Remark
[3614.320s][info][gc             ] GC(853) Pause Remark 2061M->2061M(4096M) 4.656ms
[3614.320s][info][gc,cpu         ] GC(853) User=0.03s Sys=0.00s Real=0.00s
[3614.320s][info][gc,marking     ] GC(853) Concurrent Mark 692.737ms
[3614.320s][info][gc,marking     ] GC(853) Concurrent Rebuild Remembered Sets and Scrub Regions
[3614.607s][info][gc,marking     ] GC(853) Concurrent Rebuild Remembered Sets and Scrub Regions 286.575ms
[3614.609s][info][gc,start       ] GC(853) Pause Cleanup
[3614.609s][info][gc             ] GC(853) Pause Cleanup 2323M->2323M(4096M) 0.136ms
[3614.609s][info][gc,cpu         ] GC(853) User=0.00s Sys=0.00s Real=0.00s
[3614.610s][info][gc,marking     ] GC(853) Concurrent Clear Claimed Marks
[3614.610s][info][gc,marking     ] GC(853) Concurrent Clear Claimed Marks 0.035ms
[3614.610s][info][gc,marking     ] GC(853) Concurrent Cleanup for Next Mark
[3614.616s][info][gc,marking     ] GC(853) Concurrent Cleanup for Next Mark 5.803ms
[3614.616s][info][gc             ] GC(853) Concurrent Mark Cycle 1128.539ms
..[3616.290s][info][gc,start       ] GC(854) Pause Young (Prepare Mixed) (G1 Evacuation Pause)
[3616.290s][info][gc,task        ] GC(854) Using 6 workers of 6 for evacuation
[3616.409s][info][gc,phases      ] GC(854)   Pre Evacuate Collection Set: 0.33ms
[3616.409s][info][gc,phases      ] GC(854)   Merge Heap Roots: 0.53ms
[3616.409s][info][gc,phases      ] GC(854)   Evacuate Collection Set: 116.91ms
[3616.409s][info][gc,phases      ] GC(854)   Post Evacuate Collection Set: 0.93ms
[3616.409s][info][gc,phases      ] GC(854)   Other: 0.10ms
[3616.409s][info][gc,heap        ] GC(854) Eden regions: 1118->0(1108)
[3616.409s][info][gc,heap        ] GC(854) Survivor regions: 110->110(154)
[3616.409s][info][gc,heap        ] GC(854) Old regions: 506->537
[3616.409s][info][gc,heap        ] GC(854) Humongous regions: 80->80
[3616.409s][info][gc,metaspace   ] GC(854) Metaspace: 28891K(29312K)->28891K(29312K) NonClass: 24023K(24256K)->24023K(24256K) Class: 4868K(5056K)->4868K(5056K)
[3616.409s][info][gc             ] GC(854) Pause Young (Prepare Mixed) (G1 Evacuation Pause) 3625M->1452M(4096M) 118.950ms
[3616.409s][info][gc,cpu         ] GC(854) User=0.70s Sys=0.00s Real=0.12s
..[3619.233s][info][gc,start       ] GC(855) Pause Young (Mixed) (G1 Evacuation Pause)
[3619.233s][info][gc,task        ] GC(855) Using 6 workers of 6 for evacuation
[3619.363s][info][gc,phases      ] GC(855)   Pre Evacuate Collection Set: 0.39ms
[3619.363s][info][gc,phases      ] GC(855)   Merge Heap Roots: 0.60ms
[3619.363s][info][gc,phases      ] GC(855)   Evacuate Collection Set: 127.71ms
[3619.363s][info][gc,phases      ] GC(855)   Post Evacuate Collection Set: 0.94ms
[3619.363s][info][gc,phases      ] GC(855)   Other: 0.09ms
[3619.363s][info][gc,heap        ] GC(855) Eden regions: 1108->0(1120)
[3619.363s][info][gc,heap        ] GC(855) Survivor regions: 110->108(153)
[3619.363s][info][gc,heap        ] GC(855) Old regions: 537->475
[3619.363s][info][gc,heap        ] GC(855) Humongous regions: 80->80
[3619.363s][info][gc,metaspace   ] GC(855) Metaspace: 28891K(29312K)->28891K(29312K) NonClass: 24023K(24256K)->24023K(24256K) Class: 4868K(5056K)->4868K(5056K)
[3619.363s][info][gc             ] GC(855) Pause Young (Mixed) (G1 Evacuation Pause) 3668M->1324M(4096M) 129.882ms
[3619.363s][info][gc,cpu         ] GC(855) User=0.77s Sys=0.00s Real=0.13s
...[3622.241s][info][gc,start       ] GC(856) Pause Young (Concurrent Start) (G1 Evacuation Pause)
[3622.241s][info][gc,task        ] GC(856) Using 6 workers of 6 for evacuation
[3622.363s][info][gc,phases      ] GC(856)   Pre Evacuate Collection Set: 0.42ms
[3622.363s][info][gc,phases      ] GC(856)   Merge Heap Roots: 0.48ms
[3622.363s][info][gc,phases      ] GC(856)   Evacuate Collection Set: 120.41ms
[3622.363s][info][gc,phases      ] GC(856)   Post Evacuate Collection Set: 0.89ms
[3622.363s][info][gc,phases      ] GC(856)   Other: 0.12ms
[3622.363s][info][gc,heap        ] GC(856) Eden regions: 1120->0(1114)
[3622.363s][info][gc,heap        ] GC(856) Survivor regions: 108->114(154)
[3622.363s][info][gc,heap        ] GC(856) Old regions: 475->506
[3622.363s][info][gc,heap        ] GC(856) Humongous regions: 80->80
[3622.363s][info][gc,metaspace   ] GC(856) Metaspace: 28891K(29312K)->28891K(29312K) NonClass: 24023K(24256K)->24023K(24256K) Class: 4868K(5056K)->4868K(5056K)
[3622.363s][info][gc             ] GC(856) Pause Young (Concurrent Start) (G1 Evacuation Pause) 3564M->1399M(4096M) 122.453ms
[3622.363s][info][gc             ] GC(857) Concurrent Mark Cycle
[3622.363s][info][gc,marking     ] GC(857) Concurrent Scan Root Regions
[3622.363s][info][gc,cpu         ] GC(856) User=0.72s Sys=0.00s Real=0.12s
.[3622.521s][info][gc,marking     ] GC(857) Concurrent Scan Root Regions 157.815ms
[3622.521s][info][gc,marking     ] GC(857) Concurrent Mark
[3622.521s][info][gc,marking     ] GC(857) Concurrent Mark From Roots
[3622.521s][info][gc,task        ] GC(857) Using 2 workers of 2 for marking
.[3623.487s][info][gc,marking     ] GC(857) Concurrent Mark From Roots 965.455ms
[3623.487s][info][gc,marking     ] GC(857) Concurrent Preclean
[3623.487s][info][gc,marking     ] GC(857) Concurrent Preclean 0.106ms
[3623.487s][info][gc,start       ] GC(857) Pause Remark
[3623.494s][info][gc             ] GC(857) Pause Remark 2373M->2373M(4096M) 7.091ms
[3623.494s][info][gc,cpu         ] GC(857) User=0.04s Sys=0.00s Real=0.01s
[3623.494s][info][gc,marking     ] GC(857) Concurrent Mark 972.909ms
[3623.494s][info][gc,marking     ] GC(857) Concurrent Rebuild Remembered Sets and Scrub Regions
[3623.754s][info][gc,marking     ] GC(857) Concurrent Rebuild Remembered Sets and Scrub Regions 260.335ms
[3623.755s][info][gc,start       ] GC(857) Pause Cleanup
[3623.755s][info][gc             ] GC(857) Pause Cleanup 2583M->2583M(4096M) 0.110ms
[3623.755s][info][gc,cpu         ] GC(857) User=0.00s Sys=0.00s Real=0.00s
[3623.756s][info][gc,marking     ] GC(857) Concurrent Clear Claimed Marks
[3623.756s][info][gc,marking     ] GC(857) Concurrent Clear Claimed Marks 0.031ms
[3623.756s][info][gc,marking     ] GC(857) Concurrent Cleanup for Next Mark
[3623.759s][info][gc,marking     ] GC(857) Concurrent Cleanup for Next Mark 3.599ms
[3623.759s][info][gc             ] GC(857) Concurrent Mark Cycle 1395.919ms
.[3625.171s][info][gc,start       ] GC(858) Pause Young (Prepare Mixed) (G1 Evacuation Pause)
[3625.171s][info][gc,task        ] GC(858) Using 6 workers of 6 for evacuation
[3625.288s][info][gc,phases      ] GC(858)   Pre Evacuate Collection Set: 0.37ms
[3625.288s][info][gc,phases      ] GC(858)   Merge Heap Roots: 0.53ms
[3625.288s][info][gc,phases      ] GC(858)   Evacuate Collection Set: 114.85ms
[3625.288s][info][gc,phases      ] GC(858)   Post Evacuate Collection Set: 0.93ms
[3625.288s][info][gc,phases      ] GC(858)   Other: 0.08ms
[3625.288s][info][gc,heap        ] GC(858) Eden regions: 1114->0(1108)
[3625.288s][info][gc,heap        ] GC(858) Survivor regions: 114->110(154)
[3625.288s][info][gc,heap        ] GC(858) Old regions: 506->537
[3625.288s][info][gc,heap        ] GC(858) Humongous regions: 80->80
[3625.288s][info][gc,metaspace   ] GC(858) Metaspace: 28891K(29312K)->28891K(29312K) NonClass: 24023K(24256K)->24023K(24256K) Class: 4868K(5056K)->4868K(5056K)
[3625.288s][info][gc             ] GC(858) Pause Young (Prepare Mixed) (G1 Evacuation Pause) 3627M->1452M(4096M) 116.876ms
[3625.288s][info][gc,cpu         ] GC(858) User=0.69s Sys=0.00s Real=0.12s
...[3628.096s][info][gc,start       ] GC(859) Pause Young (Mixed) (G1 Evacuation Pause)
[3628.096s][info][gc,task        ] GC(859) Using 6 workers of 6 for evacuation
[3628.227s][info][gc,phases      ] GC(859)   Pre Evacuate Collection Set: 0.40ms
[3628.227s][info][gc,phases      ] GC(859)   Merge Heap Roots: 0.68ms
[3628.227s][info][gc,phases      ] GC(859)   Evacuate Collection Set: 128.85ms
[3628.227s][info][gc,phases      ] GC(859)   Post Evacuate Collection Set: 0.94ms
[3628.227s][info][gc,phases      ] GC(859)   Other: 0.10ms
[3628.227s][info][gc,heap        ] GC(859) Eden regions: 1108->0(1121)
[3628.227s][info][gc,heap        ] GC(859) Survivor regions: 110->107(153)
[3628.227s][info][gc,heap        ] GC(859) Old regions: 537->475
[3628.227s][info][gc,heap        ] GC(859) Humongous regions: 80->80
[3628.227s][info][gc,metaspace   ] GC(859) Metaspace: 28891K(29312K)->28891K(29312K) NonClass: 24023K(24256K)->24023K(24256K) Class: 4868K(5056K)->4868K(5056K)
[3628.227s][info][gc             ] GC(859) Pause Young (Mixed) (G1 Evacuation Pause) 3668M->1322M(4096M) 131.103ms
[3628.227s][info][gc,cpu         ] GC(859) User=0.78s Sys=0.00s Real=0.13s
...[3631.105s][info][gc,start       ] GC(860) Pause Young (Concurrent Start) (G1 Evacuation Pause)
[3631.105s][info][gc,task        ] GC(860) Using 6 workers of 6 for evacuation
[3631.224s][info][gc,phases      ] GC(860)   Pre Evacuate Collection Set: 0.35ms
[3631.224s][info][gc,phases      ] GC(860)   Merge Heap Roots: 0.44ms
[3631.224s][info][gc,phases      ] GC(860)   Evacuate Collection Set: 116.71ms
[3631.224s][info][gc,phases      ] GC(860)   Post Evacuate Collection Set: 0.87ms
[3631.224s][info][gc,phases      ] GC(860)   Other: 0.11ms
[3631.224s][info][gc,heap        ] GC(860) Eden regions: 1121->0(1118)
[3631.224s][info][gc,heap        ] GC(860) Survivor regions: 107->110(154)
[3631.224s][info][gc,heap        ] GC(860) Old regions: 475->506
[3631.224s][info][gc,heap        ] GC(860) Humongous regions: 80->80
[3631.224s][info][gc,metaspace   ] GC(860) Metaspace: 28891K(29312K)->28891K(29312K) NonClass: 24023K(24256K)->24023K(24256K) Class: 4868K(5056K)->4868K(5056K)
[3631.224s][info][gc             ] GC(860) Pause Young (Concurrent Start) (G1 Evacuation Pause) 3564M->1391M(4096M) 118.631ms
[3631.224s][info][gc             ] GC(861) Concurrent Mark Cycle
[3631.224s][info][gc,marking     ] GC(861) Concurrent Scan Root Regions
[3631.224s][info][gc,cpu         ] GC(860) User=0.70s Sys=0.00s Real=0.12s
[3631.367s][info][gc,marking     ] GC(861) Concurrent Scan Root Regions 142.651ms
[3631.367s][info][gc,marking     ] GC(861) Concurrent Mark
[3631.367s][info][gc,marking     ] GC(861) Concurrent Mark From Roots
[3631.367s][info][gc,task        ] GC(861) Using 2 workers of 2 for marking
.[3632.052s][info][gc,marking     ] GC(861) Concurrent Mark From Roots 685.076ms
[3632.052s][info][gc,marking     ] GC(861) Concurrent Preclean
[3632.052s][info][gc,marking     ] GC(861) Concurrent Preclean 0.114ms
[3632.053s][info][gc,start       ] GC(861) Pause Remark
[3632.059s][info][gc             ] GC(861) Pause Remark 2081M->2081M(4096M) 5.589ms
[3632.059s][info][gc,cpu         ] GC(861) User=0.03s Sys=0.00s Real=0.01s
[3632.059s][info][gc,marking     ] GC(861) Concurrent Mark 692.490ms
[3632.059s][info][gc,marking     ] GC(861) Concurrent Rebuild Remembered Sets and Scrub Regions
[3632.309s][info][gc,marking     ] GC(861) Concurrent Rebuild Remembered Sets and Scrub Regions 249.505ms
[3632.309s][info][gc,start       ] GC(861) Pause Cleanup
[3632.309s][info][gc             ] GC(861) Pause Cleanup 2292M->2292M(4096M) 0.101ms
[3632.309s][info][gc,cpu         ] GC(861) User=0.00s Sys=0.00s Real=0.00s
[3632.309s][info][gc,marking     ] GC(861) Concurrent Clear Claimed Marks
[3632.309s][info][gc,marking     ] GC(861) Concurrent Clear Claimed Marks 0.028ms
[3632.309s][info][gc,marking     ] GC(861) Concurrent Cleanup for Next Mark
[3632.314s][info][gc,marking     ] GC(861) Concurrent Cleanup for Next Mark 4.656ms
[3632.314s][info][gc             ] GC(861) Concurrent Mark Cycle 1089.819ms
..[3634.008s][info][gc,start       ] GC(862) Pause Young (Prepare Mixed) (G1 Evacuation Pause)
[3634.008s][info][gc,task        ] GC(862) Using 6 workers of 6 for evacuation
[3634.127s][info][gc,phases      ] GC(862)   Pre Evacuate Collection Set: 0.34ms
[3634.127s][info][gc,phases      ] GC(862)   Merge Heap Roots: 0.52ms
[3634.127s][info][gc,phases      ] GC(862)   Evacuate Collection Set: 117.30ms
[3634.127s][info][gc,phases      ] GC(862)   Post Evacuate Collection Set: 0.89ms
[3634.127s][info][gc,phases      ] GC(862)   Other: 0.10ms
[3634.127s][info][gc,heap        ] GC(862) Eden regions: 1118->0(1105)
[3634.127s][info][gc,heap        ] GC(862) Survivor regions: 110->111(154)
[3634.127s][info][gc,heap        ] GC(862) Old regions: 506->538
[3634.127s][info][gc,heap        ] GC(862) Humongous regions: 80->80
[3634.127s][info][gc,metaspace   ] GC(862) Metaspace: 28891K(29312K)->28891K(29312K) NonClass: 24023K(24256K)->24023K(24256K) Class: 4868K(5056K)->4868K(5056K)
[3634.127s][info][gc             ] GC(862) Pause Young (Prepare Mixed) (G1 Evacuation Pause) 3627M->1456M(4096M) 119.277ms
[3634.127s][info][gc,cpu         ] GC(862) User=0.70s Sys=0.00s Real=0.12s
...[3636.944s][info][gc,start       ] GC(863) Pause Young (Mixed) (G1 Evacuation Pause)
[3636.944s][info][gc,task        ] GC(863) Using 6 workers of 6 for evacuation
[3637.074s][info][gc,phases      ] GC(863)   Pre Evacuate Collection Set: 0.38ms
[3637.074s][info][gc,phases      ] GC(863)   Merge Heap Roots: 0.71ms
[3637.074s][info][gc,phases      ] GC(863)   Evacuate Collection Set: 127.83ms
[3637.074s][info][gc,phases      ] GC(863)   Post Evacuate Collection Set: 0.93ms
[3637.074s][info][gc,phases      ] GC(863)   Other: 0.09ms
[3637.074s][info][gc,heap        ] GC(863) Eden regions: 1105->0(1121)
[3637.074s][info][gc,heap        ] GC(863) Survivor regions: 111->107(152)
[3637.074s][info][gc,heap        ] GC(863) Old regions: 538->474
[3637.074s][info][gc,heap        ] GC(863) Humongous regions: 80->80
[3637.074s][info][gc,metaspace   ] GC(863) Metaspace: 28891K(29312K)->28891K(29312K) NonClass: 24023K(24256K)->24023K(24256K) Class: 4868K(5056K)->4868K(5056K)
[3637.074s][info][gc             ] GC(863) Pause Young (Mixed) (G1 Evacuation Pause) 3666M->1321M(4096M) 130.085ms
[3637.074s][info][gc,cpu         ] GC(863) User=0.77s Sys=0.00s Real=0.13s
...[3639.902s][info][gc,start       ] GC(864) Pause Young (Concurrent Start) (G1 Evacuation Pause)
[3639.902s][info][gc,task        ] GC(864) Using 6 workers of 6 for evacuation
[3640.023s][info][gc,phases      ] GC(864)   Pre Evacuate Collection Set: 0.38ms
[3640.023s][info][gc,phases      ] GC(864)   Merge Heap Roots: 0.44ms
[3640.023s][info][gc,phases      ] GC(864)   Evacuate Collection Set: 119.11ms
[3640.023s][info][gc,phases      ] GC(864)   Post Evacuate Collection Set: 0.91ms
[3640.023s][info][gc,phases      ] GC(864)   Other: 0.12ms
[3640.023s][info][gc,heap        ] GC(864) Eden regions: 1121->0(1115)
[3640.023s][info][gc,heap        ] GC(864) Survivor regions: 107->113(154)
[3640.023s][info][gc,heap        ] GC(864) Old regions: 474->506
[3640.023s][info][gc,heap        ] GC(864) Humongous regions: 80->80
[3640.023s][info][gc,metaspace   ] GC(864) Metaspace: 28891K(29312K)->28891K(29312K) NonClass: 24023K(24256K)->24023K(24256K) Class: 4868K(5056K)->4868K(5056K)
[3640.023s][info][gc             ] GC(864) Pause Young (Concurrent Start) (G1 Evacuation Pause) 3563M->1395M(4096M) 121.078ms
[3640.023s][info][gc             ] GC(865) Concurrent Mark Cycle
[3640.023s][info][gc,marking     ] GC(865) Concurrent Scan Root Regions
[3640.023s][info][gc,cpu         ] GC(864) User=0.72s Sys=0.00s Real=0.12s
[3640.170s][info][gc,marking     ] GC(865) Concurrent Scan Root Regions 146.608ms
[3640.170s][info][gc,marking     ] GC(865) Concurrent Mark
[3640.170s][info][gc,marking     ] GC(865) Concurrent Mark From Roots
[3640.170s][info][gc,task        ] GC(865) Using 2 workers of 2 for marking
.[3640.863s][info][gc,marking     ] GC(865) Concurrent Mark From Roots 692.814ms
[3640.863s][info][gc,marking     ] GC(865) Concurrent Preclean
[3640.863s][info][gc,marking     ] GC(865) Concurrent Preclean 0.122ms
[3640.863s][info][gc,start       ] GC(865) Pause Remark
[3640.868s][info][gc             ] GC(865) Pause Remark 2057M->2057M(4096M) 4.999ms
[3640.868s][info][gc,cpu         ] GC(865) User=0.03s Sys=0.00s Real=0.01s
[3640.869s][info][gc,marking     ] GC(865) Concurrent Mark 699.014ms
[3640.869s][info][gc,marking     ] GC(865) Concurrent Rebuild Remembered Sets and Scrub Regions
[3641.136s][info][gc,marking     ] GC(865) Concurrent Rebuild Remembered Sets and Scrub Regions 266.924ms
[3641.136s][info][gc,start       ] GC(865) Pause Cleanup
[3641.137s][info][gc             ] GC(865) Pause Cleanup 2296M->2296M(4096M) 0.118ms
[3641.137s][info][gc,cpu         ] GC(865) User=0.00s Sys=0.00s Real=0.00s
[3641.137s][info][gc,marking     ] GC(865) Concurrent Clear Claimed Marks
[3641.137s][info][gc,marking     ] GC(865) Concurrent Clear Claimed Marks 0.028ms
[3641.137s][info][gc,marking     ] GC(865) Concurrent Cleanup for Next Mark
[3641.145s][info][gc,marking     ] GC(865) Concurrent Cleanup for Next Mark 8.654ms
[3641.145s][info][gc             ] GC(865) Concurrent Mark Cycle 1122.216ms
..[3642.884s][info][gc,start       ] GC(866) Pause Young (Prepare Mixed) (G1 Evacuation Pause)
[3642.884s][info][gc,task        ] GC(866) Using 6 workers of 6 for evacuation
[3643.000s][info][gc,phases      ] GC(866)   Pre Evacuate Collection Set: 0.35ms
[3643.000s][info][gc,phases      ] GC(866)   Merge Heap Roots: 0.52ms
[3643.000s][info][gc,phases      ] GC(866)   Evacuate Collection Set: 114.61ms
[3643.000s][info][gc,phases      ] GC(866)   Post Evacuate Collection Set: 0.93ms
[3643.000s][info][gc,phases      ] GC(866)   Other: 0.09ms
[3643.000s][info][gc,heap        ] GC(866) Eden regions: 1115->0(1110)
[3643.000s][info][gc,heap        ] GC(866) Survivor regions: 113->109(154)
[3643.000s][info][gc,heap        ] GC(866) Old regions: 506->537
[3643.000s][info][gc,heap        ] GC(866) Humongous regions: 80->80
[3643.000s][info][gc,metaspace   ] GC(866) Metaspace: 28891K(29312K)->28891K(29312K) NonClass: 24023K(24256K)->24023K(24256K) Class: 4868K(5056K)->4868K(5056K)
[3643.000s][info][gc             ] GC(866) Pause Young (Prepare Mixed) (G1 Evacuation Pause) 3625M->1450M(4096M) 116.623ms
[3643.001s][info][gc,cpu         ] GC(866) User=0.69s Sys=0.00s Real=0.11s
...[3645.791s][info][gc,start       ] GC(867) Pause Young (Mixed) (G1 Evacuation Pause)
[3645.791s][info][gc,task        ] GC(867) Using 6 workers of 6 for evacuation
[3645.924s][info][gc,phases      ] GC(867)   Pre Evacuate Collection Set: 0.39ms
[3645.924s][info][gc,phases      ] GC(867)   Merge Heap Roots: 0.65ms
[3645.924s][info][gc,phases      ] GC(867)   Evacuate Collection Set: 131.02ms
[3645.924s][info][gc,phases      ] GC(867)   Post Evacuate Collection Set: 0.96ms
[3645.924s][info][gc,phases      ] GC(867)   Other: 0.09ms
[3645.924s][info][gc,heap        ] GC(867) Eden regions: 1110->0(1118)
[3645.924s][info][gc,heap        ] GC(867) Survivor regions: 109->110(153)
[3645.924s][info][gc,heap        ] GC(867) Old regions: 537->474
[3645.924s][info][gc,heap        ] GC(867) Humongous regions: 80->80
[3645.924s][info][gc,metaspace   ] GC(867) Metaspace: 28891K(29312K)->28891K(29312K) NonClass: 24023K(24256K)->24023K(24256K) Class: 4868K(5056K)->4868K(5056K)
[3645.924s][info][gc             ] GC(867) Pause Young (Mixed) (G1 Evacuation Pause) 3670M->1326M(4096M) 133.245ms
[3645.924s][info][gc,cpu         ] GC(867) User=0.79s Sys=0.00s Real=0.14s
...[3648.757s][info][gc,start       ] GC(868) Pause Young (Concurrent Start) (G1 Evacuation Pause)
[3648.757s][info][gc,task        ] GC(868) Using 6 workers of 6 for evacuation
[3648.874s][info][gc,phases      ] GC(868)   Pre Evacuate Collection Set: 0.37ms
[3648.874s][info][gc,phases      ] GC(868)   Merge Heap Roots: 0.44ms
[3648.874s][info][gc,phases      ] GC(868)   Evacuate Collection Set: 115.43ms
[3648.874s][info][gc,phases      ] GC(868)   Post Evacuate Collection Set: 0.91ms
[3648.874s][info][gc,phases      ] GC(868)   Other: 0.11ms
[3648.874s][info][gc,heap        ] GC(868) Eden regions: 1118->0(1118)
[3648.874s][info][gc,heap        ] GC(868) Survivor regions: 110->110(154)
[3648.874s][info][gc,heap        ] GC(868) Old regions: 474->507
[3648.874s][info][gc,heap        ] GC(868) Humongous regions: 80->80
[3648.874s][info][gc,metaspace   ] GC(868) Metaspace: 28891K(29312K)->28891K(29312K) NonClass: 24023K(24256K)->24023K(24256K) Class: 4868K(5056K)->4868K(5056K)
[3648.874s][info][gc             ] GC(868) Pause Young (Concurrent Start) (G1 Evacuation Pause) 3562M->1392M(4096M) 117.403ms
[3648.875s][info][gc             ] GC(869) Concurrent Mark Cycle
[3648.875s][info][gc,marking     ] GC(869) Concurrent Scan Root Regions
[3648.875s][info][gc,cpu         ] GC(868) User=0.70s Sys=0.00s Real=0.12s
[3649.053s][info][gc,marking     ] GC(869) Concurrent Scan Root Regions 178.019ms
[3649.053s][info][gc,marking     ] GC(869) Concurrent Mark
[3649.053s][info][gc,marking     ] GC(869) Concurrent Mark From Roots
[3649.053s][info][gc,task        ] GC(869) Using 2 workers of 2 for marking
.[3649.824s][info][gc,marking     ] GC(869) Concurrent Mark From Roots 770.978ms
[3649.824s][info][gc,marking     ] GC(869) Concurrent Preclean
[3649.824s][info][gc,marking     ] GC(869) Concurrent Preclean 0.111ms
[3649.824s][info][gc,start       ] GC(869) Pause Remark
[3649.830s][info][gc             ] GC(869) Pause Remark 2182M->2182M(4096M) 5.234ms
[3649.830s][info][gc,cpu         ] GC(869) User=0.03s Sys=0.00s Real=0.00s
[3649.831s][info][gc,marking     ] GC(869) Concurrent Mark 777.960ms
[3649.831s][info][gc,marking     ] GC(869) Concurrent Rebuild Remembered Sets and Scrub Regions
[3650.088s][info][gc,marking     ] GC(869) Concurrent Rebuild Remembered Sets and Scrub Regions 257.222ms
[3650.089s][info][gc,start       ] GC(869) Pause Cleanup
[3650.089s][info][gc             ] GC(869) Pause Cleanup 2411M->2411M(4096M) 0.123ms
[3650.089s][info][gc,cpu         ] GC(869) User=0.00s Sys=0.00s Real=0.00s
[3650.090s][info][gc,marking     ] GC(869) Concurrent Clear Claimed Marks
[3650.090s][info][gc,marking     ] GC(869) Concurrent Clear Claimed Marks 0.032ms
[3650.090s][info][gc,marking     ] GC(869) Concurrent Cleanup for Next Mark
[3650.095s][info][gc,marking     ] GC(869) Concurrent Cleanup for Next Mark 5.382ms
[3650.095s][info][gc             ] GC(869) Concurrent Mark Cycle 1220.600ms
..[3651.731s][info][gc,start       ] GC(870) Pause Young (Prepare Mixed) (G1 Evacuation Pause)
[3651.731s][info][gc,task        ] GC(870) Using 6 workers of 6 for evacuation
[3651.850s][info][gc,phases      ] GC(870)   Pre Evacuate Collection Set: 0.33ms
[3651.851s][info][gc,phases      ] GC(870)   Merge Heap Roots: 0.54ms
[3651.851s][info][gc,phases      ] GC(870)   Evacuate Collection Set: 117.26ms
[3651.851s][info][gc,phases      ] GC(870)   Post Evacuate Collection Set: 0.92ms
[3651.851s][info][gc,phases      ] GC(870)   Other: 0.08ms
[3651.851s][info][gc,heap        ] GC(870) Eden regions: 1118->0(1103)
[3651.851s][info][gc,heap        ] GC(870) Survivor regions: 110->112(154)
[3651.851s][info][gc,heap        ] GC(870) Old regions: 507->538
[3651.851s][info][gc,heap        ] GC(870) Humongous regions: 80->80
[3651.851s][info][gc,metaspace   ] GC(870) Metaspace: 28891K(29312K)->28891K(29312K) NonClass: 24023K(24256K)->24023K(24256K) Class: 4868K(5056K)->4868K(5056K)
[3651.851s][info][gc             ] GC(870) Pause Young (Prepare Mixed) (G1 Evacuation Pause) 3628M->1457M(4096M) 119.294ms
[3651.851s][info][gc,cpu         ] GC(870) User=0.71s Sys=0.00s Real=0.12s
...[3654.638s][info][gc,start       ] GC(871) Pause Young (Mixed) (G1 Evacuation Pause)
[3654.638s][info][gc,task        ] GC(871) Using 6 workers of 6 for evacuation
[3654.773s][info][gc,phases      ] GC(871)   Pre Evacuate Collection Set: 0.39ms
[3654.773s][info][gc,phases      ] GC(871)   Merge Heap Roots: 0.65ms
[3654.773s][info][gc,phases      ] GC(871)   Evacuate Collection Set: 132.73ms
[3654.773s][info][gc,phases      ] GC(871)   Post Evacuate Collection Set: 0.96ms
[3654.773s][info][gc,phases      ] GC(871)   Other: 0.09ms
[3654.773s][info][gc,heap        ] GC(871) Eden regions: 1103->0(1116)
[3654.773s][info][gc,heap        ] GC(871) Survivor regions: 112->112(152)
[3654.773s][info][gc,heap        ] GC(871) Old regions: 538->475
[3654.773s][info][gc,heap        ] GC(871) Humongous regions: 80->80
[3654.773s][info][gc,metaspace   ] GC(871) Metaspace: 28891K(29312K)->28891K(29312K) NonClass: 24023K(24256K)->24023K(24256K) Class: 4868K(5056K)->4868K(5056K)
[3654.773s][info][gc             ] GC(871) Pause Young (Mixed) (G1 Evacuation Pause) 3663M->1333M(4096M) 134.958ms
[3654.773s][info][gc,cpu         ] GC(871) User=0.79s Sys=0.00s Real=0.13s
...[3657.647s][info][gc,start       ] GC(872) Pause Young (Concurrent Start) (G1 Evacuation Pause)
[3657.647s][info][gc,task        ] GC(872) Using 6 workers of 6 for evacuation
[3657.771s][info][gc,phases      ] GC(872)   Pre Evacuate Collection Set: 0.37ms
[3657.771s][info][gc,phases      ] GC(872)   Merge Heap Roots: 0.47ms
[3657.771s][info][gc,phases      ] GC(872)   Evacuate Collection Set: 122.43ms
[3657.771s][info][gc,phases      ] GC(872)   Post Evacuate Collection Set: 0.90ms
[3657.771s][info][gc,phases      ] GC(872)   Other: 0.14ms
[3657.771s][info][gc,heap        ] GC(872) Eden regions: 1116->0(1114)
[3657.771s][info][gc,heap        ] GC(872) Survivor regions: 112->114(154)
[3657.771s][info][gc,heap        ] GC(872) Old regions: 475->508
[3657.771s][info][gc,heap        ] GC(872) Humongous regions: 80->80
[3657.772s][info][gc,metaspace   ] GC(872) Metaspace: 28891K(29312K)->28891K(29312K) NonClass: 24023K(24256K)->24023K(24256K) Class: 4868K(5056K)->4868K(5056K)
[3657.772s][info][gc             ] GC(872) Pause Young (Concurrent Start) (G1 Evacuation Pause) 3565M->1402M(4096M) 124.420ms
[3657.772s][info][gc             ] GC(873) Concurrent Mark Cycle
[3657.772s][info][gc,marking     ] GC(873) Concurrent Scan Root Regions
[3657.772s][info][gc,cpu         ] GC(872) User=0.74s Sys=0.00s Real=0.12s
[3657.922s][info][gc,marking     ] GC(873) Concurrent Scan Root Regions 150.684ms
[3657.922s][info][gc,marking     ] GC(873) Concurrent Mark
[3657.922s][info][gc,marking     ] GC(873) Concurrent Mark From Roots
[3657.922s][info][gc,task        ] GC(873) Using 2 workers of 2 for marking
.[3658.626s][info][gc,marking     ] GC(873) Concurrent Mark From Roots 703.818ms
[3658.626s][info][gc,marking     ] GC(873) Concurrent Preclean
[3658.626s][info][gc,marking     ] GC(873) Concurrent Preclean 0.075ms
[3658.626s][info][gc,start       ] GC(873) Pause Remark
[3658.632s][info][gc             ] GC(873) Pause Remark 2151M->2151M(4096M) 5.304ms
[3658.632s][info][gc,cpu         ] GC(873) User=0.03s Sys=0.01s Real=0.00s
[3658.634s][info][gc,marking     ] GC(873) Concurrent Mark 711.316ms
[3658.634s][info][gc,marking     ] GC(873) Concurrent Rebuild Remembered Sets and Scrub Regions
[3658.885s][info][gc,marking     ] GC(873) Concurrent Rebuild Remembered Sets and Scrub Regions 250.861ms
[3658.885s][info][gc,start       ] GC(873) Pause Cleanup
[3658.885s][info][gc             ] GC(873) Pause Cleanup 2360M->2360M(4096M) 0.116ms
[3658.885s][info][gc,cpu         ] GC(873) User=0.00s Sys=0.00s Real=0.00s
[3658.885s][info][gc,marking     ] GC(873) Concurrent Clear Claimed Marks
[3658.885s][info][gc,marking     ] GC(873) Concurrent Clear Claimed Marks 0.035ms
[3658.885s][info][gc,marking     ] GC(873) Concurrent Cleanup for Next Mark
[3658.890s][info][gc,marking     ] GC(873) Concurrent Cleanup for Next Mark 4.937ms
[3658.890s][info][gc             ] GC(873) Concurrent Mark Cycle 1118.380ms
. (rIR:aIR:PR = 6365:6367:6367) (tPR = 94903) [OK] 
  3659s: Performance info:
         Transaction,    Success,    Partial,     Failed,   Receipts, AvgBarcode, 
             Overall,     384615,          0,          0,     365393,      59.48, 
         Response times:
             Request,    Success,    Partial,     Failed,   SkipFail,     Probes,    Samples,      min,      p50,      p90,      p95,      p99,      max, 
       TotalPurchase,     365388,          0,          0,          0,     357831,     396673,      300,     5400,    36000,    67000,   116000,   332000,
     InStorePurchase,     192311,          0,          0,          0,     188640,     208860,      300,     5500,    36000,    68000,   115000,   248000,
      OnlinePurchase,     134602,          0,          0,          0,     131744,     145814,      300,     5400,    35000,    66000,   116000,   332000,
        InstPurchase,      38475,          0,          0,          0,      37447,      41999,      400,     5500,    36000,    69000,   117000,   228000,
          AssocOfCat,        382,          0,          0,          0,        315,        417,    23000,    36000,    85200,   114600,   173100,   239000,
      AssocOfProduct,       3853,          0,          0,          0,       3560,       4117,      900,     6900,    45200,    77000,   122640,   166000,
      BusinessReport,        966,          0,          0,          0,        833,       1032,    26000,    41000,   103000,   153000,   200340,   247000,
          CustBuyBeh,       3842,          0,          0,          0,       3659,       4365,      200,     4000,    30000,    61000,   106000,   232000,
       ProductReturn,      10188,          0,          0,          0,       9757,      11089,      200,     5200,    35000,    66000,   110000,   218000,

  3659s: (47%)   IR =   6503 [3660.516s][info][gc,start       ] GC(874) Pause Young (Prepare Mixed) (G1 Evacuation Pause)
[3660.516s][info][gc,task        ] GC(874) Using 6 workers of 6 for evacuation
[3660.637s][info][gc,phases      ] GC(874)   Pre Evacuate Collection Set: 0.34ms
[3660.637s][info][gc,phases      ] GC(874)   Merge Heap Roots: 0.50ms
[3660.637s][info][gc,phases      ] GC(874)   Evacuate Collection Set: 119.00ms
[3660.637s][info][gc,phases      ] GC(874)   Post Evacuate Collection Set: 0.91ms
[3660.637s][info][gc,phases      ] GC(874)   Other: 0.09ms
[3660.637s][info][gc,heap        ] GC(874) Eden regions: 1114->0(1102)
[3660.637s][info][gc,heap        ] GC(874) Survivor regions: 114->112(154)
[3660.637s][info][gc,heap        ] GC(874) Old regions: 508->539
[3660.637s][info][gc,heap        ] GC(874) Humongous regions: 80->80
[3660.637s][info][gc,metaspace   ] GC(874) Metaspace: 28892K(29312K)->28892K(29312K) NonClass: 24024K(24256K)->24024K(24256K) Class: 4868K(5056K)->4868K(5056K)
[3660.637s][info][gc             ] GC(874) Pause Young (Prepare Mixed) (G1 Evacuation Pause) 3630M->1460M(4096M) 120.982ms
[3660.637s][info][gc,cpu         ] GC(874) User=0.71s Sys=0.00s Real=0.12s
...[3663.416s][info][gc,start       ] GC(875) Pause Young (Mixed) (G1 Evacuation Pause)
[3663.416s][info][gc,task        ] GC(875) Using 6 workers of 6 for evacuation
[3663.549s][info][gc,phases      ] GC(875)   Pre Evacuate Collection Set: 0.34ms
[3663.549s][info][gc,phases      ] GC(875)   Merge Heap Roots: 0.58ms
[3663.549s][info][gc,phases      ] GC(875)   Evacuate Collection Set: 131.42ms
[3663.549s][info][gc,phases      ] GC(875)   Post Evacuate Collection Set: 0.94ms
[3663.549s][info][gc,phases      ] GC(875)   Other: 0.08ms
[3663.549s][info][gc,heap        ] GC(875) Eden regions: 1102->0(1116)
[3663.549s][info][gc,heap        ] GC(875) Survivor regions: 112->112(152)
[3663.549s][info][gc,heap        ] GC(875) Old regions: 539->477
[3663.549s][info][gc,heap        ] GC(875) Humongous regions: 80->80
[3663.549s][info][gc,metaspace   ] GC(875) Metaspace: 28892K(29312K)->28892K(29312K) NonClass: 24024K(24256K)->24024K(24256K) Class: 4868K(5056K)->4868K(5056K)
[3663.549s][info][gc             ] GC(875) Pause Young (Mixed) (G1 Evacuation Pause) 3664M->1336M(4096M) 133.494ms
[3663.549s][info][gc,cpu         ] GC(875) User=0.79s Sys=0.00s Real=0.13s
...[3666.294s][info][gc,start       ] GC(876) Pause Young (Concurrent Start) (G1 Evacuation Pause)
[3666.294s][info][gc,task        ] GC(876) Using 6 workers of 6 for evacuation
[3666.414s][info][gc,phases      ] GC(876)   Pre Evacuate Collection Set: 0.35ms
[3666.414s][info][gc,phases      ] GC(876)   Merge Heap Roots: 0.46ms
[3666.414s][info][gc,phases      ] GC(876)   Evacuate Collection Set: 117.80ms
[3666.414s][info][gc,phases      ] GC(876)   Post Evacuate Collection Set: 0.89ms
[3666.414s][info][gc,phases      ] GC(876)   Other: 0.11ms
[3666.414s][info][gc,heap        ] GC(876) Eden regions: 1116->0(1117)
[3666.414s][info][gc,heap        ] GC(876) Survivor regions: 112->111(154)
[3666.414s][info][gc,heap        ] GC(876) Old regions: 477->508
[3666.414s][info][gc,heap        ] GC(876) Humongous regions: 80->80
[3666.414s][info][gc,metaspace   ] GC(876) Metaspace: 28892K(29312K)->28892K(29312K) NonClass: 24024K(24256K)->24024K(24256K) Class: 4868K(5056K)->4868K(5056K)
[3666.414s][info][gc             ] GC(876) Pause Young (Concurrent Start) (G1 Evacuation Pause) 3568M->1396M(4096M) 119.753ms
[3666.414s][info][gc             ] GC(877) Concurrent Mark Cycle
[3666.414s][info][gc,marking     ] GC(877) Concurrent Scan Root Regions
[3666.414s][info][gc,cpu         ] GC(876) User=0.71s Sys=0.00s Real=0.12s
[3666.597s][info][gc,marking     ] GC(877) Concurrent Scan Root Regions 183.096ms
[3666.597s][info][gc,marking     ] GC(877) Concurrent Mark
[3666.597s][info][gc,marking     ] GC(877) Concurrent Mark From Roots
[3666.597s][info][gc,task        ] GC(877) Using 2 workers of 2 for marking
.[3667.509s][info][gc,marking     ] GC(877) Concurrent Mark From Roots 912.239ms
[3667.509s][info][gc,marking     ] GC(877) Concurrent Preclean
[3667.509s][info][gc,marking     ] GC(877) Concurrent Preclean 0.144ms
[3667.510s][info][gc,start       ] GC(877) Pause Remark
[3667.516s][info][gc             ] GC(877) Pause Remark 2316M->2316M(4096M) 6.186ms
[3667.516s][info][gc,cpu         ] GC(877) User=0.03s Sys=0.00s Real=0.01s
[3667.516s][info][gc,marking     ] GC(877) Concurrent Mark 918.894ms
[3667.516s][info][gc,marking     ] GC(877) Concurrent Rebuild Remembered Sets and Scrub Regions
[3667.814s][info][gc,marking     ] GC(877) Concurrent Rebuild Remembered Sets and Scrub Regions 298.477ms
[3667.814s][info][gc,start       ] GC(877) Pause Cleanup
[3667.815s][info][gc             ] GC(877) Pause Cleanup 2547M->2547M(4096M) 0.124ms
[3667.815s][info][gc,cpu         ] GC(877) User=0.00s Sys=0.00s Real=0.00s
[3667.815s][info][gc,marking     ] GC(877) Concurrent Clear Claimed Marks
[3667.815s][info][gc,marking     ] GC(877) Concurrent Clear Claimed Marks 0.026ms
[3667.815s][info][gc,marking     ] GC(877) Concurrent Cleanup for Next Mark
[3667.820s][info][gc,marking     ] GC(877) Concurrent Cleanup for Next Mark 5.014ms
[3667.820s][info][gc             ] GC(877) Concurrent Mark Cycle 1406.034ms
..[3669.157s][info][gc,start       ] GC(878) Pause Young (Prepare Mixed) (G1 Evacuation Pause)
[3669.157s][info][gc,task        ] GC(878) Using 6 workers of 6 for evacuation
[3669.274s][info][gc,phases      ] GC(878)   Pre Evacuate Collection Set: 0.35ms
[3669.274s][info][gc,phases      ] GC(878)   Merge Heap Roots: 0.50ms
[3669.274s][info][gc,phases      ] GC(878)   Evacuate Collection Set: 114.99ms
[3669.274s][info][gc,phases      ] GC(878)   Post Evacuate Collection Set: 0.94ms
[3669.274s][info][gc,phases      ] GC(878)   Other: 0.09ms
[3669.274s][info][gc,heap        ] GC(878) Eden regions: 1117->0(1108)
[3669.274s][info][gc,heap        ] GC(878) Survivor regions: 111->108(154)
[3669.274s][info][gc,heap        ] GC(878) Old regions: 508->541
[3669.274s][info][gc,heap        ] GC(878) Humongous regions: 80->80
[3669.274s][info][gc,metaspace   ] GC(878) Metaspace: 28892K(29312K)->28892K(29312K) NonClass: 24024K(24256K)->24024K(24256K) Class: 4868K(5056K)->4868K(5056K)
[3669.274s][info][gc             ] GC(878) Pause Young (Prepare Mixed) (G1 Evacuation Pause) 3630M->1456M(4096M) 117.035ms
[3669.274s][info][gc,cpu         ] GC(878) User=0.70s Sys=0.00s Real=0.12s
...|[3672.010s][info][gc,start       ] GC(879) Pause Young (Mixed) (G1 Evacuation Pause)
[3672.010s][info][gc,task        ] GC(879) Using 6 workers of 6 for evacuation
[3672.143s][info][gc,phases      ] GC(879)   Pre Evacuate Collection Set: 0.36ms
[3672.143s][info][gc,phases      ] GC(879)   Merge Heap Roots: 0.71ms
[3672.143s][info][gc,phases      ] GC(879)   Evacuate Collection Set: 131.26ms
[3672.143s][info][gc,phases      ] GC(879)   Post Evacuate Collection Set: 0.95ms
[3672.143s][info][gc,phases      ] GC(879)   Other: 0.09ms
[3672.143s][info][gc,heap        ] GC(879) Eden regions: 1108->0(1118)
[3672.143s][info][gc,heap        ] GC(879) Survivor regions: 108->110(152)
[3672.143s][info][gc,heap        ] GC(879) Old regions: 541->474
[3672.143s][info][gc,heap        ] GC(879) Humongous regions: 80->80
[3672.143s][info][gc,metaspace   ] GC(879) Metaspace: 28892K(29312K)->28892K(29312K) NonClass: 24024K(24256K)->24024K(24256K) Class: 4868K(5056K)->4868K(5056K)
[3672.143s][info][gc             ] GC(879) Pause Young (Mixed) (G1 Evacuation Pause) 3672M->1326M(4096M) 133.509ms
[3672.143s][info][gc,cpu         ] GC(879) User=0.79s Sys=0.00s Real=0.13s
...[3674.934s][info][gc,start       ] GC(880) Pause Young (Concurrent Start) (G1 Evacuation Pause)
[3674.934s][info][gc,task        ] GC(880) Using 6 workers of 6 for evacuation
[3675.052s][info][gc,phases      ] GC(880)   Pre Evacuate Collection Set: 0.40ms
[3675.052s][info][gc,phases      ] GC(880)   Merge Heap Roots: 0.43ms
[3675.052s][info][gc,phases      ] GC(880)   Evacuate Collection Set: 115.52ms
[3675.052s][info][gc,phases      ] GC(880)   Post Evacuate Collection Set: 0.88ms
[3675.052s][info][gc,phases      ] GC(880)   Other: 0.12ms
[3675.052s][info][gc,heap        ] GC(880) Eden regions: 1118->0(1119)
[3675.052s][info][gc,heap        ] GC(880) Survivor regions: 110->109(154)
[3675.052s][info][gc,heap        ] GC(880) Old regions: 474->506
[3675.052s][info][gc,heap        ] GC(880) Humongous regions: 80->80
[3675.052s][info][gc,metaspace   ] GC(880) Metaspace: 28892K(29312K)->28892K(29312K) NonClass: 24024K(24256K)->24024K(24256K) Class: 4868K(5056K)->4868K(5056K)
[3675.052s][info][gc             ] GC(880) Pause Young (Concurrent Start) (G1 Evacuation Pause) 3562M->1389M(4096M) 117.501ms
[3675.052s][info][gc             ] GC(881) Concurrent Mark Cycle
[3675.052s][info][gc,marking     ] GC(881) Concurrent Scan Root Regions
[3675.052s][info][gc,cpu         ] GC(880) User=0.69s Sys=0.01s Real=0.11s
[3675.275s][info][gc,marking     ] GC(881) Concurrent Scan Root Regions 222.926ms
[3675.275s][info][gc,marking     ] GC(881) Concurrent Mark
[3675.275s][info][gc,marking     ] GC(881) Concurrent Mark From Roots
[3675.275s][info][gc,task        ] GC(881) Using 2 workers of 2 for marking
.[3676.138s][info][gc,marking     ] GC(881) Concurrent Mark From Roots 863.800ms
[3676.139s][info][gc,marking     ] GC(881) Concurrent Preclean
[3676.139s][info][gc,marking     ] GC(881) Concurrent Preclean 0.096ms
[3676.139s][info][gc,start       ] GC(881) Pause Remark
[3676.144s][info][gc             ] GC(881) Pause Remark 2282M->2282M(4096M) 4.973ms
[3676.144s][info][gc,cpu         ] GC(881) User=0.02s Sys=0.00s Real=0.01s
[3676.144s][info][gc,marking     ] GC(881) Concurrent Mark 869.135ms
[3676.144s][info][gc,marking     ] GC(881) Concurrent Rebuild Remembered Sets and Scrub Regions
[3676.392s][info][gc,marking     ] GC(881) Concurrent Rebuild Remembered Sets and Scrub Regions 248.516ms
[3676.392s][info][gc,start       ] GC(881) Pause Cleanup
[3676.393s][info][gc             ] GC(881) Pause Cleanup 2472M->2472M(4096M) 0.107ms
[3676.393s][info][gc,cpu         ] GC(881) User=0.00s Sys=0.00s Real=0.00s
[3676.393s][info][gc,marking     ] GC(881) Concurrent Clear Claimed Marks
[3676.393s][info][gc,marking     ] GC(881) Concurrent Clear Claimed Marks 0.022ms
[3676.393s][info][gc,marking     ] GC(881) Concurrent Cleanup for Next Mark
[3676.396s][info][gc,marking     ] GC(881) Concurrent Cleanup for Next Mark 3.542ms
[3676.396s][info][gc             ] GC(881) Concurrent Mark Cycle 1344.558ms
.[3677.832s][info][gc,start       ] GC(882) Pause Young (Prepare Mixed) (G1 Evacuation Pause)
[3677.832s][info][gc,task        ] GC(882) Using 6 workers of 6 for evacuation
[3677.948s][info][gc,phases      ] GC(882)   Pre Evacuate Collection Set: 0.35ms
[3677.948s][info][gc,phases      ] GC(882)   Merge Heap Roots: 0.52ms
[3677.948s][info][gc,phases      ] GC(882)   Evacuate Collection Set: 114.82ms
[3677.948s][info][gc,phases      ] GC(882)   Post Evacuate Collection Set: 0.92ms
[3677.948s][info][gc,phases      ] GC(882)   Other: 0.09ms
[3677.948s][info][gc,heap        ] GC(882) Eden regions: 1119->0(1110)
[3677.948s][info][gc,heap        ] GC(882) Survivor regions: 109->109(154)
[3677.948s][info][gc,heap        ] GC(882) Old regions: 506->537
[3677.948s][info][gc,heap        ] GC(882) Humongous regions: 80->80
[3677.948s][info][gc,metaspace   ] GC(882) Metaspace: 28892K(29312K)->28892K(29312K) NonClass: 24024K(24256K)->24024K(24256K) Class: 4868K(5056K)->4868K(5056K)
[3677.948s][info][gc             ] GC(882) Pause Young (Prepare Mixed) (G1 Evacuation Pause) 3627M->1450M(4096M) 116.859ms
[3677.949s][info][gc,cpu         ] GC(882) User=0.69s Sys=0.00s Real=0.12s
...[3680.732s][info][gc,start       ] GC(883) Pause Young (Mixed) (G1 Evacuation Pause)
[3680.732s][info][gc,task        ] GC(883) Using 6 workers of 6 for evacuation
[3680.868s][info][gc,phases      ] GC(883)   Pre Evacuate Collection Set: 0.37ms
[3680.868s][info][gc,phases      ] GC(883)   Merge Heap Roots: 0.67ms
[3680.868s][info][gc,phases      ] GC(883)   Evacuate Collection Set: 134.19ms
[3680.868s][info][gc,phases      ] GC(883)   Post Evacuate Collection Set: 0.94ms
[3680.868s][info][gc,phases      ] GC(883)   Other: 0.09ms
[3680.868s][info][gc,heap        ] GC(883) Eden regions: 1110->0(1115)
[3680.868s][info][gc,heap        ] GC(883) Survivor regions: 109->113(153)
[3680.868s][info][gc,heap        ] GC(883) Old regions: 537->474
[3680.868s][info][gc,heap        ] GC(883) Humongous regions: 80->80
[3680.868s][info][gc,metaspace   ] GC(883) Metaspace: 28892K(29312K)->28892K(29312K) NonClass: 24024K(24256K)->24024K(24256K) Class: 4868K(5056K)->4868K(5056K)
[3680.868s][info][gc             ] GC(883) Pause Young (Mixed) (G1 Evacuation Pause) 3670M->1333M(4096M) 136.381ms
[3680.868s][info][gc,cpu         ] GC(883) User=0.81s Sys=0.00s Real=0.14s
...[3683.619s][info][gc,start       ] GC(884) Pause Young (Concurrent Start) (G1 Evacuation Pause)
[3683.619s][info][gc,task        ] GC(884) Using 6 workers of 6 for evacuation
[3683.742s][info][gc,phases      ] GC(884)   Pre Evacuate Collection Set: 0.38ms
[3683.742s][info][gc,phases      ] GC(884)   Merge Heap Roots: 0.44ms
[3683.742s][info][gc,phases      ] GC(884)   Evacuate Collection Set: 120.62ms
[3683.742s][info][gc,phases      ] GC(884)   Post Evacuate Collection Set: 0.88ms
[3683.742s][info][gc,phases      ] GC(884)   Other: 0.11ms
[3683.742s][info][gc,heap        ] GC(884) Eden regions: 1115->0(1115)
[3683.742s][info][gc,heap        ] GC(884) Survivor regions: 113->113(154)
[3683.742s][info][gc,heap        ] GC(884) Old regions: 474->505
[3683.742s][info][gc,heap        ] GC(884) Humongous regions: 80->80
[3683.742s][info][gc,metaspace   ] GC(884) Metaspace: 28892K(29312K)->28892K(29312K) NonClass: 24024K(24256K)->24024K(24256K) Class: 4868K(5056K)->4868K(5056K)
[3683.742s][info][gc             ] GC(884) Pause Young (Concurrent Start) (G1 Evacuation Pause) 3563M->1395M(4096M) 122.559ms
[3683.742s][info][gc             ] GC(885) Concurrent Mark Cycle
[3683.742s][info][gc,marking     ] GC(885) Concurrent Scan Root Regions
[3683.742s][info][gc,cpu         ] GC(884) User=0.72s Sys=0.00s Real=0.12s
[3683.886s][info][gc,marking     ] GC(885) Concurrent Scan Root Regions 144.228ms
[3683.886s][info][gc,marking     ] GC(885) Concurrent Mark
[3683.886s][info][gc,marking     ] GC(885) Concurrent Mark From Roots
[3683.886s][info][gc,task        ] GC(885) Using 2 workers of 2 for marking
.[3684.579s][info][gc,marking     ] GC(885) Concurrent Mark From Roots 692.654ms
[3684.579s][info][gc,marking     ] GC(885) Concurrent Preclean
[3684.579s][info][gc,marking     ] GC(885) Concurrent Preclean 0.080ms
[3684.579s][info][gc,start       ] GC(885) Pause Remark
[3684.585s][info][gc             ] GC(885) Pause Remark 2118M->2118M(4096M) 5.374ms
[3684.585s][info][gc,cpu         ] GC(885) User=0.03s Sys=0.00s Real=0.01s
[3684.585s][info][gc,marking     ] GC(885) Concurrent Mark 698.518ms
[3684.585s][info][gc,marking     ] GC(885) Concurrent Rebuild Remembered Sets and Scrub Regions
[3684.833s][info][gc,marking     ] GC(885) Concurrent Rebuild Remembered Sets and Scrub Regions 248.226ms
[3684.833s][info][gc,start       ] GC(885) Pause Cleanup
[3684.834s][info][gc             ] GC(885) Pause Cleanup 2285M->2285M(4096M) 0.125ms
[3684.834s][info][gc,cpu         ] GC(885) User=0.00s Sys=0.00s Real=0.01s
[3684.834s][info][gc,marking     ] GC(885) Concurrent Clear Claimed Marks
[3684.834s][info][gc,marking     ] GC(885) Concurrent Clear Claimed Marks 0.021ms
[3684.834s][info][gc,marking     ] GC(885) Concurrent Cleanup for Next Mark
[3684.838s][info][gc,marking     ] GC(885) Concurrent Cleanup for Next Mark 4.734ms
[3684.838s][info][gc             ] GC(885) Concurrent Mark Cycle 1096.631ms
..[3686.488s][info][gc,start       ] GC(886) Pause Young (Prepare Mixed) (G1 Evacuation Pause)
[3686.488s][info][gc,task        ] GC(886) Using 6 workers of 6 for evacuation
[3686.611s][info][gc,phases      ] GC(886)   Pre Evacuate Collection Set: 0.34ms
[3686.611s][info][gc,phases      ] GC(886)   Merge Heap Roots: 0.48ms
[3686.611s][info][gc,phases      ] GC(886)   Evacuate Collection Set: 121.24ms
[3686.611s][info][gc,phases      ] GC(886)   Post Evacuate Collection Set: 0.93ms
[3686.611s][info][gc,phases      ] GC(886)   Other: 0.10ms
[3686.611s][info][gc,heap        ] GC(886) Eden regions: 1115->0(1098)
[3686.611s][info][gc,heap        ] GC(886) Survivor regions: 113->115(154)
[3686.611s][info][gc,heap        ] GC(886) Old regions: 505->537
[3686.611s][info][gc,heap        ] GC(886) Humongous regions: 80->80
[3686.611s][info][gc,metaspace   ] GC(886) Metaspace: 28892K(29312K)->28892K(29312K) NonClass: 24024K(24256K)->24024K(24256K) Class: 4868K(5056K)->4868K(5056K)
[3686.611s][info][gc             ] GC(886) Pause Young (Prepare Mixed) (G1 Evacuation Pause) 3625M->1463M(4096M) 123.205ms
[3686.611s][info][gc,cpu         ] GC(886) User=0.72s Sys=0.00s Real=0.12s
...[3689.383s][info][gc,start       ] GC(887) Pause Young (Mixed) (G1 Evacuation Pause)
[3689.383s][info][gc,task        ] GC(887) Using 6 workers of 6 for evacuation
[3689.516s][info][gc,phases      ] GC(887)   Pre Evacuate Collection Set: 0.38ms
[3689.516s][info][gc,phases      ] GC(887)   Merge Heap Roots: 0.64ms
[3689.516s][info][gc,phases      ] GC(887)   Evacuate Collection Set: 130.49ms
[3689.516s][info][gc,phases      ] GC(887)   Post Evacuate Collection Set: 0.97ms
[3689.516s][info][gc,phases      ] GC(887)   Other: 0.08ms
[3689.516s][info][gc,heap        ] GC(887) Eden regions: 1098->0(1119)
[3689.516s][info][gc,heap        ] GC(887) Survivor regions: 115->109(152)
[3689.516s][info][gc,heap        ] GC(887) Old regions: 537->476
[3689.516s][info][gc,heap        ] GC(887) Humongous regions: 80->80
[3689.516s][info][gc,metaspace   ] GC(887) Metaspace: 28892K(29312K)->28892K(29312K) NonClass: 24024K(24256K)->24024K(24256K) Class: 4868K(5056K)->4868K(5056K)
[3689.516s][info][gc             ] GC(887) Pause Young (Mixed) (G1 Evacuation Pause) 3659M->1328M(4096M) 132.697ms
[3689.516s][info][gc,cpu         ] GC(887) User=0.79s Sys=0.00s Real=0.14s
...[3692.250s][info][gc,start       ] GC(888) Pause Young (Concurrent Start) (G1 Evacuation Pause)
[3692.250s][info][gc,task        ] GC(888) Using 6 workers of 6 for evacuation
[3692.372s][info][gc,phases      ] GC(888)   Pre Evacuate Collection Set: 0.35ms
[3692.372s][info][gc,phases      ] GC(888)   Merge Heap Roots: 0.51ms
[3692.372s][info][gc,phases      ] GC(888)   Evacuate Collection Set: 121.04ms
[3692.372s][info][gc,phases      ] GC(888)   Post Evacuate Collection Set: 0.88ms
[3692.372s][info][gc,phases      ] GC(888)   Other: 0.11ms
[3692.372s][info][gc,heap        ] GC(888) Eden regions: 1119->0(1114)
[3692.373s][info][gc,heap        ] GC(888) Survivor regions: 109->114(154)
[3692.373s][info][gc,heap        ] GC(888) Old regions: 476->508
[3692.373s][info][gc,heap        ] GC(888) Humongous regions: 80->80
[3692.373s][info][gc,metaspace   ] GC(888) Metaspace: 28892K(29312K)->28892K(29312K) NonClass: 24024K(24256K)->24024K(24256K) Class: 4868K(5056K)->4868K(5056K)
[3692.373s][info][gc             ] GC(888) Pause Young (Concurrent Start) (G1 Evacuation Pause) 3566M->1401M(4096M) 123.021ms
[3692.373s][info][gc             ] GC(889) Concurrent Mark Cycle
[3692.373s][info][gc,marking     ] GC(889) Concurrent Scan Root Regions
[3692.373s][info][gc,cpu         ] GC(888) User=0.72s Sys=0.00s Real=0.12s
[3692.556s][info][gc,marking     ] GC(889) Concurrent Scan Root Regions 183.733ms
[3692.556s][info][gc,marking     ] GC(889) Concurrent Mark
[3692.556s][info][gc,marking     ] GC(889) Concurrent Mark From Roots
[3692.556s][info][gc,task        ] GC(889) Using 2 workers of 2 for marking
.[3693.554s][info][gc,marking     ] GC(889) Concurrent Mark From Roots 997.838ms
[3693.554s][info][gc,marking     ] GC(889) Concurrent Preclean
[3693.554s][info][gc,marking     ] GC(889) Concurrent Preclean 0.108ms
[3693.555s][info][gc,start       ] GC(889) Pause Remark
[3693.560s][info][gc             ] GC(889) Pause Remark 2422M->2422M(4096M) 5.567ms
[3693.560s][info][gc,cpu         ] GC(889) User=0.03s Sys=0.00s Real=0.00s
[3693.560s][info][gc,marking     ] GC(889) Concurrent Mark 1003.886ms
[3693.560s][info][gc,marking     ] GC(889) Concurrent Rebuild Remembered Sets and Scrub Regions
[3693.921s][info][gc,marking     ] GC(889) Concurrent Rebuild Remembered Sets and Scrub Regions 360.607ms
[3693.921s][info][gc,start       ] GC(889) Pause Cleanup
[3693.921s][info][gc             ] GC(889) Pause Cleanup 2701M->2701M(4096M) 0.118ms
[3693.921s][info][gc,cpu         ] GC(889) User=0.00s Sys=0.00s Real=0.00s
[3693.922s][info][gc,marking     ] GC(889) Concurrent Clear Claimed Marks
[3693.922s][info][gc,marking     ] GC(889) Concurrent Clear Claimed Marks 0.038ms
[3693.922s][info][gc,marking     ] GC(889) Concurrent Cleanup for Next Mark
[3693.926s][info][gc,marking     ] GC(889) Concurrent Cleanup for Next Mark 3.657ms
[3693.926s][info][gc             ] GC(889) Concurrent Mark Cycle 1553.043ms
.[3695.159s][info][gc,start       ] GC(890) Pause Young (Prepare Mixed) (G1 Evacuation Pause)
[3695.159s][info][gc,task        ] GC(890) Using 6 workers of 6 for evacuation
[3695.279s][info][gc,phases      ] GC(890)   Pre Evacuate Collection Set: 0.34ms
[3695.279s][info][gc,phases      ] GC(890)   Merge Heap Roots: 0.55ms
[3695.279s][info][gc,phases      ] GC(890)   Evacuate Collection Set: 117.31ms
[3695.279s][info][gc,phases      ] GC(890)   Post Evacuate Collection Set: 0.94ms
[3695.279s][info][gc,phases      ] GC(890)   Other: 0.09ms
[3695.279s][info][gc,heap        ] GC(890) Eden regions: 1114->0(1103)
[3695.279s][info][gc,heap        ] GC(890) Survivor regions: 114->111(154)
[3695.279s][info][gc,heap        ] GC(890) Old regions: 508->540
[3695.279s][info][gc,heap        ] GC(890) Humongous regions: 80->80
[3695.279s][info][gc,metaspace   ] GC(890) Metaspace: 28892K(29312K)->28892K(29312K) NonClass: 24024K(24256K)->24024K(24256K) Class: 4868K(5056K)->4868K(5056K)
[3695.279s][info][gc             ] GC(890) Pause Young (Prepare Mixed) (G1 Evacuation Pause) 3629M->1460M(4096M) 119.374ms
[3695.279s][info][gc,cpu         ] GC(890) User=0.71s Sys=0.00s Real=0.12s
...[3697.998s][info][gc,start       ] GC(891) Pause Young (Mixed) (G1 Evacuation Pause)
[3697.998s][info][gc,task        ] GC(891) Using 6 workers of 6 for evacuation
[3698.129s][info][gc,phases      ] GC(891)   Pre Evacuate Collection Set: 0.40ms
[3698.129s][info][gc,phases      ] GC(891)   Merge Heap Roots: 0.63ms
[3698.129s][info][gc,phases      ] GC(891)   Evacuate Collection Set: 128.77ms
[3698.129s][info][gc,phases      ] GC(891)   Post Evacuate Collection Set: 0.97ms
[3698.129s][info][gc,phases      ] GC(891)   Other: 0.09ms
[3698.129s][info][gc,heap        ] GC(891) Eden regions: 1103->0(1119)
[3698.129s][info][gc,heap        ] GC(891) Survivor regions: 111->109(152)
[3698.129s][info][gc,heap        ] GC(891) Old regions: 540->474
[3698.129s][info][gc,heap        ] GC(891) Humongous regions: 80->80
[3698.129s][info][gc,metaspace   ] GC(891) Metaspace: 28892K(29312K)->28892K(29312K) NonClass: 24024K(24256K)->24024K(24256K) Class: 4868K(5056K)->4868K(5056K)
[3698.129s][info][gc             ] GC(891) Pause Young (Mixed) (G1 Evacuation Pause) 3666M->1324M(4096M) 130.977ms
[3698.129s][info][gc,cpu         ] GC(891) User=0.78s Sys=0.00s Real=0.13s
...[3700.872s][info][gc,start       ] GC(892) Pause Young (Concurrent Start) (G1 Evacuation Pause)
[3700.872s][info][gc,task        ] GC(892) Using 6 workers of 6 for evacuation
[3700.987s][info][gc,phases      ] GC(892)   Pre Evacuate Collection Set: 0.37ms
[3700.987s][info][gc,phases      ] GC(892)   Merge Heap Roots: 0.43ms
[3700.987s][info][gc,phases      ] GC(892)   Evacuate Collection Set: 112.94ms
[3700.987s][info][gc,phases      ] GC(892)   Post Evacuate Collection Set: 0.89ms
[3700.987s][info][gc,phases      ] GC(892)   Other: 0.12ms
[3700.987s][info][gc,heap        ] GC(892) Eden regions: 1119->0(1121)
[3700.987s][info][gc,heap        ] GC(892) Survivor regions: 109->107(154)
[3700.987s][info][gc,heap        ] GC(892) Old regions: 474->507
[3700.987s][info][gc,heap        ] GC(892) Humongous regions: 80->80
[3700.987s][info][gc,metaspace   ] GC(892) Metaspace: 28892K(29312K)->28892K(29312K) NonClass: 24024K(24256K)->24024K(24256K) Class: 4868K(5056K)->4868K(5056K)
[3700.987s][info][gc             ] GC(892) Pause Young (Concurrent Start) (G1 Evacuation Pause) 3562M->1387M(4096M) 114.884ms
[3700.987s][info][gc             ] GC(893) Concurrent Mark Cycle
[3700.987s][info][gc,marking     ] GC(893) Concurrent Scan Root Regions
[3700.987s][info][gc,cpu         ] GC(892) User=0.68s Sys=0.00s Real=0.12s
[3701.163s][info][gc,marking     ] GC(893) Concurrent Scan Root Regions 175.508ms
[3701.163s][info][gc,marking     ] GC(893) Concurrent Mark
[3701.163s][info][gc,marking     ] GC(893) Concurrent Mark From Roots
[3701.163s][info][gc,task        ] GC(893) Using 2 workers of 2 for marking
.[3701.996s][info][gc,marking     ] GC(893) Concurrent Mark From Roots 833.221ms
[3701.996s][info][gc,marking     ] GC(893) Concurrent Preclean
[3701.996s][info][gc,marking     ] GC(893) Concurrent Preclean 0.080ms
[3701.997s][info][gc,start       ] GC(893) Pause Remark
[3702.002s][info][gc             ] GC(893) Pause Remark 2217M->2217M(4096M) 5.384ms
[3702.002s][info][gc,cpu         ] GC(893) User=0.02s Sys=0.01s Real=0.00s
[3702.003s][info][gc,marking     ] GC(893) Concurrent Mark 840.442ms
[3702.003s][info][gc,marking     ] GC(893) Concurrent Rebuild Remembered Sets and Scrub Regions
[3702.333s][info][gc,marking     ] GC(893) Concurrent Rebuild Remembered Sets and Scrub Regions 329.742ms
[3702.333s][info][gc,start       ] GC(893) Pause Cleanup
[3702.333s][info][gc             ] GC(893) Pause Cleanup 2503M->2503M(4096M) 0.121ms
[3702.333s][info][gc,cpu         ] GC(893) User=0.00s Sys=0.00s Real=0.00s
[3702.334s][info][gc,marking     ] GC(893) Concurrent Clear Claimed Marks
[3702.334s][info][gc,marking     ] GC(893) Concurrent Clear Claimed Marks 0.038ms
[3702.334s][info][gc,marking     ] GC(893) Concurrent Cleanup for Next Mark
[3702.339s][info][gc,marking     ] GC(893) Concurrent Cleanup for Next Mark 5.305ms
[3702.339s][info][gc             ] GC(893) Concurrent Mark Cycle 1351.761ms
..[3703.816s][info][gc,start       ] GC(894) Pause Young (Prepare Mixed) (G1 Evacuation Pause)
[3703.816s][info][gc,task        ] GC(894) Using 6 workers of 6 for evacuation
[3703.931s][info][gc,phases      ] GC(894)   Pre Evacuate Collection Set: 0.33ms
[3703.931s][info][gc,phases      ] GC(894)   Merge Heap Roots: 0.52ms
[3703.931s][info][gc,phases      ] GC(894)   Evacuate Collection Set: 113.00ms
[3703.931s][info][gc,phases      ] GC(894)   Post Evacuate Collection Set: 0.92ms
[3703.931s][info][gc,phases      ] GC(894)   Other: 0.09ms
[3703.931s][info][gc,heap        ] GC(894) Eden regions: 1121->0(1112)
[3703.931s][info][gc,heap        ] GC(894) Survivor regions: 107->107(154)
[3703.931s][info][gc,heap        ] GC(894) Old regions: 507->539
[3703.931s][info][gc,heap        ] GC(894) Humongous regions: 80->80
[3703.931s][info][gc,metaspace   ] GC(894) Metaspace: 28892K(29312K)->28892K(29312K) NonClass: 24024K(24256K)->24024K(24256K) Class: 4868K(5056K)->4868K(5056K)
[3703.931s][info][gc             ] GC(894) Pause Young (Prepare Mixed) (G1 Evacuation Pause) 3629M->1449M(4096M) 114.980ms
[3703.931s][info][gc,cpu         ] GC(894) User=0.68s Sys=0.00s Real=0.11s
...[3706.696s][info][gc,start       ] GC(895) Pause Young (Mixed) (G1 Evacuation Pause)
[3706.696s][info][gc,task        ] GC(895) Using 6 workers of 6 for evacuation
[3706.830s][info][gc,phases      ] GC(895)   Pre Evacuate Collection Set: 0.36ms
[3706.830s][info][gc,phases      ] GC(895)   Merge Heap Roots: 0.69ms
[3706.830s][info][gc,phases      ] GC(895)   Evacuate Collection Set: 132.02ms
[3706.830s][info][gc,phases      ] GC(895)   Post Evacuate Collection Set: 0.95ms
[3706.830s][info][gc,phases      ] GC(895)   Other: 0.10ms
[3706.830s][info][gc,heap        ] GC(895) Eden regions: 1112->0(1117)
[3706.830s][info][gc,heap        ] GC(895) Survivor regions: 107->111(153)
[3706.830s][info][gc,heap        ] GC(895) Old regions: 539->475
[3706.830s][info][gc,heap        ] GC(895) Humongous regions: 80->80
[3706.830s][info][gc,metaspace   ] GC(895) Metaspace: 28892K(29312K)->28892K(29312K) NonClass: 24024K(24256K)->24024K(24256K) Class: 4868K(5056K)->4868K(5056K)
[3706.830s][info][gc             ] GC(895) Pause Young (Mixed) (G1 Evacuation Pause) 3673M->1330M(4096M) 134.258ms
[3706.830s][info][gc,cpu         ] GC(895) User=0.80s Sys=0.00s Real=0.13s
...[3709.626s][info][gc,start       ] GC(896) Pause Young (Concurrent Start) (G1 Evacuation Pause)
[3709.626s][info][gc,task        ] GC(896) Using 6 workers of 6 for evacuation
[3709.751s][info][gc,phases      ] GC(896)   Pre Evacuate Collection Set: 0.35ms
[3709.751s][info][gc,phases      ] GC(896)   Merge Heap Roots: 0.47ms
[3709.751s][info][gc,phases      ] GC(896)   Evacuate Collection Set: 123.18ms
[3709.751s][info][gc,phases      ] GC(896)   Post Evacuate Collection Set: 0.90ms
[3709.751s][info][gc,phases      ] GC(896)   Other: 0.11ms
[3709.751s][info][gc,heap        ] GC(896) Eden regions: 1117->0(1113)
[3709.751s][info][gc,heap        ] GC(896) Survivor regions: 111->115(154)
[3709.751s][info][gc,heap        ] GC(896) Old regions: 475->506
[3709.751s][info][gc,heap        ] GC(896) Humongous regions: 80->80
[3709.751s][info][gc,metaspace   ] GC(896) Metaspace: 28892K(29312K)->28892K(29312K) NonClass: 24024K(24256K)->24024K(24256K) Class: 4868K(5056K)->4868K(5056K)
[3709.751s][info][gc             ] GC(896) Pause Young (Concurrent Start) (G1 Evacuation Pause) 3564M->1400M(4096M) 125.148ms
[3709.751s][info][gc             ] GC(897) Concurrent Mark Cycle
[3709.751s][info][gc,marking     ] GC(897) Concurrent Scan Root Regions
[3709.751s][info][gc,cpu         ] GC(896) User=0.74s Sys=0.00s Real=0.12s
[3709.937s][info][gc,marking     ] GC(897) Concurrent Scan Root Regions 185.461ms
[3709.937s][info][gc,marking     ] GC(897) Concurrent Mark
[3709.937s][info][gc,marking     ] GC(897) Concurrent Mark From Roots
[3709.937s][info][gc,task        ] GC(897) Using 2 workers of 2 for marking
.[3710.886s][info][gc,marking     ] GC(897) Concurrent Mark From Roots 949.422ms
[3710.886s][info][gc,marking     ] GC(897) Concurrent Preclean
[3710.886s][info][gc,marking     ] GC(897) Concurrent Preclean 0.105ms
[3710.886s][info][gc,start       ] GC(897) Pause Remark
[3710.891s][info][gc             ] GC(897) Pause Remark 2351M->2351M(4096M) 4.735ms
[3710.891s][info][gc,cpu         ] GC(897) User=0.03s Sys=0.00s Real=0.00s
[3710.891s][info][gc,marking     ] GC(897) Concurrent Mark 954.562ms
[3710.891s][info][gc,marking     ] GC(897) Concurrent Rebuild Remembered Sets and Scrub Regions
[3711.139s][info][gc,marking     ] GC(897) Concurrent Rebuild Remembered Sets and Scrub Regions 248.171ms
[3711.140s][info][gc,start       ] GC(897) Pause Cleanup
[3711.140s][info][gc             ] GC(897) Pause Cleanup 2536M->2536M(4096M) 0.110ms
[3711.140s][info][gc,cpu         ] GC(897) User=0.00s Sys=0.00s Real=0.00s
[3711.140s][info][gc,marking     ] GC(897) Concurrent Clear Claimed Marks
[3711.140s][info][gc,marking     ] GC(897) Concurrent Clear Claimed Marks 0.028ms
[3711.140s][info][gc,marking     ] GC(897) Concurrent Cleanup for Next Mark
[3711.145s][info][gc,marking     ] GC(897) Concurrent Cleanup for Next Mark 4.792ms
[3711.145s][info][gc             ] GC(897) Concurrent Mark Cycle 1393.640ms
..[3712.541s][info][gc,start       ] GC(898) Pause Young (Prepare Mixed) (G1 Evacuation Pause)
[3712.541s][info][gc,task        ] GC(898) Using 6 workers of 6 for evacuation
[3712.663s][info][gc,phases      ] GC(898)   Pre Evacuate Collection Set: 0.31ms
[3712.663s][info][gc,phases      ] GC(898)   Merge Heap Roots: 0.49ms
[3712.663s][info][gc,phases      ] GC(898)   Evacuate Collection Set: 120.57ms
[3712.663s][info][gc,phases      ] GC(898)   Post Evacuate Collection Set: 0.90ms
[3712.663s][info][gc,phases      ] GC(898)   Other: 0.08ms
[3712.663s][info][gc,heap        ] GC(898) Eden regions: 1113->0(1100)
[3712.664s][info][gc,heap        ] GC(898) Survivor regions: 115->113(154)
[3712.664s][info][gc,heap        ] GC(898) Old regions: 506->539
[3712.664s][info][gc,heap        ] GC(898) Humongous regions: 80->80
[3712.664s][info][gc,metaspace   ] GC(898) Metaspace: 28892K(29312K)->28892K(29312K) NonClass: 24024K(24256K)->24024K(24256K) Class: 4868K(5056K)->4868K(5056K)
[3712.664s][info][gc             ] GC(898) Pause Young (Prepare Mixed) (G1 Evacuation Pause) 3626M->1461M(4096M) 122.483ms
[3712.664s][info][gc,cpu         ] GC(898) User=0.73s Sys=0.00s Real=0.13s
..[3715.337s][info][gc,start       ] GC(899) Pause Young (Mixed) (G1 Evacuation Pause)
[3715.337s][info][gc,task        ] GC(899) Using 6 workers of 6 for evacuation
[3715.474s][info][gc,phases      ] GC(899)   Pre Evacuate Collection Set: 0.36ms
[3715.474s][info][gc,phases      ] GC(899)   Merge Heap Roots: 0.65ms
[3715.474s][info][gc,phases      ] GC(899)   Evacuate Collection Set: 135.19ms
[3715.474s][info][gc,phases      ] GC(899)   Post Evacuate Collection Set: 0.98ms
[3715.474s][info][gc,phases      ] GC(899)   Other: 0.08ms
[3715.474s][info][gc,heap        ] GC(899) Eden regions: 1100->0(1115)
[3715.474s][info][gc,heap        ] GC(899) Survivor regions: 113->113(152)
[3715.474s][info][gc,heap        ] GC(899) Old regions: 539->476
[3715.474s][info][gc,heap        ] GC(899) Humongous regions: 80->80
[3715.474s][info][gc,metaspace   ] GC(899) Metaspace: 28892K(29312K)->28892K(29312K) NonClass: 24024K(24256K)->24024K(24256K) Class: 4868K(5056K)->4868K(5056K)
[3715.474s][info][gc             ] GC(899) Pause Young (Mixed) (G1 Evacuation Pause) 3661M->1335M(4096M) 137.388ms
[3715.474s][info][gc,cpu         ] GC(899) User=0.81s Sys=0.00s Real=0.14s
...[3718.235s][info][gc,start       ] GC(900) Pause Young (Concurrent Start) (G1 Evacuation Pause)
[3718.235s][info][gc,task        ] GC(900) Using 6 workers of 6 for evacuation
[3718.352s][info][gc,phases      ] GC(900)   Pre Evacuate Collection Set: 0.36ms
[3718.352s][info][gc,phases      ] GC(900)   Merge Heap Roots: 0.45ms
[3718.352s][info][gc,phases      ] GC(900)   Evacuate Collection Set: 115.08ms
[3718.352s][info][gc,phases      ] GC(900)   Post Evacuate Collection Set: 0.92ms
[3718.352s][info][gc,phases      ] GC(900)   Other: 0.11ms
[3718.352s][info][gc,heap        ] GC(900) Eden regions: 1115->0(1120)
[3718.352s][info][gc,heap        ] GC(900) Survivor regions: 113->108(154)
[3718.352s][info][gc,heap        ] GC(900) Old regions: 476->508
[3718.352s][info][gc,heap        ] GC(900) Humongous regions: 80->80
[3718.352s][info][gc,metaspace   ] GC(900) Metaspace: 28892K(29312K)->28892K(29312K) NonClass: 24024K(24256K)->24024K(24256K) Class: 4868K(5056K)->4868K(5056K)
[3718.352s][info][gc             ] GC(900) Pause Young (Concurrent Start) (G1 Evacuation Pause) 3565M->1389M(4096M) 117.052ms
[3718.352s][info][gc             ] GC(901) Concurrent Mark Cycle
[3718.352s][info][gc,marking     ] GC(901) Concurrent Scan Root Regions
[3718.352s][info][gc,cpu         ] GC(900) User=0.69s Sys=0.00s Real=0.11s
.[3718.531s][info][gc,marking     ] GC(901) Concurrent Scan Root Regions 178.632ms
[3718.531s][info][gc,marking     ] GC(901) Concurrent Mark
[3718.531s][info][gc,marking     ] GC(901) Concurrent Mark From Roots
[3718.531s][info][gc,task        ] GC(901) Using 2 workers of 2 for marking
[3719.475s][info][gc,marking     ] GC(901) Concurrent Mark From Roots 944.293ms
[3719.475s][info][gc,marking     ] GC(901) Concurrent Preclean
[3719.476s][info][gc,marking     ] GC(901) Concurrent Preclean 0.126ms
[3719.476s][info][gc,start       ] GC(901) Pause Remark
[3719.481s][info][gc             ] GC(901) Pause Remark 2355M->2355M(4096M) 5.260ms
[3719.481s][info][gc,cpu         ] GC(901) User=0.03s Sys=0.00s Real=0.00s
[3719.482s][info][gc,marking     ] GC(901) Concurrent Mark 950.589ms
[3719.482s][info][gc,marking     ] GC(901) Concurrent Rebuild Remembered Sets and Scrub Regions
.[3719.807s][info][gc,marking     ] GC(901) Concurrent Rebuild Remembered Sets and Scrub Regions 325.573ms
[3719.807s][info][gc,start       ] GC(901) Pause Cleanup
[3719.808s][info][gc             ] GC(901) Pause Cleanup 2633M->2633M(4096M) 0.120ms
[3719.808s][info][gc,cpu         ] GC(901) User=0.00s Sys=0.00s Real=0.00s
[3719.808s][info][gc,marking     ] GC(901) Concurrent Clear Claimed Marks
[3719.808s][info][gc,marking     ] GC(901) Concurrent Clear Claimed Marks 0.026ms
[3719.808s][info][gc,marking     ] GC(901) Concurrent Cleanup for Next Mark
[3719.812s][info][gc,marking     ] GC(901) Concurrent Cleanup for Next Mark 4.520ms
[3719.812s][info][gc             ] GC(901) Concurrent Mark Cycle 1459.875ms
.[3721.124s][info][gc,start       ] GC(902) Pause Young (Prepare Mixed) (G1 Evacuation Pause)
[3721.124s][info][gc,task        ] GC(902) Using 6 workers of 6 for evacuation
[3721.243s][info][gc,phases      ] GC(902)   Pre Evacuate Collection Set: 0.37ms
[3721.244s][info][gc,phases      ] GC(902)   Merge Heap Roots: 0.56ms
[3721.244s][info][gc,phases      ] GC(902)   Evacuate Collection Set: 117.21ms
[3721.244s][info][gc,phases      ] GC(902)   Post Evacuate Collection Set: 0.91ms
[3721.244s][info][gc,phases      ] GC(902)   Other: 0.09ms
[3721.244s][info][gc,heap        ] GC(902) Eden regions: 1120->0(1104)
[3721.244s][info][gc,heap        ] GC(902) Survivor regions: 108->111(154)
[3721.244s][info][gc,heap        ] GC(902) Old regions: 508->539
[3721.244s][info][gc,heap        ] GC(902) Humongous regions: 80->80
[3721.244s][info][gc,metaspace   ] GC(902) Metaspace: 28892K(29312K)->28892K(29312K) NonClass: 24024K(24256K)->24024K(24256K) Class: 4868K(5056K)->4868K(5056K)
[3721.244s][info][gc             ] GC(902) Pause Young (Prepare Mixed) (G1 Evacuation Pause) 3629M->1457M(4096M) 119.291ms
[3721.244s][info][gc,cpu         ] GC(902) User=0.70s Sys=0.00s Real=0.12s
...[3724.019s][info][gc,start       ] GC(903) Pause Young (Mixed) (G1 Evacuation Pause)
[3724.019s][info][gc,task        ] GC(903) Using 6 workers of 6 for evacuation
[3724.150s][info][gc,phases      ] GC(903)   Pre Evacuate Collection Set: 0.40ms
[3724.150s][info][gc,phases      ] GC(903)   Merge Heap Roots: 0.70ms
[3724.150s][info][gc,phases      ] GC(903)   Evacuate Collection Set: 128.77ms
[3724.150s][info][gc,phases      ] GC(903)   Post Evacuate Collection Set: 0.99ms
[3724.150s][info][gc,phases      ] GC(903)   Other: 0.09ms
[3724.150s][info][gc,heap        ] GC(903) Eden regions: 1104->0(1119)
[3724.150s][info][gc,heap        ] GC(903) Survivor regions: 111->109(152)
[3724.150s][info][gc,heap        ] GC(903) Old regions: 539->475
[3724.150s][info][gc,heap        ] GC(903) Humongous regions: 80->80
[3724.150s][info][gc,metaspace   ] GC(903) Metaspace: 28892K(29312K)->28892K(29312K) NonClass: 24024K(24256K)->24024K(24256K) Class: 4868K(5056K)->4868K(5056K)
[3724.150s][info][gc             ] GC(903) Pause Young (Mixed) (G1 Evacuation Pause) 3665M->1326M(4096M) 131.107ms
[3724.150s][info][gc,cpu         ] GC(903) User=0.77s Sys=0.00s Real=0.13s
...[3726.805s][info][gc,start       ] GC(904) Pause Young (Concurrent Start) (G1 Evacuation Pause)
[3726.805s][info][gc,task        ] GC(904) Using 6 workers of 6 for evacuation
[3726.923s][info][gc,phases      ] GC(904)   Pre Evacuate Collection Set: 0.43ms
[3726.923s][info][gc,phases      ] GC(904)   Merge Heap Roots: 0.51ms
[3726.923s][info][gc,phases      ] GC(904)   Evacuate Collection Set: 115.83ms
[3726.923s][info][gc,phases      ] GC(904)   Post Evacuate Collection Set: 0.89ms
[3726.923s][info][gc,phases      ] GC(904)   Other: 0.15ms
[3726.923s][info][gc,heap        ] GC(904) Eden regions: 1119->0(1119)
[3726.923s][info][gc,heap        ] GC(904) Survivor regions: 109->109(154)
[3726.923s][info][gc,heap        ] GC(904) Old regions: 475->507
[3726.923s][info][gc,heap        ] GC(904) Humongous regions: 80->80
[3726.923s][info][gc,metaspace   ] GC(904) Metaspace: 28892K(29312K)->28892K(29312K) NonClass: 24024K(24256K)->24024K(24256K) Class: 4868K(5056K)->4868K(5056K)
[3726.923s][info][gc             ] GC(904) Pause Young (Concurrent Start) (G1 Evacuation Pause) 3564M->1389M(4096M) 117.979ms
[3726.923s][info][gc             ] GC(905) Concurrent Mark Cycle
[3726.923s][info][gc,marking     ] GC(905) Concurrent Scan Root Regions
[3726.923s][info][gc,cpu         ] GC(904) User=0.69s Sys=0.00s Real=0.11s
[3727.102s][info][gc,marking     ] GC(905) Concurrent Scan Root Regions 178.922ms
[3727.102s][info][gc,marking     ] GC(905) Concurrent Mark
[3727.102s][info][gc,marking     ] GC(905) Concurrent Mark From Roots
[3727.102s][info][gc,task        ] GC(905) Using 2 workers of 2 for marking
.[3727.939s][info][gc,marking     ] GC(905) Concurrent Mark From Roots 836.896ms
[3727.939s][info][gc,marking     ] GC(905) Concurrent Preclean
[3727.939s][info][gc,marking     ] GC(905) Concurrent Preclean 0.117ms
[3727.939s][info][gc,start       ] GC(905) Pause Remark
[3727.945s][info][gc             ] GC(905) Pause Remark 2203M->2203M(4096M) 5.837ms
[3727.945s][info][gc,cpu         ] GC(905) User=0.03s Sys=0.00s Real=0.01s
[3727.947s][info][gc,marking     ] GC(905) Concurrent Mark 844.806ms
[3727.947s][info][gc,marking     ] GC(905) Concurrent Rebuild Remembered Sets and Scrub Regions
[3728.229s][info][gc,marking     ] GC(905) Concurrent Rebuild Remembered Sets and Scrub Regions 281.837ms
[3728.229s][info][gc,start       ] GC(905) Pause Cleanup
[3728.229s][info][gc             ] GC(905) Pause Cleanup 2451M->2451M(4096M) 0.109ms
[3728.229s][info][gc,cpu         ] GC(905) User=0.00s Sys=0.00s Real=0.00s
[3728.230s][info][gc,marking     ] GC(905) Concurrent Clear Claimed Marks
[3728.230s][info][gc,marking     ] GC(905) Concurrent Clear Claimed Marks 0.025ms
[3728.230s][info][gc,marking     ] GC(905) Concurrent Cleanup for Next Mark
[3728.235s][info][gc,marking     ] GC(905) Concurrent Cleanup for Next Mark 5.489ms
[3728.235s][info][gc             ] GC(905) Concurrent Mark Cycle 1312.254ms
..[3729.822s][info][gc,start       ] GC(906) Pause Young (Prepare Mixed) (G1 Evacuation Pause)
[3729.822s][info][gc,task        ] GC(906) Using 6 workers of 6 for evacuation
[3729.939s][info][gc,phases      ] GC(906)   Pre Evacuate Collection Set: 0.35ms
[3729.939s][info][gc,phases      ] GC(906)   Merge Heap Roots: 0.50ms
[3729.939s][info][gc,phases      ] GC(906)   Evacuate Collection Set: 115.13ms
[3729.939s][info][gc,phases      ] GC(906)   Post Evacuate Collection Set: 0.93ms
[3729.939s][info][gc,phases      ] GC(906)   Other: 0.09ms
[3729.939s][info][gc,heap        ] GC(906) Eden regions: 1119->0(1110)
[3729.939s][info][gc,heap        ] GC(906) Survivor regions: 109->108(154)
[3729.939s][info][gc,heap        ] GC(906) Old regions: 507->539
[3729.939s][info][gc,heap        ] GC(906) Humongous regions: 80->80
[3729.939s][info][gc,metaspace   ] GC(906) Metaspace: 28892K(29312K)->28892K(29312K) NonClass: 24024K(24256K)->24024K(24256K) Class: 4868K(5056K)->4868K(5056K)
[3729.939s][info][gc             ] GC(906) Pause Young (Prepare Mixed) (G1 Evacuation Pause) 3627M->1452M(4096M) 117.136ms
[3729.939s][info][gc,cpu         ] GC(906) User=0.69s Sys=0.00s Real=0.12s
... (rIR:aIR:PR = 6503:6501:6501) (tPR = 96629) [OK] 
  3732s: Performance info:
         Transaction,    Success,    Partial,     Failed,   Receipts, AvgBarcode, 
             Overall,     394985,          0,          0,     375237,      59.48, 
         Response times:
             Request,    Success,    Partial,     Failed,   SkipFail,     Probes,    Samples,      min,      p50,      p90,      p95,      p99,      max, 
       TotalPurchase,     375240,          0,          0,          0,     364900,     441303,      300,     5500,    30000,    54000,   113000,   288000,
     InStorePurchase,     197488,          0,          0,          0,     192191,     231799,      300,     5600,    30000,    54000,   113000,   272000,
      OnlinePurchase,     138272,          0,          0,          0,     134384,     162688,      300,     5500,    29000,    54000,   113000,   288000,
        InstPurchase,      39480,          0,          0,          0,      38325,      46816,      400,     5700,    31000,    54000,   112000,   288000,
          AssocOfCat,        395,          0,          0,          0,        322,        493,    24000,    38000,    87000,   113300,   181120,   321000,
      AssocOfProduct,       3947,          0,          0,          0,       3664,       4688,      700,     6200,    32100,    55000,   114330,   191000,
      BusinessReport,        983,          0,          0,          0,        842,       1124,    28000,    42000,    88500,   119000,   185000,   252000,
          CustBuyBeh,       3954,          0,          0,          0,       3673,       4664,      400,     4800,    25000,    49750,    96000,   189000,
       ProductReturn,      10469,          0,          0,          0,      10099,      12513,      200,     5500,    27000,    53000,   107860,   288000,

  3732s: (48%)   IR =   6642 [3732.715s][info][gc,start       ] GC(907) Pause Young (Mixed) (G1 Evacuation Pause)
[3732.715s][info][gc,task        ] GC(907) Using 6 workers of 6 for evacuation
[3732.852s][info][gc,phases      ] GC(907)   Pre Evacuate Collection Set: 0.37ms
[3732.852s][info][gc,phases      ] GC(907)   Merge Heap Roots: 0.68ms
[3732.852s][info][gc,phases      ] GC(907)   Evacuate Collection Set: 135.39ms
[3732.852s][info][gc,phases      ] GC(907)   Post Evacuate Collection Set: 0.96ms
[3732.852s][info][gc,phases      ] GC(907)   Other: 0.08ms
[3732.852s][info][gc,heap        ] GC(907) Eden regions: 1110->0(1115)
[3732.852s][info][gc,heap        ] GC(907) Survivor regions: 108->113(153)
[3732.853s][info][gc,heap        ] GC(907) Old regions: 539->475
[3732.853s][info][gc,heap        ] GC(907) Humongous regions: 80->80
[3732.853s][info][gc,metaspace   ] GC(907) Metaspace: 28892K(29312K)->28892K(29312K) NonClass: 24024K(24256K)->24024K(24256K) Class: 4868K(5056K)->4868K(5056K)
[3732.853s][info][gc             ] GC(907) Pause Young (Mixed) (G1 Evacuation Pause) 3672M->1333M(4096M) 137.616ms
[3732.853s][info][gc,cpu         ] GC(907) User=0.82s Sys=0.00s Real=0.13s
..[3735.566s][info][gc,start       ] GC(908) Pause Young (Concurrent Start) (G1 Evacuation Pause)
[3735.566s][info][gc,task        ] GC(908) Using 6 workers of 6 for evacuation
[3735.687s][info][gc,phases      ] GC(908)   Pre Evacuate Collection Set: 0.39ms
[3735.687s][info][gc,phases      ] GC(908)   Merge Heap Roots: 0.49ms
[3735.687s][info][gc,phases      ] GC(908)   Evacuate Collection Set: 119.46ms
[3735.687s][info][gc,phases      ] GC(908)   Post Evacuate Collection Set: 0.89ms
[3735.687s][info][gc,phases      ] GC(908)   Other: 0.11ms
[3735.687s][info][gc,heap        ] GC(908) Eden regions: 1115->0(1116)
[3735.687s][info][gc,heap        ] GC(908) Survivor regions: 113->112(154)
[3735.687s][info][gc,heap        ] GC(908) Old regions: 475->508
[3735.687s][info][gc,heap        ] GC(908) Humongous regions: 80->80
[3735.687s][info][gc,metaspace   ] GC(908) Metaspace: 28892K(29312K)->28892K(29312K) NonClass: 24024K(24256K)->24024K(24256K) Class: 4868K(5056K)->4868K(5056K)
[3735.687s][info][gc             ] GC(908) Pause Young (Concurrent Start) (G1 Evacuation Pause) 3563M->1399M(4096M) 121.454ms
[3735.687s][info][gc             ] GC(909) Concurrent Mark Cycle
[3735.687s][info][gc,marking     ] GC(909) Concurrent Scan Root Regions
[3735.687s][info][gc,cpu         ] GC(908) User=0.71s Sys=0.01s Real=0.12s
.[3735.878s][info][gc,marking     ] GC(909) Concurrent Scan Root Regions 190.495ms
[3735.878s][info][gc,marking     ] GC(909) Concurrent Mark
[3735.878s][info][gc,marking     ] GC(909) Concurrent Mark From Roots
[3735.878s][info][gc,task        ] GC(909) Using 2 workers of 2 for marking
.[3736.764s][info][gc,marking     ] GC(909) Concurrent Mark From Roots 886.049ms
[3736.764s][info][gc,marking     ] GC(909) Concurrent Preclean
[3736.764s][info][gc,marking     ] GC(909) Concurrent Preclean 0.128ms
[3736.765s][info][gc,start       ] GC(909) Pause Remark
[3736.770s][info][gc             ] GC(909) Pause Remark 2331M->2331M(4096M) 4.805ms
[3736.770s][info][gc,cpu         ] GC(909) User=0.02s Sys=0.00s Real=0.00s
[3736.770s][info][gc,marking     ] GC(909) Concurrent Mark 892.519ms
[3736.770s][info][gc,marking     ] GC(909) Concurrent Rebuild Remembered Sets and Scrub Regions
[3737.083s][info][gc,marking     ] GC(909) Concurrent Rebuild Remembered Sets and Scrub Regions 312.510ms
[3737.083s][info][gc,start       ] GC(909) Pause Cleanup
[3737.083s][info][gc             ] GC(909) Pause Cleanup 2593M->2593M(4096M) 0.120ms
[3737.083s][info][gc,cpu         ] GC(909) User=0.00s Sys=0.00s Real=0.00s
[3737.083s][info][gc,marking     ] GC(909) Concurrent Clear Claimed Marks
[3737.083s][info][gc,marking     ] GC(909) Concurrent Clear Claimed Marks 0.029ms
[3737.083s][info][gc,marking     ] GC(909) Concurrent Cleanup for Next Mark
[3737.087s][info][gc,marking     ] GC(909) Concurrent Cleanup for Next Mark 3.988ms
[3737.087s][info][gc             ] GC(909) Concurrent Mark Cycle 1400.030ms
.[3738.379s][info][gc,start       ] GC(910) Pause Young (Prepare Mixed) (G1 Evacuation Pause)
[3738.379s][info][gc,task        ] GC(910) Using 6 workers of 6 for evacuation
[3738.499s][info][gc,phases      ] GC(910)   Pre Evacuate Collection Set: 0.33ms
[3738.499s][info][gc,phases      ] GC(910)   Merge Heap Roots: 0.48ms
[3738.499s][info][gc,phases      ] GC(910)   Evacuate Collection Set: 118.24ms
[3738.499s][info][gc,phases      ] GC(910)   Post Evacuate Collection Set: 0.94ms
[3738.499s][info][gc,phases      ] GC(910)   Other: 0.08ms
[3738.499s][info][gc,heap        ] GC(910) Eden regions: 1116->0(1102)
[3738.499s][info][gc,heap        ] GC(910) Survivor regions: 112->112(154)
[3738.499s][info][gc,heap        ] GC(910) Old regions: 508->539
[3738.499s][info][gc,heap        ] GC(910) Humongous regions: 80->80
[3738.499s][info][gc,metaspace   ] GC(910) Metaspace: 28892K(29312K)->28892K(29312K) NonClass: 24024K(24256K)->24024K(24256K) Class: 4868K(5056K)->4868K(5056K)
[3738.499s][info][gc             ] GC(910) Pause Young (Prepare Mixed) (G1 Evacuation Pause) 3631M->1461M(4096M) 120.208ms
[3738.499s][info][gc,cpu         ] GC(910) User=0.71s Sys=0.00s Real=0.12s
.|..[3741.172s][info][gc,start       ] GC(911) Pause Young (Mixed) (G1 Evacuation Pause)
[3741.172s][info][gc,task        ] GC(911) Using 6 workers of 6 for evacuation
[3741.310s][info][gc,phases      ] GC(911)   Pre Evacuate Collection Set: 0.37ms
[3741.310s][info][gc,phases      ] GC(911)   Merge Heap Roots: 0.86ms
[3741.310s][info][gc,phases      ] GC(911)   Evacuate Collection Set: 135.34ms
[3741.310s][info][gc,phases      ] GC(911)   Post Evacuate Collection Set: 1.01ms
[3741.310s][info][gc,phases      ] GC(911)   Other: 0.10ms
[3741.310s][info][gc,heap        ] GC(911) Eden regions: 1102->0(1117)
[3741.310s][info][gc,heap        ] GC(911) Survivor regions: 112->111(152)
[3741.310s][info][gc,heap        ] GC(911) Old regions: 539->475
[3741.310s][info][gc,heap        ] GC(911) Humongous regions: 80->80
[3741.310s][info][gc,metaspace   ] GC(911) Metaspace: 28892K(29312K)->28892K(29312K) NonClass: 24024K(24256K)->24024K(24256K) Class: 4868K(5056K)->4868K(5056K)
[3741.310s][info][gc             ] GC(911) Pause Young (Mixed) (G1 Evacuation Pause) 3665M->1329M(4096M) 137.827ms
[3741.310s][info][gc,cpu         ] GC(911) User=0.81s Sys=0.00s Real=0.14s
...[3744.002s][info][gc,start       ] GC(912) Pause Young (Concurrent Start) (G1 Evacuation Pause)
[3744.002s][info][gc,task        ] GC(912) Using 6 workers of 6 for evacuation
[3744.120s][info][gc,phases      ] GC(912)   Pre Evacuate Collection Set: 0.38ms
[3744.120s][info][gc,phases      ] GC(912)   Merge Heap Roots: 0.44ms
[3744.120s][info][gc,phases      ] GC(912)   Evacuate Collection Set: 115.90ms
[3744.120s][info][gc,phases      ] GC(912)   Post Evacuate Collection Set: 0.91ms
[3744.120s][info][gc,phases      ] GC(912)   Other: 0.13ms
[3744.120s][info][gc,heap        ] GC(912) Eden regions: 1117->0(1118)
[3744.120s][info][gc,heap        ] GC(912) Survivor regions: 111->110(154)
[3744.120s][info][gc,heap        ] GC(912) Old regions: 475->507
[3744.120s][info][gc,heap        ] GC(912) Humongous regions: 80->80
[3744.120s][info][gc,metaspace   ] GC(912) Metaspace: 28892K(29312K)->28892K(29312K) NonClass: 24024K(24256K)->24024K(24256K) Class: 4868K(5056K)->4868K(5056K)
[3744.120s][info][gc             ] GC(912) Pause Young (Concurrent Start) (G1 Evacuation Pause) 3563M->1392M(4096M) 117.900ms
[3744.120s][info][gc             ] GC(913) Concurrent Mark Cycle
[3744.120s][info][gc,marking     ] GC(913) Concurrent Scan Root Regions
[3744.120s][info][gc,cpu         ] GC(912) User=0.70s Sys=0.00s Real=0.12s
[3744.297s][info][gc,marking     ] GC(913) Concurrent Scan Root Regions 177.424ms
[3744.297s][info][gc,marking     ] GC(913) Concurrent Mark
[3744.297s][info][gc,marking     ] GC(913) Concurrent Mark From Roots
[3744.297s][info][gc,task        ] GC(913) Using 2 workers of 2 for marking
.[3745.180s][info][gc,marking     ] GC(913) Concurrent Mark From Roots 883.041ms
[3745.181s][info][gc,marking     ] GC(913) Concurrent Preclean
[3745.181s][info][gc,marking     ] GC(913) Concurrent Preclean 0.120ms
[3745.181s][info][gc,start       ] GC(913) Pause Remark
[3745.186s][info][gc             ] GC(913) Pause Remark 2286M->2286M(4096M) 5.401ms
[3745.187s][info][gc,cpu         ] GC(913) User=0.03s Sys=0.00s Real=0.01s
[3745.187s][info][gc,marking     ] GC(913) Concurrent Mark 889.247ms
[3745.187s][info][gc,marking     ] GC(913) Concurrent Rebuild Remembered Sets and Scrub Regions
[3745.544s][info][gc,marking     ] GC(913) Concurrent Rebuild Remembered Sets and Scrub Regions 356.871ms
[3745.544s][info][gc,start       ] GC(913) Pause Cleanup
[3745.544s][info][gc             ] GC(913) Pause Cleanup 2590M->2590M(4096M) 0.119ms
[3745.544s][info][gc,cpu         ] GC(913) User=0.00s Sys=0.00s Real=0.00s
[3745.544s][info][gc,marking     ] GC(913) Concurrent Clear Claimed Marks
[3745.544s][info][gc,marking     ] GC(913) Concurrent Clear Claimed Marks 0.031ms
[3745.544s][info][gc,marking     ] GC(913) Concurrent Cleanup for Next Mark
[3745.551s][info][gc,marking     ] GC(913) Concurrent Cleanup for Next Mark 6.827ms
[3745.551s][info][gc             ] GC(913) Concurrent Mark Cycle 1431.397ms
..[3746.873s][info][gc,start       ] GC(914) Pause Young (Prepare Mixed) (G1 Evacuation Pause)
[3746.873s][info][gc,task        ] GC(914) Using 6 workers of 6 for evacuation
[3746.993s][info][gc,phases      ] GC(914)   Pre Evacuate Collection Set: 0.35ms
[3746.993s][info][gc,phases      ] GC(914)   Merge Heap Roots: 0.52ms
[3746.993s][info][gc,phases      ] GC(914)   Evacuate Collection Set: 118.19ms
[3746.993s][info][gc,phases      ] GC(914)   Post Evacuate Collection Set: 0.93ms
[3746.993s][info][gc,phases      ] GC(914)   Other: 0.09ms
[3746.993s][info][gc,heap        ] GC(914) Eden regions: 1118->0(1106)
[3746.993s][info][gc,heap        ] GC(914) Survivor regions: 110->110(154)
[3746.993s][info][gc,heap        ] GC(914) Old regions: 507->539
[3746.993s][info][gc,heap        ] GC(914) Humongous regions: 80->80
[3746.993s][info][gc,metaspace   ] GC(914) Metaspace: 28892K(29312K)->28892K(29312K) NonClass: 24024K(24256K)->24024K(24256K) Class: 4868K(5056K)->4868K(5056K)
[3746.993s][info][gc             ] GC(914) Pause Young (Prepare Mixed) (G1 Evacuation Pause) 3628M->1456M(4096M) 120.212ms
[3746.993s][info][gc,cpu         ] GC(914) User=0.71s Sys=0.00s Real=0.12s
..[3749.703s][info][gc,start       ] GC(915) Pause Young (Mixed) (G1 Evacuation Pause)
[3749.703s][info][gc,task        ] GC(915) Using 6 workers of 6 for evacuation
[3749.839s][info][gc,phases      ] GC(915)   Pre Evacuate Collection Set: 0.39ms
[3749.839s][info][gc,phases      ] GC(915)   Merge Heap Roots: 0.68ms
[3749.839s][info][gc,phases      ] GC(915)   Evacuate Collection Set: 133.61ms
[3749.839s][info][gc,phases      ] GC(915)   Post Evacuate Collection Set: 0.93ms
[3749.839s][info][gc,phases      ] GC(915)   Other: 0.09ms
[3749.839s][info][gc,heap        ] GC(915) Eden regions: 1106->0(1115)
[3749.839s][info][gc,heap        ] GC(915) Survivor regions: 110->113(152)
[3749.839s][info][gc,heap        ] GC(915) Old regions: 539->476
[3749.839s][info][gc,heap        ] GC(915) Humongous regions: 80->80
[3749.839s][info][gc,metaspace   ] GC(915) Metaspace: 28892K(29312K)->28892K(29312K) NonClass: 24024K(24256K)->24024K(24256K) Class: 4868K(5056K)->4868K(5056K)
[3749.839s][info][gc             ] GC(915) Pause Young (Mixed) (G1 Evacuation Pause) 3668M->1335M(4096M) 135.843ms
[3749.839s][info][gc,cpu         ] GC(915) User=0.80s Sys=0.00s Real=0.14s
...[3752.472s][info][gc,start       ] GC(916) Pause Young (Concurrent Start) (G1 Evacuation Pause)
[3752.472s][info][gc,task        ] GC(916) Using 6 workers of 6 for evacuation
[3752.590s][info][gc,phases      ] GC(916)   Pre Evacuate Collection Set: 0.37ms
[3752.590s][info][gc,phases      ] GC(916)   Merge Heap Roots: 0.47ms
[3752.590s][info][gc,phases      ] GC(916)   Evacuate Collection Set: 116.57ms
[3752.590s][info][gc,phases      ] GC(916)   Post Evacuate Collection Set: 0.88ms
[3752.590s][info][gc,phases      ] GC(916)   Other: 0.10ms
[3752.590s][info][gc,heap        ] GC(916) Eden regions: 1115->0(1118)
[3752.590s][info][gc,heap        ] GC(916) Survivor regions: 113->110(154)
[3752.590s][info][gc,heap        ] GC(916) Old regions: 476->508
[3752.590s][info][gc,heap        ] GC(916) Humongous regions: 80->80
[3752.590s][info][gc,metaspace   ] GC(916) Metaspace: 28892K(29312K)->28892K(29312K) NonClass: 24024K(24256K)->24024K(24256K) Class: 4868K(5056K)->4868K(5056K)
[3752.590s][info][gc             ] GC(916) Pause Young (Concurrent Start) (G1 Evacuation Pause) 3565M->1393M(4096M) 118.531ms
[3752.590s][info][gc             ] GC(917) Concurrent Mark Cycle
[3752.590s][info][gc,marking     ] GC(917) Concurrent Scan Root Regions
[3752.590s][info][gc,cpu         ] GC(916) User=0.69s Sys=0.01s Real=0.12s
[3752.761s][info][gc,marking     ] GC(917) Concurrent Scan Root Regions 170.862ms
[3752.761s][info][gc,marking     ] GC(917) Concurrent Mark
[3752.761s][info][gc,marking     ] GC(917) Concurrent Mark From Roots
[3752.761s][info][gc,task        ] GC(917) Using 2 workers of 2 for marking
.[3753.507s][info][gc,marking     ] GC(917) Concurrent Mark From Roots 745.569ms
[3753.507s][info][gc,marking     ] GC(917) Concurrent Preclean
[3753.507s][info][gc,marking     ] GC(917) Concurrent Preclean 0.100ms
[3753.508s][info][gc,start       ] GC(917) Pause Remark
[3753.513s][info][gc             ] GC(917) Pause Remark 2188M->2188M(4096M) 5.270ms
[3753.513s][info][gc,cpu         ] GC(917) User=0.03s Sys=0.00s Real=0.00s
[3753.515s][info][gc,marking     ] GC(917) Concurrent Mark 753.759ms
[3753.515s][info][gc,marking     ] GC(917) Concurrent Rebuild Remembered Sets and Scrub Regions
[3753.767s][info][gc,marking     ] GC(917) Concurrent Rebuild Remembered Sets and Scrub Regions 252.484ms
[3753.767s][info][gc,start       ] GC(917) Pause Cleanup
[3753.768s][info][gc             ] GC(917) Pause Cleanup 2383M->2383M(4096M) 0.111ms
[3753.768s][info][gc,cpu         ] GC(917) User=0.00s Sys=0.00s Real=0.00s
[3753.768s][info][gc,marking     ] GC(917) Concurrent Clear Claimed Marks
[3753.768s][info][gc,marking     ] GC(917) Concurrent Clear Claimed Marks 0.022ms
[3753.768s][info][gc,marking     ] GC(917) Concurrent Cleanup for Next Mark
[3753.771s][info][gc,marking     ] GC(917) Concurrent Cleanup for Next Mark 3.225ms
[3753.771s][info][gc             ] GC(917) Concurrent Mark Cycle 1180.802ms
..[3755.311s][info][gc,start       ] GC(918) Pause Young (Prepare Mixed) (G1 Evacuation Pause)
[3755.311s][info][gc,task        ] GC(918) Using 6 workers of 6 for evacuation
[3755.429s][info][gc,phases      ] GC(918)   Pre Evacuate Collection Set: 0.35ms
[3755.429s][info][gc,phases      ] GC(918)   Merge Heap Roots: 0.51ms
[3755.429s][info][gc,phases      ] GC(918)   Evacuate Collection Set: 115.46ms
[3755.429s][info][gc,phases      ] GC(918)   Post Evacuate Collection Set: 0.94ms
[3755.429s][info][gc,phases      ] GC(918)   Other: 0.09ms
[3755.429s][info][gc,heap        ] GC(918) Eden regions: 1118->0(1107)
[3755.429s][info][gc,heap        ] GC(918) Survivor regions: 110->109(154)
[3755.429s][info][gc,heap        ] GC(918) Old regions: 508->540
[3755.429s][info][gc,heap        ] GC(918) Humongous regions: 80->80
[3755.429s][info][gc,metaspace   ] GC(918) Metaspace: 28892K(29312K)->28892K(29312K) NonClass: 24024K(24256K)->24024K(24256K) Class: 4868K(5056K)->4868K(5056K)
[3755.429s][info][gc             ] GC(918) Pause Young (Prepare Mixed) (G1 Evacuation Pause) 3629M->1455M(4096M) 117.501ms
[3755.429s][info][gc,cpu         ] GC(918) User=0.69s Sys=0.00s Real=0.12s
...[3758.156s][info][gc,start       ] GC(919) Pause Young (Mixed) (G1 Evacuation Pause)
[3758.156s][info][gc,task        ] GC(919) Using 6 workers of 6 for evacuation
[3758.291s][info][gc,phases      ] GC(919)   Pre Evacuate Collection Set: 0.37ms
[3758.291s][info][gc,phases      ] GC(919)   Merge Heap Roots: 0.67ms
[3758.291s][info][gc,phases      ] GC(919)   Evacuate Collection Set: 132.95ms
[3758.291s][info][gc,phases      ] GC(919)   Post Evacuate Collection Set: 0.95ms
[3758.291s][info][gc,phases      ] GC(919)   Other: 0.09ms
[3758.291s][info][gc,heap        ] GC(919) Eden regions: 1107->0(1117)
[3758.291s][info][gc,heap        ] GC(919) Survivor regions: 109->111(152)
[3758.291s][info][gc,heap        ] GC(919) Old regions: 540->476
[3758.291s][info][gc,heap        ] GC(919) Humongous regions: 80->80
[3758.291s][info][gc,metaspace   ] GC(919) Metaspace: 28892K(29312K)->28892K(29312K) NonClass: 24024K(24256K)->24024K(24256K) Class: 4868K(5056K)->4868K(5056K)
[3758.291s][info][gc             ] GC(919) Pause Young (Mixed) (G1 Evacuation Pause) 3669M->1332M(4096M) 135.164ms
[3758.291s][info][gc,cpu         ] GC(919) User=0.79s Sys=0.00s Real=0.13s
...[3761.032s][info][gc,start       ] GC(920) Pause Young (Concurrent Start) (G1 Evacuation Pause)
[3761.032s][info][gc,task        ] GC(920) Using 6 workers of 6 for evacuation
[3761.155s][info][gc,phases      ] GC(920)   Pre Evacuate Collection Set: 0.36ms
[3761.155s][info][gc,phases      ] GC(920)   Merge Heap Roots: 0.45ms
[3761.155s][info][gc,phases      ] GC(920)   Evacuate Collection Set: 121.01ms
[3761.155s][info][gc,phases      ] GC(920)   Post Evacuate Collection Set: 0.89ms
[3761.155s][info][gc,phases      ] GC(920)   Other: 0.10ms
[3761.155s][info][gc,heap        ] GC(920) Eden regions: 1117->0(1115)
[3761.155s][info][gc,heap        ] GC(920) Survivor regions: 111->113(154)
[3761.155s][info][gc,heap        ] GC(920) Old regions: 476->508
[3761.155s][info][gc,heap        ] GC(920) Humongous regions: 80->80
[3761.155s][info][gc,metaspace   ] GC(920) Metaspace: 28892K(29312K)->28892K(29312K) NonClass: 24024K(24256K)->24024K(24256K) Class: 4868K(5056K)->4868K(5056K)
[3761.155s][info][gc             ] GC(920) Pause Young (Concurrent Start) (G1 Evacuation Pause) 3566M->1400M(4096M) 122.934ms
[3761.155s][info][gc             ] GC(921) Concurrent Mark Cycle
[3761.155s][info][gc,marking     ] GC(921) Concurrent Scan Root Regions
[3761.155s][info][gc,cpu         ] GC(920) User=0.72s Sys=0.00s Real=0.13s
[3761.303s][info][gc,marking     ] GC(921) Concurrent Scan Root Regions 147.498ms
[3761.303s][info][gc,marking     ] GC(921) Concurrent Mark
[3761.303s][info][gc,marking     ] GC(921) Concurrent Mark From Roots
[3761.303s][info][gc,task        ] GC(921) Using 2 workers of 2 for marking
[3762.028s][info][gc,marking     ] GC(921) Concurrent Mark From Roots 725.247ms
[3762.028s][info][gc,marking     ] GC(921) Concurrent Preclean
.[3762.028s][info][gc,marking     ] GC(921) Concurrent Preclean 0.090ms
[3762.028s][info][gc,start       ] GC(921) Pause Remark
[3762.033s][info][gc             ] GC(921) Pause Remark 2112M->2112M(4096M) 4.759ms
[3762.033s][info][gc,cpu         ] GC(921) User=0.02s Sys=0.00s Real=0.00s
[3762.033s][info][gc,marking     ] GC(921) Concurrent Mark 730.528ms
[3762.033s][info][gc,marking     ] GC(921) Concurrent Rebuild Remembered Sets and Scrub Regions
[3762.303s][info][gc,marking     ] GC(921) Concurrent Rebuild Remembered Sets and Scrub Regions 270.094ms
[3762.304s][info][gc,start       ] GC(921) Pause Cleanup
[3762.304s][info][gc             ] GC(921) Pause Cleanup 2370M->2370M(4096M) 0.120ms
[3762.304s][info][gc,cpu         ] GC(921) User=0.00s Sys=0.00s Real=0.00s
[3762.305s][info][gc,marking     ] GC(921) Concurrent Clear Claimed Marks
[3762.305s][info][gc,marking     ] GC(921) Concurrent Clear Claimed Marks 0.041ms
[3762.305s][info][gc,marking     ] GC(921) Concurrent Cleanup for Next Mark
[3762.314s][info][gc,marking     ] GC(921) Concurrent Cleanup for Next Mark 9.682ms
[3762.314s][info][gc             ] GC(921) Concurrent Mark Cycle 1159.096ms
.[3763.792s][info][gc,start       ] GC(922) Pause Young (Prepare Mixed) (G1 Evacuation Pause)
[3763.792s][info][gc,task        ] GC(922) Using 6 workers of 6 for evacuation
[3763.907s][info][gc,phases      ] GC(922)   Pre Evacuate Collection Set: 0.34ms
[3763.907s][info][gc,phases      ] GC(922)   Merge Heap Roots: 0.51ms
[3763.907s][info][gc,phases      ] GC(922)   Evacuate Collection Set: 113.27ms
[3763.907s][info][gc,phases      ] GC(922)   Post Evacuate Collection Set: 0.95ms
[3763.907s][info][gc,phases      ] GC(922)   Other: 0.09ms
[3763.907s][info][gc,heap        ] GC(922) Eden regions: 1115->0(1113)
[3763.907s][info][gc,heap        ] GC(922) Survivor regions: 113->106(154)
[3763.907s][info][gc,heap        ] GC(922) Old regions: 508->540
[3763.907s][info][gc,heap        ] GC(922) Humongous regions: 80->80
[3763.907s][info][gc,metaspace   ] GC(922) Metaspace: 28892K(29312K)->28892K(29312K) NonClass: 24024K(24256K)->24024K(24256K) Class: 4868K(5056K)->4868K(5056K)
[3763.907s][info][gc             ] GC(922) Pause Young (Prepare Mixed) (G1 Evacuation Pause) 3630M->1451M(4096M) 115.297ms
[3763.907s][info][gc,cpu         ] GC(922) User=0.68s Sys=0.00s Real=0.12s
...[3766.630s][info][gc,start       ] GC(923) Pause Young (Mixed) (G1 Evacuation Pause)
[3766.630s][info][gc,task        ] GC(923) Using 6 workers of 6 for evacuation
[3766.766s][info][gc,phases      ] GC(923)   Pre Evacuate Collection Set: 0.37ms
[3766.766s][info][gc,phases      ] GC(923)   Merge Heap Roots: 0.66ms
[3766.766s][info][gc,phases      ] GC(923)   Evacuate Collection Set: 133.70ms
[3766.766s][info][gc,phases      ] GC(923)   Post Evacuate Collection Set: 0.96ms
[3766.766s][info][gc,phases      ] GC(923)   Other: 0.08ms
[3766.766s][info][gc,heap        ] GC(923) Eden regions: 1113->0(1117)
[3766.766s][info][gc,heap        ] GC(923) Survivor regions: 106->111(153)
[3766.766s][info][gc,heap        ] GC(923) Old regions: 540->477
[3766.766s][info][gc,heap        ] GC(923) Humongous regions: 80->80
[3766.766s][info][gc,metaspace   ] GC(923) Metaspace: 28892K(29312K)->28892K(29312K) NonClass: 24024K(24256K)->24024K(24256K) Class: 4868K(5056K)->4868K(5056K)
[3766.766s][info][gc             ] GC(923) Pause Young (Mixed) (G1 Evacuation Pause) 3677M->1335M(4096M) 135.903ms
[3766.766s][info][gc,cpu         ] GC(923) User=0.81s Sys=0.00s Real=0.14s
...[3769.470s][info][gc,start       ] GC(924) Pause Young (Concurrent Start) (G1 Evacuation Pause)
[3769.470s][info][gc,task        ] GC(924) Using 6 workers of 6 for evacuation
[3769.589s][info][gc,phases      ] GC(924)   Pre Evacuate Collection Set: 0.39ms
[3769.589s][info][gc,phases      ] GC(924)   Merge Heap Roots: 0.53ms
[3769.589s][info][gc,phases      ] GC(924)   Evacuate Collection Set: 116.62ms
[3769.589s][info][gc,phases      ] GC(924)   Post Evacuate Collection Set: 0.93ms
[3769.589s][info][gc,phases      ] GC(924)   Other: 0.12ms
[3769.589s][info][gc,heap        ] GC(924) Eden regions: 1117->0(1118)
[3769.589s][info][gc,heap        ] GC(924) Survivor regions: 111->110(154)
[3769.589s][info][gc,heap        ] GC(924) Old regions: 477->508
[3769.589s][info][gc,heap        ] GC(924) Humongous regions: 80->80
[3769.589s][info][gc,metaspace   ] GC(924) Metaspace: 28892K(29312K)->28892K(29312K) NonClass: 24024K(24256K)->24024K(24256K) Class: 4868K(5056K)->4868K(5056K)
[3769.589s][info][gc             ] GC(924) Pause Young (Concurrent Start) (G1 Evacuation Pause) 3569M->1394M(4096M) 118.733ms
[3769.589s][info][gc             ] GC(925) Concurrent Mark Cycle
[3769.589s][info][gc,marking     ] GC(925) Concurrent Scan Root Regions
[3769.589s][info][gc,cpu         ] GC(924) User=0.70s Sys=0.00s Real=0.12s
[3769.746s][info][gc,marking     ] GC(925) Concurrent Scan Root Regions 156.371ms
[3769.746s][info][gc,marking     ] GC(925) Concurrent Mark
[3769.746s][info][gc,marking     ] GC(925) Concurrent Mark From Roots
[3769.746s][info][gc,task        ] GC(925) Using 2 workers of 2 for marking
.[3770.470s][info][gc,marking     ] GC(925) Concurrent Mark From Roots 724.526ms
[3770.470s][info][gc,marking     ] GC(925) Concurrent Preclean
[3770.470s][info][gc,marking     ] GC(925) Concurrent Preclean 0.080ms
[3770.472s][info][gc,start       ] GC(925) Pause Remark
[3770.477s][info][gc             ] GC(925) Pause Remark 2156M->2156M(4096M) 4.993ms
[3770.477s][info][gc,cpu         ] GC(925) User=0.03s Sys=0.00s Real=0.01s
[3770.477s][info][gc,marking     ] GC(925) Concurrent Mark 731.037ms
[3770.477s][info][gc,marking     ] GC(925) Concurrent Rebuild Remembered Sets and Scrub Regions
[3770.797s][info][gc,marking     ] GC(925) Concurrent Rebuild Remembered Sets and Scrub Regions 320.028ms
[3770.797s][info][gc,start       ] GC(925) Pause Cleanup
[3770.797s][info][gc             ] GC(925) Pause Cleanup 2407M->2407M(4096M) 0.122ms
[3770.797s][info][gc,cpu         ] GC(925) User=0.00s Sys=0.00s Real=0.00s
[3770.800s][info][gc,marking     ] GC(925) Concurrent Clear Claimed Marks
[3770.800s][info][gc,marking     ] GC(925) Concurrent Clear Claimed Marks 0.044ms
[3770.800s][info][gc,marking     ] GC(925) Concurrent Cleanup for Next Mark
[3770.805s][info][gc,marking     ] GC(925) Concurrent Cleanup for Next Mark 5.517ms
[3770.805s][info][gc             ] GC(925) Concurrent Mark Cycle 1216.019ms
..[3772.325s][info][gc,start       ] GC(926) Pause Young (Prepare Mixed) (G1 Evacuation Pause)
[3772.325s][info][gc,task        ] GC(926) Using 6 workers of 6 for evacuation
[3772.443s][info][gc,phases      ] GC(926)   Pre Evacuate Collection Set: 0.34ms
[3772.443s][info][gc,phases      ] GC(926)   Merge Heap Roots: 0.50ms
[3772.443s][info][gc,phases      ] GC(926)   Evacuate Collection Set: 116.60ms
[3772.443s][info][gc,phases      ] GC(926)   Post Evacuate Collection Set: 0.93ms
[3772.443s][info][gc,phases      ] GC(926)   Other: 0.08ms
[3772.443s][info][gc,heap        ] GC(926) Eden regions: 1118->0(1103)
[3772.443s][info][gc,heap        ] GC(926) Survivor regions: 110->111(154)
[3772.443s][info][gc,heap        ] GC(926) Old regions: 508->540
[3772.443s][info][gc,heap        ] GC(926) Humongous regions: 80->80
[3772.443s][info][gc,metaspace   ] GC(926) Metaspace: 28892K(29312K)->28892K(29312K) NonClass: 24024K(24256K)->24024K(24256K) Class: 4868K(5056K)->4868K(5056K)
[3772.443s][info][gc             ] GC(926) Pause Young (Prepare Mixed) (G1 Evacuation Pause) 3630M->1459M(4096M) 118.570ms
[3772.443s][info][gc,cpu         ] GC(926) User=0.71s Sys=0.00s Real=0.11s
..[3775.126s][info][gc,start       ] GC(927) Pause Young (Mixed) (G1 Evacuation Pause)
[3775.126s][info][gc,task        ] GC(927) Using 6 workers of 6 for evacuation
[3775.261s][info][gc,phases      ] GC(927)   Pre Evacuate Collection Set: 0.35ms
[3775.261s][info][gc,phases      ] GC(927)   Merge Heap Roots: 0.67ms
[3775.261s][info][gc,phases      ] GC(927)   Evacuate Collection Set: 132.90ms
[3775.261s][info][gc,phases      ] GC(927)   Post Evacuate Collection Set: 0.94ms
[3775.261s][info][gc,phases      ] GC(927)   Other: 0.09ms
[3775.261s][info][gc,heap        ] GC(927) Eden regions: 1103->0(1116)
[3775.261s][info][gc,heap        ] GC(927) Survivor regions: 111->112(152)
[3775.261s][info][gc,heap        ] GC(927) Old regions: 540->475
[3775.261s][info][gc,heap        ] GC(927) Humongous regions: 80->80
[3775.261s][info][gc,metaspace   ] GC(927) Metaspace: 28892K(29312K)->28892K(29312K) NonClass: 24024K(24256K)->24024K(24256K) Class: 4868K(5056K)->4868K(5056K)
[3775.261s][info][gc             ] GC(927) Pause Young (Mixed) (G1 Evacuation Pause) 3665M->1332M(4096M) 135.123ms
[3775.261s][info][gc,cpu         ] GC(927) User=0.80s Sys=0.00s Real=0.13s
...[3777.941s][info][gc,start       ] GC(928) Pause Young (Concurrent Start) (G1 Evacuation Pause)
[3777.941s][info][gc,task        ] GC(928) Using 6 workers of 6 for evacuation
[3778.062s][info][gc,phases      ] GC(928)   Pre Evacuate Collection Set: 0.35ms
[3778.062s][info][gc,phases      ] GC(928)   Merge Heap Roots: 0.46ms
[3778.062s][info][gc,phases      ] GC(928)   Evacuate Collection Set: 118.82ms
[3778.062s][info][gc,phases      ] GC(928)   Post Evacuate Collection Set: 0.76ms
[3778.062s][info][gc,phases      ] GC(928)   Other: 0.10ms
[3778.062s][info][gc,heap        ] GC(928) Eden regions: 1116->0(1117)
[3778.062s][info][gc,heap        ] GC(928) Survivor regions: 112->111(154)
[3778.062s][info][gc,heap        ] GC(928) Old regions: 475->508
[3778.062s][info][gc,heap        ] GC(928) Humongous regions: 80->80
[3778.062s][info][gc,metaspace   ] GC(928) Metaspace: 28892K(29312K)->28892K(29312K) NonClass: 24024K(24256K)->24024K(24256K) Class: 4868K(5056K)->4868K(5056K)
[3778.062s][info][gc             ] GC(928) Pause Young (Concurrent Start) (G1 Evacuation Pause) 3564M->1396M(4096M) 120.620ms
[3778.062s][info][gc             ] GC(929) Concurrent Mark Cycle
[3778.062s][info][gc,marking     ] GC(929) Concurrent Scan Root Regions
[3778.062s][info][gc,cpu         ] GC(928) User=0.71s Sys=0.00s Real=0.12s
[3778.253s][info][gc,marking     ] GC(929) Concurrent Scan Root Regions 190.591ms
[3778.253s][info][gc,marking     ] GC(929) Concurrent Mark
[3778.253s][info][gc,marking     ] GC(929) Concurrent Mark From Roots
[3778.253s][info][gc,task        ] GC(929) Using 2 workers of 2 for marking
.[3779.157s][info][gc,marking     ] GC(929) Concurrent Mark From Roots 904.626ms
[3779.157s][info][gc,marking     ] GC(929) Concurrent Preclean
[3779.158s][info][gc,marking     ] GC(929) Concurrent Preclean 0.098ms
[3779.158s][info][gc,start       ] GC(929) Pause Remark
[3779.164s][info][gc             ] GC(929) Pause Remark 2352M->2352M(4096M) 6.007ms
[3779.164s][info][gc,cpu         ] GC(929) User=0.03s Sys=0.00s Real=0.01s
[3779.164s][info][gc,marking     ] GC(929) Concurrent Mark 911.592ms
[3779.164s][info][gc,marking     ] GC(929) Concurrent Rebuild Remembered Sets and Scrub Regions
.[3779.488s][info][gc,marking     ] GC(929) Concurrent Rebuild Remembered Sets and Scrub Regions 323.900ms
[3779.488s][info][gc,start       ] GC(929) Pause Cleanup
[3779.488s][info][gc             ] GC(929) Pause Cleanup 2581M->2581M(4096M) 0.104ms
[3779.488s][info][gc,cpu         ] GC(929) User=0.00s Sys=0.00s Real=0.00s
[3779.489s][info][gc,marking     ] GC(929) Concurrent Clear Claimed Marks
[3779.489s][info][gc,marking     ] GC(929) Concurrent Clear Claimed Marks 0.023ms
[3779.489s][info][gc,marking     ] GC(929) Concurrent Cleanup for Next Mark
[3779.492s][info][gc,marking     ] GC(929) Concurrent Cleanup for Next Mark 3.289ms
[3779.492s][info][gc             ] GC(929) Concurrent Mark Cycle 1429.825ms
.[3780.826s][info][gc,start       ] GC(930) Pause Young (Prepare Mixed) (G1 Evacuation Pause)
[3780.826s][info][gc,task        ] GC(930) Using 6 workers of 6 for evacuation
[3780.944s][info][gc,phases      ] GC(930)   Pre Evacuate Collection Set: 0.35ms
[3780.944s][info][gc,phases      ] GC(930)   Merge Heap Roots: 0.48ms
[3780.944s][info][gc,phases      ] GC(930)   Evacuate Collection Set: 115.77ms
[3780.944s][info][gc,phases      ] GC(930)   Post Evacuate Collection Set: 0.93ms
[3780.944s][info][gc,phases      ] GC(930)   Other: 0.09ms
[3780.944s][info][gc,heap        ] GC(930) Eden regions: 1117->0(1107)
[3780.944s][info][gc,heap        ] GC(930) Survivor regions: 111->109(154)
[3780.944s][info][gc,heap        ] GC(930) Old regions: 508->540
[3780.944s][info][gc,heap        ] GC(930) Humongous regions: 80->80
[3780.944s][info][gc,metaspace   ] GC(930) Metaspace: 28892K(29312K)->28892K(29312K) NonClass: 24024K(24256K)->24024K(24256K) Class: 4868K(5056K)->4868K(5056K)
[3780.944s][info][gc             ] GC(930) Pause Young (Prepare Mixed) (G1 Evacuation Pause) 3630M->1456M(4096M) 117.762ms
[3780.944s][info][gc,cpu         ] GC(930) User=0.70s Sys=0.00s Real=0.12s
...[3783.632s][info][gc,start       ] GC(931) Pause Young (Mixed) (G1 Evacuation Pause)
[3783.633s][info][gc,task        ] GC(931) Using 6 workers of 6 for evacuation
[3783.766s][info][gc,phases      ] GC(931)   Pre Evacuate Collection Set: 0.42ms
[3783.766s][info][gc,phases      ] GC(931)   Merge Heap Roots: 0.62ms
[3783.766s][info][gc,phases      ] GC(931)   Evacuate Collection Set: 131.81ms
[3783.766s][info][gc,phases      ] GC(931)   Post Evacuate Collection Set: 0.97ms
[3783.766s][info][gc,phases      ] GC(931)   Other: 0.08ms
[3783.766s][info][gc,heap        ] GC(931) Eden regions: 1107->0(1116)
[3783.766s][info][gc,heap        ] GC(931) Survivor regions: 109->112(152)
[3783.766s][info][gc,heap        ] GC(931) Old regions: 540->476
[3783.766s][info][gc,heap        ] GC(931) Humongous regions: 80->80
[3783.766s][info][gc,metaspace   ] GC(931) Metaspace: 28892K(29312K)->28892K(29312K) NonClass: 24024K(24256K)->24024K(24256K) Class: 4868K(5056K)->4868K(5056K)
[3783.766s][info][gc             ] GC(931) Pause Young (Mixed) (G1 Evacuation Pause) 3670M->1334M(4096M) 134.037ms
[3783.767s][info][gc,cpu         ] GC(931) User=0.79s Sys=0.00s Real=0.14s
..[3786.459s][info][gc,start       ] GC(932) Pause Young (Concurrent Start) (G1 Evacuation Pause)
[3786.459s][info][gc,task        ] GC(932) Using 6 workers of 6 for evacuation
[3786.575s][info][gc,phases      ] GC(932)   Pre Evacuate Collection Set: 0.37ms
[3786.575s][info][gc,phases      ] GC(932)   Merge Heap Roots: 0.45ms
[3786.575s][info][gc,phases      ] GC(932)   Evacuate Collection Set: 114.84ms
[3786.575s][info][gc,phases      ] GC(932)   Post Evacuate Collection Set: 0.89ms
[3786.575s][info][gc,phases      ] GC(932)   Other: 0.10ms
[3786.575s][info][gc,heap        ] GC(932) Eden regions: 1116->0(1119)
[3786.575s][info][gc,heap        ] GC(932) Survivor regions: 112->109(154)
[3786.575s][info][gc,heap        ] GC(932) Old regions: 476->509
[3786.575s][info][gc,heap        ] GC(932) Humongous regions: 80->80
[3786.575s][info][gc,metaspace   ] GC(932) Metaspace: 28892K(29312K)->28892K(29312K) NonClass: 24024K(24256K)->24024K(24256K) Class: 4868K(5056K)->4868K(5056K)
[3786.575s][info][gc             ] GC(932) Pause Young (Concurrent Start) (G1 Evacuation Pause) 3566M->1394M(4096M) 116.784ms
[3786.575s][info][gc             ] GC(933) Concurrent Mark Cycle
[3786.575s][info][gc,marking     ] GC(933) Concurrent Scan Root Regions
[3786.575s][info][gc,cpu         ] GC(932) User=0.69s Sys=0.00s Real=0.12s
.[3786.760s][info][gc,marking     ] GC(933) Concurrent Scan Root Regions 185.089ms
[3786.761s][info][gc,marking     ] GC(933) Concurrent Mark
[3786.761s][info][gc,marking     ] GC(933) Concurrent Mark From Roots
[3786.761s][info][gc,task        ] GC(933) Using 2 workers of 2 for marking
.[3787.686s][info][gc,marking     ] GC(933) Concurrent Mark From Roots 925.084ms
[3787.686s][info][gc,marking     ] GC(933) Concurrent Preclean
[3787.686s][info][gc,marking     ] GC(933) Concurrent Preclean 0.070ms
[3787.686s][info][gc,start       ] GC(933) Pause Remark
[3787.691s][info][gc             ] GC(933) Pause Remark 2312M->2312M(4096M) 5.289ms
[3787.691s][info][gc,cpu         ] GC(933) User=0.03s Sys=0.00s Real=0.00s
[3787.691s][info][gc,marking     ] GC(933) Concurrent Mark 930.700ms
[3787.691s][info][gc,marking     ] GC(933) Concurrent Rebuild Remembered Sets and Scrub Regions
[3787.997s][info][gc,marking     ] GC(933) Concurrent Rebuild Remembered Sets and Scrub Regions 306.161ms
[3787.998s][info][gc,start       ] GC(933) Pause Cleanup
[3787.998s][info][gc             ] GC(933) Pause Cleanup 2570M->2570M(4096M) 0.138ms
[3787.998s][info][gc,cpu         ] GC(933) User=0.00s Sys=0.00s Real=0.00s
[3787.998s][info][gc,marking     ] GC(933) Concurrent Clear Claimed Marks
[3787.998s][info][gc,marking     ] GC(933) Concurrent Clear Claimed Marks 0.027ms
[3787.998s][info][gc,marking     ] GC(933) Concurrent Cleanup for Next Mark
[3788.003s][info][gc,marking     ] GC(933) Concurrent Cleanup for Next Mark 4.765ms
[3788.003s][info][gc             ] GC(933) Concurrent Mark Cycle 1427.532ms
.[3789.311s][info][gc,start       ] GC(934) Pause Young (Prepare Mixed) (G1 Evacuation Pause)
[3789.311s][info][gc,task        ] GC(934) Using 6 workers of 6 for evacuation
[3789.434s][info][gc,phases      ] GC(934)   Pre Evacuate Collection Set: 0.33ms
[3789.434s][info][gc,phases      ] GC(934)   Merge Heap Roots: 0.51ms
[3789.434s][info][gc,phases      ] GC(934)   Evacuate Collection Set: 120.81ms
[3789.434s][info][gc,phases      ] GC(934)   Post Evacuate Collection Set: 0.91ms
[3789.434s][info][gc,phases      ] GC(934)   Other: 0.10ms
[3789.434s][info][gc,heap        ] GC(934) Eden regions: 1119->0(1097)
[3789.434s][info][gc,heap        ] GC(934) Survivor regions: 109->114(154)
[3789.434s][info][gc,heap        ] GC(934) Old regions: 509->540
[3789.434s][info][gc,heap        ] GC(934) Humongous regions: 80->80
[3789.434s][info][gc,metaspace   ] GC(934) Metaspace: 28892K(29312K)->28892K(29312K) NonClass: 24024K(24256K)->24024K(24256K) Class: 4868K(5056K)->4868K(5056K)
[3789.434s][info][gc             ] GC(934) Pause Young (Prepare Mixed) (G1 Evacuation Pause) 3632M->1466M(4096M) 122.804ms
[3789.434s][info][gc,cpu         ] GC(934) User=0.72s Sys=0.01s Real=0.13s
...[3792.119s][info][gc,start       ] GC(935) Pause Young (Mixed) (G1 Evacuation Pause)
[3792.119s][info][gc,task        ] GC(935) Using 6 workers of 6 for evacuation
[3792.251s][info][gc,phases      ] GC(935)   Pre Evacuate Collection Set: 0.37ms
[3792.251s][info][gc,phases      ] GC(935)   Merge Heap Roots: 0.66ms
[3792.251s][info][gc,phases      ] GC(935)   Evacuate Collection Set: 129.37ms
[3792.251s][info][gc,phases      ] GC(935)   Post Evacuate Collection Set: 0.93ms
[3792.251s][info][gc,phases      ] GC(935)   Other: 0.09ms
[3792.251s][info][gc,heap        ] GC(935) Eden regions: 1097->0(1119)
[3792.251s][info][gc,heap        ] GC(935) Survivor regions: 114->109(152)
[3792.251s][info][gc,heap        ] GC(935) Old regions: 540->475
[3792.251s][info][gc,heap        ] GC(935) Humongous regions: 80->80
[3792.251s][info][gc,metaspace   ] GC(935) Metaspace: 28892K(29312K)->28892K(29312K) NonClass: 24024K(24256K)->24024K(24256K) Class: 4868K(5056K)->4868K(5056K)
[3792.251s][info][gc             ] GC(935) Pause Young (Mixed) (G1 Evacuation Pause) 3660M->1326M(4096M) 131.562ms
[3792.251s][info][gc,cpu         ] GC(935) User=0.78s Sys=0.00s Real=0.13s
...[3794.915s][info][gc,start       ] GC(936) Pause Young (Concurrent Start) (G1 Evacuation Pause)
[3794.915s][info][gc,task        ] GC(936) Using 6 workers of 6 for evacuation
[3795.032s][info][gc,phases      ] GC(936)   Pre Evacuate Collection Set: 0.39ms
[3795.032s][info][gc,phases      ] GC(936)   Merge Heap Roots: 0.46ms
[3795.032s][info][gc,phases      ] GC(936)   Evacuate Collection Set: 115.06ms
[3795.032s][info][gc,phases      ] GC(936)   Post Evacuate Collection Set: 0.90ms
[3795.032s][info][gc,phases      ] GC(936)   Other: 0.12ms
[3795.032s][info][gc,heap        ] GC(936) Eden regions: 1119->0(1119)
[3795.032s][info][gc,heap        ] GC(936) Survivor regions: 109->109(154)
[3795.032s][info][gc,heap        ] GC(936) Old regions: 475->507
[3795.032s][info][gc,heap        ] GC(936) Humongous regions: 80->80
[3795.032s][info][gc,metaspace   ] GC(936) Metaspace: 28892K(29312K)->28892K(29312K) NonClass: 24024K(24256K)->24024K(24256K) Class: 4868K(5056K)->4868K(5056K)
[3795.032s][info][gc             ] GC(936) Pause Young (Concurrent Start) (G1 Evacuation Pause) 3564M->1391M(4096M) 117.067ms
[3795.032s][info][gc             ] GC(937) Concurrent Mark Cycle
[3795.032s][info][gc,marking     ] GC(937) Concurrent Scan Root Regions
[3795.032s][info][gc,cpu         ] GC(936) User=0.69s Sys=0.00s Real=0.11s
[3795.216s][info][gc,marking     ] GC(937) Concurrent Scan Root Regions 183.740ms
[3795.216s][info][gc,marking     ] GC(937) Concurrent Mark
[3795.216s][info][gc,marking     ] GC(937) Concurrent Mark From Roots
[3795.216s][info][gc,task        ] GC(937) Using 2 workers of 2 for marking
.[3796.181s][info][gc,marking     ] GC(937) Concurrent Mark From Roots 964.763ms
[3796.181s][info][gc,marking     ] GC(937) Concurrent Preclean
[3796.181s][info][gc,marking     ] GC(937) Concurrent Preclean 0.086ms
[3796.181s][info][gc,start       ] GC(937) Pause Remark
[3796.187s][info][gc             ] GC(937) Pause Remark 2388M->2388M(4096M) 6.394ms
[3796.187s][info][gc,cpu         ] GC(937) User=0.03s Sys=0.00s Real=0.01s
[3796.187s][info][gc,marking     ] GC(937) Concurrent Mark 971.535ms
[3796.187s][info][gc,marking     ] GC(937) Concurrent Rebuild Remembered Sets and Scrub Regions
[3796.538s][info][gc,marking     ] GC(937) Concurrent Rebuild Remembered Sets and Scrub Regions 350.188ms
[3796.538s][info][gc,start       ] GC(937) Pause Cleanup
[3796.538s][info][gc             ] GC(937) Pause Cleanup 2678M->2678M(4096M) 0.129ms
[3796.538s][info][gc,cpu         ] GC(937) User=0.00s Sys=0.00s Real=0.00s
[3796.539s][info][gc,marking     ] GC(937) Concurrent Clear Claimed Marks
[3796.539s][info][gc,marking     ] GC(937) Concurrent Clear Claimed Marks 0.036ms
[3796.539s][info][gc,marking     ] GC(937) Concurrent Cleanup for Next Mark
[3796.544s][info][gc,marking     ] GC(937) Concurrent Cleanup for Next Mark 5.406ms
[3796.544s][info][gc             ] GC(937) Concurrent Mark Cycle 1512.088ms
..[3797.768s][info][gc,start       ] GC(938) Pause Young (Prepare Mixed) (G1 Evacuation Pause)
[3797.768s][info][gc,task        ] GC(938) Using 6 workers of 6 for evacuation
[3797.892s][info][gc,phases      ] GC(938)   Pre Evacuate Collection Set: 0.35ms
[3797.892s][info][gc,phases      ] GC(938)   Merge Heap Roots: 0.51ms
[3797.892s][info][gc,phases      ] GC(938)   Evacuate Collection Set: 121.77ms
[3797.892s][info][gc,phases      ] GC(938)   Post Evacuate Collection Set: 0.94ms
[3797.892s][info][gc,phases      ] GC(938)   Other: 0.09ms
[3797.892s][info][gc,heap        ] GC(938) Eden regions: 1119->0(1097)
[3797.892s][info][gc,heap        ] GC(938) Survivor regions: 109->115(154)
[3797.892s][info][gc,heap        ] GC(938) Old regions: 507->538
[3797.892s][info][gc,heap        ] GC(938) Humongous regions: 80->80
[3797.892s][info][gc,metaspace   ] GC(938) Metaspace: 28892K(29312K)->28892K(29312K) NonClass: 24024K(24256K)->24024K(24256K) Class: 4868K(5056K)->4868K(5056K)
[3797.892s][info][gc             ] GC(938) Pause Young (Prepare Mixed) (G1 Evacuation Pause) 3629M->1465M(4096M) 123.791ms
[3797.892s][info][gc,cpu         ] GC(938) User=0.73s Sys=0.00s Real=0.12s
.. (rIR:aIR:PR = 6642:6634:6634) (tPR = 98329) [OK] 
  3799s: Performance info:
         Transaction,    Success,    Partial,     Failed,   Receipts, AvgBarcode, 
             Overall,     404281,          0,          0,     384024,      59.48, 
         Response times:
             Request,    Success,    Partial,     Failed,   SkipFail,     Probes,    Samples,      min,      p50,      p90,      p95,      p99,      max, 
       TotalPurchase,     384024,          0,          0,          0,     362728,     401465,      300,     5600,    30000,    53000,   111000,   259000,
     InStorePurchase,     201990,          0,          0,          0,     191056,     210862,      300,     5700,    30000,    53000,   108000,   259000,
      OnlinePurchase,     141553,          0,          0,          0,     133940,     148654,      300,     5500,    30000,    54000,   111000,   259000,
        InstPurchase,      40481,          0,          0,          0,      37732,      41949,      400,     5900,    33000,    55000,   112000,   259000,
          AssocOfCat,        407,          0,          0,          0,        327,        416,    24000,    36000,    72000,    91150,   174980,   198000,
      AssocOfProduct,       4065,          0,          0,          0,       3736,       4326,      500,     7200,    37000,    61000,   119730,   167000,
      BusinessReport,       1017,          0,          0,          0,        882,       1070,    23000,    42000,    85000,   120900,   189190,   265000,
          CustBuyBeh,       4046,          0,          0,          0,       3753,       4390,      500,     6200,    36000,    56000,   117000,   208000,
       ProductReturn,      10722,          0,          0,          0,      10267,      11654,      300,     5600,    31000,    55000,   110000,   259000,

  3799s: (49%)   IR =   6780 [3800.545s][info][gc,start       ] GC(939) Pause Young (Mixed) (G1 Evacuation Pause)
[3800.545s][info][gc,task        ] GC(939) Using 6 workers of 6 for evacuation
[3800.681s][info][gc,phases      ] GC(939)   Pre Evacuate Collection Set: 0.36ms
[3800.681s][info][gc,phases      ] GC(939)   Merge Heap Roots: 0.67ms
[3800.681s][info][gc,phases      ] GC(939)   Evacuate Collection Set: 133.31ms
[3800.681s][info][gc,phases      ] GC(939)   Post Evacuate Collection Set: 0.95ms
[3800.681s][info][gc,phases      ] GC(939)   Other: 0.09ms
[3800.681s][info][gc,heap        ] GC(939) Eden regions: 1097->0(1116)
[3800.681s][info][gc,heap        ] GC(939) Survivor regions: 115->112(152)
[3800.681s][info][gc,heap        ] GC(939) Old regions: 538->475
[3800.681s][info][gc,heap        ] GC(939) Humongous regions: 80->80
[3800.681s][info][gc,metaspace   ] GC(939) Metaspace: 28892K(29312K)->28892K(29312K) NonClass: 24024K(24256K)->24024K(24256K) Class: 4868K(5056K)->4868K(5056K)
[3800.681s][info][gc             ] GC(939) Pause Young (Mixed) (G1 Evacuation Pause) 3659M->1331M(4096M) 135.501ms
[3800.681s][info][gc,cpu         ] GC(939) User=0.80s Sys=0.00s Real=0.13s
...[3803.318s][info][gc,start       ] GC(940) Pause Young (Concurrent Start) (G1 Evacuation Pause)
[3803.318s][info][gc,task        ] GC(940) Using 6 workers of 6 for evacuation
[3803.437s][info][gc,phases      ] GC(940)   Pre Evacuate Collection Set: 0.39ms
[3803.437s][info][gc,phases      ] GC(940)   Merge Heap Roots: 0.46ms
[3803.437s][info][gc,phases      ] GC(940)   Evacuate Collection Set: 116.89ms
[3803.437s][info][gc,phases      ] GC(940)   Post Evacuate Collection Set: 0.93ms
[3803.437s][info][gc,phases      ] GC(940)   Other: 0.12ms
[3803.437s][info][gc,heap        ] GC(940) Eden regions: 1116->0(1118)
[3803.437s][info][gc,heap        ] GC(940) Survivor regions: 112->110(154)
[3803.437s][info][gc,heap        ] GC(940) Old regions: 475->508
[3803.437s][info][gc,heap        ] GC(940) Humongous regions: 80->80
[3803.437s][info][gc,metaspace   ] GC(940) Metaspace: 28892K(29312K)->28892K(29312K) NonClass: 24024K(24256K)->24024K(24256K) Class: 4868K(5056K)->4868K(5056K)
[3803.437s][info][gc             ] GC(940) Pause Young (Concurrent Start) (G1 Evacuation Pause) 3563M->1395M(4096M) 118.953ms
[3803.437s][info][gc             ] GC(941) Concurrent Mark Cycle
[3803.437s][info][gc,marking     ] GC(941) Concurrent Scan Root Regions
[3803.437s][info][gc,cpu         ] GC(940) User=0.70s Sys=0.00s Real=0.12s
[3803.623s][info][gc,marking     ] GC(941) Concurrent Scan Root Regions 185.795ms
[3803.623s][info][gc,marking     ] GC(941) Concurrent Mark
[3803.623s][info][gc,marking     ] GC(941) Concurrent Mark From Roots
[3803.623s][info][gc,task        ] GC(941) Using 2 workers of 2 for marking
.[3804.549s][info][gc,marking     ] GC(941) Concurrent Mark From Roots 925.617ms
[3804.549s][info][gc,marking     ] GC(941) Concurrent Preclean
[3804.549s][info][gc,marking     ] GC(941) Concurrent Preclean 0.121ms
[3804.549s][info][gc,start       ] GC(941) Pause Remark
[3804.554s][info][gc             ] GC(941) Pause Remark 2355M->2355M(4096M) 5.070ms
[3804.554s][info][gc,cpu         ] GC(941) User=0.02s Sys=0.00s Real=0.01s
[3804.555s][info][gc,marking     ] GC(941) Concurrent Mark 931.446ms
[3804.555s][info][gc,marking     ] GC(941) Concurrent Rebuild Remembered Sets and Scrub Regions
.[3804.828s][info][gc,marking     ] GC(941) Concurrent Rebuild Remembered Sets and Scrub Regions 272.861ms
[3804.828s][info][gc,start       ] GC(941) Pause Cleanup
[3804.828s][info][gc             ] GC(941) Pause Cleanup 2603M->2603M(4096M) 0.115ms
[3804.828s][info][gc,cpu         ] GC(941) User=0.00s Sys=0.00s Real=0.00s
[3804.829s][info][gc,marking     ] GC(941) Concurrent Clear Claimed Marks
[3804.829s][info][gc,marking     ] GC(941) Concurrent Clear Claimed Marks 0.034ms
[3804.829s][info][gc,marking     ] GC(941) Concurrent Cleanup for Next Mark
[3804.837s][info][gc,marking     ] GC(941) Concurrent Cleanup for Next Mark 7.893ms
[3804.837s][info][gc             ] GC(941) Concurrent Mark Cycle 1399.548ms
.[3806.130s][info][gc,start       ] GC(942) Pause Young (Prepare Mixed) (G1 Evacuation Pause)
[3806.130s][info][gc,task        ] GC(942) Using 6 workers of 6 for evacuation
[3806.247s][info][gc,phases      ] GC(942)   Pre Evacuate Collection Set: 0.32ms
[3806.247s][info][gc,phases      ] GC(942)   Merge Heap Roots: 0.48ms
[3806.247s][info][gc,phases      ] GC(942)   Evacuate Collection Set: 115.07ms
[3806.247s][info][gc,phases      ] GC(942)   Post Evacuate Collection Set: 0.96ms
[3806.247s][info][gc,phases      ] GC(942)   Other: 0.09ms
[3806.247s][info][gc,heap        ] GC(942) Eden regions: 1118->0(1106)
[3806.247s][info][gc,heap        ] GC(942) Survivor regions: 110->110(154)
[3806.247s][info][gc,heap        ] GC(942) Old regions: 508->539
[3806.247s][info][gc,heap        ] GC(942) Humongous regions: 80->80
[3806.247s][info][gc,metaspace   ] GC(942) Metaspace: 28892K(29312K)->28892K(29312K) NonClass: 24024K(24256K)->24024K(24256K) Class: 4868K(5056K)->4868K(5056K)
[3806.247s][info][gc             ] GC(942) Pause Young (Prepare Mixed) (G1 Evacuation Pause) 3631M->1455M(4096M) 117.045ms
[3806.247s][info][gc,cpu         ] GC(942) User=0.69s Sys=0.00s Real=0.12s
..|.[3808.866s][info][gc,start       ] GC(943) Pause Young (Mixed) (G1 Evacuation Pause)
[3808.866s][info][gc,task        ] GC(943) Using 6 workers of 6 for evacuation
[3809.001s][info][gc,phases      ] GC(943)   Pre Evacuate Collection Set: 0.37ms
[3809.001s][info][gc,phases      ] GC(943)   Merge Heap Roots: 0.71ms
[3809.001s][info][gc,phases      ] GC(943)   Evacuate Collection Set: 132.25ms
[3809.001s][info][gc,phases      ] GC(943)   Post Evacuate Collection Set: 0.95ms
[3809.001s][info][gc,phases      ] GC(943)   Other: 0.09ms
[3809.001s][info][gc,heap        ] GC(943) Eden regions: 1106->0(1119)
[3809.001s][info][gc,heap        ] GC(943) Survivor regions: 110->109(152)
[3809.001s][info][gc,heap        ] GC(943) Old regions: 539->475
[3809.001s][info][gc,heap        ] GC(943) Humongous regions: 80->80
[3809.001s][info][gc,metaspace   ] GC(943) Metaspace: 28892K(29312K)->28892K(29312K) NonClass: 24024K(24256K)->24024K(24256K) Class: 4868K(5056K)->4868K(5056K)
[3809.001s][info][gc             ] GC(943) Pause Young (Mixed) (G1 Evacuation Pause) 3667M->1326M(4096M) 134.495ms
[3809.001s][info][gc,cpu         ] GC(943) User=0.79s Sys=0.00s Real=0.13s
..[3811.659s][info][gc,start       ] GC(944) Pause Young (Concurrent Start) (G1 Evacuation Pause)
[3811.659s][info][gc,task        ] GC(944) Using 6 workers of 6 for evacuation
[3811.780s][info][gc,phases      ] GC(944)   Pre Evacuate Collection Set: 0.36ms
[3811.780s][info][gc,phases      ] GC(944)   Merge Heap Roots: 0.48ms
[3811.780s][info][gc,phases      ] GC(944)   Evacuate Collection Set: 118.57ms
[3811.780s][info][gc,phases      ] GC(944)   Post Evacuate Collection Set: 0.88ms
[3811.780s][info][gc,phases      ] GC(944)   Other: 0.13ms
[3811.780s][info][gc,heap        ] GC(944) Eden regions: 1119->0(1116)
[3811.780s][info][gc,heap        ] GC(944) Survivor regions: 109->112(154)
[3811.780s][info][gc,heap        ] GC(944) Old regions: 475->508
[3811.780s][info][gc,heap        ] GC(944) Humongous regions: 80->80
[3811.780s][info][gc,metaspace   ] GC(944) Metaspace: 28892K(29312K)->28892K(29312K) NonClass: 24024K(24256K)->24024K(24256K) Class: 4868K(5056K)->4868K(5056K)
[3811.780s][info][gc             ] GC(944) Pause Young (Concurrent Start) (G1 Evacuation Pause) 3564M->1397M(4096M) 120.535ms
[3811.780s][info][gc             ] GC(945) Concurrent Mark Cycle
[3811.780s][info][gc,marking     ] GC(945) Concurrent Scan Root Regions
[3811.780s][info][gc,cpu         ] GC(944) User=0.72s Sys=0.00s Real=0.12s
.[3812.005s][info][gc,marking     ] GC(945) Concurrent Scan Root Regions 225.060ms
[3812.005s][info][gc,marking     ] GC(945) Concurrent Mark
[3812.005s][info][gc,marking     ] GC(945) Concurrent Mark From Roots
[3812.005s][info][gc,task        ] GC(945) Using 2 workers of 2 for marking
[3812.917s][info][gc,marking     ] GC(945) Concurrent Mark From Roots 912.646ms
[3812.917s][info][gc,marking     ] GC(945) Concurrent Preclean
[3812.918s][info][gc,marking     ] GC(945) Concurrent Preclean 0.105ms
[3812.919s][info][gc,start       ] GC(945) Pause Remark
[3812.925s][info][gc             ] GC(945) Pause Remark 2401M->2401M(4096M) 6.812ms
[3812.925s][info][gc,cpu         ] GC(945) User=0.04s Sys=0.00s Real=0.01s
[3812.926s][info][gc,marking     ] GC(945) Concurrent Mark 921.289ms
[3812.926s][info][gc,marking     ] GC(945) Concurrent Rebuild Remembered Sets and Scrub Regions
.[3813.263s][info][gc,marking     ] GC(945) Concurrent Rebuild Remembered Sets and Scrub Regions 336.726ms
[3813.264s][info][gc,start       ] GC(945) Pause Cleanup
[3813.264s][info][gc             ] GC(945) Pause Cleanup 2727M->2727M(4096M) 0.124ms
[3813.264s][info][gc,cpu         ] GC(945) User=0.00s Sys=0.00s Real=0.01s
[3813.264s][info][gc,marking     ] GC(945) Concurrent Clear Claimed Marks
[3813.264s][info][gc,marking     ] GC(945) Concurrent Clear Claimed Marks 0.032ms
[3813.264s][info][gc,marking     ] GC(945) Concurrent Cleanup for Next Mark
[3813.268s][info][gc,marking     ] GC(945) Concurrent Cleanup for Next Mark 3.967ms
[3813.268s][info][gc             ] GC(945) Concurrent Mark Cycle 1488.224ms
.[3814.397s][info][gc,start       ] GC(946) Pause Young (Prepare Mixed) (G1 Evacuation Pause)
[3814.397s][info][gc,task        ] GC(946) Using 6 workers of 6 for evacuation
[3814.516s][info][gc,phases      ] GC(946)   Pre Evacuate Collection Set: 0.35ms
[3814.516s][info][gc,phases      ] GC(946)   Merge Heap Roots: 0.49ms
[3814.516s][info][gc,phases      ] GC(946)   Evacuate Collection Set: 116.27ms
[3814.516s][info][gc,phases      ] GC(946)   Post Evacuate Collection Set: 0.94ms
[3814.516s][info][gc,phases      ] GC(946)   Other: 0.09ms
[3814.516s][info][gc,heap        ] GC(946) Eden regions: 1116->0(1107)
[3814.516s][info][gc,heap        ] GC(946) Survivor regions: 112->109(154)
[3814.516s][info][gc,heap        ] GC(946) Old regions: 508->540
[3814.516s][info][gc,heap        ] GC(946) Humongous regions: 80->80
[3814.516s][info][gc,metaspace   ] GC(946) Metaspace: 28892K(29312K)->28892K(29312K) NonClass: 24024K(24256K)->24024K(24256K) Class: 4868K(5056K)->4868K(5056K)
[3814.516s][info][gc             ] GC(946) Pause Young (Prepare Mixed) (G1 Evacuation Pause) 3629M->1457M(4096M) 118.279ms
[3814.516s][info][gc,cpu         ] GC(946) User=0.70s Sys=0.01s Real=0.12s
...[3817.182s][info][gc,start       ] GC(947) Pause Young (Mixed) (G1 Evacuation Pause)
[3817.182s][info][gc,task        ] GC(947) Using 6 workers of 6 for evacuation
[3817.315s][info][gc,phases      ] GC(947)   Pre Evacuate Collection Set: 0.40ms
[3817.315s][info][gc,phases      ] GC(947)   Merge Heap Roots: 0.66ms
[3817.315s][info][gc,phases      ] GC(947)   Evacuate Collection Set: 130.15ms
[3817.315s][info][gc,phases      ] GC(947)   Post Evacuate Collection Set: 0.92ms
[3817.315s][info][gc,phases      ] GC(947)   Other: 0.09ms
[3817.315s][info][gc,heap        ] GC(947) Eden regions: 1107->0(1119)
[3817.315s][info][gc,heap        ] GC(947) Survivor regions: 109->109(152)
[3817.315s][info][gc,heap        ] GC(947) Old regions: 540->476
[3817.315s][info][gc,heap        ] GC(947) Humongous regions: 80->80
[3817.315s][info][gc,metaspace   ] GC(947) Metaspace: 28892K(29312K)->28892K(29312K) NonClass: 24024K(24256K)->24024K(24256K) Class: 4868K(5056K)->4868K(5056K)
[3817.315s][info][gc             ] GC(947) Pause Young (Mixed) (G1 Evacuation Pause) 3671M->1329M(4096M) 132.352ms
[3817.315s][info][gc,cpu         ] GC(947) User=0.78s Sys=0.01s Real=0.14s
..[3819.976s][info][gc,start       ] GC(948) Pause Young (Concurrent Start) (G1 Evacuation Pause)
[3819.976s][info][gc,task        ] GC(948) Using 6 workers of 6 for evacuation
[3820.092s][info][gc,phases      ] GC(948)   Pre Evacuate Collection Set: 0.36ms
[3820.092s][info][gc,phases      ] GC(948)   Merge Heap Roots: 0.45ms
[3820.092s][info][gc,phases      ] GC(948)   Evacuate Collection Set: 114.32ms
[3820.092s][info][gc,phases      ] GC(948)   Post Evacuate Collection Set: 0.90ms
[3820.092s][info][gc,phases      ] GC(948)   Other: 0.09ms
[3820.092s][info][gc,heap        ] GC(948) Eden regions: 1119->0(1119)
[3820.092s][info][gc,heap        ] GC(948) Survivor regions: 109->109(154)
[3820.092s][info][gc,heap        ] GC(948) Old regions: 476->507
[3820.092s][info][gc,heap        ] GC(948) Humongous regions: 80->80
[3820.092s][info][gc,metaspace   ] GC(948) Metaspace: 28892K(29312K)->28892K(29312K) NonClass: 24024K(24256K)->24024K(24256K) Class: 4868K(5056K)->4868K(5056K)
[3820.092s][info][gc             ] GC(948) Pause Young (Concurrent Start) (G1 Evacuation Pause) 3567M->1389M(4096M) 116.268ms
[3820.092s][info][gc             ] GC(949) Concurrent Mark Cycle
[3820.092s][info][gc,marking     ] GC(949) Concurrent Scan Root Regions
[3820.092s][info][gc,cpu         ] GC(948) User=0.69s Sys=0.00s Real=0.11s
.[3820.234s][info][gc,marking     ] GC(949) Concurrent Scan Root Regions 142.482ms
[3820.234s][info][gc,marking     ] GC(949) Concurrent Mark
[3820.234s][info][gc,marking     ] GC(949) Concurrent Mark From Roots
[3820.234s][info][gc,task        ] GC(949) Using 2 workers of 2 for marking
[3820.949s][info][gc,marking     ] GC(949) Concurrent Mark From Roots 714.603ms
[3820.949s][info][gc,marking     ] GC(949) Concurrent Preclean
[3820.949s][info][gc,marking     ] GC(949) Concurrent Preclean 0.077ms
[3820.950s][info][gc,start       ] GC(949) Pause Remark
[3820.955s][info][gc             ] GC(949) Pause Remark 2137M->2137M(4096M) 5.519ms
[3820.955s][info][gc,cpu         ] GC(949) User=0.03s Sys=0.00s Real=0.01s
[3820.955s][info][gc,marking     ] GC(949) Concurrent Mark 720.807ms
[3820.955s][info][gc,marking     ] GC(949) Concurrent Rebuild Remembered Sets and Scrub Regions
.[3821.210s][info][gc,marking     ] GC(949) Concurrent Rebuild Remembered Sets and Scrub Regions 255.231ms
[3821.211s][info][gc,start       ] GC(949) Pause Cleanup
[3821.211s][info][gc             ] GC(949) Pause Cleanup 2353M->2353M(4096M) 0.104ms
[3821.211s][info][gc,cpu         ] GC(949) User=0.00s Sys=0.00s Real=0.00s
[3821.211s][info][gc,marking     ] GC(949) Concurrent Clear Claimed Marks
[3821.211s][info][gc,marking     ] GC(949) Concurrent Clear Claimed Marks 0.026ms
[3821.211s][info][gc,marking     ] GC(949) Concurrent Cleanup for Next Mark
[3821.215s][info][gc,marking     ] GC(949) Concurrent Cleanup for Next Mark 4.446ms
[3821.215s][info][gc             ] GC(949) Concurrent Mark Cycle 1123.484ms
.[3822.681s][info][gc,start       ] GC(950) Pause Young (Prepare Mixed) (G1 Evacuation Pause)
[3822.681s][info][gc,task        ] GC(950) Using 6 workers of 6 for evacuation
[3822.802s][info][gc,phases      ] GC(950)   Pre Evacuate Collection Set: 0.35ms
[3822.802s][info][gc,phases      ] GC(950)   Merge Heap Roots: 0.51ms
[3822.802s][info][gc,phases      ] GC(950)   Evacuate Collection Set: 118.91ms
[3822.802s][info][gc,phases      ] GC(950)   Post Evacuate Collection Set: 0.91ms
[3822.802s][info][gc,phases      ] GC(950)   Other: 0.08ms
[3822.802s][info][gc,heap        ] GC(950) Eden regions: 1119->0(1105)
[3822.802s][info][gc,heap        ] GC(950) Survivor regions: 109->111(154)
[3822.802s][info][gc,heap        ] GC(950) Old regions: 507->538
[3822.802s][info][gc,heap        ] GC(950) Humongous regions: 80->80
[3822.802s][info][gc,metaspace   ] GC(950) Metaspace: 28892K(29312K)->28892K(29312K) NonClass: 24024K(24256K)->24024K(24256K) Class: 4868K(5056K)->4868K(5056K)
[3822.802s][info][gc             ] GC(950) Pause Young (Prepare Mixed) (G1 Evacuation Pause) 3627M->1457M(4096M) 120.901ms
[3822.802s][info][gc,cpu         ] GC(950) User=0.72s Sys=0.00s Real=0.12s
...[3825.437s][info][gc,start       ] GC(951) Pause Young (Mixed) (G1 Evacuation Pause)
[3825.437s][info][gc,task        ] GC(951) Using 6 workers of 6 for evacuation
[3825.574s][info][gc,phases      ] GC(951)   Pre Evacuate Collection Set: 0.38ms
[3825.574s][info][gc,phases      ] GC(951)   Merge Heap Roots: 0.64ms
[3825.574s][info][gc,phases      ] GC(951)   Evacuate Collection Set: 134.85ms
[3825.574s][info][gc,phases      ] GC(951)   Post Evacuate Collection Set: 0.97ms
[3825.574s][info][gc,phases      ] GC(951)   Other: 0.09ms
[3825.574s][info][gc,heap        ] GC(951) Eden regions: 1105->0(1115)
[3825.574s][info][gc,heap        ] GC(951) Survivor regions: 111->113(152)
[3825.574s][info][gc,heap        ] GC(951) Old regions: 538->474
[3825.574s][info][gc,heap        ] GC(951) Humongous regions: 80->80
[3825.574s][info][gc,metaspace   ] GC(951) Metaspace: 28892K(29312K)->28892K(29312K) NonClass: 24024K(24256K)->24024K(24256K) Class: 4868K(5056K)->4868K(5056K)
[3825.574s][info][gc             ] GC(951) Pause Young (Mixed) (G1 Evacuation Pause) 3667M->1332M(4096M) 137.073ms
[3825.574s][info][gc,cpu         ] GC(951) User=0.81s Sys=0.00s Real=0.14s
...[3828.216s][info][gc,start       ] GC(952) Pause Young (Concurrent Start) (G1 Evacuation Pause)
[3828.216s][info][gc,task        ] GC(952) Using 6 workers of 6 for evacuation
[3828.332s][info][gc,phases      ] GC(952)   Pre Evacuate Collection Set: 0.37ms
[3828.332s][info][gc,phases      ] GC(952)   Merge Heap Roots: 0.45ms
[3828.332s][info][gc,phases      ] GC(952)   Evacuate Collection Set: 114.73ms
[3828.332s][info][gc,phases      ] GC(952)   Post Evacuate Collection Set: 0.86ms
[3828.332s][info][gc,phases      ] GC(952)   Other: 0.11ms
[3828.332s][info][gc,heap        ] GC(952) Eden regions: 1115->0(1119)
[3828.332s][info][gc,heap        ] GC(952) Survivor regions: 113->109(154)
[3828.332s][info][gc,heap        ] GC(952) Old regions: 474->505
[3828.332s][info][gc,heap        ] GC(952) Humongous regions: 80->80
[3828.333s][info][gc,metaspace   ] GC(952) Metaspace: 28892K(29312K)->28892K(29312K) NonClass: 24024K(24256K)->24024K(24256K) Class: 4868K(5056K)->4868K(5056K)
[3828.333s][info][gc             ] GC(952) Pause Young (Concurrent Start) (G1 Evacuation Pause) 3562M->1386M(4096M) 116.653ms
[3828.333s][info][gc             ] GC(953) Concurrent Mark Cycle
[3828.333s][info][gc,marking     ] GC(953) Concurrent Scan Root Regions
[3828.333s][info][gc,cpu         ] GC(952) User=0.69s Sys=0.00s Real=0.11s
[3828.517s][info][gc,marking     ] GC(953) Concurrent Scan Root Regions 184.114ms
[3828.517s][info][gc,marking     ] GC(953) Concurrent Mark
[3828.517s][info][gc,marking     ] GC(953) Concurrent Mark From Roots
[3828.517s][info][gc,task        ] GC(953) Using 2 workers of 2 for marking
.[3829.395s][info][gc,marking     ] GC(953) Concurrent Mark From Roots 878.451ms
[3829.395s][info][gc,marking     ] GC(953) Concurrent Preclean
[3829.395s][info][gc,marking     ] GC(953) Concurrent Preclean 0.101ms
[3829.396s][info][gc,start       ] GC(953) Pause Remark
[3829.402s][info][gc             ] GC(953) Pause Remark 2296M->2296M(4096M) 5.882ms
[3829.402s][info][gc,cpu         ] GC(953) User=0.03s Sys=0.00s Real=0.00s
[3829.403s][info][gc,marking     ] GC(953) Concurrent Mark 886.421ms
[3829.403s][info][gc,marking     ] GC(953) Concurrent Rebuild Remembered Sets and Scrub Regions
[3829.762s][info][gc,marking     ] GC(953) Concurrent Rebuild Remembered Sets and Scrub Regions 359.181ms
[3829.763s][info][gc,start       ] GC(953) Pause Cleanup
[3829.763s][info][gc             ] GC(953) Pause Cleanup 2596M->2596M(4096M) 0.115ms
[3829.763s][info][gc,cpu         ] GC(953) User=0.00s Sys=0.00s Real=0.00s
[3829.763s][info][gc,marking     ] GC(953) Concurrent Clear Claimed Marks
[3829.763s][info][gc,marking     ] GC(953) Concurrent Clear Claimed Marks 0.027ms
[3829.764s][info][gc,marking     ] GC(953) Concurrent Cleanup for Next Mark
[3829.769s][info][gc,marking     ] GC(953) Concurrent Cleanup for Next Mark 5.290ms
[3829.769s][info][gc             ] GC(953) Concurrent Mark Cycle 1436.336ms
.[3831.051s][info][gc,start       ] GC(954) Pause Young (Prepare Mixed) (G1 Evacuation Pause)
[3831.051s][info][gc,task        ] GC(954) Using 6 workers of 6 for evacuation
[3831.171s][info][gc,phases      ] GC(954)   Pre Evacuate Collection Set: 0.34ms
[3831.171s][info][gc,phases      ] GC(954)   Merge Heap Roots: 0.51ms
[3831.171s][info][gc,phases      ] GC(954)   Evacuate Collection Set: 118.23ms
[3831.171s][info][gc,phases      ] GC(954)   Post Evacuate Collection Set: 0.96ms
[3831.171s][info][gc,phases      ] GC(954)   Other: 0.09ms
[3831.171s][info][gc,heap        ] GC(954) Eden regions: 1119->0(1106)
[3831.171s][info][gc,heap        ] GC(954) Survivor regions: 109->111(154)
[3831.171s][info][gc,heap        ] GC(954) Old regions: 505->537
[3831.171s][info][gc,heap        ] GC(954) Humongous regions: 80->80
[3831.171s][info][gc,metaspace   ] GC(954) Metaspace: 28892K(29312K)->28892K(29312K) NonClass: 24024K(24256K)->24024K(24256K) Class: 4868K(5056K)->4868K(5056K)
[3831.171s][info][gc             ] GC(954) Pause Young (Prepare Mixed) (G1 Evacuation Pause) 3624M->1454M(4096M) 120.275ms
[3831.171s][info][gc,cpu         ] GC(954) User=0.71s Sys=0.00s Real=0.12s
...[3833.770s][info][gc,start       ] GC(955) Pause Young (Mixed) (G1 Evacuation Pause)
[3833.770s][info][gc,task        ] GC(955) Using 6 workers of 6 for evacuation
[3833.906s][info][gc,phases      ] GC(955)   Pre Evacuate Collection Set: 0.35ms
[3833.906s][info][gc,phases      ] GC(955)   Merge Heap Roots: 0.73ms
[3833.906s][info][gc,phases      ] GC(955)   Evacuate Collection Set: 133.71ms
[3833.906s][info][gc,phases      ] GC(955)   Post Evacuate Collection Set: 1.00ms
[3833.906s][info][gc,phases      ] GC(955)   Other: 0.09ms
[3833.906s][info][gc,heap        ] GC(955) Eden regions: 1106->0(1114)
[3833.906s][info][gc,heap        ] GC(955) Survivor regions: 111->114(153)
[3833.906s][info][gc,heap        ] GC(955) Old regions: 537->474
[3833.906s][info][gc,heap        ] GC(955) Humongous regions: 80->80
[3833.906s][info][gc,metaspace   ] GC(955) Metaspace: 28892K(29312K)->28892K(29312K) NonClass: 24024K(24256K)->24024K(24256K) Class: 4868K(5056K)->4868K(5056K)
[3833.906s][info][gc             ] GC(955) Pause Young (Mixed) (G1 Evacuation Pause) 3666M->1334M(4096M) 136.034ms
[3833.906s][info][gc,cpu         ] GC(955) User=0.81s Sys=0.00s Real=0.14s
...[3836.553s][info][gc,start       ] GC(956) Pause Young (Concurrent Start) (G1 Evacuation Pause)
[3836.553s][info][gc,task        ] GC(956) Using 6 workers of 6 for evacuation
[3836.672s][info][gc,phases      ] GC(956)   Pre Evacuate Collection Set: 0.40ms
[3836.672s][info][gc,phases      ] GC(956)   Merge Heap Roots: 0.46ms
[3836.672s][info][gc,phases      ] GC(956)   Evacuate Collection Set: 116.86ms
[3836.672s][info][gc,phases      ] GC(956)   Post Evacuate Collection Set: 0.91ms
[3836.672s][info][gc,phases      ] GC(956)   Other: 0.12ms
[3836.672s][info][gc,heap        ] GC(956) Eden regions: 1114->0(1118)
[3836.672s][info][gc,heap        ] GC(956) Survivor regions: 114->110(154)
[3836.672s][info][gc,heap        ] GC(956) Old regions: 474->507
[3836.672s][info][gc,heap        ] GC(956) Humongous regions: 80->80
[3836.672s][info][gc,metaspace   ] GC(956) Metaspace: 28892K(29312K)->28892K(29312K) NonClass: 24024K(24256K)->24024K(24256K) Class: 4868K(5056K)->4868K(5056K)
[3836.672s][info][gc             ] GC(956) Pause Young (Concurrent Start) (G1 Evacuation Pause) 3562M->1392M(4096M) 118.892ms
[3836.672s][info][gc             ] GC(957) Concurrent Mark Cycle
[3836.672s][info][gc,marking     ] GC(957) Concurrent Scan Root Regions
[3836.672s][info][gc,cpu         ] GC(956) User=0.71s Sys=0.00s Real=0.12s
[3836.870s][info][gc,marking     ] GC(957) Concurrent Scan Root Regions 198.427ms
[3836.870s][info][gc,marking     ] GC(957) Concurrent Mark
[3836.870s][info][gc,marking     ] GC(957) Concurrent Mark From Roots
[3836.870s][info][gc,task        ] GC(957) Using 2 workers of 2 for marking
.[3837.755s][info][gc,marking     ] GC(957) Concurrent Mark From Roots 884.974ms
[3837.755s][info][gc,marking     ] GC(957) Concurrent Preclean
[3837.755s][info][gc,marking     ] GC(957) Concurrent Preclean 0.075ms
[3837.755s][info][gc,start       ] GC(957) Pause Remark
[3837.760s][info][gc             ] GC(957) Pause Remark 2341M->2341M(4096M) 4.782ms
[3837.760s][info][gc,cpu         ] GC(957) User=0.02s Sys=0.00s Real=0.00s
[3837.760s][info][gc,marking     ] GC(957) Concurrent Mark 890.097ms
[3837.760s][info][gc,marking     ] GC(957) Concurrent Rebuild Remembered Sets and Scrub Regions
[3838.017s][info][gc,marking     ] GC(957) Concurrent Rebuild Remembered Sets and Scrub Regions 256.391ms
[3838.018s][info][gc,start       ] GC(957) Pause Cleanup
[3838.018s][info][gc             ] GC(957) Pause Cleanup 2536M->2536M(4096M) 0.115ms
[3838.018s][info][gc,cpu         ] GC(957) User=0.00s Sys=0.00s Real=0.00s
[3838.018s][info][gc,marking     ] GC(957) Concurrent Clear Claimed Marks
[3838.018s][info][gc,marking     ] GC(957) Concurrent Clear Claimed Marks 0.037ms
[3838.018s][info][gc,marking     ] GC(957) Concurrent Cleanup for Next Mark
[3838.023s][info][gc,marking     ] GC(957) Concurrent Cleanup for Next Mark 4.690ms
[3838.023s][info][gc             ] GC(957) Concurrent Mark Cycle 1351.510ms
..[3839.375s][info][gc,start       ] GC(958) Pause Young (Prepare Mixed) (G1 Evacuation Pause)
[3839.375s][info][gc,task        ] GC(958) Using 6 workers of 6 for evacuation
[3839.493s][info][gc,phases      ] GC(958)   Pre Evacuate Collection Set: 0.36ms
[3839.493s][info][gc,phases      ] GC(958)   Merge Heap Roots: 0.50ms
[3839.493s][info][gc,phases      ] GC(958)   Evacuate Collection Set: 116.30ms
[3839.493s][info][gc,phases      ] GC(958)   Post Evacuate Collection Set: 0.93ms
[3839.493s][info][gc,phases      ] GC(958)   Other: 0.09ms
[3839.493s][info][gc,heap        ] GC(958) Eden regions: 1118->0(1106)
[3839.493s][info][gc,heap        ] GC(958) Survivor regions: 110->110(154)
[3839.493s][info][gc,heap        ] GC(958) Old regions: 507->539
[3839.493s][info][gc,heap        ] GC(958) Humongous regions: 80->80
[3839.493s][info][gc,metaspace   ] GC(958) Metaspace: 28892K(29312K)->28892K(29312K) NonClass: 24024K(24256K)->24024K(24256K) Class: 4868K(5056K)->4868K(5056K)
[3839.493s][info][gc             ] GC(958) Pause Young (Prepare Mixed) (G1 Evacuation Pause) 3628M->1455M(4096M) 118.328ms
[3839.493s][info][gc,cpu         ] GC(958) User=0.70s Sys=0.00s Real=0.11s
..[3842.147s][info][gc,start       ] GC(959) Pause Young (Mixed) (G1 Evacuation Pause)
[3842.147s][info][gc,task        ] GC(959) Using 6 workers of 6 for evacuation
[3842.278s][info][gc,phases      ] GC(959)   Pre Evacuate Collection Set: 0.39ms
[3842.278s][info][gc,phases      ] GC(959)   Merge Heap Roots: 0.66ms
[3842.278s][info][gc,phases      ] GC(959)   Evacuate Collection Set: 128.99ms
[3842.278s][info][gc,phases      ] GC(959)   Post Evacuate Collection Set: 0.92ms
[3842.278s][info][gc,phases      ] GC(959)   Other: 0.09ms
[3842.278s][info][gc,heap        ] GC(959) Eden regions: 1106->0(1118)
[3842.278s][info][gc,heap        ] GC(959) Survivor regions: 110->110(152)
[3842.278s][info][gc,heap        ] GC(959) Old regions: 539->476
[3842.278s][info][gc,heap        ] GC(959) Humongous regions: 80->80
[3842.278s][info][gc,metaspace   ] GC(959) Metaspace: 28892K(29312K)->28892K(29312K) NonClass: 24024K(24256K)->24024K(24256K) Class: 4868K(5056K)->4868K(5056K)
[3842.278s][info][gc             ] GC(959) Pause Young (Mixed) (G1 Evacuation Pause) 3667M->1329M(4096M) 131.172ms
[3842.278s][info][gc,cpu         ] GC(959) User=0.78s Sys=0.00s Real=0.13s
...[3844.851s][info][gc,start       ] GC(960) Pause Young (Concurrent Start) (G1 Evacuation Pause)
[3844.851s][info][gc,task        ] GC(960) Using 6 workers of 6 for evacuation
[3844.974s][info][gc,phases      ] GC(960)   Pre Evacuate Collection Set: 0.35ms
[3844.974s][info][gc,phases      ] GC(960)   Merge Heap Roots: 0.44ms
[3844.974s][info][gc,phases      ] GC(960)   Evacuate Collection Set: 121.07ms
[3844.974s][info][gc,phases      ] GC(960)   Post Evacuate Collection Set: 0.89ms
[3844.974s][info][gc,phases      ] GC(960)   Other: 0.11ms
[3844.974s][info][gc,heap        ] GC(960) Eden regions: 1118->0(1117)
[3844.974s][info][gc,heap        ] GC(960) Survivor regions: 110->111(154)
[3844.974s][info][gc,heap        ] GC(960) Old regions: 476->508
[3844.974s][info][gc,heap        ] GC(960) Humongous regions: 80->80
[3844.974s][info][gc,metaspace   ] GC(960) Metaspace: 28892K(29312K)->28892K(29312K) NonClass: 24024K(24256K)->24024K(24256K) Class: 4868K(5056K)->4868K(5056K)
[3844.974s][info][gc             ] GC(960) Pause Young (Concurrent Start) (G1 Evacuation Pause) 3565M->1397M(4096M) 122.996ms
[3844.974s][info][gc             ] GC(961) Concurrent Mark Cycle
[3844.974s][info][gc,marking     ] GC(961) Concurrent Scan Root Regions
[3844.974s][info][gc,cpu         ] GC(960) User=0.73s Sys=0.00s Real=0.13s
[3845.121s][info][gc,marking     ] GC(961) Concurrent Scan Root Regions 147.076ms
[3845.121s][info][gc,marking     ] GC(961) Concurrent Mark
[3845.121s][info][gc,marking     ] GC(961) Concurrent Mark From Roots
[3845.121s][info][gc,task        ] GC(961) Using 2 workers of 2 for marking
.[3845.817s][info][gc,marking     ] GC(961) Concurrent Mark From Roots 695.530ms
[3845.817s][info][gc,marking     ] GC(961) Concurrent Preclean
[3845.817s][info][gc,marking     ] GC(961) Concurrent Preclean 0.068ms
[3845.817s][info][gc,start       ] GC(961) Pause Remark
[3845.823s][info][gc             ] GC(961) Pause Remark 2136M->2136M(4096M) 5.485ms
[3845.823s][info][gc,cpu         ] GC(961) User=0.03s Sys=0.00s Real=0.00s
[3845.823s][info][gc,marking     ] GC(961) Concurrent Mark 701.333ms
[3845.823s][info][gc,marking     ] GC(961) Concurrent Rebuild Remembered Sets and Scrub Regions
[3846.075s][info][gc,marking     ] GC(961) Concurrent Rebuild Remembered Sets and Scrub Regions 252.352ms
[3846.075s][info][gc,start       ] GC(961) Pause Cleanup
[3846.075s][info][gc             ] GC(961) Pause Cleanup 2328M->2328M(4096M) 0.103ms
[3846.075s][info][gc,cpu         ] GC(961) User=0.00s Sys=0.00s Real=0.00s
[3846.075s][info][gc,marking     ] GC(961) Concurrent Clear Claimed Marks
[3846.075s][info][gc,marking     ] GC(961) Concurrent Clear Claimed Marks 0.022ms
[3846.075s][info][gc,marking     ] GC(961) Concurrent Cleanup for Next Mark
[3846.079s][info][gc,marking     ] GC(961) Concurrent Cleanup for Next Mark 3.225ms
[3846.079s][info][gc             ] GC(961) Concurrent Mark Cycle 1104.464ms
..[3847.657s][info][gc,start       ] GC(962) Pause Young (Prepare Mixed) (G1 Evacuation Pause)
[3847.657s][info][gc,task        ] GC(962) Using 6 workers of 6 for evacuation
[3847.783s][info][gc,phases      ] GC(962)   Pre Evacuate Collection Set: 0.35ms
[3847.783s][info][gc,phases      ] GC(962)   Merge Heap Roots: 0.51ms
[3847.783s][info][gc,phases      ] GC(962)   Evacuate Collection Set: 123.99ms
[3847.783s][info][gc,phases      ] GC(962)   Post Evacuate Collection Set: 0.92ms
[3847.783s][info][gc,phases      ] GC(962)   Other: 0.09ms
[3847.783s][info][gc,heap        ] GC(962) Eden regions: 1117->0(1097)
[3847.783s][info][gc,heap        ] GC(962) Survivor regions: 111->114(154)
[3847.783s][info][gc,heap        ] GC(962) Old regions: 508->540
[3847.783s][info][gc,heap        ] GC(962) Humongous regions: 80->80
[3847.783s][info][gc,metaspace   ] GC(962) Metaspace: 28892K(29312K)->28892K(29312K) NonClass: 24024K(24256K)->24024K(24256K) Class: 4868K(5056K)->4868K(5056K)
[3847.783s][info][gc             ] GC(962) Pause Young (Prepare Mixed) (G1 Evacuation Pause) 3630M->1467M(4096M) 126.006ms
[3847.783s][info][gc,cpu         ] GC(962) User=0.74s Sys=0.00s Real=0.12s
...[3850.404s][info][gc,start       ] GC(963) Pause Young (Mixed) (G1 Evacuation Pause)
[3850.404s][info][gc,task        ] GC(963) Using 6 workers of 6 for evacuation
[3850.538s][info][gc,phases      ] GC(963)   Pre Evacuate Collection Set: 0.39ms
[3850.538s][info][gc,phases      ] GC(963)   Merge Heap Roots: 0.67ms
[3850.538s][info][gc,phases      ] GC(963)   Evacuate Collection Set: 132.31ms
[3850.538s][info][gc,phases      ] GC(963)   Post Evacuate Collection Set: 0.97ms
[3850.538s][info][gc,phases      ] GC(963)   Other: 0.08ms
[3850.538s][info][gc,heap        ] GC(963) Eden regions: 1097->0(1119)
[3850.538s][info][gc,heap        ] GC(963) Survivor regions: 114->109(152)
[3850.538s][info][gc,heap        ] GC(963) Old regions: 540->475
[3850.538s][info][gc,heap        ] GC(963) Humongous regions: 80->80
[3850.538s][info][gc,metaspace   ] GC(963) Metaspace: 28892K(29312K)->28892K(29312K) NonClass: 24024K(24256K)->24024K(24256K) Class: 4868K(5056K)->4868K(5056K)
[3850.538s][info][gc             ] GC(963) Pause Young (Mixed) (G1 Evacuation Pause) 3661M->1327M(4096M) 134.585ms
[3850.538s][info][gc,cpu         ] GC(963) User=0.79s Sys=0.00s Real=0.14s
..[3853.166s][info][gc,start       ] GC(964) Pause Young (Concurrent Start) (G1 Evacuation Pause)
[3853.166s][info][gc,task        ] GC(964) Using 6 workers of 6 for evacuation
[3853.286s][info][gc,phases      ] GC(964)   Pre Evacuate Collection Set: 0.37ms
[3853.286s][info][gc,phases      ] GC(964)   Merge Heap Roots: 0.45ms
[3853.286s][info][gc,phases      ] GC(964)   Evacuate Collection Set: 117.78ms
[3853.286s][info][gc,phases      ] GC(964)   Post Evacuate Collection Set: 0.80ms
[3853.286s][info][gc,phases      ] GC(964)   Other: 0.10ms
[3853.286s][info][gc,heap        ] GC(964) Eden regions: 1119->0(1117)
[3853.286s][info][gc,heap        ] GC(964) Survivor regions: 109->111(154)
[3853.286s][info][gc,heap        ] GC(964) Old regions: 475->507
[3853.286s][info][gc,heap        ] GC(964) Humongous regions: 80->80
[3853.286s][info][gc,metaspace   ] GC(964) Metaspace: 28892K(29312K)->28892K(29312K) NonClass: 24024K(24256K)->24024K(24256K) Class: 4868K(5056K)->4868K(5056K)
[3853.286s][info][gc             ] GC(964) Pause Young (Concurrent Start) (G1 Evacuation Pause) 3565M->1395M(4096M) 119.617ms
[3853.286s][info][gc             ] GC(965) Concurrent Mark Cycle
[3853.286s][info][gc,marking     ] GC(965) Concurrent Scan Root Regions
[3853.286s][info][gc,cpu         ] GC(964) User=0.71s Sys=0.00s Real=0.12s
.[3853.481s][info][gc,marking     ] GC(965) Concurrent Scan Root Regions 195.258ms
[3853.481s][info][gc,marking     ] GC(965) Concurrent Mark
[3853.481s][info][gc,marking     ] GC(965) Concurrent Mark From Roots
[3853.481s][info][gc,task        ] GC(965) Using 2 workers of 2 for marking
.[3854.451s][info][gc,marking     ] GC(965) Concurrent Mark From Roots 969.759ms
[3854.451s][info][gc,marking     ] GC(965) Concurrent Preclean
[3854.451s][info][gc,marking     ] GC(965) Concurrent Preclean 0.074ms
[3854.460s][info][gc,start       ] GC(965) Pause Remark
[3854.467s][info][gc             ] GC(965) Pause Remark 2419M->2419M(4096M) 6.366ms
[3854.467s][info][gc,cpu         ] GC(965) User=0.04s Sys=0.00s Real=0.01s
[3854.467s][info][gc,marking     ] GC(965) Concurrent Mark 986.001ms
[3854.467s][info][gc,marking     ] GC(965) Concurrent Rebuild Remembered Sets and Scrub Regions
[3854.788s][info][gc,marking     ] GC(965) Concurrent Rebuild Remembered Sets and Scrub Regions 320.636ms
[3854.788s][info][gc,start       ] GC(965) Pause Cleanup
[3854.788s][info][gc             ] GC(965) Pause Cleanup 2695M->2695M(4096M) 0.111ms
[3854.788s][info][gc,cpu         ] GC(965) User=0.00s Sys=0.00s Real=0.00s
[3854.788s][info][gc,marking     ] GC(965) Concurrent Clear Claimed Marks
[3854.788s][info][gc,marking     ] GC(965) Concurrent Clear Claimed Marks 0.030ms
[3854.788s][info][gc,marking     ] GC(965) Concurrent Cleanup for Next Mark
[3854.792s][info][gc,marking     ] GC(965) Concurrent Cleanup for Next Mark 3.942ms
[3854.792s][info][gc             ] GC(965) Concurrent Mark Cycle 1506.352ms
.[3855.960s][info][gc,start       ] GC(966) Pause Young (Prepare Mixed) (G1 Evacuation Pause)
[3855.960s][info][gc,task        ] GC(966) Using 6 workers of 6 for evacuation
[3856.076s][info][gc,phases      ] GC(966)   Pre Evacuate Collection Set: 0.36ms
[3856.076s][info][gc,phases      ] GC(966)   Merge Heap Roots: 0.53ms
[3856.076s][info][gc,phases      ] GC(966)   Evacuate Collection Set: 114.06ms
[3856.076s][info][gc,phases      ] GC(966)   Post Evacuate Collection Set: 0.91ms
[3856.076s][info][gc,phases      ] GC(966)   Other: 0.09ms
[3856.076s][info][gc,heap        ] GC(966) Eden regions: 1117->0(1111)
[3856.076s][info][gc,heap        ] GC(966) Survivor regions: 111->108(154)
[3856.076s][info][gc,heap        ] GC(966) Old regions: 507->538
[3856.076s][info][gc,heap        ] GC(966) Humongous regions: 80->80
[3856.076s][info][gc,metaspace   ] GC(966) Metaspace: 28892K(29312K)->28892K(29312K) NonClass: 24024K(24256K)->24024K(24256K) Class: 4868K(5056K)->4868K(5056K)
[3856.076s][info][gc             ] GC(966) Pause Young (Prepare Mixed) (G1 Evacuation Pause) 3629M->1451M(4096M) 116.094ms
[3856.077s][info][gc,cpu         ] GC(966) User=0.69s Sys=0.00s Real=0.12s
...[3858.659s][info][gc,start       ] GC(967) Pause Young (Mixed) (G1 Evacuation Pause)
[3858.659s][info][gc,task        ] GC(967) Using 6 workers of 6 for evacuation
[3858.792s][info][gc,phases      ] GC(967)   Pre Evacuate Collection Set: 0.39ms
[3858.792s][info][gc,phases      ] GC(967)   Merge Heap Roots: 0.62ms
[3858.792s][info][gc,phases      ] GC(967)   Evacuate Collection Set: 131.09ms
[3858.792s][info][gc,phases      ] GC(967)   Post Evacuate Collection Set: 0.96ms
[3858.792s][info][gc,phases      ] GC(967)   Other: 0.09ms
[3858.792s][info][gc,heap        ] GC(967) Eden regions: 1111->0(1118)
[3858.792s][info][gc,heap        ] GC(967) Survivor regions: 108->110(153)
[3858.792s][info][gc,heap        ] GC(967) Old regions: 538->476
[3858.792s][info][gc,heap        ] GC(967) Humongous regions: 80->80
[3858.792s][info][gc,metaspace   ] GC(967) Metaspace: 28892K(29312K)->28892K(29312K) NonClass: 24024K(24256K)->24024K(24256K) Class: 4868K(5056K)->4868K(5056K)
[3858.792s][info][gc             ] GC(967) Pause Young (Mixed) (G1 Evacuation Pause) 3673M->1330M(4096M) 133.269ms
[3858.793s][info][gc,cpu         ] GC(967) User=0.79s Sys=0.00s Real=0.13s
...[3861.464s][info][gc,start       ] GC(968) Pause Young (Concurrent Start) (G1 Evacuation Pause)
[3861.464s][info][gc,task        ] GC(968) Using 6 workers of 6 for evacuation
[3861.587s][info][gc,phases      ] GC(968)   Pre Evacuate Collection Set: 0.38ms
[3861.587s][info][gc,phases      ] GC(968)   Merge Heap Roots: 0.46ms
[3861.587s][info][gc,phases      ] GC(968)   Evacuate Collection Set: 120.97ms
[3861.587s][info][gc,phases      ] GC(968)   Post Evacuate Collection Set: 0.88ms
[3861.587s][info][gc,phases      ] GC(968)   Other: 0.11ms
[3861.587s][info][gc,heap        ] GC(968) Eden regions: 1118->0(1116)
[3861.587s][info][gc,heap        ] GC(968) Survivor regions: 110->112(154)
[3861.587s][info][gc,heap        ] GC(968) Old regions: 476->508
[3861.587s][info][gc,heap        ] GC(968) Humongous regions: 80->80
[3861.587s][info][gc,metaspace   ] GC(968) Metaspace: 28892K(29312K)->28892K(29312K) NonClass: 24024K(24256K)->24024K(24256K) Class: 4868K(5056K)->4868K(5056K)
[3861.587s][info][gc             ] GC(968) Pause Young (Concurrent Start) (G1 Evacuation Pause) 3566M->1399M(4096M) 122.948ms
[3861.587s][info][gc             ] GC(969) Concurrent Mark Cycle
[3861.587s][info][gc,marking     ] GC(969) Concurrent Scan Root Regions
[3861.587s][info][gc,cpu         ] GC(968) User=0.73s Sys=0.00s Real=0.12s
[3861.764s][info][gc,marking     ] GC(969) Concurrent Scan Root Regions 176.852ms
[3861.764s][info][gc,marking     ] GC(969) Concurrent Mark
[3861.764s][info][gc,marking     ] GC(969) Concurrent Mark From Roots
[3861.764s][info][gc,task        ] GC(969) Using 2 workers of 2 for marking
.[3862.510s][info][gc,marking     ] GC(969) Concurrent Mark From Roots 745.924ms
[3862.510s][info][gc,marking     ] GC(969) Concurrent Preclean
[3862.510s][info][gc,marking     ] GC(969) Concurrent Preclean 0.095ms
[3862.510s][info][gc,start       ] GC(969) Pause Remark
[3862.515s][info][gc             ] GC(969) Pause Remark 2166M->2166M(4096M) 4.638ms
[3862.515s][info][gc,cpu         ] GC(969) User=0.03s Sys=0.00s Real=0.01s
[3862.515s][info][gc,marking     ] GC(969) Concurrent Mark 751.012ms
[3862.515s][info][gc,marking     ] GC(969) Concurrent Rebuild Remembered Sets and Scrub Regions
[3862.764s][info][gc,marking     ] GC(969) Concurrent Rebuild Remembered Sets and Scrub Regions 249.609ms
[3862.765s][info][gc,start       ] GC(969) Pause Cleanup
[3862.765s][info][gc             ] GC(969) Pause Cleanup 2350M->2350M(4096M) 0.111ms
[3862.765s][info][gc,cpu         ] GC(969) User=0.00s Sys=0.00s Real=0.00s
[3862.766s][info][gc,marking     ] GC(969) Concurrent Clear Claimed Marks
[3862.766s][info][gc,marking     ] GC(969) Concurrent Clear Claimed Marks 0.052ms
[3862.766s][info][gc,marking     ] GC(969) Concurrent Cleanup for Next Mark
[3862.771s][info][gc,marking     ] GC(969) Concurrent Cleanup for Next Mark 4.595ms
[3862.771s][info][gc             ] GC(969) Concurrent Mark Cycle 1183.775ms
.[3864.292s][info][gc,start       ] GC(970) Pause Young (Prepare Mixed) (G1 Evacuation Pause)
[3864.292s][info][gc,task        ] GC(970) Using 6 workers of 6 for evacuation
[3864.410s][info][gc,phases      ] GC(970)   Pre Evacuate Collection Set: 0.35ms
[3864.410s][info][gc,phases      ] GC(970)   Merge Heap Roots: 0.49ms
[3864.410s][info][gc,phases      ] GC(970)   Evacuate Collection Set: 115.74ms
[3864.410s][info][gc,phases      ] GC(970)   Post Evacuate Collection Set: 0.91ms
[3864.410s][info][gc,phases      ] GC(970)   Other: 0.09ms
[3864.410s][info][gc,heap        ] GC(970) Eden regions: 1116->0(1106)
[3864.410s][info][gc,heap        ] GC(970) Survivor regions: 112->110(154)
[3864.410s][info][gc,heap        ] GC(970) Old regions: 508->539
[3864.410s][info][gc,heap        ] GC(970) Humongous regions: 80->80
[3864.410s][info][gc,metaspace   ] GC(970) Metaspace: 28892K(29312K)->28892K(29312K) NonClass: 24024K(24256K)->24024K(24256K) Class: 4868K(5056K)->4868K(5056K)
[3864.410s][info][gc             ] GC(970) Pause Young (Prepare Mixed) (G1 Evacuation Pause) 3631M->1456M(4096M) 117.712ms
[3864.410s][info][gc,cpu         ] GC(970) User=0.70s Sys=0.00s Real=0.12s
...[3867.050s][info][gc,start       ] GC(971) Pause Young (Mixed) (G1 Evacuation Pause)
[3867.050s][info][gc,task        ] GC(971) Using 6 workers of 6 for evacuation
[3867.181s][info][gc,phases      ] GC(971)   Pre Evacuate Collection Set: 0.39ms
[3867.181s][info][gc,phases      ] GC(971)   Merge Heap Roots: 0.59ms
[3867.181s][info][gc,phases      ] GC(971)   Evacuate Collection Set: 128.68ms
[3867.181s][info][gc,phases      ] GC(971)   Post Evacuate Collection Set: 0.97ms
[3867.181s][info][gc,phases      ] GC(971)   Other: 0.09ms
[3867.181s][info][gc,heap        ] GC(971) Eden regions: 1106->0(1119)
[3867.181s][info][gc,heap        ] GC(971) Survivor regions: 110->109(152)
[3867.181s][info][gc,heap        ] GC(971) Old regions: 539->475
[3867.181s][info][gc,heap        ] GC(971) Humongous regions: 80->80
[3867.181s][info][gc,metaspace   ] GC(971) Metaspace: 28892K(29312K)->28892K(29312K) NonClass: 24024K(24256K)->24024K(24256K) Class: 4868K(5056K)->4868K(5056K)
[3867.181s][info][gc             ] GC(971) Pause Young (Mixed) (G1 Evacuation Pause) 3668M->1326M(4096M) 130.846ms
[3867.181s][info][gc,cpu         ] GC(971) User=0.77s Sys=0.00s Real=0.13s
.. (rIR:aIR:PR = 6780:6777:6777) (tPR = 100983) [OK] 
  3868s: Performance info:
         Transaction,    Success,    Partial,     Failed,   Receipts, AvgBarcode, 
             Overall,     410789,          0,          0,     390218,      59.47, 
         Response times:
             Request,    Success,    Partial,     Failed,   SkipFail,     Probes,    Samples,      min,      p50,      p90,      p95,      p99,      max, 
       TotalPurchase,     390223,          0,          0,          0,     362289,     413928,      300,     5800,    29000,    58000,   121000,   265000,
     InStorePurchase,     205099,          0,          0,          0,     190197,     216965,      300,     5900,    30000,    60000,   122000,   265000,
      OnlinePurchase,     144062,          0,          0,          0,     133417,     152519,      300,     5400,    28000,    56000,   120000,   265000,
        InstPurchase,      41062,          0,          0,          0,      38675,      44444,      400,     6100,    30000,    59000,   121000,   242000,
          AssocOfCat,        412,          0,          0,          0,        338,        480,    23000,    37000,    80000,   134000,   193000,   234000,
      AssocOfProduct,       4107,          0,          0,          0,       3883,       4694,      500,     5700,    24000,    57000,   121050,   196000,
      BusinessReport,       1025,          0,          0,          0,        876,       1111,    27000,    41000,    84000,   116400,   181000,   218000,
          CustBuyBeh,       4119,          0,          0,          0,       3826,       4555,      200,     5200,    29000,    52000,   133000,   196000,
       ProductReturn,      10898,          0,          0,          0,      10314,      12089,      200,     5100,    29000,    55000,   126000,   222000,

  3868s: (50%)   IR =   6918 .[3869.753s][info][gc,start       ] GC(972) Pause Young (Concurrent Start) (G1 Evacuation Pause)
[3869.753s][info][gc,task        ] GC(972) Using 6 workers of 6 for evacuation
[3869.872s][info][gc,phases      ] GC(972)   Pre Evacuate Collection Set: 0.38ms
[3869.872s][info][gc,phases      ] GC(972)   Merge Heap Roots: 0.45ms
[3869.872s][info][gc,phases      ] GC(972)   Evacuate Collection Set: 116.68ms
[3869.872s][info][gc,phases      ] GC(972)   Post Evacuate Collection Set: 0.91ms
[3869.872s][info][gc,phases      ] GC(972)   Other: 0.12ms
[3869.872s][info][gc,heap        ] GC(972) Eden regions: 1119->0(1117)
[3869.872s][info][gc,heap        ] GC(972) Survivor regions: 109->111(154)
[3869.872s][info][gc,heap        ] GC(972) Old regions: 475->507
[3869.872s][info][gc,heap        ] GC(972) Humongous regions: 80->80
[3869.872s][info][gc,metaspace   ] GC(972) Metaspace: 28892K(29312K)->28892K(29312K) NonClass: 24024K(24256K)->24024K(24256K) Class: 4868K(5056K)->4868K(5056K)
[3869.872s][info][gc             ] GC(972) Pause Young (Concurrent Start) (G1 Evacuation Pause) 3564M->1394M(4096M) 118.697ms
[3869.872s][info][gc             ] GC(973) Concurrent Mark Cycle
[3869.872s][info][gc,marking     ] GC(973) Concurrent Scan Root Regions
[3869.872s][info][gc,cpu         ] GC(972) User=0.70s Sys=0.00s Real=0.12s
[3870.025s][info][gc,marking     ] GC(973) Concurrent Scan Root Regions 152.994ms
[3870.025s][info][gc,marking     ] GC(973) Concurrent Mark
[3870.025s][info][gc,marking     ] GC(973) Concurrent Mark From Roots
[3870.025s][info][gc,task        ] GC(973) Using 2 workers of 2 for marking
.[3870.761s][info][gc,marking     ] GC(973) Concurrent Mark From Roots 736.277ms
[3870.761s][info][gc,marking     ] GC(973) Concurrent Preclean
[3870.761s][info][gc,marking     ] GC(973) Concurrent Preclean 0.134ms
[3870.763s][info][gc,start       ] GC(973) Pause Remark
[3870.766s][info][gc             ] GC(973) Pause Remark 2183M->2183M(4096M) 3.738ms
[3870.766s][info][gc,cpu         ] GC(973) User=0.02s Sys=0.00s Real=0.01s
[3870.767s][info][gc,marking     ] GC(973) Concurrent Mark 741.681ms
[3870.767s][info][gc,marking     ] GC(973) Concurrent Rebuild Remembered Sets and Scrub Regions
[3871.023s][info][gc,marking     ] GC(973) Concurrent Rebuild Remembered Sets and Scrub Regions 256.572ms
[3871.025s][info][gc,start       ] GC(973) Pause Cleanup
[3871.026s][info][gc             ] GC(973) Pause Cleanup 2406M->2406M(4096M) 0.130ms
[3871.026s][info][gc,cpu         ] GC(973) User=0.00s Sys=0.00s Real=0.00s
[3871.026s][info][gc,marking     ] GC(973) Concurrent Clear Claimed Marks
[3871.026s][info][gc,marking     ] GC(973) Concurrent Clear Claimed Marks 0.030ms
[3871.026s][info][gc,marking     ] GC(973) Concurrent Cleanup for Next Mark
[3871.031s][info][gc,marking     ] GC(973) Concurrent Cleanup for Next Mark 5.709ms
[3871.031s][info][gc             ] GC(973) Concurrent Mark Cycle 1159.581ms
.[3872.480s][info][gc,start       ] GC(974) Pause Young (Prepare Mixed) (G1 Evacuation Pause)
[3872.480s][info][gc,task        ] GC(974) Using 6 workers of 6 for evacuation
[3872.599s][info][gc,phases      ] GC(974)   Pre Evacuate Collection Set: 0.34ms
[3872.599s][info][gc,phases      ] GC(974)   Merge Heap Roots: 0.49ms
[3872.599s][info][gc,phases      ] GC(974)   Evacuate Collection Set: 117.48ms
[3872.599s][info][gc,phases      ] GC(974)   Post Evacuate Collection Set: 0.94ms
[3872.599s][info][gc,phases      ] GC(974)   Other: 0.09ms
[3872.599s][info][gc,heap        ] GC(974) Eden regions: 1117->0(1104)
[3872.599s][info][gc,heap        ] GC(974) Survivor regions: 111->111(154)
[3872.599s][info][gc,heap        ] GC(974) Old regions: 507->539
[3872.599s][info][gc,heap        ] GC(974) Humongous regions: 80->80
[3872.599s][info][gc,metaspace   ] GC(974) Metaspace: 28892K(29312K)->28892K(29312K) NonClass: 24024K(24256K)->24024K(24256K) Class: 4868K(5056K)->4868K(5056K)
[3872.599s][info][gc             ] GC(974) Pause Young (Prepare Mixed) (G1 Evacuation Pause) 3628M->1458M(4096M) 119.481ms
[3872.599s][info][gc,cpu         ] GC(974) User=0.71s Sys=0.00s Real=0.12s
...[3875.179s][info][gc,start       ] GC(975) Pause Young (Mixed) (G1 Evacuation Pause)
[3875.179s][info][gc,task        ] GC(975) Using 6 workers of 6 for evacuation
[3875.314s][info][gc,phases      ] GC(975)   Pre Evacuate Collection Set: 0.36ms
[3875.314s][info][gc,phases      ] GC(975)   Merge Heap Roots: 0.63ms
[3875.314s][info][gc,phases      ] GC(975)   Evacuate Collection Set: 132.30ms
[3875.314s][info][gc,phases      ] GC(975)   Post Evacuate Collection Set: 0.96ms
[3875.314s][info][gc,phases      ] GC(975)   Other: 0.09ms
[3875.314s][info][gc,heap        ] GC(975) Eden regions: 1104->0(1118)
[3875.314s][info][gc,heap        ] GC(975) Survivor regions: 111->110(152)
[3875.314s][info][gc,heap        ] GC(975) Old regions: 539->477
[3875.314s][info][gc,heap        ] GC(975) Humongous regions: 80->80
[3875.314s][info][gc,metaspace   ] GC(975) Metaspace: 28892K(29312K)->28892K(29312K) NonClass: 24024K(24256K)->24024K(24256K) Class: 4868K(5056K)->4868K(5056K)
[3875.314s][info][gc             ] GC(975) Pause Young (Mixed) (G1 Evacuation Pause) 3666M->1332M(4096M) 134.480ms
[3875.314s][info][gc,cpu         ] GC(975) User=0.80s Sys=0.00s Real=0.14s
.|..[3877.905s][info][gc,start       ] GC(976) Pause Young (Concurrent Start) (G1 Evacuation Pause)
[3877.905s][info][gc,task        ] GC(976) Using 6 workers of 6 for evacuation
[3878.020s][info][gc,phases      ] GC(976)   Pre Evacuate Collection Set: 0.40ms
[3878.020s][info][gc,phases      ] GC(976)   Merge Heap Roots: 0.45ms
[3878.020s][info][gc,phases      ] GC(976)   Evacuate Collection Set: 113.47ms
[3878.020s][info][gc,phases      ] GC(976)   Post Evacuate Collection Set: 0.89ms
[3878.020s][info][gc,phases      ] GC(976)   Other: 0.12ms
[3878.020s][info][gc,heap        ] GC(976) Eden regions: 1118->0(1121)
[3878.020s][info][gc,heap        ] GC(976) Survivor regions: 110->107(154)
[3878.020s][info][gc,heap        ] GC(976) Old regions: 477->509
[3878.020s][info][gc,heap        ] GC(976) Humongous regions: 80->80
[3878.020s][info][gc,metaspace   ] GC(976) Metaspace: 28892K(29312K)->28892K(29312K) NonClass: 24024K(24256K)->24024K(24256K) Class: 4868K(5056K)->4868K(5056K)
[3878.020s][info][gc             ] GC(976) Pause Young (Concurrent Start) (G1 Evacuation Pause) 3568M->1389M(4096M) 115.479ms
[3878.020s][info][gc             ] GC(977) Concurrent Mark Cycle
[3878.020s][info][gc,marking     ] GC(977) Concurrent Scan Root Regions
[3878.020s][info][gc,cpu         ] GC(976) User=0.68s Sys=0.00s Real=0.11s
[3878.206s][info][gc,marking     ] GC(977) Concurrent Scan Root Regions 185.117ms
[3878.206s][info][gc,marking     ] GC(977) Concurrent Mark
[3878.206s][info][gc,marking     ] GC(977) Concurrent Mark From Roots
[3878.206s][info][gc,task        ] GC(977) Using 2 workers of 2 for marking
.[3879.074s][info][gc,marking     ] GC(977) Concurrent Mark From Roots 868.632ms
[3879.074s][info][gc,marking     ] GC(977) Concurrent Preclean
[3879.074s][info][gc,marking     ] GC(977) Concurrent Preclean 0.106ms
[3879.080s][info][gc,start       ] GC(977) Pause Remark
[3879.086s][info][gc             ] GC(977) Pause Remark 2265M->2265M(4096M) 6.153ms
[3879.086s][info][gc,cpu         ] GC(977) User=0.03s Sys=0.00s Real=0.01s
[3879.086s][info][gc,marking     ] GC(977) Concurrent Mark 880.581ms
[3879.086s][info][gc,marking     ] GC(977) Concurrent Rebuild Remembered Sets and Scrub Regions
[3879.482s][info][gc,marking     ] GC(977) Concurrent Rebuild Remembered Sets and Scrub Regions 396.100ms
[3879.485s][info][gc,start       ] GC(977) Pause Cleanup
[3879.485s][info][gc             ] GC(977) Pause Cleanup 2641M->2641M(4096M) 0.132ms
[3879.485s][info][gc,cpu         ] GC(977) User=0.01s Sys=0.00s Real=0.00s
[3879.485s][info][gc,marking     ] GC(977) Concurrent Clear Claimed Marks
[3879.485s][info][gc,marking     ] GC(977) Concurrent Clear Claimed Marks 0.031ms
[3879.485s][info][gc,marking     ] GC(977) Concurrent Cleanup for Next Mark
[3879.492s][info][gc,marking     ] GC(977) Concurrent Cleanup for Next Mark 6.630ms
[3879.492s][info][gc             ] GC(977) Concurrent Mark Cycle 1471.767ms
..[3880.682s][info][gc,start       ] GC(978) Pause Young (Prepare Mixed) (G1 Evacuation Pause)
[3880.683s][info][gc,task        ] GC(978) Using 6 workers of 6 for evacuation
[3880.801s][info][gc,phases      ] GC(978)   Pre Evacuate Collection Set: 0.39ms
[3880.801s][info][gc,phases      ] GC(978)   Merge Heap Roots: 0.53ms
[3880.801s][info][gc,phases      ] GC(978)   Evacuate Collection Set: 116.75ms
[3880.801s][info][gc,phases      ] GC(978)   Post Evacuate Collection Set: 0.95ms
[3880.801s][info][gc,phases      ] GC(978)   Other: 0.09ms
[3880.801s][info][gc,heap        ] GC(978) Eden regions: 1121->0(1102)
[3880.801s][info][gc,heap        ] GC(978) Survivor regions: 107->112(154)
[3880.801s][info][gc,heap        ] GC(978) Old regions: 509->539
[3880.801s][info][gc,heap        ] GC(978) Humongous regions: 80->80
[3880.801s][info][gc,metaspace   ] GC(978) Metaspace: 28892K(29312K)->28892K(29312K) NonClass: 24024K(24256K)->24024K(24256K) Class: 4868K(5056K)->4868K(5056K)
[3880.801s][info][gc             ] GC(978) Pause Young (Prepare Mixed) (G1 Evacuation Pause) 3631M->1460M(4096M) 118.836ms
[3880.801s][info][gc,cpu         ] GC(978) User=0.70s Sys=0.00s Real=0.12s
..[3883.324s][info][gc,start       ] GC(979) Pause Young (Mixed) (G1 Evacuation Pause)
[3883.324s][info][gc,task        ] GC(979) Using 6 workers of 6 for evacuation
[3883.460s][info][gc,phases      ] GC(979)   Pre Evacuate Collection Set: 0.39ms
[3883.460s][info][gc,phases      ] GC(979)   Merge Heap Roots: 0.64ms
[3883.460s][info][gc,phases      ] GC(979)   Evacuate Collection Set: 133.83ms
[3883.460s][info][gc,phases      ] GC(979)   Post Evacuate Collection Set: 0.99ms
[3883.460s][info][gc,phases      ] GC(979)   Other: 0.09ms
[3883.460s][info][gc,heap        ] GC(979) Eden regions: 1102->0(1117)
[3883.460s][info][gc,heap        ] GC(979) Survivor regions: 112->111(152)
[3883.460s][info][gc,heap        ] GC(979) Old regions: 539->474
[3883.460s][info][gc,heap        ] GC(979) Humongous regions: 80->80
[3883.460s][info][gc,metaspace   ] GC(979) Metaspace: 28892K(29312K)->28892K(29312K) NonClass: 24024K(24256K)->24024K(24256K) Class: 4868K(5056K)->4868K(5056K)
[3883.460s][info][gc             ] GC(979) Pause Young (Mixed) (G1 Evacuation Pause) 3664M->1328M(4096M) 136.076ms
[3883.460s][info][gc,cpu         ] GC(979) User=0.80s Sys=0.00s Real=0.13s
...[3886.071s][info][gc,start       ] GC(980) Pause Young (Concurrent Start) (G1 Evacuation Pause)
[3886.072s][info][gc,task        ] GC(980) Using 6 workers of 6 for evacuation
[3886.190s][info][gc,phases      ] GC(980)   Pre Evacuate Collection Set: 0.40ms
[3886.191s][info][gc,phases      ] GC(980)   Merge Heap Roots: 0.47ms
[3886.191s][info][gc,phases      ] GC(980)   Evacuate Collection Set: 117.09ms
[3886.191s][info][gc,phases      ] GC(980)   Post Evacuate Collection Set: 0.90ms
[3886.191s][info][gc,phases      ] GC(980)   Other: 0.10ms
[3886.191s][info][gc,heap        ] GC(980) Eden regions: 1117->0(1118)
[3886.191s][info][gc,heap        ] GC(980) Survivor regions: 111->110(154)
[3886.191s][info][gc,heap        ] GC(980) Old regions: 474->506
[3886.191s][info][gc,heap        ] GC(980) Humongous regions: 80->80
[3886.191s][info][gc,metaspace   ] GC(980) Metaspace: 28892K(29312K)->28892K(29312K) NonClass: 24024K(24256K)->24024K(24256K) Class: 4868K(5056K)->4868K(5056K)
[3886.191s][info][gc             ] GC(980) Pause Young (Concurrent Start) (G1 Evacuation Pause) 3562M->1391M(4096M) 119.097ms
[3886.191s][info][gc             ] GC(981) Concurrent Mark Cycle
[3886.191s][info][gc,marking     ] GC(981) Concurrent Scan Root Regions
[3886.191s][info][gc,cpu         ] GC(980) User=0.71s Sys=0.00s Real=0.12s
[3886.378s][info][gc,marking     ] GC(981) Concurrent Scan Root Regions 187.729ms
[3886.378s][info][gc,marking     ] GC(981) Concurrent Mark
[3886.378s][info][gc,marking     ] GC(981) Concurrent Mark From Roots
[3886.378s][info][gc,task        ] GC(981) Using 2 workers of 2 for marking
.[3887.164s][info][gc,marking     ] GC(981) Concurrent Mark From Roots 785.607ms
[3887.164s][info][gc,marking     ] GC(981) Concurrent Preclean
[3887.164s][info][gc,marking     ] GC(981) Concurrent Preclean 0.108ms
[3887.165s][info][gc,start       ] GC(981) Pause Remark
[3887.170s][info][gc             ] GC(981) Pause Remark 2225M->2225M(4096M) 4.692ms
[3887.170s][info][gc,cpu         ] GC(981) User=0.03s Sys=0.00s Real=0.00s
[3887.170s][info][gc,marking     ] GC(981) Concurrent Mark 791.566ms
[3887.170s][info][gc,marking     ] GC(981) Concurrent Rebuild Remembered Sets and Scrub Regions
[3887.532s][info][gc,marking     ] GC(981) Concurrent Rebuild Remembered Sets and Scrub Regions 362.286ms
[3887.532s][info][gc,start       ] GC(981) Pause Cleanup
[3887.533s][info][gc             ] GC(981) Pause Cleanup 2545M->2545M(4096M) 0.115ms
[3887.533s][info][gc,cpu         ] GC(981) User=0.00s Sys=0.00s Real=0.00s
[3887.533s][info][gc,marking     ] GC(981) Concurrent Clear Claimed Marks
[3887.533s][info][gc,marking     ] GC(981) Concurrent Clear Claimed Marks 0.026ms
[3887.533s][info][gc,marking     ] GC(981) Concurrent Cleanup for Next Mark
[3887.543s][info][gc,marking     ] GC(981) Concurrent Cleanup for Next Mark 10.769ms
[3887.543s][info][gc             ] GC(981) Concurrent Mark Cycle 1352.876ms
..[3888.799s][info][gc,start       ] GC(982) Pause Young (Prepare Mixed) (G1 Evacuation Pause)
[3888.799s][info][gc,task        ] GC(982) Using 6 workers of 6 for evacuation
[3888.917s][info][gc,phases      ] GC(982)   Pre Evacuate Collection Set: 0.34ms
[3888.917s][info][gc,phases      ] GC(982)   Merge Heap Roots: 0.48ms
[3888.917s][info][gc,phases      ] GC(982)   Evacuate Collection Set: 115.57ms
[3888.917s][info][gc,phases      ] GC(982)   Post Evacuate Collection Set: 0.92ms
[3888.917s][info][gc,phases      ] GC(982)   Other: 0.09ms
[3888.917s][info][gc,heap        ] GC(982) Eden regions: 1118->0(1109)
[3888.917s][info][gc,heap        ] GC(982) Survivor regions: 110->109(154)
[3888.917s][info][gc,heap        ] GC(982) Old regions: 506->538
[3888.917s][info][gc,heap        ] GC(982) Humongous regions: 80->80
[3888.917s][info][gc,metaspace   ] GC(982) Metaspace: 28892K(29312K)->28892K(29312K) NonClass: 24024K(24256K)->24024K(24256K) Class: 4868K(5056K)->4868K(5056K)
[3888.917s][info][gc             ] GC(982) Pause Young (Prepare Mixed) (G1 Evacuation Pause) 3627M->1452M(4096M) 117.529ms
[3888.917s][info][gc,cpu         ] GC(982) User=0.69s Sys=0.00s Real=0.12s
..[3891.455s][info][gc,start       ] GC(983) Pause Young (Mixed) (G1 Evacuation Pause)
[3891.455s][info][gc,task        ] GC(983) Using 6 workers of 6 for evacuation
[3891.591s][info][gc,phases      ] GC(983)   Pre Evacuate Collection Set: 0.39ms
[3891.592s][info][gc,phases      ] GC(983)   Merge Heap Roots: 0.73ms
[3891.592s][info][gc,phases      ] GC(983)   Evacuate Collection Set: 134.61ms
[3891.592s][info][gc,phases      ] GC(983)   Post Evacuate Collection Set: 0.98ms
[3891.592s][info][gc,phases      ] GC(983)   Other: 0.10ms
[3891.592s][info][gc,heap        ] GC(983) Eden regions: 1109->0(1116)
[3891.592s][info][gc,heap        ] GC(983) Survivor regions: 109->112(153)
[3891.592s][info][gc,heap        ] GC(983) Old regions: 538->477
[3891.592s][info][gc,heap        ] GC(983) Humongous regions: 80->80
[3891.592s][info][gc,metaspace   ] GC(983) Metaspace: 28892K(29312K)->28892K(29312K) NonClass: 24024K(24256K)->24024K(24256K) Class: 4868K(5056K)->4868K(5056K)
[3891.592s][info][gc             ] GC(983) Pause Young (Mixed) (G1 Evacuation Pause) 3670M->1336M(4096M) 136.945ms
[3891.592s][info][gc,cpu         ] GC(983) User=0.81s Sys=0.00s Real=0.13s
...[3894.180s][info][gc,start       ] GC(984) Pause Young (Concurrent Start) (G1 Evacuation Pause)
[3894.180s][info][gc,task        ] GC(984) Using 6 workers of 6 for evacuation
[3894.301s][info][gc,phases      ] GC(984)   Pre Evacuate Collection Set: 0.34ms
[3894.301s][info][gc,phases      ] GC(984)   Merge Heap Roots: 0.47ms
[3894.301s][info][gc,phases      ] GC(984)   Evacuate Collection Set: 119.70ms
[3894.301s][info][gc,phases      ] GC(984)   Post Evacuate Collection Set: 0.89ms
[3894.301s][info][gc,phases      ] GC(984)   Other: 0.12ms
[3894.301s][info][gc,heap        ] GC(984) Eden regions: 1116->0(1115)
[3894.301s][info][gc,heap        ] GC(984) Survivor regions: 112->113(154)
[3894.301s][info][gc,heap        ] GC(984) Old regions: 477->509
[3894.301s][info][gc,heap        ] GC(984) Humongous regions: 80->80
[3894.301s][info][gc,metaspace   ] GC(984) Metaspace: 28892K(29312K)->28892K(29312K) NonClass: 24024K(24256K)->24024K(24256K) Class: 4868K(5056K)->4868K(5056K)
[3894.301s][info][gc             ] GC(984) Pause Young (Concurrent Start) (G1 Evacuation Pause) 3568M->1403M(4096M) 121.658ms
[3894.302s][info][gc             ] GC(985) Concurrent Mark Cycle
[3894.302s][info][gc,marking     ] GC(985) Concurrent Scan Root Regions
[3894.302s][info][gc,cpu         ] GC(984) User=0.72s Sys=0.00s Real=0.12s
[3894.502s][info][gc,marking     ] GC(985) Concurrent Scan Root Regions 200.387ms
[3894.502s][info][gc,marking     ] GC(985) Concurrent Mark
[3894.502s][info][gc,marking     ] GC(985) Concurrent Mark From Roots
[3894.502s][info][gc,task        ] GC(985) Using 2 workers of 2 for marking
.[3895.474s][info][gc,marking     ] GC(985) Concurrent Mark From Roots 971.901ms
[3895.474s][info][gc,marking     ] GC(985) Concurrent Preclean
[3895.474s][info][gc,marking     ] GC(985) Concurrent Preclean 0.101ms
[3895.475s][info][gc,start       ] GC(985) Pause Remark
[3895.479s][info][gc             ] GC(985) Pause Remark 2433M->2433M(4096M) 3.834ms
[3895.479s][info][gc,cpu         ] GC(985) User=0.02s Sys=0.00s Real=0.00s
[3895.479s][info][gc,marking     ] GC(985) Concurrent Mark 976.957ms
[3895.479s][info][gc,marking     ] GC(985) Concurrent Rebuild Remembered Sets and Scrub Regions
.[3895.822s][info][gc,marking     ] GC(985) Concurrent Rebuild Remembered Sets and Scrub Regions 342.649ms
[3895.824s][info][gc,start       ] GC(985) Pause Cleanup
[3895.824s][info][gc             ] GC(985) Pause Cleanup 2753M->2753M(4096M) 0.136ms
[3895.824s][info][gc,cpu         ] GC(985) User=0.00s Sys=0.00s Real=0.01s
[3895.824s][info][gc,marking     ] GC(985) Concurrent Clear Claimed Marks
[3895.824s][info][gc,marking     ] GC(985) Concurrent Clear Claimed Marks 0.033ms
[3895.824s][info][gc,marking     ] GC(985) Concurrent Cleanup for Next Mark
[3895.829s][info][gc,marking     ] GC(985) Concurrent Cleanup for Next Mark 5.041ms
[3895.829s][info][gc             ] GC(985) Concurrent Mark Cycle 1527.394ms
.[3896.884s][info][gc,start       ] GC(986) Pause Young (Prepare Mixed) (G1 Evacuation Pause)
[3896.884s][info][gc,task        ] GC(986) Using 6 workers of 6 for evacuation
[3897.002s][info][gc,phases      ] GC(986)   Pre Evacuate Collection Set: 0.35ms
[3897.002s][info][gc,phases      ] GC(986)   Merge Heap Roots: 0.52ms
[3897.002s][info][gc,phases      ] GC(986)   Evacuate Collection Set: 116.50ms
[3897.002s][info][gc,phases      ] GC(986)   Post Evacuate Collection Set: 0.95ms
[3897.002s][info][gc,phases      ] GC(986)   Other: 0.09ms
[3897.002s][info][gc,heap        ] GC(986) Eden regions: 1115->0(1103)
[3897.002s][info][gc,heap        ] GC(986) Survivor regions: 113->110(154)
[3897.002s][info][gc,heap        ] GC(986) Old regions: 509->542
[3897.002s][info][gc,heap        ] GC(986) Humongous regions: 80->80
[3897.002s][info][gc,metaspace   ] GC(986) Metaspace: 28892K(29312K)->28892K(29312K) NonClass: 24024K(24256K)->24024K(24256K) Class: 4868K(5056K)->4868K(5056K)
[3897.002s][info][gc             ] GC(986) Pause Young (Prepare Mixed) (G1 Evacuation Pause) 3633M->1461M(4096M) 118.534ms
[3897.002s][info][gc,cpu         ] GC(986) User=0.71s Sys=0.00s Real=0.11s
..[3899.603s][info][gc,start       ] GC(987) Pause Young (Mixed) (G1 Evacuation Pause)
[3899.604s][info][gc,task        ] GC(987) Using 6 workers of 6 for evacuation
[3899.735s][info][gc,phases      ] GC(987)   Pre Evacuate Collection Set: 0.39ms
[3899.735s][info][gc,phases      ] GC(987)   Merge Heap Roots: 0.60ms
[3899.735s][info][gc,phases      ] GC(987)   Evacuate Collection Set: 129.46ms
[3899.735s][info][gc,phases      ] GC(987)   Post Evacuate Collection Set: 0.95ms
[3899.735s][info][gc,phases      ] GC(987)   Other: 0.10ms
[3899.735s][info][gc,heap        ] GC(987) Eden regions: 1103->0(1118)
[3899.735s][info][gc,heap        ] GC(987) Survivor regions: 110->110(152)
[3899.735s][info][gc,heap        ] GC(987) Old regions: 542->477
[3899.735s][info][gc,heap        ] GC(987) Humongous regions: 80->80
[3899.735s][info][gc,metaspace   ] GC(987) Metaspace: 28892K(29312K)->28892K(29312K) NonClass: 24024K(24256K)->24024K(24256K) Class: 4868K(5056K)->4868K(5056K)
[3899.735s][info][gc             ] GC(987) Pause Young (Mixed) (G1 Evacuation Pause) 3667M->1333M(4096M) 131.642ms
[3899.735s][info][gc,cpu         ] GC(987) User=0.78s Sys=0.00s Real=0.14s
...[3902.301s][info][gc,start       ] GC(988) Pause Young (Concurrent Start) (G1 Evacuation Pause)
[3902.301s][info][gc,task        ] GC(988) Using 6 workers of 6 for evacuation
[3902.423s][info][gc,phases      ] GC(988)   Pre Evacuate Collection Set: 0.41ms
[3902.423s][info][gc,phases      ] GC(988)   Merge Heap Roots: 0.56ms
[3902.423s][info][gc,phases      ] GC(988)   Evacuate Collection Set: 119.87ms
[3902.423s][info][gc,phases      ] GC(988)   Post Evacuate Collection Set: 0.87ms
[3902.423s][info][gc,phases      ] GC(988)   Other: 0.12ms
[3902.423s][info][gc,heap        ] GC(988) Eden regions: 1118->0(1114)
[3902.423s][info][gc,heap        ] GC(988) Survivor regions: 110->114(154)
[3902.423s][info][gc,heap        ] GC(988) Old regions: 477->509
[3902.423s][info][gc,heap        ] GC(988) Humongous regions: 80->80
[3902.423s][info][gc,metaspace   ] GC(988) Metaspace: 28892K(29312K)->28892K(29312K) NonClass: 24024K(24256K)->24024K(24256K) Class: 4868K(5056K)->4868K(5056K)
[3902.423s][info][gc             ] GC(988) Pause Young (Concurrent Start) (G1 Evacuation Pause) 3569M->1403M(4096M) 121.945ms
[3902.423s][info][gc             ] GC(989) Concurrent Mark Cycle
[3902.423s][info][gc,marking     ] GC(989) Concurrent Scan Root Regions
[3902.423s][info][gc,cpu         ] GC(988) User=0.72s Sys=0.00s Real=0.12s
[3902.607s][info][gc,marking     ] GC(989) Concurrent Scan Root Regions 184.130ms
[3902.607s][info][gc,marking     ] GC(989) Concurrent Mark
[3902.607s][info][gc,marking     ] GC(989) Concurrent Mark From Roots
[3902.607s][info][gc,task        ] GC(989) Using 2 workers of 2 for marking
.[3903.562s][info][gc,marking     ] GC(989) Concurrent Mark From Roots 955.029ms
[3903.562s][info][gc,marking     ] GC(989) Concurrent Preclean
[3903.562s][info][gc,marking     ] GC(989) Concurrent Preclean 0.109ms
[3903.563s][info][gc,start       ] GC(989) Pause Remark
[3903.570s][info][gc             ] GC(989) Pause Remark 2408M->2408M(4096M) 6.355ms
[3903.570s][info][gc,cpu         ] GC(989) User=0.04s Sys=0.00s Real=0.01s
[3903.570s][info][gc,marking     ] GC(989) Concurrent Mark 962.844ms
[3903.570s][info][gc,marking     ] GC(989) Concurrent Rebuild Remembered Sets and Scrub Regions
[3903.829s][info][gc,marking     ] GC(989) Concurrent Rebuild Remembered Sets and Scrub Regions 259.205ms
[3903.830s][info][gc,start       ] GC(989) Pause Cleanup
[3903.830s][info][gc             ] GC(989) Pause Cleanup 2619M->2619M(4096M) 0.113ms
[3903.830s][info][gc,cpu         ] GC(989) User=0.00s Sys=0.00s Real=0.00s
[3903.830s][info][gc,marking     ] GC(989) Concurrent Clear Claimed Marks
[3903.830s][info][gc,marking     ] GC(989) Concurrent Clear Claimed Marks 0.029ms
[3903.830s][info][gc,marking     ] GC(989) Concurrent Cleanup for Next Mark
[3903.835s][info][gc,marking     ] GC(989) Concurrent Cleanup for Next Mark 5.581ms
[3903.836s][info][gc             ] GC(989) Concurrent Mark Cycle 1412.765ms
..[3905.029s][info][gc,start       ] GC(990) Pause Young (Prepare Mixed) (G1 Evacuation Pause)
[3905.029s][info][gc,task        ] GC(990) Using 6 workers of 6 for evacuation
[3905.147s][info][gc,phases      ] GC(990)   Pre Evacuate Collection Set: 0.38ms
[3905.147s][info][gc,phases      ] GC(990)   Merge Heap Roots: 0.54ms
[3905.147s][info][gc,phases      ] GC(990)   Evacuate Collection Set: 116.31ms
[3905.147s][info][gc,phases      ] GC(990)   Post Evacuate Collection Set: 0.94ms
[3905.147s][info][gc,phases      ] GC(990)   Other: 0.10ms
[3905.147s][info][gc,heap        ] GC(990) Eden regions: 1114->0(1110)
[3905.147s][info][gc,heap        ] GC(990) Survivor regions: 114->107(154)
[3905.147s][info][gc,heap        ] GC(990) Old regions: 509->541
[3905.147s][info][gc,heap        ] GC(990) Humongous regions: 80->80
[3905.147s][info][gc,metaspace   ] GC(990) Metaspace: 28892K(29312K)->28892K(29312K) NonClass: 24024K(24256K)->24024K(24256K) Class: 4868K(5056K)->4868K(5056K)
[3905.147s][info][gc             ] GC(990) Pause Young (Prepare Mixed) (G1 Evacuation Pause) 3631M->1454M(4096M) 118.399ms
[3905.147s][info][gc,cpu         ] GC(990) User=0.70s Sys=0.00s Real=0.12s
..[3907.744s][info][gc,start       ] GC(991) Pause Young (Mixed) (G1 Evacuation Pause)
[3907.744s][info][gc,task        ] GC(991) Using 6 workers of 6 for evacuation
[3907.881s][info][gc,phases      ] GC(991)   Pre Evacuate Collection Set: 0.36ms
[3907.881s][info][gc,phases      ] GC(991)   Merge Heap Roots: 0.67ms
[3907.881s][info][gc,phases      ] GC(991)   Evacuate Collection Set: 134.82ms
[3907.881s][info][gc,phases      ] GC(991)   Post Evacuate Collection Set: 0.92ms
[3907.881s][info][gc,phases      ] GC(991)   Other: 0.08ms
[3907.881s][info][gc,heap        ] GC(991) Eden regions: 1110->0(1114)
[3907.881s][info][gc,heap        ] GC(991) Survivor regions: 107->114(153)
[3907.881s][info][gc,heap        ] GC(991) Old regions: 541->475
[3907.881s][info][gc,heap        ] GC(991) Humongous regions: 80->80
[3907.881s][info][gc,metaspace   ] GC(991) Metaspace: 28892K(29312K)->28892K(29312K) NonClass: 24024K(24256K)->24024K(24256K) Class: 4868K(5056K)->4868K(5056K)
[3907.881s][info][gc             ] GC(991) Pause Young (Mixed) (G1 Evacuation Pause) 3674M->1336M(4096M) 136.975ms
[3907.881s][info][gc,cpu         ] GC(991) User=0.81s Sys=0.00s Real=0.13s
...[3910.429s][info][gc,start       ] GC(992) Pause Young (Concurrent Start) (G1 Evacuation Pause)
[3910.429s][info][gc,task        ] GC(992) Using 6 workers of 6 for evacuation
[3910.546s][info][gc,phases      ] GC(992)   Pre Evacuate Collection Set: 0.40ms
[3910.546s][info][gc,phases      ] GC(992)   Merge Heap Roots: 0.45ms
[3910.546s][info][gc,phases      ] GC(992)   Evacuate Collection Set: 114.81ms
[3910.546s][info][gc,phases      ] GC(992)   Post Evacuate Collection Set: 0.88ms
[3910.546s][info][gc,phases      ] GC(992)   Other: 0.10ms
[3910.546s][info][gc,heap        ] GC(992) Eden regions: 1114->0(1120)
[3910.546s][info][gc,heap        ] GC(992) Survivor regions: 114->108(154)
[3910.546s][info][gc,heap        ] GC(992) Old regions: 475->508
[3910.546s][info][gc,heap        ] GC(992) Humongous regions: 80->80
[3910.546s][info][gc,metaspace   ] GC(992) Metaspace: 28892K(29312K)->28892K(29312K) NonClass: 24024K(24256K)->24024K(24256K) Class: 4868K(5056K)->4868K(5056K)
[3910.546s][info][gc             ] GC(992) Pause Young (Concurrent Start) (G1 Evacuation Pause) 3564M->1391M(4096M) 116.778ms
[3910.546s][info][gc             ] GC(993) Concurrent Mark Cycle
[3910.546s][info][gc,marking     ] GC(993) Concurrent Scan Root Regions
[3910.546s][info][gc,cpu         ] GC(992) User=0.69s Sys=0.00s Real=0.12s
[3910.740s][info][gc,marking     ] GC(993) Concurrent Scan Root Regions 194.245ms
[3910.740s][info][gc,marking     ] GC(993) Concurrent Mark
[3910.740s][info][gc,marking     ] GC(993) Concurrent Mark From Roots
[3910.740s][info][gc,task        ] GC(993) Using 2 workers of 2 for marking
.[3911.775s][info][gc,marking     ] GC(993) Concurrent Mark From Roots 1034.791ms
[3911.775s][info][gc,marking     ] GC(993) Concurrent Preclean
[3911.775s][info][gc,marking     ] GC(993) Concurrent Preclean 0.077ms
[3911.777s][info][gc,start       ] GC(993) Pause Remark
[3911.783s][info][gc             ] GC(993) Pause Remark 2451M->2451M(4096M) 6.294ms
[3911.783s][info][gc,cpu         ] GC(993) User=0.03s Sys=0.01s Real=0.00s
[3911.783s][info][gc,marking     ] GC(993) Concurrent Mark 1043.223ms
[3911.783s][info][gc,marking     ] GC(993) Concurrent Rebuild Remembered Sets and Scrub Regions
.[3912.039s][info][gc,marking     ] GC(993) Concurrent Rebuild Remembered Sets and Scrub Regions 255.363ms
[3912.039s][info][gc,start       ] GC(993) Pause Cleanup
[3912.039s][info][gc             ] GC(993) Pause Cleanup 2660M->2660M(4096M) 0.108ms
[3912.039s][info][gc,cpu         ] GC(993) User=0.00s Sys=0.00s Real=0.00s
[3912.039s][info][gc,marking     ] GC(993) Concurrent Clear Claimed Marks
[3912.039s][info][gc,marking     ] GC(993) Concurrent Clear Claimed Marks 0.021ms
[3912.039s][info][gc,marking     ] GC(993) Concurrent Cleanup for Next Mark
[3912.042s][info][gc,marking     ] GC(993) Concurrent Cleanup for Next Mark 3.210ms
[3912.042s][info][gc             ] GC(993) Concurrent Mark Cycle 1496.470ms
.[3913.194s][info][gc,start       ] GC(994) Pause Young (Prepare Mixed) (G1 Evacuation Pause)
[3913.194s][info][gc,task        ] GC(994) Using 6 workers of 6 for evacuation
[3913.310s][info][gc,phases      ] GC(994)   Pre Evacuate Collection Set: 0.35ms
[3913.310s][info][gc,phases      ] GC(994)   Merge Heap Roots: 0.56ms
[3913.310s][info][gc,phases      ] GC(994)   Evacuate Collection Set: 114.00ms
[3913.310s][info][gc,phases      ] GC(994)   Post Evacuate Collection Set: 0.91ms
[3913.310s][info][gc,phases      ] GC(994)   Other: 0.10ms
[3913.310s][info][gc,heap        ] GC(994) Eden regions: 1120->0(1107)
[3913.310s][info][gc,heap        ] GC(994) Survivor regions: 108->109(154)
[3913.310s][info][gc,heap        ] GC(994) Old regions: 508->540
[3913.310s][info][gc,heap        ] GC(994) Humongous regions: 80->80
[3913.310s][info][gc,metaspace   ] GC(994) Metaspace: 28892K(29312K)->28892K(29312K) NonClass: 24024K(24256K)->24024K(24256K) Class: 4868K(5056K)->4868K(5056K)
[3913.310s][info][gc             ] GC(994) Pause Young (Prepare Mixed) (G1 Evacuation Pause) 3631M->1455M(4096M) 116.039ms
[3913.310s][info][gc,cpu         ] GC(994) User=0.68s Sys=0.00s Real=0.11s
...[3915.994s][info][gc,start       ] GC(995) Pause Young (Mixed) (G1 Evacuation Pause)
[3915.994s][info][gc,task        ] GC(995) Using 6 workers of 6 for evacuation
[3916.128s][info][gc,phases      ] GC(995)   Pre Evacuate Collection Set: 0.36ms
[3916.128s][info][gc,phases      ] GC(995)   Merge Heap Roots: 0.68ms
[3916.128s][info][gc,phases      ] GC(995)   Evacuate Collection Set: 131.88ms
[3916.128s][info][gc,phases      ] GC(995)   Post Evacuate Collection Set: 0.89ms
[3916.128s][info][gc,phases      ] GC(995)   Other: 0.09ms
[3916.128s][info][gc,heap        ] GC(995) Eden regions: 1107->0(1118)
[3916.128s][info][gc,heap        ] GC(995) Survivor regions: 109->110(152)
[3916.128s][info][gc,heap        ] GC(995) Old regions: 540->475
[3916.128s][info][gc,heap        ] GC(995) Humongous regions: 80->80
[3916.128s][info][gc,metaspace   ] GC(995) Metaspace: 28892K(29312K)->28892K(29312K) NonClass: 24024K(24256K)->24024K(24256K) Class: 4868K(5056K)->4868K(5056K)
[3916.128s][info][gc             ] GC(995) Pause Young (Mixed) (G1 Evacuation Pause) 3669M->1328M(4096M) 134.045ms
[3916.128s][info][gc,cpu         ] GC(995) User=0.80s Sys=0.00s Real=0.13s
..[3918.670s][info][gc,start       ] GC(996) Pause Young (Concurrent Start) (G1 Evacuation Pause)
[3918.670s][info][gc,task        ] GC(996) Using 6 workers of 6 for evacuation
[3918.792s][info][gc,phases      ] GC(996)   Pre Evacuate Collection Set: 0.39ms
[3918.792s][info][gc,phases      ] GC(996)   Merge Heap Roots: 0.44ms
[3918.792s][info][gc,phases      ] GC(996)   Evacuate Collection Set: 119.69ms
[3918.792s][info][gc,phases      ] GC(996)   Post Evacuate Collection Set: 0.89ms
[3918.792s][info][gc,phases      ] GC(996)   Other: 0.11ms
[3918.792s][info][gc,heap        ] GC(996) Eden regions: 1118->0(1114)
[3918.792s][info][gc,heap        ] GC(996) Survivor regions: 110->114(154)
[3918.792s][info][gc,heap        ] GC(996) Old regions: 475->508
[3918.792s][info][gc,heap        ] GC(996) Humongous regions: 80->80
[3918.792s][info][gc,metaspace   ] GC(996) Metaspace: 28892K(29312K)->28892K(29312K) NonClass: 24024K(24256K)->24024K(24256K) Class: 4868K(5056K)->4868K(5056K)
[3918.792s][info][gc             ] GC(996) Pause Young (Concurrent Start) (G1 Evacuation Pause) 3564M->1402M(4096M) 121.668ms
[3918.792s][info][gc             ] GC(997) Concurrent Mark Cycle
[3918.792s][info][gc,marking     ] GC(997) Concurrent Scan Root Regions
[3918.792s][info][gc,cpu         ] GC(996) User=0.72s Sys=0.00s Real=0.12s
[3918.967s][info][gc,marking     ] GC(997) Concurrent Scan Root Regions 174.933ms
[3918.967s][info][gc,marking     ] GC(997) Concurrent Mark
[3918.967s][info][gc,marking     ] GC(997) Concurrent Mark From Roots
[3918.967s][info][gc,task        ] GC(997) Using 2 workers of 2 for marking
.[3919.695s][info][gc,marking     ] GC(997) Concurrent Mark From Roots 728.100ms
[3919.695s][info][gc,marking     ] GC(997) Concurrent Preclean
[3919.695s][info][gc,marking     ] GC(997) Concurrent Preclean 0.113ms
[3919.696s][info][gc,start       ] GC(997) Pause Remark
[3919.701s][info][gc             ] GC(997) Pause Remark 2182M->2182M(4096M) 5.186ms
[3919.701s][info][gc,cpu         ] GC(997) User=0.03s Sys=0.00s Real=0.00s
[3919.701s][info][gc,marking     ] GC(997) Concurrent Mark 733.989ms
[3919.701s][info][gc,marking     ] GC(997) Concurrent Rebuild Remembered Sets and Scrub Regions
[3919.964s][info][gc,marking     ] GC(997) Concurrent Rebuild Remembered Sets and Scrub Regions 262.581ms
[3919.964s][info][gc,start       ] GC(997) Pause Cleanup
[3919.964s][info][gc             ] GC(997) Pause Cleanup 2443M->2443M(4096M) 0.112ms
[3919.964s][info][gc,cpu         ] GC(997) User=0.00s Sys=0.00s Real=0.00s
[3919.964s][info][gc,marking     ] GC(997) Concurrent Clear Claimed Marks
[3919.964s][info][gc,marking     ] GC(997) Concurrent Clear Claimed Marks 0.023ms
[3919.964s][info][gc,marking     ] GC(997) Concurrent Cleanup for Next Mark
[3919.967s][info][gc,marking     ] GC(997) Concurrent Cleanup for Next Mark 3.160ms
[3919.967s][info][gc             ] GC(997) Concurrent Mark Cycle 1175.135ms
..[3921.396s][info][gc,start       ] GC(998) Pause Young (Prepare Mixed) (G1 Evacuation Pause)
[3921.396s][info][gc,task        ] GC(998) Using 6 workers of 6 for evacuation
[3921.517s][info][gc,phases      ] GC(998)   Pre Evacuate Collection Set: 0.34ms
[3921.517s][info][gc,phases      ] GC(998)   Merge Heap Roots: 0.53ms
[3921.517s][info][gc,phases      ] GC(998)   Evacuate Collection Set: 119.12ms
[3921.517s][info][gc,phases      ] GC(998)   Post Evacuate Collection Set: 0.92ms
[3921.517s][info][gc,phases      ] GC(998)   Other: 0.09ms
[3921.517s][info][gc,heap        ] GC(998) Eden regions: 1114->0(1102)
[3921.517s][info][gc,heap        ] GC(998) Survivor regions: 114->111(154)
[3921.517s][info][gc,heap        ] GC(998) Old regions: 508->541
[3921.517s][info][gc,heap        ] GC(998) Humongous regions: 80->80
[3921.517s][info][gc,metaspace   ] GC(998) Metaspace: 28892K(29312K)->28892K(29312K) NonClass: 24024K(24256K)->24024K(24256K) Class: 4868K(5056K)->4868K(5056K)
[3921.517s][info][gc             ] GC(998) Pause Young (Prepare Mixed) (G1 Evacuation Pause) 3630M->1461M(4096M) 121.153ms
[3921.517s][info][gc,cpu         ] GC(998) User=0.72s Sys=0.00s Real=0.12s
..[3923.996s][info][gc,start       ] GC(999) Pause Young (Mixed) (G1 Evacuation Pause)
[3923.996s][info][gc,task        ] GC(999) Using 6 workers of 6 for evacuation
[3924.128s][info][gc,phases      ] GC(999)   Pre Evacuate Collection Set: 0.38ms
[3924.128s][info][gc,phases      ] GC(999)   Merge Heap Roots: 0.66ms
[3924.128s][info][gc,phases      ] GC(999)   Evacuate Collection Set: 129.83ms
[3924.128s][info][gc,phases      ] GC(999)   Post Evacuate Collection Set: 0.95ms
[3924.128s][info][gc,phases      ] GC(999)   Other: 0.08ms
[3924.128s][info][gc,heap        ] GC(999) Eden regions: 1102->0(1120)
[3924.128s][info][gc,heap        ] GC(999) Survivor regions: 111->108(152)
[3924.128s][info][gc,heap        ] GC(999) Old regions: 541->477
[3924.128s][info][gc,heap        ] GC(999) Humongous regions: 80->80
[3924.128s][info][gc,metaspace   ] GC(999) Metaspace: 28892K(29312K)->28892K(29312K) NonClass: 24024K(24256K)->24024K(24256K) Class: 4868K(5056K)->4868K(5056K)
[3924.128s][info][gc             ] GC(999) Pause Young (Mixed) (G1 Evacuation Pause) 3665M->1329M(4096M) 132.052ms
[3924.128s][info][gc,cpu         ] GC(999) User=0.78s Sys=0.00s Real=0.13s
...[3926.715s][info][gc,start       ] GC(1000) Pause Young (Concurrent Start) (G1 Evacuation Pause)
[3926.715s][info][gc,task        ] GC(1000) Using 6 workers of 6 for evacuation
[3926.837s][info][gc,phases      ] GC(1000)   Pre Evacuate Collection Set: 0.35ms
[3926.837s][info][gc,phases      ] GC(1000)   Merge Heap Roots: 0.43ms
[3926.837s][info][gc,phases      ] GC(1000)   Evacuate Collection Set: 120.14ms
[3926.837s][info][gc,phases      ] GC(1000)   Post Evacuate Collection Set: 0.94ms
[3926.837s][info][gc,phases      ] GC(1000)   Other: 0.10ms
[3926.837s][info][gc,heap        ] GC(1000) Eden regions: 1120->0(1114)
[3926.837s][info][gc,heap        ] GC(1000) Survivor regions: 108->114(154)
[3926.837s][info][gc,heap        ] GC(1000) Old regions: 477->509
[3926.837s][info][gc,heap        ] GC(1000) Humongous regions: 80->80
[3926.837s][info][gc,metaspace   ] GC(1000) Metaspace: 28892K(29312K)->28892K(29312K) NonClass: 24024K(24256K)->24024K(24256K) Class: 4868K(5056K)->4868K(5056K)
[3926.837s][info][gc             ] GC(1000) Pause Young (Concurrent Start) (G1 Evacuation Pause) 3569M->1404M(4096M) 122.109ms
[3926.837s][info][gc             ] GC(1001) Concurrent Mark Cycle
[3926.837s][info][gc,marking     ] GC(1001) Concurrent Scan Root Regions
[3926.837s][info][gc,cpu         ] GC(1000) User=0.72s Sys=0.00s Real=0.12s
[3926.990s][info][gc,marking     ] GC(1001) Concurrent Scan Root Regions 152.371ms
[3926.990s][info][gc,marking     ] GC(1001) Concurrent Mark
[3926.990s][info][gc,marking     ] GC(1001) Concurrent Mark From Roots
[3926.990s][info][gc,task        ] GC(1001) Using 2 workers of 2 for marking
.[3927.700s][info][gc,marking     ] GC(1001) Concurrent Mark From Roots 710.687ms
[3927.701s][info][gc,marking     ] GC(1001) Concurrent Preclean
[3927.701s][info][gc,marking     ] GC(1001) Concurrent Preclean 0.104ms
[3927.702s][info][gc,start       ] GC(1001) Pause Remark
[3927.707s][info][gc             ] GC(1001) Pause Remark 2148M->2148M(4096M) 4.574ms
[3927.707s][info][gc,cpu         ] GC(1001) User=0.03s Sys=0.00s Real=0.01s
[3927.707s][info][gc,marking     ] GC(1001) Concurrent Mark 717.446ms
[3927.707s][info][gc,marking     ] GC(1001) Concurrent Rebuild Remembered Sets and Scrub Regions
[3927.981s][info][gc,marking     ] GC(1001) Concurrent Rebuild Remembered Sets and Scrub Regions 273.662ms
[3927.981s][info][gc,start       ] GC(1001) Pause Cleanup
[3927.981s][info][gc             ] GC(1001) Pause Cleanup 2427M->2427M(4096M) 0.107ms
[3927.981s][info][gc,cpu         ] GC(1001) User=0.00s Sys=0.00s Real=0.00s
[3927.981s][info][gc,marking     ] GC(1001) Concurrent Clear Claimed Marks
[3927.981s][info][gc,marking     ] GC(1001) Concurrent Clear Claimed Marks 0.027ms
[3927.981s][info][gc,marking     ] GC(1001) Concurrent Cleanup for Next Mark
[3927.986s][info][gc,marking     ] GC(1001) Concurrent Cleanup for Next Mark 4.410ms
[3927.986s][info][gc             ] GC(1001) Concurrent Mark Cycle 1148.409ms
..[3929.492s][info][gc,start       ] GC(1002) Pause Young (Prepare Mixed) (G1 Evacuation Pause)
[3929.492s][info][gc,task        ] GC(1002) Using 6 workers of 6 for evacuation
[3929.610s][info][gc,phases      ] GC(1002)   Pre Evacuate Collection Set: 0.36ms
[3929.610s][info][gc,phases      ] GC(1002)   Merge Heap Roots: 0.46ms
[3929.610s][info][gc,phases      ] GC(1002)   Evacuate Collection Set: 115.59ms
[3929.610s][info][gc,phases      ] GC(1002)   Post Evacuate Collection Set: 0.95ms
[3929.610s][info][gc,phases      ] GC(1002)   Other: 0.09ms
[3929.610s][info][gc,heap        ] GC(1002) Eden regions: 1114->0(1103)
[3929.610s][info][gc,heap        ] GC(1002) Survivor regions: 114->111(154)
[3929.610s][info][gc,heap        ] GC(1002) Old regions: 509->540
[3929.610s][info][gc,heap        ] GC(1002) Humongous regions: 80->80
[3929.610s][info][gc,metaspace   ] GC(1002) Metaspace: 28892K(29312K)->28892K(29312K) NonClass: 24024K(24256K)->24024K(24256K) Class: 4868K(5056K)->4868K(5056K)
[3929.610s][info][gc             ] GC(1002) Pause Young (Prepare Mixed) (G1 Evacuation Pause) 3632M->1460M(4096M) 117.601ms
[3929.610s][info][gc,cpu         ] GC(1002) User=0.70s Sys=0.00s Real=0.12s
..[3932.150s][info][gc,start       ] GC(1003) Pause Young (Mixed) (G1 Evacuation Pause)
[3932.150s][info][gc,task        ] GC(1003) Using 6 workers of 6 for evacuation
[3932.285s][info][gc,phases      ] GC(1003)   Pre Evacuate Collection Set: 0.39ms
[3932.285s][info][gc,phases      ] GC(1003)   Merge Heap Roots: 0.70ms
[3932.285s][info][gc,phases      ] GC(1003)   Evacuate Collection Set: 132.63ms
[3932.285s][info][gc,phases      ] GC(1003)   Post Evacuate Collection Set: 0.97ms
[3932.285s][info][gc,phases      ] GC(1003)   Other: 0.11ms
[3932.285s][info][gc,heap        ] GC(1003) Eden regions: 1103->0(1118)
[3932.285s][info][gc,heap        ] GC(1003) Survivor regions: 111->110(152)
[3932.285s][info][gc,heap        ] GC(1003) Old regions: 540->475
[3932.285s][info][gc,heap        ] GC(1003) Humongous regions: 80->80
[3932.285s][info][gc,metaspace   ] GC(1003) Metaspace: 28892K(29312K)->28892K(29312K) NonClass: 24024K(24256K)->24024K(24256K) Class: 4868K(5056K)->4868K(5056K)
[3932.285s][info][gc             ] GC(1003) Pause Young (Mixed) (G1 Evacuation Pause) 3666M->1329M(4096M) 134.936ms
[3932.285s][info][gc,cpu         ] GC(1003) User=0.80s Sys=0.00s Real=0.14s
...[3934.849s][info][gc,start       ] GC(1004) Pause Young (Concurrent Start) (G1 Evacuation Pause)
[3934.849s][info][gc,task        ] GC(1004) Using 6 workers of 6 for evacuation
[3934.970s][info][gc,phases      ] GC(1004)   Pre Evacuate Collection Set: 0.36ms
[3934.970s][info][gc,phases      ] GC(1004)   Merge Heap Roots: 0.44ms
[3934.970s][info][gc,phases      ] GC(1004)   Evacuate Collection Set: 118.95ms
[3934.970s][info][gc,phases      ] GC(1004)   Post Evacuate Collection Set: 0.90ms
[3934.970s][info][gc,phases      ] GC(1004)   Other: 0.12ms
[3934.970s][info][gc,heap        ] GC(1004) Eden regions: 1118->0(1117)
[3934.970s][info][gc,heap        ] GC(1004) Survivor regions: 110->111(154)
[3934.970s][info][gc,heap        ] GC(1004) Old regions: 475->508
[3934.970s][info][gc,heap        ] GC(1004) Humongous regions: 80->80
[3934.970s][info][gc,metaspace   ] GC(1004) Metaspace: 28892K(29312K)->28892K(29312K) NonClass: 24024K(24256K)->24024K(24256K) Class: 4868K(5056K)->4868K(5056K)
[3934.970s][info][gc             ] GC(1004) Pause Young (Concurrent Start) (G1 Evacuation Pause) 3565M->1395M(4096M) 120.914ms
[3934.970s][info][gc             ] GC(1005) Concurrent Mark Cycle
[3934.970s][info][gc,marking     ] GC(1005) Concurrent Scan Root Regions
[3934.970s][info][gc,cpu         ] GC(1004) User=0.72s Sys=0.00s Real=0.12s
[3935.154s][info][gc,marking     ] GC(1005) Concurrent Scan Root Regions 183.935ms
[3935.154s][info][gc,marking     ] GC(1005) Concurrent Mark
[3935.154s][info][gc,marking     ] GC(1005) Concurrent Mark From Roots
[3935.154s][info][gc,task        ] GC(1005) Using 2 workers of 2 for marking
.[3936.108s][info][gc,marking     ] GC(1005) Concurrent Mark From Roots 953.810ms
[3936.108s][info][gc,marking     ] GC(1005) Concurrent Preclean
[3936.108s][info][gc,marking     ] GC(1005) Concurrent Preclean 0.109ms
[3936.109s][info][gc,start       ] GC(1005) Pause Remark
[3936.114s][info][gc             ] GC(1005) Pause Remark 2365M->2365M(4096M) 5.575ms
[3936.114s][info][gc,cpu         ] GC(1005) User=0.03s Sys=0.00s Real=0.01s
[3936.116s][info][gc,marking     ] GC(1005) Concurrent Mark 961.732ms
[3936.116s][info][gc,marking     ] GC(1005) Concurrent Rebuild Remembered Sets and Scrub Regions
. (rIR:aIR:PR = 6918:6918:6918) (tPR = 103291) [OK] 
  3936s: Performance info:
         Transaction,    Success,    Partial,     Failed,   Receipts, AvgBarcode, 
             Overall,     420037,          0,          0,     399028,      59.47, 
         Response times:
             Request,    Success,    Partial,     Failed,   SkipFail,     Probes,    Samples,      min,      p50,      p90,      p95,      p99,      max, 
       TotalPurchase,     399028,          0,          0,          0,     361174,     408849,      300,     5900,    46000,    90000,   155000,   303000,
     InStorePurchase,     209911,          0,          0,          0,     190346,     215381,      300,     5900,    46000,    91000,   155000,   303000,
      OnlinePurchase,     147146,          0,          0,          0,     132408,     149626,      300,     6000,    46000,    89000,   155000,   290000,
        InstPurchase,      41971,          0,          0,          0,      38420,      43842,      300,     5600,    45000,    91000,   155000,   260000,
          AssocOfCat,        420,          0,          0,          0,        312,        434,    22000,    37000,    95500,   147500,   200200,   247000,
      AssocOfProduct,       4198,          0,          0,          0,       3878,       4585,      500,     6600,    48400,    95000,   152000,   248000,
      BusinessReport,       1047,          0,          0,          0,        931,       1186,    27000,    47000,   131600,   176650,   235000,   314000,
          CustBuyBeh,       4193,          0,          0,          0,       3920,       4600,      200,     6300,    45900,    94000,   160980,   238000,
       ProductReturn,      11151,          0,          0,          0,       9418,      10927,      200,     5700,    42000,    86000,   151000,   257000,

  3936s: (51%)   IR =   7057 [3936.513s][info][gc,marking     ] GC(1005) Concurrent Rebuild Remembered Sets and Scrub Regions 397.730ms
[3936.514s][info][gc,start       ] GC(1005) Pause Cleanup
[3936.514s][info][gc             ] GC(1005) Pause Cleanup 2679M->2679M(4096M) 0.114ms
[3936.514s][info][gc,cpu         ] GC(1005) User=0.00s Sys=0.00s Real=0.00s
[3936.514s][info][gc,marking     ] GC(1005) Concurrent Clear Claimed Marks
[3936.514s][info][gc,marking     ] GC(1005) Concurrent Clear Claimed Marks 0.035ms
[3936.514s][info][gc,marking     ] GC(1005) Concurrent Cleanup for Next Mark
[3936.519s][info][gc,marking     ] GC(1005) Concurrent Cleanup for Next Mark 5.201ms
[3936.519s][info][gc             ] GC(1005) Concurrent Mark Cycle 1549.321ms
.[3937.616s][info][gc,start       ] GC(1006) Pause Young (Prepare Mixed) (G1 Evacuation Pause)
[3937.616s][info][gc,task        ] GC(1006) Using 6 workers of 6 for evacuation
[3937.737s][info][gc,phases      ] GC(1006)   Pre Evacuate Collection Set: 0.33ms
[3937.737s][info][gc,phases      ] GC(1006)   Merge Heap Roots: 0.54ms
[3937.737s][info][gc,phases      ] GC(1006)   Evacuate Collection Set: 118.88ms
[3937.737s][info][gc,phases      ] GC(1006)   Post Evacuate Collection Set: 0.95ms
[3937.737s][info][gc,phases      ] GC(1006)   Other: 0.08ms
[3937.737s][info][gc,heap        ] GC(1006) Eden regions: 1117->0(1100)
[3937.737s][info][gc,heap        ] GC(1006) Survivor regions: 111->113(154)
[3937.737s][info][gc,heap        ] GC(1006) Old regions: 508->539
[3937.737s][info][gc,heap        ] GC(1006) Humongous regions: 80->80
[3937.737s][info][gc,metaspace   ] GC(1006) Metaspace: 28892K(29312K)->28892K(29312K) NonClass: 24024K(24256K)->24024K(24256K) Class: 4868K(5056K)->4868K(5056K)
[3937.737s][info][gc             ] GC(1006) Pause Young (Prepare Mixed) (G1 Evacuation Pause) 3629M->1463M(4096M) 120.917ms
[3937.737s][info][gc,cpu         ] GC(1006) User=0.71s Sys=0.00s Real=0.12s
..[3940.292s][info][gc,start       ] GC(1007) Pause Young (Mixed) (G1 Evacuation Pause)
[3940.292s][info][gc,task        ] GC(1007) Using 6 workers of 6 for evacuation
[3940.426s][info][gc,phases      ] GC(1007)   Pre Evacuate Collection Set: 0.38ms
[3940.426s][info][gc,phases      ] GC(1007)   Merge Heap Roots: 0.57ms
[3940.426s][info][gc,phases      ] GC(1007)   Evacuate Collection Set: 131.45ms
[3940.426s][info][gc,phases      ] GC(1007)   Post Evacuate Collection Set: 1.01ms
[3940.426s][info][gc,phases      ] GC(1007)   Other: 0.09ms
[3940.426s][info][gc,heap        ] GC(1007) Eden regions: 1100->0(1117)
[3940.426s][info][gc,heap        ] GC(1007) Survivor regions: 113->111(152)
[3940.426s][info][gc,heap        ] GC(1007) Old regions: 539->476
[3940.426s][info][gc,heap        ] GC(1007) Humongous regions: 80->80
[3940.426s][info][gc,metaspace   ] GC(1007) Metaspace: 28892K(29312K)->28892K(29312K) NonClass: 24024K(24256K)->24024K(24256K) Class: 4868K(5056K)->4868K(5056K)
[3940.426s][info][gc             ] GC(1007) Pause Young (Mixed) (G1 Evacuation Pause) 3663M->1333M(4096M) 133.648ms
[3940.426s][info][gc,cpu         ] GC(1007) User=0.78s Sys=0.00s Real=0.14s
...[3942.922s][info][gc,start       ] GC(1008) Pause Young (Concurrent Start) (G1 Evacuation Pause)
[3942.922s][info][gc,task        ] GC(1008) Using 6 workers of 6 for evacuation
[3943.037s][info][gc,phases      ] GC(1008)   Pre Evacuate Collection Set: 0.37ms
[3943.037s][info][gc,phases      ] GC(1008)   Merge Heap Roots: 0.47ms
[3943.037s][info][gc,phases      ] GC(1008)   Evacuate Collection Set: 113.73ms
[3943.037s][info][gc,phases      ] GC(1008)   Post Evacuate Collection Set: 0.90ms
[3943.037s][info][gc,phases      ] GC(1008)   Other: 0.11ms
[3943.037s][info][gc,heap        ] GC(1008) Eden regions: 1117->0(1121)
[3943.037s][info][gc,heap        ] GC(1008) Survivor regions: 111->107(154)
[3943.037s][info][gc,heap        ] GC(1008) Old regions: 476->509
[3943.037s][info][gc,heap        ] GC(1008) Humongous regions: 80->80
[3943.037s][info][gc,metaspace   ] GC(1008) Metaspace: 28892K(29312K)->28892K(29312K) NonClass: 24024K(24256K)->24024K(24256K) Class: 4868K(5056K)->4868K(5056K)
[3943.037s][info][gc             ] GC(1008) Pause Young (Concurrent Start) (G1 Evacuation Pause) 3567M->1389M(4096M) 115.718ms
[3943.038s][info][gc             ] GC(1009) Concurrent Mark Cycle
[3943.038s][info][gc,marking     ] GC(1009) Concurrent Scan Root Regions
[3943.038s][info][gc,cpu         ] GC(1008) User=0.69s Sys=0.00s Real=0.12s
[3943.217s][info][gc,marking     ] GC(1009) Concurrent Scan Root Regions 179.299ms
[3943.217s][info][gc,marking     ] GC(1009) Concurrent Mark
[3943.217s][info][gc,marking     ] GC(1009) Concurrent Mark From Roots
[3943.217s][info][gc,task        ] GC(1009) Using 2 workers of 2 for marking
.[3944.182s][info][gc,marking     ] GC(1009) Concurrent Mark From Roots 965.567ms
[3944.183s][info][gc,marking     ] GC(1009) Concurrent Preclean
[3944.183s][info][gc,marking     ] GC(1009) Concurrent Preclean 0.121ms
[3944.183s][info][gc,start       ] GC(1009) Pause Remark
[3944.190s][info][gc             ] GC(1009) Pause Remark 2423M->2423M(4096M) 6.861ms
[3944.190s][info][gc,cpu         ] GC(1009) User=0.04s Sys=0.00s Real=0.01s
[3944.192s][info][gc,marking     ] GC(1009) Concurrent Mark 974.630ms
[3944.192s][info][gc,marking     ] GC(1009) Concurrent Rebuild Remembered Sets and Scrub Regions
.[3944.596s][info][gc,marking     ] GC(1009) Concurrent Rebuild Remembered Sets and Scrub Regions 404.503ms
[3944.596s][info][gc,start       ] GC(1009) Pause Cleanup
[3944.596s][info][gc             ] GC(1009) Pause Cleanup 2758M->2758M(4096M) 0.114ms
[3944.596s][info][gc,cpu         ] GC(1009) User=0.00s Sys=0.00s Real=0.00s
[3944.596s][info][gc,marking     ] GC(1009) Concurrent Clear Claimed Marks
[3944.596s][info][gc,marking     ] GC(1009) Concurrent Clear Claimed Marks 0.029ms
[3944.596s][info][gc,marking     ] GC(1009) Concurrent Cleanup for Next Mark
[3944.602s][info][gc,marking     ] GC(1009) Concurrent Cleanup for Next Mark 5.489ms
[3944.602s][info][gc             ] GC(1009) Concurrent Mark Cycle 1564.517ms
.[3945.615s][info][gc,start       ] GC(1010) Pause Young (Prepare Mixed) (G1 Evacuation Pause)
[3945.615s][info][gc,task        ] GC(1010) Using 6 workers of 6 for evacuation
[3945.734s][info][gc,phases      ] GC(1010)   Pre Evacuate Collection Set: 0.35ms
[3945.734s][info][gc,phases      ] GC(1010)   Merge Heap Roots: 0.56ms
[3945.734s][info][gc,phases      ] GC(1010)   Evacuate Collection Set: 116.89ms
[3945.734s][info][gc,phases      ] GC(1010)   Post Evacuate Collection Set: 0.93ms
[3945.734s][info][gc,phases      ] GC(1010)   Other: 0.09ms
[3945.734s][info][gc,heap        ] GC(1010) Eden regions: 1121->0(1103)
[3945.734s][info][gc,heap        ] GC(1010) Survivor regions: 107->111(154)
[3945.734s][info][gc,heap        ] GC(1010) Old regions: 509->540
[3945.734s][info][gc,heap        ] GC(1010) Humongous regions: 80->80
[3945.734s][info][gc,metaspace   ] GC(1010) Metaspace: 28892K(29312K)->28892K(29312K) NonClass: 24024K(24256K)->24024K(24256K) Class: 4868K(5056K)->4868K(5056K)
[3945.734s][info][gc             ] GC(1010) Pause Young (Prepare Mixed) (G1 Evacuation Pause) 3631M->1461M(4096M) 118.987ms
[3945.734s][info][gc,cpu         ] GC(1010) User=0.70s Sys=0.00s Real=0.12s
.|.[3948.191s][info][gc,start       ] GC(1011) Pause Young (Mixed) (G1 Evacuation Pause)
[3948.191s][info][gc,task        ] GC(1011) Using 6 workers of 6 for evacuation
[3948.324s][info][gc,phases      ] GC(1011)   Pre Evacuate Collection Set: 0.38ms
[3948.324s][info][gc,phases      ] GC(1011)   Merge Heap Roots: 0.72ms
[3948.324s][info][gc,phases      ] GC(1011)   Evacuate Collection Set: 131.06ms
[3948.324s][info][gc,phases      ] GC(1011)   Post Evacuate Collection Set: 0.94ms
[3948.324s][info][gc,phases      ] GC(1011)   Other: 0.08ms
[3948.324s][info][gc,heap        ] GC(1011) Eden regions: 1103->0(1119)
[3948.324s][info][gc,heap        ] GC(1011) Survivor regions: 111->109(152)
[3948.324s][info][gc,heap        ] GC(1011) Old regions: 540->476
[3948.324s][info][gc,heap        ] GC(1011) Humongous regions: 80->80
[3948.324s][info][gc,metaspace   ] GC(1011) Metaspace: 28892K(29312K)->28892K(29312K) NonClass: 24024K(24256K)->24024K(24256K) Class: 4868K(5056K)->4868K(5056K)
[3948.324s][info][gc             ] GC(1011) Pause Young (Mixed) (G1 Evacuation Pause) 3667M->1328M(4096M) 133.315ms
[3948.324s][info][gc,cpu         ] GC(1011) User=0.79s Sys=0.00s Real=0.14s
...[3950.907s][info][gc,start       ] GC(1012) Pause Young (Concurrent Start) (G1 Evacuation Pause)
[3950.907s][info][gc,task        ] GC(1012) Using 6 workers of 6 for evacuation
[3951.027s][info][gc,phases      ] GC(1012)   Pre Evacuate Collection Set: 0.36ms
[3951.027s][info][gc,phases      ] GC(1012)   Merge Heap Roots: 0.46ms
[3951.027s][info][gc,phases      ] GC(1012)   Evacuate Collection Set: 118.72ms
[3951.027s][info][gc,phases      ] GC(1012)   Post Evacuate Collection Set: 0.88ms
[3951.027s][info][gc,phases      ] GC(1012)   Other: 0.12ms
[3951.027s][info][gc,heap        ] GC(1012) Eden regions: 1119->0(1118)
[3951.027s][info][gc,heap        ] GC(1012) Survivor regions: 109->110(154)
[3951.027s][info][gc,heap        ] GC(1012) Old regions: 476->508
[3951.027s][info][gc,heap        ] GC(1012) Humongous regions: 80->80
[3951.027s][info][gc,metaspace   ] GC(1012) Metaspace: 28892K(29312K)->28892K(29312K) NonClass: 24024K(24256K)->24024K(24256K) Class: 4868K(5056K)->4868K(5056K)
[3951.027s][info][gc             ] GC(1012) Pause Young (Concurrent Start) (G1 Evacuation Pause) 3566M->1395M(4096M) 120.664ms
[3951.027s][info][gc             ] GC(1013) Concurrent Mark Cycle
[3951.027s][info][gc,marking     ] GC(1013) Concurrent Scan Root Regions
[3951.027s][info][gc,cpu         ] GC(1012) User=0.72s Sys=0.00s Real=0.12s
[3951.210s][info][gc,marking     ] GC(1013) Concurrent Scan Root Regions 182.220ms
[3951.210s][info][gc,marking     ] GC(1013) Concurrent Mark
[3951.210s][info][gc,marking     ] GC(1013) Concurrent Mark From Roots
[3951.210s][info][gc,task        ] GC(1013) Using 2 workers of 2 for marking
.[3951.897s][info][gc,marking     ] GC(1013) Concurrent Mark From Roots 687.587ms
[3951.897s][info][gc,marking     ] GC(1013) Concurrent Preclean
[3951.897s][info][gc,marking     ] GC(1013) Concurrent Preclean 0.076ms
[3951.899s][info][gc,start       ] GC(1013) Pause Remark
[3951.904s][info][gc             ] GC(1013) Pause Remark 2135M->2135M(4096M) 5.026ms
[3951.905s][info][gc,cpu         ] GC(1013) User=0.03s Sys=0.00s Real=0.01s
[3951.905s][info][gc,marking     ] GC(1013) Concurrent Mark 695.239ms
[3951.905s][info][gc,marking     ] GC(1013) Concurrent Rebuild Remembered Sets and Scrub Regions
[3952.196s][info][gc,marking     ] GC(1013) Concurrent Rebuild Remembered Sets and Scrub Regions 290.700ms
[3952.197s][info][gc,start       ] GC(1013) Pause Cleanup
[3952.197s][info][gc             ] GC(1013) Pause Cleanup 2435M->2435M(4096M) 0.126ms
[3952.197s][info][gc,cpu         ] GC(1013) User=0.00s Sys=0.00s Real=0.00s
[3952.197s][info][gc,marking     ] GC(1013) Concurrent Clear Claimed Marks
[3952.197s][info][gc,marking     ] GC(1013) Concurrent Clear Claimed Marks 0.031ms
[3952.198s][info][gc,marking     ] GC(1013) Concurrent Cleanup for Next Mark
[3952.202s][info][gc,marking     ] GC(1013) Concurrent Cleanup for Next Mark 4.171ms
[3952.202s][info][gc             ] GC(1013) Concurrent Mark Cycle 1174.275ms
..[3953.654s][info][gc,start       ] GC(1014) Pause Young (Prepare Mixed) (G1 Evacuation Pause)
[3953.654s][info][gc,task        ] GC(1014) Using 6 workers of 6 for evacuation
[3953.773s][info][gc,phases      ] GC(1014)   Pre Evacuate Collection Set: 0.35ms
[3953.773s][info][gc,phases      ] GC(1014)   Merge Heap Roots: 0.50ms
[3953.773s][info][gc,phases      ] GC(1014)   Evacuate Collection Set: 116.57ms
[3953.773s][info][gc,phases      ] GC(1014)   Post Evacuate Collection Set: 0.93ms
[3953.773s][info][gc,phases      ] GC(1014)   Other: 0.08ms
[3953.773s][info][gc,heap        ] GC(1014) Eden regions: 1118->0(1102)
[3953.773s][info][gc,heap        ] GC(1014) Survivor regions: 110->112(154)
[3953.773s][info][gc,heap        ] GC(1014) Old regions: 508->539
[3953.773s][info][gc,heap        ] GC(1014) Humongous regions: 80->80
[3953.773s][info][gc,metaspace   ] GC(1014) Metaspace: 28892K(29312K)->28892K(29312K) NonClass: 24024K(24256K)->24024K(24256K) Class: 4868K(5056K)->4868K(5056K)
[3953.773s][info][gc             ] GC(1014) Pause Young (Prepare Mixed) (G1 Evacuation Pause) 3631M->1459M(4096M) 118.554ms
[3953.773s][info][gc,cpu         ] GC(1014) User=0.70s Sys=0.00s Real=0.11s
..[3956.206s][info][gc,start       ] GC(1015) Pause Young (Mixed) (G1 Evacuation Pause)
[3956.206s][info][gc,task        ] GC(1015) Using 6 workers of 6 for evacuation
[3956.341s][info][gc,phases      ] GC(1015)   Pre Evacuate Collection Set: 0.37ms
[3956.341s][info][gc,phases      ] GC(1015)   Merge Heap Roots: 0.72ms
[3956.341s][info][gc,phases      ] GC(1015)   Evacuate Collection Set: 132.35ms
[3956.341s][info][gc,phases      ] GC(1015)   Post Evacuate Collection Set: 1.00ms
[3956.341s][info][gc,phases      ] GC(1015)   Other: 0.09ms
[3956.341s][info][gc,heap        ] GC(1015) Eden regions: 1102->0(1117)
[3956.341s][info][gc,heap        ] GC(1015) Survivor regions: 112->111(152)
[3956.341s][info][gc,heap        ] GC(1015) Old regions: 539->476
[3956.341s][info][gc,heap        ] GC(1015) Humongous regions: 80->80
[3956.341s][info][gc,metaspace   ] GC(1015) Metaspace: 28892K(29312K)->28892K(29312K) NonClass: 24024K(24256K)->24024K(24256K) Class: 4868K(5056K)->4868K(5056K)
[3956.341s][info][gc             ] GC(1015) Pause Young (Mixed) (G1 Evacuation Pause) 3663M->1332M(4096M) 134.695ms
[3956.341s][info][gc,cpu         ] GC(1015) User=0.80s Sys=0.00s Real=0.13s
...[3958.887s][info][gc,start       ] GC(1016) Pause Young (Concurrent Start) (G1 Evacuation Pause)
[3958.887s][info][gc,task        ] GC(1016) Using 6 workers of 6 for evacuation
[3959.006s][info][gc,phases      ] GC(1016)   Pre Evacuate Collection Set: 0.36ms
[3959.006s][info][gc,phases      ] GC(1016)   Merge Heap Roots: 0.48ms
[3959.006s][info][gc,phases      ] GC(1016)   Evacuate Collection Set: 116.79ms
[3959.006s][info][gc,phases      ] GC(1016)   Post Evacuate Collection Set: 0.95ms
[3959.006s][info][gc,phases      ] GC(1016)   Other: 0.12ms
[3959.006s][info][gc,heap        ] GC(1016) Eden regions: 1117->0(1120)
[3959.006s][info][gc,heap        ] GC(1016) Survivor regions: 111->108(154)
[3959.006s][info][gc,heap        ] GC(1016) Old regions: 476->508
[3959.006s][info][gc,heap        ] GC(1016) Humongous regions: 80->80
[3959.006s][info][gc,metaspace   ] GC(1016) Metaspace: 28892K(29312K)->28892K(29312K) NonClass: 24024K(24256K)->24024K(24256K) Class: 4868K(5056K)->4868K(5056K)
[3959.006s][info][gc             ] GC(1016) Pause Young (Concurrent Start) (G1 Evacuation Pause) 3566M->1391M(4096M) 118.849ms
[3959.006s][info][gc             ] GC(1017) Concurrent Mark Cycle
[3959.006s][info][gc,marking     ] GC(1017) Concurrent Scan Root Regions
[3959.006s][info][gc,cpu         ] GC(1016) User=0.70s Sys=0.00s Real=0.12s
[3959.145s][info][gc,marking     ] GC(1017) Concurrent Scan Root Regions 139.455ms
[3959.145s][info][gc,marking     ] GC(1017) Concurrent Mark
[3959.145s][info][gc,marking     ] GC(1017) Concurrent Mark From Roots
[3959.145s][info][gc,task        ] GC(1017) Using 2 workers of 2 for marking
.[3959.847s][info][gc,marking     ] GC(1017) Concurrent Mark From Roots 701.716ms
[3959.847s][info][gc,marking     ] GC(1017) Concurrent Preclean
[3959.847s][info][gc,marking     ] GC(1017) Concurrent Preclean 0.085ms
[3959.848s][info][gc,start       ] GC(1017) Pause Remark
[3959.852s][info][gc             ] GC(1017) Pause Remark 2113M->2113M(4096M) 4.681ms
[3959.852s][info][gc,cpu         ] GC(1017) User=0.02s Sys=0.00s Real=0.00s
[3959.852s][info][gc,marking     ] GC(1017) Concurrent Mark 707.191ms
[3959.852s][info][gc,marking     ] GC(1017) Concurrent Rebuild Remembered Sets and Scrub Regions
[3960.137s][info][gc,marking     ] GC(1017) Concurrent Rebuild Remembered Sets and Scrub Regions 284.077ms
[3960.137s][info][gc,start       ] GC(1017) Pause Cleanup
[3960.137s][info][gc             ] GC(1017) Pause Cleanup 2393M->2393M(4096M) 0.110ms
[3960.137s][info][gc,cpu         ] GC(1017) User=0.00s Sys=0.00s Real=0.00s
[3960.137s][info][gc,marking     ] GC(1017) Concurrent Clear Claimed Marks
[3960.137s][info][gc,marking     ] GC(1017) Concurrent Clear Claimed Marks 0.022ms
[3960.137s][info][gc,marking     ] GC(1017) Concurrent Cleanup for Next Mark
[3960.141s][info][gc,marking     ] GC(1017) Concurrent Cleanup for Next Mark 4.301ms
[3960.141s][info][gc             ] GC(1017) Concurrent Mark Cycle 1135.536ms
.[3961.562s][info][gc,start       ] GC(1018) Pause Young (Prepare Mixed) (G1 Evacuation Pause)
[3961.562s][info][gc,task        ] GC(1018) Using 6 workers of 6 for evacuation
[3961.689s][info][gc,phases      ] GC(1018)   Pre Evacuate Collection Set: 0.37ms
[3961.689s][info][gc,phases      ] GC(1018)   Merge Heap Roots: 0.50ms
[3961.689s][info][gc,phases      ] GC(1018)   Evacuate Collection Set: 124.74ms
[3961.689s][info][gc,phases      ] GC(1018)   Post Evacuate Collection Set: 0.94ms
[3961.689s][info][gc,phases      ] GC(1018)   Other: 0.08ms
[3961.689s][info][gc,heap        ] GC(1018) Eden regions: 1120->0(1094)
[3961.689s][info][gc,heap        ] GC(1018) Survivor regions: 108->116(154)
[3961.689s][info][gc,heap        ] GC(1018) Old regions: 508->539
[3961.689s][info][gc,heap        ] GC(1018) Humongous regions: 80->80
[3961.689s][info][gc,metaspace   ] GC(1018) Metaspace: 28892K(29312K)->28892K(29312K) NonClass: 24024K(24256K)->24024K(24256K) Class: 4868K(5056K)->4868K(5056K)
[3961.689s][info][gc             ] GC(1018) Pause Young (Prepare Mixed) (G1 Evacuation Pause) 3631M->1468M(4096M) 126.769ms
[3961.689s][info][gc,cpu         ] GC(1018) User=0.75s Sys=0.00s Real=0.13s
...[3964.175s][info][gc,start       ] GC(1019) Pause Young (Mixed) (G1 Evacuation Pause)
[3964.175s][info][gc,task        ] GC(1019) Using 6 workers of 6 for evacuation
[3964.312s][info][gc,phases      ] GC(1019)   Pre Evacuate Collection Set: 0.36ms
[3964.312s][info][gc,phases      ] GC(1019)   Merge Heap Roots: 0.71ms
[3964.312s][info][gc,phases      ] GC(1019)   Evacuate Collection Set: 135.20ms
[3964.312s][info][gc,phases      ] GC(1019)   Post Evacuate Collection Set: 0.93ms
[3964.312s][info][gc,phases      ] GC(1019)   Other: 0.09ms
[3964.312s][info][gc,heap        ] GC(1019) Eden regions: 1094->0(1117)
[3964.312s][info][gc,heap        ] GC(1019) Survivor regions: 116->111(152)
[3964.312s][info][gc,heap        ] GC(1019) Old regions: 539->475
[3964.312s][info][gc,heap        ] GC(1019) Humongous regions: 80->80
[3964.312s][info][gc,metaspace   ] GC(1019) Metaspace: 28892K(29312K)->28892K(29312K) NonClass: 24024K(24256K)->24024K(24256K) Class: 4868K(5056K)->4868K(5056K)
[3964.312s][info][gc             ] GC(1019) Pause Young (Mixed) (G1 Evacuation Pause) 3656M->1330M(4096M) 137.435ms
[3964.312s][info][gc,cpu         ] GC(1019) User=0.81s Sys=0.00s Real=0.13s
...[3966.864s][info][gc,start       ] GC(1020) Pause Young (Concurrent Start) (G1 Evacuation Pause)
[3966.864s][info][gc,task        ] GC(1020) Using 6 workers of 6 for evacuation
[3966.979s][info][gc,phases      ] GC(1020)   Pre Evacuate Collection Set: 0.43ms
[3966.979s][info][gc,phases      ] GC(1020)   Merge Heap Roots: 0.49ms
[3966.979s][info][gc,phases      ] GC(1020)   Evacuate Collection Set: 113.26ms
[3966.979s][info][gc,phases      ] GC(1020)   Post Evacuate Collection Set: 0.90ms
[3966.979s][info][gc,phases      ] GC(1020)   Other: 0.12ms
[3966.979s][info][gc,heap        ] GC(1020) Eden regions: 1117->0(1122)
[3966.979s][info][gc,heap        ] GC(1020) Survivor regions: 111->106(154)
[3966.979s][info][gc,heap        ] GC(1020) Old regions: 475->508
[3966.979s][info][gc,heap        ] GC(1020) Humongous regions: 80->80
[3966.979s][info][gc,metaspace   ] GC(1020) Metaspace: 28892K(29312K)->28892K(29312K) NonClass: 24024K(24256K)->24024K(24256K) Class: 4868K(5056K)->4868K(5056K)
[3966.979s][info][gc             ] GC(1020) Pause Young (Concurrent Start) (G1 Evacuation Pause) 3564M->1386M(4096M) 115.341ms
[3966.979s][info][gc             ] GC(1021) Concurrent Mark Cycle
[3966.979s][info][gc,marking     ] GC(1021) Concurrent Scan Root Regions
[3966.979s][info][gc,cpu         ] GC(1020) User=0.68s Sys=0.00s Real=0.12s
[3967.118s][info][gc,marking     ] GC(1021) Concurrent Scan Root Regions 138.786ms
[3967.118s][info][gc,marking     ] GC(1021) Concurrent Mark
[3967.118s][info][gc,marking     ] GC(1021) Concurrent Mark From Roots
[3967.118s][info][gc,task        ] GC(1021) Using 2 workers of 2 for marking
.[3967.839s][info][gc,marking     ] GC(1021) Concurrent Mark From Roots 721.137ms
[3967.839s][info][gc,marking     ] GC(1021) Concurrent Preclean
[3967.839s][info][gc,marking     ] GC(1021) Concurrent Preclean 0.104ms
[3967.839s][info][gc,start       ] GC(1021) Pause Remark
[3967.844s][info][gc             ] GC(1021) Pause Remark 2126M->2126M(4096M) 4.835ms
[3967.844s][info][gc,cpu         ] GC(1021) User=0.03s Sys=0.00s Real=0.01s
[3967.844s][info][gc,marking     ] GC(1021) Concurrent Mark 726.666ms
[3967.844s][info][gc,marking     ] GC(1021) Concurrent Rebuild Remembered Sets and Scrub Regions
[3968.138s][info][gc,marking     ] GC(1021) Concurrent Rebuild Remembered Sets and Scrub Regions 293.939ms
[3968.139s][info][gc,start       ] GC(1021) Pause Cleanup
[3968.139s][info][gc             ] GC(1021) Pause Cleanup 2446M->2446M(4096M) 0.117ms
[3968.139s][info][gc,cpu         ] GC(1021) User=0.00s Sys=0.00s Real=0.00s
[3968.139s][info][gc,marking     ] GC(1021) Concurrent Clear Claimed Marks
[3968.139s][info][gc,marking     ] GC(1021) Concurrent Clear Claimed Marks 0.023ms
[3968.139s][info][gc,marking     ] GC(1021) Concurrent Cleanup for Next Mark
[3968.144s][info][gc,marking     ] GC(1021) Concurrent Cleanup for Next Mark 4.949ms
[3968.144s][info][gc             ] GC(1021) Concurrent Mark Cycle 1164.871ms
.[3969.527s][info][gc,start       ] GC(1022) Pause Young (Prepare Mixed) (G1 Evacuation Pause)
[3969.527s][info][gc,task        ] GC(1022) Using 6 workers of 6 for evacuation
[3969.645s][info][gc,phases      ] GC(1022)   Pre Evacuate Collection Set: 0.35ms
[3969.645s][info][gc,phases      ] GC(1022)   Merge Heap Roots: 0.47ms
[3969.645s][info][gc,phases      ] GC(1022)   Evacuate Collection Set: 116.24ms
[3969.645s][info][gc,phases      ] GC(1022)   Post Evacuate Collection Set: 0.95ms
[3969.646s][info][gc,phases      ] GC(1022)   Other: 0.08ms
[3969.646s][info][gc,heap        ] GC(1022) Eden regions: 1122->0(1104)
[3969.646s][info][gc,heap        ] GC(1022) Survivor regions: 106->111(154)
[3969.646s][info][gc,heap        ] GC(1022) Old regions: 508->539
[3969.646s][info][gc,heap        ] GC(1022) Humongous regions: 80->80
[3969.646s][info][gc,metaspace   ] GC(1022) Metaspace: 28892K(29312K)->28892K(29312K) NonClass: 24024K(24256K)->24024K(24256K) Class: 4868K(5056K)->4868K(5056K)
[3969.646s][info][gc             ] GC(1022) Pause Young (Prepare Mixed) (G1 Evacuation Pause) 3630M->1458M(4096M) 118.244ms
[3969.646s][info][gc,cpu         ] GC(1022) User=0.70s Sys=0.00s Real=0.12s
...[3972.196s][info][gc,start       ] GC(1023) Pause Young (Mixed) (G1 Evacuation Pause)
[3972.196s][info][gc,task        ] GC(1023) Using 6 workers of 6 for evacuation
[3972.332s][info][gc,phases      ] GC(1023)   Pre Evacuate Collection Set: 0.38ms
[3972.332s][info][gc,phases      ] GC(1023)   Merge Heap Roots: 0.66ms
[3972.332s][info][gc,phases      ] GC(1023)   Evacuate Collection Set: 134.36ms
[3972.332s][info][gc,phases      ] GC(1023)   Post Evacuate Collection Set: 0.99ms
[3972.332s][info][gc,phases      ] GC(1023)   Other: 0.09ms
[3972.332s][info][gc,heap        ] GC(1023) Eden regions: 1104->0(1115)
[3972.332s][info][gc,heap        ] GC(1023) Survivor regions: 111->113(152)
[3972.332s][info][gc,heap        ] GC(1023) Old regions: 539->477
[3972.332s][info][gc,heap        ] GC(1023) Humongous regions: 80->80
[3972.332s][info][gc,metaspace   ] GC(1023) Metaspace: 28892K(29312K)->28892K(29312K) NonClass: 24024K(24256K)->24024K(24256K) Class: 4868K(5056K)->4868K(5056K)
[3972.332s][info][gc             ] GC(1023) Pause Young (Mixed) (G1 Evacuation Pause) 3666M->1337M(4096M) 136.610ms
[3972.332s][info][gc,cpu         ] GC(1023) User=0.80s Sys=0.00s Real=0.13s
...[3974.837s][info][gc,start       ] GC(1024) Pause Young (Concurrent Start) (G1 Evacuation Pause)
[3974.837s][info][gc,task        ] GC(1024) Using 6 workers of 6 for evacuation
[3974.956s][info][gc,phases      ] GC(1024)   Pre Evacuate Collection Set: 0.39ms
[3974.956s][info][gc,phases      ] GC(1024)   Merge Heap Roots: 0.48ms
[3974.957s][info][gc,phases      ] GC(1024)   Evacuate Collection Set: 117.34ms
[3974.957s][info][gc,phases      ] GC(1024)   Post Evacuate Collection Set: 0.90ms
[3974.957s][info][gc,phases      ] GC(1024)   Other: 0.10ms
[3974.957s][info][gc,heap        ] GC(1024) Eden regions: 1115->0(1119)
[3974.957s][info][gc,heap        ] GC(1024) Survivor regions: 113->109(154)
[3974.957s][info][gc,heap        ] GC(1024) Old regions: 477->509
[3974.957s][info][gc,heap        ] GC(1024) Humongous regions: 80->80
[3974.957s][info][gc,metaspace   ] GC(1024) Metaspace: 28892K(29312K)->28892K(29312K) NonClass: 24024K(24256K)->24024K(24256K) Class: 4868K(5056K)->4868K(5056K)
[3974.957s][info][gc             ] GC(1024) Pause Young (Concurrent Start) (G1 Evacuation Pause) 3567M->1393M(4096M) 119.334ms
[3974.957s][info][gc             ] GC(1025) Concurrent Mark Cycle
[3974.957s][info][gc,marking     ] GC(1025) Concurrent Scan Root Regions
[3974.957s][info][gc,cpu         ] GC(1024) User=0.70s Sys=0.00s Real=0.12s
[3975.097s][info][gc,marking     ] GC(1025) Concurrent Scan Root Regions 140.173ms
[3975.097s][info][gc,marking     ] GC(1025) Concurrent Mark
[3975.097s][info][gc,marking     ] GC(1025) Concurrent Mark From Roots
[3975.097s][info][gc,task        ] GC(1025) Using 2 workers of 2 for marking
.[3975.807s][info][gc,marking     ] GC(1025) Concurrent Mark From Roots 709.680ms
[3975.807s][info][gc,marking     ] GC(1025) Concurrent Preclean
[3975.807s][info][gc,marking     ] GC(1025) Concurrent Preclean 0.093ms
[3975.810s][info][gc,start       ] GC(1025) Pause Remark
[3975.815s][info][gc             ] GC(1025) Pause Remark 2093M->2093M(4096M) 5.395ms
[3975.815s][info][gc,cpu         ] GC(1025) User=0.03s Sys=0.00s Real=0.01s
[3975.816s][info][gc,marking     ] GC(1025) Concurrent Mark 718.950ms
[3975.816s][info][gc,marking     ] GC(1025) Concurrent Rebuild Remembered Sets and Scrub Regions
[3976.137s][info][gc,marking     ] GC(1025) Concurrent Rebuild Remembered Sets and Scrub Regions 321.221ms
[3976.139s][info][gc,start       ] GC(1025) Pause Cleanup
[3976.139s][info][gc             ] GC(1025) Pause Cleanup 2369M->2369M(4096M) 0.122ms
[3976.139s][info][gc,cpu         ] GC(1025) User=0.00s Sys=0.00s Real=0.00s
[3976.139s][info][gc,marking     ] GC(1025) Concurrent Clear Claimed Marks
[3976.139s][info][gc,marking     ] GC(1025) Concurrent Clear Claimed Marks 0.032ms
[3976.139s][info][gc,marking     ] GC(1025) Concurrent Cleanup for Next Mark
[3976.146s][info][gc,marking     ] GC(1025) Concurrent Cleanup for Next Mark 7.190ms
[3976.146s][info][gc             ] GC(1025) Concurrent Mark Cycle 1189.592ms
.[3977.549s][info][gc,start       ] GC(1026) Pause Young (Prepare Mixed) (G1 Evacuation Pause)
[3977.549s][info][gc,task        ] GC(1026) Using 6 workers of 6 for evacuation
[3977.668s][info][gc,phases      ] GC(1026)   Pre Evacuate Collection Set: 0.38ms
[3977.668s][info][gc,phases      ] GC(1026)   Merge Heap Roots: 0.58ms
[3977.668s][info][gc,phases      ] GC(1026)   Evacuate Collection Set: 117.50ms
[3977.668s][info][gc,phases      ] GC(1026)   Post Evacuate Collection Set: 0.89ms
[3977.668s][info][gc,phases      ] GC(1026)   Other: 0.09ms
[3977.668s][info][gc,heap        ] GC(1026) Eden regions: 1119->0(1104)
[3977.668s][info][gc,heap        ] GC(1026) Survivor regions: 109->110(154)
[3977.668s][info][gc,heap        ] GC(1026) Old regions: 509->541
[3977.668s][info][gc,heap        ] GC(1026) Humongous regions: 80->80
[3977.668s][info][gc,metaspace   ] GC(1026) Metaspace: 28892K(29312K)->28892K(29312K) NonClass: 24024K(24256K)->24024K(24256K) Class: 4868K(5056K)->4868K(5056K)
[3977.668s][info][gc             ] GC(1026) Pause Young (Prepare Mixed) (G1 Evacuation Pause) 3631M->1460M(4096M) 119.569ms
[3977.668s][info][gc,cpu         ] GC(1026) User=0.71s Sys=0.00s Real=0.12s
...[3980.181s][info][gc,start       ] GC(1027) Pause Young (Mixed) (G1 Evacuation Pause)
[3980.181s][info][gc,task        ] GC(1027) Using 6 workers of 6 for evacuation
[3980.310s][info][gc,phases      ] GC(1027)   Pre Evacuate Collection Set: 0.38ms
[3980.310s][info][gc,phases      ] GC(1027)   Merge Heap Roots: 0.58ms
[3980.310s][info][gc,phases      ] GC(1027)   Evacuate Collection Set: 126.17ms
[3980.310s][info][gc,phases      ] GC(1027)   Post Evacuate Collection Set: 0.92ms
[3980.310s][info][gc,phases      ] GC(1027)   Other: 0.10ms
[3980.310s][info][gc,heap        ] GC(1027) Eden regions: 1104->0(1118)
[3980.310s][info][gc,heap        ] GC(1027) Survivor regions: 110->110(152)
[3980.310s][info][gc,heap        ] GC(1027) Old regions: 541->475
[3980.310s][info][gc,heap        ] GC(1027) Humongous regions: 80->80
[3980.310s][info][gc,metaspace   ] GC(1027) Metaspace: 28892K(29312K)->28892K(29312K) NonClass: 24024K(24256K)->24024K(24256K) Class: 4868K(5056K)->4868K(5056K)
[3980.310s][info][gc             ] GC(1027) Pause Young (Mixed) (G1 Evacuation Pause) 3668M->1328M(4096M) 128.279ms
[3980.310s][info][gc,cpu         ] GC(1027) User=0.76s Sys=0.00s Real=0.13s
...[3982.831s][info][gc,start       ] GC(1028) Pause Young (Concurrent Start) (G1 Evacuation Pause)
[3982.831s][info][gc,task        ] GC(1028) Using 6 workers of 6 for evacuation
[3982.947s][info][gc,phases      ] GC(1028)   Pre Evacuate Collection Set: 0.38ms
[3982.947s][info][gc,phases      ] GC(1028)   Merge Heap Roots: 0.47ms
[3982.947s][info][gc,phases      ] GC(1028)   Evacuate Collection Set: 114.46ms
[3982.947s][info][gc,phases      ] GC(1028)   Post Evacuate Collection Set: 0.90ms
[3982.947s][info][gc,phases      ] GC(1028)   Other: 0.11ms
[3982.947s][info][gc,heap        ] GC(1028) Eden regions: 1118->0(1120)
[3982.947s][info][gc,heap        ] GC(1028) Survivor regions: 110->108(154)
[3982.947s][info][gc,heap        ] GC(1028) Old regions: 475->507
[3982.947s][info][gc,heap        ] GC(1028) Humongous regions: 80->80
[3982.947s][info][gc,metaspace   ] GC(1028) Metaspace: 28892K(29312K)->28892K(29312K) NonClass: 24024K(24256K)->24024K(24256K) Class: 4868K(5056K)->4868K(5056K)
[3982.947s][info][gc             ] GC(1028) Pause Young (Concurrent Start) (G1 Evacuation Pause) 3564M->1388M(4096M) 116.448ms
[3982.947s][info][gc             ] GC(1029) Concurrent Mark Cycle
[3982.947s][info][gc,marking     ] GC(1029) Concurrent Scan Root Regions
[3982.947s][info][gc,cpu         ] GC(1028) User=0.69s Sys=0.00s Real=0.12s
[3983.126s][info][gc,marking     ] GC(1029) Concurrent Scan Root Regions 179.220ms
[3983.126s][info][gc,marking     ] GC(1029) Concurrent Mark
[3983.126s][info][gc,marking     ] GC(1029) Concurrent Mark From Roots
[3983.127s][info][gc,task        ] GC(1029) Using 2 workers of 2 for marking
.[3984.120s][info][gc,marking     ] GC(1029) Concurrent Mark From Roots 993.517ms
[3984.120s][info][gc,marking     ] GC(1029) Concurrent Preclean
[3984.120s][info][gc,marking     ] GC(1029) Concurrent Preclean 0.102ms
[3984.123s][info][gc,start       ] GC(1029) Pause Remark
[3984.130s][info][gc             ] GC(1029) Pause Remark 2488M->2488M(4096M) 7.113ms
[3984.130s][info][gc,cpu         ] GC(1029) User=0.04s Sys=0.00s Real=0.01s
[3984.130s][info][gc,marking     ] GC(1029) Concurrent Mark 1003.453ms
[3984.130s][info][gc,marking     ] GC(1029) Concurrent Rebuild Remembered Sets and Scrub Regions
[3984.469s][info][gc,marking     ] GC(1029) Concurrent Rebuild Remembered Sets and Scrub Regions 339.446ms
[3984.470s][info][gc,start       ] GC(1029) Pause Cleanup
[3984.470s][info][gc             ] GC(1029) Pause Cleanup 2753M->2753M(4096M) 0.127ms
[3984.470s][info][gc,cpu         ] GC(1029) User=0.00s Sys=0.00s Real=0.00s
[3984.470s][info][gc,marking     ] GC(1029) Concurrent Clear Claimed Marks
[3984.470s][info][gc,marking     ] GC(1029) Concurrent Clear Claimed Marks 0.027ms
[3984.470s][info][gc,marking     ] GC(1029) Concurrent Cleanup for Next Mark
[3984.476s][info][gc,marking     ] GC(1029) Concurrent Cleanup for Next Mark 5.673ms
[3984.476s][info][gc             ] GC(1029) Concurrent Mark Cycle 1528.965ms
.[3985.494s][info][gc,start       ] GC(1030) Pause Young (Prepare Mixed) (G1 Evacuation Pause)
[3985.494s][info][gc,task        ] GC(1030) Using 6 workers of 6 for evacuation
[3985.617s][info][gc,phases      ] GC(1030)   Pre Evacuate Collection Set: 0.35ms
[3985.617s][info][gc,phases      ] GC(1030)   Merge Heap Roots: 0.55ms
[3985.617s][info][gc,phases      ] GC(1030)   Evacuate Collection Set: 121.58ms
[3985.617s][info][gc,phases      ] GC(1030)   Post Evacuate Collection Set: 0.93ms
[3985.617s][info][gc,phases      ] GC(1030)   Other: 0.09ms
[3985.617s][info][gc,heap        ] GC(1030) Eden regions: 1120->0(1099)
[3985.617s][info][gc,heap        ] GC(1030) Survivor regions: 108->113(154)
[3985.617s][info][gc,heap        ] GC(1030) Old regions: 507->540
[3985.617s][info][gc,heap        ] GC(1030) Humongous regions: 80->80
[3985.617s][info][gc,metaspace   ] GC(1030) Metaspace: 28892K(29312K)->28892K(29312K) NonClass: 24024K(24256K)->24024K(24256K) Class: 4868K(5056K)->4868K(5056K)
[3985.617s][info][gc             ] GC(1030) Pause Young (Prepare Mixed) (G1 Evacuation Pause) 3628M->1464M(4096M) 123.642ms
[3985.618s][info][gc,cpu         ] GC(1030) User=0.73s Sys=0.00s Real=0.12s
...[3988.140s][info][gc,start       ] GC(1031) Pause Young (Mixed) (G1 Evacuation Pause)
[3988.140s][info][gc,task        ] GC(1031) Using 6 workers of 6 for evacuation
[3988.272s][info][gc,phases      ] GC(1031)   Pre Evacuate Collection Set: 0.38ms
[3988.272s][info][gc,phases      ] GC(1031)   Merge Heap Roots: 0.65ms
[3988.272s][info][gc,phases      ] GC(1031)   Evacuate Collection Set: 129.31ms
[3988.272s][info][gc,phases      ] GC(1031)   Post Evacuate Collection Set: 0.93ms
[3988.272s][info][gc,phases      ] GC(1031)   Other: 0.09ms
[3988.272s][info][gc,heap        ] GC(1031) Eden regions: 1099->0(1119)
[3988.272s][info][gc,heap        ] GC(1031) Survivor regions: 113->109(152)
[3988.272s][info][gc,heap        ] GC(1031) Old regions: 540->475
[3988.272s][info][gc,heap        ] GC(1031) Humongous regions: 80->80
[3988.272s][info][gc,metaspace   ] GC(1031) Metaspace: 28892K(29312K)->28892K(29312K) NonClass: 24024K(24256K)->24024K(24256K) Class: 4868K(5056K)->4868K(5056K)
[3988.272s][info][gc             ] GC(1031) Pause Young (Mixed) (G1 Evacuation Pause) 3662M->1327M(4096M) 131.515ms
[3988.272s][info][gc,cpu         ] GC(1031) User=0.78s Sys=0.00s Real=0.13s
...[3990.795s][info][gc,start       ] GC(1032) Pause Young (Concurrent Start) (G1 Evacuation Pause)
[3990.795s][info][gc,task        ] GC(1032) Using 6 workers of 6 for evacuation
[3990.911s][info][gc,phases      ] GC(1032)   Pre Evacuate Collection Set: 0.49ms
[3990.911s][info][gc,phases      ] GC(1032)   Merge Heap Roots: 0.54ms
[3990.911s][info][gc,phases      ] GC(1032)   Evacuate Collection Set: 113.43ms
[3990.911s][info][gc,phases      ] GC(1032)   Post Evacuate Collection Set: 0.93ms
[3990.911s][info][gc,phases      ] GC(1032)   Other: 0.12ms
[3990.911s][info][gc,heap        ] GC(1032) Eden regions: 1119->0(1121)
[3990.911s][info][gc,heap        ] GC(1032) Survivor regions: 109->107(154)
[3990.911s][info][gc,heap        ] GC(1032) Old regions: 475->507
[3990.911s][info][gc,heap        ] GC(1032) Humongous regions: 80->80
[3990.911s][info][gc,metaspace   ] GC(1032) Metaspace: 28892K(29312K)->28892K(29312K) NonClass: 24024K(24256K)->24024K(24256K) Class: 4868K(5056K)->4868K(5056K)
[3990.911s][info][gc             ] GC(1032) Pause Young (Concurrent Start) (G1 Evacuation Pause) 3565M->1387M(4096M) 115.627ms
[3990.911s][info][gc             ] GC(1033) Concurrent Mark Cycle
[3990.911s][info][gc,marking     ] GC(1033) Concurrent Scan Root Regions
[3990.911s][info][gc,cpu         ] GC(1032) User=0.68s Sys=0.00s Real=0.11s
[3991.110s][info][gc,marking     ] GC(1033) Concurrent Scan Root Regions 199.055ms
[3991.110s][info][gc,marking     ] GC(1033) Concurrent Mark
[3991.110s][info][gc,marking     ] GC(1033) Concurrent Mark From Roots
[3991.110s][info][gc,task        ] GC(1033) Using 2 workers of 2 for marking
.[3992.052s][info][gc,marking     ] GC(1033) Concurrent Mark From Roots 942.263ms
[3992.052s][info][gc,marking     ] GC(1033) Concurrent Preclean
[3992.052s][info][gc,marking     ] GC(1033) Concurrent Preclean 0.070ms
[3992.053s][info][gc,start       ] GC(1033) Pause Remark
[3992.060s][info][gc             ] GC(1033) Pause Remark 2390M->2390M(4096M) 7.091ms
[3992.060s][info][gc,cpu         ] GC(1033) User=0.04s Sys=0.00s Real=0.01s
[3992.060s][info][gc,marking     ] GC(1033) Concurrent Mark 949.704ms
[3992.060s][info][gc,marking     ] GC(1033) Concurrent Rebuild Remembered Sets and Scrub Regions
[3992.388s][info][gc,marking     ] GC(1033) Concurrent Rebuild Remembered Sets and Scrub Regions 328.652ms
[3992.389s][info][gc,start       ] GC(1033) Pause Cleanup
[3992.389s][info][gc             ] GC(1033) Pause Cleanup 2673M->2673M(4096M) 0.114ms
[3992.389s][info][gc,cpu         ] GC(1033) User=0.00s Sys=0.00s Real=0.00s
[3992.389s][info][gc,marking     ] GC(1033) Concurrent Clear Claimed Marks
[3992.390s][info][gc,marking     ] GC(1033) Concurrent Clear Claimed Marks 0.032ms
[3992.390s][info][gc,marking     ] GC(1033) Concurrent Cleanup for Next Mark
[3992.395s][info][gc,marking     ] GC(1033) Concurrent Cleanup for Next Mark 5.409ms
[3992.395s][info][gc             ] GC(1033) Concurrent Mark Cycle 1484.052ms
.[3993.538s][info][gc,start       ] GC(1034) Pause Young (Prepare Mixed) (G1 Evacuation Pause)
[3993.539s][info][gc,task        ] GC(1034) Using 6 workers of 6 for evacuation
[3993.659s][info][gc,phases      ] GC(1034)   Pre Evacuate Collection Set: 0.33ms
[3993.659s][info][gc,phases      ] GC(1034)   Merge Heap Roots: 0.50ms
[3993.659s][info][gc,phases      ] GC(1034)   Evacuate Collection Set: 118.28ms
[3993.659s][info][gc,phases      ] GC(1034)   Post Evacuate Collection Set: 0.95ms
[3993.659s][info][gc,phases      ] GC(1034)   Other: 0.09ms
[3993.659s][info][gc,heap        ] GC(1034) Eden regions: 1121->0(1100)
[3993.659s][info][gc,heap        ] GC(1034) Survivor regions: 107->113(154)
[3993.659s][info][gc,heap        ] GC(1034) Old regions: 507->539
[3993.659s][info][gc,heap        ] GC(1034) Humongous regions: 80->80
[3993.659s][info][gc,metaspace   ] GC(1034) Metaspace: 28892K(29312K)->28892K(29312K) NonClass: 24024K(24256K)->24024K(24256K) Class: 4868K(5056K)->4868K(5056K)
[3993.659s][info][gc             ] GC(1034) Pause Young (Prepare Mixed) (G1 Evacuation Pause) 3629M->1462M(4096M) 120.304ms
[3993.659s][info][gc,cpu         ] GC(1034) User=0.71s Sys=0.00s Real=0.12s
...[3996.085s][info][gc,start       ] GC(1035) Pause Young (Mixed) (G1 Evacuation Pause)
[3996.085s][info][gc,task        ] GC(1035) Using 6 workers of 6 for evacuation
[3996.221s][info][gc,phases      ] GC(1035)   Pre Evacuate Collection Set: 0.37ms
[3996.221s][info][gc,phases      ] GC(1035)   Merge Heap Roots: 0.69ms
[3996.221s][info][gc,phases      ] GC(1035)   Evacuate Collection Set: 133.65ms
[3996.221s][info][gc,phases      ] GC(1035)   Post Evacuate Collection Set: 0.96ms
[3996.221s][info][gc,phases      ] GC(1035)   Other: 0.11ms
[3996.221s][info][gc,heap        ] GC(1035) Eden regions: 1100->0(1118)
[3996.221s][info][gc,heap        ] GC(1035) Survivor regions: 113->110(152)
[3996.221s][info][gc,heap        ] GC(1035) Old regions: 539->475
[3996.221s][info][gc,heap        ] GC(1035) Humongous regions: 80->80
[3996.221s][info][gc,metaspace   ] GC(1035) Metaspace: 28892K(29312K)->28892K(29312K) NonClass: 24024K(24256K)->24024K(24256K) Class: 4868K(5056K)->4868K(5056K)
[3996.221s][info][gc             ] GC(1035) Pause Young (Mixed) (G1 Evacuation Pause) 3662M->1328M(4096M) 135.914ms
[3996.221s][info][gc,cpu         ] GC(1035) User=0.80s Sys=0.00s Real=0.13s
..[3998.773s][info][gc,start       ] GC(1036) Pause Young (Concurrent Start) (G1 Evacuation Pause)
[3998.773s][info][gc,task        ] GC(1036) Using 6 workers of 6 for evacuation
[3998.898s][info][gc,phases      ] GC(1036)   Pre Evacuate Collection Set: 0.37ms
[3998.898s][info][gc,phases      ] GC(1036)   Merge Heap Roots: 0.46ms
[3998.898s][info][gc,phases      ] GC(1036)   Evacuate Collection Set: 123.68ms
[3998.898s][info][gc,phases      ] GC(1036)   Post Evacuate Collection Set: 0.88ms
[3998.898s][info][gc,phases      ] GC(1036)   Other: 0.11ms
[3998.898s][info][gc,heap        ] GC(1036) Eden regions: 1118->0(1112)
[3998.898s][info][gc,heap        ] GC(1036) Survivor regions: 110->116(154)
[3998.898s][info][gc,heap        ] GC(1036) Old regions: 475->508
[3998.898s][info][gc,heap        ] GC(1036) Humongous regions: 80->80
[3998.898s][info][gc,metaspace   ] GC(1036) Metaspace: 28892K(29312K)->28892K(29312K) NonClass: 24024K(24256K)->24024K(24256K) Class: 4868K(5056K)->4868K(5056K)
[3998.898s][info][gc             ] GC(1036) Pause Young (Concurrent Start) (G1 Evacuation Pause) 3564M->1407M(4096M) 125.641ms
[3998.898s][info][gc             ] GC(1037) Concurrent Mark Cycle
[3998.898s][info][gc,marking     ] GC(1037) Concurrent Scan Root Regions
[3998.898s][info][gc,cpu         ] GC(1036) User=0.74s Sys=0.00s Real=0.13s
.[3999.094s][info][gc,marking     ] GC(1037) Concurrent Scan Root Regions 196.158ms
[3999.094s][info][gc,marking     ] GC(1037) Concurrent Mark
[3999.094s][info][gc,marking     ] GC(1037) Concurrent Mark From Roots
[3999.094s][info][gc,task        ] GC(1037) Using 2 workers of 2 for marking
.[4000.011s][info][gc,marking     ] GC(1037) Concurrent Mark From Roots 916.120ms
[4000.011s][info][gc,marking     ] GC(1037) Concurrent Preclean
[4000.011s][info][gc,marking     ] GC(1037) Concurrent Preclean 0.098ms
[4000.014s][info][gc,start       ] GC(1037) Pause Remark
[4000.020s][info][gc             ] GC(1037) Pause Remark 2389M->2389M(4096M) 6.043ms
[4000.020s][info][gc,cpu         ] GC(1037) User=0.03s Sys=0.00s Real=0.00s
[4000.021s][info][gc,marking     ] GC(1037) Concurrent Mark 926.152ms
[4000.021s][info][gc,marking     ] GC(1037) Concurrent Rebuild Remembered Sets and Scrub Regions
[4000.289s][info][gc,marking     ] GC(1037) Concurrent Rebuild Remembered Sets and Scrub Regions 268.505ms
[4000.291s][info][gc,start       ] GC(1037) Pause Cleanup
[4000.292s][info][gc             ] GC(1037) Pause Cleanup 2607M->2607M(4096M) 0.127ms
[4000.292s][info][gc,cpu         ] GC(1037) User=0.00s Sys=0.00s Real=0.00s
[4000.292s][info][gc,marking     ] GC(1037) Concurrent Clear Claimed Marks
[4000.292s][info][gc,marking     ] GC(1037) Concurrent Clear Claimed Marks 0.026ms
[4000.292s][info][gc,marking     ] GC(1037) Concurrent Cleanup for Next Mark
[4000.296s][info][gc,marking     ] GC(1037) Concurrent Cleanup for Next Mark 4.710ms
[4000.296s][info][gc             ] GC(1037) Concurrent Mark Cycle 1398.187ms
.[4001.410s][info][gc,start       ] GC(1038) Pause Young (Prepare Mixed) (G1 Evacuation Pause)
[4001.410s][info][gc,task        ] GC(1038) Using 6 workers of 6 for evacuation
[4001.527s][info][gc,phases      ] GC(1038)   Pre Evacuate Collection Set: 0.35ms
[4001.527s][info][gc,phases      ] GC(1038)   Merge Heap Roots: 0.50ms
[4001.527s][info][gc,phases      ] GC(1038)   Evacuate Collection Set: 114.66ms
[4001.527s][info][gc,phases      ] GC(1038)   Post Evacuate Collection Set: 0.95ms
[4001.527s][info][gc,phases      ] GC(1038)   Other: 0.09ms
[4001.527s][info][gc,heap        ] GC(1038) Eden regions: 1112->0(1106)
[4001.527s][info][gc,heap        ] GC(1038) Survivor regions: 116->110(154)
[4001.527s][info][gc,heap        ] GC(1038) Old regions: 508->539
[4001.527s][info][gc,heap        ] GC(1038) Humongous regions: 80->80
[4001.527s][info][gc,metaspace   ] GC(1038) Metaspace: 28892K(29312K)->28892K(29312K) NonClass: 24024K(24256K)->24024K(24256K) Class: 4868K(5056K)->4868K(5056K)
[4001.527s][info][gc             ] GC(1038) Pause Young (Prepare Mixed) (G1 Evacuation Pause) 3631M->1457M(4096M) 116.703ms
[4001.527s][info][gc,cpu         ] GC(1038) User=0.69s Sys=0.00s Real=0.12s
...[4004.051s][info][gc,start       ] GC(1039) Pause Young (Mixed) (G1 Evacuation Pause)
[4004.051s][info][gc,task        ] GC(1039) Using 6 workers of 6 for evacuation
[4004.186s][info][gc,phases      ] GC(1039)   Pre Evacuate Collection Set: 0.35ms
[4004.186s][info][gc,phases      ] GC(1039)   Merge Heap Roots: 0.69ms
[4004.186s][info][gc,phases      ] GC(1039)   Evacuate Collection Set: 132.72ms
[4004.186s][info][gc,phases      ] GC(1039)   Post Evacuate Collection Set: 0.97ms
[4004.186s][info][gc,phases      ] GC(1039)   Other: 0.09ms
[4004.186s][info][gc,heap        ] GC(1039) Eden regions: 1106->0(1118)
[4004.186s][info][gc,heap        ] GC(1039) Survivor regions: 110->110(152)
[4004.186s][info][gc,heap        ] GC(1039) Old regions: 539->477
[4004.186s][info][gc,heap        ] GC(1039) Humongous regions: 80->80
[4004.186s][info][gc,metaspace   ] GC(1039) Metaspace: 28892K(29312K)->28892K(29312K) NonClass: 24024K(24256K)->24024K(24256K) Class: 4868K(5056K)->4868K(5056K)
[4004.186s][info][gc             ] GC(1039) Pause Young (Mixed) (G1 Evacuation Pause) 3669M->1333M(4096M) 134.952ms
[4004.186s][info][gc,cpu         ] GC(1039) User=0.79s Sys=0.00s Real=0.14s
..[4006.740s][info][gc,start       ] GC(1040) Pause Young (Concurrent Start) (G1 Evacuation Pause)
[4006.740s][info][gc,task        ] GC(1040) Using 6 workers of 6 for evacuation
[4006.864s][info][gc,phases      ] GC(1040)   Pre Evacuate Collection Set: 0.35ms
[4006.864s][info][gc,phases      ] GC(1040)   Merge Heap Roots: 0.45ms
[4006.864s][info][gc,phases      ] GC(1040)   Evacuate Collection Set: 121.84ms
[4006.864s][info][gc,phases      ] GC(1040)   Post Evacuate Collection Set: 0.89ms
[4006.864s][info][gc,phases      ] GC(1040)   Other: 0.12ms
[4006.864s][info][gc,heap        ] GC(1040) Eden regions: 1118->0(1114)
[4006.864s][info][gc,heap        ] GC(1040) Survivor regions: 110->114(154)
[4006.864s][info][gc,heap        ] GC(1040) Old regions: 477->509
[4006.864s][info][gc,heap        ] GC(1040) Humongous regions: 80->80
[4006.864s][info][gc,metaspace   ] GC(1040) Metaspace: 28892K(29312K)->28892K(29312K) NonClass: 24024K(24256K)->24024K(24256K) Class: 4868K(5056K)->4868K(5056K)
[4006.864s][info][gc             ] GC(1040) Pause Young (Concurrent Start) (G1 Evacuation Pause) 3569M->1403M(4096M) 123.768ms
[4006.864s][info][gc             ] GC(1041) Concurrent Mark Cycle
[4006.864s][info][gc,marking     ] GC(1041) Concurrent Scan Root Regions
[4006.864s][info][gc,cpu         ] GC(1040) User=0.73s Sys=0.00s Real=0.13s
.[4007.089s][info][gc,marking     ] GC(1041) Concurrent Scan Root Regions 225.340ms
[4007.089s][info][gc,marking     ] GC(1041) Concurrent Mark
[4007.089s][info][gc,marking     ] GC(1041) Concurrent Mark From Roots
[4007.089s][info][gc,task        ] GC(1041) Using 2 workers of 2 for marking
 (rIR:aIR:PR = 7057:7043:7043) (tPR = 104300) [OK] 
  4007s: Performance info:
         Transaction,    Success,    Partial,     Failed,   Receipts, AvgBarcode, 
             Overall,     426519,          0,          0,     405111,      59.48, 
         Response times:
             Request,    Success,    Partial,     Failed,   SkipFail,     Probes,    Samples,      min,      p50,      p90,      p95,      p99,      max, 
       TotalPurchase,     405368,          0,          0,          0,     359291,     425205,      300,     5800,    48000,    87000,   165000,   347000,
     InStorePurchase,     213468,          0,          0,          0,     189332,     223978,      300,     5800,    48000,    87000,   165000,   347000,
      OnlinePurchase,     149345,          0,          0,          0,     132376,     156407,      300,     5800,    48000,    87000,   165000,   347000,
        InstPurchase,      42555,          0,          0,          0,      37583,      44820,      400,     6100,    50000,    88000,   166000,   323000,
          AssocOfCat,        430,          0,          0,          0,        333,        471,    27000,    40000,   107000,   139800,   237480,   340000,
      AssocOfProduct,       4265,          0,          0,          0,       3953,       4878,     1200,     6900,    56000,    93000,   158420,   347000,
      BusinessReport,       1069,          0,          0,          0,        935,       1250,    24000,    46000,   132900,   171000,   259900,   325000,
          CustBuyBeh,       4276,          0,          0,          0,       4012,       4917,      200,     4900,    38000,    77100,   148820,   253000,
       ProductReturn,      11364,          0,          0,          0,       9640,      11671,      200,     5700,    48000,    84000,   160000,   276000,

  4007s: (52%)   IR =   7195 [4007.909s][info][gc,marking     ] GC(1041) Concurrent Mark From Roots 819.644ms
[4007.909s][info][gc,marking     ] GC(1041) Concurrent Preclean
[4007.909s][info][gc,marking     ] GC(1041) Concurrent Preclean 0.077ms
[4007.909s][info][gc,start       ] GC(1041) Pause Remark
[4007.914s][info][gc             ] GC(1041) Pause Remark 2303M->2303M(4096M) 5.163ms
[4007.914s][info][gc,cpu         ] GC(1041) User=0.03s Sys=0.00s Real=0.01s
[4007.914s][info][gc,marking     ] GC(1041) Concurrent Mark 825.169ms
[4007.914s][info][gc,marking     ] GC(1041) Concurrent Rebuild Remembered Sets and Scrub Regions
[4008.177s][info][gc,marking     ] GC(1041) Concurrent Rebuild Remembered Sets and Scrub Regions 263.082ms
[4008.178s][info][gc,start       ] GC(1041) Pause Cleanup
[4008.178s][info][gc             ] GC(1041) Pause Cleanup 2536M->2536M(4096M) 0.119ms
[4008.178s][info][gc,cpu         ] GC(1041) User=0.00s Sys=0.00s Real=0.00s
[4008.178s][info][gc,marking     ] GC(1041) Concurrent Clear Claimed Marks
[4008.178s][info][gc,marking     ] GC(1041) Concurrent Clear Claimed Marks 0.021ms
[4008.178s][info][gc,marking     ] GC(1041) Concurrent Cleanup for Next Mark
[4008.183s][info][gc,marking     ] GC(1041) Concurrent Cleanup for Next Mark 4.807ms
[4008.183s][info][gc             ] GC(1041) Concurrent Mark Cycle 1318.874ms
..[4009.438s][info][gc,start       ] GC(1042) Pause Young (Prepare Mixed) (G1 Evacuation Pause)
[4009.438s][info][gc,task        ] GC(1042) Using 6 workers of 6 for evacuation
[4009.564s][info][gc,phases      ] GC(1042)   Pre Evacuate Collection Set: 0.34ms
[4009.564s][info][gc,phases      ] GC(1042)   Merge Heap Roots: 0.52ms
[4009.564s][info][gc,phases      ] GC(1042)   Evacuate Collection Set: 124.72ms
[4009.564s][info][gc,phases      ] GC(1042)   Post Evacuate Collection Set: 0.91ms
[4009.564s][info][gc,phases      ] GC(1042)   Other: 0.09ms
[4009.564s][info][gc,heap        ] GC(1042) Eden regions: 1114->0(1090)
[4009.564s][info][gc,heap        ] GC(1042) Survivor regions: 114->117(154)
[4009.564s][info][gc,heap        ] GC(1042) Old regions: 509->541
[4009.564s][info][gc,heap        ] GC(1042) Humongous regions: 80->80
[4009.564s][info][gc,metaspace   ] GC(1042) Metaspace: 28893K(29312K)->28893K(29312K) NonClass: 24024K(24256K)->24024K(24256K) Class: 4868K(5056K)->4868K(5056K)
[4009.565s][info][gc             ] GC(1042) Pause Young (Prepare Mixed) (G1 Evacuation Pause) 3631M->1473M(4096M) 126.716ms
[4009.565s][info][gc,cpu         ] GC(1042) User=0.75s Sys=0.00s Real=0.13s
..[4011.981s][info][gc,start       ] GC(1043) Pause Young (Mixed) (G1 Evacuation Pause)
[4011.981s][info][gc,task        ] GC(1043) Using 6 workers of 6 for evacuation
[4012.112s][info][gc,phases      ] GC(1043)   Pre Evacuate Collection Set: 0.37ms
[4012.113s][info][gc,phases      ] GC(1043)   Merge Heap Roots: 0.66ms
[4012.113s][info][gc,phases      ] GC(1043)   Evacuate Collection Set: 129.35ms
[4012.113s][info][gc,phases      ] GC(1043)   Post Evacuate Collection Set: 0.95ms
[4012.113s][info][gc,phases      ] GC(1043)   Other: 0.09ms
[4012.113s][info][gc,heap        ] GC(1043) Eden regions: 1090->0(1121)
[4012.113s][info][gc,heap        ] GC(1043) Survivor regions: 117->107(151)
[4012.113s][info][gc,heap        ] GC(1043) Old regions: 541->477
[4012.113s][info][gc,heap        ] GC(1043) Humongous regions: 80->80
[4012.113s][info][gc,metaspace   ] GC(1043) Metaspace: 28893K(29312K)->28893K(29312K) NonClass: 24024K(24256K)->24024K(24256K) Class: 4868K(5056K)->4868K(5056K)
[4012.113s][info][gc             ] GC(1043) Pause Young (Mixed) (G1 Evacuation Pause) 3653M->1325M(4096M) 131.547ms
[4012.113s][info][gc,cpu         ] GC(1043) User=0.78s Sys=0.00s Real=0.13s
..|.[4014.656s][info][gc,start       ] GC(1044) Pause Young (Concurrent Start) (G1 Evacuation Pause)
[4014.656s][info][gc,task        ] GC(1044) Using 6 workers of 6 for evacuation
[4014.773s][info][gc,phases      ] GC(1044)   Pre Evacuate Collection Set: 0.37ms
[4014.773s][info][gc,phases      ] GC(1044)   Merge Heap Roots: 0.46ms
[4014.773s][info][gc,phases      ] GC(1044)   Evacuate Collection Set: 115.13ms
[4014.773s][info][gc,phases      ] GC(1044)   Post Evacuate Collection Set: 0.90ms
[4014.773s][info][gc,phases      ] GC(1044)   Other: 0.12ms
[4014.773s][info][gc,heap        ] GC(1044) Eden regions: 1121->0(1118)
[4014.773s][info][gc,heap        ] GC(1044) Survivor regions: 107->110(154)
[4014.773s][info][gc,heap        ] GC(1044) Old regions: 477->509
[4014.773s][info][gc,heap        ] GC(1044) Humongous regions: 80->80
[4014.773s][info][gc,metaspace   ] GC(1044) Metaspace: 28893K(29312K)->28893K(29312K) NonClass: 24024K(24256K)->24024K(24256K) Class: 4868K(5056K)->4868K(5056K)
[4014.773s][info][gc             ] GC(1044) Pause Young (Concurrent Start) (G1 Evacuation Pause) 3567M->1396M(4096M) 117.104ms
[4014.773s][info][gc             ] GC(1045) Concurrent Mark Cycle
[4014.773s][info][gc,marking     ] GC(1045) Concurrent Scan Root Regions
[4014.773s][info][gc,cpu         ] GC(1044) User=0.70s Sys=0.00s Real=0.11s
[4014.953s][info][gc,marking     ] GC(1045) Concurrent Scan Root Regions 180.548ms
[4014.953s][info][gc,marking     ] GC(1045) Concurrent Mark
[4014.953s][info][gc,marking     ] GC(1045) Concurrent Mark From Roots
[4014.953s][info][gc,task        ] GC(1045) Using 2 workers of 2 for marking
.[4015.925s][info][gc,marking     ] GC(1045) Concurrent Mark From Roots 971.666ms
[4015.925s][info][gc,marking     ] GC(1045) Concurrent Preclean
[4015.925s][info][gc,marking     ] GC(1045) Concurrent Preclean 0.132ms
[4015.927s][info][gc,start       ] GC(1045) Pause Remark
[4015.932s][info][gc             ] GC(1045) Pause Remark 2458M->2458M(4096M) 4.913ms
[4015.932s][info][gc,cpu         ] GC(1045) User=0.02s Sys=0.00s Real=0.00s
[4015.932s][info][gc,marking     ] GC(1045) Concurrent Mark 978.812ms
[4015.932s][info][gc,marking     ] GC(1045) Concurrent Rebuild Remembered Sets and Scrub Regions
[4016.295s][info][gc,marking     ] GC(1045) Concurrent Rebuild Remembered Sets and Scrub Regions 362.310ms
[4016.296s][info][gc,start       ] GC(1045) Pause Cleanup
[4016.296s][info][gc             ] GC(1045) Pause Cleanup 2780M->2780M(4096M) 0.115ms
[4016.296s][info][gc,cpu         ] GC(1045) User=0.00s Sys=0.00s Real=0.00s
[4016.296s][info][gc,marking     ] GC(1045) Concurrent Clear Claimed Marks
[4016.296s][info][gc,marking     ] GC(1045) Concurrent Clear Claimed Marks 0.044ms
[4016.296s][info][gc,marking     ] GC(1045) Concurrent Cleanup for Next Mark
[4016.300s][info][gc,marking     ] GC(1045) Concurrent Cleanup for Next Mark 3.644ms
[4016.300s][info][gc             ] GC(1045) Concurrent Mark Cycle 1527.331ms
.[4017.240s][info][gc,start       ] GC(1046) Pause Young (Prepare Mixed) (G1 Evacuation Pause)
[4017.240s][info][gc,task        ] GC(1046) Using 6 workers of 6 for evacuation
[4017.363s][info][gc,phases      ] GC(1046)   Pre Evacuate Collection Set: 0.35ms
[4017.363s][info][gc,phases      ] GC(1046)   Merge Heap Roots: 0.50ms
[4017.363s][info][gc,phases      ] GC(1046)   Evacuate Collection Set: 120.86ms
[4017.363s][info][gc,phases      ] GC(1046)   Post Evacuate Collection Set: 0.92ms
[4017.363s][info][gc,phases      ] GC(1046)   Other: 0.09ms
[4017.363s][info][gc,heap        ] GC(1046) Eden regions: 1118->0(1097)
[4017.363s][info][gc,heap        ] GC(1046) Survivor regions: 110->114(154)
[4017.363s][info][gc,heap        ] GC(1046) Old regions: 509->540
[4017.363s][info][gc,heap        ] GC(1046) Humongous regions: 80->80
[4017.363s][info][gc,metaspace   ] GC(1046) Metaspace: 28893K(29312K)->28893K(29312K) NonClass: 24024K(24256K)->24024K(24256K) Class: 4868K(5056K)->4868K(5056K)
[4017.363s][info][gc             ] GC(1046) Pause Young (Prepare Mixed) (G1 Evacuation Pause) 3632M->1467M(4096M) 122.839ms
[4017.363s][info][gc,cpu         ] GC(1046) User=0.73s Sys=0.00s Real=0.12s
...[4019.831s][info][gc,start       ] GC(1047) Pause Young (Mixed) (G1 Evacuation Pause)
[4019.831s][info][gc,task        ] GC(1047) Using 6 workers of 6 for evacuation
[4019.966s][info][gc,phases      ] GC(1047)   Pre Evacuate Collection Set: 0.38ms
[4019.966s][info][gc,phases      ] GC(1047)   Merge Heap Roots: 0.66ms
[4019.966s][info][gc,phases      ] GC(1047)   Evacuate Collection Set: 132.80ms
[4019.966s][info][gc,phases      ] GC(1047)   Post Evacuate Collection Set: 1.06ms
[4019.966s][info][gc,phases      ] GC(1047)   Other: 0.08ms
[4019.966s][info][gc,heap        ] GC(1047) Eden regions: 1097->0(1119)
[4019.966s][info][gc,heap        ] GC(1047) Survivor regions: 114->109(152)
[4019.966s][info][gc,heap        ] GC(1047) Old regions: 540->476
[4019.966s][info][gc,heap        ] GC(1047) Humongous regions: 80->80
[4019.966s][info][gc,metaspace   ] GC(1047) Metaspace: 28893K(29312K)->28893K(29312K) NonClass: 24024K(24256K)->24024K(24256K) Class: 4868K(5056K)->4868K(5056K)
[4019.966s][info][gc             ] GC(1047) Pause Young (Mixed) (G1 Evacuation Pause) 3661M->1329M(4096M) 135.100ms
[4019.966s][info][gc,cpu         ] GC(1047) User=0.80s Sys=0.00s Real=0.14s
...[4022.439s][info][gc,start       ] GC(1048) Pause Young (Concurrent Start) (G1 Evacuation Pause)
[4022.439s][info][gc,task        ] GC(1048) Using 6 workers of 6 for evacuation
[4022.555s][info][gc,phases      ] GC(1048)   Pre Evacuate Collection Set: 0.43ms
[4022.555s][info][gc,phases      ] GC(1048)   Merge Heap Roots: 0.48ms
[4022.555s][info][gc,phases      ] GC(1048)   Evacuate Collection Set: 114.46ms
[4022.555s][info][gc,phases      ] GC(1048)   Post Evacuate Collection Set: 0.92ms
[4022.555s][info][gc,phases      ] GC(1048)   Other: 0.11ms
[4022.555s][info][gc,heap        ] GC(1048) Eden regions: 1119->0(1119)
[4022.555s][info][gc,heap        ] GC(1048) Survivor regions: 109->109(154)
[4022.555s][info][gc,heap        ] GC(1048) Old regions: 476->509
[4022.555s][info][gc,heap        ] GC(1048) Humongous regions: 80->80
[4022.555s][info][gc,metaspace   ] GC(1048) Metaspace: 28893K(29312K)->28893K(29312K) NonClass: 24024K(24256K)->24024K(24256K) Class: 4868K(5056K)->4868K(5056K)
[4022.555s][info][gc             ] GC(1048) Pause Young (Concurrent Start) (G1 Evacuation Pause) 3567M->1394M(4096M) 116.550ms
[4022.555s][info][gc             ] GC(1049) Concurrent Mark Cycle
[4022.555s][info][gc,marking     ] GC(1049) Concurrent Scan Root Regions
[4022.555s][info][gc,cpu         ] GC(1048) User=0.69s Sys=0.00s Real=0.12s
[4022.733s][info][gc,marking     ] GC(1049) Concurrent Scan Root Regions 177.994ms
[4022.733s][info][gc,marking     ] GC(1049) Concurrent Mark
[4022.733s][info][gc,marking     ] GC(1049) Concurrent Mark From Roots
[4022.733s][info][gc,task        ] GC(1049) Using 2 workers of 2 for marking
.[4023.754s][info][gc,marking     ] GC(1049) Concurrent Mark From Roots 1020.275ms
[4023.754s][info][gc,marking     ] GC(1049) Concurrent Preclean
[4023.754s][info][gc,marking     ] GC(1049) Concurrent Preclean 0.107ms
[4023.755s][info][gc,start       ] GC(1049) Pause Remark
[4023.758s][info][gc             ] GC(1049) Pause Remark 2470M->2470M(4096M) 2.996ms
[4023.758s][info][gc,cpu         ] GC(1049) User=0.01s Sys=0.00s Real=0.00s
[4023.758s][info][gc,marking     ] GC(1049) Concurrent Mark 1024.819ms
[4023.758s][info][gc,marking     ] GC(1049) Concurrent Rebuild Remembered Sets and Scrub Regions
[4024.101s][info][gc,marking     ] GC(1049) Concurrent Rebuild Remembered Sets and Scrub Regions 342.607ms
[4024.102s][info][gc,start       ] GC(1049) Pause Cleanup
[4024.102s][info][gc             ] GC(1049) Pause Cleanup 2798M->2798M(4096M) 0.125ms
[4024.102s][info][gc,cpu         ] GC(1049) User=0.00s Sys=0.00s Real=0.00s
[4024.103s][info][gc,marking     ] GC(1049) Concurrent Clear Claimed Marks
[4024.103s][info][gc,marking     ] GC(1049) Concurrent Clear Claimed Marks 0.026ms
[4024.103s][info][gc,marking     ] GC(1049) Concurrent Cleanup for Next Mark
[4024.109s][info][gc,marking     ] GC(1049) Concurrent Cleanup for Next Mark 6.542ms
[4024.109s][info][gc             ] GC(1049) Concurrent Mark Cycle 1553.820ms
.[4024.998s][info][gc,start       ] GC(1050) Pause Young (Prepare Mixed) (G1 Evacuation Pause)
[4024.998s][info][gc,task        ] GC(1050) Using 6 workers of 6 for evacuation
[4025.114s][info][gc,phases      ] GC(1050)   Pre Evacuate Collection Set: 0.33ms
[4025.114s][info][gc,phases      ] GC(1050)   Merge Heap Roots: 0.50ms
[4025.114s][info][gc,phases      ] GC(1050)   Evacuate Collection Set: 114.59ms
[4025.114s][info][gc,phases      ] GC(1050)   Post Evacuate Collection Set: 0.93ms
[4025.114s][info][gc,phases      ] GC(1050)   Other: 0.09ms
[4025.114s][info][gc,heap        ] GC(1050) Eden regions: 1119->0(1110)
[4025.114s][info][gc,heap        ] GC(1050) Survivor regions: 109->107(154)
[4025.114s][info][gc,heap        ] GC(1050) Old regions: 509->541
[4025.114s][info][gc,heap        ] GC(1050) Humongous regions: 80->80
[4025.114s][info][gc,metaspace   ] GC(1050) Metaspace: 28893K(29312K)->28893K(29312K) NonClass: 24024K(24256K)->24024K(24256K) Class: 4868K(5056K)->4868K(5056K)
[4025.114s][info][gc             ] GC(1050) Pause Young (Prepare Mixed) (G1 Evacuation Pause) 3632M->1454M(4096M) 116.577ms
[4025.114s][info][gc,cpu         ] GC(1050) User=0.69s Sys=0.00s Real=0.12s
...[4027.627s][info][gc,start       ] GC(1051) Pause Young (Mixed) (G1 Evacuation Pause)
[4027.627s][info][gc,task        ] GC(1051) Using 6 workers of 6 for evacuation
[4027.766s][info][gc,phases      ] GC(1051)   Pre Evacuate Collection Set: 0.38ms
[4027.766s][info][gc,phases      ] GC(1051)   Merge Heap Roots: 0.70ms
[4027.766s][info][gc,phases      ] GC(1051)   Evacuate Collection Set: 136.87ms
[4027.766s][info][gc,phases      ] GC(1051)   Post Evacuate Collection Set: 0.96ms
[4027.766s][info][gc,phases      ] GC(1051)   Other: 0.09ms
[4027.766s][info][gc,heap        ] GC(1051) Eden regions: 1110->0(1115)
[4027.766s][info][gc,heap        ] GC(1051) Survivor regions: 107->113(153)
[4027.766s][info][gc,heap        ] GC(1051) Old regions: 541->478
[4027.766s][info][gc,heap        ] GC(1051) Humongous regions: 80->80
[4027.766s][info][gc,metaspace   ] GC(1051) Metaspace: 28893K(29312K)->28893K(29312K) NonClass: 24024K(24256K)->24024K(24256K) Class: 4868K(5056K)->4868K(5056K)
[4027.766s][info][gc             ] GC(1051) Pause Young (Mixed) (G1 Evacuation Pause) 3674M->1339M(4096M) 139.143ms
[4027.766s][info][gc,cpu         ] GC(1051) User=0.82s Sys=0.00s Real=0.14s
..[4030.290s][info][gc,start       ] GC(1052) Pause Young (Concurrent Start) (G1 Evacuation Pause)
[4030.290s][info][gc,task        ] GC(1052) Using 6 workers of 6 for evacuation
[4030.408s][info][gc,phases      ] GC(1052)   Pre Evacuate Collection Set: 0.38ms
[4030.408s][info][gc,phases      ] GC(1052)   Merge Heap Roots: 0.46ms
[4030.408s][info][gc,phases      ] GC(1052)   Evacuate Collection Set: 115.36ms
[4030.408s][info][gc,phases      ] GC(1052)   Post Evacuate Collection Set: 0.87ms
[4030.408s][info][gc,phases      ] GC(1052)   Other: 0.11ms
[4030.408s][info][gc,heap        ] GC(1052) Eden regions: 1115->0(1118)
[4030.408s][info][gc,heap        ] GC(1052) Survivor regions: 113->110(154)
[4030.408s][info][gc,heap        ] GC(1052) Old regions: 478->510
[4030.408s][info][gc,heap        ] GC(1052) Humongous regions: 80->80
[4030.408s][info][gc,metaspace   ] GC(1052) Metaspace: 28893K(29312K)->28893K(29312K) NonClass: 24024K(24256K)->24024K(24256K) Class: 4868K(5056K)->4868K(5056K)
[4030.408s][info][gc             ] GC(1052) Pause Young (Concurrent Start) (G1 Evacuation Pause) 3569M->1397M(4096M) 117.311ms
[4030.408s][info][gc             ] GC(1053) Concurrent Mark Cycle
[4030.408s][info][gc,marking     ] GC(1053) Concurrent Scan Root Regions
[4030.408s][info][gc,cpu         ] GC(1052) User=0.69s Sys=0.00s Real=0.12s
.[4030.587s][info][gc,marking     ] GC(1053) Concurrent Scan Root Regions 178.954ms
[4030.587s][info][gc,marking     ] GC(1053) Concurrent Mark
[4030.587s][info][gc,marking     ] GC(1053) Concurrent Mark From Roots
[4030.587s][info][gc,task        ] GC(1053) Using 2 workers of 2 for marking
.[4031.551s][info][gc,marking     ] GC(1053) Concurrent Mark From Roots 964.195ms
[4031.551s][info][gc,marking     ] GC(1053) Concurrent Preclean
[4031.551s][info][gc,marking     ] GC(1053) Concurrent Preclean 0.102ms
[4031.552s][info][gc,start       ] GC(1053) Pause Remark
[4031.558s][info][gc             ] GC(1053) Pause Remark 2419M->2419M(4096M) 6.065ms
[4031.558s][info][gc,cpu         ] GC(1053) User=0.03s Sys=0.00s Real=0.01s
[4031.558s][info][gc,marking     ] GC(1053) Concurrent Mark 971.391ms
[4031.558s][info][gc,marking     ] GC(1053) Concurrent Rebuild Remembered Sets and Scrub Regions
[4031.919s][info][gc,marking     ] GC(1053) Concurrent Rebuild Remembered Sets and Scrub Regions 360.831ms
[4031.922s][info][gc,start       ] GC(1053) Pause Cleanup
[4031.922s][info][gc             ] GC(1053) Pause Cleanup 2785M->2785M(4096M) 0.153ms
[4031.922s][info][gc,cpu         ] GC(1053) User=0.00s Sys=0.00s Real=0.00s
[4031.922s][info][gc,marking     ] GC(1053) Concurrent Clear Claimed Marks
[4031.922s][info][gc,marking     ] GC(1053) Concurrent Clear Claimed Marks 0.039ms
[4031.922s][info][gc,marking     ] GC(1053) Concurrent Cleanup for Next Mark
[4031.927s][info][gc,marking     ] GC(1053) Concurrent Cleanup for Next Mark 5.130ms
[4031.928s][info][gc             ] GC(1053) Concurrent Mark Cycle 1519.791ms
.[4032.935s][info][gc,start       ] GC(1054) Pause Young (Prepare Mixed) (G1 Evacuation Pause)
[4032.935s][info][gc,task        ] GC(1054) Using 6 workers of 6 for evacuation
[4033.059s][info][gc,phases      ] GC(1054)   Pre Evacuate Collection Set: 0.34ms
[4033.059s][info][gc,phases      ] GC(1054)   Merge Heap Roots: 0.52ms
[4033.059s][info][gc,phases      ] GC(1054)   Evacuate Collection Set: 122.43ms
[4033.059s][info][gc,phases      ] GC(1054)   Post Evacuate Collection Set: 0.92ms
[4033.059s][info][gc,phases      ] GC(1054)   Other: 0.09ms
[4033.059s][info][gc,heap        ] GC(1054) Eden regions: 1118->0(1096)
[4033.059s][info][gc,heap        ] GC(1054) Survivor regions: 110->114(154)
[4033.059s][info][gc,heap        ] GC(1054) Old regions: 510->541
[4033.059s][info][gc,heap        ] GC(1054) Humongous regions: 80->80
[4033.059s][info][gc,metaspace   ] GC(1054) Metaspace: 28893K(29312K)->28893K(29312K) NonClass: 24024K(24256K)->24024K(24256K) Class: 4868K(5056K)->4868K(5056K)
[4033.059s][info][gc             ] GC(1054) Pause Young (Prepare Mixed) (G1 Evacuation Pause) 3633M->1468M(4096M) 124.429ms
[4033.059s][info][gc,cpu         ] GC(1054) User=0.74s Sys=0.00s Real=0.12s
...[4035.470s][info][gc,start       ] GC(1055) Pause Young (Mixed) (G1 Evacuation Pause)
[4035.470s][info][gc,task        ] GC(1055) Using 6 workers of 6 for evacuation
[4035.602s][info][gc,phases      ] GC(1055)   Pre Evacuate Collection Set: 0.38ms
[4035.602s][info][gc,phases      ] GC(1055)   Merge Heap Roots: 0.62ms
[4035.602s][info][gc,phases      ] GC(1055)   Evacuate Collection Set: 129.16ms
[4035.602s][info][gc,phases      ] GC(1055)   Post Evacuate Collection Set: 0.94ms
[4035.602s][info][gc,phases      ] GC(1055)   Other: 0.09ms
[4035.602s][info][gc,heap        ] GC(1055) Eden regions: 1096->0(1120)
[4035.602s][info][gc,heap        ] GC(1055) Survivor regions: 114->108(152)
[4035.602s][info][gc,heap        ] GC(1055) Old regions: 541->475
[4035.602s][info][gc,heap        ] GC(1055) Humongous regions: 80->80
[4035.602s][info][gc,metaspace   ] GC(1055) Metaspace: 28893K(29312K)->28893K(29312K) NonClass: 24024K(24256K)->24024K(24256K) Class: 4868K(5056K)->4868K(5056K)
[4035.602s][info][gc             ] GC(1055) Pause Young (Mixed) (G1 Evacuation Pause) 3660M->1324M(4096M) 131.342ms
[4035.602s][info][gc,cpu         ] GC(1055) User=0.77s Sys=0.00s Real=0.13s
..[4038.119s][info][gc,start       ] GC(1056) Pause Young (Concurrent Start) (G1 Evacuation Pause)
[4038.119s][info][gc,task        ] GC(1056) Using 6 workers of 6 for evacuation
[4038.240s][info][gc,phases      ] GC(1056)   Pre Evacuate Collection Set: 0.40ms
[4038.240s][info][gc,phases      ] GC(1056)   Merge Heap Roots: 0.45ms
[4038.240s][info][gc,phases      ] GC(1056)   Evacuate Collection Set: 119.10ms
[4038.240s][info][gc,phases      ] GC(1056)   Post Evacuate Collection Set: 0.88ms
[4038.240s][info][gc,phases      ] GC(1056)   Other: 0.11ms
[4038.240s][info][gc,heap        ] GC(1056) Eden regions: 1120->0(1116)
[4038.240s][info][gc,heap        ] GC(1056) Survivor regions: 108->112(154)
[4038.240s][info][gc,heap        ] GC(1056) Old regions: 475->506
[4038.240s][info][gc,heap        ] GC(1056) Humongous regions: 80->80
[4038.240s][info][gc,metaspace   ] GC(1056) Metaspace: 28893K(29312K)->28893K(29312K) NonClass: 24024K(24256K)->24024K(24256K) Class: 4868K(5056K)->4868K(5056K)
[4038.240s][info][gc             ] GC(1056) Pause Young (Concurrent Start) (G1 Evacuation Pause) 3564M->1394M(4096M) 121.090ms
[4038.240s][info][gc             ] GC(1057) Concurrent Mark Cycle
[4038.240s][info][gc,marking     ] GC(1057) Concurrent Scan Root Regions
[4038.240s][info][gc,cpu         ] GC(1056) User=0.71s Sys=0.00s Real=0.12s
[4038.452s][info][gc,marking     ] GC(1057) Concurrent Scan Root Regions 211.949ms
[4038.452s][info][gc,marking     ] GC(1057) Concurrent Mark
[4038.452s][info][gc,marking     ] GC(1057) Concurrent Mark From Roots
[4038.452s][info][gc,task        ] GC(1057) Using 2 workers of 2 for marking
.[4039.478s][info][gc,marking     ] GC(1057) Concurrent Mark From Roots 1025.448ms
[4039.478s][info][gc,marking     ] GC(1057) Concurrent Preclean
.[4039.478s][info][gc,marking     ] GC(1057) Concurrent Preclean 0.100ms
[4039.478s][info][gc,start       ] GC(1057) Pause Remark
[4039.485s][info][gc             ] GC(1057) Pause Remark 2489M->2489M(4096M) 6.231ms
[4039.485s][info][gc,cpu         ] GC(1057) User=0.04s Sys=0.00s Real=0.01s
[4039.485s][info][gc,marking     ] GC(1057) Concurrent Mark 1033.163ms
[4039.485s][info][gc,marking     ] GC(1057) Concurrent Rebuild Remembered Sets and Scrub Regions
[4039.871s][info][gc,marking     ] GC(1057) Concurrent Rebuild Remembered Sets and Scrub Regions 385.266ms
[4039.871s][info][gc,start       ] GC(1057) Pause Cleanup
[4039.872s][info][gc             ] GC(1057) Pause Cleanup 2907M->2907M(4096M) 0.117ms
[4039.872s][info][gc,cpu         ] GC(1057) User=0.00s Sys=0.00s Real=0.00s
[4039.872s][info][gc,marking     ] GC(1057) Concurrent Clear Claimed Marks
[4039.872s][info][gc,marking     ] GC(1057) Concurrent Clear Claimed Marks 0.033ms
[4039.872s][info][gc,marking     ] GC(1057) Concurrent Cleanup for Next Mark
[4039.877s][info][gc,marking     ] GC(1057) Concurrent Cleanup for Next Mark 4.846ms
[4039.877s][info][gc             ] GC(1057) Concurrent Mark Cycle 1636.895ms
.[4040.705s][info][gc,start       ] GC(1058) Pause Young (Prepare Mixed) (G1 Evacuation Pause)
[4040.705s][info][gc,task        ] GC(1058) Using 6 workers of 6 for evacuation
[4040.824s][info][gc,phases      ] GC(1058)   Pre Evacuate Collection Set: 0.35ms
[4040.824s][info][gc,phases      ] GC(1058)   Merge Heap Roots: 0.56ms
[4040.824s][info][gc,phases      ] GC(1058)   Evacuate Collection Set: 117.16ms
[4040.824s][info][gc,phases      ] GC(1058)   Post Evacuate Collection Set: 0.95ms
[4040.824s][info][gc,phases      ] GC(1058)   Other: 0.09ms
[4040.824s][info][gc,heap        ] GC(1058) Eden regions: 1116->0(1106)
[4040.824s][info][gc,heap        ] GC(1058) Survivor regions: 112->111(154)
[4040.824s][info][gc,heap        ] GC(1058) Old regions: 506->537
[4040.824s][info][gc,heap        ] GC(1058) Humongous regions: 80->80
[4040.824s][info][gc,metaspace   ] GC(1058) Metaspace: 28893K(29312K)->28893K(29312K) NonClass: 24024K(24256K)->24024K(24256K) Class: 4868K(5056K)->4868K(5056K)
[4040.824s][info][gc             ] GC(1058) Pause Young (Prepare Mixed) (G1 Evacuation Pause) 3626M->1453M(4096M) 119.264ms
[4040.824s][info][gc,cpu         ] GC(1058) User=0.71s Sys=0.00s Real=0.12s
..[4043.267s][info][gc,start       ] GC(1059) Pause Young (Mixed) (G1 Evacuation Pause)
[4043.267s][info][gc,task        ] GC(1059) Using 6 workers of 6 for evacuation
[4043.405s][info][gc,phases      ] GC(1059)   Pre Evacuate Collection Set: 0.35ms
[4043.405s][info][gc,phases      ] GC(1059)   Merge Heap Roots: 0.78ms
[4043.405s][info][gc,phases      ] GC(1059)   Evacuate Collection Set: 136.35ms
[4043.405s][info][gc,phases      ] GC(1059)   Post Evacuate Collection Set: 0.92ms
[4043.405s][info][gc,phases      ] GC(1059)   Other: 0.09ms
[4043.405s][info][gc,heap        ] GC(1059) Eden regions: 1106->0(1117)
[4043.405s][info][gc,heap        ] GC(1059) Survivor regions: 111->111(153)
[4043.405s][info][gc,heap        ] GC(1059) Old regions: 537->476
[4043.405s][info][gc,heap        ] GC(1059) Humongous regions: 80->80
[4043.405s][info][gc,metaspace   ] GC(1059) Metaspace: 28893K(29312K)->28893K(29312K) NonClass: 24024K(24256K)->24024K(24256K) Class: 4868K(5056K)->4868K(5056K)
[4043.405s][info][gc             ] GC(1059) Pause Young (Mixed) (G1 Evacuation Pause) 3665M->1332M(4096M) 138.635ms
[4043.405s][info][gc,cpu         ] GC(1059) User=0.82s Sys=0.00s Real=0.14s
...[4045.926s][info][gc,start       ] GC(1060) Pause Young (Concurrent Start) (G1 Evacuation Pause)
[4045.926s][info][gc,task        ] GC(1060) Using 6 workers of 6 for evacuation
[4046.043s][info][gc,phases      ] GC(1060)   Pre Evacuate Collection Set: 0.38ms
[4046.043s][info][gc,phases      ] GC(1060)   Merge Heap Roots: 0.46ms
[4046.043s][info][gc,phases      ] GC(1060)   Evacuate Collection Set: 114.69ms
[4046.043s][info][gc,phases      ] GC(1060)   Post Evacuate Collection Set: 0.90ms
[4046.043s][info][gc,phases      ] GC(1060)   Other: 0.11ms
[4046.043s][info][gc,heap        ] GC(1060) Eden regions: 1117->0(1119)
[4046.043s][info][gc,heap        ] GC(1060) Survivor regions: 111->109(154)
[4046.043s][info][gc,heap        ] GC(1060) Old regions: 476->507
[4046.043s][info][gc,heap        ] GC(1060) Humongous regions: 80->80
[4046.043s][info][gc,metaspace   ] GC(1060) Metaspace: 28893K(29312K)->28893K(29312K) NonClass: 24024K(24256K)->24024K(24256K) Class: 4868K(5056K)->4868K(5056K)
[4046.043s][info][gc             ] GC(1060) Pause Young (Concurrent Start) (G1 Evacuation Pause) 3566M->1390M(4096M) 116.670ms
[4046.043s][info][gc             ] GC(1061) Concurrent Mark Cycle
[4046.043s][info][gc,marking     ] GC(1061) Concurrent Scan Root Regions
[4046.043s][info][gc,cpu         ] GC(1060) User=0.69s Sys=0.00s Real=0.11s
[4046.218s][info][gc,marking     ] GC(1061) Concurrent Scan Root Regions 175.045ms
[4046.218s][info][gc,marking     ] GC(1061) Concurrent Mark
[4046.218s][info][gc,marking     ] GC(1061) Concurrent Mark From Roots
[4046.218s][info][gc,task        ] GC(1061) Using 2 workers of 2 for marking
.[4047.169s][info][gc,marking     ] GC(1061) Concurrent Mark From Roots 951.161ms
[4047.169s][info][gc,marking     ] GC(1061) Concurrent Preclean
[4047.169s][info][gc,marking     ] GC(1061) Concurrent Preclean 0.112ms
[4047.170s][info][gc,start       ] GC(1061) Pause Remark
[4047.176s][info][gc             ] GC(1061) Pause Remark 2399M->2399M(4096M) 6.378ms
[4047.176s][info][gc,cpu         ] GC(1061) User=0.03s Sys=0.00s Real=0.01s
[4047.178s][info][gc,marking     ] GC(1061) Concurrent Mark 959.509ms
[4047.178s][info][gc,marking     ] GC(1061) Concurrent Rebuild Remembered Sets and Scrub Regions
.[4047.579s][info][gc,marking     ] GC(1061) Concurrent Rebuild Remembered Sets and Scrub Regions 401.537ms
[4047.579s][info][gc,start       ] GC(1061) Pause Cleanup
[4047.580s][info][gc             ] GC(1061) Pause Cleanup 2769M->2769M(4096M) 0.111ms
[4047.580s][info][gc,cpu         ] GC(1061) User=0.00s Sys=0.00s Real=0.00s
[4047.580s][info][gc,marking     ] GC(1061) Concurrent Clear Claimed Marks
[4047.580s][info][gc,marking     ] GC(1061) Concurrent Clear Claimed Marks 0.031ms
[4047.580s][info][gc,marking     ] GC(1061) Concurrent Cleanup for Next Mark
[4047.585s][info][gc,marking     ] GC(1061) Concurrent Cleanup for Next Mark 5.079ms
[4047.585s][info][gc             ] GC(1061) Concurrent Mark Cycle 1542.091ms
.[4048.609s][info][gc,start       ] GC(1062) Pause Young (Prepare Mixed) (G1 Evacuation Pause)
[4048.609s][info][gc,task        ] GC(1062) Using 6 workers of 6 for evacuation
[4048.729s][info][gc,phases      ] GC(1062)   Pre Evacuate Collection Set: 0.33ms
[4048.729s][info][gc,phases      ] GC(1062)   Merge Heap Roots: 0.50ms
[4048.729s][info][gc,phases      ] GC(1062)   Evacuate Collection Set: 118.24ms
[4048.729s][info][gc,phases      ] GC(1062)   Post Evacuate Collection Set: 0.91ms
[4048.729s][info][gc,phases      ] GC(1062)   Other: 0.09ms
[4048.729s][info][gc,heap        ] GC(1062) Eden regions: 1119->0(1101)
[4048.729s][info][gc,heap        ] GC(1062) Survivor regions: 109->113(154)
[4048.729s][info][gc,heap        ] GC(1062) Old regions: 507->538
[4048.729s][info][gc,heap        ] GC(1062) Humongous regions: 80->80
[4048.729s][info][gc,metaspace   ] GC(1062) Metaspace: 28893K(29312K)->28893K(29312K) NonClass: 24024K(24256K)->24024K(24256K) Class: 4868K(5056K)->4868K(5056K)
[4048.729s][info][gc             ] GC(1062) Pause Young (Prepare Mixed) (G1 Evacuation Pause) 3628M->1461M(4096M) 120.196ms
[4048.729s][info][gc,cpu         ] GC(1062) User=0.71s Sys=0.00s Real=0.12s
..[4051.119s][info][gc,start       ] GC(1063) Pause Young (Mixed) (G1 Evacuation Pause)
[4051.119s][info][gc,task        ] GC(1063) Using 6 workers of 6 for evacuation
[4051.248s][info][gc,phases      ] GC(1063)   Pre Evacuate Collection Set: 0.39ms
[4051.248s][info][gc,phases      ] GC(1063)   Merge Heap Roots: 0.57ms
[4051.248s][info][gc,phases      ] GC(1063)   Evacuate Collection Set: 126.90ms
[4051.248s][info][gc,phases      ] GC(1063)   Post Evacuate Collection Set: 0.94ms
[4051.248s][info][gc,phases      ] GC(1063)   Other: 0.09ms
[4051.248s][info][gc,heap        ] GC(1063) Eden regions: 1101->0(1120)
[4051.248s][info][gc,heap        ] GC(1063) Survivor regions: 113->108(152)
[4051.248s][info][gc,heap        ] GC(1063) Old regions: 538->475
[4051.248s][info][gc,heap        ] GC(1063) Humongous regions: 80->80
[4051.248s][info][gc,metaspace   ] GC(1063) Metaspace: 28893K(29312K)->28893K(29312K) NonClass: 24024K(24256K)->24024K(24256K) Class: 4868K(5056K)->4868K(5056K)
[4051.248s][info][gc             ] GC(1063) Pause Young (Mixed) (G1 Evacuation Pause) 3663M->1325M(4096M) 129.022ms
[4051.248s][info][gc,cpu         ] GC(1063) User=0.76s Sys=0.00s Real=0.13s
...[4053.792s][info][gc,start       ] GC(1064) Pause Young (Concurrent Start) (G1 Evacuation Pause)
[4053.793s][info][gc,task        ] GC(1064) Using 6 workers of 6 for evacuation
[4053.910s][info][gc,phases      ] GC(1064)   Pre Evacuate Collection Set: 0.40ms
[4053.910s][info][gc,phases      ] GC(1064)   Merge Heap Roots: 0.46ms
[4053.910s][info][gc,phases      ] GC(1064)   Evacuate Collection Set: 115.92ms
[4053.910s][info][gc,phases      ] GC(1064)   Post Evacuate Collection Set: 0.90ms
[4053.910s][info][gc,phases      ] GC(1064)   Other: 0.09ms
[4053.910s][info][gc,heap        ] GC(1064) Eden regions: 1120->0(1120)
[4053.910s][info][gc,heap        ] GC(1064) Survivor regions: 108->108(154)
[4053.910s][info][gc,heap        ] GC(1064) Old regions: 475->507
[4053.910s][info][gc,heap        ] GC(1064) Humongous regions: 80->80
[4053.910s][info][gc,metaspace   ] GC(1064) Metaspace: 28893K(29312K)->28893K(29312K) NonClass: 24024K(24256K)->24024K(24256K) Class: 4868K(5056K)->4868K(5056K)
[4053.910s][info][gc             ] GC(1064) Pause Young (Concurrent Start) (G1 Evacuation Pause) 3565M->1389M(4096M) 117.918ms
[4053.910s][info][gc             ] GC(1065) Concurrent Mark Cycle
[4053.910s][info][gc,marking     ] GC(1065) Concurrent Scan Root Regions
[4053.910s][info][gc,cpu         ] GC(1064) User=0.69s Sys=0.00s Real=0.12s
[4054.091s][info][gc,marking     ] GC(1065) Concurrent Scan Root Regions 180.323ms
[4054.091s][info][gc,marking     ] GC(1065) Concurrent Mark
[4054.091s][info][gc,marking     ] GC(1065) Concurrent Mark From Roots
[4054.091s][info][gc,task        ] GC(1065) Using 2 workers of 2 for marking
.[4055.047s][info][gc,marking     ] GC(1065) Concurrent Mark From Roots 956.583ms
[4055.048s][info][gc,marking     ] GC(1065) Concurrent Preclean
[4055.048s][info][gc,marking     ] GC(1065) Concurrent Preclean 0.108ms
[4055.049s][info][gc,start       ] GC(1065) Pause Remark
[4055.055s][info][gc             ] GC(1065) Pause Remark 2429M->2429M(4096M) 6.385ms
[4055.055s][info][gc,cpu         ] GC(1065) User=0.04s Sys=0.00s Real=0.01s
[4055.056s][info][gc,marking     ] GC(1065) Concurrent Mark 964.858ms
[4055.056s][info][gc,marking     ] GC(1065) Concurrent Rebuild Remembered Sets and Scrub Regions
[4055.327s][info][gc,marking     ] GC(1065) Concurrent Rebuild Remembered Sets and Scrub Regions 270.984ms
[4055.328s][info][gc,start       ] GC(1065) Pause Cleanup
[4055.328s][info][gc             ] GC(1065) Pause Cleanup 2657M->2657M(4096M) 0.126ms
[4055.328s][info][gc,cpu         ] GC(1065) User=0.00s Sys=0.00s Real=0.00s
[4055.328s][info][gc,marking     ] GC(1065) Concurrent Clear Claimed Marks
[4055.328s][info][gc,marking     ] GC(1065) Concurrent Clear Claimed Marks 0.029ms
[4055.328s][info][gc,marking     ] GC(1065) Concurrent Cleanup for Next Mark
[4055.334s][info][gc,marking     ] GC(1065) Concurrent Cleanup for Next Mark 5.878ms
[4055.334s][info][gc             ] GC(1065) Concurrent Mark Cycle 1423.490ms
.[4056.429s][info][gc,start       ] GC(1066) Pause Young (Prepare Mixed) (G1 Evacuation Pause)
[4056.429s][info][gc,task        ] GC(1066) Using 6 workers of 6 for evacuation
[4056.547s][info][gc,phases      ] GC(1066)   Pre Evacuate Collection Set: 0.33ms
[4056.547s][info][gc,phases      ] GC(1066)   Merge Heap Roots: 0.50ms
[4056.547s][info][gc,phases      ] GC(1066)   Evacuate Collection Set: 116.08ms
[4056.547s][info][gc,phases      ] GC(1066)   Post Evacuate Collection Set: 0.92ms
[4056.547s][info][gc,phases      ] GC(1066)   Other: 0.09ms
[4056.547s][info][gc,heap        ] GC(1066) Eden regions: 1120->0(1104)
[4056.547s][info][gc,heap        ] GC(1066) Survivor regions: 108->111(154)
[4056.547s][info][gc,heap        ] GC(1066) Old regions: 507->539
[4056.547s][info][gc,heap        ] GC(1066) Humongous regions: 80->80
[4056.547s][info][gc,metaspace   ] GC(1066) Metaspace: 28893K(29312K)->28893K(29312K) NonClass: 24024K(24256K)->24024K(24256K) Class: 4868K(5056K)->4868K(5056K)
[4056.547s][info][gc             ] GC(1066) Pause Young (Prepare Mixed) (G1 Evacuation Pause) 3629M->1457M(4096M) 118.061ms
[4056.547s][info][gc,cpu         ] GC(1066) User=0.70s Sys=0.00s Real=0.12s
...[4059.006s][info][gc,start       ] GC(1067) Pause Young (Mixed) (G1 Evacuation Pause)
[4059.006s][info][gc,task        ] GC(1067) Using 6 workers of 6 for evacuation
[4059.139s][info][gc,phases      ] GC(1067)   Pre Evacuate Collection Set: 0.39ms
[4059.139s][info][gc,phases      ] GC(1067)   Merge Heap Roots: 0.79ms
[4059.139s][info][gc,phases      ] GC(1067)   Evacuate Collection Set: 131.02ms
[4059.139s][info][gc,phases      ] GC(1067)   Post Evacuate Collection Set: 0.94ms
[4059.139s][info][gc,phases      ] GC(1067)   Other: 0.09ms
[4059.139s][info][gc,heap        ] GC(1067) Eden regions: 1104->0(1118)
[4059.139s][info][gc,heap        ] GC(1067) Survivor regions: 111->110(152)
[4059.139s][info][gc,heap        ] GC(1067) Old regions: 539->476
[4059.139s][info][gc,heap        ] GC(1067) Humongous regions: 80->80
[4059.139s][info][gc,metaspace   ] GC(1067) Metaspace: 28893K(29312K)->28893K(29312K) NonClass: 24024K(24256K)->24024K(24256K) Class: 4868K(5056K)->4868K(5056K)
[4059.139s][info][gc             ] GC(1067) Pause Young (Mixed) (G1 Evacuation Pause) 3664M->1330M(4096M) 133.389ms
[4059.139s][info][gc,cpu         ] GC(1067) User=0.79s Sys=0.00s Real=0.13s
..[4061.608s][info][gc,start       ] GC(1068) Pause Young (Concurrent Start) (G1 Evacuation Pause)
[4061.608s][info][gc,task        ] GC(1068) Using 6 workers of 6 for evacuation
[4061.727s][info][gc,phases      ] GC(1068)   Pre Evacuate Collection Set: 0.35ms
[4061.727s][info][gc,phases      ] GC(1068)   Merge Heap Roots: 0.44ms
[4061.727s][info][gc,phases      ] GC(1068)   Evacuate Collection Set: 116.97ms
[4061.727s][info][gc,phases      ] GC(1068)   Post Evacuate Collection Set: 0.87ms
[4061.727s][info][gc,phases      ] GC(1068)   Other: 0.12ms
[4061.727s][info][gc,heap        ] GC(1068) Eden regions: 1118->0(1117)
[4061.727s][info][gc,heap        ] GC(1068) Survivor regions: 110->111(154)
[4061.727s][info][gc,heap        ] GC(1068) Old regions: 476->508
[4061.727s][info][gc,heap        ] GC(1068) Humongous regions: 80->80
[4061.727s][info][gc,metaspace   ] GC(1068) Metaspace: 28893K(29312K)->28893K(29312K) NonClass: 24024K(24256K)->24024K(24256K) Class: 4868K(5056K)->4868K(5056K)
[4061.727s][info][gc             ] GC(1068) Pause Young (Concurrent Start) (G1 Evacuation Pause) 3566M->1397M(4096M) 118.877ms
[4061.727s][info][gc             ] GC(1069) Concurrent Mark Cycle
[4061.727s][info][gc,marking     ] GC(1069) Concurrent Scan Root Regions
[4061.727s][info][gc,cpu         ] GC(1068) User=0.70s Sys=0.00s Real=0.12s
.[4061.912s][info][gc,marking     ] GC(1069) Concurrent Scan Root Regions 185.441ms
[4061.912s][info][gc,marking     ] GC(1069) Concurrent Mark
[4061.912s][info][gc,marking     ] GC(1069) Concurrent Mark From Roots
[4061.912s][info][gc,task        ] GC(1069) Using 2 workers of 2 for marking
.[4062.877s][info][gc,marking     ] GC(1069) Concurrent Mark From Roots 964.827ms
[4062.877s][info][gc,marking     ] GC(1069) Concurrent Preclean
[4062.877s][info][gc,marking     ] GC(1069) Concurrent Preclean 0.096ms
[4062.878s][info][gc,start       ] GC(1069) Pause Remark
[4062.885s][info][gc             ] GC(1069) Pause Remark 2459M->2459M(4096M) 6.703ms
[4062.885s][info][gc,cpu         ] GC(1069) User=0.04s Sys=0.00s Real=0.01s
[4062.885s][info][gc,marking     ] GC(1069) Concurrent Mark 972.618ms
[4062.885s][info][gc,marking     ] GC(1069) Concurrent Rebuild Remembered Sets and Scrub Regions
[4063.247s][info][gc,marking     ] GC(1069) Concurrent Rebuild Remembered Sets and Scrub Regions 362.342ms
[4063.247s][info][gc,start       ] GC(1069) Pause Cleanup
[4063.248s][info][gc             ] GC(1069) Pause Cleanup 2777M->2777M(4096M) 0.122ms
[4063.248s][info][gc,cpu         ] GC(1069) User=0.00s Sys=0.00s Real=0.00s
[4063.248s][info][gc,marking     ] GC(1069) Concurrent Clear Claimed Marks
[4063.248s][info][gc,marking     ] GC(1069) Concurrent Clear Claimed Marks 0.027ms
[4063.248s][info][gc,marking     ] GC(1069) Concurrent Cleanup for Next Mark
[4063.254s][info][gc,marking     ] GC(1069) Concurrent Cleanup for Next Mark 6.274ms
[4063.254s][info][gc             ] GC(1069) Concurrent Mark Cycle 1527.236ms
.[4064.241s][info][gc,start       ] GC(1070) Pause Young (Prepare Mixed) (G1 Evacuation Pause)
[4064.241s][info][gc,task        ] GC(1070) Using 6 workers of 6 for evacuation
[4064.358s][info][gc,phases      ] GC(1070)   Pre Evacuate Collection Set: 0.33ms
[4064.358s][info][gc,phases      ] GC(1070)   Merge Heap Roots: 0.48ms
[4064.358s][info][gc,phases      ] GC(1070)   Evacuate Collection Set: 115.14ms
[4064.358s][info][gc,phases      ] GC(1070)   Post Evacuate Collection Set: 0.92ms
[4064.358s][info][gc,phases      ] GC(1070)   Other: 0.10ms
[4064.358s][info][gc,heap        ] GC(1070) Eden regions: 1117->0(1107)
[4064.358s][info][gc,heap        ] GC(1070) Survivor regions: 111->109(154)
[4064.358s][info][gc,heap        ] GC(1070) Old regions: 508->540
[4064.358s][info][gc,heap        ] GC(1070) Humongous regions: 80->80
[4064.358s][info][gc,metaspace   ] GC(1070) Metaspace: 28893K(29312K)->28893K(29312K) NonClass: 24024K(24256K)->24024K(24256K) Class: 4868K(5056K)->4868K(5056K)
[4064.358s][info][gc             ] GC(1070) Pause Young (Prepare Mixed) (G1 Evacuation Pause) 3631M->1457M(4096M) 117.101ms
[4064.358s][info][gc,cpu         ] GC(1070) User=0.69s Sys=0.00s Real=0.12s
...[4066.805s][info][gc,start       ] GC(1071) Pause Young (Mixed) (G1 Evacuation Pause)
[4066.805s][info][gc,task        ] GC(1071) Using 6 workers of 6 for evacuation
[4066.938s][info][gc,phases      ] GC(1071)   Pre Evacuate Collection Set: 0.36ms
[4066.938s][info][gc,phases      ] GC(1071)   Merge Heap Roots: 0.67ms
[4066.938s][info][gc,phases      ] GC(1071)   Evacuate Collection Set: 130.60ms
[4066.938s][info][gc,phases      ] GC(1071)   Post Evacuate Collection Set: 0.97ms
[4066.938s][info][gc,phases      ] GC(1071)   Other: 0.09ms
[4066.938s][info][gc,heap        ] GC(1071) Eden regions: 1107->0(1119)
[4066.938s][info][gc,heap        ] GC(1071) Survivor regions: 109->109(152)
[4066.938s][info][gc,heap        ] GC(1071) Old regions: 540->476
[4066.938s][info][gc,heap        ] GC(1071) Humongous regions: 80->80
[4066.938s][info][gc,metaspace   ] GC(1071) Metaspace: 28893K(29312K)->28893K(29312K) NonClass: 24024K(24256K)->24024K(24256K) Class: 4868K(5056K)->4868K(5056K)
[4066.938s][info][gc             ] GC(1071) Pause Young (Mixed) (G1 Evacuation Pause) 3671M->1328M(4096M) 132.820ms
[4066.938s][info][gc,cpu         ] GC(1071) User=0.78s Sys=0.00s Real=0.13s
..[4069.477s][info][gc,start       ] GC(1072) Pause Young (Concurrent Start) (G1 Evacuation Pause)
[4069.477s][info][gc,task        ] GC(1072) Using 6 workers of 6 for evacuation
[4069.595s][info][gc,phases      ] GC(1072)   Pre Evacuate Collection Set: 0.42ms
[4069.595s][info][gc,phases      ] GC(1072)   Merge Heap Roots: 0.44ms
[4069.595s][info][gc,phases      ] GC(1072)   Evacuate Collection Set: 116.67ms
[4069.595s][info][gc,phases      ] GC(1072)   Post Evacuate Collection Set: 0.88ms
[4069.595s][info][gc,phases      ] GC(1072)   Other: 0.12ms
[4069.595s][info][gc,heap        ] GC(1072) Eden regions: 1119->0(1117)
[4069.595s][info][gc,heap        ] GC(1072) Survivor regions: 109->111(154)
[4069.596s][info][gc,heap        ] GC(1072) Old regions: 476->508
[4069.596s][info][gc,heap        ] GC(1072) Humongous regions: 80->80
[4069.596s][info][gc,metaspace   ] GC(1072) Metaspace: 28893K(29312K)->28893K(29312K) NonClass: 24024K(24256K)->24024K(24256K) Class: 4868K(5056K)->4868K(5056K)
[4069.596s][info][gc             ] GC(1072) Pause Young (Concurrent Start) (G1 Evacuation Pause) 3566M->1396M(4096M) 118.665ms
[4069.596s][info][gc             ] GC(1073) Concurrent Mark Cycle
[4069.596s][info][gc,marking     ] GC(1073) Concurrent Scan Root Regions
[4069.596s][info][gc,cpu         ] GC(1072) User=0.71s Sys=0.00s Real=0.12s
[4069.777s][info][gc,marking     ] GC(1073) Concurrent Scan Root Regions 181.004ms
[4069.777s][info][gc,marking     ] GC(1073) Concurrent Mark
[4069.777s][info][gc,marking     ] GC(1073) Concurrent Mark From Roots
[4069.777s][info][gc,task        ] GC(1073) Using 2 workers of 2 for marking
.[4070.763s][info][gc,marking     ] GC(1073) Concurrent Mark From Roots 985.861ms
[4070.763s][info][gc,marking     ] GC(1073) Concurrent Preclean
[4070.763s][info][gc,marking     ] GC(1073) Concurrent Preclean 0.136ms
[4070.764s][info][gc,start       ] GC(1073) Pause Remark
[4070.770s][info][gc             ] GC(1073) Pause Remark 2436M->2436M(4096M) 5.933ms
[4070.770s][info][gc,cpu         ] GC(1073) User=0.03s Sys=0.00s Real=0.00s
[4070.770s][info][gc,marking     ] GC(1073) Concurrent Mark 993.238ms
[4070.770s][info][gc,marking     ] GC(1073) Concurrent Rebuild Remembered Sets and Scrub Regions
.[4071.123s][info][gc,marking     ] GC(1073) Concurrent Rebuild Remembered Sets and Scrub Regions 352.595ms
[4071.125s][info][gc,start       ] GC(1073) Pause Cleanup
[4071.125s][info][gc             ] GC(1073) Pause Cleanup 2790M->2790M(4096M) 0.142ms
[4071.125s][info][gc,cpu         ] GC(1073) User=0.00s Sys=0.00s Real=0.00s
[4071.125s][info][gc,marking     ] GC(1073) Concurrent Clear Claimed Marks
[4071.125s][info][gc,marking     ] GC(1073) Concurrent Clear Claimed Marks 0.027ms
[4071.125s][info][gc,marking     ] GC(1073) Concurrent Cleanup for Next Mark
[4071.151s][info][gc,marking     ] GC(1073) Concurrent Cleanup for Next Mark 25.553ms
[4071.151s][info][gc             ] GC(1073) Concurrent Mark Cycle 1555.079ms
[4072.071s][info][gc,start       ] GC(1074) Pause Young (Prepare Mixed) (G1 Evacuation Pause)
[4072.071s][info][gc,task        ] GC(1074) Using 6 workers of 6 for evacuation
[4072.192s][info][gc,phases      ] GC(1074)   Pre Evacuate Collection Set: 0.36ms
[4072.192s][info][gc,phases      ] GC(1074)   Merge Heap Roots: 0.58ms
[4072.192s][info][gc,phases      ] GC(1074)   Evacuate Collection Set: 118.89ms
[4072.192s][info][gc,phases      ] GC(1074)   Post Evacuate Collection Set: 0.96ms
[4072.192s][info][gc,phases      ] GC(1074)   Other: 0.09ms
[4072.192s][info][gc,heap        ] GC(1074) Eden regions: 1117->0(1103)
[4072.192s][info][gc,heap        ] GC(1074) Survivor regions: 111->111(154)
[4072.192s][info][gc,heap        ] GC(1074) Old regions: 508->540
[4072.192s][info][gc,heap        ] GC(1074) Humongous regions: 80->80
[4072.192s][info][gc,metaspace   ] GC(1074) Metaspace: 28893K(29312K)->28893K(29312K) NonClass: 24024K(24256K)->24024K(24256K) Class: 4868K(5056K)->4868K(5056K)
[4072.192s][info][gc             ] GC(1074) Pause Young (Prepare Mixed) (G1 Evacuation Pause) 3630M->1459M(4096M) 121.014ms
[4072.192s][info][gc,cpu         ] GC(1074) User=0.71s Sys=0.00s Real=0.12s
... (rIR:aIR:PR = 7195:7194:7194) (tPR = 107020) [OK] 
  4074s: Performance info:
         Transaction,    Success,    Partial,     Failed,   Receipts, AvgBarcode, 
             Overall,     437918,          0,          0,     416014,      59.47, 
         Response times:
             Request,    Success,    Partial,     Failed,   SkipFail,     Probes,    Samples,      min,      p50,      p90,      p95,      p99,      max, 
       TotalPurchase,     416014,          0,          0,          0,     363659,     404378,      300,     6300,    62000,    95000,   152000,   414000,
     InStorePurchase,     218473,          0,          0,          0,     190709,     212576,      300,     6400,    62000,    95000,   152000,   289000,
      OnlinePurchase,     153741,          0,          0,          0,     134244,     148750,      300,     6300,    63000,    97000,   153000,   289000,
        InstPurchase,      43800,          0,          0,          0,      38706,      43052,      400,     5500,    59000,    93000,   149000,   414000,
          AssocOfCat,        441,          0,          0,          0,        361,        474,    22000,    40000,   131000,   160250,   215250,   292000,
      AssocOfProduct,       4382,          0,          0,          0,       4022,       4639,      500,     5500,    58000,    90000,   148000,   250000,
      BusinessReport,       1101,          0,          0,          0,        994,       1272,    27000,    45000,   113700,   161000,   201000,   258000,
          CustBuyBeh,       4393,          0,          0,          0,       4067,       4725,      300,     5600,    58000,    93000,   147000,   250000,
       ProductReturn,      11587,          0,          0,          0,       9907,      11296,      200,     5100,    56000,    87000,   142030,   233000,

  4074s: (53%)   IR =   7334 [4074.630s][info][gc,start       ] GC(1075) Pause Young (Mixed) (G1 Evacuation Pause)
[4074.630s][info][gc,task        ] GC(1075) Using 6 workers of 6 for evacuation
[4074.761s][info][gc,phases      ] GC(1075)   Pre Evacuate Collection Set: 0.41ms
[4074.761s][info][gc,phases      ] GC(1075)   Merge Heap Roots: 0.65ms
[4074.761s][info][gc,phases      ] GC(1075)   Evacuate Collection Set: 128.97ms
[4074.761s][info][gc,phases      ] GC(1075)   Post Evacuate Collection Set: 0.96ms
[4074.761s][info][gc,phases      ] GC(1075)   Other: 0.09ms
[4074.761s][info][gc,heap        ] GC(1075) Eden regions: 1103->0(1119)
[4074.761s][info][gc,heap        ] GC(1075) Survivor regions: 111->109(152)
[4074.761s][info][gc,heap        ] GC(1075) Old regions: 540->477
[4074.761s][info][gc,heap        ] GC(1075) Humongous regions: 80->80
[4074.761s][info][gc,metaspace   ] GC(1075) Metaspace: 28893K(29312K)->28893K(29312K) NonClass: 24024K(24256K)->24024K(24256K) Class: 4868K(5056K)->4868K(5056K)
[4074.761s][info][gc             ] GC(1075) Pause Young (Mixed) (G1 Evacuation Pause) 3665M->1330M(4096M) 131.244ms
[4074.761s][info][gc,cpu         ] GC(1075) User=0.78s Sys=0.00s Real=0.13s
..[4077.168s][info][gc,start       ] GC(1076) Pause Young (Concurrent Start) (G1 Evacuation Pause)
[4077.168s][info][gc,task        ] GC(1076) Using 6 workers of 6 for evacuation
[4077.284s][info][gc,phases      ] GC(1076)   Pre Evacuate Collection Set: 0.36ms
[4077.284s][info][gc,phases      ] GC(1076)   Merge Heap Roots: 0.45ms
[4077.284s][info][gc,phases      ] GC(1076)   Evacuate Collection Set: 114.18ms
[4077.284s][info][gc,phases      ] GC(1076)   Post Evacuate Collection Set: 0.93ms
[4077.284s][info][gc,phases      ] GC(1076)   Other: 0.11ms
[4077.284s][info][gc,heap        ] GC(1076) Eden regions: 1119->0(1119)
[4077.284s][info][gc,heap        ] GC(1076) Survivor regions: 109->109(154)
[4077.284s][info][gc,heap        ] GC(1076) Old regions: 477->508
[4077.284s][info][gc,heap        ] GC(1076) Humongous regions: 80->80
[4077.284s][info][gc,metaspace   ] GC(1076) Metaspace: 28893K(29312K)->28893K(29312K) NonClass: 24024K(24256K)->24024K(24256K) Class: 4868K(5056K)->4868K(5056K)
[4077.284s][info][gc             ] GC(1076) Pause Young (Concurrent Start) (G1 Evacuation Pause) 3568M->1392M(4096M) 116.152ms
[4077.284s][info][gc             ] GC(1077) Concurrent Mark Cycle
[4077.284s][info][gc,marking     ] GC(1077) Concurrent Scan Root Regions
[4077.284s][info][gc,cpu         ] GC(1076) User=0.69s Sys=0.00s Real=0.12s
.[4077.462s][info][gc,marking     ] GC(1077) Concurrent Scan Root Regions 177.603ms
[4077.462s][info][gc,marking     ] GC(1077) Concurrent Mark
[4077.462s][info][gc,marking     ] GC(1077) Concurrent Mark From Roots
[4077.462s][info][gc,task        ] GC(1077) Using 2 workers of 2 for marking
.[4078.412s][info][gc,marking     ] GC(1077) Concurrent Mark From Roots 949.725ms
[4078.412s][info][gc,marking     ] GC(1077) Concurrent Preclean
[4078.412s][info][gc,marking     ] GC(1077) Concurrent Preclean 0.132ms
[4078.412s][info][gc,start       ] GC(1077) Pause Remark
[4078.419s][info][gc             ] GC(1077) Pause Remark 2406M->2406M(4096M) 6.858ms
[4078.419s][info][gc,cpu         ] GC(1077) User=0.04s Sys=0.00s Real=0.01s
[4078.419s][info][gc,marking     ] GC(1077) Concurrent Mark 957.080ms
[4078.419s][info][gc,marking     ] GC(1077) Concurrent Rebuild Remembered Sets and Scrub Regions
[4078.821s][info][gc,marking     ] GC(1077) Concurrent Rebuild Remembered Sets and Scrub Regions 401.547ms
[4078.822s][info][gc,start       ] GC(1077) Pause Cleanup
[4078.822s][info][gc             ] GC(1077) Pause Cleanup 2814M->2814M(4096M) 0.120ms
[4078.822s][info][gc,cpu         ] GC(1077) User=0.00s Sys=0.00s Real=0.00s
[4078.822s][info][gc,marking     ] GC(1077) Concurrent Clear Claimed Marks
[4078.822s][info][gc,marking     ] GC(1077) Concurrent Clear Claimed Marks 0.031ms
[4078.822s][info][gc,marking     ] GC(1077) Concurrent Cleanup for Next Mark
[4078.828s][info][gc,marking     ] GC(1077) Concurrent Cleanup for Next Mark 6.021ms
[4078.828s][info][gc             ] GC(1077) Concurrent Mark Cycle 1544.041ms
.[4079.740s][info][gc,start       ] GC(1078) Pause Young (Prepare Mixed) (G1 Evacuation Pause)
[4079.740s][info][gc,task        ] GC(1078) Using 6 workers of 6 for evacuation
[4079.858s][info][gc,phases      ] GC(1078)   Pre Evacuate Collection Set: 0.33ms
[4079.858s][info][gc,phases      ] GC(1078)   Merge Heap Roots: 0.50ms
[4079.858s][info][gc,phases      ] GC(1078)   Evacuate Collection Set: 116.66ms
[4079.858s][info][gc,phases      ] GC(1078)   Post Evacuate Collection Set: 0.92ms
[4079.858s][info][gc,phases      ] GC(1078)   Other: 0.09ms
[4079.858s][info][gc,heap        ] GC(1078) Eden regions: 1119->0(1102)
[4079.858s][info][gc,heap        ] GC(1078) Survivor regions: 109->112(154)
[4079.858s][info][gc,heap        ] GC(1078) Old regions: 508->539
[4079.858s][info][gc,heap        ] GC(1078) Humongous regions: 80->80
[4079.858s][info][gc,metaspace   ] GC(1078) Metaspace: 28893K(29312K)->28893K(29312K) NonClass: 24024K(24256K)->24024K(24256K) Class: 4868K(5056K)->4868K(5056K)
[4079.858s][info][gc             ] GC(1078) Pause Young (Prepare Mixed) (G1 Evacuation Pause) 3630M->1459M(4096M) 118.627ms
[4079.858s][info][gc,cpu         ] GC(1078) User=0.71s Sys=0.00s Real=0.12s
..|[4082.260s][info][gc,start       ] GC(1079) Pause Young (Mixed) (G1 Evacuation Pause)
[4082.260s][info][gc,task        ] GC(1079) Using 6 workers of 6 for evacuation
[4082.393s][info][gc,phases      ] GC(1079)   Pre Evacuate Collection Set: 0.40ms
[4082.393s][info][gc,phases      ] GC(1079)   Merge Heap Roots: 0.57ms
[4082.393s][info][gc,phases      ] GC(1079)   Evacuate Collection Set: 130.87ms
[4082.393s][info][gc,phases      ] GC(1079)   Post Evacuate Collection Set: 0.93ms
[4082.393s][info][gc,phases      ] GC(1079)   Other: 0.08ms
[4082.393s][info][gc,heap        ] GC(1079) Eden regions: 1102->0(1117)
[4082.393s][info][gc,heap        ] GC(1079) Survivor regions: 112->111(152)
[4082.393s][info][gc,heap        ] GC(1079) Old regions: 539->476
[4082.393s][info][gc,heap        ] GC(1079) Humongous regions: 80->80
[4082.393s][info][gc,metaspace   ] GC(1079) Metaspace: 28893K(29312K)->28893K(29312K) NonClass: 24024K(24256K)->24024K(24256K) Class: 4868K(5056K)->4868K(5056K)
[4082.393s][info][gc             ] GC(1079) Pause Young (Mixed) (G1 Evacuation Pause) 3663M->1332M(4096M) 132.972ms
[4082.393s][info][gc,cpu         ] GC(1079) User=0.79s Sys=0.01s Real=0.13s
...[4084.790s][info][gc,start       ] GC(1080) Pause Young (Concurrent Start) (G1 Evacuation Pause)
[4084.790s][info][gc,task        ] GC(1080) Using 6 workers of 6 for evacuation
[4084.906s][info][gc,phases      ] GC(1080)   Pre Evacuate Collection Set: 0.39ms
[4084.906s][info][gc,phases      ] GC(1080)   Merge Heap Roots: 0.47ms
[4084.906s][info][gc,phases      ] GC(1080)   Evacuate Collection Set: 114.07ms
[4084.906s][info][gc,phases      ] GC(1080)   Post Evacuate Collection Set: 0.87ms
[4084.906s][info][gc,phases      ] GC(1080)   Other: 0.11ms
[4084.906s][info][gc,heap        ] GC(1080) Eden regions: 1117->0(1122)
[4084.906s][info][gc,heap        ] GC(1080) Survivor regions: 111->106(154)
[4084.906s][info][gc,heap        ] GC(1080) Old regions: 476->508
[4084.906s][info][gc,heap        ] GC(1080) Humongous regions: 80->80
[4084.906s][info][gc,metaspace   ] GC(1080) Metaspace: 28893K(29312K)->28893K(29312K) NonClass: 24024K(24256K)->24024K(24256K) Class: 4868K(5056K)->4868K(5056K)
[4084.906s][info][gc             ] GC(1080) Pause Young (Concurrent Start) (G1 Evacuation Pause) 3566M->1385M(4096M) 116.051ms
[4084.906s][info][gc             ] GC(1081) Concurrent Mark Cycle
[4084.906s][info][gc,marking     ] GC(1081) Concurrent Scan Root Regions
[4084.906s][info][gc,cpu         ] GC(1080) User=0.68s Sys=0.00s Real=0.12s
[4085.039s][info][gc,marking     ] GC(1081) Concurrent Scan Root Regions 133.409ms
[4085.039s][info][gc,marking     ] GC(1081) Concurrent Mark
[4085.039s][info][gc,marking     ] GC(1081) Concurrent Mark From Roots
[4085.039s][info][gc,task        ] GC(1081) Using 2 workers of 2 for marking
.[4085.741s][info][gc,marking     ] GC(1081) Concurrent Mark From Roots 701.111ms
[4085.741s][info][gc,marking     ] GC(1081) Concurrent Preclean
[4085.741s][info][gc,marking     ] GC(1081) Concurrent Preclean 0.093ms
[4085.745s][info][gc,start       ] GC(1081) Pause Remark
[4085.750s][info][gc             ] GC(1081) Pause Remark 2099M->2099M(4096M) 5.069ms
[4085.750s][info][gc,cpu         ] GC(1081) User=0.03s Sys=0.00s Real=0.00s
[4085.750s][info][gc,marking     ] GC(1081) Concurrent Mark 711.022ms
[4085.750s][info][gc,marking     ] GC(1081) Concurrent Rebuild Remembered Sets and Scrub Regions
[4086.037s][info][gc,marking     ] GC(1081) Concurrent Rebuild Remembered Sets and Scrub Regions 286.596ms
[4086.037s][info][gc,start       ] GC(1081) Pause Cleanup
[4086.037s][info][gc             ] GC(1081) Pause Cleanup 2392M->2392M(4096M) 0.138ms
[4086.037s][info][gc,cpu         ] GC(1081) User=0.01s Sys=0.00s Real=0.00s
[4086.037s][info][gc,marking     ] GC(1081) Concurrent Clear Claimed Marks
[4086.037s][info][gc,marking     ] GC(1081) Concurrent Clear Claimed Marks 0.025ms
[4086.038s][info][gc,marking     ] GC(1081) Concurrent Cleanup for Next Mark
[4086.042s][info][gc,marking     ] GC(1081) Concurrent Cleanup for Next Mark 4.809ms
[4086.042s][info][gc             ] GC(1081) Concurrent Mark Cycle 1136.417ms
.[4087.357s][info][gc,start       ] GC(1082) Pause Young (Prepare Mixed) (G1 Evacuation Pause)
[4087.357s][info][gc,task        ] GC(1082) Using 6 workers of 6 for evacuation
[4087.476s][info][gc,phases      ] GC(1082)   Pre Evacuate Collection Set: 0.34ms
[4087.476s][info][gc,phases      ] GC(1082)   Merge Heap Roots: 0.53ms
[4087.476s][info][gc,phases      ] GC(1082)   Evacuate Collection Set: 116.80ms
[4087.476s][info][gc,phases      ] GC(1082)   Post Evacuate Collection Set: 0.92ms
[4087.476s][info][gc,phases      ] GC(1082)   Other: 0.09ms
[4087.476s][info][gc,heap        ] GC(1082) Eden regions: 1122->0(1106)
[4087.476s][info][gc,heap        ] GC(1082) Survivor regions: 106->110(154)
[4087.476s][info][gc,heap        ] GC(1082) Old regions: 508->539
[4087.476s][info][gc,heap        ] GC(1082) Humongous regions: 80->80
[4087.476s][info][gc,metaspace   ] GC(1082) Metaspace: 28893K(29312K)->28893K(29312K) NonClass: 24024K(24256K)->24024K(24256K) Class: 4868K(5056K)->4868K(5056K)
[4087.476s][info][gc             ] GC(1082) Pause Young (Prepare Mixed) (G1 Evacuation Pause) 3629M->1456M(4096M) 118.809ms
[4087.476s][info][gc,cpu         ] GC(1082) User=0.71s Sys=0.00s Real=0.12s
...[4089.881s][info][gc,start       ] GC(1083) Pause Young (Mixed) (G1 Evacuation Pause)
[4089.881s][info][gc,task        ] GC(1083) Using 6 workers of 6 for evacuation
[4090.018s][info][gc,phases      ] GC(1083)   Pre Evacuate Collection Set: 0.38ms
[4090.018s][info][gc,phases      ] GC(1083)   Merge Heap Roots: 0.74ms
[4090.018s][info][gc,phases      ] GC(1083)   Evacuate Collection Set: 135.44ms
[4090.018s][info][gc,phases      ] GC(1083)   Post Evacuate Collection Set: 0.98ms
[4090.018s][info][gc,phases      ] GC(1083)   Other: 0.09ms
[4090.018s][info][gc,heap        ] GC(1083) Eden regions: 1106->0(1116)
[4090.018s][info][gc,heap        ] GC(1083) Survivor regions: 110->112(152)
[4090.018s][info][gc,heap        ] GC(1083) Old regions: 539->475
[4090.018s][info][gc,heap        ] GC(1083) Humongous regions: 80->80
[4090.018s][info][gc,metaspace   ] GC(1083) Metaspace: 28893K(29312K)->28893K(29312K) NonClass: 24024K(24256K)->24024K(24256K) Class: 4868K(5056K)->4868K(5056K)
[4090.018s][info][gc             ] GC(1083) Pause Young (Mixed) (G1 Evacuation Pause) 3668M->1332M(4096M) 137.757ms
[4090.019s][info][gc,cpu         ] GC(1083) User=0.82s Sys=0.00s Real=0.14s
..[4092.404s][info][gc,start       ] GC(1084) Pause Young (Concurrent Start) (G1 Evacuation Pause)
[4092.404s][info][gc,task        ] GC(1084) Using 6 workers of 6 for evacuation
[4092.526s][info][gc,phases      ] GC(1084)   Pre Evacuate Collection Set: 0.35ms
[4092.526s][info][gc,phases      ] GC(1084)   Merge Heap Roots: 0.46ms
[4092.526s][info][gc,phases      ] GC(1084)   Evacuate Collection Set: 120.18ms
[4092.526s][info][gc,phases      ] GC(1084)   Post Evacuate Collection Set: 0.90ms
[4092.526s][info][gc,phases      ] GC(1084)   Other: 0.11ms
[4092.526s][info][gc,heap        ] GC(1084) Eden regions: 1116->0(1115)
[4092.526s][info][gc,heap        ] GC(1084) Survivor regions: 112->113(154)
[4092.526s][info][gc,heap        ] GC(1084) Old regions: 475->507
[4092.526s][info][gc,heap        ] GC(1084) Humongous regions: 80->80
[4092.526s][info][gc,metaspace   ] GC(1084) Metaspace: 28893K(29312K)->28893K(29312K) NonClass: 24024K(24256K)->24024K(24256K) Class: 4868K(5056K)->4868K(5056K)
[4092.526s][info][gc             ] GC(1084) Pause Young (Concurrent Start) (G1 Evacuation Pause) 3564M->1397M(4096M) 122.174ms
[4092.526s][info][gc             ] GC(1085) Concurrent Mark Cycle
[4092.526s][info][gc,marking     ] GC(1085) Concurrent Scan Root Regions
[4092.526s][info][gc,cpu         ] GC(1084) User=0.72s Sys=0.00s Real=0.12s
.[4092.659s][info][gc,marking     ] GC(1085) Concurrent Scan Root Regions 132.740ms
[4092.659s][info][gc,marking     ] GC(1085) Concurrent Mark
[4092.659s][info][gc,marking     ] GC(1085) Concurrent Mark From Roots
[4092.659s][info][gc,task        ] GC(1085) Using 2 workers of 2 for marking
[4093.225s][info][gc,marking     ] GC(1085) Concurrent Mark From Roots 565.651ms
[4093.225s][info][gc,marking     ] GC(1085) Concurrent Preclean
[4093.225s][info][gc,marking     ] GC(1085) Concurrent Preclean 0.106ms
[4093.225s][info][gc,start       ] GC(1085) Pause Remark
[4093.229s][info][gc             ] GC(1085) Pause Remark 1971M->1971M(4096M) 3.991ms
[4093.230s][info][gc,cpu         ] GC(1085) User=0.02s Sys=0.00s Real=0.00s
[4093.231s][info][gc,marking     ] GC(1085) Concurrent Mark 571.642ms
[4093.231s][info][gc,marking     ] GC(1085) Concurrent Rebuild Remembered Sets and Scrub Regions
[4093.561s][info][gc,marking     ] GC(1085) Concurrent Rebuild Remembered Sets and Scrub Regions 330.175ms
[4093.561s][info][gc,start       ] GC(1085) Pause Cleanup
[4093.561s][info][gc             ] GC(1085) Pause Cleanup 2254M->2254M(4096M) 0.128ms
[4093.561s][info][gc,cpu         ] GC(1085) User=0.00s Sys=0.00s Real=0.00s
[4093.562s][info][gc,marking     ] GC(1085) Concurrent Clear Claimed Marks
[4093.562s][info][gc,marking     ] GC(1085) Concurrent Clear Claimed Marks 0.035ms
[4093.562s][info][gc,marking     ] GC(1085) Concurrent Cleanup for Next Mark
[4093.567s][info][gc,marking     ] GC(1085) Concurrent Cleanup for Next Mark 5.266ms
[4093.567s][info][gc             ] GC(1085) Concurrent Mark Cycle 1040.870ms
..[4094.989s][info][gc,start       ] GC(1086) Pause Young (Prepare Mixed) (G1 Evacuation Pause)
[4094.989s][info][gc,task        ] GC(1086) Using 6 workers of 6 for evacuation
[4095.109s][info][gc,phases      ] GC(1086)   Pre Evacuate Collection Set: 0.34ms
[4095.109s][info][gc,phases      ] GC(1086)   Merge Heap Roots: 0.50ms
[4095.109s][info][gc,phases      ] GC(1086)   Evacuate Collection Set: 117.32ms
[4095.109s][info][gc,phases      ] GC(1086)   Post Evacuate Collection Set: 0.93ms
[4095.109s][info][gc,phases      ] GC(1086)   Other: 0.09ms
[4095.109s][info][gc,heap        ] GC(1086) Eden regions: 1115->0(1106)
[4095.109s][info][gc,heap        ] GC(1086) Survivor regions: 113->110(154)
[4095.109s][info][gc,heap        ] GC(1086) Old regions: 507->539
[4095.109s][info][gc,heap        ] GC(1086) Humongous regions: 80->80
[4095.109s][info][gc,metaspace   ] GC(1086) Metaspace: 28893K(29312K)->28893K(29312K) NonClass: 24024K(24256K)->24024K(24256K) Class: 4868K(5056K)->4868K(5056K)
[4095.109s][info][gc             ] GC(1086) Pause Young (Prepare Mixed) (G1 Evacuation Pause) 3627M->1456M(4096M) 119.314ms
[4095.109s][info][gc,cpu         ] GC(1086) User=0.71s Sys=0.00s Real=0.12s
..[4097.516s][info][gc,start       ] GC(1087) Pause Young (Mixed) (G1 Evacuation Pause)
[4097.516s][info][gc,task        ] GC(1087) Using 6 workers of 6 for evacuation
[4097.653s][info][gc,phases      ] GC(1087)   Pre Evacuate Collection Set: 0.37ms
[4097.653s][info][gc,phases      ] GC(1087)   Merge Heap Roots: 0.62ms
[4097.653s][info][gc,phases      ] GC(1087)   Evacuate Collection Set: 135.02ms
[4097.653s][info][gc,phases      ] GC(1087)   Post Evacuate Collection Set: 0.96ms
[4097.653s][info][gc,phases      ] GC(1087)   Other: 0.09ms
[4097.653s][info][gc,heap        ] GC(1087) Eden regions: 1106->0(1114)
[4097.653s][info][gc,heap        ] GC(1087) Survivor regions: 110->114(152)
[4097.653s][info][gc,heap        ] GC(1087) Old regions: 539->477
[4097.653s][info][gc,heap        ] GC(1087) Humongous regions: 80->80
[4097.653s][info][gc,metaspace   ] GC(1087) Metaspace: 28893K(29312K)->28893K(29312K) NonClass: 24024K(24256K)->24024K(24256K) Class: 4868K(5056K)->4868K(5056K)
[4097.653s][info][gc             ] GC(1087) Pause Young (Mixed) (G1 Evacuation Pause) 3668M->1340M(4096M) 137.214ms
[4097.653s][info][gc,cpu         ] GC(1087) User=0.81s Sys=0.00s Real=0.13s
...[4100.018s][info][gc,start       ] GC(1088) Pause Young (Concurrent Start) (G1 Evacuation Pause)
[4100.018s][info][gc,task        ] GC(1088) Using 6 workers of 6 for evacuation
[4100.140s][info][gc,phases      ] GC(1088)   Pre Evacuate Collection Set: 0.35ms
[4100.140s][info][gc,phases      ] GC(1088)   Merge Heap Roots: 0.49ms
[4100.140s][info][gc,phases      ] GC(1088)   Evacuate Collection Set: 120.43ms
[4100.140s][info][gc,phases      ] GC(1088)   Post Evacuate Collection Set: 0.89ms
[4100.140s][info][gc,phases      ] GC(1088)   Other: 0.14ms
[4100.140s][info][gc,heap        ] GC(1088) Eden regions: 1114->0(1116)
[4100.140s][info][gc,heap        ] GC(1088) Survivor regions: 114->112(154)
[4100.140s][info][gc,heap        ] GC(1088) Old regions: 477->509
[4100.140s][info][gc,heap        ] GC(1088) Humongous regions: 80->80
[4100.140s][info][gc,metaspace   ] GC(1088) Metaspace: 28893K(29312K)->28893K(29312K) NonClass: 24024K(24256K)->24024K(24256K) Class: 4868K(5056K)->4868K(5056K)
[4100.140s][info][gc             ] GC(1088) Pause Young (Concurrent Start) (G1 Evacuation Pause) 3568M->1400M(4096M) 122.451ms
[4100.140s][info][gc             ] GC(1089) Concurrent Mark Cycle
[4100.140s][info][gc,marking     ] GC(1089) Concurrent Scan Root Regions
[4100.140s][info][gc,cpu         ] GC(1088) User=0.73s Sys=0.00s Real=0.12s
[4100.330s][info][gc,marking     ] GC(1089) Concurrent Scan Root Regions 189.527ms
[4100.330s][info][gc,marking     ] GC(1089) Concurrent Mark
[4100.330s][info][gc,marking     ] GC(1089) Concurrent Mark From Roots
[4100.330s][info][gc,task        ] GC(1089) Using 2 workers of 2 for marking
.[4101.245s][info][gc,marking     ] GC(1089) Concurrent Mark From Roots 915.038ms
[4101.245s][info][gc,marking     ] GC(1089) Concurrent Preclean
[4101.245s][info][gc,marking     ] GC(1089) Concurrent Preclean 0.077ms
[4101.245s][info][gc,start       ] GC(1089) Pause Remark
[4101.249s][info][gc             ] GC(1089) Pause Remark 2401M->2401M(4096M) 3.597ms
[4101.249s][info][gc,cpu         ] GC(1089) User=0.02s Sys=0.00s Real=0.00s
[4101.249s][info][gc,marking     ] GC(1089) Concurrent Mark 918.998ms
[4101.249s][info][gc,marking     ] GC(1089) Concurrent Rebuild Remembered Sets and Scrub Regions
[4101.617s][info][gc,marking     ] GC(1089) Concurrent Rebuild Remembered Sets and Scrub Regions 368.442ms
[4101.618s][info][gc,start       ] GC(1089) Pause Cleanup
[4101.618s][info][gc             ] GC(1089) Pause Cleanup 2680M->2680M(4096M) 0.117ms
[4101.618s][info][gc,cpu         ] GC(1089) User=0.00s Sys=0.00s Real=0.00s
[4101.618s][info][gc,marking     ] GC(1089) Concurrent Clear Claimed Marks
[4101.618s][info][gc,marking     ] GC(1089) Concurrent Clear Claimed Marks 0.031ms
[4101.618s][info][gc,marking     ] GC(1089) Concurrent Cleanup for Next Mark
[4101.624s][info][gc,marking     ] GC(1089) Concurrent Cleanup for Next Mark 5.155ms
[4101.624s][info][gc             ] GC(1089) Concurrent Mark Cycle 1483.339ms
.[4102.683s][info][gc,start       ] GC(1090) Pause Young (Prepare Mixed) (G1 Evacuation Pause)
[4102.683s][info][gc,task        ] GC(1090) Using 6 workers of 6 for evacuation
[4102.804s][info][gc,phases      ] GC(1090)   Pre Evacuate Collection Set: 0.34ms
[4102.804s][info][gc,phases      ] GC(1090)   Merge Heap Roots: 0.49ms
[4102.804s][info][gc,phases      ] GC(1090)   Evacuate Collection Set: 118.46ms
[4102.804s][info][gc,phases      ] GC(1090)   Post Evacuate Collection Set: 0.92ms
[4102.804s][info][gc,phases      ] GC(1090)   Other: 0.09ms
[4102.804s][info][gc,heap        ] GC(1090) Eden regions: 1116->0(1101)
[4102.804s][info][gc,heap        ] GC(1090) Survivor regions: 112->112(154)
[4102.804s][info][gc,heap        ] GC(1090) Old regions: 509->540
[4102.804s][info][gc,heap        ] GC(1090) Humongous regions: 80->80
[4102.804s][info][gc,metaspace   ] GC(1090) Metaspace: 28893K(29312K)->28893K(29312K) NonClass: 24024K(24256K)->24024K(24256K) Class: 4868K(5056K)->4868K(5056K)
[4102.804s][info][gc             ] GC(1090) Pause Young (Prepare Mixed) (G1 Evacuation Pause) 3632M->1463M(4096M) 120.436ms
[4102.804s][info][gc,cpu         ] GC(1090) User=0.71s Sys=0.00s Real=0.13s
...[4105.200s][info][gc,start       ] GC(1091) Pause Young (Mixed) (G1 Evacuation Pause)
[4105.200s][info][gc,task        ] GC(1091) Using 6 workers of 6 for evacuation
[4105.333s][info][gc,phases      ] GC(1091)   Pre Evacuate Collection Set: 0.35ms
[4105.333s][info][gc,phases      ] GC(1091)   Merge Heap Roots: 0.69ms
[4105.333s][info][gc,phases      ] GC(1091)   Evacuate Collection Set: 131.11ms
[4105.333s][info][gc,phases      ] GC(1091)   Post Evacuate Collection Set: 0.88ms
[4105.333s][info][gc,phases      ] GC(1091)   Other: 0.09ms
[4105.333s][info][gc,heap        ] GC(1091) Eden regions: 1101->0(1117)
[4105.333s][info][gc,heap        ] GC(1091) Survivor regions: 112->111(152)
[4105.333s][info][gc,heap        ] GC(1091) Old regions: 540->475
[4105.333s][info][gc,heap        ] GC(1091) Humongous regions: 80->80
[4105.333s][info][gc,metaspace   ] GC(1091) Metaspace: 28893K(29312K)->28893K(29312K) NonClass: 24024K(24256K)->24024K(24256K) Class: 4868K(5056K)->4868K(5056K)
[4105.333s][info][gc             ] GC(1091) Pause Young (Mixed) (G1 Evacuation Pause) 3665M->1329M(4096M) 133.264ms
[4105.334s][info][gc,cpu         ] GC(1091) User=0.79s Sys=0.00s Real=0.13s
...[4107.829s][info][gc,start       ] GC(1092) Pause Young (Concurrent Start) (G1 Evacuation Pause)
[4107.829s][info][gc,task        ] GC(1092) Using 6 workers of 6 for evacuation
[4107.943s][info][gc,phases      ] GC(1092)   Pre Evacuate Collection Set: 0.41ms
[4107.944s][info][gc,phases      ] GC(1092)   Merge Heap Roots: 0.46ms
[4107.944s][info][gc,phases      ] GC(1092)   Evacuate Collection Set: 113.00ms
[4107.944s][info][gc,phases      ] GC(1092)   Post Evacuate Collection Set: 0.88ms
[4107.944s][info][gc,phases      ] GC(1092)   Other: 0.11ms
[4107.944s][info][gc,heap        ] GC(1092) Eden regions: 1117->0(1121)
[4107.944s][info][gc,heap        ] GC(1092) Survivor regions: 111->107(154)
[4107.944s][info][gc,heap        ] GC(1092) Old regions: 475->507
[4107.944s][info][gc,heap        ] GC(1092) Humongous regions: 80->80
[4107.944s][info][gc,metaspace   ] GC(1092) Metaspace: 28893K(29312K)->28893K(29312K) NonClass: 24024K(24256K)->24024K(24256K) Class: 4868K(5056K)->4868K(5056K)
[4107.944s][info][gc             ] GC(1092) Pause Young (Concurrent Start) (G1 Evacuation Pause) 3563M->1385M(4096M) 114.994ms
[4107.944s][info][gc             ] GC(1093) Concurrent Mark Cycle
[4107.944s][info][gc,marking     ] GC(1093) Concurrent Scan Root Regions
[4107.944s][info][gc,cpu         ] GC(1092) User=0.68s Sys=0.01s Real=0.12s
[4108.126s][info][gc,marking     ] GC(1093) Concurrent Scan Root Regions 182.666ms
[4108.126s][info][gc,marking     ] GC(1093) Concurrent Mark
[4108.126s][info][gc,marking     ] GC(1093) Concurrent Mark From Roots
[4108.126s][info][gc,task        ] GC(1093) Using 2 workers of 2 for marking
.[4109.092s][info][gc,marking     ] GC(1093) Concurrent Mark From Roots 965.910ms
[4109.092s][info][gc,marking     ] GC(1093) Concurrent Preclean
[4109.092s][info][gc,marking     ] GC(1093) Concurrent Preclean 0.107ms
[4109.093s][info][gc,start       ] GC(1093) Pause Remark
[4109.100s][info][gc             ] GC(1093) Pause Remark 2459M->2459M(4096M) 6.275ms
[4109.100s][info][gc,cpu         ] GC(1093) User=0.04s Sys=0.00s Real=0.01s
[4109.100s][info][gc,marking     ] GC(1093) Concurrent Mark 973.848ms
[4109.100s][info][gc,marking     ] GC(1093) Concurrent Rebuild Remembered Sets and Scrub Regions
[4109.358s][info][gc,marking     ] GC(1093) Concurrent Rebuild Remembered Sets and Scrub Regions 258.219ms
[4109.359s][info][gc,start       ] GC(1093) Pause Cleanup
[4109.359s][info][gc             ] GC(1093) Pause Cleanup 2668M->2668M(4096M) 0.113ms
[4109.359s][info][gc,cpu         ] GC(1093) User=0.00s Sys=0.00s Real=0.00s
[4109.359s][info][gc,marking     ] GC(1093) Concurrent Clear Claimed Marks
[4109.359s][info][gc,marking     ] GC(1093) Concurrent Clear Claimed Marks 0.030ms
[4109.359s][info][gc,marking     ] GC(1093) Concurrent Cleanup for Next Mark
[4109.364s][info][gc,marking     ] GC(1093) Concurrent Cleanup for Next Mark 4.972ms
[4109.364s][info][gc             ] GC(1093) Concurrent Mark Cycle 1420.671ms
.[4110.411s][info][gc,start       ] GC(1094) Pause Young (Prepare Mixed) (G1 Evacuation Pause)
[4110.411s][info][gc,task        ] GC(1094) Using 6 workers of 6 for evacuation
[4110.531s][info][gc,phases      ] GC(1094)   Pre Evacuate Collection Set: 0.35ms
[4110.531s][info][gc,phases      ] GC(1094)   Merge Heap Roots: 0.49ms
[4110.532s][info][gc,phases      ] GC(1094)   Evacuate Collection Set: 118.76ms
[4110.532s][info][gc,phases      ] GC(1094)   Post Evacuate Collection Set: 0.93ms
[4110.532s][info][gc,phases      ] GC(1094)   Other: 0.09ms
[4110.532s][info][gc,heap        ] GC(1094) Eden regions: 1121->0(1102)
[4110.532s][info][gc,heap        ] GC(1094) Survivor regions: 107->112(154)
[4110.532s][info][gc,heap        ] GC(1094) Old regions: 507->539
[4110.532s][info][gc,heap        ] GC(1094) Humongous regions: 80->80
[4110.532s][info][gc,metaspace   ] GC(1094) Metaspace: 28893K(29312K)->28893K(29312K) NonClass: 24024K(24256K)->24024K(24256K) Class: 4868K(5056K)->4868K(5056K)
[4110.532s][info][gc             ] GC(1094) Pause Young (Prepare Mixed) (G1 Evacuation Pause) 3627M->1460M(4096M) 120.771ms
[4110.532s][info][gc,cpu         ] GC(1094) User=0.72s Sys=0.01s Real=0.12s
...[4112.939s][info][gc,start       ] GC(1095) Pause Young (Mixed) (G1 Evacuation Pause)
[4112.939s][info][gc,task        ] GC(1095) Using 6 workers of 6 for evacuation
[4113.069s][info][gc,phases      ] GC(1095)   Pre Evacuate Collection Set: 0.41ms
[4113.069s][info][gc,phases      ] GC(1095)   Merge Heap Roots: 0.67ms
[4113.069s][info][gc,phases      ] GC(1095)   Evacuate Collection Set: 127.89ms
[4113.069s][info][gc,phases      ] GC(1095)   Post Evacuate Collection Set: 0.95ms
[4113.069s][info][gc,phases      ] GC(1095)   Other: 0.09ms
[4113.069s][info][gc,heap        ] GC(1095) Eden regions: 1102->0(1120)
[4113.069s][info][gc,heap        ] GC(1095) Survivor regions: 112->108(152)
[4113.069s][info][gc,heap        ] GC(1095) Old regions: 539->476
[4113.069s][info][gc,heap        ] GC(1095) Humongous regions: 80->80
[4113.069s][info][gc,metaspace   ] GC(1095) Metaspace: 28893K(29312K)->28893K(29312K) NonClass: 24024K(24256K)->24024K(24256K) Class: 4868K(5056K)->4868K(5056K)
[4113.069s][info][gc             ] GC(1095) Pause Young (Mixed) (G1 Evacuation Pause) 3664M->1325M(4096M) 130.129ms
[4113.069s][info][gc,cpu         ] GC(1095) User=0.77s Sys=0.00s Real=0.13s
..[4115.525s][info][gc,start       ] GC(1096) Pause Young (Concurrent Start) (G1 Evacuation Pause)
[4115.525s][info][gc,task        ] GC(1096) Using 6 workers of 6 for evacuation
[4115.643s][info][gc,phases      ] GC(1096)   Pre Evacuate Collection Set: 0.36ms
[4115.643s][info][gc,phases      ] GC(1096)   Merge Heap Roots: 0.47ms
[4115.643s][info][gc,phases      ] GC(1096)   Evacuate Collection Set: 115.85ms
[4115.643s][info][gc,phases      ] GC(1096)   Post Evacuate Collection Set: 0.87ms
[4115.643s][info][gc,phases      ] GC(1096)   Other: 0.10ms
[4115.643s][info][gc,heap        ] GC(1096) Eden regions: 1120->0(1118)
[4115.643s][info][gc,heap        ] GC(1096) Survivor regions: 108->110(154)
[4115.643s][info][gc,heap        ] GC(1096) Old regions: 476->508
[4115.643s][info][gc,heap        ] GC(1096) Humongous regions: 80->80
[4115.643s][info][gc,metaspace   ] GC(1096) Metaspace: 28893K(29312K)->28893K(29312K) NonClass: 24024K(24256K)->24024K(24256K) Class: 4868K(5056K)->4868K(5056K)
[4115.643s][info][gc             ] GC(1096) Pause Young (Concurrent Start) (G1 Evacuation Pause) 3565M->1393M(4096M) 117.788ms
[4115.643s][info][gc             ] GC(1097) Concurrent Mark Cycle
[4115.643s][info][gc,marking     ] GC(1097) Concurrent Scan Root Regions
[4115.643s][info][gc,cpu         ] GC(1096) User=0.69s Sys=0.01s Real=0.11s
[4115.832s][info][gc,marking     ] GC(1097) Concurrent Scan Root Regions 188.746ms
[4115.832s][info][gc,marking     ] GC(1097) Concurrent Mark
[4115.832s][info][gc,marking     ] GC(1097) Concurrent Mark From Roots
[4115.832s][info][gc,task        ] GC(1097) Using 2 workers of 2 for marking
.[4116.841s][info][gc,marking     ] GC(1097) Concurrent Mark From Roots 1009.262ms
[4116.841s][info][gc,marking     ] GC(1097) Concurrent Preclean
[4116.841s][info][gc,marking     ] GC(1097) Concurrent Preclean 0.103ms
[4116.842s][info][gc,start       ] GC(1097) Pause Remark
[4116.847s][info][gc             ] GC(1097) Pause Remark 2497M->2497M(4096M) 4.774ms
[4116.847s][info][gc,cpu         ] GC(1097) User=0.03s Sys=0.00s Real=0.01s
[4116.849s][info][gc,marking     ] GC(1097) Concurrent Mark 1016.667ms
[4116.849s][info][gc,marking     ] GC(1097) Concurrent Rebuild Remembered Sets and Scrub Regions
.[4117.213s][info][gc,marking     ] GC(1097) Concurrent Rebuild Remembered Sets and Scrub Regions 364.697ms
[4117.214s][info][gc,start       ] GC(1097) Pause Cleanup
[4117.214s][info][gc             ] GC(1097) Pause Cleanup 2838M->2838M(4096M) 0.115ms
[4117.214s][info][gc,cpu         ] GC(1097) User=0.00s Sys=0.00s Real=0.01s
[4117.214s][info][gc,marking     ] GC(1097) Concurrent Clear Claimed Marks
[4117.214s][info][gc,marking     ] GC(1097) Concurrent Clear Claimed Marks 0.023ms
[4117.214s][info][gc,marking     ] GC(1097) Concurrent Cleanup for Next Mark
[4117.217s][info][gc,marking     ] GC(1097) Concurrent Cleanup for Next Mark 3.627ms
[4117.217s][info][gc             ] GC(1097) Concurrent Mark Cycle 1574.239ms
.[4118.107s][info][gc,start       ] GC(1098) Pause Young (Prepare Mixed) (G1 Evacuation Pause)
[4118.107s][info][gc,task        ] GC(1098) Using 6 workers of 6 for evacuation
[4118.232s][info][gc,phases      ] GC(1098)   Pre Evacuate Collection Set: 0.36ms
[4118.232s][info][gc,phases      ] GC(1098)   Merge Heap Roots: 0.49ms
[4118.232s][info][gc,phases      ] GC(1098)   Evacuate Collection Set: 123.08ms
[4118.232s][info][gc,phases      ] GC(1098)   Post Evacuate Collection Set: 0.95ms
[4118.232s][info][gc,phases      ] GC(1098)   Other: 0.09ms
[4118.232s][info][gc,heap        ] GC(1098) Eden regions: 1118->0(1098)
[4118.232s][info][gc,heap        ] GC(1098) Survivor regions: 110->114(154)
[4118.232s][info][gc,heap        ] GC(1098) Old regions: 508->539
[4118.232s][info][gc,heap        ] GC(1098) Humongous regions: 80->80
[4118.232s][info][gc,metaspace   ] GC(1098) Metaspace: 28893K(29312K)->28893K(29312K) NonClass: 24024K(24256K)->24024K(24256K) Class: 4868K(5056K)->4868K(5056K)
[4118.232s][info][gc             ] GC(1098) Pause Young (Prepare Mixed) (G1 Evacuation Pause) 3629M->1465M(4096M) 125.108ms
[4118.232s][info][gc,cpu         ] GC(1098) User=0.74s Sys=0.00s Real=0.12s
..[4120.603s][info][gc,start       ] GC(1099) Pause Young (Mixed) (G1 Evacuation Pause)
[4120.603s][info][gc,task        ] GC(1099) Using 6 workers of 6 for evacuation
[4120.735s][info][gc,phases      ] GC(1099)   Pre Evacuate Collection Set: 0.38ms
[4120.736s][info][gc,phases      ] GC(1099)   Merge Heap Roots: 0.67ms
[4120.736s][info][gc,phases      ] GC(1099)   Evacuate Collection Set: 130.68ms
[4120.736s][info][gc,phases      ] GC(1099)   Post Evacuate Collection Set: 0.94ms
[4120.736s][info][gc,phases      ] GC(1099)   Other: 0.08ms
[4120.736s][info][gc,heap        ] GC(1099) Eden regions: 1098->0(1118)
[4120.736s][info][gc,heap        ] GC(1099) Survivor regions: 114->110(152)
[4120.736s][info][gc,heap        ] GC(1099) Old regions: 539->476
[4120.736s][info][gc,heap        ] GC(1099) Humongous regions: 80->80
[4120.736s][info][gc,metaspace   ] GC(1099) Metaspace: 28893K(29312K)->28893K(29312K) NonClass: 24024K(24256K)->24024K(24256K) Class: 4868K(5056K)->4868K(5056K)
[4120.736s][info][gc             ] GC(1099) Pause Young (Mixed) (G1 Evacuation Pause) 3661M->1330M(4096M) 132.896ms
[4120.736s][info][gc,cpu         ] GC(1099) User=0.78s Sys=0.00s Real=0.14s
...[4123.213s][info][gc,start       ] GC(1100) Pause Young (Concurrent Start) (G1 Evacuation Pause)
[4123.213s][info][gc,task        ] GC(1100) Using 6 workers of 6 for evacuation
[4123.329s][info][gc,phases      ] GC(1100)   Pre Evacuate Collection Set: 0.36ms
[4123.329s][info][gc,phases      ] GC(1100)   Merge Heap Roots: 0.46ms
[4123.329s][info][gc,phases      ] GC(1100)   Evacuate Collection Set: 114.44ms
[4123.329s][info][gc,phases      ] GC(1100)   Post Evacuate Collection Set: 0.89ms
[4123.329s][info][gc,phases      ] GC(1100)   Other: 0.11ms
[4123.329s][info][gc,heap        ] GC(1100) Eden regions: 1118->0(1121)
[4123.329s][info][gc,heap        ] GC(1100) Survivor regions: 110->107(154)
[4123.329s][info][gc,heap        ] GC(1100) Old regions: 476->509
[4123.329s][info][gc,heap        ] GC(1100) Humongous regions: 80->80
[4123.329s][info][gc,metaspace   ] GC(1100) Metaspace: 28893K(29312K)->28893K(29312K) NonClass: 24024K(24256K)->24024K(24256K) Class: 4868K(5056K)->4868K(5056K)
[4123.329s][info][gc             ] GC(1100) Pause Young (Concurrent Start) (G1 Evacuation Pause) 3566M->1391M(4096M) 116.372ms
[4123.329s][info][gc             ] GC(1101) Concurrent Mark Cycle
[4123.329s][info][gc,marking     ] GC(1101) Concurrent Scan Root Regions
[4123.329s][info][gc,cpu         ] GC(1100) User=0.68s Sys=0.00s Real=0.12s
[4123.468s][info][gc,marking     ] GC(1101) Concurrent Scan Root Regions 138.416ms
[4123.468s][info][gc,marking     ] GC(1101) Concurrent Mark
[4123.468s][info][gc,marking     ] GC(1101) Concurrent Mark From Roots
[4123.468s][info][gc,task        ] GC(1101) Using 2 workers of 2 for marking
.[4124.408s][info][gc,marking     ] GC(1101) Concurrent Mark From Roots 940.273ms
[4124.408s][info][gc,marking     ] GC(1101) Concurrent Preclean
[4124.408s][info][gc,marking     ] GC(1101) Concurrent Preclean 0.081ms
[4124.409s][info][gc,start       ] GC(1101) Pause Remark
[4124.416s][info][gc             ] GC(1101) Pause Remark 2417M->2417M(4096M) 7.670ms
[4124.416s][info][gc,cpu         ] GC(1101) User=0.04s Sys=0.00s Real=0.01s
[4124.416s][info][gc,marking     ] GC(1101) Concurrent Mark 948.317ms
[4124.416s][info][gc,marking     ] GC(1101) Concurrent Rebuild Remembered Sets and Scrub Regions
[4124.690s][info][gc,marking     ] GC(1101) Concurrent Rebuild Remembered Sets and Scrub Regions 273.883ms
[4124.693s][info][gc,start       ] GC(1101) Pause Cleanup
[4124.693s][info][gc             ] GC(1101) Pause Cleanup 2657M->2657M(4096M) 0.134ms
[4124.693s][info][gc,cpu         ] GC(1101) User=0.00s Sys=0.00s Real=0.00s
[4124.693s][info][gc,marking     ] GC(1101) Concurrent Clear Claimed Marks
[4124.693s][info][gc,marking     ] GC(1101) Concurrent Clear Claimed Marks 0.034ms
[4124.693s][info][gc,marking     ] GC(1101) Concurrent Cleanup for Next Mark
[4124.698s][info][gc,marking     ] GC(1101) Concurrent Cleanup for Next Mark 5.281ms
[4124.698s][info][gc             ] GC(1101) Concurrent Mark Cycle 1369.000ms
.[4125.752s][info][gc,start       ] GC(1102) Pause Young (Prepare Mixed) (G1 Evacuation Pause)
[4125.752s][info][gc,task        ] GC(1102) Using 6 workers of 6 for evacuation
[4125.871s][info][gc,phases      ] GC(1102)   Pre Evacuate Collection Set: 0.36ms
[4125.871s][info][gc,phases      ] GC(1102)   Merge Heap Roots: 0.51ms
[4125.871s][info][gc,phases      ] GC(1102)   Evacuate Collection Set: 117.36ms
[4125.871s][info][gc,phases      ] GC(1102)   Post Evacuate Collection Set: 0.92ms
[4125.871s][info][gc,phases      ] GC(1102)   Other: 0.08ms
[4125.871s][info][gc,heap        ] GC(1102) Eden regions: 1121->0(1101)
[4125.871s][info][gc,heap        ] GC(1102) Survivor regions: 107->112(154)
[4125.871s][info][gc,heap        ] GC(1102) Old regions: 509->540
[4125.871s][info][gc,heap        ] GC(1102) Humongous regions: 80->80
[4125.871s][info][gc,metaspace   ] GC(1102) Metaspace: 28893K(29312K)->28893K(29312K) NonClass: 24024K(24256K)->24024K(24256K) Class: 4868K(5056K)->4868K(5056K)
[4125.871s][info][gc             ] GC(1102) Pause Young (Prepare Mixed) (G1 Evacuation Pause) 3633M->1462M(4096M) 119.376ms
[4125.871s][info][gc,cpu         ] GC(1102) User=0.71s Sys=0.00s Real=0.12s
...[4128.255s][info][gc,start       ] GC(1103) Pause Young (Mixed) (G1 Evacuation Pause)
[4128.255s][info][gc,task        ] GC(1103) Using 6 workers of 6 for evacuation
[4128.388s][info][gc,phases      ] GC(1103)   Pre Evacuate Collection Set: 0.33ms
[4128.388s][info][gc,phases      ] GC(1103)   Merge Heap Roots: 0.66ms
[4128.388s][info][gc,phases      ] GC(1103)   Evacuate Collection Set: 131.62ms
[4128.388s][info][gc,phases      ] GC(1103)   Post Evacuate Collection Set: 0.95ms
[4128.388s][info][gc,phases      ] GC(1103)   Other: 0.09ms
[4128.388s][info][gc,heap        ] GC(1103) Eden regions: 1101->0(1117)
[4128.388s][info][gc,heap        ] GC(1103) Survivor regions: 112->111(152)
[4128.388s][info][gc,heap        ] GC(1103) Old regions: 540->476
[4128.388s][info][gc,heap        ] GC(1103) Humongous regions: 80->80
[4128.388s][info][gc,metaspace   ] GC(1103) Metaspace: 28893K(29312K)->28893K(29312K) NonClass: 24024K(24256K)->24024K(24256K) Class: 4868K(5056K)->4868K(5056K)
[4128.388s][info][gc             ] GC(1103) Pause Young (Mixed) (G1 Evacuation Pause) 3664M->1332M(4096M) 133.781ms
[4128.388s][info][gc,cpu         ] GC(1103) User=0.79s Sys=0.00s Real=0.13s
..[4130.887s][info][gc,start       ] GC(1104) Pause Young (Concurrent Start) (G1 Evacuation Pause)
[4130.887s][info][gc,task        ] GC(1104) Using 6 workers of 6 for evacuation
[4131.003s][info][gc,phases      ] GC(1104)   Pre Evacuate Collection Set: 0.36ms
[4131.003s][info][gc,phases      ] GC(1104)   Merge Heap Roots: 0.46ms
[4131.003s][info][gc,phases      ] GC(1104)   Evacuate Collection Set: 114.56ms
[4131.003s][info][gc,phases      ] GC(1104)   Post Evacuate Collection Set: 0.88ms
[4131.003s][info][gc,phases      ] GC(1104)   Other: 0.09ms
[4131.003s][info][gc,heap        ] GC(1104) Eden regions: 1117->0(1120)
[4131.003s][info][gc,heap        ] GC(1104) Survivor regions: 111->108(154)
[4131.003s][info][gc,heap        ] GC(1104) Old regions: 476->509
[4131.003s][info][gc,heap        ] GC(1104) Humongous regions: 80->80
[4131.003s][info][gc,metaspace   ] GC(1104) Metaspace: 28893K(29312K)->28893K(29312K) NonClass: 24024K(24256K)->24024K(24256K) Class: 4868K(5056K)->4868K(5056K)
[4131.003s][info][gc             ] GC(1104) Pause Young (Concurrent Start) (G1 Evacuation Pause) 3566M->1392M(4096M) 116.493ms
[4131.003s][info][gc             ] GC(1105) Concurrent Mark Cycle
[4131.003s][info][gc,marking     ] GC(1105) Concurrent Scan Root Regions
[4131.003s][info][gc,cpu         ] GC(1104) User=0.69s Sys=0.00s Real=0.11s
.[4131.186s][info][gc,marking     ] GC(1105) Concurrent Scan Root Regions 182.795ms
[4131.186s][info][gc,marking     ] GC(1105) Concurrent Mark
[4131.186s][info][gc,marking     ] GC(1105) Concurrent Mark From Roots
[4131.186s][info][gc,task        ] GC(1105) Using 2 workers of 2 for marking
[4132.119s][info][gc,marking     ] GC(1105) Concurrent Mark From Roots 933.440ms
[4132.119s][info][gc,marking     ] GC(1105) Concurrent Preclean
[4132.120s][info][gc,marking     ] GC(1105) Concurrent Preclean 0.097ms
[4132.120s][info][gc,start       ] GC(1105) Pause Remark
[4132.126s][info][gc             ] GC(1105) Pause Remark 2400M->2400M(4096M) 5.918ms
[4132.126s][info][gc,cpu         ] GC(1105) User=0.04s Sys=0.00s Real=0.01s
[4132.128s][info][gc,marking     ] GC(1105) Concurrent Mark 942.010ms
[4132.128s][info][gc,marking     ] GC(1105) Concurrent Rebuild Remembered Sets and Scrub Regions
.[4132.396s][info][gc,marking     ] GC(1105) Concurrent Rebuild Remembered Sets and Scrub Regions 268.097ms
[4132.397s][info][gc,start       ] GC(1105) Pause Cleanup
[4132.397s][info][gc             ] GC(1105) Pause Cleanup 2665M->2665M(4096M) 0.116ms
[4132.397s][info][gc,cpu         ] GC(1105) User=0.00s Sys=0.00s Real=0.00s
[4132.397s][info][gc,marking     ] GC(1105) Concurrent Clear Claimed Marks
[4132.397s][info][gc,marking     ] GC(1105) Concurrent Clear Claimed Marks 0.045ms
[4132.397s][info][gc,marking     ] GC(1105) Concurrent Cleanup for Next Mark
[4132.412s][info][gc,marking     ] GC(1105) Concurrent Cleanup for Next Mark 14.731ms
[4132.412s][info][gc             ] GC(1105) Concurrent Mark Cycle 1409.119ms
.[4133.411s][info][gc,start       ] GC(1106) Pause Young (Prepare Mixed) (G1 Evacuation Pause)
[4133.411s][info][gc,task        ] GC(1106) Using 6 workers of 6 for evacuation
[4133.533s][info][gc,phases      ] GC(1106)   Pre Evacuate Collection Set: 0.33ms
[4133.533s][info][gc,phases      ] GC(1106)   Merge Heap Roots: 0.57ms
[4133.533s][info][gc,phases      ] GC(1106)   Evacuate Collection Set: 119.85ms
[4133.533s][info][gc,phases      ] GC(1106)   Post Evacuate Collection Set: 0.89ms
[4133.533s][info][gc,phases      ] GC(1106)   Other: 0.09ms
[4133.533s][info][gc,heap        ] GC(1106) Eden regions: 1120->0(1099)
[4133.533s][info][gc,heap        ] GC(1106) Survivor regions: 108->113(154)
[4133.533s][info][gc,heap        ] GC(1106) Old regions: 509->540
[4133.533s][info][gc,heap        ] GC(1106) Humongous regions: 80->80
[4133.533s][info][gc,metaspace   ] GC(1106) Metaspace: 28893K(29312K)->28893K(29312K) NonClass: 24024K(24256K)->24024K(24256K) Class: 4868K(5056K)->4868K(5056K)
[4133.533s][info][gc             ] GC(1106) Pause Young (Prepare Mixed) (G1 Evacuation Pause) 3632M->1464M(4096M) 121.886ms
[4133.533s][info][gc,cpu         ] GC(1106) User=0.72s Sys=0.00s Real=0.12s
..[4135.964s][info][gc,start       ] GC(1107) Pause Young (Mixed) (G1 Evacuation Pause)
[4135.964s][info][gc,task        ] GC(1107) Using 6 workers of 6 for evacuation
[4136.094s][info][gc,phases      ] GC(1107)   Pre Evacuate Collection Set: 0.37ms
[4136.094s][info][gc,phases      ] GC(1107)   Merge Heap Roots: 0.63ms
[4136.094s][info][gc,phases      ] GC(1107)   Evacuate Collection Set: 127.03ms
[4136.094s][info][gc,phases      ] GC(1107)   Post Evacuate Collection Set: 0.95ms
[4136.094s][info][gc,phases      ] GC(1107)   Other: 0.08ms
[4136.094s][info][gc,heap        ] GC(1107) Eden regions: 1099->0(1121)
[4136.094s][info][gc,heap        ] GC(1107) Survivor regions: 113->107(152)
[4136.094s][info][gc,heap        ] GC(1107) Old regions: 540->477
[4136.094s][info][gc,heap        ] GC(1107) Humongous regions: 80->80
[4136.094s][info][gc,metaspace   ] GC(1107) Metaspace: 28893K(29312K)->28893K(29312K) NonClass: 24024K(24256K)->24024K(24256K) Class: 4868K(5056K)->4868K(5056K)
[4136.094s][info][gc             ] GC(1107) Pause Young (Mixed) (G1 Evacuation Pause) 3662M->1325M(4096M) 129.226ms
[4136.094s][info][gc,cpu         ] GC(1107) User=0.76s Sys=0.01s Real=0.13s
...[4138.576s][info][gc,start       ] GC(1108) Pause Young (Concurrent Start) (G1 Evacuation Pause)
[4138.576s][info][gc,task        ] GC(1108) Using 6 workers of 6 for evacuation
[4138.697s][info][gc,phases      ] GC(1108)   Pre Evacuate Collection Set: 0.37ms
[4138.697s][info][gc,phases      ] GC(1108)   Merge Heap Roots: 0.54ms
[4138.697s][info][gc,phases      ] GC(1108)   Evacuate Collection Set: 119.41ms
[4138.697s][info][gc,phases      ] GC(1108)   Post Evacuate Collection Set: 0.91ms
[4138.697s][info][gc,phases      ] GC(1108)   Other: 0.11ms
[4138.697s][info][gc,heap        ] GC(1108) Eden regions: 1121->0(1115)
[4138.697s][info][gc,heap        ] GC(1108) Survivor regions: 107->113(154)
[4138.697s][info][gc,heap        ] GC(1108) Old regions: 477->509
[4138.697s][info][gc,heap        ] GC(1108) Humongous regions: 80->80
[4138.697s][info][gc,metaspace   ] GC(1108) Metaspace: 28893K(29312K)->28893K(29312K) NonClass: 24024K(24256K)->24024K(24256K) Class: 4868K(5056K)->4868K(5056K)
[4138.697s][info][gc             ] GC(1108) Pause Young (Concurrent Start) (G1 Evacuation Pause) 3567M->1401M(4096M) 121.473ms
[4138.697s][info][gc             ] GC(1109) Concurrent Mark Cycle
[4138.697s][info][gc,marking     ] GC(1109) Concurrent Scan Root Regions
[4138.697s][info][gc,cpu         ] GC(1108) User=0.72s Sys=0.00s Real=0.12s
[4138.841s][info][gc,marking     ] GC(1109) Concurrent Scan Root Regions 143.843ms
[4138.841s][info][gc,marking     ] GC(1109) Concurrent Mark
[4138.841s][info][gc,marking     ] GC(1109) Concurrent Mark From Roots
[4138.841s][info][gc,task        ] GC(1109) Using 2 workers of 2 for marking
.[4139.550s][info][gc,marking     ] GC(1109) Concurrent Mark From Roots 708.861ms
[4139.550s][info][gc,marking     ] GC(1109) Concurrent Preclean
[4139.550s][info][gc,marking     ] GC(1109) Concurrent Preclean 0.097ms
[4139.551s][info][gc,start       ] GC(1109) Pause Remark
[4139.556s][info][gc             ] GC(1109) Pause Remark 2135M->2135M(4096M) 5.039ms
[4139.556s][info][gc,cpu         ] GC(1109) User=0.02s Sys=0.00s Real=0.01s
[4139.556s][info][gc,marking     ] GC(1109) Concurrent Mark 714.998ms
[4139.556s][info][gc,marking     ] GC(1109) Concurrent Rebuild Remembered Sets and Scrub Regions
[4139.909s][info][gc,marking     ] GC(1109) Concurrent Rebuild Remembered Sets and Scrub Regions 352.616ms
[4139.909s][info][gc,start       ] GC(1109) Pause Cleanup
[4139.909s][info][gc             ] GC(1109) Pause Cleanup 2520M->2520M(4096M) 0.115ms
[4139.909s][info][gc,cpu         ] GC(1109) User=0.00s Sys=0.00s Real=0.00s
[4139.909s][info][gc,marking     ] GC(1109) Concurrent Clear Claimed Marks
[4139.909s][info][gc,marking     ] GC(1109) Concurrent Clear Claimed Marks 0.026ms
[4139.909s][info][gc,marking     ] GC(1109) Concurrent Cleanup for Next Mark
[4139.915s][info][gc,marking     ] GC(1109) Concurrent Cleanup for Next Mark 5.325ms
[4139.915s][info][gc             ] GC(1109) Concurrent Mark Cycle 1217.383ms
.[4141.165s][info][gc,start       ] GC(1110) Pause Young (Prepare Mixed) (G1 Evacuation Pause)
[4141.165s][info][gc,task        ] GC(1110) Using 6 workers of 6 for evacuation
[4141.282s][info][gc,phases      ] GC(1110)   Pre Evacuate Collection Set: 0.34ms
[4141.282s][info][gc,phases      ] GC(1110)   Merge Heap Roots: 0.50ms
[4141.282s][info][gc,phases      ] GC(1110)   Evacuate Collection Set: 115.60ms
[4141.282s][info][gc,phases      ] GC(1110)   Post Evacuate Collection Set: 0.90ms
[4141.282s][info][gc,phases      ] GC(1110)   Other: 0.09ms
[4141.282s][info][gc,heap        ] GC(1110) Eden regions: 1115->0(1105)
[4141.282s][info][gc,heap        ] GC(1110) Survivor regions: 113->110(154)
[4141.282s][info][gc,heap        ] GC(1110) Old regions: 509->540
[4141.282s][info][gc,heap        ] GC(1110) Humongous regions: 80->80
[4141.282s][info][gc,metaspace   ] GC(1110) Metaspace: 28893K(29312K)->28893K(29312K) NonClass: 24024K(24256K)->24024K(24256K) Class: 4868K(5056K)->4868K(5056K)
[4141.282s][info][gc             ] GC(1110) Pause Young (Prepare Mixed) (G1 Evacuation Pause) 3631M->1458M(4096M) 117.588ms
[4141.282s][info][gc,cpu         ] GC(1110) User=0.69s Sys=0.00s Real=0.11s
.. (rIR:aIR:PR = 7334:7332:7332) (tPR = 108878) [OK] 
  4142s: Performance info:
         Transaction,    Success,    Partial,     Failed,   Receipts, AvgBarcode, 
             Overall,     446877,          0,          0,     424507,      59.48, 
         Response times:
             Request,    Success,    Partial,     Failed,   SkipFail,     Probes,    Samples,      min,      p50,      p90,      p95,      p99,      max, 
       TotalPurchase,     424502,          0,          0,          0,     360517,     409804,      300,     6300,    57000,    85000,   155000,   441000,
     InStorePurchase,     223779,          0,          0,          0,     189398,     215320,      300,     6300,    57000,    85000,   154000,   441000,
      OnlinePurchase,     155941,          0,          0,          0,     132807,     150801,      300,     6400,    57000,    85000,   156000,   419000,
        InstPurchase,      44782,          0,          0,          0,      38312,      43683,      300,     6300,    55000,    86000,   154000,   290000,
          AssocOfCat,        446,          0,          0,          0,        344,        454,    25000,    43500,   126500,   165250,   213900,   289000,
      AssocOfProduct,       4474,          0,          0,          0,       4165,       4882,      500,     4200,    48000,    76000,   148000,   209000,
      BusinessReport,       1115,          0,          0,          0,        980,       1222,    29000,    48000,   118000,   159850,   203000,   274000,
          CustBuyBeh,       4472,          0,          0,          0,       4150,       4887,      300,     5900,    54000,    87000,   158240,   290000,
       ProductReturn,      11852,          0,          0,          0,      10110,      11620,      200,     5000,    52000,    80000,   152000,   290000,

  4142s: (54%)   IR =   7472 .[4143.662s][info][gc,start       ] GC(1111) Pause Young (Mixed) (G1 Evacuation Pause)
[4143.662s][info][gc,task        ] GC(1111) Using 6 workers of 6 for evacuation
[4143.795s][info][gc,phases      ] GC(1111)   Pre Evacuate Collection Set: 0.38ms
[4143.795s][info][gc,phases      ] GC(1111)   Merge Heap Roots: 0.62ms
[4143.795s][info][gc,phases      ] GC(1111)   Evacuate Collection Set: 131.41ms
[4143.795s][info][gc,phases      ] GC(1111)   Post Evacuate Collection Set: 0.95ms
[4143.795s][info][gc,phases      ] GC(1111)   Other: 0.09ms
[4143.795s][info][gc,heap        ] GC(1111) Eden regions: 1105->0(1118)
[4143.795s][info][gc,heap        ] GC(1111) Survivor regions: 110->110(152)
[4143.795s][info][gc,heap        ] GC(1111) Old regions: 540->476
[4143.795s][info][gc,heap        ] GC(1111) Humongous regions: 80->80
[4143.795s][info][gc,metaspace   ] GC(1111) Metaspace: 28893K(29312K)->28893K(29312K) NonClass: 24024K(24256K)->24024K(24256K) Class: 4868K(5056K)->4868K(5056K)
[4143.795s][info][gc             ] GC(1111) Pause Young (Mixed) (G1 Evacuation Pause) 3668M->1330M(4096M) 133.585ms
[4143.795s][info][gc,cpu         ] GC(1111) User=0.79s Sys=0.00s Real=0.14s
..[4146.148s][info][gc,start       ] GC(1112) Pause Young (Concurrent Start) (G1 Evacuation Pause)
[4146.148s][info][gc,task        ] GC(1112) Using 6 workers of 6 for evacuation
[4146.267s][info][gc,phases      ] GC(1112)   Pre Evacuate Collection Set: 0.36ms
[4146.267s][info][gc,phases      ] GC(1112)   Merge Heap Roots: 0.46ms
[4146.267s][info][gc,phases      ] GC(1112)   Evacuate Collection Set: 117.28ms
[4146.267s][info][gc,phases      ] GC(1112)   Post Evacuate Collection Set: 0.89ms
[4146.267s][info][gc,phases      ] GC(1112)   Other: 0.12ms
[4146.267s][info][gc,heap        ] GC(1112) Eden regions: 1118->0(1118)
[4146.267s][info][gc,heap        ] GC(1112) Survivor regions: 110->110(154)
[4146.267s][info][gc,heap        ] GC(1112) Old regions: 476->508
[4146.267s][info][gc,heap        ] GC(1112) Humongous regions: 80->80
[4146.267s][info][gc,metaspace   ] GC(1112) Metaspace: 28893K(29312K)->28893K(29312K) NonClass: 24024K(24256K)->24024K(24256K) Class: 4868K(5056K)->4868K(5056K)
[4146.268s][info][gc             ] GC(1112) Pause Young (Concurrent Start) (G1 Evacuation Pause) 3566M->1395M(4096M) 119.242ms
[4146.268s][info][gc             ] GC(1113) Concurrent Mark Cycle
[4146.268s][info][gc,marking     ] GC(1113) Concurrent Scan Root Regions
[4146.268s][info][gc,cpu         ] GC(1112) User=0.70s Sys=0.00s Real=0.12s
.[4146.450s][info][gc,marking     ] GC(1113) Concurrent Scan Root Regions 182.697ms
[4146.450s][info][gc,marking     ] GC(1113) Concurrent Mark
[4146.450s][info][gc,marking     ] GC(1113) Concurrent Mark From Roots
[4146.450s][info][gc,task        ] GC(1113) Using 2 workers of 2 for marking
.[4147.412s][info][gc,marking     ] GC(1113) Concurrent Mark From Roots 961.975ms
[4147.412s][info][gc,marking     ] GC(1113) Concurrent Preclean
[4147.412s][info][gc,marking     ] GC(1113) Concurrent Preclean 0.132ms
[4147.415s][info][gc,start       ] GC(1113) Pause Remark
[4147.462s][info][gc             ] GC(1113) Pause Remark 2445M->2445M(4096M) 46.484ms
[4147.462s][info][gc,cpu         ] GC(1113) User=0.07s Sys=0.00s Real=0.04s
[4147.462s][info][gc,marking     ] GC(1113) Concurrent Mark 1011.455ms
[4147.462s][info][gc,marking     ] GC(1113) Concurrent Rebuild Remembered Sets and Scrub Regions
[4147.731s][info][gc,marking     ] GC(1113) Concurrent Rebuild Remembered Sets and Scrub Regions 269.586ms
[4147.732s][info][gc,start       ] GC(1113) Pause Cleanup
[4147.732s][info][gc             ] GC(1113) Pause Cleanup 2728M->2728M(4096M) 0.140ms
[4147.732s][info][gc,cpu         ] GC(1113) User=0.00s Sys=0.00s Real=0.00s
[4147.732s][info][gc,marking     ] GC(1113) Concurrent Clear Claimed Marks
[4147.732s][info][gc,marking     ] GC(1113) Concurrent Clear Claimed Marks 0.037ms
[4147.732s][info][gc,marking     ] GC(1113) Concurrent Cleanup for Next Mark
[4147.737s][info][gc,marking     ] GC(1113) Concurrent Cleanup for Next Mark 4.704ms
[4147.737s][info][gc             ] GC(1113) Concurrent Mark Cycle 1469.117ms
.[4148.719s][info][gc,start       ] GC(1114) Pause Young (Prepare Mixed) (G1 Evacuation Pause)
[4148.719s][info][gc,task        ] GC(1114) Using 6 workers of 6 for evacuation
[4148.838s][info][gc,phases      ] GC(1114)   Pre Evacuate Collection Set: 0.34ms
[4148.838s][info][gc,phases      ] GC(1114)   Merge Heap Roots: 0.52ms
[4148.838s][info][gc,phases      ] GC(1114)   Evacuate Collection Set: 117.05ms
[4148.838s][info][gc,phases      ] GC(1114)   Post Evacuate Collection Set: 0.92ms
[4148.838s][info][gc,phases      ] GC(1114)   Other: 0.09ms
[4148.838s][info][gc,heap        ] GC(1114) Eden regions: 1118->0(1106)
[4148.838s][info][gc,heap        ] GC(1114) Survivor regions: 110->110(154)
[4148.838s][info][gc,heap        ] GC(1114) Old regions: 508->539
[4148.838s][info][gc,heap        ] GC(1114) Humongous regions: 80->80
[4148.838s][info][gc,metaspace   ] GC(1114) Metaspace: 28893K(29312K)->28893K(29312K) NonClass: 24024K(24256K)->24024K(24256K) Class: 4868K(5056K)->4868K(5056K)
[4148.839s][info][gc             ] GC(1114) Pause Young (Prepare Mixed) (G1 Evacuation Pause) 3631M->1457M(4096M) 119.056ms
[4148.839s][info][gc,cpu         ] GC(1114) User=0.70s Sys=0.00s Real=0.12s
..|[4151.174s][info][gc,start       ] GC(1115) Pause Young (Mixed) (G1 Evacuation Pause)
[4151.174s][info][gc,task        ] GC(1115) Using 6 workers of 6 for evacuation
[4151.309s][info][gc,phases      ] GC(1115)   Pre Evacuate Collection Set: 0.38ms
[4151.309s][info][gc,phases      ] GC(1115)   Merge Heap Roots: 0.73ms
[4151.309s][info][gc,phases      ] GC(1115)   Evacuate Collection Set: 132.63ms
[4151.309s][info][gc,phases      ] GC(1115)   Post Evacuate Collection Set: 0.82ms
[4151.309s][info][gc,phases      ] GC(1115)   Other: 0.09ms
[4151.309s][info][gc,heap        ] GC(1115) Eden regions: 1106->0(1119)
[4151.309s][info][gc,heap        ] GC(1115) Survivor regions: 110->109(152)
[4151.309s][info][gc,heap        ] GC(1115) Old regions: 539->476
[4151.309s][info][gc,heap        ] GC(1115) Humongous regions: 80->80
[4151.309s][info][gc,metaspace   ] GC(1115) Metaspace: 28893K(29312K)->28893K(29312K) NonClass: 24024K(24256K)->24024K(24256K) Class: 4868K(5056K)->4868K(5056K)
[4151.309s][info][gc             ] GC(1115) Pause Young (Mixed) (G1 Evacuation Pause) 3669M->1327M(4096M) 134.779ms
[4151.309s][info][gc,cpu         ] GC(1115) User=0.80s Sys=0.00s Real=0.13s
...[4153.690s][info][gc,start       ] GC(1116) Pause Young (Concurrent Start) (G1 Evacuation Pause)
[4153.690s][info][gc,task        ] GC(1116) Using 6 workers of 6 for evacuation
[4153.809s][info][gc,phases      ] GC(1116)   Pre Evacuate Collection Set: 0.36ms
[4153.809s][info][gc,phases      ] GC(1116)   Merge Heap Roots: 0.47ms
[4153.809s][info][gc,phases      ] GC(1116)   Evacuate Collection Set: 116.99ms
[4153.809s][info][gc,phases      ] GC(1116)   Post Evacuate Collection Set: 0.91ms
[4153.809s][info][gc,phases      ] GC(1116)   Other: 0.11ms
[4153.809s][info][gc,heap        ] GC(1116) Eden regions: 1119->0(1118)
[4153.809s][info][gc,heap        ] GC(1116) Survivor regions: 109->110(154)
[4153.809s][info][gc,heap        ] GC(1116) Old regions: 476->508
[4153.809s][info][gc,heap        ] GC(1116) Humongous regions: 80->80
[4153.809s][info][gc,metaspace   ] GC(1116) Metaspace: 28893K(29312K)->28893K(29312K) NonClass: 24024K(24256K)->24024K(24256K) Class: 4868K(5056K)->4868K(5056K)
[4153.809s][info][gc             ] GC(1116) Pause Young (Concurrent Start) (G1 Evacuation Pause) 3565M->1394M(4096M) 118.959ms
[4153.809s][info][gc             ] GC(1117) Concurrent Mark Cycle
[4153.809s][info][gc,marking     ] GC(1117) Concurrent Scan Root Regions
[4153.809s][info][gc,cpu         ] GC(1116) User=0.70s Sys=0.00s Real=0.12s
[4154.018s][info][gc,marking     ] GC(1117) Concurrent Scan Root Regions 208.307ms
[4154.018s][info][gc,marking     ] GC(1117) Concurrent Mark
[4154.018s][info][gc,marking     ] GC(1117) Concurrent Mark From Roots
[4154.018s][info][gc,task        ] GC(1117) Using 2 workers of 2 for marking
.[4154.775s][info][gc,marking     ] GC(1117) Concurrent Mark From Roots 756.878ms
[4154.775s][info][gc,marking     ] GC(1117) Concurrent Preclean
[4154.775s][info][gc,marking     ] GC(1117) Concurrent Preclean 0.099ms
[4154.776s][info][gc,start       ] GC(1117) Pause Remark
[4154.780s][info][gc             ] GC(1117) Pause Remark 2246M->2246M(4096M) 4.609ms
[4154.780s][info][gc,cpu         ] GC(1117) User=0.03s Sys=0.00s Real=0.00s
[4154.781s][info][gc,marking     ] GC(1117) Concurrent Mark 763.120ms
[4154.781s][info][gc,marking     ] GC(1117) Concurrent Rebuild Remembered Sets and Scrub Regions
[4155.051s][info][gc,marking     ] GC(1117) Concurrent Rebuild Remembered Sets and Scrub Regions 270.084ms
[4155.052s][info][gc,start       ] GC(1117) Pause Cleanup
[4155.052s][info][gc             ] GC(1117) Pause Cleanup 2534M->2534M(4096M) 0.133ms
[4155.052s][info][gc,cpu         ] GC(1117) User=0.00s Sys=0.00s Real=0.00s
[4155.052s][info][gc,marking     ] GC(1117) Concurrent Clear Claimed Marks
[4155.052s][info][gc,marking     ] GC(1117) Concurrent Clear Claimed Marks 0.031ms
[4155.052s][info][gc,marking     ] GC(1117) Concurrent Cleanup for Next Mark
[4155.058s][info][gc,marking     ] GC(1117) Concurrent Cleanup for Next Mark 5.388ms
[4155.058s][info][gc             ] GC(1117) Concurrent Mark Cycle 1248.286ms
.[4156.272s][info][gc,start       ] GC(1118) Pause Young (Prepare Mixed) (G1 Evacuation Pause)
[4156.272s][info][gc,task        ] GC(1118) Using 6 workers of 6 for evacuation
[4156.393s][info][gc,phases      ] GC(1118)   Pre Evacuate Collection Set: 0.34ms
[4156.393s][info][gc,phases      ] GC(1118)   Merge Heap Roots: 0.49ms
[4156.393s][info][gc,phases      ] GC(1118)   Evacuate Collection Set: 118.93ms
[4156.393s][info][gc,phases      ] GC(1118)   Post Evacuate Collection Set: 0.93ms
[4156.393s][info][gc,phases      ] GC(1118)   Other: 0.10ms
[4156.393s][info][gc,heap        ] GC(1118) Eden regions: 1118->0(1101)
[4156.393s][info][gc,heap        ] GC(1118) Survivor regions: 110->112(154)
[4156.393s][info][gc,heap        ] GC(1118) Old regions: 508->540
[4156.393s][info][gc,heap        ] GC(1118) Humongous regions: 80->80
[4156.393s][info][gc,metaspace   ] GC(1118) Metaspace: 28893K(29312K)->28893K(29312K) NonClass: 24024K(24256K)->24024K(24256K) Class: 4868K(5056K)->4868K(5056K)
[4156.393s][info][gc             ] GC(1118) Pause Young (Prepare Mixed) (G1 Evacuation Pause) 3630M->1461M(4096M) 120.925ms
[4156.393s][info][gc,cpu         ] GC(1118) User=0.72s Sys=0.00s Real=0.12s
...[4158.718s][info][gc,start       ] GC(1119) Pause Young (Mixed) (G1 Evacuation Pause)
[4158.718s][info][gc,task        ] GC(1119) Using 6 workers of 6 for evacuation
[4158.860s][info][gc,phases      ] GC(1119)   Pre Evacuate Collection Set: 0.36ms
[4158.860s][info][gc,phases      ] GC(1119)   Merge Heap Roots: 0.64ms
[4158.860s][info][gc,phases      ] GC(1119)   Evacuate Collection Set: 139.87ms
[4158.860s][info][gc,phases      ] GC(1119)   Post Evacuate Collection Set: 0.95ms
[4158.860s][info][gc,phases      ] GC(1119)   Other: 0.08ms
[4158.860s][info][gc,heap        ] GC(1119) Eden regions: 1101->0(1109)
[4158.860s][info][gc,heap        ] GC(1119) Survivor regions: 112->119(152)
[4158.860s][info][gc,heap        ] GC(1119) Old regions: 540->476
[4158.860s][info][gc,heap        ] GC(1119) Humongous regions: 80->80
[4158.860s][info][gc,metaspace   ] GC(1119) Metaspace: 28893K(29312K)->28893K(29312K) NonClass: 24024K(24256K)->24024K(24256K) Class: 4868K(5056K)->4868K(5056K)
[4158.860s][info][gc             ] GC(1119) Pause Young (Mixed) (G1 Evacuation Pause) 3663M->1347M(4096M) 142.045ms
[4158.860s][info][gc,cpu         ] GC(1119) User=0.84s Sys=0.01s Real=0.14s
..[4161.247s][info][gc,start       ] GC(1120) Pause Young (Concurrent Start) (G1 Evacuation Pause)
[4161.247s][info][gc,task        ] GC(1120) Using 6 workers of 6 for evacuation
[4161.371s][info][gc,phases      ] GC(1120)   Pre Evacuate Collection Set: 0.38ms
[4161.371s][info][gc,phases      ] GC(1120)   Merge Heap Roots: 0.45ms
[4161.371s][info][gc,phases      ] GC(1120)   Evacuate Collection Set: 121.95ms
[4161.371s][info][gc,phases      ] GC(1120)   Post Evacuate Collection Set: 0.94ms
[4161.371s][info][gc,phases      ] GC(1120)   Other: 0.11ms
[4161.371s][info][gc,heap        ] GC(1120) Eden regions: 1109->0(1114)
[4161.371s][info][gc,heap        ] GC(1120) Survivor regions: 119->114(154)
[4161.371s][info][gc,heap        ] GC(1120) Old regions: 476->508
[4161.371s][info][gc,heap        ] GC(1120) Humongous regions: 80->80
[4161.371s][info][gc,metaspace   ] GC(1120) Metaspace: 28893K(29312K)->28893K(29312K) NonClass: 24024K(24256K)->24024K(24256K) Class: 4868K(5056K)->4868K(5056K)
[4161.371s][info][gc             ] GC(1120) Pause Young (Concurrent Start) (G1 Evacuation Pause) 3565M->1402M(4096M) 123.966ms
[4161.371s][info][gc             ] GC(1121) Concurrent Mark Cycle
[4161.371s][info][gc,marking     ] GC(1121) Concurrent Scan Root Regions
[4161.371s][info][gc,cpu         ] GC(1120) User=0.73s Sys=0.00s Real=0.12s
[4161.559s][info][gc,marking     ] GC(1121) Concurrent Scan Root Regions 187.573ms
[4161.559s][info][gc,marking     ] GC(1121) Concurrent Mark
[4161.559s][info][gc,marking     ] GC(1121) Concurrent Mark From Roots
[4161.559s][info][gc,task        ] GC(1121) Using 2 workers of 2 for marking
.[4162.553s][info][gc,marking     ] GC(1121) Concurrent Mark From Roots 993.732ms
[4162.553s][info][gc,marking     ] GC(1121) Concurrent Preclean
[4162.553s][info][gc,marking     ] GC(1121) Concurrent Preclean 0.108ms
[4162.557s][info][gc,start       ] GC(1121) Pause Remark
[4162.564s][info][gc             ] GC(1121) Pause Remark 2476M->2476M(4096M) 6.205ms
[4162.564s][info][gc,cpu         ] GC(1121) User=0.04s Sys=0.00s Real=0.01s
[4162.564s][info][gc,marking     ] GC(1121) Concurrent Mark 1004.805ms
[4162.564s][info][gc,marking     ] GC(1121) Concurrent Rebuild Remembered Sets and Scrub Regions
.[4162.852s][info][gc,marking     ] GC(1121) Concurrent Rebuild Remembered Sets and Scrub Regions 287.963ms
[4162.852s][info][gc,start       ] GC(1121) Pause Cleanup
[4162.852s][info][gc             ] GC(1121) Pause Cleanup 2759M->2759M(4096M) 0.124ms
[4162.852s][info][gc,cpu         ] GC(1121) User=0.00s Sys=0.00s Real=0.00s
[4162.852s][info][gc,marking     ] GC(1121) Concurrent Clear Claimed Marks
[4162.852s][info][gc,marking     ] GC(1121) Concurrent Clear Claimed Marks 0.025ms
[4162.852s][info][gc,marking     ] GC(1121) Concurrent Cleanup for Next Mark
[4162.857s][info][gc,marking     ] GC(1121) Concurrent Cleanup for Next Mark 5.336ms
[4162.857s][info][gc             ] GC(1121) Concurrent Mark Cycle 1486.248ms
.[4163.784s][info][gc,start       ] GC(1122) Pause Young (Prepare Mixed) (G1 Evacuation Pause)
[4163.784s][info][gc,task        ] GC(1122) Using 6 workers of 6 for evacuation
[4163.900s][info][gc,phases      ] GC(1122)   Pre Evacuate Collection Set: 0.33ms
[4163.900s][info][gc,phases      ] GC(1122)   Merge Heap Roots: 0.52ms
[4163.900s][info][gc,phases      ] GC(1122)   Evacuate Collection Set: 113.86ms
[4163.900s][info][gc,phases      ] GC(1122)   Post Evacuate Collection Set: 0.92ms
[4163.900s][info][gc,phases      ] GC(1122)   Other: 0.09ms
[4163.900s][info][gc,heap        ] GC(1122) Eden regions: 1114->0(1112)
[4163.900s][info][gc,heap        ] GC(1122) Survivor regions: 114->107(154)
[4163.900s][info][gc,heap        ] GC(1122) Old regions: 508->539
[4163.900s][info][gc,heap        ] GC(1122) Humongous regions: 80->80
[4163.900s][info][gc,metaspace   ] GC(1122) Metaspace: 28893K(29312K)->28893K(29312K) NonClass: 24024K(24256K)->24024K(24256K) Class: 4868K(5056K)->4868K(5056K)
[4163.900s][info][gc             ] GC(1122) Pause Young (Prepare Mixed) (G1 Evacuation Pause) 3630M->1451M(4096M) 115.845ms
[4163.900s][info][gc,cpu         ] GC(1122) User=0.68s Sys=0.00s Real=0.11s
..[4166.317s][info][gc,start       ] GC(1123) Pause Young (Mixed) (G1 Evacuation Pause)
[4166.317s][info][gc,task        ] GC(1123) Using 6 workers of 6 for evacuation
[4166.458s][info][gc,phases      ] GC(1123)   Pre Evacuate Collection Set: 0.39ms
[4166.458s][info][gc,phases      ] GC(1123)   Merge Heap Roots: 0.73ms
[4166.458s][info][gc,phases      ] GC(1123)   Evacuate Collection Set: 138.93ms
[4166.458s][info][gc,phases      ] GC(1123)   Post Evacuate Collection Set: 0.91ms
[4166.458s][info][gc,phases      ] GC(1123)   Other: 0.10ms
[4166.458s][info][gc,heap        ] GC(1123) Eden regions: 1112->0(1114)
[4166.458s][info][gc,heap        ] GC(1123) Survivor regions: 107->114(153)
[4166.458s][info][gc,heap        ] GC(1123) Old regions: 539->476
[4166.458s][info][gc,heap        ] GC(1123) Humongous regions: 80->80
[4166.458s][info][gc,metaspace   ] GC(1123) Metaspace: 28893K(29312K)->28893K(29312K) NonClass: 24024K(24256K)->24024K(24256K) Class: 4868K(5056K)->4868K(5056K)
[4166.458s][info][gc             ] GC(1123) Pause Young (Mixed) (G1 Evacuation Pause) 3675M->1337M(4096M) 141.191ms
[4166.458s][info][gc,cpu         ] GC(1123) User=0.84s Sys=0.00s Real=0.14s
...[4168.845s][info][gc,start       ] GC(1124) Pause Young (Concurrent Start) (G1 Evacuation Pause)
[4168.845s][info][gc,task        ] GC(1124) Using 6 workers of 6 for evacuation
[4168.962s][info][gc,phases      ] GC(1124)   Pre Evacuate Collection Set: 0.40ms
[4168.962s][info][gc,phases      ] GC(1124)   Merge Heap Roots: 0.44ms
[4168.962s][info][gc,phases      ] GC(1124)   Evacuate Collection Set: 114.56ms
[4168.962s][info][gc,phases      ] GC(1124)   Post Evacuate Collection Set: 0.90ms
[4168.962s][info][gc,phases      ] GC(1124)   Other: 0.10ms
[4168.962s][info][gc,heap        ] GC(1124) Eden regions: 1114->0(1119)
[4168.962s][info][gc,heap        ] GC(1124) Survivor regions: 114->109(154)
[4168.962s][info][gc,heap        ] GC(1124) Old regions: 476->508
[4168.962s][info][gc,heap        ] GC(1124) Humongous regions: 80->80
[4168.962s][info][gc,metaspace   ] GC(1124) Metaspace: 28893K(29312K)->28893K(29312K) NonClass: 24024K(24256K)->24024K(24256K) Class: 4868K(5056K)->4868K(5056K)
[4168.962s][info][gc             ] GC(1124) Pause Young (Concurrent Start) (G1 Evacuation Pause) 3565M->1391M(4096M) 116.546ms
[4168.962s][info][gc             ] GC(1125) Concurrent Mark Cycle
[4168.962s][info][gc,marking     ] GC(1125) Concurrent Scan Root Regions
[4168.962s][info][gc,cpu         ] GC(1124) User=0.69s Sys=0.00s Real=0.11s
[4169.110s][info][gc,marking     ] GC(1125) Concurrent Scan Root Regions 147.763ms
[4169.110s][info][gc,marking     ] GC(1125) Concurrent Mark
[4169.110s][info][gc,marking     ] GC(1125) Concurrent Mark From Roots
[4169.110s][info][gc,task        ] GC(1125) Using 2 workers of 2 for marking
.[4169.868s][info][gc,marking     ] GC(1125) Concurrent Mark From Roots 758.125ms
[4169.868s][info][gc,marking     ] GC(1125) Concurrent Preclean
[4169.868s][info][gc,marking     ] GC(1125) Concurrent Preclean 0.108ms
[4169.869s][info][gc,start       ] GC(1125) Pause Remark
[4169.874s][info][gc             ] GC(1125) Pause Remark 2193M->2193M(4096M) 4.935ms
[4169.874s][info][gc,cpu         ] GC(1125) User=0.03s Sys=0.00s Real=0.01s
[4169.874s][info][gc,marking     ] GC(1125) Concurrent Mark 764.844ms
[4169.874s][info][gc,marking     ] GC(1125) Concurrent Rebuild Remembered Sets and Scrub Regions
[4170.140s][info][gc,marking     ] GC(1125) Concurrent Rebuild Remembered Sets and Scrub Regions 265.808ms
[4170.140s][info][gc,start       ] GC(1125) Pause Cleanup
[4170.141s][info][gc             ] GC(1125) Pause Cleanup 2473M->2473M(4096M) 0.121ms
[4170.141s][info][gc,cpu         ] GC(1125) User=0.01s Sys=0.00s Real=0.00s
[4170.141s][info][gc,marking     ] GC(1125) Concurrent Clear Claimed Marks
[4170.141s][info][gc,marking     ] GC(1125) Concurrent Clear Claimed Marks 0.025ms
[4170.141s][info][gc,marking     ] GC(1125) Concurrent Cleanup for Next Mark
[4170.146s][info][gc,marking     ] GC(1125) Concurrent Cleanup for Next Mark 5.269ms
[4170.146s][info][gc             ] GC(1125) Concurrent Mark Cycle 1184.278ms
.[4171.356s][info][gc,start       ] GC(1126) Pause Young (Prepare Mixed) (G1 Evacuation Pause)
[4171.356s][info][gc,task        ] GC(1126) Using 6 workers of 6 for evacuation
[4171.479s][info][gc,phases      ] GC(1126)   Pre Evacuate Collection Set: 0.33ms
[4171.479s][info][gc,phases      ] GC(1126)   Merge Heap Roots: 0.47ms
[4171.479s][info][gc,phases      ] GC(1126)   Evacuate Collection Set: 120.71ms
[4171.479s][info][gc,phases      ] GC(1126)   Post Evacuate Collection Set: 0.89ms
[4171.479s][info][gc,phases      ] GC(1126)   Other: 0.10ms
[4171.479s][info][gc,heap        ] GC(1126) Eden regions: 1119->0(1098)
[4171.479s][info][gc,heap        ] GC(1126) Survivor regions: 109->114(154)
[4171.479s][info][gc,heap        ] GC(1126) Old regions: 508->539
[4171.479s][info][gc,heap        ] GC(1126) Humongous regions: 80->80
[4171.479s][info][gc,metaspace   ] GC(1126) Metaspace: 28893K(29312K)->28893K(29312K) NonClass: 24024K(24256K)->24024K(24256K) Class: 4868K(5056K)->4868K(5056K)
[4171.479s][info][gc             ] GC(1126) Pause Young (Prepare Mixed) (G1 Evacuation Pause) 3629M->1464M(4096M) 122.643ms
[4171.479s][info][gc,cpu         ] GC(1126) User=0.72s Sys=0.00s Real=0.12s
...[4173.843s][info][gc,start       ] GC(1127) Pause Young (Mixed) (G1 Evacuation Pause)
[4173.844s][info][gc,task        ] GC(1127) Using 6 workers of 6 for evacuation
[4173.976s][info][gc,phases      ] GC(1127)   Pre Evacuate Collection Set: 0.36ms
[4173.976s][info][gc,phases      ] GC(1127)   Merge Heap Roots: 0.66ms
[4173.976s][info][gc,phases      ] GC(1127)   Evacuate Collection Set: 129.97ms
[4173.976s][info][gc,phases      ] GC(1127)   Post Evacuate Collection Set: 0.94ms
[4173.976s][info][gc,phases      ] GC(1127)   Other: 0.08ms
[4173.976s][info][gc,heap        ] GC(1127) Eden regions: 1098->0(1120)
[4173.976s][info][gc,heap        ] GC(1127) Survivor regions: 114->108(152)
[4173.976s][info][gc,heap        ] GC(1127) Old regions: 539->477
[4173.976s][info][gc,heap        ] GC(1127) Humongous regions: 80->80
[4173.976s][info][gc,metaspace   ] GC(1127) Metaspace: 28893K(29312K)->28893K(29312K) NonClass: 24024K(24256K)->24024K(24256K) Class: 4868K(5056K)->4868K(5056K)
[4173.976s][info][gc             ] GC(1127) Pause Young (Mixed) (G1 Evacuation Pause) 3660M->1329M(4096M) 132.140ms
[4173.976s][info][gc,cpu         ] GC(1127) User=0.78s Sys=0.00s Real=0.14s
..[4176.363s][info][gc,start       ] GC(1128) Pause Young (Concurrent Start) (G1 Evacuation Pause)
[4176.363s][info][gc,task        ] GC(1128) Using 6 workers of 6 for evacuation
[4176.480s][info][gc,phases      ] GC(1128)   Pre Evacuate Collection Set: 0.40ms
[4176.480s][info][gc,phases      ] GC(1128)   Merge Heap Roots: 0.45ms
[4176.480s][info][gc,phases      ] GC(1128)   Evacuate Collection Set: 115.16ms
[4176.480s][info][gc,phases      ] GC(1128)   Post Evacuate Collection Set: 0.91ms
[4176.480s][info][gc,phases      ] GC(1128)   Other: 0.12ms
[4176.480s][info][gc,heap        ] GC(1128) Eden regions: 1120->0(1119)
[4176.480s][info][gc,heap        ] GC(1128) Survivor regions: 108->109(154)
[4176.480s][info][gc,heap        ] GC(1128) Old regions: 477->509
[4176.480s][info][gc,heap        ] GC(1128) Humongous regions: 80->80
[4176.480s][info][gc,metaspace   ] GC(1128) Metaspace: 28893K(29312K)->28893K(29312K) NonClass: 24024K(24256K)->24024K(24256K) Class: 4868K(5056K)->4868K(5056K)
[4176.480s][info][gc             ] GC(1128) Pause Young (Concurrent Start) (G1 Evacuation Pause) 3569M->1393M(4096M) 117.176ms
[4176.480s][info][gc             ] GC(1129) Concurrent Mark Cycle
[4176.480s][info][gc,marking     ] GC(1129) Concurrent Scan Root Regions
[4176.480s][info][gc,cpu         ] GC(1128) User=0.69s Sys=0.00s Real=0.12s
[4176.621s][info][gc,marking     ] GC(1129) Concurrent Scan Root Regions 140.357ms
[4176.621s][info][gc,marking     ] GC(1129) Concurrent Mark
[4176.621s][info][gc,marking     ] GC(1129) Concurrent Mark From Roots
[4176.621s][info][gc,task        ] GC(1129) Using 2 workers of 2 for marking
.[4177.326s][info][gc,marking     ] GC(1129) Concurrent Mark From Roots 705.000ms
[4177.326s][info][gc,marking     ] GC(1129) Concurrent Preclean
[4177.326s][info][gc,marking     ] GC(1129) Concurrent Preclean 0.100ms
[4177.329s][info][gc,start       ] GC(1129) Pause Remark
[4177.333s][info][gc             ] GC(1129) Pause Remark 2089M->2089M(4096M) 4.821ms
[4177.333s][info][gc,cpu         ] GC(1129) User=0.02s Sys=0.00s Real=0.00s
[4177.334s][info][gc,marking     ] GC(1129) Concurrent Mark 712.767ms
[4177.334s][info][gc,marking     ] GC(1129) Concurrent Rebuild Remembered Sets and Scrub Regions
[4177.669s][info][gc,marking     ] GC(1129) Concurrent Rebuild Remembered Sets and Scrub Regions 335.290ms
[4177.671s][info][gc,start       ] GC(1129) Pause Cleanup
[4177.671s][info][gc             ] GC(1129) Pause Cleanup 2445M->2445M(4096M) 0.136ms
[4177.671s][info][gc,cpu         ] GC(1129) User=0.00s Sys=0.00s Real=0.00s
[4177.671s][info][gc,marking     ] GC(1129) Concurrent Clear Claimed Marks
[4177.671s][info][gc,marking     ] GC(1129) Concurrent Clear Claimed Marks 0.033ms
[4177.671s][info][gc,marking     ] GC(1129) Concurrent Cleanup for Next Mark
[4177.677s][info][gc,marking     ] GC(1129) Concurrent Cleanup for Next Mark 5.278ms
[4177.677s][info][gc             ] GC(1129) Concurrent Mark Cycle 1196.271ms
..[4178.897s][info][gc,start       ] GC(1130) Pause Young (Prepare Mixed) (G1 Evacuation Pause)
[4178.897s][info][gc,task        ] GC(1130) Using 6 workers of 6 for evacuation
[4179.019s][info][gc,phases      ] GC(1130)   Pre Evacuate Collection Set: 0.34ms
[4179.019s][info][gc,phases      ] GC(1130)   Merge Heap Roots: 0.57ms
[4179.019s][info][gc,phases      ] GC(1130)   Evacuate Collection Set: 119.94ms
[4179.019s][info][gc,phases      ] GC(1130)   Post Evacuate Collection Set: 0.93ms
[4179.019s][info][gc,phases      ] GC(1130)   Other: 0.09ms
[4179.019s][info][gc,heap        ] GC(1130) Eden regions: 1119->0(1102)
[4179.019s][info][gc,heap        ] GC(1130) Survivor regions: 109->111(154)
[4179.019s][info][gc,heap        ] GC(1130) Old regions: 509->541
[4179.019s][info][gc,heap        ] GC(1130) Humongous regions: 80->80
[4179.019s][info][gc,metaspace   ] GC(1130) Metaspace: 28893K(29312K)->28893K(29312K) NonClass: 24024K(24256K)->24024K(24256K) Class: 4868K(5056K)->4868K(5056K)
[4179.019s][info][gc             ] GC(1130) Pause Young (Prepare Mixed) (G1 Evacuation Pause) 3631M->1462M(4096M) 121.996ms
[4179.019s][info][gc,cpu         ] GC(1130) User=0.72s Sys=0.00s Real=0.12s
..[4181.417s][info][gc,start       ] GC(1131) Pause Young (Mixed) (G1 Evacuation Pause)
[4181.417s][info][gc,task        ] GC(1131) Using 6 workers of 6 for evacuation
[4181.551s][info][gc,phases      ] GC(1131)   Pre Evacuate Collection Set: 0.38ms
[4181.551s][info][gc,phases      ] GC(1131)   Merge Heap Roots: 0.60ms
[4181.551s][info][gc,phases      ] GC(1131)   Evacuate Collection Set: 131.47ms
[4181.551s][info][gc,phases      ] GC(1131)   Post Evacuate Collection Set: 0.96ms
[4181.551s][info][gc,phases      ] GC(1131)   Other: 0.09ms
[4181.551s][info][gc,heap        ] GC(1131) Eden regions: 1102->0(1115)
[4181.551s][info][gc,heap        ] GC(1131) Survivor regions: 111->113(152)
[4181.551s][info][gc,heap        ] GC(1131) Old regions: 541->477
[4181.551s][info][gc,heap        ] GC(1131) Humongous regions: 80->80
[4181.551s][info][gc,metaspace   ] GC(1131) Metaspace: 28893K(29312K)->28893K(29312K) NonClass: 24024K(24256K)->24024K(24256K) Class: 4868K(5056K)->4868K(5056K)
[4181.551s][info][gc             ] GC(1131) Pause Young (Mixed) (G1 Evacuation Pause) 3666M->1338M(4096M) 133.640ms
[4181.551s][info][gc,cpu         ] GC(1131) User=0.79s Sys=0.00s Real=0.13s
...[4183.863s][info][gc,start       ] GC(1132) Pause Young (Concurrent Start) (G1 Evacuation Pause)
[4183.863s][info][gc,task        ] GC(1132) Using 6 workers of 6 for evacuation
[4183.978s][info][gc,phases      ] GC(1132)   Pre Evacuate Collection Set: 0.39ms
[4183.978s][info][gc,phases      ] GC(1132)   Merge Heap Roots: 0.46ms
[4183.978s][info][gc,phases      ] GC(1132)   Evacuate Collection Set: 113.60ms
[4183.978s][info][gc,phases      ] GC(1132)   Post Evacuate Collection Set: 0.91ms
[4183.978s][info][gc,phases      ] GC(1132)   Other: 0.10ms
[4183.978s][info][gc,heap        ] GC(1132) Eden regions: 1115->0(1120)
[4183.978s][info][gc,heap        ] GC(1132) Survivor regions: 113->108(154)
[4183.978s][info][gc,heap        ] GC(1132) Old regions: 477->509
[4183.978s][info][gc,heap        ] GC(1132) Humongous regions: 80->80
[4183.978s][info][gc,metaspace   ] GC(1132) Metaspace: 28893K(29312K)->28893K(29312K) NonClass: 24024K(24256K)->24024K(24256K) Class: 4868K(5056K)->4868K(5056K)
[4183.978s][info][gc             ] GC(1132) Pause Young (Concurrent Start) (G1 Evacuation Pause) 3568M->1392M(4096M) 115.611ms
[4183.978s][info][gc             ] GC(1133) Concurrent Mark Cycle
[4183.978s][info][gc,marking     ] GC(1133) Concurrent Scan Root Regions
[4183.978s][info][gc,cpu         ] GC(1132) User=0.68s Sys=0.00s Real=0.12s
[4184.118s][info][gc,marking     ] GC(1133) Concurrent Scan Root Regions 139.924ms
[4184.118s][info][gc,marking     ] GC(1133) Concurrent Mark
[4184.118s][info][gc,marking     ] GC(1133) Concurrent Mark From Roots
[4184.118s][info][gc,task        ] GC(1133) Using 2 workers of 2 for marking
.[4184.865s][info][gc,marking     ] GC(1133) Concurrent Mark From Roots 746.887ms
[4184.865s][info][gc,marking     ] GC(1133) Concurrent Preclean
[4184.865s][info][gc,marking     ] GC(1133) Concurrent Preclean 0.102ms
[4184.867s][info][gc,start       ] GC(1133) Pause Remark
[4184.871s][info][gc             ] GC(1133) Pause Remark 2144M->2144M(4096M) 4.502ms
[4184.871s][info][gc,cpu         ] GC(1133) User=0.02s Sys=0.00s Real=0.00s
[4184.872s][info][gc,marking     ] GC(1133) Concurrent Mark 753.651ms
[4184.872s][info][gc,marking     ] GC(1133) Concurrent Rebuild Remembered Sets and Scrub Regions
[4185.185s][info][gc,marking     ] GC(1133) Concurrent Rebuild Remembered Sets and Scrub Regions 312.644ms
[4185.187s][info][gc,start       ] GC(1133) Pause Cleanup
[4185.187s][info][gc             ] GC(1133) Pause Cleanup 2498M->2498M(4096M) 0.139ms
[4185.187s][info][gc,cpu         ] GC(1133) User=0.00s Sys=0.00s Real=0.00s
[4185.187s][info][gc,marking     ] GC(1133) Concurrent Clear Claimed Marks
[4185.187s][info][gc,marking     ] GC(1133) Concurrent Clear Claimed Marks 0.030ms
[4185.187s][info][gc,marking     ] GC(1133) Concurrent Cleanup for Next Mark
[4185.194s][info][gc,marking     ] GC(1133) Concurrent Cleanup for Next Mark 6.764ms
[4185.194s][info][gc             ] GC(1133) Concurrent Mark Cycle 1215.495ms
.[4186.395s][info][gc,start       ] GC(1134) Pause Young (Prepare Mixed) (G1 Evacuation Pause)
[4186.395s][info][gc,task        ] GC(1134) Using 6 workers of 6 for evacuation
[4186.517s][info][gc,phases      ] GC(1134)   Pre Evacuate Collection Set: 0.31ms
[4186.517s][info][gc,phases      ] GC(1134)   Merge Heap Roots: 0.50ms
[4186.517s][info][gc,phases      ] GC(1134)   Evacuate Collection Set: 120.08ms
[4186.517s][info][gc,phases      ] GC(1134)   Post Evacuate Collection Set: 0.97ms
[4186.517s][info][gc,phases      ] GC(1134)   Other: 0.08ms
[4186.517s][info][gc,heap        ] GC(1134) Eden regions: 1120->0(1097)
[4186.517s][info][gc,heap        ] GC(1134) Survivor regions: 108->113(154)
[4186.517s][info][gc,heap        ] GC(1134) Old regions: 509->542
[4186.517s][info][gc,heap        ] GC(1134) Humongous regions: 80->80
[4186.517s][info][gc,metaspace   ] GC(1134) Metaspace: 28893K(29312K)->28893K(29312K) NonClass: 24024K(24256K)->24024K(24256K) Class: 4868K(5056K)->4868K(5056K)
[4186.517s][info][gc             ] GC(1134) Pause Young (Prepare Mixed) (G1 Evacuation Pause) 3632M->1468M(4096M) 122.070ms
[4186.517s][info][gc,cpu         ] GC(1134) User=0.72s Sys=0.00s Real=0.12s
...[4188.877s][info][gc,start       ] GC(1135) Pause Young (Mixed) (G1 Evacuation Pause)
[4188.877s][info][gc,task        ] GC(1135) Using 6 workers of 6 for evacuation
[4189.011s][info][gc,phases      ] GC(1135)   Pre Evacuate Collection Set: 0.38ms
[4189.011s][info][gc,phases      ] GC(1135)   Merge Heap Roots: 0.75ms
[4189.011s][info][gc,phases      ] GC(1135)   Evacuate Collection Set: 131.75ms
[4189.011s][info][gc,phases      ] GC(1135)   Post Evacuate Collection Set: 0.97ms
[4189.011s][info][gc,phases      ] GC(1135)   Other: 0.08ms
[4189.011s][info][gc,heap        ] GC(1135) Eden regions: 1097->0(1120)
[4189.011s][info][gc,heap        ] GC(1135) Survivor regions: 113->108(152)
[4189.011s][info][gc,heap        ] GC(1135) Old regions: 542->478
[4189.011s][info][gc,heap        ] GC(1135) Humongous regions: 80->80
[4189.011s][info][gc,metaspace   ] GC(1135) Metaspace: 28893K(29312K)->28893K(29312K) NonClass: 24024K(24256K)->24024K(24256K) Class: 4868K(5056K)->4868K(5056K)
[4189.011s][info][gc             ] GC(1135) Pause Young (Mixed) (G1 Evacuation Pause) 3662M->1330M(4096M) 134.104ms
[4189.012s][info][gc,cpu         ] GC(1135) User=0.80s Sys=0.00s Real=0.13s
..[4191.415s][info][gc,start       ] GC(1136) Pause Young (Concurrent Start) (G1 Evacuation Pause)
[4191.415s][info][gc,task        ] GC(1136) Using 6 workers of 6 for evacuation
[4191.539s][info][gc,phases      ] GC(1136)   Pre Evacuate Collection Set: 0.35ms
[4191.539s][info][gc,phases      ] GC(1136)   Merge Heap Roots: 0.48ms
[4191.539s][info][gc,phases      ] GC(1136)   Evacuate Collection Set: 121.49ms
[4191.539s][info][gc,phases      ] GC(1136)   Post Evacuate Collection Set: 0.89ms
[4191.539s][info][gc,phases      ] GC(1136)   Other: 0.12ms
[4191.539s][info][gc,heap        ] GC(1136) Eden regions: 1120->0(1114)
[4191.539s][info][gc,heap        ] GC(1136) Survivor regions: 108->114(154)
[4191.539s][info][gc,heap        ] GC(1136) Old regions: 478->509
[4191.539s][info][gc,heap        ] GC(1136) Humongous regions: 80->80
[4191.539s][info][gc,metaspace   ] GC(1136) Metaspace: 28893K(29312K)->28893K(29312K) NonClass: 24024K(24256K)->24024K(24256K) Class: 4868K(5056K)->4868K(5056K)
[4191.539s][info][gc             ] GC(1136) Pause Young (Concurrent Start) (G1 Evacuation Pause) 3570M->1405M(4096M) 123.472ms
[4191.539s][info][gc             ] GC(1137) Concurrent Mark Cycle
[4191.539s][info][gc,marking     ] GC(1137) Concurrent Scan Root Regions
[4191.539s][info][gc,cpu         ] GC(1136) User=0.73s Sys=0.00s Real=0.12s
[4191.693s][info][gc,marking     ] GC(1137) Concurrent Scan Root Regions 154.134ms
[4191.693s][info][gc,marking     ] GC(1137) Concurrent Mark
[4191.693s][info][gc,marking     ] GC(1137) Concurrent Mark From Roots
[4191.693s][info][gc,task        ] GC(1137) Using 2 workers of 2 for marking
.[4192.460s][info][gc,marking     ] GC(1137) Concurrent Mark From Roots 766.646ms
[4192.460s][info][gc,marking     ] GC(1137) Concurrent Preclean
[4192.460s][info][gc,marking     ] GC(1137) Concurrent Preclean 0.117ms
[4192.460s][info][gc,start       ] GC(1137) Pause Remark
[4192.466s][info][gc             ] GC(1137) Pause Remark 2165M->2165M(4096M) 5.263ms
[4192.466s][info][gc,cpu         ] GC(1137) User=0.03s Sys=0.00s Real=0.01s
[4192.466s][info][gc,marking     ] GC(1137) Concurrent Mark 772.832ms
[4192.466s][info][gc,marking     ] GC(1137) Concurrent Rebuild Remembered Sets and Scrub Regions
[4192.792s][info][gc,marking     ] GC(1137) Concurrent Rebuild Remembered Sets and Scrub Regions 325.702ms
[4192.795s][info][gc,start       ] GC(1137) Pause Cleanup
[4192.795s][info][gc             ] GC(1137) Pause Cleanup 2547M->2547M(4096M) 0.136ms
[4192.795s][info][gc,cpu         ] GC(1137) User=0.00s Sys=0.00s Real=0.00s
[4192.795s][info][gc,marking     ] GC(1137) Concurrent Clear Claimed Marks
[4192.795s][info][gc,marking     ] GC(1137) Concurrent Clear Claimed Marks 0.027ms
[4192.795s][info][gc,marking     ] GC(1137) Concurrent Cleanup for Next Mark
[4192.802s][info][gc,marking     ] GC(1137) Concurrent Cleanup for Next Mark 7.310ms
[4192.802s][info][gc             ] GC(1137) Concurrent Mark Cycle 1263.492ms
..[4193.971s][info][gc,start       ] GC(1138) Pause Young (Prepare Mixed) (G1 Evacuation Pause)
[4193.971s][info][gc,task        ] GC(1138) Using 6 workers of 6 for evacuation
[4194.091s][info][gc,phases      ] GC(1138)   Pre Evacuate Collection Set: 0.34ms
[4194.091s][info][gc,phases      ] GC(1138)   Merge Heap Roots: 0.49ms
[4194.091s][info][gc,phases      ] GC(1138)   Evacuate Collection Set: 117.50ms
[4194.091s][info][gc,phases      ] GC(1138)   Post Evacuate Collection Set: 0.94ms
[4194.091s][info][gc,phases      ] GC(1138)   Other: 0.09ms
[4194.091s][info][gc,heap        ] GC(1138) Eden regions: 1114->0(1103)
[4194.091s][info][gc,heap        ] GC(1138) Survivor regions: 114->111(154)
[4194.091s][info][gc,heap        ] GC(1138) Old regions: 509->540
[4194.091s][info][gc,heap        ] GC(1138) Humongous regions: 80->80
[4194.091s][info][gc,metaspace   ] GC(1138) Metaspace: 28893K(29312K)->28893K(29312K) NonClass: 24024K(24256K)->24024K(24256K) Class: 4868K(5056K)->4868K(5056K)
[4194.091s][info][gc             ] GC(1138) Pause Young (Prepare Mixed) (G1 Evacuation Pause) 3633M->1460M(4096M) 119.492ms
[4194.091s][info][gc,cpu         ] GC(1138) User=0.71s Sys=0.00s Real=0.12s
..[4196.359s][info][gc,start       ] GC(1139) Pause Young (Mixed) (G1 Evacuation Pause)
[4196.359s][info][gc,task        ] GC(1139) Using 6 workers of 6 for evacuation
[4196.494s][info][gc,phases      ] GC(1139)   Pre Evacuate Collection Set: 0.36ms
[4196.494s][info][gc,phases      ] GC(1139)   Merge Heap Roots: 0.65ms
[4196.494s][info][gc,phases      ] GC(1139)   Evacuate Collection Set: 132.60ms
[4196.494s][info][gc,phases      ] GC(1139)   Post Evacuate Collection Set: 0.92ms
[4196.494s][info][gc,phases      ] GC(1139)   Other: 0.09ms
[4196.494s][info][gc,heap        ] GC(1139) Eden regions: 1103->0(1117)
[4196.494s][info][gc,heap        ] GC(1139) Survivor regions: 111->111(152)
[4196.494s][info][gc,heap        ] GC(1139) Old regions: 540->475
[4196.494s][info][gc,heap        ] GC(1139) Humongous regions: 80->80
[4196.494s][info][gc,metaspace   ] GC(1139) Metaspace: 28893K(29312K)->28893K(29312K) NonClass: 24024K(24256K)->24024K(24256K) Class: 4868K(5056K)->4868K(5056K)
[4196.494s][info][gc             ] GC(1139) Pause Young (Mixed) (G1 Evacuation Pause) 3666M->1331M(4096M) 134.746ms
[4196.494s][info][gc,cpu         ] GC(1139) User=0.79s Sys=0.00s Real=0.14s
..[4198.867s][info][gc,start       ] GC(1140) Pause Young (Concurrent Start) (G1 Evacuation Pause)
[4198.867s][info][gc,task        ] GC(1140) Using 6 workers of 6 for evacuation
[4198.983s][info][gc,phases      ] GC(1140)   Pre Evacuate Collection Set: 0.37ms
[4198.983s][info][gc,phases      ] GC(1140)   Merge Heap Roots: 0.46ms
[4198.983s][info][gc,phases      ] GC(1140)   Evacuate Collection Set: 114.19ms
[4198.983s][info][gc,phases      ] GC(1140)   Post Evacuate Collection Set: 0.88ms
[4198.983s][info][gc,phases      ] GC(1140)   Other: 0.11ms
[4198.983s][info][gc,heap        ] GC(1140) Eden regions: 1117->0(1121)
[4198.983s][info][gc,heap        ] GC(1140) Survivor regions: 111->107(154)
[4198.983s][info][gc,heap        ] GC(1140) Old regions: 475->507
[4198.983s][info][gc,heap        ] GC(1140) Humongous regions: 80->80
[4198.983s][info][gc,metaspace   ] GC(1140) Metaspace: 28893K(29312K)->28893K(29312K) NonClass: 24024K(24256K)->24024K(24256K) Class: 4868K(5056K)->4868K(5056K)
[4198.983s][info][gc             ] GC(1140) Pause Young (Concurrent Start) (G1 Evacuation Pause) 3565M->1387M(4096M) 116.131ms
[4198.984s][info][gc             ] GC(1141) Concurrent Mark Cycle
[4198.984s][info][gc,marking     ] GC(1141) Concurrent Scan Root Regions
[4198.984s][info][gc,cpu         ] GC(1140) User=0.68s Sys=0.00s Real=0.11s
.[4199.126s][info][gc,marking     ] GC(1141) Concurrent Scan Root Regions 142.587ms
[4199.126s][info][gc,marking     ] GC(1141) Concurrent Mark
[4199.126s][info][gc,marking     ] GC(1141) Concurrent Mark From Roots
[4199.126s][info][gc,task        ] GC(1141) Using 2 workers of 2 for marking
[4199.852s][info][gc,marking     ] GC(1141) Concurrent Mark From Roots 725.733ms
[4199.852s][info][gc,marking     ] GC(1141) Concurrent Preclean
[4199.852s][info][gc,marking     ] GC(1141) Concurrent Preclean 0.081ms
[4199.853s][info][gc,start       ] GC(1141) Pause Remark
[4199.859s][info][gc             ] GC(1141) Pause Remark 2161M->2161M(4096M) 5.507ms
[4199.859s][info][gc,cpu         ] GC(1141) User=0.03s Sys=0.00s Real=0.01s
[4199.860s][info][gc,marking     ] GC(1141) Concurrent Mark 733.428ms
[4199.860s][info][gc,marking     ] GC(1141) Concurrent Rebuild Remembered Sets and Scrub Regions
.[4200.127s][info][gc,marking     ] GC(1141) Concurrent Rebuild Remembered Sets and Scrub Regions 267.583ms
[4200.129s][info][gc,start       ] GC(1141) Pause Cleanup
[4200.129s][info][gc             ] GC(1141) Pause Cleanup 2435M->2435M(4096M) 0.123ms
[4200.129s][info][gc,cpu         ] GC(1141) User=0.00s Sys=0.00s Real=0.00s
[4200.129s][info][gc,marking     ] GC(1141) Concurrent Clear Claimed Marks
[4200.129s][info][gc,marking     ] GC(1141) Concurrent Clear Claimed Marks 0.027ms
[4200.129s][info][gc,marking     ] GC(1141) Concurrent Cleanup for Next Mark
[4200.135s][info][gc,marking     ] GC(1141) Concurrent Cleanup for Next Mark 5.208ms
[4200.135s][info][gc             ] GC(1141) Concurrent Mark Cycle 1151.193ms
.[4201.417s][info][gc,start       ] GC(1142) Pause Young (Prepare Mixed) (G1 Evacuation Pause)
[4201.417s][info][gc,task        ] GC(1142) Using 6 workers of 6 for evacuation
[4201.537s][info][gc,phases      ] GC(1142)   Pre Evacuate Collection Set: 0.34ms
[4201.538s][info][gc,phases      ] GC(1142)   Merge Heap Roots: 0.49ms
[4201.538s][info][gc,phases      ] GC(1142)   Evacuate Collection Set: 118.38ms
[4201.538s][info][gc,phases      ] GC(1142)   Post Evacuate Collection Set: 0.93ms
[4201.538s][info][gc,phases      ] GC(1142)   Other: 0.09ms
[4201.538s][info][gc,heap        ] GC(1142) Eden regions: 1121->0(1103)
[4201.538s][info][gc,heap        ] GC(1142) Survivor regions: 107->112(154)
[4201.538s][info][gc,heap        ] GC(1142) Old regions: 507->538
[4201.538s][info][gc,heap        ] GC(1142) Humongous regions: 80->80
[4201.538s][info][gc,metaspace   ] GC(1142) Metaspace: 28893K(29312K)->28893K(29312K) NonClass: 24024K(24256K)->24024K(24256K) Class: 4868K(5056K)->4868K(5056K)
[4201.538s][info][gc             ] GC(1142) Pause Young (Prepare Mixed) (G1 Evacuation Pause) 3629M->1459M(4096M) 120.351ms
[4201.538s][info][gc,cpu         ] GC(1142) User=0.71s Sys=0.00s Real=0.12s
..[4203.829s][info][gc,start       ] GC(1143) Pause Young (Mixed) (G1 Evacuation Pause)
[4203.829s][info][gc,task        ] GC(1143) Using 6 workers of 6 for evacuation
[4203.958s][info][gc,phases      ] GC(1143)   Pre Evacuate Collection Set: 0.39ms
[4203.958s][info][gc,phases      ] GC(1143)   Merge Heap Roots: 0.61ms
[4203.958s][info][gc,phases      ] GC(1143)   Evacuate Collection Set: 127.66ms
[4203.958s][info][gc,phases      ] GC(1143)   Post Evacuate Collection Set: 0.93ms
[4203.958s][info][gc,phases      ] GC(1143)   Other: 0.09ms
[4203.958s][info][gc,heap        ] GC(1143) Eden regions: 1103->0(1122)
[4203.958s][info][gc,heap        ] GC(1143) Survivor regions: 112->106(152)
[4203.958s][info][gc,heap        ] GC(1143) Old regions: 538->476
[4203.958s][info][gc,heap        ] GC(1143) Humongous regions: 80->80
[4203.958s][info][gc,metaspace   ] GC(1143) Metaspace: 28893K(29312K)->28893K(29312K) NonClass: 24024K(24256K)->24024K(24256K) Class: 4868K(5056K)->4868K(5056K)
[4203.958s][info][gc             ] GC(1143) Pause Young (Mixed) (G1 Evacuation Pause) 3665M->1323M(4096M) 129.809ms
[4203.959s][info][gc,cpu         ] GC(1143) User=0.77s Sys=0.00s Real=0.13s
...[4206.481s][info][gc,start       ] GC(1144) Pause Young (Concurrent Start) (G1 Evacuation Pause)
[4206.481s][info][gc,task        ] GC(1144) Using 6 workers of 6 for evacuation
[4206.603s][info][gc,phases      ] GC(1144)   Pre Evacuate Collection Set: 0.37ms
[4206.603s][info][gc,phases      ] GC(1144)   Merge Heap Roots: 0.47ms
[4206.603s][info][gc,phases      ] GC(1144)   Evacuate Collection Set: 120.55ms
[4206.603s][info][gc,phases      ] GC(1144)   Post Evacuate Collection Set: 0.87ms
[4206.603s][info][gc,phases      ] GC(1144)   Other: 0.11ms
[4206.603s][info][gc,heap        ] GC(1144) Eden regions: 1122->0(1115)
[4206.603s][info][gc,heap        ] GC(1144) Survivor regions: 106->113(154)
[4206.603s][info][gc,heap        ] GC(1144) Old regions: 476->509
[4206.603s][info][gc,heap        ] GC(1144) Humongous regions: 80->80
[4206.603s][info][gc,metaspace   ] GC(1144) Metaspace: 28893K(29312K)->28893K(29312K) NonClass: 24024K(24256K)->24024K(24256K) Class: 4868K(5056K)->4868K(5056K)
[4206.603s][info][gc             ] GC(1144) Pause Young (Concurrent Start) (G1 Evacuation Pause) 3567M->1401M(4096M) 122.523ms
[4206.603s][info][gc             ] GC(1145) Concurrent Mark Cycle
[4206.603s][info][gc,marking     ] GC(1145) Concurrent Scan Root Regions
[4206.603s][info][gc,cpu         ] GC(1144) User=0.73s Sys=0.00s Real=0.12s
[4206.748s][info][gc,marking     ] GC(1145) Concurrent Scan Root Regions 144.249ms
[4206.748s][info][gc,marking     ] GC(1145) Concurrent Mark
[4206.748s][info][gc,marking     ] GC(1145) Concurrent Mark From Roots
[4206.748s][info][gc,task        ] GC(1145) Using 2 workers of 2 for marking
.[4207.537s][info][gc,marking     ] GC(1145) Concurrent Mark From Roots 789.412ms
[4207.537s][info][gc,marking     ] GC(1145) Concurrent Preclean
[4207.537s][info][gc,marking     ] GC(1145) Concurrent Preclean 0.106ms
[4207.540s][info][gc,start       ] GC(1145) Pause Remark
[4207.545s][info][gc             ] GC(1145) Pause Remark 2193M->2193M(4096M) 5.204ms
[4207.545s][info][gc,cpu         ] GC(1145) User=0.03s Sys=0.01s Real=0.01s
[4207.545s][info][gc,marking     ] GC(1145) Concurrent Mark 797.317ms
[4207.545s][info][gc,marking     ] GC(1145) Concurrent Rebuild Remembered Sets and Scrub Regions
[4207.820s][info][gc,marking     ] GC(1145) Concurrent Rebuild Remembered Sets and Scrub Regions 274.810ms
[4207.824s][info][gc,start       ] GC(1145) Pause Cleanup
[4207.824s][info][gc             ] GC(1145) Pause Cleanup 2487M->2487M(4096M) 0.131ms
[4207.824s][info][gc,cpu         ] GC(1145) User=0.00s Sys=0.00s Real=0.00s
[4207.824s][info][gc,marking     ] GC(1145) Concurrent Clear Claimed Marks
[4207.824s][info][gc,marking     ] GC(1145) Concurrent Clear Claimed Marks 0.027ms
[4207.824s][info][gc,marking     ] GC(1145) Concurrent Cleanup for Next Mark
[4207.829s][info][gc,marking     ] GC(1145) Concurrent Cleanup for Next Mark 4.562ms
[4207.829s][info][gc             ] GC(1145) Concurrent Mark Cycle 1225.753ms
.[4208.947s][info][gc,start       ] GC(1146) Pause Young (Prepare Mixed) (G1 Evacuation Pause)
[4208.947s][info][gc,task        ] GC(1146) Using 6 workers of 6 for evacuation
[4209.067s][info][gc,phases      ] GC(1146)   Pre Evacuate Collection Set: 0.33ms
[4209.067s][info][gc,phases      ] GC(1146)   Merge Heap Roots: 0.47ms
[4209.067s][info][gc,phases      ] GC(1146)   Evacuate Collection Set: 117.87ms
[4209.067s][info][gc,phases      ] GC(1146)   Post Evacuate Collection Set: 0.94ms
[4209.067s][info][gc,phases      ] GC(1146)   Other: 0.09ms
[4209.067s][info][gc,heap        ] GC(1146) Eden regions: 1115->0(1103)
[4209.067s][info][gc,heap        ] GC(1146) Survivor regions: 113->111(154)
[4209.067s][info][gc,heap        ] GC(1146) Old regions: 509->540
[4209.067s][info][gc,heap        ] GC(1146) Humongous regions: 80->80
[4209.067s][info][gc,metaspace   ] GC(1146) Metaspace: 28893K(29312K)->28893K(29312K) NonClass: 24024K(24256K)->24024K(24256K) Class: 4868K(5056K)->4868K(5056K)
[4209.067s][info][gc             ] GC(1146) Pause Young (Prepare Mixed) (G1 Evacuation Pause) 3631M->1459M(4096M) 119.834ms
[4209.067s][info][gc,cpu         ] GC(1146) User=0.71s Sys=0.00s Real=0.12s
...[4211.341s][info][gc,start       ] GC(1147) Pause Young (Mixed) (G1 Evacuation Pause)
[4211.341s][info][gc,task        ] GC(1147) Using 6 workers of 6 for evacuation
[4211.477s][info][gc,phases      ] GC(1147)   Pre Evacuate Collection Set: 0.37ms
[4211.477s][info][gc,phases      ] GC(1147)   Merge Heap Roots: 0.68ms
[4211.477s][info][gc,phases      ] GC(1147)   Evacuate Collection Set: 133.94ms
[4211.477s][info][gc,phases      ] GC(1147)   Post Evacuate Collection Set: 1.00ms
[4211.477s][info][gc,phases      ] GC(1147)   Other: 0.09ms
[4211.477s][info][gc,heap        ] GC(1147) Eden regions: 1103->0(1117)
[4211.477s][info][gc,heap        ] GC(1147) Survivor regions: 111->111(152)
[4211.477s][info][gc,heap        ] GC(1147) Old regions: 540->477
[4211.477s][info][gc,heap        ] GC(1147) Humongous regions: 80->80
[4211.477s][info][gc,metaspace   ] GC(1147) Metaspace: 28893K(29312K)->28893K(29312K) NonClass: 24024K(24256K)->24024K(24256K) Class: 4868K(5056K)->4868K(5056K)
[4211.477s][info][gc             ] GC(1147) Pause Young (Mixed) (G1 Evacuation Pause) 3665M->1335M(4096M) 136.217ms
[4211.477s][info][gc,cpu         ] GC(1147) User=0.81s Sys=0.00s Real=0.14s
 (rIR:aIR:PR = 7472:7477:7477) (tPR = 111380) [OK] 
  4211s: Performance info:
         Transaction,    Success,    Partial,     Failed,   Receipts, AvgBarcode, 
             Overall,     455081,          0,          0,     432285,      59.47, 
         Response times:
             Request,    Success,    Partial,     Failed,   SkipFail,     Probes,    Samples,      min,      p50,      p90,      p95,      p99,      max, 
       TotalPurchase,     432287,          0,          0,          0,     359624,     415386,      200,     6500,    82000,   122000,   183000,   437000,
     InStorePurchase,     227435,          0,          0,          0,     189352,     218328,      200,     6600,    82000,   122000,   183000,   437000,
      OnlinePurchase,     159291,          0,          0,          0,     132609,     153099,      300,     6400,    83000,   123000,   184000,   328000,
        InstPurchase,      45561,          0,          0,          0,      37663,      43959,      400,     6400,    78000,   120000,   182000,   305000,
          AssocOfCat,        455,          0,          0,          0,        377,        544,    28000,    44000,   148000,   180250,   243750,   308000,
      AssocOfProduct,       4556,          0,          0,          0,       4258,       5147,      500,     5700,    79200,   121000,   183520,   292000,
      BusinessReport,       1142,          0,          0,          0,       1011,       1276,    28000,    46000,   159000,   185000,   259690,   305000,
          CustBuyBeh,       4557,          0,          0,          0,       4281,       5068,      300,     4700,    72000,   116000,   175310,   269000,
       ProductReturn,      12094,          0,          0,          0,      10198,      12072,      300,     5800,    80000,   118000,   187270,   293000,

  4211s: (55%)   IR =   7610 ..[4213.951s][info][gc,start       ] GC(1148) Pause Young (Concurrent Start) (G1 Evacuation Pause)
[4213.951s][info][gc,task        ] GC(1148) Using 6 workers of 6 for evacuation
[4214.066s][info][gc,phases      ] GC(1148)   Pre Evacuate Collection Set: 0.40ms
[4214.066s][info][gc,phases      ] GC(1148)   Merge Heap Roots: 0.46ms
[4214.066s][info][gc,phases      ] GC(1148)   Evacuate Collection Set: 112.94ms
[4214.066s][info][gc,phases      ] GC(1148)   Post Evacuate Collection Set: 0.94ms
[4214.066s][info][gc,phases      ] GC(1148)   Other: 0.09ms
[4214.066s][info][gc,heap        ] GC(1148) Eden regions: 1117->0(1121)
[4214.066s][info][gc,heap        ] GC(1148) Survivor regions: 111->107(154)
[4214.066s][info][gc,heap        ] GC(1148) Old regions: 477->509
[4214.066s][info][gc,heap        ] GC(1148) Humongous regions: 80->80
[4214.066s][info][gc,metaspace   ] GC(1148) Metaspace: 28893K(29312K)->28893K(29312K) NonClass: 24024K(24256K)->24024K(24256K) Class: 4868K(5056K)->4868K(5056K)
[4214.066s][info][gc             ] GC(1148) Pause Young (Concurrent Start) (G1 Evacuation Pause) 3569M->1391M(4096M) 114.990ms
[4214.066s][info][gc             ] GC(1149) Concurrent Mark Cycle
[4214.066s][info][gc,marking     ] GC(1149) Concurrent Scan Root Regions
[4214.066s][info][gc,cpu         ] GC(1148) User=0.68s Sys=0.00s Real=0.12s
[4214.245s][info][gc,marking     ] GC(1149) Concurrent Scan Root Regions 179.705ms
[4214.245s][info][gc,marking     ] GC(1149) Concurrent Mark
[4214.245s][info][gc,marking     ] GC(1149) Concurrent Mark From Roots
[4214.245s][info][gc,task        ] GC(1149) Using 2 workers of 2 for marking
.[4215.175s][info][gc,marking     ] GC(1149) Concurrent Mark From Roots 930.030ms
[4215.176s][info][gc,marking     ] GC(1149) Concurrent Preclean
[4215.176s][info][gc,marking     ] GC(1149) Concurrent Preclean 0.139ms
[4215.177s][info][gc,start       ] GC(1149) Pause Remark
[4215.184s][info][gc             ] GC(1149) Pause Remark 2425M->2425M(4096M) 7.019ms
[4215.184s][info][gc,cpu         ] GC(1149) User=0.04s Sys=0.00s Real=0.01s
[4215.184s][info][gc,marking     ] GC(1149) Concurrent Mark 938.499ms
[4215.184s][info][gc,marking     ] GC(1149) Concurrent Rebuild Remembered Sets and Scrub Regions
.[4215.559s][info][gc,marking     ] GC(1149) Concurrent Rebuild Remembered Sets and Scrub Regions 375.241ms
[4215.559s][info][gc,start       ] GC(1149) Pause Cleanup
[4215.560s][info][gc             ] GC(1149) Pause Cleanup 2787M->2787M(4096M) 0.120ms
[4215.560s][info][gc,cpu         ] GC(1149) User=0.00s Sys=0.00s Real=0.00s
[4215.560s][info][gc,marking     ] GC(1149) Concurrent Clear Claimed Marks
[4215.560s][info][gc,marking     ] GC(1149) Concurrent Clear Claimed Marks 0.030ms
[4215.560s][info][gc,marking     ] GC(1149) Concurrent Cleanup for Next Mark
[4215.565s][info][gc,marking     ] GC(1149) Concurrent Cleanup for Next Mark 4.855ms
[4215.565s][info][gc             ] GC(1149) Concurrent Mark Cycle 1499.033ms
[4216.422s][info][gc,start       ] GC(1150) Pause Young (Prepare Mixed) (G1 Evacuation Pause)
[4216.423s][info][gc,task        ] GC(1150) Using 6 workers of 6 for evacuation
[4216.540s][info][gc,phases      ] GC(1150)   Pre Evacuate Collection Set: 0.37ms
[4216.540s][info][gc,phases      ] GC(1150)   Merge Heap Roots: 0.53ms
[4216.540s][info][gc,phases      ] GC(1150)   Evacuate Collection Set: 114.66ms
[4216.540s][info][gc,phases      ] GC(1150)   Post Evacuate Collection Set: 1.01ms
[4216.540s][info][gc,phases      ] GC(1150)   Other: 0.87ms
[4216.540s][info][gc,heap        ] GC(1150) Eden regions: 1121->0(1104)
[4216.540s][info][gc,heap        ] GC(1150) Survivor regions: 107->110(154)
[4216.540s][info][gc,heap        ] GC(1150) Old regions: 509->541
[4216.540s][info][gc,heap        ] GC(1150) Humongous regions: 80->80
[4216.540s][info][gc,metaspace   ] GC(1150) Metaspace: 28893K(29312K)->28893K(29312K) NonClass: 24024K(24256K)->24024K(24256K) Class: 4868K(5056K)->4868K(5056K)
[4216.540s][info][gc             ] GC(1150) Pause Young (Prepare Mixed) (G1 Evacuation Pause) 3633M->1460M(4096M) 117.573ms
[4216.540s][info][gc,cpu         ] GC(1150) User=0.69s Sys=0.00s Real=0.12s
...[4218.939s][info][gc,start       ] GC(1151) Pause Young (Mixed) (G1 Evacuation Pause)
[4218.939s][info][gc,task        ] GC(1151) Using 6 workers of 6 for evacuation
[4219.072s][info][gc,phases      ] GC(1151)   Pre Evacuate Collection Set: 0.36ms
[4219.072s][info][gc,phases      ] GC(1151)   Merge Heap Roots: 0.63ms
[4219.072s][info][gc,phases      ] GC(1151)   Evacuate Collection Set: 130.58ms
[4219.072s][info][gc,phases      ] GC(1151)   Post Evacuate Collection Set: 0.97ms
[4219.072s][info][gc,phases      ] GC(1151)   Other: 0.08ms
[4219.072s][info][gc,heap        ] GC(1151) Eden regions: 1104->0(1119)
[4219.072s][info][gc,heap        ] GC(1151) Survivor regions: 110->109(152)
[4219.072s][info][gc,heap        ] GC(1151) Old regions: 541->477
[4219.072s][info][gc,heap        ] GC(1151) Humongous regions: 80->80
[4219.072s][info][gc,metaspace   ] GC(1151) Metaspace: 28893K(29312K)->28893K(29312K) NonClass: 24024K(24256K)->24024K(24256K) Class: 4868K(5056K)->4868K(5056K)
[4219.072s][info][gc             ] GC(1151) Pause Young (Mixed) (G1 Evacuation Pause) 3668M->1330M(4096M) 132.758ms
[4219.072s][info][gc,cpu         ] GC(1151) User=0.78s Sys=0.00s Real=0.13s
.|.[4221.423s][info][gc,start       ] GC(1152) Pause Young (Concurrent Start) (G1 Evacuation Pause)
[4221.423s][info][gc,task        ] GC(1152) Using 6 workers of 6 for evacuation
[4221.543s][info][gc,phases      ] GC(1152)   Pre Evacuate Collection Set: 0.43ms
[4221.543s][info][gc,phases      ] GC(1152)   Merge Heap Roots: 0.52ms
[4221.543s][info][gc,phases      ] GC(1152)   Evacuate Collection Set: 117.21ms
[4221.543s][info][gc,phases      ] GC(1152)   Post Evacuate Collection Set: 0.90ms
[4221.543s][info][gc,phases      ] GC(1152)   Other: 0.87ms
[4221.543s][info][gc,heap        ] GC(1152) Eden regions: 1119->0(1119)
[4221.543s][info][gc,heap        ] GC(1152) Survivor regions: 109->109(154)
[4221.543s][info][gc,heap        ] GC(1152) Old regions: 477->509
[4221.543s][info][gc,heap        ] GC(1152) Humongous regions: 80->80
[4221.543s][info][gc,metaspace   ] GC(1152) Metaspace: 28893K(29312K)->28893K(29312K) NonClass: 24024K(24256K)->24024K(24256K) Class: 4868K(5056K)->4868K(5056K)
[4221.543s][info][gc             ] GC(1152) Pause Young (Concurrent Start) (G1 Evacuation Pause) 3568M->1395M(4096M) 120.066ms
[4221.543s][info][gc             ] GC(1153) Concurrent Mark Cycle
[4221.543s][info][gc,marking     ] GC(1153) Concurrent Scan Root Regions
[4221.543s][info][gc,cpu         ] GC(1152) User=0.71s Sys=0.00s Real=0.12s
.[4221.721s][info][gc,marking     ] GC(1153) Concurrent Scan Root Regions 178.118ms
[4221.721s][info][gc,marking     ] GC(1153) Concurrent Mark
[4221.721s][info][gc,marking     ] GC(1153) Concurrent Mark From Roots
[4221.721s][info][gc,task        ] GC(1153) Using 2 workers of 2 for marking
[4222.716s][info][gc,marking     ] GC(1153) Concurrent Mark From Roots 994.422ms
[4222.716s][info][gc,marking     ] GC(1153) Concurrent Preclean
[4222.716s][info][gc,marking     ] GC(1153) Concurrent Preclean 0.097ms
[4222.717s][info][gc,start       ] GC(1153) Pause Remark
[4222.723s][info][gc             ] GC(1153) Pause Remark 2443M->2443M(4096M) 6.043ms
[4222.723s][info][gc,cpu         ] GC(1153) User=0.04s Sys=0.00s Real=0.00s
[4222.724s][info][gc,marking     ] GC(1153) Concurrent Mark 1002.418ms
[4222.724s][info][gc,marking     ] GC(1153) Concurrent Rebuild Remembered Sets and Scrub Regions
.[4222.997s][info][gc,marking     ] GC(1153) Concurrent Rebuild Remembered Sets and Scrub Regions 272.858ms
[4222.997s][info][gc,start       ] GC(1153) Pause Cleanup
[4222.997s][info][gc             ] GC(1153) Pause Cleanup 2718M->2718M(4096M) 0.114ms
[4222.997s][info][gc,cpu         ] GC(1153) User=0.00s Sys=0.00s Real=0.00s
[4222.998s][info][gc,marking     ] GC(1153) Concurrent Clear Claimed Marks
[4222.998s][info][gc,marking     ] GC(1153) Concurrent Clear Claimed Marks 0.034ms
[4222.998s][info][gc,marking     ] GC(1153) Concurrent Cleanup for Next Mark
[4223.004s][info][gc,marking     ] GC(1153) Concurrent Cleanup for Next Mark 5.744ms
[4223.004s][info][gc             ] GC(1153) Concurrent Mark Cycle 1460.392ms
.[4223.956s][info][gc,start       ] GC(1154) Pause Young (Prepare Mixed) (G1 Evacuation Pause)
[4223.956s][info][gc,task        ] GC(1154) Using 6 workers of 6 for evacuation
[4224.073s][info][gc,phases      ] GC(1154)   Pre Evacuate Collection Set: 0.36ms
[4224.073s][info][gc,phases      ] GC(1154)   Merge Heap Roots: 0.50ms
[4224.073s][info][gc,phases      ] GC(1154)   Evacuate Collection Set: 115.03ms
[4224.073s][info][gc,phases      ] GC(1154)   Post Evacuate Collection Set: 0.93ms
[4224.073s][info][gc,phases      ] GC(1154)   Other: 0.09ms
[4224.073s][info][gc,heap        ] GC(1154) Eden regions: 1119->0(1105)
[4224.073s][info][gc,heap        ] GC(1154) Survivor regions: 109->109(154)
[4224.073s][info][gc,heap        ] GC(1154) Old regions: 509->542
[4224.073s][info][gc,heap        ] GC(1154) Humongous regions: 80->80
[4224.073s][info][gc,metaspace   ] GC(1154) Metaspace: 28893K(29312K)->28893K(29312K) NonClass: 24024K(24256K)->24024K(24256K) Class: 4868K(5056K)->4868K(5056K)
[4224.073s][info][gc             ] GC(1154) Pause Young (Prepare Mixed) (G1 Evacuation Pause) 3633M->1459M(4096M) 117.022ms
[4224.073s][info][gc,cpu         ] GC(1154) User=0.69s Sys=0.00s Real=0.11s
..[4226.394s][info][gc,start       ] GC(1155) Pause Young (Mixed) (G1 Evacuation Pause)
[4226.394s][info][gc,task        ] GC(1155) Using 6 workers of 6 for evacuation
[4226.532s][info][gc,phases      ] GC(1155)   Pre Evacuate Collection Set: 0.37ms
[4226.532s][info][gc,phases      ] GC(1155)   Merge Heap Roots: 0.66ms
[4226.532s][info][gc,phases      ] GC(1155)   Evacuate Collection Set: 135.39ms
[4226.532s][info][gc,phases      ] GC(1155)   Post Evacuate Collection Set: 0.87ms
[4226.532s][info][gc,phases      ] GC(1155)   Other: 0.09ms
[4226.532s][info][gc,heap        ] GC(1155) Eden regions: 1105->0(1116)
[4226.532s][info][gc,heap        ] GC(1155) Survivor regions: 109->112(152)
[4226.532s][info][gc,heap        ] GC(1155) Old regions: 542->476
[4226.532s][info][gc,heap        ] GC(1155) Humongous regions: 80->80
[4226.532s][info][gc,metaspace   ] GC(1155) Metaspace: 28893K(29312K)->28893K(29312K) NonClass: 24024K(24256K)->24024K(24256K) Class: 4868K(5056K)->4868K(5056K)
[4226.532s][info][gc             ] GC(1155) Pause Young (Mixed) (G1 Evacuation Pause) 3669M->1335M(4096M) 137.535ms
[4226.532s][info][gc,cpu         ] GC(1155) User=0.81s Sys=0.00s Real=0.13s
..[4228.836s][info][gc,start       ] GC(1156) Pause Young (Concurrent Start) (G1 Evacuation Pause)
[4228.836s][info][gc,task        ] GC(1156) Using 6 workers of 6 for evacuation
[4228.955s][info][gc,phases      ] GC(1156)   Pre Evacuate Collection Set: 0.37ms
[4228.955s][info][gc,phases      ] GC(1156)   Merge Heap Roots: 0.45ms
[4228.955s][info][gc,phases      ] GC(1156)   Evacuate Collection Set: 117.15ms
[4228.955s][info][gc,phases      ] GC(1156)   Post Evacuate Collection Set: 0.90ms
[4228.955s][info][gc,phases      ] GC(1156)   Other: 0.11ms
[4228.955s][info][gc,heap        ] GC(1156) Eden regions: 1116->0(1117)
[4228.955s][info][gc,heap        ] GC(1156) Survivor regions: 112->111(154)
[4228.955s][info][gc,heap        ] GC(1156) Old regions: 476->508
[4228.955s][info][gc,heap        ] GC(1156) Humongous regions: 80->80
[4228.955s][info][gc,metaspace   ] GC(1156) Metaspace: 28893K(29312K)->28893K(29312K) NonClass: 24024K(24256K)->24024K(24256K) Class: 4868K(5056K)->4868K(5056K)
[4228.955s][info][gc             ] GC(1156) Pause Young (Concurrent Start) (G1 Evacuation Pause) 3567M->1397M(4096M) 119.115ms
[4228.955s][info][gc             ] GC(1157) Concurrent Mark Cycle
[4228.955s][info][gc,marking     ] GC(1157) Concurrent Scan Root Regions
[4228.955s][info][gc,cpu         ] GC(1156) User=0.71s Sys=0.00s Real=0.12s
.[4229.102s][info][gc,marking     ] GC(1157) Concurrent Scan Root Regions 146.996ms
[4229.102s][info][gc,marking     ] GC(1157) Concurrent Mark
[4229.102s][info][gc,marking     ] GC(1157) Concurrent Mark From Roots
[4229.102s][info][gc,task        ] GC(1157) Using 2 workers of 2 for marking
[4229.807s][info][gc,marking     ] GC(1157) Concurrent Mark From Roots 704.587ms
[4229.807s][info][gc,marking     ] GC(1157) Concurrent Preclean
[4229.807s][info][gc,marking     ] GC(1157) Concurrent Preclean 0.101ms
[4229.807s][info][gc,start       ] GC(1157) Pause Remark
[4229.811s][info][gc             ] GC(1157) Pause Remark 2115M->2115M(4096M) 3.991ms
[4229.811s][info][gc,cpu         ] GC(1157) User=0.02s Sys=0.00s Real=0.00s
[4229.812s][info][gc,marking     ] GC(1157) Concurrent Mark 709.726ms
[4229.812s][info][gc,marking     ] GC(1157) Concurrent Rebuild Remembered Sets and Scrub Regions
.[4230.089s][info][gc,marking     ] GC(1157) Concurrent Rebuild Remembered Sets and Scrub Regions 277.279ms
[4230.091s][info][gc,start       ] GC(1157) Pause Cleanup
[4230.091s][info][gc             ] GC(1157) Pause Cleanup 2411M->2411M(4096M) 0.132ms
[4230.091s][info][gc,cpu         ] GC(1157) User=0.00s Sys=0.00s Real=0.00s
[4230.091s][info][gc,marking     ] GC(1157) Concurrent Clear Claimed Marks
[4230.091s][info][gc,marking     ] GC(1157) Concurrent Clear Claimed Marks 0.028ms
[4230.091s][info][gc,marking     ] GC(1157) Concurrent Cleanup for Next Mark
[4230.098s][info][gc,marking     ] GC(1157) Concurrent Cleanup for Next Mark 6.722ms
[4230.098s][info][gc             ] GC(1157) Concurrent Mark Cycle 1143.038ms
.[4231.350s][info][gc,start       ] GC(1158) Pause Young (Prepare Mixed) (G1 Evacuation Pause)
[4231.350s][info][gc,task        ] GC(1158) Using 6 workers of 6 for evacuation
[4231.467s][info][gc,phases      ] GC(1158)   Pre Evacuate Collection Set: 0.38ms
[4231.467s][info][gc,phases      ] GC(1158)   Merge Heap Roots: 0.58ms
[4231.467s][info][gc,phases      ] GC(1158)   Evacuate Collection Set: 114.87ms
[4231.467s][info][gc,phases      ] GC(1158)   Post Evacuate Collection Set: 0.92ms
[4231.467s][info][gc,phases      ] GC(1158)   Other: 0.09ms
[4231.467s][info][gc,heap        ] GC(1158) Eden regions: 1117->0(1106)
[4231.467s][info][gc,heap        ] GC(1158) Survivor regions: 111->109(154)
[4231.467s][info][gc,heap        ] GC(1158) Old regions: 508->541
[4231.467s][info][gc,heap        ] GC(1158) Humongous regions: 80->80
[4231.467s][info][gc,metaspace   ] GC(1158) Metaspace: 28893K(29312K)->28893K(29312K) NonClass: 24024K(24256K)->24024K(24256K) Class: 4868K(5056K)->4868K(5056K)
[4231.467s][info][gc             ] GC(1158) Pause Young (Prepare Mixed) (G1 Evacuation Pause) 3631M->1458M(4096M) 116.979ms
[4231.467s][info][gc,cpu         ] GC(1158) User=0.69s Sys=0.00s Real=0.12s
..[4233.806s][info][gc,start       ] GC(1159) Pause Young (Mixed) (G1 Evacuation Pause)
[4233.807s][info][gc,task        ] GC(1159) Using 6 workers of 6 for evacuation
[4233.938s][info][gc,phases      ] GC(1159)   Pre Evacuate Collection Set: 0.38ms
[4233.938s][info][gc,phases      ] GC(1159)   Merge Heap Roots: 0.71ms
[4233.938s][info][gc,phases      ] GC(1159)   Evacuate Collection Set: 129.43ms
[4233.938s][info][gc,phases      ] GC(1159)   Post Evacuate Collection Set: 0.95ms
[4233.938s][info][gc,phases      ] GC(1159)   Other: 0.09ms
[4233.938s][info][gc,heap        ] GC(1159) Eden regions: 1106->0(1122)
[4233.938s][info][gc,heap        ] GC(1159) Survivor regions: 109->106(152)
[4233.938s][info][gc,heap        ] GC(1159) Old regions: 541->477
[4233.938s][info][gc,heap        ] GC(1159) Humongous regions: 80->80
[4233.938s][info][gc,metaspace   ] GC(1159) Metaspace: 28893K(29312K)->28893K(29312K) NonClass: 24024K(24256K)->24024K(24256K) Class: 4868K(5056K)->4868K(5056K)
[4233.938s][info][gc             ] GC(1159) Pause Young (Mixed) (G1 Evacuation Pause) 3670M->1324M(4096M) 131.678ms
[4233.938s][info][gc,cpu         ] GC(1159) User=0.77s Sys=0.00s Real=0.13s
...[4236.290s][info][gc,start       ] GC(1160) Pause Young (Concurrent Start) (G1 Evacuation Pause)
[4236.290s][info][gc,task        ] GC(1160) Using 6 workers of 6 for evacuation
[4236.414s][info][gc,phases      ] GC(1160)   Pre Evacuate Collection Set: 0.36ms
[4236.414s][info][gc,phases      ] GC(1160)   Merge Heap Roots: 0.46ms
[4236.414s][info][gc,phases      ] GC(1160)   Evacuate Collection Set: 121.46ms
[4236.414s][info][gc,phases      ] GC(1160)   Post Evacuate Collection Set: 0.90ms
[4236.414s][info][gc,phases      ] GC(1160)   Other: 0.11ms
[4236.414s][info][gc,heap        ] GC(1160) Eden regions: 1122->0(1114)
[4236.414s][info][gc,heap        ] GC(1160) Survivor regions: 106->114(154)
[4236.414s][info][gc,heap        ] GC(1160) Old regions: 477->509
[4236.414s][info][gc,heap        ] GC(1160) Humongous regions: 80->80
[4236.414s][info][gc,metaspace   ] GC(1160) Metaspace: 28893K(29312K)->28893K(29312K) NonClass: 24024K(24256K)->24024K(24256K) Class: 4868K(5056K)->4868K(5056K)
[4236.414s][info][gc             ] GC(1160) Pause Young (Concurrent Start) (G1 Evacuation Pause) 3568M->1403M(4096M) 123.418ms
[4236.414s][info][gc             ] GC(1161) Concurrent Mark Cycle
[4236.414s][info][gc,marking     ] GC(1161) Concurrent Scan Root Regions
[4236.414s][info][gc,cpu         ] GC(1160) User=0.73s Sys=0.00s Real=0.13s
[4236.621s][info][gc,marking     ] GC(1161) Concurrent Scan Root Regions 206.672ms
[4236.621s][info][gc,marking     ] GC(1161) Concurrent Mark
[4236.621s][info][gc,marking     ] GC(1161) Concurrent Mark From Roots
[4236.621s][info][gc,task        ] GC(1161) Using 2 workers of 2 for marking
.[4237.622s][info][gc,marking     ] GC(1161) Concurrent Mark From Roots 1001.081ms
[4237.622s][info][gc,marking     ] GC(1161) Concurrent Preclean
[4237.622s][info][gc,marking     ] GC(1161) Concurrent Preclean 0.111ms
[4237.624s][info][gc,start       ] GC(1161) Pause Remark
[4237.630s][info][gc             ] GC(1161) Pause Remark 2525M->2525M(4096M) 5.758ms
[4237.630s][info][gc,cpu         ] GC(1161) User=0.03s Sys=0.00s Real=0.00s
[4237.631s][info][gc,marking     ] GC(1161) Concurrent Mark 1010.313ms
[4237.631s][info][gc,marking     ] GC(1161) Concurrent Rebuild Remembered Sets and Scrub Regions
[4237.905s][info][gc,marking     ] GC(1161) Concurrent Rebuild Remembered Sets and Scrub Regions 273.790ms
[4237.905s][info][gc,start       ] GC(1161) Pause Cleanup
[4237.906s][info][gc             ] GC(1161) Pause Cleanup 2793M->2793M(4096M) 0.121ms
[4237.906s][info][gc,cpu         ] GC(1161) User=0.00s Sys=0.00s Real=0.00s
[4237.906s][info][gc,marking     ] GC(1161) Concurrent Clear Claimed Marks
[4237.906s][info][gc,marking     ] GC(1161) Concurrent Clear Claimed Marks 0.027ms
[4237.906s][info][gc,marking     ] GC(1161) Concurrent Cleanup for Next Mark
[4237.912s][info][gc,marking     ] GC(1161) Concurrent Cleanup for Next Mark 5.852ms
[4237.912s][info][gc             ] GC(1161) Concurrent Mark Cycle 1497.728ms
.[4238.833s][info][gc,start       ] GC(1162) Pause Young (Prepare Mixed) (G1 Evacuation Pause)
[4238.833s][info][gc,task        ] GC(1162) Using 6 workers of 6 for evacuation
[4238.949s][info][gc,phases      ] GC(1162)   Pre Evacuate Collection Set: 0.36ms
[4238.949s][info][gc,phases      ] GC(1162)   Merge Heap Roots: 0.51ms
[4238.949s][info][gc,phases      ] GC(1162)   Evacuate Collection Set: 114.05ms
[4238.949s][info][gc,phases      ] GC(1162)   Post Evacuate Collection Set: 0.95ms
[4238.949s][info][gc,phases      ] GC(1162)   Other: 0.09ms
[4238.949s][info][gc,heap        ] GC(1162) Eden regions: 1114->0(1108)
[4238.949s][info][gc,heap        ] GC(1162) Survivor regions: 114->108(154)
[4238.949s][info][gc,heap        ] GC(1162) Old regions: 509->541
[4238.949s][info][gc,heap        ] GC(1162) Humongous regions: 80->80
[4238.949s][info][gc,metaspace   ] GC(1162) Metaspace: 28893K(29312K)->28893K(29312K) NonClass: 24024K(24256K)->24024K(24256K) Class: 4868K(5056K)->4868K(5056K)
[4238.949s][info][gc             ] GC(1162) Pause Young (Prepare Mixed) (G1 Evacuation Pause) 3631M->1456M(4096M) 116.095ms
[4238.949s][info][gc,cpu         ] GC(1162) User=0.69s Sys=0.00s Real=0.12s
...[4241.287s][info][gc,start       ] GC(1163) Pause Young (Mixed) (G1 Evacuation Pause)
[4241.287s][info][gc,task        ] GC(1163) Using 6 workers of 6 for evacuation
[4241.427s][info][gc,phases      ] GC(1163)   Pre Evacuate Collection Set: 0.36ms
[4241.427s][info][gc,phases      ] GC(1163)   Merge Heap Roots: 0.71ms
[4241.427s][info][gc,phases      ] GC(1163)   Evacuate Collection Set: 137.32ms
[4241.427s][info][gc,phases      ] GC(1163)   Post Evacuate Collection Set: 0.83ms
[4241.427s][info][gc,phases      ] GC(1163)   Other: 0.09ms
[4241.427s][info][gc,heap        ] GC(1163) Eden regions: 1108->0(1113)
[4241.427s][info][gc,heap        ] GC(1163) Survivor regions: 108->115(152)
[4241.427s][info][gc,heap        ] GC(1163) Old regions: 541->477
[4241.427s][info][gc,heap        ] GC(1163) Humongous regions: 80->80
[4241.427s][info][gc,metaspace   ] GC(1163) Metaspace: 28893K(29312K)->28893K(29312K) NonClass: 24024K(24256K)->24024K(24256K) Class: 4868K(5056K)->4868K(5056K)
[4241.427s][info][gc             ] GC(1163) Pause Young (Mixed) (G1 Evacuation Pause) 3672M->1341M(4096M) 139.422ms
[4241.427s][info][gc,cpu         ] GC(1163) User=0.83s Sys=0.00s Real=0.14s
..[4243.764s][info][gc,start       ] GC(1164) Pause Young (Concurrent Start) (G1 Evacuation Pause)
[4243.764s][info][gc,task        ] GC(1164) Using 6 workers of 6 for evacuation
[4243.887s][info][gc,phases      ] GC(1164)   Pre Evacuate Collection Set: 0.37ms
[4243.887s][info][gc,phases      ] GC(1164)   Merge Heap Roots: 0.47ms
[4243.887s][info][gc,phases      ] GC(1164)   Evacuate Collection Set: 121.02ms
[4243.887s][info][gc,phases      ] GC(1164)   Post Evacuate Collection Set: 0.91ms
[4243.887s][info][gc,phases      ] GC(1164)   Other: 0.12ms
[4243.887s][info][gc,heap        ] GC(1164) Eden regions: 1113->0(1114)
[4243.887s][info][gc,heap        ] GC(1164) Survivor regions: 115->114(154)
[4243.887s][info][gc,heap        ] GC(1164) Old regions: 477->510
[4243.887s][info][gc,heap        ] GC(1164) Humongous regions: 80->80
[4243.887s][info][gc,metaspace   ] GC(1164) Metaspace: 28893K(29312K)->28893K(29312K) NonClass: 24024K(24256K)->24024K(24256K) Class: 4868K(5056K)->4868K(5056K)
[4243.887s][info][gc             ] GC(1164) Pause Young (Concurrent Start) (G1 Evacuation Pause) 3567M->1405M(4096M) 123.038ms
[4243.887s][info][gc             ] GC(1165) Concurrent Mark Cycle
[4243.887s][info][gc,marking     ] GC(1165) Concurrent Scan Root Regions
[4243.887s][info][gc,cpu         ] GC(1164) User=0.72s Sys=0.00s Real=0.12s
[4244.071s][info][gc,marking     ] GC(1165) Concurrent Scan Root Regions 183.724ms
[4244.071s][info][gc,marking     ] GC(1165) Concurrent Mark
[4244.071s][info][gc,marking     ] GC(1165) Concurrent Mark From Roots
[4244.071s][info][gc,task        ] GC(1165) Using 2 workers of 2 for marking
.[4244.785s][info][gc,marking     ] GC(1165) Concurrent Mark From Roots 714.544ms
[4244.785s][info][gc,marking     ] GC(1165) Concurrent Preclean
[4244.785s][info][gc,marking     ] GC(1165) Concurrent Preclean 0.082ms
[4244.788s][info][gc,start       ] GC(1165) Pause Remark
[4244.791s][info][gc             ] GC(1165) Pause Remark 2233M->2233M(4096M) 3.262ms
[4244.791s][info][gc,cpu         ] GC(1165) User=0.01s Sys=0.00s Real=0.00s
[4244.792s][info][gc,marking     ] GC(1165) Concurrent Mark 720.952ms
[4244.792s][info][gc,marking     ] GC(1165) Concurrent Rebuild Remembered Sets and Scrub Regions
[4245.082s][info][gc,marking     ] GC(1165) Concurrent Rebuild Remembered Sets and Scrub Regions 290.692ms
[4245.082s][info][gc,start       ] GC(1165) Pause Cleanup
[4245.082s][info][gc             ] GC(1165) Pause Cleanup 2548M->2548M(4096M) 0.103ms
[4245.083s][info][gc,cpu         ] GC(1165) User=0.00s Sys=0.00s Real=0.00s
[4245.083s][info][gc,marking     ] GC(1165) Concurrent Clear Claimed Marks
[4245.083s][info][gc,marking     ] GC(1165) Concurrent Clear Claimed Marks 0.034ms
[4245.083s][info][gc,marking     ] GC(1165) Concurrent Cleanup for Next Mark
[4245.086s][info][gc,marking     ] GC(1165) Concurrent Cleanup for Next Mark 3.256ms
[4245.086s][info][gc             ] GC(1165) Concurrent Mark Cycle 1199.084ms
..[4246.274s][info][gc,start       ] GC(1166) Pause Young (Prepare Mixed) (G1 Evacuation Pause)
[4246.274s][info][gc,task        ] GC(1166) Using 6 workers of 6 for evacuation
[4246.391s][info][gc,phases      ] GC(1166)   Pre Evacuate Collection Set: 0.35ms
[4246.392s][info][gc,phases      ] GC(1166)   Merge Heap Roots: 0.52ms
[4246.392s][info][gc,phases      ] GC(1166)   Evacuate Collection Set: 115.43ms
[4246.392s][info][gc,phases      ] GC(1166)   Post Evacuate Collection Set: 0.91ms
[4246.392s][info][gc,phases      ] GC(1166)   Other: 0.09ms
[4246.392s][info][gc,heap        ] GC(1166) Eden regions: 1114->0(1106)
[4246.392s][info][gc,heap        ] GC(1166) Survivor regions: 114->109(154)
[4246.392s][info][gc,heap        ] GC(1166) Old regions: 510->541
[4246.392s][info][gc,heap        ] GC(1166) Humongous regions: 80->80
[4246.392s][info][gc,metaspace   ] GC(1166) Metaspace: 28893K(29312K)->28893K(29312K) NonClass: 24024K(24256K)->24024K(24256K) Class: 4868K(5056K)->4868K(5056K)
[4246.392s][info][gc             ] GC(1166) Pause Young (Prepare Mixed) (G1 Evacuation Pause) 3633M->1459M(4096M) 117.443ms
[4246.392s][info][gc,cpu         ] GC(1166) User=0.69s Sys=0.00s Real=0.11s
..[4248.651s][info][gc,start       ] GC(1167) Pause Young (Mixed) (G1 Evacuation Pause)
[4248.651s][info][gc,task        ] GC(1167) Using 6 workers of 6 for evacuation
[4248.788s][info][gc,phases      ] GC(1167)   Pre Evacuate Collection Set: 0.36ms
[4248.788s][info][gc,phases      ] GC(1167)   Merge Heap Roots: 0.74ms
[4248.788s][info][gc,phases      ] GC(1167)   Evacuate Collection Set: 134.96ms
[4248.788s][info][gc,phases      ] GC(1167)   Post Evacuate Collection Set: 0.94ms
[4248.788s][info][gc,phases      ] GC(1167)   Other: 0.09ms
[4248.788s][info][gc,heap        ] GC(1167) Eden regions: 1106->0(1114)
[4248.788s][info][gc,heap        ] GC(1167) Survivor regions: 109->114(152)
[4248.788s][info][gc,heap        ] GC(1167) Old regions: 541->476
[4248.788s][info][gc,heap        ] GC(1167) Humongous regions: 80->80
[4248.788s][info][gc,metaspace   ] GC(1167) Metaspace: 28893K(29312K)->28893K(29312K) NonClass: 24024K(24256K)->24024K(24256K) Class: 4868K(5056K)->4868K(5056K)
[4248.788s][info][gc             ] GC(1167) Pause Young (Mixed) (G1 Evacuation Pause) 3671M->1337M(4096M) 137.226ms
[4248.788s][info][gc,cpu         ] GC(1167) User=0.81s Sys=0.00s Real=0.14s
..[4251.133s][info][gc,start       ] GC(1168) Pause Young (Concurrent Start) (G1 Evacuation Pause)
[4251.133s][info][gc,task        ] GC(1168) Using 6 workers of 6 for evacuation
[4251.254s][info][gc,phases      ] GC(1168)   Pre Evacuate Collection Set: 0.37ms
[4251.254s][info][gc,phases      ] GC(1168)   Merge Heap Roots: 0.43ms
[4251.254s][info][gc,phases      ] GC(1168)   Evacuate Collection Set: 118.54ms
[4251.254s][info][gc,phases      ] GC(1168)   Post Evacuate Collection Set: 0.90ms
[4251.254s][info][gc,phases      ] GC(1168)   Other: 0.10ms
[4251.254s][info][gc,heap        ] GC(1168) Eden regions: 1114->0(1117)
[4251.254s][info][gc,heap        ] GC(1168) Survivor regions: 114->111(154)
[4251.254s][info][gc,heap        ] GC(1168) Old regions: 476->508
[4251.254s][info][gc,heap        ] GC(1168) Humongous regions: 80->80
[4251.254s][info][gc,metaspace   ] GC(1168) Metaspace: 28893K(29312K)->28893K(29312K) NonClass: 24024K(24256K)->24024K(24256K) Class: 4868K(5056K)->4868K(5056K)
[4251.254s][info][gc             ] GC(1168) Pause Young (Concurrent Start) (G1 Evacuation Pause) 3565M->1396M(4096M) 120.476ms
[4251.254s][info][gc             ] GC(1169) Concurrent Mark Cycle
[4251.254s][info][gc,marking     ] GC(1169) Concurrent Scan Root Regions
[4251.254s][info][gc,cpu         ] GC(1168) User=0.71s Sys=0.00s Real=0.13s
.[4251.396s][info][gc,marking     ] GC(1169) Concurrent Scan Root Regions 141.914ms
[4251.396s][info][gc,marking     ] GC(1169) Concurrent Mark
[4251.396s][info][gc,marking     ] GC(1169) Concurrent Mark From Roots
[4251.396s][info][gc,task        ] GC(1169) Using 2 workers of 2 for marking
[4252.138s][info][gc,marking     ] GC(1169) Concurrent Mark From Roots 741.843ms
[4252.138s][info][gc,marking     ] GC(1169) Concurrent Preclean
[4252.138s][info][gc,marking     ] GC(1169) Concurrent Preclean 0.107ms
[4252.139s][info][gc,start       ] GC(1169) Pause Remark
[4252.142s][info][gc             ] GC(1169) Pause Remark 2182M->2182M(4096M) 3.385ms
[4252.142s][info][gc,cpu         ] GC(1169) User=0.02s Sys=0.00s Real=0.00s
[4252.142s][info][gc,marking     ] GC(1169) Concurrent Mark 746.566ms
[4252.142s][info][gc,marking     ] GC(1169) Concurrent Rebuild Remembered Sets and Scrub Regions
.[4252.557s][info][gc,marking     ] GC(1169) Concurrent Rebuild Remembered Sets and Scrub Regions 414.795ms
[4252.557s][info][gc,start       ] GC(1169) Pause Cleanup
[4252.557s][info][gc             ] GC(1169) Pause Cleanup 2604M->2604M(4096M) 0.111ms
[4252.557s][info][gc,cpu         ] GC(1169) User=0.00s Sys=0.00s Real=0.00s
[4252.557s][info][gc,marking     ] GC(1169) Concurrent Clear Claimed Marks
[4252.558s][info][gc,marking     ] GC(1169) Concurrent Clear Claimed Marks 0.026ms
[4252.558s][info][gc,marking     ] GC(1169) Concurrent Cleanup for Next Mark
[4252.569s][info][gc,marking     ] GC(1169) Concurrent Cleanup for Next Mark 11.649ms
[4252.569s][info][gc             ] GC(1169) Concurrent Mark Cycle 1315.490ms
.[4253.655s][info][gc,start       ] GC(1170) Pause Young (Prepare Mixed) (G1 Evacuation Pause)
[4253.655s][info][gc,task        ] GC(1170) Using 6 workers of 6 for evacuation
[4253.774s][info][gc,phases      ] GC(1170)   Pre Evacuate Collection Set: 0.34ms
[4253.774s][info][gc,phases      ] GC(1170)   Merge Heap Roots: 0.51ms
[4253.774s][info][gc,phases      ] GC(1170)   Evacuate Collection Set: 117.24ms
[4253.774s][info][gc,phases      ] GC(1170)   Post Evacuate Collection Set: 0.93ms
[4253.774s][info][gc,phases      ] GC(1170)   Other: 0.09ms
[4253.774s][info][gc,heap        ] GC(1170) Eden regions: 1117->0(1103)
[4253.774s][info][gc,heap        ] GC(1170) Survivor regions: 111->111(154)
[4253.774s][info][gc,heap        ] GC(1170) Old regions: 508->540
[4253.774s][info][gc,heap        ] GC(1170) Humongous regions: 80->80
[4253.774s][info][gc,metaspace   ] GC(1170) Metaspace: 28893K(29312K)->28893K(29312K) NonClass: 24024K(24256K)->24024K(24256K) Class: 4868K(5056K)->4868K(5056K)
[4253.774s][info][gc             ] GC(1170) Pause Young (Prepare Mixed) (G1 Evacuation Pause) 3630M->1461M(4096M) 119.259ms
[4253.774s][info][gc,cpu         ] GC(1170) User=0.70s Sys=0.00s Real=0.12s
..[4256.034s][info][gc,start       ] GC(1171) Pause Young (Mixed) (G1 Evacuation Pause)
[4256.034s][info][gc,task        ] GC(1171) Using 6 workers of 6 for evacuation
[4256.168s][info][gc,phases      ] GC(1171)   Pre Evacuate Collection Set: 0.39ms
[4256.168s][info][gc,phases      ] GC(1171)   Merge Heap Roots: 0.73ms
[4256.168s][info][gc,phases      ] GC(1171)   Evacuate Collection Set: 132.20ms
[4256.168s][info][gc,phases      ] GC(1171)   Post Evacuate Collection Set: 0.96ms
[4256.168s][info][gc,phases      ] GC(1171)   Other: 0.08ms
[4256.168s][info][gc,heap        ] GC(1171) Eden regions: 1103->0(1118)
[4256.168s][info][gc,heap        ] GC(1171) Survivor regions: 111->110(152)
[4256.168s][info][gc,heap        ] GC(1171) Old regions: 540->477
[4256.168s][info][gc,heap        ] GC(1171) Humongous regions: 80->80
[4256.168s][info][gc,metaspace   ] GC(1171) Metaspace: 28893K(29312K)->28893K(29312K) NonClass: 24024K(24256K)->24024K(24256K) Class: 4868K(5056K)->4868K(5056K)
[4256.168s][info][gc             ] GC(1171) Pause Young (Mixed) (G1 Evacuation Pause) 3667M->1332M(4096M) 134.487ms
[4256.168s][info][gc,cpu         ] GC(1171) User=0.80s Sys=0.00s Real=0.13s
...[4258.521s][info][gc,start       ] GC(1172) Pause Young (Concurrent Start) (G1 Evacuation Pause)
[4258.521s][info][gc,task        ] GC(1172) Using 6 workers of 6 for evacuation
[4258.642s][info][gc,phases      ] GC(1172)   Pre Evacuate Collection Set: 0.36ms
[4258.642s][info][gc,phases      ] GC(1172)   Merge Heap Roots: 0.43ms
[4258.642s][info][gc,phases      ] GC(1172)   Evacuate Collection Set: 118.84ms
[4258.642s][info][gc,phases      ] GC(1172)   Post Evacuate Collection Set: 0.92ms
[4258.642s][info][gc,phases      ] GC(1172)   Other: 0.11ms
[4258.642s][info][gc,heap        ] GC(1172) Eden regions: 1118->0(1117)
[4258.642s][info][gc,heap        ] GC(1172) Survivor regions: 110->111(154)
[4258.642s][info][gc,heap        ] GC(1172) Old regions: 477->509
[4258.642s][info][gc,heap        ] GC(1172) Humongous regions: 80->80
[4258.642s][info][gc,metaspace   ] GC(1172) Metaspace: 28893K(29312K)->28893K(29312K) NonClass: 24024K(24256K)->24024K(24256K) Class: 4868K(5056K)->4868K(5056K)
[4258.642s][info][gc             ] GC(1172) Pause Young (Concurrent Start) (G1 Evacuation Pause) 3568M->1397M(4096M) 120.788ms
[4258.642s][info][gc             ] GC(1173) Concurrent Mark Cycle
[4258.642s][info][gc,marking     ] GC(1173) Concurrent Scan Root Regions
[4258.642s][info][gc,cpu         ] GC(1172) User=0.72s Sys=0.00s Real=0.12s
[4258.784s][info][gc,marking     ] GC(1173) Concurrent Scan Root Regions 142.381ms
[4258.784s][info][gc,marking     ] GC(1173) Concurrent Mark
[4258.784s][info][gc,marking     ] GC(1173) Concurrent Mark From Roots
[4258.784s][info][gc,task        ] GC(1173) Using 2 workers of 2 for marking
.[4259.532s][info][gc,marking     ] GC(1173) Concurrent Mark From Roots 747.499ms
[4259.532s][info][gc,marking     ] GC(1173) Concurrent Preclean
[4259.532s][info][gc,marking     ] GC(1173) Concurrent Preclean 0.093ms
[4259.532s][info][gc,start       ] GC(1173) Pause Remark
[4259.537s][info][gc             ] GC(1173) Pause Remark 2203M->2203M(4096M) 4.754ms
[4259.537s][info][gc,cpu         ] GC(1173) User=0.03s Sys=0.00s Real=0.01s
[4259.537s][info][gc,marking     ] GC(1173) Concurrent Mark 752.805ms
[4259.537s][info][gc,marking     ] GC(1173) Concurrent Rebuild Remembered Sets and Scrub Regions
[4259.806s][info][gc,marking     ] GC(1173) Concurrent Rebuild Remembered Sets and Scrub Regions 268.420ms
[4259.806s][info][gc,start       ] GC(1173) Pause Cleanup
[4259.806s][info][gc             ] GC(1173) Pause Cleanup 2469M->2469M(4096M) 0.130ms
[4259.806s][info][gc,cpu         ] GC(1173) User=0.00s Sys=0.00s Real=0.00s
[4259.807s][info][gc,marking     ] GC(1173) Concurrent Clear Claimed Marks
[4259.807s][info][gc,marking     ] GC(1173) Concurrent Clear Claimed Marks 0.032ms
[4259.807s][info][gc,marking     ] GC(1173) Concurrent Cleanup for Next Mark
[4259.820s][info][gc,marking     ] GC(1173) Concurrent Cleanup for Next Mark 13.249ms
[4259.820s][info][gc             ] GC(1173) Concurrent Mark Cycle 1178.357ms
.[4260.987s][info][gc,start       ] GC(1174) Pause Young (Prepare Mixed) (G1 Evacuation Pause)
[4260.987s][info][gc,task        ] GC(1174) Using 6 workers of 6 for evacuation
[4261.109s][info][gc,phases      ] GC(1174)   Pre Evacuate Collection Set: 0.33ms
[4261.109s][info][gc,phases      ] GC(1174)   Merge Heap Roots: 0.45ms
[4261.109s][info][gc,phases      ] GC(1174)   Evacuate Collection Set: 120.09ms
[4261.109s][info][gc,phases      ] GC(1174)   Post Evacuate Collection Set: 0.95ms
[4261.109s][info][gc,phases      ] GC(1174)   Other: 0.08ms
[4261.109s][info][gc,heap        ] GC(1174) Eden regions: 1117->0(1097)
[4261.109s][info][gc,heap        ] GC(1174) Survivor regions: 111->114(154)
[4261.109s][info][gc,heap        ] GC(1174) Old regions: 509->540
[4261.109s][info][gc,heap        ] GC(1174) Humongous regions: 80->80
[4261.109s][info][gc,metaspace   ] GC(1174) Metaspace: 28893K(29312K)->28893K(29312K) NonClass: 24024K(24256K)->24024K(24256K) Class: 4868K(5056K)->4868K(5056K)
[4261.109s][info][gc             ] GC(1174) Pause Young (Prepare Mixed) (G1 Evacuation Pause) 3631M->1465M(4096M) 122.036ms
[4261.109s][info][gc,cpu         ] GC(1174) User=0.72s Sys=0.00s Real=0.12s
..[4263.343s][info][gc,start       ] GC(1175) Pause Young (Mixed) (G1 Evacuation Pause)
[4263.343s][info][gc,task        ] GC(1175) Using 6 workers of 6 for evacuation
[4263.475s][info][gc,phases      ] GC(1175)   Pre Evacuate Collection Set: 0.40ms
[4263.476s][info][gc,phases      ] GC(1175)   Merge Heap Roots: 0.65ms
[4263.476s][info][gc,phases      ] GC(1175)   Evacuate Collection Set: 130.22ms
[4263.476s][info][gc,phases      ] GC(1175)   Post Evacuate Collection Set: 0.95ms
[4263.476s][info][gc,phases      ] GC(1175)   Other: 0.08ms
[4263.476s][info][gc,heap        ] GC(1175) Eden regions: 1097->0(1119)
[4263.476s][info][gc,heap        ] GC(1175) Survivor regions: 114->109(152)
[4263.476s][info][gc,heap        ] GC(1175) Old regions: 540->476
[4263.476s][info][gc,heap        ] GC(1175) Humongous regions: 80->80
[4263.476s][info][gc,metaspace   ] GC(1175) Metaspace: 28893K(29312K)->28893K(29312K) NonClass: 24024K(24256K)->24024K(24256K) Class: 4868K(5056K)->4868K(5056K)
[4263.476s][info][gc             ] GC(1175) Pause Young (Mixed) (G1 Evacuation Pause) 3659M->1329M(4096M) 132.448ms
[4263.476s][info][gc,cpu         ] GC(1175) User=0.78s Sys=0.01s Real=0.14s
...[4265.924s][info][gc,start       ] GC(1176) Pause Young (Concurrent Start) (G1 Evacuation Pause)
[4265.924s][info][gc,task        ] GC(1176) Using 6 workers of 6 for evacuation
[4266.044s][info][gc,phases      ] GC(1176)   Pre Evacuate Collection Set: 0.36ms
[4266.044s][info][gc,phases      ] GC(1176)   Merge Heap Roots: 0.45ms
[4266.044s][info][gc,phases      ] GC(1176)   Evacuate Collection Set: 118.01ms
[4266.044s][info][gc,phases      ] GC(1176)   Post Evacuate Collection Set: 0.87ms
[4266.044s][info][gc,phases      ] GC(1176)   Other: 0.09ms
[4266.044s][info][gc,heap        ] GC(1176) Eden regions: 1119->0(1117)
[4266.044s][info][gc,heap        ] GC(1176) Survivor regions: 109->111(154)
[4266.044s][info][gc,heap        ] GC(1176) Old regions: 476->509
[4266.044s][info][gc,heap        ] GC(1176) Humongous regions: 80->80
[4266.044s][info][gc,metaspace   ] GC(1176) Metaspace: 28893K(29312K)->28893K(29312K) NonClass: 24024K(24256K)->24024K(24256K) Class: 4868K(5056K)->4868K(5056K)
[4266.044s][info][gc             ] GC(1176) Pause Young (Concurrent Start) (G1 Evacuation Pause) 3567M->1397M(4096M) 119.917ms
[4266.044s][info][gc             ] GC(1177) Concurrent Mark Cycle
[4266.044s][info][gc,marking     ] GC(1177) Concurrent Scan Root Regions
[4266.044s][info][gc,cpu         ] GC(1176) User=0.71s Sys=0.00s Real=0.12s
[4266.238s][info][gc,marking     ] GC(1177) Concurrent Scan Root Regions 193.292ms
[4266.238s][info][gc,marking     ] GC(1177) Concurrent Mark
[4266.238s][info][gc,marking     ] GC(1177) Concurrent Mark From Roots
[4266.238s][info][gc,task        ] GC(1177) Using 2 workers of 2 for marking
.[4267.248s][info][gc,marking     ] GC(1177) Concurrent Mark From Roots 1010.679ms
[4267.248s][info][gc,marking     ] GC(1177) Concurrent Preclean
[4267.249s][info][gc,marking     ] GC(1177) Concurrent Preclean 0.103ms
[4267.250s][info][gc,start       ] GC(1177) Pause Remark
[4267.257s][info][gc             ] GC(1177) Pause Remark 2549M->2549M(4096M) 6.398ms
[4267.257s][info][gc,cpu         ] GC(1177) User=0.03s Sys=0.00s Real=0.01s
[4267.258s][info][gc,marking     ] GC(1177) Concurrent Mark 1019.909ms
[4267.258s][info][gc,marking     ] GC(1177) Concurrent Rebuild Remembered Sets and Scrub Regions
.[4267.658s][info][gc,marking     ] GC(1177) Concurrent Rebuild Remembered Sets and Scrub Regions 400.034ms
[4267.658s][info][gc,start       ] GC(1177) Pause Cleanup
[4267.658s][info][gc             ] GC(1177) Pause Cleanup 2921M->2921M(4096M) 0.115ms
[4267.658s][info][gc,cpu         ] GC(1177) User=0.00s Sys=0.00s Real=0.00s
[4267.660s][info][gc,marking     ] GC(1177) Concurrent Clear Claimed Marks
[4267.660s][info][gc,marking     ] GC(1177) Concurrent Clear Claimed Marks 0.061ms
[4267.660s][info][gc,marking     ] GC(1177) Concurrent Cleanup for Next Mark
[4267.665s][info][gc,marking     ] GC(1177) Concurrent Cleanup for Next Mark 5.614ms
[4267.666s][info][gc             ] GC(1177) Concurrent Mark Cycle 1621.250ms
[4268.421s][info][gc,start       ] GC(1178) Pause Young (Prepare Mixed) (G1 Evacuation Pause)
[4268.421s][info][gc,task        ] GC(1178) Using 6 workers of 6 for evacuation
[4268.542s][info][gc,phases      ] GC(1178)   Pre Evacuate Collection Set: 0.36ms
[4268.542s][info][gc,phases      ] GC(1178)   Merge Heap Roots: 0.49ms
[4268.542s][info][gc,phases      ] GC(1178)   Evacuate Collection Set: 119.75ms
[4268.542s][info][gc,phases      ] GC(1178)   Post Evacuate Collection Set: 1.03ms
[4268.542s][info][gc,phases      ] GC(1178)   Other: 0.09ms
[4268.542s][info][gc,heap        ] GC(1178) Eden regions: 1117->0(1099)
[4268.542s][info][gc,heap        ] GC(1178) Survivor regions: 111->113(154)
[4268.542s][info][gc,heap        ] GC(1178) Old regions: 509->540
[4268.542s][info][gc,heap        ] GC(1178) Humongous regions: 80->80
[4268.542s][info][gc,metaspace   ] GC(1178) Metaspace: 28893K(29312K)->28893K(29312K) NonClass: 24024K(24256K)->24024K(24256K) Class: 4868K(5056K)->4868K(5056K)
[4268.542s][info][gc             ] GC(1178) Pause Young (Prepare Mixed) (G1 Evacuation Pause) 3631M->1465M(4096M) 121.852ms
[4268.542s][info][gc,cpu         ] GC(1178) User=0.72s Sys=0.00s Real=0.12s
...[4270.871s][info][gc,start       ] GC(1179) Pause Young (Mixed) (G1 Evacuation Pause)
[4270.871s][info][gc,task        ] GC(1179) Using 6 workers of 6 for evacuation
[4271.002s][info][gc,phases      ] GC(1179)   Pre Evacuate Collection Set: 0.38ms
[4271.002s][info][gc,phases      ] GC(1179)   Merge Heap Roots: 0.70ms
[4271.002s][info][gc,phases      ] GC(1179)   Evacuate Collection Set: 129.66ms
[4271.002s][info][gc,phases      ] GC(1179)   Post Evacuate Collection Set: 0.97ms
[4271.002s][info][gc,phases      ] GC(1179)   Other: 0.09ms
[4271.002s][info][gc,heap        ] GC(1179) Eden regions: 1099->0(1123)
[4271.002s][info][gc,heap        ] GC(1179) Survivor regions: 113->105(152)
[4271.002s][info][gc,heap        ] GC(1179) Old regions: 540->477
[4271.002s][info][gc,heap        ] GC(1179) Humongous regions: 80->80
[4271.002s][info][gc,metaspace   ] GC(1179) Metaspace: 28893K(29312K)->28893K(29312K) NonClass: 24024K(24256K)->24024K(24256K) Class: 4868K(5056K)->4868K(5056K)
[4271.002s][info][gc             ] GC(1179) Pause Young (Mixed) (G1 Evacuation Pause) 3663M->1323M(4096M) 131.926ms
[4271.002s][info][gc,cpu         ] GC(1179) User=0.78s Sys=0.00s Real=0.13s
..[4273.379s][info][gc,start       ] GC(1180) Pause Young (Concurrent Start) (G1 Evacuation Pause)
[4273.379s][info][gc,task        ] GC(1180) Using 6 workers of 6 for evacuation
[4273.497s][info][gc,phases      ] GC(1180)   Pre Evacuate Collection Set: 0.37ms
[4273.497s][info][gc,phases      ] GC(1180)   Merge Heap Roots: 0.46ms
[4273.497s][info][gc,phases      ] GC(1180)   Evacuate Collection Set: 116.22ms
[4273.497s][info][gc,phases      ] GC(1180)   Post Evacuate Collection Set: 0.89ms
[4273.497s][info][gc,phases      ] GC(1180)   Other: 0.10ms
[4273.497s][info][gc,heap        ] GC(1180) Eden regions: 1123->0(1119)
[4273.497s][info][gc,heap        ] GC(1180) Survivor regions: 105->109(154)
[4273.497s][info][gc,heap        ] GC(1180) Old regions: 477->509
[4273.497s][info][gc,heap        ] GC(1180) Humongous regions: 80->80
[4273.497s][info][gc,metaspace   ] GC(1180) Metaspace: 28893K(29312K)->28893K(29312K) NonClass: 24024K(24256K)->24024K(24256K) Class: 4868K(5056K)->4868K(5056K)
[4273.497s][info][gc             ] GC(1180) Pause Young (Concurrent Start) (G1 Evacuation Pause) 3569M->1393M(4096M) 118.172ms
[4273.497s][info][gc             ] GC(1181) Concurrent Mark Cycle
[4273.497s][info][gc,marking     ] GC(1181) Concurrent Scan Root Regions
[4273.497s][info][gc,cpu         ] GC(1180) User=0.70s Sys=0.00s Real=0.12s
.[4273.739s][info][gc,marking     ] GC(1181) Concurrent Scan Root Regions 242.224ms
[4273.739s][info][gc,marking     ] GC(1181) Concurrent Mark
[4273.739s][info][gc,marking     ] GC(1181) Concurrent Mark From Roots
[4273.739s][info][gc,task        ] GC(1181) Using 2 workers of 2 for marking
.[4274.798s][info][gc,marking     ] GC(1181) Concurrent Mark From Roots 1058.747ms
[4274.798s][info][gc,marking     ] GC(1181) Concurrent Preclean
[4274.798s][info][gc,marking     ] GC(1181) Concurrent Preclean 0.105ms
[4274.799s][info][gc,start       ] GC(1181) Pause Remark
[4274.804s][info][gc             ] GC(1181) Pause Remark 2579M->2579M(4096M) 5.004ms
[4274.804s][info][gc,cpu         ] GC(1181) User=0.03s Sys=0.00s Real=0.01s
[4274.804s][info][gc,marking     ] GC(1181) Concurrent Mark 1064.924ms
[4274.804s][info][gc,marking     ] GC(1181) Concurrent Rebuild Remembered Sets and Scrub Regions
[4275.092s][info][gc,marking     ] GC(1181) Concurrent Rebuild Remembered Sets and Scrub Regions 287.735ms
[4275.092s][info][gc,start       ] GC(1181) Pause Cleanup
[4275.092s][info][gc             ] GC(1181) Pause Cleanup 2841M->2841M(4096M) 0.125ms
[4275.092s][info][gc,cpu         ] GC(1181) User=0.00s Sys=0.00s Real=0.00s
[4275.093s][info][gc,marking     ] GC(1181) Concurrent Clear Claimed Marks
[4275.093s][info][gc,marking     ] GC(1181) Concurrent Clear Claimed Marks 0.031ms
[4275.093s][info][gc,marking     ] GC(1181) Concurrent Cleanup for Next Mark
[4275.100s][info][gc,marking     ] GC(1181) Concurrent Cleanup for Next Mark 7.435ms
[4275.100s][info][gc             ] GC(1181) Concurrent Mark Cycle 1602.986ms
.[4275.929s][info][gc,start       ] GC(1182) Pause Young (Prepare Mixed) (G1 Evacuation Pause)
[4275.929s][info][gc,task        ] GC(1182) Using 6 workers of 6 for evacuation
[4276.051s][info][gc,phases      ] GC(1182)   Pre Evacuate Collection Set: 0.34ms
[4276.051s][info][gc,phases      ] GC(1182)   Merge Heap Roots: 0.61ms
[4276.051s][info][gc,phases      ] GC(1182)   Evacuate Collection Set: 119.49ms
[4276.051s][info][gc,phases      ] GC(1182)   Post Evacuate Collection Set: 0.98ms
[4276.051s][info][gc,phases      ] GC(1182)   Other: 0.10ms
[4276.051s][info][gc,heap        ] GC(1182) Eden regions: 1119->0(1103)
[4276.051s][info][gc,heap        ] GC(1182) Survivor regions: 109->111(154)
[4276.051s][info][gc,heap        ] GC(1182) Old regions: 509->540
[4276.051s][info][gc,heap        ] GC(1182) Humongous regions: 80->80
[4276.051s][info][gc,metaspace   ] GC(1182) Metaspace: 28893K(29312K)->28893K(29312K) NonClass: 24024K(24256K)->24024K(24256K) Class: 4868K(5056K)->4868K(5056K)
[4276.051s][info][gc             ] GC(1182) Pause Young (Prepare Mixed) (G1 Evacuation Pause) 3631M->1459M(4096M) 121.650ms
[4276.051s][info][gc,cpu         ] GC(1182) User=0.72s Sys=0.00s Real=0.12s
..[4278.354s][info][gc,start       ] GC(1183) Pause Young (Mixed) (G1 Evacuation Pause)
[4278.354s][info][gc,task        ] GC(1183) Using 6 workers of 6 for evacuation
[4278.488s][info][gc,phases      ] GC(1183)   Pre Evacuate Collection Set: 0.35ms
[4278.488s][info][gc,phases      ] GC(1183)   Merge Heap Roots: 0.62ms
[4278.488s][info][gc,phases      ] GC(1183)   Evacuate Collection Set: 131.94ms
[4278.488s][info][gc,phases      ] GC(1183)   Post Evacuate Collection Set: 0.95ms
[4278.488s][info][gc,phases      ] GC(1183)   Other: 0.09ms
[4278.488s][info][gc,heap        ] GC(1183) Eden regions: 1103->0(1118)
[4278.488s][info][gc,heap        ] GC(1183) Survivor regions: 111->110(152)
[4278.488s][info][gc,heap        ] GC(1183) Old regions: 540->477
[4278.488s][info][gc,heap        ] GC(1183) Humongous regions: 80->80
[4278.488s][info][gc,metaspace   ] GC(1183) Metaspace: 28893K(29312K)->28893K(29312K) NonClass: 24024K(24256K)->24024K(24256K) Class: 4868K(5056K)->4868K(5056K)
[4278.488s][info][gc             ] GC(1183) Pause Young (Mixed) (G1 Evacuation Pause) 3665M->1333M(4096M) 134.081ms
[4278.488s][info][gc,cpu         ] GC(1183) User=0.80s Sys=0.00s Real=0.13s
.. (rIR:aIR:PR = 7610:7569:7569) (tPR = 112295) [OK] 
  4279s: Performance info:
         Transaction,    Success,    Partial,     Failed,   Receipts, AvgBarcode, 
             Overall,     454993,          0,          0,     432181,      59.48, 
         Response times:
             Request,    Success,    Partial,     Failed,   SkipFail,     Probes,    Samples,      min,      p50,      p90,      p95,      p99,      max, 
       TotalPurchase,     432246,          0,          0,          0,     351402,     408797,      300,     6600,    73000,   107000,   157000,   383000,
     InStorePurchase,     227144,          0,          0,          0,     184777,     214667,      300,     6600,    73000,   107000,   159000,   365000,
      OnlinePurchase,     159383,          0,          0,          0,     129443,     150877,      300,     6600,    74000,   107000,   156000,   332000,
        InstPurchase,      45719,          0,          0,          0,      37182,      43253,      400,     6200,    72000,   106000,   155000,   383000,
          AssocOfCat,        459,          0,          0,          0,        363,        494,    25000,    40000,   109000,   141000,   195200,   277000,
      AssocOfProduct,       4566,          0,          0,          0,       4176,       4974,      600,     6000,    74500,   107000,   160000,   258000,
      BusinessReport,       1145,          0,          0,          0,       1010,       1287,    27000,    49000,   136200,   178000,   232360,   274000,
          CustBuyBeh,       4575,          0,          0,          0,       4220,       5063,      400,     5900,    72000,   100000,   144520,   258000,
       ProductReturn,      12072,          0,          0,          0,       9114,      10771,      200,     7000,    74000,   109000,   157000,   333000,

  4279s: (56%)   IR =   7749 .[4280.835s][info][gc,start       ] GC(1184) Pause Young (Concurrent Start) (G1 Evacuation Pause)
[4280.835s][info][gc,task        ] GC(1184) Using 6 workers of 6 for evacuation
[4280.954s][info][gc,phases      ] GC(1184)   Pre Evacuate Collection Set: 0.35ms
[4280.954s][info][gc,phases      ] GC(1184)   Merge Heap Roots: 0.46ms
[4280.954s][info][gc,phases      ] GC(1184)   Evacuate Collection Set: 117.51ms
[4280.954s][info][gc,phases      ] GC(1184)   Post Evacuate Collection Set: 0.93ms
[4280.954s][info][gc,phases      ] GC(1184)   Other: 0.10ms
[4280.954s][info][gc,heap        ] GC(1184) Eden regions: 1118->0(1118)
[4280.954s][info][gc,heap        ] GC(1184) Survivor regions: 110->110(154)
[4280.954s][info][gc,heap        ] GC(1184) Old regions: 477->509
[4280.954s][info][gc,heap        ] GC(1184) Humongous regions: 80->80
[4280.954s][info][gc,metaspace   ] GC(1184) Metaspace: 28893K(29312K)->28893K(29312K) NonClass: 24024K(24256K)->24024K(24256K) Class: 4868K(5056K)->4868K(5056K)
[4280.954s][info][gc             ] GC(1184) Pause Young (Concurrent Start) (G1 Evacuation Pause) 3569M->1396M(4096M) 119.516ms
[4280.954s][info][gc             ] GC(1185) Concurrent Mark Cycle
[4280.954s][info][gc,marking     ] GC(1185) Concurrent Scan Root Regions
[4280.954s][info][gc,cpu         ] GC(1184) User=0.71s Sys=0.00s Real=0.12s
[4281.136s][info][gc,marking     ] GC(1185) Concurrent Scan Root Regions 181.438ms
[4281.136s][info][gc,marking     ] GC(1185) Concurrent Mark
[4281.136s][info][gc,marking     ] GC(1185) Concurrent Mark From Roots
[4281.136s][info][gc,task        ] GC(1185) Using 2 workers of 2 for marking
.[4282.102s][info][gc,marking     ] GC(1185) Concurrent Mark From Roots 966.266ms
[4282.102s][info][gc,marking     ] GC(1185) Concurrent Preclean
[4282.102s][info][gc,marking     ] GC(1185) Concurrent Preclean 0.132ms
[4282.103s][info][gc,start       ] GC(1185) Pause Remark
[4282.109s][info][gc             ] GC(1185) Pause Remark 2446M->2446M(4096M) 6.041ms
[4282.109s][info][gc,cpu         ] GC(1185) User=0.03s Sys=0.00s Real=0.01s
[4282.110s][info][gc,marking     ] GC(1185) Concurrent Mark 974.491ms
[4282.110s][info][gc,marking     ] GC(1185) Concurrent Rebuild Remembered Sets and Scrub Regions
[4282.538s][info][gc,marking     ] GC(1185) Concurrent Rebuild Remembered Sets and Scrub Regions 427.850ms
[4282.538s][info][gc,start       ] GC(1185) Pause Cleanup
[4282.538s][info][gc             ] GC(1185) Pause Cleanup 2870M->2870M(4096M) 0.109ms
[4282.539s][info][gc,cpu         ] GC(1185) User=0.00s Sys=0.00s Real=0.00s
[4282.540s][info][gc,marking     ] GC(1185) Concurrent Clear Claimed Marks
[4282.540s][info][gc,marking     ] GC(1185) Concurrent Clear Claimed Marks 0.041ms
[4282.540s][info][gc,marking     ] GC(1185) Concurrent Cleanup for Next Mark
[4282.548s][info][gc,marking     ] GC(1185) Concurrent Cleanup for Next Mark 8.379ms
[4282.548s][info][gc             ] GC(1185) Concurrent Mark Cycle 1593.758ms
.[4283.306s][info][gc,start       ] GC(1186) Pause Young (Prepare Mixed) (G1 Evacuation Pause)
[4283.306s][info][gc,task        ] GC(1186) Using 6 workers of 6 for evacuation
[4283.427s][info][gc,phases      ] GC(1186)   Pre Evacuate Collection Set: 0.33ms
[4283.427s][info][gc,phases      ] GC(1186)   Merge Heap Roots: 0.51ms
[4283.427s][info][gc,phases      ] GC(1186)   Evacuate Collection Set: 118.63ms
[4283.427s][info][gc,phases      ] GC(1186)   Post Evacuate Collection Set: 0.94ms
[4283.427s][info][gc,phases      ] GC(1186)   Other: 0.09ms
[4283.427s][info][gc,heap        ] GC(1186) Eden regions: 1118->0(1102)
[4283.427s][info][gc,heap        ] GC(1186) Survivor regions: 110->112(154)
[4283.427s][info][gc,heap        ] GC(1186) Old regions: 509->539
[4283.427s][info][gc,heap        ] GC(1186) Humongous regions: 80->80
[4283.427s][info][gc,metaspace   ] GC(1186) Metaspace: 28893K(29312K)->28893K(29312K) NonClass: 24024K(24256K)->24024K(24256K) Class: 4868K(5056K)->4868K(5056K)
[4283.427s][info][gc             ] GC(1186) Pause Young (Prepare Mixed) (G1 Evacuation Pause) 3632M->1461M(4096M) 120.618ms
[4283.427s][info][gc,cpu         ] GC(1186) User=0.72s Sys=0.00s Real=0.12s
..[4285.645s][info][gc,start       ] GC(1187) Pause Young (Mixed) (G1 Evacuation Pause)
[4285.645s][info][gc,task        ] GC(1187) Using 6 workers of 6 for evacuation
[4285.781s][info][gc,phases      ] GC(1187)   Pre Evacuate Collection Set: 0.39ms
[4285.781s][info][gc,phases      ] GC(1187)   Merge Heap Roots: 0.68ms
[4285.781s][info][gc,phases      ] GC(1187)   Evacuate Collection Set: 133.87ms
[4285.781s][info][gc,phases      ] GC(1187)   Post Evacuate Collection Set: 0.95ms
[4285.781s][info][gc,phases      ] GC(1187)   Other: 0.09ms
[4285.781s][info][gc,heap        ] GC(1187) Eden regions: 1102->0(1117)
[4285.781s][info][gc,heap        ] GC(1187) Survivor regions: 112->111(152)
[4285.781s][info][gc,heap        ] GC(1187) Old regions: 539->475
[4285.781s][info][gc,heap        ] GC(1187) Humongous regions: 80->80
[4285.781s][info][gc,metaspace   ] GC(1187) Metaspace: 28893K(29312K)->28893K(29312K) NonClass: 24024K(24256K)->24024K(24256K) Class: 4868K(5056K)->4868K(5056K)
[4285.781s][info][gc             ] GC(1187) Pause Young (Mixed) (G1 Evacuation Pause) 3665M->1330M(4096M) 136.120ms
[4285.781s][info][gc,cpu         ] GC(1187) User=0.81s Sys=0.00s Real=0.13s
...[4288.059s][info][gc,start       ] GC(1188) Pause Young (Concurrent Start) (G1 Evacuation Pause)
[4288.059s][info][gc,task        ] GC(1188) Using 6 workers of 6 for evacuation
[4288.181s][info][gc,phases      ] GC(1188)   Pre Evacuate Collection Set: 0.40ms
[4288.181s][info][gc,phases      ] GC(1188)   Merge Heap Roots: 0.52ms
[4288.181s][info][gc,phases      ] GC(1188)   Evacuate Collection Set: 120.53ms
[4288.181s][info][gc,phases      ] GC(1188)   Post Evacuate Collection Set: 0.89ms
[4288.181s][info][gc,phases      ] GC(1188)   Other: 0.13ms
[4288.181s][info][gc,heap        ] GC(1188) Eden regions: 1117->0(1116)
[4288.181s][info][gc,heap        ] GC(1188) Survivor regions: 111->112(154)
[4288.181s][info][gc,heap        ] GC(1188) Old regions: 475->508
[4288.181s][info][gc,heap        ] GC(1188) Humongous regions: 80->80
[4288.181s][info][gc,metaspace   ] GC(1188) Metaspace: 28893K(29312K)->28893K(29312K) NonClass: 24024K(24256K)->24024K(24256K) Class: 4868K(5056K)->4868K(5056K)
[4288.181s][info][gc             ] GC(1188) Pause Young (Concurrent Start) (G1 Evacuation Pause) 3564M->1398M(4096M) 122.592ms
[4288.182s][info][gc             ] GC(1189) Concurrent Mark Cycle
[4288.182s][info][gc,marking     ] GC(1189) Concurrent Scan Root Regions
[4288.182s][info][gc,cpu         ] GC(1188) User=0.73s Sys=0.00s Real=0.12s
[4288.395s][info][gc,marking     ] GC(1189) Concurrent Scan Root Regions 213.382ms
[4288.395s][info][gc,marking     ] GC(1189) Concurrent Mark
[4288.395s][info][gc,marking     ] GC(1189) Concurrent Mark From Roots
[4288.395s][info][gc,task        ] GC(1189) Using 2 workers of 2 for marking
.|[4289.373s][info][gc,marking     ] GC(1189) Concurrent Mark From Roots 978.155ms
[4289.373s][info][gc,marking     ] GC(1189) Concurrent Preclean
[4289.373s][info][gc,marking     ] GC(1189) Concurrent Preclean 0.128ms
[4289.375s][info][gc,start       ] GC(1189) Pause Remark
[4289.382s][info][gc             ] GC(1189) Pause Remark 2550M->2550M(4096M) 6.379ms
[4289.382s][info][gc,cpu         ] GC(1189) User=0.03s Sys=0.01s Real=0.00s
[4289.382s][info][gc,marking     ] GC(1189) Concurrent Mark 987.182ms
[4289.382s][info][gc,marking     ] GC(1189) Concurrent Rebuild Remembered Sets and Scrub Regions
[4289.794s][info][gc,marking     ] GC(1189) Concurrent Rebuild Remembered Sets and Scrub Regions 411.364ms
[4289.795s][info][gc,start       ] GC(1189) Pause Cleanup
[4289.795s][info][gc             ] GC(1189) Pause Cleanup 2962M->2962M(4096M) 0.121ms
[4289.795s][info][gc,cpu         ] GC(1189) User=0.00s Sys=0.00s Real=0.00s
[4289.795s][info][gc,marking     ] GC(1189) Concurrent Clear Claimed Marks
[4289.795s][info][gc,marking     ] GC(1189) Concurrent Clear Claimed Marks 0.028ms
[4289.795s][info][gc,marking     ] GC(1189) Concurrent Cleanup for Next Mark
[4289.799s][info][gc,marking     ] GC(1189) Concurrent Cleanup for Next Mark 3.836ms
[4289.799s][info][gc             ] GC(1189) Concurrent Mark Cycle 1617.313ms
.[4290.478s][info][gc,start       ] GC(1190) Pause Young (Prepare Mixed) (G1 Evacuation Pause)
[4290.478s][info][gc,task        ] GC(1190) Using 6 workers of 6 for evacuation
[4290.599s][info][gc,phases      ] GC(1190)   Pre Evacuate Collection Set: 0.34ms
[4290.599s][info][gc,phases      ] GC(1190)   Merge Heap Roots: 0.54ms
[4290.599s][info][gc,phases      ] GC(1190)   Evacuate Collection Set: 119.10ms
[4290.599s][info][gc,phases      ] GC(1190)   Post Evacuate Collection Set: 0.92ms
[4290.599s][info][gc,phases      ] GC(1190)   Other: 0.09ms
[4290.599s][info][gc,heap        ] GC(1190) Eden regions: 1116->0(1101)
[4290.599s][info][gc,heap        ] GC(1190) Survivor regions: 112->112(154)
[4290.599s][info][gc,heap        ] GC(1190) Old regions: 508->540
[4290.599s][info][gc,heap        ] GC(1190) Humongous regions: 80->80
[4290.599s][info][gc,metaspace   ] GC(1190) Metaspace: 28893K(29312K)->28893K(29312K) NonClass: 24024K(24256K)->24024K(24256K) Class: 4868K(5056K)->4868K(5056K)
[4290.599s][info][gc             ] GC(1190) Pause Young (Prepare Mixed) (G1 Evacuation Pause) 3630M->1461M(4096M) 121.152ms
[4290.599s][info][gc,cpu         ] GC(1190) User=0.72s Sys=0.00s Real=0.12s
..[4292.837s][info][gc,start       ] GC(1191) Pause Young (Mixed) (G1 Evacuation Pause)
[4292.837s][info][gc,task        ] GC(1191) Using 6 workers of 6 for evacuation
[4292.968s][info][gc,phases      ] GC(1191)   Pre Evacuate Collection Set: 0.43ms
[4292.968s][info][gc,phases      ] GC(1191)   Merge Heap Roots: 0.75ms
[4292.968s][info][gc,phases      ] GC(1191)   Evacuate Collection Set: 127.86ms
[4292.968s][info][gc,phases      ] GC(1191)   Post Evacuate Collection Set: 0.95ms
[4292.968s][info][gc,phases      ] GC(1191)   Other: 0.85ms
[4292.968s][info][gc,heap        ] GC(1191) Eden regions: 1101->0(1120)
[4292.968s][info][gc,heap        ] GC(1191) Survivor regions: 112->108(152)
[4292.968s][info][gc,heap        ] GC(1191) Old regions: 540->478
[4292.968s][info][gc,heap        ] GC(1191) Humongous regions: 80->80
[4292.968s][info][gc,metaspace   ] GC(1191) Metaspace: 28893K(29312K)->28893K(29312K) NonClass: 24024K(24256K)->24024K(24256K) Class: 4868K(5056K)->4868K(5056K)
[4292.968s][info][gc             ] GC(1191) Pause Young (Mixed) (G1 Evacuation Pause) 3663M->1330M(4096M) 130.978ms
[4292.968s][info][gc,cpu         ] GC(1191) User=0.77s Sys=0.00s Real=0.13s
...[4295.302s][info][gc,start       ] GC(1192) Pause Young (Concurrent Start) (G1 Evacuation Pause)
[4295.302s][info][gc,task        ] GC(1192) Using 6 workers of 6 for evacuation
[4295.420s][info][gc,phases      ] GC(1192)   Pre Evacuate Collection Set: 0.40ms
[4295.420s][info][gc,phases      ] GC(1192)   Merge Heap Roots: 0.45ms
[4295.420s][info][gc,phases      ] GC(1192)   Evacuate Collection Set: 116.22ms
[4295.420s][info][gc,phases      ] GC(1192)   Post Evacuate Collection Set: 0.91ms
[4295.420s][info][gc,phases      ] GC(1192)   Other: 0.12ms
[4295.420s][info][gc,heap        ] GC(1192) Eden regions: 1120->0(1117)
[4295.420s][info][gc,heap        ] GC(1192) Survivor regions: 108->111(154)
[4295.420s][info][gc,heap        ] GC(1192) Old regions: 478->510
[4295.420s][info][gc,heap        ] GC(1192) Humongous regions: 80->80
[4295.420s][info][gc,metaspace   ] GC(1192) Metaspace: 28893K(29312K)->28893K(29312K) NonClass: 24024K(24256K)->24024K(24256K) Class: 4868K(5056K)->4868K(5056K)
[4295.420s][info][gc             ] GC(1192) Pause Young (Concurrent Start) (G1 Evacuation Pause) 3570M->1401M(4096M) 118.250ms
[4295.420s][info][gc             ] GC(1193) Concurrent Mark Cycle
[4295.420s][info][gc,marking     ] GC(1193) Concurrent Scan Root Regions
[4295.420s][info][gc,cpu         ] GC(1192) User=0.70s Sys=0.00s Real=0.12s
[4295.604s][info][gc,marking     ] GC(1193) Concurrent Scan Root Regions 183.409ms
[4295.604s][info][gc,marking     ] GC(1193) Concurrent Mark
[4295.604s][info][gc,marking     ] GC(1193) Concurrent Mark From Roots
[4295.604s][info][gc,task        ] GC(1193) Using 2 workers of 2 for marking
.[4296.667s][info][gc,marking     ] GC(1193) Concurrent Mark From Roots 1062.887ms
[4296.667s][info][gc,marking     ] GC(1193) Concurrent Preclean
[4296.667s][info][gc,marking     ] GC(1193) Concurrent Preclean 0.129ms
[4296.671s][info][gc,start       ] GC(1193) Pause Remark
[4296.676s][info][gc             ] GC(1193) Pause Remark 2555M->2555M(4096M) 5.467ms
[4296.676s][info][gc,cpu         ] GC(1193) User=0.03s Sys=0.00s Real=0.01s
[4296.676s][info][gc,marking     ] GC(1193) Concurrent Mark 1072.470ms
[4296.676s][info][gc,marking     ] GC(1193) Concurrent Rebuild Remembered Sets and Scrub Regions
[4297.087s][info][gc,marking     ] GC(1193) Concurrent Rebuild Remembered Sets and Scrub Regions 410.594ms
[4297.087s][info][gc,start       ] GC(1193) Pause Cleanup
[4297.088s][info][gc             ] GC(1193) Pause Cleanup 3007M->3007M(4096M) 0.135ms
[4297.088s][info][gc,cpu         ] GC(1193) User=0.00s Sys=0.00s Real=0.00s
[4297.088s][info][gc,marking     ] GC(1193) Concurrent Clear Claimed Marks
[4297.088s][info][gc,marking     ] GC(1193) Concurrent Clear Claimed Marks 0.032ms
[4297.088s][info][gc,marking     ] GC(1193) Concurrent Cleanup for Next Mark
[4297.094s][info][gc,marking     ] GC(1193) Concurrent Cleanup for Next Mark 6.245ms
[4297.094s][info][gc             ] GC(1193) Concurrent Mark Cycle 1673.761ms
.[4297.757s][info][gc,start       ] GC(1194) Pause Young (Prepare Mixed) (G1 Evacuation Pause)
[4297.757s][info][gc,task        ] GC(1194) Using 6 workers of 6 for evacuation
[4297.879s][info][gc,phases      ] GC(1194)   Pre Evacuate Collection Set: 0.32ms
[4297.879s][info][gc,phases      ] GC(1194)   Merge Heap Roots: 0.51ms
[4297.879s][info][gc,phases      ] GC(1194)   Evacuate Collection Set: 119.92ms
[4297.879s][info][gc,phases      ] GC(1194)   Post Evacuate Collection Set: 0.90ms
[4297.879s][info][gc,phases      ] GC(1194)   Other: 0.09ms
[4297.879s][info][gc,heap        ] GC(1194) Eden regions: 1117->0(1095)
[4297.879s][info][gc,heap        ] GC(1194) Survivor regions: 111->114(154)
[4297.879s][info][gc,heap        ] GC(1194) Old regions: 510->542
[4297.879s][info][gc,heap        ] GC(1194) Humongous regions: 80->80
[4297.879s][info][gc,metaspace   ] GC(1194) Metaspace: 28893K(29312K)->28893K(29312K) NonClass: 24024K(24256K)->24024K(24256K) Class: 4868K(5056K)->4868K(5056K)
[4297.879s][info][gc             ] GC(1194) Pause Young (Prepare Mixed) (G1 Evacuation Pause) 3635M->1469M(4096M) 121.921ms
[4297.879s][info][gc,cpu         ] GC(1194) User=0.72s Sys=0.00s Real=0.12s
..[4300.072s][info][gc,start       ] GC(1195) Pause Young (Mixed) (G1 Evacuation Pause)
[4300.073s][info][gc,task        ] GC(1195) Using 6 workers of 6 for evacuation
[4300.204s][info][gc,phases      ] GC(1195)   Pre Evacuate Collection Set: 0.39ms
[4300.204s][info][gc,phases      ] GC(1195)   Merge Heap Roots: 0.63ms
[4300.204s][info][gc,phases      ] GC(1195)   Evacuate Collection Set: 128.98ms
[4300.204s][info][gc,phases      ] GC(1195)   Post Evacuate Collection Set: 0.96ms
[4300.204s][info][gc,phases      ] GC(1195)   Other: 0.09ms
[4300.204s][info][gc,heap        ] GC(1195) Eden regions: 1095->0(1121)
[4300.204s][info][gc,heap        ] GC(1195) Survivor regions: 114->107(152)
[4300.204s][info][gc,heap        ] GC(1195) Old regions: 542->476
[4300.204s][info][gc,heap        ] GC(1195) Humongous regions: 80->80
[4300.204s][info][gc,metaspace   ] GC(1195) Metaspace: 28893K(29312K)->28893K(29312K) NonClass: 24024K(24256K)->24024K(24256K) Class: 4868K(5056K)->4868K(5056K)
[4300.204s][info][gc             ] GC(1195) Pause Young (Mixed) (G1 Evacuation Pause) 3659M->1325M(4096M) 131.180ms
[4300.204s][info][gc,cpu         ] GC(1195) User=0.77s Sys=0.00s Real=0.14s
...[4302.528s][info][gc,start       ] GC(1196) Pause Young (Concurrent Start) (G1 Evacuation Pause)
[4302.528s][info][gc,task        ] GC(1196) Using 6 workers of 6 for evacuation
[4302.651s][info][gc,phases      ] GC(1196)   Pre Evacuate Collection Set: 0.38ms
[4302.651s][info][gc,phases      ] GC(1196)   Merge Heap Roots: 0.48ms
[4302.651s][info][gc,phases      ] GC(1196)   Evacuate Collection Set: 120.83ms
[4302.651s][info][gc,phases      ] GC(1196)   Post Evacuate Collection Set: 0.87ms
[4302.651s][info][gc,phases      ] GC(1196)   Other: 0.11ms
[4302.651s][info][gc,heap        ] GC(1196) Eden regions: 1121->0(1115)
[4302.651s][info][gc,heap        ] GC(1196) Survivor regions: 107->113(154)
[4302.651s][info][gc,heap        ] GC(1196) Old regions: 476->508
[4302.651s][info][gc,heap        ] GC(1196) Humongous regions: 80->80
[4302.651s][info][gc,metaspace   ] GC(1196) Metaspace: 28893K(29312K)->28893K(29312K) NonClass: 24024K(24256K)->24024K(24256K) Class: 4868K(5056K)->4868K(5056K)
[4302.651s][info][gc             ] GC(1196) Pause Young (Concurrent Start) (G1 Evacuation Pause) 3567M->1400M(4096M) 122.800ms
[4302.651s][info][gc             ] GC(1197) Concurrent Mark Cycle
[4302.651s][info][gc,marking     ] GC(1197) Concurrent Scan Root Regions
[4302.651s][info][gc,cpu         ] GC(1196) User=0.73s Sys=0.00s Real=0.12s
[4302.886s][info][gc,marking     ] GC(1197) Concurrent Scan Root Regions 235.049ms
[4302.886s][info][gc,marking     ] GC(1197) Concurrent Mark
[4302.886s][info][gc,marking     ] GC(1197) Concurrent Mark From Roots
[4302.886s][info][gc,task        ] GC(1197) Using 2 workers of 2 for marking
.[4304.009s][info][gc,marking     ] GC(1197) Concurrent Mark From Roots 1122.586ms
[4304.009s][info][gc,marking     ] GC(1197) Concurrent Preclean
[4304.009s][info][gc,marking     ] GC(1197) Concurrent Preclean 0.135ms
[4304.012s][info][gc,start       ] GC(1197) Pause Remark
[4304.015s][info][gc             ] GC(1197) Pause Remark 2768M->2768M(4096M) 3.655ms
[4304.015s][info][gc,cpu         ] GC(1197) User=0.02s Sys=0.00s Real=0.01s
[4304.016s][info][gc,marking     ] GC(1197) Concurrent Mark 1129.440ms
[4304.016s][info][gc,marking     ] GC(1197) Concurrent Rebuild Remembered Sets and Scrub Regions
[4304.352s][info][gc,marking     ] GC(1197) Concurrent Rebuild Remembered Sets and Scrub Regions 336.658ms
[4304.353s][info][gc,start       ] GC(1197) Pause Cleanup
[4304.353s][info][gc             ] GC(1197) Pause Cleanup 3094M->3094M(4096M) 0.110ms
[4304.353s][info][gc,cpu         ] GC(1197) User=0.00s Sys=0.00s Real=0.00s
[4304.353s][info][gc,marking     ] GC(1197) Concurrent Clear Claimed Marks
[4304.353s][info][gc,marking     ] GC(1197) Concurrent Clear Claimed Marks 0.022ms
[4304.353s][info][gc,marking     ] GC(1197) Concurrent Cleanup for Next Mark
[4304.356s][info][gc,marking     ] GC(1197) Concurrent Cleanup for Next Mark 3.217ms
[4304.356s][info][gc             ] GC(1197) Concurrent Mark Cycle 1704.833ms
.[4304.934s][info][gc,start       ] GC(1198) Pause Young (Prepare Mixed) (G1 Evacuation Pause)
[4304.934s][info][gc,task        ] GC(1198) Using 6 workers of 6 for evacuation
[4305.053s][info][gc,phases      ] GC(1198)   Pre Evacuate Collection Set: 0.34ms
[4305.053s][info][gc,phases      ] GC(1198)   Merge Heap Roots: 0.54ms
[4305.053s][info][gc,phases      ] GC(1198)   Evacuate Collection Set: 116.97ms
[4305.053s][info][gc,phases      ] GC(1198)   Post Evacuate Collection Set: 0.93ms
[4305.053s][info][gc,phases      ] GC(1198)   Other: 0.08ms
[4305.053s][info][gc,heap        ] GC(1198) Eden regions: 1115->0(1105)
[4305.053s][info][gc,heap        ] GC(1198) Survivor regions: 113->110(154)
[4305.053s][info][gc,heap        ] GC(1198) Old regions: 508->540
[4305.053s][info][gc,heap        ] GC(1198) Humongous regions: 80->80
[4305.053s][info][gc,metaspace   ] GC(1198) Metaspace: 28893K(29312K)->28893K(29312K) NonClass: 24024K(24256K)->24024K(24256K) Class: 4868K(5056K)->4868K(5056K)
[4305.053s][info][gc             ] GC(1198) Pause Young (Prepare Mixed) (G1 Evacuation Pause) 3630M->1458M(4096M) 118.986ms
[4305.053s][info][gc,cpu         ] GC(1198) User=0.70s Sys=0.00s Real=0.11s
..[4307.405s][info][gc,start       ] GC(1199) Pause Young (Mixed) (G1 Evacuation Pause)
[4307.405s][info][gc,task        ] GC(1199) Using 6 workers of 6 for evacuation
[4307.541s][info][gc,phases      ] GC(1199)   Pre Evacuate Collection Set: 0.39ms
[4307.541s][info][gc,phases      ] GC(1199)   Merge Heap Roots: 0.71ms
[4307.541s][info][gc,phases      ] GC(1199)   Evacuate Collection Set: 133.81ms
[4307.541s][info][gc,phases      ] GC(1199)   Post Evacuate Collection Set: 0.95ms
[4307.541s][info][gc,phases      ] GC(1199)   Other: 0.09ms
[4307.541s][info][gc,heap        ] GC(1199) Eden regions: 1105->0(1116)
[4307.541s][info][gc,heap        ] GC(1199) Survivor regions: 110->112(152)
[4307.541s][info][gc,heap        ] GC(1199) Old regions: 540->477
[4307.541s][info][gc,heap        ] GC(1199) Humongous regions: 80->80
[4307.541s][info][gc,metaspace   ] GC(1199) Metaspace: 28893K(29312K)->28893K(29312K) NonClass: 24024K(24256K)->24024K(24256K) Class: 4868K(5056K)->4868K(5056K)
[4307.541s][info][gc             ] GC(1199) Pause Young (Mixed) (G1 Evacuation Pause) 3668M->1336M(4096M) 136.087ms
[4307.541s][info][gc,cpu         ] GC(1199) User=0.80s Sys=0.00s Real=0.13s
...[4309.793s][info][gc,start       ] GC(1200) Pause Young (Concurrent Start) (G1 Evacuation Pause)
[4309.793s][info][gc,task        ] GC(1200) Using 6 workers of 6 for evacuation
[4309.916s][info][gc,phases      ] GC(1200)   Pre Evacuate Collection Set: 0.39ms
[4309.916s][info][gc,phases      ] GC(1200)   Merge Heap Roots: 0.45ms
[4309.916s][info][gc,phases      ] GC(1200)   Evacuate Collection Set: 121.75ms
[4309.916s][info][gc,phases      ] GC(1200)   Post Evacuate Collection Set: 0.87ms
[4309.916s][info][gc,phases      ] GC(1200)   Other: 0.09ms
[4309.916s][info][gc,heap        ] GC(1200) Eden regions: 1116->0(1113)
[4309.916s][info][gc,heap        ] GC(1200) Survivor regions: 112->115(154)
[4309.916s][info][gc,heap        ] GC(1200) Old regions: 477->509
[4309.916s][info][gc,heap        ] GC(1200) Humongous regions: 80->80
[4309.916s][info][gc,metaspace   ] GC(1200) Metaspace: 28893K(29312K)->28893K(29312K) NonClass: 24024K(24256K)->24024K(24256K) Class: 4868K(5056K)->4868K(5056K)
[4309.916s][info][gc             ] GC(1200) Pause Young (Concurrent Start) (G1 Evacuation Pause) 3568M->1407M(4096M) 123.699ms
[4309.916s][info][gc             ] GC(1201) Concurrent Mark Cycle
[4309.916s][info][gc,marking     ] GC(1201) Concurrent Scan Root Regions
[4309.916s][info][gc,cpu         ] GC(1200) User=0.73s Sys=0.00s Real=0.13s
[4310.116s][info][gc,marking     ] GC(1201) Concurrent Scan Root Regions 200.006ms
[4310.116s][info][gc,marking     ] GC(1201) Concurrent Mark
[4310.116s][info][gc,marking     ] GC(1201) Concurrent Mark From Roots
[4310.116s][info][gc,task        ] GC(1201) Using 2 workers of 2 for marking
.[4310.833s][info][gc,marking     ] GC(1201) Concurrent Mark From Roots 716.212ms
[4310.833s][info][gc,marking     ] GC(1201) Concurrent Preclean
[4310.833s][info][gc,marking     ] GC(1201) Concurrent Preclean 0.088ms
[4310.833s][info][gc,start       ] GC(1201) Pause Remark
[4310.837s][info][gc             ] GC(1201) Pause Remark 2227M->2227M(4096M) 4.135ms
[4310.837s][info][gc,cpu         ] GC(1201) User=0.02s Sys=0.00s Real=0.01s
[4310.837s][info][gc,marking     ] GC(1201) Concurrent Mark 720.977ms
[4310.837s][info][gc,marking     ] GC(1201) Concurrent Rebuild Remembered Sets and Scrub Regions
[4311.403s][info][gc,marking     ] GC(1201) Concurrent Rebuild Remembered Sets and Scrub Regions 565.350ms
[4311.403s][info][gc,start       ] GC(1201) Pause Cleanup
[4311.403s][info][gc             ] GC(1201) Pause Cleanup 2886M->2886M(4096M) 0.118ms
[4311.403s][info][gc,cpu         ] GC(1201) User=0.00s Sys=0.00s Real=0.00s
[4311.404s][info][gc,marking     ] GC(1201) Concurrent Clear Claimed Marks
[4311.404s][info][gc,marking     ] GC(1201) Concurrent Clear Claimed Marks 0.039ms
[4311.404s][info][gc,marking     ] GC(1201) Concurrent Cleanup for Next Mark
[4311.410s][info][gc,marking     ] GC(1201) Concurrent Cleanup for Next Mark 5.428ms
[4311.410s][info][gc             ] GC(1201) Concurrent Mark Cycle 1493.605ms
.[4312.216s][info][gc,start       ] GC(1202) Pause Young (Prepare Mixed) (G1 Evacuation Pause)
[4312.217s][info][gc,task        ] GC(1202) Using 6 workers of 6 for evacuation
[4312.336s][info][gc,phases      ] GC(1202)   Pre Evacuate Collection Set: 0.34ms
[4312.336s][info][gc,phases      ] GC(1202)   Merge Heap Roots: 0.56ms
[4312.336s][info][gc,phases      ] GC(1202)   Evacuate Collection Set: 118.00ms
[4312.336s][info][gc,phases      ] GC(1202)   Post Evacuate Collection Set: 0.91ms
[4312.336s][info][gc,phases      ] GC(1202)   Other: 0.09ms
[4312.336s][info][gc,heap        ] GC(1202) Eden regions: 1113->0(1102)
[4312.336s][info][gc,heap        ] GC(1202) Survivor regions: 115->111(154)
[4312.336s][info][gc,heap        ] GC(1202) Old regions: 509->541
[4312.336s][info][gc,heap        ] GC(1202) Humongous regions: 80->80
[4312.336s][info][gc,metaspace   ] GC(1202) Metaspace: 28893K(29312K)->28893K(29312K) NonClass: 24024K(24256K)->24024K(24256K) Class: 4868K(5056K)->4868K(5056K)
[4312.336s][info][gc             ] GC(1202) Pause Young (Prepare Mixed) (G1 Evacuation Pause) 3632M->1463M(4096M) 120.056ms
[4312.337s][info][gc,cpu         ] GC(1202) User=0.71s Sys=0.00s Real=0.12s
...[4314.602s][info][gc,start       ] GC(1203) Pause Young (Mixed) (G1 Evacuation Pause)
[4314.602s][info][gc,task        ] GC(1203) Using 6 workers of 6 for evacuation
[4314.734s][info][gc,phases      ] GC(1203)   Pre Evacuate Collection Set: 0.39ms
[4314.734s][info][gc,phases      ] GC(1203)   Merge Heap Roots: 0.62ms
[4314.734s][info][gc,phases      ] GC(1203)   Evacuate Collection Set: 129.85ms
[4314.734s][info][gc,phases      ] GC(1203)   Post Evacuate Collection Set: 0.91ms
[4314.734s][info][gc,phases      ] GC(1203)   Other: 0.09ms
[4314.734s][info][gc,heap        ] GC(1203) Eden regions: 1102->0(1118)
[4314.734s][info][gc,heap        ] GC(1203) Survivor regions: 111->110(152)
[4314.734s][info][gc,heap        ] GC(1203) Old regions: 541->477
[4314.734s][info][gc,heap        ] GC(1203) Humongous regions: 80->80
[4314.734s][info][gc,metaspace   ] GC(1203) Metaspace: 28893K(29312K)->28893K(29312K) NonClass: 24024K(24256K)->24024K(24256K) Class: 4868K(5056K)->4868K(5056K)
[4314.734s][info][gc             ] GC(1203) Pause Young (Mixed) (G1 Evacuation Pause) 3667M->1332M(4096M) 131.987ms
[4314.734s][info][gc,cpu         ] GC(1203) User=0.79s Sys=0.00s Real=0.14s
..[4317.104s][info][gc,start       ] GC(1204) Pause Young (Concurrent Start) (G1 Evacuation Pause)
[4317.104s][info][gc,task        ] GC(1204) Using 6 workers of 6 for evacuation
[4317.227s][info][gc,phases      ] GC(1204)   Pre Evacuate Collection Set: 0.39ms
[4317.227s][info][gc,phases      ] GC(1204)   Merge Heap Roots: 0.48ms
[4317.227s][info][gc,phases      ] GC(1204)   Evacuate Collection Set: 121.81ms
[4317.227s][info][gc,phases      ] GC(1204)   Post Evacuate Collection Set: 0.90ms
[4317.227s][info][gc,phases      ] GC(1204)   Other: 0.12ms
[4317.227s][info][gc,heap        ] GC(1204) Eden regions: 1118->0(1116)
[4317.227s][info][gc,heap        ] GC(1204) Survivor regions: 110->112(154)
[4317.227s][info][gc,heap        ] GC(1204) Old regions: 477->510
[4317.227s][info][gc,heap        ] GC(1204) Humongous regions: 80->80
[4317.227s][info][gc,metaspace   ] GC(1204) Metaspace: 28893K(29312K)->28893K(29312K) NonClass: 24024K(24256K)->24024K(24256K) Class: 4868K(5056K)->4868K(5056K)
[4317.227s][info][gc             ] GC(1204) Pause Young (Concurrent Start) (G1 Evacuation Pause) 3568M->1401M(4096M) 123.830ms
[4317.227s][info][gc             ] GC(1205) Concurrent Mark Cycle
[4317.227s][info][gc,marking     ] GC(1205) Concurrent Scan Root Regions
[4317.227s][info][gc,cpu         ] GC(1204) User=0.73s Sys=0.00s Real=0.12s
[4317.431s][info][gc,marking     ] GC(1205) Concurrent Scan Root Regions 203.956ms
[4317.431s][info][gc,marking     ] GC(1205) Concurrent Mark
[4317.431s][info][gc,marking     ] GC(1205) Concurrent Mark From Roots
[4317.431s][info][gc,task        ] GC(1205) Using 2 workers of 2 for marking
.[4318.161s][info][gc,marking     ] GC(1205) Concurrent Mark From Roots 729.847ms
[4318.161s][info][gc,marking     ] GC(1205) Concurrent Preclean
[4318.161s][info][gc,marking     ] GC(1205) Concurrent Preclean 0.099ms
[4318.162s][info][gc,start       ] GC(1205) Pause Remark
[4318.167s][info][gc             ] GC(1205) Pause Remark 2285M->2285M(4096M) 5.040ms
[4318.167s][info][gc,cpu         ] GC(1205) User=0.03s Sys=0.00s Real=0.01s
[4318.168s][info][gc,marking     ] GC(1205) Concurrent Mark 736.164ms
[4318.168s][info][gc,marking     ] GC(1205) Concurrent Rebuild Remembered Sets and Scrub Regions
[4318.565s][info][gc,marking     ] GC(1205) Concurrent Rebuild Remembered Sets and Scrub Regions 396.991ms
[4318.566s][info][gc,start       ] GC(1205) Pause Cleanup
[4318.566s][info][gc             ] GC(1205) Pause Cleanup 2633M->2633M(4096M) 0.134ms
[4318.566s][info][gc,cpu         ] GC(1205) User=0.00s Sys=0.00s Real=0.00s
[4318.566s][info][gc,marking     ] GC(1205) Concurrent Clear Claimed Marks
[4318.567s][info][gc,marking     ] GC(1205) Concurrent Clear Claimed Marks 0.031ms
[4318.567s][info][gc,marking     ] GC(1205) Concurrent Cleanup for Next Mark
[4318.572s][info][gc,marking     ] GC(1205) Concurrent Cleanup for Next Mark 5.509ms
[4318.572s][info][gc             ] GC(1205) Concurrent Mark Cycle 1344.722ms
.[4319.469s][info][gc,start       ] GC(1206) Pause Young (Prepare Mixed) (G1 Evacuation Pause)
[4319.469s][info][gc,task        ] GC(1206) Using 6 workers of 6 for evacuation
[4319.596s][info][gc,phases      ] GC(1206)   Pre Evacuate Collection Set: 0.36ms
[4319.596s][info][gc,phases      ] GC(1206)   Merge Heap Roots: 0.53ms
[4319.596s][info][gc,phases      ] GC(1206)   Evacuate Collection Set: 124.95ms
[4319.596s][info][gc,phases      ] GC(1206)   Post Evacuate Collection Set: 0.96ms
[4319.596s][info][gc,phases      ] GC(1206)   Other: 0.08ms
[4319.596s][info][gc,heap        ] GC(1206) Eden regions: 1116->0(1092)
[4319.596s][info][gc,heap        ] GC(1206) Survivor regions: 112->116(154)
[4319.596s][info][gc,heap        ] GC(1206) Old regions: 510->541
[4319.596s][info][gc,heap        ] GC(1206) Humongous regions: 80->80
[4319.596s][info][gc,metaspace   ] GC(1206) Metaspace: 28893K(29312K)->28893K(29312K) NonClass: 24024K(24256K)->24024K(24256K) Class: 4868K(5056K)->4868K(5056K)
[4319.596s][info][gc             ] GC(1206) Pause Young (Prepare Mixed) (G1 Evacuation Pause) 3633M->1472M(4096M) 127.022ms
[4319.596s][info][gc,cpu         ] GC(1206) User=0.75s Sys=0.00s Real=0.13s
...[4321.901s][info][gc,start       ] GC(1207) Pause Young (Mixed) (G1 Evacuation Pause)
[4321.901s][info][gc,task        ] GC(1207) Using 6 workers of 6 for evacuation
[4322.037s][info][gc,phases      ] GC(1207)   Pre Evacuate Collection Set: 0.41ms
[4322.037s][info][gc,phases      ] GC(1207)   Merge Heap Roots: 0.77ms
[4322.037s][info][gc,phases      ] GC(1207)   Evacuate Collection Set: 132.83ms
[4322.037s][info][gc,phases      ] GC(1207)   Post Evacuate Collection Set: 0.92ms
[4322.037s][info][gc,phases      ] GC(1207)   Other: 0.09ms
[4322.037s][info][gc,heap        ] GC(1207) Eden regions: 1092->0(1119)
[4322.037s][info][gc,heap        ] GC(1207) Survivor regions: 116->109(151)
[4322.037s][info][gc,heap        ] GC(1207) Old regions: 541->478
[4322.037s][info][gc,heap        ] GC(1207) Humongous regions: 80->80
[4322.037s][info][gc,metaspace   ] GC(1207) Metaspace: 28893K(29312K)->28893K(29312K) NonClass: 24024K(24256K)->24024K(24256K) Class: 4868K(5056K)->4868K(5056K)
[4322.037s][info][gc             ] GC(1207) Pause Young (Mixed) (G1 Evacuation Pause) 3656M->1332M(4096M) 135.148ms
[4322.037s][info][gc,cpu         ] GC(1207) User=0.80s Sys=0.00s Real=0.14s
..[4324.366s][info][gc,start       ] GC(1208) Pause Young (Concurrent Start) (G1 Evacuation Pause)
[4324.366s][info][gc,task        ] GC(1208) Using 6 workers of 6 for evacuation
[4324.488s][info][gc,phases      ] GC(1208)   Pre Evacuate Collection Set: 0.36ms
[4324.488s][info][gc,phases      ] GC(1208)   Merge Heap Roots: 0.46ms
[4324.488s][info][gc,phases      ] GC(1208)   Evacuate Collection Set: 119.75ms
[4324.488s][info][gc,phases      ] GC(1208)   Post Evacuate Collection Set: 0.86ms
[4324.488s][info][gc,phases      ] GC(1208)   Other: 0.11ms
[4324.488s][info][gc,heap        ] GC(1208) Eden regions: 1119->0(1114)
[4324.488s][info][gc,heap        ] GC(1208) Survivor regions: 109->114(154)
[4324.488s][info][gc,heap        ] GC(1208) Old regions: 478->510
[4324.488s][info][gc,heap        ] GC(1208) Humongous regions: 80->80
[4324.488s][info][gc,metaspace   ] GC(1208) Metaspace: 28893K(29312K)->28893K(29312K) NonClass: 24024K(24256K)->24024K(24256K) Class: 4868K(5056K)->4868K(5056K)
[4324.488s][info][gc             ] GC(1208) Pause Young (Concurrent Start) (G1 Evacuation Pause) 3570M->1406M(4096M) 121.678ms
[4324.488s][info][gc             ] GC(1209) Concurrent Mark Cycle
[4324.488s][info][gc,marking     ] GC(1209) Concurrent Scan Root Regions
[4324.488s][info][gc,cpu         ] GC(1208) User=0.72s Sys=0.00s Real=0.12s
.[4324.682s][info][gc,marking     ] GC(1209) Concurrent Scan Root Regions 194.691ms
[4324.683s][info][gc,marking     ] GC(1209) Concurrent Mark
[4324.683s][info][gc,marking     ] GC(1209) Concurrent Mark From Roots
[4324.683s][info][gc,task        ] GC(1209) Using 2 workers of 2 for marking
.[4325.740s][info][gc,marking     ] GC(1209) Concurrent Mark From Roots 1057.260ms
[4325.740s][info][gc,marking     ] GC(1209) Concurrent Preclean
[4325.740s][info][gc,marking     ] GC(1209) Concurrent Preclean 0.117ms
[4325.740s][info][gc,start       ] GC(1209) Pause Remark
[4325.747s][info][gc             ] GC(1209) Pause Remark 2558M->2558M(4096M) 6.897ms
[4325.747s][info][gc,cpu         ] GC(1209) User=0.04s Sys=0.00s Real=0.01s
[4325.749s][info][gc,marking     ] GC(1209) Concurrent Mark 1066.006ms
[4325.749s][info][gc,marking     ] GC(1209) Concurrent Rebuild Remembered Sets and Scrub Regions
[4326.145s][info][gc,marking     ] GC(1209) Concurrent Rebuild Remembered Sets and Scrub Regions 396.805ms
[4326.148s][info][gc,start       ] GC(1209) Pause Cleanup
[4326.148s][info][gc             ] GC(1209) Pause Cleanup 3032M->3032M(4096M) 0.134ms
[4326.148s][info][gc,cpu         ] GC(1209) User=0.00s Sys=0.00s Real=0.00s
[4326.149s][info][gc,marking     ] GC(1209) Concurrent Clear Claimed Marks
[4326.149s][info][gc,marking     ] GC(1209) Concurrent Clear Claimed Marks 0.033ms
[4326.149s][info][gc,marking     ] GC(1209) Concurrent Cleanup for Next Mark
[4326.154s][info][gc,marking     ] GC(1209) Concurrent Cleanup for Next Mark 4.899ms
[4326.154s][info][gc             ] GC(1209) Concurrent Mark Cycle 1665.939ms
[4326.654s][info][gc,start       ] GC(1210) Pause Young (Prepare Mixed) (G1 Evacuation Pause)
[4326.654s][info][gc,task        ] GC(1210) Using 6 workers of 6 for evacuation
[4326.775s][info][gc,phases      ] GC(1210)   Pre Evacuate Collection Set: 0.34ms
[4326.775s][info][gc,phases      ] GC(1210)   Merge Heap Roots: 0.51ms
[4326.775s][info][gc,phases      ] GC(1210)   Evacuate Collection Set: 118.92ms
[4326.775s][info][gc,phases      ] GC(1210)   Post Evacuate Collection Set: 0.93ms
[4326.775s][info][gc,phases      ] GC(1210)   Other: 0.09ms
[4326.775s][info][gc,heap        ] GC(1210) Eden regions: 1114->0(1100)
[4326.775s][info][gc,heap        ] GC(1210) Survivor regions: 114->112(154)
[4326.775s][info][gc,heap        ] GC(1210) Old regions: 510->541
[4326.775s][info][gc,heap        ] GC(1210) Humongous regions: 80->80
[4326.775s][info][gc,metaspace   ] GC(1210) Metaspace: 28893K(29312K)->28893K(29312K) NonClass: 24024K(24256K)->24024K(24256K) Class: 4868K(5056K)->4868K(5056K)
[4326.775s][info][gc             ] GC(1210) Pause Young (Prepare Mixed) (G1 Evacuation Pause) 3634M->1465M(4096M) 120.926ms
[4326.775s][info][gc,cpu         ] GC(1210) User=0.72s Sys=0.00s Real=0.12s
...[4329.089s][info][gc,start       ] GC(1211) Pause Young (Mixed) (G1 Evacuation Pause)
[4329.089s][info][gc,task        ] GC(1211) Using 6 workers of 6 for evacuation
[4329.221s][info][gc,phases      ] GC(1211)   Pre Evacuate Collection Set: 0.40ms
[4329.221s][info][gc,phases      ] GC(1211)   Merge Heap Roots: 0.70ms
[4329.221s][info][gc,phases      ] GC(1211)   Evacuate Collection Set: 129.53ms
[4329.221s][info][gc,phases      ] GC(1211)   Post Evacuate Collection Set: 0.95ms
[4329.221s][info][gc,phases      ] GC(1211)   Other: 0.09ms
[4329.221s][info][gc,heap        ] GC(1211) Eden regions: 1100->0(1120)
[4329.221s][info][gc,heap        ] GC(1211) Survivor regions: 112->108(152)
[4329.221s][info][gc,heap        ] GC(1211) Old regions: 541->477
[4329.221s][info][gc,heap        ] GC(1211) Humongous regions: 80->80
[4329.221s][info][gc,metaspace   ] GC(1211) Metaspace: 28893K(29312K)->28893K(29312K) NonClass: 24024K(24256K)->24024K(24256K) Class: 4868K(5056K)->4868K(5056K)
[4329.221s][info][gc             ] GC(1211) Pause Young (Mixed) (G1 Evacuation Pause) 3665M->1328M(4096M) 131.805ms
[4329.221s][info][gc,cpu         ] GC(1211) User=0.78s Sys=0.00s Real=0.13s
..[4331.537s][info][gc,start       ] GC(1212) Pause Young (Concurrent Start) (G1 Evacuation Pause)
[4331.537s][info][gc,task        ] GC(1212) Using 6 workers of 6 for evacuation
[4331.657s][info][gc,phases      ] GC(1212)   Pre Evacuate Collection Set: 0.37ms
[4331.657s][info][gc,phases      ] GC(1212)   Merge Heap Roots: 0.48ms
[4331.657s][info][gc,phases      ] GC(1212)   Evacuate Collection Set: 118.55ms
[4331.657s][info][gc,phases      ] GC(1212)   Post Evacuate Collection Set: 0.87ms
[4331.657s][info][gc,phases      ] GC(1212)   Other: 0.12ms
[4331.657s][info][gc,heap        ] GC(1212) Eden regions: 1120->0(1117)
[4331.657s][info][gc,heap        ] GC(1212) Survivor regions: 108->111(154)
[4331.657s][info][gc,heap        ] GC(1212) Old regions: 477->508
[4331.657s][info][gc,heap        ] GC(1212) Humongous regions: 80->80
[4331.657s][info][gc,metaspace   ] GC(1212) Metaspace: 28893K(29312K)->28893K(29312K) NonClass: 24024K(24256K)->24024K(24256K) Class: 4868K(5056K)->4868K(5056K)
[4331.657s][info][gc             ] GC(1212) Pause Young (Concurrent Start) (G1 Evacuation Pause) 3568M->1396M(4096M) 120.539ms
[4331.657s][info][gc             ] GC(1213) Concurrent Mark Cycle
[4331.657s][info][gc,marking     ] GC(1213) Concurrent Scan Root Regions
[4331.657s][info][gc,cpu         ] GC(1212) User=0.71s Sys=0.00s Real=0.12s
.[4331.850s][info][gc,marking     ] GC(1213) Concurrent Scan Root Regions 193.072ms
[4331.850s][info][gc,marking     ] GC(1213) Concurrent Mark
[4331.850s][info][gc,marking     ] GC(1213) Concurrent Mark From Roots
[4331.850s][info][gc,task        ] GC(1213) Using 2 workers of 2 for marking
[4332.839s][info][gc,marking     ] GC(1213) Concurrent Mark From Roots 988.855ms
[4332.839s][info][gc,marking     ] GC(1213) Concurrent Preclean
[4332.839s][info][gc,marking     ] GC(1213) Concurrent Preclean 0.103ms
[4332.843s][info][gc,start       ] GC(1213) Pause Remark
[4332.847s][info][gc             ] GC(1213) Pause Remark 2488M->2488M(4096M) 3.986ms
[4332.847s][info][gc,cpu         ] GC(1213) User=0.02s Sys=0.00s Real=0.01s
[4332.847s][info][gc,marking     ] GC(1213) Concurrent Mark 997.027ms
[4332.847s][info][gc,marking     ] GC(1213) Concurrent Rebuild Remembered Sets and Scrub Regions
.[4333.060s][info][gc,marking     ] GC(1213) Concurrent Rebuild Remembered Sets and Scrub Regions 212.546ms
[4333.060s][info][gc,start       ] GC(1213) Pause Cleanup
[4333.060s][info][gc             ] GC(1213) Pause Cleanup 2669M->2669M(4096M) 0.122ms
[4333.060s][info][gc,cpu         ] GC(1213) User=0.00s Sys=0.00s Real=0.00s
[4333.061s][info][gc,marking     ] GC(1213) Concurrent Clear Claimed Marks
[4333.061s][info][gc,marking     ] GC(1213) Concurrent Clear Claimed Marks 0.033ms
[4333.061s][info][gc,marking     ] GC(1213) Concurrent Cleanup for Next Mark
[4333.070s][info][gc,marking     ] GC(1213) Concurrent Cleanup for Next Mark 9.817ms
[4333.070s][info][gc             ] GC(1213) Concurrent Mark Cycle 1413.281ms
[4333.919s][info][gc,start       ] GC(1214) Pause Young (Prepare Mixed) (G1 Evacuation Pause)
[4333.919s][info][gc,task        ] GC(1214) Using 6 workers of 6 for evacuation
[4334.040s][info][gc,phases      ] GC(1214)   Pre Evacuate Collection Set: 0.36ms
[4334.040s][info][gc,phases      ] GC(1214)   Merge Heap Roots: 0.56ms
[4334.040s][info][gc,phases      ] GC(1214)   Evacuate Collection Set: 117.78ms
[4334.040s][info][gc,phases      ] GC(1214)   Post Evacuate Collection Set: 0.94ms
[4334.040s][info][gc,phases      ] GC(1214)   Other: 0.88ms
[4334.040s][info][gc,heap        ] GC(1214) Eden regions: 1117->0(1103)
[4334.040s][info][gc,heap        ] GC(1214) Survivor regions: 111->111(154)
[4334.040s][info][gc,heap        ] GC(1214) Old regions: 508->540
[4334.040s][info][gc,heap        ] GC(1214) Humongous regions: 80->80
[4334.040s][info][gc,metaspace   ] GC(1214) Metaspace: 28893K(29312K)->28893K(29312K) NonClass: 24024K(24256K)->24024K(24256K) Class: 4868K(5056K)->4868K(5056K)
[4334.040s][info][gc             ] GC(1214) Pause Young (Prepare Mixed) (G1 Evacuation Pause) 3630M->1460M(4096M) 120.645ms
[4334.040s][info][gc,cpu         ] GC(1214) User=0.71s Sys=0.00s Real=0.12s
...[4336.291s][info][gc,start       ] GC(1215) Pause Young (Mixed) (G1 Evacuation Pause)
[4336.291s][info][gc,task        ] GC(1215) Using 6 workers of 6 for evacuation
[4336.423s][info][gc,phases      ] GC(1215)   Pre Evacuate Collection Set: 0.37ms
[4336.423s][info][gc,phases      ] GC(1215)   Merge Heap Roots: 0.67ms
[4336.423s][info][gc,phases      ] GC(1215)   Evacuate Collection Set: 130.20ms
[4336.423s][info][gc,phases      ] GC(1215)   Post Evacuate Collection Set: 0.94ms
[4336.423s][info][gc,phases      ] GC(1215)   Other: 0.09ms
[4336.424s][info][gc,heap        ] GC(1215) Eden regions: 1103->0(1119)
[4336.424s][info][gc,heap        ] GC(1215) Survivor regions: 111->109(152)
[4336.424s][info][gc,heap        ] GC(1215) Old regions: 540->477
[4336.424s][info][gc,heap        ] GC(1215) Humongous regions: 80->80
[4336.424s][info][gc,metaspace   ] GC(1215) Metaspace: 28893K(29312K)->28893K(29312K) NonClass: 24024K(24256K)->24024K(24256K) Class: 4868K(5056K)->4868K(5056K)
[4336.424s][info][gc             ] GC(1215) Pause Young (Mixed) (G1 Evacuation Pause) 3666M->1331M(4096M) 132.425ms
[4336.424s][info][gc,cpu         ] GC(1215) User=0.78s Sys=0.00s Real=0.14s
..[4338.740s][info][gc,start       ] GC(1216) Pause Young (Concurrent Start) (G1 Evacuation Pause)
[4338.740s][info][gc,task        ] GC(1216) Using 6 workers of 6 for evacuation
[4338.862s][info][gc,phases      ] GC(1216)   Pre Evacuate Collection Set: 0.38ms
[4338.862s][info][gc,phases      ] GC(1216)   Merge Heap Roots: 0.47ms
[4338.862s][info][gc,phases      ] GC(1216)   Evacuate Collection Set: 120.66ms
[4338.862s][info][gc,phases      ] GC(1216)   Post Evacuate Collection Set: 0.90ms
[4338.862s][info][gc,phases      ] GC(1216)   Other: 0.10ms
[4338.862s][info][gc,heap        ] GC(1216) Eden regions: 1119->0(1115)
[4338.862s][info][gc,heap        ] GC(1216) Survivor regions: 109->113(154)
[4338.862s][info][gc,heap        ] GC(1216) Old regions: 477->509
[4338.862s][info][gc,heap        ] GC(1216) Humongous regions: 80->80
[4338.862s][info][gc,metaspace   ] GC(1216) Metaspace: 28893K(29312K)->28893K(29312K) NonClass: 24024K(24256K)->24024K(24256K) Class: 4868K(5056K)->4868K(5056K)
[4338.862s][info][gc             ] GC(1216) Pause Young (Concurrent Start) (G1 Evacuation Pause) 3569M->1402M(4096M) 122.642ms
[4338.862s][info][gc             ] GC(1217) Concurrent Mark Cycle
[4338.862s][info][gc,marking     ] GC(1217) Concurrent Scan Root Regions
[4338.862s][info][gc,cpu         ] GC(1216) User=0.73s Sys=0.00s Real=0.12s
.[4339.065s][info][gc,marking     ] GC(1217) Concurrent Scan Root Regions 203.019ms
[4339.065s][info][gc,marking     ] GC(1217) Concurrent Mark
[4339.065s][info][gc,marking     ] GC(1217) Concurrent Mark From Roots
[4339.065s][info][gc,task        ] GC(1217) Using 2 workers of 2 for marking
.[4340.103s][info][gc,marking     ] GC(1217) Concurrent Mark From Roots 1037.506ms
[4340.103s][info][gc,marking     ] GC(1217) Concurrent Preclean
[4340.103s][info][gc,marking     ] GC(1217) Concurrent Preclean 0.087ms
[4340.105s][info][gc,start       ] GC(1217) Pause Remark
[4340.112s][info][gc             ] GC(1217) Pause Remark 2550M->2550M(4096M) 6.918ms
[4340.112s][info][gc,cpu         ] GC(1217) User=0.04s Sys=0.00s Real=0.00s
[4340.113s][info][gc,marking     ] GC(1217) Concurrent Mark 1047.839ms
[4340.113s][info][gc,marking     ] GC(1217) Concurrent Rebuild Remembered Sets and Scrub Regions
[4340.522s][info][gc,marking     ] GC(1217) Concurrent Rebuild Remembered Sets and Scrub Regions 408.394ms
[4340.522s][info][gc,start       ] GC(1217) Pause Cleanup
[4340.522s][info][gc             ] GC(1217) Pause Cleanup 2964M->2964M(4096M) 0.133ms
[4340.522s][info][gc,cpu         ] GC(1217) User=0.00s Sys=0.00s Real=0.00s
[4340.522s][info][gc,marking     ] GC(1217) Concurrent Clear Claimed Marks
[4340.522s][info][gc,marking     ] GC(1217) Concurrent Clear Claimed Marks 0.031ms
[4340.522s][info][gc,marking     ] GC(1217) Concurrent Cleanup for Next Mark
[4340.533s][info][gc,marking     ] GC(1217) Concurrent Cleanup for Next Mark 10.586ms
[4340.533s][info][gc             ] GC(1217) Concurrent Mark Cycle 1670.846ms
.[4341.178s][info][gc,start       ] GC(1218) Pause Young (Prepare Mixed) (G1 Evacuation Pause)
[4341.178s][info][gc,task        ] GC(1218) Using 6 workers of 6 for evacuation
[4341.302s][info][gc,phases      ] GC(1218)   Pre Evacuate Collection Set: 0.33ms
[4341.302s][info][gc,phases      ] GC(1218)   Merge Heap Roots: 0.60ms
[4341.302s][info][gc,phases      ] GC(1218)   Evacuate Collection Set: 122.27ms
[4341.302s][info][gc,phases      ] GC(1218)   Post Evacuate Collection Set: 0.91ms
[4341.302s][info][gc,phases      ] GC(1218)   Other: 0.09ms
[4341.302s][info][gc,heap        ] GC(1218) Eden regions: 1115->0(1098)
[4341.302s][info][gc,heap        ] GC(1218) Survivor regions: 113->113(154)
[4341.302s][info][gc,heap        ] GC(1218) Old regions: 509->541
[4341.302s][info][gc,heap        ] GC(1218) Humongous regions: 80->80
[4341.302s][info][gc,metaspace   ] GC(1218) Metaspace: 28893K(29312K)->28893K(29312K) NonClass: 24024K(24256K)->24024K(24256K) Class: 4868K(5056K)->4868K(5056K)
[4341.302s][info][gc             ] GC(1218) Pause Young (Prepare Mixed) (G1 Evacuation Pause) 3632M->1466M(4096M) 124.335ms
[4341.302s][info][gc,cpu         ] GC(1218) User=0.74s Sys=0.00s Real=0.12s
..[4343.527s][info][gc,start       ] GC(1219) Pause Young (Mixed) (G1 Evacuation Pause)
[4343.527s][info][gc,task        ] GC(1219) Using 6 workers of 6 for evacuation
[4343.663s][info][gc,phases      ] GC(1219)   Pre Evacuate Collection Set: 0.36ms
[4343.663s][info][gc,phases      ] GC(1219)   Merge Heap Roots: 0.64ms
[4343.663s][info][gc,phases      ] GC(1219)   Evacuate Collection Set: 134.50ms
[4343.663s][info][gc,phases      ] GC(1219)   Post Evacuate Collection Set: 0.95ms
[4343.663s][info][gc,phases      ] GC(1219)   Other: 0.08ms
[4343.663s][info][gc,heap        ] GC(1219) Eden regions: 1098->0(1117)
[4343.663s][info][gc,heap        ] GC(1219) Survivor regions: 113->111(152)
[4343.663s][info][gc,heap        ] GC(1219) Old regions: 541->477
[4343.663s][info][gc,heap        ] GC(1219) Humongous regions: 80->80
[4343.663s][info][gc,metaspace   ] GC(1219) Metaspace: 28893K(29312K)->28893K(29312K) NonClass: 24024K(24256K)->24024K(24256K) Class: 4868K(5056K)->4868K(5056K)
[4343.663s][info][gc             ] GC(1219) Pause Young (Mixed) (G1 Evacuation Pause) 3662M->1334M(4096M) 136.665ms
[4343.663s][info][gc,cpu         ] GC(1219) User=0.81s Sys=0.00s Real=0.13s
..[4346.015s][info][gc,start       ] GC(1220) Pause Young (Concurrent Start) (G1 Evacuation Pause)
[4346.015s][info][gc,task        ] GC(1220) Using 6 workers of 6 for evacuation
[4346.134s][info][gc,phases      ] GC(1220)   Pre Evacuate Collection Set: 0.38ms
[4346.134s][info][gc,phases      ] GC(1220)   Merge Heap Roots: 0.51ms
[4346.134s][info][gc,phases      ] GC(1220)   Evacuate Collection Set: 116.86ms
[4346.134s][info][gc,phases      ] GC(1220)   Post Evacuate Collection Set: 0.90ms
[4346.134s][info][gc,phases      ] GC(1220)   Other: 0.13ms
[4346.134s][info][gc,heap        ] GC(1220) Eden regions: 1117->0(1117)
[4346.134s][info][gc,heap        ] GC(1220) Survivor regions: 111->111(154)
[4346.134s][info][gc,heap        ] GC(1220) Old regions: 477->508
[4346.134s][info][gc,heap        ] GC(1220) Humongous regions: 80->80
[4346.134s][info][gc,metaspace   ] GC(1220) Metaspace: 28893K(29312K)->28893K(29312K) NonClass: 24024K(24256K)->24024K(24256K) Class: 4868K(5056K)->4868K(5056K)
[4346.134s][info][gc             ] GC(1220) Pause Young (Concurrent Start) (G1 Evacuation Pause) 3568M->1395M(4096M) 118.919ms
[4346.134s][info][gc             ] GC(1221) Concurrent Mark Cycle
[4346.134s][info][gc,marking     ] GC(1221) Concurrent Scan Root Regions
[4346.134s][info][gc,cpu         ] GC(1220) User=0.70s Sys=0.00s Real=0.12s
.[4346.278s][info][gc,marking     ] GC(1221) Concurrent Scan Root Regions 143.584ms
[4346.278s][info][gc,marking     ] GC(1221) Concurrent Mark
[4346.278s][info][gc,marking     ] GC(1221) Concurrent Mark From Roots
[4346.278s][info][gc,task        ] GC(1221) Using 2 workers of 2 for marking
.[4347.151s][info][gc,marking     ] GC(1221) Concurrent Mark From Roots 872.871ms
[4347.151s][info][gc,marking     ] GC(1221) Concurrent Preclean
[4347.151s][info][gc,marking     ] GC(1221) Concurrent Preclean 0.102ms
[4347.152s][info][gc,start       ] GC(1221) Pause Remark
[4347.157s][info][gc             ] GC(1221) Pause Remark 2291M->2291M(4096M) 5.444ms
[4347.158s][info][gc,cpu         ] GC(1221) User=0.03s Sys=0.00s Real=0.01s
[4347.158s][info][gc,marking     ] GC(1221) Concurrent Mark 880.288ms
[4347.158s][info][gc,marking     ] GC(1221) Concurrent Rebuild Remembered Sets and Scrub Regions
[4347.479s][info][gc,marking     ] GC(1221) Concurrent Rebuild Remembered Sets and Scrub Regions 320.585ms
[4347.479s][info][gc,start       ] GC(1221) Pause Cleanup
[4347.479s][info][gc             ] GC(1221) Pause Cleanup 2581M->2581M(4096M) 0.136ms
[4347.479s][info][gc,cpu         ] GC(1221) User=0.00s Sys=0.00s Real=0.00s
[4347.482s][info][gc,marking     ] GC(1221) Concurrent Clear Claimed Marks
[4347.482s][info][gc,marking     ] GC(1221) Concurrent Clear Claimed Marks 0.067ms
[4347.482s][info][gc,marking     ] GC(1221) Concurrent Cleanup for Next Mark
[4347.487s][info][gc,marking     ] GC(1221) Concurrent Cleanup for Next Mark 4.633ms
[4347.487s][info][gc             ] GC(1221) Concurrent Mark Cycle 1352.816ms
.[4348.447s][info][gc,start       ] GC(1222) Pause Young (Prepare Mixed) (G1 Evacuation Pause)
[4348.447s][info][gc,task        ] GC(1222) Using 6 workers of 6 for evacuation
[4348.564s][info][gc,phases      ] GC(1222)   Pre Evacuate Collection Set: 0.32ms
[4348.564s][info][gc,phases      ] GC(1222)   Merge Heap Roots: 0.56ms
[4348.564s][info][gc,phases      ] GC(1222)   Evacuate Collection Set: 115.94ms
[4348.564s][info][gc,phases      ] GC(1222)   Post Evacuate Collection Set: 0.92ms
[4348.564s][info][gc,phases      ] GC(1222)   Other: 0.09ms
[4348.565s][info][gc,heap        ] GC(1222) Eden regions: 1117->0(1105)
[4348.565s][info][gc,heap        ] GC(1222) Survivor regions: 111->111(154)
[4348.565s][info][gc,heap        ] GC(1222) Old regions: 508->538
[4348.565s][info][gc,heap        ] GC(1222) Humongous regions: 80->80
[4348.565s][info][gc,metaspace   ] GC(1222) Metaspace: 28893K(29312K)->28893K(29312K) NonClass: 24024K(24256K)->24024K(24256K) Class: 4868K(5056K)->4868K(5056K)
[4348.565s][info][gc             ] GC(1222) Pause Young (Prepare Mixed) (G1 Evacuation Pause) 3629M->1456M(4096M) 117.960ms
[4348.565s][info][gc,cpu         ] GC(1222) User=0.69s Sys=0.01s Real=0.12s
. (rIR:aIR:PR = 7749:7773:7775) (tPR = 115195) [OK] 
  4349s: Performance info:
         Transaction,    Success,    Partial,     Failed,   Receipts, AvgBarcode, 
             Overall,     469131,          0,          0,     445730,      59.48, 
         Response times:
             Request,    Success,    Partial,     Failed,   SkipFail,     Probes,    Samples,      min,      p50,      p90,      p95,      p99,      max, 
       TotalPurchase,     445361,          0,          0,          0,     354743,     418554,      300,     7100,   120000,   163000,   235000,   528000,
     InStorePurchase,     234088,          0,          0,          0,     186218,     219525,      300,     7100,   120000,   162000,   238000,   528000,
      OnlinePurchase,     164238,          0,          0,          0,     130877,     154257,      300,     7200,   122000,   165000,   233000,   527000,
        InstPurchase,      47035,          0,          0,          0,      37648,      44772,      300,     7000,   117000,   156000,   227000,   328000,
          AssocOfCat,        468,          0,          0,          0,        365,        518,    24000,    47500,   178500,   217050,   286050,   364000,
      AssocOfProduct,       4687,          0,          0,          0,       4316,       5329,      500,     6700,   112000,   156500,   230700,   319000,
      BusinessReport,       1169,          0,          0,          0,       1029,       1358,    26000,    51000,   172100,   205000,   280820,   361000,
          CustBuyBeh,       4667,          0,          0,          0,       4328,       5345,      300,     7400,   123000,   161700,   229000,   389000,
       ProductReturn,      12409,          0,          0,          0,       9339,      11320,      200,     6800,   114000,   150000,   226000,   401000,

  4349s: (57%)   IR =   7887 .[4350.851s][info][gc,start       ] GC(1223) Pause Young (Mixed) (G1 Evacuation Pause)
[4350.851s][info][gc,task        ] GC(1223) Using 6 workers of 6 for evacuation
[4350.984s][info][gc,phases      ] GC(1223)   Pre Evacuate Collection Set: 0.37ms
[4350.984s][info][gc,phases      ] GC(1223)   Merge Heap Roots: 0.67ms
[4350.984s][info][gc,phases      ] GC(1223)   Evacuate Collection Set: 130.44ms
[4350.984s][info][gc,phases      ] GC(1223)   Post Evacuate Collection Set: 1.07ms
[4350.984s][info][gc,phases      ] GC(1223)   Other: 0.09ms
[4350.984s][info][gc,heap        ] GC(1223) Eden regions: 1105->0(1120)
[4350.984s][info][gc,heap        ] GC(1223) Survivor regions: 111->108(152)
[4350.984s][info][gc,heap        ] GC(1223) Old regions: 538->475
[4350.984s][info][gc,heap        ] GC(1223) Humongous regions: 80->80
[4350.984s][info][gc,metaspace   ] GC(1223) Metaspace: 28893K(29312K)->28893K(29312K) NonClass: 24024K(24256K)->24024K(24256K) Class: 4868K(5056K)->4868K(5056K)
[4350.984s][info][gc             ] GC(1223) Pause Young (Mixed) (G1 Evacuation Pause) 3666M->1325M(4096M) 132.782ms
[4350.984s][info][gc,cpu         ] GC(1223) User=0.79s Sys=0.00s Real=0.14s
...[4353.275s][info][gc,start       ] GC(1224) Pause Young (Concurrent Start) (G1 Evacuation Pause)
[4353.275s][info][gc,task        ] GC(1224) Using 6 workers of 6 for evacuation
[4353.394s][info][gc,phases      ] GC(1224)   Pre Evacuate Collection Set: 0.38ms
[4353.394s][info][gc,phases      ] GC(1224)   Merge Heap Roots: 0.43ms
[4353.394s][info][gc,phases      ] GC(1224)   Evacuate Collection Set: 116.86ms
[4353.394s][info][gc,phases      ] GC(1224)   Post Evacuate Collection Set: 0.95ms
[4353.394s][info][gc,phases      ] GC(1224)   Other: 0.11ms
[4353.394s][info][gc,heap        ] GC(1224) Eden regions: 1120->0(1117)
[4353.394s][info][gc,heap        ] GC(1224) Survivor regions: 108->111(154)
[4353.394s][info][gc,heap        ] GC(1224) Old regions: 475->507
[4353.394s][info][gc,heap        ] GC(1224) Humongous regions: 80->80
[4353.394s][info][gc,metaspace   ] GC(1224) Metaspace: 28893K(29312K)->28893K(29312K) NonClass: 24024K(24256K)->24024K(24256K) Class: 4868K(5056K)->4868K(5056K)
[4353.394s][info][gc             ] GC(1224) Pause Young (Concurrent Start) (G1 Evacuation Pause) 3565M->1393M(4096M) 118.856ms
[4353.394s][info][gc             ] GC(1225) Concurrent Mark Cycle
[4353.394s][info][gc,marking     ] GC(1225) Concurrent Scan Root Regions
[4353.394s][info][gc,cpu         ] GC(1224) User=0.70s Sys=0.00s Real=0.12s
[4353.585s][info][gc,marking     ] GC(1225) Concurrent Scan Root Regions 190.476ms
[4353.585s][info][gc,marking     ] GC(1225) Concurrent Mark
[4353.585s][info][gc,marking     ] GC(1225) Concurrent Mark From Roots
[4353.585s][info][gc,task        ] GC(1225) Using 2 workers of 2 for marking
.[4354.609s][info][gc,marking     ] GC(1225) Concurrent Mark From Roots 1024.583ms
[4354.609s][info][gc,marking     ] GC(1225) Concurrent Preclean
[4354.609s][info][gc,marking     ] GC(1225) Concurrent Preclean 0.132ms
[4354.611s][info][gc,start       ] GC(1225) Pause Remark
[4354.618s][info][gc             ] GC(1225) Pause Remark 2553M->2553M(4096M) 6.778ms
[4354.618s][info][gc,cpu         ] GC(1225) User=0.04s Sys=0.00s Real=0.01s
[4354.619s][info][gc,marking     ] GC(1225) Concurrent Mark 1034.287ms
[4354.619s][info][gc,marking     ] GC(1225) Concurrent Rebuild Remembered Sets and Scrub Regions
[4354.880s][info][gc,marking     ] GC(1225) Concurrent Rebuild Remembered Sets and Scrub Regions 260.822ms
[4354.880s][info][gc,start       ] GC(1225) Pause Cleanup
[4354.880s][info][gc             ] GC(1225) Pause Cleanup 2789M->2789M(4096M) 0.106ms
[4354.880s][info][gc,cpu         ] GC(1225) User=0.00s Sys=0.00s Real=0.00s
[4354.882s][info][gc,marking     ] GC(1225) Concurrent Clear Claimed Marks
[4354.882s][info][gc,marking     ] GC(1225) Concurrent Clear Claimed Marks 0.062ms
[4354.882s][info][gc,marking     ] GC(1225) Concurrent Cleanup for Next Mark
[4354.895s][info][gc,marking     ] GC(1225) Concurrent Cleanup for Next Mark 12.566ms
[4354.895s][info][gc             ] GC(1225) Concurrent Mark Cycle 1500.932ms
.[4355.657s][info][gc,start       ] GC(1226) Pause Young (Prepare Mixed) (G1 Evacuation Pause)
[4355.657s][info][gc,task        ] GC(1226) Using 6 workers of 6 for evacuation
[4355.779s][info][gc,phases      ] GC(1226)   Pre Evacuate Collection Set: 0.31ms
[4355.779s][info][gc,phases      ] GC(1226)   Merge Heap Roots: 0.48ms
[4355.779s][info][gc,phases      ] GC(1226)   Evacuate Collection Set: 120.65ms
[4355.779s][info][gc,phases      ] GC(1226)   Post Evacuate Collection Set: 0.83ms
[4355.779s][info][gc,phases      ] GC(1226)   Other: 0.09ms
[4355.779s][info][gc,heap        ] GC(1226) Eden regions: 1117->0(1098)
[4355.779s][info][gc,heap        ] GC(1226) Survivor regions: 111->114(154)
[4355.779s][info][gc,heap        ] GC(1226) Old regions: 507->539
[4355.779s][info][gc,heap        ] GC(1226) Humongous regions: 80->80
[4355.779s][info][gc,metaspace   ] GC(1226) Metaspace: 28893K(29312K)->28893K(29312K) NonClass: 24024K(24256K)->24024K(24256K) Class: 4868K(5056K)->4868K(5056K)
[4355.779s][info][gc             ] GC(1226) Pause Young (Prepare Mixed) (G1 Evacuation Pause) 3627M->1464M(4096M) 122.506ms
[4355.779s][info][gc,cpu         ] GC(1226) User=0.72s Sys=0.00s Real=0.12s
..[4357.987s][info][gc,start       ] GC(1227) Pause Young (Mixed) (G1 Evacuation Pause)
[4357.987s][info][gc,task        ] GC(1227) Using 6 workers of 6 for evacuation
[4358.116s][info][gc,phases      ] GC(1227)   Pre Evacuate Collection Set: 0.38ms
[4358.116s][info][gc,phases      ] GC(1227)   Merge Heap Roots: 0.59ms
[4358.116s][info][gc,phases      ] GC(1227)   Evacuate Collection Set: 126.49ms
[4358.116s][info][gc,phases      ] GC(1227)   Post Evacuate Collection Set: 0.95ms
[4358.116s][info][gc,phases      ] GC(1227)   Other: 0.09ms
[4358.116s][info][gc,heap        ] GC(1227) Eden regions: 1098->0(1121)
[4358.116s][info][gc,heap        ] GC(1227) Survivor regions: 114->107(152)
[4358.116s][info][gc,heap        ] GC(1227) Old regions: 539->477
[4358.116s][info][gc,heap        ] GC(1227) Humongous regions: 80->80
[4358.116s][info][gc,metaspace   ] GC(1227) Metaspace: 28893K(29312K)->28893K(29312K) NonClass: 24024K(24256K)->24024K(24256K) Class: 4868K(5056K)->4868K(5056K)
[4358.116s][info][gc             ] GC(1227) Pause Young (Mixed) (G1 Evacuation Pause) 3660M->1326M(4096M) 128.639ms
[4358.116s][info][gc,cpu         ] GC(1227) User=0.77s Sys=0.00s Real=0.13s
...[4360.439s][info][gc,start       ] GC(1228) Pause Young (Concurrent Start) (G1 Evacuation Pause)
[4360.439s][info][gc,task        ] GC(1228) Using 6 workers of 6 for evacuation
[4360.558s][info][gc,phases      ] GC(1228)   Pre Evacuate Collection Set: 0.38ms
[4360.558s][info][gc,phases      ] GC(1228)   Merge Heap Roots: 0.46ms
[4360.558s][info][gc,phases      ] GC(1228)   Evacuate Collection Set: 116.76ms
[4360.558s][info][gc,phases      ] GC(1228)   Post Evacuate Collection Set: 0.88ms
[4360.558s][info][gc,phases      ] GC(1228)   Other: 0.13ms
[4360.558s][info][gc,heap        ] GC(1228) Eden regions: 1121->0(1117)
[4360.558s][info][gc,heap        ] GC(1228) Survivor regions: 107->111(154)
[4360.558s][info][gc,heap        ] GC(1228) Old regions: 477->509
[4360.558s][info][gc,heap        ] GC(1228) Humongous regions: 80->80
[4360.558s][info][gc,metaspace   ] GC(1228) Metaspace: 28893K(29312K)->28893K(29312K) NonClass: 24024K(24256K)->24024K(24256K) Class: 4868K(5056K)->4868K(5056K)
[4360.558s][info][gc             ] GC(1228) Pause Young (Concurrent Start) (G1 Evacuation Pause) 3568M->1397M(4096M) 118.741ms
[4360.558s][info][gc             ] GC(1229) Concurrent Mark Cycle
[4360.558s][info][gc,marking     ] GC(1229) Concurrent Scan Root Regions
[4360.558s][info][gc,cpu         ] GC(1228) User=0.71s Sys=0.00s Real=0.12s
[4360.749s][info][gc,marking     ] GC(1229) Concurrent Scan Root Regions 191.097ms
[4360.749s][info][gc,marking     ] GC(1229) Concurrent Mark
[4360.749s][info][gc,marking     ] GC(1229) Concurrent Mark From Roots
[4360.749s][info][gc,task        ] GC(1229) Using 2 workers of 2 for marking
.[4361.733s][info][gc,marking     ] GC(1229) Concurrent Mark From Roots 984.058ms
[4361.733s][info][gc,marking     ] GC(1229) Concurrent Preclean
[4361.733s][info][gc,marking     ] GC(1229) Concurrent Preclean 0.120ms
[4361.737s][info][gc,start       ] GC(1229) Pause Remark
[4361.743s][info][gc             ] GC(1229) Pause Remark 2455M->2455M(4096M) 6.502ms
[4361.743s][info][gc,cpu         ] GC(1229) User=0.04s Sys=0.00s Real=0.00s
[4361.743s][info][gc,marking     ] GC(1229) Concurrent Mark 994.655ms
[4361.743s][info][gc,marking     ] GC(1229) Concurrent Rebuild Remembered Sets and Scrub Regions
[4362.110s][info][gc,marking     ] GC(1229) Concurrent Rebuild Remembered Sets and Scrub Regions 366.584ms
[4362.110s][info][gc,start       ] GC(1229) Pause Cleanup
[4362.110s][info][gc             ] GC(1229) Pause Cleanup 2853M->2853M(4096M) 0.109ms
[4362.110s][info][gc,cpu         ] GC(1229) User=0.00s Sys=0.00s Real=0.00s
[4362.111s][info][gc,marking     ] GC(1229) Concurrent Clear Claimed Marks
[4362.111s][info][gc,marking     ] GC(1229) Concurrent Clear Claimed Marks 0.031ms
[4362.111s][info][gc,marking     ] GC(1229) Concurrent Cleanup for Next Mark
[4362.117s][info][gc,marking     ] GC(1229) Concurrent Cleanup for Next Mark 6.419ms
[4362.117s][info][gc             ] GC(1229) Concurrent Mark Cycle 1559.617ms
.[4362.860s][info][gc,start       ] GC(1230) Pause Young (Prepare Mixed) (G1 Evacuation Pause)
[4362.860s][info][gc,task        ] GC(1230) Using 6 workers of 6 for evacuation
[4362.977s][info][gc,phases      ] GC(1230)   Pre Evacuate Collection Set: 0.35ms
[4362.977s][info][gc,phases      ] GC(1230)   Merge Heap Roots: 0.50ms
[4362.977s][info][gc,phases      ] GC(1230)   Evacuate Collection Set: 114.72ms
[4362.977s][info][gc,phases      ] GC(1230)   Post Evacuate Collection Set: 0.92ms
[4362.977s][info][gc,phases      ] GC(1230)   Other: 0.09ms
[4362.977s][info][gc,heap        ] GC(1230) Eden regions: 1117->0(1109)
[4362.977s][info][gc,heap        ] GC(1230) Survivor regions: 111->108(154)
[4362.977s][info][gc,heap        ] GC(1230) Old regions: 509->540
[4362.977s][info][gc,heap        ] GC(1230) Humongous regions: 80->80
[4362.977s][info][gc,metaspace   ] GC(1230) Metaspace: 28893K(29312K)->28893K(29312K) NonClass: 24024K(24256K)->24024K(24256K) Class: 4868K(5056K)->4868K(5056K)
[4362.977s][info][gc             ] GC(1230) Pause Young (Prepare Mixed) (G1 Evacuation Pause) 3631M->1453M(4096M) 116.708ms
[4362.977s][info][gc,cpu         ] GC(1230) User=0.69s Sys=0.00s Real=0.12s
..[4365.212s][info][gc,start       ] GC(1231) Pause Young (Mixed) (G1 Evacuation Pause)
[4365.212s][info][gc,task        ] GC(1231) Using 6 workers of 6 for evacuation
[4365.350s][info][gc,phases      ] GC(1231)   Pre Evacuate Collection Set: 0.37ms
[4365.350s][info][gc,phases      ] GC(1231)   Merge Heap Roots: 0.75ms
[4365.350s][info][gc,phases      ] GC(1231)   Evacuate Collection Set: 135.35ms
[4365.350s][info][gc,phases      ] GC(1231)   Post Evacuate Collection Set: 0.98ms
[4365.350s][info][gc,phases      ] GC(1231)   Other: 0.09ms
[4365.350s][info][gc,heap        ] GC(1231) Eden regions: 1109->0(1117)
[4365.350s][info][gc,heap        ] GC(1231) Survivor regions: 108->111(153)
[4365.350s][info][gc,heap        ] GC(1231) Old regions: 540->476
[4365.350s][info][gc,heap        ] GC(1231) Humongous regions: 80->80
[4365.350s][info][gc,metaspace   ] GC(1231) Metaspace: 28893K(29312K)->28893K(29312K) NonClass: 24024K(24256K)->24024K(24256K) Class: 4868K(5056K)->4868K(5056K)
[4365.350s][info][gc             ] GC(1231) Pause Young (Mixed) (G1 Evacuation Pause) 3671M->1331M(4096M) 137.677ms
[4365.350s][info][gc,cpu         ] GC(1231) User=0.81s Sys=0.00s Real=0.14s
...[4367.620s][info][gc,start       ] GC(1232) Pause Young (Concurrent Start) (G1 Evacuation Pause)
[4367.620s][info][gc,task        ] GC(1232) Using 6 workers of 6 for evacuation
[4367.738s][info][gc,phases      ] GC(1232)   Pre Evacuate Collection Set: 0.38ms
[4367.738s][info][gc,phases      ] GC(1232)   Merge Heap Roots: 0.46ms
[4367.738s][info][gc,phases      ] GC(1232)   Evacuate Collection Set: 115.60ms
[4367.738s][info][gc,phases      ] GC(1232)   Post Evacuate Collection Set: 0.88ms
[4367.738s][info][gc,phases      ] GC(1232)   Other: 0.10ms
[4367.738s][info][gc,heap        ] GC(1232) Eden regions: 1117->0(1117)
[4367.738s][info][gc,heap        ] GC(1232) Survivor regions: 111->111(154)
[4367.738s][info][gc,heap        ] GC(1232) Old regions: 476->507
[4367.738s][info][gc,heap        ] GC(1232) Humongous regions: 80->80
[4367.738s][info][gc,metaspace   ] GC(1232) Metaspace: 28893K(29312K)->28893K(29312K) NonClass: 24024K(24256K)->24024K(24256K) Class: 4868K(5056K)->4868K(5056K)
[4367.738s][info][gc             ] GC(1232) Pause Young (Concurrent Start) (G1 Evacuation Pause) 3565M->1395M(4096M) 117.573ms
[4367.738s][info][gc             ] GC(1233) Concurrent Mark Cycle
[4367.738s][info][gc,marking     ] GC(1233) Concurrent Scan Root Regions
[4367.738s][info][gc,cpu         ] GC(1232) User=0.69s Sys=0.00s Real=0.12s
[4367.928s][info][gc,marking     ] GC(1233) Concurrent Scan Root Regions 190.283ms
[4367.928s][info][gc,marking     ] GC(1233) Concurrent Mark
[4367.928s][info][gc,marking     ] GC(1233) Concurrent Mark From Roots
[4367.928s][info][gc,task        ] GC(1233) Using 2 workers of 2 for marking
.[4368.906s][info][gc,marking     ] GC(1233) Concurrent Mark From Roots 977.911ms
[4368.906s][info][gc,marking     ] GC(1233) Concurrent Preclean
[4368.906s][info][gc,marking     ] GC(1233) Concurrent Preclean 0.099ms
[4368.907s][info][gc,start       ] GC(1233) Pause Remark
[4368.912s][info][gc             ] GC(1233) Pause Remark 2519M->2519M(4096M) 5.538ms
[4368.912s][info][gc,cpu         ] GC(1233) User=0.03s Sys=0.01s Real=0.00s
[4368.914s][info][gc,marking     ] GC(1233) Concurrent Mark 985.534ms
[4368.914s][info][gc,marking     ] GC(1233) Concurrent Rebuild Remembered Sets and Scrub Regions
[4369.308s][info][gc,marking     ] GC(1233) Concurrent Rebuild Remembered Sets and Scrub Regions 393.828ms
[4369.310s][info][gc,start       ] GC(1233) Pause Cleanup
[4369.310s][info][gc             ] GC(1233) Pause Cleanup 2953M->2953M(4096M) 0.129ms
[4369.310s][info][gc,cpu         ] GC(1233) User=0.00s Sys=0.00s Real=0.00s
[4369.310s][info][gc,marking     ] GC(1233) Concurrent Clear Claimed Marks
[4369.310s][info][gc,marking     ] GC(1233) Concurrent Clear Claimed Marks 0.039ms
[4369.310s][info][gc,marking     ] GC(1233) Concurrent Cleanup for Next Mark
[4369.319s][info][gc,marking     ] GC(1233) Concurrent Cleanup for Next Mark 8.707ms
[4369.319s][info][gc             ] GC(1233) Concurrent Mark Cycle 1581.314ms
.[4370.026s][info][gc,start       ] GC(1234) Pause Young (Prepare Mixed) (G1 Evacuation Pause)
[4370.027s][info][gc,task        ] GC(1234) Using 6 workers of 6 for evacuation
[4370.150s][info][gc,phases      ] GC(1234)   Pre Evacuate Collection Set: 0.35ms
[4370.150s][info][gc,phases      ] GC(1234)   Merge Heap Roots: 0.66ms
[4370.150s][info][gc,phases      ] GC(1234)   Evacuate Collection Set: 121.50ms
[4370.150s][info][gc,phases      ] GC(1234)   Post Evacuate Collection Set: 0.83ms
[4370.150s][info][gc,phases      ] GC(1234)   Other: 0.09ms
[4370.150s][info][gc,heap        ] GC(1234) Eden regions: 1117->0(1099)
[4370.150s][info][gc,heap        ] GC(1234) Survivor regions: 111->113(154)
[4370.150s][info][gc,heap        ] GC(1234) Old regions: 507->540
[4370.150s][info][gc,heap        ] GC(1234) Humongous regions: 80->80
[4370.150s][info][gc,metaspace   ] GC(1234) Metaspace: 28893K(29312K)->28893K(29312K) NonClass: 24024K(24256K)->24024K(24256K) Class: 4868K(5056K)->4868K(5056K)
[4370.150s][info][gc             ] GC(1234) Pause Young (Prepare Mixed) (G1 Evacuation Pause) 3629M->1464M(4096M) 123.564ms
[4370.150s][info][gc,cpu         ] GC(1234) User=0.73s Sys=0.00s Real=0.12s
..|[4372.354s][info][gc,start       ] GC(1235) Pause Young (Mixed) (G1 Evacuation Pause)
[4372.354s][info][gc,task        ] GC(1235) Using 6 workers of 6 for evacuation
[4372.488s][info][gc,phases      ] GC(1235)   Pre Evacuate Collection Set: 0.37ms
[4372.488s][info][gc,phases      ] GC(1235)   Merge Heap Roots: 0.66ms
[4372.488s][info][gc,phases      ] GC(1235)   Evacuate Collection Set: 131.81ms
[4372.488s][info][gc,phases      ] GC(1235)   Post Evacuate Collection Set: 0.94ms
[4372.488s][info][gc,phases      ] GC(1235)   Other: 0.08ms
[4372.488s][info][gc,heap        ] GC(1235) Eden regions: 1099->0(1116)
[4372.488s][info][gc,heap        ] GC(1235) Survivor regions: 113->112(152)
[4372.488s][info][gc,heap        ] GC(1235) Old regions: 540->476
[4372.488s][info][gc,heap        ] GC(1235) Humongous regions: 80->80
[4372.488s][info][gc,metaspace   ] GC(1235) Metaspace: 28893K(29312K)->28893K(29312K) NonClass: 24024K(24256K)->24024K(24256K) Class: 4868K(5056K)->4868K(5056K)
[4372.488s][info][gc             ] GC(1235) Pause Young (Mixed) (G1 Evacuation Pause) 3662M->1334M(4096M) 134.002ms
[4372.488s][info][gc,cpu         ] GC(1235) User=0.80s Sys=0.00s Real=0.13s
...[4374.764s][info][gc,start       ] GC(1236) Pause Young (Concurrent Start) (G1 Evacuation Pause)
[4374.764s][info][gc,task        ] GC(1236) Using 6 workers of 6 for evacuation
[4374.885s][info][gc,phases      ] GC(1236)   Pre Evacuate Collection Set: 0.39ms
[4374.885s][info][gc,phases      ] GC(1236)   Merge Heap Roots: 0.46ms
[4374.885s][info][gc,phases      ] GC(1236)   Evacuate Collection Set: 119.08ms
[4374.885s][info][gc,phases      ] GC(1236)   Post Evacuate Collection Set: 0.92ms
[4374.885s][info][gc,phases      ] GC(1236)   Other: 0.10ms
[4374.885s][info][gc,heap        ] GC(1236) Eden regions: 1116->0(1116)
[4374.885s][info][gc,heap        ] GC(1236) Survivor regions: 112->112(154)
[4374.885s][info][gc,heap        ] GC(1236) Old regions: 476->509
[4374.885s][info][gc,heap        ] GC(1236) Humongous regions: 80->80
[4374.885s][info][gc,metaspace   ] GC(1236) Metaspace: 28893K(29312K)->28893K(29312K) NonClass: 24024K(24256K)->24024K(24256K) Class: 4868K(5056K)->4868K(5056K)
[4374.885s][info][gc             ] GC(1236) Pause Young (Concurrent Start) (G1 Evacuation Pause) 3566M->1400M(4096M) 121.070ms
[4374.886s][info][gc             ] GC(1237) Concurrent Mark Cycle
[4374.886s][info][gc,marking     ] GC(1237) Concurrent Scan Root Regions
[4374.886s][info][gc,cpu         ] GC(1236) User=0.71s Sys=0.00s Real=0.12s
[4375.069s][info][gc,marking     ] GC(1237) Concurrent Scan Root Regions 183.601ms
[4375.069s][info][gc,marking     ] GC(1237) Concurrent Mark
[4375.069s][info][gc,marking     ] GC(1237) Concurrent Mark From Roots
[4375.069s][info][gc,task        ] GC(1237) Using 2 workers of 2 for marking
.[4376.031s][info][gc,marking     ] GC(1237) Concurrent Mark From Roots 962.146ms
[4376.031s][info][gc,marking     ] GC(1237) Concurrent Preclean
[4376.032s][info][gc,marking     ] GC(1237) Concurrent Preclean 0.101ms
[4376.032s][info][gc,start       ] GC(1237) Pause Remark
[4376.038s][info][gc             ] GC(1237) Pause Remark 2409M->2409M(4096M) 6.757ms
[4376.039s][info][gc,cpu         ] GC(1237) User=0.04s Sys=0.00s Real=0.01s
[4376.041s][info][gc,marking     ] GC(1237) Concurrent Mark 971.536ms
[4376.041s][info][gc,marking     ] GC(1237) Concurrent Rebuild Remembered Sets and Scrub Regions
[4376.417s][info][gc,marking     ] GC(1237) Concurrent Rebuild Remembered Sets and Scrub Regions 376.339ms
[4376.418s][info][gc,start       ] GC(1237) Pause Cleanup
[4376.418s][info][gc             ] GC(1237) Pause Cleanup 2818M->2818M(4096M) 0.114ms
[4376.418s][info][gc,cpu         ] GC(1237) User=0.00s Sys=0.00s Real=0.00s
[4376.418s][info][gc,marking     ] GC(1237) Concurrent Clear Claimed Marks
[4376.418s][info][gc,marking     ] GC(1237) Concurrent Clear Claimed Marks 0.027ms
[4376.418s][info][gc,marking     ] GC(1237) Concurrent Cleanup for Next Mark
[4376.423s][info][gc,marking     ] GC(1237) Concurrent Cleanup for Next Mark 4.529ms
[4376.423s][info][gc             ] GC(1237) Concurrent Mark Cycle 1537.182ms
.[4377.222s][info][gc,start       ] GC(1238) Pause Young (Prepare Mixed) (G1 Evacuation Pause)
[4377.222s][info][gc,task        ] GC(1238) Using 6 workers of 6 for evacuation
[4377.344s][info][gc,phases      ] GC(1238)   Pre Evacuate Collection Set: 0.36ms
[4377.344s][info][gc,phases      ] GC(1238)   Merge Heap Roots: 0.47ms
[4377.344s][info][gc,phases      ] GC(1238)   Evacuate Collection Set: 119.70ms
[4377.344s][info][gc,phases      ] GC(1238)   Post Evacuate Collection Set: 0.93ms
[4377.344s][info][gc,phases      ] GC(1238)   Other: 0.09ms
[4377.344s][info][gc,heap        ] GC(1238) Eden regions: 1116->0(1102)
[4377.344s][info][gc,heap        ] GC(1238) Survivor regions: 112->111(154)
[4377.344s][info][gc,heap        ] GC(1238) Old regions: 509->541
[4377.344s][info][gc,heap        ] GC(1238) Humongous regions: 80->80
[4377.344s][info][gc,metaspace   ] GC(1238) Metaspace: 28893K(29312K)->28893K(29312K) NonClass: 24024K(24256K)->24024K(24256K) Class: 4868K(5056K)->4868K(5056K)
[4377.344s][info][gc             ] GC(1238) Pause Young (Prepare Mixed) (G1 Evacuation Pause) 3632M->1462M(4096M) 121.695ms
[4377.344s][info][gc,cpu         ] GC(1238) User=0.72s Sys=0.00s Real=0.13s
...[4379.519s][info][gc,start       ] GC(1239) Pause Young (Mixed) (G1 Evacuation Pause)
[4379.519s][info][gc,task        ] GC(1239) Using 6 workers of 6 for evacuation
[4379.652s][info][gc,phases      ] GC(1239)   Pre Evacuate Collection Set: 0.36ms
[4379.652s][info][gc,phases      ] GC(1239)   Merge Heap Roots: 0.65ms
[4379.652s][info][gc,phases      ] GC(1239)   Evacuate Collection Set: 130.62ms
[4379.652s][info][gc,phases      ] GC(1239)   Post Evacuate Collection Set: 0.92ms
[4379.652s][info][gc,phases      ] GC(1239)   Other: 0.08ms
[4379.652s][info][gc,heap        ] GC(1239) Eden regions: 1102->0(1119)
[4379.652s][info][gc,heap        ] GC(1239) Survivor regions: 111->109(152)
[4379.652s][info][gc,heap        ] GC(1239) Old regions: 541->479
[4379.652s][info][gc,heap        ] GC(1239) Humongous regions: 80->80
[4379.652s][info][gc,metaspace   ] GC(1239) Metaspace: 28893K(29312K)->28893K(29312K) NonClass: 24024K(24256K)->24024K(24256K) Class: 4868K(5056K)->4868K(5056K)
[4379.652s][info][gc             ] GC(1239) Pause Young (Mixed) (G1 Evacuation Pause) 3666M->1335M(4096M) 132.767ms
[4379.652s][info][gc,cpu         ] GC(1239) User=0.79s Sys=0.00s Real=0.13s
..[4381.941s][info][gc,start       ] GC(1240) Pause Young (Concurrent Start) (G1 Evacuation Pause)
[4381.941s][info][gc,task        ] GC(1240) Using 6 workers of 6 for evacuation
[4382.063s][info][gc,phases      ] GC(1240)   Pre Evacuate Collection Set: 0.37ms
[4382.063s][info][gc,phases      ] GC(1240)   Merge Heap Roots: 0.50ms
[4382.063s][info][gc,phases      ] GC(1240)   Evacuate Collection Set: 119.69ms
[4382.063s][info][gc,phases      ] GC(1240)   Post Evacuate Collection Set: 0.92ms
[4382.063s][info][gc,phases      ] GC(1240)   Other: 0.10ms
[4382.063s][info][gc,heap        ] GC(1240) Eden regions: 1119->0(1116)
[4382.063s][info][gc,heap        ] GC(1240) Survivor regions: 109->112(154)
[4382.063s][info][gc,heap        ] GC(1240) Old regions: 479->511
[4382.063s][info][gc,heap        ] GC(1240) Humongous regions: 80->80
[4382.063s][info][gc,metaspace   ] GC(1240) Metaspace: 28893K(29312K)->28893K(29312K) NonClass: 24024K(24256K)->24024K(24256K) Class: 4868K(5056K)->4868K(5056K)
[4382.063s][info][gc             ] GC(1240) Pause Young (Concurrent Start) (G1 Evacuation Pause) 3573M->1405M(4096M) 121.715ms
[4382.063s][info][gc             ] GC(1241) Concurrent Mark Cycle
[4382.063s][info][gc,marking     ] GC(1241) Concurrent Scan Root Regions
[4382.063s][info][gc,cpu         ] GC(1240) User=0.72s Sys=0.00s Real=0.12s
[4382.211s][info][gc,marking     ] GC(1241) Concurrent Scan Root Regions 147.638ms
[4382.211s][info][gc,marking     ] GC(1241) Concurrent Mark
[4382.211s][info][gc,marking     ] GC(1241) Concurrent Mark From Roots
[4382.211s][info][gc,task        ] GC(1241) Using 2 workers of 2 for marking
.[4382.925s][info][gc,marking     ] GC(1241) Concurrent Mark From Roots 714.252ms
[4382.925s][info][gc,marking     ] GC(1241) Concurrent Preclean
[4382.925s][info][gc,marking     ] GC(1241) Concurrent Preclean 0.108ms
[4382.928s][info][gc,start       ] GC(1241) Pause Remark
[4382.934s][info][gc             ] GC(1241) Pause Remark 2177M->2177M(4096M) 6.088ms
[4382.934s][info][gc,cpu         ] GC(1241) User=0.03s Sys=0.00s Real=0.01s
[4382.934s][info][gc,marking     ] GC(1241) Concurrent Mark 723.244ms
[4382.934s][info][gc,marking     ] GC(1241) Concurrent Rebuild Remembered Sets and Scrub Regions
[4383.239s][info][gc,marking     ] GC(1241) Concurrent Rebuild Remembered Sets and Scrub Regions 304.948ms
[4383.240s][info][gc,start       ] GC(1241) Pause Cleanup
[4383.240s][info][gc             ] GC(1241) Pause Cleanup 2481M->2481M(4096M) 0.120ms
[4383.240s][info][gc,cpu         ] GC(1241) User=0.00s Sys=0.00s Real=0.00s
[4383.240s][info][gc,marking     ] GC(1241) Concurrent Clear Claimed Marks
[4383.240s][info][gc,marking     ] GC(1241) Concurrent Clear Claimed Marks 0.030ms
[4383.240s][info][gc,marking     ] GC(1241) Concurrent Cleanup for Next Mark
[4383.251s][info][gc,marking     ] GC(1241) Concurrent Cleanup for Next Mark 10.464ms
[4383.251s][info][gc             ] GC(1241) Concurrent Mark Cycle 1187.888ms
.[4384.339s][info][gc,start       ] GC(1242) Pause Young (Prepare Mixed) (G1 Evacuation Pause)
[4384.339s][info][gc,task        ] GC(1242) Using 6 workers of 6 for evacuation
[4384.461s][info][gc,phases      ] GC(1242)   Pre Evacuate Collection Set: 0.31ms
[4384.461s][info][gc,phases      ] GC(1242)   Merge Heap Roots: 0.52ms
[4384.461s][info][gc,phases      ] GC(1242)   Evacuate Collection Set: 120.52ms
[4384.461s][info][gc,phases      ] GC(1242)   Post Evacuate Collection Set: 0.92ms
[4384.461s][info][gc,phases      ] GC(1242)   Other: 0.09ms
[4384.461s][info][gc,heap        ] GC(1242) Eden regions: 1116->0(1098)
[4384.461s][info][gc,heap        ] GC(1242) Survivor regions: 112->112(154)
[4384.461s][info][gc,heap        ] GC(1242) Old regions: 511->543
[4384.461s][info][gc,heap        ] GC(1242) Humongous regions: 80->80
[4384.461s][info][gc,metaspace   ] GC(1242) Metaspace: 28893K(29312K)->28893K(29312K) NonClass: 24024K(24256K)->24024K(24256K) Class: 4868K(5056K)->4868K(5056K)
[4384.461s][info][gc             ] GC(1242) Pause Young (Prepare Mixed) (G1 Evacuation Pause) 3637M->1469M(4096M) 122.483ms
[4384.461s][info][gc,cpu         ] GC(1242) User=0.73s Sys=0.00s Real=0.12s
...[4386.780s][info][gc,start       ] GC(1243) Pause Young (Mixed) (G1 Evacuation Pause)
[4386.780s][info][gc,task        ] GC(1243) Using 6 workers of 6 for evacuation
[4386.914s][info][gc,phases      ] GC(1243)   Pre Evacuate Collection Set: 0.39ms
[4386.914s][info][gc,phases      ] GC(1243)   Merge Heap Roots: 0.68ms
[4386.914s][info][gc,phases      ] GC(1243)   Evacuate Collection Set: 132.23ms
[4386.914s][info][gc,phases      ] GC(1243)   Post Evacuate Collection Set: 0.96ms
[4386.914s][info][gc,phases      ] GC(1243)   Other: 0.09ms
[4386.914s][info][gc,heap        ] GC(1243) Eden regions: 1098->0(1117)
[4386.914s][info][gc,heap        ] GC(1243) Survivor regions: 112->111(152)
[4386.914s][info][gc,heap        ] GC(1243) Old regions: 543->478
[4386.914s][info][gc,heap        ] GC(1243) Humongous regions: 80->80
[4386.914s][info][gc,metaspace   ] GC(1243) Metaspace: 28893K(29312K)->28893K(29312K) NonClass: 24024K(24256K)->24024K(24256K) Class: 4868K(5056K)->4868K(5056K)
[4386.914s][info][gc             ] GC(1243) Pause Young (Mixed) (G1 Evacuation Pause) 3665M->1335M(4096M) 134.481ms
[4386.914s][info][gc,cpu         ] GC(1243) User=0.80s Sys=0.00s Real=0.14s
..[4389.082s][info][gc,start       ] GC(1244) Pause Young (Concurrent Start) (G1 Evacuation Pause)
[4389.082s][info][gc,task        ] GC(1244) Using 6 workers of 6 for evacuation
[4389.201s][info][gc,phases      ] GC(1244)   Pre Evacuate Collection Set: 0.37ms
[4389.201s][info][gc,phases      ] GC(1244)   Merge Heap Roots: 0.47ms
[4389.201s][info][gc,phases      ] GC(1244)   Evacuate Collection Set: 117.08ms
[4389.201s][info][gc,phases      ] GC(1244)   Post Evacuate Collection Set: 0.86ms
[4389.201s][info][gc,phases      ] GC(1244)   Other: 0.13ms
[4389.201s][info][gc,heap        ] GC(1244) Eden regions: 1117->0(1117)
[4389.201s][info][gc,heap        ] GC(1244) Survivor regions: 111->111(154)
[4389.201s][info][gc,heap        ] GC(1244) Old regions: 478->509
[4389.201s][info][gc,heap        ] GC(1244) Humongous regions: 80->80
[4389.201s][info][gc,metaspace   ] GC(1244) Metaspace: 28893K(29312K)->28893K(29312K) NonClass: 24024K(24256K)->24024K(24256K) Class: 4868K(5056K)->4868K(5056K)
[4389.201s][info][gc             ] GC(1244) Pause Young (Concurrent Start) (G1 Evacuation Pause) 3569M->1398M(4096M) 119.046ms
[4389.201s][info][gc             ] GC(1245) Concurrent Mark Cycle
[4389.201s][info][gc,marking     ] GC(1245) Concurrent Scan Root Regions
[4389.201s][info][gc,cpu         ] GC(1244) User=0.70s Sys=0.00s Real=0.12s
[4389.384s][info][gc,marking     ] GC(1245) Concurrent Scan Root Regions 182.892ms
[4389.384s][info][gc,marking     ] GC(1245) Concurrent Mark
[4389.384s][info][gc,marking     ] GC(1245) Concurrent Mark From Roots
[4389.384s][info][gc,task        ] GC(1245) Using 2 workers of 2 for marking
.[4390.366s][info][gc,marking     ] GC(1245) Concurrent Mark From Roots 981.997ms
[4390.366s][info][gc,marking     ] GC(1245) Concurrent Preclean
[4390.366s][info][gc,marking     ] GC(1245) Concurrent Preclean 0.104ms
[4390.370s][info][gc,start       ] GC(1245) Pause Remark
[4390.375s][info][gc             ] GC(1245) Pause Remark 2490M->2490M(4096M) 4.793ms
[4390.375s][info][gc,cpu         ] GC(1245) User=0.02s Sys=0.00s Real=0.01s
[4390.375s][info][gc,marking     ] GC(1245) Concurrent Mark 991.258ms
[4390.375s][info][gc,marking     ] GC(1245) Concurrent Rebuild Remembered Sets and Scrub Regions
.[4390.789s][info][gc,marking     ] GC(1245) Concurrent Rebuild Remembered Sets and Scrub Regions 413.440ms
[4390.790s][info][gc,start       ] GC(1245) Pause Cleanup
[4390.790s][info][gc             ] GC(1245) Pause Cleanup 2944M->2944M(4096M) 0.121ms
[4390.790s][info][gc,cpu         ] GC(1245) User=0.00s Sys=0.00s Real=0.00s
[4390.790s][info][gc,marking     ] GC(1245) Concurrent Clear Claimed Marks
[4390.790s][info][gc,marking     ] GC(1245) Concurrent Clear Claimed Marks 0.033ms
[4390.790s][info][gc,marking     ] GC(1245) Concurrent Cleanup for Next Mark
[4390.801s][info][gc,marking     ] GC(1245) Concurrent Cleanup for Next Mark 10.192ms
[4390.801s][info][gc             ] GC(1245) Concurrent Mark Cycle 1599.584ms
[4391.470s][info][gc,start       ] GC(1246) Pause Young (Prepare Mixed) (G1 Evacuation Pause)
[4391.470s][info][gc,task        ] GC(1246) Using 6 workers of 6 for evacuation
[4391.592s][info][gc,phases      ] GC(1246)   Pre Evacuate Collection Set: 0.31ms
[4391.592s][info][gc,phases      ] GC(1246)   Merge Heap Roots: 0.50ms
[4391.592s][info][gc,phases      ] GC(1246)   Evacuate Collection Set: 120.50ms
[4391.592s][info][gc,phases      ] GC(1246)   Post Evacuate Collection Set: 0.86ms
[4391.592s][info][gc,phases      ] GC(1246)   Other: 0.08ms
[4391.592s][info][gc,heap        ] GC(1246) Eden regions: 1117->0(1097)
[4391.592s][info][gc,heap        ] GC(1246) Survivor regions: 111->113(154)
[4391.592s][info][gc,heap        ] GC(1246) Old regions: 509->542
[4391.592s][info][gc,heap        ] GC(1246) Humongous regions: 80->80
[4391.592s][info][gc,metaspace   ] GC(1246) Metaspace: 28893K(29312K)->28893K(29312K) NonClass: 24024K(24256K)->24024K(24256K) Class: 4868K(5056K)->4868K(5056K)
[4391.592s][info][gc             ] GC(1246) Pause Young (Prepare Mixed) (G1 Evacuation Pause) 3632M->1467M(4096M) 122.392ms
[4391.592s][info][gc,cpu         ] GC(1246) User=0.72s Sys=0.00s Real=0.12s
..[4393.739s][info][gc,start       ] GC(1247) Pause Young (Mixed) (G1 Evacuation Pause)
[4393.739s][info][gc,task        ] GC(1247) Using 6 workers of 6 for evacuation
[4393.874s][info][gc,phases      ] GC(1247)   Pre Evacuate Collection Set: 0.36ms
[4393.874s][info][gc,phases      ] GC(1247)   Merge Heap Roots: 0.72ms
[4393.874s][info][gc,phases      ] GC(1247)   Evacuate Collection Set: 133.24ms
[4393.874s][info][gc,phases      ] GC(1247)   Post Evacuate Collection Set: 0.86ms
[4393.874s][info][gc,phases      ] GC(1247)   Other: 0.09ms
[4393.874s][info][gc,heap        ] GC(1247) Eden regions: 1097->0(1116)
[4393.874s][info][gc,heap        ] GC(1247) Survivor regions: 113->112(152)
[4393.874s][info][gc,heap        ] GC(1247) Old regions: 542->478
[4393.874s][info][gc,heap        ] GC(1247) Humongous regions: 80->80
[4393.874s][info][gc,metaspace   ] GC(1247) Metaspace: 28893K(29312K)->28893K(29312K) NonClass: 24024K(24256K)->24024K(24256K) Class: 4868K(5056K)->4868K(5056K)
[4393.874s][info][gc             ] GC(1247) Pause Young (Mixed) (G1 Evacuation Pause) 3661M->1338M(4096M) 135.407ms
[4393.874s][info][gc,cpu         ] GC(1247) User=0.80s Sys=0.00s Real=0.14s
...[4396.126s][info][gc,start       ] GC(1248) Pause Young (Concurrent Start) (G1 Evacuation Pause)
[4396.126s][info][gc,task        ] GC(1248) Using 6 workers of 6 for evacuation
[4396.244s][info][gc,phases      ] GC(1248)   Pre Evacuate Collection Set: 0.38ms
[4396.244s][info][gc,phases      ] GC(1248)   Merge Heap Roots: 0.47ms
[4396.244s][info][gc,phases      ] GC(1248)   Evacuate Collection Set: 115.30ms
[4396.244s][info][gc,phases      ] GC(1248)   Post Evacuate Collection Set: 0.88ms
[4396.244s][info][gc,phases      ] GC(1248)   Other: 0.11ms
[4396.244s][info][gc,heap        ] GC(1248) Eden regions: 1116->0(1120)
[4396.244s][info][gc,heap        ] GC(1248) Survivor regions: 112->108(154)
[4396.244s][info][gc,heap        ] GC(1248) Old regions: 478->510
[4396.244s][info][gc,heap        ] GC(1248) Humongous regions: 80->80
[4396.244s][info][gc,metaspace   ] GC(1248) Metaspace: 28893K(29312K)->28893K(29312K) NonClass: 24024K(24256K)->24024K(24256K) Class: 4868K(5056K)->4868K(5056K)
[4396.244s][info][gc             ] GC(1248) Pause Young (Concurrent Start) (G1 Evacuation Pause) 3570M->1395M(4096M) 117.265ms
[4396.244s][info][gc             ] GC(1249) Concurrent Mark Cycle
[4396.244s][info][gc,marking     ] GC(1249) Concurrent Scan Root Regions
[4396.244s][info][gc,cpu         ] GC(1248) User=0.69s Sys=0.00s Real=0.12s
[4396.442s][info][gc,marking     ] GC(1249) Concurrent Scan Root Regions 198.492ms
[4396.442s][info][gc,marking     ] GC(1249) Concurrent Mark
[4396.442s][info][gc,marking     ] GC(1249) Concurrent Mark From Roots
[4396.442s][info][gc,task        ] GC(1249) Using 2 workers of 2 for marking
.[4397.143s][info][gc,marking     ] GC(1249) Concurrent Mark From Roots 700.487ms
[4397.143s][info][gc,marking     ] GC(1249) Concurrent Preclean
[4397.143s][info][gc,marking     ] GC(1249) Concurrent Preclean 0.121ms
[4397.144s][info][gc,start       ] GC(1249) Pause Remark
[4397.149s][info][gc             ] GC(1249) Pause Remark 2231M->2231M(4096M) 5.509ms
[4397.149s][info][gc,cpu         ] GC(1249) User=0.03s Sys=0.00s Real=0.00s
[4397.150s][info][gc,marking     ] GC(1249) Concurrent Mark 707.851ms
[4397.150s][info][gc,marking     ] GC(1249) Concurrent Rebuild Remembered Sets and Scrub Regions
[4397.464s][info][gc,marking     ] GC(1249) Concurrent Rebuild Remembered Sets and Scrub Regions 313.636ms
[4397.464s][info][gc,start       ] GC(1249) Pause Cleanup
[4397.464s][info][gc             ] GC(1249) Pause Cleanup 2522M->2522M(4096M) 0.115ms
[4397.464s][info][gc,cpu         ] GC(1249) User=0.00s Sys=0.00s Real=0.00s
[4397.464s][info][gc,marking     ] GC(1249) Concurrent Clear Claimed Marks
[4397.464s][info][gc,marking     ] GC(1249) Concurrent Clear Claimed Marks 0.025ms
[4397.464s][info][gc,marking     ] GC(1249) Concurrent Cleanup for Next Mark
[4397.470s][info][gc,marking     ] GC(1249) Concurrent Cleanup for Next Mark 5.443ms
[4397.470s][info][gc             ] GC(1249) Concurrent Mark Cycle 1226.016ms
.[4398.551s][info][gc,start       ] GC(1250) Pause Young (Prepare Mixed) (G1 Evacuation Pause)
[4398.551s][info][gc,task        ] GC(1250) Using 6 workers of 6 for evacuation
[4398.677s][info][gc,phases      ] GC(1250)   Pre Evacuate Collection Set: 0.36ms
[4398.677s][info][gc,phases      ] GC(1250)   Merge Heap Roots: 0.57ms
[4398.677s][info][gc,phases      ] GC(1250)   Evacuate Collection Set: 123.89ms
[4398.677s][info][gc,phases      ] GC(1250)   Post Evacuate Collection Set: 0.93ms
[4398.677s][info][gc,phases      ] GC(1250)   Other: 0.09ms
[4398.677s][info][gc,heap        ] GC(1250) Eden regions: 1120->0(1094)
[4398.677s][info][gc,heap        ] GC(1250) Survivor regions: 108->115(154)
[4398.677s][info][gc,heap        ] GC(1250) Old regions: 510->541
[4398.677s][info][gc,heap        ] GC(1250) Humongous regions: 80->80
[4398.677s][info][gc,metaspace   ] GC(1250) Metaspace: 28893K(29312K)->28893K(29312K) NonClass: 24024K(24256K)->24024K(24256K) Class: 4868K(5056K)->4868K(5056K)
[4398.677s][info][gc             ] GC(1250) Pause Young (Prepare Mixed) (G1 Evacuation Pause) 3635M->1471M(4096M) 125.988ms
[4398.677s][info][gc,cpu         ] GC(1250) User=0.74s Sys=0.00s Real=0.13s
..[4400.847s][info][gc,start       ] GC(1251) Pause Young (Mixed) (G1 Evacuation Pause)
[4400.847s][info][gc,task        ] GC(1251) Using 6 workers of 6 for evacuation
[4400.981s][info][gc,phases      ] GC(1251)   Pre Evacuate Collection Set: 0.36ms
[4400.981s][info][gc,phases      ] GC(1251)   Merge Heap Roots: 0.67ms
[4400.981s][info][gc,phases      ] GC(1251)   Evacuate Collection Set: 131.99ms
[4400.981s][info][gc,phases      ] GC(1251)   Post Evacuate Collection Set: 0.95ms
[4400.981s][info][gc,phases      ] GC(1251)   Other: 0.08ms
[4400.981s][info][gc,heap        ] GC(1251) Eden regions: 1094->0(1118)
[4400.981s][info][gc,heap        ] GC(1251) Survivor regions: 115->110(152)
[4400.981s][info][gc,heap        ] GC(1251) Old regions: 541->476
[4400.981s][info][gc,heap        ] GC(1251) Humongous regions: 80->80
[4400.981s][info][gc,metaspace   ] GC(1251) Metaspace: 28893K(29312K)->28893K(29312K) NonClass: 24024K(24256K)->24024K(24256K) Class: 4868K(5056K)->4868K(5056K)
[4400.981s][info][gc             ] GC(1251) Pause Young (Mixed) (G1 Evacuation Pause) 3659M->1330M(4096M) 134.182ms
[4400.981s][info][gc,cpu         ] GC(1251) User=0.79s Sys=0.00s Real=0.13s
...[4403.290s][info][gc,start       ] GC(1252) Pause Young (Concurrent Start) (G1 Evacuation Pause)
[4403.290s][info][gc,task        ] GC(1252) Using 6 workers of 6 for evacuation
[4403.410s][info][gc,phases      ] GC(1252)   Pre Evacuate Collection Set: 0.37ms
[4403.410s][info][gc,phases      ] GC(1252)   Merge Heap Roots: 0.48ms
[4403.410s][info][gc,phases      ] GC(1252)   Evacuate Collection Set: 118.43ms
[4403.410s][info][gc,phases      ] GC(1252)   Post Evacuate Collection Set: 0.90ms
[4403.410s][info][gc,phases      ] GC(1252)   Other: 0.11ms
[4403.410s][info][gc,heap        ] GC(1252) Eden regions: 1118->0(1117)
[4403.410s][info][gc,heap        ] GC(1252) Survivor regions: 110->111(154)
[4403.410s][info][gc,heap        ] GC(1252) Old regions: 476->508
[4403.410s][info][gc,heap        ] GC(1252) Humongous regions: 80->80
[4403.410s][info][gc,metaspace   ] GC(1252) Metaspace: 28893K(29312K)->28893K(29312K) NonClass: 24024K(24256K)->24024K(24256K) Class: 4868K(5056K)->4868K(5056K)
[4403.410s][info][gc             ] GC(1252) Pause Young (Concurrent Start) (G1 Evacuation Pause) 3566M->1397M(4096M) 120.433ms
[4403.410s][info][gc             ] GC(1253) Concurrent Mark Cycle
[4403.410s][info][gc,marking     ] GC(1253) Concurrent Scan Root Regions
[4403.410s][info][gc,cpu         ] GC(1252) User=0.71s Sys=0.00s Real=0.12s
[4403.553s][info][gc,marking     ] GC(1253) Concurrent Scan Root Regions 143.049ms
[4403.553s][info][gc,marking     ] GC(1253) Concurrent Mark
[4403.553s][info][gc,marking     ] GC(1253) Concurrent Mark From Roots
[4403.553s][info][gc,task        ] GC(1253) Using 2 workers of 2 for marking
.[4404.114s][info][gc,marking     ] GC(1253) Concurrent Mark From Roots 561.140ms
[4404.115s][info][gc,marking     ] GC(1253) Concurrent Preclean
[4404.115s][info][gc,marking     ] GC(1253) Concurrent Preclean 0.111ms
[4404.115s][info][gc,start       ] GC(1253) Pause Remark
[4404.119s][info][gc             ] GC(1253) Pause Remark 1982M->1982M(4096M) 4.353ms
[4404.119s][info][gc,cpu         ] GC(1253) User=0.03s Sys=0.00s Real=0.00s
[4404.119s][info][gc,marking     ] GC(1253) Concurrent Mark 565.951ms
[4404.119s][info][gc,marking     ] GC(1253) Concurrent Rebuild Remembered Sets and Scrub Regions
[4404.354s][info][gc,marking     ] GC(1253) Concurrent Rebuild Remembered Sets and Scrub Regions 234.228ms
[4404.354s][info][gc,start       ] GC(1253) Pause Cleanup
[4404.354s][info][gc             ] GC(1253) Pause Cleanup 2219M->2219M(4096M) 0.125ms
[4404.354s][info][gc,cpu         ] GC(1253) User=0.00s Sys=0.00s Real=0.00s
[4404.354s][info][gc,marking     ] GC(1253) Concurrent Clear Claimed Marks
[4404.354s][info][gc,marking     ] GC(1253) Concurrent Clear Claimed Marks 0.022ms
[4404.354s][info][gc,marking     ] GC(1253) Concurrent Cleanup for Next Mark
[4404.364s][info][gc,marking     ] GC(1253) Concurrent Cleanup for Next Mark 9.729ms
[4404.364s][info][gc             ] GC(1253) Concurrent Mark Cycle 953.599ms
.[4405.734s][info][gc,start       ] GC(1254) Pause Young (Prepare Mixed) (G1 Evacuation Pause)
[4405.734s][info][gc,task        ] GC(1254) Using 6 workers of 6 for evacuation
[4405.856s][info][gc,phases      ] GC(1254)   Pre Evacuate Collection Set: 0.35ms
[4405.856s][info][gc,phases      ] GC(1254)   Merge Heap Roots: 0.54ms
[4405.856s][info][gc,phases      ] GC(1254)   Evacuate Collection Set: 120.25ms
[4405.856s][info][gc,phases      ] GC(1254)   Post Evacuate Collection Set: 0.93ms
[4405.856s][info][gc,phases      ] GC(1254)   Other: 0.09ms
[4405.856s][info][gc,heap        ] GC(1254) Eden regions: 1117->0(1098)
[4405.856s][info][gc,heap        ] GC(1254) Survivor regions: 111->114(154)
[4405.856s][info][gc,heap        ] GC(1254) Old regions: 508->539
[4405.856s][info][gc,heap        ] GC(1254) Humongous regions: 80->80
[4405.856s][info][gc,metaspace   ] GC(1254) Metaspace: 28893K(29312K)->28893K(29312K) NonClass: 24024K(24256K)->24024K(24256K) Class: 4868K(5056K)->4868K(5056K)
[4405.856s][info][gc             ] GC(1254) Pause Young (Prepare Mixed) (G1 Evacuation Pause) 3631M->1464M(4096M) 122.306ms
[4405.856s][info][gc,cpu         ] GC(1254) User=0.72s Sys=0.00s Real=0.12s
...[4408.113s][info][gc,start       ] GC(1255) Pause Young (Mixed) (G1 Evacuation Pause)
[4408.113s][info][gc,task        ] GC(1255) Using 6 workers of 6 for evacuation
[4408.251s][info][gc,phases      ] GC(1255)   Pre Evacuate Collection Set: 0.36ms
[4408.251s][info][gc,phases      ] GC(1255)   Merge Heap Roots: 0.65ms
[4408.251s][info][gc,phases      ] GC(1255)   Evacuate Collection Set: 135.99ms
[4408.251s][info][gc,phases      ] GC(1255)   Post Evacuate Collection Set: 0.96ms
[4408.251s][info][gc,phases      ] GC(1255)   Other: 0.09ms
[4408.251s][info][gc,heap        ] GC(1255) Eden regions: 1098->0(1115)
[4408.251s][info][gc,heap        ] GC(1255) Survivor regions: 114->113(152)
[4408.251s][info][gc,heap        ] GC(1255) Old regions: 539->476
[4408.251s][info][gc,heap        ] GC(1255) Humongous regions: 80->80
[4408.251s][info][gc,metaspace   ] GC(1255) Metaspace: 28893K(29312K)->28893K(29312K) NonClass: 24024K(24256K)->24024K(24256K) Class: 4868K(5056K)->4868K(5056K)
[4408.251s][info][gc             ] GC(1255) Pause Young (Mixed) (G1 Evacuation Pause) 3660M->1335M(4096M) 138.184ms
[4408.251s][info][gc,cpu         ] GC(1255) User=0.82s Sys=0.00s Real=0.14s
..[4410.459s][info][gc,start       ] GC(1256) Pause Young (Concurrent Start) (G1 Evacuation Pause)
[4410.459s][info][gc,task        ] GC(1256) Using 6 workers of 6 for evacuation
[4410.578s][info][gc,phases      ] GC(1256)   Pre Evacuate Collection Set: 0.40ms
[4410.578s][info][gc,phases      ] GC(1256)   Merge Heap Roots: 0.45ms
[4410.578s][info][gc,phases      ] GC(1256)   Evacuate Collection Set: 116.98ms
[4410.578s][info][gc,phases      ] GC(1256)   Post Evacuate Collection Set: 0.90ms
[4410.578s][info][gc,phases      ] GC(1256)   Other: 0.10ms
[4410.578s][info][gc,heap        ] GC(1256) Eden regions: 1115->0(1118)
[4410.578s][info][gc,heap        ] GC(1256) Survivor regions: 113->110(154)
[4410.578s][info][gc,heap        ] GC(1256) Old regions: 476->508
[4410.578s][info][gc,heap        ] GC(1256) Humongous regions: 80->80
[4410.578s][info][gc,metaspace   ] GC(1256) Metaspace: 28893K(29312K)->28893K(29312K) NonClass: 24024K(24256K)->24024K(24256K) Class: 4868K(5056K)->4868K(5056K)
[4410.578s][info][gc             ] GC(1256) Pause Young (Concurrent Start) (G1 Evacuation Pause) 3565M->1394M(4096M) 118.965ms
[4410.578s][info][gc             ] GC(1257) Concurrent Mark Cycle
[4410.578s][info][gc,marking     ] GC(1257) Concurrent Scan Root Regions
[4410.578s][info][gc,cpu         ] GC(1256) User=0.71s Sys=0.00s Real=0.12s
[4410.754s][info][gc,marking     ] GC(1257) Concurrent Scan Root Regions 175.402ms
[4410.754s][info][gc,marking     ] GC(1257) Concurrent Mark
[4410.754s][info][gc,marking     ] GC(1257) Concurrent Mark From Roots
[4410.754s][info][gc,task        ] GC(1257) Using 2 workers of 2 for marking
.[4411.761s][info][gc,marking     ] GC(1257) Concurrent Mark From Roots 1007.337ms
[4411.761s][info][gc,marking     ] GC(1257) Concurrent Preclean
[4411.761s][info][gc,marking     ] GC(1257) Concurrent Preclean 0.111ms
[4411.762s][info][gc,start       ] GC(1257) Pause Remark
[4411.766s][info][gc             ] GC(1257) Pause Remark 2520M->2520M(4096M) 4.106ms
[4411.766s][info][gc,cpu         ] GC(1257) User=0.02s Sys=0.00s Real=0.01s
[4411.766s][info][gc,marking     ] GC(1257) Concurrent Mark 1012.641ms
[4411.766s][info][gc,marking     ] GC(1257) Concurrent Rebuild Remembered Sets and Scrub Regions
[4412.046s][info][gc,marking     ] GC(1257) Concurrent Rebuild Remembered Sets and Scrub Regions 279.656ms
[4412.046s][info][gc,start       ] GC(1257) Pause Cleanup
[4412.046s][info][gc             ] GC(1257) Pause Cleanup 2792M->2792M(4096M) 0.107ms
[4412.046s][info][gc,cpu         ] GC(1257) User=0.00s Sys=0.00s Real=0.00s
[4412.047s][info][gc,marking     ] GC(1257) Concurrent Clear Claimed Marks
[4412.048s][info][gc,marking     ] GC(1257) Concurrent Clear Claimed Marks 0.038ms
[4412.048s][info][gc,marking     ] GC(1257) Concurrent Cleanup for Next Mark
[4412.053s][info][gc,marking     ] GC(1257) Concurrent Cleanup for Next Mark 5.177ms
[4412.053s][info][gc             ] GC(1257) Concurrent Mark Cycle 1474.611ms
.[4412.850s][info][gc,start       ] GC(1258) Pause Young (Prepare Mixed) (G1 Evacuation Pause)
[4412.850s][info][gc,task        ] GC(1258) Using 6 workers of 6 for evacuation
[4412.967s][info][gc,phases      ] GC(1258)   Pre Evacuate Collection Set: 0.36ms
[4412.967s][info][gc,phases      ] GC(1258)   Merge Heap Roots: 0.51ms
[4412.967s][info][gc,phases      ] GC(1258)   Evacuate Collection Set: 115.10ms
[4412.967s][info][gc,phases      ] GC(1258)   Post Evacuate Collection Set: 0.90ms
[4412.967s][info][gc,phases      ] GC(1258)   Other: 0.09ms
[4412.967s][info][gc,heap        ] GC(1258) Eden regions: 1118->0(1108)
[4412.967s][info][gc,heap        ] GC(1258) Survivor regions: 110->109(154)
[4412.967s][info][gc,heap        ] GC(1258) Old regions: 508->539
[4412.967s][info][gc,heap        ] GC(1258) Humongous regions: 80->80
[4412.967s][info][gc,metaspace   ] GC(1258) Metaspace: 28893K(29312K)->28893K(29312K) NonClass: 24024K(24256K)->24024K(24256K) Class: 4868K(5056K)->4868K(5056K)
[4412.967s][info][gc             ] GC(1258) Pause Young (Prepare Mixed) (G1 Evacuation Pause) 3630M->1454M(4096M) 117.087ms
[4412.967s][info][gc,cpu         ] GC(1258) User=0.70s Sys=0.00s Real=0.12s
...[4415.246s][info][gc,start       ] GC(1259) Pause Young (Mixed) (G1 Evacuation Pause)
[4415.246s][info][gc,task        ] GC(1259) Using 6 workers of 6 for evacuation
[4415.382s][info][gc,phases      ] GC(1259)   Pre Evacuate Collection Set: 0.38ms
[4415.382s][info][gc,phases      ] GC(1259)   Merge Heap Roots: 0.69ms
[4415.382s][info][gc,phases      ] GC(1259)   Evacuate Collection Set: 133.75ms
[4415.382s][info][gc,phases      ] GC(1259)   Post Evacuate Collection Set: 0.96ms
[4415.382s][info][gc,phases      ] GC(1259)   Other: 0.09ms
[4415.382s][info][gc,heap        ] GC(1259) Eden regions: 1108->0(1116)
[4415.382s][info][gc,heap        ] GC(1259) Survivor regions: 109->112(153)
[4415.382s][info][gc,heap        ] GC(1259) Old regions: 539->476
[4415.382s][info][gc,heap        ] GC(1259) Humongous regions: 80->80
[4415.382s][info][gc,metaspace   ] GC(1259) Metaspace: 28893K(29312K)->28893K(29312K) NonClass: 24024K(24256K)->24024K(24256K) Class: 4868K(5056K)->4868K(5056K)
[4415.382s][info][gc             ] GC(1259) Pause Young (Mixed) (G1 Evacuation Pause) 3670M->1334M(4096M) 135.991ms
[4415.382s][info][gc,cpu         ] GC(1259) User=0.80s Sys=0.00s Real=0.13s
..[4417.638s][info][gc,start       ] GC(1260) Pause Young (Concurrent Start) (G1 Evacuation Pause)
[4417.638s][info][gc,task        ] GC(1260) Using 6 workers of 6 for evacuation
[4417.758s][info][gc,phases      ] GC(1260)   Pre Evacuate Collection Set: 0.38ms
[4417.758s][info][gc,phases      ] GC(1260)   Merge Heap Roots: 0.45ms
[4417.758s][info][gc,phases      ] GC(1260)   Evacuate Collection Set: 118.71ms
[4417.758s][info][gc,phases      ] GC(1260)   Post Evacuate Collection Set: 0.89ms
[4417.758s][info][gc,phases      ] GC(1260)   Other: 0.12ms
[4417.758s][info][gc,heap        ] GC(1260) Eden regions: 1116->0(1116)
[4417.758s][info][gc,heap        ] GC(1260) Survivor regions: 112->112(154)
[4417.758s][info][gc,heap        ] GC(1260) Old regions: 476->508
[4417.758s][info][gc,heap        ] GC(1260) Humongous regions: 80->80
[4417.758s][info][gc,metaspace   ] GC(1260) Metaspace: 28893K(29312K)->28893K(29312K) NonClass: 24024K(24256K)->24024K(24256K) Class: 4868K(5056K)->4868K(5056K)
[4417.758s][info][gc             ] GC(1260) Pause Young (Concurrent Start) (G1 Evacuation Pause) 3566M->1398M(4096M) 120.706ms
[4417.758s][info][gc             ] GC(1261) Concurrent Mark Cycle
[4417.758s][info][gc,marking     ] GC(1261) Concurrent Scan Root Regions
[4417.758s][info][gc,cpu         ] GC(1260) User=0.72s Sys=0.00s Real=0.12s
[4417.915s][info][gc,marking     ] GC(1261) Concurrent Scan Root Regions 156.315ms
[4417.915s][info][gc,marking     ] GC(1261) Concurrent Mark
[4417.915s][info][gc,marking     ] GC(1261) Concurrent Mark From Roots
[4417.915s][info][gc,task        ] GC(1261) Using 2 workers of 2 for marking
.[4418.726s][info][gc,marking     ] GC(1261) Concurrent Mark From Roots 810.820ms
[4418.726s][info][gc,marking     ] GC(1261) Concurrent Preclean
[4418.726s][info][gc,marking     ] GC(1261) Concurrent Preclean 0.108ms
[4418.727s][info][gc,start       ] GC(1261) Pause Remark
[4418.732s][info][gc             ] GC(1261) Pause Remark 2268M->2268M(4096M) 4.507ms
[4418.732s][info][gc,cpu         ] GC(1261) User=0.03s Sys=0.00s Real=0.00s
[4418.732s][info][gc,marking     ] GC(1261) Concurrent Mark 817.038ms
[4418.732s][info][gc,marking     ] GC(1261) Concurrent Rebuild Remembered Sets and Scrub Regions
[4419.025s][info][gc,marking     ] GC(1261) Concurrent Rebuild Remembered Sets and Scrub Regions 292.918ms
[4419.027s][info][gc,start       ] GC(1261) Pause Cleanup
[4419.027s][info][gc             ] GC(1261) Pause Cleanup 2544M->2544M(4096M) 0.139ms
[4419.027s][info][gc,cpu         ] GC(1261) User=0.00s Sys=0.00s Real=0.00s
[4419.027s][info][gc,marking     ] GC(1261) Concurrent Clear Claimed Marks
[4419.027s][info][gc,marking     ] GC(1261) Concurrent Clear Claimed Marks 0.022ms
[4419.027s][info][gc,marking     ] GC(1261) Concurrent Cleanup for Next Mark
[4419.033s][info][gc,marking     ] GC(1261) Concurrent Cleanup for Next Mark 5.559ms
[4419.033s][info][gc             ] GC(1261) Concurrent Mark Cycle 1274.501ms
.[4420.037s][info][gc,start       ] GC(1262) Pause Young (Prepare Mixed) (G1 Evacuation Pause)
[4420.037s][info][gc,task        ] GC(1262) Using 6 workers of 6 for evacuation
[4420.156s][info][gc,phases      ] GC(1262)   Pre Evacuate Collection Set: 0.35ms
[4420.156s][info][gc,phases      ] GC(1262)   Merge Heap Roots: 0.50ms
[4420.156s][info][gc,phases      ] GC(1262)   Evacuate Collection Set: 116.61ms
[4420.156s][info][gc,phases      ] GC(1262)   Post Evacuate Collection Set: 0.96ms
[4420.156s][info][gc,phases      ] GC(1262)   Other: 0.08ms
[4420.156s][info][gc,heap        ] GC(1262) Eden regions: 1116->0(1104)
[4420.156s][info][gc,heap        ] GC(1262) Survivor regions: 112->111(154)
[4420.156s][info][gc,heap        ] GC(1262) Old regions: 508->539
[4420.156s][info][gc,heap        ] GC(1262) Humongous regions: 80->80
[4420.156s][info][gc,metaspace   ] GC(1262) Metaspace: 28893K(29312K)->28893K(29312K) NonClass: 24024K(24256K)->24024K(24256K) Class: 4868K(5056K)->4868K(5056K)
[4420.156s][info][gc             ] GC(1262) Pause Young (Prepare Mixed) (G1 Evacuation Pause) 3630M->1459M(4096M) 118.652ms
[4420.156s][info][gc,cpu         ] GC(1262) User=0.70s Sys=0.00s Real=0.12s
...[4422.417s][info][gc,start       ] GC(1263) Pause Young (Mixed) (G1 Evacuation Pause)
[4422.417s][info][gc,task        ] GC(1263) Using 6 workers of 6 for evacuation
[4422.556s][info][gc,phases      ] GC(1263)   Pre Evacuate Collection Set: 0.38ms
[4422.556s][info][gc,phases      ] GC(1263)   Merge Heap Roots: 0.75ms
[4422.556s][info][gc,phases      ] GC(1263)   Evacuate Collection Set: 136.80ms
[4422.556s][info][gc,phases      ] GC(1263)   Post Evacuate Collection Set: 0.95ms
[4422.556s][info][gc,phases      ] GC(1263)   Other: 0.08ms
[4422.556s][info][gc,heap        ] GC(1263) Eden regions: 1104->0(1115)
[4422.556s][info][gc,heap        ] GC(1263) Survivor regions: 111->113(152)
[4422.556s][info][gc,heap        ] GC(1263) Old regions: 539->477
[4422.556s][info][gc,heap        ] GC(1263) Humongous regions: 80->80
[4422.556s][info][gc,metaspace   ] GC(1263) Metaspace: 28893K(29312K)->28893K(29312K) NonClass: 24024K(24256K)->24024K(24256K) Class: 4868K(5056K)->4868K(5056K)
[4422.556s][info][gc             ] GC(1263) Pause Young (Mixed) (G1 Evacuation Pause) 3667M->1338M(4096M) 139.087ms
[4422.556s][info][gc,cpu         ] GC(1263) User=0.82s Sys=0.00s Real=0.14s
..[4424.760s][info][gc,start       ] GC(1264) Pause Young (Concurrent Start) (G1 Evacuation Pause)
[4424.760s][info][gc,task        ] GC(1264) Using 6 workers of 6 for evacuation
[4424.880s][info][gc,phases      ] GC(1264)   Pre Evacuate Collection Set: 0.40ms
[4424.880s][info][gc,phases      ] GC(1264)   Merge Heap Roots: 0.46ms
[4424.880s][info][gc,phases      ] GC(1264)   Evacuate Collection Set: 118.79ms
[4424.880s][info][gc,phases      ] GC(1264)   Post Evacuate Collection Set: 0.89ms
[4424.880s][info][gc,phases      ] GC(1264)   Other: 0.12ms
[4424.880s][info][gc,heap        ] GC(1264) Eden regions: 1115->0(1116)
[4424.880s][info][gc,heap        ] GC(1264) Survivor regions: 113->112(154)
[4424.880s][info][gc,heap        ] GC(1264) Old regions: 477->509
[4424.880s][info][gc,heap        ] GC(1264) Humongous regions: 80->80
[4424.880s][info][gc,metaspace   ] GC(1264) Metaspace: 28893K(29312K)->28893K(29312K) NonClass: 24024K(24256K)->24024K(24256K) Class: 4868K(5056K)->4868K(5056K)
[4424.880s][info][gc             ] GC(1264) Pause Young (Concurrent Start) (G1 Evacuation Pause) 3568M->1400M(4096M) 120.773ms
[4424.880s][info][gc             ] GC(1265) Concurrent Mark Cycle
[4424.880s][info][gc,marking     ] GC(1265) Concurrent Scan Root Regions
[4424.880s][info][gc,cpu         ] GC(1264) User=0.71s Sys=0.00s Real=0.12s
[4425.066s][info][gc,marking     ] GC(1265) Concurrent Scan Root Regions 185.849ms
[4425.066s][info][gc,marking     ] GC(1265) Concurrent Mark
[4425.066s][info][gc,marking     ] GC(1265) Concurrent Mark From Roots
[4425.066s][info][gc,task        ] GC(1265) Using 2 workers of 2 for marking
.[4426.096s][info][gc,marking     ] GC(1265) Concurrent Mark From Roots 1029.348ms
[4426.096s][info][gc,marking     ] GC(1265) Concurrent Preclean
[4426.096s][info][gc,marking     ] GC(1265) Concurrent Preclean 0.100ms
[4426.097s][info][gc,start       ] GC(1265) Pause Remark
[4426.104s][info][gc             ] GC(1265) Pause Remark 2596M->2596M(4096M) 7.322ms
[4426.104s][info][gc,cpu         ] GC(1265) User=0.04s Sys=0.00s Real=0.01s
[4426.105s][info][gc,marking     ] GC(1265) Concurrent Mark 1038.924ms
[4426.105s][info][gc,marking     ] GC(1265) Concurrent Rebuild Remembered Sets and Scrub Regions
.[4426.527s][info][gc,marking     ] GC(1265) Concurrent Rebuild Remembered Sets and Scrub Regions 422.271ms
[4426.528s][info][gc,start       ] GC(1265) Pause Cleanup
[4426.528s][info][gc             ] GC(1265) Pause Cleanup 3042M->3042M(4096M) 0.122ms
[4426.528s][info][gc,cpu         ] GC(1265) User=0.00s Sys=0.00s Real=0.00s
[4426.528s][info][gc,marking     ] GC(1265) Concurrent Clear Claimed Marks
[4426.528s][info][gc,marking     ] GC(1265) Concurrent Clear Claimed Marks 0.023ms
[4426.528s][info][gc,marking     ] GC(1265) Concurrent Cleanup for Next Mark
[4426.534s][info][gc,marking     ] GC(1265) Concurrent Cleanup for Next Mark 5.021ms
[4426.534s][info][gc             ] GC(1265) Concurrent Mark Cycle 1653.283ms
[4427.167s][info][gc,start       ] GC(1266) Pause Young (Prepare Mixed) (G1 Evacuation Pause)
[4427.167s][info][gc,task        ] GC(1266) Using 6 workers of 6 for evacuation
[4427.287s][info][gc,phases      ] GC(1266)   Pre Evacuate Collection Set: 0.35ms
[4427.287s][info][gc,phases      ] GC(1266)   Merge Heap Roots: 0.52ms
[4427.287s][info][gc,phases      ] GC(1266)   Evacuate Collection Set: 117.71ms
[4427.287s][info][gc,phases      ] GC(1266)   Post Evacuate Collection Set: 1.00ms
[4427.287s][info][gc,phases      ] GC(1266)   Other: 0.08ms
[4427.287s][info][gc,heap        ] GC(1266) Eden regions: 1116->0(1101)
[4427.287s][info][gc,heap        ] GC(1266) Survivor regions: 112->112(154)
[4427.287s][info][gc,heap        ] GC(1266) Old regions: 509->540
[4427.287s][info][gc,heap        ] GC(1266) Humongous regions: 80->80
[4427.287s][info][gc,metaspace   ] GC(1266) Metaspace: 28893K(29312K)->28893K(29312K) NonClass: 24024K(24256K)->24024K(24256K) Class: 4868K(5056K)->4868K(5056K)
[4427.287s][info][gc             ] GC(1266) Pause Young (Prepare Mixed) (G1 Evacuation Pause) 3632M->1462M(4096M) 119.809ms
[4427.287s][info][gc,cpu         ] GC(1266) User=0.71s Sys=0.00s Real=0.12s
...[4429.501s][info][gc,start       ] GC(1267) Pause Young (Mixed) (G1 Evacuation Pause)
[4429.501s][info][gc,task        ] GC(1267) Using 6 workers of 6 for evacuation
[4429.641s][info][gc,phases      ] GC(1267)   Pre Evacuate Collection Set: 0.38ms
[4429.641s][info][gc,phases      ] GC(1267)   Merge Heap Roots: 0.67ms
[4429.641s][info][gc,phases      ] GC(1267)   Evacuate Collection Set: 137.68ms
[4429.641s][info][gc,phases      ] GC(1267)   Post Evacuate Collection Set: 1.00ms
[4429.641s][info][gc,phases      ] GC(1267)   Other: 0.09ms
[4429.641s][info][gc,heap        ] GC(1267) Eden regions: 1101->0(1111)
[4429.641s][info][gc,heap        ] GC(1267) Survivor regions: 112->117(152)
[4429.641s][info][gc,heap        ] GC(1267) Old regions: 540->475
[4429.641s][info][gc,heap        ] GC(1267) Humongous regions: 80->80
[4429.641s][info][gc,metaspace   ] GC(1267) Metaspace: 28893K(29312K)->28893K(29312K) NonClass: 24024K(24256K)->24024K(24256K) Class: 4868K(5056K)->4868K(5056K)
[4429.641s][info][gc             ] GC(1267) Pause Young (Mixed) (G1 Evacuation Pause) 3664M->1342M(4096M) 139.959ms
[4429.641s][info][gc,cpu         ] GC(1267) User=0.83s Sys=0.00s Real=0.14s
..[4431.826s][info][gc,start       ] GC(1268) Pause Young (Concurrent Start) (G1 Evacuation Pause)
[4431.826s][info][gc,task        ] GC(1268) Using 6 workers of 6 for evacuation
[4431.940s][info][gc,phases      ] GC(1268)   Pre Evacuate Collection Set: 0.39ms
[4431.940s][info][gc,phases      ] GC(1268)   Merge Heap Roots: 0.46ms
[4431.940s][info][gc,phases      ] GC(1268)   Evacuate Collection Set: 112.17ms
[4431.940s][info][gc,phases      ] GC(1268)   Post Evacuate Collection Set: 0.91ms
[4431.940s][info][gc,phases      ] GC(1268)   Other: 0.11ms
[4431.940s][info][gc,heap        ] GC(1268) Eden regions: 1111->0(1122)
[4431.940s][info][gc,heap        ] GC(1268) Survivor regions: 117->106(154)
[4431.940s][info][gc,heap        ] GC(1268) Old regions: 475->508
[4431.940s][info][gc,heap        ] GC(1268) Humongous regions: 80->80
[4431.940s][info][gc,metaspace   ] GC(1268) Metaspace: 28893K(29312K)->28893K(29312K) NonClass: 24024K(24256K)->24024K(24256K) Class: 4868K(5056K)->4868K(5056K)
[4431.940s][info][gc             ] GC(1268) Pause Young (Concurrent Start) (G1 Evacuation Pause) 3564M->1386M(4096M) 114.188ms
[4431.940s][info][gc             ] GC(1269) Concurrent Mark Cycle
[4431.940s][info][gc,marking     ] GC(1269) Concurrent Scan Root Regions
[4431.940s][info][gc,cpu         ] GC(1268) User=0.68s Sys=0.00s Real=0.11s
[4432.116s][info][gc,marking     ] GC(1269) Concurrent Scan Root Regions 175.719ms
[4432.116s][info][gc,marking     ] GC(1269) Concurrent Mark
[4432.116s][info][gc,marking     ] GC(1269) Concurrent Mark From Roots
[4432.116s][info][gc,task        ] GC(1269) Using 2 workers of 2 for marking
. (rIR:aIR:PR = 7887:7851:7848) (tPR = 117256) [OK] 
  4432s: Performance info:
         Transaction,    Success,    Partial,     Failed,   Receipts, AvgBarcode, 
             Overall,     477444,          0,          0,     453410,      59.47, 
         Response times:
             Request,    Success,    Partial,     Failed,   SkipFail,     Probes,    Samples,      min,      p50,      p90,      p95,      p99,      max, 
       TotalPurchase,     454361,          0,          0,          0,     356563,     499858,      200,     6900,    92000,   128000,   177000,   419000,
     InStorePurchase,     237981,          0,          0,          0,     187783,     262410,      300,     6700,    92000,   127000,   177000,   419000,
      OnlinePurchase,     168353,          0,          0,          0,     130973,     184157,      200,     7000,    93000,   128000,   178000,   383000,
        InstPurchase,      48027,          0,          0,          0,      37807,      53291,      400,     6900,    92000,   128000,   172000,   300000,
          AssocOfCat,        483,          0,          0,          0,        385,        629,    27000,    47000,   153000,   181000,   230600,   342000,
      AssocOfProduct,       4804,          0,          0,          0,       4525,       6610,      500,     4700,    80000,   114000,   158000,   281000,
      BusinessReport,       1203,          0,          0,          0,       1082,       1690,    29000,    53000,   169000,   203000,   254180,   474000,
          CustBuyBeh,       4805,          0,          0,          0,       4477,       6528,      300,     5700,    87000,   123550,   164000,   247000,
       ProductReturn,      12784,          0,          0,          0,       9758,      14001,      200,     6800,    90000,   129000,   177000,   300000,

  4432s: (58%)   IR =   8025 [4433.118s][info][gc,marking     ] GC(1269) Concurrent Mark From Roots 1002.159ms
[4433.118s][info][gc,marking     ] GC(1269) Concurrent Preclean
[4433.118s][info][gc,marking     ] GC(1269) Concurrent Preclean 0.110ms
[4433.119s][info][gc,start       ] GC(1269) Pause Remark
[4433.127s][info][gc             ] GC(1269) Pause Remark 2402M->2402M(4096M) 7.775ms
[4433.127s][info][gc,cpu         ] GC(1269) User=0.04s Sys=0.00s Real=0.01s
[4433.127s][info][gc,marking     ] GC(1269) Concurrent Mark 1011.588ms
[4433.127s][info][gc,marking     ] GC(1269) Concurrent Rebuild Remembered Sets and Scrub Regions
[4433.467s][info][gc,marking     ] GC(1269) Concurrent Rebuild Remembered Sets and Scrub Regions 339.814ms
[4433.471s][info][gc,start       ] GC(1269) Pause Cleanup
[4433.471s][info][gc             ] GC(1269) Pause Cleanup 2730M->2730M(4096M) 0.146ms
[4433.471s][info][gc,cpu         ] GC(1269) User=0.00s Sys=0.00s Real=0.00s
[4433.471s][info][gc,marking     ] GC(1269) Concurrent Clear Claimed Marks
[4433.471s][info][gc,marking     ] GC(1269) Concurrent Clear Claimed Marks 0.024ms
[4433.471s][info][gc,marking     ] GC(1269) Concurrent Cleanup for Next Mark
[4433.476s][info][gc,marking     ] GC(1269) Concurrent Cleanup for Next Mark 5.108ms
[4433.476s][info][gc             ] GC(1269) Concurrent Mark Cycle 1536.090ms
.[4434.365s][info][gc,start       ] GC(1270) Pause Young (Prepare Mixed) (G1 Evacuation Pause)
[4434.365s][info][gc,task        ] GC(1270) Using 6 workers of 6 for evacuation
[4434.486s][info][gc,phases      ] GC(1270)   Pre Evacuate Collection Set: 0.32ms
[4434.486s][info][gc,phases      ] GC(1270)   Merge Heap Roots: 0.55ms
[4434.486s][info][gc,phases      ] GC(1270)   Evacuate Collection Set: 118.83ms
[4434.486s][info][gc,phases      ] GC(1270)   Post Evacuate Collection Set: 0.94ms
[4434.486s][info][gc,phases      ] GC(1270)   Other: 0.09ms
[4434.486s][info][gc,heap        ] GC(1270) Eden regions: 1122->0(1103)
[4434.486s][info][gc,heap        ] GC(1270) Survivor regions: 106->111(154)
[4434.486s][info][gc,heap        ] GC(1270) Old regions: 508->540
[4434.486s][info][gc,heap        ] GC(1270) Humongous regions: 80->80
[4434.486s][info][gc,metaspace   ] GC(1270) Metaspace: 28893K(29312K)->28893K(29312K) NonClass: 24024K(24256K)->24024K(24256K) Class: 4868K(5056K)->4868K(5056K)
[4434.486s][info][gc             ] GC(1270) Pause Young (Prepare Mixed) (G1 Evacuation Pause) 3630M->1460M(4096M) 120.867ms
[4434.486s][info][gc,cpu         ] GC(1270) User=0.71s Sys=0.00s Real=0.12s
..[4436.616s][info][gc,start       ] GC(1271) Pause Young (Mixed) (G1 Evacuation Pause)
[4436.616s][info][gc,task        ] GC(1271) Using 6 workers of 6 for evacuation
[4436.754s][info][gc,phases      ] GC(1271)   Pre Evacuate Collection Set: 0.39ms
[4436.754s][info][gc,phases      ] GC(1271)   Merge Heap Roots: 0.68ms
[4436.754s][info][gc,phases      ] GC(1271)   Evacuate Collection Set: 135.72ms
[4436.754s][info][gc,phases      ] GC(1271)   Post Evacuate Collection Set: 1.00ms
[4436.754s][info][gc,phases      ] GC(1271)   Other: 0.09ms
[4436.754s][info][gc,heap        ] GC(1271) Eden regions: 1103->0(1115)
[4436.754s][info][gc,heap        ] GC(1271) Survivor regions: 111->113(152)
[4436.754s][info][gc,heap        ] GC(1271) Old regions: 540->476
[4436.754s][info][gc,heap        ] GC(1271) Humongous regions: 80->80
[4436.754s][info][gc,metaspace   ] GC(1271) Metaspace: 28893K(29312K)->28893K(29312K) NonClass: 24024K(24256K)->24024K(24256K) Class: 4868K(5056K)->4868K(5056K)
[4436.754s][info][gc             ] GC(1271) Pause Young (Mixed) (G1 Evacuation Pause) 3666M->1336M(4096M) 138.005ms
[4436.754s][info][gc,cpu         ] GC(1271) User=0.82s Sys=0.00s Real=0.14s
...[4439.005s][info][gc,start       ] GC(1272) Pause Young (Concurrent Start) (G1 Evacuation Pause)
[4439.005s][info][gc,task        ] GC(1272) Using 6 workers of 6 for evacuation
[4439.122s][info][gc,phases      ] GC(1272)   Pre Evacuate Collection Set: 0.36ms
[4439.122s][info][gc,phases      ] GC(1272)   Merge Heap Roots: 0.48ms
[4439.122s][info][gc,phases      ] GC(1272)   Evacuate Collection Set: 114.68ms
[4439.122s][info][gc,phases      ] GC(1272)   Post Evacuate Collection Set: 0.88ms
[4439.122s][info][gc,phases      ] GC(1272)   Other: 0.11ms
[4439.122s][info][gc,heap        ] GC(1272) Eden regions: 1115->0(1120)
[4439.122s][info][gc,heap        ] GC(1272) Survivor regions: 113->108(154)
[4439.122s][info][gc,heap        ] GC(1272) Old regions: 476->509
[4439.122s][info][gc,heap        ] GC(1272) Humongous regions: 80->80
[4439.122s][info][gc,metaspace   ] GC(1272) Metaspace: 28893K(29312K)->28893K(29312K) NonClass: 24024K(24256K)->24024K(24256K) Class: 4868K(5056K)->4868K(5056K)
[4439.122s][info][gc             ] GC(1272) Pause Young (Concurrent Start) (G1 Evacuation Pause) 3566M->1393M(4096M) 116.649ms
[4439.122s][info][gc             ] GC(1273) Concurrent Mark Cycle
[4439.122s][info][gc,marking     ] GC(1273) Concurrent Scan Root Regions
[4439.122s][info][gc,cpu         ] GC(1272) User=0.68s Sys=0.00s Real=0.11s
[4439.300s][info][gc,marking     ] GC(1273) Concurrent Scan Root Regions 178.523ms
[4439.300s][info][gc,marking     ] GC(1273) Concurrent Mark
[4439.300s][info][gc,marking     ] GC(1273) Concurrent Mark From Roots
[4439.300s][info][gc,task        ] GC(1273) Using 2 workers of 2 for marking
.[4440.282s][info][gc,marking     ] GC(1273) Concurrent Mark From Roots 981.409ms
[4440.282s][info][gc,marking     ] GC(1273) Concurrent Preclean
[4440.282s][info][gc,marking     ] GC(1273) Concurrent Preclean 0.154ms
[4440.284s][info][gc,start       ] GC(1273) Pause Remark
[4440.289s][info][gc             ] GC(1273) Pause Remark 2519M->2519M(4096M) 4.834ms
[4440.289s][info][gc,cpu         ] GC(1273) User=0.02s Sys=0.00s Real=0.00s
[4440.290s][info][gc,marking     ] GC(1273) Concurrent Mark 989.394ms
[4440.290s][info][gc,marking     ] GC(1273) Concurrent Rebuild Remembered Sets and Scrub Regions
[4440.707s][info][gc,marking     ] GC(1273) Concurrent Rebuild Remembered Sets and Scrub Regions 417.726ms
[4440.708s][info][gc,start       ] GC(1273) Pause Cleanup
[4440.708s][info][gc             ] GC(1273) Pause Cleanup 2935M->2935M(4096M) 0.128ms
[4440.708s][info][gc,cpu         ] GC(1273) User=0.00s Sys=0.00s Real=0.00s
[4440.708s][info][gc,marking     ] GC(1273) Concurrent Clear Claimed Marks
[4440.708s][info][gc,marking     ] GC(1273) Concurrent Clear Claimed Marks 0.049ms
[4440.708s][info][gc,marking     ] GC(1273) Concurrent Cleanup for Next Mark
[4440.714s][info][gc,marking     ] GC(1273) Concurrent Cleanup for Next Mark 5.520ms
[4440.714s][info][gc             ] GC(1273) Concurrent Mark Cycle 1591.953ms
.[4441.428s][info][gc,start       ] GC(1274) Pause Young (Prepare Mixed) (G1 Evacuation Pause)
[4441.428s][info][gc,task        ] GC(1274) Using 6 workers of 6 for evacuation
[4441.547s][info][gc,phases      ] GC(1274)   Pre Evacuate Collection Set: 0.36ms
[4441.547s][info][gc,phases      ] GC(1274)   Merge Heap Roots: 0.51ms
[4441.547s][info][gc,phases      ] GC(1274)   Evacuate Collection Set: 117.70ms
[4441.547s][info][gc,phases      ] GC(1274)   Post Evacuate Collection Set: 0.93ms
[4441.547s][info][gc,phases      ] GC(1274)   Other: 0.09ms
[4441.547s][info][gc,heap        ] GC(1274) Eden regions: 1120->0(1100)
[4441.547s][info][gc,heap        ] GC(1274) Survivor regions: 108->112(154)
[4441.547s][info][gc,heap        ] GC(1274) Old regions: 509->541
[4441.547s][info][gc,heap        ] GC(1274) Humongous regions: 80->80
[4441.547s][info][gc,metaspace   ] GC(1274) Metaspace: 28893K(29312K)->28893K(29312K) NonClass: 24024K(24256K)->24024K(24256K) Class: 4868K(5056K)->4868K(5056K)
[4441.547s][info][gc             ] GC(1274) Pause Young (Prepare Mixed) (G1 Evacuation Pause) 3633M->1463M(4096M) 119.730ms
[4441.547s][info][gc,cpu         ] GC(1274) User=0.70s Sys=0.00s Real=0.12s
..[4443.671s][info][gc,start       ] GC(1275) Pause Young (Mixed) (G1 Evacuation Pause)
[4443.671s][info][gc,task        ] GC(1275) Using 6 workers of 6 for evacuation
[4443.804s][info][gc,phases      ] GC(1275)   Pre Evacuate Collection Set: 0.40ms
[4443.804s][info][gc,phases      ] GC(1275)   Merge Heap Roots: 0.67ms
[4443.804s][info][gc,phases      ] GC(1275)   Evacuate Collection Set: 131.42ms
[4443.804s][info][gc,phases      ] GC(1275)   Post Evacuate Collection Set: 0.97ms
[4443.804s][info][gc,phases      ] GC(1275)   Other: 0.09ms
[4443.804s][info][gc,heap        ] GC(1275) Eden regions: 1100->0(1117)
[4443.804s][info][gc,heap        ] GC(1275) Survivor regions: 112->111(152)
[4443.804s][info][gc,heap        ] GC(1275) Old regions: 541->477
[4443.804s][info][gc,heap        ] GC(1275) Humongous regions: 80->80
[4443.804s][info][gc,metaspace   ] GC(1275) Metaspace: 28893K(29312K)->28893K(29312K) NonClass: 24024K(24256K)->24024K(24256K) Class: 4868K(5056K)->4868K(5056K)
[4443.804s][info][gc             ] GC(1275) Pause Young (Mixed) (G1 Evacuation Pause) 3663M->1334M(4096M) 133.692ms
[4443.804s][info][gc,cpu         ] GC(1275) User=0.79s Sys=0.00s Real=0.14s
..|[4446.006s][info][gc,start       ] GC(1276) Pause Young (Concurrent Start) (G1 Evacuation Pause)
[4446.007s][info][gc,task        ] GC(1276) Using 6 workers of 6 for evacuation
[4446.128s][info][gc,phases      ] GC(1276)   Pre Evacuate Collection Set: 0.43ms
[4446.128s][info][gc,phases      ] GC(1276)   Merge Heap Roots: 0.53ms
[4446.128s][info][gc,phases      ] GC(1276)   Evacuate Collection Set: 118.87ms
[4446.128s][info][gc,phases      ] GC(1276)   Post Evacuate Collection Set: 0.91ms
[4446.128s][info][gc,phases      ] GC(1276)   Other: 0.91ms
[4446.128s][info][gc,heap        ] GC(1276) Eden regions: 1117->0(1119)
[4446.128s][info][gc,heap        ] GC(1276) Survivor regions: 111->109(154)
[4446.128s][info][gc,heap        ] GC(1276) Old regions: 477->511
[4446.128s][info][gc,heap        ] GC(1276) Humongous regions: 80->80
[4446.128s][info][gc,metaspace   ] GC(1276) Metaspace: 28893K(29312K)->28893K(29312K) NonClass: 24024K(24256K)->24024K(24256K) Class: 4868K(5056K)->4868K(5056K)
[4446.128s][info][gc             ] GC(1276) Pause Young (Concurrent Start) (G1 Evacuation Pause) 3568M->1397M(4096M) 121.801ms
[4446.128s][info][gc             ] GC(1277) Concurrent Mark Cycle
[4446.128s][info][gc,marking     ] GC(1277) Concurrent Scan Root Regions
[4446.128s][info][gc,cpu         ] GC(1276) User=0.72s Sys=0.00s Real=0.12s
.[4446.364s][info][gc,marking     ] GC(1277) Concurrent Scan Root Regions 235.485ms
[4446.364s][info][gc,marking     ] GC(1277) Concurrent Mark
[4446.364s][info][gc,marking     ] GC(1277) Concurrent Mark From Roots
[4446.364s][info][gc,task        ] GC(1277) Using 2 workers of 2 for marking
[4447.084s][info][gc,marking     ] GC(1277) Concurrent Mark From Roots 720.020ms
[4447.084s][info][gc,marking     ] GC(1277) Concurrent Preclean
[4447.084s][info][gc,marking     ] GC(1277) Concurrent Preclean 0.093ms
[4447.086s][info][gc,start       ] GC(1277) Pause Remark
[4447.091s][info][gc             ] GC(1277) Pause Remark 2243M->2243M(4096M) 4.616ms
[4447.091s][info][gc,cpu         ] GC(1277) User=0.02s Sys=0.00s Real=0.00s
[4447.091s][info][gc,marking     ] GC(1277) Concurrent Mark 726.785ms
[4447.091s][info][gc,marking     ] GC(1277) Concurrent Rebuild Remembered Sets and Scrub Regions
.[4447.510s][info][gc,marking     ] GC(1277) Concurrent Rebuild Remembered Sets and Scrub Regions 419.259ms
[4447.511s][info][gc,start       ] GC(1277) Pause Cleanup
[4447.511s][info][gc             ] GC(1277) Pause Cleanup 2675M->2675M(4096M) 0.130ms
[4447.511s][info][gc,cpu         ] GC(1277) User=0.00s Sys=0.00s Real=0.00s
[4447.511s][info][gc,marking     ] GC(1277) Concurrent Clear Claimed Marks
[4447.511s][info][gc,marking     ] GC(1277) Concurrent Clear Claimed Marks 0.032ms
[4447.511s][info][gc,marking     ] GC(1277) Concurrent Cleanup for Next Mark
[4447.517s][info][gc,marking     ] GC(1277) Concurrent Cleanup for Next Mark 5.380ms
[4447.517s][info][gc             ] GC(1277) Concurrent Mark Cycle 1388.513ms
.[4448.392s][info][gc,start       ] GC(1278) Pause Young (Prepare Mixed) (G1 Evacuation Pause)
[4448.392s][info][gc,task        ] GC(1278) Using 6 workers of 6 for evacuation
[4448.509s][info][gc,phases      ] GC(1278)   Pre Evacuate Collection Set: 0.33ms
[4448.509s][info][gc,phases      ] GC(1278)   Merge Heap Roots: 0.48ms
[4448.509s][info][gc,phases      ] GC(1278)   Evacuate Collection Set: 115.87ms
[4448.509s][info][gc,phases      ] GC(1278)   Post Evacuate Collection Set: 0.96ms
[4448.509s][info][gc,phases      ] GC(1278)   Other: 0.09ms
[4448.509s][info][gc,heap        ] GC(1278) Eden regions: 1119->0(1101)
[4448.509s][info][gc,heap        ] GC(1278) Survivor regions: 109->111(154)
[4448.509s][info][gc,heap        ] GC(1278) Old regions: 511->542
[4448.509s][info][gc,heap        ] GC(1278) Humongous regions: 80->80
[4448.509s][info][gc,metaspace   ] GC(1278) Metaspace: 28893K(29312K)->28893K(29312K) NonClass: 24024K(24256K)->24024K(24256K) Class: 4868K(5056K)->4868K(5056K)
[4448.509s][info][gc             ] GC(1278) Pause Young (Prepare Mixed) (G1 Evacuation Pause) 3635M->1463M(4096M) 117.853ms
[4448.509s][info][gc,cpu         ] GC(1278) User=0.70s Sys=0.00s Real=0.12s
..[4450.714s][info][gc,start       ] GC(1279) Pause Young (Mixed) (G1 Evacuation Pause)
[4450.714s][info][gc,task        ] GC(1279) Using 6 workers of 6 for evacuation
[4450.850s][info][gc,phases      ] GC(1279)   Pre Evacuate Collection Set: 0.36ms
[4450.850s][info][gc,phases      ] GC(1279)   Merge Heap Roots: 0.74ms
[4450.850s][info][gc,phases      ] GC(1279)   Evacuate Collection Set: 133.27ms
[4450.850s][info][gc,phases      ] GC(1279)   Post Evacuate Collection Set: 0.91ms
[4450.850s][info][gc,phases      ] GC(1279)   Other: 0.09ms
[4450.850s][info][gc,heap        ] GC(1279) Eden regions: 1101->0(1117)
[4450.850s][info][gc,heap        ] GC(1279) Survivor regions: 111->111(152)
[4450.850s][info][gc,heap        ] GC(1279) Old regions: 542->479
[4450.850s][info][gc,heap        ] GC(1279) Humongous regions: 80->80
[4450.850s][info][gc,metaspace   ] GC(1279) Metaspace: 28893K(29312K)->28893K(29312K) NonClass: 24024K(24256K)->24024K(24256K) Class: 4868K(5056K)->4868K(5056K)
[4450.850s][info][gc             ] GC(1279) Pause Young (Mixed) (G1 Evacuation Pause) 3665M->1338M(4096M) 135.508ms
[4450.850s][info][gc,cpu         ] GC(1279) User=0.81s Sys=0.00s Real=0.13s
..[4453.068s][info][gc,start       ] GC(1280) Pause Young (Concurrent Start) (G1 Evacuation Pause)
[4453.068s][info][gc,task        ] GC(1280) Using 6 workers of 6 for evacuation
[4453.188s][info][gc,phases      ] GC(1280)   Pre Evacuate Collection Set: 0.41ms
[4453.188s][info][gc,phases      ] GC(1280)   Merge Heap Roots: 0.46ms
[4453.188s][info][gc,phases      ] GC(1280)   Evacuate Collection Set: 117.78ms
[4453.188s][info][gc,phases      ] GC(1280)   Post Evacuate Collection Set: 0.89ms
[4453.188s][info][gc,phases      ] GC(1280)   Other: 0.13ms
[4453.188s][info][gc,heap        ] GC(1280) Eden regions: 1117->0(1118)
[4453.188s][info][gc,heap        ] GC(1280) Survivor regions: 111->110(154)
[4453.188s][info][gc,heap        ] GC(1280) Old regions: 479->512
[4453.188s][info][gc,heap        ] GC(1280) Humongous regions: 80->80
[4453.188s][info][gc,metaspace   ] GC(1280) Metaspace: 28893K(29312K)->28893K(29312K) NonClass: 24024K(24256K)->24024K(24256K) Class: 4868K(5056K)->4868K(5056K)
[4453.188s][info][gc             ] GC(1280) Pause Young (Concurrent Start) (G1 Evacuation Pause) 3572M->1402M(4096M) 119.802ms
[4453.188s][info][gc             ] GC(1281) Concurrent Mark Cycle
[4453.188s][info][gc,marking     ] GC(1281) Concurrent Scan Root Regions
[4453.188s][info][gc,cpu         ] GC(1280) User=0.71s Sys=0.00s Real=0.12s
.[4453.378s][info][gc,marking     ] GC(1281) Concurrent Scan Root Regions 189.880ms
[4453.378s][info][gc,marking     ] GC(1281) Concurrent Mark
[4453.378s][info][gc,marking     ] GC(1281) Concurrent Mark From Roots
[4453.378s][info][gc,task        ] GC(1281) Using 2 workers of 2 for marking
[4454.177s][info][gc,marking     ] GC(1281) Concurrent Mark From Roots 799.052ms
[4454.177s][info][gc,marking     ] GC(1281) Concurrent Preclean
[4454.177s][info][gc,marking     ] GC(1281) Concurrent Preclean 0.116ms
[4454.177s][info][gc,start       ] GC(1281) Pause Remark
[4454.182s][info][gc             ] GC(1281) Pause Remark 2352M->2352M(4096M) 4.701ms
[4454.182s][info][gc,cpu         ] GC(1281) User=0.02s Sys=0.00s Real=0.00s
[4454.182s][info][gc,marking     ] GC(1281) Concurrent Mark 804.627ms
[4454.182s][info][gc,marking     ] GC(1281) Concurrent Rebuild Remembered Sets and Scrub Regions
.[4454.533s][info][gc,marking     ] GC(1281) Concurrent Rebuild Remembered Sets and Scrub Regions 350.724ms
[4454.535s][info][gc,start       ] GC(1281) Pause Cleanup
[4454.535s][info][gc             ] GC(1281) Pause Cleanup 2692M->2692M(4096M) 0.125ms
[4454.535s][info][gc,cpu         ] GC(1281) User=0.00s Sys=0.00s Real=0.00s
[4454.536s][info][gc,marking     ] GC(1281) Concurrent Clear Claimed Marks
[4454.536s][info][gc,marking     ] GC(1281) Concurrent Clear Claimed Marks 0.041ms
[4454.536s][info][gc,marking     ] GC(1281) Concurrent Cleanup for Next Mark
[4454.541s][info][gc,marking     ] GC(1281) Concurrent Cleanup for Next Mark 4.584ms
[4454.541s][info][gc             ] GC(1281) Concurrent Mark Cycle 1353.312ms
.[4455.456s][info][gc,start       ] GC(1282) Pause Young (Prepare Mixed) (G1 Evacuation Pause)
[4455.456s][info][gc,task        ] GC(1282) Using 6 workers of 6 for evacuation
[4455.574s][info][gc,phases      ] GC(1282)   Pre Evacuate Collection Set: 0.35ms
[4455.574s][info][gc,phases      ] GC(1282)   Merge Heap Roots: 0.52ms
[4455.574s][info][gc,phases      ] GC(1282)   Evacuate Collection Set: 116.56ms
[4455.574s][info][gc,phases      ] GC(1282)   Post Evacuate Collection Set: 0.93ms
[4455.574s][info][gc,phases      ] GC(1282)   Other: 0.08ms
[4455.574s][info][gc,heap        ] GC(1282) Eden regions: 1118->0(1098)
[4455.574s][info][gc,heap        ] GC(1282) Survivor regions: 110->112(154)
[4455.574s][info][gc,heap        ] GC(1282) Old regions: 512->543
[4455.574s][info][gc,heap        ] GC(1282) Humongous regions: 80->80
[4455.574s][info][gc,metaspace   ] GC(1282) Metaspace: 28893K(29312K)->28893K(29312K) NonClass: 24024K(24256K)->24024K(24256K) Class: 4868K(5056K)->4868K(5056K)
[4455.574s][info][gc             ] GC(1282) Pause Young (Prepare Mixed) (G1 Evacuation Pause) 3638M->1467M(4096M) 118.571ms
[4455.574s][info][gc,cpu         ] GC(1282) User=0.70s Sys=0.00s Real=0.12s
..[4457.725s][info][gc,start       ] GC(1283) Pause Young (Mixed) (G1 Evacuation Pause)
[4457.725s][info][gc,task        ] GC(1283) Using 6 workers of 6 for evacuation
[4457.856s][info][gc,phases      ] GC(1283)   Pre Evacuate Collection Set: 0.40ms
[4457.856s][info][gc,phases      ] GC(1283)   Merge Heap Roots: 0.57ms
[4457.856s][info][gc,phases      ] GC(1283)   Evacuate Collection Set: 128.85ms
[4457.856s][info][gc,phases      ] GC(1283)   Post Evacuate Collection Set: 0.95ms
[4457.856s][info][gc,phases      ] GC(1283)   Other: 0.09ms
[4457.856s][info][gc,heap        ] GC(1283) Eden regions: 1098->0(1118)
[4457.856s][info][gc,heap        ] GC(1283) Survivor regions: 112->110(152)
[4457.856s][info][gc,heap        ] GC(1283) Old regions: 543->478
[4457.856s][info][gc,heap        ] GC(1283) Humongous regions: 80->80
[4457.856s][info][gc,metaspace   ] GC(1283) Metaspace: 28893K(29312K)->28893K(29312K) NonClass: 24024K(24256K)->24024K(24256K) Class: 4868K(5056K)->4868K(5056K)
[4457.856s][info][gc             ] GC(1283) Pause Young (Mixed) (G1 Evacuation Pause) 3663M->1334M(4096M) 130.983ms
[4457.856s][info][gc,cpu         ] GC(1283) User=0.77s Sys=0.00s Real=0.13s
..[4460.122s][info][gc,start       ] GC(1284) Pause Young (Concurrent Start) (G1 Evacuation Pause)
[4460.122s][info][gc,task        ] GC(1284) Using 6 workers of 6 for evacuation
[4460.241s][info][gc,phases      ] GC(1284)   Pre Evacuate Collection Set: 0.38ms
[4460.241s][info][gc,phases      ] GC(1284)   Merge Heap Roots: 0.46ms
[4460.241s][info][gc,phases      ] GC(1284)   Evacuate Collection Set: 117.42ms
[4460.241s][info][gc,phases      ] GC(1284)   Post Evacuate Collection Set: 0.91ms
[4460.241s][info][gc,phases      ] GC(1284)   Other: 0.10ms
[4460.241s][info][gc,heap        ] GC(1284) Eden regions: 1118->0(1118)
[4460.241s][info][gc,heap        ] GC(1284) Survivor regions: 110->110(154)
[4460.241s][info][gc,heap        ] GC(1284) Old regions: 478->512
[4460.241s][info][gc,heap        ] GC(1284) Humongous regions: 80->80
[4460.241s][info][gc,metaspace   ] GC(1284) Metaspace: 28893K(29312K)->28893K(29312K) NonClass: 24024K(24256K)->24024K(24256K) Class: 4868K(5056K)->4868K(5056K)
[4460.241s][info][gc             ] GC(1284) Pause Young (Concurrent Start) (G1 Evacuation Pause) 3570M->1402M(4096M) 119.399ms
[4460.241s][info][gc             ] GC(1285) Concurrent Mark Cycle
[4460.241s][info][gc,marking     ] GC(1285) Concurrent Scan Root Regions
[4460.241s][info][gc,cpu         ] GC(1284) User=0.70s Sys=0.00s Real=0.12s
.[4460.425s][info][gc,marking     ] GC(1285) Concurrent Scan Root Regions 184.189ms
[4460.425s][info][gc,marking     ] GC(1285) Concurrent Mark
[4460.425s][info][gc,marking     ] GC(1285) Concurrent Mark From Roots
[4460.425s][info][gc,task        ] GC(1285) Using 2 workers of 2 for marking
[4461.186s][info][gc,marking     ] GC(1285) Concurrent Mark From Roots 760.308ms
[4461.186s][info][gc,marking     ] GC(1285) Concurrent Preclean
[4461.186s][info][gc,marking     ] GC(1285) Concurrent Preclean 0.091ms
[4461.186s][info][gc,start       ] GC(1285) Pause Remark
[4461.192s][info][gc             ] GC(1285) Pause Remark 2287M->2287M(4096M) 5.261ms
[4461.192s][info][gc,cpu         ] GC(1285) User=0.03s Sys=0.00s Real=0.00s
[4461.192s][info][gc,marking     ] GC(1285) Concurrent Mark 766.546ms
[4461.192s][info][gc,marking     ] GC(1285) Concurrent Rebuild Remembered Sets and Scrub Regions
.[4461.518s][info][gc,marking     ] GC(1285) Concurrent Rebuild Remembered Sets and Scrub Regions 326.106ms
[4461.518s][info][gc,start       ] GC(1285) Pause Cleanup
[4461.518s][info][gc             ] GC(1285) Pause Cleanup 2573M->2573M(4096M) 0.112ms
[4461.518s][info][gc,cpu         ] GC(1285) User=0.00s Sys=0.00s Real=0.00s
[4461.518s][info][gc,marking     ] GC(1285) Concurrent Clear Claimed Marks
[4461.518s][info][gc,marking     ] GC(1285) Concurrent Clear Claimed Marks 0.027ms
[4461.518s][info][gc,marking     ] GC(1285) Concurrent Cleanup for Next Mark
[4461.525s][info][gc,marking     ] GC(1285) Concurrent Cleanup for Next Mark 7.047ms
[4461.525s][info][gc             ] GC(1285) Concurrent Mark Cycle 1284.460ms
.[4462.538s][info][gc,start       ] GC(1286) Pause Young (Prepare Mixed) (G1 Evacuation Pause)
[4462.538s][info][gc,task        ] GC(1286) Using 6 workers of 6 for evacuation
[4462.661s][info][gc,phases      ] GC(1286)   Pre Evacuate Collection Set: 0.34ms
[4462.661s][info][gc,phases      ] GC(1286)   Merge Heap Roots: 0.49ms
[4462.661s][info][gc,phases      ] GC(1286)   Evacuate Collection Set: 121.18ms
[4462.661s][info][gc,phases      ] GC(1286)   Post Evacuate Collection Set: 1.00ms
[4462.661s][info][gc,phases      ] GC(1286)   Other: 0.08ms
[4462.661s][info][gc,heap        ] GC(1286) Eden regions: 1118->0(1092)
[4462.661s][info][gc,heap        ] GC(1286) Survivor regions: 110->116(154)
[4462.661s][info][gc,heap        ] GC(1286) Old regions: 512->541
[4462.661s][info][gc,heap        ] GC(1286) Humongous regions: 80->80
[4462.661s][info][gc,metaspace   ] GC(1286) Metaspace: 28893K(29312K)->28893K(29312K) NonClass: 24024K(24256K)->24024K(24256K) Class: 4868K(5056K)->4868K(5056K)
[4462.661s][info][gc             ] GC(1286) Pause Young (Prepare Mixed) (G1 Evacuation Pause) 3638M->1472M(4096M) 123.262ms
[4462.661s][info][gc,cpu         ] GC(1286) User=0.73s Sys=0.00s Real=0.12s
..[4464.797s][info][gc,start       ] GC(1287) Pause Young (Mixed) (G1 Evacuation Pause)
[4464.797s][info][gc,task        ] GC(1287) Using 6 workers of 6 for evacuation
[4464.930s][info][gc,phases      ] GC(1287)   Pre Evacuate Collection Set: 0.40ms
[4464.930s][info][gc,phases      ] GC(1287)   Merge Heap Roots: 0.72ms
[4464.930s][info][gc,phases      ] GC(1287)   Evacuate Collection Set: 131.10ms
[4464.930s][info][gc,phases      ] GC(1287)   Post Evacuate Collection Set: 0.93ms
[4464.930s][info][gc,phases      ] GC(1287)   Other: 0.08ms
[4464.930s][info][gc,heap        ] GC(1287) Eden regions: 1092->0(1121)
[4464.930s][info][gc,heap        ] GC(1287) Survivor regions: 116->107(151)
[4464.930s][info][gc,heap        ] GC(1287) Old regions: 541->478
[4464.930s][info][gc,heap        ] GC(1287) Humongous regions: 80->80
[4464.930s][info][gc,metaspace   ] GC(1287) Metaspace: 28893K(29312K)->28893K(29312K) NonClass: 24024K(24256K)->24024K(24256K) Class: 4868K(5056K)->4868K(5056K)
[4464.930s][info][gc             ] GC(1287) Pause Young (Mixed) (G1 Evacuation Pause) 3656M->1327M(4096M) 133.382ms
[4464.930s][info][gc,cpu         ] GC(1287) User=0.79s Sys=0.00s Real=0.13s
..[4467.228s][info][gc,start       ] GC(1288) Pause Young (Concurrent Start) (G1 Evacuation Pause)
[4467.228s][info][gc,task        ] GC(1288) Using 6 workers of 6 for evacuation
[4467.348s][info][gc,phases      ] GC(1288)   Pre Evacuate Collection Set: 0.35ms
[4467.348s][info][gc,phases      ] GC(1288)   Merge Heap Roots: 0.49ms
[4467.348s][info][gc,phases      ] GC(1288)   Evacuate Collection Set: 117.96ms
[4467.348s][info][gc,phases      ] GC(1288)   Post Evacuate Collection Set: 0.90ms
[4467.348s][info][gc,phases      ] GC(1288)   Other: 0.12ms
[4467.348s][info][gc,heap        ] GC(1288) Eden regions: 1121->0(1119)
[4467.348s][info][gc,heap        ] GC(1288) Survivor regions: 107->109(154)
[4467.348s][info][gc,heap        ] GC(1288) Old regions: 478->510
[4467.348s][info][gc,heap        ] GC(1288) Humongous regions: 80->80
[4467.348s][info][gc,metaspace   ] GC(1288) Metaspace: 28893K(29312K)->28893K(29312K) NonClass: 24024K(24256K)->24024K(24256K) Class: 4868K(5056K)->4868K(5056K)
[4467.348s][info][gc             ] GC(1288) Pause Young (Concurrent Start) (G1 Evacuation Pause) 3569M->1397M(4096M) 119.971ms
[4467.348s][info][gc             ] GC(1289) Concurrent Mark Cycle
[4467.348s][info][gc,marking     ] GC(1289) Concurrent Scan Root Regions
[4467.348s][info][gc,cpu         ] GC(1288) User=0.71s Sys=0.00s Real=0.12s
.[4467.552s][info][gc,marking     ] GC(1289) Concurrent Scan Root Regions 203.425ms
[4467.552s][info][gc,marking     ] GC(1289) Concurrent Mark
[4467.552s][info][gc,marking     ] GC(1289) Concurrent Mark From Roots
[4467.552s][info][gc,task        ] GC(1289) Using 2 workers of 2 for marking
.[4468.601s][info][gc,marking     ] GC(1289) Concurrent Mark From Roots 1049.542ms
[4468.601s][info][gc,marking     ] GC(1289) Concurrent Preclean
[4468.601s][info][gc,marking     ] GC(1289) Concurrent Preclean 0.124ms
[4468.605s][info][gc,start       ] GC(1289) Pause Remark
[4468.612s][info][gc             ] GC(1289) Pause Remark 2599M->2599M(4096M) 6.663ms
[4468.612s][info][gc,cpu         ] GC(1289) User=0.04s Sys=0.00s Real=0.00s
[4468.612s][info][gc,marking     ] GC(1289) Concurrent Mark 1060.264ms
[4468.612s][info][gc,marking     ] GC(1289) Concurrent Rebuild Remembered Sets and Scrub Regions
[4468.955s][info][gc,marking     ] GC(1289) Concurrent Rebuild Remembered Sets and Scrub Regions 342.982ms
[4468.958s][info][gc,start       ] GC(1289) Pause Cleanup
[4468.958s][info][gc             ] GC(1289) Pause Cleanup 2985M->2985M(4096M) 0.137ms
[4468.958s][info][gc,cpu         ] GC(1289) User=0.00s Sys=0.00s Real=0.00s
[4468.958s][info][gc,marking     ] GC(1289) Concurrent Clear Claimed Marks
[4468.958s][info][gc,marking     ] GC(1289) Concurrent Clear Claimed Marks 0.045ms
[4468.958s][info][gc,marking     ] GC(1289) Concurrent Cleanup for Next Mark
[4468.973s][info][gc,marking     ] GC(1289) Concurrent Cleanup for Next Mark 14.803ms
[4468.973s][info][gc             ] GC(1289) Concurrent Mark Cycle 1625.076ms
.[4469.631s][info][gc,start       ] GC(1290) Pause Young (Prepare Mixed) (G1 Evacuation Pause)
[4469.631s][info][gc,task        ] GC(1290) Using 6 workers of 6 for evacuation
[4469.750s][info][gc,phases      ] GC(1290)   Pre Evacuate Collection Set: 0.38ms
[4469.750s][info][gc,phases      ] GC(1290)   Merge Heap Roots: 0.56ms
[4469.750s][info][gc,phases      ] GC(1290)   Evacuate Collection Set: 117.33ms
[4469.750s][info][gc,phases      ] GC(1290)   Post Evacuate Collection Set: 0.96ms
[4469.750s][info][gc,phases      ] GC(1290)   Other: 0.10ms
[4469.750s][info][gc,heap        ] GC(1290) Eden regions: 1119->0(1102)
[4469.750s][info][gc,heap        ] GC(1290) Survivor regions: 109->111(154)
[4469.750s][info][gc,heap        ] GC(1290) Old regions: 510->541
[4469.750s][info][gc,heap        ] GC(1290) Humongous regions: 80->80
[4469.750s][info][gc,metaspace   ] GC(1290) Metaspace: 28893K(29312K)->28893K(29312K) NonClass: 24024K(24256K)->24024K(24256K) Class: 4868K(5056K)->4868K(5056K)
[4469.750s][info][gc             ] GC(1290) Pause Young (Prepare Mixed) (G1 Evacuation Pause) 3635M->1463M(4096M) 119.478ms
[4469.750s][info][gc,cpu         ] GC(1290) User=0.71s Sys=0.00s Real=0.12s
..[4471.879s][info][gc,start       ] GC(1291) Pause Young (Mixed) (G1 Evacuation Pause)
[4471.879s][info][gc,task        ] GC(1291) Using 6 workers of 6 for evacuation
[4472.011s][info][gc,phases      ] GC(1291)   Pre Evacuate Collection Set: 0.37ms
[4472.012s][info][gc,phases      ] GC(1291)   Merge Heap Roots: 0.71ms
[4472.012s][info][gc,phases      ] GC(1291)   Evacuate Collection Set: 130.76ms
[4472.012s][info][gc,phases      ] GC(1291)   Post Evacuate Collection Set: 0.94ms
[4472.012s][info][gc,phases      ] GC(1291)   Other: 0.09ms
[4472.012s][info][gc,heap        ] GC(1291) Eden regions: 1102->0(1119)
[4472.012s][info][gc,heap        ] GC(1291) Survivor regions: 111->109(152)
[4472.012s][info][gc,heap        ] GC(1291) Old regions: 541->479
[4472.012s][info][gc,heap        ] GC(1291) Humongous regions: 80->80
[4472.012s][info][gc,metaspace   ] GC(1291) Metaspace: 28893K(29312K)->28893K(29312K) NonClass: 24024K(24256K)->24024K(24256K) Class: 4868K(5056K)->4868K(5056K)
[4472.012s][info][gc             ] GC(1291) Pause Young (Mixed) (G1 Evacuation Pause) 3667M->1333M(4096M) 133.002ms
[4472.012s][info][gc,cpu         ] GC(1291) User=0.79s Sys=0.00s Real=0.13s
..[4474.296s][info][gc,start       ] GC(1292) Pause Young (Concurrent Start) (G1 Evacuation Pause)
[4474.296s][info][gc,task        ] GC(1292) Using 6 workers of 6 for evacuation
[4474.416s][info][gc,phases      ] GC(1292)   Pre Evacuate Collection Set: 0.37ms
[4474.416s][info][gc,phases      ] GC(1292)   Merge Heap Roots: 0.46ms
[4474.416s][info][gc,phases      ] GC(1292)   Evacuate Collection Set: 119.04ms
[4474.416s][info][gc,phases      ] GC(1292)   Post Evacuate Collection Set: 0.90ms
[4474.416s][info][gc,phases      ] GC(1292)   Other: 0.09ms
[4474.416s][info][gc,heap        ] GC(1292) Eden regions: 1119->0(1116)
[4474.416s][info][gc,heap        ] GC(1292) Survivor regions: 109->112(154)
[4474.417s][info][gc,heap        ] GC(1292) Old regions: 479->511
[4474.417s][info][gc,heap        ] GC(1292) Humongous regions: 80->80
[4474.417s][info][gc,metaspace   ] GC(1292) Metaspace: 28893K(29312K)->28893K(29312K) NonClass: 24024K(24256K)->24024K(24256K) Class: 4868K(5056K)->4868K(5056K)
[4474.417s][info][gc             ] GC(1292) Pause Young (Concurrent Start) (G1 Evacuation Pause) 3571M->1404M(4096M) 121.004ms
[4474.417s][info][gc             ] GC(1293) Concurrent Mark Cycle
[4474.417s][info][gc,marking     ] GC(1293) Concurrent Scan Root Regions
[4474.417s][info][gc,cpu         ] GC(1292) User=0.71s Sys=0.01s Real=0.12s
[4474.602s][info][gc,marking     ] GC(1293) Concurrent Scan Root Regions 185.872ms
[4474.603s][info][gc,marking     ] GC(1293) Concurrent Mark
[4474.603s][info][gc,marking     ] GC(1293) Concurrent Mark From Roots
[4474.603s][info][gc,task        ] GC(1293) Using 2 workers of 2 for marking
.[4475.605s][info][gc,marking     ] GC(1293) Concurrent Mark From Roots 1002.267ms
[4475.605s][info][gc,marking     ] GC(1293) Concurrent Preclean
[4475.605s][info][gc,marking     ] GC(1293) Concurrent Preclean 0.097ms
[4475.607s][info][gc,start       ] GC(1293) Pause Remark
[4475.613s][info][gc             ] GC(1293) Pause Remark 2492M->2492M(4096M) 5.609ms
[4475.613s][info][gc,cpu         ] GC(1293) User=0.03s Sys=0.00s Real=0.00s
[4475.613s][info][gc,marking     ] GC(1293) Concurrent Mark 1010.271ms
[4475.613s][info][gc,marking     ] GC(1293) Concurrent Rebuild Remembered Sets and Scrub Regions
.[4475.916s][info][gc,marking     ] GC(1293) Concurrent Rebuild Remembered Sets and Scrub Regions 302.988ms
[4475.919s][info][gc,start       ] GC(1293) Pause Cleanup
[4475.919s][info][gc             ] GC(1293) Pause Cleanup 2812M->2812M(4096M) 0.143ms
[4475.919s][info][gc,cpu         ] GC(1293) User=0.00s Sys=0.00s Real=0.00s
[4475.919s][info][gc,marking     ] GC(1293) Concurrent Clear Claimed Marks
[4475.919s][info][gc,marking     ] GC(1293) Concurrent Clear Claimed Marks 0.031ms
[4475.919s][info][gc,marking     ] GC(1293) Concurrent Cleanup for Next Mark
[4475.924s][info][gc,marking     ] GC(1293) Concurrent Cleanup for Next Mark 4.682ms
[4475.924s][info][gc             ] GC(1293) Concurrent Mark Cycle 1507.606ms
[4476.677s][info][gc,start       ] GC(1294) Pause Young (Prepare Mixed) (G1 Evacuation Pause)
[4476.677s][info][gc,task        ] GC(1294) Using 6 workers of 6 for evacuation
[4476.797s][info][gc,phases      ] GC(1294)   Pre Evacuate Collection Set: 0.34ms
[4476.797s][info][gc,phases      ] GC(1294)   Merge Heap Roots: 0.49ms
[4476.797s][info][gc,phases      ] GC(1294)   Evacuate Collection Set: 117.99ms
[4476.797s][info][gc,phases      ] GC(1294)   Post Evacuate Collection Set: 0.94ms
[4476.797s][info][gc,phases      ] GC(1294)   Other: 0.10ms
[4476.797s][info][gc,heap        ] GC(1294) Eden regions: 1116->0(1096)
[4476.797s][info][gc,heap        ] GC(1294) Survivor regions: 112->114(154)
[4476.797s][info][gc,heap        ] GC(1294) Old regions: 511->541
[4476.797s][info][gc,heap        ] GC(1294) Humongous regions: 80->80
[4476.797s][info][gc,metaspace   ] GC(1294) Metaspace: 28893K(29312K)->28893K(29312K) NonClass: 24024K(24256K)->24024K(24256K) Class: 4868K(5056K)->4868K(5056K)
[4476.797s][info][gc             ] GC(1294) Pause Young (Prepare Mixed) (G1 Evacuation Pause) 3636M->1469M(4096M) 119.991ms
[4476.797s][info][gc,cpu         ] GC(1294) User=0.71s Sys=0.00s Real=0.12s
..[4478.988s][info][gc,start       ] GC(1295) Pause Young (Mixed) (G1 Evacuation Pause)
[4478.988s][info][gc,task        ] GC(1295) Using 6 workers of 6 for evacuation
[4479.129s][info][gc,phases      ] GC(1295)   Pre Evacuate Collection Set: 0.38ms
[4479.129s][info][gc,phases      ] GC(1295)   Merge Heap Roots: 0.67ms
[4479.129s][info][gc,phases      ] GC(1295)   Evacuate Collection Set: 138.87ms
[4479.129s][info][gc,phases      ] GC(1295)   Post Evacuate Collection Set: 0.95ms
[4479.129s][info][gc,phases      ] GC(1295)   Other: 0.09ms
[4479.129s][info][gc,heap        ] GC(1295) Eden regions: 1096->0(1113)
[4479.129s][info][gc,heap        ] GC(1295) Survivor regions: 114->115(152)
[4479.129s][info][gc,heap        ] GC(1295) Old regions: 541->477
[4479.129s][info][gc,heap        ] GC(1295) Humongous regions: 80->80
[4479.129s][info][gc,metaspace   ] GC(1295) Metaspace: 28893K(29312K)->28893K(29312K) NonClass: 24024K(24256K)->24024K(24256K) Class: 4868K(5056K)->4868K(5056K)
[4479.129s][info][gc             ] GC(1295) Pause Young (Mixed) (G1 Evacuation Pause) 3661M->1342M(4096M) 141.109ms
[4479.129s][info][gc,cpu         ] GC(1295) User=0.84s Sys=0.00s Real=0.14s
...[4481.302s][info][gc,start       ] GC(1296) Pause Young (Concurrent Start) (G1 Evacuation Pause)
[4481.302s][info][gc,task        ] GC(1296) Using 6 workers of 6 for evacuation
[4481.421s][info][gc,phases      ] GC(1296)   Pre Evacuate Collection Set: 0.39ms
[4481.421s][info][gc,phases      ] GC(1296)   Merge Heap Roots: 0.45ms
[4481.421s][info][gc,phases      ] GC(1296)   Evacuate Collection Set: 117.21ms
[4481.421s][info][gc,phases      ] GC(1296)   Post Evacuate Collection Set: 0.90ms
[4481.421s][info][gc,phases      ] GC(1296)   Other: 0.10ms
[4481.421s][info][gc,heap        ] GC(1296) Eden regions: 1113->0(1119)
[4481.421s][info][gc,heap        ] GC(1296) Survivor regions: 115->109(154)
[4481.422s][info][gc,heap        ] GC(1296) Old regions: 477->510
[4481.422s][info][gc,heap        ] GC(1296) Humongous regions: 80->80
[4481.422s][info][gc,metaspace   ] GC(1296) Metaspace: 28893K(29312K)->28893K(29312K) NonClass: 24024K(24256K)->24024K(24256K) Class: 4868K(5056K)->4868K(5056K)
[4481.422s][info][gc             ] GC(1296) Pause Young (Concurrent Start) (G1 Evacuation Pause) 3568M->1396M(4096M) 119.184ms
[4481.422s][info][gc             ] GC(1297) Concurrent Mark Cycle
[4481.422s][info][gc,marking     ] GC(1297) Concurrent Scan Root Regions
[4481.422s][info][gc,cpu         ] GC(1296) User=0.70s Sys=0.00s Real=0.12s
[4481.563s][info][gc,marking     ] GC(1297) Concurrent Scan Root Regions 141.596ms
[4481.563s][info][gc,marking     ] GC(1297) Concurrent Mark
[4481.563s][info][gc,marking     ] GC(1297) Concurrent Mark From Roots
[4481.563s][info][gc,task        ] GC(1297) Using 2 workers of 2 for marking
.[4482.317s][info][gc,marking     ] GC(1297) Concurrent Mark From Roots 753.413ms
[4482.317s][info][gc,marking     ] GC(1297) Concurrent Preclean
[4482.317s][info][gc,marking     ] GC(1297) Concurrent Preclean 0.084ms
[4482.317s][info][gc,start       ] GC(1297) Pause Remark
[4482.322s][info][gc             ] GC(1297) Pause Remark 2190M->2190M(4096M) 4.889ms
[4482.322s][info][gc,cpu         ] GC(1297) User=0.03s Sys=0.00s Real=0.00s
[4482.322s][info][gc,marking     ] GC(1297) Concurrent Mark 758.864ms
[4482.322s][info][gc,marking     ] GC(1297) Concurrent Rebuild Remembered Sets and Scrub Regions
[4482.649s][info][gc,marking     ] GC(1297) Concurrent Rebuild Remembered Sets and Scrub Regions 327.168ms
[4482.650s][info][gc,start       ] GC(1297) Pause Cleanup
[4482.650s][info][gc             ] GC(1297) Pause Cleanup 2498M->2498M(4096M) 0.124ms
[4482.650s][info][gc,cpu         ] GC(1297) User=0.00s Sys=0.00s Real=0.00s
[4482.651s][info][gc,marking     ] GC(1297) Concurrent Clear Claimed Marks
[4482.651s][info][gc,marking     ] GC(1297) Concurrent Clear Claimed Marks 0.033ms
[4482.651s][info][gc,marking     ] GC(1297) Concurrent Cleanup for Next Mark
[4482.657s][info][gc,marking     ] GC(1297) Concurrent Cleanup for Next Mark 5.532ms
[4482.657s][info][gc             ] GC(1297) Concurrent Mark Cycle 1235.063ms
.[4483.676s][info][gc,start       ] GC(1298) Pause Young (Prepare Mixed) (G1 Evacuation Pause)
[4483.676s][info][gc,task        ] GC(1298) Using 6 workers of 6 for evacuation
[4483.794s][info][gc,phases      ] GC(1298)   Pre Evacuate Collection Set: 0.35ms
[4483.794s][info][gc,phases      ] GC(1298)   Merge Heap Roots: 0.51ms
[4483.794s][info][gc,phases      ] GC(1298)   Evacuate Collection Set: 115.84ms
[4483.794s][info][gc,phases      ] GC(1298)   Post Evacuate Collection Set: 0.94ms
[4483.794s][info][gc,phases      ] GC(1298)   Other: 0.09ms
[4483.794s][info][gc,heap        ] GC(1298) Eden regions: 1119->0(1105)
[4483.794s][info][gc,heap        ] GC(1298) Survivor regions: 109->110(154)
[4483.794s][info][gc,heap        ] GC(1298) Old regions: 510->540
[4483.794s][info][gc,heap        ] GC(1298) Humongous regions: 80->80
[4483.794s][info][gc,metaspace   ] GC(1298) Metaspace: 28893K(29312K)->28893K(29312K) NonClass: 24024K(24256K)->24024K(24256K) Class: 4868K(5056K)->4868K(5056K)
[4483.794s][info][gc             ] GC(1298) Pause Young (Prepare Mixed) (G1 Evacuation Pause) 3634M->1459M(4096M) 117.883ms
[4483.794s][info][gc,cpu         ] GC(1298) User=0.69s Sys=0.00s Real=0.12s
..[4486.044s][info][gc,start       ] GC(1299) Pause Young (Mixed) (G1 Evacuation Pause)
[4486.044s][info][gc,task        ] GC(1299) Using 6 workers of 6 for evacuation
[4486.172s][info][gc,phases      ] GC(1299)   Pre Evacuate Collection Set: 0.39ms
[4486.172s][info][gc,phases      ] GC(1299)   Merge Heap Roots: 0.61ms
[4486.172s][info][gc,phases      ] GC(1299)   Evacuate Collection Set: 126.12ms
[4486.172s][info][gc,phases      ] GC(1299)   Post Evacuate Collection Set: 0.97ms
[4486.172s][info][gc,phases      ] GC(1299)   Other: 0.09ms
[4486.172s][info][gc,heap        ] GC(1299) Eden regions: 1105->0(1120)
[4486.172s][info][gc,heap        ] GC(1299) Survivor regions: 110->108(152)
[4486.172s][info][gc,heap        ] GC(1299) Old regions: 540->476
[4486.172s][info][gc,heap        ] GC(1299) Humongous regions: 80->80
[4486.172s][info][gc,metaspace   ] GC(1299) Metaspace: 28893K(29312K)->28893K(29312K) NonClass: 24024K(24256K)->24024K(24256K) Class: 4868K(5056K)->4868K(5056K)
[4486.172s][info][gc             ] GC(1299) Pause Young (Mixed) (G1 Evacuation Pause) 3669M->1325M(4096M) 128.298ms
[4486.172s][info][gc,cpu         ] GC(1299) User=0.75s Sys=0.00s Real=0.12s
...[4488.417s][info][gc,start       ] GC(1300) Pause Young (Concurrent Start) (G1 Evacuation Pause)
[4488.417s][info][gc,task        ] GC(1300) Using 6 workers of 6 for evacuation
[4488.533s][info][gc,phases      ] GC(1300)   Pre Evacuate Collection Set: 0.41ms
[4488.533s][info][gc,phases      ] GC(1300)   Merge Heap Roots: 0.44ms
[4488.533s][info][gc,phases      ] GC(1300)   Evacuate Collection Set: 114.12ms
[4488.533s][info][gc,phases      ] GC(1300)   Post Evacuate Collection Set: 0.90ms
[4488.533s][info][gc,phases      ] GC(1300)   Other: 0.12ms
[4488.533s][info][gc,heap        ] GC(1300) Eden regions: 1120->0(1119)
[4488.533s][info][gc,heap        ] GC(1300) Survivor regions: 108->109(154)
[4488.533s][info][gc,heap        ] GC(1300) Old regions: 476->508
[4488.533s][info][gc,heap        ] GC(1300) Humongous regions: 80->80
[4488.533s][info][gc,metaspace   ] GC(1300) Metaspace: 28893K(29312K)->28893K(29312K) NonClass: 24024K(24256K)->24024K(24256K) Class: 4868K(5056K)->4868K(5056K)
[4488.533s][info][gc             ] GC(1300) Pause Young (Concurrent Start) (G1 Evacuation Pause) 3565M->1393M(4096M) 116.112ms
[4488.533s][info][gc             ] GC(1301) Concurrent Mark Cycle
[4488.533s][info][gc,marking     ] GC(1301) Concurrent Scan Root Regions
[4488.533s][info][gc,cpu         ] GC(1300) User=0.68s Sys=0.00s Real=0.11s
[4488.677s][info][gc,marking     ] GC(1301) Concurrent Scan Root Regions 144.239ms
[4488.678s][info][gc,marking     ] GC(1301) Concurrent Mark
[4488.678s][info][gc,marking     ] GC(1301) Concurrent Mark From Roots
[4488.678s][info][gc,task        ] GC(1301) Using 2 workers of 2 for marking
.[4489.513s][info][gc,marking     ] GC(1301) Concurrent Mark From Roots 835.331ms
[4489.513s][info][gc,marking     ] GC(1301) Concurrent Preclean
[4489.513s][info][gc,marking     ] GC(1301) Concurrent Preclean 0.100ms
[4489.514s][info][gc,start       ] GC(1301) Pause Remark
[4489.517s][info][gc             ] GC(1301) Pause Remark 2251M->2251M(4096M) 3.260ms
[4489.517s][info][gc,cpu         ] GC(1301) User=0.01s Sys=0.00s Real=0.00s
[4489.517s][info][gc,marking     ] GC(1301) Concurrent Mark 839.946ms
[4489.517s][info][gc,marking     ] GC(1301) Concurrent Rebuild Remembered Sets and Scrub Regions
[4489.795s][info][gc,marking     ] GC(1301) Concurrent Rebuild Remembered Sets and Scrub Regions 277.939ms
[4489.796s][info][gc,start       ] GC(1301) Pause Cleanup
[4489.796s][info][gc             ] GC(1301) Pause Cleanup 2523M->2523M(4096M) 0.122ms
[4489.796s][info][gc,cpu         ] GC(1301) User=0.00s Sys=0.00s Real=0.00s
[4489.796s][info][gc,marking     ] GC(1301) Concurrent Clear Claimed Marks
[4489.796s][info][gc,marking     ] GC(1301) Concurrent Clear Claimed Marks 0.021ms
[4489.796s][info][gc,marking     ] GC(1301) Concurrent Cleanup for Next Mark
[4489.801s][info][gc,marking     ] GC(1301) Concurrent Cleanup for Next Mark 4.757ms
[4489.801s][info][gc             ] GC(1301) Concurrent Mark Cycle 1267.408ms
.[4490.813s][info][gc,start       ] GC(1302) Pause Young (Prepare Mixed) (G1 Evacuation Pause)
[4490.813s][info][gc,task        ] GC(1302) Using 6 workers of 6 for evacuation
[4490.932s][info][gc,phases      ] GC(1302)   Pre Evacuate Collection Set: 0.33ms
[4490.932s][info][gc,phases      ] GC(1302)   Merge Heap Roots: 0.52ms
[4490.932s][info][gc,phases      ] GC(1302)   Evacuate Collection Set: 116.99ms
[4490.932s][info][gc,phases      ] GC(1302)   Post Evacuate Collection Set: 0.95ms
[4490.932s][info][gc,phases      ] GC(1302)   Other: 0.09ms
[4490.932s][info][gc,heap        ] GC(1302) Eden regions: 1119->0(1107)
[4490.932s][info][gc,heap        ] GC(1302) Survivor regions: 109->109(154)
[4490.932s][info][gc,heap        ] GC(1302) Old regions: 508->540
[4490.932s][info][gc,heap        ] GC(1302) Humongous regions: 80->80
[4490.932s][info][gc,metaspace   ] GC(1302) Metaspace: 28893K(29312K)->28893K(29312K) NonClass: 24024K(24256K)->24024K(24256K) Class: 4868K(5056K)->4868K(5056K)
[4490.932s][info][gc             ] GC(1302) Pause Young (Prepare Mixed) (G1 Evacuation Pause) 3631M->1456M(4096M) 119.004ms
[4490.932s][info][gc,cpu         ] GC(1302) User=0.70s Sys=0.00s Real=0.12s
..[4493.105s][info][gc,start       ] GC(1303) Pause Young (Mixed) (G1 Evacuation Pause)
[4493.105s][info][gc,task        ] GC(1303) Using 6 workers of 6 for evacuation
[4493.242s][info][gc,phases      ] GC(1303)   Pre Evacuate Collection Set: 0.37ms
[4493.242s][info][gc,phases      ] GC(1303)   Merge Heap Roots: 0.75ms
[4493.242s][info][gc,phases      ] GC(1303)   Evacuate Collection Set: 134.97ms
[4493.242s][info][gc,phases      ] GC(1303)   Post Evacuate Collection Set: 1.04ms
[4493.242s][info][gc,phases      ] GC(1303)   Other: 0.09ms
[4493.242s][info][gc,heap        ] GC(1303) Eden regions: 1107->0(1115)
[4493.242s][info][gc,heap        ] GC(1303) Survivor regions: 109->113(152)
[4493.242s][info][gc,heap        ] GC(1303) Old regions: 540->477
[4493.242s][info][gc,heap        ] GC(1303) Humongous regions: 80->80
[4493.242s][info][gc,metaspace   ] GC(1303) Metaspace: 28893K(29312K)->28893K(29312K) NonClass: 24024K(24256K)->24024K(24256K) Class: 4868K(5056K)->4868K(5056K)
[4493.242s][info][gc             ] GC(1303) Pause Young (Mixed) (G1 Evacuation Pause) 3670M->1338M(4096M) 137.355ms
[4493.242s][info][gc,cpu         ] GC(1303) User=0.81s Sys=0.00s Real=0.13s
..[4495.474s][info][gc,start       ] GC(1304) Pause Young (Concurrent Start) (G1 Evacuation Pause)
[4495.474s][info][gc,task        ] GC(1304) Using 6 workers of 6 for evacuation
[4495.597s][info][gc,phases      ] GC(1304)   Pre Evacuate Collection Set: 0.37ms
[4495.597s][info][gc,phases      ] GC(1304)   Merge Heap Roots: 0.44ms
[4495.597s][info][gc,phases      ] GC(1304)   Evacuate Collection Set: 120.50ms
[4495.597s][info][gc,phases      ] GC(1304)   Post Evacuate Collection Set: 0.90ms
[4495.597s][info][gc,phases      ] GC(1304)   Other: 0.12ms
[4495.597s][info][gc,heap        ] GC(1304) Eden regions: 1115->0(1114)
[4495.597s][info][gc,heap        ] GC(1304) Survivor regions: 113->114(154)
[4495.597s][info][gc,heap        ] GC(1304) Old regions: 477->509
[4495.597s][info][gc,heap        ] GC(1304) Humongous regions: 80->80
[4495.597s][info][gc,metaspace   ] GC(1304) Metaspace: 28893K(29312K)->28893K(29312K) NonClass: 24024K(24256K)->24024K(24256K) Class: 4868K(5056K)->4868K(5056K)
[4495.597s][info][gc             ] GC(1304) Pause Young (Concurrent Start) (G1 Evacuation Pause) 3568M->1403M(4096M) 122.475ms
[4495.597s][info][gc             ] GC(1305) Concurrent Mark Cycle
[4495.597s][info][gc,marking     ] GC(1305) Concurrent Scan Root Regions
[4495.597s][info][gc,cpu         ] GC(1304) User=0.72s Sys=0.00s Real=0.12s
.[4495.744s][info][gc,marking     ] GC(1305) Concurrent Scan Root Regions 147.383ms
[4495.744s][info][gc,marking     ] GC(1305) Concurrent Mark
[4495.744s][info][gc,marking     ] GC(1305) Concurrent Mark From Roots
[4495.744s][info][gc,task        ] GC(1305) Using 2 workers of 2 for marking
[4496.485s][info][gc,marking     ] GC(1305) Concurrent Mark From Roots 740.978ms
[4496.485s][info][gc,marking     ] GC(1305) Concurrent Preclean
[4496.485s][info][gc,marking     ] GC(1305) Concurrent Preclean 0.096ms
[4496.489s][info][gc,start       ] GC(1305) Pause Remark
[4496.494s][info][gc             ] GC(1305) Pause Remark 2185M->2185M(4096M) 5.751ms
[4496.494s][info][gc,cpu         ] GC(1305) User=0.03s Sys=0.00s Real=0.01s
[4496.495s][info][gc,marking     ] GC(1305) Concurrent Mark 750.899ms
[4496.495s][info][gc,marking     ] GC(1305) Concurrent Rebuild Remembered Sets and Scrub Regions
[4496.716s][info][gc,marking     ] GC(1305) Concurrent Rebuild Remembered Sets and Scrub Regions 220.470ms
[4496.717s][info][gc,start       ] GC(1305) Pause Cleanup
[4496.718s][info][gc             ] GC(1305) Pause Cleanup 2387M->2387M(4096M) 0.136ms
[4496.718s][info][gc,cpu         ] GC(1305) User=0.00s Sys=0.00s Real=0.00s
[4496.718s][info][gc,marking     ] GC(1305) Concurrent Clear Claimed Marks
[4496.718s][info][gc,marking     ] GC(1305) Concurrent Clear Claimed Marks 0.030ms
[4496.718s][info][gc,marking     ] GC(1305) Concurrent Cleanup for Next Mark
[4496.723s][info][gc,marking     ] GC(1305) Concurrent Cleanup for Next Mark 5.248ms
[4496.723s][info][gc             ] GC(1305) Concurrent Mark Cycle 1126.301ms
..[4497.828s][info][gc,start       ] GC(1306) Pause Young (Prepare Mixed) (G1 Evacuation Pause)
[4497.828s][info][gc,task        ] GC(1306) Using 6 workers of 6 for evacuation
[4497.949s][info][gc,phases      ] GC(1306)   Pre Evacuate Collection Set: 0.32ms
[4497.949s][info][gc,phases      ] GC(1306)   Merge Heap Roots: 0.50ms
[4497.949s][info][gc,phases      ] GC(1306)   Evacuate Collection Set: 119.72ms
[4497.949s][info][gc,phases      ] GC(1306)   Post Evacuate Collection Set: 0.93ms
[4497.949s][info][gc,phases      ] GC(1306)   Other: 0.09ms
[4497.949s][info][gc,heap        ] GC(1306) Eden regions: 1114->0(1100)
[4497.949s][info][gc,heap        ] GC(1306) Survivor regions: 114->112(154)
[4497.949s][info][gc,heap        ] GC(1306) Old regions: 509->541
[4497.949s][info][gc,heap        ] GC(1306) Humongous regions: 80->80
[4497.949s][info][gc,metaspace   ] GC(1306) Metaspace: 28893K(29312K)->28893K(29312K) NonClass: 24024K(24256K)->24024K(24256K) Class: 4868K(5056K)->4868K(5056K)
[4497.949s][info][gc             ] GC(1306) Pause Young (Prepare Mixed) (G1 Evacuation Pause) 3631M->1463M(4096M) 121.684ms
[4497.949s][info][gc,cpu         ] GC(1306) User=0.72s Sys=0.00s Real=0.12s
..[4500.122s][info][gc,start       ] GC(1307) Pause Young (Mixed) (G1 Evacuation Pause)
[4500.122s][info][gc,task        ] GC(1307) Using 6 workers of 6 for evacuation
[4500.260s][info][gc,phases      ] GC(1307)   Pre Evacuate Collection Set: 0.37ms
[4500.260s][info][gc,phases      ] GC(1307)   Merge Heap Roots: 0.66ms
[4500.260s][info][gc,phases      ] GC(1307)   Evacuate Collection Set: 135.63ms
[4500.260s][info][gc,phases      ] GC(1307)   Post Evacuate Collection Set: 0.98ms
[4500.260s][info][gc,phases      ] GC(1307)   Other: 0.08ms
[4500.260s][info][gc,heap        ] GC(1307) Eden regions: 1100->0(1116)
[4500.260s][info][gc,heap        ] GC(1307) Survivor regions: 112->112(152)
[4500.260s][info][gc,heap        ] GC(1307) Old regions: 541->478
[4500.260s][info][gc,heap        ] GC(1307) Humongous regions: 80->80
[4500.260s][info][gc,metaspace   ] GC(1307) Metaspace: 28893K(29312K)->28893K(29312K) NonClass: 24024K(24256K)->24024K(24256K) Class: 4868K(5056K)->4868K(5056K)
[4500.260s][info][gc             ] GC(1307) Pause Young (Mixed) (G1 Evacuation Pause) 3663M->1337M(4096M) 137.868ms
[4500.260s][info][gc,cpu         ] GC(1307) User=0.82s Sys=0.01s Real=0.14s
..[4502.430s][info][gc,start       ] GC(1308) Pause Young (Concurrent Start) (G1 Evacuation Pause)
[4502.430s][info][gc,task        ] GC(1308) Using 6 workers of 6 for evacuation
[4502.549s][info][gc,phases      ] GC(1308)   Pre Evacuate Collection Set: 0.39ms
[4502.549s][info][gc,phases      ] GC(1308)   Merge Heap Roots: 0.45ms
[4502.549s][info][gc,phases      ] GC(1308)   Evacuate Collection Set: 116.75ms
[4502.549s][info][gc,phases      ] GC(1308)   Post Evacuate Collection Set: 0.88ms
[4502.549s][info][gc,phases      ] GC(1308)   Other: 0.10ms
[4502.549s][info][gc,heap        ] GC(1308) Eden regions: 1116->0(1119)
[4502.549s][info][gc,heap        ] GC(1308) Survivor regions: 112->109(154)
[4502.549s][info][gc,heap        ] GC(1308) Old regions: 478->509
[4502.549s][info][gc,heap        ] GC(1308) Humongous regions: 80->80
[4502.549s][info][gc,metaspace   ] GC(1308) Metaspace: 28893K(29312K)->28893K(29312K) NonClass: 24024K(24256K)->24024K(24256K) Class: 4868K(5056K)->4868K(5056K)
[4502.549s][info][gc             ] GC(1308) Pause Young (Concurrent Start) (G1 Evacuation Pause) 3569M->1394M(4096M) 118.704ms
[4502.549s][info][gc             ] GC(1309) Concurrent Mark Cycle
[4502.549s][info][gc,marking     ] GC(1309) Concurrent Scan Root Regions
[4502.549s][info][gc,cpu         ] GC(1308) User=0.70s Sys=0.00s Real=0.12s
.[4502.737s][info][gc,marking     ] GC(1309) Concurrent Scan Root Regions 187.869ms
[4502.739s][info][gc,marking     ] GC(1309) Concurrent Mark
[4502.739s][info][gc,marking     ] GC(1309) Concurrent Mark From Roots
[4502.739s][info][gc,task        ] GC(1309) Using 2 workers of 2 for marking
[4503.739s][info][gc,marking     ] GC(1309) Concurrent Mark From Roots 1000.672ms
[4503.739s][info][gc,marking     ] GC(1309) Concurrent Preclean
[4503.739s][info][gc,marking     ] GC(1309) Concurrent Preclean 0.096ms
[4503.742s][info][gc,start       ] GC(1309) Pause Remark
[4503.748s][info][gc             ] GC(1309) Pause Remark 2542M->2542M(4096M) 6.830ms
[4503.749s][info][gc,cpu         ] GC(1309) User=0.04s Sys=0.00s Real=0.01s
[4503.749s][info][gc,marking     ] GC(1309) Concurrent Mark 1010.067ms
[4503.749s][info][gc,marking     ] GC(1309) Concurrent Rebuild Remembered Sets and Scrub Regions
.[4504.125s][info][gc,marking     ] GC(1309) Concurrent Rebuild Remembered Sets and Scrub Regions 376.841ms
[4504.126s][info][gc,start       ] GC(1309) Pause Cleanup
[4504.126s][info][gc             ] GC(1309) Pause Cleanup 2943M->2943M(4096M) 0.119ms
[4504.126s][info][gc,cpu         ] GC(1309) User=0.00s Sys=0.00s Real=0.00s
[4504.128s][info][gc,marking     ] GC(1309) Concurrent Clear Claimed Marks
[4504.128s][info][gc,marking     ] GC(1309) Concurrent Clear Claimed Marks 0.055ms
[4504.128s][info][gc,marking     ] GC(1309) Concurrent Cleanup for Next Mark
[4504.141s][info][gc,marking     ] GC(1309) Concurrent Cleanup for Next Mark 12.662ms
[4504.141s][info][gc             ] GC(1309) Concurrent Mark Cycle 1591.670ms
.[4504.827s][info][gc,start       ] GC(1310) Pause Young (Prepare Mixed) (G1 Evacuation Pause)
[4504.827s][info][gc,task        ] GC(1310) Using 6 workers of 6 for evacuation
[4504.945s][info][gc,phases      ] GC(1310)   Pre Evacuate Collection Set: 0.34ms
[4504.945s][info][gc,phases      ] GC(1310)   Merge Heap Roots: 0.58ms
[4504.945s][info][gc,phases      ] GC(1310)   Evacuate Collection Set: 116.17ms
[4504.945s][info][gc,phases      ] GC(1310)   Post Evacuate Collection Set: 1.02ms
[4504.945s][info][gc,phases      ] GC(1310)   Other: 0.09ms
[4504.945s][info][gc,heap        ] GC(1310) Eden regions: 1119->0(1108)
[4504.945s][info][gc,heap        ] GC(1310) Survivor regions: 109->108(154)
[4504.945s][info][gc,heap        ] GC(1310) Old regions: 509->541
[4504.945s][info][gc,heap        ] GC(1310) Humongous regions: 80->80
[4504.945s][info][gc,metaspace   ] GC(1310) Metaspace: 28893K(29312K)->28893K(29312K) NonClass: 24024K(24256K)->24024K(24256K) Class: 4868K(5056K)->4868K(5056K)
[4504.945s][info][gc             ] GC(1310) Pause Young (Prepare Mixed) (G1 Evacuation Pause) 3632M->1456M(4096M) 118.348ms
[4504.945s][info][gc,cpu         ] GC(1310) User=0.70s Sys=0.00s Real=0.12s
. (rIR:aIR:PR = 8025:7966:7967) (tPR = 117898) [OK] 
  4505s: Performance info:
         Transaction,    Success,    Partial,     Failed,   Receipts, AvgBarcode, 
             Overall,     484497,          0,          0,     460177,      59.48, 
         Response times:
             Request,    Success,    Partial,     Failed,   SkipFail,     Probes,    Samples,      min,      p50,      p90,      p95,      p99,      max, 
       TotalPurchase,     460073,          0,          0,          0,     356054,     440308,      300,     7000,   104000,   144000,   211000,   573000,
     InStorePurchase,     241868,          0,          0,          0,     187362,     231704,      300,     7000,   103000,   144000,   213000,   485000,
      OnlinePurchase,     169021,          0,          0,          0,     131221,     162432,      300,     6900,   105000,   143000,   207000,   477000,
        InstPurchase,      49184,          0,          0,          0,      37471,      46172,      400,     7000,   103000,   145000,   209000,   573000,
          AssocOfCat,        493,          0,          0,          0,        403,        564,    28000,    50000,   175000,   212500,   272400,   324000,
      AssocOfProduct,       4893,          0,          0,          0,       3341,       4337,     1100,     8400,   114000,   155000,   232000,   416000,
      BusinessReport,       1220,          0,          0,          0,       1057,       1377,    28000,    54000,   184000,   216100,   275880,   343000,
          CustBuyBeh,       4861,          0,          0,          0,       3366,       4365,      200,     6600,    98400,   140000,   200680,   318000,
       ProductReturn,      12848,          0,          0,          0,       9888,      12556,      300,     6400,   103000,   141000,   207000,   328000,

  4505s: (59%)   IR =   8164 .[4507.176s][info][gc,start       ] GC(1311) Pause Young (Mixed) (G1 Evacuation Pause)
[4507.176s][info][gc,task        ] GC(1311) Using 6 workers of 6 for evacuation
[4507.313s][info][gc,phases      ] GC(1311)   Pre Evacuate Collection Set: 0.39ms
[4507.313s][info][gc,phases      ] GC(1311)   Merge Heap Roots: 0.76ms
[4507.313s][info][gc,phases      ] GC(1311)   Evacuate Collection Set: 135.03ms
[4507.313s][info][gc,phases      ] GC(1311)   Post Evacuate Collection Set: 1.04ms
[4507.313s][info][gc,phases      ] GC(1311)   Other: 0.09ms
[4507.313s][info][gc,heap        ] GC(1311) Eden regions: 1108->0(1117)
[4507.313s][info][gc,heap        ] GC(1311) Survivor regions: 108->111(152)
[4507.313s][info][gc,heap        ] GC(1311) Old regions: 541->476
[4507.313s][info][gc,heap        ] GC(1311) Humongous regions: 80->80
[4507.313s][info][gc,metaspace   ] GC(1311) Metaspace: 28894K(29312K)->28894K(29312K) NonClass: 24026K(24256K)->24026K(24256K) Class: 4868K(5056K)->4868K(5056K)
[4507.313s][info][gc             ] GC(1311) Pause Young (Mixed) (G1 Evacuation Pause) 3672M->1332M(4096M) 137.451ms
[4507.313s][info][gc,cpu         ] GC(1311) User=0.81s Sys=0.00s Real=0.13s
..[4509.518s][info][gc,start       ] GC(1312) Pause Young (Concurrent Start) (G1 Evacuation Pause)
[4509.518s][info][gc,task        ] GC(1312) Using 6 workers of 6 for evacuation
[4509.640s][info][gc,phases      ] GC(1312)   Pre Evacuate Collection Set: 0.35ms
[4509.640s][info][gc,phases      ] GC(1312)   Merge Heap Roots: 0.47ms
[4509.640s][info][gc,phases      ] GC(1312)   Evacuate Collection Set: 120.82ms
[4509.640s][info][gc,phases      ] GC(1312)   Post Evacuate Collection Set: 0.90ms
[4509.640s][info][gc,phases      ] GC(1312)   Other: 0.10ms
[4509.640s][info][gc,heap        ] GC(1312) Eden regions: 1117->0(1113)
[4509.640s][info][gc,heap        ] GC(1312) Survivor regions: 111->115(154)
[4509.640s][info][gc,heap        ] GC(1312) Old regions: 476->507
[4509.640s][info][gc,heap        ] GC(1312) Humongous regions: 80->80
[4509.640s][info][gc,metaspace   ] GC(1312) Metaspace: 28894K(29312K)->28894K(29312K) NonClass: 24026K(24256K)->24026K(24256K) Class: 4868K(5056K)->4868K(5056K)
[4509.640s][info][gc             ] GC(1312) Pause Young (Concurrent Start) (G1 Evacuation Pause) 3566M->1403M(4096M) 122.795ms
[4509.640s][info][gc             ] GC(1313) Concurrent Mark Cycle
[4509.640s][info][gc,marking     ] GC(1313) Concurrent Scan Root Regions
[4509.640s][info][gc,cpu         ] GC(1312) User=0.72s Sys=0.00s Real=0.12s
[4509.853s][info][gc,marking     ] GC(1313) Concurrent Scan Root Regions 212.184ms
[4509.853s][info][gc,marking     ] GC(1313) Concurrent Mark
[4509.853s][info][gc,marking     ] GC(1313) Concurrent Mark From Roots
[4509.853s][info][gc,task        ] GC(1313) Using 2 workers of 2 for marking
.[4510.922s][info][gc,marking     ] GC(1313) Concurrent Mark From Roots 1069.284ms
[4510.922s][info][gc,marking     ] GC(1313) Concurrent Preclean
[4510.922s][info][gc,marking     ] GC(1313) Concurrent Preclean 0.123ms
[4510.922s][info][gc,start       ] GC(1313) Pause Remark
[4510.929s][info][gc             ] GC(1313) Pause Remark 2631M->2631M(4096M) 6.392ms
[4510.929s][info][gc,cpu         ] GC(1313) User=0.04s Sys=0.00s Real=0.01s
[4510.932s][info][gc,marking     ] GC(1313) Concurrent Mark 1079.001ms
[4510.932s][info][gc,marking     ] GC(1313) Concurrent Rebuild Remembered Sets and Scrub Regions
.[4511.308s][info][gc,marking     ] GC(1313) Concurrent Rebuild Remembered Sets and Scrub Regions 375.873ms
[4511.310s][info][gc,start       ] GC(1313) Pause Cleanup
[4511.310s][info][gc             ] GC(1313) Pause Cleanup 3081M->3081M(4096M) 0.138ms
[4511.310s][info][gc,cpu         ] GC(1313) User=0.00s Sys=0.00s Real=0.00s
[4511.311s][info][gc,marking     ] GC(1313) Concurrent Clear Claimed Marks
[4511.311s][info][gc,marking     ] GC(1313) Concurrent Clear Claimed Marks 0.033ms
[4511.311s][info][gc,marking     ] GC(1313) Concurrent Cleanup for Next Mark
[4511.322s][info][gc,marking     ] GC(1313) Concurrent Cleanup for Next Mark 11.656ms
[4511.322s][info][gc             ] GC(1313) Concurrent Mark Cycle 1681.952ms
[4511.804s][info][gc,start       ] GC(1314) Pause Young (Prepare Mixed) (G1 Evacuation Pause)
[4511.804s][info][gc,task        ] GC(1314) Using 6 workers of 6 for evacuation
[4511.922s][info][gc,phases      ] GC(1314)   Pre Evacuate Collection Set: 0.31ms
[4511.922s][info][gc,phases      ] GC(1314)   Merge Heap Roots: 0.51ms
[4511.922s][info][gc,phases      ] GC(1314)   Evacuate Collection Set: 116.11ms
[4511.922s][info][gc,phases      ] GC(1314)   Post Evacuate Collection Set: 0.92ms
[4511.922s][info][gc,phases      ] GC(1314)   Other: 0.08ms
[4511.922s][info][gc,heap        ] GC(1314) Eden regions: 1113->0(1108)
[4511.922s][info][gc,heap        ] GC(1314) Survivor regions: 115->109(154)
[4511.922s][info][gc,heap        ] GC(1314) Old regions: 507->539
[4511.922s][info][gc,heap        ] GC(1314) Humongous regions: 80->80
[4511.922s][info][gc,metaspace   ] GC(1314) Metaspace: 28894K(29312K)->28894K(29312K) NonClass: 24026K(24256K)->24026K(24256K) Class: 4868K(5056K)->4868K(5056K)
[4511.922s][info][gc             ] GC(1314) Pause Young (Prepare Mixed) (G1 Evacuation Pause) 3629M->1455M(4096M) 118.067ms
[4511.922s][info][gc,cpu         ] GC(1314) User=0.69s Sys=0.00s Real=0.11s
...[4514.117s][info][gc,start       ] GC(1315) Pause Young (Mixed) (G1 Evacuation Pause)
[4514.118s][info][gc,task        ] GC(1315) Using 6 workers of 6 for evacuation
[4514.247s][info][gc,phases      ] GC(1315)   Pre Evacuate Collection Set: 0.40ms
[4514.247s][info][gc,phases      ] GC(1315)   Merge Heap Roots: 0.62ms
[4514.247s][info][gc,phases      ] GC(1315)   Evacuate Collection Set: 127.51ms
[4514.247s][info][gc,phases      ] GC(1315)   Post Evacuate Collection Set: 0.96ms
[4514.247s][info][gc,phases      ] GC(1315)   Other: 0.09ms
[4514.247s][info][gc,heap        ] GC(1315) Eden regions: 1108->0(1121)
[4514.247s][info][gc,heap        ] GC(1315) Survivor regions: 109->107(153)
[4514.247s][info][gc,heap        ] GC(1315) Old regions: 539->477
[4514.247s][info][gc,heap        ] GC(1315) Humongous regions: 80->80
[4514.247s][info][gc,metaspace   ] GC(1315) Metaspace: 28894K(29312K)->28894K(29312K) NonClass: 24026K(24256K)->24026K(24256K) Class: 4868K(5056K)->4868K(5056K)
[4514.247s][info][gc             ] GC(1315) Pause Young (Mixed) (G1 Evacuation Pause) 3671M->1327M(4096M) 129.720ms
[4514.247s][info][gc,cpu         ] GC(1315) User=0.77s Sys=0.00s Real=0.13s
..[4516.486s][info][gc,start       ] GC(1316) Pause Young (Concurrent Start) (G1 Evacuation Pause)
[4516.486s][info][gc,task        ] GC(1316) Using 6 workers of 6 for evacuation
[4516.606s][info][gc,phases      ] GC(1316)   Pre Evacuate Collection Set: 0.35ms
[4516.606s][info][gc,phases      ] GC(1316)   Merge Heap Roots: 0.46ms
[4516.606s][info][gc,phases      ] GC(1316)   Evacuate Collection Set: 117.39ms
[4516.606s][info][gc,phases      ] GC(1316)   Post Evacuate Collection Set: 0.90ms
[4516.606s][info][gc,phases      ] GC(1316)   Other: 0.12ms
[4516.606s][info][gc,heap        ] GC(1316) Eden regions: 1121->0(1118)
[4516.606s][info][gc,heap        ] GC(1316) Survivor regions: 107->110(154)
[4516.606s][info][gc,heap        ] GC(1316) Old regions: 477->508
[4516.606s][info][gc,heap        ] GC(1316) Humongous regions: 80->80
[4516.606s][info][gc,metaspace   ] GC(1316) Metaspace: 28894K(29312K)->28894K(29312K) NonClass: 24026K(24256K)->24026K(24256K) Class: 4868K(5056K)->4868K(5056K)
[4516.606s][info][gc             ] GC(1316) Pause Young (Concurrent Start) (G1 Evacuation Pause) 3569M->1394M(4096M) 119.342ms
[4516.606s][info][gc             ] GC(1317) Concurrent Mark Cycle
[4516.606s][info][gc,marking     ] GC(1317) Concurrent Scan Root Regions
[4516.606s][info][gc,cpu         ] GC(1316) User=0.70s Sys=0.01s Real=0.12s
[4516.787s][info][gc,marking     ] GC(1317) Concurrent Scan Root Regions 181.440ms
[4516.787s][info][gc,marking     ] GC(1317) Concurrent Mark
[4516.787s][info][gc,marking     ] GC(1317) Concurrent Mark From Roots
[4516.787s][info][gc,task        ] GC(1317) Using 2 workers of 2 for marking
.[4517.774s][info][gc,marking     ] GC(1317) Concurrent Mark From Roots 986.939ms
[4517.774s][info][gc,marking     ] GC(1317) Concurrent Preclean
[4517.774s][info][gc,marking     ] GC(1317) Concurrent Preclean 0.096ms
[4517.776s][info][gc,start       ] GC(1317) Pause Remark
[4517.782s][info][gc             ] GC(1317) Pause Remark 2422M->2422M(4096M) 5.594ms
[4517.782s][info][gc,cpu         ] GC(1317) User=0.03s Sys=0.00s Real=0.00s
[4517.782s][info][gc,marking     ] GC(1317) Concurrent Mark 994.896ms
[4517.782s][info][gc,marking     ] GC(1317) Concurrent Rebuild Remembered Sets and Scrub Regions
.[4518.177s][info][gc,marking     ] GC(1317) Concurrent Rebuild Remembered Sets and Scrub Regions 395.274ms
[4518.178s][info][gc,start       ] GC(1317) Pause Cleanup
[4518.178s][info][gc             ] GC(1317) Pause Cleanup 2893M->2893M(4096M) 0.118ms
[4518.178s][info][gc,cpu         ] GC(1317) User=0.00s Sys=0.00s Real=0.00s
[4518.178s][info][gc,marking     ] GC(1317) Concurrent Clear Claimed Marks
[4518.178s][info][gc,marking     ] GC(1317) Concurrent Clear Claimed Marks 0.037ms
[4518.178s][info][gc,marking     ] GC(1317) Concurrent Cleanup for Next Mark
[4518.183s][info][gc,marking     ] GC(1317) Concurrent Cleanup for Next Mark 5.359ms
[4518.183s][info][gc             ] GC(1317) Concurrent Mark Cycle 1577.577ms
[4518.868s][info][gc,start       ] GC(1318) Pause Young (Prepare Mixed) (G1 Evacuation Pause)
[4518.868s][info][gc,task        ] GC(1318) Using 6 workers of 6 for evacuation
[4518.990s][info][gc,phases      ] GC(1318)   Pre Evacuate Collection Set: 0.31ms
[4518.990s][info][gc,phases      ] GC(1318)   Merge Heap Roots: 0.47ms
[4518.990s][info][gc,phases      ] GC(1318)   Evacuate Collection Set: 120.00ms
[4518.990s][info][gc,phases      ] GC(1318)   Post Evacuate Collection Set: 0.92ms
[4518.990s][info][gc,phases      ] GC(1318)   Other: 0.09ms
[4518.990s][info][gc,heap        ] GC(1318) Eden regions: 1118->0(1099)
[4518.990s][info][gc,heap        ] GC(1318) Survivor regions: 110->113(154)
[4518.990s][info][gc,heap        ] GC(1318) Old regions: 508->540
[4518.990s][info][gc,heap        ] GC(1318) Humongous regions: 80->80
[4518.990s][info][gc,metaspace   ] GC(1318) Metaspace: 28894K(29312K)->28894K(29312K) NonClass: 24026K(24256K)->24026K(24256K) Class: 4868K(5056K)->4868K(5056K)
[4518.990s][info][gc             ] GC(1318) Pause Young (Prepare Mixed) (G1 Evacuation Pause) 3629M->1463M(4096M) 121.926ms
[4518.990s][info][gc,cpu         ] GC(1318) User=0.72s Sys=0.00s Real=0.12s
..[4521.104s][info][gc,start       ] GC(1319) Pause Young (Mixed) (G1 Evacuation Pause)
[4521.104s][info][gc,task        ] GC(1319) Using 6 workers of 6 for evacuation
[4521.242s][info][gc,phases      ] GC(1319)   Pre Evacuate Collection Set: 0.39ms
[4521.242s][info][gc,phases      ] GC(1319)   Merge Heap Roots: 0.71ms
[4521.242s][info][gc,phases      ] GC(1319)   Evacuate Collection Set: 135.43ms
[4521.242s][info][gc,phases      ] GC(1319)   Post Evacuate Collection Set: 1.01ms
[4521.242s][info][gc,phases      ] GC(1319)   Other: 0.09ms
[4521.242s][info][gc,heap        ] GC(1319) Eden regions: 1099->0(1118)
[4521.242s][info][gc,heap        ] GC(1319) Survivor regions: 113->110(152)
[4521.242s][info][gc,heap        ] GC(1319) Old regions: 540->475
[4521.242s][info][gc,heap        ] GC(1319) Humongous regions: 80->80
[4521.242s][info][gc,metaspace   ] GC(1319) Metaspace: 28894K(29312K)->28894K(29312K) NonClass: 24026K(24256K)->24026K(24256K) Class: 4868K(5056K)->4868K(5056K)
[4521.242s][info][gc             ] GC(1319) Pause Young (Mixed) (G1 Evacuation Pause) 3661M->1329M(4096M) 137.765ms
[4521.242s][info][gc,cpu         ] GC(1319) User=0.82s Sys=0.00s Real=0.13s
...[4523.404s][info][gc,start       ] GC(1320) Pause Young (Concurrent Start) (G1 Evacuation Pause)
[4523.404s][info][gc,task        ] GC(1320) Using 6 workers of 6 for evacuation
[4523.526s][info][gc,phases      ] GC(1320)   Pre Evacuate Collection Set: 0.34ms
[4523.526s][info][gc,phases      ] GC(1320)   Merge Heap Roots: 0.48ms
[4523.526s][info][gc,phases      ] GC(1320)   Evacuate Collection Set: 120.16ms
[4523.526s][info][gc,phases      ] GC(1320)   Post Evacuate Collection Set: 0.75ms
[4523.526s][info][gc,phases      ] GC(1320)   Other: 0.13ms
[4523.526s][info][gc,heap        ] GC(1320) Eden regions: 1118->0(1114)
[4523.526s][info][gc,heap        ] GC(1320) Survivor regions: 110->114(154)
[4523.526s][info][gc,heap        ] GC(1320) Old regions: 475->506
[4523.526s][info][gc,heap        ] GC(1320) Humongous regions: 80->80
[4523.526s][info][gc,metaspace   ] GC(1320) Metaspace: 28894K(29312K)->28894K(29312K) NonClass: 24026K(24256K)->24026K(24256K) Class: 4868K(5056K)->4868K(5056K)
[4523.526s][info][gc             ] GC(1320) Pause Young (Concurrent Start) (G1 Evacuation Pause) 3565M->1398M(4096M) 122.023ms
[4523.526s][info][gc             ] GC(1321) Concurrent Mark Cycle
[4523.526s][info][gc,marking     ] GC(1321) Concurrent Scan Root Regions
[4523.526s][info][gc,cpu         ] GC(1320) User=0.72s Sys=0.00s Real=0.12s
[4523.713s][info][gc,marking     ] GC(1321) Concurrent Scan Root Regions 187.140ms
[4523.713s][info][gc,marking     ] GC(1321) Concurrent Mark
[4523.713s][info][gc,marking     ] GC(1321) Concurrent Mark From Roots
[4523.713s][info][gc,task        ] GC(1321) Using 2 workers of 2 for marking
.[4524.786s][info][gc,marking     ] GC(1321) Concurrent Mark From Roots 1072.548ms
[4524.786s][info][gc,marking     ] GC(1321) Concurrent Preclean
[4524.786s][info][gc,marking     ] GC(1321) Concurrent Preclean 0.106ms
[4524.788s][info][gc,start       ] GC(1321) Pause Remark
[4524.795s][info][gc             ] GC(1321) Pause Remark 2588M->2588M(4096M) 7.299ms
[4524.795s][info][gc,cpu         ] GC(1321) User=0.04s Sys=0.00s Real=0.01s
[4524.795s][info][gc,marking     ] GC(1321) Concurrent Mark 1082.182ms
[4524.795s][info][gc,marking     ] GC(1321) Concurrent Rebuild Remembered Sets and Scrub Regions
[4525.192s][info][gc,marking     ] GC(1321) Concurrent Rebuild Remembered Sets and Scrub Regions 397.011ms
[4525.193s][info][gc,start       ] GC(1321) Pause Cleanup
[4525.193s][info][gc             ] GC(1321) Pause Cleanup 3038M->3038M(4096M) 0.141ms
[4525.193s][info][gc,cpu         ] GC(1321) User=0.00s Sys=0.00s Real=0.00s
[4525.194s][info][gc,marking     ] GC(1321) Concurrent Clear Claimed Marks
[4525.194s][info][gc,marking     ] GC(1321) Concurrent Clear Claimed Marks 0.049ms
[4525.194s][info][gc,marking     ] GC(1321) Concurrent Cleanup for Next Mark
[4525.201s][info][gc,marking     ] GC(1321) Concurrent Cleanup for Next Mark 6.920ms
[4525.201s][info][gc             ] GC(1321) Concurrent Mark Cycle 1675.604ms
.[4525.767s][info][gc,start       ] GC(1322) Pause Young (Prepare Mixed) (G1 Evacuation Pause)
[4525.767s][info][gc,task        ] GC(1322) Using 6 workers of 6 for evacuation
[4525.886s][info][gc,phases      ] GC(1322)   Pre Evacuate Collection Set: 0.32ms
[4525.886s][info][gc,phases      ] GC(1322)   Merge Heap Roots: 0.51ms
[4525.886s][info][gc,phases      ] GC(1322)   Evacuate Collection Set: 116.89ms
[4525.886s][info][gc,phases      ] GC(1322)   Post Evacuate Collection Set: 0.93ms
[4525.886s][info][gc,phases      ] GC(1322)   Other: 0.09ms
[4525.886s][info][gc,heap        ] GC(1322) Eden regions: 1114->0(1105)
[4525.886s][info][gc,heap        ] GC(1322) Survivor regions: 114->111(154)
[4525.886s][info][gc,heap        ] GC(1322) Old regions: 506->538
[4525.886s][info][gc,heap        ] GC(1322) Humongous regions: 80->80
[4525.886s][info][gc,metaspace   ] GC(1322) Metaspace: 28894K(29312K)->28894K(29312K) NonClass: 24026K(24256K)->24026K(24256K) Class: 4868K(5056K)->4868K(5056K)
[4525.886s][info][gc             ] GC(1322) Pause Young (Prepare Mixed) (G1 Evacuation Pause) 3626M->1457M(4096M) 118.880ms
[4525.886s][info][gc,cpu         ] GC(1322) User=0.71s Sys=0.00s Real=0.12s
..[4528.015s][info][gc,start       ] GC(1323) Pause Young (Mixed) (G1 Evacuation Pause)
[4528.015s][info][gc,task        ] GC(1323) Using 6 workers of 6 for evacuation
[4528.151s][info][gc,phases      ] GC(1323)   Pre Evacuate Collection Set: 0.36ms
[4528.151s][info][gc,phases      ] GC(1323)   Merge Heap Roots: 0.66ms
[4528.151s][info][gc,phases      ] GC(1323)   Evacuate Collection Set: 133.76ms
[4528.151s][info][gc,phases      ] GC(1323)   Post Evacuate Collection Set: 1.00ms
[4528.151s][info][gc,phases      ] GC(1323)   Other: 0.09ms
[4528.151s][info][gc,heap        ] GC(1323) Eden regions: 1105->0(1117)
[4528.151s][info][gc,heap        ] GC(1323) Survivor regions: 111->111(152)
[4528.151s][info][gc,heap        ] GC(1323) Old regions: 538->476
[4528.151s][info][gc,heap        ] GC(1323) Humongous regions: 80->80
[4528.151s][info][gc,metaspace   ] GC(1323) Metaspace: 28894K(29312K)->28894K(29312K) NonClass: 24026K(24256K)->24026K(24256K) Class: 4868K(5056K)->4868K(5056K)
[4528.151s][info][gc             ] GC(1323) Pause Young (Mixed) (G1 Evacuation Pause) 3667M->1332M(4096M) 136.017ms
[4528.151s][info][gc,cpu         ] GC(1323) User=0.81s Sys=0.00s Real=0.13s
..[4530.333s][info][gc,start       ] GC(1324) Pause Young (Concurrent Start) (G1 Evacuation Pause)
[4530.333s][info][gc,task        ] GC(1324) Using 6 workers of 6 for evacuation
[4530.452s][info][gc,phases      ] GC(1324)   Pre Evacuate Collection Set: 0.36ms
[4530.452s][info][gc,phases      ] GC(1324)   Merge Heap Roots: 0.45ms
[4530.452s][info][gc,phases      ] GC(1324)   Evacuate Collection Set: 117.49ms
[4530.452s][info][gc,phases      ] GC(1324)   Post Evacuate Collection Set: 0.90ms
[4530.452s][info][gc,phases      ] GC(1324)   Other: 0.11ms
[4530.452s][info][gc,heap        ] GC(1324) Eden regions: 1117->0(1116)
[4530.452s][info][gc,heap        ] GC(1324) Survivor regions: 111->112(154)
[4530.452s][info][gc,heap        ] GC(1324) Old regions: 476->508
[4530.452s][info][gc,heap        ] GC(1324) Humongous regions: 80->80
[4530.452s][info][gc,metaspace   ] GC(1324) Metaspace: 28894K(29312K)->28894K(29312K) NonClass: 24026K(24256K)->24026K(24256K) Class: 4868K(5056K)->4868K(5056K)
[4530.452s][info][gc             ] GC(1324) Pause Young (Concurrent Start) (G1 Evacuation Pause) 3566M->1397M(4096M) 119.434ms
[4530.452s][info][gc             ] GC(1325) Concurrent Mark Cycle
[4530.452s][info][gc,marking     ] GC(1325) Concurrent Scan Root Regions
[4530.452s][info][gc,cpu         ] GC(1324) User=0.71s Sys=0.00s Real=0.12s
.[4530.648s][info][gc,marking     ] GC(1325) Concurrent Scan Root Regions 195.753ms
[4530.648s][info][gc,marking     ] GC(1325) Concurrent Mark
[4530.648s][info][gc,marking     ] GC(1325) Concurrent Mark From Roots
[4530.648s][info][gc,task        ] GC(1325) Using 2 workers of 2 for marking
.[4531.655s][info][gc,marking     ] GC(1325) Concurrent Mark From Roots 1007.606ms
[4531.656s][info][gc,marking     ] GC(1325) Concurrent Preclean
[4531.656s][info][gc,marking     ] GC(1325) Concurrent Preclean 0.111ms
[4531.659s][info][gc,start       ] GC(1325) Pause Remark
[4531.665s][info][gc             ] GC(1325) Pause Remark 2547M->2547M(4096M) 6.357ms
[4531.665s][info][gc,cpu         ] GC(1325) User=0.04s Sys=0.00s Real=0.01s
[4531.665s][info][gc,marking     ] GC(1325) Concurrent Mark 1017.264ms
[4531.665s][info][gc,marking     ] GC(1325) Concurrent Rebuild Remembered Sets and Scrub Regions
[4531.886s][info][gc,marking     ] GC(1325) Concurrent Rebuild Remembered Sets and Scrub Regions 220.569ms
[4531.888s][info][gc,start       ] GC(1325) Pause Cleanup
[4531.888s][info][gc             ] GC(1325) Pause Cleanup 2769M->2769M(4096M) 0.132ms
[4531.888s][info][gc,cpu         ] GC(1325) User=0.00s Sys=0.00s Real=0.00s
[4531.888s][info][gc,marking     ] GC(1325) Concurrent Clear Claimed Marks
[4531.888s][info][gc,marking     ] GC(1325) Concurrent Clear Claimed Marks 0.041ms
[4531.888s][info][gc,marking     ] GC(1325) Concurrent Cleanup for Next Mark
[4531.894s][info][gc,marking     ] GC(1325) Concurrent Cleanup for Next Mark 5.496ms
[4531.894s][info][gc             ] GC(1325) Concurrent Mark Cycle 1441.560ms
.[4532.669s][info][gc,start       ] GC(1326) Pause Young (Prepare Mixed) (G1 Evacuation Pause)
[4532.669s][info][gc,task        ] GC(1326) Using 6 workers of 6 for evacuation
[4532.791s][info][gc,phases      ] GC(1326)   Pre Evacuate Collection Set: 0.31ms
[4532.791s][info][gc,phases      ] GC(1326)   Merge Heap Roots: 0.51ms
[4532.791s][info][gc,phases      ] GC(1326)   Evacuate Collection Set: 120.72ms
[4532.791s][info][gc,phases      ] GC(1326)   Post Evacuate Collection Set: 0.90ms
[4532.791s][info][gc,phases      ] GC(1326)   Other: 0.09ms
[4532.791s][info][gc,heap        ] GC(1326) Eden regions: 1116->0(1096)
[4532.791s][info][gc,heap        ] GC(1326) Survivor regions: 112->115(154)
[4532.791s][info][gc,heap        ] GC(1326) Old regions: 508->539
[4532.791s][info][gc,heap        ] GC(1326) Humongous regions: 80->80
[4532.791s][info][gc,metaspace   ] GC(1326) Metaspace: 28894K(29312K)->28894K(29312K) NonClass: 24026K(24256K)->24026K(24256K) Class: 4868K(5056K)->4868K(5056K)
[4532.792s][info][gc             ] GC(1326) Pause Young (Prepare Mixed) (G1 Evacuation Pause) 3629M->1465M(4096M) 122.671ms
[4532.792s][info][gc,cpu         ] GC(1326) User=0.72s Sys=0.00s Real=0.12s
.|.[4534.927s][info][gc,start       ] GC(1327) Pause Young (Mixed) (G1 Evacuation Pause)
[4534.928s][info][gc,task        ] GC(1327) Using 6 workers of 6 for evacuation
[4535.060s][info][gc,phases      ] GC(1327)   Pre Evacuate Collection Set: 0.36ms
[4535.060s][info][gc,phases      ] GC(1327)   Merge Heap Roots: 0.62ms
[4535.060s][info][gc,phases      ] GC(1327)   Evacuate Collection Set: 130.70ms
[4535.060s][info][gc,phases      ] GC(1327)   Post Evacuate Collection Set: 0.94ms
[4535.060s][info][gc,phases      ] GC(1327)   Other: 0.09ms
[4535.060s][info][gc,heap        ] GC(1327) Eden regions: 1096->0(1116)
[4535.060s][info][gc,heap        ] GC(1327) Survivor regions: 115->112(152)
[4535.060s][info][gc,heap        ] GC(1327) Old regions: 539->476
[4535.060s][info][gc,heap        ] GC(1327) Humongous regions: 80->80
[4535.060s][info][gc,metaspace   ] GC(1327) Metaspace: 28894K(29312K)->28894K(29312K) NonClass: 24026K(24256K)->24026K(24256K) Class: 4868K(5056K)->4868K(5056K)
[4535.060s][info][gc             ] GC(1327) Pause Young (Mixed) (G1 Evacuation Pause) 3657M->1334M(4096M) 132.846ms
[4535.060s][info][gc,cpu         ] GC(1327) User=0.78s Sys=0.00s Real=0.13s
..[4537.269s][info][gc,start       ] GC(1328) Pause Young (Concurrent Start) (G1 Evacuation Pause)
[4537.269s][info][gc,task        ] GC(1328) Using 6 workers of 6 for evacuation
[4537.388s][info][gc,phases      ] GC(1328)   Pre Evacuate Collection Set: 0.37ms
[4537.388s][info][gc,phases      ] GC(1328)   Merge Heap Roots: 0.42ms
[4537.388s][info][gc,phases      ] GC(1328)   Evacuate Collection Set: 117.15ms
[4537.388s][info][gc,phases      ] GC(1328)   Post Evacuate Collection Set: 0.89ms
[4537.388s][info][gc,phases      ] GC(1328)   Other: 0.12ms
[4537.388s][info][gc,heap        ] GC(1328) Eden regions: 1116->0(1117)
[4537.388s][info][gc,heap        ] GC(1328) Survivor regions: 112->111(154)
[4537.388s][info][gc,heap        ] GC(1328) Old regions: 476->508
[4537.388s][info][gc,heap        ] GC(1328) Humongous regions: 80->80
[4537.388s][info][gc,metaspace   ] GC(1328) Metaspace: 28894K(29312K)->28894K(29312K) NonClass: 24026K(24256K)->24026K(24256K) Class: 4868K(5056K)->4868K(5056K)
[4537.388s][info][gc             ] GC(1328) Pause Young (Concurrent Start) (G1 Evacuation Pause) 3566M->1397M(4096M) 119.079ms
[4537.388s][info][gc             ] GC(1329) Concurrent Mark Cycle
[4537.388s][info][gc,marking     ] GC(1329) Concurrent Scan Root Regions
[4537.388s][info][gc,cpu         ] GC(1328) User=0.70s Sys=0.01s Real=0.12s
.[4537.579s][info][gc,marking     ] GC(1329) Concurrent Scan Root Regions 190.707ms
[4537.579s][info][gc,marking     ] GC(1329) Concurrent Mark
[4537.579s][info][gc,marking     ] GC(1329) Concurrent Mark From Roots
[4537.579s][info][gc,task        ] GC(1329) Using 2 workers of 2 for marking
.[4538.645s][info][gc,marking     ] GC(1329) Concurrent Mark From Roots 1066.064ms
[4538.645s][info][gc,marking     ] GC(1329) Concurrent Preclean
[4538.645s][info][gc,marking     ] GC(1329) Concurrent Preclean 0.116ms
[4538.646s][info][gc,start       ] GC(1329) Pause Remark
[4538.653s][info][gc             ] GC(1329) Pause Remark 2585M->2585M(4096M) 6.954ms
[4538.653s][info][gc,cpu         ] GC(1329) User=0.04s Sys=0.00s Real=0.00s
[4538.653s][info][gc,marking     ] GC(1329) Concurrent Mark 1073.613ms
[4538.653s][info][gc,marking     ] GC(1329) Concurrent Rebuild Remembered Sets and Scrub Regions
[4539.020s][info][gc,marking     ] GC(1329) Concurrent Rebuild Remembered Sets and Scrub Regions 367.269ms
[4539.020s][info][gc,start       ] GC(1329) Pause Cleanup
[4539.020s][info][gc             ] GC(1329) Pause Cleanup 2993M->2993M(4096M) 0.113ms
[4539.020s][info][gc,cpu         ] GC(1329) User=0.00s Sys=0.00s Real=0.00s
[4539.021s][info][gc,marking     ] GC(1329) Concurrent Clear Claimed Marks
[4539.021s][info][gc,marking     ] GC(1329) Concurrent Clear Claimed Marks 0.038ms
[4539.021s][info][gc,marking     ] GC(1329) Concurrent Cleanup for Next Mark
[4539.027s][info][gc,marking     ] GC(1329) Concurrent Cleanup for Next Mark 5.377ms
[4539.027s][info][gc             ] GC(1329) Concurrent Mark Cycle 1638.412ms
[4539.554s][info][gc,start       ] GC(1330) Pause Young (Prepare Mixed) (G1 Evacuation Pause)
[4539.554s][info][gc,task        ] GC(1330) Using 6 workers of 6 for evacuation
[4539.683s][info][gc,phases      ] GC(1330)   Pre Evacuate Collection Set: 0.32ms
[4539.683s][info][gc,phases      ] GC(1330)   Merge Heap Roots: 0.50ms
[4539.683s][info][gc,phases      ] GC(1330)   Evacuate Collection Set: 127.08ms
[4539.683s][info][gc,phases      ] GC(1330)   Post Evacuate Collection Set: 0.95ms
[4539.683s][info][gc,phases      ] GC(1330)   Other: 0.09ms
[4539.683s][info][gc,heap        ] GC(1330) Eden regions: 1117->0(1087)
[4539.683s][info][gc,heap        ] GC(1330) Survivor regions: 111->119(154)
[4539.683s][info][gc,heap        ] GC(1330) Old regions: 508->540
[4539.683s][info][gc,heap        ] GC(1330) Humongous regions: 80->80
[4539.683s][info][gc,metaspace   ] GC(1330) Metaspace: 28894K(29312K)->28894K(29312K) NonClass: 24026K(24256K)->24026K(24256K) Class: 4868K(5056K)->4868K(5056K)
[4539.683s][info][gc             ] GC(1330) Pause Young (Prepare Mixed) (G1 Evacuation Pause) 3631M->1476M(4096M) 129.073ms
[4539.683s][info][gc,cpu         ] GC(1330) User=0.76s Sys=0.00s Real=0.12s
...[4541.816s][info][gc,start       ] GC(1331) Pause Young (Mixed) (G1 Evacuation Pause)
[4541.816s][info][gc,task        ] GC(1331) Using 6 workers of 6 for evacuation
[4541.951s][info][gc,phases      ] GC(1331)   Pre Evacuate Collection Set: 0.36ms
[4541.951s][info][gc,phases      ] GC(1331)   Merge Heap Roots: 0.72ms
[4541.951s][info][gc,phases      ] GC(1331)   Evacuate Collection Set: 131.93ms
[4541.951s][info][gc,phases      ] GC(1331)   Post Evacuate Collection Set: 0.94ms
[4541.951s][info][gc,phases      ] GC(1331)   Other: 0.08ms
[4541.951s][info][gc,heap        ] GC(1331) Eden regions: 1087->0(1121)
[4541.951s][info][gc,heap        ] GC(1331) Survivor regions: 119->107(151)
[4541.951s][info][gc,heap        ] GC(1331) Old regions: 540->478
[4541.951s][info][gc,heap        ] GC(1331) Humongous regions: 80->80
[4541.951s][info][gc,metaspace   ] GC(1331) Metaspace: 28894K(29312K)->28894K(29312K) NonClass: 24026K(24256K)->24026K(24256K) Class: 4868K(5056K)->4868K(5056K)
[4541.951s][info][gc             ] GC(1331) Pause Young (Mixed) (G1 Evacuation Pause) 3650M->1329M(4096M) 134.191ms
[4541.951s][info][gc,cpu         ] GC(1331) User=0.80s Sys=0.00s Real=0.13s
..[4544.169s][info][gc,start       ] GC(1332) Pause Young (Concurrent Start) (G1 Evacuation Pause)
[4544.169s][info][gc,task        ] GC(1332) Using 6 workers of 6 for evacuation
[4544.289s][info][gc,phases      ] GC(1332)   Pre Evacuate Collection Set: 0.33ms
[4544.289s][info][gc,phases      ] GC(1332)   Merge Heap Roots: 0.47ms
[4544.289s][info][gc,phases      ] GC(1332)   Evacuate Collection Set: 117.39ms
[4544.289s][info][gc,phases      ] GC(1332)   Post Evacuate Collection Set: 0.90ms
[4544.289s][info][gc,phases      ] GC(1332)   Other: 0.10ms
[4544.289s][info][gc,heap        ] GC(1332) Eden regions: 1121->0(1118)
[4544.289s][info][gc,heap        ] GC(1332) Survivor regions: 107->110(154)
[4544.289s][info][gc,heap        ] GC(1332) Old regions: 478->509
[4544.289s][info][gc,heap        ] GC(1332) Humongous regions: 80->80
[4544.289s][info][gc,metaspace   ] GC(1332) Metaspace: 28894K(29312K)->28894K(29312K) NonClass: 24026K(24256K)->24026K(24256K) Class: 4868K(5056K)->4868K(5056K)
[4544.289s][info][gc             ] GC(1332) Pause Young (Concurrent Start) (G1 Evacuation Pause) 3571M->1396M(4096M) 119.336ms
[4544.289s][info][gc             ] GC(1333) Concurrent Mark Cycle
[4544.289s][info][gc,marking     ] GC(1333) Concurrent Scan Root Regions
[4544.289s][info][gc,cpu         ] GC(1332) User=0.70s Sys=0.00s Real=0.12s
[4544.481s][info][gc,marking     ] GC(1333) Concurrent Scan Root Regions 192.162ms
[4544.481s][info][gc,marking     ] GC(1333) Concurrent Mark
[4544.481s][info][gc,marking     ] GC(1333) Concurrent Mark From Roots
[4544.481s][info][gc,task        ] GC(1333) Using 2 workers of 2 for marking
.[4545.534s][info][gc,marking     ] GC(1333) Concurrent Mark From Roots 1052.960ms
[4545.534s][info][gc,marking     ] GC(1333) Concurrent Preclean
[4545.534s][info][gc,marking     ] GC(1333) Concurrent Preclean 0.085ms
[4545.536s][info][gc,start       ] GC(1333) Pause Remark
[4545.541s][info][gc             ] GC(1333) Pause Remark 2574M->2574M(4096M) 5.104ms
[4545.541s][info][gc,cpu         ] GC(1333) User=0.02s Sys=0.00s Real=0.00s
[4545.542s][info][gc,marking     ] GC(1333) Concurrent Mark 1060.975ms
[4545.542s][info][gc,marking     ] GC(1333) Concurrent Rebuild Remembered Sets and Scrub Regions
[4545.814s][info][gc,marking     ] GC(1333) Concurrent Rebuild Remembered Sets and Scrub Regions 272.085ms
[4545.815s][info][gc,start       ] GC(1333) Pause Cleanup
[4545.815s][info][gc             ] GC(1333) Pause Cleanup 2837M->2837M(4096M) 0.112ms
[4545.815s][info][gc,cpu         ] GC(1333) User=0.00s Sys=0.00s Real=0.00s
[4545.815s][info][gc,marking     ] GC(1333) Concurrent Clear Claimed Marks
[4545.815s][info][gc,marking     ] GC(1333) Concurrent Clear Claimed Marks 0.032ms
[4545.815s][info][gc,marking     ] GC(1333) Concurrent Cleanup for Next Mark
[4545.821s][info][gc,marking     ] GC(1333) Concurrent Cleanup for Next Mark 6.134ms
[4545.821s][info][gc             ] GC(1333) Concurrent Mark Cycle 1532.255ms
.[4546.453s][info][gc,start       ] GC(1334) Pause Young (Prepare Mixed) (G1 Evacuation Pause)
[4546.453s][info][gc,task        ] GC(1334) Using 6 workers of 6 for evacuation
[4546.572s][info][gc,phases      ] GC(1334)   Pre Evacuate Collection Set: 0.33ms
[4546.572s][info][gc,phases      ] GC(1334)   Merge Heap Roots: 0.50ms
[4546.572s][info][gc,phases      ] GC(1334)   Evacuate Collection Set: 117.49ms
[4546.572s][info][gc,phases      ] GC(1334)   Post Evacuate Collection Set: 0.93ms
[4546.572s][info][gc,phases      ] GC(1334)   Other: 0.09ms
[4546.572s][info][gc,heap        ] GC(1334) Eden regions: 1118->0(1103)
[4546.572s][info][gc,heap        ] GC(1334) Survivor regions: 110->111(154)
[4546.572s][info][gc,heap        ] GC(1334) Old regions: 509->540
[4546.572s][info][gc,heap        ] GC(1334) Humongous regions: 80->80
[4546.572s][info][gc,metaspace   ] GC(1334) Metaspace: 28894K(29312K)->28894K(29312K) NonClass: 24026K(24256K)->24026K(24256K) Class: 4868K(5056K)->4868K(5056K)
[4546.572s][info][gc             ] GC(1334) Pause Young (Prepare Mixed) (G1 Evacuation Pause) 3632M->1461M(4096M) 119.459ms
[4546.572s][info][gc,cpu         ] GC(1334) User=0.70s Sys=0.00s Real=0.12s
..[4548.781s][info][gc,start       ] GC(1335) Pause Young (Mixed) (G1 Evacuation Pause)
[4548.781s][info][gc,task        ] GC(1335) Using 6 workers of 6 for evacuation
[4548.913s][info][gc,phases      ] GC(1335)   Pre Evacuate Collection Set: 0.39ms
[4548.913s][info][gc,phases      ] GC(1335)   Merge Heap Roots: 0.71ms
[4548.913s][info][gc,phases      ] GC(1335)   Evacuate Collection Set: 129.09ms
[4548.913s][info][gc,phases      ] GC(1335)   Post Evacuate Collection Set: 0.94ms
[4548.913s][info][gc,phases      ] GC(1335)   Other: 0.84ms
[4548.913s][info][gc,heap        ] GC(1335) Eden regions: 1103->0(1120)
[4548.913s][info][gc,heap        ] GC(1335) Survivor regions: 111->108(152)
[4548.913s][info][gc,heap        ] GC(1335) Old regions: 540->476
[4548.913s][info][gc,heap        ] GC(1335) Humongous regions: 80->80
[4548.913s][info][gc,metaspace   ] GC(1335) Metaspace: 28894K(29312K)->28894K(29312K) NonClass: 24026K(24256K)->24026K(24256K) Class: 4868K(5056K)->4868K(5056K)
[4548.913s][info][gc             ] GC(1335) Pause Young (Mixed) (G1 Evacuation Pause) 3667M->1327M(4096M) 132.107ms
[4548.913s][info][gc,cpu         ] GC(1335) User=0.78s Sys=0.00s Real=0.13s
...[4551.058s][info][gc,start       ] GC(1336) Pause Young (Concurrent Start) (G1 Evacuation Pause)
[4551.058s][info][gc,task        ] GC(1336) Using 6 workers of 6 for evacuation
[4551.174s][info][gc,phases      ] GC(1336)   Pre Evacuate Collection Set: 0.36ms
[4551.174s][info][gc,phases      ] GC(1336)   Merge Heap Roots: 0.45ms
[4551.174s][info][gc,phases      ] GC(1336)   Evacuate Collection Set: 114.03ms
[4551.174s][info][gc,phases      ] GC(1336)   Post Evacuate Collection Set: 0.92ms
[4551.174s][info][gc,phases      ] GC(1336)   Other: 0.11ms
[4551.174s][info][gc,heap        ] GC(1336) Eden regions: 1120->0(1119)
[4551.174s][info][gc,heap        ] GC(1336) Survivor regions: 108->109(154)
[4551.174s][info][gc,heap        ] GC(1336) Old regions: 476->508
[4551.174s][info][gc,heap        ] GC(1336) Humongous regions: 80->80
[4551.174s][info][gc,metaspace   ] GC(1336) Metaspace: 28894K(29312K)->28894K(29312K) NonClass: 24026K(24256K)->24026K(24256K) Class: 4868K(5056K)->4868K(5056K)
[4551.174s][info][gc             ] GC(1336) Pause Young (Concurrent Start) (G1 Evacuation Pause) 3567M->1391M(4096M) 116.010ms
[4551.174s][info][gc             ] GC(1337) Concurrent Mark Cycle
[4551.174s][info][gc,marking     ] GC(1337) Concurrent Scan Root Regions
[4551.174s][info][gc,cpu         ] GC(1336) User=0.69s Sys=0.00s Real=0.12s
[4551.354s][info][gc,marking     ] GC(1337) Concurrent Scan Root Regions 180.080ms
[4551.354s][info][gc,marking     ] GC(1337) Concurrent Mark
[4551.354s][info][gc,marking     ] GC(1337) Concurrent Mark From Roots
[4551.354s][info][gc,task        ] GC(1337) Using 2 workers of 2 for marking
.[4552.349s][info][gc,marking     ] GC(1337) Concurrent Mark From Roots 994.621ms
[4552.349s][info][gc,marking     ] GC(1337) Concurrent Preclean
[4552.349s][info][gc,marking     ] GC(1337) Concurrent Preclean 0.093ms
[4552.349s][info][gc,start       ] GC(1337) Pause Remark
[4552.354s][info][gc             ] GC(1337) Pause Remark 2535M->2535M(4096M) 4.969ms
[4552.354s][info][gc,cpu         ] GC(1337) User=0.02s Sys=0.00s Real=0.01s
[4552.355s][info][gc,marking     ] GC(1337) Concurrent Mark 1000.976ms
[4552.355s][info][gc,marking     ] GC(1337) Concurrent Rebuild Remembered Sets and Scrub Regions
[4552.786s][info][gc,marking     ] GC(1337) Concurrent Rebuild Remembered Sets and Scrub Regions 431.282ms
[4552.787s][info][gc,start       ] GC(1337) Pause Cleanup
[4552.787s][info][gc             ] GC(1337) Pause Cleanup 2983M->2983M(4096M) 0.135ms
[4552.787s][info][gc,cpu         ] GC(1337) User=0.00s Sys=0.00s Real=0.00s
[4552.788s][info][gc,marking     ] GC(1337) Concurrent Clear Claimed Marks
[4552.788s][info][gc,marking     ] GC(1337) Concurrent Clear Claimed Marks 0.034ms
[4552.788s][info][gc,marking     ] GC(1337) Concurrent Cleanup for Next Mark
[4552.797s][info][gc,marking     ] GC(1337) Concurrent Cleanup for Next Mark 9.512ms
[4552.797s][info][gc             ] GC(1337) Concurrent Mark Cycle 1623.450ms
.[4553.399s][info][gc,start       ] GC(1338) Pause Young (Prepare Mixed) (G1 Evacuation Pause)
[4553.399s][info][gc,task        ] GC(1338) Using 6 workers of 6 for evacuation
[4553.525s][info][gc,phases      ] GC(1338)   Pre Evacuate Collection Set: 0.32ms
[4553.525s][info][gc,phases      ] GC(1338)   Merge Heap Roots: 0.57ms
[4553.525s][info][gc,phases      ] GC(1338)   Evacuate Collection Set: 123.28ms
[4553.525s][info][gc,phases      ] GC(1338)   Post Evacuate Collection Set: 0.94ms
[4553.525s][info][gc,phases      ] GC(1338)   Other: 0.09ms
[4553.525s][info][gc,heap        ] GC(1338) Eden regions: 1119->0(1096)
[4553.525s][info][gc,heap        ] GC(1338) Survivor regions: 109->115(154)
[4553.525s][info][gc,heap        ] GC(1338) Old regions: 508->539
[4553.525s][info][gc,heap        ] GC(1338) Humongous regions: 80->80
[4553.525s][info][gc,metaspace   ] GC(1338) Metaspace: 28894K(29312K)->28894K(29312K) NonClass: 24026K(24256K)->24026K(24256K) Class: 4868K(5056K)->4868K(5056K)
[4553.525s][info][gc             ] GC(1338) Pause Young (Prepare Mixed) (G1 Evacuation Pause) 3629M->1466M(4096M) 125.327ms
[4553.525s][info][gc,cpu         ] GC(1338) User=0.74s Sys=0.00s Real=0.13s
..[4555.580s][info][gc,start       ] GC(1339) Pause Young (Mixed) (G1 Evacuation Pause)
[4555.580s][info][gc,task        ] GC(1339) Using 6 workers of 6 for evacuation
[4555.715s][info][gc,phases      ] GC(1339)   Pre Evacuate Collection Set: 0.38ms
[4555.715s][info][gc,phases      ] GC(1339)   Merge Heap Roots: 0.70ms
[4555.715s][info][gc,phases      ] GC(1339)   Evacuate Collection Set: 133.02ms
[4555.715s][info][gc,phases      ] GC(1339)   Post Evacuate Collection Set: 0.95ms
[4555.715s][info][gc,phases      ] GC(1339)   Other: 0.08ms
[4555.715s][info][gc,heap        ] GC(1339) Eden regions: 1096->0(1117)
[4555.715s][info][gc,heap        ] GC(1339) Survivor regions: 115->111(152)
[4555.715s][info][gc,heap        ] GC(1339) Old regions: 539->476
[4555.715s][info][gc,heap        ] GC(1339) Humongous regions: 80->80
[4555.715s][info][gc,metaspace   ] GC(1339) Metaspace: 28894K(29312K)->28894K(29312K) NonClass: 24026K(24256K)->24026K(24256K) Class: 4868K(5056K)->4868K(5056K)
[4555.715s][info][gc             ] GC(1339) Pause Young (Mixed) (G1 Evacuation Pause) 3658M->1333M(4096M) 135.275ms
[4555.715s][info][gc,cpu         ] GC(1339) User=0.80s Sys=0.00s Real=0.14s
..[4557.868s][info][gc,start       ] GC(1340) Pause Young (Concurrent Start) (G1 Evacuation Pause)
[4557.868s][info][gc,task        ] GC(1340) Using 6 workers of 6 for evacuation
[4557.984s][info][gc,phases      ] GC(1340)   Pre Evacuate Collection Set: 0.36ms
[4557.984s][info][gc,phases      ] GC(1340)   Merge Heap Roots: 0.46ms
[4557.984s][info][gc,phases      ] GC(1340)   Evacuate Collection Set: 114.18ms
[4557.984s][info][gc,phases      ] GC(1340)   Post Evacuate Collection Set: 0.89ms
[4557.984s][info][gc,phases      ] GC(1340)   Other: 0.14ms
[4557.984s][info][gc,heap        ] GC(1340) Eden regions: 1117->0(1121)
[4557.984s][info][gc,heap        ] GC(1340) Survivor regions: 111->107(154)
[4557.984s][info][gc,heap        ] GC(1340) Old regions: 476->509
[4557.984s][info][gc,heap        ] GC(1340) Humongous regions: 80->80
[4557.984s][info][gc,metaspace   ] GC(1340) Metaspace: 28894K(29312K)->28894K(29312K) NonClass: 24026K(24256K)->24026K(24256K) Class: 4868K(5056K)->4868K(5056K)
[4557.984s][info][gc             ] GC(1340) Pause Young (Concurrent Start) (G1 Evacuation Pause) 3567M->1391M(4096M) 116.181ms
[4557.984s][info][gc             ] GC(1341) Concurrent Mark Cycle
[4557.984s][info][gc,marking     ] GC(1341) Concurrent Scan Root Regions
[4557.984s][info][gc,cpu         ] GC(1340) User=0.68s Sys=0.00s Real=0.12s
[4558.165s][info][gc,marking     ] GC(1341) Concurrent Scan Root Regions 180.760ms
[4558.165s][info][gc,marking     ] GC(1341) Concurrent Mark
[4558.165s][info][gc,marking     ] GC(1341) Concurrent Mark From Roots
[4558.165s][info][gc,task        ] GC(1341) Using 2 workers of 2 for marking
.[4559.101s][info][gc,marking     ] GC(1341) Concurrent Mark From Roots 936.180ms
[4559.101s][info][gc,marking     ] GC(1341) Concurrent Preclean
[4559.101s][info][gc,marking     ] GC(1341) Concurrent Preclean 0.116ms
[4559.102s][info][gc,start       ] GC(1341) Pause Remark
[4559.109s][info][gc             ] GC(1341) Pause Remark 2469M->2469M(4096M) 6.789ms
[4559.109s][info][gc,cpu         ] GC(1341) User=0.04s Sys=0.00s Real=0.01s
[4559.109s][info][gc,marking     ] GC(1341) Concurrent Mark 944.029ms
[4559.109s][info][gc,marking     ] GC(1341) Concurrent Rebuild Remembered Sets and Scrub Regions
.[4559.511s][info][gc,marking     ] GC(1341) Concurrent Rebuild Remembered Sets and Scrub Regions 401.538ms
[4559.513s][info][gc,start       ] GC(1341) Pause Cleanup
[4559.513s][info][gc             ] GC(1341) Pause Cleanup 2837M->2837M(4096M) 0.127ms
[4559.513s][info][gc,cpu         ] GC(1341) User=0.00s Sys=0.00s Real=0.00s
[4559.513s][info][gc,marking     ] GC(1341) Concurrent Clear Claimed Marks
[4559.513s][info][gc,marking     ] GC(1341) Concurrent Clear Claimed Marks 0.031ms
[4559.513s][info][gc,marking     ] GC(1341) Concurrent Cleanup for Next Mark
[4559.519s][info][gc,marking     ] GC(1341) Concurrent Cleanup for Next Mark 6.197ms
[4559.519s][info][gc             ] GC(1341) Concurrent Mark Cycle 1534.897ms
[4560.215s][info][gc,start       ] GC(1342) Pause Young (Prepare Mixed) (G1 Evacuation Pause)
[4560.216s][info][gc,task        ] GC(1342) Using 6 workers of 6 for evacuation
[4560.335s][info][gc,phases      ] GC(1342)   Pre Evacuate Collection Set: 0.34ms
[4560.335s][info][gc,phases      ] GC(1342)   Merge Heap Roots: 0.52ms
[4560.335s][info][gc,phases      ] GC(1342)   Evacuate Collection Set: 117.14ms
[4560.335s][info][gc,phases      ] GC(1342)   Post Evacuate Collection Set: 0.92ms
[4560.335s][info][gc,phases      ] GC(1342)   Other: 0.09ms
[4560.335s][info][gc,heap        ] GC(1342) Eden regions: 1121->0(1102)
[4560.335s][info][gc,heap        ] GC(1342) Survivor regions: 107->111(154)
[4560.335s][info][gc,heap        ] GC(1342) Old regions: 509->541
[4560.335s][info][gc,heap        ] GC(1342) Humongous regions: 80->80
[4560.335s][info][gc,metaspace   ] GC(1342) Metaspace: 28894K(29312K)->28894K(29312K) NonClass: 24026K(24256K)->24026K(24256K) Class: 4868K(5056K)->4868K(5056K)
[4560.335s][info][gc             ] GC(1342) Pause Young (Prepare Mixed) (G1 Evacuation Pause) 3633M->1461M(4096M) 119.139ms
[4560.335s][info][gc,cpu         ] GC(1342) User=0.70s Sys=0.00s Real=0.12s
...[4562.405s][info][gc,start       ] GC(1343) Pause Young (Mixed) (G1 Evacuation Pause)
[4562.406s][info][gc,task        ] GC(1343) Using 6 workers of 6 for evacuation
[4562.540s][info][gc,phases      ] GC(1343)   Pre Evacuate Collection Set: 0.37ms
[4562.540s][info][gc,phases      ] GC(1343)   Merge Heap Roots: 0.66ms
[4562.540s][info][gc,phases      ] GC(1343)   Evacuate Collection Set: 132.82ms
[4562.540s][info][gc,phases      ] GC(1343)   Post Evacuate Collection Set: 0.93ms
[4562.540s][info][gc,phases      ] GC(1343)   Other: 0.08ms
[4562.540s][info][gc,heap        ] GC(1343) Eden regions: 1102->0(1116)
[4562.540s][info][gc,heap        ] GC(1343) Survivor regions: 111->112(152)
[4562.540s][info][gc,heap        ] GC(1343) Old regions: 541->478
[4562.540s][info][gc,heap        ] GC(1343) Humongous regions: 80->80
[4562.540s][info][gc,metaspace   ] GC(1343) Metaspace: 28894K(29312K)->28894K(29312K) NonClass: 24026K(24256K)->24026K(24256K) Class: 4868K(5056K)->4868K(5056K)
[4562.540s][info][gc             ] GC(1343) Pause Young (Mixed) (G1 Evacuation Pause) 3665M->1337M(4096M) 135.004ms
[4562.541s][info][gc,cpu         ] GC(1343) User=0.80s Sys=0.01s Real=0.13s
..[4564.638s][info][gc,start       ] GC(1344) Pause Young (Concurrent Start) (G1 Evacuation Pause)
[4564.638s][info][gc,task        ] GC(1344) Using 6 workers of 6 for evacuation
[4564.759s][info][gc,phases      ] GC(1344)   Pre Evacuate Collection Set: 0.37ms
[4564.759s][info][gc,phases      ] GC(1344)   Merge Heap Roots: 0.45ms
[4564.759s][info][gc,phases      ] GC(1344)   Evacuate Collection Set: 119.19ms
[4564.759s][info][gc,phases      ] GC(1344)   Post Evacuate Collection Set: 0.90ms
[4564.759s][info][gc,phases      ] GC(1344)   Other: 0.11ms
[4564.759s][info][gc,heap        ] GC(1344) Eden regions: 1116->0(1115)
[4564.759s][info][gc,heap        ] GC(1344) Survivor regions: 112->113(154)
[4564.759s][info][gc,heap        ] GC(1344) Old regions: 478->511
[4564.759s][info][gc,heap        ] GC(1344) Humongous regions: 80->80
[4564.759s][info][gc,metaspace   ] GC(1344) Metaspace: 28894K(29312K)->28894K(29312K) NonClass: 24026K(24256K)->24026K(24256K) Class: 4868K(5056K)->4868K(5056K)
[4564.759s][info][gc             ] GC(1344) Pause Young (Concurrent Start) (G1 Evacuation Pause) 3569M->1406M(4096M) 121.159ms
[4564.759s][info][gc             ] GC(1345) Concurrent Mark Cycle
[4564.759s][info][gc,marking     ] GC(1345) Concurrent Scan Root Regions
[4564.759s][info][gc,cpu         ] GC(1344) User=0.72s Sys=0.00s Real=0.12s
[4564.905s][info][gc,marking     ] GC(1345) Concurrent Scan Root Regions 146.177ms
[4564.905s][info][gc,marking     ] GC(1345) Concurrent Mark
[4564.905s][info][gc,marking     ] GC(1345) Concurrent Mark From Roots
[4564.905s][info][gc,task        ] GC(1345) Using 2 workers of 2 for marking
.[4565.648s][info][gc,marking     ] GC(1345) Concurrent Mark From Roots 742.710ms
[4565.648s][info][gc,marking     ] GC(1345) Concurrent Preclean
[4565.648s][info][gc,marking     ] GC(1345) Concurrent Preclean 0.097ms
[4565.648s][info][gc,start       ] GC(1345) Pause Remark
[4565.654s][info][gc             ] GC(1345) Pause Remark 2211M->2211M(4096M) 6.165ms
[4565.654s][info][gc,cpu         ] GC(1345) User=0.03s Sys=0.00s Real=0.01s
[4565.654s][info][gc,marking     ] GC(1345) Concurrent Mark 749.291ms
[4565.654s][info][gc,marking     ] GC(1345) Concurrent Rebuild Remembered Sets and Scrub Regions
[4565.936s][info][gc,marking     ] GC(1345) Concurrent Rebuild Remembered Sets and Scrub Regions 281.576ms
[4565.936s][info][gc,start       ] GC(1345) Pause Cleanup
[4565.937s][info][gc             ] GC(1345) Pause Cleanup 2498M->2498M(4096M) 0.124ms
[4565.937s][info][gc,cpu         ] GC(1345) User=0.00s Sys=0.00s Real=0.00s
[4565.937s][info][gc,marking     ] GC(1345) Concurrent Clear Claimed Marks
[4565.937s][info][gc,marking     ] GC(1345) Concurrent Clear Claimed Marks 0.027ms
[4565.937s][info][gc,marking     ] GC(1345) Concurrent Cleanup for Next Mark
[4565.945s][info][gc,marking     ] GC(1345) Concurrent Cleanup for Next Mark 7.861ms
[4565.945s][info][gc             ] GC(1345) Concurrent Mark Cycle 1185.639ms
.[4567.016s][info][gc,start       ] GC(1346) Pause Young (Prepare Mixed) (G1 Evacuation Pause)
[4567.016s][info][gc,task        ] GC(1346) Using 6 workers of 6 for evacuation
[4567.136s][info][gc,phases      ] GC(1346)   Pre Evacuate Collection Set: 0.35ms
[4567.136s][info][gc,phases      ] GC(1346)   Merge Heap Roots: 0.51ms
[4567.136s][info][gc,phases      ] GC(1346)   Evacuate Collection Set: 118.26ms
[4567.136s][info][gc,phases      ] GC(1346)   Post Evacuate Collection Set: 0.95ms
[4567.136s][info][gc,phases      ] GC(1346)   Other: 0.08ms
[4567.136s][info][gc,heap        ] GC(1346) Eden regions: 1115->0(1103)
[4567.136s][info][gc,heap        ] GC(1346) Survivor regions: 113->110(154)
[4567.136s][info][gc,heap        ] GC(1346) Old regions: 511->542
[4567.136s][info][gc,heap        ] GC(1346) Humongous regions: 80->80
[4567.136s][info][gc,metaspace   ] GC(1346) Metaspace: 28894K(29312K)->28894K(29312K) NonClass: 24026K(24256K)->24026K(24256K) Class: 4868K(5056K)->4868K(5056K)
[4567.136s][info][gc             ] GC(1346) Pause Young (Prepare Mixed) (G1 Evacuation Pause) 3636M->1463M(4096M) 120.295ms
[4567.136s][info][gc,cpu         ] GC(1346) User=0.71s Sys=0.00s Real=0.12s
..[4569.275s][info][gc,start       ] GC(1347) Pause Young (Mixed) (G1 Evacuation Pause)
[4569.275s][info][gc,task        ] GC(1347) Using 6 workers of 6 for evacuation
[4569.413s][info][gc,phases      ] GC(1347)   Pre Evacuate Collection Set: 0.35ms
[4569.413s][info][gc,phases      ] GC(1347)   Merge Heap Roots: 0.72ms
[4569.413s][info][gc,phases      ] GC(1347)   Evacuate Collection Set: 135.85ms
[4569.413s][info][gc,phases      ] GC(1347)   Post Evacuate Collection Set: 0.95ms
[4569.413s][info][gc,phases      ] GC(1347)   Other: 0.09ms
[4569.413s][info][gc,heap        ] GC(1347) Eden regions: 1103->0(1116)
[4569.413s][info][gc,heap        ] GC(1347) Survivor regions: 110->112(152)
[4569.413s][info][gc,heap        ] GC(1347) Old regions: 542->477
[4569.413s][info][gc,heap        ] GC(1347) Humongous regions: 80->80
[4569.413s][info][gc,metaspace   ] GC(1347) Metaspace: 28894K(29312K)->28894K(29312K) NonClass: 24026K(24256K)->24026K(24256K) Class: 4868K(5056K)->4868K(5056K)
[4569.413s][info][gc             ] GC(1347) Pause Young (Mixed) (G1 Evacuation Pause) 3669M->1336M(4096M) 138.107ms
[4569.413s][info][gc,cpu         ] GC(1347) User=0.81s Sys=0.01s Real=0.13s
...[4571.571s][info][gc,start       ] GC(1348) Pause Young (Concurrent Start) (G1 Evacuation Pause)
[4571.571s][info][gc,task        ] GC(1348) Using 6 workers of 6 for evacuation
[4571.692s][info][gc,phases      ] GC(1348)   Pre Evacuate Collection Set: 0.38ms
[4571.692s][info][gc,phases      ] GC(1348)   Merge Heap Roots: 0.46ms
[4571.692s][info][gc,phases      ] GC(1348)   Evacuate Collection Set: 118.65ms
[4571.692s][info][gc,phases      ] GC(1348)   Post Evacuate Collection Set: 0.92ms
[4571.692s][info][gc,phases      ] GC(1348)   Other: 0.12ms
[4571.692s][info][gc,heap        ] GC(1348) Eden regions: 1116->0(1116)
[4571.692s][info][gc,heap        ] GC(1348) Survivor regions: 112->112(154)
[4571.692s][info][gc,heap        ] GC(1348) Old regions: 477->508
[4571.692s][info][gc,heap        ] GC(1348) Humongous regions: 80->80
[4571.692s][info][gc,metaspace   ] GC(1348) Metaspace: 28894K(29312K)->28894K(29312K) NonClass: 24026K(24256K)->24026K(24256K) Class: 4868K(5056K)->4868K(5056K)
[4571.692s][info][gc             ] GC(1348) Pause Young (Concurrent Start) (G1 Evacuation Pause) 3568M->1398M(4096M) 120.670ms
[4571.692s][info][gc             ] GC(1349) Concurrent Mark Cycle
[4571.692s][info][gc,marking     ] GC(1349) Concurrent Scan Root Regions
[4571.692s][info][gc,cpu         ] GC(1348) User=0.71s Sys=0.00s Real=0.12s
[4571.850s][info][gc,marking     ] GC(1349) Concurrent Scan Root Regions 158.022ms
[4571.850s][info][gc,marking     ] GC(1349) Concurrent Mark
[4571.850s][info][gc,marking     ] GC(1349) Concurrent Mark From Roots
[4571.850s][info][gc,task        ] GC(1349) Using 2 workers of 2 for marking
.[4572.574s][info][gc,marking     ] GC(1349) Concurrent Mark From Roots 724.520ms
[4572.574s][info][gc,marking     ] GC(1349) Concurrent Preclean
[4572.575s][info][gc,marking     ] GC(1349) Concurrent Preclean 0.132ms
[4572.575s][info][gc,start       ] GC(1349) Pause Remark
[4572.580s][info][gc             ] GC(1349) Pause Remark 2128M->2128M(4096M) 4.246ms
[4572.580s][info][gc,cpu         ] GC(1349) User=0.02s Sys=0.00s Real=0.00s
[4572.580s][info][gc,marking     ] GC(1349) Concurrent Mark 730.472ms
[4572.580s][info][gc,marking     ] GC(1349) Concurrent Rebuild Remembered Sets and Scrub Regions
[4572.800s][info][gc,marking     ] GC(1349) Concurrent Rebuild Remembered Sets and Scrub Regions 219.717ms
[4572.800s][info][gc,start       ] GC(1349) Pause Cleanup
[4572.801s][info][gc             ] GC(1349) Pause Cleanup 2359M->2359M(4096M) 0.117ms
[4572.801s][info][gc,cpu         ] GC(1349) User=0.00s Sys=0.00s Real=0.00s
[4572.801s][info][gc,marking     ] GC(1349) Concurrent Clear Claimed Marks
[4572.801s][info][gc,marking     ] GC(1349) Concurrent Clear Claimed Marks 0.024ms
[4572.801s][info][gc,marking     ] GC(1349) Concurrent Cleanup for Next Mark
[4572.812s][info][gc,marking     ] GC(1349) Concurrent Cleanup for Next Mark 11.369ms
[4572.812s][info][gc             ] GC(1349) Concurrent Mark Cycle 1120.398ms
.[4573.840s][info][gc,start       ] GC(1350) Pause Young (Prepare Mixed) (G1 Evacuation Pause)
[4573.840s][info][gc,task        ] GC(1350) Using 6 workers of 6 for evacuation
[4573.959s][info][gc,phases      ] GC(1350)   Pre Evacuate Collection Set: 0.34ms
[4573.959s][info][gc,phases      ] GC(1350)   Merge Heap Roots: 0.47ms
[4573.959s][info][gc,phases      ] GC(1350)   Evacuate Collection Set: 118.05ms
[4573.959s][info][gc,phases      ] GC(1350)   Post Evacuate Collection Set: 0.91ms
[4573.959s][info][gc,phases      ] GC(1350)   Other: 0.09ms
[4573.959s][info][gc,heap        ] GC(1350) Eden regions: 1116->0(1103)
[4573.959s][info][gc,heap        ] GC(1350) Survivor regions: 112->111(154)
[4573.959s][info][gc,heap        ] GC(1350) Old regions: 508->540
[4573.959s][info][gc,heap        ] GC(1350) Humongous regions: 80->80
[4573.959s][info][gc,metaspace   ] GC(1350) Metaspace: 28894K(29312K)->28894K(29312K) NonClass: 24026K(24256K)->24026K(24256K) Class: 4868K(5056K)->4868K(5056K)
[4573.960s][info][gc             ] GC(1350) Pause Young (Prepare Mixed) (G1 Evacuation Pause) 3630M->1461M(4096M) 120.011ms
[4573.960s][info][gc,cpu         ] GC(1350) User=0.71s Sys=0.00s Real=0.12s
..[4576.132s][info][gc,start       ] GC(1351) Pause Young (Mixed) (G1 Evacuation Pause)
[4576.132s][info][gc,task        ] GC(1351) Using 6 workers of 6 for evacuation
[4576.267s][info][gc,phases      ] GC(1351)   Pre Evacuate Collection Set: 0.38ms
[4576.267s][info][gc,phases      ] GC(1351)   Merge Heap Roots: 0.61ms
[4576.267s][info][gc,phases      ] GC(1351)   Evacuate Collection Set: 132.40ms
[4576.267s][info][gc,phases      ] GC(1351)   Post Evacuate Collection Set: 0.94ms
[4576.267s][info][gc,phases      ] GC(1351)   Other: 0.09ms
[4576.267s][info][gc,heap        ] GC(1351) Eden regions: 1103->0(1117)
[4576.267s][info][gc,heap        ] GC(1351) Survivor regions: 111->111(152)
[4576.267s][info][gc,heap        ] GC(1351) Old regions: 540->476
[4576.267s][info][gc,heap        ] GC(1351) Humongous regions: 80->80
[4576.267s][info][gc,metaspace   ] GC(1351) Metaspace: 28894K(29312K)->28894K(29312K) NonClass: 24026K(24256K)->24026K(24256K) Class: 4868K(5056K)->4868K(5056K)
[4576.267s][info][gc             ] GC(1351) Pause Young (Mixed) (G1 Evacuation Pause) 3667M->1332M(4096M) 134.550ms
[4576.267s][info][gc,cpu         ] GC(1351) User=0.79s Sys=0.00s Real=0.14s
..[4578.424s][info][gc,start       ] GC(1352) Pause Young (Concurrent Start) (G1 Evacuation Pause)
[4578.424s][info][gc,task        ] GC(1352) Using 6 workers of 6 for evacuation
[4578.545s][info][gc,phases      ] GC(1352)   Pre Evacuate Collection Set: 0.39ms
[4578.545s][info][gc,phases      ] GC(1352)   Merge Heap Roots: 0.53ms
[4578.545s][info][gc,phases      ] GC(1352)   Evacuate Collection Set: 118.49ms
[4578.545s][info][gc,phases      ] GC(1352)   Post Evacuate Collection Set: 0.89ms
[4578.545s][info][gc,phases      ] GC(1352)   Other: 0.13ms
[4578.545s][info][gc,heap        ] GC(1352) Eden regions: 1117->0(1117)
[4578.545s][info][gc,heap        ] GC(1352) Survivor regions: 111->111(154)
[4578.545s][info][gc,heap        ] GC(1352) Old regions: 476->507
[4578.545s][info][gc,heap        ] GC(1352) Humongous regions: 80->80
[4578.545s][info][gc,metaspace   ] GC(1352) Metaspace: 28894K(29312K)->28894K(29312K) NonClass: 24026K(24256K)->24026K(24256K) Class: 4868K(5056K)->4868K(5056K)
[4578.545s][info][gc             ] GC(1352) Pause Young (Concurrent Start) (G1 Evacuation Pause) 3566M->1395M(4096M) 120.578ms
[4578.545s][info][gc             ] GC(1353) Concurrent Mark Cycle
[4578.545s][info][gc,marking     ] GC(1353) Concurrent Scan Root Regions
[4578.545s][info][gc,cpu         ] GC(1352) User=0.71s Sys=0.00s Real=0.12s
.[4578.710s][info][gc,marking     ] GC(1353) Concurrent Scan Root Regions 164.854ms
[4578.710s][info][gc,marking     ] GC(1353) Concurrent Mark
[4578.710s][info][gc,marking     ] GC(1353) Concurrent Mark From Roots
[4578.710s][info][gc,task        ] GC(1353) Using 2 workers of 2 for marking
[4579.474s][info][gc,marking     ] GC(1353) Concurrent Mark From Roots 764.279ms
[4579.474s][info][gc,marking     ] GC(1353) Concurrent Preclean
[4579.474s][info][gc,marking     ] GC(1353) Concurrent Preclean 0.080ms
[4579.475s][info][gc,start       ] GC(1353) Pause Remark
[4579.480s][info][gc             ] GC(1353) Pause Remark 2201M->2201M(4096M) 4.759ms
[4579.480s][info][gc,cpu         ] GC(1353) User=0.02s Sys=0.00s Real=0.00s
[4579.481s][info][gc,marking     ] GC(1353) Concurrent Mark 771.158ms
[4579.481s][info][gc,marking     ] GC(1353) Concurrent Rebuild Remembered Sets and Scrub Regions
.[4579.849s][info][gc,marking     ] GC(1353) Concurrent Rebuild Remembered Sets and Scrub Regions 368.360ms
[4579.851s][info][gc,start       ] GC(1353) Pause Cleanup
[4579.851s][info][gc             ] GC(1353) Pause Cleanup 2611M->2611M(4096M) 0.136ms
[4579.851s][info][gc,cpu         ] GC(1353) User=0.00s Sys=0.00s Real=0.00s
[4579.852s][info][gc,marking     ] GC(1353) Concurrent Clear Claimed Marks
[4579.852s][info][gc,marking     ] GC(1353) Concurrent Clear Claimed Marks 0.034ms
[4579.852s][info][gc,marking     ] GC(1353) Concurrent Cleanup for Next Mark
[4579.859s][info][gc,marking     ] GC(1353) Concurrent Cleanup for Next Mark 6.931ms
[4579.859s][info][gc             ] GC(1353) Concurrent Mark Cycle 1313.604ms
.[4580.748s][info][gc,start       ] GC(1354) Pause Young (Prepare Mixed) (G1 Evacuation Pause)
[4580.748s][info][gc,task        ] GC(1354) Using 6 workers of 6 for evacuation
[4580.869s][info][gc,phases      ] GC(1354)   Pre Evacuate Collection Set: 0.34ms
[4580.869s][info][gc,phases      ] GC(1354)   Merge Heap Roots: 0.54ms
[4580.869s][info][gc,phases      ] GC(1354)   Evacuate Collection Set: 119.29ms
[4580.869s][info][gc,phases      ] GC(1354)   Post Evacuate Collection Set: 0.92ms
[4580.869s][info][gc,phases      ] GC(1354)   Other: 0.09ms
[4580.869s][info][gc,heap        ] GC(1354) Eden regions: 1117->0(1100)
[4580.869s][info][gc,heap        ] GC(1354) Survivor regions: 111->113(154)
[4580.869s][info][gc,heap        ] GC(1354) Old regions: 507->539
[4580.869s][info][gc,heap        ] GC(1354) Humongous regions: 80->80
[4580.869s][info][gc,metaspace   ] GC(1354) Metaspace: 28894K(29312K)->28894K(29312K) NonClass: 24026K(24256K)->24026K(24256K) Class: 4868K(5056K)->4868K(5056K)
[4580.869s][info][gc             ] GC(1354) Pause Young (Prepare Mixed) (G1 Evacuation Pause) 3629M->1461M(4096M) 121.324ms
[4580.869s][info][gc,cpu         ] GC(1354) User=0.72s Sys=0.00s Real=0.12s
..[4583.017s][info][gc,start       ] GC(1355) Pause Young (Mixed) (G1 Evacuation Pause)
[4583.017s][info][gc,task        ] GC(1355) Using 6 workers of 6 for evacuation
[4583.149s][info][gc,phases      ] GC(1355)   Pre Evacuate Collection Set: 0.39ms
[4583.149s][info][gc,phases      ] GC(1355)   Merge Heap Roots: 0.61ms
[4583.149s][info][gc,phases      ] GC(1355)   Evacuate Collection Set: 130.44ms
[4583.149s][info][gc,phases      ] GC(1355)   Post Evacuate Collection Set: 0.99ms
[4583.149s][info][gc,phases      ] GC(1355)   Other: 0.08ms
[4583.149s][info][gc,heap        ] GC(1355) Eden regions: 1100->0(1118)
[4583.149s][info][gc,heap        ] GC(1355) Survivor regions: 113->110(152)
[4583.149s][info][gc,heap        ] GC(1355) Old regions: 539->477
[4583.149s][info][gc,heap        ] GC(1355) Humongous regions: 80->80
[4583.149s][info][gc,metaspace   ] GC(1355) Metaspace: 28894K(29312K)->28894K(29312K) NonClass: 24026K(24256K)->24026K(24256K) Class: 4868K(5056K)->4868K(5056K)
[4583.149s][info][gc             ] GC(1355) Pause Young (Mixed) (G1 Evacuation Pause) 3661M->1332M(4096M) 132.659ms
[4583.149s][info][gc,cpu         ] GC(1355) User=0.78s Sys=0.00s Real=0.13s
..[4585.393s][info][gc,start       ] GC(1356) Pause Young (Concurrent Start) (G1 Evacuation Pause)
[4585.393s][info][gc,task        ] GC(1356) Using 6 workers of 6 for evacuation
[4585.514s][info][gc,phases      ] GC(1356)   Pre Evacuate Collection Set: 0.36ms
[4585.514s][info][gc,phases      ] GC(1356)   Merge Heap Roots: 0.44ms
[4585.514s][info][gc,phases      ] GC(1356)   Evacuate Collection Set: 119.34ms
[4585.514s][info][gc,phases      ] GC(1356)   Post Evacuate Collection Set: 0.88ms
[4585.514s][info][gc,phases      ] GC(1356)   Other: 0.09ms
[4585.514s][info][gc,heap        ] GC(1356) Eden regions: 1118->0(1115)
[4585.514s][info][gc,heap        ] GC(1356) Survivor regions: 110->113(154)
[4585.514s][info][gc,heap        ] GC(1356) Old regions: 477->509
[4585.514s][info][gc,heap        ] GC(1356) Humongous regions: 80->80
[4585.514s][info][gc,metaspace   ] GC(1356) Metaspace: 28894K(29312K)->28894K(29312K) NonClass: 24026K(24256K)->24026K(24256K) Class: 4868K(5056K)->4868K(5056K)
[4585.514s][info][gc             ] GC(1356) Pause Young (Concurrent Start) (G1 Evacuation Pause) 3568M->1401M(4096M) 121.247ms
[4585.514s][info][gc             ] GC(1357) Concurrent Mark Cycle
[4585.514s][info][gc,marking     ] GC(1357) Concurrent Scan Root Regions
[4585.514s][info][gc,cpu         ] GC(1356) User=0.71s Sys=0.00s Real=0.13s
[4585.701s][info][gc,marking     ] GC(1357) Concurrent Scan Root Regions 187.097ms
[4585.701s][info][gc,marking     ] GC(1357) Concurrent Mark
[4585.701s][info][gc,marking     ] GC(1357) Concurrent Mark From Roots
[4585.701s][info][gc,task        ] GC(1357) Using 2 workers of 2 for marking
.[4586.727s][info][gc,marking     ] GC(1357) Concurrent Mark From Roots 1025.711ms
[4586.727s][info][gc,marking     ] GC(1357) Concurrent Preclean
[4586.727s][info][gc,marking     ] GC(1357) Concurrent Preclean 0.107ms
[4586.729s][info][gc,start       ] GC(1357) Pause Remark
[4586.732s][info][gc             ] GC(1357) Pause Remark 2501M->2501M(4096M) 3.687ms
[4586.732s][info][gc,cpu         ] GC(1357) User=0.02s Sys=0.00s Real=0.00s
[4586.733s][info][gc,marking     ] GC(1357) Concurrent Mark 1031.556ms
[4586.733s][info][gc,marking     ] GC(1357) Concurrent Rebuild Remembered Sets and Scrub Regions
.[4587.004s][info][gc,marking     ] GC(1357) Concurrent Rebuild Remembered Sets and Scrub Regions 271.696ms
[4587.005s][info][gc,start       ] GC(1357) Pause Cleanup
[4587.006s][info][gc             ] GC(1357) Pause Cleanup 2803M->2803M(4096M) 0.124ms
[4587.006s][info][gc,cpu         ] GC(1357) User=0.00s Sys=0.00s Real=0.00s
[4587.007s][info][gc,marking     ] GC(1357) Concurrent Clear Claimed Marks
[4587.007s][info][gc,marking     ] GC(1357) Concurrent Clear Claimed Marks 0.036ms
[4587.007s][info][gc,marking     ] GC(1357) Concurrent Cleanup for Next Mark
[4587.018s][info][gc,marking     ] GC(1357) Concurrent Cleanup for Next Mark 10.690ms
[4587.018s][info][gc             ] GC(1357) Concurrent Mark Cycle 1503.777ms
[4587.692s][info][gc,start       ] GC(1358) Pause Young (Prepare Mixed) (G1 Evacuation Pause)
[4587.693s][info][gc,task        ] GC(1358) Using 6 workers of 6 for evacuation
[4587.811s][info][gc,phases      ] GC(1358)   Pre Evacuate Collection Set: 0.37ms
[4587.811s][info][gc,phases      ] GC(1358)   Merge Heap Roots: 0.51ms
[4587.811s][info][gc,phases      ] GC(1358)   Evacuate Collection Set: 116.78ms
[4587.811s][info][gc,phases      ] GC(1358)   Post Evacuate Collection Set: 0.94ms
[4587.811s][info][gc,phases      ] GC(1358)   Other: 0.09ms
[4587.811s][info][gc,heap        ] GC(1358) Eden regions: 1115->0(1103)
[4587.811s][info][gc,heap        ] GC(1358) Survivor regions: 113->111(154)
[4587.811s][info][gc,heap        ] GC(1358) Old regions: 509->540
[4587.811s][info][gc,heap        ] GC(1358) Humongous regions: 80->80
[4587.811s][info][gc,metaspace   ] GC(1358) Metaspace: 28894K(29312K)->28894K(29312K) NonClass: 24026K(24256K)->24026K(24256K) Class: 4868K(5056K)->4868K(5056K)
[4587.811s][info][gc             ] GC(1358) Pause Young (Prepare Mixed) (G1 Evacuation Pause) 3631M->1461M(4096M) 118.851ms
[4587.811s][info][gc,cpu         ] GC(1358) User=0.70s Sys=0.00s Real=0.12s
...[4589.941s][info][gc,start       ] GC(1359) Pause Young (Mixed) (G1 Evacuation Pause)
[4589.941s][info][gc,task        ] GC(1359) Using 6 workers of 6 for evacuation
[4590.072s][info][gc,phases      ] GC(1359)   Pre Evacuate Collection Set: 0.36ms
[4590.073s][info][gc,phases      ] GC(1359)   Merge Heap Roots: 0.68ms
[4590.073s][info][gc,phases      ] GC(1359)   Evacuate Collection Set: 129.71ms
[4590.073s][info][gc,phases      ] GC(1359)   Post Evacuate Collection Set: 0.97ms
[4590.073s][info][gc,phases      ] GC(1359)   Other: 0.09ms
[4590.073s][info][gc,heap        ] GC(1359) Eden regions: 1103->0(1120)
[4590.073s][info][gc,heap        ] GC(1359) Survivor regions: 111->108(152)
[4590.073s][info][gc,heap        ] GC(1359) Old regions: 540->477
[4590.073s][info][gc,heap        ] GC(1359) Humongous regions: 80->80
[4590.073s][info][gc,metaspace   ] GC(1359) Metaspace: 28894K(29312K)->28894K(29312K) NonClass: 24026K(24256K)->24026K(24256K) Class: 4868K(5056K)->4868K(5056K)
[4590.073s][info][gc             ] GC(1359) Pause Young (Mixed) (G1 Evacuation Pause) 3667M->1329M(4096M) 131.941ms
[4590.073s][info][gc,cpu         ] GC(1359) User=0.78s Sys=0.00s Real=0.13s
..[4592.282s][info][gc,start       ] GC(1360) Pause Young (Concurrent Start) (G1 Evacuation Pause)
[4592.282s][info][gc,task        ] GC(1360) Using 6 workers of 6 for evacuation
[4592.401s][info][gc,phases      ] GC(1360)   Pre Evacuate Collection Set: 0.42ms
[4592.401s][info][gc,phases      ] GC(1360)   Merge Heap Roots: 0.46ms
[4592.401s][info][gc,phases      ] GC(1360)   Evacuate Collection Set: 116.87ms
[4592.401s][info][gc,phases      ] GC(1360)   Post Evacuate Collection Set: 0.89ms
[4592.401s][info][gc,phases      ] GC(1360)   Other: 0.12ms
[4592.401s][info][gc,heap        ] GC(1360) Eden regions: 1120->0(1117)
[4592.401s][info][gc,heap        ] GC(1360) Survivor regions: 108->111(154)
[4592.401s][info][gc,heap        ] GC(1360) Old regions: 477->509
[4592.401s][info][gc,heap        ] GC(1360) Humongous regions: 80->80
[4592.401s][info][gc,metaspace   ] GC(1360) Metaspace: 28894K(29312K)->28894K(29312K) NonClass: 24026K(24256K)->24026K(24256K) Class: 4868K(5056K)->4868K(5056K)
[4592.401s][info][gc             ] GC(1360) Pause Young (Concurrent Start) (G1 Evacuation Pause) 3569M->1398M(4096M) 118.882ms
[4592.401s][info][gc             ] GC(1361) Concurrent Mark Cycle
[4592.401s][info][gc,marking     ] GC(1361) Concurrent Scan Root Regions
[4592.401s][info][gc,cpu         ] GC(1360) User=0.70s Sys=0.00s Real=0.12s
[4592.549s][info][gc,marking     ] GC(1361) Concurrent Scan Root Regions 147.899ms
[4592.549s][info][gc,marking     ] GC(1361) Concurrent Mark
[4592.549s][info][gc,marking     ] GC(1361) Concurrent Mark From Roots
[4592.549s][info][gc,task        ] GC(1361) Using 2 workers of 2 for marking
.[4593.259s][info][gc,marking     ] GC(1361) Concurrent Mark From Roots 710.221ms
[4593.259s][info][gc,marking     ] GC(1361) Concurrent Preclean
[4593.259s][info][gc,marking     ] GC(1361) Concurrent Preclean 0.088ms
[4593.259s][info][gc,start       ] GC(1361) Pause Remark
[4593.265s][info][gc             ] GC(1361) Pause Remark 2149M->2149M(4096M) 5.342ms
[4593.265s][info][gc,cpu         ] GC(1361) User=0.03s Sys=0.00s Real=0.01s
[4593.265s][info][gc,marking     ] GC(1361) Concurrent Mark 716.082ms
[4593.265s][info][gc,marking     ] GC(1361) Concurrent Rebuild Remembered Sets and Scrub Regions
[4593.593s][info][gc,marking     ] GC(1361) Concurrent Rebuild Remembered Sets and Scrub Regions 328.581ms
[4593.594s][info][gc,start       ] GC(1361) Pause Cleanup
[4593.594s][info][gc             ] GC(1361) Pause Cleanup 2443M->2443M(4096M) 0.115ms
[4593.594s][info][gc,cpu         ] GC(1361) User=0.00s Sys=0.00s Real=0.00s
[4593.596s][info][gc,marking     ] GC(1361) Concurrent Clear Claimed Marks
[4593.596s][info][gc,marking     ] GC(1361) Concurrent Clear Claimed Marks 0.067ms
[4593.596s][info][gc,marking     ] GC(1361) Concurrent Cleanup for Next Mark
[4593.615s][info][gc,marking     ] GC(1361) Concurrent Cleanup for Next Mark 19.605ms
[4593.615s][info][gc             ] GC(1361) Concurrent Mark Cycle 1214.481ms
. (rIR:aIR:PR = 8164:8169:8171) (tPR = 121183) [OK] 
  4593s: Performance info:
         Transaction,    Success,    Partial,     Failed,   Receipts, AvgBarcode, 
             Overall,     493525,          0,          0,     468984,      59.47, 
         Response times:
             Request,    Success,    Partial,     Failed,   SkipFail,     Probes,    Samples,      min,      p50,      p90,      p95,      p99,      max, 
       TotalPurchase,     469343,          0,          0,          0,     350434,     532231,      300,     7500,   124000,   167000,   250000,   478000,
     InStorePurchase,     248282,          0,          0,          0,     183057,     278675,      300,     7600,   126000,   167000,   250000,   478000,
      OnlinePurchase,     171971,          0,          0,          0,     129533,     196531,      300,     7400,   123000,   168000,   251000,   478000,
        InstPurchase,      49090,          0,          0,          0,      37844,      57025,      300,     7300,   122000,   166000,   244000,   418000,
          AssocOfCat,        493,          0,          0,          0,        398,        700,    24000,    48000,   185500,   214950,   291970,   398000,
      AssocOfProduct,       4889,          0,          0,          0,       3347,       5287,      600,     6100,   111000,   156000,   236120,   360000,
      BusinessReport,       1232,          0,          0,          0,       1099,       1830,    29000,    54000,   196000,   237450,   343070,   393000,
          CustBuyBeh,       4892,          0,          0,          0,       3379,       5311,      200,     8100,   128000,   165400,   256000,   417000,
       ProductReturn,      13056,          0,          0,          0,       9955,      15379,      300,     7500,   128000,   168000,   245200,   409000,

  4593s: (60%)   IR =   8302 [4594.561s][info][gc,start       ] GC(1362) Pause Young (Prepare Mixed) (G1 Evacuation Pause)
[4594.561s][info][gc,task        ] GC(1362) Using 6 workers of 6 for evacuation
[4594.685s][info][gc,phases      ] GC(1362)   Pre Evacuate Collection Set: 0.31ms
[4594.685s][info][gc,phases      ] GC(1362)   Merge Heap Roots: 0.52ms
[4594.685s][info][gc,phases      ] GC(1362)   Evacuate Collection Set: 121.90ms
[4594.685s][info][gc,phases      ] GC(1362)   Post Evacuate Collection Set: 0.93ms
[4594.685s][info][gc,phases      ] GC(1362)   Other: 0.09ms
[4594.685s][info][gc,heap        ] GC(1362) Eden regions: 1117->0(1096)
[4594.685s][info][gc,heap        ] GC(1362) Survivor regions: 111->114(154)
[4594.685s][info][gc,heap        ] GC(1362) Old regions: 509->541
[4594.685s][info][gc,heap        ] GC(1362) Humongous regions: 80->80
[4594.685s][info][gc,metaspace   ] GC(1362) Metaspace: 28899K(29312K)->28899K(29312K) NonClass: 24031K(24256K)->24031K(24256K) Class: 4868K(5056K)->4868K(5056K)
[4594.685s][info][gc             ] GC(1362) Pause Young (Prepare Mixed) (G1 Evacuation Pause) 3632M->1468M(4096M) 123.890ms
[4594.685s][info][gc,cpu         ] GC(1362) User=0.74s Sys=0.00s Real=0.13s
..[4596.810s][info][gc,start       ] GC(1363) Pause Young (Mixed) (G1 Evacuation Pause)
[4596.810s][info][gc,task        ] GC(1363) Using 6 workers of 6 for evacuation
[4596.946s][info][gc,phases      ] GC(1363)   Pre Evacuate Collection Set: 0.37ms
[4596.946s][info][gc,phases      ] GC(1363)   Merge Heap Roots: 0.66ms
[4596.946s][info][gc,phases      ] GC(1363)   Evacuate Collection Set: 133.66ms
[4596.946s][info][gc,phases      ] GC(1363)   Post Evacuate Collection Set: 0.91ms
[4596.946s][info][gc,phases      ] GC(1363)   Other: 0.08ms
[4596.946s][info][gc,heap        ] GC(1363) Eden regions: 1096->0(1119)
[4596.946s][info][gc,heap        ] GC(1363) Survivor regions: 114->109(152)
[4596.946s][info][gc,heap        ] GC(1363) Old regions: 541->477
[4596.946s][info][gc,heap        ] GC(1363) Humongous regions: 80->80
[4596.946s][info][gc,metaspace   ] GC(1363) Metaspace: 28899K(29312K)->28899K(29312K) NonClass: 24031K(24256K)->24031K(24256K) Class: 4868K(5056K)->4868K(5056K)
[4596.946s][info][gc             ] GC(1363) Pause Young (Mixed) (G1 Evacuation Pause) 3660M->1331M(4096M) 135.826ms
[4596.946s][info][gc,cpu         ] GC(1363) User=0.80s Sys=0.00s Real=0.14s
...[4599.213s][info][gc,start       ] GC(1364) Pause Young (Concurrent Start) (G1 Evacuation Pause)
[4599.213s][info][gc,task        ] GC(1364) Using 6 workers of 6 for evacuation
[4599.334s][info][gc,phases      ] GC(1364)   Pre Evacuate Collection Set: 0.37ms
[4599.334s][info][gc,phases      ] GC(1364)   Merge Heap Roots: 0.46ms
[4599.334s][info][gc,phases      ] GC(1364)   Evacuate Collection Set: 118.94ms
[4599.334s][info][gc,phases      ] GC(1364)   Post Evacuate Collection Set: 0.90ms
[4599.334s][info][gc,phases      ] GC(1364)   Other: 0.12ms
[4599.334s][info][gc,heap        ] GC(1364) Eden regions: 1119->0(1117)
[4599.334s][info][gc,heap        ] GC(1364) Survivor regions: 109->111(154)
[4599.334s][info][gc,heap        ] GC(1364) Old regions: 477->509
[4599.334s][info][gc,heap        ] GC(1364) Humongous regions: 80->80
[4599.334s][info][gc,metaspace   ] GC(1364) Metaspace: 28899K(29312K)->28899K(29312K) NonClass: 24031K(24256K)->24031K(24256K) Class: 4868K(5056K)->4868K(5056K)
[4599.334s][info][gc             ] GC(1364) Pause Young (Concurrent Start) (G1 Evacuation Pause) 3569M->1398M(4096M) 120.926ms
[4599.334s][info][gc             ] GC(1365) Concurrent Mark Cycle
[4599.334s][info][gc,marking     ] GC(1365) Concurrent Scan Root Regions
[4599.334s][info][gc,cpu         ] GC(1364) User=0.72s Sys=0.00s Real=0.13s
[4599.477s][info][gc,marking     ] GC(1365) Concurrent Scan Root Regions 142.152ms
[4599.477s][info][gc,marking     ] GC(1365) Concurrent Mark
[4599.477s][info][gc,marking     ] GC(1365) Concurrent Mark From Roots
[4599.477s][info][gc,task        ] GC(1365) Using 2 workers of 2 for marking
[4600.173s][info][gc,marking     ] GC(1365) Concurrent Mark From Roots 696.874ms
[4600.174s][info][gc,marking     ] GC(1365) Concurrent Preclean
[4600.174s][info][gc,marking     ] GC(1365) Concurrent Preclean 0.157ms
[4600.174s][info][gc,start       ] GC(1365) Pause Remark
[4600.180s][info][gc             ] GC(1365) Pause Remark 2090M->2090M(4096M) 5.453ms
[4600.180s][info][gc,cpu         ] GC(1365) User=0.03s Sys=0.00s Real=0.00s
[4600.182s][info][gc,marking     ] GC(1365) Concurrent Mark 705.715ms
[4600.182s][info][gc,marking     ] GC(1365) Concurrent Rebuild Remembered Sets and Scrub Regions
.[4600.532s][info][gc,marking     ] GC(1365) Concurrent Rebuild Remembered Sets and Scrub Regions 349.517ms
[4600.534s][info][gc,start       ] GC(1365) Pause Cleanup
[4600.534s][info][gc             ] GC(1365) Pause Cleanup 2456M->2456M(4096M) 0.133ms
[4600.534s][info][gc,cpu         ] GC(1365) User=0.00s Sys=0.00s Real=0.00s
[4600.535s][info][gc,marking     ] GC(1365) Concurrent Clear Claimed Marks
[4600.535s][info][gc,marking     ] GC(1365) Concurrent Clear Claimed Marks 0.043ms
[4600.535s][info][gc,marking     ] GC(1365) Concurrent Cleanup for Next Mark
[4600.553s][info][gc,marking     ] GC(1365) Concurrent Cleanup for Next Mark 18.246ms
[4600.553s][info][gc             ] GC(1365) Concurrent Mark Cycle 1218.704ms
.[4601.547s][info][gc,start       ] GC(1366) Pause Young (Prepare Mixed) (G1 Evacuation Pause)
[4601.547s][info][gc,task        ] GC(1366) Using 6 workers of 6 for evacuation
[4601.672s][info][gc,phases      ] GC(1366)   Pre Evacuate Collection Set: 0.32ms
[4601.672s][info][gc,phases      ] GC(1366)   Merge Heap Roots: 0.49ms
[4601.672s][info][gc,phases      ] GC(1366)   Evacuate Collection Set: 122.39ms
[4601.672s][info][gc,phases      ] GC(1366)   Post Evacuate Collection Set: 0.93ms
[4601.672s][info][gc,phases      ] GC(1366)   Other: 0.10ms
[4601.672s][info][gc,heap        ] GC(1366) Eden regions: 1117->0(1091)
[4601.672s][info][gc,heap        ] GC(1366) Survivor regions: 111->117(154)
[4601.672s][info][gc,heap        ] GC(1366) Old regions: 509->540
[4601.672s][info][gc,heap        ] GC(1366) Humongous regions: 80->80
[4601.672s][info][gc,metaspace   ] GC(1366) Metaspace: 28899K(29312K)->28899K(29312K) NonClass: 24031K(24256K)->24031K(24256K) Class: 4868K(5056K)->4868K(5056K)
[4601.672s][info][gc             ] GC(1366) Pause Young (Prepare Mixed) (G1 Evacuation Pause) 3632M->1472M(4096M) 124.375ms
[4601.672s][info][gc,cpu         ] GC(1366) User=0.73s Sys=0.01s Real=0.12s
..[4603.693s][info][gc,start       ] GC(1367) Pause Young (Mixed) (G1 Evacuation Pause)
[4603.693s][info][gc,task        ] GC(1367) Using 6 workers of 6 for evacuation
[4603.829s][info][gc,phases      ] GC(1367)   Pre Evacuate Collection Set: 0.38ms
[4603.829s][info][gc,phases      ] GC(1367)   Merge Heap Roots: 0.66ms
[4603.829s][info][gc,phases      ] GC(1367)   Evacuate Collection Set: 133.50ms
[4603.829s][info][gc,phases      ] GC(1367)   Post Evacuate Collection Set: 0.94ms
[4603.829s][info][gc,phases      ] GC(1367)   Other: 0.09ms
[4603.829s][info][gc,heap        ] GC(1367) Eden regions: 1091->0(1117)
[4603.829s][info][gc,heap        ] GC(1367) Survivor regions: 117->111(151)
[4603.829s][info][gc,heap        ] GC(1367) Old regions: 540->476
[4603.829s][info][gc,heap        ] GC(1367) Humongous regions: 80->80
[4603.829s][info][gc,metaspace   ] GC(1367) Metaspace: 28899K(29312K)->28899K(29312K) NonClass: 24031K(24256K)->24031K(24256K) Class: 4868K(5056K)->4868K(5056K)
[4603.829s][info][gc             ] GC(1367) Pause Young (Mixed) (G1 Evacuation Pause) 3654M->1332M(4096M) 135.695ms
[4603.829s][info][gc,cpu         ] GC(1367) User=0.80s Sys=0.00s Real=0.14s
..[4605.954s][info][gc,start       ] GC(1368) Pause Young (Concurrent Start) (G1 Evacuation Pause)
[4605.954s][info][gc,task        ] GC(1368) Using 6 workers of 6 for evacuation
[4606.072s][info][gc,phases      ] GC(1368)   Pre Evacuate Collection Set: 0.36ms
[4606.072s][info][gc,phases      ] GC(1368)   Merge Heap Roots: 0.51ms
[4606.072s][info][gc,phases      ] GC(1368)   Evacuate Collection Set: 116.45ms
[4606.072s][info][gc,phases      ] GC(1368)   Post Evacuate Collection Set: 0.90ms
[4606.072s][info][gc,phases      ] GC(1368)   Other: 0.12ms
[4606.072s][info][gc,heap        ] GC(1368) Eden regions: 1117->0(1118)
[4606.072s][info][gc,heap        ] GC(1368) Survivor regions: 111->110(154)
[4606.072s][info][gc,heap        ] GC(1368) Old regions: 476->508
[4606.072s][info][gc,heap        ] GC(1368) Humongous regions: 80->80
[4606.072s][info][gc,metaspace   ] GC(1368) Metaspace: 28899K(29312K)->28899K(29312K) NonClass: 24031K(24256K)->24031K(24256K) Class: 4868K(5056K)->4868K(5056K)
[4606.072s][info][gc             ] GC(1368) Pause Young (Concurrent Start) (G1 Evacuation Pause) 3566M->1394M(4096M) 118.495ms
[4606.072s][info][gc             ] GC(1369) Concurrent Mark Cycle
[4606.072s][info][gc,marking     ] GC(1369) Concurrent Scan Root Regions
[4606.072s][info][gc,cpu         ] GC(1368) User=0.70s Sys=0.00s Real=0.11s
.[4606.276s][info][gc,marking     ] GC(1369) Concurrent Scan Root Regions 203.387ms
[4606.276s][info][gc,marking     ] GC(1369) Concurrent Mark
[4606.276s][info][gc,marking     ] GC(1369) Concurrent Mark From Roots
[4606.276s][info][gc,task        ] GC(1369) Using 2 workers of 2 for marking
.[4607.378s][info][gc,marking     ] GC(1369) Concurrent Mark From Roots 1101.742ms
[4607.378s][info][gc,marking     ] GC(1369) Concurrent Preclean
[4607.378s][info][gc,marking     ] GC(1369) Concurrent Preclean 0.094ms
[4607.379s][info][gc,start       ] GC(1369) Pause Remark
[4607.384s][info][gc             ] GC(1369) Pause Remark 2686M->2686M(4096M) 5.319ms
[4607.384s][info][gc,cpu         ] GC(1369) User=0.03s Sys=0.00s Real=0.01s
[4607.385s][info][gc,marking     ] GC(1369) Concurrent Mark 1109.313ms
[4607.385s][info][gc,marking     ] GC(1369) Concurrent Rebuild Remembered Sets and Scrub Regions
[4607.785s][info][gc,marking     ] GC(1369) Concurrent Rebuild Remembered Sets and Scrub Regions 399.867ms
[4607.785s][info][gc,start       ] GC(1369) Pause Cleanup
[4607.785s][info][gc             ] GC(1369) Pause Cleanup 3054M->3054M(4096M) 0.109ms
[4607.785s][info][gc,cpu         ] GC(1369) User=0.00s Sys=0.00s Real=0.00s
[4607.787s][info][gc,marking     ] GC(1369) Concurrent Clear Claimed Marks
[4607.787s][info][gc,marking     ] GC(1369) Concurrent Clear Claimed Marks 0.055ms
[4607.787s][info][gc,marking     ] GC(1369) Concurrent Cleanup for Next Mark
[4607.795s][info][gc,marking     ] GC(1369) Concurrent Cleanup for Next Mark 7.651ms
[4607.795s][info][gc             ] GC(1369) Concurrent Mark Cycle 1722.565ms
[4608.246s][info][gc,start       ] GC(1370) Pause Young (Prepare Mixed) (G1 Evacuation Pause)
[4608.246s][info][gc,task        ] GC(1370) Using 6 workers of 6 for evacuation
[4608.363s][info][gc,phases      ] GC(1370)   Pre Evacuate Collection Set: 0.33ms
[4608.363s][info][gc,phases      ] GC(1370)   Merge Heap Roots: 0.49ms
[4608.363s][info][gc,phases      ] GC(1370)   Evacuate Collection Set: 115.79ms
[4608.363s][info][gc,phases      ] GC(1370)   Post Evacuate Collection Set: 0.93ms
[4608.363s][info][gc,phases      ] GC(1370)   Other: 0.09ms
[4608.363s][info][gc,heap        ] GC(1370) Eden regions: 1118->0(1103)
[4608.363s][info][gc,heap        ] GC(1370) Survivor regions: 110->111(154)
[4608.363s][info][gc,heap        ] GC(1370) Old regions: 508->540
[4608.363s][info][gc,heap        ] GC(1370) Humongous regions: 80->80
[4608.363s][info][gc,metaspace   ] GC(1370) Metaspace: 28899K(29312K)->28899K(29312K) NonClass: 24031K(24256K)->24031K(24256K) Class: 4868K(5056K)->4868K(5056K)
[4608.363s][info][gc             ] GC(1370) Pause Young (Prepare Mixed) (G1 Evacuation Pause) 3630M->1459M(4096M) 117.741ms
[4608.363s][info][gc,cpu         ] GC(1370) User=0.70s Sys=0.00s Real=0.11s
...[4610.431s][info][gc,start       ] GC(1371) Pause Young (Mixed) (G1 Evacuation Pause)
[4610.431s][info][gc,task        ] GC(1371) Using 6 workers of 6 for evacuation
[4610.563s][info][gc,phases      ] GC(1371)   Pre Evacuate Collection Set: 0.38ms
[4610.563s][info][gc,phases      ] GC(1371)   Merge Heap Roots: 0.65ms
[4610.563s][info][gc,phases      ] GC(1371)   Evacuate Collection Set: 130.42ms
[4610.563s][info][gc,phases      ] GC(1371)   Post Evacuate Collection Set: 0.94ms
[4610.563s][info][gc,phases      ] GC(1371)   Other: 0.09ms
[4610.563s][info][gc,heap        ] GC(1371) Eden regions: 1103->0(1119)
[4610.563s][info][gc,heap        ] GC(1371) Survivor regions: 111->109(152)
[4610.563s][info][gc,heap        ] GC(1371) Old regions: 540->477
[4610.563s][info][gc,heap        ] GC(1371) Humongous regions: 80->80
[4610.563s][info][gc,metaspace   ] GC(1371) Metaspace: 28899K(29312K)->28899K(29312K) NonClass: 24031K(24256K)->24031K(24256K) Class: 4868K(5056K)->4868K(5056K)
[4610.563s][info][gc             ] GC(1371) Pause Young (Mixed) (G1 Evacuation Pause) 3665M->1330M(4096M) 132.607ms
[4610.563s][info][gc,cpu         ] GC(1371) User=0.79s Sys=0.00s Real=0.13s
..[4612.734s][info][gc,start       ] GC(1372) Pause Young (Concurrent Start) (G1 Evacuation Pause)
[4612.734s][info][gc,task        ] GC(1372) Using 6 workers of 6 for evacuation
[4612.853s][info][gc,phases      ] GC(1372)   Pre Evacuate Collection Set: 0.38ms
[4612.853s][info][gc,phases      ] GC(1372)   Merge Heap Roots: 0.46ms
[4612.853s][info][gc,phases      ] GC(1372)   Evacuate Collection Set: 117.19ms
[4612.853s][info][gc,phases      ] GC(1372)   Post Evacuate Collection Set: 0.90ms
[4612.853s][info][gc,phases      ] GC(1372)   Other: 0.11ms
[4612.853s][info][gc,heap        ] GC(1372) Eden regions: 1119->0(1117)
[4612.853s][info][gc,heap        ] GC(1372) Survivor regions: 109->111(154)
[4612.853s][info][gc,heap        ] GC(1372) Old regions: 477->509
[4612.853s][info][gc,heap        ] GC(1372) Humongous regions: 80->80
[4612.853s][info][gc,metaspace   ] GC(1372) Metaspace: 28899K(29312K)->28899K(29312K) NonClass: 24031K(24256K)->24031K(24256K) Class: 4868K(5056K)->4868K(5056K)
[4612.853s][info][gc             ] GC(1372) Pause Young (Concurrent Start) (G1 Evacuation Pause) 3568M->1399M(4096M) 119.184ms
[4612.853s][info][gc             ] GC(1373) Concurrent Mark Cycle
[4612.853s][info][gc,marking     ] GC(1373) Concurrent Scan Root Regions
[4612.853s][info][gc,cpu         ] GC(1372) User=0.71s Sys=0.00s Real=0.11s
[4613.034s][info][gc,marking     ] GC(1373) Concurrent Scan Root Regions 180.825ms
[4613.034s][info][gc,marking     ] GC(1373) Concurrent Mark
[4613.034s][info][gc,marking     ] GC(1373) Concurrent Mark From Roots
[4613.034s][info][gc,task        ] GC(1373) Using 2 workers of 2 for marking
.[4613.995s][info][gc,marking     ] GC(1373) Concurrent Mark From Roots 960.992ms
[4613.995s][info][gc,marking     ] GC(1373) Concurrent Preclean
[4613.995s][info][gc,marking     ] GC(1373) Concurrent Preclean 0.114ms
[4613.996s][info][gc,start       ] GC(1373) Pause Remark
[4614.003s][info][gc             ] GC(1373) Pause Remark 2537M->2537M(4096M) 7.285ms
[4614.004s][info][gc,cpu         ] GC(1373) User=0.04s Sys=0.00s Real=0.00s
[4614.004s][info][gc,marking     ] GC(1373) Concurrent Mark 969.902ms
[4614.004s][info][gc,marking     ] GC(1373) Concurrent Rebuild Remembered Sets and Scrub Regions
[4614.395s][info][gc,marking     ] GC(1373) Concurrent Rebuild Remembered Sets and Scrub Regions 390.513ms
[4614.397s][info][gc,start       ] GC(1373) Pause Cleanup
[4614.397s][info][gc             ] GC(1373) Pause Cleanup 2941M->2941M(4096M) 0.142ms
[4614.397s][info][gc,cpu         ] GC(1373) User=0.00s Sys=0.00s Real=0.00s
[4614.398s][info][gc,marking     ] GC(1373) Concurrent Clear Claimed Marks
[4614.398s][info][gc,marking     ] GC(1373) Concurrent Clear Claimed Marks 0.034ms
[4614.398s][info][gc,marking     ] GC(1373) Concurrent Cleanup for Next Mark
[4614.402s][info][gc,marking     ] GC(1373) Concurrent Cleanup for Next Mark 4.521ms
[4614.403s][info][gc             ] GC(1373) Concurrent Mark Cycle 1549.366ms
.[4615.002s][info][gc,start       ] GC(1374) Pause Young (Prepare Mixed) (G1 Evacuation Pause)
[4615.002s][info][gc,task        ] GC(1374) Using 6 workers of 6 for evacuation
[4615.122s][info][gc,phases      ] GC(1374)   Pre Evacuate Collection Set: 0.32ms
[4615.122s][info][gc,phases      ] GC(1374)   Merge Heap Roots: 0.51ms
[4615.122s][info][gc,phases      ] GC(1374)   Evacuate Collection Set: 117.70ms
[4615.122s][info][gc,phases      ] GC(1374)   Post Evacuate Collection Set: 0.95ms
[4615.122s][info][gc,phases      ] GC(1374)   Other: 0.09ms
[4615.122s][info][gc,heap        ] GC(1374) Eden regions: 1117->0(1102)
[4615.122s][info][gc,heap        ] GC(1374) Survivor regions: 111->111(154)
[4615.122s][info][gc,heap        ] GC(1374) Old regions: 509->541
[4615.122s][info][gc,heap        ] GC(1374) Humongous regions: 80->80
[4615.122s][info][gc,metaspace   ] GC(1374) Metaspace: 28899K(29312K)->28899K(29312K) NonClass: 24031K(24256K)->24031K(24256K) Class: 4868K(5056K)->4868K(5056K)
[4615.122s][info][gc             ] GC(1374) Pause Young (Prepare Mixed) (G1 Evacuation Pause) 3633M->1462M(4096M) 119.712ms
[4615.122s][info][gc,cpu         ] GC(1374) User=0.70s Sys=0.00s Real=0.12s
..[4617.190s][info][gc,start       ] GC(1375) Pause Young (Mixed) (G1 Evacuation Pause)
[4617.190s][info][gc,task        ] GC(1375) Using 6 workers of 6 for evacuation
[4617.326s][info][gc,phases      ] GC(1375)   Pre Evacuate Collection Set: 0.39ms
[4617.326s][info][gc,phases      ] GC(1375)   Merge Heap Roots: 0.72ms
[4617.326s][info][gc,phases      ] GC(1375)   Evacuate Collection Set: 134.23ms
[4617.326s][info][gc,phases      ] GC(1375)   Post Evacuate Collection Set: 0.96ms
[4617.326s][info][gc,phases      ] GC(1375)   Other: 0.10ms
[4617.326s][info][gc,heap        ] GC(1375) Eden regions: 1102->0(1118)
[4617.326s][info][gc,heap        ] GC(1375) Survivor regions: 111->110(152)
[4617.326s][info][gc,heap        ] GC(1375) Old regions: 541->477
[4617.326s][info][gc,heap        ] GC(1375) Humongous regions: 80->80
[4617.326s][info][gc,metaspace   ] GC(1375) Metaspace: 28899K(29312K)->28899K(29312K) NonClass: 24031K(24256K)->24031K(24256K) Class: 4868K(5056K)->4868K(5056K)
[4617.326s][info][gc             ] GC(1375) Pause Young (Mixed) (G1 Evacuation Pause) 3666M->1333M(4096M) 136.576ms
[4617.326s][info][gc,cpu         ] GC(1375) User=0.81s Sys=0.00s Real=0.14s
..|[4619.433s][info][gc,start       ] GC(1376) Pause Young (Concurrent Start) (G1 Evacuation Pause)
[4619.433s][info][gc,task        ] GC(1376) Using 6 workers of 6 for evacuation
[4619.560s][info][gc,phases      ] GC(1376)   Pre Evacuate Collection Set: 0.38ms
[4619.560s][info][gc,phases      ] GC(1376)   Merge Heap Roots: 0.44ms
[4619.560s][info][gc,phases      ] GC(1376)   Evacuate Collection Set: 124.29ms
[4619.560s][info][gc,phases      ] GC(1376)   Post Evacuate Collection Set: 0.85ms
[4619.560s][info][gc,phases      ] GC(1376)   Other: 0.11ms
[4619.560s][info][gc,heap        ] GC(1376) Eden regions: 1118->0(1112)
[4619.560s][info][gc,heap        ] GC(1376) Survivor regions: 110->116(154)
[4619.560s][info][gc,heap        ] GC(1376) Old regions: 477->509
[4619.560s][info][gc,heap        ] GC(1376) Humongous regions: 80->80
[4619.560s][info][gc,metaspace   ] GC(1376) Metaspace: 28899K(29312K)->28899K(29312K) NonClass: 24031K(24256K)->24031K(24256K) Class: 4868K(5056K)->4868K(5056K)
[4619.560s][info][gc             ] GC(1376) Pause Young (Concurrent Start) (G1 Evacuation Pause) 3569M->1408M(4096M) 126.203ms
[4619.560s][info][gc             ] GC(1377) Concurrent Mark Cycle
[4619.560s][info][gc,marking     ] GC(1377) Concurrent Scan Root Regions
[4619.560s][info][gc,cpu         ] GC(1376) User=0.75s Sys=0.00s Real=0.13s
.[4619.706s][info][gc,marking     ] GC(1377) Concurrent Scan Root Regions 146.344ms
[4619.706s][info][gc,marking     ] GC(1377) Concurrent Mark
[4619.706s][info][gc,marking     ] GC(1377) Concurrent Mark From Roots
[4619.706s][info][gc,task        ] GC(1377) Using 2 workers of 2 for marking
[4620.471s][info][gc,marking     ] GC(1377) Concurrent Mark From Roots 764.474ms
[4620.471s][info][gc,marking     ] GC(1377) Concurrent Preclean
[4620.471s][info][gc,marking     ] GC(1377) Concurrent Preclean 0.095ms
[4620.472s][info][gc,start       ] GC(1377) Pause Remark
[4620.476s][info][gc             ] GC(1377) Pause Remark 2212M->2212M(4096M) 4.568ms
[4620.476s][info][gc,cpu         ] GC(1377) User=0.03s Sys=0.00s Real=0.01s
[4620.476s][info][gc,marking     ] GC(1377) Concurrent Mark 770.226ms
[4620.476s][info][gc,marking     ] GC(1377) Concurrent Rebuild Remembered Sets and Scrub Regions
.[4620.746s][info][gc,marking     ] GC(1377) Concurrent Rebuild Remembered Sets and Scrub Regions 269.667ms
[4620.746s][info][gc,start       ] GC(1377) Pause Cleanup
[4620.746s][info][gc             ] GC(1377) Pause Cleanup 2449M->2449M(4096M) 0.122ms
[4620.746s][info][gc,cpu         ] GC(1377) User=0.00s Sys=0.00s Real=0.00s
[4620.746s][info][gc,marking     ] GC(1377) Concurrent Clear Claimed Marks
[4620.746s][info][gc,marking     ] GC(1377) Concurrent Clear Claimed Marks 0.027ms
[4620.746s][info][gc,marking     ] GC(1377) Concurrent Cleanup for Next Mark
[4620.753s][info][gc,marking     ] GC(1377) Concurrent Cleanup for Next Mark 6.884ms
[4620.753s][info][gc             ] GC(1377) Concurrent Mark Cycle 1193.712ms
.[4621.774s][info][gc,start       ] GC(1378) Pause Young (Prepare Mixed) (G1 Evacuation Pause)
[4621.774s][info][gc,task        ] GC(1378) Using 6 workers of 6 for evacuation
[4621.891s][info][gc,phases      ] GC(1378)   Pre Evacuate Collection Set: 0.34ms
[4621.891s][info][gc,phases      ] GC(1378)   Merge Heap Roots: 0.50ms
[4621.891s][info][gc,phases      ] GC(1378)   Evacuate Collection Set: 115.12ms
[4621.891s][info][gc,phases      ] GC(1378)   Post Evacuate Collection Set: 0.91ms
[4621.891s][info][gc,phases      ] GC(1378)   Other: 0.09ms
[4621.891s][info][gc,heap        ] GC(1378) Eden regions: 1112->0(1111)
[4621.891s][info][gc,heap        ] GC(1378) Survivor regions: 116->107(154)
[4621.891s][info][gc,heap        ] GC(1378) Old regions: 509->540
[4621.891s][info][gc,heap        ] GC(1378) Humongous regions: 80->80
[4621.891s][info][gc,metaspace   ] GC(1378) Metaspace: 28899K(29312K)->28899K(29312K) NonClass: 24031K(24256K)->24031K(24256K) Class: 4868K(5056K)->4868K(5056K)
[4621.892s][info][gc             ] GC(1378) Pause Young (Prepare Mixed) (G1 Evacuation Pause) 3632M->1453M(4096M) 117.124ms
[4621.892s][info][gc,cpu         ] GC(1378) User=0.70s Sys=0.00s Real=0.11s
..[4623.971s][info][gc,start       ] GC(1379) Pause Young (Mixed) (G1 Evacuation Pause)
[4623.971s][info][gc,task        ] GC(1379) Using 6 workers of 6 for evacuation
[4624.106s][info][gc,phases      ] GC(1379)   Pre Evacuate Collection Set: 0.36ms
[4624.106s][info][gc,phases      ] GC(1379)   Merge Heap Roots: 0.64ms
[4624.106s][info][gc,phases      ] GC(1379)   Evacuate Collection Set: 133.51ms
[4624.106s][info][gc,phases      ] GC(1379)   Post Evacuate Collection Set: 0.94ms
[4624.106s][info][gc,phases      ] GC(1379)   Other: 0.09ms
[4624.106s][info][gc,heap        ] GC(1379) Eden regions: 1111->0(1117)
[4624.106s][info][gc,heap        ] GC(1379) Survivor regions: 107->111(153)
[4624.106s][info][gc,heap        ] GC(1379) Old regions: 540->477
[4624.106s][info][gc,heap        ] GC(1379) Humongous regions: 80->80
[4624.106s][info][gc,metaspace   ] GC(1379) Metaspace: 28899K(29312K)->28899K(29312K) NonClass: 24031K(24256K)->24031K(24256K) Class: 4868K(5056K)->4868K(5056K)
[4624.107s][info][gc             ] GC(1379) Pause Young (Mixed) (G1 Evacuation Pause) 3675M->1334M(4096M) 135.685ms
[4624.107s][info][gc,cpu         ] GC(1379) User=0.80s Sys=0.00s Real=0.14s
..[4626.278s][info][gc,start       ] GC(1380) Pause Young (Concurrent Start) (G1 Evacuation Pause)
[4626.278s][info][gc,task        ] GC(1380) Using 6 workers of 6 for evacuation
[4626.400s][info][gc,phases      ] GC(1380)   Pre Evacuate Collection Set: 0.41ms
[4626.400s][info][gc,phases      ] GC(1380)   Merge Heap Roots: 0.47ms
[4626.400s][info][gc,phases      ] GC(1380)   Evacuate Collection Set: 120.09ms
[4626.400s][info][gc,phases      ] GC(1380)   Post Evacuate Collection Set: 0.89ms
[4626.400s][info][gc,phases      ] GC(1380)   Other: 0.12ms
[4626.400s][info][gc,heap        ] GC(1380) Eden regions: 1117->0(1116)
[4626.400s][info][gc,heap        ] GC(1380) Survivor regions: 111->112(154)
[4626.400s][info][gc,heap        ] GC(1380) Old regions: 477->508
[4626.400s][info][gc,heap        ] GC(1380) Humongous regions: 80->80
[4626.400s][info][gc,metaspace   ] GC(1380) Metaspace: 28899K(29312K)->28899K(29312K) NonClass: 24031K(24256K)->24031K(24256K) Class: 4868K(5056K)->4868K(5056K)
[4626.400s][info][gc             ] GC(1380) Pause Young (Concurrent Start) (G1 Evacuation Pause) 3568M->1399M(4096M) 122.113ms
[4626.400s][info][gc             ] GC(1381) Concurrent Mark Cycle
[4626.400s][info][gc,marking     ] GC(1381) Concurrent Scan Root Regions
[4626.400s][info][gc,cpu         ] GC(1380) User=0.72s Sys=0.00s Real=0.12s
[4626.542s][info][gc,marking     ] GC(1381) Concurrent Scan Root Regions 141.921ms
[4626.542s][info][gc,marking     ] GC(1381) Concurrent Mark
[4626.542s][info][gc,marking     ] GC(1381) Concurrent Mark From Roots
[4626.542s][info][gc,task        ] GC(1381) Using 2 workers of 2 for marking
.[4627.338s][info][gc,marking     ] GC(1381) Concurrent Mark From Roots 795.466ms
[4627.338s][info][gc,marking     ] GC(1381) Concurrent Preclean
[4627.338s][info][gc,marking     ] GC(1381) Concurrent Preclean 0.094ms
[4627.340s][info][gc,start       ] GC(1381) Pause Remark
[4627.346s][info][gc             ] GC(1381) Pause Remark 2255M->2255M(4096M) 6.100ms
[4627.346s][info][gc,cpu         ] GC(1381) User=0.03s Sys=0.00s Real=0.01s
[4627.346s][info][gc,marking     ] GC(1381) Concurrent Mark 804.448ms
[4627.346s][info][gc,marking     ] GC(1381) Concurrent Rebuild Remembered Sets and Scrub Regions
[4627.702s][info][gc,marking     ] GC(1381) Concurrent Rebuild Remembered Sets and Scrub Regions 355.397ms
[4627.704s][info][gc,start       ] GC(1381) Pause Cleanup
[4627.704s][info][gc             ] GC(1381) Pause Cleanup 2615M->2615M(4096M) 0.138ms
[4627.704s][info][gc,cpu         ] GC(1381) User=0.00s Sys=0.00s Real=0.00s
[4627.704s][info][gc,marking     ] GC(1381) Concurrent Clear Claimed Marks
[4627.704s][info][gc,marking     ] GC(1381) Concurrent Clear Claimed Marks 0.024ms
[4627.704s][info][gc,marking     ] GC(1381) Concurrent Cleanup for Next Mark
[4627.708s][info][gc,marking     ] GC(1381) Concurrent Cleanup for Next Mark 4.476ms
[4627.709s][info][gc             ] GC(1381) Concurrent Mark Cycle 1308.482ms
.[4628.507s][info][gc,start       ] GC(1382) Pause Young (Prepare Mixed) (G1 Evacuation Pause)
[4628.507s][info][gc,task        ] GC(1382) Using 6 workers of 6 for evacuation
[4628.629s][info][gc,phases      ] GC(1382)   Pre Evacuate Collection Set: 0.30ms
[4628.629s][info][gc,phases      ] GC(1382)   Merge Heap Roots: 0.54ms
[4628.629s][info][gc,phases      ] GC(1382)   Evacuate Collection Set: 120.89ms
[4628.629s][info][gc,phases      ] GC(1382)   Post Evacuate Collection Set: 0.93ms
[4628.629s][info][gc,phases      ] GC(1382)   Other: 0.10ms
[4628.629s][info][gc,heap        ] GC(1382) Eden regions: 1116->0(1099)
[4628.629s][info][gc,heap        ] GC(1382) Survivor regions: 112->113(154)
[4628.629s][info][gc,heap        ] GC(1382) Old regions: 508->540
[4628.629s][info][gc,heap        ] GC(1382) Humongous regions: 80->80
[4628.629s][info][gc,metaspace   ] GC(1382) Metaspace: 28899K(29312K)->28899K(29312K) NonClass: 24031K(24256K)->24031K(24256K) Class: 4868K(5056K)->4868K(5056K)
[4628.630s][info][gc             ] GC(1382) Pause Young (Prepare Mixed) (G1 Evacuation Pause) 3631M->1465M(4096M) 122.908ms
[4628.630s][info][gc,cpu         ] GC(1382) User=0.72s Sys=0.00s Real=0.12s
..[4630.724s][info][gc,start       ] GC(1383) Pause Young (Mixed) (G1 Evacuation Pause)
[4630.724s][info][gc,task        ] GC(1383) Using 6 workers of 6 for evacuation
[4630.859s][info][gc,phases      ] GC(1383)   Pre Evacuate Collection Set: 0.42ms
[4630.859s][info][gc,phases      ] GC(1383)   Merge Heap Roots: 0.84ms
[4630.859s][info][gc,phases      ] GC(1383)   Evacuate Collection Set: 132.53ms
[4630.859s][info][gc,phases      ] GC(1383)   Post Evacuate Collection Set: 0.93ms
[4630.859s][info][gc,phases      ] GC(1383)   Other: 0.91ms
[4630.859s][info][gc,heap        ] GC(1383) Eden regions: 1099->0(1118)
[4630.859s][info][gc,heap        ] GC(1383) Survivor regions: 113->110(152)
[4630.859s][info][gc,heap        ] GC(1383) Old regions: 540->477
[4630.859s][info][gc,heap        ] GC(1383) Humongous regions: 80->80
[4630.859s][info][gc,metaspace   ] GC(1383) Metaspace: 28899K(29312K)->28899K(29312K) NonClass: 24031K(24256K)->24031K(24256K) Class: 4868K(5056K)->4868K(5056K)
[4630.859s][info][gc             ] GC(1383) Pause Young (Mixed) (G1 Evacuation Pause) 3663M->1333M(4096M) 135.764ms
[4630.859s][info][gc,cpu         ] GC(1383) User=0.80s Sys=0.00s Real=0.13s
...[4633.084s][info][gc,start       ] GC(1384) Pause Young (Concurrent Start) (G1 Evacuation Pause)
[4633.084s][info][gc,task        ] GC(1384) Using 6 workers of 6 for evacuation
[4633.203s][info][gc,phases      ] GC(1384)   Pre Evacuate Collection Set: 0.40ms
[4633.203s][info][gc,phases      ] GC(1384)   Merge Heap Roots: 0.45ms
[4633.203s][info][gc,phases      ] GC(1384)   Evacuate Collection Set: 117.25ms
[4633.203s][info][gc,phases      ] GC(1384)   Post Evacuate Collection Set: 0.89ms
[4633.203s][info][gc,phases      ] GC(1384)   Other: 0.12ms
[4633.203s][info][gc,heap        ] GC(1384) Eden regions: 1118->0(1117)
[4633.203s][info][gc,heap        ] GC(1384) Survivor regions: 110->111(154)
[4633.203s][info][gc,heap        ] GC(1384) Old regions: 477->509
[4633.203s][info][gc,heap        ] GC(1384) Humongous regions: 80->80
[4633.203s][info][gc,metaspace   ] GC(1384) Metaspace: 28899K(29312K)->28899K(29312K) NonClass: 24031K(24256K)->24031K(24256K) Class: 4868K(5056K)->4868K(5056K)
[4633.203s][info][gc             ] GC(1384) Pause Young (Concurrent Start) (G1 Evacuation Pause) 3569M->1397M(4096M) 119.237ms
[4633.203s][info][gc             ] GC(1385) Concurrent Mark Cycle
[4633.203s][info][gc,marking     ] GC(1385) Concurrent Scan Root Regions
[4633.203s][info][gc,cpu         ] GC(1384) User=0.71s Sys=0.00s Real=0.11s
[4633.344s][info][gc,marking     ] GC(1385) Concurrent Scan Root Regions 140.289ms
[4633.344s][info][gc,marking     ] GC(1385) Concurrent Mark
[4633.344s][info][gc,marking     ] GC(1385) Concurrent Mark From Roots
[4633.344s][info][gc,task        ] GC(1385) Using 2 workers of 2 for marking
.[4634.047s][info][gc,marking     ] GC(1385) Concurrent Mark From Roots 703.225ms
[4634.047s][info][gc,marking     ] GC(1385) Concurrent Preclean
[4634.047s][info][gc,marking     ] GC(1385) Concurrent Preclean 0.076ms
[4634.049s][info][gc,start       ] GC(1385) Pause Remark
[4634.054s][info][gc             ] GC(1385) Pause Remark 2073M->2073M(4096M) 4.478ms
[4634.054s][info][gc,cpu         ] GC(1385) User=0.02s Sys=0.00s Real=0.01s
[4634.055s][info][gc,marking     ] GC(1385) Concurrent Mark 711.655ms
[4634.055s][info][gc,marking     ] GC(1385) Concurrent Rebuild Remembered Sets and Scrub Regions
[4634.482s][info][gc,marking     ] GC(1385) Concurrent Rebuild Remembered Sets and Scrub Regions 426.540ms
[4634.482s][info][gc,start       ] GC(1385) Pause Cleanup
[4634.482s][info][gc             ] GC(1385) Pause Cleanup 2442M->2442M(4096M) 0.124ms
[4634.482s][info][gc,cpu         ] GC(1385) User=0.00s Sys=0.00s Real=0.00s
[4634.483s][info][gc,marking     ] GC(1385) Concurrent Clear Claimed Marks
[4634.483s][info][gc,marking     ] GC(1385) Concurrent Clear Claimed Marks 0.039ms
[4634.483s][info][gc,marking     ] GC(1385) Concurrent Cleanup for Next Mark
[4634.489s][info][gc,marking     ] GC(1385) Concurrent Cleanup for Next Mark 5.194ms
[4634.489s][info][gc             ] GC(1385) Concurrent Mark Cycle 1285.346ms
.[4635.281s][info][gc,start       ] GC(1386) Pause Young (Prepare Mixed) (G1 Evacuation Pause)
[4635.281s][info][gc,task        ] GC(1386) Using 6 workers of 6 for evacuation
[4635.402s][info][gc,phases      ] GC(1386)   Pre Evacuate Collection Set: 0.34ms
[4635.402s][info][gc,phases      ] GC(1386)   Merge Heap Roots: 0.47ms
[4635.402s][info][gc,phases      ] GC(1386)   Evacuate Collection Set: 118.91ms
[4635.402s][info][gc,phases      ] GC(1386)   Post Evacuate Collection Set: 0.92ms
[4635.402s][info][gc,phases      ] GC(1386)   Other: 0.09ms
[4635.402s][info][gc,heap        ] GC(1386) Eden regions: 1117->0(1099)
[4635.402s][info][gc,heap        ] GC(1386) Survivor regions: 111->113(154)
[4635.402s][info][gc,heap        ] GC(1386) Old regions: 509->540
[4635.402s][info][gc,heap        ] GC(1386) Humongous regions: 80->80
[4635.402s][info][gc,metaspace   ] GC(1386) Metaspace: 28899K(29312K)->28899K(29312K) NonClass: 24031K(24256K)->24031K(24256K) Class: 4868K(5056K)->4868K(5056K)
[4635.402s][info][gc             ] GC(1386) Pause Young (Prepare Mixed) (G1 Evacuation Pause) 3631M->1463M(4096M) 120.858ms
[4635.402s][info][gc,cpu         ] GC(1386) User=0.71s Sys=0.00s Real=0.12s
..[4637.490s][info][gc,start       ] GC(1387) Pause Young (Mixed) (G1 Evacuation Pause)
[4637.490s][info][gc,task        ] GC(1387) Using 6 workers of 6 for evacuation
[4637.623s][info][gc,phases      ] GC(1387)   Pre Evacuate Collection Set: 0.40ms
[4637.623s][info][gc,phases      ] GC(1387)   Merge Heap Roots: 0.73ms
[4637.623s][info][gc,phases      ] GC(1387)   Evacuate Collection Set: 131.22ms
[4637.623s][info][gc,phases      ] GC(1387)   Post Evacuate Collection Set: 0.95ms
[4637.623s][info][gc,phases      ] GC(1387)   Other: 0.10ms
[4637.623s][info][gc,heap        ] GC(1387) Eden regions: 1099->0(1119)
[4637.623s][info][gc,heap        ] GC(1387) Survivor regions: 113->109(152)
[4637.623s][info][gc,heap        ] GC(1387) Old regions: 540->477
[4637.623s][info][gc,heap        ] GC(1387) Humongous regions: 80->80
[4637.623s][info][gc,metaspace   ] GC(1387) Metaspace: 28899K(29312K)->28899K(29312K) NonClass: 24031K(24256K)->24031K(24256K) Class: 4868K(5056K)->4868K(5056K)
[4637.623s][info][gc             ] GC(1387) Pause Young (Mixed) (G1 Evacuation Pause) 3661M->1331M(4096M) 133.568ms
[4637.623s][info][gc,cpu         ] GC(1387) User=0.79s Sys=0.00s Real=0.13s
..[4639.743s][info][gc,start       ] GC(1388) Pause Young (Concurrent Start) (G1 Evacuation Pause)
[4639.743s][info][gc,task        ] GC(1388) Using 6 workers of 6 for evacuation
[4639.861s][info][gc,phases      ] GC(1388)   Pre Evacuate Collection Set: 0.40ms
[4639.861s][info][gc,phases      ] GC(1388)   Merge Heap Roots: 0.48ms
[4639.861s][info][gc,phases      ] GC(1388)   Evacuate Collection Set: 116.42ms
[4639.861s][info][gc,phases      ] GC(1388)   Post Evacuate Collection Set: 0.90ms
[4639.861s][info][gc,phases      ] GC(1388)   Other: 0.12ms
[4639.861s][info][gc,heap        ] GC(1388) Eden regions: 1119->0(1117)
[4639.861s][info][gc,heap        ] GC(1388) Survivor regions: 109->111(154)
[4639.861s][info][gc,heap        ] GC(1388) Old regions: 477->509
[4639.861s][info][gc,heap        ] GC(1388) Humongous regions: 80->80
[4639.861s][info][gc,metaspace   ] GC(1388) Metaspace: 28899K(29312K)->28899K(29312K) NonClass: 24031K(24256K)->24031K(24256K) Class: 4868K(5056K)->4868K(5056K)
[4639.861s][info][gc             ] GC(1388) Pause Young (Concurrent Start) (G1 Evacuation Pause) 3569M->1398M(4096M) 118.450ms
[4639.861s][info][gc             ] GC(1389) Concurrent Mark Cycle
[4639.861s][info][gc,marking     ] GC(1389) Concurrent Scan Root Regions
[4639.861s][info][gc,cpu         ] GC(1388) User=0.70s Sys=0.00s Real=0.12s
[4640.043s][info][gc,marking     ] GC(1389) Concurrent Scan Root Regions 181.783ms
[4640.043s][info][gc,marking     ] GC(1389) Concurrent Mark
[4640.043s][info][gc,marking     ] GC(1389) Concurrent Mark From Roots
[4640.043s][info][gc,task        ] GC(1389) Using 2 workers of 2 for marking
.[4641.012s][info][gc,marking     ] GC(1389) Concurrent Mark From Roots 968.483ms
[4641.012s][info][gc,marking     ] GC(1389) Concurrent Preclean
[4641.012s][info][gc,marking     ] GC(1389) Concurrent Preclean 0.102ms
[4641.014s][info][gc,start       ] GC(1389) Pause Remark
[4641.020s][info][gc             ] GC(1389) Pause Remark 2524M->2524M(4096M) 6.179ms
[4641.020s][info][gc,cpu         ] GC(1389) User=0.03s Sys=0.00s Real=0.00s
[4641.020s][info][gc,marking     ] GC(1389) Concurrent Mark 977.009ms
[4641.020s][info][gc,marking     ] GC(1389) Concurrent Rebuild Remembered Sets and Scrub Regions
.[4641.463s][info][gc,marking     ] GC(1389) Concurrent Rebuild Remembered Sets and Scrub Regions 443.172ms
[4641.464s][info][gc,start       ] GC(1389) Pause Cleanup
[4641.464s][info][gc             ] GC(1389) Pause Cleanup 2982M->2982M(4096M) 0.110ms
[4641.464s][info][gc,cpu         ] GC(1389) User=0.00s Sys=0.00s Real=0.00s
[4641.464s][info][gc,marking     ] GC(1389) Concurrent Clear Claimed Marks
[4641.464s][info][gc,marking     ] GC(1389) Concurrent Clear Claimed Marks 0.021ms
[4641.464s][info][gc,marking     ] GC(1389) Concurrent Cleanup for Next Mark
[4641.486s][info][gc,marking     ] GC(1389) Concurrent Cleanup for Next Mark 22.227ms
[4641.486s][info][gc             ] GC(1389) Concurrent Mark Cycle 1624.871ms
[4642.033s][info][gc,start       ] GC(1390) Pause Young (Prepare Mixed) (G1 Evacuation Pause)
[4642.033s][info][gc,task        ] GC(1390) Using 6 workers of 6 for evacuation
[4642.151s][info][gc,phases      ] GC(1390)   Pre Evacuate Collection Set: 0.33ms
[4642.151s][info][gc,phases      ] GC(1390)   Merge Heap Roots: 0.53ms
[4642.151s][info][gc,phases      ] GC(1390)   Evacuate Collection Set: 116.54ms
[4642.151s][info][gc,phases      ] GC(1390)   Post Evacuate Collection Set: 0.93ms
[4642.151s][info][gc,phases      ] GC(1390)   Other: 0.09ms
[4642.151s][info][gc,heap        ] GC(1390) Eden regions: 1117->0(1104)
[4642.151s][info][gc,heap        ] GC(1390) Survivor regions: 111->110(154)
[4642.151s][info][gc,heap        ] GC(1390) Old regions: 509->541
[4642.151s][info][gc,heap        ] GC(1390) Humongous regions: 80->80
[4642.151s][info][gc,metaspace   ] GC(1390) Metaspace: 28899K(29312K)->28899K(29312K) NonClass: 24031K(24256K)->24031K(24256K) Class: 4868K(5056K)->4868K(5056K)
[4642.151s][info][gc             ] GC(1390) Pause Young (Prepare Mixed) (G1 Evacuation Pause) 3632M->1460M(4096M) 118.584ms
[4642.151s][info][gc,cpu         ] GC(1390) User=0.70s Sys=0.01s Real=0.12s
..[4644.215s][info][gc,start       ] GC(1391) Pause Young (Mixed) (G1 Evacuation Pause)
[4644.215s][info][gc,task        ] GC(1391) Using 6 workers of 6 for evacuation
[4644.351s][info][gc,phases      ] GC(1391)   Pre Evacuate Collection Set: 0.34ms
[4644.351s][info][gc,phases      ] GC(1391)   Merge Heap Roots: 0.64ms
[4644.351s][info][gc,phases      ] GC(1391)   Evacuate Collection Set: 133.94ms
[4644.351s][info][gc,phases      ] GC(1391)   Post Evacuate Collection Set: 0.95ms
[4644.351s][info][gc,phases      ] GC(1391)   Other: 0.09ms
[4644.351s][info][gc,heap        ] GC(1391) Eden regions: 1104->0(1115)
[4644.351s][info][gc,heap        ] GC(1391) Survivor regions: 110->113(152)
[4644.351s][info][gc,heap        ] GC(1391) Old regions: 541->477
[4644.351s][info][gc,heap        ] GC(1391) Humongous regions: 80->80
[4644.351s][info][gc,metaspace   ] GC(1391) Metaspace: 28899K(29312K)->28899K(29312K) NonClass: 24031K(24256K)->24031K(24256K) Class: 4868K(5056K)->4868K(5056K)
[4644.351s][info][gc             ] GC(1391) Pause Young (Mixed) (G1 Evacuation Pause) 3668M->1339M(4096M) 136.105ms
[4644.351s][info][gc,cpu         ] GC(1391) User=0.81s Sys=0.00s Real=0.13s
...[4646.506s][info][gc,start       ] GC(1392) Pause Young (Concurrent Start) (G1 Evacuation Pause)
[4646.506s][info][gc,task        ] GC(1392) Using 6 workers of 6 for evacuation
[4646.625s][info][gc,phases      ] GC(1392)   Pre Evacuate Collection Set: 0.37ms
[4646.625s][info][gc,phases      ] GC(1392)   Merge Heap Roots: 0.48ms
[4646.625s][info][gc,phases      ] GC(1392)   Evacuate Collection Set: 117.75ms
[4646.625s][info][gc,phases      ] GC(1392)   Post Evacuate Collection Set: 0.86ms
[4646.625s][info][gc,phases      ] GC(1392)   Other: 0.14ms
[4646.625s][info][gc,heap        ] GC(1392) Eden regions: 1115->0(1116)
[4646.625s][info][gc,heap        ] GC(1392) Survivor regions: 113->112(154)
[4646.625s][info][gc,heap        ] GC(1392) Old regions: 477->507
[4646.625s][info][gc,heap        ] GC(1392) Humongous regions: 80->80
[4646.625s][info][gc,metaspace   ] GC(1392) Metaspace: 28899K(29312K)->28899K(29312K) NonClass: 24031K(24256K)->24031K(24256K) Class: 4868K(5056K)->4868K(5056K)
[4646.625s][info][gc             ] GC(1392) Pause Young (Concurrent Start) (G1 Evacuation Pause) 3569M->1397M(4096M) 119.728ms
[4646.625s][info][gc             ] GC(1393) Concurrent Mark Cycle
[4646.625s][info][gc,marking     ] GC(1393) Concurrent Scan Root Regions
[4646.625s][info][gc,cpu         ] GC(1392) User=0.71s Sys=0.00s Real=0.12s
[4646.806s][info][gc,marking     ] GC(1393) Concurrent Scan Root Regions 180.652ms
[4646.806s][info][gc,marking     ] GC(1393) Concurrent Mark
[4646.806s][info][gc,marking     ] GC(1393) Concurrent Mark From Roots
[4646.806s][info][gc,task        ] GC(1393) Using 2 workers of 2 for marking
.[4647.797s][info][gc,marking     ] GC(1393) Concurrent Mark From Roots 991.019ms
[4647.797s][info][gc,marking     ] GC(1393) Concurrent Preclean
[4647.797s][info][gc,marking     ] GC(1393) Concurrent Preclean 0.092ms
[4647.801s][info][gc,start       ] GC(1393) Pause Remark
[4647.807s][info][gc             ] GC(1393) Pause Remark 2481M->2481M(4096M) 5.992ms
[4647.807s][info][gc,cpu         ] GC(1393) User=0.03s Sys=0.00s Real=0.01s
[4647.807s][info][gc,marking     ] GC(1393) Concurrent Mark 1000.739ms
[4647.807s][info][gc,marking     ] GC(1393) Concurrent Rebuild Remembered Sets and Scrub Regions
[4648.172s][info][gc,marking     ] GC(1393) Concurrent Rebuild Remembered Sets and Scrub Regions 364.919ms
[4648.173s][info][gc,start       ] GC(1393) Pause Cleanup
[4648.174s][info][gc             ] GC(1393) Pause Cleanup 2845M->2845M(4096M) 0.131ms
[4648.174s][info][gc,cpu         ] GC(1393) User=0.00s Sys=0.00s Real=0.01s
[4648.175s][info][gc,marking     ] GC(1393) Concurrent Clear Claimed Marks
[4648.175s][info][gc,marking     ] GC(1393) Concurrent Clear Claimed Marks 0.069ms
[4648.175s][info][gc,marking     ] GC(1393) Concurrent Cleanup for Next Mark
[4648.181s][info][gc,marking     ] GC(1393) Concurrent Cleanup for Next Mark 6.066ms
[4648.181s][info][gc             ] GC(1393) Concurrent Mark Cycle 1556.086ms
.[4648.724s][info][gc,start       ] GC(1394) Pause Young (Prepare Mixed) (G1 Evacuation Pause)
[4648.724s][info][gc,task        ] GC(1394) Using 6 workers of 6 for evacuation
[4648.850s][info][gc,phases      ] GC(1394)   Pre Evacuate Collection Set: 0.36ms
[4648.850s][info][gc,phases      ] GC(1394)   Merge Heap Roots: 0.50ms
[4648.850s][info][gc,phases      ] GC(1394)   Evacuate Collection Set: 124.37ms
[4648.850s][info][gc,phases      ] GC(1394)   Post Evacuate Collection Set: 0.94ms
[4648.850s][info][gc,phases      ] GC(1394)   Other: 0.09ms
[4648.850s][info][gc,heap        ] GC(1394) Eden regions: 1116->0(1090)
[4648.850s][info][gc,heap        ] GC(1394) Survivor regions: 112->118(154)
[4648.850s][info][gc,heap        ] GC(1394) Old regions: 507->539
[4648.850s][info][gc,heap        ] GC(1394) Humongous regions: 80->80
[4648.850s][info][gc,metaspace   ] GC(1394) Metaspace: 28899K(29312K)->28899K(29312K) NonClass: 24031K(24256K)->24031K(24256K) Class: 4868K(5056K)->4868K(5056K)
[4648.850s][info][gc             ] GC(1394) Pause Young (Prepare Mixed) (G1 Evacuation Pause) 3629M->1472M(4096M) 126.396ms
[4648.850s][info][gc,cpu         ] GC(1394) User=0.75s Sys=0.00s Real=0.12s
..[4650.915s][info][gc,start       ] GC(1395) Pause Young (Mixed) (G1 Evacuation Pause)
[4650.915s][info][gc,task        ] GC(1395) Using 6 workers of 6 for evacuation
[4651.053s][info][gc,phases      ] GC(1395)   Pre Evacuate Collection Set: 0.37ms
[4651.053s][info][gc,phases      ] GC(1395)   Merge Heap Roots: 0.74ms
[4651.053s][info][gc,phases      ] GC(1395)   Evacuate Collection Set: 135.13ms
[4651.053s][info][gc,phases      ] GC(1395)   Post Evacuate Collection Set: 0.94ms
[4651.053s][info][gc,phases      ] GC(1395)   Other: 0.08ms
[4651.053s][info][gc,heap        ] GC(1395) Eden regions: 1090->0(1117)
[4651.053s][info][gc,heap        ] GC(1395) Survivor regions: 118->111(151)
[4651.053s][info][gc,heap        ] GC(1395) Old regions: 539->477
[4651.053s][info][gc,heap        ] GC(1395) Humongous regions: 80->80
[4651.053s][info][gc,metaspace   ] GC(1395) Metaspace: 28899K(29312K)->28899K(29312K) NonClass: 24031K(24256K)->24031K(24256K) Class: 4868K(5056K)->4868K(5056K)
[4651.053s][info][gc             ] GC(1395) Pause Young (Mixed) (G1 Evacuation Pause) 3652M->1333M(4096M) 137.401ms
[4651.053s][info][gc,cpu         ] GC(1395) User=0.82s Sys=0.00s Real=0.13s
..[4653.225s][info][gc,start       ] GC(1396) Pause Young (Concurrent Start) (G1 Evacuation Pause)
[4653.225s][info][gc,task        ] GC(1396) Using 6 workers of 6 for evacuation
[4653.348s][info][gc,phases      ] GC(1396)   Pre Evacuate Collection Set: 0.41ms
[4653.348s][info][gc,phases      ] GC(1396)   Merge Heap Roots: 0.48ms
[4653.348s][info][gc,phases      ] GC(1396)   Evacuate Collection Set: 121.11ms
[4653.348s][info][gc,phases      ] GC(1396)   Post Evacuate Collection Set: 0.89ms
[4653.348s][info][gc,phases      ] GC(1396)   Other: 0.09ms
[4653.348s][info][gc,heap        ] GC(1396) Eden regions: 1117->0(1113)
[4653.348s][info][gc,heap        ] GC(1396) Survivor regions: 111->115(154)
[4653.348s][info][gc,heap        ] GC(1396) Old regions: 477->509
[4653.348s][info][gc,heap        ] GC(1396) Humongous regions: 80->80
[4653.348s][info][gc,metaspace   ] GC(1396) Metaspace: 28899K(29312K)->28899K(29312K) NonClass: 24031K(24256K)->24031K(24256K) Class: 4868K(5056K)->4868K(5056K)
[4653.349s][info][gc             ] GC(1396) Pause Young (Concurrent Start) (G1 Evacuation Pause) 3567M->1406M(4096M) 123.114ms
[4653.349s][info][gc             ] GC(1397) Concurrent Mark Cycle
[4653.349s][info][gc,marking     ] GC(1397) Concurrent Scan Root Regions
[4653.349s][info][gc,cpu         ] GC(1396) User=0.72s Sys=0.00s Real=0.12s
[4653.493s][info][gc,marking     ] GC(1397) Concurrent Scan Root Regions 144.564ms
[4653.493s][info][gc,marking     ] GC(1397) Concurrent Mark
[4653.493s][info][gc,marking     ] GC(1397) Concurrent Mark From Roots
[4653.493s][info][gc,task        ] GC(1397) Using 2 workers of 2 for marking
.[4654.287s][info][gc,marking     ] GC(1397) Concurrent Mark From Roots 793.336ms
[4654.287s][info][gc,marking     ] GC(1397) Concurrent Preclean
[4654.287s][info][gc,marking     ] GC(1397) Concurrent Preclean 0.097ms
[4654.289s][info][gc,start       ] GC(1397) Pause Remark
[4654.294s][info][gc             ] GC(1397) Pause Remark 2238M->2238M(4096M) 5.182ms
[4654.294s][info][gc,cpu         ] GC(1397) User=0.03s Sys=0.01s Real=0.01s
[4654.295s][info][gc,marking     ] GC(1397) Concurrent Mark 801.744ms
[4654.295s][info][gc,marking     ] GC(1397) Concurrent Rebuild Remembered Sets and Scrub Regions
[4654.771s][info][gc,marking     ] GC(1397) Concurrent Rebuild Remembered Sets and Scrub Regions 475.712ms
[4654.772s][info][gc,start       ] GC(1397) Pause Cleanup
[4654.772s][info][gc             ] GC(1397) Pause Cleanup 2794M->2794M(4096M) 0.126ms
[4654.772s][info][gc,cpu         ] GC(1397) User=0.00s Sys=0.00s Real=0.00s
[4654.773s][info][gc,marking     ] GC(1397) Concurrent Clear Claimed Marks
[4654.773s][info][gc,marking     ] GC(1397) Concurrent Clear Claimed Marks 0.037ms
[4654.773s][info][gc,marking     ] GC(1397) Concurrent Cleanup for Next Mark
[4654.779s][info][gc,marking     ] GC(1397) Concurrent Cleanup for Next Mark 5.449ms
[4654.779s][info][gc             ] GC(1397) Concurrent Mark Cycle 1430.108ms
.[4655.539s][info][gc,start       ] GC(1398) Pause Young (Prepare Mixed) (G1 Evacuation Pause)
[4655.539s][info][gc,task        ] GC(1398) Using 6 workers of 6 for evacuation
[4655.664s][info][gc,phases      ] GC(1398)   Pre Evacuate Collection Set: 0.34ms
[4655.664s][info][gc,phases      ] GC(1398)   Merge Heap Roots: 0.54ms
[4655.664s][info][gc,phases      ] GC(1398)   Evacuate Collection Set: 122.52ms
[4655.664s][info][gc,phases      ] GC(1398)   Post Evacuate Collection Set: 0.94ms
[4655.664s][info][gc,phases      ] GC(1398)   Other: 0.09ms
[4655.664s][info][gc,heap        ] GC(1398) Eden regions: 1113->0(1093)
[4655.664s][info][gc,heap        ] GC(1398) Survivor regions: 115->116(154)
[4655.664s][info][gc,heap        ] GC(1398) Old regions: 509->540
[4655.664s][info][gc,heap        ] GC(1398) Humongous regions: 80->80
[4655.664s][info][gc,metaspace   ] GC(1398) Metaspace: 28899K(29312K)->28899K(29312K) NonClass: 24031K(24256K)->24031K(24256K) Class: 4868K(5056K)->4868K(5056K)
[4655.664s][info][gc             ] GC(1398) Pause Young (Prepare Mixed) (G1 Evacuation Pause) 3632M->1469M(4096M) 124.575ms
[4655.664s][info][gc,cpu         ] GC(1398) User=0.73s Sys=0.00s Real=0.13s
..[4657.703s][info][gc,start       ] GC(1399) Pause Young (Mixed) (G1 Evacuation Pause)
[4657.703s][info][gc,task        ] GC(1399) Using 6 workers of 6 for evacuation
[4657.838s][info][gc,phases      ] GC(1399)   Pre Evacuate Collection Set: 0.37ms
[4657.838s][info][gc,phases      ] GC(1399)   Merge Heap Roots: 0.64ms
[4657.838s][info][gc,phases      ] GC(1399)   Evacuate Collection Set: 133.29ms
[4657.838s][info][gc,phases      ] GC(1399)   Post Evacuate Collection Set: 0.96ms
[4657.838s][info][gc,phases      ] GC(1399)   Other: 0.09ms
[4657.839s][info][gc,heap        ] GC(1399) Eden regions: 1093->0(1117)
[4657.839s][info][gc,heap        ] GC(1399) Survivor regions: 116->111(152)
[4657.839s][info][gc,heap        ] GC(1399) Old regions: 540->477
[4657.839s][info][gc,heap        ] GC(1399) Humongous regions: 80->80
[4657.839s][info][gc,metaspace   ] GC(1399) Metaspace: 28899K(29312K)->28899K(29312K) NonClass: 24031K(24256K)->24031K(24256K) Class: 4868K(5056K)->4868K(5056K)
[4657.839s][info][gc             ] GC(1399) Pause Young (Mixed) (G1 Evacuation Pause) 3655M->1335M(4096M) 135.491ms
[4657.839s][info][gc,cpu         ] GC(1399) User=0.80s Sys=0.00s Real=0.14s
...[4660.022s][info][gc,start       ] GC(1400) Pause Young (Concurrent Start) (G1 Evacuation Pause)
[4660.022s][info][gc,task        ] GC(1400) Using 6 workers of 6 for evacuation
[4660.142s][info][gc,phases      ] GC(1400)   Pre Evacuate Collection Set: 0.35ms
[4660.142s][info][gc,phases      ] GC(1400)   Merge Heap Roots: 0.50ms
[4660.142s][info][gc,phases      ] GC(1400)   Evacuate Collection Set: 117.51ms
[4660.142s][info][gc,phases      ] GC(1400)   Post Evacuate Collection Set: 0.90ms
[4660.142s][info][gc,phases      ] GC(1400)   Other: 0.13ms
[4660.142s][info][gc,heap        ] GC(1400) Eden regions: 1117->0(1119)
[4660.142s][info][gc,heap        ] GC(1400) Survivor regions: 111->109(154)
[4660.142s][info][gc,heap        ] GC(1400) Old regions: 477->509
[4660.142s][info][gc,heap        ] GC(1400) Humongous regions: 80->80
[4660.142s][info][gc,metaspace   ] GC(1400) Metaspace: 28899K(29312K)->28899K(29312K) NonClass: 24031K(24256K)->24031K(24256K) Class: 4868K(5056K)->4868K(5056K)
[4660.142s][info][gc             ] GC(1400) Pause Young (Concurrent Start) (G1 Evacuation Pause) 3569M->1394M(4096M) 119.538ms
[4660.142s][info][gc             ] GC(1401) Concurrent Mark Cycle
[4660.142s][info][gc,marking     ] GC(1401) Concurrent Scan Root Regions
[4660.142s][info][gc,cpu         ] GC(1400) User=0.71s Sys=0.00s Real=0.12s
[4660.339s][info][gc,marking     ] GC(1401) Concurrent Scan Root Regions 197.026ms
[4660.339s][info][gc,marking     ] GC(1401) Concurrent Mark
[4660.339s][info][gc,marking     ] GC(1401) Concurrent Mark From Roots
[4660.339s][info][gc,task        ] GC(1401) Using 2 workers of 2 for marking
.[4661.312s][info][gc,marking     ] GC(1401) Concurrent Mark From Roots 972.747ms
[4661.312s][info][gc,marking     ] GC(1401) Concurrent Preclean
[4661.312s][info][gc,marking     ] GC(1401) Concurrent Preclean 0.120ms
[4661.313s][info][gc,start       ] GC(1401) Pause Remark
[4661.320s][info][gc             ] GC(1401) Pause Remark 2549M->2549M(4096M) 6.898ms
[4661.320s][info][gc,cpu         ] GC(1401) User=0.04s Sys=0.00s Real=0.01s
[4661.321s][info][gc,marking     ] GC(1401) Concurrent Mark 982.304ms
[4661.321s][info][gc,marking     ] GC(1401) Concurrent Rebuild Remembered Sets and Scrub Regions
[4661.745s][info][gc,marking     ] GC(1401) Concurrent Rebuild Remembered Sets and Scrub Regions 423.250ms
[4661.746s][info][gc,start       ] GC(1401) Pause Cleanup
[4661.746s][info][gc             ] GC(1401) Pause Cleanup 2984M->2984M(4096M) 0.130ms
[4661.746s][info][gc,cpu         ] GC(1401) User=0.00s Sys=0.00s Real=0.00s
[4661.748s][info][gc,marking     ] GC(1401) Concurrent Clear Claimed Marks
[4661.748s][info][gc,marking     ] GC(1401) Concurrent Clear Claimed Marks 0.074ms
[4661.748s][info][gc,marking     ] GC(1401) Concurrent Cleanup for Next Mark
[4661.753s][info][gc,marking     ] GC(1401) Concurrent Cleanup for Next Mark 4.463ms
[4661.753s][info][gc             ] GC(1401) Concurrent Mark Cycle 1610.842ms
.[4662.324s][info][gc,start       ] GC(1402) Pause Young (Prepare Mixed) (G1 Evacuation Pause)
[4662.324s][info][gc,task        ] GC(1402) Using 6 workers of 6 for evacuation
[4662.440s][info][gc,phases      ] GC(1402)   Pre Evacuate Collection Set: 0.33ms
[4662.440s][info][gc,phases      ] GC(1402)   Merge Heap Roots: 0.52ms
[4662.440s][info][gc,phases      ] GC(1402)   Evacuate Collection Set: 114.81ms
[4662.440s][info][gc,phases      ] GC(1402)   Post Evacuate Collection Set: 0.92ms
[4662.440s][info][gc,phases      ] GC(1402)   Other: 0.09ms
[4662.440s][info][gc,heap        ] GC(1402) Eden regions: 1119->0(1106)
[4662.440s][info][gc,heap        ] GC(1402) Survivor regions: 109->109(154)
[4662.440s][info][gc,heap        ] GC(1402) Old regions: 509->541
[4662.440s][info][gc,heap        ] GC(1402) Humongous regions: 80->80
[4662.440s][info][gc,metaspace   ] GC(1402) Metaspace: 28899K(29312K)->28899K(29312K) NonClass: 24031K(24256K)->24031K(24256K) Class: 4868K(5056K)->4868K(5056K)
[4662.440s][info][gc             ] GC(1402) Pause Young (Prepare Mixed) (G1 Evacuation Pause) 3632M->1458M(4096M) 116.813ms
[4662.440s][info][gc,cpu         ] GC(1402) User=0.69s Sys=0.00s Real=0.11s
..[4664.524s][info][gc,start       ] GC(1403) Pause Young (Mixed) (G1 Evacuation Pause)
[4664.524s][info][gc,task        ] GC(1403) Using 6 workers of 6 for evacuation
[4664.658s][info][gc,phases      ] GC(1403)   Pre Evacuate Collection Set: 0.39ms
[4664.658s][info][gc,phases      ] GC(1403)   Merge Heap Roots: 0.66ms
[4664.658s][info][gc,phases      ] GC(1403)   Evacuate Collection Set: 132.03ms
[4664.658s][info][gc,phases      ] GC(1403)   Post Evacuate Collection Set: 0.96ms
[4664.658s][info][gc,phases      ] GC(1403)   Other: 0.09ms
[4664.658s][info][gc,heap        ] GC(1403) Eden regions: 1106->0(1117)
[4664.658s][info][gc,heap        ] GC(1403) Survivor regions: 109->111(152)
[4664.658s][info][gc,heap        ] GC(1403) Old regions: 541->479
[4664.658s][info][gc,heap        ] GC(1403) Humongous regions: 80->80
[4664.658s][info][gc,metaspace   ] GC(1403) Metaspace: 28899K(29312K)->28899K(29312K) NonClass: 24031K(24256K)->24031K(24256K) Class: 4868K(5056K)->4868K(5056K)
[4664.658s][info][gc             ] GC(1403) Pause Young (Mixed) (G1 Evacuation Pause) 3670M->1337M(4096M) 134.265ms
[4664.659s][info][gc,cpu         ] GC(1403) User=0.79s Sys=0.00s Real=0.13s
..[4666.825s][info][gc,start       ] GC(1404) Pause Young (Concurrent Start) (G1 Evacuation Pause)
[4666.825s][info][gc,task        ] GC(1404) Using 6 workers of 6 for evacuation
[4666.941s][info][gc,phases      ] GC(1404)   Pre Evacuate Collection Set: 0.35ms
[4666.941s][info][gc,phases      ] GC(1404)   Merge Heap Roots: 0.44ms
[4666.941s][info][gc,phases      ] GC(1404)   Evacuate Collection Set: 113.88ms
[4666.941s][info][gc,phases      ] GC(1404)   Post Evacuate Collection Set: 0.88ms
[4666.941s][info][gc,phases      ] GC(1404)   Other: 0.11ms
[4666.941s][info][gc,heap        ] GC(1404) Eden regions: 1117->0(1119)
[4666.941s][info][gc,heap        ] GC(1404) Survivor regions: 111->109(154)
[4666.941s][info][gc,heap        ] GC(1404) Old regions: 479->510
[4666.941s][info][gc,heap        ] GC(1404) Humongous regions: 80->80
[4666.941s][info][gc,metaspace   ] GC(1404) Metaspace: 28899K(29312K)->28899K(29312K) NonClass: 24031K(24256K)->24031K(24256K) Class: 4868K(5056K)->4868K(5056K)
[4666.941s][info][gc             ] GC(1404) Pause Young (Concurrent Start) (G1 Evacuation Pause) 3571M->1395M(4096M) 115.782ms
[4666.941s][info][gc             ] GC(1405) Concurrent Mark Cycle
[4666.941s][info][gc,marking     ] GC(1405) Concurrent Scan Root Regions
[4666.941s][info][gc,cpu         ] GC(1404) User=0.68s Sys=0.00s Real=0.11s
.[4667.086s][info][gc,marking     ] GC(1405) Concurrent Scan Root Regions 144.459ms
[4667.086s][info][gc,marking     ] GC(1405) Concurrent Mark
[4667.086s][info][gc,marking     ] GC(1405) Concurrent Mark From Roots
[4667.086s][info][gc,task        ] GC(1405) Using 2 workers of 2 for marking
[4667.863s][info][gc,marking     ] GC(1405) Concurrent Mark From Roots 777.017ms
[4667.863s][info][gc,marking     ] GC(1405) Concurrent Preclean
[4667.863s][info][gc,marking     ] GC(1405) Concurrent Preclean 0.108ms
[4667.865s][info][gc,start       ] GC(1405) Pause Remark
[4667.871s][info][gc             ] GC(1405) Pause Remark 2245M->2245M(4096M) 5.449ms
[4667.871s][info][gc,cpu         ] GC(1405) User=0.03s Sys=0.00s Real=0.00s
[4667.871s][info][gc,marking     ] GC(1405) Concurrent Mark 785.328ms
[4667.871s][info][gc,marking     ] GC(1405) Concurrent Rebuild Remembered Sets and Scrub Regions
[4668.258s][info][gc,marking     ] GC(1405) Concurrent Rebuild Remembered Sets and Scrub Regions 386.657ms
[4668.258s][info][gc,start       ] GC(1405) Pause Cleanup
[4668.258s][info][gc             ] GC(1405) Pause Cleanup 2684M->2684M(4096M) 0.116ms
[4668.258s][info][gc,cpu         ] GC(1405) User=0.00s Sys=0.00s Real=0.00s
[4668.259s][info][gc,marking     ] GC(1405) Concurrent Clear Claimed Marks
[4668.259s][info][gc,marking     ] GC(1405) Concurrent Clear Claimed Marks 0.031ms
[4668.259s][info][gc,marking     ] GC(1405) Concurrent Cleanup for Next Mark
[4668.264s][info][gc,marking     ] GC(1405) Concurrent Cleanup for Next Mark 5.152ms
[4668.264s][info][gc             ] GC(1405) Concurrent Mark Cycle 1322.788ms
.[4669.104s][info][gc,start       ] GC(1406) Pause Young (Prepare Mixed) (G1 Evacuation Pause)
[4669.104s][info][gc,task        ] GC(1406) Using 6 workers of 6 for evacuation
[4669.228s][info][gc,phases      ] GC(1406)   Pre Evacuate Collection Set: 0.34ms
[4669.228s][info][gc,phases      ] GC(1406)   Merge Heap Roots: 0.48ms
[4669.228s][info][gc,phases      ] GC(1406)   Evacuate Collection Set: 122.28ms
[4669.228s][info][gc,phases      ] GC(1406)   Post Evacuate Collection Set: 0.92ms
[4669.228s][info][gc,phases      ] GC(1406)   Other: 0.08ms
[4669.228s][info][gc,heap        ] GC(1406) Eden regions: 1119->0(1094)
[4669.228s][info][gc,heap        ] GC(1406) Survivor regions: 109->115(154)
[4669.228s][info][gc,heap        ] GC(1406) Old regions: 510->541
[4669.228s][info][gc,heap        ] GC(1406) Humongous regions: 80->80
[4669.228s][info][gc,metaspace   ] GC(1406) Metaspace: 28899K(29312K)->28899K(29312K) NonClass: 24031K(24256K)->24031K(24256K) Class: 4868K(5056K)->4868K(5056K)
[4669.229s][info][gc             ] GC(1406) Pause Young (Prepare Mixed) (G1 Evacuation Pause) 3633M->1471M(4096M) 124.243ms
[4669.229s][info][gc,cpu         ] GC(1406) User=0.74s Sys=0.00s Real=0.12s
...[4671.311s][info][gc,start       ] GC(1407) Pause Young (Mixed) (G1 Evacuation Pause)
[4671.311s][info][gc,task        ] GC(1407) Using 6 workers of 6 for evacuation
[4671.444s][info][gc,phases      ] GC(1407)   Pre Evacuate Collection Set: 0.39ms
[4671.444s][info][gc,phases      ] GC(1407)   Merge Heap Roots: 0.69ms
[4671.444s][info][gc,phases      ] GC(1407)   Evacuate Collection Set: 130.18ms
[4671.444s][info][gc,phases      ] GC(1407)   Post Evacuate Collection Set: 0.95ms
[4671.444s][info][gc,phases      ] GC(1407)   Other: 0.09ms
[4671.444s][info][gc,heap        ] GC(1407) Eden regions: 1094->0(1118)
[4671.444s][info][gc,heap        ] GC(1407) Survivor regions: 115->110(152)
[4671.444s][info][gc,heap        ] GC(1407) Old regions: 541->476
[4671.444s][info][gc,heap        ] GC(1407) Humongous regions: 80->80
[4671.444s][info][gc,metaspace   ] GC(1407) Metaspace: 28899K(29312K)->28899K(29312K) NonClass: 24031K(24256K)->24031K(24256K) Class: 4868K(5056K)->4868K(5056K)
[4671.444s][info][gc             ] GC(1407) Pause Young (Mixed) (G1 Evacuation Pause) 3659M->1330M(4096M) 132.417ms
[4671.444s][info][gc,cpu         ] GC(1407) User=0.78s Sys=0.00s Real=0.14s
..[4673.572s][info][gc,start       ] GC(1408) Pause Young (Concurrent Start) (G1 Evacuation Pause)
[4673.572s][info][gc,task        ] GC(1408) Using 6 workers of 6 for evacuation
[4673.695s][info][gc,phases      ] GC(1408)   Pre Evacuate Collection Set: 0.33ms
[4673.695s][info][gc,phases      ] GC(1408)   Merge Heap Roots: 0.50ms
[4673.695s][info][gc,phases      ] GC(1408)   Evacuate Collection Set: 121.24ms
[4673.695s][info][gc,phases      ] GC(1408)   Post Evacuate Collection Set: 0.90ms
[4673.695s][info][gc,phases      ] GC(1408)   Other: 0.10ms
[4673.695s][info][gc,heap        ] GC(1408) Eden regions: 1118->0(1116)
[4673.695s][info][gc,heap        ] GC(1408) Survivor regions: 110->112(154)
[4673.695s][info][gc,heap        ] GC(1408) Old regions: 476->509
[4673.695s][info][gc,heap        ] GC(1408) Humongous regions: 80->80
[4673.695s][info][gc,metaspace   ] GC(1408) Metaspace: 28899K(29312K)->28899K(29312K) NonClass: 24031K(24256K)->24031K(24256K) Class: 4868K(5056K)->4868K(5056K)
[4673.695s][info][gc             ] GC(1408) Pause Young (Concurrent Start) (G1 Evacuation Pause) 3566M->1401M(4096M) 123.232ms
[4673.695s][info][gc             ] GC(1409) Concurrent Mark Cycle
[4673.695s][info][gc,marking     ] GC(1409) Concurrent Scan Root Regions
[4673.695s][info][gc,cpu         ] GC(1408) User=0.73s Sys=0.00s Real=0.13s
[4673.900s][info][gc,marking     ] GC(1409) Concurrent Scan Root Regions 204.775ms
[4673.900s][info][gc,marking     ] GC(1409) Concurrent Mark
[4673.900s][info][gc,marking     ] GC(1409) Concurrent Mark From Roots
[4673.900s][info][gc,task        ] GC(1409) Using 2 workers of 2 for marking
.[4674.946s][info][gc,marking     ] GC(1409) Concurrent Mark From Roots 1045.713ms
[4674.946s][info][gc,marking     ] GC(1409) Concurrent Preclean
[4674.946s][info][gc,marking     ] GC(1409) Concurrent Preclean 0.163ms
[4674.949s][info][gc,start       ] GC(1409) Pause Remark
[4674.957s][info][gc             ] GC(1409) Pause Remark 2661M->2661M(4096M) 7.801ms
[4674.957s][info][gc,cpu         ] GC(1409) User=0.05s Sys=0.00s Real=0.01s
[4674.957s][info][gc,marking     ] GC(1409) Concurrent Mark 1056.822ms
[4674.957s][info][gc,marking     ] GC(1409) Concurrent Rebuild Remembered Sets and Scrub Regions
[4675.233s][info][gc,marking     ] GC(1409) Concurrent Rebuild Remembered Sets and Scrub Regions 275.914ms
[4675.233s][info][gc,start       ] GC(1409) Pause Cleanup
[4675.233s][info][gc             ] GC(1409) Pause Cleanup 2950M->2950M(4096M) 0.105ms
[4675.233s][info][gc,cpu         ] GC(1409) User=0.00s Sys=0.00s Real=0.00s
[4675.233s][info][gc,marking     ] GC(1409) Concurrent Clear Claimed Marks
[4675.233s][info][gc,marking     ] GC(1409) Concurrent Clear Claimed Marks 0.021ms
[4675.233s][info][gc,marking     ] GC(1409) Concurrent Cleanup for Next Mark
[4675.239s][info][gc,marking     ] GC(1409) Concurrent Cleanup for Next Mark 5.959ms
[4675.239s][info][gc             ] GC(1409) Concurrent Mark Cycle 1543.983ms
.[4675.869s][info][gc,start       ] GC(1410) Pause Young (Prepare Mixed) (G1 Evacuation Pause)
[4675.869s][info][gc,task        ] GC(1410) Using 6 workers of 6 for evacuation
[4675.990s][info][gc,phases      ] GC(1410)   Pre Evacuate Collection Set: 0.32ms
[4675.990s][info][gc,phases      ] GC(1410)   Merge Heap Roots: 0.49ms
[4675.990s][info][gc,phases      ] GC(1410)   Evacuate Collection Set: 118.46ms
[4675.990s][info][gc,phases      ] GC(1410)   Post Evacuate Collection Set: 0.95ms
[4675.990s][info][gc,phases      ] GC(1410)   Other: 0.09ms
[4675.990s][info][gc,heap        ] GC(1410) Eden regions: 1116->0(1101)
[4675.990s][info][gc,heap        ] GC(1410) Survivor regions: 112->112(154)
[4675.990s][info][gc,heap        ] GC(1410) Old regions: 509->540
[4675.990s][info][gc,heap        ] GC(1410) Humongous regions: 80->80
[4675.990s][info][gc,metaspace   ] GC(1410) Metaspace: 28899K(29312K)->28899K(29312K) NonClass: 24031K(24256K)->24031K(24256K) Class: 4868K(5056K)->4868K(5056K)
[4675.990s][info][gc             ] GC(1410) Pause Young (Prepare Mixed) (G1 Evacuation Pause) 3633M->1463M(4096M) 120.427ms
[4675.990s][info][gc,cpu         ] GC(1410) User=0.72s Sys=0.00s Real=0.12s
..[4678.111s][info][gc,start       ] GC(1411) Pause Young (Mixed) (G1 Evacuation Pause)
[4678.111s][info][gc,task        ] GC(1411) Using 6 workers of 6 for evacuation
[4678.245s][info][gc,phases      ] GC(1411)   Pre Evacuate Collection Set: 0.38ms
[4678.245s][info][gc,phases      ] GC(1411)   Merge Heap Roots: 0.73ms
[4678.245s][info][gc,phases      ] GC(1411)   Evacuate Collection Set: 132.52ms
[4678.245s][info][gc,phases      ] GC(1411)   Post Evacuate Collection Set: 0.93ms
[4678.245s][info][gc,phases      ] GC(1411)   Other: 0.09ms
[4678.245s][info][gc,heap        ] GC(1411) Eden regions: 1101->0(1118)
[4678.245s][info][gc,heap        ] GC(1411) Survivor regions: 112->110(152)
[4678.245s][info][gc,heap        ] GC(1411) Old regions: 540->478
[4678.245s][info][gc,heap        ] GC(1411) Humongous regions: 80->80
[4678.245s][info][gc,metaspace   ] GC(1411) Metaspace: 28899K(29312K)->28899K(29312K) NonClass: 24031K(24256K)->24031K(24256K) Class: 4868K(5056K)->4868K(5056K)
[4678.245s][info][gc             ] GC(1411) Pause Young (Mixed) (G1 Evacuation Pause) 3665M->1334M(4096M) 134.768ms
[4678.246s][info][gc,cpu         ] GC(1411) User=0.79s Sys=0.00s Real=0.14s
.. (rIR:aIR:PR = 8302:8309:8309) (tPR = 123655) [OK] 
  4679s: Performance info:
         Transaction,    Success,    Partial,     Failed,   Receipts, AvgBarcode, 
             Overall,     506299,          0,          0,     480829,      59.48, 
         Response times:
             Request,    Success,    Partial,     Failed,   SkipFail,     Probes,    Samples,      min,      p50,      p90,      p95,      p99,      max, 
       TotalPurchase,     480829,          0,          0,          0,     351893,     514907,      300,     7700,   129000,   187000,   310000,   594000,
     InStorePurchase,     252201,          0,          0,          0,     185308,     271121,      300,     7800,   129000,   187000,   310000,   594000,
      OnlinePurchase,     178040,          0,          0,          0,     129156,     189176,      300,     7900,   130000,   190000,   310000,   524000,
        InstPurchase,      50588,          0,          0,          0,      37429,      54610,      300,     6500,   125000,   181000,   308000,   524000,
          AssocOfCat,        505,          0,          0,          0,        416,        684,    25000,    49000,   185500,   231000,   366800,   482000,
      AssocOfProduct,       5133,          0,          0,          0,       3501,       5340,      800,     6900,   122900,   185900,   299180,   388000,
      BusinessReport,       1266,          0,          0,          0,       1090,       1755,    25000,    54000,   199400,   246000,   365440,   458000,
          CustBuyBeh,       5050,          0,          0,          0,       3494,       5326,      200,     8200,   133000,   193000,   294190,   388000,
       ProductReturn,      13516,          0,          0,          0,       9080,      13648,      200,     7300,   124000,   182550,   303020,   457000,

  4679s: (61%)   IR =   8441 .[4680.453s][info][gc,start       ] GC(1412) Pause Young (Concurrent Start) (G1 Evacuation Pause)
[4680.453s][info][gc,task        ] GC(1412) Using 6 workers of 6 for evacuation
[4680.573s][info][gc,phases      ] GC(1412)   Pre Evacuate Collection Set: 0.38ms
[4680.573s][info][gc,phases      ] GC(1412)   Merge Heap Roots: 0.46ms
[4680.573s][info][gc,phases      ] GC(1412)   Evacuate Collection Set: 118.05ms
[4680.573s][info][gc,phases      ] GC(1412)   Post Evacuate Collection Set: 0.90ms
[4680.573s][info][gc,phases      ] GC(1412)   Other: 0.09ms
[4680.573s][info][gc,heap        ] GC(1412) Eden regions: 1118->0(1117)
[4680.573s][info][gc,heap        ] GC(1412) Survivor regions: 110->111(154)
[4680.573s][info][gc,heap        ] GC(1412) Old regions: 478->510
[4680.573s][info][gc,heap        ] GC(1412) Humongous regions: 80->80
[4680.573s][info][gc,metaspace   ] GC(1412) Metaspace: 28899K(29312K)->28899K(29312K) NonClass: 24031K(24256K)->24031K(24256K) Class: 4868K(5056K)->4868K(5056K)
[4680.573s][info][gc             ] GC(1412) Pause Young (Concurrent Start) (G1 Evacuation Pause) 3570M->1401M(4096M) 120.012ms
[4680.573s][info][gc             ] GC(1413) Concurrent Mark Cycle
[4680.574s][info][gc,marking     ] GC(1413) Concurrent Scan Root Regions
[4680.574s][info][gc,cpu         ] GC(1412) User=0.71s Sys=0.00s Real=0.12s
[4680.721s][info][gc,marking     ] GC(1413) Concurrent Scan Root Regions 147.662ms
[4680.721s][info][gc,marking     ] GC(1413) Concurrent Mark
[4680.721s][info][gc,marking     ] GC(1413) Concurrent Mark From Roots
[4680.721s][info][gc,task        ] GC(1413) Using 2 workers of 2 for marking
[4681.490s][info][gc,marking     ] GC(1413) Concurrent Mark From Roots 768.890ms
[4681.490s][info][gc,marking     ] GC(1413) Concurrent Preclean
[4681.490s][info][gc,marking     ] GC(1413) Concurrent Preclean 0.126ms
.[4681.493s][info][gc,start       ] GC(1413) Pause Remark
[4681.498s][info][gc             ] GC(1413) Pause Remark 2167M->2167M(4096M) 5.077ms
[4681.498s][info][gc,cpu         ] GC(1413) User=0.03s Sys=0.00s Real=0.01s
[4681.499s][info][gc,marking     ] GC(1413) Concurrent Mark 777.815ms
[4681.499s][info][gc,marking     ] GC(1413) Concurrent Rebuild Remembered Sets and Scrub Regions
[4682.014s][info][gc,marking     ] GC(1413) Concurrent Rebuild Remembered Sets and Scrub Regions 514.899ms
[4682.017s][info][gc,start       ] GC(1413) Pause Cleanup
[4682.017s][info][gc             ] GC(1413) Pause Cleanup 2819M->2819M(4096M) 0.146ms
[4682.017s][info][gc,cpu         ] GC(1413) User=0.00s Sys=0.00s Real=0.00s
[4682.017s][info][gc,marking     ] GC(1413) Concurrent Clear Claimed Marks
[4682.017s][info][gc,marking     ] GC(1413) Concurrent Clear Claimed Marks 0.036ms
[4682.017s][info][gc,marking     ] GC(1413) Concurrent Cleanup for Next Mark
[4682.023s][info][gc,marking     ] GC(1413) Concurrent Cleanup for Next Mark 5.212ms
[4682.023s][info][gc             ] GC(1413) Concurrent Mark Cycle 1449.261ms
.[4682.693s][info][gc,start       ] GC(1414) Pause Young (Prepare Mixed) (G1 Evacuation Pause)
[4682.693s][info][gc,task        ] GC(1414) Using 6 workers of 6 for evacuation
[4682.814s][info][gc,phases      ] GC(1414)   Pre Evacuate Collection Set: 0.34ms
[4682.814s][info][gc,phases      ] GC(1414)   Merge Heap Roots: 0.49ms
[4682.814s][info][gc,phases      ] GC(1414)   Evacuate Collection Set: 118.60ms
[4682.814s][info][gc,phases      ] GC(1414)   Post Evacuate Collection Set: 0.94ms
[4682.814s][info][gc,phases      ] GC(1414)   Other: 0.09ms
[4682.814s][info][gc,heap        ] GC(1414) Eden regions: 1117->0(1095)
[4682.814s][info][gc,heap        ] GC(1414) Survivor regions: 111->114(154)
[4682.814s][info][gc,heap        ] GC(1414) Old regions: 510->542
[4682.814s][info][gc,heap        ] GC(1414) Humongous regions: 80->80
[4682.814s][info][gc,metaspace   ] GC(1414) Metaspace: 28899K(29312K)->28899K(29312K) NonClass: 24031K(24256K)->24031K(24256K) Class: 4868K(5056K)->4868K(5056K)
[4682.814s][info][gc             ] GC(1414) Pause Young (Prepare Mixed) (G1 Evacuation Pause) 3635M->1469M(4096M) 120.583ms
[4682.814s][info][gc,cpu         ] GC(1414) User=0.71s Sys=0.00s Real=0.13s
..[4684.844s][info][gc,start       ] GC(1415) Pause Young (Mixed) (G1 Evacuation Pause)
[4684.844s][info][gc,task        ] GC(1415) Using 6 workers of 6 for evacuation
[4684.973s][info][gc,phases      ] GC(1415)   Pre Evacuate Collection Set: 0.42ms
[4684.973s][info][gc,phases      ] GC(1415)   Merge Heap Roots: 0.67ms
[4684.973s][info][gc,phases      ] GC(1415)   Evacuate Collection Set: 126.31ms
[4684.973s][info][gc,phases      ] GC(1415)   Post Evacuate Collection Set: 0.93ms
[4684.973s][info][gc,phases      ] GC(1415)   Other: 0.09ms
[4684.973s][info][gc,heap        ] GC(1415) Eden regions: 1095->0(1122)
[4684.973s][info][gc,heap        ] GC(1415) Survivor regions: 114->106(152)
[4684.973s][info][gc,heap        ] GC(1415) Old regions: 542->478
[4684.973s][info][gc,heap        ] GC(1415) Humongous regions: 80->80
[4684.973s][info][gc,metaspace   ] GC(1415) Metaspace: 28899K(29312K)->28899K(29312K) NonClass: 24031K(24256K)->24031K(24256K) Class: 4868K(5056K)->4868K(5056K)
[4684.973s][info][gc             ] GC(1415) Pause Young (Mixed) (G1 Evacuation Pause) 3659M->1326M(4096M) 128.553ms
[4684.973s][info][gc,cpu         ] GC(1415) User=0.76s Sys=0.00s Real=0.12s
.|.[4687.023s][info][gc,start       ] GC(1416) Pause Young (Concurrent Start) (G1 Evacuation Pause)
[4687.023s][info][gc,task        ] GC(1416) Using 6 workers of 6 for evacuation
[4687.140s][info][gc,phases      ] GC(1416)   Pre Evacuate Collection Set: 0.39ms
[4687.140s][info][gc,phases      ] GC(1416)   Merge Heap Roots: 0.56ms
[4687.140s][info][gc,phases      ] GC(1416)   Evacuate Collection Set: 114.85ms
[4687.140s][info][gc,phases      ] GC(1416)   Post Evacuate Collection Set: 0.88ms
[4687.140s][info][gc,phases      ] GC(1416)   Other: 0.12ms
[4687.140s][info][gc,heap        ] GC(1416) Eden regions: 1122->0(1120)
[4687.140s][info][gc,heap        ] GC(1416) Survivor regions: 106->108(154)
[4687.140s][info][gc,heap        ] GC(1416) Old regions: 478->510
[4687.140s][info][gc,heap        ] GC(1416) Humongous regions: 80->80
[4687.140s][info][gc,metaspace   ] GC(1416) Metaspace: 28899K(29312K)->28899K(29312K) NonClass: 24031K(24256K)->24031K(24256K) Class: 4868K(5056K)->4868K(5056K)
[4687.140s][info][gc             ] GC(1416) Pause Young (Concurrent Start) (G1 Evacuation Pause) 3570M->1394M(4096M) 116.931ms
[4687.140s][info][gc             ] GC(1417) Concurrent Mark Cycle
[4687.140s][info][gc,marking     ] GC(1417) Concurrent Scan Root Regions
[4687.140s][info][gc,cpu         ] GC(1416) User=0.69s Sys=0.00s Real=0.12s
[4687.327s][info][gc,marking     ] GC(1417) Concurrent Scan Root Regions 186.675ms
[4687.327s][info][gc,marking     ] GC(1417) Concurrent Mark
[4687.327s][info][gc,marking     ] GC(1417) Concurrent Mark From Roots
[4687.327s][info][gc,task        ] GC(1417) Using 2 workers of 2 for marking
.[4688.294s][info][gc,marking     ] GC(1417) Concurrent Mark From Roots 967.374ms
[4688.294s][info][gc,marking     ] GC(1417) Concurrent Preclean
[4688.294s][info][gc,marking     ] GC(1417) Concurrent Preclean 0.113ms
[4688.297s][info][gc,start       ] GC(1417) Pause Remark
[4688.302s][info][gc             ] GC(1417) Pause Remark 2508M->2508M(4096M) 4.862ms
[4688.302s][info][gc,cpu         ] GC(1417) User=0.03s Sys=0.00s Real=0.00s
[4688.302s][info][gc,marking     ] GC(1417) Concurrent Mark 975.179ms
[4688.302s][info][gc,marking     ] GC(1417) Concurrent Rebuild Remembered Sets and Scrub Regions
.[4688.693s][info][gc,marking     ] GC(1417) Concurrent Rebuild Remembered Sets and Scrub Regions 391.722ms
[4688.694s][info][gc,start       ] GC(1417) Pause Cleanup
[4688.694s][info][gc             ] GC(1417) Pause Cleanup 2936M->2936M(4096M) 0.111ms
[4688.694s][info][gc,cpu         ] GC(1417) User=0.00s Sys=0.00s Real=0.00s
[4688.698s][info][gc,marking     ] GC(1417) Concurrent Clear Claimed Marks
[4688.698s][info][gc,marking     ] GC(1417) Concurrent Clear Claimed Marks 0.056ms
[4688.698s][info][gc,marking     ] GC(1417) Concurrent Cleanup for Next Mark
[4688.702s][info][gc,marking     ] GC(1417) Concurrent Cleanup for Next Mark 4.433ms
[4688.702s][info][gc             ] GC(1417) Concurrent Mark Cycle 1562.372ms
[4689.333s][info][gc,start       ] GC(1418) Pause Young (Prepare Mixed) (G1 Evacuation Pause)
[4689.333s][info][gc,task        ] GC(1418) Using 6 workers of 6 for evacuation
[4689.455s][info][gc,phases      ] GC(1418)   Pre Evacuate Collection Set: 0.34ms
[4689.455s][info][gc,phases      ] GC(1418)   Merge Heap Roots: 0.53ms
[4689.455s][info][gc,phases      ] GC(1418)   Evacuate Collection Set: 120.14ms
[4689.455s][info][gc,phases      ] GC(1418)   Post Evacuate Collection Set: 0.93ms
[4689.455s][info][gc,phases      ] GC(1418)   Other: 0.09ms
[4689.455s][info][gc,heap        ] GC(1418) Eden regions: 1120->0(1098)
[4689.455s][info][gc,heap        ] GC(1418) Survivor regions: 108->113(154)
[4689.455s][info][gc,heap        ] GC(1418) Old regions: 510->541
[4689.455s][info][gc,heap        ] GC(1418) Humongous regions: 80->80
[4689.455s][info][gc,metaspace   ] GC(1418) Metaspace: 28899K(29312K)->28899K(29312K) NonClass: 24031K(24256K)->24031K(24256K) Class: 4868K(5056K)->4868K(5056K)
[4689.455s][info][gc             ] GC(1418) Pause Young (Prepare Mixed) (G1 Evacuation Pause) 3634M->1466M(4096M) 122.169ms
[4689.455s][info][gc,cpu         ] GC(1418) User=0.73s Sys=0.00s Real=0.13s
..[4691.513s][info][gc,start       ] GC(1419) Pause Young (Mixed) (G1 Evacuation Pause)
[4691.513s][info][gc,task        ] GC(1419) Using 6 workers of 6 for evacuation
[4691.649s][info][gc,phases      ] GC(1419)   Pre Evacuate Collection Set: 0.37ms
[4691.649s][info][gc,phases      ] GC(1419)   Merge Heap Roots: 0.77ms
[4691.649s][info][gc,phases      ] GC(1419)   Evacuate Collection Set: 133.38ms
[4691.649s][info][gc,phases      ] GC(1419)   Post Evacuate Collection Set: 0.94ms
[4691.649s][info][gc,phases      ] GC(1419)   Other: 0.09ms
[4691.649s][info][gc,heap        ] GC(1419) Eden regions: 1098->0(1116)
[4691.649s][info][gc,heap        ] GC(1419) Survivor regions: 113->112(152)
[4691.649s][info][gc,heap        ] GC(1419) Old regions: 541->477
[4691.649s][info][gc,heap        ] GC(1419) Humongous regions: 80->80
[4691.649s][info][gc,metaspace   ] GC(1419) Metaspace: 28899K(29312K)->28899K(29312K) NonClass: 24031K(24256K)->24031K(24256K) Class: 4868K(5056K)->4868K(5056K)
[4691.649s][info][gc             ] GC(1419) Pause Young (Mixed) (G1 Evacuation Pause) 3662M->1336M(4096M) 135.700ms
[4691.649s][info][gc,cpu         ] GC(1419) User=0.80s Sys=0.00s Real=0.14s
...[4693.732s][info][gc,start       ] GC(1420) Pause Young (Concurrent Start) (G1 Evacuation Pause)
[4693.733s][info][gc,task        ] GC(1420) Using 6 workers of 6 for evacuation
[4693.854s][info][gc,phases      ] GC(1420)   Pre Evacuate Collection Set: 0.36ms
[4693.854s][info][gc,phases      ] GC(1420)   Merge Heap Roots: 0.45ms
[4693.854s][info][gc,phases      ] GC(1420)   Evacuate Collection Set: 120.08ms
[4693.854s][info][gc,phases      ] GC(1420)   Post Evacuate Collection Set: 0.90ms
[4693.854s][info][gc,phases      ] GC(1420)   Other: 0.10ms
[4693.854s][info][gc,heap        ] GC(1420) Eden regions: 1116->0(1117)
[4693.854s][info][gc,heap        ] GC(1420) Survivor regions: 112->111(154)
[4693.854s][info][gc,heap        ] GC(1420) Old regions: 477->510
[4693.854s][info][gc,heap        ] GC(1420) Humongous regions: 80->80
[4693.854s][info][gc,metaspace   ] GC(1420) Metaspace: 28899K(29312K)->28899K(29312K) NonClass: 24031K(24256K)->24031K(24256K) Class: 4868K(5056K)->4868K(5056K)
[4693.855s][info][gc             ] GC(1420) Pause Young (Concurrent Start) (G1 Evacuation Pause) 3568M->1400M(4096M) 122.035ms
[4693.855s][info][gc             ] GC(1421) Concurrent Mark Cycle
[4693.855s][info][gc,marking     ] GC(1421) Concurrent Scan Root Regions
[4693.855s][info][gc,cpu         ] GC(1420) User=0.71s Sys=0.01s Real=0.13s
[4694.040s][info][gc,marking     ] GC(1421) Concurrent Scan Root Regions 185.797ms
[4694.040s][info][gc,marking     ] GC(1421) Concurrent Mark
[4694.040s][info][gc,marking     ] GC(1421) Concurrent Mark From Roots
[4694.040s][info][gc,task        ] GC(1421) Using 2 workers of 2 for marking
.[4695.024s][info][gc,marking     ] GC(1421) Concurrent Mark From Roots 983.885ms
[4695.024s][info][gc,marking     ] GC(1421) Concurrent Preclean
[4695.025s][info][gc,marking     ] GC(1421) Concurrent Preclean 0.140ms
[4695.026s][info][gc,start       ] GC(1421) Pause Remark
[4695.033s][info][gc             ] GC(1421) Pause Remark 2578M->2578M(4096M) 7.306ms
[4695.033s][info][gc,cpu         ] GC(1421) User=0.04s Sys=0.00s Real=0.00s
[4695.034s][info][gc,marking     ] GC(1421) Concurrent Mark 993.631ms
[4695.034s][info][gc,marking     ] GC(1421) Concurrent Rebuild Remembered Sets and Scrub Regions
[4695.309s][info][gc,marking     ] GC(1421) Concurrent Rebuild Remembered Sets and Scrub Regions 275.011ms
[4695.311s][info][gc,start       ] GC(1421) Pause Cleanup
[4695.312s][info][gc             ] GC(1421) Pause Cleanup 2846M->2846M(4096M) 0.138ms
[4695.312s][info][gc,cpu         ] GC(1421) User=0.00s Sys=0.00s Real=0.00s
[4695.312s][info][gc,marking     ] GC(1421) Concurrent Clear Claimed Marks
[4695.312s][info][gc,marking     ] GC(1421) Concurrent Clear Claimed Marks 0.038ms
[4695.312s][info][gc,marking     ] GC(1421) Concurrent Cleanup for Next Mark
[4695.324s][info][gc,marking     ] GC(1421) Concurrent Cleanup for Next Mark 12.703ms
[4695.324s][info][gc             ] GC(1421) Concurrent Mark Cycle 1469.883ms
.[4695.947s][info][gc,start       ] GC(1422) Pause Young (Prepare Mixed) (G1 Evacuation Pause)
[4695.947s][info][gc,task        ] GC(1422) Using 6 workers of 6 for evacuation
[4696.067s][info][gc,phases      ] GC(1422)   Pre Evacuate Collection Set: 0.34ms
[4696.067s][info][gc,phases      ] GC(1422)   Merge Heap Roots: 0.55ms
[4696.067s][info][gc,phases      ] GC(1422)   Evacuate Collection Set: 117.89ms
[4696.067s][info][gc,phases      ] GC(1422)   Post Evacuate Collection Set: 0.93ms
[4696.067s][info][gc,phases      ] GC(1422)   Other: 0.09ms
[4696.067s][info][gc,heap        ] GC(1422) Eden regions: 1117->0(1099)
[4696.067s][info][gc,heap        ] GC(1422) Survivor regions: 111->112(154)
[4696.067s][info][gc,heap        ] GC(1422) Old regions: 510->542
[4696.067s][info][gc,heap        ] GC(1422) Humongous regions: 80->80
[4696.067s][info][gc,metaspace   ] GC(1422) Metaspace: 28899K(29312K)->28899K(29312K) NonClass: 24031K(24256K)->24031K(24256K) Class: 4868K(5056K)->4868K(5056K)
[4696.067s][info][gc             ] GC(1422) Pause Young (Prepare Mixed) (G1 Evacuation Pause) 3634M->1465M(4096M) 119.942ms
[4696.067s][info][gc,cpu         ] GC(1422) User=0.71s Sys=0.00s Real=0.12s
..[4698.110s][info][gc,start       ] GC(1423) Pause Young (Mixed) (G1 Evacuation Pause)
[4698.110s][info][gc,task        ] GC(1423) Using 6 workers of 6 for evacuation
[4698.243s][info][gc,phases      ] GC(1423)   Pre Evacuate Collection Set: 0.39ms
[4698.243s][info][gc,phases      ] GC(1423)   Merge Heap Roots: 0.66ms
[4698.243s][info][gc,phases      ] GC(1423)   Evacuate Collection Set: 130.80ms
[4698.243s][info][gc,phases      ] GC(1423)   Post Evacuate Collection Set: 0.97ms
[4698.243s][info][gc,phases      ] GC(1423)   Other: 0.09ms
[4698.243s][info][gc,heap        ] GC(1423) Eden regions: 1099->0(1119)
[4698.243s][info][gc,heap        ] GC(1423) Survivor regions: 112->109(152)
[4698.243s][info][gc,heap        ] GC(1423) Old regions: 542->479
[4698.243s][info][gc,heap        ] GC(1423) Humongous regions: 80->80
[4698.243s][info][gc,metaspace   ] GC(1423) Metaspace: 28899K(29312K)->28899K(29312K) NonClass: 24031K(24256K)->24031K(24256K) Class: 4868K(5056K)->4868K(5056K)
[4698.243s][info][gc             ] GC(1423) Pause Young (Mixed) (G1 Evacuation Pause) 3663M->1333M(4096M) 133.061ms
[4698.243s][info][gc,cpu         ] GC(1423) User=0.78s Sys=0.00s Real=0.13s
..[4700.396s][info][gc,start       ] GC(1424) Pause Young (Concurrent Start) (G1 Evacuation Pause)
[4700.396s][info][gc,task        ] GC(1424) Using 6 workers of 6 for evacuation
[4700.523s][info][gc,phases      ] GC(1424)   Pre Evacuate Collection Set: 0.37ms
[4700.523s][info][gc,phases      ] GC(1424)   Merge Heap Roots: 0.45ms
[4700.523s][info][gc,phases      ] GC(1424)   Evacuate Collection Set: 125.19ms
[4700.523s][info][gc,phases      ] GC(1424)   Post Evacuate Collection Set: 0.91ms
[4700.523s][info][gc,phases      ] GC(1424)   Other: 0.11ms
[4700.523s][info][gc,heap        ] GC(1424) Eden regions: 1119->0(1113)
[4700.523s][info][gc,heap        ] GC(1424) Survivor regions: 109->115(154)
[4700.523s][info][gc,heap        ] GC(1424) Old regions: 479->511
[4700.523s][info][gc,heap        ] GC(1424) Humongous regions: 80->80
[4700.523s][info][gc,metaspace   ] GC(1424) Metaspace: 28899K(29312K)->28899K(29312K) NonClass: 24031K(24256K)->24031K(24256K) Class: 4868K(5056K)->4868K(5056K)
[4700.523s][info][gc             ] GC(1424) Pause Young (Concurrent Start) (G1 Evacuation Pause) 3571M->1409M(4096M) 127.172ms
[4700.523s][info][gc             ] GC(1425) Concurrent Mark Cycle
[4700.523s][info][gc,marking     ] GC(1425) Concurrent Scan Root Regions
[4700.523s][info][gc,cpu         ] GC(1424) User=0.75s Sys=0.00s Real=0.12s
[4700.810s][info][gc,marking     ] GC(1425) Concurrent Scan Root Regions 286.310ms
[4700.810s][info][gc,marking     ] GC(1425) Concurrent Mark
[4700.810s][info][gc,marking     ] GC(1425) Concurrent Mark From Roots
[4700.810s][info][gc,task        ] GC(1425) Using 2 workers of 2 for marking
..[4702.044s][info][gc,marking     ] GC(1425) Concurrent Mark From Roots 1234.419ms
[4702.044s][info][gc,marking     ] GC(1425) Concurrent Preclean
[4702.044s][info][gc,marking     ] GC(1425) Concurrent Preclean 0.125ms
[4702.046s][info][gc,start       ] GC(1425) Pause Remark
[4702.051s][info][gc             ] GC(1425) Pause Remark 2895M->2895M(4096M) 4.743ms
[4702.051s][info][gc,cpu         ] GC(1425) User=0.02s Sys=0.00s Real=0.00s
[4702.051s][info][gc,marking     ] GC(1425) Concurrent Mark 1241.377ms
[4702.051s][info][gc,marking     ] GC(1425) Concurrent Rebuild Remembered Sets and Scrub Regions
[4702.336s][info][gc,marking     ] GC(1425) Concurrent Rebuild Remembered Sets and Scrub Regions 284.627ms
[4702.337s][info][gc,start       ] GC(1425) Pause Cleanup
[4702.337s][info][gc             ] GC(1425) Pause Cleanup 3197M->3197M(4096M) 0.122ms
[4702.337s][info][gc,cpu         ] GC(1425) User=0.00s Sys=0.00s Real=0.00s
[4702.338s][info][gc,marking     ] GC(1425) Concurrent Clear Claimed Marks
[4702.338s][info][gc,marking     ] GC(1425) Concurrent Clear Claimed Marks 0.037ms
[4702.338s][info][gc,marking     ] GC(1425) Concurrent Cleanup for Next Mark
[4702.343s][info][gc,marking     ] GC(1425) Concurrent Cleanup for Next Mark 4.802ms
[4702.343s][info][gc             ] GC(1425) Concurrent Mark Cycle 1819.519ms
[4702.674s][info][gc,start       ] GC(1426) Pause Young (Prepare Mixed) (G1 Evacuation Pause)
[4702.674s][info][gc,task        ] GC(1426) Using 6 workers of 6 for evacuation
[4702.802s][info][gc,phases      ] GC(1426)   Pre Evacuate Collection Set: 0.33ms
[4702.802s][info][gc,phases      ] GC(1426)   Merge Heap Roots: 0.51ms
[4702.802s][info][gc,phases      ] GC(1426)   Evacuate Collection Set: 126.35ms
[4702.802s][info][gc,phases      ] GC(1426)   Post Evacuate Collection Set: 0.94ms
[4702.802s][info][gc,phases      ] GC(1426)   Other: 0.10ms
[4702.802s][info][gc,heap        ] GC(1426) Eden regions: 1113->0(1087)
[4702.802s][info][gc,heap        ] GC(1426) Survivor regions: 115->118(154)
[4702.802s][info][gc,heap        ] GC(1426) Old regions: 511->542
[4702.802s][info][gc,heap        ] GC(1426) Humongous regions: 80->80
[4702.802s][info][gc,metaspace   ] GC(1426) Metaspace: 28899K(29312K)->28899K(29312K) NonClass: 24031K(24256K)->24031K(24256K) Class: 4868K(5056K)->4868K(5056K)
[4702.802s][info][gc             ] GC(1426) Pause Young (Prepare Mixed) (G1 Evacuation Pause) 3635M->1477M(4096M) 128.418ms
[4702.802s][info][gc,cpu         ] GC(1426) User=0.76s Sys=0.00s Real=0.12s
..[4704.738s][info][gc,start       ] GC(1427) Pause Young (Mixed) (G1 Evacuation Pause)
[4704.738s][info][gc,task        ] GC(1427) Using 6 workers of 6 for evacuation
[4704.875s][info][gc,phases      ] GC(1427)   Pre Evacuate Collection Set: 0.36ms
[4704.875s][info][gc,phases      ] GC(1427)   Merge Heap Roots: 0.68ms
[4704.875s][info][gc,phases      ] GC(1427)   Evacuate Collection Set: 134.75ms
[4704.875s][info][gc,phases      ] GC(1427)   Post Evacuate Collection Set: 0.94ms
[4704.875s][info][gc,phases      ] GC(1427)   Other: 0.08ms
[4704.875s][info][gc,heap        ] GC(1427) Eden regions: 1087->0(1115)
[4704.875s][info][gc,heap        ] GC(1427) Survivor regions: 118->113(151)
[4704.875s][info][gc,heap        ] GC(1427) Old regions: 542->477
[4704.875s][info][gc,heap        ] GC(1427) Humongous regions: 80->80
[4704.875s][info][gc,metaspace   ] GC(1427) Metaspace: 28899K(29312K)->28899K(29312K) NonClass: 24031K(24256K)->24031K(24256K) Class: 4868K(5056K)->4868K(5056K)
[4704.875s][info][gc             ] GC(1427) Pause Young (Mixed) (G1 Evacuation Pause) 3651M->1338M(4096M) 136.942ms
[4704.875s][info][gc,cpu         ] GC(1427) User=0.81s Sys=0.00s Real=0.14s
..[4706.895s][info][gc,start       ] GC(1428) Pause Young (Concurrent Start) (G1 Evacuation Pause)
[4706.895s][info][gc,task        ] GC(1428) Using 6 workers of 6 for evacuation
[4707.011s][info][gc,phases      ] GC(1428)   Pre Evacuate Collection Set: 0.36ms
[4707.011s][info][gc,phases      ] GC(1428)   Merge Heap Roots: 0.46ms
[4707.011s][info][gc,phases      ] GC(1428)   Evacuate Collection Set: 113.97ms
[4707.011s][info][gc,phases      ] GC(1428)   Post Evacuate Collection Set: 0.88ms
[4707.011s][info][gc,phases      ] GC(1428)   Other: 0.11ms
[4707.011s][info][gc,heap        ] GC(1428) Eden regions: 1115->0(1119)
[4707.011s][info][gc,heap        ] GC(1428) Survivor regions: 113->109(154)
[4707.011s][info][gc,heap        ] GC(1428) Old regions: 477->508
[4707.011s][info][gc,heap        ] GC(1428) Humongous regions: 80->80
[4707.011s][info][gc,metaspace   ] GC(1428) Metaspace: 28899K(29312K)->28899K(29312K) NonClass: 24031K(24256K)->24031K(24256K) Class: 4868K(5056K)->4868K(5056K)
[4707.011s][info][gc             ] GC(1428) Pause Young (Concurrent Start) (G1 Evacuation Pause) 3568M->1392M(4096M) 115.928ms
[4707.011s][info][gc             ] GC(1429) Concurrent Mark Cycle
[4707.011s][info][gc,marking     ] GC(1429) Concurrent Scan Root Regions
[4707.011s][info][gc,cpu         ] GC(1428) User=0.69s Sys=0.00s Real=0.11s
.[4707.154s][info][gc,marking     ] GC(1429) Concurrent Scan Root Regions 142.656ms
[4707.154s][info][gc,marking     ] GC(1429) Concurrent Mark
[4707.154s][info][gc,marking     ] GC(1429) Concurrent Mark From Roots
[4707.154s][info][gc,task        ] GC(1429) Using 2 workers of 2 for marking
[4707.894s][info][gc,marking     ] GC(1429) Concurrent Mark From Roots 739.907ms
[4707.894s][info][gc,marking     ] GC(1429) Concurrent Preclean
[4707.894s][info][gc,marking     ] GC(1429) Concurrent Preclean 0.155ms
[4707.896s][info][gc,start       ] GC(1429) Pause Remark
[4707.900s][info][gc             ] GC(1429) Pause Remark 2206M->2206M(4096M) 3.815ms
[4707.900s][info][gc,cpu         ] GC(1429) User=0.02s Sys=0.00s Real=0.00s
[4707.900s][info][gc,marking     ] GC(1429) Concurrent Mark 745.561ms
[4707.900s][info][gc,marking     ] GC(1429) Concurrent Rebuild Remembered Sets and Scrub Regions
.[4708.186s][info][gc,marking     ] GC(1429) Concurrent Rebuild Remembered Sets and Scrub Regions 285.785ms
[4708.186s][info][gc,start       ] GC(1429) Pause Cleanup
[4708.186s][info][gc             ] GC(1429) Pause Cleanup 2498M->2498M(4096M) 0.124ms
[4708.186s][info][gc,cpu         ] GC(1429) User=0.00s Sys=0.00s Real=0.00s
[4708.187s][info][gc,marking     ] GC(1429) Concurrent Clear Claimed Marks
[4708.187s][info][gc,marking     ] GC(1429) Concurrent Clear Claimed Marks 0.033ms
[4708.187s][info][gc,marking     ] GC(1429) Concurrent Cleanup for Next Mark
[4708.193s][info][gc,marking     ] GC(1429) Concurrent Cleanup for Next Mark 5.951ms
[4708.193s][info][gc             ] GC(1429) Concurrent Mark Cycle 1181.590ms
