[0.002s][info][gc,init] CardTable entry size: 512
[0.002s][info][gc     ] Using Parallel
[0.003s][info][gc,init] Version: 24-internal-adhoc.thomas.source (release)
[0.003s][info][gc,init] CPUs: 8 total, 6 available
[0.003s][info][gc,init] Memory: 15662M
[0.003s][info][gc,init] Large Page Support: Disabled
[0.003s][info][gc,init] NUMA Support: Disabled
[0.003s][info][gc,init] Compressed Oops: Enabled (Zero based)
[0.003s][info][gc,init] Alignments: Space 512K, Generation 512K, Heap 2M
[0.003s][info][gc,init] Heap Min Capacity: 2M
[0.003s][info][gc,init] Heap Initial Capacity: 246M
[0.003s][info][gc,init] Heap Max Capacity: 8G
[0.003s][info][gc,init] Pre-touch: Disabled
[0.003s][info][gc,init] Parallel Workers: 6
[0.003s][info][gc,metaspace] CDS archive(s) not mapped
[0.003s][info][gc,metaspace] Compressed class space mapped at: 0x0000000090000000-0x00000000d0000000, reserved size: 1073741824
[0.003s][info][gc,metaspace] UseCompressedClassPointers 1, UseCompactObjectHeaders 0, narrow klass pointer bits 32, max shift 3
[0.003s][info][gc,metaspace] Narrow klass base: 0x0000000000000000, Narrow klass shift: 0, Narrow klass range: 0xd0000000

SPECjbb2015 Java Business Benchmark
 (c) Standard Performance Evaluation Corporation, 2015

Preparing to launch All-in-one SPECjbb2015.

Reading property file: /shared/projects/openjdk/analysis/lilliput-benefits/specjbb/results-COH-OFF-Parallel-FullGC-8G-3/./config/specjbb2015.props

     0s: Enumerating plugins...
     0s:    Connectivity:
     0s:             HTTP_Grizzly: Grizzly HTTP server, JDK HTTP client
     0s:              NIO_Grizzly: Grizzly NIO server, Grizzly NIO client
     0s:               HTTP_Jetty: Jetty HTTP server, JDK HTTP client
     0s:    Snapshot:
     0s:                 InMemory: Stores snapshots in heap memory
     0s:    Data Writers:
     0s:                     Demo: Send all frame to listener
     0s:                   InFile: Writing Data into file
     0s:                   Silent: Drop all frames
     0s: 
     0s: Kit validation is skipped.
     0s: Tests are skipped.
     0s: 
     0s: [0.433s][info][gc,start    ] GC(0) Pause Young (Allocation Failure)
[0.436s][info][gc,heap     ] GC(0) PSYoungGen: 63488K(73728K)->3953K(73728K) Eden: 63488K(63488K)->0K(63488K) From: 0K(10240K)->3953K(10240K)
[0.436s][info][gc,heap     ] GC(0) ParOldGen: 0K(167936K)->16K(167936K)
[0.436s][info][gc,metaspace] GC(0) Metaspace: 16292K(16448K)->16292K(16448K) NonClass: 14490K(14528K)->14490K(14528K) Class: 1801K(1920K)->1801K(1920K)
[0.436s][info][gc          ] GC(0) Pause Young (Allocation Failure) 62M->3M(236M) 3.120ms
[0.436s][info][gc,cpu      ] GC(0) User=0.01s Sys=0.00s Real=0.01s
[0.576s][info][gc,start    ] GC(1) Pause Young (Allocation Failure)
[0.579s][info][gc,heap     ] GC(1) PSYoungGen: 67441K(73728K)->4161K(73728K) Eden: 63488K(63488K)->0K(63488K) From: 3953K(10240K)->4161K(10240K)
[0.579s][info][gc,heap     ] GC(1) ParOldGen: 16K(167936K)->24K(167936K)
[0.579s][info][gc,metaspace] GC(1) Metaspace: 18043K(18240K)->18043K(18240K) NonClass: 15927K(16000K)->15927K(16000K) Class: 2115K(2240K)->2115K(2240K)
[0.579s][info][gc          ] GC(1) Pause Young (Allocation Failure) 65M->4M(236M) 3.409ms
[0.579s][info][gc,cpu      ] GC(1) User=0.02s Sys=0.00s Real=0.00s
[0.739s][info][gc,start    ] GC(2) Pause Young (Allocation Failure)
[0.742s][info][gc,heap     ] GC(2) PSYoungGen: 67649K(73728K)->4598K(73728K) Eden: 63488K(63488K)->0K(63488K) From: 4161K(10240K)->4598K(10240K)
[0.742s][info][gc,heap     ] GC(2) ParOldGen: 24K(167936K)->32K(167936K)
[0.742s][info][gc,metaspace] GC(2) Metaspace: 20242K(20416K)->20242K(20416K) NonClass: 17824K(17920K)->17824K(17920K) Class: 2417K(2496K)->2417K(2496K)
[0.742s][info][gc          ] GC(2) Pause Young (Allocation Failure) 66M->4M(236M) 2.437ms
[0.742s][info][gc,cpu      ] GC(2) User=0.01s Sys=0.00s Real=0.00s
[0.880s][info][gc,start    ] GC(3) Pause Young (Allocation Failure)
[0.884s][info][gc,heap     ] GC(3) PSYoungGen: 68086K(73728K)->5174K(137216K) Eden: 63488K(63488K)->0K(126976K) From: 4598K(10240K)->5174K(10240K)
[0.884s][info][gc,heap     ] GC(3) ParOldGen: 32K(167936K)->40K(167936K)
[0.884s][info][gc,metaspace] GC(3) Metaspace: 21078K(21312K)->21078K(21312K) NonClass: 18565K(18688K)->18565K(18688K) Class: 2513K(2624K)->2513K(2624K)
[0.884s][info][gc          ] GC(3) Pause Young (Allocation Failure) 66M->5M(298M) 4.238ms
[0.884s][info][gc,cpu      ] GC(3) User=0.01s Sys=0.00s Real=0.01s
[0.987s][info][gc,start    ] GC(4) Pause Full (Metadata GC Threshold)
[0.987s][info][gc,phases,start] GC(4) Marking Phase
[0.991s][info][gc,phases      ] GC(4) Marking Phase 4.429ms
[0.991s][info][gc,phases,start] GC(4) Summary Phase
[0.991s][info][gc,phases      ] GC(4) Summary Phase 0.009ms
[0.991s][info][gc,phases,start] GC(4) Forward
[0.992s][info][gc,phases      ] GC(4) Forward 0.502ms
[0.992s][info][gc,phases,start] GC(4) Adjust Pointers
[0.993s][info][gc,phases      ] GC(4) Adjust Pointers 1.403ms
[0.993s][info][gc,phases,start] GC(4) Compaction Phase
[0.995s][info][gc,phases      ] GC(4) Compaction Phase 1.399ms
[0.995s][info][gc,phases,start] GC(4) Post Compact
[0.995s][info][gc,phases      ] GC(4) Post Compact 0.513ms
[0.995s][info][gc,heap        ] GC(4) PSYoungGen: 65399K(137216K)->0K(137216K) Eden: 60224K(126976K)->0K(126976K) From: 5174K(10240K)->0K(10240K)
[0.995s][info][gc,heap        ] GC(4) ParOldGen: 40K(167936K)->5272K(167936K)
[0.995s][info][gc,metaspace   ] GC(4) Metaspace: 21363K(21504K)->21363K(21504K) NonClass: 18832K(18880K)->18832K(18880K) Class: 2531K(2624K)->2531K(2624K)
[0.995s][info][gc             ] GC(4) Pause Full (Metadata GC Threshold) 63M->5M(298M) 8.438ms
[0.995s][info][gc,cpu         ] GC(4) User=0.02s Sys=0.00s Real=0.01s
Ladies and gentlemen, this is your Controller speaking.
     0s: We are delighted in having you for benchmark run today.
     0s: 
     0s: Binary log file is ./specjbb2015-C-20240917-00001.data.gz
     0s: 
     0s: Performing handshake with all agents ...
     0s: 
     0s:  Agent Group1.TxInjector.CompositeTxInjector has attached to Controller
     0s:  Agent Group1.Backend.CompositeBackend has attached to Controller
     0s: 
     0s: All agents have connected.
     0s: 
     0s: Attached agents info:

Group "Group1"
    TxInjectors:
        CompositeTxInjector, includes { Driver } @ [local in-Java link]
    Backends:
        CompositeBackend, includes { SM(2),SP(2) } @ [local in-Java link]

     0s: Initializing... (init[1.066s][info][gc,start       ] GC(5) Pause Young (Allocation Failure)
[1.096s][info][gc,heap        ] GC(5) PSYoungGen: 126976K(137216K)->10225K(137216K) Eden: 126976K(126976K)->0K(126976K) From: 0K(10240K)->10225K(10240K)
[1.096s][info][gc,heap        ] GC(5) ParOldGen: 5272K(167936K)->64040K(167936K)
[1.096s][info][gc,metaspace   ] GC(5) Metaspace: 22304K(22400K)->22304K(22400K) NonClass: 19657K(19712K)->19657K(19712K) Class: 2647K(2688K)->2647K(2688K)
[1.096s][info][gc             ] GC(5) Pause Young (Allocation Failure) 129M->72M(298M) 30.675ms
[1.096s][info][gc,cpu         ] GC(5) User=0.10s Sys=0.09s Real=0.03s
[1.178s][info][gc,start       ] GC(6) Pause Young (Allocation Failure)
[1.239s][info][gc,heap        ] GC(6) PSYoungGen: 137201K(137216K)->49138K(262144K) Eden: 126976K(126976K)->0K(212992K) From: 10225K(10240K)->49138K(49152K)
[1.239s][info][gc,heap        ] GC(6) ParOldGen: 64040K(167936K)->113389K(167936K)
[1.239s][info][gc,metaspace   ] GC(6) Metaspace: 22635K(22848K)->22635K(22848K) NonClass: 19961K(20096K)->19961K(20096K) Class: 2673K(2752K)->2673K(2752K)
[1.239s][info][gc             ] GC(6) Pause Young (Allocation Failure) 196M->158M(420M) 61.467ms
[1.239s][info][gc,cpu         ] GC(6) User=0.19s Sys=0.17s Real=0.06s
[1.407s][info][gc,start       ] GC(7) Pause Young (Allocation Failure)
[1.512s][info][gc,heap        ] GC(7) PSYoungGen: 262130K(262144K)->90096K(303104K) Eden: 212992K(212992K)->0K(212992K) From: 49138K(49152K)->90096K(90112K)
[1.512s][info][gc,heap        ] GC(7) ParOldGen: 113389K(167936K)->222941K(223232K)
[1.512s][info][gc,metaspace   ] GC(7) Metaspace: 22665K(22848K)->22665K(22848K) NonClass: 19991K(20096K)->19991K(20096K) Class: 2674K(2752K)->2674K(2752K)
[1.512s][info][gc             ] GC(7) Pause Young (Allocation Failure) 366M->305M(514M) 105.734ms
[1.512s][info][gc,cpu         ] GC(7) User=0.37s Sys=0.26s Real=0.10s
[1.636s][info][gc,start       ] GC(8) Pause Young (Allocation Failure)
[1.778s][info][gc,heap        ] GC(8) PSYoungGen: 303088K(303104K)->166375K(511488K) Eden: 212992K(212992K)->0K(345088K) From: 90096K(90112K)->166375K(166400K)
[1.778s][info][gc,heap        ] GC(8) ParOldGen: 222941K(223232K)->326821K(327168K)
[1.778s][info][gc,metaspace   ] GC(8) Metaspace: 22677K(22848K)->22677K(22848K) NonClass: 20003K(20096K)->20003K(20096K) Class: 2674K(2752K)->2674K(2752K)
[1.778s][info][gc             ] GC(8) Pause Young (Allocation Failure) 513M->481M(819M) 141.884ms
[1.778s][info][gc,cpu         ] GC(8) User=0.62s Sys=0.21s Real=0.14s
[1.852s][info][gc,start       ] GC(9) Pause Young (Allocation Failure)
[2.063s][info][gc,heap        ] GC(9) PSYoungGen: 511463K(511488K)->247279K(592384K) Eden: 345088K(345088K)->0K(345088K) From: 166375K(166400K)->247279K(247296K)
[2.063s][info][gc,heap        ] GC(9) ParOldGen: 326821K(327168K)->549181K(549376K)
[2.063s][info][gc,metaspace   ] GC(9) Metaspace: 22683K(22848K)->22683K(22848K) NonClass: 20009K(20096K)->20009K(20096K) Class: 2674K(2752K)->2674K(2752K)
[2.063s][info][gc             ] GC(9) Pause Young (Allocation Failure) 818M->777M(1115M) 211.131ms
[2.063s][info][gc,cpu         ] GC(9) User=0.84s Sys=0.41s Real=0.21s
[2.312s][info][gc,start       ] GC(10) Pause Young (Allocation Failure)
[2.537s][info][gc,heap        ] GC(10) PSYoungGen: 592367K(592384K)->368941K(874496K) Eden: 345088K(345088K)->0K(487936K) From: 247279K(247296K)->368941K(386560K)
[2.537s][info][gc,heap        ] GC(10) ParOldGen: 549181K(549376K)->642785K(643072K)
[2.537s][info][gc,metaspace   ] GC(10) Metaspace: 22728K(22848K)->22728K(22848K) NonClass: 20052K(20096K)->20052K(20096K) Class: 2675K(2752K)->2675K(2752K)
[2.537s][info][gc             ] GC(10) Pause Young (Allocation Failure) 1114M->988M(1482M) 225.636ms
[2.537s][info][gc,cpu         ] GC(10) User=0.86s Sys=0.48s Real=0.23s
) OK
     2s: 
     2s: Check whether properties are compliant
     2s: (validation=PASSED) Property settings are COMPLIANT.
     2s: 
     2s: Searching for high-bound for max-jOPS possible for this system
     2s: Searching from base IR = 100
     2s:       rampup IR =      0 [reconfig (term) [3.033s][info][gc,start       ] GC(11) Pause Full (System.gc())
[3.033s][info][gc,phases,start] GC(11) Marking Phase
[3.052s][info][gc,phases      ] GC(11) Marking Phase 18.614ms
[3.052s][info][gc,phases,start] GC(11) Summary Phase
[3.052s][info][gc,phases      ] GC(11) Summary Phase 0.041ms
[3.052s][info][gc,phases,start] GC(11) Forward
[3.066s][info][gc,phases      ] GC(11) Forward 14.393ms
[3.066s][info][gc,phases,start] GC(11) Adjust Pointers
[3.077s][info][gc,phases      ] GC(11) Adjust Pointers 11.094ms
[3.077s][info][gc,phases,start] GC(11) Compaction Phase
[3.095s][info][gc,phases      ] GC(11) Compaction Phase 17.449ms
[3.095s][info][gc,phases,start] GC(11) Post Compact
[3.102s][info][gc,phases      ] GC(11) Post Compact 7.165ms
[3.102s][info][gc,heap        ] GC(11) PSYoungGen: 754298K(874496K)->0K(874496K) Eden: 385356K(487936K)->0K(487936K) From: 368941K(386560K)->0K(386560K)
[3.102s][info][gc,heap        ] GC(11) ParOldGen: 642785K(643072K)->97735K(643072K)
[3.102s][info][gc,metaspace   ] GC(11) Metaspace: 23040K(23168K)->23040K(23168K) NonClass: 20337K(20416K)->20337K(20416K) Class: 2702K(2752K)->2702K(2752K)
[3.102s][info][gc             ] GC(11) Pause Full (System.gc()) 1364M->95M(1482M) 69.080ms
[3.102s][info][gc,cpu         ] GC(11) User=0.28s Sys=0.01s Real=0.07s
(init[3.453s][info][gc,start       ] GC(12) Pause Young (Allocation Failure)
[3.600s][info][gc,heap        ] GC(12) PSYoungGen: 487936K(874496K)->378382K(939008K) Eden: 487936K(487936K)->0K(487936K) From: 0K(386560K)->378382K(451072K)
[3.600s][info][gc,heap        ] GC(12) ParOldGen: 97735K(643072K)->97735K(643072K)
[3.600s][info][gc,metaspace   ] GC(12) Metaspace: 23046K(23168K)->23046K(23168K) NonClass: 20343K(20416K)->20343K(20416K) Class: 2702K(2752K)->2702K(2752K)
[3.600s][info][gc             ] GC(12) Pause Young (Allocation Failure) 571M->464M(1545M) 147.309ms
[3.600s][info][gc,cpu         ] GC(12) User=0.68s Sys=0.20s Real=0.15s
[3.722s][info][gc,start       ] GC(13) Pause Young (Allocation Failure)
[4.038s][info][gc,heap        ] GC(13) PSYoungGen: 866318K(939008K)->400129K(1235968K) Eden: 487936K(487936K)->0K(729600K) From: 378382K(451072K)->400129K(506368K)
[4.038s][info][gc,heap        ] GC(13) ParOldGen: 97735K(643072K)->476200K(643072K)
[4.038s][info][gc,metaspace   ] GC(13) Metaspace: 23052K(23168K)->23052K(23168K) NonClass: 20349K(20416K)->20349K(20416K) Class: 2702K(2752K)->2702K(2752K)
[4.038s][info][gc             ] GC(13) Pause Young (Allocation Failure) 941M->855M(1835M) 315.807ms
[4.038s][info][gc,cpu         ] GC(13) User=1.29s Sys=0.60s Real=0.32s
) ] ... (rIR:aIR:PR = 0:0:0) (tPR = 0) [OK] 
     7s:       rampup IR =     10 ..[9.560s][info][gc,start       ] GC(14) Pause Young (Allocation Failure)
[9.809s][info][gc,heap        ] GC(14) PSYoungGen: 1129729K(1235968K)->267358K(1287168K) Eden: 729600K(729600K)->0K(729600K) From: 400129K(506368K)->267358K(557568K)
[9.809s][info][gc,heap        ] GC(14) ParOldGen: 476200K(643072K)->875962K(876032K)
[9.809s][info][gc,metaspace   ] GC(14) Metaspace: 24330K(24576K)->24330K(24576K) NonClass: 21540K(21632K)->21540K(21632K) Class: 2790K(2944K)->2790K(2944K)
[9.809s][info][gc             ] GC(14) Pause Young (Allocation Failure) 1568M->1116M(2112M) 248.910ms
[9.809s][info][gc,cpu         ] GC(14) User=1.33s Sys=0.14s Real=0.25s
. (rIR:aIR:PR = 10:11:11) (tPR = 828) [OK] 
    10s:       rampup IR =     20 ... (rIR:aIR:PR = 20:20:20) (tPR = 1624) [OK] 
    13s:       rampup IR =     30 .... (rIR:aIR:PR = 30:29:29) (tPR = 2167) [OK] 
    17s:       rampup IR =     40 .... (rIR:aIR:PR = 40:39:39) (tPR = 3006) [OK] 
    21s:       rampup IR =     50 .... (rIR:aIR:PR = 50:50:49) (tPR = 3442) [OK] 
    25s:       rampup IR =     60 .... (rIR:aIR:PR = 60:62:60) (tPR = 3743) [OK] 
    29s:       rampup IR =     70 .... (rIR:aIR:PR = 70:72:70) (tPR = 3960) [OK] 
    33s:       rampup IR =     80 .... (rIR:aIR:PR = 80:83:81) (tPR = 4457) [OK] 
    37s:       rampup IR =     90 .... (rIR:aIR:PR = 90:88:87) (tPR = 4311) [OK] 
    41s:       rampup IR =    100 .... (rIR:aIR:PR = 100:102:99) (tPR = 4590) [OK] 
    45s:    snapshot, IR =    100 ....|.......[57.449s][info][gc,start       ] GC(15) Pause Young (Allocation Failure)
[57.570s][info][gc,heap        ] GC(15) PSYoungGen: 996958K(1287168K)->48128K(1698304K) Eden: 729600K(729600K)->0K(1167360K) From: 267358K(557568K)->48128K(530944K)
[57.570s][info][gc,heap        ] GC(15) ParOldGen: 875962K(876032K)->1143498K(1143808K)
[57.570s][info][gc,metaspace   ] GC(15) Metaspace: 27124K(27392K)->27124K(27392K) NonClass: 24085K(24256K)->24085K(24256K) Class: 3038K(3136K)->3038K(3136K)
[57.570s][info][gc             ] GC(15) Pause Young (Allocation Failure) 1829M->1163M(2775M) 121.580ms
[57.570s][info][gc,cpu         ] GC(15) User=0.63s Sys=0.09s Real=0.12s
....................... (rIR:aIR:PR = 100:100:98) (tPR = 3165) [OK] 
    79s: Performing snapshot: (quiescence.....) (stop TxI) (stop BE) (saving... [86.534s][info][gc,start       ] GC(16) Pause Young (Allocation Failure)
[86.609s][info][gc,heap        ] GC(16) PSYoungGen: 1210123K(1698304K)->150588K(1707008K) Eden: 1161995K(1167360K)->0K(1167360K) From: 48128K(530944K)->150588K(539648K)
[86.609s][info][gc,heap        ] GC(16) ParOldGen: 1143498K(1143808K)->1190433K(1190912K)
[86.609s][info][gc,metaspace   ] GC(16) Metaspace: 27422K(27712K)->27422K(27712K) NonClass: 24378K(24512K)->24378K(24512K) Class: 3044K(3200K)->3044K(3200K)
[86.609s][info][gc             ] GC(16) Pause Young (Allocation Failure) 2298M->1309M(2830M) 74.731ms
[86.609s][info][gc,cpu         ] GC(16) User=0.30s Sys=0.01s Real=0.07s
103302 Kb) (term) [86.622s][info][gc,start       ] GC(17) Pause Full (System.gc())
[86.622s][info][gc,phases,start] GC(17) Marking Phase
[86.645s][info][gc,phases      ] GC(17) Marking Phase 23.111ms
[86.645s][info][gc,phases,start] GC(17) Summary Phase
[86.645s][info][gc,phases      ] GC(17) Summary Phase 0.032ms
[86.645s][info][gc,phases,start] GC(17) Forward
[86.663s][info][gc,phases      ] GC(17) Forward 17.407ms
[86.663s][info][gc,phases,start] GC(17) Adjust Pointers
[86.677s][info][gc,phases      ] GC(17) Adjust Pointers 14.082ms
[86.677s][info][gc,phases,start] GC(17) Compaction Phase
[86.704s][info][gc,phases      ] GC(17) Compaction Phase 27.240ms
[86.704s][info][gc,phases,start] GC(17) Post Compact
[86.708s][info][gc,phases      ] GC(17) Post Compact 3.888ms
[86.708s][info][gc,heap        ] GC(17) PSYoungGen: 222740K(1707008K)->0K(1707008K) Eden: 72151K(1167360K)->0K(1167360K) From: 150588K(539648K)->0K(539648K)
[86.708s][info][gc,heap        ] GC(17) ParOldGen: 1190433K(1190912K)->202797K(1190912K)
[86.708s][info][gc,metaspace   ] GC(17) Metaspace: 27424K(27712K)->27403K(27712K) NonClass: 24380K(24512K)->24365K(24512K) Class: 3044K(3200K)->3038K(3200K)
[86.708s][info][gc             ] GC(17) Pause Full (System.gc()) 1380M->198M(2830M) 86.114ms
[86.708s][info][gc,cpu         ] GC(17) User=0.34s Sys=0.01s Real=0.09s
(init[87.646s][info][gc,start       ] GC(18) Pause Young (Allocation Failure)
[87.969s][info][gc,heap        ] GC(18) PSYoungGen: 1167360K(1707008K)->477286K(2132992K) Eden: 1167360K(1167360K)->0K(1622528K) From: 0K(539648K)->477286K(510464K)
[87.969s][info][gc,heap        ] GC(18) ParOldGen: 202797K(1190912K)->202805K(1190912K)
[87.969s][info][gc,metaspace   ] GC(18) Metaspace: 27508K(27776K)->27508K(27776K) NonClass: 24459K(24576K)->24459K(24576K) Class: 3048K(3200K)->3048K(3200K)
[87.969s][info][gc             ] GC(18) Pause Young (Allocation Failure) 1338M->664M(3246M) 323.181ms
[87.969s][info][gc,cpu         ] GC(18) User=1.22s Sys=0.70s Real=0.32s
) ...
    91s:       rampup IR =      0 ... (rIR:aIR:PR = 0:0:0) (tPR = 0) [OK] 
    94s:       rampup IR =     10 ... (rIR:aIR:PR = 10:9:9) (tPR = 135) [OK] 
    97s:       rampup IR =     20 ... (rIR:aIR:PR = 20:20:20) (tPR = 557) [OK] 
   100s:       rampup IR =     30 .... (rIR:aIR:PR = 30:31:31) (tPR = 682) [OK] 
   104s:       rampup IR =     40 .... (rIR:aIR:PR = 40:40:40) (tPR = 886) [OK] 
   108s:       rampup IR =     50 .... (rIR:aIR:PR = 50:48:47) (tPR = 1122) [OK] 
   112s:       rampup IR =     60 .... (rIR:aIR:PR = 60:65:63) (tPR = 1284) [OK] 
   116s:       rampup IR =     70 .... (rIR:aIR:PR = 70:70:69) (tPR = 1460) [OK] 
   120s:       rampup IR =     80 .... (rIR:aIR:PR = 80:81:80) (tPR = 1599) [OK] 
   124s:       rampup IR =     90 ...[128.191s][info][gc,start       ] GC(19) Pause Young (Allocation Failure)
[128.614s][info][gc,heap        ] GC(19) PSYoungGen: 2099814K(2132992K)->586729K(2209280K) Eden: 1622528K(1622528K)->0K(1622528K) From: 477286K(510464K)->586729K(586752K)
[128.614s][info][gc,heap        ] GC(19) ParOldGen: 202805K(1190912K)->568360K(1190912K)
[128.614s][info][gc,metaspace   ] GC(19) Metaspace: 27641K(27904K)->27641K(27904K) NonClass: 24591K(24704K)->24591K(24704K) Class: 3049K(3200K)->3049K(3200K)
[128.614s][info][gc             ] GC(19) Pause Young (Allocation Failure) 2248M->1128M(3320M) 422.888ms
[128.614s][info][gc,cpu         ] GC(19) User=1.76s Sys=0.76s Real=0.43s
. (rIR:aIR:PR = 90:77:75) (tPR = 1871) [OK] 
   128s:       rampup IR =    100 .... (rIR:aIR:PR = 100:100:98) (tPR = 2050) [OK] 
   132s:       trying IR =    200 .... (rIR:aIR:PR = 200:196:191) (tPR = 4019) [OK] 
   136s:       trying IR =    220 .... (rIR:aIR:PR = 220:221:216) (tPR = 4317) [OK] 
   140s:       trying IR =    244 .... (rIR:aIR:PR = 244:243:237) (tPR = 4764) [OK] 
   144s:       trying IR =    273 .... (rIR:aIR:PR = 273:271:266) (tPR = 5193) [OK] 
   148s:       trying IR =    307 .... (rIR:aIR:PR = 307:311:305) (tPR = 6388) [OK] 
   152s:       trying IR =    349 .... (rIR:aIR:PR = 349:348:342) (tPR = 6628) [OK] 
   156s:       trying IR =    399 .... (rIR:aIR:PR = 399:399:392) (tPR = 7587) [OK] 
   160s:       trying IR =    458 ..[163.607s][info][gc,start       ] GC(20) Pause Young (Allocation Failure)
[163.790s][info][gc,heap        ] GC(20) PSYoungGen: 2209257K(2209280K)->101344K(1781248K) Eden: 1622528K(1622528K)->0K(1194496K) From: 586729K(586752K)->101344K(586752K)
[163.790s][info][gc,heap        ] GC(20) ParOldGen: 568360K(1190912K)->1063183K(1190912K)
[163.790s][info][gc,metaspace   ] GC(20) Metaspace: 27845K(28096K)->27845K(28096K) NonClass: 24792K(24896K)->24792K(24896K) Class: 3053K(3200K)->3053K(3200K)
[163.790s][info][gc             ] GC(20) Pause Young (Allocation Failure) 2712M->1137M(2902M) 183.711ms
[163.790s][info][gc,cpu         ] GC(20) User=1.08s Sys=0.01s Real=0.18s
.... (rIR:aIR:PR = 458:457:447) (tPR = 8522) [OK] 
   166s:       trying IR =    530 ..... (rIR:aIR:PR = 530:541:527) (tPR = 10059) [OK] 
   171s:       trying IR =    616 ..[174.611s][info][gc,start       ] GC(21) Pause Young (Allocation Failure)
[174.673s][info][gc,heap        ] GC(21) PSYoungGen: 1295840K(1781248K)->64814K(1995264K) Eden: 1194496K(1194496K)->0K(1194496K) From: 101344K(586752K)->64814K(800768K)
[174.673s][info][gc,heap        ] GC(21) ParOldGen: 1063183K(1190912K)->1155431K(1190912K)
[174.673s][info][gc,metaspace   ] GC(21) Metaspace: 27901K(28160K)->27901K(28160K) NonClass: 24846K(24960K)->24846K(24960K) Class: 3054K(3200K)->3054K(3200K)
[174.673s][info][gc             ] GC(21) Pause Young (Allocation Failure) 2303M->1191M(3111M) 61.138ms
[174.673s][info][gc,cpu         ] GC(21) User=0.36s Sys=0.01s Real=0.06s
.. (rIR:aIR:PR = 616:626:612) (tPR = 11143) [OK] 
   175s:       trying IR =    719 ...... (rIR:aIR:PR = 719:717:701) (tPR = 12201) [OK] 
   181s:       trying IR =    843 .[183.008s][info][gc,start       ] GC(22) Pause Young (Allocation Failure)
[183.060s][info][gc,heap        ] GC(22) PSYoungGen: 1259310K(1995264K)->67813K(1930240K) Eden: 1194496K(1194496K)->0K(1213440K) From: 64814K(800768K)->67813K(716800K)
[183.060s][info][gc,heap        ] GC(22) ParOldGen: 1155431K(1190912K)->1214600K(1214976K)
[183.060s][info][gc,metaspace   ] GC(22) Metaspace: 27957K(28224K)->27957K(28224K) NonClass: 24900K(25024K)->24900K(25024K) Class: 3056K(3200K)->3056K(3200K)
[183.060s][info][gc             ] GC(22) Pause Young (Allocation Failure) 2358M->1252M(3071M) 51.386ms
[183.060s][info][gc,cpu         ] GC(22) User=0.30s Sys=0.00s Real=0.05s
.... (rIR:aIR:PR = 843:857:838) (tPR = 14445) [OK] 
   186s:       trying IR =    992 ..[189.628s][info][gc,start       ] GC(23) Pause Young (Allocation Failure)
[189.680s][info][gc,heap        ] GC(23) PSYoungGen: 1281253K(1930240K)->67415K(1972224K) Eden: 1213440K(1213440K)->0K(1213440K) From: 67813K(716800K)->67415K(758784K)
[189.681s][info][gc,heap        ] GC(23) ParOldGen: 1214600K(1214976K)->1274144K(1274368K)
[189.681s][info][gc,metaspace   ] GC(23) Metaspace: 28067K(28352K)->28067K(28352K) NonClass: 24995K(25152K)->24995K(25152K) Class: 3072K(3200K)->3072K(3200K)
[189.681s][info][gc             ] GC(23) Pause Young (Allocation Failure) 2437M->1310M(3170M) 52.996ms
[189.681s][info][gc,cpu         ] GC(23) User=0.29s Sys=0.01s Real=0.05s
.. (rIR:aIR:PR = 992:986:966) (tPR = 17093) [OK] 
   190s:       trying IR =   1170 .... (rIR:aIR:PR = 1170:1171:1146) (tPR = 20855) [OK] 
   194s:       trying IR =   1384 [195.122s][info][gc,start       ] GC(24) Pause Young (Allocation Failure)
[195.177s][info][gc,heap        ] GC(24) PSYoungGen: 1280855K(1972224K)->68763K(1965056K) Eden: 1213440K(1213440K)->0K(1303552K) From: 67415K(758784K)->68763K(661504K)
[195.177s][info][gc,heap        ] GC(24) ParOldGen: 1274144K(1274368K)->1335305K(1335808K)
[195.177s][info][gc,metaspace   ] GC(24) Metaspace: 28088K(28352K)->28088K(28352K) NonClass: 25015K(25152K)->25015K(25152K) Class: 3072K(3200K)->3072K(3200K)
[195.177s][info][gc             ] GC(24) Pause Young (Allocation Failure) 2495M->1371M(3223M) 54.741ms
[195.177s][info][gc,cpu         ] GC(24) User=0.31s Sys=0.02s Real=0.06s
.... (rIR:aIR:PR = 1384:1379:1363) (tPR = 23800) [OK] 
   198s:       trying IR =   1641 [199.797s][info][gc,start       ] GC(25) Pause Young (Allocation Failure)
[199.851s][info][gc,heap        ] GC(25) PSYoungGen: 1372315K(1965056K)->76384K(2009600K) Eden: 1303552K(1303552K)->0K(1303552K) From: 68763K(661504K)->76384K(706048K)
[199.851s][info][gc,heap        ] GC(25) ParOldGen: 1335305K(1335808K)->1396420K(1396736K)
[199.851s][info][gc,metaspace   ] GC(25) Metaspace: 28113K(28416K)->28113K(28416K) NonClass: 25041K(25216K)->25041K(25216K) Class: 3072K(3200K)->3072K(3200K)
[199.851s][info][gc             ] GC(25) Pause Young (Allocation Failure) 2644M->1438M(3326M) 54.149ms
[199.851s][info][gc,cpu         ] GC(25) User=0.30s Sys=0.02s Real=0.05s
.... (rIR:aIR:PR = 1641:1670:1653) (tPR = 26968) [OK] 
   202s:       trying IR =   1949 [203.837s][info][gc,start       ] GC(26) Pause Young (Allocation Failure)
[203.894s][info][gc,heap        ] GC(26) PSYoungGen: 1379936K(2009600K)->77496K(2015232K) Eden: 1303552K(1303552K)->0K(1414144K) From: 76384K(706048K)->77496K(601088K)
[203.894s][info][gc,heap        ] GC(26) ParOldGen: 1396420K(1396736K)->1465828K(1465856K)
[203.894s][info][gc,metaspace   ] GC(26) Metaspace: 28140K(28416K)->28140K(28416K) NonClass: 25068K(25216K)->25068K(25216K) Class: 3072K(3200K)->3072K(3200K)
[203.894s][info][gc             ] GC(26) Pause Young (Allocation Failure) 2711M->1507M(3399M) 57.768ms
[203.894s][info][gc,cpu         ] GC(26) User=0.32s Sys=0.03s Real=0.06s
.... (rIR:aIR:PR = 1949:1942:1936) (tPR = 32127) [OK] 
   206s:       trying IR =   2319 [207.471s][info][gc,start       ] GC(27) Pause Young (Allocation Failure)
[207.532s][info][gc,heap        ] GC(27) PSYoungGen: 1491640K(2015232K)->83648K(2059776K) Eden: 1414144K(1414144K)->0K(1414144K) From: 77496K(601088K)->83648K(645632K)
[207.532s][info][gc,heap        ] GC(27) ParOldGen: 1465828K(1465856K)->1531757K(1531904K)
[207.532s][info][gc,metaspace   ] GC(27) Metaspace: 28164K(28416K)->28164K(28416K) NonClass: 25091K(25216K)->25091K(25216K) Class: 3072K(3200K)->3072K(3200K)
[207.532s][info][gc             ] GC(27) Pause Young (Allocation Failure) 2888M->1577M(3507M) 60.516ms
[207.532s][info][gc,cpu         ] GC(27) User=0.34s Sys=0.02s Real=0.06s
...[210.866s][info][gc,start       ] GC(28) Pause Young (Allocation Failure)
[210.929s][info][gc,heap        ] GC(28) PSYoungGen: 1497792K(2059776K)->82416K(2075648K) Eden: 1414144K(1414144K)->0K(1536000K) From: 83648K(645632K)->82416K(539648K)
[210.929s][info][gc,heap        ] GC(28) ParOldGen: 1531757K(1531904K)->1603733K(1604096K)
[210.929s][info][gc,metaspace   ] GC(28) Metaspace: 28217K(28480K)->28217K(28480K) NonClass: 25140K(25280K)->25140K(25280K) Class: 3077K(3200K)->3077K(3200K)
[210.929s][info][gc             ] GC(28) Pause Young (Allocation Failure) 2958M->1646M(3593M) 62.978ms
[210.930s][info][gc,cpu         ] GC(28) User=0.35s Sys=0.02s Real=0.06s
. (rIR:aIR:PR = 2319:2284:2285) (tPR = 37249) [OK] 
   210s:       trying IR =   2762 .[212.898s][info][gc,start       ] GC(29) Pause Full (Diagnostic Command)
[212.898s][info][gc,phases,start] GC(29) Marking Phase
[213.188s][info][gc,phases      ] GC(29) Marking Phase 289.875ms
[213.188s][info][gc,phases,start] GC(29) Summary Phase
[213.188s][info][gc,phases      ] GC(29) Summary Phase 0.040ms
[213.188s][info][gc,phases,start] GC(29) Forward
[213.300s][info][gc,phases      ] GC(29) Forward 111.894ms
[213.300s][info][gc,phases,start] GC(29) Adjust Pointers
[213.496s][info][gc,phases      ] GC(29) Adjust Pointers 196.110ms
[213.496s][info][gc,phases,start] GC(29) Compaction Phase
[213.692s][info][gc,phases      ] GC(29) Compaction Phase 196.661ms
[213.694s][info][gc,phases,start] GC(29) Post Compact
[213.696s][info][gc,phases      ] GC(29) Post Compact 2.616ms
[213.696s][info][gc,heap        ] GC(29) PSYoungGen: 1038972K(2075648K)->0K(2075648K) Eden: 956556K(1536000K)->0K(1536000K) From: 82416K(539648K)->0K(539648K)
[213.696s][info][gc,heap        ] GC(29) ParOldGen: 1603733K(1604096K)->1150076K(1604096K)
[213.696s][info][gc,metaspace   ] GC(29) Metaspace: 28243K(28544K)->28243K(28544K) NonClass: 25165K(25280K)->25165K(25280K) Class: 3078K(3264K)->3078K(3264K)
[213.696s][info][gc             ] GC(29) Pause Full (Diagnostic Command) 2580M->1123M(3593M) 798.599ms
[213.696s][info][gc,cpu         ] GC(29) User=4.64s Sys=0.01s Real=0.80s
...[216.325s][info][gc,start       ] GC(30) Pause Young (Allocation Failure)
[216.372s][info][gc,heap        ] GC(30) PSYoungGen: 1536000K(2075648K)->107910K(2119680K) Eden: 1536000K(1536000K)->0K(1536000K) From: 0K(539648K)->107910K(583680K)
[216.372s][info][gc,heap        ] GC(30) ParOldGen: 1150076K(1604096K)->1150084K(1604096K)
[216.372s][info][gc,metaspace   ] GC(30) Metaspace: 28375K(28672K)->28375K(28672K) NonClass: 25287K(25408K)->25287K(25408K) Class: 3088K(3264K)->3088K(3264K)
[216.372s][info][gc             ] GC(30) Pause Young (Allocation Failure) 2623M->1228M(3636M) 46.567ms
[216.372s][info][gc,cpu         ] GC(30) User=0.27s Sys=0.00s Real=0.04s
. (rIR:aIR:PR = 2762:2743:2743) (tPR = 42440) [OK] 
   216s:       trying IR =   3295 ..[219.367s][info][gc,start       ] GC(31) Pause Young (Allocation Failure)
[219.432s][info][gc,heap        ] GC(31) PSYoungGen: 1643910K(2119680K)->99008K(2142208K) Eden: 1536000K(1536000K)->0K(1662976K) From: 107910K(583680K)->99008K(479232K)
[219.432s][info][gc,heap        ] GC(31) ParOldGen: 1150084K(1604096K)->1229318K(1604096K)
[219.432s][info][gc,metaspace   ] GC(31) Metaspace: 28590K(28928K)->28590K(28928K) NonClass: 25497K(25664K)->25497K(25664K) Class: 3093K(3264K)->3093K(3264K)
[219.432s][info][gc             ] GC(31) Pause Young (Allocation Failure) 2728M->1297M(3658M) 65.044ms
[219.432s][info][gc,cpu         ] GC(31) User=0.38s Sys=0.00s Real=0.06s
.. (rIR:aIR:PR = 3295:3329:3329) (tPR = 49174) [OK] 
   220s:       trying IR =   3934 .[222.384s][info][gc,start       ] GC(32) Pause Young (Allocation Failure)
[222.454s][info][gc,heap        ] GC(32) PSYoungGen: 1761984K(2142208K)->108928K(2182144K) Eden: 1662976K(1662976K)->0K(1662976K) From: 99008K(479232K)->108928K(519168K)
[222.454s][info][gc,heap        ] GC(32) ParOldGen: 1229318K(1604096K)->1307526K(1604096K)
[222.454s][info][gc,metaspace   ] GC(32) Metaspace: 28656K(28992K)->28656K(28992K) NonClass: 25562K(25728K)->25562K(25728K) Class: 3093K(3264K)->3093K(3264K)
[222.454s][info][gc             ] GC(32) Pause Young (Allocation Failure) 2921M->1383M(3697M) 69.757ms
[222.454s][info][gc,cpu         ] GC(32) User=0.40s Sys=0.00s Real=0.07s
... (rIR:aIR:PR = 3934:3936:3936) (tPR = 59322) [OK] 
   224s:       trying IR =   4701 [225.247s][info][gc,start       ] GC(33) Pause Young (Allocation Failure)
[225.325s][info][gc,heap        ] GC(33) PSYoungGen: 1771904K(2182144K)->124421K(2205184K) Eden: 1662976K(1662976K)->0K(1788416K) From: 108928K(519168K)->124421K(416768K)
[225.325s][info][gc,heap        ] GC(33) ParOldGen: 1307526K(1604096K)->1391734K(1604096K)
[225.325s][info][gc,metaspace   ] GC(33) Metaspace: 28673K(28992K)->28673K(28992K) NonClass: 25576K(25728K)->25576K(25728K) Class: 3097K(3264K)->3097K(3264K)
[225.325s][info][gc             ] GC(33) Pause Young (Allocation Failure) 3007M->1480M(3720M) 78.097ms
[225.325s][info][gc,cpu         ] GC(33) User=0.46s Sys=0.01s Real=0.08s
...[227.890s][info][gc,start       ] GC(34) Pause Young (Allocation Failure)
[227.964s][info][gc,heap        ] GC(34) PSYoungGen: 1912837K(2205184K)->116448K(2245632K) Eden: 1788416K(1788416K)->0K(1788416K) From: 124421K(416768K)->116448K(457216K)
[227.964s][info][gc,heap        ] GC(34) ParOldGen: 1391734K(1604096K)->1477438K(1604096K)
[227.964s][info][gc,metaspace   ] GC(34) Metaspace: 28674K(28992K)->28674K(28992K) NonClass: 25576K(25728K)->25576K(25728K) Class: 3098K(3264K)->3098K(3264K)
[227.964s][info][gc             ] GC(34) Pause Young (Allocation Failure) 3227M->1556M(3759M) 74.195ms
[227.964s][info][gc,cpu         ] GC(34) User=0.43s Sys=0.00s Real=0.08s
. (rIR:aIR:PR = 4701:4684:4684) (tPR = 72664) [OK] 
   228s:       trying IR =   5621 .[230.200s][info][gc,start       ] GC(35) Pause Young (Allocation Failure)
[230.275s][info][gc,heap        ] GC(35) PSYoungGen: 1904864K(2245632K)->116416K(2275328K) Eden: 1788416K(1788416K)->0K(1908736K) From: 116448K(457216K)->116416K(366592K)
[230.275s][info][gc,heap        ] GC(35) ParOldGen: 1477438K(1604096K)->1567830K(1604096K)
[230.275s][info][gc,metaspace   ] GC(35) Metaspace: 28700K(28992K)->28700K(28992K) NonClass: 25602K(25728K)->25602K(25728K) Class: 3098K(3264K)->3098K(3264K)
[230.276s][info][gc             ] GC(35) Pause Young (Allocation Failure) 3303M->1644M(3788M) 75.858ms
[230.276s][info][gc,cpu         ] GC(35) User=0.44s Sys=0.00s Real=0.08s
..[232.587s][info][gc,start       ] GC(36) Pause Young (Allocation Failure)
[232.667s][info][gc,heap        ] GC(36) PSYoungGen: 2025152K(2275328K)->125408K(2313728K) Eden: 1908736K(1908736K)->0K(1908736K) From: 116416K(366592K)->125408K(404992K)
[232.667s][info][gc,heap        ] GC(36) ParOldGen: 1567830K(1604096K)->1653626K(1653760K)
[232.667s][info][gc,metaspace   ] GC(36) Metaspace: 28700K(28992K)->28700K(28992K) NonClass: 25602K(25728K)->25602K(25728K) Class: 3098K(3264K)->3098K(3264K)
[232.667s][info][gc             ] GC(36) Pause Young (Allocation Failure) 3508M->1737M(3874M) 80.403ms
[232.667s][info][gc,cpu         ] GC(36) User=0.46s Sys=0.01s Real=0.08s
. (rIR:aIR:PR = 5621:5642:5641) (tPR = 86327) [OK] 
   232s:       trying IR =   6725 .[234.602s][info][gc,start       ] GC(37) Pause Young (Allocation Failure)
[234.688s][info][gc,heap        ] GC(37) PSYoungGen: 2034144K(2313728K)->132096K(2330624K) Eden: 1908736K(1908736K)->0K(2011136K) From: 125408K(404992K)->132096K(319488K)
[234.688s][info][gc,heap        ] GC(37) ParOldGen: 1653626K(1653760K)->1746042K(1746432K)
[234.688s][info][gc,metaspace   ] GC(37) Metaspace: 28728K(28992K)->28728K(28992K) NonClass: 25630K(25728K)->25630K(25728K) Class: 3098K(3264K)->3098K(3264K)
[234.688s][info][gc             ] GC(37) Pause Young (Allocation Failure) 3601M->1834M(3981M) 86.557ms
[234.688s][info][gc,cpu         ] GC(37) User=0.48s Sys=0.03s Real=0.09s
..[236.622s][info][gc,start       ] GC(38) Pause Young (Allocation Failure)
[236.704s][info][gc,heap        ] GC(38) PSYoungGen: 2143232K(2330624K)->121040K(2367488K) Eden: 2011136K(2011136K)->0K(2011136K) From: 132096K(319488K)->121040K(356352K)
[236.704s][info][gc,heap        ] GC(38) ParOldGen: 1746042K(1746432K)->1838538K(1838592K)
[236.704s][info][gc,metaspace   ] GC(38) Metaspace: 28729K(28992K)->28729K(28992K) NonClass: 25630K(25728K)->25630K(25728K) Class: 3098K(3264K)->3098K(3264K)
[236.704s][info][gc             ] GC(38) Pause Young (Allocation Failure) 3798M->1913M(4107M) 81.192ms
[236.704s][info][gc,cpu         ] GC(38) User=0.45s Sys=0.03s Real=0.09s
. (rIR:aIR:PR = 6725:6688:6687) (tPR = 101116) [OK] 
   236s:       trying IR =   8050 .[238.432s][info][gc,start       ] GC(39) Pause Young (Allocation Failure)
[238.519s][info][gc,heap        ] GC(39) PSYoungGen: 2132176K(2367488K)->136608K(2383360K) Eden: 2011136K(2011136K)->0K(2102784K) From: 121040K(356352K)->136608K(280576K)
[238.519s][info][gc,heap        ] GC(39) ParOldGen: 1838538K(1838592K)->1929970K(1930240K)
[238.519s][info][gc,metaspace   ] GC(39) Metaspace: 28740K(28992K)->28740K(28992K) NonClass: 25642K(25728K)->25642K(25728K) Class: 3098K(3264K)->3098K(3264K)
[238.519s][info][gc             ] GC(39) Pause Young (Allocation Failure) 3877M->2018M(4212M) 87.139ms
[238.519s][info][gc,cpu         ] GC(39) User=0.49s Sys=0.02s Real=0.09s
..[240.214s][info][gc,start       ] GC(40) Pause Young (Allocation Failure)
[240.301s][info][gc,heap        ] GC(40) PSYoungGen: 2239392K(2383360K)->136276K(2420224K) Eden: 2102784K(2102784K)->0K(2102784K) From: 136608K(280576K)->136276K(317440K)
[240.301s][info][gc,heap        ] GC(40) ParOldGen: 1929970K(1930240K)->2023882K(2023936K)
[240.301s][info][gc,metaspace   ] GC(40) Metaspace: 28740K(28992K)->28740K(28992K) NonClass: 25642K(25728K)->25642K(25728K) Class: 3098K(3264K)->3098K(3264K)
[240.301s][info][gc             ] GC(40) Pause Young (Allocation Failure) 4071M->2109M(4340M) 87.605ms
[240.301s][info][gc,cpu         ] GC(40) User=0.48s Sys=0.03s Real=0.08s
. (rIR:aIR:PR = 8050:8056:8055) (tPR = 124191) [OK] 
   240s:       trying IR =   9640 .[241.841s][info][gc,start       ] GC(41) Pause Young (Allocation Failure)
[241.931s][info][gc,heap        ] GC(41) PSYoungGen: 2239060K(2420224K)->141216K(2432512K) Eden: 2102784K(2102784K)->0K(2178560K) From: 136276K(317440K)->141216K(253952K)
[241.931s][info][gc,heap        ] GC(41) ParOldGen: 2023882K(2023936K)->2117738K(2118144K)
[241.931s][info][gc,metaspace   ] GC(41) Metaspace: 28741K(29056K)->28741K(29056K) NonClass: 25643K(25792K)->25643K(25792K) Class: 3098K(3264K)->3098K(3264K)
[241.931s][info][gc             ] GC(41) Pause Young (Allocation Failure) 4163M->2206M(4444M) 89.523ms
[241.931s][info][gc,cpu         ] GC(41) User=0.49s Sys=0.03s Real=0.09s
.[243.342s][info][gc,start       ] GC(42) Pause Young (Allocation Failure)
[243.440s][info][gc,heap        ] GC(42) PSYoungGen: 2319776K(2432512K)->150388K(2464256K) Eden: 2178560K(2178560K)->0K(2178560K) From: 141216K(253952K)->150388K(285696K)
[243.440s][info][gc,heap        ] GC(42) ParOldGen: 2117738K(2118144K)->2218178K(2218496K)
[243.440s][info][gc,metaspace   ] GC(42) Metaspace: 28741K(29056K)->28741K(29056K) NonClass: 25643K(25792K)->25643K(25792K) Class: 3098K(3264K)->3098K(3264K)
[243.440s][info][gc             ] GC(42) Pause Young (Allocation Failure) 4333M->2313M(4573M) 98.062ms
[243.440s][info][gc,cpu         ] GC(42) User=0.55s Sys=0.03s Real=0.10s
..[244.969s][info][gc,start       ] GC(43) Pause Young (Allocation Failure)
[245.072s][info][gc,heap        ] GC(43) PSYoungGen: 2328948K(2464256K)->163641K(2492928K) Eden: 2178560K(2178560K)->0K(2233856K) From: 150388K(285696K)->163641K(259072K)
[245.072s][info][gc,heap        ] GC(43) ParOldGen: 2218178K(2218496K)->2316954K(2317312K)
[245.072s][info][gc,metaspace   ] GC(43) Metaspace: 28764K(29056K)->28764K(29056K) NonClass: 25665K(25792K)->25665K(25792K) Class: 3098K(3264K)->3098K(3264K)
[245.072s][info][gc             ] GC(43) Pause Young (Allocation Failure) 4440M->2422M(4697M) 103.092ms
[245.072s][info][gc,cpu         ] GC(43) User=0.56s Sys=0.04s Real=0.10s
. (rIR:aIR:PR = 9640:9789:9789) (tPR = 151513) [OK] 
   245s:       trying IR =  11548 [246.414s][info][gc,start       ] GC(44) Pause Young (Allocation Failure)
[246.514s][info][gc,heap        ] GC(44) PSYoungGen: 2397497K(2492928K)->155648K(2506240K) Eden: 2233856K(2233856K)->0K(2233856K) From: 163641K(259072K)->155648K(272384K)
[246.514s][info][gc,heap        ] GC(44) ParOldGen: 2316954K(2317312K)->2418170K(2418176K)
[246.514s][info][gc,metaspace   ] GC(44) Metaspace: 28777K(29120K)->28777K(29120K) NonClass: 25678K(25856K)->25678K(25856K) Class: 3098K(3264K)->3098K(3264K)
[246.514s][info][gc             ] GC(44) Pause Young (Allocation Failure) 4603M->2513M(4809M) 100.529ms
[246.514s][info][gc,cpu         ] GC(44) User=0.55s Sys=0.03s Real=0.10s
.[247.754s][info][gc,start       ] GC(45) Pause Young (Allocation Failure)
[247.847s][info][gc,heap        ] GC(45) PSYoungGen: 2389504K(2506240K)->142464K(2493952K) Eden: 2233856K(2233856K)->0K(2258432K) From: 155648K(272384K)->142464K(235520K)
[247.847s][info][gc,heap        ] GC(45) ParOldGen: 2418170K(2418176K)->2517338K(2517504K)
[247.847s][info][gc,metaspace   ] GC(45) Metaspace: 28777K(29120K)->28777K(29120K) NonClass: 25678K(25856K)->25678K(25856K) Class: 3098K(3264K)->3098K(3264K)
[247.847s][info][gc             ] GC(45) Pause Young (Allocation Failure) 4694M->2597M(4894M) 93.508ms
[247.847s][info][gc,cpu         ] GC(45) User=0.51s Sys=0.04s Real=0.09s
..[249.105s][info][gc,start       ] GC(46) Pause Young (Allocation Failure)
[249.205s][info][gc,heap        ] GC(46) PSYoungGen: 2400896K(2493952K)->153008K(2511872K) Eden: 2258432K(2258432K)->0K(2258432K) From: 142464K(235520K)->153008K(253440K)
[249.205s][info][gc,heap        ] GC(46) ParOldGen: 2517338K(2517504K)->2619058K(2619392K)
[249.205s][info][gc,metaspace   ] GC(46) Metaspace: 28782K(29120K)->28782K(29120K) NonClass: 25683K(25856K)->25683K(25856K) Class: 3098K(3264K)->3098K(3264K)
[249.205s][info][gc             ] GC(46) Pause Young (Allocation Failure) 4802M->2707M(5011M) 99.735ms
[249.205s][info][gc,cpu         ] GC(46) User=0.54s Sys=0.03s Real=0.10s
.[250.431s][info][gc,start       ] GC(47) Pause Young (Allocation Failure)
[250.542s][info][gc,heap        ] GC(47) PSYoungGen: 2411440K(2511872K)->170393K(2535936K) Eden: 2258432K(2258432K)->0K(2295808K) From: 153008K(253440K)->170393K(240128K)
[250.542s][info][gc,heap        ] GC(47) ParOldGen: 2619058K(2619392K)->2719194K(2719232K)
[250.542s][info][gc,metaspace   ] GC(47) Metaspace: 28782K(29120K)->28782K(29120K) NonClass: 25683K(25856K)->25683K(25856K) Class: 3098K(3264K)->3098K(3264K)
[250.542s][info][gc             ] GC(47) Pause Young (Allocation Failure) 4912M->2821M(5132M) 110.855ms
[250.542s][info][gc,cpu         ] GC(47) User=0.58s Sys=0.06s Real=0.11s
.[251.863s][info][gc,start       ] GC(48) Pause Young (Allocation Failure)
[251.957s][info][gc,heap        ] GC(48) PSYoungGen: 2466201K(2535936K)->145056K(2542592K) Eden: 2295808K(2295808K)->0K(2295808K) From: 170393K(240128K)->145056K(246784K)
[251.957s][info][gc,heap        ] GC(48) ParOldGen: 2719194K(2719232K)->2821658K(2822144K)
[251.957s][info][gc,metaspace   ] GC(48) Metaspace: 28782K(29120K)->28782K(29120K) NonClass: 25683K(25856K)->25683K(25856K) Class: 3098K(3264K)->3098K(3264K)
[251.957s][info][gc             ] GC(48) Pause Young (Allocation Failure) 5063M->2897M(5239M) 93.708ms
[251.957s][info][gc,cpu         ] GC(48) User=0.51s Sys=0.03s Real=0.10s
. (rIR:aIR:PR = 11548:11799:11813) (tPR = 169106) [OK] 
   251s:       trying IR =  13837 .[253.247s][info][gc,start       ] GC(49) Pause Young (Allocation Failure)
[253.353s][info][gc,heap        ] GC(49) PSYoungGen: 2440864K(2542592K)->170506K(2545664K) Eden: 2295808K(2295808K)->0K(2309120K) From: 145056K(246784K)->170506K(236544K)
[253.353s][info][gc,heap        ] GC(49) ParOldGen: 2821658K(2822144K)->2921842K(2921984K)
[253.353s][info][gc,metaspace   ] GC(49) Metaspace: 28782K(29120K)->28782K(29120K) NonClass: 25683K(25856K)->25683K(25856K) Class: 3098K(3264K)->3098K(3264K)
[253.353s][info][gc             ] GC(49) Pause Young (Allocation Failure) 5139M->3019M(5339M) 106.649ms
[253.354s][info][gc,cpu         ] GC(49) User=0.60s Sys=0.03s Real=0.11s
.[254.617s][info][gc,start       ] GC(50) Pause Young (Allocation Failure)
[254.723s][info][gc,heap        ] GC(50) PSYoungGen: 2479626K(2545664K)->173909K(2545664K) Eden: 2309120K(2309120K)->0K(2309120K) From: 170506K(236544K)->173909K(236544K)
[254.723s][info][gc,heap        ] GC(50) ParOldGen: 2921842K(2921984K)->3027002K(3027456K)
[254.723s][info][gc,metaspace   ] GC(50) Metaspace: 28783K(29120K)->28783K(29120K) NonClass: 25684K(25856K)->25684K(25856K) Class: 3098K(3264K)->3098K(3264K)
[254.723s][info][gc             ] GC(50) Pause Young (Allocation Failure) 5274M->3125M(5442M) 106.305ms
[254.723s][info][gc,cpu         ] GC(50) User=0.61s Sys=0.03s Real=0.10s
.[255.913s][info][gc,start       ] GC(51) Pause Young (Allocation Failure)
[256.020s][info][gc,heap        ] GC(51) PSYoungGen: 2483029K(2545664K)->164125K(2553344K) Eden: 2309120K(2309120K)->0K(2321920K) From: 173909K(236544K)->164125K(231424K)
[256.020s][info][gc,heap        ] GC(51) ParOldGen: 3027002K(3027456K)->3129914K(3130368K)
[256.020s][info][gc,metaspace   ] GC(51) Metaspace: 28785K(29120K)->28785K(29120K) NonClass: 25686K(25856K)->25686K(25856K) Class: 3098K(3264K)->3098K(3264K)
[256.020s][info][gc             ] GC(51) Pause Young (Allocation Failure) 5380M->3216M(5550M) 106.950ms
[256.020s][info][gc,cpu         ] GC(51) User=0.59s Sys=0.04s Real=0.11s
.[257.286s][info][gc,start       ] GC(52) Pause Young (Allocation Failure)
[257.393s][info][gc,heap        ] GC(52) PSYoungGen: 2486045K(2553344K)->158859K(2555904K) Eden: 2321920K(2321920K)->0K(2321920K) From: 164125K(231424K)->158859K(233984K)
[257.393s][info][gc,heap        ] GC(52) ParOldGen: 3129914K(3130368K)->3236946K(3237376K)
[257.393s][info][gc,metaspace   ] GC(52) Metaspace: 28786K(29120K)->28786K(29120K) NonClass: 25687K(25856K)->25687K(25856K) Class: 3098K(3264K)->3098K(3264K)
[257.393s][info][gc             ] GC(52) Pause Young (Allocation Failure) 5484M->3316M(5657M) 106.777ms
[257.393s][info][gc,cpu         ] GC(52) User=0.59s Sys=0.04s Real=0.10s
.[258.642s][info][gc,start       ] GC(53) Pause Young (Allocation Failure)
[258.745s][info][gc,heap        ] GC(53) PSYoungGen: 2480779K(2555904K)->167200K(2560000K) Eden: 2321920K(2321920K)->0K(2332672K) From: 158859K(233984K)->167200K(227328K)
[258.745s][info][gc,heap        ] GC(53) ParOldGen: 3236946K(3237376K)->3335082K(3335168K)
[258.745s][info][gc,metaspace   ] GC(53) Metaspace: 28786K(29120K)->28786K(29120K) NonClass: 25688K(25856K)->25688K(25856K) Class: 3098K(3264K)->3098K(3264K)
[258.745s][info][gc             ] GC(53) Pause Young (Allocation Failure) 5583M->3420M(5757M) 103.259ms
[258.745s][info][gc,cpu         ] GC(53) User=0.59s Sys=0.03s Real=0.11s
.[260.001s][info][gc,start       ] GC(54) Pause Young (Allocation Failure)
[260.100s][info][gc,heap        ] GC(54) PSYoungGen: 2499872K(2560000K)->150960K(2558976K) Eden: 2332672K(2332672K)->0K(2332672K) From: 167200K(227328K)->150960K(226304K)
[260.100s][info][gc,heap        ] GC(54) ParOldGen: 3335082K(3335168K)->3438914K(3439104K)
[260.100s][info][gc,metaspace   ] GC(54) Metaspace: 28791K(29120K)->28791K(29120K) NonClass: 25692K(25856K)->25692K(25856K) Class: 3098K(3264K)->3098K(3264K)
[260.100s][info][gc             ] GC(54) Pause Young (Allocation Failure) 5698M->3505M(5857M) 99.054ms
[260.100s][info][gc,cpu         ] GC(54) User=0.55s Sys=0.03s Real=0.10s
..[261.442s][info][gc,start       ] GC(55) Pause Young (Allocation Failure)
[261.550s][info][gc,heap        ] GC(55) PSYoungGen: 2483632K(2558976K)->169323K(2562560K) Eden: 2332672K(2332672K)->0K(2342912K) From: 150960K(226304K)->169323K(219648K)
[261.550s][info][gc,heap        ] GC(55) ParOldGen: 3438914K(3439104K)->3544770K(3545088K)
[261.550s][info][gc,metaspace   ] GC(55) Metaspace: 28793K(29120K)->28793K(29120K) NonClass: 25694K(25856K)->25694K(25856K) Class: 3098K(3264K)->3098K(3264K)
[261.550s][info][gc             ] GC(55) Pause Young (Allocation Failure) 5783M->3627M(5964M) 108.851ms
[261.550s][info][gc,cpu         ] GC(55) User=0.59s Sys=0.05s Real=0.11s
[262.800s][info][gc,start       ] GC(56) Pause Young (Allocation Failure)
[262.910s][info][gc,heap        ] GC(56) PSYoungGen: 2512235K(2562560K)->184515K(2562048K) Eden: 2342912K(2342912K)->0K(2342912K) From: 169323K(219648K)->184515K(219136K)
[262.910s][info][gc,heap        ] GC(56) ParOldGen: 3544770K(3545088K)->3640566K(3640832K)
[262.910s][info][gc,metaspace   ] GC(56) Metaspace: 28793K(29120K)->28793K(29120K) NonClass: 25695K(25856K)->25695K(25856K) Class: 3098K(3264K)->3098K(3264K)
[262.910s][info][gc             ] GC(56) Pause Young (Allocation Failure) 5915M->3735M(6057M) 110.046ms
[262.910s][info][gc,cpu         ] GC(56) User=0.61s Sys=0.03s Real=0.11s
.[264.138s][info][gc,start       ] GC(57) Pause Young (Allocation Failure)
[264.256s][info][gc,heap        ] GC(57) PSYoungGen: 2527427K(2562048K)->179680K(2569728K) Eden: 2342912K(2342912K)->0K(2346496K) From: 184515K(219136K)->179680K(223232K)
[264.256s][info][gc,heap        ] GC(57) ParOldGen: 3640566K(3640832K)->3752766K(3752960K)
[264.256s][info][gc,metaspace   ] GC(57) Metaspace: 28793K(29120K)->28793K(29120K) NonClass: 25695K(25856K)->25695K(25856K) Class: 3098K(3264K)->3098K(3264K)
[264.256s][info][gc             ] GC(57) Pause Young (Allocation Failure) 6023M->3840M(6174M) 117.396ms
[264.256s][info][gc,cpu         ] GC(57) User=0.64s Sys=0.04s Real=0.12s
.[265.534s][info][gc,start       ] GC(58) Pause Young (Allocation Failure)
[265.690s][info][gc,heap        ] GC(58) PSYoungGen: 2526176K(2569728K)->167136K(2513920K) Eden: 2346496K(2346496K)->0K(2346496K) From: 179680K(223232K)->167136K(167424K)
[265.690s][info][gc,heap        ] GC(58) ParOldGen: 3752766K(3752960K)->3864638K(3865088K)
[265.690s][info][gc,metaspace   ] GC(58) Metaspace: 28793K(29120K)->28793K(29120K) NonClass: 25695K(25856K)->25695K(25856K) Class: 3098K(3264K)->3098K(3264K)
[265.690s][info][gc             ] GC(58) Pause Young (Allocation Failure) 6131M->3937M(6229M) 156.313ms
[265.690s][info][gc,cpu         ] GC(58) User=0.60s Sys=0.04s Real=0.15s
.[266.889s][info][gc,start       ] GC(59) Pause Young (Allocation Failure)
[266.998s][info][gc,heap        ] GC(59) PSYoungGen: 2513632K(2513920K)->174176K(2570240K) Eden: 2346496K(2346496K)->0K(2349056K) From: 167136K(167424K)->174176K(221184K)
[266.998s][info][gc,heap        ] GC(59) ParOldGen: 3864638K(3865088K)->3969942K(3970048K)
[266.998s][info][gc,metaspace   ] GC(59) Metaspace: 28794K(29120K)->28794K(29120K) NonClass: 25695K(25856K)->25695K(25856K) Class: 3098K(3264K)->3098K(3264K)
[266.998s][info][gc             ] GC(59) Pause Young (Allocation Failure) 6228M->4046M(6387M) 108.725ms
[266.998s][info][gc,cpu         ] GC(59) User=0.61s Sys=0.02s Real=0.11s
..[268.298s][info][gc,start       ] GC(60) Pause Young (Allocation Failure)
[268.398s][info][gc,heap        ] GC(60) PSYoungGen: 2523232K(2570240K)->144320K(2569216K) Eden: 2349056K(2349056K)->0K(2349056K) From: 174176K(221184K)->144320K(220160K)
[268.398s][info][gc,heap        ] GC(60) ParOldGen: 3969942K(3970048K)->4082606K(4082688K)
[268.398s][info][gc,metaspace   ] GC(60) Metaspace: 28794K(29120K)->28794K(29120K) NonClass: 25695K(25856K)->25695K(25856K) Class: 3098K(3264K)->3098K(3264K)
[268.398s][info][gc             ] GC(60) Pause Young (Allocation Failure) 6340M->4127M(6496M) 100.077ms
[268.398s][info][gc,cpu         ] GC(60) User=0.55s Sys=0.03s Real=0.10s
.[269.720s][info][gc,start       ] GC(61) Pause Young (Allocation Failure)
[269.824s][info][gc,heap        ] GC(61) PSYoungGen: 2493376K(2569216K)->157632K(2569728K) Eden: 2349056K(2349056K)->0K(2358784K) From: 144320K(220160K)->157632K(210944K)
[269.824s][info][gc,heap        ] GC(61) ParOldGen: 4082606K(4082688K)->4182670K(4183040K)
[269.824s][info][gc,metaspace   ] GC(61) Metaspace: 28797K(29120K)->28797K(29120K) NonClass: 25698K(25856K)->25698K(25856K) Class: 3098K(3264K)->3098K(3264K)
[269.824s][info][gc             ] GC(61) Pause Young (Allocation Failure) 6421M->4238M(6594M) 104.216ms
[269.824s][info][gc,cpu         ] GC(61) User=0.58s Sys=0.03s Real=0.11s
.[270.974s][info][gc,start       ] GC(62) Pause Young (Allocation Failure)
[271.079s][info][gc,heap        ] GC(62) PSYoungGen: 2516416K(2569728K)->169508K(2570752K) Eden: 2358784K(2358784K)->0K(2358784K) From: 157632K(210944K)->169508K(211968K)
[271.079s][info][gc,heap        ] GC(62) ParOldGen: 4182670K(4183040K)->4283814K(4283904K)
[271.079s][info][gc,metaspace   ] GC(62) Metaspace: 28797K(29120K)->28797K(29120K) NonClass: 25698K(25856K)->25698K(25856K) Class: 3098K(3264K)->3098K(3264K)
[271.079s][info][gc             ] GC(62) Pause Young (Allocation Failure) 6542M->4348M(6694M) 105.141ms
[271.079s][info][gc,cpu         ] GC(62) User=0.59s Sys=0.03s Real=0.10s
.[272.160s][info][gc,start       ] GC(63) Pause Young (Allocation Failure)
[272.284s][info][gc,heap        ] GC(63) PSYoungGen: 2528292K(2570752K)->192612K(2572288K) Eden: 2358784K(2358784K)->0K(2361856K) From: 169508K(211968K)->192612K(210432K)
[272.284s][info][gc,heap        ] GC(63) ParOldGen: 4283814K(4283904K)->4388062K(4388352K)
[272.284s][info][gc,metaspace   ] GC(63) Metaspace: 28801K(29120K)->28801K(29120K) NonClass: 25702K(25856K)->25702K(25856K) Class: 3098K(3264K)->3098K(3264K)
[272.284s][info][gc             ] GC(63) Pause Young (Allocation Failure) 6652M->4473M(6797M) 124.122ms
[272.284s][info][gc,cpu         ] GC(63) User=0.65s Sys=0.07s Real=0.13s
.[273.601s][info][gc,start       ] GC(64) Pause Young (Allocation Failure)
[273.723s][info][gc,heap        ] GC(64) PSYoungGen: 2554468K(2572288K)->179726K(2542080K) Eden: 2361856K(2361856K)->0K(2361856K) From: 192612K(210432K)->179726K(180224K)
[273.723s][info][gc,heap        ] GC(64) ParOldGen: 4388062K(4388352K)->4512014K(4512256K)
[273.723s][info][gc,metaspace   ] GC(64) Metaspace: 28801K(29120K)->28801K(29120K) NonClass: 25703K(25856K)->25703K(25856K) Class: 3098K(3264K)->3098K(3264K)
[273.723s][info][gc             ] GC(64) Pause Young (Allocation Failure) 6779M->4581M(6889M) 121.934ms
[273.723s][info][gc,cpu         ] GC(64) User=0.66s Sys=0.04s Real=0.12s
.[274.989s][info][gc,start       ] GC(65) Pause Young (Allocation Failure)
[275.091s][info][gc,heap        ] GC(65) PSYoungGen: 2541582K(2542080K)->155072K(2582016K) Eden: 2361856K(2361856K)->0K(2364416K) From: 179726K(180224K)->155072K(217600K)
[275.091s][info][gc,heap        ] GC(65) ParOldGen: 4512014K(4512256K)->4617686K(4617728K)
[275.091s][info][gc,metaspace   ] GC(65) Metaspace: 28801K(29120K)->28801K(29120K) NonClass: 25703K(25856K)->25703K(25856K) Class: 3098K(3264K)->3098K(3264K)
[275.091s][info][gc             ] GC(65) Pause Young (Allocation Failure) 6888M->4660M(7031M) 102.495ms
[275.091s][info][gc,cpu         ] GC(65) User=0.54s Sys=0.05s Real=0.10s
.[276.388s][info][gc,start       ] GC(66) Pause Young (Allocation Failure)
[276.505s][info][gc,heap        ] GC(66) PSYoungGen: 2519488K(2582016K)->182963K(2578432K) Eden: 2364416K(2364416K)->0K(2364416K) From: 155072K(217600K)->182963K(214016K)
[276.505s][info][gc,heap        ] GC(66) ParOldGen: 4617686K(4617728K)->4723390K(4723712K)
[276.505s][info][gc,metaspace   ] GC(66) Metaspace: 28801K(29120K)->28801K(29120K) NonClass: 25703K(25856K)->25703K(25856K) Class: 3098K(3264K)->3098K(3264K)
[276.505s][info][gc             ] GC(66) Pause Young (Allocation Failure) 6969M->4791M(7131M) 116.743ms
[276.505s][info][gc,cpu         ] GC(66) User=0.65s Sys=0.03s Real=0.12s
.[277.855s][info][gc,start       ] GC(67) Pause Young (Allocation Failure)
[277.961s][info][gc,heap        ] GC(67) PSYoungGen: 2547379K(2578432K)->162068K(2575872K) Eden: 2364416K(2364416K)->0K(2365952K) From: 182963K(214016K)->162068K(209920K)
[277.961s][info][gc,heap        ] GC(67) ParOldGen: 4723390K(4723712K)->4833602K(4833792K)
[277.961s][info][gc,metaspace   ] GC(67) Metaspace: 28803K(29120K)->28803K(29120K) NonClass: 25704K(25856K)->25704K(25856K) Class: 3098K(3264K)->3098K(3264K)
[277.961s][info][gc             ] GC(67) Pause Young (Allocation Failure) 7100M->4878M(7236M) 105.959ms
[277.961s][info][gc,cpu         ] GC(67) User=0.58s Sys=0.03s Real=0.10s
..[279.281s][info][gc,start       ] GC(68) Pause Young (Allocation Failure)
[279.387s][info][gc,heap        ] GC(68) PSYoungGen: 2528020K(2575872K)->162793K(2577920K) Eden: 2365952K(2365952K)->0K(2365952K) From: 162068K(209920K)->162793K(211968K)
[279.387s][info][gc,heap        ] GC(68) ParOldGen: 4833602K(4833792K)->4934514K(4934656K)
[279.387s][info][gc,metaspace   ] GC(68) Metaspace: 28804K(29120K)->28804K(29120K) NonClass: 25705K(25856K)->25705K(25856K) Class: 3098K(3264K)->3098K(3264K)
[279.387s][info][gc             ] GC(68) Pause Young (Allocation Failure) 7189M->4977M(7336M) 106.091ms
[279.387s][info][gc,cpu         ] GC(68) User=0.58s Sys=0.03s Real=0.11s
.[280.761s][info][gc,start       ] GC(69) Pause Young (Allocation Failure)
[280.869s][info][gc,heap        ] GC(69) PSYoungGen: 2528745K(2577920K)->172100K(2582016K) Eden: 2365952K(2365952K)->0K(2376192K) From: 162793K(211968K)->172100K(205824K)
[280.869s][info][gc,heap        ] GC(69) ParOldGen: 4934514K(4934656K)->5035218K(5035520K)
[280.869s][info][gc,metaspace   ] GC(69) Metaspace: 28804K(29120K)->28804K(29120K) NonClass: 25705K(25856K)->25705K(25856K) Class: 3098K(3264K)->3098K(3264K)
[280.869s][info][gc             ] GC(69) Pause Young (Allocation Failure) 7288M->5085M(7439M) 108.414ms
[280.869s][info][gc,cpu         ] GC(69) User=0.60s Sys=0.03s Real=0.11s
.[282.165s][info][gc,start       ] GC(70) Pause Young (Allocation Failure)
[282.274s][info][gc,heap        ] GC(70) PSYoungGen: 2548292K(2582016K)->173760K(2582016K) Eden: 2376192K(2376192K)->0K(2376192K) From: 172100K(205824K)->173760K(205824K)
[282.274s][info][gc,heap        ] GC(70) ParOldGen: 5035218K(5035520K)->5139146K(5139456K)
[282.274s][info][gc,metaspace   ] GC(70) Metaspace: 28804K(29120K)->28804K(29120K) NonClass: 25705K(25856K)->25705K(25856K) Class: 3098K(3264K)->3098K(3264K)
[282.274s][info][gc             ] GC(70) Pause Young (Allocation Failure) 7405M->5188M(7540M) 109.151ms
[282.274s][info][gc,cpu         ] GC(70) User=0.60s Sys=0.03s Real=0.11s
. (rIR:aIR:PR = 13837:13255:12266) (tPR = 179444) [PR is under limit] 
   282s: Re-initializing (term[283.477s][info][gc,start       ] GC(71) Pause Young (Allocation Failure)
[283.639s][info][gc,heap        ] GC(71) PSYoungGen: 2549952K(2582016K)->186180K(2584064K) Eden: 2376192K(2376192K)->0K(2379264K) From: 173760K(205824K)->186180K(204800K)
[283.639s][info][gc,heap        ] GC(71) ParOldGen: 5139146K(5139456K)->5237714K(5237760K)
[283.639s][info][gc,metaspace   ] GC(71) Metaspace: 28804K(29120K)->28804K(29120K) NonClass: 25705K(25856K)->25705K(25856K) Class: 3098K(3264K)->3098K(3264K)
[283.639s][info][gc             ] GC(71) Pause Young (Allocation Failure) 7508M->5296M(7638M) 162.682ms
[283.639s][info][gc,cpu         ] GC(71) User=0.64s Sys=0.03s Real=0.16s
[285.010s][info][gc,start       ] GC(72) Pause Young (Allocation Failure)
[285.118s][info][gc,heap        ] GC(72) PSYoungGen: 2565444K(2584064K)->164480K(2587648K) Eden: 2379264K(2379264K)->0K(2379264K) From: 186180K(204800K)->164480K(208384K)
[285.118s][info][gc,heap        ] GC(72) ParOldGen: 5237714K(5237760K)->5351466K(5351936K)
[285.118s][info][gc,metaspace   ] GC(72) Metaspace: 28804K(29120K)->28804K(29120K) NonClass: 25706K(25856K)->25706K(25856K) Class: 3098K(3264K)->3098K(3264K)
[285.118s][info][gc             ] GC(72) Pause Young (Allocation Failure) 7620M->5386M(7753M) 107.890ms
[285.118s][info][gc,cpu         ] GC(72) User=0.59s Sys=0.04s Real=0.11s
[286.463s][info][gc,start       ] GC(73) Pause Young (Allocation Failure)
[286.622s][info][gc,heap        ] GC(73) PSYoungGen: 2543744K(2587648K)->169888K(2581504K) Eden: 2379264K(2379264K)->0K(2382848K) From: 164480K(208384K)->169888K(198656K)
[286.622s][info][gc,heap        ] GC(73) ParOldGen: 5351466K(5351936K)->5471834K(5472256K)
[286.622s][info][gc,metaspace   ] GC(73) Metaspace: 28804K(29120K)->28804K(29120K) NonClass: 25706K(25856K)->25706K(25856K) Class: 3098K(3264K)->3098K(3264K)
[286.622s][info][gc             ] GC(73) Pause Young (Allocation Failure) 7710M->5509M(7865M) 159.701ms
[286.622s][info][gc,cpu         ] GC(73) User=0.62s Sys=0.05s Real=0.16s
[287.731s][info][gc,start       ] GC(74) Pause Full (Allocation Failure)
[287.731s][info][gc,phases,start] GC(74) Marking Phase
[288.106s][info][gc,phases      ] GC(74) Marking Phase 374.120ms
[288.106s][info][gc,phases,start] GC(74) Summary Phase
[288.106s][info][gc,phases      ] GC(74) Summary Phase 0.109ms
[288.106s][info][gc,phases,start] GC(74) Forward
[288.257s][info][gc,phases      ] GC(74) Forward 151.232ms
[288.257s][info][gc,phases,start] GC(74) Adjust Pointers
[288.504s][info][gc,phases      ] GC(74) Adjust Pointers 246.580ms
[288.504s][info][gc,phases,start] GC(74) Compaction Phase
[288.686s][info][gc,phases      ] GC(74) Compaction Phase 182.559ms
[288.689s][info][gc,phases,start] GC(74) Post Compact
[288.704s][info][gc,phases      ] GC(74) Post Compact 15.121ms
[288.821s][info][gc,heap        ] GC(74) PSYoungGen: 2552736K(2581504K)->0K(2584576K) Eden: 2382848K(2382848K)->0K(2382848K) From: 169888K(198656K)->0K(201728K)
[288.821s][info][gc,heap        ] GC(74) ParOldGen: 5471834K(5472256K)->1551319K(1750528K)
[288.821s][info][gc,metaspace   ] GC(74) Metaspace: 28808K(29120K)->28808K(29120K) NonClass: 25710K(25856K)->25710K(25856K) Class: 3098K(3264K)->3098K(3264K)
[288.821s][info][gc             ] GC(74) Pause Full (Allocation Failure) 7836M->1514M(4233M) 1089.346ms
[288.821s][info][gc,cpu         ] GC(74) User=5.19s Sys=0.16s Real=1.09s
[289.959s][info][gc,start       ] GC(75) Pause Young (Allocation Failure)
[290.050s][info][gc,heap        ] GC(75) PSYoungGen: 2382848K(2584576K)->201712K(2570752K) Eden: 2382848K(2382848K)->0K(2369024K) From: 0K(201728K)->201712K(201728K)
[290.050s][info][gc,heap        ] GC(75) ParOldGen: 1551319K(1750528K)->1559095K(1750528K)
[290.050s][info][gc,metaspace   ] GC(75) Metaspace: 28811K(29120K)->28811K(29120K) NonClass: 25713K(25856K)->25713K(25856K) Class: 3098K(3264K)->3098K(3264K)
[290.050s][info][gc             ] GC(75) Pause Young (Allocation Failure) 3841M->1719M(4220M) 91.011ms
[290.050s][info][gc,cpu         ] GC(75) User=0.51s Sys=0.02s Real=0.09s
[291.232s][info][gc,start       ] GC(76) Pause Young (Allocation Failure)
[291.358s][info][gc,heap        ] GC(76) PSYoungGen: 2570736K(2570752K)->203060K(2572288K) Eden: 2369024K(2369024K)->0K(2369024K) From: 201712K(201728K)->203060K(203264K)
[291.358s][info][gc,heap        ] GC(76) ParOldGen: 1559095K(1750528K)->1702199K(1750528K)
[291.358s][info][gc,metaspace   ] GC(76) Metaspace: 28811K(29120K)->28811K(29120K) NonClass: 25713K(25856K)->25713K(25856K) Class: 3098K(3264K)->3098K(3264K)
[291.358s][info][gc             ] GC(76) Pause Young (Allocation Failure) 4033M->1860M(4221M) 125.572ms
[291.358s][info][gc,cpu         ] GC(76) User=0.74s Sys=0.00s Real=0.13s
[292.736s][info][gc,start       ] GC(77) Pause Young (Allocation Failure)
[292.852s][info][gc,heap        ] GC(77) PSYoungGen: 2572084K(2572288K)->173120K(2579456K) Eden: 2369024K(2369024K)->0K(2358784K) From: 203060K(203264K)->173120K(220672K)
[292.852s][info][gc,heap        ] GC(77) ParOldGen: 1702199K(1750528K)->1853375K(1853440K)
[292.852s][info][gc,metaspace   ] GC(77) Metaspace: 28811K(29120K)->28811K(29120K) NonClass: 25713K(25856K)->25713K(25856K) Class: 3098K(3264K)->3098K(3264K)
[292.852s][info][gc             ] GC(77) Pause Young (Allocation Failure) 4174M->1978M(4329M) 115.295ms
[292.852s][info][gc,cpu         ] GC(77) User=0.66s Sys=0.02s Real=0.11s
) [293.085s][info][gc,start       ] GC(78) Pause Full (System.gc())
[293.085s][info][gc,phases,start] GC(78) Marking Phase
[293.106s][info][gc,phases      ] GC(78) Marking Phase 21.487ms
[293.106s][info][gc,phases,start] GC(78) Summary Phase
[293.106s][info][gc,phases      ] GC(78) Summary Phase 0.030ms
[293.106s][info][gc,phases,start] GC(78) Forward
[293.109s][info][gc,phases      ] GC(78) Forward 2.328ms
[293.109s][info][gc,phases,start] GC(78) Adjust Pointers
[293.123s][info][gc,phases      ] GC(78) Adjust Pointers 14.651ms
[293.123s][info][gc,phases,start] GC(78) Compaction Phase
[293.142s][info][gc,phases      ] GC(78) Compaction Phase 18.414ms
[293.142s][info][gc,phases,start] GC(78) Post Compact
[293.144s][info][gc,phases      ] GC(78) Post Compact 2.235ms
[293.144s][info][gc,heap        ] GC(78) PSYoungGen: 670013K(2579456K)->0K(2579456K) Eden: 496893K(2358784K)->0K(2358784K) From: 173120K(220672K)->0K(220672K)
[293.144s][info][gc,heap        ] GC(78) ParOldGen: 1853375K(1853440K)->203686K(1853440K)
[293.144s][info][gc,metaspace   ] GC(78) Metaspace: 28812K(29120K)->28812K(29120K) NonClass: 25713K(25856K)->25713K(25856K) Class: 3098K(3264K)->3098K(3264K)
[293.144s][info][gc             ] GC(78) Pause Full (System.gc()) 2464M->198M(4329M) 59.431ms
[293.144s][info][gc,cpu         ] GC(78) User=0.28s Sys=0.00s Real=0.06s
(init[294.343s][info][gc,start       ] GC(79) Pause Young (Allocation Failure)
[294.660s][info][gc,heap        ] GC(79) PSYoungGen: 2358784K(2579456K)->216544K(2575360K) Eden: 2358784K(2358784K)->0K(2358784K) From: 0K(220672K)->216544K(216576K)
[294.660s][info][gc,heap        ] GC(79) ParOldGen: 203686K(1853440K)->909435K(1853440K)
[294.660s][info][gc,metaspace   ] GC(79) Metaspace: 28823K(29120K)->28823K(29120K) NonClass: 25723K(25856K)->25723K(25856K) Class: 3099K(3264K)->3099K(3264K)
[294.660s][info][gc             ] GC(79) Pause Young (Allocation Failure) 2502M->1099M(4325M) 317.614ms
[294.660s][info][gc,cpu         ] GC(79) User=1.84s Sys=0.00s Real=0.32s
) ... OK
   297s: Searching from base IR = 11548
   297s:       rampup IR =      0 ... (rIR:aIR:PR = 0:0:0) (tPR = 0) [OK] 
   300s:       rampup IR =   1155 .... (rIR:aIR:PR = 1155:1155:1131) (tPR = 23719) [OK] 
   304s:       rampup IR =   2310 ...[307.874s][info][gc,start       ] GC(80) Pause Young (Allocation Failure)
[308.003s][info][gc,heap        ] GC(80) PSYoungGen: 2575328K(2575360K)->166464K(2058240K) Eden: 2358784K(2358784K)->0K(1837568K) From: 216544K(216576K)->166464K(220672K)
[308.003s][info][gc,heap        ] GC(80) ParOldGen: 909435K(1853440K)->1094830K(1853440K)
[308.003s][info][gc,metaspace   ] GC(80) Metaspace: 28829K(29120K)->28829K(29120K) NonClass: 25729K(25856K)->25729K(25856K) Class: 3099K(3264K)->3099K(3264K)
[308.004s][info][gc             ] GC(80) Pause Young (Allocation Failure) 3403M->1231M(3820M) 129.899ms
[308.004s][info][gc,cpu         ] GC(80) User=0.77s Sys=0.00s Real=0.13s
. (rIR:aIR:PR = 2310:2318:2271) (tPR = 41746) [OK] 
   308s:       rampup IR =   3464 ..[310.785s][info][gc,start       ] GC(81) Pause Young (Allocation Failure)
[310.873s][info][gc,heap        ] GC(81) PSYoungGen: 2004032K(2058240K)->100037K(1937920K) Eden: 1837568K(1837568K)->0K(1837568K) From: 166464K(220672K)->100037K(100352K)
[310.873s][info][gc,heap        ] GC(81) ParOldGen: 1094830K(1853440K)->1234227K(1853440K)
[310.873s][info][gc,metaspace   ] GC(81) Metaspace: 28830K(29120K)->28830K(29120K) NonClass: 25730K(25856K)->25730K(25856K) Class: 3099K(3264K)->3099K(3264K)
[310.873s][info][gc             ] GC(81) Pause Young (Allocation Failure) 3026M->1302M(3702M) 87.902ms
[310.873s][info][gc,cpu         ] GC(81) User=0.52s Sys=0.00s Real=0.08s
.. (rIR:aIR:PR = 3464:3463:3392) (tPR = 58403) [OK] 
   312s:       rampup IR =   4619 [313.194s][info][gc,start       ] GC(82) Pause Young (Allocation Failure)
[313.265s][info][gc,heap        ] GC(82) PSYoungGen: 1937605K(1937920K)->102631K(2320384K) Eden: 1837568K(1837568K)->0K(1840640K) From: 100037K(100352K)->102631K(479744K)
[313.265s][info][gc,heap        ] GC(82) ParOldGen: 1234227K(1853440K)->1319692K(1853440K)
[313.265s][info][gc,metaspace   ] GC(82) Metaspace: 28830K(29120K)->28830K(29120K) NonClass: 25730K(25856K)->25730K(25856K) Class: 3099K(3264K)->3099K(3264K)
[313.265s][info][gc             ] GC(82) Pause Young (Allocation Failure) 3097M->1388M(4076M) 71.545ms
[313.265s][info][gc,cpu         ] GC(82) User=0.42s Sys=0.00s Real=0.07s
..[315.183s][info][gc,start       ] GC(83) Pause Young (Allocation Failure)
[315.253s][info][gc,heap        ] GC(83) PSYoungGen: 1943271K(2320384K)->106655K(1947648K) Eden: 1840640K(1840640K)->0K(1840640K) From: 102631K(479744K)->106655K(107008K)
[315.253s][info][gc,heap        ] GC(83) ParOldGen: 1319692K(1853440K)->1402484K(1853440K)
[315.253s][info][gc,metaspace   ] GC(83) Metaspace: 28834K(29120K)->28834K(29120K) NonClass: 25734K(25856K)->25734K(25856K) Class: 3099K(3264K)->3099K(3264K)
[315.253s][info][gc             ] GC(83) Pause Young (Allocation Failure) 3186M->1473M(3712M) 70.287ms
[315.253s][info][gc,cpu         ] GC(83) User=0.41s Sys=0.00s Real=0.07s
.. (rIR:aIR:PR = 4619:4637:4568) (tPR = 78085) [OK] 
   316s:       rampup IR =   5774 [317.117s][info][gc,start       ] GC(84) Pause Young (Allocation Failure)
[317.190s][info][gc,heap        ] GC(84) PSYoungGen: 1947295K(1947648K)->113597K(2320384K) Eden: 1840640K(1840640K)->0K(1851904K) From: 106655K(107008K)->113597K(468480K)
[317.190s][info][gc,heap        ] GC(84) ParOldGen: 1402484K(1853440K)->1485396K(1853440K)
[317.190s][info][gc,metaspace   ] GC(84) Metaspace: 28834K(29120K)->28834K(29120K) NonClass: 25734K(25856K)->25734K(25856K) Class: 3099K(3264K)->3099K(3264K)
[317.190s][info][gc             ] GC(84) Pause Young (Allocation Failure) 3271M->1561M(4076M) 73.064ms
[317.190s][info][gc,cpu         ] GC(84) User=0.43s Sys=0.00s Real=0.07s
..[318.807s][info][gc,start       ] GC(85) Pause Young (Allocation Failure)
[318.883s][info][gc,heap        ] GC(85) PSYoungGen: 1965501K(2320384K)->108976K(2309120K) Eden: 1851904K(1851904K)->0K(1851904K) From: 113597K(468480K)->108976K(457216K)
[318.883s][info][gc,heap        ] GC(85) ParOldGen: 1485396K(1853440K)->1572757K(1853440K)
[318.883s][info][gc,metaspace   ] GC(85) Metaspace: 28838K(29120K)->28838K(29120K) NonClass: 25738K(25856K)->25738K(25856K) Class: 3099K(3264K)->3099K(3264K)
[318.883s][info][gc             ] GC(85) Pause Young (Allocation Failure) 3370M->1642M(4065M) 75.460ms
[318.883s][info][gc,cpu         ] GC(85) User=0.44s Sys=0.00s Real=0.07s
.[320.537s][info][gc,start       ] GC(86) Pause Young (Allocation Failure)
[320.615s][info][gc,heap        ] GC(86) PSYoungGen: 1960880K(2309120K)->107824K(2326016K) Eden: 1851904K(1851904K)->0K(1883136K) From: 108976K(457216K)->107824K(442880K)
[320.615s][info][gc,heap        ] GC(86) ParOldGen: 1572757K(1853440K)->1662101K(1853440K)
[320.615s][info][gc,metaspace   ] GC(86) Metaspace: 28841K(29120K)->28841K(29120K) NonClass: 25741K(25856K)->25741K(25856K) Class: 3099K(3264K)->3099K(3264K)
[320.615s][info][gc             ] GC(86) Pause Young (Allocation Failure) 3450M->1728M(4081M) 77.148ms
[320.615s][info][gc,cpu         ] GC(86) User=0.45s Sys=0.00s Real=0.08s
. (rIR:aIR:PR = 5774:5791:5791) (tPR = 93306) [OK] 
   320s:       rampup IR =   6929 .[322.291s][info][gc,start       ] GC(87) Pause Young (Allocation Failure)
[322.365s][info][gc,heap        ] GC(87) PSYoungGen: 1990960K(2326016K)->119788K(2316288K) Eden: 1883136K(1883136K)->0K(1883136K) From: 107824K(442880K)->119788K(433152K)
[322.365s][info][gc,heap        ] GC(87) ParOldGen: 1662101K(1853440K)->1744014K(1853440K)
[322.365s][info][gc,metaspace   ] GC(87) Metaspace: 28841K(29120K)->28841K(29120K) NonClass: 25742K(25856K)->25742K(25856K) Class: 3099K(3264K)->3099K(3264K)
[322.365s][info][gc             ] GC(87) Pause Young (Allocation Failure) 3567M->1820M(4072M) 74.192ms
[322.365s][info][gc,cpu         ] GC(87) User=0.44s Sys=0.00s Real=0.08s
..[324.041s][info][gc,start       ] GC(88) Pause Young (Allocation Failure)
[324.122s][info][gc,heap        ] GC(88) PSYoungGen: 2002924K(2316288K)->126544K(2346496K) Eden: 1883136K(1883136K)->0K(1936384K) From: 119788K(433152K)->126544K(410112K)
[324.122s][info][gc,heap        ] GC(88) ParOldGen: 1744014K(1853440K)->1835419K(1853440K)
[324.122s][info][gc,metaspace   ] GC(88) Metaspace: 28841K(29120K)->28841K(29120K) NonClass: 25742K(25856K)->25742K(25856K) Class: 3099K(3264K)->3099K(3264K)
[324.122s][info][gc             ] GC(88) Pause Young (Allocation Failure) 3659M->1915M(4101M) 81.109ms
[324.122s][info][gc,cpu         ] GC(88) User=0.48s Sys=0.00s Real=0.08s
. (rIR:aIR:PR = 6929:6953:6953) (tPR = 107390) [OK] 
   324s:       rampup IR =   8084 .[325.719s][info][gc,start       ] GC(89) Pause Young (Allocation Failure)
[325.801s][info][gc,heap        ] GC(89) PSYoungGen: 2062928K(2346496K)->125856K(2337792K) Eden: 1936384K(1936384K)->0K(1936384K) From: 126544K(410112K)->125856K(401408K)
[325.801s][info][gc,heap        ] GC(89) ParOldGen: 1835419K(1853440K)->1925907K(1926144K)
[325.801s][info][gc,metaspace   ] GC(89) Metaspace: 28841K(29120K)->28841K(29120K) NonClass: 25742K(25856K)->25742K(25856K) Class: 3099K(3264K)->3099K(3264K)
[325.801s][info][gc             ] GC(89) Pause Young (Allocation Failure) 3806M->2003M(4164M) 81.737ms
[325.801s][info][gc,cpu         ] GC(89) User=0.46s Sys=0.02s Real=0.08s
.[327.367s][info][gc,start       ] GC(90) Pause Young (Allocation Failure)
[327.458s][info][gc,heap        ] GC(90) PSYoungGen: 2062240K(2337792K)->139701K(2376704K) Eden: 1936384K(1936384K)->0K(2002432K) From: 125856K(401408K)->139701K(374272K)
[327.458s][info][gc,heap        ] GC(90) ParOldGen: 1925907K(1926144K)->2019803K(2019840K)
[327.458s][info][gc,metaspace   ] GC(90) Metaspace: 28842K(29120K)->28842K(29120K) NonClass: 25742K(25856K)->25742K(25856K) Class: 3099K(3264K)->3099K(3264K)
[327.458s][info][gc             ] GC(90) Pause Young (Allocation Failure) 3894M->2108M(4293M) 90.758ms
[327.458s][info][gc,cpu         ] GC(90) User=0.50s Sys=0.03s Real=0.09s
.. (rIR:aIR:PR = 8084:8137:8136) (tPR = 123781) [OK] 
   328s:       rampup IR =   9238 [328.994s][info][gc,start       ] GC(91) Pause Young (Allocation Failure)
[329.078s][info][gc,heap        ] GC(91) PSYoungGen: 2142133K(2376704K)->129728K(2369536K) Eden: 2002432K(2002432K)->0K(2002432K) From: 139701K(374272K)->129728K(367104K)
[329.078s][info][gc,heap        ] GC(91) ParOldGen: 2019803K(2019840K)->2113631K(2114048K)
[329.078s][info][gc,metaspace   ] GC(91) Metaspace: 28842K(29120K)->28842K(29120K) NonClass: 25742K(25856K)->25742K(25856K) Class: 3099K(3264K)->3099K(3264K)
[329.078s][info][gc             ] GC(91) Pause Young (Allocation Failure) 4064M->2190M(4378M) 84.550ms
[329.078s][info][gc,cpu         ] GC(91) User=0.48s Sys=0.02s Real=0.08s
.[330.468s][info][gc,start       ] GC(92) Pause Young (Allocation Failure)
[330.558s][info][gc,heap        ] GC(92) PSYoungGen: 2132160K(2369536K)->141668K(2412032K) Eden: 2002432K(2002432K)->0K(2071552K) From: 129728K(367104K)->141668K(340480K)
[330.558s][info][gc,heap        ] GC(92) ParOldGen: 2113631K(2114048K)->2209803K(2210304K)
[330.558s][info][gc,metaspace   ] GC(92) Metaspace: 28842K(29120K)->28842K(29120K) NonClass: 25742K(25856K)->25742K(25856K) Class: 3099K(3264K)->3099K(3264K)
[330.558s][info][gc             ] GC(92) Pause Young (Allocation Failure) 4146M->2296M(4514M) 89.936ms
[330.558s][info][gc,cpu         ] GC(92) User=0.50s Sys=0.03s Real=0.09s
..[332.052s][info][gc,start       ] GC(93) Pause Young (Allocation Failure)
[332.144s][info][gc,heap        ] GC(93) PSYoungGen: 2213220K(2412032K)->147236K(2406912K) Eden: 2071552K(2071552K)->0K(2071552K) From: 141668K(340480K)->147236K(335360K)
[332.144s][info][gc,heap        ] GC(93) ParOldGen: 2209803K(2210304K)->2301203K(2301440K)
[332.144s][info][gc,metaspace   ] GC(93) Metaspace: 28842K(29120K)->28842K(29120K) NonClass: 25742K(25856K)->25742K(25856K) Class: 3099K(3264K)->3099K(3264K)
[332.144s][info][gc             ] GC(93) Pause Young (Allocation Failure) 4319M->2391M(4598M) 92.498ms
[332.144s][info][gc,cpu         ] GC(93) User=0.52s Sys=0.02s Real=0.10s
. (rIR:aIR:PR = 9238:9042:9042) (tPR = 134175) [OK] 
   332s:       rampup IR =  10393 [333.524s][info][gc,start       ] GC(94) Pause Young (Allocation Failure)
[333.616s][info][gc,heap        ] GC(94) PSYoungGen: 2218788K(2406912K)->142432K(2446336K) Eden: 2071552K(2071552K)->0K(2134528K) From: 147236K(335360K)->142432K(311808K)
[333.616s][info][gc,heap        ] GC(94) ParOldGen: 2301203K(2301440K)->2401131K(2401280K)
[333.616s][info][gc,metaspace   ] GC(94) Metaspace: 28842K(29120K)->28842K(29120K) NonClass: 25742K(25856K)->25742K(25856K) Class: 3099K(3264K)->3099K(3264K)
[333.616s][info][gc             ] GC(94) Pause Young (Allocation Failure) 4414M->2483M(4734M) 91.196ms
[333.616s][info][gc,cpu         ] GC(94) User=0.50s Sys=0.03s Real=0.09s
..[334.897s][info][gc,start       ] GC(95) Pause Young (Allocation Failure)
[334.984s][info][gc,heap        ] GC(95) PSYoungGen: 2276960K(2446336K)->134944K(2439680K) Eden: 2134528K(2134528K)->0K(2134528K) From: 142432K(311808K)->134944K(305152K)
[334.984s][info][gc,heap        ] GC(95) ParOldGen: 2401131K(2401280K)->2496395K(2496512K)
[334.984s][info][gc,metaspace   ] GC(95) Metaspace: 28844K(29120K)->28844K(29120K) NonClass: 25744K(25856K)->25744K(25856K) Class: 3099K(3264K)->3099K(3264K)
[334.984s][info][gc             ] GC(95) Pause Young (Allocation Failure) 4568M->2569M(4820M) 87.615ms
[334.984s][info][gc,cpu         ] GC(95) User=0.48s Sys=0.03s Real=0.09s
.[336.282s][info][gc,start       ] GC(96) Pause Young (Allocation Failure)
[336.375s][info][gc,heap        ] GC(96) PSYoungGen: 2269472K(2439680K)->145044K(2478080K) Eden: 2134528K(2134528K)->0K(2191872K) From: 134944K(305152K)->145044K(286208K)
[336.375s][info][gc,heap        ] GC(96) ParOldGen: 2496395K(2496512K)->2594523K(2594816K)
[336.375s][info][gc,metaspace   ] GC(96) Metaspace: 28845K(29120K)->28845K(29120K) NonClass: 25745K(25856K)->25745K(25856K) Class: 3099K(3264K)->3099K(3264K)
[336.375s][info][gc             ] GC(96) Pause Young (Allocation Failure) 4654M->2675M(4954M) 92.882ms
[336.375s][info][gc,cpu         ] GC(96) User=0.52s Sys=0.02s Real=0.10s
.[337.743s][info][gc,start       ] GC(97) Pause Young (Allocation Failure)
[337.831s][info][gc,heap        ] GC(97) PSYoungGen: 2336916K(2478080K)->137696K(2472448K) Eden: 2191872K(2191872K)->0K(2191872K) From: 145044K(286208K)->137696K(280576K)
[337.831s][info][gc,heap        ] GC(97) ParOldGen: 2594523K(2594816K)->2689819K(2690048K)
[337.831s][info][gc,metaspace   ] GC(97) Metaspace: 28845K(29120K)->28845K(29120K) NonClass: 25745K(25856K)->25745K(25856K) Class: 3099K(3264K)->3099K(3264K)
[337.831s][info][gc             ] GC(97) Pause Young (Allocation Failure) 4815M->2761M(5041M) 87.985ms
[337.831s][info][gc,cpu         ] GC(97) User=0.48s Sys=0.03s Real=0.08s
. (rIR:aIR:PR = 10393:10593:10477) (tPR = 161310) [OK] 
   337s:       rampup IR =  11548 .[339.156s][info][gc,start       ] GC(98) Pause Young (Allocation Failure)
[339.249s][info][gc,heap        ] GC(98) PSYoungGen: 2329568K(2472448K)->144224K(2504192K) Eden: 2191872K(2191872K)->0K(2240512K) From: 137696K(280576K)->144224K(263680K)
[339.249s][info][gc,heap        ] GC(98) ParOldGen: 2689819K(2690048K)->2789931K(2790400K)
[339.249s][info][gc,metaspace   ] GC(98) Metaspace: 28845K(29120K)->28845K(29120K) NonClass: 25745K(25856K)->25745K(25856K) Class: 3099K(3264K)->3099K(3264K)
[339.249s][info][gc             ] GC(98) Pause Young (Allocation Failure) 4901M->2865M(5170M) 92.983ms
[339.249s][info][gc,cpu         ] GC(98) User=0.52s Sys=0.03s Real=0.09s
.[340.454s][info][gc,start       ] GC(99) Pause Young (Allocation Failure)
[340.551s][info][gc,heap        ] GC(99) PSYoungGen: 2384736K(2504192K)->153492K(2499584K) Eden: 2240512K(2240512K)->0K(2240512K) From: 144224K(263680K)->153492K(259072K)
[340.551s][info][gc,heap        ] GC(99) ParOldGen: 2789931K(2790400K)->2889139K(2889216K)
[340.551s][info][gc,metaspace   ] GC(99) Metaspace: 28845K(29120K)->28845K(29120K) NonClass: 25745K(25856K)->25745K(25856K) Class: 3099K(3264K)->3099K(3264K)
[340.551s][info][gc             ] GC(99) Pause Young (Allocation Failure) 5053M->2971M(5262M) 97.182ms
[340.551s][info][gc,cpu         ] GC(99) User=0.53s Sys=0.03s Real=0.09s
.[341.877s][info][gc,start       ] GC(100) Pause Young (Allocation Failure)
[341.969s][info][gc,heap        ] GC(100) PSYoungGen: 2394004K(2499584K)->136928K(2529280K) Eden: 2240512K(2240512K)->0K(2280960K) From: 153492K(259072K)->136928K(248320K)
[341.969s][info][gc,heap        ] GC(100) ParOldGen: 2889139K(2889216K)->2991807K(2992128K)
[341.969s][info][gc,metaspace   ] GC(100) Metaspace: 28845K(29120K)->28845K(29120K) NonClass: 25745K(25856K)->25745K(25856K) Class: 3099K(3264K)->3099K(3264K)
[341.969s][info][gc             ] GC(100) Pause Young (Allocation Failure) 5159M->3055M(5392M) 91.762ms
[341.969s][info][gc,cpu         ] GC(100) User=0.50s Sys=0.03s Real=0.09s
..[343.318s][info][gc,start       ] GC(101) Pause Young (Allocation Failure)
[343.417s][info][gc,heap        ] GC(101) PSYoungGen: 2417888K(2529280K)->157584K(2523136K) Eden: 2280960K(2280960K)->0K(2280960K) From: 136928K(248320K)->157584K(242176K)
[343.417s][info][gc,heap        ] GC(101) ParOldGen: 2991807K(2992128K)->3087631K(3087872K)
[343.417s][info][gc,metaspace   ] GC(101) Metaspace: 28845K(29120K)->28845K(29120K) NonClass: 25745K(25856K)->25745K(25856K) Class: 3099K(3264K)->3099K(3264K)
[343.417s][info][gc             ] GC(101) Pause Young (Allocation Failure) 5282M->3169M(5479M) 98.887ms
[343.417s][info][gc,cpu         ] GC(101) User=0.55s Sys=0.02s Real=0.10s
.[344.690s][info][gc,start       ] GC(102) Pause Young (Allocation Failure)
[344.788s][info][gc,heap        ] GC(102) PSYoungGen: 2438544K(2523136K)->157792K(2547200K) Eden: 2280959K(2280960K)->0K(2311168K) From: 157584K(242176K)->157792K(236032K)
[344.788s][info][gc,heap        ] GC(102) ParOldGen: 3087631K(3087872K)->3189895K(3190272K)
[344.788s][info][gc,metaspace   ] GC(102) Metaspace: 28845K(29120K)->28845K(29120K) NonClass: 25745K(25856K)->25745K(25856K) Class: 3099K(3264K)->3099K(3264K)
[344.788s][info][gc             ] GC(102) Pause Young (Allocation Failure) 5396M->3269M(5603M) 98.128ms
[344.788s][info][gc,cpu         ] GC(102) User=0.54s Sys=0.04s Real=0.10s
. (rIR:aIR:PR = 11548:11329:11328) (tPR = 169251) [OK] 
   344s:    snapshot, IR =  11548 .[346.107s][info][gc,start       ] GC(103) Pause Young (Allocation Failure)
[346.205s][info][gc,heap        ] GC(103) PSYoungGen: 2468960K(2547200K)->151744K(2541568K) Eden: 2311168K(2311168K)->0K(2311168K) From: 157792K(236032K)->151744K(230400K)
[346.205s][info][gc,heap        ] GC(103) ParOldGen: 3189895K(3190272K)->3291039K(3291136K)
[346.205s][info][gc,metaspace   ] GC(103) Metaspace: 28850K(29184K)->28850K(29184K) NonClass: 25750K(25920K)->25750K(25920K) Class: 3099K(3264K)->3099K(3264K)
[346.205s][info][gc             ] GC(103) Pause Young (Allocation Failure) 5526M->3362M(5696M) 97.916ms
[346.205s][info][gc,cpu         ] GC(103) User=0.53s Sys=0.04s Real=0.10s
.[347.517s][info][gc,start       ] GC(104) Pause Young (Allocation Failure)
[347.633s][info][gc,heap        ] GC(104) PSYoungGen: 2462912K(2541568K)->162178K(2554880K) Eden: 2311168K(2311168K)->0K(2332160K) From: 151744K(230400K)->162178K(222720K)
[347.633s][info][gc,heap        ] GC(104) ParOldGen: 3291039K(3291136K)->3395063K(3395072K)
[347.633s][info][gc,metaspace   ] GC(104) Metaspace: 28852K(29184K)->28852K(29184K) NonClass: 25752K(25920K)->25752K(25920K) Class: 3099K(3264K)->3099K(3264K)
[347.633s][info][gc             ] GC(104) Pause Young (Allocation Failure) 5619M->3473M(5810M) 116.088ms
[347.633s][info][gc,cpu         ] GC(104) User=0.57s Sys=0.03s Real=0.12s
.[348.975s][info][gc,start       ] GC(105) Pause Young (Allocation Failure)
[349.069s][info][gc,heap        ] GC(105) PSYoungGen: 2494338K(2554880K)->144768K(2552320K) Eden: 2332160K(2332160K)->0K(2332160K) From: 162178K(222720K)->144768K(220160K)
[349.069s][info][gc,heap        ] GC(105) ParOldGen: 3395063K(3395072K)->3497711K(3497984K)
[349.069s][info][gc,metaspace   ] GC(105) Metaspace: 28852K(29184K)->28852K(29184K) NonClass: 25753K(25920K)->25753K(25920K) Class: 3099K(3264K)->3099K(3264K)
[349.069s][info][gc             ] GC(105) Pause Young (Allocation Failure) 5751M->3557M(5908M) 94.686ms
[349.069s][info][gc,cpu         ] GC(105) User=0.52s Sys=0.03s Real=0.09s
.|.[350.464s][info][gc,start       ] GC(106) Pause Young (Allocation Failure)
[350.569s][info][gc,heap        ] GC(106) PSYoungGen: 2476928K(2552320K)->170688K(2566656K) Eden: 2332160K(2332160K)->0K(2352128K) From: 144768K(220160K)->170688K(214528K)
[350.569s][info][gc,heap        ] GC(106) ParOldGen: 3497711K(3497984K)->3595539K(3595776K)
[350.569s][info][gc,metaspace   ] GC(106) Metaspace: 28852K(29184K)->28852K(29184K) NonClass: 25753K(25920K)->25753K(25920K) Class: 3099K(3264K)->3099K(3264K)
[350.569s][info][gc             ] GC(106) Pause Young (Allocation Failure) 5834M->3677M(6018M) 104.603ms
[350.569s][info][gc,cpu         ] GC(106) User=0.58s Sys=0.03s Real=0.10s
.[351.941s][info][gc,start       ] GC(107) Pause Young (Allocation Failure)
[352.044s][info][gc,heap        ] GC(107) PSYoungGen: 2522816K(2566656K)->153171K(2567680K) Eden: 2352128K(2352128K)->0K(2352128K) From: 170688K(214528K)->153171K(215552K)
[352.044s][info][gc,heap        ] GC(107) ParOldGen: 3595539K(3595776K)->3704035K(3704320K)
[352.044s][info][gc,metaspace   ] GC(107) Metaspace: 28852K(29184K)->28852K(29184K) NonClass: 25753K(25920K)->25753K(25920K) Class: 3099K(3264K)->3099K(3264K)
[352.044s][info][gc             ] GC(107) Pause Young (Allocation Failure) 5974M->3766M(6125M) 103.168ms
[352.044s][info][gc,cpu         ] GC(107) User=0.57s Sys=0.03s Real=0.11s
..[353.353s][info][gc,start       ] GC(108) Pause Young (Allocation Failure)
[353.454s][info][gc,heap        ] GC(108) PSYoungGen: 2505299K(2567680K)->155587K(2575360K) Eden: 2352128K(2352128K)->0K(2371072K) From: 153171K(215552K)->155587K(204288K)
[353.454s][info][gc,heap        ] GC(108) ParOldGen: 3704035K(3704320K)->3809611K(3809792K)
[353.454s][info][gc,metaspace   ] GC(108) Metaspace: 28856K(29184K)->28856K(29184K) NonClass: 25757K(25920K)->25757K(25920K) Class: 3099K(3264K)->3099K(3264K)
[353.454s][info][gc             ] GC(108) Pause Young (Allocation Failure) 6063M->3872M(6235M) 101.095ms
[353.454s][info][gc,cpu         ] GC(108) User=0.56s Sys=0.04s Real=0.11s
.[354.825s][info][gc,start       ] GC(109) Pause Young (Allocation Failure)
[354.932s][info][gc,heap        ] GC(109) PSYoungGen: 2526659K(2575360K)->169105K(2575360K) Eden: 2371072K(2371072K)->0K(2371072K) From: 155587K(204288K)->169105K(204288K)
[354.932s][info][gc,heap        ] GC(109) ParOldGen: 3809611K(3809792K)->3910475K(3910656K)
[354.932s][info][gc,metaspace   ] GC(109) Metaspace: 28856K(29184K)->28856K(29184K) NonClass: 25757K(25920K)->25757K(25920K) Class: 3099K(3264K)->3099K(3264K)
[354.932s][info][gc             ] GC(109) Pause Young (Allocation Failure) 6187M->3983M(6334M) 106.732ms
[354.932s][info][gc,cpu         ] GC(109) User=0.60s Sys=0.02s Real=0.10s
.[356.256s][info][gc,start       ] GC(110) Pause Young (Allocation Failure)
[356.361s][info][gc,heap        ] GC(110) PSYoungGen: 2540177K(2575360K)->163752K(2589696K) Eden: 2371072K(2371072K)->0K(2386432K) From: 169105K(204288K)->163752K(203264K)
[356.361s][info][gc,heap        ] GC(110) ParOldGen: 3910475K(3910656K)->4014251K(4014592K)
[356.361s][info][gc,metaspace   ] GC(110) Metaspace: 28858K(29184K)->28858K(29184K) NonClass: 25758K(25920K)->25758K(25920K) Class: 3099K(3264K)->3099K(3264K)
[356.361s][info][gc             ] GC(110) Pause Young (Allocation Failure) 6299M->4080M(6449M) 105.820ms
[356.361s][info][gc,cpu         ] GC(110) User=0.57s Sys=0.04s Real=0.10s
..[357.749s][info][gc,start       ] GC(111) Pause Young (Allocation Failure)
[357.852s][info][gc,heap        ] GC(111) PSYoungGen: 2550184K(2589696K)->160767K(2547200K) Eden: 2386432K(2386432K)->0K(2386432K) From: 163752K(203264K)->160767K(160768K)
[357.852s][info][gc,heap        ] GC(111) ParOldGen: 4014251K(4014592K)->4118531K(4119040K)
[357.853s][info][gc,metaspace   ] GC(111) Metaspace: 28860K(29184K)->28860K(29184K) NonClass: 25761K(25920K)->25761K(25920K) Class: 3099K(3264K)->3099K(3264K)
[357.853s][info][gc             ] GC(111) Pause Young (Allocation Failure) 6410M->4179M(6510M) 103.972ms
[357.853s][info][gc,cpu         ] GC(111) User=0.57s Sys=0.03s Real=0.10s
.[359.236s][info][gc,start       ] GC(112) Pause Young (Allocation Failure)
[359.337s][info][gc,heap        ] GC(112) PSYoungGen: 2547199K(2547200K)->155296K(2593792K) Eden: 2386432K(2386432K)->0K(2393088K) From: 160767K(160768K)->155296K(200704K)
[359.337s][info][gc,heap        ] GC(112) ParOldGen: 4118531K(4119040K)->4221851K(4221952K)
[359.337s][info][gc,metaspace   ] GC(112) Metaspace: 28860K(29184K)->28860K(29184K) NonClass: 25761K(25920K)->25761K(25920K) Class: 3099K(3264K)->3099K(3264K)
[359.337s][info][gc             ] GC(112) Pause Young (Allocation Failure) 6509M->4274M(6656M) 100.435ms
[359.337s][info][gc,cpu         ] GC(112) User=0.56s Sys=0.03s Real=0.10s
..[360.774s][info][gc,start       ] GC(113) Pause Young (Allocation Failure)
[360.874s][info][gc,heap        ] GC(113) PSYoungGen: 2548384K(2593792K)->154368K(2589696K) Eden: 2393088K(2393088K)->0K(2393088K) From: 155296K(200704K)->154368K(196608K)
[360.874s][info][gc,heap        ] GC(113) ParOldGen: 4221851K(4221952K)->4323051K(4323328K)
[360.874s][info][gc,metaspace   ] GC(113) Metaspace: 28860K(29184K)->28860K(29184K) NonClass: 25761K(25920K)->25761K(25920K) Class: 3099K(3264K)->3099K(3264K)
[360.874s][info][gc             ] GC(113) Pause Young (Allocation Failure) 6611M->4372M(6751M) 99.624ms
[360.874s][info][gc,cpu         ] GC(113) User=0.55s Sys=0.03s Real=0.10s
.[362.310s][info][gc,start       ] GC(114) Pause Young (Allocation Failure)
[362.413s][info][gc,heap        ] GC(114) PSYoungGen: 2547456K(2589696K)->158560K(2593792K) Eden: 2393088K(2393088K)->0K(2401280K) From: 154368K(196608K)->158560K(192512K)
[362.413s][info][gc,heap        ] GC(114) ParOldGen: 4323051K(4323328K)->4430819K(4430848K)
[362.413s][info][gc,metaspace   ] GC(114) Metaspace: 28861K(29184K)->28861K(29184K) NonClass: 25761K(25920K)->25761K(25920K) Class: 3099K(3264K)->3099K(3264K)
[362.413s][info][gc             ] GC(114) Pause Young (Allocation Failure) 6709M->4481M(6860M) 102.892ms
[362.413s][info][gc,cpu         ] GC(114) User=0.56s Sys=0.03s Real=0.11s
..[363.830s][info][gc,start       ] GC(115) Pause Young (Allocation Failure)
[363.932s][info][gc,heap        ] GC(115) PSYoungGen: 2559840K(2593792K)->157472K(2591232K) Eden: 2401280K(2401280K)->0K(2401280K) From: 158560K(192512K)->157472K(189952K)
[363.932s][info][gc,heap        ] GC(115) ParOldGen: 4430819K(4430848K)->4532571K(4532736K)
[363.932s][info][gc,metaspace   ] GC(115) Metaspace: 28861K(29184K)->28861K(29184K) NonClass: 25761K(25920K)->25761K(25920K) Class: 3099K(3264K)->3099K(3264K)
[363.932s][info][gc             ] GC(115) Pause Young (Allocation Failure) 6826M->4580M(6957M) 101.256ms
[363.932s][info][gc,cpu         ] GC(115) User=0.56s Sys=0.03s Real=0.10s
.[365.281s][info][gc,start       ] GC(116) Pause Young (Allocation Failure)
[365.385s][info][gc,heap        ] GC(116) PSYoungGen: 2558752K(2591232K)->155424K(2603008K) Eden: 2401280K(2401280K)->0K(2416128K) From: 157472K(189952K)->155424K(186880K)
[365.385s][info][gc,heap        ] GC(116) ParOldGen: 4532571K(4532736K)->4643635K(4643840K)
[365.385s][info][gc,metaspace   ] GC(116) Metaspace: 28861K(29184K)->28861K(29184K) NonClass: 25761K(25920K)->25761K(25920K) Class: 3099K(3264K)->3099K(3264K)
[365.385s][info][gc             ] GC(116) Pause Young (Allocation Failure) 6925M->4686M(7077M) 104.183ms
[365.385s][info][gc,cpu         ] GC(116) User=0.57s Sys=0.03s Real=0.11s
..[366.763s][info][gc,start       ] GC(117) Pause Young (Allocation Failure)
[366.869s][info][gc,heap        ] GC(117) PSYoungGen: 2571552K(2603008K)->163299K(2600448K) Eden: 2416128K(2416128K)->0K(2416128K) From: 155424K(186880K)->163299K(184320K)
[366.869s][info][gc,heap        ] GC(117) ParOldGen: 4643635K(4643840K)->4743403K(4743680K)
[366.869s][info][gc,metaspace   ] GC(117) Metaspace: 28861K(29184K)->28861K(29184K) NonClass: 25761K(25920K)->25761K(25920K) Class: 3099K(3264K)->3099K(3264K)
[366.869s][info][gc             ] GC(117) Pause Young (Allocation Failure) 7046M->4791M(7172M) 105.717ms
[366.869s][info][gc,cpu         ] GC(117) User=0.58s Sys=0.03s Real=0.11s
.[368.241s][info][gc,start       ] GC(118) Pause Young (Allocation Failure)
[368.350s][info][gc,heap        ] GC(118) PSYoungGen: 2579427K(2600448K)->164133K(2608640K) Eden: 2416128K(2416128K)->0K(2424832K) From: 163299K(184320K)->164133K(183808K)
[368.350s][info][gc,heap        ] GC(118) ParOldGen: 4743403K(4743680K)->4850931K(4851200K)
[368.350s][info][gc,metaspace   ] GC(118) Metaspace: 28861K(29184K)->28861K(29184K) NonClass: 25762K(25920K)->25762K(25920K) Class: 3099K(3264K)->3099K(3264K)
[368.350s][info][gc             ] GC(118) Pause Young (Allocation Failure) 7151M->4897M(7285M) 109.824ms
[368.350s][info][gc,cpu         ] GC(118) User=0.57s Sys=0.07s Real=0.11s
..[369.801s][info][gc,start       ] GC(119) Pause Young (Allocation Failure)
[369.904s][info][gc,heap        ] GC(119) PSYoungGen: 2588965K(2608640K)->161888K(2608640K) Eden: 2424832K(2424832K)->0K(2424832K) From: 164133K(183808K)->161888K(183808K)
[369.904s][info][gc,heap        ] GC(119) ParOldGen: 4850931K(4851200K)->4954131K(4954624K)
[369.904s][info][gc,metaspace   ] GC(119) Metaspace: 28861K(29184K)->28861K(29184K) NonClass: 25762K(25920K)->25762K(25920K) Class: 3099K(3264K)->3099K(3264K)
[369.904s][info][gc             ] GC(119) Pause Young (Allocation Failure) 7265M->4996M(7386M) 103.560ms
[369.904s][info][gc,cpu         ] GC(119) User=0.57s Sys=0.03s Real=0.11s
.[371.272s][info][gc,start       ] GC(120) Pause Young (Allocation Failure)
[371.380s][info][gc,heap        ] GC(120) PSYoungGen: 2586720K(2608640K)->166112K(2610688K) Eden: 2424832K(2424832K)->0K(2427904K) From: 161888K(183808K)->166112K(182784K)
[371.381s][info][gc,heap        ] GC(120) ParOldGen: 4954131K(4954624K)->5062147K(5062656K)
[371.381s][info][gc,metaspace   ] GC(120) Metaspace: 28868K(29184K)->28868K(29184K) NonClass: 25768K(25920K)->25768K(25920K) Class: 3099K(3264K)->3099K(3264K)
[371.381s][info][gc             ] GC(120) Pause Young (Allocation Failure) 7364M->5105M(7493M) 108.850ms
[371.381s][info][gc,cpu         ] GC(120) User=0.59s Sys=0.04s Real=0.11s
..[372.819s][info][gc,start       ] GC(121) Pause Young (Allocation Failure)
[372.931s][info][gc,heap        ] GC(121) PSYoungGen: 2594016K(2610688K)->174704K(2603008K) Eden: 2427904K(2427904K)->0K(2427904K) From: 166112K(182784K)->174704K(175104K)
[372.931s][info][gc,heap        ] GC(121) ParOldGen: 5062147K(5062656K)->5165835K(5166080K)
[372.931s][info][gc,metaspace   ] GC(121) Metaspace: 28868K(29184K)->28868K(29184K) NonClass: 25768K(25920K)->25768K(25920K) Class: 3099K(3264K)->3099K(3264K)
[372.931s][info][gc             ] GC(121) Pause Young (Allocation Failure) 7476M->5215M(7587M) 111.527ms
[372.931s][info][gc,cpu         ] GC(121) User=0.61s Sys=0.03s Real=0.11s
.[374.307s][info][gc,start       ] GC(122) Pause Young (Allocation Failure)
[374.416s][info][gc,heap        ] GC(122) PSYoungGen: 2602608K(2603008K)->168964K(2608128K) Eden: 2427904K(2427904K)->0K(2421248K) From: 174704K(175104K)->168964K(186880K)
[374.416s][info][gc,heap        ] GC(122) ParOldGen: 5165835K(5166080K)->5273323K(5273600K)
[374.416s][info][gc,metaspace   ] GC(122) Metaspace: 28868K(29184K)->28868K(29184K) NonClass: 25768K(25920K)->25768K(25920K) Class: 3099K(3264K)->3099K(3264K)
[374.416s][info][gc             ] GC(122) Pause Young (Allocation Failure) 7586M->5314M(7697M) 109.105ms
[374.416s][info][gc,cpu         ] GC(122) User=0.61s Sys=0.04s Real=0.11s
.[375.810s][info][gc,start       ] GC(123) Pause Young (Allocation Failure)
[375.914s][info][gc,heap        ] GC(123) PSYoungGen: 2590212K(2608128K)->159316K(2580992K) Eden: 2421248K(2421248K)->0K(2421248K) From: 168964K(186880K)->159316K(159744K)
[375.915s][info][gc,heap        ] GC(123) ParOldGen: 5273323K(5273600K)->5379211K(5379584K)
[375.915s][info][gc,metaspace   ] GC(123) Metaspace: 28868K(29184K)->28868K(29184K) NonClass: 25768K(25920K)->25768K(25920K) Class: 3099K(3264K)->3099K(3264K)
[375.915s][info][gc             ] GC(123) Pause Young (Allocation Failure) 7679M->5408M(7774M) 104.404ms
[375.915s][info][gc,cpu         ] GC(123) User=0.58s Sys=0.03s Real=0.11s
..[377.333s][info][gc,start       ] GC(124) Pause Young (Allocation Failure)
[377.440s][info][gc,heap        ] GC(124) PSYoungGen: 2580564K(2580992K)->169525K(2606592K) Eden: 2421248K(2421248K)->0K(2421248K) From: 159316K(159744K)->169525K(185344K)
[377.440s][info][gc,heap        ] GC(124) ParOldGen: 5379211K(5379584K)->5479763K(5479936K)
[377.440s][info][gc,metaspace   ] GC(124) Metaspace: 28868K(29184K)->28868K(29184K) NonClass: 25768K(25920K)->25768K(25920K) Class: 3099K(3264K)->3099K(3264K)
[377.440s][info][gc             ] GC(124) Pause Young (Allocation Failure) 7773M->5516M(7897M) 107.731ms
[377.440s][info][gc,cpu         ] GC(124) User=0.60s Sys=0.03s Real=0.11s
.[378.817s][info][gc,start       ] GC(125) Pause Full (Allocation Failure)
[378.817s][info][gc,phases,start] GC(125) Marking Phase
[379.140s][info][gc,phases      ] GC(125) Marking Phase 323.114ms
[379.140s][info][gc,phases,start] GC(125) Summary Phase
[379.140s][info][gc,phases      ] GC(125) Summary Phase 0.101ms
[379.140s][info][gc,phases,start] GC(125) Forward
[379.282s][info][gc,phases      ] GC(125) Forward 141.984ms
[379.282s][info][gc,phases,start] GC(125) Adjust Pointers
[379.519s][info][gc,phases      ] GC(125) Adjust Pointers 236.790ms
[379.519s][info][gc,phases,start] GC(125) Compaction Phase
[379.706s][info][gc,phases      ] GC(125) Compaction Phase 186.681ms
[379.708s][info][gc,phases,start] GC(125) Post Compact
[379.715s][info][gc,phases      ] GC(125) Post Compact 7.077ms
[379.837s][info][gc,heap        ] GC(125) PSYoungGen: 2590773K(2606592K)->0K(2607104K) Eden: 2421248K(2421248K)->0K(2421248K) From: 169525K(185344K)->0K(185856K)
[379.837s][info][gc,heap        ] GC(125) ParOldGen: 5479763K(5479936K)->1458788K(1658368K)
[379.837s][info][gc,metaspace   ] GC(125) Metaspace: 28868K(29184K)->28868K(29184K) NonClass: 25768K(25920K)->25768K(25920K) Class: 3099K(3264K)->3099K(3264K)
[379.837s][info][gc             ] GC(125) Pause Full (Allocation Failure) 7881M->1424M(4165M) 1020.381ms
[379.837s][info][gc,cpu         ] GC(125) User=4.89s Sys=0.13s Real=1.02s
. (rIR:aIR:PR = 11548:11345:11174) (tPR = 166954) [OK] 
   379s: Performing snapshot: (quiescence.....) (stop TxI) (stop BE) (saving... [389.615s][info][gc,start       ] GC(126) Pause Young (Allocation Failure)
[389.713s][info][gc,heap        ] GC(126) PSYoungGen: 2365430K(2607104K)->180149K(2600960K) Eden: 2365430K(2421248K)->0K(2415104K) From: 0K(185856K)->180149K(185856K)
[389.713s][info][gc,heap        ] GC(126) ParOldGen: 1458788K(1658368K)->1748068K(1803264K)
[389.713s][info][gc,metaspace   ] GC(126) Metaspace: 28872K(29184K)->28872K(29184K) NonClass: 25772K(25920K)->25772K(25920K) Class: 3099K(3264K)->3099K(3264K)
[389.713s][info][gc             ] GC(126) Pause Young (Allocation Failure) 3734M->1883M(4301M) 97.979ms
[389.713s][info][gc,cpu         ] GC(126) User=0.53s Sys=0.02s Real=0.10s
222421 Kb) (term) [389.743s][info][gc,start       ] GC(127) Pause Full (System.gc())
[389.743s][info][gc,phases,start] GC(127) Marking Phase
[389.765s][info][gc,phases      ] GC(127) Marking Phase 21.597ms
[389.765s][info][gc,phases,start] GC(127) Summary Phase
[389.765s][info][gc,phases      ] GC(127) Summary Phase 0.028ms
[389.765s][info][gc,phases,start] GC(127) Forward
[389.767s][info][gc,phases      ] GC(127) Forward 1.895ms
[389.767s][info][gc,phases,start] GC(127) Adjust Pointers
[389.780s][info][gc,phases      ] GC(127) Adjust Pointers 13.598ms
[389.780s][info][gc,phases,start] GC(127) Compaction Phase
[389.812s][info][gc,phases      ] GC(127) Compaction Phase 32.326ms
[389.813s][info][gc,phases,start] GC(127) Post Compact
[389.814s][info][gc,phases      ] GC(127) Post Compact 1.894ms
[389.815s][info][gc,heap        ] GC(127) PSYoungGen: 311993K(2600960K)->0K(2600960K) Eden: 131844K(2415104K)->0K(2415104K) From: 180149K(185856K)->0K(185856K)
[389.815s][info][gc,heap        ] GC(127) ParOldGen: 1748068K(1803264K)->323091K(1803264K)
[389.815s][info][gc,metaspace   ] GC(127) Metaspace: 28872K(29184K)->28872K(29184K) NonClass: 25772K(25920K)->25772K(25920K) Class: 3099K(3264K)->3099K(3264K)
[389.815s][info][gc             ] GC(127) Pause Full (System.gc()) 2011M->315M(4301M) 71.623ms
[389.815s][info][gc,cpu         ] GC(127) User=0.36s Sys=0.00s Real=0.08s
(init[390.833s][info][gc,start       ] GC(128) Pause Young (Allocation Failure)
[391.128s][info][gc,heap        ] GC(128) PSYoungGen: 2415104K(2600960K)->190455K(2605568K) Eden: 2415104K(2415104K)->0K(2415104K) From: 0K(185856K)->190455K(190464K)
[391.128s][info][gc,heap        ] GC(128) ParOldGen: 323091K(1803264K)->800776K(1803264K)
[391.128s][info][gc,metaspace   ] GC(128) Metaspace: 28885K(29184K)->28885K(29184K) NonClass: 25784K(25920K)->25784K(25920K) Class: 3101K(3264K)->3101K(3264K)
[391.128s][info][gc             ] GC(128) Pause Young (Allocation Failure) 2674M->968M(4305M) 294.442ms
[391.128s][info][gc,cpu         ] GC(128) User=1.75s Sys=0.00s Real=0.29s
) ...
   395s:       rampup IR =      0 ... (rIR:aIR:PR = 0:0:0) (tPR = 0) [OK] 
   398s:       rampup IR =   1155 [399.021s][info][gc,start       ] GC(129) Pause Young (Allocation Failure)
[399.335s][info][gc,heap        ] GC(129) PSYoungGen: 2605559K(2605568K)->190441K(1731072K) Eden: 2415104K(2415104K)->0K(1540608K) From: 190455K(190464K)->190441K(190464K)
[399.335s][info][gc,heap        ] GC(129) ParOldGen: 800776K(1803264K)->1552937K(1803264K)
[399.335s][info][gc,metaspace   ] GC(129) Metaspace: 28906K(29184K)->28906K(29184K) NonClass: 25804K(25920K)->25804K(25920K) Class: 3102K(3264K)->3102K(3264K)
[399.335s][info][gc             ] GC(129) Pause Young (Allocation Failure) 3326M->1702M(3451M) 313.808ms
[399.335s][info][gc,cpu         ] GC(129) User=1.87s Sys=0.00s Real=0.32s
..... (rIR:aIR:PR = 1155:1172:1167) (tPR = 17659) [OK] 
   403s:       rampup IR =   2310 ..[405.743s][info][gc,start       ] GC(130) Pause Young (Allocation Failure)
[405.839s][info][gc,heap        ] GC(130) PSYoungGen: 1731049K(1731072K)->100256K(2168320K) Eden: 1540608K(1540608K)->0K(1540608K) From: 190441K(190464K)->100256K(627712K)
[405.839s][info][gc,heap        ] GC(130) ParOldGen: 1552937K(1803264K)->1683076K(1803264K)
[405.839s][info][gc,metaspace   ] GC(130) Metaspace: 28920K(29248K)->28920K(29248K) NonClass: 25818K(25984K)->25818K(25984K) Class: 3102K(3264K)->3102K(3264K)
[405.839s][info][gc             ] GC(130) Pause Young (Allocation Failure) 3207M->1741M(3878M) 95.944ms
[405.839s][info][gc,cpu         ] GC(130) User=0.57s Sys=0.00s Real=0.10s
.. (rIR:aIR:PR = 2310:2321:2321) (tPR = 36485) [OK] 
   407s:       rampup IR =   3464 ..[409.417s][info][gc,start       ] GC(131) Pause Young (Allocation Failure)
[409.498s][info][gc,heap        ] GC(131) PSYoungGen: 1640864K(2168320K)->106932K(2149888K) Eden: 1540608K(1540608K)->0K(1542656K) From: 100256K(627712K)->106932K(607232K)
[409.498s][info][gc,heap        ] GC(131) ParOldGen: 1683076K(1803264K)->1763940K(1803264K)
[409.498s][info][gc,metaspace   ] GC(131) Metaspace: 28920K(29248K)->28920K(29248K) NonClass: 25818K(25984K)->25818K(25984K) Class: 3102K(3264K)->3102K(3264K)
[409.498s][info][gc             ] GC(131) Pause Young (Allocation Failure) 3246M->1827M(3860M) 81.440ms
[409.498s][info][gc,cpu         ] GC(131) User=0.45s Sys=0.03s Real=0.08s
.. (rIR:aIR:PR = 3464:3482:3482) (tPR = 49728) [OK] 
   411s:       rampup IR =   4619 [412.295s][info][gc,start       ] GC(132) Pause Young (Allocation Failure)
[412.379s][info][gc,heap        ] GC(132) PSYoungGen: 1649588K(2149888K)->108416K(2160128K) Eden: 1542656K(1542656K)->0K(1542656K) From: 106932K(607232K)->108416K(617472K)
[412.379s][info][gc,heap        ] GC(132) ParOldGen: 1763940K(1803264K)->1845389K(1845760K)
[412.379s][info][gc,metaspace   ] GC(132) Metaspace: 28921K(29248K)->28921K(29248K) NonClass: 25818K(25984K)->25818K(25984K) Class: 3102K(3264K)->3102K(3264K)
[412.379s][info][gc             ] GC(132) Pause Young (Allocation Failure) 3333M->1908M(3912M) 84.104ms
[412.379s][info][gc,cpu         ] GC(132) User=0.43s Sys=0.07s Real=0.08s
...[414.754s][info][gc,start       ] GC(133) Pause Young (Allocation Failure)
[414.830s][info][gc,heap        ] GC(133) PSYoungGen: 1651072K(2160128K)->113546K(2149888K) Eden: 1542656K(1542656K)->0K(1573376K) From: 108416K(617472K)->113546K(576512K)
[414.830s][info][gc,heap        ] GC(133) ParOldGen: 1845389K(1845760K)->1927661K(1927680K)
[414.830s][info][gc,metaspace   ] GC(133) Metaspace: 28921K(29248K)->28921K(29248K) NonClass: 25818K(25984K)->25818K(25984K) Class: 3102K(3264K)->3102K(3264K)
[414.831s][info][gc             ] GC(133) Pause Young (Allocation Failure) 3414M->1993M(3982M) 76.089ms
[414.831s][info][gc,cpu         ] GC(133) User=0.41s Sys=0.04s Real=0.07s
. (rIR:aIR:PR = 4619:4717:4716) (tPR = 68765) [OK] 
   415s:       rampup IR =   5774 .[416.767s][info][gc,start       ] GC(134) Pause Young (Allocation Failure)
[416.841s][info][gc,heap        ] GC(134) PSYoungGen: 1686922K(2149888K)->106512K(2163200K) Eden: 1573376K(1573376K)->0K(1573376K) From: 113546K(576512K)->106512K(589824K)
[416.841s][info][gc,heap        ] GC(134) ParOldGen: 1927661K(1927680K)->2011553K(2011648K)
[416.841s][info][gc,metaspace   ] GC(134) Metaspace: 28923K(29248K)->28923K(29248K) NonClass: 25821K(25984K)->25821K(25984K) Class: 3102K(3264K)->3102K(3264K)
[416.841s][info][gc             ] GC(134) Pause Young (Allocation Failure) 3529M->2068M(4077M) 73.544ms
[416.841s][info][gc,cpu         ] GC(134) User=0.42s Sys=0.02s Real=0.07s
..[418.743s][info][gc,start       ] GC(135) Pause Young (Allocation Failure)
[418.817s][info][gc,heap        ] GC(135) PSYoungGen: 1679888K(2163200K)->109856K(2172416K) Eden: 1573376K(1573376K)->0K(1632768K) From: 106512K(589824K)->109856K(539648K)
[418.817s][info][gc,heap        ] GC(135) ParOldGen: 2011553K(2011648K)->2094746K(2095104K)
[418.817s][info][gc,metaspace   ] GC(135) Metaspace: 28923K(29248K)->28923K(29248K) NonClass: 25821K(25984K)->25821K(25984K) Class: 3102K(3264K)->3102K(3264K)
[418.817s][info][gc             ] GC(135) Pause Young (Allocation Failure) 3604M->2152M(4167M) 74.210ms
[418.817s][info][gc,cpu         ] GC(135) User=0.42s Sys=0.02s Real=0.08s
. (rIR:aIR:PR = 5774:5767:5770) (tPR = 84829) [OK] 
   419s:       rampup IR =   6929 .[420.484s][info][gc,start       ] GC(136) Pause Young (Allocation Failure)
[420.558s][info][gc,heap        ] GC(136) PSYoungGen: 1742624K(2172416K)->105936K(2187776K) Eden: 1632768K(1632768K)->0K(1632768K) From: 109856K(539648K)->105936K(555008K)
[420.558s][info][gc,heap        ] GC(136) ParOldGen: 2094746K(2095104K)->2178162K(2178560K)
[420.558s][info][gc,metaspace   ] GC(136) Metaspace: 28926K(29248K)->28926K(29248K) NonClass: 25824K(25984K)->25824K(25984K) Class: 3102K(3264K)->3102K(3264K)
[420.558s][info][gc             ] GC(136) Pause Young (Allocation Failure) 3747M->2230M(4264M) 73.167ms
[420.558s][info][gc,cpu         ] GC(136) User=0.40s Sys=0.02s Real=0.07s
.[422.197s][info][gc,start       ] GC(137) Pause Young (Allocation Failure)
[422.273s][info][gc,heap        ] GC(137) PSYoungGen: 1738704K(2187776K)->118048K(2201088K) Eden: 1632768K(1632768K)->0K(1704448K) From: 105936K(555008K)->118048K(496640K)
[422.273s][info][gc,heap        ] GC(137) ParOldGen: 2178162K(2178560K)->2259874K(2259968K)
[422.273s][info][gc,metaspace   ] GC(137) Metaspace: 28928K(29248K)->28928K(29248K) NonClass: 25826K(25984K)->25826K(25984K) Class: 3102K(3264K)->3102K(3264K)
[422.273s][info][gc             ] GC(137) Pause Young (Allocation Failure) 3825M->2322M(4356M) 75.968ms
[422.273s][info][gc,cpu         ] GC(137) User=0.42s Sys=0.03s Real=0.07s
.. (rIR:aIR:PR = 6929:6948:6949) (tPR = 101609) [OK] 
   423s:       rampup IR =   8084 [423.908s][info][gc,start       ] GC(138) Pause Young (Allocation Failure)
[423.987s][info][gc,heap        ] GC(138) PSYoungGen: 1822496K(2201088K)->120466K(2219520K) Eden: 1704448K(1704448K)->0K(1704448K) From: 118048K(496640K)->120466K(515072K)
[423.987s][info][gc,heap        ] GC(138) ParOldGen: 2259874K(2259968K)->2345978K(2345984K)
[423.987s][info][gc,metaspace   ] GC(138) Metaspace: 28928K(29248K)->28928K(29248K) NonClass: 25826K(25984K)->25826K(25984K) Class: 3102K(3264K)->3102K(3264K)
[423.987s][info][gc             ] GC(138) Pause Young (Allocation Failure) 3986M->2408M(4458M) 79.449ms
[423.988s][info][gc,cpu         ] GC(138) User=0.44s Sys=0.02s Real=0.08s
.[425.415s][info][gc,start       ] GC(139) Pause Young (Allocation Failure)
[425.490s][info][gc,heap        ] GC(139) PSYoungGen: 1824914K(2219520K)->110368K(2245632K) Eden: 1704448K(1704448K)->0K(1787904K) From: 120466K(515072K)->110368K(457728K)
[425.490s][info][gc,heap        ] GC(139) ParOldGen: 2345978K(2345984K)->2433026K(2433536K)
[425.490s][info][gc,metaspace   ] GC(139) Metaspace: 28928K(29248K)->28928K(29248K) NonClass: 25826K(25984K)->25826K(25984K) Class: 3102K(3264K)->3102K(3264K)
[425.490s][info][gc             ] GC(139) Pause Young (Allocation Failure) 4073M->2483M(4569M) 75.062ms
[425.490s][info][gc,cpu         ] GC(139) User=0.42s Sys=0.03s Real=0.07s
..[427.055s][info][gc,start       ] GC(140) Pause Young (Allocation Failure)
[427.134s][info][gc,heap        ] GC(140) PSYoungGen: 1898272K(2245632K)->123936K(2261504K) Eden: 1787904K(1787904K)->0K(1787904K) From: 110368K(457728K)->123936K(473600K)
[427.134s][info][gc,heap        ] GC(140) ParOldGen: 2433026K(2433536K)->2517602K(2518016K)
[427.134s][info][gc,metaspace   ] GC(140) Metaspace: 28929K(29248K)->28929K(29248K) NonClass: 25827K(25984K)->25827K(25984K) Class: 3102K(3264K)->3102K(3264K)
[427.134s][info][gc             ] GC(140) Pause Young (Allocation Failure) 4229M->2579M(4667M) 78.893ms
[427.134s][info][gc,cpu         ] GC(140) User=0.44s Sys=0.02s Real=0.08s
.. (rIR:aIR:PR = 8084:8031:8030) (tPR = 122016) [OK] 
   428s:       rampup IR =   9238 [428.614s][info][gc,start       ] GC(141) Pause Young (Allocation Failure)
[428.694s][info][gc,heap        ] GC(141) PSYoungGen: 1911840K(2261504K)->119510K(2288640K) Eden: 1787904K(1787904K)->0K(1870848K) From: 123936K(473600K)->119510K(417792K)
[428.694s][info][gc,heap        ] GC(141) ParOldGen: 2517602K(2518016K)->2607642K(2608128K)
[428.694s][info][gc,metaspace   ] GC(141) Metaspace: 28929K(29248K)->28929K(29248K) NonClass: 25827K(25984K)->25827K(25984K) Class: 3102K(3264K)->3102K(3264K)
[428.694s][info][gc             ] GC(141) Pause Young (Allocation Failure) 4325M->2663M(4782M) 80.501ms
[428.694s][info][gc,cpu         ] GC(141) User=0.44s Sys=0.03s Real=0.08s
.[430.135s][info][gc,start       ] GC(142) Pause Young (Allocation Failure)
[430.221s][info][gc,heap        ] GC(142) PSYoungGen: 1990358K(2288640K)->138773K(2302464K) Eden: 1870848K(1870848K)->0K(1870848K) From: 119510K(417792K)->138773K(431616K)
[430.222s][info][gc,heap        ] GC(142) ParOldGen: 2607642K(2608128K)->2692938K(2693120K)
[430.222s][info][gc,metaspace   ] GC(142) Metaspace: 28930K(29248K)->28930K(29248K) NonClass: 25828K(25984K)->25828K(25984K) Class: 3102K(3264K)->3102K(3264K)
[430.222s][info][gc             ] GC(142) Pause Young (Allocation Failure) 4490M->2765M(4878M) 86.232ms
[430.222s][info][gc,cpu         ] GC(142) User=0.48s Sys=0.03s Real=0.08s
..[431.587s][info][gc,start       ] GC(143) Pause Young (Allocation Failure)
[431.673s][info][gc,heap        ] GC(143) PSYoungGen: 2009621K(2302464K)->125653K(2336768K) Eden: 1870848K(1870848K)->0K(1955840K) From: 138773K(431616K)->125653K(380928K)
[431.673s][info][gc,heap        ] GC(143) ParOldGen: 2692938K(2693120K)->2788194K(2788352K)
[431.673s][info][gc,metaspace   ] GC(143) Metaspace: 28931K(29248K)->28931K(29248K) NonClass: 25828K(25984K)->25828K(25984K) Class: 3102K(3264K)->3102K(3264K)
[431.673s][info][gc             ] GC(143) Pause Young (Allocation Failure) 4592M->2845M(5005M) 86.436ms
[431.673s][info][gc,cpu         ] GC(143) User=0.48s Sys=0.02s Real=0.08s
. (rIR:aIR:PR = 9238:9026:9026) (tPR = 131319) [OK] 
   432s:       rampup IR =  10393 [433.106s][info][gc,start       ] GC(144) Pause Young (Allocation Failure)
[433.195s][info][gc,heap        ] GC(144) PSYoungGen: 2081493K(2336768K)->142656K(2345984K) Eden: 1955840K(1955840K)->0K(1955840K) From: 125653K(380928K)->142656K(390144K)
[433.195s][info][gc,heap        ] GC(144) ParOldGen: 2788194K(2788352K)->2876130K(2876416K)
[433.195s][info][gc,metaspace   ] GC(144) Metaspace: 28931K(29248K)->28931K(29248K) NonClass: 25829K(25984K)->25829K(25984K) Class: 3102K(3264K)->3102K(3264K)
[433.195s][info][gc             ] GC(144) Pause Young (Allocation Failure) 4755M->2948M(5100M) 88.920ms
[433.195s][info][gc,cpu         ] GC(144) User=0.49s Sys=0.03s Real=0.09s
.[434.469s][info][gc,start       ] GC(145) Pause Young (Allocation Failure)
[434.555s][info][gc,heap        ] GC(145) PSYoungGen: 2098496K(2345984K)->125472K(2384896K) Eden: 1955840K(1955840K)->0K(2036736K) From: 142656K(390144K)->125472K(348160K)
[434.555s][info][gc,heap        ] GC(145) ParOldGen: 2876130K(2876416K)->2971258K(2971648K)
[434.555s][info][gc,metaspace   ] GC(145) Metaspace: 28931K(29248K)->28931K(29248K) NonClass: 25829K(25984K)->25829K(25984K) Class: 3102K(3264K)->3102K(3264K)
[434.555s][info][gc             ] GC(145) Pause Young (Allocation Failure) 4858M->3024M(5231M) 86.823ms
[434.556s][info][gc,cpu         ] GC(145) User=0.49s Sys=0.03s Real=0.09s
..[435.914s][info][gc,start       ] GC(146) Pause Young (Allocation Failure)
[436.008s][info][gc,heap        ] GC(146) PSYoungGen: 2162208K(2384896K)->151924K(2389504K) Eden: 2036736K(2036736K)->0K(2036736K) From: 125472K(348160K)->151924K(352768K)
[436.008s][info][gc,heap        ] GC(146) ParOldGen: 2971258K(2971648K)->3063434K(3063808K)
[436.008s][info][gc,metaspace   ] GC(146) Metaspace: 28931K(29248K)->28931K(29248K) NonClass: 25829K(25984K)->25829K(25984K) Class: 3102K(3264K)->3102K(3264K)
[436.008s][info][gc             ] GC(146) Pause Young (Allocation Failure) 5013M->3139M(5325M) 94.270ms
[436.008s][info][gc,cpu         ] GC(146) User=0.52s Sys=0.03s Real=0.09s
.[437.370s][info][gc,start       ] GC(147) Pause Young (Allocation Failure)
[437.462s][info][gc,heap        ] GC(147) PSYoungGen: 2188660K(2389504K)->142208K(2425856K) Eden: 2036736K(2036736K)->0K(2110464K) From: 151924K(352768K)->142208K(315392K)
[437.462s][info][gc,heap        ] GC(147) ParOldGen: 3063434K(3063808K)->3158826K(3159040K)
[437.462s][info][gc,metaspace   ] GC(147) Metaspace: 28931K(29248K)->28931K(29248K) NonClass: 25829K(25984K)->25829K(25984K) Class: 3102K(3264K)->3102K(3264K)
[437.462s][info][gc             ] GC(147) Pause Young (Allocation Failure) 5128M->3223M(5454M) 92.295ms
[437.462s][info][gc,cpu         ] GC(147) User=0.52s Sys=0.03s Real=0.09s
. (rIR:aIR:PR = 10393:10151:10137) (tPR = 145453) [OK] 
   437s:       rampup IR =  11548 .[438.736s][info][gc,start       ] GC(148) Pause Young (Allocation Failure)
[438.827s][info][gc,heap        ] GC(148) PSYoungGen: 2252672K(2425856K)->143488K(2426880K) Eden: 2110464K(2110464K)->0K(2110464K) From: 142208K(315392K)->143488K(316416K)
[438.827s][info][gc,heap        ] GC(148) ParOldGen: 3158826K(3159040K)->3255474K(3255808K)
[438.827s][info][gc,metaspace   ] GC(148) Metaspace: 28938K(29248K)->28938K(29248K) NonClass: 25836K(25984K)->25836K(25984K) Class: 3102K(3264K)->3102K(3264K)
[438.827s][info][gc             ] GC(148) Pause Young (Allocation Failure) 5284M->3319M(5549M) 91.151ms
[438.827s][info][gc,cpu         ] GC(148) User=0.52s Sys=0.03s Real=0.09s
.[440.004s][info][gc,start       ] GC(149) Pause Young (Allocation Failure)
[440.101s][info][gc,heap        ] GC(149) PSYoungGen: 2253952K(2426880K)->155680K(2466304K) Eden: 2110464K(2110464K)->0K(2177536K) From: 143488K(316416K)->155680K(288768K)
[440.101s][info][gc,heap        ] GC(149) ParOldGen: 3255474K(3255808K)->3352498K(3352576K)
[440.101s][info][gc,metaspace   ] GC(149) Metaspace: 28938K(29248K)->28938K(29248K) NonClass: 25836K(25984K)->25836K(25984K) Class: 3102K(3264K)->3102K(3264K)
[440.101s][info][gc             ] GC(149) Pause Young (Allocation Failure) 5380M->3425M(5682M) 96.833ms
[440.101s][info][gc,cpu         ] GC(149) User=0.54s Sys=0.03s Real=0.09s
.[441.332s][info][gc,start       ] GC(150) Pause Young (Allocation Failure)
[441.434s][info][gc,heap        ] GC(150) PSYoungGen: 2333216K(2466304K)->166896K(2465792K) Eden: 2177536K(2177536K)->0K(2177536K) From: 155680K(288768K)->166896K(288256K)
[441.434s][info][gc,heap        ] GC(150) ParOldGen: 3352498K(3352576K)->3447978K(3448320K)
[441.434s][info][gc,metaspace   ] GC(150) Metaspace: 28939K(29248K)->28939K(29248K) NonClass: 25837K(25984K)->25837K(25984K) Class: 3102K(3264K)->3102K(3264K)
[441.434s][info][gc             ] GC(150) Pause Young (Allocation Failure) 5552M->3530M(5775M) 101.894ms
[441.434s][info][gc,cpu         ] GC(150) User=0.58s Sys=0.02s Real=0.11s
..[442.688s][info][gc,start       ] GC(151) Pause Young (Allocation Failure)
[442.777s][info][gc,heap        ] GC(151) PSYoungGen: 2344432K(2465792K)->137888K(2495488K) Eden: 2177536K(2177536K)->0K(2227200K) From: 166896K(288256K)->137888K(268288K)
[442.777s][info][gc,heap        ] GC(151) ParOldGen: 3447978K(3448320K)->3548842K(3549184K)
[442.777s][info][gc,metaspace   ] GC(151) Metaspace: 28939K(29248K)->28939K(29248K) NonClass: 25837K(25984K)->25837K(25984K) Class: 3102K(3264K)->3102K(3264K)
[442.777s][info][gc             ] GC(151) Pause Young (Allocation Failure) 5656M->3600M(5903M) 89.947ms
[442.778s][info][gc,cpu         ] GC(151) User=0.49s Sys=0.03s Real=0.09s
. (rIR:aIR:PR = 11548:11611:11610) (tPR = 173102) [OK] 
   443s:       trying IR =  11648 [444.133s][info][gc,start       ] GC(152) Pause Young (Allocation Failure)
[444.236s][info][gc,heap        ] GC(152) PSYoungGen: 2365088K(2495488K)->166868K(2497536K) Eden: 2227200K(2227200K)->0K(2227200K) From: 137888K(268288K)->166868K(270336K)
[444.236s][info][gc,heap        ] GC(152) ParOldGen: 3548842K(3549184K)->3646850K(3646976K)
[444.236s][info][gc,metaspace   ] GC(152) Metaspace: 28941K(29248K)->28941K(29248K) NonClass: 25839K(25984K)->25839K(25984K) Class: 3102K(3264K)->3102K(3264K)
[444.236s][info][gc             ] GC(152) Pause Young (Allocation Failure) 5775M->3724M(6000M) 103.178ms
[444.236s][info][gc,cpu         ] GC(152) User=0.58s Sys=0.02s Real=0.11s
.[445.502s][info][gc,start       ] GC(153) Pause Young (Allocation Failure)
[445.598s][info][gc,heap        ] GC(153) PSYoungGen: 2394068K(2497536K)->148976K(2508288K) Eden: 2227200K(2227200K)->0K(2261504K) From: 166868K(270336K)->148976K(246784K)
[445.598s][info][gc,heap        ] GC(153) ParOldGen: 3646850K(3646976K)->3747018K(3747328K)
[445.598s][info][gc,metaspace   ] GC(153) Metaspace: 28941K(29248K)->28941K(29248K) NonClass: 25839K(25984K)->25839K(25984K) Class: 3102K(3264K)->3102K(3264K)
[445.598s][info][gc             ] GC(153) Pause Young (Allocation Failure) 5899M->3804M(6109M) 95.774ms
[445.598s][info][gc,cpu         ] GC(153) User=0.54s Sys=0.03s Real=0.10s
..[446.994s][info][gc,start       ] GC(154) Pause Young (Allocation Failure)
[447.093s][info][gc,heap        ] GC(154) PSYoungGen: 2410480K(2508288K)->155648K(2514944K) Eden: 2261504K(2261504K)->0K(2261504K) From: 148976K(246784K)->155648K(253440K)
[447.093s][info][gc,heap        ] GC(154) ParOldGen: 3747018K(3747328K)->3846738K(3847168K)
[447.093s][info][gc,metaspace   ] GC(154) Metaspace: 28941K(29248K)->28941K(29248K) NonClass: 25839K(25984K)->25839K(25984K) Class: 3102K(3264K)->3102K(3264K)
[447.093s][info][gc             ] GC(154) Pause Young (Allocation Failure) 6013M->3908M(6213M) 99.300ms
[447.093s][info][gc,cpu         ] GC(154) User=0.55s Sys=0.03s Real=0.09s
.[448.401s][info][gc,start       ] GC(155) Pause Young (Allocation Failure)
[448.505s][info][gc,heap        ] GC(155) PSYoungGen: 2417152K(2514944K)->163987K(2534400K) Eden: 2261504K(2261504K)->0K(2297856K) From: 155648K(253440K)->163987K(236544K)
[448.505s][info][gc,heap        ] GC(155) ParOldGen: 3846738K(3847168K)->3950146K(3950592K)
[448.505s][info][gc,metaspace   ] GC(155) Metaspace: 28941K(29248K)->28941K(29248K) NonClass: 25839K(25984K)->25839K(25984K) Class: 3102K(3264K)->3102K(3264K)
[448.505s][info][gc             ] GC(155) Pause Young (Allocation Failure) 6117M->4017M(6333M) 104.030ms
[448.505s][info][gc,cpu         ] GC(155) User=0.57s Sys=0.05s Real=0.11s
. (rIR:aIR:PR = 11648:11196:11142) (tPR = 164407) [OK] 
   448s:       trying IR =  11668 [449.795s][info][gc,start       ] GC(156) Pause Young (Allocation Failure)
[449.895s][info][gc,heap        ] GC(156) PSYoungGen: 2461843K(2534400K)->156432K(2537472K) Eden: 2297856K(2297856K)->0K(2297856K) From: 163987K(236544K)->156432K(239616K)
[449.895s][info][gc,heap        ] GC(156) ParOldGen: 3950146K(3950592K)->4052186K(4052480K)
[449.895s][info][gc,metaspace   ] GC(156) Metaspace: 28941K(29248K)->28941K(29248K) NonClass: 25839K(25984K)->25839K(25984K) Class: 3102K(3264K)->3102K(3264K)
[449.895s][info][gc             ] GC(156) Pause Young (Allocation Failure) 6261M->4109M(6435M) 99.640ms
[449.895s][info][gc,cpu         ] GC(156) User=0.55s Sys=0.03s Real=0.10s
..[451.262s][info][gc,start       ] GC(157) Pause Young (Allocation Failure)
[451.366s][info][gc,heap        ] GC(157) PSYoungGen: 2454288K(2537472K)->168660K(2553856K) Eden: 2297856K(2297856K)->0K(2321920K) From: 156432K(239616K)->168660K(231936K)
[451.366s][info][gc,heap        ] GC(157) ParOldGen: 4052186K(4052480K)->4153290K(4153344K)
[451.366s][info][gc,metaspace   ] GC(157) Metaspace: 28946K(29248K)->28946K(29248K) NonClass: 25843K(25984K)->25843K(25984K) Class: 3102K(3264K)->3102K(3264K)
[451.366s][info][gc             ] GC(157) Pause Young (Allocation Failure) 6353M->4220M(6550M) 103.786ms
[451.366s][info][gc,cpu         ] GC(157) User=0.58s Sys=0.03s Real=0.11s
.[452.668s][info][gc,start       ] GC(158) Pause Young (Allocation Failure)
[452.767s][info][gc,heap        ] GC(158) PSYoungGen: 2490580K(2553856K)->152752K(2551808K) Eden: 2321920K(2321920K)->0K(2321920K) From: 168660K(231936K)->152752K(229888K)
[452.767s][info][gc,heap        ] GC(158) ParOldGen: 4153290K(4153344K)->4256186K(4256256K)
[452.767s][info][gc,metaspace   ] GC(158) Metaspace: 28946K(29248K)->28946K(29248K) NonClass: 25843K(25984K)->25843K(25984K) Class: 3102K(3264K)->3102K(3264K)
[452.767s][info][gc             ] GC(158) Pause Young (Allocation Failure) 6488M->4305M(6648M) 99.286ms
[452.768s][info][gc,cpu         ] GC(158) User=0.55s Sys=0.04s Real=0.10s
. (rIR:aIR:PR = 11668:11569:11508) (tPR = 178205) [OK] 
   452s:       trying IR =  11692 .[454.153s][info][gc,start       ] GC(159) Pause Young (Allocation Failure)
[454.259s][info][gc,heap        ] GC(159) PSYoungGen: 2474672K(2551808K)->173641K(2556928K) Eden: 2321920K(2321920K)->0K(2334208K) From: 152752K(229888K)->173641K(222720K)
[454.259s][info][gc,heap        ] GC(159) ParOldGen: 4256186K(4256256K)->4357414K(4357632K)
[454.259s][info][gc,metaspace   ] GC(159) Metaspace: 28946K(29248K)->28946K(29248K) NonClass: 25843K(25984K)->25843K(25984K) Class: 3102K(3264K)->3102K(3264K)
[454.259s][info][gc             ] GC(159) Pause Young (Allocation Failure) 6573M->4424M(6752M) 106.562ms
[454.259s][info][gc,cpu         ] GC(159) User=0.58s Sys=0.04s Real=0.11s
.[455.606s][info][gc,start       ] GC(160) Pause Young (Allocation Failure)
[455.707s][info][gc,heap        ] GC(160) PSYoungGen: 2507849K(2556928K)->148372K(2556928K) Eden: 2334208K(2334208K)->0K(2334208K) From: 173641K(222720K)->148372K(222720K)
[455.707s][info][gc,heap        ] GC(160) ParOldGen: 4357414K(4357632K)->4463222K(4463616K)
[455.707s][info][gc,metaspace   ] GC(160) Metaspace: 28946K(29248K)->28946K(29248K) NonClass: 25843K(25984K)->25843K(25984K) Class: 3102K(3264K)->3102K(3264K)
[455.707s][info][gc             ] GC(160) Pause Young (Allocation Failure) 6704M->4503M(6856M) 100.867ms
[455.707s][info][gc,cpu         ] GC(160) User=0.57s Sys=0.03s Real=0.10s
.[456.955s][info][gc,start       ] GC(161) Pause Young (Allocation Failure)
[457.067s][info][gc,heap        ] GC(161) PSYoungGen: 2482580K(2556928K)->176916K(2566656K) Eden: 2334208K(2334208K)->0K(2349056K) From: 148372K(222720K)->176916K(217600K)
[457.067s][info][gc,heap        ] GC(161) ParOldGen: 4463222K(4463616K)->4560814K(4560896K)
[457.067s][info][gc,metaspace   ] GC(161) Metaspace: 28948K(29248K)->28948K(29248K) NonClass: 25846K(25984K)->25846K(25984K) Class: 3102K(3264K)->3102K(3264K)
[457.067s][info][gc             ] GC(161) Pause Young (Allocation Failure) 6783M->4626M(6960M) 111.790ms
[457.067s][info][gc,cpu         ] GC(161) User=0.62s Sys=0.04s Real=0.11s
. (rIR:aIR:PR = 11692:11554:11558) (tPR = 168242) [OK] 
   457s:       trying IR =  11721 .[458.512s][info][gc,start       ] GC(162) Pause Young (Allocation Failure)
[458.612s][info][gc,heap        ] GC(162) PSYoungGen: 2525972K(2566656K)->154960K(2568192K) Eden: 2349056K(2349056K)->0K(2349056K) From: 176916K(217600K)->154960K(219136K)
[458.612s][info][gc,heap        ] GC(162) ParOldGen: 4560814K(4560896K)->4667390K(4667392K)
[458.612s][info][gc,metaspace   ] GC(162) Metaspace: 28948K(29248K)->28948K(29248K) NonClass: 25846K(25984K)->25846K(25984K) Class: 3102K(3264K)->3102K(3264K)
[458.612s][info][gc             ] GC(162) Pause Young (Allocation Failure) 6920M->4709M(7066M) 100.384ms
[458.612s][info][gc,cpu         ] GC(162) User=0.55s Sys=0.03s Real=0.10s
.[459.991s][info][gc,start       ] GC(163) Pause Young (Allocation Failure)
[460.091s][info][gc,heap        ] GC(163) PSYoungGen: 2504016K(2568192K)->152325K(2571264K) Eden: 2349056K(2349056K)->0K(2362880K) From: 154960K(219136K)->152325K(208384K)
[460.091s][info][gc,heap        ] GC(163) ParOldGen: 4667390K(4667392K)->4774094K(4774400K)
[460.091s][info][gc,metaspace   ] GC(163) Metaspace: 28948K(29248K)->28948K(29248K) NonClass: 25846K(25984K)->25846K(25984K) Class: 3102K(3264K)->3102K(3264K)
[460.091s][info][gc             ] GC(163) Pause Young (Allocation Failure) 7003M->4810M(7173M) 99.992ms
[460.091s][info][gc,cpu         ] GC(163) User=0.55s Sys=0.04s Real=0.10s
..[461.389s][info][gc,start       ] GC(164) Pause Young (Allocation Failure)
[461.493s][info][gc,heap        ] GC(164) PSYoungGen: 2515205K(2571264K)->173024K(2572288K) Eden: 2362880K(2362880K)->0K(2362880K) From: 152325K(208384K)->173024K(209408K)
[461.493s][info][gc,heap        ] GC(164) ParOldGen: 4774094K(4774400K)->4870758K(4871168K)
[461.493s][info][gc,metaspace   ] GC(164) Metaspace: 28948K(29248K)->28948K(29248K) NonClass: 25846K(25984K)->25846K(25984K) Class: 3102K(3264K)->3102K(3264K)
[461.493s][info][gc             ] GC(164) Pause Young (Allocation Failure) 7118M->4925M(7269M) 104.396ms
[461.493s][info][gc,cpu         ] GC(164) User=0.59s Sys=0.02s Real=0.10s
.[462.913s][info][gc,start       ] GC(165) Pause Young (Allocation Failure)
[463.017s][info][gc,heap        ] GC(165) PSYoungGen: 2535904K(2572288K)->154880K(2577920K) Eden: 2362880K(2362880K)->0K(2376704K) From: 173024K(209408K)->154880K(201216K)
[463.017s][info][gc,heap        ] GC(165) ParOldGen: 4870758K(4871168K)->4979558K(4979712K)
[463.017s][info][gc,metaspace   ] GC(165) Metaspace: 28948K(29248K)->28948K(29248K) NonClass: 25846K(25984K)->25846K(25984K) Class: 3102K(3264K)->3102K(3264K)
[463.017s][info][gc             ] GC(165) Pause Young (Allocation Failure) 7233M->5014M(7380M) 103.915ms
[463.017s][info][gc,cpu         ] GC(165) User=0.58s Sys=0.03s Real=0.11s
. (rIR:aIR:PR = 11721:11526:11527) (tPR = 168242) [OK] 
   463s:       trying IR =  11755 [464.351s][info][gc,start       ] GC(166) Pause Young (Allocation Failure)
[464.458s][info][gc,heap        ] GC(166) PSYoungGen: 2531584K(2577920K)->172356K(2582016K) Eden: 2376704K(2376704K)->0K(2376704K) From: 154880K(201216K)->172356K(205312K)
[464.458s][info][gc,heap        ] GC(166) ParOldGen: 4979558K(4979712K)->5081934K(5082112K)
[464.458s][info][gc,metaspace   ] GC(166) Metaspace: 28951K(29248K)->28951K(29248K) NonClass: 25849K(25984K)->25849K(25984K) Class: 3102K(3264K)->3102K(3264K)
[464.458s][info][gc             ] GC(166) Pause Young (Allocation Failure) 7335M->5131M(7484M) 107.664ms
[464.458s][info][gc,cpu         ] GC(166) User=0.61s Sys=0.02s Real=0.11s
..[465.840s][info][gc,start       ] GC(167) Pause Young (Allocation Failure)
[465.943s][info][gc,heap        ] GC(167) PSYoungGen: 2549060K(2582016K)->158864K(2583040K) Eden: 2376704K(2376704K)->0K(2384896K) From: 172356K(205312K)->158864K(198144K)
[465.943s][info][gc,heap        ] GC(167) ParOldGen: 5081934K(5082112K)->5188782K(5189120K)
[465.943s][info][gc,metaspace   ] GC(167) Metaspace: 28951K(29248K)->28951K(29248K) NonClass: 25849K(25984K)->25849K(25984K) Class: 3102K(3264K)->3102K(3264K)
[465.943s][info][gc             ] GC(167) Pause Young (Allocation Failure) 7452M->5222M(7590M) 103.642ms
[465.943s][info][gc,cpu         ] GC(167) User=0.57s Sys=0.04s Real=0.11s
.[467.302s][info][gc,start       ] GC(168) Pause Young (Allocation Failure)
[467.411s][info][gc,heap        ] GC(168) PSYoungGen: 2543760K(2583040K)->173536K(2586624K) Eden: 2384896K(2384896K)->0K(2384896K) From: 158864K(198144K)->173536K(201728K)
[467.411s][info][gc,heap        ] GC(168) ParOldGen: 5188782K(5189120K)->5289214K(5289472K)
[467.411s][info][gc,metaspace   ] GC(168) Metaspace: 28951K(29248K)->28951K(29248K) NonClass: 25849K(25984K)->25849K(25984K) Class: 3102K(3264K)->3102K(3264K)
[467.411s][info][gc             ] GC(168) Pause Young (Allocation Failure) 7551M->5334M(7691M) 108.942ms
[467.411s][info][gc,cpu         ] GC(168) User=0.61s Sys=0.03s Real=0.11s
.. (rIR:aIR:PR = 11755:11532:11699) (tPR = 176319) [OK] 
   468s:       trying IR =  11797 [468.804s][info][gc,start       ] GC(169) Pause Young (Allocation Failure)
[468.911s][info][gc,heap        ] GC(169) PSYoungGen: 2558432K(2586624K)->159856K(2587648K) Eden: 2384896K(2384896K)->0K(2392064K) From: 173536K(201728K)->159856K(195584K)
[468.911s][info][gc,heap        ] GC(169) ParOldGen: 5289214K(5289472K)->5397646K(5398016K)
[468.911s][info][gc,metaspace   ] GC(169) Metaspace: 28951K(29248K)->28951K(29248K) NonClass: 25849K(25984K)->25849K(25984K) Class: 3102K(3264K)->3102K(3264K)
[468.911s][info][gc             ] GC(169) Pause Young (Allocation Failure) 7663M->5427M(7798M) 106.763ms
[468.911s][info][gc,cpu         ] GC(169) User=0.58s Sys=0.04s Real=0.10s
.[470.262s][info][gc,start       ] GC(170) Pause Young (Allocation Failure)
[470.362s][info][gc,heap        ] GC(170) PSYoungGen: 2551920K(2587648K)->163424K(2590720K) Eden: 2392064K(2392064K)->0K(2392064K) From: 159856K(195584K)->163424K(198656K)
[470.362s][info][gc,heap        ] GC(170) ParOldGen: 5397646K(5398016K)->5498534K(5498880K)
[470.362s][info][gc,metaspace   ] GC(170) Metaspace: 28951K(29248K)->28951K(29248K) NonClass: 25849K(25984K)->25849K(25984K) Class: 3102K(3264K)->3102K(3264K)
[470.362s][info][gc             ] GC(170) Pause Young (Allocation Failure) 7763M->5529M(7900M) 100.339ms
[470.362s][info][gc,cpu         ] GC(170) User=0.56s Sys=0.04s Real=0.10s
..[471.806s][info][gc,start       ] GC(171) Pause Full (Allocation Failure)
[471.806s][info][gc,phases,start] GC(171) Marking Phase
[472.118s][info][gc,phases      ] GC(171) Marking Phase 312.291ms
[472.118s][info][gc,phases,start] GC(171) Summary Phase
[472.119s][info][gc,phases      ] GC(171) Summary Phase 0.099ms
[472.119s][info][gc,phases,start] GC(171) Forward
[472.255s][info][gc,phases      ] GC(171) Forward 136.715ms
[472.255s][info][gc,phases,start] GC(171) Adjust Pointers
[472.488s][info][gc,phases      ] GC(171) Adjust Pointers 232.610ms
[472.488s][info][gc,phases,start] GC(171) Compaction Phase
[472.674s][info][gc,phases      ] GC(171) Compaction Phase 185.878ms
[472.676s][info][gc,phases,start] GC(171) Post Compact
[472.683s][info][gc,phases      ] GC(171) Post Compact 6.954ms
[472.800s][info][gc,heap        ] GC(171) PSYoungGen: 2555488K(2590720K)->0K(2597376K) Eden: 2392064K(2392064K)->0K(2401792K) From: 163424K(198656K)->0K(195584K)
[472.800s][info][gc,heap        ] GC(171) ParOldGen: 5498534K(5498880K)->1608578K(1823744K)
[472.800s][info][gc,metaspace   ] GC(171) Metaspace: 28952K(29248K)->28952K(29248K) NonClass: 25849K(25984K)->25849K(25984K) Class: 3102K(3264K)->3102K(3264K)
[472.800s][info][gc             ] GC(171) Pause Full (Allocation Failure) 7865M->1570M(4317M) 994.369ms
[472.801s][info][gc,cpu         ] GC(171) User=4.87s Sys=0.12s Real=0.99s
.[474.056s][info][gc,start       ] GC(172) Pause Young (Allocation Failure)
[474.128s][info][gc,heap        ] GC(172) PSYoungGen: 2401792K(2597376K)->173669K(2597376K) Eden: 2401792K(2401792K)->0K(2401792K) From: 0K(195584K)->173669K(195584K)
[474.128s][info][gc,heap        ] GC(172) ParOldGen: 1608578K(1823744K)->1608578K(1823744K)
[474.128s][info][gc,metaspace   ] GC(172) Metaspace: 28952K(29248K)->28952K(29248K) NonClass: 25849K(25984K)->25849K(25984K) Class: 3102K(3264K)->3102K(3264K)
[474.128s][info][gc             ] GC(172) Pause Young (Allocation Failure) 3916M->1740M(4317M) 71.937ms
[474.128s][info][gc,cpu         ] GC(172) User=0.43s Sys=0.00s Real=0.07s
..[475.492s][info][gc,start       ] GC(173) Pause Young (Allocation Failure)
[475.644s][info][gc,heap        ] GC(173) PSYoungGen: 2575461K(2597376K)->169317K(2599424K) Eden: 2401792K(2401792K)->0K(2402816K) From: 173669K(195584K)->169317K(196608K)
[475.644s][info][gc,heap        ] GC(173) ParOldGen: 1608578K(1823744K)->1720431K(1823744K)
[475.644s][info][gc,metaspace   ] GC(173) Metaspace: 28952K(29248K)->28952K(29248K) NonClass: 25849K(25984K)->25849K(25984K) Class: 3102K(3264K)->3102K(3264K)
[475.644s][info][gc             ] GC(173) Pause Young (Allocation Failure) 4085M->1845M(4319M) 151.955ms
[475.644s][info][gc,cpu         ] GC(173) User=0.60s Sys=0.02s Real=0.16s
.[476.925s][info][gc,start       ] GC(174) Pause Young (Allocation Failure)
[477.028s][info][gc,heap        ] GC(174) PSYoungGen: 2572133K(2599424K)->172665K(2598912K) Eden: 2402816K(2402816K)->0K(2402816K) From: 169317K(196608K)->172665K(196096K)
[477.028s][info][gc,heap        ] GC(174) ParOldGen: 1720431K(1823744K)->1823191K(1823744K)
[477.028s][info][gc,metaspace   ] GC(174) Metaspace: 28962K(29248K)->28962K(29248K) NonClass: 25860K(25984K)->25860K(25984K) Class: 3102K(3264K)->3102K(3264K)
[477.028s][info][gc             ] GC(174) Pause Young (Allocation Failure) 4191M->1949M(4319M) 102.398ms
[477.028s][info][gc,cpu         ] GC(174) User=0.60s Sys=0.00s Real=0.10s
.[478.364s][info][gc,start       ] GC(175) Pause Young (Allocation Failure)
[478.469s][info][gc,heap        ] GC(175) PSYoungGen: 2575481K(2598912K)->172560K(2599424K) Eden: 2402816K(2402816K)->0K(2403328K) From: 172665K(196096K)->172560K(196096K)
[478.469s][info][gc,heap        ] GC(175) ParOldGen: 1823191K(1823744K)->1928999K(1929216K)
[478.469s][info][gc,metaspace   ] GC(175) Metaspace: 28962K(29248K)->28962K(29248K) NonClass: 25860K(25984K)->25860K(25984K) Class: 3102K(3264K)->3102K(3264K)
[478.469s][info][gc             ] GC(175) Pause Young (Allocation Failure) 4295M->2052M(4422M) 105.446ms
[478.469s][info][gc,cpu         ] GC(175) User=0.60s Sys=0.02s Real=0.10s
.[479.814s][info][gc,start       ] GC(176) Pause Young (Allocation Failure)
[479.920s][info][gc,heap        ] GC(176) PSYoungGen: 2575888K(2599424K)->182112K(2585600K) Eden: 2403328K(2403328K)->0K(2403328K) From: 172560K(196096K)->182112K(182272K)
[479.920s][info][gc,heap        ] GC(176) ParOldGen: 1928999K(1929216K)->2033807K(2034176K)
[479.920s][info][gc,metaspace   ] GC(176) Metaspace: 28962K(29248K)->28962K(29248K) NonClass: 25860K(25984K)->25860K(25984K) Class: 3102K(3264K)->3102K(3264K)
[479.920s][info][gc             ] GC(176) Pause Young (Allocation Failure) 4399M->2163M(4511M) 106.698ms
[479.920s][info][gc,cpu         ] GC(176) User=0.60s Sys=0.03s Real=0.10s
..[481.277s][info][gc,start       ] GC(177) Pause Young (Allocation Failure)
[481.377s][info][gc,heap        ] GC(177) PSYoungGen: 2585440K(2585600K)->159648K(2598912K) Eden: 2403328K(2403328K)->0K(2399744K) From: 182112K(182272K)->159648K(199168K)
[481.377s][info][gc,heap        ] GC(177) ParOldGen: 2033807K(2034176K)->2145415K(2145792K)
[481.377s][info][gc,metaspace   ] GC(177) Metaspace: 28964K(29248K)->28964K(29248K) NonClass: 25861K(25984K)->25861K(25984K) Class: 3102K(3264K)->3102K(3264K)
[481.377s][info][gc             ] GC(177) Pause Young (Allocation Failure) 4510M->2251M(4633M) 100.909ms
[481.378s][info][gc,cpu         ] GC(177) User=0.57s Sys=0.03s Real=0.10s
.[482.677s][info][gc,start       ] GC(178) Pause Young (Allocation Failure)
[482.773s][info][gc,heap        ] GC(178) PSYoungGen: 2559392K(2598912K)->159008K(2558976K) Eden: 2399744K(2399744K)->0K(2399744K) From: 159648K(199168K)->159008K(159232K)
[482.773s][info][gc,heap        ] GC(178) ParOldGen: 2145415K(2145792K)->2241695K(2242048K)
[482.773s][info][gc,metaspace   ] GC(178) Metaspace: 28964K(29248K)->28964K(29248K) NonClass: 25861K(25984K)->25861K(25984K) Class: 3102K(3264K)->3102K(3264K)
[482.773s][info][gc             ] GC(178) Pause Young (Allocation Failure) 4594M->2344M(4688M) 95.767ms
[482.773s][info][gc,cpu         ] GC(178) User=0.52s Sys=0.03s Real=0.09s
.[484.131s][info][gc,start       ] GC(179) Pause Young (Allocation Failure)
[484.237s][info][gc,heap        ] GC(179) PSYoungGen: 2558752K(2558976K)->170073K(2596864K) Eden: 2399744K(2399744K)->0K(2401280K) From: 159008K(159232K)->170073K(195584K)
[484.237s][info][gc,heap        ] GC(179) ParOldGen: 2241695K(2242048K)->2352263K(2352640K)
[484.237s][info][gc,metaspace   ] GC(179) Metaspace: 28964K(29248K)->28964K(29248K) NonClass: 25861K(25984K)->25861K(25984K) Class: 3102K(3264K)->3102K(3264K)
[484.237s][info][gc             ] GC(179) Pause Young (Allocation Failure) 4687M->2463M(4833M) 105.708ms
[484.237s][info][gc,cpu         ] GC(179) User=0.59s Sys=0.04s Real=0.11s
.[485.538s][info][gc,start       ] GC(180) Pause Young (Allocation Failure)
[485.682s][info][gc,heap        ] GC(180) PSYoungGen: 2571353K(2596864K)->155936K(2595328K) Eden: 2401280K(2401280K)->0K(2401280K) From: 170073K(195584K)->155936K(194048K)
[485.682s][info][gc,heap        ] GC(180) ParOldGen: 2352263K(2352640K)->2450207K(2450432K)
[485.682s][info][gc,metaspace   ] GC(180) Metaspace: 28964K(29248K)->28964K(29248K) NonClass: 25861K(25984K)->25861K(25984K) Class: 3102K(3264K)->3102K(3264K)
[485.682s][info][gc             ] GC(180) Pause Young (Allocation Failure) 4808M->2545M(4927M) 143.754ms
[485.682s][info][gc,cpu         ] GC(180) User=0.54s Sys=0.03s Real=0.14s
..[487.017s][info][gc,start       ] GC(181) Pause Young (Allocation Failure)
[487.127s][info][gc,heap        ] GC(181) PSYoungGen: 2557216K(2595328K)->164896K(2599424K) Eden: 2401280K(2401280K)->0K(2408960K) From: 155936K(194048K)->164896K(190464K)
[487.127s][info][gc,heap        ] GC(181) ParOldGen: 2450207K(2450432K)->2560631K(2561024K)
[487.127s][info][gc,metaspace   ] GC(181) Metaspace: 28964K(29248K)->28964K(29248K) NonClass: 25861K(25984K)->25861K(25984K) Class: 3102K(3264K)->3102K(3264K)
[487.127s][info][gc             ] GC(181) Pause Young (Allocation Failure) 4890M->2661M(5039M) 109.794ms
[487.127s][info][gc,cpu         ] GC(181) User=0.60s Sys=0.04s Real=0.11s
.[488.419s][info][gc,start       ] GC(182) Pause Young (Allocation Failure)
[488.526s][info][gc,heap        ] GC(182) PSYoungGen: 2573856K(2599424K)->182501K(2599424K) Eden: 2408960K(2408960K)->0K(2408960K) From: 164896K(190464K)->182501K(190464K)
[488.526s][info][gc,heap        ] GC(182) ParOldGen: 2560631K(2561024K)->2661287K(2661376K)
[488.526s][info][gc,metaspace   ] GC(182) Metaspace: 28964K(29248K)->28964K(29248K) NonClass: 25861K(25984K)->25861K(25984K) Class: 3102K(3264K)->3102K(3264K)
[488.526s][info][gc             ] GC(182) Pause Young (Allocation Failure) 5014M->2777M(5137M) 107.051ms
[488.526s][info][gc,cpu         ] GC(182) User=0.60s Sys=0.04s Real=0.11s
. (rIR:aIR:PR = 11797:11417:11282) (tPR = 165063) [OK] 
   488s:       trying IR =  11847 [489.946s][info][gc,start       ] GC(183) Pause Young (Allocation Failure)
[490.052s][info][gc,heap        ] GC(183) PSYoungGen: 2591461K(2599424K)->166800K(2602496K) Eden: 2408960K(2408960K)->0K(2409984K) From: 182501K(190464K)->166800K(192512K)
[490.052s][info][gc,heap        ] GC(183) ParOldGen: 2661287K(2661376K)->2776103K(2776576K)
[490.052s][info][gc,metaspace   ] GC(183) Metaspace: 28964K(29248K)->28964K(29248K) NonClass: 25861K(25984K)->25861K(25984K) Class: 3102K(3264K)->3102K(3264K)
[490.052s][info][gc             ] GC(183) Pause Young (Allocation Failure) 5129M->2873M(5253M) 106.269ms
[490.052s][info][gc,cpu         ] GC(183) User=0.59s Sys=0.04s Real=0.10s
..[491.376s][info][gc,start       ] GC(184) Pause Young (Allocation Failure)
[491.478s][info][gc,heap        ] GC(184) PSYoungGen: 2576784K(2602496K)->171040K(2601472K) Eden: 2409984K(2409984K)->0K(2409984K) From: 166800K(192512K)->171040K(191488K)
[491.478s][info][gc,heap        ] GC(184) ParOldGen: 2776103K(2776576K)->2874239K(2874368K)
[491.478s][info][gc,metaspace   ] GC(184) Metaspace: 28964K(29248K)->28964K(29248K) NonClass: 25861K(25984K)->25861K(25984K) Class: 3102K(3264K)->3102K(3264K)
[491.478s][info][gc             ] GC(184) Pause Young (Allocation Failure) 5227M->2973M(5347M) 102.226ms
[491.478s][info][gc,cpu         ] GC(184) User=0.57s Sys=0.04s Real=0.10s
.[492.808s][info][gc,start       ] GC(185) Pause Young (Allocation Failure)
[492.910s][info][gc,heap        ] GC(185) PSYoungGen: 2581024K(2601472K)->168832K(2601984K) Eden: 2409984K(2409984K)->0K(2413568K) From: 171040K(191488K)->168832K(188416K)
[492.910s][info][gc,heap        ] GC(185) ParOldGen: 2874239K(2874368K)->2977559K(2977792K)
[492.910s][info][gc,metaspace   ] GC(185) Metaspace: 28964K(29248K)->28964K(29248K) NonClass: 25861K(25984K)->25861K(25984K) Class: 3102K(3264K)->3102K(3264K)
[492.910s][info][gc             ] GC(185) Pause Young (Allocation Failure) 5327M->3072M(5449M) 102.380ms
[492.910s][info][gc,cpu         ] GC(185) User=0.57s Sys=0.03s Real=0.10s
.[494.294s][info][gc,start       ] GC(186) Pause Young (Allocation Failure)
[494.399s][info][gc,heap        ] GC(186) PSYoungGen: 2582400K(2601984K)->165459K(2602496K) Eden: 2413568K(2413568K)->0K(2413568K) From: 168832K(188416K)->165459K(188928K)
[494.399s][info][gc,heap        ] GC(186) ParOldGen: 2977559K(2977792K)->3088079K(3088384K)
[494.399s][info][gc,metaspace   ] GC(186) Metaspace: 28964K(29248K)->28964K(29248K) NonClass: 25861K(25984K)->25861K(25984K) Class: 3102K(3264K)->3102K(3264K)
[494.399s][info][gc             ] GC(186) Pause Young (Allocation Failure) 5429M->3177M(5557M) 105.396ms
[494.399s][info][gc,cpu         ] GC(186) User=0.59s Sys=0.03s Real=0.10s
.. (rIR:aIR:PR = 11847:12361:12239) (tPR = 175805) [OK] 
   495s:       trying IR =  11906 [495.778s][info][gc,start       ] GC(187) Pause Young (Allocation Failure)
[495.881s][info][gc,heap        ] GC(187) PSYoungGen: 2579027K(2602496K)->167921K(2604032K) Eden: 2413568K(2413568K)->0K(2419712K) From: 165459K(188928K)->167921K(184320K)
[495.881s][info][gc,heap        ] GC(187) ParOldGen: 3088079K(3088384K)->3190903K(3191296K)
[495.881s][info][gc,metaspace   ] GC(187) Metaspace: 28964K(29248K)->28964K(29248K) NonClass: 25861K(25984K)->25861K(25984K) Class: 3102K(3264K)->3102K(3264K)
[495.881s][info][gc             ] GC(187) Pause Young (Allocation Failure) 5534M->3280M(5659M) 103.730ms
[495.881s][info][gc,cpu         ] GC(187) User=0.57s Sys=0.03s Real=0.10s
.[497.317s][info][gc,start       ] GC(188) Pause Young (Allocation Failure)
[497.426s][info][gc,heap        ] GC(188) PSYoungGen: 2587633K(2604032K)->173460K(2605056K) Eden: 2419712K(2419712K)->0K(2419712K) From: 167921K(184320K)->173460K(185344K)
[497.426s][info][gc,heap        ] GC(188) ParOldGen: 3190903K(3191296K)->3298391K(3298816K)
[497.426s][info][gc,metaspace   ] GC(188) Metaspace: 28964K(29248K)->28964K(29248K) NonClass: 25861K(25984K)->25861K(25984K) Class: 3102K(3264K)->3102K(3264K)
[497.426s][info][gc             ] GC(188) Pause Young (Allocation Failure) 5643M->3390M(5765M) 109.406ms
[497.426s][info][gc,cpu         ] GC(188) User=0.61s Sys=0.03s Real=0.11s
..[498.767s][info][gc,start       ] GC(189) Pause Young (Allocation Failure)
[498.869s][info][gc,heap        ] GC(189) PSYoungGen: 2593172K(2605056K)->164500K(2608640K) Eden: 2419712K(2419712K)->0K(2424320K) From: 173460K(185344K)->164500K(184320K)
[498.869s][info][gc,heap        ] GC(189) ParOldGen: 3298391K(3298816K)->3400159K(3400192K)
[498.869s][info][gc,metaspace   ] GC(189) Metaspace: 28964K(29248K)->28964K(29248K) NonClass: 25861K(25984K)->25861K(25984K) Class: 3102K(3264K)->3102K(3264K)
[498.869s][info][gc             ] GC(189) Pause Young (Allocation Failure) 5753M->3481M(5868M) 101.633ms
[498.869s][info][gc,cpu         ] GC(189) User=0.57s Sys=0.03s Real=0.10s
.[500.217s][info][gc,start       ] GC(190) Pause Young (Allocation Failure)
[500.325s][info][gc,heap        ] GC(190) PSYoungGen: 2588820K(2608640K)->176944K(2609152K) Eden: 2424320K(2424320K)->0K(2424320K) From: 164500K(184320K)->176944K(184832K)
[500.325s][info][gc,heap        ] GC(190) ParOldGen: 3400159K(3400192K)->3507639K(3507712K)
[500.325s][info][gc,metaspace   ] GC(190) Metaspace: 28964K(29248K)->28964K(29248K) NonClass: 25861K(25984K)->25861K(25984K) Class: 3102K(3264K)->3102K(3264K)
[500.325s][info][gc             ] GC(190) Pause Young (Allocation Failure) 5848M->3598M(5973M) 108.306ms
[500.325s][info][gc,cpu         ] GC(190) User=0.59s Sys=0.04s Real=0.11s
. (rIR:aIR:PR = 11906:11813:11815) (tPR = 182659) [OK] 
   500s:       trying IR =  11978 [501.768s][info][gc,start       ] GC(191) Pause Young (Allocation Failure)
[501.869s][info][gc,heap        ] GC(191) PSYoungGen: 2601264K(2609152K)->161056K(2610176K) Eden: 2424320K(2424320K)->0K(2423296K) From: 176944K(184832K)->161056K(186880K)
[501.870s][info][gc,heap        ] GC(191) ParOldGen: 3507639K(3507712K)->3614463K(3614720K)
[501.870s][info][gc,metaspace   ] GC(191) Metaspace: 28964K(29248K)->28964K(29248K) NonClass: 25862K(25984K)->25862K(25984K) Class: 3102K(3264K)->3102K(3264K)
[501.870s][info][gc             ] GC(191) Pause Young (Allocation Failure) 5965M->3687M(6079M) 101.446ms
[501.870s][info][gc,cpu         ] GC(191) User=0.57s Sys=0.04s Real=0.10s
..[503.266s][info][gc,start       ] GC(192) Pause Young (Allocation Failure)
[503.375s][info][gc,heap        ] GC(192) PSYoungGen: 2584352K(2610176K)->177311K(2600960K) Eden: 2423296K(2423296K)->0K(2423296K) From: 161056K(186880K)->177311K(177664K)
[503.375s][info][gc,heap        ] GC(192) ParOldGen: 3614463K(3614720K)->3719535K(3719680K)
[503.375s][info][gc,metaspace   ] GC(192) Metaspace: 28964K(29248K)->28964K(29248K) NonClass: 25862K(25984K)->25862K(25984K) Class: 3102K(3264K)->3102K(3264K)
[503.375s][info][gc             ] GC(192) Pause Young (Allocation Failure) 6053M->3805M(6172M) 108.959ms
[503.375s][info][gc,cpu         ] GC(192) User=0.62s Sys=0.03s Real=0.11s
.[504.778s][info][gc,start       ] GC(193) Pause Young (Allocation Failure)
[504.887s][info][gc,heap        ] GC(193) PSYoungGen: 2600607K(2600960K)->175060K(2607104K) Eden: 2423296K(2423296K)->0K(2419200K) From: 177311K(177664K)->175060K(187904K)
[504.887s][info][gc,heap        ] GC(193) ParOldGen: 3719535K(3719680K)->3825575K(3825664K)
[504.887s][info][gc,metaspace   ] GC(193) Metaspace: 28964K(29248K)->28964K(29248K) NonClass: 25862K(25984K)->25862K(25984K) Class: 3102K(3264K)->3102K(3264K)
[504.887s][info][gc             ] GC(193) Pause Young (Allocation Failure) 6172M->3906M(6282M) 109.646ms
[504.887s][info][gc,cpu         ] GC(193) User=0.63s Sys=0.02s Real=0.11s
. (rIR:aIR:PR = 11978:11988:11516) (tPR = 167717) [OK] 
   504s:       trying IR =  12064 .[506.295s][info][gc,start       ] GC(194) Pause Young (Allocation Failure)
[506.410s][info][gc,heap        ] GC(194) PSYoungGen: 2594260K(2607104K)->183929K(2603520K) Eden: 2419200K(2419200K)->0K(2419200K) From: 175060K(187904K)->183929K(184320K)
[506.410s][info][gc,heap        ] GC(194) ParOldGen: 3825575K(3825664K)->3929495K(3929600K)
[506.410s][info][gc,metaspace   ] GC(194) Metaspace: 28964K(29248K)->28964K(29248K) NonClass: 25862K(25984K)->25862K(25984K) Class: 3102K(3264K)->3102K(3264K)
[506.410s][info][gc             ] GC(194) Pause Young (Allocation Failure) 6269M->4017M(6380M) 114.557ms
[506.410s][info][gc,cpu         ] GC(194) User=0.64s Sys=0.03s Real=0.11s
.[507.765s][info][gc,start       ] GC(195) Pause Young (Allocation Failure)
[507.865s][info][gc,heap        ] GC(195) PSYoungGen: 2603129K(2603520K)->157184K(2604032K) Eden: 2419200K(2419200K)->0K(2412032K) From: 183929K(184320K)->157184K(192000K)
[507.865s][info][gc,heap        ] GC(195) ParOldGen: 3929495K(3929600K)->4036223K(4036608K)
[507.865s][info][gc,metaspace   ] GC(195) Metaspace: 28964K(29248K)->28964K(29248K) NonClass: 25862K(25984K)->25862K(25984K) Class: 3102K(3264K)->3102K(3264K)
[507.865s][info][gc             ] GC(195) Pause Young (Allocation Failure) 6379M->4095M(6485M) 99.990ms
[507.865s][info][gc,cpu         ] GC(195) User=0.55s Sys=0.03s Real=0.10s
.[509.209s][info][gc,start       ] GC(196) Pause Young (Allocation Failure)
[509.317s][info][gc,heap        ] GC(196) PSYoungGen: 2569216K(2604032K)->171936K(2584064K) Eden: 2412032K(2412032K)->0K(2412032K) From: 157184K(192000K)->171936K(172032K)
[509.317s][info][gc,heap        ] GC(196) ParOldGen: 4036223K(4036608K)->4143055K(4143104K)
[509.317s][info][gc,metaspace   ] GC(196) Metaspace: 28964K(29248K)->28964K(29248K) NonClass: 25862K(25984K)->25862K(25984K) Class: 3102K(3264K)->3102K(3264K)
[509.317s][info][gc             ] GC(196) Pause Young (Allocation Failure) 6450M->4213M(6569M) 107.734ms
[509.317s][info][gc,cpu         ] GC(196) User=0.60s Sys=0.04s Real=0.11s
..[510.697s][info][gc,start       ] GC(197) Pause Young (Allocation Failure)
[510.808s][info][gc,heap        ] GC(197) PSYoungGen: 2583968K(2584064K)->173244K(2604032K) Eden: 2412032K(2412032K)->0K(2413056K) From: 171936K(172032K)->173244K(190976K)
[510.808s][info][gc,heap        ] GC(197) ParOldGen: 4143055K(4143104K)->4252095K(4252160K)
[510.808s][info][gc,metaspace   ] GC(197) Metaspace: 28964K(29248K)->28964K(29248K) NonClass: 25862K(25984K)->25862K(25984K) Class: 3102K(3264K)->3102K(3264K)
[510.808s][info][gc             ] GC(197) Pause Young (Allocation Failure) 6569M->4321M(6695M) 111.893ms
[510.808s][info][gc,cpu         ] GC(197) User=0.61s Sys=0.05s Real=0.11s
. (rIR:aIR:PR = 12064:11749:11750) (tPR = 169152) [OK] 
   511s:       trying IR =  12167 [512.210s][info][gc,start       ] GC(198) Pause Young (Allocation Failure)
[512.316s][info][gc,heap        ] GC(198) PSYoungGen: 2586300K(2604032K)->168672K(2603008K) Eden: 2413056K(2413056K)->0K(2413056K) From: 173244K(190976K)->168672K(189952K)
[512.316s][info][gc,heap        ] GC(198) ParOldGen: 4252095K(4252160K)->4358287K(4358656K)
[512.316s][info][gc,metaspace   ] GC(198) Metaspace: 28964K(29248K)->28964K(29248K) NonClass: 25862K(25984K)->25862K(25984K) Class: 3102K(3264K)->3102K(3264K)
[512.316s][info][gc             ] GC(198) Pause Young (Allocation Failure) 6678M->4420M(6798M) 105.184ms
[512.316s][info][gc,cpu         ] GC(198) User=0.59s Sys=0.03s Real=0.11s
.[513.655s][info][gc,start       ] GC(199) Pause Young (Allocation Failure)
[513.764s][info][gc,heap        ] GC(199) PSYoungGen: 2581728K(2603008K)->159225K(2603520K) Eden: 2413056K(2413056K)->0K(2415104K) From: 168672K(189952K)->159225K(188416K)
[513.764s][info][gc,heap        ] GC(199) ParOldGen: 4358287K(4358656K)->4466551K(4466688K)
[513.764s][info][gc,metaspace   ] GC(199) Metaspace: 28964K(29248K)->28964K(29248K) NonClass: 25862K(25984K)->25862K(25984K) Class: 3102K(3264K)->3102K(3264K)
[513.764s][info][gc             ] GC(199) Pause Young (Allocation Failure) 6777M->4517M(6904M) 109.329ms
[513.764s][info][gc,cpu         ] GC(199) User=0.60s Sys=0.04s Real=0.11s
.[514.052s][info][gc,start       ] GC(200) Pause Full (Diagnostic Command)
[514.052s][info][gc,phases,start] GC(200) Marking Phase
[514.354s][info][gc,phases      ] GC(200) Marking Phase 301.683ms
[514.354s][info][gc,phases,start] GC(200) Summary Phase
[514.354s][info][gc,phases      ] GC(200) Summary Phase 0.069ms
[514.354s][info][gc,phases,start] GC(200) Forward
[514.501s][info][gc,phases      ] GC(200) Forward 146.764ms
[514.501s][info][gc,phases,start] GC(200) Adjust Pointers
[514.731s][info][gc,phases      ] GC(200) Adjust Pointers 230.465ms
[514.731s][info][gc,phases,start] GC(200) Compaction Phase
[514.953s][info][gc,phases      ] GC(200) Compaction Phase 222.383ms
[514.956s][info][gc,phases,start] GC(200) Post Compact
[514.961s][info][gc,phases      ] GC(200) Post Compact 4.541ms
[514.961s][info][gc,heap        ] GC(200) PSYoungGen: 713675K(2603520K)->0K(2603520K) Eden: 554450K(2415104K)->0K(2415104K) From: 159225K(188416K)->0K(188416K)
[514.961s][info][gc,heap        ] GC(200) ParOldGen: 4466551K(4466688K)->1330713K(4466688K)
[514.961s][info][gc,metaspace   ] GC(200) Metaspace: 28964K(29248K)->28964K(29248K) NonClass: 25862K(25984K)->25862K(25984K) Class: 3102K(3264K)->3102K(3264K)
[514.961s][info][gc             ] GC(200) Pause Full (Diagnostic Command) 5058M->1299M(6904M) 908.738ms
[514.961s][info][gc,cpu         ] GC(200) User=4.92s Sys=0.00s Real=0.91s
..[516.355s][info][gc,start       ] GC(201) Pause Young (Allocation Failure)
[516.421s][info][gc,heap        ] GC(201) PSYoungGen: 2415104K(2603520K)->160832K(2603520K) Eden: 2415104K(2415104K)->0K(2415104K) From: 0K(188416K)->160832K(188416K)
[516.421s][info][gc,heap        ] GC(201) ParOldGen: 1330713K(4466688K)->1330713K(4466688K)
[516.421s][info][gc,metaspace   ] GC(201) Metaspace: 28964K(29248K)->28964K(29248K) NonClass: 25862K(25984K)->25862K(25984K) Class: 3102K(3264K)->3102K(3264K)
[516.421s][info][gc             ] GC(201) Pause Young (Allocation Failure) 3658M->1456M(6904M) 66.401ms
[516.421s][info][gc,cpu         ] GC(201) User=0.39s Sys=0.00s Real=0.06s
.[517.694s][info][gc,start       ] GC(202) Pause Young (Allocation Failure)
[517.797s][info][gc,heap        ] GC(202) PSYoungGen: 2575936K(2603520K)->181365K(2603008K) Eden: 2415104K(2415104K)->0K(2415104K) From: 160832K(188416K)->181365K(187904K)
[517.797s][info][gc,heap        ] GC(202) ParOldGen: 1330713K(4466688K)->1432649K(4466688K)
[517.797s][info][gc,metaspace   ] GC(202) Metaspace: 28964K(29248K)->28964K(29248K) NonClass: 25862K(25984K)->25862K(25984K) Class: 3102K(3264K)->3102K(3264K)
[517.797s][info][gc             ] GC(202) Pause Young (Allocation Failure) 3815M->1576M(6904M) 102.823ms
[517.797s][info][gc,cpu         ] GC(202) User=0.60s Sys=0.00s Real=0.10s
.[519.092s][info][gc,start       ] GC(203) Pause Young (Allocation Failure)
[519.189s][info][gc,heap        ] GC(203) PSYoungGen: 2596469K(2603008K)->160480K(2605568K) Eden: 2415104K(2415104K)->0K(2415104K) From: 181365K(187904K)->160480K(190464K)
[519.189s][info][gc,heap        ] GC(203) ParOldGen: 1432649K(4466688K)->1544569K(4466688K)
[519.189s][info][gc,metaspace   ] GC(203) Metaspace: 28964K(29248K)->28964K(29248K) NonClass: 25862K(25984K)->25862K(25984K) Class: 3102K(3264K)->3102K(3264K)
[519.189s][info][gc             ] GC(203) Pause Young (Allocation Failure) 3934M->1665M(6906M) 96.407ms
[519.189s][info][gc,cpu         ] GC(203) User=0.57s Sys=0.00s Real=0.10s
.[520.444s][info][gc,start       ] GC(204) Pause Young (Allocation Failure)
[520.543s][info][gc,heap        ] GC(204) PSYoungGen: 2575584K(2605568K)->172152K(2604032K) Eden: 2415104K(2415104K)->0K(2415616K) From: 160480K(190464K)->172152K(188416K)
[520.543s][info][gc,heap        ] GC(204) ParOldGen: 1544569K(4466688K)->1649761K(4466688K)
[520.543s][info][gc,metaspace   ] GC(204) Metaspace: 28964K(29248K)->28964K(29248K) NonClass: 25862K(25984K)->25862K(25984K) Class: 3102K(3264K)->3102K(3264K)
[520.543s][info][gc             ] GC(204) Pause Young (Allocation Failure) 4023M->1779M(6905M) 99.072ms
[520.543s][info][gc,cpu         ] GC(204) User=0.59s Sys=0.00s Real=0.09s
.[521.868s][info][gc,start       ] GC(205) Pause Young (Allocation Failure)
[521.970s][info][gc,heap        ] GC(205) PSYoungGen: 2587768K(2604032K)->174933K(2605056K) Eden: 2415616K(2415616K)->0K(2415616K) From: 172152K(188416K)->174933K(189440K)
[521.970s][info][gc,heap        ] GC(205) ParOldGen: 1649761K(4466688K)->1756609K(4466688K)
[521.970s][info][gc,metaspace   ] GC(205) Metaspace: 28964K(29248K)->28964K(29248K) NonClass: 25862K(25984K)->25862K(25984K) Class: 3102K(3264K)->3102K(3264K)
[521.970s][info][gc             ] GC(205) Pause Young (Allocation Failure) 4138M->1886M(6906M) 102.219ms
[521.970s][info][gc,cpu         ] GC(205) User=0.60s Sys=0.00s Real=0.10s
.[523.223s][info][gc,start       ] GC(206) Pause Young (Allocation Failure)
[523.318s][info][gc,heap        ] GC(206) PSYoungGen: 2590549K(2605056K)->166336K(2603520K) Eden: 2415616K(2415616K)->0K(2417152K) From: 174933K(189440K)->166336K(186368K)
[523.318s][info][gc,heap        ] GC(206) ParOldGen: 1756609K(4466688K)->1856689K(4466688K)
[523.318s][info][gc,metaspace   ] GC(206) Metaspace: 28964K(29248K)->28964K(29248K) NonClass: 25862K(25984K)->25862K(25984K) Class: 3102K(3264K)->3102K(3264K)
[523.318s][info][gc             ] GC(206) Pause Young (Allocation Failure) 4245M->1975M(6904M) 95.164ms
[523.318s][info][gc,cpu         ] GC(206) User=0.56s Sys=0.00s Real=0.10s
.[524.538s][info][gc,start       ] GC(207) Pause Young (Allocation Failure)
[524.688s][info][gc,heap        ] GC(207) PSYoungGen: 2583488K(2603520K)->176624K(2605056K) Eden: 2417152K(2417152K)->0K(2417152K) From: 166336K(186368K)->176624K(187904K)
[524.688s][info][gc,heap        ] GC(207) ParOldGen: 1856689K(4466688K)->1964369K(4466688K)
[524.688s][info][gc,metaspace   ] GC(207) Metaspace: 28964K(29248K)->28964K(29248K) NonClass: 25862K(25984K)->25862K(25984K) Class: 3102K(3264K)->3102K(3264K)
[524.688s][info][gc             ] GC(207) Pause Young (Allocation Failure) 4336M->2090M(6906M) 149.244ms
[524.688s][info][gc,cpu         ] GC(207) User=0.60s Sys=0.00s Real=0.15s
.[525.968s][info][gc,start       ] GC(208) Pause Young (Allocation Failure)
[526.062s][info][gc,heap        ] GC(208) PSYoungGen: 2593776K(2605056K)->160048K(2607104K) Eden: 2417152K(2417152K)->0K(2418176K) From: 176624K(187904K)->160048K(188928K)
[526.062s][info][gc,heap        ] GC(208) ParOldGen: 1964369K(4466688K)->2071577K(4466688K)
[526.062s][info][gc,metaspace   ] GC(208) Metaspace: 28964K(29248K)->28964K(29248K) NonClass: 25862K(25984K)->25862K(25984K) Class: 3102K(3264K)->3102K(3264K)
[526.062s][info][gc             ] GC(208) Pause Young (Allocation Failure) 4451M->2179M(6908M) 94.675ms
[526.062s][info][gc,cpu         ] GC(208) User=0.56s Sys=0.00s Real=0.09s
.[527.300s][info][gc,start       ] GC(209) Pause Young (Allocation Failure)
[527.402s][info][gc,heap        ] GC(209) PSYoungGen: 2578224K(2607104K)->176448K(2594816K) Eden: 2418176K(2418176K)->0K(2418176K) From: 160048K(188928K)->176448K(176640K)
[527.402s][info][gc,heap        ] GC(209) ParOldGen: 2071577K(4466688K)->2174265K(4466688K)
[527.402s][info][gc,metaspace   ] GC(209) Metaspace: 28964K(29248K)->28964K(29248K) NonClass: 25862K(25984K)->25862K(25984K) Class: 3102K(3264K)->3102K(3264K)
[527.402s][info][gc             ] GC(209) Pause Young (Allocation Failure) 4540M->2295M(6896M) 102.330ms
[527.402s][info][gc,cpu         ] GC(209) User=0.61s Sys=0.00s Real=0.10s
.[528.655s][info][gc,start       ] GC(210) Pause Young (Allocation Failure)
[528.754s][info][gc,heap        ] GC(210) PSYoungGen: 2594624K(2594816K)->165918K(2607616K) Eden: 2418176K(2418176K)->0K(2418176K) From: 176448K(176640K)->165918K(189440K)
[528.754s][info][gc,heap        ] GC(210) ParOldGen: 2174265K(4466688K)->2280265K(4466688K)
[528.754s][info][gc,metaspace   ] GC(210) Metaspace: 28964K(29248K)->28964K(29248K) NonClass: 25862K(25984K)->25862K(25984K) Class: 3102K(3264K)->3102K(3264K)
[528.754s][info][gc             ] GC(210) Pause Young (Allocation Failure) 4657M->2388M(6908M) 98.410ms
[528.754s][info][gc,cpu         ] GC(210) User=0.58s Sys=0.00s Real=0.10s
. (rIR:aIR:PR = 12167:11835:11840) (tPR = 173753) [OK] 
   528s:       trying IR =  12291 .[530.087s][info][gc,start       ] GC(211) Pause Young (Allocation Failure)
[530.180s][info][gc,heap        ] GC(211) PSYoungGen: 2584094K(2607616K)->153120K(2606592K) Eden: 2418176K(2418176K)->0K(2418176K) From: 165918K(189440K)->153120K(188416K)
[530.180s][info][gc,heap        ] GC(211) ParOldGen: 2280265K(4466688K)->2394321K(4466688K)
[530.180s][info][gc,metaspace   ] GC(211) Metaspace: 28964K(29248K)->28964K(29248K) NonClass: 25862K(25984K)->25862K(25984K) Class: 3102K(3264K)->3102K(3264K)
[530.180s][info][gc             ] GC(211) Pause Young (Allocation Failure) 4750M->2487M(6907M) 92.729ms
[530.180s][info][gc,cpu         ] GC(211) User=0.55s Sys=0.00s Real=0.09s
.[531.400s][info][gc,start       ] GC(212) Pause Young (Allocation Failure)
[531.503s][info][gc,heap        ] GC(212) PSYoungGen: 2571296K(2606592K)->184069K(2598912K) Eden: 2418176K(2418176K)->0K(2409984K) From: 153120K(188416K)->184069K(188928K)
[531.503s][info][gc,heap        ] GC(212) ParOldGen: 2394321K(4466688K)->2492785K(4466688K)
[531.503s][info][gc,metaspace   ] GC(212) Metaspace: 28965K(29248K)->28965K(29248K) NonClass: 25863K(25984K)->25863K(25984K) Class: 3102K(3264K)->3102K(3264K)
[531.503s][info][gc             ] GC(212) Pause Young (Allocation Failure) 4849M->2614M(6900M) 103.713ms
[531.503s][info][gc,cpu         ] GC(212) User=0.62s Sys=0.00s Real=0.11s
.[532.802s][info][gc,start       ] GC(213) Pause Young (Allocation Failure)
[532.902s][info][gc,heap        ] GC(213) PSYoungGen: 2594053K(2598912K)->166624K(2603008K) Eden: 2409984K(2409984K)->0K(2409984K) From: 184069K(188928K)->166624K(193024K)
[532.902s][info][gc,heap        ] GC(213) ParOldGen: 2492785K(4466688K)->2601937K(4466688K)
[532.902s][info][gc,metaspace   ] GC(213) Metaspace: 28966K(29248K)->28966K(29248K) NonClass: 25864K(25984K)->25864K(25984K) Class: 3102K(3264K)->3102K(3264K)
[532.902s][info][gc             ] GC(213) Pause Young (Allocation Failure) 4967M->2703M(6904M) 99.144ms
[532.902s][info][gc,cpu         ] GC(213) User=0.59s Sys=0.00s Real=0.10s
.[534.189s][info][gc,start       ] GC(214) Pause Young (Allocation Failure)
[534.285s][info][gc,heap        ] GC(214) PSYoungGen: 2576608K(2603008K)->160256K(2599936K) Eden: 2409984K(2409984K)->0K(2412032K) From: 166624K(193024K)->160256K(187904K)
[534.285s][info][gc,heap        ] GC(214) ParOldGen: 2601937K(4466688K)->2708969K(4466688K)
[534.285s][info][gc,metaspace   ] GC(214) Metaspace: 28966K(29248K)->28966K(29248K) NonClass: 25864K(25984K)->25864K(25984K) Class: 3102K(3264K)->3102K(3264K)
[534.285s][info][gc             ] GC(214) Pause Young (Allocation Failure) 5057M->2801M(6901M) 95.262ms
[534.285s][info][gc,cpu         ] GC(214) User=0.56s Sys=0.00s Real=0.10s
. (rIR:aIR:PR = 12291:12724:12638) (tPR = 194755) [OK] 
   534s:       trying IR =  12440 .[535.630s][info][gc,start       ] GC(215) Pause Young (Allocation Failure)
[535.726s][info][gc,heap        ] GC(215) PSYoungGen: 2572288K(2599936K)->154432K(2602496K) Eden: 2412032K(2412032K)->0K(2412032K) From: 160256K(187904K)->154432K(190464K)
[535.726s][info][gc,heap        ] GC(215) ParOldGen: 2708969K(4466688K)->2814865K(4466688K)
[535.726s][info][gc,metaspace   ] GC(215) Metaspace: 28966K(29248K)->28966K(29248K) NonClass: 25864K(25984K)->25864K(25984K) Class: 3102K(3264K)->3102K(3264K)
[535.726s][info][gc             ] GC(215) Pause Young (Allocation Failure) 5157M->2899M(6903M) 95.478ms
[535.726s][info][gc,cpu         ] GC(215) User=0.56s Sys=0.00s Real=0.10s
.[537.000s][info][gc,start       ] GC(216) Pause Young (Allocation Failure)
[537.094s][info][gc,heap        ] GC(216) PSYoungGen: 2566464K(2602496K)->160736K(2603520K) Eden: 2412032K(2412032K)->0K(2415104K) From: 154432K(190464K)->160736K(188416K)
[537.094s][info][gc,heap        ] GC(216) ParOldGen: 2814865K(4466688K)->2915969K(4466688K)
[537.094s][info][gc,metaspace   ] GC(216) Metaspace: 28966K(29248K)->28966K(29248K) NonClass: 25864K(25984K)->25864K(25984K) Class: 3102K(3264K)->3102K(3264K)
[537.094s][info][gc             ] GC(216) Pause Young (Allocation Failure) 5255M->3004M(6904M) 93.957ms
[537.094s][info][gc,cpu         ] GC(216) User=0.56s Sys=0.00s Real=0.10s
.[538.386s][info][gc,start       ] GC(217) Pause Young (Allocation Failure)
[538.483s][info][gc,heap        ] GC(217) PSYoungGen: 2575840K(2603520K)->162128K(2604544K) Eden: 2415104K(2415104K)->0K(2415104K) From: 160736K(188416K)->162128K(189440K)
[538.483s][info][gc,heap        ] GC(217) ParOldGen: 2915969K(4466688K)->3016433K(4466688K)
[538.483s][info][gc,metaspace   ] GC(217) Metaspace: 28966K(29248K)->28966K(29248K) NonClass: 25864K(25984K)->25864K(25984K) Class: 3102K(3264K)->3102K(3264K)
[538.483s][info][gc             ] GC(217) Pause Young (Allocation Failure) 5363M->3104M(6905M) 97.057ms
[538.483s][info][gc,cpu         ] GC(217) User=0.57s Sys=0.00s Real=0.10s
. (rIR:aIR:PR = 12440:12360:12340) (tPR = 190059) [OK] 
   538s:       trying IR =  12618 .[539.846s][info][gc,start       ] GC(218) Pause Young (Allocation Failure)
[539.947s][info][gc,heap        ] GC(218) PSYoungGen: 2577232K(2604544K)->170676K(2606080K) Eden: 2415104K(2415104K)->0K(2418688K) From: 162128K(189440K)->170676K(187392K)
[539.947s][info][gc,heap        ] GC(218) ParOldGen: 3016433K(4466688K)->3126137K(4466688K)
[539.947s][info][gc,metaspace   ] GC(218) Metaspace: 28966K(29248K)->28966K(29248K) NonClass: 25864K(25984K)->25864K(25984K) Class: 3102K(3264K)->3102K(3264K)
[539.947s][info][gc             ] GC(218) Pause Young (Allocation Failure) 5462M->3219M(6907M) 101.088ms
[539.947s][info][gc,cpu         ] GC(218) User=0.59s Sys=0.00s Real=0.10s
.[541.281s][info][gc,start       ] GC(219) Pause Young (Allocation Failure)
[541.383s][info][gc,heap        ] GC(219) PSYoungGen: 2589364K(2606080K)->173456K(2606080K) Eden: 2418688K(2418688K)->0K(2418688K) From: 170676K(187392K)->173456K(187392K)
[541.383s][info][gc,heap        ] GC(219) ParOldGen: 3126137K(4466688K)->3234321K(4466688K)
[541.383s][info][gc,metaspace   ] GC(219) Metaspace: 28966K(29248K)->28966K(29248K) NonClass: 25864K(25984K)->25864K(25984K) Class: 3102K(3264K)->3102K(3264K)
[541.383s][info][gc             ] GC(219) Pause Young (Allocation Failure) 5581M->3327M(6907M) 101.643ms
[541.383s][info][gc,cpu         ] GC(219) User=0.60s Sys=0.00s Real=0.10s
.[542.667s][info][gc,start       ] GC(220) Pause Young (Allocation Failure)
[542.760s][info][gc,heap        ] GC(220) PSYoungGen: 2592144K(2606080K)->154592K(2608128K) Eden: 2418688K(2418688K)->0K(2420224K) From: 173456K(187392K)->154592K(187904K)
[542.760s][info][gc,heap        ] GC(220) ParOldGen: 3234321K(4466688K)->3338353K(4466688K)
[542.760s][info][gc,metaspace   ] GC(220) Metaspace: 28966K(29248K)->28966K(29248K) NonClass: 25864K(25984K)->25864K(25984K) Class: 3102K(3264K)->3102K(3264K)
[542.760s][info][gc             ] GC(220) Pause Young (Allocation Failure) 5689M->3411M(6909M) 93.090ms
[542.760s][info][gc,cpu         ] GC(220) User=0.55s Sys=0.00s Real=0.09s
..[544.042s][info][gc,start       ] GC(221) Pause Young (Allocation Failure)
[544.139s][info][gc,heap        ] GC(221) PSYoungGen: 2574816K(2608128K)->163680K(2584064K) Eden: 2420224K(2420224K)->0K(2420224K) From: 154592K(187904K)->163680K(163840K)
[544.139s][info][gc,heap        ] GC(221) ParOldGen: 3338353K(4466688K)->3443153K(4466688K)
[544.139s][info][gc,metaspace   ] GC(221) Metaspace: 28966K(29248K)->28966K(29248K) NonClass: 25864K(25984K)->25864K(25984K) Class: 3102K(3264K)->3102K(3264K)
[544.139s][info][gc             ] GC(221) Pause Young (Allocation Failure) 5774M->3522M(6885M) 97.004ms
[544.139s][info][gc,cpu         ] GC(221) User=0.57s Sys=0.00s Real=0.10s
. (rIR:aIR:PR = 12618:12384:12352) (tPR = 183613) [OK] 
   544s:       trying IR =  12832 [545.488s][info][gc,start       ] GC(222) Pause Young (Allocation Failure)
[545.587s][info][gc,heap        ] GC(222) PSYoungGen: 2583904K(2584064K)->164185K(2608640K) Eden: 2420224K(2420224K)->0K(2422272K) From: 163680K(163840K)->164185K(186368K)
[545.588s][info][gc,heap        ] GC(222) ParOldGen: 3443153K(4466688K)->3549697K(4466688K)
[545.588s][info][gc,metaspace   ] GC(222) Metaspace: 28966K(29248K)->28966K(29248K) NonClass: 25864K(25984K)->25864K(25984K) Class: 3102K(3264K)->3102K(3264K)
[545.588s][info][gc             ] GC(222) Pause Young (Allocation Failure) 5885M->3626M(6909M) 99.577ms
[545.588s][info][gc,cpu         ] GC(222) User=0.58s Sys=0.01s Real=0.10s
.[546.859s][info][gc,start       ] GC(223) Pause Young (Allocation Failure)
[546.960s][info][gc,heap        ] GC(223) PSYoungGen: 2586457K(2608640K)->168597K(2606592K) Eden: 2422272K(2422272K)->0K(2422272K) From: 164185K(186368K)->168597K(184320K)
[546.960s][info][gc,heap        ] GC(223) ParOldGen: 3549697K(4466688K)->3655193K(4466688K)
[546.960s][info][gc,metaspace   ] GC(223) Metaspace: 28966K(29248K)->28966K(29248K) NonClass: 25864K(25984K)->25864K(25984K) Class: 3102K(3264K)->3102K(3264K)
[546.960s][info][gc             ] GC(223) Pause Young (Allocation Failure) 5992M->3734M(6907M) 101.206ms
[546.960s][info][gc,cpu         ] GC(223) User=0.60s Sys=0.01s Real=0.10s
..[548.236s][info][gc,start       ] GC(224) Pause Young (Allocation Failure)
[548.338s][info][gc,heap        ] GC(224) PSYoungGen: 2590869K(2606592K)->175627K(2607616K) Eden: 2422272K(2422272K)->0K(2423808K) From: 168597K(184320K)->175627K(183808K)
[548.338s][info][gc,heap        ] GC(224) ParOldGen: 3655193K(4466688K)->3761233K(4466688K)
[548.338s][info][gc,metaspace   ] GC(224) Metaspace: 28966K(29248K)->28966K(29248K) NonClass: 25864K(25984K)->25864K(25984K) Class: 3102K(3264K)->3102K(3264K)
[548.338s][info][gc             ] GC(224) Pause Young (Allocation Failure) 6099M->3844M(6908M) 102.202ms
[548.338s][info][gc,cpu         ] GC(224) User=0.61s Sys=0.00s Real=0.10s
. (rIR:aIR:PR = 12832:12537:12519) (tPR = 180937) [OK] 
   548s:       trying IR =  13089 [549.723s][info][gc,start       ] GC(225) Pause Young (Allocation Failure)
[549.824s][info][gc,heap        ] GC(225) PSYoungGen: 2599435K(2607616K)->165204K(2609152K) Eden: 2423808K(2423808K)->0K(2423808K) From: 175627K(183808K)->165204K(185344K)
[549.824s][info][gc,heap        ] GC(225) ParOldGen: 3761233K(4466688K)->3868801K(4466688K)
[549.824s][info][gc,metaspace   ] GC(225) Metaspace: 28966K(29248K)->28966K(29248K) NonClass: 25864K(25984K)->25864K(25984K) Class: 3102K(3264K)->3102K(3264K)
[549.824s][info][gc             ] GC(225) Pause Young (Allocation Failure) 6211M->3939M(6910M) 100.463ms
[549.824s][info][gc,cpu         ] GC(225) User=0.59s Sys=0.00s Real=0.10s
.[551.155s][info][gc,start       ] GC(226) Pause Young (Allocation Failure)
[551.259s][info][gc,heap        ] GC(226) PSYoungGen: 2589012K(2609152K)->175870K(2608128K) Eden: 2423808K(2423808K)->0K(2424320K) From: 165204K(185344K)->175870K(183808K)
[551.259s][info][gc,heap        ] GC(226) ParOldGen: 3868801K(4466688K)->3973121K(4466688K)
[551.260s][info][gc,metaspace   ] GC(226) Metaspace: 28966K(29248K)->28966K(29248K) NonClass: 25864K(25984K)->25864K(25984K) Class: 3102K(3264K)->3102K(3264K)
[551.260s][info][gc             ] GC(226) Pause Young (Allocation Failure) 6306M->4051M(6909M) 104.192ms
[551.260s][info][gc,cpu         ] GC(226) User=0.61s Sys=0.00s Real=0.10s
..[552.502s][info][gc,start       ] GC(227) Pause Young (Allocation Failure)
[552.641s][info][gc,heap        ] GC(227) PSYoungGen: 2600190K(2608128K)->153568K(2577920K) Eden: 2424320K(2424320K)->0K(2424320K) From: 175870K(183808K)->153568K(153600K)
[552.641s][info][gc,heap        ] GC(227) ParOldGen: 3973121K(4466688K)->4075873K(4466688K)
[552.641s][info][gc,metaspace   ] GC(227) Metaspace: 28966K(29248K)->28966K(29248K) NonClass: 25864K(25984K)->25864K(25984K) Class: 3102K(3264K)->3102K(3264K)
[552.641s][info][gc             ] GC(227) Pause Young (Allocation Failure) 6419M->4130M(6879M) 138.834ms
[552.641s][info][gc,cpu         ] GC(227) User=0.54s Sys=0.00s Real=0.14s
.[553.877s][info][gc,start       ] GC(228) Pause Young (Allocation Failure)
[553.976s][info][gc,heap        ] GC(228) PSYoungGen: 2577888K(2577920K)->166432K(2611712K) Eden: 2424320K(2424320K)->0K(2425344K) From: 153568K(153600K)->166432K(186368K)
[553.976s][info][gc,heap        ] GC(228) ParOldGen: 4075873K(4466688K)->4182041K(4466688K)
[553.976s][info][gc,metaspace   ] GC(228) Metaspace: 28966K(29248K)->28966K(29248K) NonClass: 25864K(25984K)->25864K(25984K) Class: 3102K(3264K)->3102K(3264K)
[553.976s][info][gc             ] GC(228) Pause Young (Allocation Failure) 6497M->4246M(6912M) 99.313ms
[553.976s][info][gc,cpu         ] GC(228) User=0.58s Sys=0.00s Real=0.10s
.[555.334s][info][gc,start       ] GC(229) Pause Young (Allocation Failure)
[555.437s][info][gc,heap        ] GC(229) PSYoungGen: 2591776K(2611712K)->170260K(2609664K) Eden: 2425344K(2425344K)->0K(2425344K) From: 166432K(186368K)->170260K(184320K)
[555.437s][info][gc,heap        ] GC(229) ParOldGen: 4182041K(4466688K)->4293217K(4466688K)
[555.437s][info][gc,metaspace   ] GC(229) Metaspace: 28968K(29248K)->28968K(29248K) NonClass: 25866K(25984K)->25866K(25984K) Class: 3102K(3264K)->3102K(3264K)
[555.437s][info][gc             ] GC(229) Pause Young (Allocation Failure) 6615M->4358M(6910M) 102.970ms
[555.437s][info][gc,cpu         ] GC(229) User=0.62s Sys=0.00s Real=0.10s
.[556.755s][info][gc,start       ] GC(230) Pause Young (Allocation Failure)
[556.855s][info][gc,heap        ] GC(230) PSYoungGen: 2595604K(2609664K)->168149K(2610176K) Eden: 2425344K(2425344K)->0K(2426880K) From: 170260K(184320K)->168149K(183296K)
[556.855s][info][gc,heap        ] GC(230) ParOldGen: 4293217K(4466688K)->4392689K(4466688K)
[556.855s][info][gc,metaspace   ] GC(230) Metaspace: 28968K(29248K)->28968K(29248K) NonClass: 25866K(25984K)->25866K(25984K) Class: 3102K(3264K)->3102K(3264K)
[556.855s][info][gc             ] GC(230) Pause Young (Allocation Failure) 6727M->4453M(6911M) 100.964ms
[556.856s][info][gc,cpu         ] GC(230) User=0.59s Sys=0.00s Real=0.10s
.[558.116s][info][gc,start       ] GC(231) Pause Young (Allocation Failure)
[558.217s][info][gc,heap        ] GC(231) PSYoungGen: 2595029K(2610176K)->167952K(2609664K) Eden: 2426880K(2426880K)->0K(2426880K) From: 168149K(183296K)->167952K(182784K)
[558.217s][info][gc,heap        ] GC(231) ParOldGen: 4392689K(4466688K)->4499785K(4499968K)
[558.217s][info][gc,metaspace   ] GC(231) Metaspace: 28968K(29248K)->28968K(29248K) NonClass: 25866K(25984K)->25866K(25984K) Class: 3102K(3264K)->3102K(3264K)
[558.217s][info][gc             ] GC(231) Pause Young (Allocation Failure) 6823M->4558M(6943M) 100.581ms
[558.217s][info][gc,cpu         ] GC(231) User=0.58s Sys=0.01s Real=0.10s
.[559.530s][info][gc,start       ] GC(232) Pause Young (Allocation Failure)
[559.682s][info][gc,heap        ] GC(232) PSYoungGen: 2594832K(2609664K)->169920K(2612224K) Eden: 2426880K(2426880K)->0K(2430464K) From: 167952K(182784K)->169920K(181760K)
[559.682s][info][gc,heap        ] GC(232) ParOldGen: 4499785K(4499968K)->4607761K(4608000K)
[559.682s][info][gc,metaspace   ] GC(232) Metaspace: 28968K(29248K)->28968K(29248K) NonClass: 25866K(25984K)->25866K(25984K) Class: 3102K(3264K)->3102K(3264K)
[559.682s][info][gc             ] GC(232) Pause Young (Allocation Failure) 6928M->4665M(7051M) 152.138ms
[559.682s][info][gc,cpu         ] GC(232) User=0.59s Sys=0.03s Real=0.15s
..[560.931s][info][gc,start       ] GC(233) Pause Young (Allocation Failure)
[561.033s][info][gc,heap        ] GC(233) PSYoungGen: 2600384K(2612224K)->160736K(2611712K) Eden: 2430464K(2430464K)->0K(2430464K) From: 169920K(181760K)->160736K(181248K)
[561.033s][info][gc,heap        ] GC(233) ParOldGen: 4607761K(4608000K)->4709545K(4709888K)
[561.033s][info][gc,metaspace   ] GC(233) Metaspace: 28968K(29248K)->28968K(29248K) NonClass: 25866K(25984K)->25866K(25984K) Class: 3102K(3264K)->3102K(3264K)
[561.033s][info][gc             ] GC(233) Pause Young (Allocation Failure) 7039M->4756M(7150M) 101.962ms
[561.033s][info][gc,cpu         ] GC(233) User=0.57s Sys=0.03s Real=0.10s
.[562.357s][info][gc,start       ] GC(234) Pause Young (Allocation Failure)
[562.460s][info][gc,heap        ] GC(234) PSYoungGen: 2591200K(2611712K)->169024K(2614272K) Eden: 2430464K(2430464K)->0K(2433536K) From: 160736K(181248K)->169024K(180736K)
[562.461s][info][gc,heap        ] GC(234) ParOldGen: 4709545K(4709888K)->4816929K(4817408K)
[562.461s][info][gc,metaspace   ] GC(234) Metaspace: 28968K(29248K)->28968K(29248K) NonClass: 25866K(25984K)->25866K(25984K) Class: 3102K(3264K)->3102K(3264K)
[562.461s][info][gc             ] GC(234) Pause Young (Allocation Failure) 7129M->4869M(7257M) 103.699ms
[562.461s][info][gc,cpu         ] GC(234) User=0.59s Sys=0.03s Real=0.10s
.[563.737s][info][gc,start       ] GC(235) Pause Young (Allocation Failure)
[563.839s][info][gc,heap        ] GC(235) PSYoungGen: 2602560K(2614272K)->165553K(2614272K) Eden: 2433536K(2433536K)->0K(2433536K) From: 169024K(180736K)->165553K(180736K)
[563.839s][info][gc,heap        ] GC(235) ParOldGen: 4816929K(4817408K)->4917681K(4917760K)
[563.839s][info][gc,metaspace   ] GC(235) Metaspace: 28968K(29248K)->28968K(29248K) NonClass: 25866K(25984K)->25866K(25984K) Class: 3102K(3264K)->3102K(3264K)
[563.839s][info][gc             ] GC(235) Pause Young (Allocation Failure) 7245M->4964M(7355M) 102.390ms
[563.839s][info][gc,cpu         ] GC(235) User=0.57s Sys=0.03s Real=0.10s
.[565.036s][info][gc,start       ] GC(236) Pause Young (Allocation Failure)
[565.151s][info][gc,heap        ] GC(236) PSYoungGen: 2599089K(2614272K)->179690K(2527232K) Eden: 2433536K(2433536K)->0K(2347520K) From: 165553K(180736K)->179690K(179712K)
[565.151s][info][gc,heap        ] GC(236) ParOldGen: 4917681K(4917760K)->5029409K(5029888K)
[565.151s][info][gc,metaspace   ] GC(236) Metaspace: 28968K(29248K)->28968K(29248K) NonClass: 25866K(25984K)->25866K(25984K) Class: 3102K(3264K)->3102K(3264K)
[565.151s][info][gc             ] GC(236) Pause Young (Allocation Failure) 7340M->5087M(7380M) 114.864ms
[565.151s][info][gc,cpu         ] GC(236) User=0.64s Sys=0.03s Real=0.11s
.[566.425s][info][gc,start       ] GC(237) Pause Young (Allocation Failure)
[566.531s][info][gc,heap        ] GC(237) PSYoungGen: 2527210K(2527232K)->164409K(2571776K) Eden: 2347520K(2347520K)->0K(2347520K) From: 179690K(179712K)->164409K(224256K)
[566.532s][info][gc,heap        ] GC(237) ParOldGen: 5029409K(5029888K)->5143241K(5143552K)
[566.532s][info][gc,metaspace   ] GC(237) Metaspace: 28968K(29248K)->28968K(29248K) NonClass: 25866K(25984K)->25866K(25984K) Class: 3102K(3264K)->3102K(3264K)
[566.532s][info][gc             ] GC(237) Pause Young (Allocation Failure) 7379M->5183M(7534M) 106.927ms
[566.532s][info][gc,cpu         ] GC(237) User=0.60s Sys=0.03s Real=0.10s
.[567.787s][info][gc,start       ] GC(238) Pause Young (Allocation Failure)
[567.901s][info][gc,heap        ] GC(238) PSYoungGen: 2511929K(2571776K)->190176K(2570752K) Eden: 2347520K(2347520K)->0K(2349568K) From: 164409K(224256K)->190176K(221184K)
[567.901s][info][gc,heap        ] GC(238) ParOldGen: 5143241K(5143552K)->5245417K(5245440K)
[567.901s][info][gc,metaspace   ] GC(238) Metaspace: 28968K(29248K)->28968K(29248K) NonClass: 25866K(25984K)->25866K(25984K) Class: 3102K(3264K)->3102K(3264K)
[567.901s][info][gc             ] GC(238) Pause Young (Allocation Failure) 7475M->5308M(7633M) 113.893ms
[567.901s][info][gc,cpu         ] GC(238) User=0.62s Sys=0.06s Real=0.11s
.[569.074s][info][gc,start       ] GC(239) Pause Young (Allocation Failure)
[569.179s][info][gc,heap        ] GC(239) PSYoungGen: 2539744K(2570752K)->166656K(2572288K) Eden: 2349568K(2349568K)->0K(2349568K) From: 190176K(221184K)->166656K(222720K)
[569.179s][info][gc,heap        ] GC(239) ParOldGen: 5245417K(5245440K)->5351225K(5351424K)
[569.179s][info][gc,metaspace   ] GC(239) Metaspace: 28968K(29248K)->28968K(29248K) NonClass: 25866K(25984K)->25866K(25984K) Class: 3102K(3264K)->3102K(3264K)
[569.179s][info][gc             ] GC(239) Pause Young (Allocation Failure) 7602M->5388M(7738M) 105.030ms
[569.179s][info][gc,cpu         ] GC(239) User=0.59s Sys=0.03s Real=0.10s
.[570.442s][info][gc,start       ] GC(240) Pause Young (Allocation Failure)
[570.545s][info][gc,heap        ] GC(240) PSYoungGen: 2516224K(2572288K)->160112K(2572288K) Eden: 2349568K(2349568K)->0K(2353152K) From: 166656K(222720K)->160112K(219136K)
[570.545s][info][gc,heap        ] GC(240) ParOldGen: 5351225K(5351424K)->5464625K(5465088K)
[570.545s][info][gc,metaspace   ] GC(240) Metaspace: 28968K(29248K)->28968K(29248K) NonClass: 25866K(25984K)->25866K(25984K) Class: 3102K(3264K)->3102K(3264K)
[570.545s][info][gc             ] GC(240) Pause Young (Allocation Failure) 7683M->5492M(7849M) 103.773ms
[570.545s][info][gc,cpu         ] GC(240) User=0.57s Sys=0.04s Real=0.11s
.[571.711s][info][gc,start       ] GC(241) Pause Young (Allocation Failure)
[571.813s][info][gc,heap        ] GC(241) PSYoungGen: 2513264K(2572288K)->174656K(2572288K) Eden: 2353152K(2353152K)->0K(2353152K) From: 160112K(219136K)->174656K(219136K)
[571.813s][info][gc,heap        ] GC(241) ParOldGen: 5464625K(5465088K)->5558289K(5558784K)
[571.813s][info][gc,metaspace   ] GC(241) Metaspace: 28968K(29248K)->28968K(29248K) NonClass: 25866K(25984K)->25866K(25984K) Class: 3102K(3264K)->3102K(3264K)
[571.813s][info][gc             ] GC(241) Pause Young (Allocation Failure) 7790M->5598M(7940M) 102.198ms
[571.813s][info][gc,cpu         ] GC(241) User=0.58s Sys=0.03s Real=0.10s
. (rIR:aIR:PR = 13089:12604:12609) (tPR = 190317) [OK] 
   571s:       trying IR =  13397 .[573.077s][info][gc,start       ] GC(242) Pause Full (Allocation Failure)
[573.077s][info][gc,phases,start] GC(242) Marking Phase
[573.392s][info][gc,phases      ] GC(242) Marking Phase 314.670ms
[573.392s][info][gc,phases,start] GC(242) Summary Phase
[573.392s][info][gc,phases      ] GC(242) Summary Phase 0.105ms
[573.392s][info][gc,phases,start] GC(242) Forward
[573.508s][info][gc,phases      ] GC(242) Forward 116.243ms
[573.508s][info][gc,phases,start] GC(242) Adjust Pointers
[573.729s][info][gc,phases      ] GC(242) Adjust Pointers 220.153ms
[573.729s][info][gc,phases,start] GC(242) Compaction Phase
[573.880s][info][gc,phases      ] GC(242) Compaction Phase 151.136ms
[573.881s][info][gc,phases,start] GC(242) Post Compact
[573.888s][info][gc,phases      ] GC(242) Post Compact 6.886ms
[574.015s][info][gc,heap        ] GC(242) PSYoungGen: 2527808K(2572288K)->0K(2572800K) Eden: 2353152K(2353152K)->0K(2357760K) From: 174656K(219136K)->0K(215040K)
[574.015s][info][gc,heap        ] GC(242) ParOldGen: 5558289K(5558784K)->1615574K(1830912K)
[574.015s][info][gc,metaspace   ] GC(242) Metaspace: 28968K(29248K)->28968K(29248K) NonClass: 25866K(25984K)->25866K(25984K) Class: 3102K(3264K)->3102K(3264K)
[574.015s][info][gc             ] GC(242) Pause Full (Allocation Failure) 7896M->1577M(4300M) 937.781ms
[574.015s][info][gc,cpu         ] GC(242) User=4.47s Sys=0.12s Real=0.94s
.[575.175s][info][gc,start       ] GC(243) Pause Young (Allocation Failure)
[575.242s][info][gc,heap        ] GC(243) PSYoungGen: 2357760K(2572800K)->167440K(2572800K) Eden: 2357760K(2357760K)->0K(2357760K) From: 0K(215040K)->167440K(215040K)
[575.242s][info][gc,heap        ] GC(243) ParOldGen: 1615574K(1830912K)->1615574K(1830912K)
[575.242s][info][gc,metaspace   ] GC(243) Metaspace: 28968K(29248K)->28968K(29248K) NonClass: 25866K(25984K)->25866K(25984K) Class: 3102K(3264K)->3102K(3264K)
[575.242s][info][gc             ] GC(243) Pause Young (Allocation Failure) 3880M->1741M(4300M) 67.253ms
[575.242s][info][gc,cpu         ] GC(243) User=0.40s Sys=0.00s Real=0.06s
.[576.491s][info][gc,start       ] GC(244) Pause Young (Allocation Failure)
[576.639s][info][gc,heap        ] GC(244) PSYoungGen: 2525200K(2572800K)->174852K(2576384K) Eden: 2357760K(2357760K)->0K(2368512K) From: 167440K(215040K)->174852K(207872K)
[576.639s][info][gc,heap        ] GC(244) ParOldGen: 1615574K(1830912K)->1730006K(1830912K)
[576.639s][info][gc,metaspace   ] GC(244) Metaspace: 28968K(29248K)->28968K(29248K) NonClass: 25866K(25984K)->25866K(25984K) Class: 3102K(3264K)->3102K(3264K)
[576.639s][info][gc             ] GC(244) Pause Young (Allocation Failure) 4043M->1860M(4304M) 148.752ms
[576.639s][info][gc,cpu         ] GC(244) User=0.61s Sys=0.00s Real=0.15s
..[577.982s][info][gc,start       ] GC(245) Pause Young (Allocation Failure)
[578.077s][info][gc,heap        ] GC(245) PSYoungGen: 2543364K(2576384K)->157120K(2577408K) Eden: 2368512K(2368512K)->0K(2368512K) From: 174852K(207872K)->157120K(208896K)
[578.077s][info][gc,heap        ] GC(245) ParOldGen: 1730006K(1830912K)->1840438K(1840640K)
[578.077s][info][gc,metaspace   ] GC(245) Metaspace: 28969K(29248K)->28969K(29248K) NonClass: 25866K(25984K)->25866K(25984K) Class: 3102K(3264K)->3102K(3264K)
[578.077s][info][gc             ] GC(245) Pause Young (Allocation Failure) 4173M->1950M(4314M) 94.403ms
[578.077s][info][gc,cpu         ] GC(245) User=0.55s Sys=0.00s Real=0.10s
.[579.199s][info][gc,start       ] GC(246) Pause Young (Allocation Failure)
[579.306s][info][gc,heap        ] GC(246) PSYoungGen: 2525632K(2577408K)->185848K(2584576K) Eden: 2368512K(2368512K)->0K(2376192K) From: 157120K(208896K)->185848K(208384K)
[579.306s][info][gc,heap        ] GC(246) ParOldGen: 1840438K(1840640K)->1932998K(1933312K)
[579.306s][info][gc,metaspace   ] GC(246) Metaspace: 28969K(29248K)->28969K(29248K) NonClass: 25866K(25984K)->25866K(25984K) Class: 3102K(3264K)->3102K(3264K)
[579.306s][info][gc             ] GC(246) Pause Young (Allocation Failure) 4263M->2069M(4412M) 107.356ms
[579.306s][info][gc,cpu         ] GC(246) User=0.60s Sys=0.03s Real=0.11s
.[580.601s][info][gc,start       ] GC(247) Pause Young (Allocation Failure)
[580.706s][info][gc,heap        ] GC(247) PSYoungGen: 2562040K(2584576K)->171893K(2548224K) Eden: 2376192K(2376192K)->0K(2376192K) From: 185848K(208384K)->171893K(172032K)
[580.706s][info][gc,heap        ] GC(247) ParOldGen: 1932998K(1933312K)->2049030K(2049536K)
[580.706s][info][gc,metaspace   ] GC(247) Metaspace: 28969K(29248K)->28969K(29248K) NonClass: 25866K(25984K)->25866K(25984K) Class: 3102K(3264K)->3102K(3264K)
[580.706s][info][gc             ] GC(247) Pause Young (Allocation Failure) 4389M->2168M(4490M) 105.389ms
[580.706s][info][gc,cpu         ] GC(247) User=0.59s Sys=0.03s Real=0.11s
.[582.109s][info][gc,start       ] GC(248) Pause Young (Allocation Failure)
[582.216s][info][gc,heap        ] GC(248) PSYoungGen: 2548085K(2548224K)->171935K(2587648K) Eden: 2376192K(2376192K)->0K(2380800K) From: 171893K(172032K)->171935K(206848K)
[582.216s][info][gc,heap        ] GC(248) ParOldGen: 2049030K(2049536K)->2160926K(2161152K)
[582.216s][info][gc,metaspace   ] GC(248) Metaspace: 28969K(29248K)->28969K(29248K) NonClass: 25866K(25984K)->25866K(25984K) Class: 3102K(3264K)->3102K(3264K)
[582.216s][info][gc             ] GC(248) Pause Young (Allocation Failure) 4489M->2278M(4637M) 106.933ms
[582.216s][info][gc,cpu         ] GC(248) User=0.59s Sys=0.04s Real=0.11s
.[583.375s][info][gc,start       ] GC(249) Pause Young (Allocation Failure)
[583.479s][info][gc,heap        ] GC(249) PSYoungGen: 2552735K(2587648K)->189657K(2584576K) Eden: 2380800K(2380800K)->0K(2380800K) From: 171935K(206848K)->189657K(203776K)
[583.479s][info][gc,heap        ] GC(249) ParOldGen: 2160926K(2161152K)->2246518K(2246656K)
[583.479s][info][gc,metaspace   ] GC(249) Metaspace: 28969K(29248K)->28969K(29248K) NonClass: 25866K(25984K)->25866K(25984K) Class: 3102K(3264K)->3102K(3264K)
[583.479s][info][gc             ] GC(249) Pause Young (Allocation Failure) 4603M->2379M(4718M) 104.854ms
[583.479s][info][gc,cpu         ] GC(249) User=0.59s Sys=0.03s Real=0.10s
.[584.791s][info][gc,start       ] GC(250) Pause Young (Allocation Failure)
[584.900s][info][gc,heap        ] GC(250) PSYoungGen: 2570457K(2584576K)->173188K(2589184K) Eden: 2380800K(2380800K)->0K(2385408K) From: 189657K(203776K)->173188K(203776K)
[584.900s][info][gc,heap        ] GC(250) ParOldGen: 2246518K(2246656K)->2364030K(2364416K)
[584.900s][info][gc,metaspace   ] GC(250) Metaspace: 28969K(29248K)->28969K(29248K) NonClass: 25866K(25984K)->25866K(25984K) Class: 3102K(3264K)->3102K(3264K)
[584.900s][info][gc             ] GC(250) Pause Young (Allocation Failure) 4704M->2477M(4837M) 108.584ms
[584.900s][info][gc,cpu         ] GC(250) User=0.61s Sys=0.04s Real=0.11s
.[586.044s][info][gc,start       ] GC(251) Pause Young (Allocation Failure)
[586.152s][info][gc,heap        ] GC(251) PSYoungGen: 2558596K(2589184K)->187249K(2589184K) Eden: 2385408K(2385408K)->0K(2385408K) From: 173188K(203776K)->187249K(203776K)
[586.152s][info][gc,heap        ] GC(251) ParOldGen: 2364030K(2364416K)->2459670K(2460160K)
[586.152s][info][gc,metaspace   ] GC(251) Metaspace: 28969K(29248K)->28969K(29248K) NonClass: 25866K(25984K)->25866K(25984K) Class: 3102K(3264K)->3102K(3264K)
[586.152s][info][gc             ] GC(251) Pause Young (Allocation Failure) 4807M->2584M(4931M) 107.583ms
[586.152s][info][gc,cpu         ] GC(251) User=0.61s Sys=0.03s Real=0.10s
.[587.431s][info][gc,start       ] GC(252) Pause Young (Allocation Failure)
[587.537s][info][gc,heap        ] GC(252) PSYoungGen: 2572657K(2589184K)->170944K(2590720K) Eden: 2385408K(2385408K)->0K(2386944K) From: 187249K(203776K)->170944K(203776K)
[587.537s][info][gc,heap        ] GC(252) ParOldGen: 2459670K(2460160K)->2579006K(2579456K)
[587.537s][info][gc,metaspace   ] GC(252) Metaspace: 28969K(29248K)->28969K(29248K) NonClass: 25867K(25984K)->25867K(25984K) Class: 3102K(3264K)->3102K(3264K)
[587.537s][info][gc             ] GC(252) Pause Young (Allocation Failure) 4914M->2685M(5049M) 105.732ms
[587.537s][info][gc,cpu         ] GC(252) User=0.59s Sys=0.03s Real=0.11s
.[588.726s][info][gc,start       ] GC(253) Pause Young (Allocation Failure)
[588.827s][info][gc,heap        ] GC(253) PSYoungGen: 2557888K(2590720K)->174080K(2561536K) Eden: 2386944K(2386944K)->0K(2386944K) From: 170944K(203776K)->174080K(174592K)
[588.827s][info][gc,heap        ] GC(253) ParOldGen: 2579006K(2579456K)->2679006K(2679296K)
[588.827s][info][gc,metaspace   ] GC(253) Metaspace: 28969K(29248K)->28969K(29248K) NonClass: 25867K(25984K)->25867K(25984K) Class: 3102K(3264K)->3102K(3264K)
[588.827s][info][gc             ] GC(253) Pause Young (Allocation Failure) 5016M->2786M(5118M) 101.188ms
[588.827s][info][gc,cpu         ] GC(253) User=0.57s Sys=0.03s Real=0.10s
.[590.044s][info][gc,start       ] GC(254) Pause Young (Allocation Failure)
[590.152s][info][gc,heap        ] GC(254) PSYoungGen: 2561024K(2561536K)->175648K(2592256K) Eden: 2386944K(2386944K)->0K(2391040K) From: 174080K(174592K)->175648K(201216K)
[590.152s][info][gc,heap        ] GC(254) ParOldGen: 2679006K(2679296K)->2791358K(2791424K)
[590.152s][info][gc,metaspace   ] GC(254) Metaspace: 28969K(29248K)->28969K(29248K) NonClass: 25867K(25984K)->25867K(25984K) Class: 3102K(3264K)->3102K(3264K)
[590.152s][info][gc             ] GC(254) Pause Young (Allocation Failure) 5117M->2897M(5257M) 108.042ms
[590.152s][info][gc,cpu         ] GC(254) User=0.60s Sys=0.04s Real=0.10s
.[591.364s][info][gc,start       ] GC(255) Pause Young (Allocation Failure)
[591.468s][info][gc,heap        ] GC(255) PSYoungGen: 2566688K(2592256K)->174133K(2589696K) Eden: 2391040K(2391040K)->0K(2391040K) From: 175648K(201216K)->174133K(198656K)
[591.468s][info][gc,heap        ] GC(255) ParOldGen: 2791358K(2791424K)->2895654K(2895872K)
[591.468s][info][gc,metaspace   ] GC(255) Metaspace: 28969K(29248K)->28969K(29248K) NonClass: 25867K(25984K)->25867K(25984K) Class: 3102K(3264K)->3102K(3264K)
[591.468s][info][gc             ] GC(255) Pause Young (Allocation Failure) 5232M->2997M(5357M) 104.298ms
[591.468s][info][gc,cpu         ] GC(255) User=0.57s Sys=0.04s Real=0.10s
.[592.751s][info][gc,start       ] GC(256) Pause Young (Allocation Failure)
[592.857s][info][gc,heap        ] GC(256) PSYoungGen: 2565173K(2589696K)->170672K(2593792K) Eden: 2391040K(2391040K)->0K(2397184K) From: 174133K(198656K)->170672K(196608K)
[592.857s][info][gc,heap        ] GC(256) ParOldGen: 2895654K(2895872K)->3006606K(3006976K)
[592.857s][info][gc,metaspace   ] GC(256) Metaspace: 28969K(29248K)->28969K(29248K) NonClass: 25867K(25984K)->25867K(25984K) Class: 3102K(3264K)->3102K(3264K)
[592.857s][info][gc             ] GC(256) Pause Young (Allocation Failure) 5332M->3102M(5469M) 106.298ms
[592.857s][info][gc,cpu         ] GC(256) User=0.59s Sys=0.03s Real=0.11s
..[594.181s][info][gc,start       ] GC(257) Pause Young (Allocation Failure)
[594.288s][info][gc,heap        ] GC(257) PSYoungGen: 2567856K(2593792K)->176049K(2592768K) Eden: 2397184K(2397184K)->0K(2397184K) From: 170672K(196608K)->176049K(195584K)
[594.288s][info][gc,heap        ] GC(257) ParOldGen: 3006606K(3006976K)->3116302K(3116544K)
[594.288s][info][gc,metaspace   ] GC(257) Metaspace: 28969K(29248K)->28969K(29248K) NonClass: 25867K(25984K)->25867K(25984K) Class: 3102K(3264K)->3102K(3264K)
[594.288s][info][gc             ] GC(257) Pause Young (Allocation Failure) 5443M->3215M(5575M) 107.392ms
[594.288s][info][gc,cpu         ] GC(257) User=0.60s Sys=0.04s Real=0.11s
.[595.680s][info][gc,start       ] GC(258) Pause Young (Allocation Failure)
[595.784s][info][gc,heap        ] GC(258) PSYoungGen: 2573233K(2592768K)->173696K(2598912K) Eden: 2397184K(2397184K)->0K(2405376K) From: 176049K(195584K)->173696K(193536K)
[595.784s][info][gc,heap        ] GC(258) ParOldGen: 3116302K(3116544K)->3215990K(3216384K)
[595.784s][info][gc,metaspace   ] GC(258) Metaspace: 28969K(29248K)->28969K(29248K) NonClass: 25867K(25984K)->25867K(25984K) Class: 3102K(3264K)->3102K(3264K)
[595.784s][info][gc             ] GC(258) Pause Young (Allocation Failure) 5556M->3310M(5679M) 103.638ms
[595.784s][info][gc,cpu         ] GC(258) User=0.59s Sys=0.03s Real=0.11s
.[597.151s][info][gc,start       ] GC(259) Pause Young (Allocation Failure)
[597.245s][info][gc,heap        ] GC(259) PSYoungGen: 2579072K(2598912K)->146656K(2597376K) Eden: 2405376K(2405376K)->0K(2405376K) From: 173696K(193536K)->146656K(192000K)
[597.245s][info][gc,heap        ] GC(259) ParOldGen: 3215990K(3216384K)->3318102K(3318272K)
[597.245s][info][gc,metaspace   ] GC(259) Metaspace: 28969K(29248K)->28969K(29248K) NonClass: 25867K(25984K)->25867K(25984K) Class: 3102K(3264K)->3102K(3264K)
[597.245s][info][gc             ] GC(259) Pause Young (Allocation Failure) 5659M->3383M(5777M) 93.628ms
[597.245s][info][gc,cpu         ] GC(259) User=0.50s Sys=0.04s Real=0.10s
.[598.354s][info][gc,start       ] GC(260) Pause Young (Allocation Failure)
[598.470s][info][gc,heap        ] GC(260) PSYoungGen: 2552032K(2597376K)->195040K(2507776K) Eden: 2405376K(2405376K)->0K(2312704K) From: 146656K(192000K)->195040K(195072K)
[598.470s][info][gc,heap        ] GC(260) ParOldGen: 3318102K(3318272K)->3427022K(3427328K)
[598.470s][info][gc,metaspace   ] GC(260) Metaspace: 28969K(29248K)->28969K(29248K) NonClass: 25867K(25984K)->25867K(25984K) Class: 3102K(3264K)->3102K(3264K)
[598.470s][info][gc             ] GC(260) Pause Young (Allocation Failure) 5732M->3537M(5796M) 116.052ms
[598.470s][info][gc,cpu         ] GC(260) User=0.65s Sys=0.04s Real=0.11s
.[599.734s][info][gc,start       ] GC(261) Pause Young (Allocation Failure)
[599.843s][info][gc,heap        ] GC(261) PSYoungGen: 2507744K(2507776K)->165920K(2554368K) Eden: 2312704K(2312704K)->0K(2312704K) From: 195040K(195072K)->165920K(241664K)
[599.843s][info][gc,heap        ] GC(261) ParOldGen: 3427022K(3427328K)->3550598K(3550720K)
[599.843s][info][gc,metaspace   ] GC(261) Metaspace: 28969K(29248K)->28969K(29248K) NonClass: 25867K(25984K)->25867K(25984K) Class: 3102K(3264K)->3102K(3264K)
[599.843s][info][gc             ] GC(261) Pause Young (Allocation Failure) 5795M->3629M(5962M) 108.860ms
[599.843s][info][gc,cpu         ] GC(261) User=0.60s Sys=0.04s Real=0.10s
.[601.037s][info][gc,start       ] GC(262) Pause Young (Allocation Failure)
[601.137s][info][gc,heap        ] GC(262) PSYoungGen: 2478624K(2554368K)->162964K(2548224K) Eden: 2312704K(2312704K)->0K(2314752K) From: 165920K(241664K)->162964K(233472K)
[601.137s][info][gc,heap        ] GC(262) ParOldGen: 3550598K(3550720K)->3651054K(3651072K)
[601.137s][info][gc,metaspace   ] GC(262) Metaspace: 28969K(29248K)->28969K(29248K) NonClass: 25867K(25984K)->25867K(25984K) Class: 3102K(3264K)->3102K(3264K)
[601.137s][info][gc             ] GC(262) Pause Young (Allocation Failure) 5887M->3724M(6054M) 99.529ms
[601.137s][info][gc,cpu         ] GC(262) User=0.58s Sys=0.02s Real=0.10s
.[602.396s][info][gc,start       ] GC(263) Pause Young (Allocation Failure)
[602.498s][info][gc,heap        ] GC(263) PSYoungGen: 2477716K(2548224K)->161952K(2552320K) Eden: 2314752K(2314752K)->0K(2314752K) From: 162964K(233472K)->161952K(237568K)
[602.498s][info][gc,heap        ] GC(263) ParOldGen: 3651054K(3651072K)->3756974K(3757056K)
[602.498s][info][gc,metaspace   ] GC(263) Metaspace: 28969K(29248K)->28969K(29248K) NonClass: 25867K(25984K)->25867K(25984K) Class: 3102K(3264K)->3102K(3264K)
[602.498s][info][gc             ] GC(263) Pause Young (Allocation Failure) 5985M->3827M(6161M) 101.338ms
[602.498s][info][gc,cpu         ] GC(263) User=0.56s Sys=0.04s Real=0.10s
. (rIR:aIR:PR = 13397:13116:12537) (tPR = 185031) [PR is under limit] 
   602s: Re-initializing (term[603.740s][info][gc,start       ] GC(264) Pause Young (Allocation Failure)
[603.843s][info][gc,heap        ] GC(264) PSYoungGen: 2476704K(2552320K)->174080K(2547712K) Eden: 2314752K(2314752K)->0K(2323456K) From: 161952K(237568K)->174080K(224256K)
[603.843s][info][gc,heap        ] GC(264) ParOldGen: 3756974K(3757056K)->3862874K(3863040K)
[603.843s][info][gc,metaspace   ] GC(264) Metaspace: 28969K(29248K)->28969K(29248K) NonClass: 25867K(25984K)->25867K(25984K) Class: 3102K(3264K)->3102K(3264K)
[603.843s][info][gc             ] GC(264) Pause Young (Allocation Failure) 6087M->3942M(6260M) 102.625ms
[603.843s][info][gc,cpu         ] GC(264) User=0.58s Sys=0.03s Real=0.10s
[604.960s][info][gc,start       ] GC(265) Pause Young (Allocation Failure)
[605.078s][info][gc,heap        ] GC(265) PSYoungGen: 2497536K(2547712K)->198148K(2553856K) Eden: 2323456K(2323456K)->0K(2323456K) From: 174080K(224256K)->198148K(230400K)
[605.078s][info][gc,heap        ] GC(265) ParOldGen: 3862874K(3863040K)->3986306K(3986432K)
[605.078s][info][gc,metaspace   ] GC(265) Metaspace: 28969K(29248K)->28969K(29248K) NonClass: 25867K(25984K)->25867K(25984K) Class: 3102K(3264K)->3102K(3264K)
[605.078s][info][gc             ] GC(265) Pause Young (Allocation Failure) 6211M->4086M(6387M) 118.186ms
[605.078s][info][gc,cpu         ] GC(265) User=0.67s Sys=0.03s Real=0.12s
) [605.712s][info][gc,start       ] GC(266) Pause Full (System.gc())
[605.712s][info][gc,phases,start] GC(266) Marking Phase
[605.733s][info][gc,phases      ] GC(266) Marking Phase 21.686ms
[605.733s][info][gc,phases,start] GC(266) Summary Phase
[605.733s][info][gc,phases      ] GC(266) Summary Phase 0.052ms
[605.733s][info][gc,phases,start] GC(266) Forward
[605.738s][info][gc,phases      ] GC(266) Forward 4.527ms
[605.738s][info][gc,phases,start] GC(266) Adjust Pointers
[605.755s][info][gc,phases      ] GC(266) Adjust Pointers 16.772ms
[605.755s][info][gc,phases,start] GC(266) Compaction Phase
[605.766s][info][gc,phases      ] GC(266) Compaction Phase 10.781ms
[605.766s][info][gc,phases,start] GC(266) Post Compact
[605.770s][info][gc,phases      ] GC(266) Post Compact 4.516ms
[605.770s][info][gc,heap        ] GC(266) PSYoungGen: 1313912K(2553856K)->0K(2553856K) Eden: 1115763K(2323456K)->0K(2323456K) From: 198148K(230400K)->0K(230400K)
[605.770s][info][gc,heap        ] GC(266) ParOldGen: 3986306K(3986432K)->322914K(3986432K)
[605.770s][info][gc,metaspace   ] GC(266) Metaspace: 28969K(29248K)->28969K(29248K) NonClass: 25867K(25984K)->25867K(25984K) Class: 3102K(3264K)->3102K(3264K)
[605.770s][info][gc             ] GC(266) Pause Full (System.gc()) 5175M->315M(6387M) 58.588ms
[605.770s][info][gc,cpu         ] GC(266) User=0.24s Sys=0.00s Real=0.06s
(init[607.315s][info][gc,start       ] GC(267) Pause Young (Allocation Failure)
[607.599s][info][gc,heap        ] GC(267) PSYoungGen: 2323456K(2553856K)->232419K(2271744K) Eden: 2323456K(2323456K)->0K(2039296K) From: 0K(230400K)->232419K(232448K)
[607.599s][info][gc,heap        ] GC(267) ParOldGen: 322914K(3986432K)->679725K(3986432K)
[607.599s][info][gc,metaspace   ] GC(267) Metaspace: 28975K(29248K)->28975K(29248K) NonClass: 25872K(25984K)->25872K(25984K) Class: 3102K(3264K)->3102K(3264K)
[607.599s][info][gc             ] GC(267) Pause Young (Allocation Failure) 2584M->890M(6111M) 283.246ms
[607.599s][info][gc,cpu         ] GC(267) User=1.54s Sys=0.02s Real=0.28s
[609.224s][info][gc,start       ] GC(268) Pause Young (Allocation Failure)
[609.487s][info][gc,heap        ] GC(268) PSYoungGen: 2271715K(2271744K)->378338K(2417664K) Eden: 2039296K(2039296K)->0K(2039296K) From: 232419K(232448K)->378338K(378368K)
[609.487s][info][gc,heap        ] GC(268) ParOldGen: 679725K(3986432K)->1065826K(3986432K)
[609.487s][info][gc,metaspace   ] GC(268) Metaspace: 28975K(29248K)->28975K(29248K) NonClass: 25872K(25984K)->25872K(25984K) Class: 3102K(3264K)->3102K(3264K)
[609.487s][info][gc             ] GC(268) Pause Young (Allocation Failure) 2882M->1410M(6254M) 262.458ms
[609.487s][info][gc,cpu         ] GC(268) User=1.56s Sys=0.00s Real=0.26s
) ... OK
   612s: Searching from base IR = 13089
   612s:       rampup IR =      0 ... (rIR:aIR:PR = 0:0:0) (tPR = 0) [OK] 
   615s:       rampup IR =   1309 .... (rIR:aIR:PR = 1309:1294:1294) (tPR = 20220) [OK] 
   619s:       rampup IR =   2618 ..[621.778s][info][gc,start       ] GC(269) Pause Young (Allocation Failure)
[621.969s][info][gc,heap        ] GC(269) PSYoungGen: 2417634K(2417664K)->283104K(2099200K) Eden: 2039296K(2039296K)->0K(1720832K) From: 378338K(378368K)->283104K(378368K)
[621.969s][info][gc,heap        ] GC(269) ParOldGen: 1065826K(3986432K)->1378191K(3986432K)
[621.969s][info][gc,metaspace   ] GC(269) Metaspace: 28994K(29312K)->28994K(29312K) NonClass: 25891K(26048K)->25891K(26048K) Class: 3103K(3264K)->3103K(3264K)
[621.969s][info][gc             ] GC(269) Pause Young (Allocation Failure) 3401M->1622M(5943M) 191.327ms
[621.969s][info][gc,cpu         ] GC(269) User=1.14s Sys=0.00s Real=0.19s
.. (rIR:aIR:PR = 2618:2587:2587) (tPR = 38772) [OK] 
   623s:       rampup IR =   3927 .[625.427s][info][gc,start       ] GC(270) Pause Young (Allocation Failure)
[625.546s][info][gc,heap        ] GC(270) PSYoungGen: 2003936K(2099200K)->114592K(1835520K) Eden: 1720832K(1720832K)->0K(1720832K) From: 283104K(378368K)->114592K(114688K)
[625.546s][info][gc,heap        ] GC(270) ParOldGen: 1378191K(3986432K)->1604328K(3986432K)
[625.546s][info][gc,metaspace   ] GC(270) Metaspace: 28994K(29312K)->28994K(29312K) NonClass: 25891K(26048K)->25891K(26048K) Class: 3103K(3264K)->3103K(3264K)
[625.546s][info][gc             ] GC(270) Pause Young (Allocation Failure) 3302M->1678M(5685M) 119.380ms
[625.546s][info][gc,cpu         ] GC(270) User=0.71s Sys=0.00s Real=0.12s
...[628.541s][info][gc,start       ] GC(271) Pause Young (Allocation Failure)
[628.618s][info][gc,heap        ] GC(271) PSYoungGen: 1835424K(1835520K)->113040K(2259968K) Eden: 1720832K(1720832K)->0K(1720832K) From: 114592K(114688K)->113040K(539136K)
[628.618s][info][gc,heap        ] GC(271) ParOldGen: 1604328K(3986432K)->1691265K(3986432K)
[628.618s][info][gc,metaspace   ] GC(271) Metaspace: 28994K(29312K)->28994K(29312K) NonClass: 25891K(26048K)->25891K(26048K) Class: 3103K(3264K)->3103K(3264K)
[628.618s][info][gc             ] GC(271) Pause Young (Allocation Failure) 3359M->1762M(6100M) 76.354ms
[628.618s][info][gc,cpu         ] GC(271) User=0.45s Sys=0.00s Real=0.08s
. (rIR:aIR:PR = 3927:3833:3833) (tPR = 58502) [OK] 
   628s:       rampup IR =   5236 ..[630.935s][info][gc,start       ] GC(272) Pause Young (Allocation Failure)
[631.011s][info][gc,heap        ] GC(272) PSYoungGen: 1833872K(2259968K)->116688K(1837568K) Eden: 1720832K(1720832K)->0K(1720832K) From: 113040K(539136K)->116688K(116736K)
[631.011s][info][gc,heap        ] GC(272) ParOldGen: 1691265K(3986432K)->1780169K(3986432K)
[631.011s][info][gc,metaspace   ] GC(272) Metaspace: 28994K(29312K)->28994K(29312K) NonClass: 25891K(26048K)->25891K(26048K) Class: 3103K(3264K)->3103K(3264K)
[631.011s][info][gc             ] GC(272) Pause Young (Allocation Failure) 3442M->1852M(5687M) 75.279ms
[631.011s][info][gc,cpu         ] GC(272) User=0.44s Sys=0.00s Real=0.07s
.. (rIR:aIR:PR = 5236:5239:5239) (tPR = 78170) [OK] 
   632s:       rampup IR =   6545 [633.170s][info][gc,start       ] GC(273) Pause Young (Allocation Failure)
[633.247s][info][gc,heap        ] GC(273) PSYoungGen: 1837520K(1837568K)->120912K(2259968K) Eden: 1720832K(1720832K)->0K(1731072K) From: 116688K(116736K)->120912K(528896K)
[633.247s][info][gc,heap        ] GC(273) ParOldGen: 1780169K(3986432K)->1866681K(3986432K)
[633.247s][info][gc,metaspace   ] GC(273) Metaspace: 28996K(29312K)->28996K(29312K) NonClass: 25893K(26048K)->25893K(26048K) Class: 3103K(3264K)->3103K(3264K)
[633.247s][info][gc             ] GC(273) Pause Young (Allocation Failure) 3532M->1941M(6100M) 77.136ms
[633.247s][info][gc,cpu         ] GC(273) User=0.46s Sys=0.00s Real=0.08s
..[635.087s][info][gc,start       ] GC(274) Pause Young (Allocation Failure)
[635.164s][info][gc,heap        ] GC(274) PSYoungGen: 1851984K(2259968K)->119376K(2249728K) Eden: 1731072K(1731072K)->0K(1731072K) From: 120912K(528896K)->119376K(518656K)
[635.164s][info][gc,heap        ] GC(274) ParOldGen: 1866681K(3986432K)->1953945K(3986432K)
[635.164s][info][gc,metaspace   ] GC(274) Metaspace: 28996K(29312K)->28996K(29312K) NonClass: 25893K(26048K)->25893K(26048K) Class: 3103K(3264K)->3103K(3264K)
[635.164s][info][gc             ] GC(274) Pause Young (Allocation Failure) 3631M->2024M(6090M) 76.249ms
[635.164s][info][gc,cpu         ] GC(274) User=0.45s Sys=0.00s Real=0.08s
.. (rIR:aIR:PR = 6545:6608:6608) (tPR = 96180) [OK] 
   636s:       rampup IR =   7853 [636.956s][info][gc,start       ] GC(275) Pause Young (Allocation Failure)
[637.036s][info][gc,heap        ] GC(275) PSYoungGen: 1850448K(2249728K)->123368K(2263040K) Eden: 1731072K(1731072K)->0K(1762816K) From: 119376K(518656K)->123368K(500224K)
[637.036s][info][gc,heap        ] GC(275) ParOldGen: 1953945K(3986432K)->2043161K(3986432K)
[637.036s][info][gc,metaspace   ] GC(275) Metaspace: 28996K(29312K)->28996K(29312K) NonClass: 25893K(26048K)->25893K(26048K) Class: 3103K(3264K)->3103K(3264K)
[637.036s][info][gc             ] GC(275) Pause Young (Allocation Failure) 3715M->2115M(6103M) 80.017ms
[637.036s][info][gc,cpu         ] GC(275) User=0.47s Sys=0.00s Real=0.08s
.[638.527s][info][gc,start       ] GC(276) Pause Young (Allocation Failure)
[638.605s][info][gc,heap        ] GC(276) PSYoungGen: 1886184K(2263040K)->127968K(2254848K) Eden: 1762816K(1762816K)->0K(1762816K) From: 123368K(500224K)->127968K(492032K)
[638.605s][info][gc,heap        ] GC(276) ParOldGen: 2043161K(3986432K)->2127817K(3986432K)
[638.605s][info][gc,metaspace   ] GC(276) Metaspace: 28996K(29312K)->28996K(29312K) NonClass: 25893K(26048K)->25893K(26048K) Class: 3103K(3264K)->3103K(3264K)
[638.605s][info][gc             ] GC(276) Pause Young (Allocation Failure) 3837M->2202M(6095M) 78.188ms
[638.605s][info][gc,cpu         ] GC(276) User=0.46s Sys=0.01s Real=0.08s
..[640.091s][info][gc,start       ] GC(277) Pause Young (Allocation Failure)
[640.167s][info][gc,heap        ] GC(277) PSYoungGen: 1890784K(2254848K)->115776K(2289152K) Eden: 1762816K(1762816K)->0K(1818624K) From: 127968K(492032K)->115776K(470528K)
[640.167s][info][gc,heap        ] GC(277) ParOldGen: 2127817K(3986432K)->2218313K(3986432K)
[640.167s][info][gc,metaspace   ] GC(277) Metaspace: 28996K(29312K)->28996K(29312K) NonClass: 25893K(26048K)->25893K(26048K) Class: 3103K(3264K)->3103K(3264K)
[640.167s][info][gc             ] GC(277) Pause Young (Allocation Failure) 3924M->2279M(6128M) 75.159ms
[640.167s][info][gc,cpu         ] GC(277) User=0.45s Sys=0.00s Real=0.08s
. (rIR:aIR:PR = 7853:8029:8029) (tPR = 119772) [OK] 
   640s:       rampup IR =   9162 [641.618s][info][gc,start       ] GC(278) Pause Young (Allocation Failure)
[641.694s][info][gc,heap        ] GC(278) PSYoungGen: 1934400K(2289152K)->118560K(2279424K) Eden: 1818624K(1818624K)->0K(1818624K) From: 115776K(470528K)->118560K(460800K)
[641.694s][info][gc,heap        ] GC(278) ParOldGen: 2218313K(3986432K)->2303049K(3986432K)
[641.694s][info][gc,metaspace   ] GC(278) Metaspace: 28996K(29312K)->28996K(29312K) NonClass: 25893K(26048K)->25893K(26048K) Class: 3103K(3264K)->3103K(3264K)
[641.694s][info][gc             ] GC(278) Pause Young (Allocation Failure) 4055M->2364M(6119M) 75.863ms
[641.694s][info][gc,cpu         ] GC(278) User=0.45s Sys=0.00s Real=0.08s
..[643.059s][info][gc,start       ] GC(279) Pause Young (Allocation Failure)
[643.142s][info][gc,heap        ] GC(279) PSYoungGen: 1937184K(2279424K)->131968K(2316800K) Eden: 1818624K(1818624K)->0K(1883136K) From: 118560K(460800K)->131968K(433664K)
[643.142s][info][gc,heap        ] GC(279) ParOldGen: 2303049K(3986432K)->2394818K(3986432K)
[643.142s][info][gc,metaspace   ] GC(279) Metaspace: 28996K(29312K)->28996K(29312K) NonClass: 25893K(26048K)->25893K(26048K) Class: 3103K(3264K)->3103K(3264K)
[643.142s][info][gc             ] GC(279) Pause Young (Allocation Failure) 4140M->2467M(6155M) 83.111ms
[643.142s][info][gc,cpu         ] GC(279) User=0.49s Sys=0.00s Real=0.08s
.[644.537s][info][gc,start       ] GC(280) Pause Young (Allocation Failure)
[644.616s][info][gc,heap        ] GC(280) PSYoungGen: 2015104K(2316800K)->125877K(2310144K) Eden: 1883136K(1883136K)->0K(1883136K) From: 131968K(433664K)->125877K(427008K)
[644.616s][info][gc,heap        ] GC(280) ParOldGen: 2394818K(3986432K)->2480682K(3986432K)
[644.616s][info][gc,metaspace   ] GC(280) Metaspace: 28996K(29312K)->28996K(29312K) NonClass: 25893K(26048K)->25893K(26048K) Class: 3103K(3264K)->3103K(3264K)
[644.616s][info][gc             ] GC(280) Pause Young (Allocation Failure) 4306M->2545M(6149M) 79.119ms
[644.616s][info][gc,cpu         ] GC(280) User=0.47s Sys=0.00s Real=0.08s
. (rIR:aIR:PR = 9162:9102:9076) (tPR = 143000) [OK] 
   644s:       rampup IR =  10471 .[645.984s][info][gc,start       ] GC(281) Pause Young (Allocation Failure)
[646.073s][info][gc,heap        ] GC(281) PSYoungGen: 2009013K(2310144K)->143173K(2349568K) Eden: 1883136K(1883136K)->0K(1954816K) From: 125877K(427008K)->143173K(394752K)
[646.073s][info][gc,heap        ] GC(281) ParOldGen: 2480682K(3986432K)->2572286K(3986432K)
[646.073s][info][gc,metaspace   ] GC(281) Metaspace: 28996K(29312K)->28996K(29312K) NonClass: 25893K(26048K)->25893K(26048K) Class: 3103K(3264K)->3103K(3264K)
[646.073s][info][gc             ] GC(281) Pause Young (Allocation Failure) 4384M->2651M(6187M) 88.674ms
[646.073s][info][gc,cpu         ] GC(281) User=0.52s Sys=0.00s Real=0.08s
.[647.255s][info][gc,start       ] GC(282) Pause Young (Allocation Failure)
[647.342s][info][gc,heap        ] GC(282) PSYoungGen: 2097989K(2349568K)->143775K(2345984K) Eden: 1954816K(1954816K)->0K(1954816K) From: 143173K(394752K)->143775K(391168K)
[647.342s][info][gc,heap        ] GC(282) ParOldGen: 2572286K(3986432K)->2663494K(3986432K)
[647.342s][info][gc,metaspace   ] GC(282) Metaspace: 28996K(29312K)->28996K(29312K) NonClass: 25893K(26048K)->25893K(26048K) Class: 3103K(3264K)->3103K(3264K)
[647.342s][info][gc             ] GC(282) Pause Young (Allocation Failure) 4560M->2741M(6184M) 87.014ms
[647.342s][info][gc,cpu         ] GC(282) User=0.51s Sys=0.00s Real=0.08s
.[648.639s][info][gc,start       ] GC(283) Pause Young (Allocation Failure)
[648.725s][info][gc,heap        ] GC(283) PSYoungGen: 2098591K(2345984K)->132004K(2390016K) Eden: 1954816K(1954816K)->0K(2024960K) From: 143775K(391168K)->132004K(365056K)
[648.725s][info][gc,heap        ] GC(283) ParOldGen: 2663494K(3986432K)->2756761K(3986432K)
[648.725s][info][gc,metaspace   ] GC(283) Metaspace: 28996K(29312K)->28996K(29312K) NonClass: 25893K(26048K)->25893K(26048K) Class: 3103K(3264K)->3103K(3264K)
[648.725s][info][gc             ] GC(283) Pause Young (Allocation Failure) 4650M->2821M(6227M) 85.583ms
[648.725s][info][gc,cpu         ] GC(283) User=0.51s Sys=0.00s Real=0.09s
. (rIR:aIR:PR = 10471:10225:10087) (tPR = 149698) [OK] 
   648s:       rampup IR =  11780 .[649.983s][info][gc,start       ] GC(284) Pause Young (Allocation Failure)
[650.070s][info][gc,heap        ] GC(284) PSYoungGen: 2156964K(2390016K)->143712K(2382848K) Eden: 2024960K(2024960K)->0K(2024960K) From: 132004K(365056K)->143712K(357888K)
[650.070s][info][gc,heap        ] GC(284) ParOldGen: 2756761K(3986432K)->2848801K(3986432K)
[650.070s][info][gc,metaspace   ] GC(284) Metaspace: 28996K(29312K)->28996K(29312K) NonClass: 25893K(26048K)->25893K(26048K) Class: 3103K(3264K)->3103K(3264K)
[650.070s][info][gc             ] GC(284) Pause Young (Allocation Failure) 4798M->2922M(6220M) 87.398ms
[650.070s][info][gc,cpu         ] GC(284) User=0.52s Sys=0.00s Real=0.09s
.[651.253s][info][gc,start       ] GC(285) Pause Young (Allocation Failure)
[651.344s][info][gc,heap        ] GC(285) PSYoungGen: 2168672K(2382848K)->149552K(2421760K) Eden: 2024960K(2024960K)->0K(2089472K) From: 143712K(357888K)->149552K(332288K)
[651.344s][info][gc,heap        ] GC(285) ParOldGen: 2848801K(3986432K)->2946449K(3986432K)
[651.344s][info][gc,metaspace   ] GC(285) Metaspace: 28996K(29312K)->28996K(29312K) NonClass: 25893K(26048K)->25893K(26048K) Class: 3103K(3264K)->3103K(3264K)
[651.344s][info][gc             ] GC(285) Pause Young (Allocation Failure) 4899M->3023M(6258M) 91.040ms
[651.344s][info][gc,cpu         ] GC(285) User=0.53s Sys=0.00s Real=0.10s
.[652.538s][info][gc,start       ] GC(286) Pause Young (Allocation Failure)
[652.623s][info][gc,heap        ] GC(286) PSYoungGen: 2239024K(2421760K)->136613K(2414592K) Eden: 2089472K(2089472K)->0K(2089472K) From: 149552K(332288K)->136613K(325120K)
[652.624s][info][gc,heap        ] GC(286) ParOldGen: 2946449K(3986432K)->3040229K(3986432K)
[652.624s][info][gc,metaspace   ] GC(286) Metaspace: 28996K(29312K)->28996K(29312K) NonClass: 25893K(26048K)->25893K(26048K) Class: 3103K(3264K)->3103K(3264K)
[652.624s][info][gc             ] GC(286) Pause Young (Allocation Failure) 5063M->3102M(6251M) 85.910ms
[652.624s][info][gc,cpu         ] GC(286) User=0.50s Sys=0.00s Real=0.09s
. (rIR:aIR:PR = 11780:11436:11416) (tPR = 168017) [OK] 
   652s:       rampup IR =  13089 [653.836s][info][gc,start       ] GC(287) Pause Young (Allocation Failure)
[653.928s][info][gc,heap        ] GC(287) PSYoungGen: 2226085K(2414592K)->151845K(2456064K) Eden: 2089472K(2089472K)->0K(2153472K) From: 136613K(325120K)->151845K(302592K)
[653.928s][info][gc,heap        ] GC(287) ParOldGen: 3040229K(3986432K)->3135205K(3986432K)
[653.928s][info][gc,metaspace   ] GC(287) Metaspace: 28996K(29312K)->28996K(29312K) NonClass: 25893K(26048K)->25893K(26048K) Class: 3103K(3264K)->3103K(3264K)
[653.928s][info][gc             ] GC(287) Pause Young (Allocation Failure) 5142M->3210M(6291M) 92.337ms
[653.928s][info][gc,cpu         ] GC(287) User=0.54s Sys=0.00s Real=0.09s
..[655.067s][info][gc,start       ] GC(288) Pause Young (Allocation Failure)
[655.158s][info][gc,heap        ] GC(288) PSYoungGen: 2305317K(2456064K)->150752K(2450944K) Eden: 2153472K(2153472K)->0K(2153472K) From: 151845K(302592K)->150752K(297472K)
[655.158s][info][gc,heap        ] GC(288) ParOldGen: 3135205K(3986432K)->3233133K(3986432K)
[655.158s][info][gc,metaspace   ] GC(288) Metaspace: 28996K(29312K)->28996K(29312K) NonClass: 25893K(26048K)->25893K(26048K) Class: 3103K(3264K)->3103K(3264K)
[655.158s][info][gc             ] GC(288) Pause Young (Allocation Failure) 5313M->3304M(6286M) 91.198ms
[655.158s][info][gc,cpu         ] GC(288) User=0.54s Sys=0.00s Real=0.09s
.[656.338s][info][gc,start       ] GC(289) Pause Young (Allocation Failure)
[656.432s][info][gc,heap        ] GC(289) PSYoungGen: 2304224K(2450944K)->152224K(2486272K) Eden: 2153472K(2153472K)->0K(2208256K) From: 150752K(297472K)->152224K(278016K)
[656.432s][info][gc,heap        ] GC(289) ParOldGen: 3233133K(3986432K)->3334750K(3986432K)
[656.432s][info][gc,metaspace   ] GC(289) Metaspace: 28996K(29312K)->28996K(29312K) NonClass: 25893K(26048K)->25893K(26048K) Class: 3103K(3264K)->3103K(3264K)
[656.432s][info][gc             ] GC(289) Pause Young (Allocation Failure) 5407M->3405M(6321M) 93.344ms
[656.432s][info][gc,cpu         ] GC(289) User=0.55s Sys=0.00s Real=0.09s
.[657.655s][info][gc,start       ] GC(290) Pause Young (Allocation Failure)
[657.748s][info][gc,heap        ] GC(290) PSYoungGen: 2360480K(2486272K)->149856K(2480640K) Eden: 2208256K(2208256K)->0K(2208256K) From: 152224K(278016K)->149856K(272384K)
[657.748s][info][gc,heap        ] GC(290) ParOldGen: 3334750K(3986432K)->3430782K(3986432K)
[657.748s][info][gc,metaspace   ] GC(290) Metaspace: 28996K(29312K)->28996K(29312K) NonClass: 25893K(26048K)->25893K(26048K) Class: 3103K(3264K)->3103K(3264K)
[657.748s][info][gc             ] GC(290) Pause Young (Allocation Failure) 5561M->3496M(6315M) 93.299ms
[657.748s][info][gc,cpu         ] GC(290) User=0.55s Sys=0.01s Real=0.09s
. (rIR:aIR:PR = 13089:12689:12641) (tPR = 187597) [OK] 
   658s:    snapshot, IR =  13089 [658.984s][info][gc,start       ] GC(291) Pause Young (Allocation Failure)
[659.087s][info][gc,heap        ] GC(291) PSYoungGen: 2358112K(2480640K)->159265K(2514432K) Eden: 2208256K(2208256K)->0K(2254848K) From: 149856K(272384K)->159265K(259584K)
[659.087s][info][gc,heap        ] GC(291) ParOldGen: 3430782K(3986432K)->3535822K(3986432K)
[659.087s][info][gc,metaspace   ] GC(291) Metaspace: 28996K(29312K)->28996K(29312K) NonClass: 25893K(26048K)->25893K(26048K) Class: 3103K(3264K)->3103K(3264K)
[659.087s][info][gc             ] GC(291) Pause Young (Allocation Failure) 5653M->3608M(6348M) 103.249ms
[659.087s][info][gc,cpu         ] GC(291) User=0.61s Sys=0.00s Real=0.10s
.[660.277s][info][gc,start       ] GC(292) Pause Young (Allocation Failure)
[660.371s][info][gc,heap        ] GC(292) PSYoungGen: 2414113K(2514432K)->152500K(2507264K) Eden: 2254848K(2254848K)->0K(2254848K) From: 159265K(259584K)->152500K(252416K)
[660.371s][info][gc,heap        ] GC(292) ParOldGen: 3535822K(3986432K)->3632222K(3986432K)
[660.371s][info][gc,metaspace   ] GC(292) Metaspace: 28996K(29312K)->28996K(29312K) NonClass: 25893K(26048K)->25893K(26048K) Class: 3103K(3264K)->3103K(3264K)
[660.371s][info][gc             ] GC(292) Pause Young (Allocation Failure) 5810M->3696M(6341M) 94.431ms
[660.371s][info][gc,cpu         ] GC(292) User=0.55s Sys=0.00s Real=0.09s
.[661.625s][info][gc,start       ] GC(293) Pause Young (Allocation Failure)
[661.727s][info][gc,heap        ] GC(293) PSYoungGen: 2407348K(2507264K)->174704K(2528768K) Eden: 2254848K(2254848K)->0K(2285568K) From: 152500K(252416K)->174704K(243200K)
[661.727s][info][gc,heap        ] GC(293) ParOldGen: 3632222K(3986432K)->3731982K(3986432K)
[661.727s][info][gc,metaspace   ] GC(293) Metaspace: 28996K(29312K)->28996K(29312K) NonClass: 25893K(26048K)->25893K(26048K) Class: 3103K(3264K)->3103K(3264K)
[661.727s][info][gc             ] GC(293) Pause Young (Allocation Failure) 5898M->3815M(6362M) 101.936ms
[661.727s][info][gc,cpu         ] GC(293) User=0.60s Sys=0.00s Real=0.10s
.[662.997s][info][gc,start       ] GC(294) Pause Young (Allocation Failure)
[663.092s][info][gc,heap        ] GC(294) PSYoungGen: 2460272K(2528768K)->146624K(2527232K) Eden: 2285568K(2285568K)->0K(2285568K) From: 174704K(243200K)->146624K(241664K)
[663.092s][info][gc,heap        ] GC(294) ParOldGen: 3731982K(3986432K)->3841086K(3986432K)
[663.092s][info][gc,metaspace   ] GC(294) Metaspace: 28996K(29312K)->28996K(29312K) NonClass: 25893K(26048K)->25893K(26048K) Class: 3103K(3264K)->3103K(3264K)
[663.092s][info][gc             ] GC(294) Pause Young (Allocation Failure) 6047M->3894M(6361M) 95.173ms
[663.092s][info][gc,cpu         ] GC(294) User=0.56s Sys=0.00s Real=0.09s
.[664.328s][info][gc,start       ] GC(295) Pause Young (Allocation Failure)
[664.423s][info][gc,heap        ] GC(295) PSYoungGen: 2432192K(2527232K)->155616K(2546688K) Eden: 2285568K(2285568K)->0K(2318848K) From: 146624K(241664K)->155616K(227840K)
[664.423s][info][gc,heap        ] GC(295) ParOldGen: 3841086K(3986432K)->3942286K(3986432K)
[664.423s][info][gc,metaspace   ] GC(295) Metaspace: 28996K(29312K)->28996K(29312K) NonClass: 25893K(26048K)->25893K(26048K) Class: 3103K(3264K)->3103K(3264K)
[664.423s][info][gc             ] GC(295) Pause Young (Allocation Failure) 6126M->4001M(6380M) 95.455ms
[664.424s][info][gc,cpu         ] GC(295) User=0.56s Sys=0.00s Real=0.10s
.[665.703s][info][gc,start       ] GC(296) Pause Young (Allocation Failure)
[665.800s][info][gc,heap        ] GC(296) PSYoungGen: 2474464K(2546688K)->153424K(2546176K) Eden: 2318848K(2318848K)->0K(2318848K) From: 155616K(227840K)->153424K(227328K)
[665.801s][info][gc,heap        ] GC(296) ParOldGen: 3942286K(3986432K)->4044982K(4045312K)
[665.801s][info][gc,metaspace   ] GC(296) Metaspace: 28996K(29312K)->28996K(29312K) NonClass: 25893K(26048K)->25893K(26048K) Class: 3103K(3264K)->3103K(3264K)
[665.801s][info][gc             ] GC(296) Pause Young (Allocation Failure) 6266M->4100M(6437M) 97.914ms
[665.801s][info][gc,cpu         ] GC(296) User=0.56s Sys=0.02s Real=0.10s
..[667.064s][info][gc,start       ] GC(297) Pause Young (Allocation Failure)
[667.169s][info][gc,heap        ] GC(297) PSYoungGen: 2472272K(2546176K)->159288K(2563584K) Eden: 2318848K(2318848K)->0K(2345984K) From: 153424K(227328K)->159288K(217600K)
[667.169s][info][gc,heap        ] GC(297) ParOldGen: 4044982K(4045312K)->4151326K(4151808K)
[667.169s][info][gc,metaspace   ] GC(297) Metaspace: 28996K(29312K)->28996K(29312K) NonClass: 25893K(26048K)->25893K(26048K) Class: 3103K(3264K)->3103K(3264K)
[667.169s][info][gc             ] GC(297) Pause Young (Allocation Failure) 6364M->4209M(6558M) 105.028ms
[667.169s][info][gc,cpu         ] GC(297) User=0.59s Sys=0.03s Real=0.10s
.[668.303s][info][gc,start       ] GC(298) Pause Young (Allocation Failure)
[668.411s][info][gc,heap        ] GC(298) PSYoungGen: 2505272K(2563584K)->179168K(2561536K) Eden: 2345984K(2345984K)->0K(2345984K) From: 159288K(217600K)->179168K(215552K)
[668.411s][info][gc,heap        ] GC(298) ParOldGen: 4151326K(4151808K)->4248966K(4249088K)
[668.411s][info][gc,metaspace   ] GC(298) Metaspace: 28996K(29312K)->28996K(29312K) NonClass: 25893K(26048K)->25893K(26048K) Class: 3103K(3264K)->3103K(3264K)
[668.411s][info][gc             ] GC(298) Pause Young (Allocation Failure) 6500M->4324M(6651M) 107.938ms
[668.411s][info][gc,cpu         ] GC(298) User=0.61s Sys=0.03s Real=0.10s
.[669.694s][info][gc,start       ] GC(299) Pause Young (Allocation Failure)
[669.813s][info][gc,heap        ] GC(299) PSYoungGen: 2525152K(2561536K)->179272K(2573824K) Eden: 2345984K(2345984K)->0K(2355712K) From: 179168K(215552K)->179272K(218112K)
[669.813s][info][gc,heap        ] GC(299) ParOldGen: 4248966K(4249088K)->4359950K(4360192K)
[669.813s][info][gc,metaspace   ] GC(299) Metaspace: 28996K(29312K)->28996K(29312K) NonClass: 25893K(26048K)->25893K(26048K) Class: 3103K(3264K)->3103K(3264K)
[669.813s][info][gc             ] GC(299) Pause Young (Allocation Failure) 6615M->4432M(6771M) 118.562ms
[669.813s][info][gc,cpu         ] GC(299) User=0.64s Sys=0.06s Real=0.11s
.[671.083s][info][gc,start       ] GC(300) Pause Young (Allocation Failure)
[671.186s][info][gc,heap        ] GC(300) PSYoungGen: 2534984K(2573824K)->156885K(2512896K) Eden: 2355712K(2355712K)->0K(2355712K) From: 179272K(218112K)->156885K(157184K)
[671.186s][info][gc,heap        ] GC(300) ParOldGen: 4359950K(4360192K)->4466350K(4466688K)
[671.186s][info][gc,metaspace   ] GC(300) Metaspace: 28996K(29312K)->28996K(29312K) NonClass: 25893K(26048K)->25893K(26048K) Class: 3103K(3264K)->3103K(3264K)
[671.186s][info][gc             ] GC(300) Pause Young (Allocation Failure) 6733M->4514M(6816M) 102.572ms
[671.186s][info][gc,cpu         ] GC(300) User=0.59s Sys=0.02s Real=0.11s
.[672.374s][info][gc,start       ] GC(301) Pause Young (Allocation Failure)
[672.479s][info][gc,heap        ] GC(301) PSYoungGen: 2512597K(2512896K)->165504K(2575872K) Eden: 2355712K(2355712K)->0K(2361344K) From: 156885K(157184K)->165504K(214528K)
[672.479s][info][gc,heap        ] GC(301) ParOldGen: 4466350K(4466688K)->4567990K(4568064K)
[672.479s][info][gc,metaspace   ] GC(301) Metaspace: 28996K(29312K)->28996K(29312K) NonClass: 25893K(26048K)->25893K(26048K) Class: 3103K(3264K)->3103K(3264K)
[672.479s][info][gc             ] GC(301) Pause Young (Allocation Failure) 6815M->4622M(6976M) 105.304ms
[672.479s][info][gc,cpu         ] GC(301) User=0.60s Sys=0.02s Real=0.10s
.[673.798s][info][gc,start       ] GC(302) Pause Young (Allocation Failure)
[673.915s][info][gc,heap        ] GC(302) PSYoungGen: 2526848K(2575872K)->182113K(2572288K) Eden: 2361344K(2361344K)->0K(2361344K) From: 165504K(214528K)->182113K(210944K)
[673.915s][info][gc,heap        ] GC(302) ParOldGen: 4567990K(4568064K)->4679806K(4680192K)
[673.915s][info][gc,metaspace   ] GC(302) Metaspace: 28996K(29312K)->28996K(29312K) NonClass: 25893K(26048K)->25893K(26048K) Class: 3103K(3264K)->3103K(3264K)
[673.915s][info][gc             ] GC(302) Pause Young (Allocation Failure) 6928M->4747M(7082M) 116.847ms
[673.915s][info][gc,cpu         ] GC(302) User=0.65s Sys=0.03s Real=0.12s
.[675.236s][info][gc,start       ] GC(303) Pause Young (Allocation Failure)
[675.345s][info][gc,heap        ] GC(303) PSYoungGen: 2543457K(2572288K)->162261K(2577920K) Eden: 2361344K(2361344K)->0K(2371072K) From: 182113K(210944K)->162261K(206848K)
[675.345s][info][gc,heap        ] GC(303) ParOldGen: 4679806K(4680192K)->4790526K(4790784K)
[675.345s][info][gc,metaspace   ] GC(303) Metaspace: 28996K(29312K)->28996K(29312K) NonClass: 25893K(26048K)->25893K(26048K) Class: 3103K(3264K)->3103K(3264K)
[675.345s][info][gc             ] GC(303) Pause Young (Allocation Failure) 7053M->4836M(7196M) 108.825ms
[675.345s][info][gc,cpu         ] GC(303) User=0.60s Sys=0.05s Real=0.11s
.[676.529s][info][gc,start       ] GC(304) Pause Young (Allocation Failure)
[676.684s][info][gc,heap        ] GC(304) PSYoungGen: 2533333K(2577920K)->184884K(2579968K) Eden: 2371072K(2371072K)->0K(2371072K) From: 162261K(206848K)->184884K(208896K)
[676.684s][info][gc,heap        ] GC(304) ParOldGen: 4790526K(4790784K)->4886230K(4886528K)
[676.684s][info][gc,metaspace   ] GC(304) Metaspace: 28996K(29312K)->28996K(29312K) NonClass: 25893K(26048K)->25893K(26048K) Class: 3103K(3264K)->3103K(3264K)
[676.684s][info][gc             ] GC(304) Pause Young (Allocation Failure) 7152M->4952M(7291M) 154.906ms
[676.684s][info][gc,cpu         ] GC(304) User=0.62s Sys=0.03s Real=0.16s
.[677.981s][info][gc,start       ] GC(305) Pause Young (Allocation Failure)
[678.090s][info][gc,heap        ] GC(305) PSYoungGen: 2555956K(2579968K)->168240K(2583552K) Eden: 2371072K(2371072K)->0K(2374656K) From: 184884K(208896K)->168240K(208896K)
[678.090s][info][gc,heap        ] GC(305) ParOldGen: 4886230K(4886528K)->4995662K(4996096K)
[678.090s][info][gc,metaspace   ] GC(305) Metaspace: 28996K(29312K)->28996K(29312K) NonClass: 25893K(26048K)->25893K(26048K) Class: 3103K(3264K)->3103K(3264K)
[678.090s][info][gc             ] GC(305) Pause Young (Allocation Failure) 7267M->5042M(7402M) 109.764ms
[678.090s][info][gc,cpu         ] GC(305) User=0.62s Sys=0.03s Real=0.11s
.[679.372s][info][gc,start       ] GC(306) Pause Young (Allocation Failure)
[679.479s][info][gc,heap        ] GC(306) PSYoungGen: 2542896K(2583552K)->167104K(2583552K) Eden: 2374656K(2374656K)->0K(2374656K) From: 168240K(208896K)->167104K(208896K)
[679.479s][info][gc,heap        ] GC(306) ParOldGen: 4995662K(4996096K)->5103366K(5103616K)
[679.479s][info][gc,metaspace   ] GC(306) Metaspace: 28996K(29312K)->28996K(29312K) NonClass: 25893K(26048K)->25893K(26048K) Class: 3103K(3264K)->3103K(3264K)
[679.479s][info][gc             ] GC(306) Pause Young (Allocation Failure) 7361M->5146M(7507M) 106.789ms
[679.479s][info][gc,cpu         ] GC(306) User=0.60s Sys=0.03s Real=0.11s
.[680.727s][info][gc,start       ] GC(307) Pause Young (Allocation Failure)
[680.854s][info][gc,heap        ] GC(307) PSYoungGen: 2541760K(2583552K)->198464K(2574336K) Eden: 2374656K(2374656K)->0K(2369024K) From: 167104K(208896K)->198464K(205312K)
[680.854s][info][gc,heap        ] GC(307) ParOldGen: 5103366K(5103616K)->5216526K(5216768K)
[680.854s][info][gc,metaspace   ] GC(307) Metaspace: 28996K(29312K)->28996K(29312K) NonClass: 25893K(26048K)->25893K(26048K) Class: 3103K(3264K)->3103K(3264K)
[680.854s][info][gc             ] GC(307) Pause Young (Allocation Failure) 7465M->5288M(7608M) 127.130ms
[680.854s][info][gc,cpu         ] GC(307) User=0.70s Sys=0.06s Real=0.13s
.[682.093s][info][gc,start       ] GC(308) Pause Young (Allocation Failure)
[682.207s][info][gc,heap        ] GC(308) PSYoungGen: 2567488K(2574336K)->164896K(2582528K) Eden: 2369024K(2369024K)->0K(2369024K) From: 198464K(205312K)->164896K(213504K)
[682.207s][info][gc,heap        ] GC(308) ParOldGen: 5216526K(5216768K)->5336478K(5336576K)
[682.207s][info][gc,metaspace   ] GC(308) Metaspace: 29005K(29312K)->29005K(29312K) NonClass: 25901K(26048K)->25901K(26048K) Class: 3103K(3264K)->3103K(3264K)
[682.207s][info][gc             ] GC(308) Pause Young (Allocation Failure) 7601M->5372M(7733M) 113.327ms
[682.207s][info][gc,cpu         ] GC(308) User=0.64s Sys=0.03s Real=0.11s
.[683.447s][info][gc,start       ] GC(309) Pause Young (Allocation Failure)
[683.616s][info][gc,heap        ] GC(309) PSYoungGen: 2533920K(2582528K)->191936K(2576896K) Eden: 2369024K(2369024K)->0K(2366976K) From: 164896K(213504K)->191936K(209920K)
[683.616s][info][gc,heap        ] GC(309) ParOldGen: 5336478K(5336576K)->5456326K(5456384K)
[683.616s][info][gc,metaspace   ] GC(309) Metaspace: 29005K(29312K)->29005K(29312K) NonClass: 25901K(26048K)->25901K(26048K) Class: 3103K(3264K)->3103K(3264K)
[683.616s][info][gc             ] GC(309) Pause Young (Allocation Failure) 7685M->5515M(7845M) 168.137ms
[683.616s][info][gc,cpu         ] GC(309) User=0.67s Sys=0.06s Real=0.17s
.[684.937s][info][gc,start       ] GC(310) Pause Young (Allocation Failure)
[685.047s][info][gc,heap        ] GC(310) PSYoungGen: 2558912K(2576896K)->165476K(2581504K) Eden: 2366976K(2366976K)->0K(2366976K) From: 191936K(209920K)->165476K(214528K)
[685.047s][info][gc,heap        ] GC(310) ParOldGen: 5456326K(5456384K)->5567766K(5568000K)
[685.047s][info][gc,metaspace   ] GC(310) Metaspace: 29005K(29312K)->29005K(29312K) NonClass: 25901K(26048K)->25901K(26048K) Class: 3103K(3264K)->3103K(3264K)
[685.047s][info][gc             ] GC(310) Pause Young (Allocation Failure) 7827M->5598M(7958M) 110.056ms
[685.047s][info][gc,cpu         ] GC(310) User=0.60s Sys=0.04s Real=0.11s
.[686.271s][info][gc,start       ] GC(311) Pause Full (Allocation Failure)
[686.271s][info][gc,phases,start] GC(311) Marking Phase
[686.638s][info][gc,phases      ] GC(311) Marking Phase 366.688ms
[686.638s][info][gc,phases,start] GC(311) Summary Phase
[686.638s][info][gc,phases      ] GC(311) Summary Phase 0.114ms
[686.638s][info][gc,phases,start] GC(311) Forward
[686.784s][info][gc,phases      ] GC(311) Forward 145.726ms
[686.784s][info][gc,phases,start] GC(311) Adjust Pointers
[687.016s][info][gc,phases      ] GC(311) Adjust Pointers 232.653ms
[687.016s][info][gc,phases,start] GC(311) Compaction Phase
[687.197s][info][gc,phases      ] GC(311) Compaction Phase 180.456ms
[687.199s][info][gc,phases,start] GC(311) Post Compact
[687.206s][info][gc,phases      ] GC(311) Post Compact 7.037ms
[687.324s][info][gc,heap        ] GC(311) PSYoungGen: 2532452K(2581504K)->0K(2580480K) Eden: 2366976K(2366976K)->0K(2370560K) From: 165476K(214528K)->0K(209920K)
[687.324s][info][gc,heap        ] GC(311) ParOldGen: 5567766K(5568000K)->1635864K(1870848K)
[687.324s][info][gc,metaspace   ] GC(311) Metaspace: 29005K(29312K)->29005K(29312K) NonClass: 25901K(26048K)->25901K(26048K) Class: 3103K(3264K)->3103K(3264K)
[687.324s][info][gc             ] GC(311) Pause Full (Allocation Failure) 7910M->1597M(4347M) 1052.838ms
[687.324s][info][gc,cpu         ] GC(311) User=4.83s Sys=0.12s Real=1.06s
?.[688.617s][info][gc,start       ] GC(312) Pause Young (Allocation Failure)
[688.690s][info][gc,heap        ] GC(312) PSYoungGen: 2370560K(2580480K)->170112K(2581504K) Eden: 2370560K(2370560K)->0K(2370560K) From: 0K(209920K)->170112K(210944K)
[688.690s][info][gc,heap        ] GC(312) ParOldGen: 1635864K(1870848K)->1635864K(1870848K)
[688.690s][info][gc,metaspace   ] GC(312) Metaspace: 29005K(29312K)->29005K(29312K) NonClass: 25901K(26048K)->25901K(26048K) Class: 3103K(3264K)->3103K(3264K)
[688.690s][info][gc             ] GC(312) Pause Young (Allocation Failure) 3912M->1763M(4348M) 73.094ms
[688.690s][info][gc,cpu         ] GC(312) User=0.43s Sys=0.00s Real=0.07s
?. (rIR:aIR:PR = 13089:13030:11900) (tPR = 178667) [PR is under limit] 
   689s: Re-initializing (term[689.907s][info][gc,start       ] GC(313) Pause Young (Allocation Failure)
[690.013s][info][gc,heap        ] GC(313) PSYoungGen: 2540672K(2581504K)->190122K(2577920K) Eden: 2370560K(2370560K)->0K(2371072K) From: 170112K(210944K)->190122K(206848K)
[690.013s][info][gc,heap        ] GC(313) ParOldGen: 1635864K(1870848K)->1738484K(1870848K)
[690.013s][info][gc,metaspace   ] GC(313) Metaspace: 29005K(29312K)->29005K(29312K) NonClass: 25901K(26048K)->25901K(26048K) Class: 3103K(3264K)->3103K(3264K)
[690.013s][info][gc             ] GC(313) Pause Young (Allocation Failure) 4078M->1883M(4344M) 106.691ms
[690.013s][info][gc,cpu         ] GC(313) User=0.64s Sys=0.00s Real=0.11s
[691.209s][info][gc,start       ] GC(314) Pause Young (Allocation Failure)
[691.320s][info][gc,heap        ] GC(314) PSYoungGen: 2561194K(2577920K)->190996K(2582016K) Eden: 2371072K(2371072K)->0K(2371072K) From: 190122K(206848K)->190996K(210944K)
[691.320s][info][gc,heap        ] GC(314) ParOldGen: 1738484K(1870848K)->1846084K(1870848K)
[691.320s][info][gc,metaspace   ] GC(314) Metaspace: 29005K(29312K)->29005K(29312K) NonClass: 25901K(26048K)->25901K(26048K) Class: 3103K(3264K)->3103K(3264K)
[691.320s][info][gc             ] GC(314) Pause Young (Allocation Failure) 4198M->1989M(4348M) 111.051ms
[691.320s][info][gc,cpu         ] GC(314) User=0.65s Sys=0.00s Real=0.11s
) [692.612s][info][gc,start       ] GC(315) Pause Full (System.gc())
[692.612s][info][gc,phases,start] GC(315) Marking Phase
[692.634s][info][gc,phases      ] GC(315) Marking Phase 21.659ms
[692.634s][info][gc,phases,start] GC(315) Summary Phase
[692.634s][info][gc,phases      ] GC(315) Summary Phase 0.046ms
[692.634s][info][gc,phases,start] GC(315) Forward
[692.638s][info][gc,phases      ] GC(315) Forward 3.660ms
[692.638s][info][gc,phases,start] GC(315) Adjust Pointers
[692.653s][info][gc,phases      ] GC(315) Adjust Pointers 15.364ms
[692.653s][info][gc,phases,start] GC(315) Compaction Phase
[692.664s][info][gc,phases      ] GC(315) Compaction Phase 10.796ms
[692.664s][info][gc,phases,start] GC(315) Post Compact
[692.667s][info][gc,phases      ] GC(315) Post Compact 3.416ms
[692.667s][info][gc,heap        ] GC(315) PSYoungGen: 2486528K(2582016K)->0K(2582016K) Eden: 2295532K(2371072K)->0K(2371072K) From: 190996K(210944K)->0K(210944K)
[692.667s][info][gc,heap        ] GC(315) ParOldGen: 1846084K(1870848K)->322864K(1870848K)
[692.667s][info][gc,metaspace   ] GC(315) Metaspace: 29006K(29312K)->29006K(29312K) NonClass: 25902K(26048K)->25902K(26048K) Class: 3103K(3264K)->3103K(3264K)
[692.667s][info][gc             ] GC(315) Pause Full (System.gc()) 4231M->315M(4348M) 55.193ms
[692.667s][info][gc,cpu         ] GC(315) User=0.23s Sys=0.00s Real=0.06s
(init[694.258s][info][gc,start       ] GC(316) Pause Young (Allocation Failure)
[694.527s][info][gc,heap        ] GC(316) PSYoungGen: 2371072K(2582016K)->214003K(2269696K) Eden: 2371072K(2371072K)->0K(2055680K) From: 0K(210944K)->214003K(214016K)
[694.527s][info][gc,heap        ] GC(316) ParOldGen: 322864K(1870848K)->715518K(1870848K)
[694.527s][info][gc,metaspace   ] GC(316) Metaspace: 29010K(29312K)->29010K(29312K) NonClass: 25906K(26048K)->25906K(26048K) Class: 3103K(3264K)->3103K(3264K)
[694.527s][info][gc             ] GC(316) Pause Young (Allocation Failure) 2630M->907M(4043M) 268.540ms
[694.527s][info][gc,cpu         ] GC(316) User=1.58s Sys=0.02s Real=0.27s
[696.150s][info][gc,start       ] GC(317) Pause Young (Allocation Failure)
[696.493s][info][gc,heap        ] GC(317) PSYoungGen: 2269683K(2269696K)->370146K(2425856K) Eden: 2055680K(2055680K)->0K(2055680K) From: 214003K(214016K)->370146K(370176K)
[696.493s][info][gc,heap        ] GC(317) ParOldGen: 715518K(1870848K)->1290032K(1870848K)
[696.493s][info][gc,metaspace   ] GC(317) Metaspace: 29016K(29312K)->29016K(29312K) NonClass: 25912K(26048K)->25912K(26048K) Class: 3103K(3264K)->3103K(3264K)
[696.493s][info][gc             ] GC(317) Pause Young (Allocation Failure) 2915M->1621M(4196M) 342.465ms
[696.493s][info][gc,cpu         ] GC(317) User=2.05s Sys=0.00s Real=0.34s
) ... OK
   699s: high-bound for max-jOPS is measured to be 13837
   699s: 
   699s: Restarting (term) [699.517s][info][gc,start       ] GC(318) Pause Full (System.gc())
[699.517s][info][gc,phases,start] GC(318) Marking Phase
[699.538s][info][gc,phases      ] GC(318) Marking Phase 20.113ms
[699.538s][info][gc,phases,start] GC(318) Summary Phase
[699.538s][info][gc,phases      ] GC(318) Summary Phase 0.024ms
[699.538s][info][gc,phases,start] GC(318) Forward
[699.540s][info][gc,phases      ] GC(318) Forward 1.490ms
[699.540s][info][gc,phases,start] GC(318) Adjust Pointers
[699.553s][info][gc,phases      ] GC(318) Adjust Pointers 12.876ms
[699.553s][info][gc,phases,start] GC(318) Compaction Phase
[699.561s][info][gc,phases      ] GC(318) Compaction Phase 8.487ms
[699.561s][info][gc,phases,start] GC(318) Post Compact
[699.563s][info][gc,phases      ] GC(318) Post Compact 1.542ms
[699.563s][info][gc,heap        ] GC(318) PSYoungGen: 569742K(2425856K)->0K(2425856K) Eden: 199596K(2055680K)->0K(2055680K) From: 370146K(370176K)->0K(370176K)
[699.563s][info][gc,heap        ] GC(318) ParOldGen: 1290032K(1870848K)->322361K(1870848K)
[699.563s][info][gc,metaspace   ] GC(318) Metaspace: 29016K(29312K)->29016K(29312K) NonClass: 25912K(26048K)->25912K(26048K) Class: 3103K(3264K)->3103K(3264K)
[699.563s][info][gc             ] GC(318) Pause Full (System.gc()) 1816M->314M(4196M) 45.561ms
[699.563s][info][gc,cpu         ] GC(318) User=0.19s Sys=0.00s Real=0.04s
(init[700.442s][info][gc,start       ] GC(319) Pause Young (Allocation Failure)
[700.723s][info][gc,heap        ] GC(319) PSYoungGen: 2055680K(2425856K)->370150K(1736704K) Eden: 2055680K(2055680K)->0K(1366528K) From: 0K(370176K)->370150K(370176K)
[700.723s][info][gc,heap        ] GC(319) ParOldGen: 322361K(1870848K)->578764K(1870848K)
[700.723s][info][gc,metaspace   ] GC(319) Metaspace: 29019K(29312K)->29019K(29312K) NonClass: 25915K(26048K)->25915K(26048K) Class: 3103K(3264K)->3103K(3264K)
[700.723s][info][gc             ] GC(319) Pause Young (Allocation Failure) 2322M->926M(3523M) 280.865ms
[700.723s][info][gc,cpu         ] GC(319) User=1.67s Sys=0.00s Real=0.28s
[701.783s][info][gc,start       ] GC(320) Pause Young (Allocation Failure)
[702.085s][info][gc,heap        ] GC(320) PSYoungGen: 1736678K(1736704K)->495285K(1862144K) Eden: 1366528K(1366528K)->0K(1366528K) From: 370150K(370176K)->495285K(495616K)
[702.085s][info][gc,heap        ] GC(320) ParOldGen: 578764K(1870848K)->791724K(1870848K)
[702.085s][info][gc,metaspace   ] GC(320) Metaspace: 29019K(29312K)->29019K(29312K) NonClass: 25915K(26048K)->25915K(26048K) Class: 3103K(3264K)->3103K(3264K)
[702.085s][info][gc             ] GC(320) Pause Young (Allocation Failure) 2261M->1256M(3645M) 302.409ms
[702.085s][info][gc,cpu         ] GC(320) User=1.81s Sys=0.00s Real=0.31s
) ... OK
   705s: 
   705s: Warmup for building throughput-responsetime curve
   705s: (10%)   IR =   1384 [705.874s][info][gc,start       ] GC(321) Pause Young (Allocation Failure)
[706.211s][info][gc,heap        ] GC(321) PSYoungGen: 1861813K(1862144K)->739304K(1671680K) Eden: 1366528K(1366528K)->0K(932352K) From: 495285K(495616K)->739304K(739328K)
[706.211s][info][gc,heap        ] GC(321) ParOldGen: 791724K(1870848K)->1197797K(1870848K)
[706.211s][info][gc,metaspace   ] GC(321) Metaspace: 29028K(29312K)->29028K(29312K) NonClass: 25924K(26048K)->25924K(26048K) Class: 3103K(3264K)->3103K(3264K)
[706.211s][info][gc             ] GC(321) Pause Young (Allocation Failure) 2591M->1891M(3459M) 336.869ms
[706.211s][info][gc,cpu         ] GC(321) User=2.01s Sys=0.00s Real=0.33s
....[710.391s][info][gc,start       ] GC(322) Pause Young (Allocation Failure)
[710.588s][info][gc,heap        ] GC(322) PSYoungGen: 1671656K(1671680K)->63792K(1864192K) Eden: 932352K(932352K)->0K(932352K) From: 739304K(739328K)->63792K(931840K)
[710.588s][info][gc,heap        ] GC(322) ParOldGen: 1197797K(1870848K)->1837612K(1870848K)
[710.588s][info][gc,metaspace   ] GC(322) Metaspace: 29028K(29312K)->29028K(29312K) NonClass: 25924K(26048K)->25924K(26048K) Class: 3103K(3264K)->3103K(3264K)
[710.588s][info][gc             ] GC(322) Pause Young (Allocation Failure) 2802M->1856M(3647M) 197.473ms
[710.589s][info][gc,cpu         ] GC(322) User=1.18s Sys=0.00s Real=0.20s
.....[714.846s][info][gc,start       ] GC(323) Pause Young (Allocation Failure)
[714.899s][info][gc,heap        ] GC(323) PSYoungGen: 996144K(1864192K)->59904K(1864192K) Eden: 932352K(932352K)->0K(932352K) From: 63792K(931840K)->59904K(931840K)
[714.899s][info][gc,heap        ] GC(323) ParOldGen: 1837612K(1870848K)->1894252K(1894400K)
[714.899s][info][gc,metaspace   ] GC(323) Metaspace: 29028K(29312K)->29028K(29312K) NonClass: 25925K(26048K)->25925K(26048K) Class: 3103K(3264K)->3103K(3264K)
[714.899s][info][gc             ] GC(323) Pause Young (Allocation Failure) 2767M->1908M(3670M) 52.790ms
[714.899s][info][gc,cpu         ] GC(323) User=0.30s Sys=0.01s Real=0.05s
....[719.639s][info][gc,start       ] GC(324) Pause Young (Allocation Failure)
[719.691s][info][gc,heap        ] GC(324) PSYoungGen: 992256K(1864192K)->66704K(1864192K) Eden: 932352K(932352K)->0K(932352K) From: 59904K(931840K)->66704K(931840K)
[719.691s][info][gc,heap        ] GC(324) ParOldGen: 1894252K(1894400K)->1947500K(1947648K)
[719.691s][info][gc,metaspace   ] GC(324) Metaspace: 29028K(29312K)->29028K(29312K) NonClass: 25925K(26048K)->25925K(26048K) Class: 3103K(3264K)->3103K(3264K)
[719.691s][info][gc             ] GC(324) Pause Young (Allocation Failure) 2818M->1966M(3722M) 52.067ms
[719.691s][info][gc,cpu         ] GC(324) User=0.29s Sys=0.02s Real=0.05s
.....[724.391s][info][gc,start       ] GC(325) Pause Young (Allocation Failure)
[724.442s][info][gc,heap        ] GC(325) PSYoungGen: 999056K(1864192K)->63104K(1864192K) Eden: 932352K(932352K)->0K(932352K) From: 66704K(931840K)->63104K(931840K)
[724.442s][info][gc,heap        ] GC(325) ParOldGen: 1947500K(1947648K)->2005469K(2005504K)
[724.442s][info][gc,metaspace   ] GC(325) Metaspace: 29028K(29312K)->29028K(29312K) NonClass: 25925K(26048K)->25925K(26048K) Class: 3103K(3264K)->3103K(3264K)
[724.442s][info][gc             ] GC(325) Pause Young (Allocation Failure) 2877M->2020M(3779M) 50.836ms
[724.442s][info][gc,cpu         ] GC(325) User=0.28s Sys=0.02s Real=0.05s
.....[729.141s][info][gc,start       ] GC(326) Pause Young (Allocation Failure)
[729.191s][info][gc,heap        ] GC(326) PSYoungGen: 995456K(1864192K)->64608K(1864192K) Eden: 932352K(932352K)->0K(932352K) From: 63104K(931840K)->64608K(931840K)
[729.191s][info][gc,heap        ] GC(326) ParOldGen: 2005469K(2005504K)->2060197K(2060288K)
[729.191s][info][gc,metaspace   ] GC(326) Metaspace: 29028K(29312K)->29028K(29312K) NonClass: 25925K(26048K)->25925K(26048K) Class: 3103K(3264K)->3103K(3264K)
[729.191s][info][gc             ] GC(326) Pause Young (Allocation Failure) 2930M->2075M(3832M) 49.495ms
[729.191s][info][gc,cpu         ] GC(326) User=0.26s Sys=0.02s Real=0.05s
.....[733.850s][info][gc,start       ] GC(327) Pause Young (Allocation Failure)
[733.900s][info][gc,heap        ] GC(327) PSYoungGen: 996960K(1864192K)->62752K(1804800K) Eden: 932352K(932352K)->0K(932352K) From: 64608K(931840K)->62752K(872448K)
[733.900s][info][gc,heap        ] GC(327) ParOldGen: 2060197K(2060288K)->2117093K(2117120K)
[733.900s][info][gc,metaspace   ] GC(327) Metaspace: 29029K(29312K)->29029K(29312K) NonClass: 25925K(26048K)->25925K(26048K) Class: 3103K(3264K)->3103K(3264K)
[733.900s][info][gc             ] GC(327) Pause Young (Allocation Failure) 2985M->2128M(3830M) 50.499ms
[733.900s][info][gc,cpu         ] GC(327) User=0.28s Sys=0.02s Real=0.05s
....[738.662s][info][gc,start       ] GC(328) Pause Young (Allocation Failure)
[738.711s][info][gc,heap        ] GC(328) PSYoungGen: 995104K(1804800K)->67104K(1834496K) Eden: 932352K(932352K)->0K(932352K) From: 62752K(872448K)->67104K(902144K)
[738.711s][info][gc,heap        ] GC(328) ParOldGen: 2117093K(2117120K)->2172109K(2172416K)
[738.711s][info][gc,metaspace   ] GC(328) Metaspace: 29029K(29312K)->29029K(29312K) NonClass: 25925K(26048K)->25925K(26048K) Class: 3103K(3264K)->3103K(3264K)
[738.711s][info][gc             ] GC(328) Pause Young (Allocation Failure) 3039M->2186M(3913M) 48.947ms
[738.711s][info][gc,cpu         ] GC(328) User=0.27s Sys=0.02s Real=0.05s
.....[743.510s][info][gc,start       ] GC(329) Pause Young (Allocation Failure)
[743.561s][info][gc,heap        ] GC(329) PSYoungGen: 999456K(1834496K)->66256K(1827840K) Eden: 932352K(932352K)->0K(1025024K) From: 67104K(902144K)->66256K(802816K)
[743.561s][info][gc,heap        ] GC(329) ParOldGen: 2172109K(2172416K)->2228757K(2229248K)
[743.561s][info][gc,metaspace   ] GC(329) Metaspace: 29029K(29312K)->29029K(29312K) NonClass: 25925K(26048K)->25925K(26048K) Class: 3103K(3264K)->3103K(3264K)
[743.561s][info][gc             ] GC(329) Pause Young (Allocation Failure) 3097M->2241M(3962M) 51.041ms
[743.561s][info][gc,cpu         ] GC(329) User=0.28s Sys=0.02s Real=0.05s
.....[748.723s][info][gc,start       ] GC(330) Pause Young (Allocation Failure)
[748.781s][info][gc,heap        ] GC(330) PSYoungGen: 1091280K(1827840K)->83160K(1859072K) Eden: 1025024K(1025024K)->0K(1025024K) From: 66256K(802816K)->83160K(834048K)
[748.781s][info][gc,heap        ] GC(330) ParOldGen: 2228757K(2229248K)->2285469K(2285568K)
[748.781s][info][gc,metaspace   ] GC(330) Metaspace: 29029K(29312K)->29029K(29312K) NonClass: 25925K(26048K)->25925K(26048K) Class: 3103K(3264K)->3103K(3264K)
[748.781s][info][gc             ] GC(330) Pause Young (Allocation Failure) 3242M->2313M(4047M) 57.254ms
[748.781s][info][gc,cpu         ] GC(330) User=0.31s Sys=0.03s Real=0.05s
......[754.021s][info][gc,start       ] GC(331) Pause Young (Allocation Failure)
[754.073s][info][gc,heap        ] GC(331) PSYoungGen: 1108184K(1859072K)->69504K(1863168K) Eden: 1025024K(1025024K)->0K(1146368K) From: 83160K(834048K)->69504K(716800K)
[754.073s][info][gc,heap        ] GC(331) ParOldGen: 2285469K(2285568K)->2345293K(2345472K)
[754.073s][info][gc,metaspace   ] GC(331) Metaspace: 29029K(29312K)->29029K(29312K) NonClass: 25925K(26048K)->25925K(26048K) Class: 3103K(3264K)->3103K(3264K)
[754.073s][info][gc             ] GC(331) Pause Young (Allocation Failure) 3314M->2358M(4110M) 51.293ms
[754.073s][info][gc,cpu         ] GC(331) User=0.27s Sys=0.03s Real=0.05s
......[760.077s][info][gc,start       ] GC(332) Pause Young (Allocation Failure)
[760.132s][info][gc,heap        ] GC(332) PSYoungGen: 1215872K(1863168K)->78576K(1905664K) Eden: 1146368K(1146368K)->0K(1146368K) From: 69504K(716800K)->78576K(759296K)
[760.132s][info][gc,heap        ] GC(332) ParOldGen: 2345293K(2345472K)->2404182K(2404352K)
[760.132s][info][gc,metaspace   ] GC(332) Metaspace: 29029K(29312K)->29029K(29312K) NonClass: 25925K(26048K)->25925K(26048K) Class: 3103K(3264K)->3103K(3264K)
[760.132s][info][gc             ] GC(332) Pause Young (Allocation Failure) 3477M->2424M(4209M) 54.972ms
[760.132s][info][gc,cpu         ] GC(332) User=0.31s Sys=0.02s Real=0.05s
......[765.935s][info][gc,start       ] GC(333) Pause Young (Allocation Failure)
[765.992s][info][gc,heap        ] GC(333) PSYoungGen: 1224944K(1905664K)->76224K(1912832K) Eden: 1146368K(1146368K)->0K(1269760K) From: 78576K(759296K)->76224K(643072K)
[765.992s][info][gc,heap        ] GC(333) ParOldGen: 2404182K(2404352K)->2471126K(2471424K)
[765.992s][info][gc,metaspace   ] GC(333) Metaspace: 29033K(29312K)->29033K(29312K) NonClass: 25929K(26048K)->25929K(26048K) Class: 3103K(3264K)->3103K(3264K)
[765.992s][info][gc             ] GC(333) Pause Young (Allocation Failure) 3544M->2487M(4281M) 57.261ms
[765.992s][info][gc,cpu         ] GC(333) User=0.32s Sys=0.02s Real=0.05s
......[772.398s][info][gc,start       ] GC(334) Pause Young (Allocation Failure)
[772.460s][info][gc,heap        ] GC(334) PSYoungGen: 1345984K(1912832K)->90357K(1954816K) Eden: 1269760K(1269760K)->0K(1269760K) From: 76224K(643072K)->90357K(685056K)
[772.460s][info][gc,heap        ] GC(334) ParOldGen: 2471126K(2471424K)->2535106K(2535424K)
[772.460s][info][gc,metaspace   ] GC(334) Metaspace: 29033K(29312K)->29033K(29312K) NonClass: 25930K(26048K)->25930K(26048K) Class: 3103K(3264K)->3103K(3264K)
[772.460s][info][gc             ] GC(334) Pause Young (Allocation Failure) 3727M->2563M(4385M) 62.244ms
[772.460s][info][gc,cpu         ] GC(334) User=0.36s Sys=0.02s Real=0.06s
.......[779.107s][info][gc,start       ] GC(335) Pause Young (Allocation Failure)
[779.169s][info][gc,heap        ] GC(335) PSYoungGen: 1360117K(1954816K)->86432K(1967616K) Eden: 1269760K(1269760K)->0K(1396736K) From: 90357K(685056K)->86432K(570880K)
[779.169s][info][gc,heap        ] GC(335) ParOldGen: 2535106K(2535424K)->2604738K(2605056K)
[779.169s][info][gc,metaspace   ] GC(335) Metaspace: 29033K(29312K)->29033K(29312K) NonClass: 25930K(26048K)->25930K(26048K) Class: 3103K(3264K)->3103K(3264K)
[779.169s][info][gc             ] GC(335) Pause Young (Allocation Failure) 3803M->2628M(4465M) 61.456ms
[779.169s][info][gc,cpu         ] GC(335) User=0.34s Sys=0.02s Real=0.06s
.......[786.317s][info][gc,start       ] GC(336) Pause Young (Allocation Failure)
[786.380s][info][gc,heap        ] GC(336) PSYoungGen: 1483168K(1967616K)->92592K(2008064K) Eden: 1396736K(1396736K)->0K(1396736K) From: 86432K(570880K)->92592K(611328K)
[786.380s][info][gc,heap        ] GC(336) ParOldGen: 2604738K(2605056K)->2674858K(2675200K)
[786.380s][info][gc,metaspace   ] GC(336) Metaspace: 29033K(29312K)->29033K(29312K) NonClass: 25930K(26048K)->25930K(26048K) Class: 3103K(3264K)->3103K(3264K)
[786.380s][info][gc             ] GC(336) Pause Young (Allocation Failure) 3992M->2702M(4573M) 62.672ms
[786.380s][info][gc,cpu         ] GC(336) User=0.35s Sys=0.01s Real=0.06s
.......[793.428s][info][gc,start       ] GC(337) Pause Young (Allocation Failure)
[793.493s][info][gc,heap        ] GC(337) PSYoungGen: 1489328K(2008064K)->91456K(2036224K) Eden: 1396736K(1396736K)->0K(1528832K) From: 92592K(611328K)->91456K(507392K)
[793.493s][info][gc,heap        ] GC(337) ParOldGen: 2674858K(2675200K)->2750642K(2750976K)
[793.493s][info][gc,metaspace   ] GC(337) Metaspace: 29033K(29312K)->29033K(29312K) NonClass: 25930K(26048K)->25930K(26048K) Class: 3103K(3264K)->3103K(3264K)
[793.493s][info][gc             ] GC(337) Pause Young (Allocation Failure) 4066M->2775M(4675M) 64.969ms
[793.493s][info][gc,cpu         ] GC(337) User=0.35s Sys=0.03s Real=0.06s
........[801.405s][info][gc,start       ] GC(338) Pause Young (Allocation Failure)
[801.471s][info][gc,heap        ] GC(338) PSYoungGen: 1620288K(2036224K)->173920K(2072064K) Eden: 1528832K(1528832K)->0K(1528832K) From: 91456K(507392K)->173920K(543232K)
[801.471s][info][gc,heap        ] GC(338) ParOldGen: 2750642K(2750976K)->2750642K(2750976K)
[801.471s][info][gc,metaspace   ] GC(338) Metaspace: 29033K(29312K)->29033K(29312K) NonClass: 25930K(26048K)->25930K(26048K) Class: 3103K(3264K)->3103K(3264K)
[801.471s][info][gc             ] GC(338) Pause Young (Allocation Failure) 4268M->2856M(4710M) 65.941ms
[801.471s][info][gc,cpu         ] GC(338) User=0.39s Sys=0.00s Real=0.06s
........[809.423s][info][gc,start       ] GC(339) Pause Young (Allocation Failure)
[809.506s][info][gc,heap        ] GC(339) PSYoungGen: 1702752K(2072064K)->239888K(2180608K) Eden: 1528832K(1528832K)->0K(1669632K) From: 173920K(543232K)->239888K(510976K)
[809.506s][info][gc,heap        ] GC(339) ParOldGen: 2750642K(2750976K)->2750642K(2750976K)
[809.506s][info][gc,metaspace   ] GC(339) Metaspace: 29033K(29312K)->29033K(29312K) NonClass: 25930K(26048K)->25930K(26048K) Class: 3103K(3264K)->3103K(3264K)
[809.506s][info][gc             ] GC(339) Pause Young (Allocation Failure) 4349M->2920M(4816M) 82.868ms
[809.506s][info][gc,cpu         ] GC(339) User=0.49s Sys=0.00s Real=0.08s
......[815.236s][info][gc,start       ] GC(340) Pause Full (Diagnostic Command)
[815.236s][info][gc,phases,start] GC(340) Marking Phase
[815.524s][info][gc,phases      ] GC(340) Marking Phase 287.975ms
[815.524s][info][gc,phases,start] GC(340) Summary Phase
[815.524s][info][gc,phases      ] GC(340) Summary Phase 0.058ms
[815.524s][info][gc,phases,start] GC(340) Forward
[815.659s][info][gc,phases      ] GC(340) Forward 134.727ms
[815.659s][info][gc,phases,start] GC(340) Adjust Pointers
[815.867s][info][gc,phases      ] GC(340) Adjust Pointers 207.648ms
[815.867s][info][gc,phases,start] GC(340) Compaction Phase
[816.055s][info][gc,phases      ] GC(340) Compaction Phase 188.693ms
[816.058s][info][gc,phases,start] GC(340) Post Compact
[816.062s][info][gc,phases      ] GC(340) Post Compact 3.510ms
[816.062s][info][gc,heap        ] GC(340) PSYoungGen: 1394288K(2180608K)->0K(2180608K) Eden: 1154400K(1669632K)->0K(1669632K) From: 239888K(510976K)->0K(510976K)
[816.062s][info][gc,heap        ] GC(340) ParOldGen: 2750642K(2750976K)->1295962K(2750976K)
[816.062s][info][gc,metaspace   ] GC(340) Metaspace: 29033K(29312K)->29033K(29312K) NonClass: 25930K(26048K)->25930K(26048K) Class: 3103K(3264K)->3103K(3264K)
[816.062s][info][gc             ] GC(340) Pause Full (Diagnostic Command) 4047M->1265M(4816M) 825.451ms
[816.062s][info][gc,cpu         ] GC(340) User=4.67s Sys=0.00s Real=0.82s
........[823.918s][info][gc,start       ] GC(341) Pause Young (Allocation Failure)
[823.964s][info][gc,heap        ] GC(341) PSYoungGen: 1669632K(2180608K)->108864K(2182144K) Eden: 1669632K(1669632K)->0K(1669632K) From: 0K(510976K)->108864K(512512K)
[823.964s][info][gc,heap        ] GC(341) ParOldGen: 1295962K(2750976K)->1295962K(2750976K)
[823.964s][info][gc,metaspace   ] GC(341) Metaspace: 29034K(29312K)->29034K(29312K) NonClass: 25930K(26048K)->25930K(26048K) Class: 3103K(3264K)->3103K(3264K)
[823.964s][info][gc             ] GC(341) Pause Young (Allocation Failure) 2896M->1371M(4817M) 46.002ms
[823.964s][info][gc,cpu         ] GC(341) User=0.27s Sys=0.00s Real=0.05s
.........[832.457s][info][gc,start       ] GC(342) Pause Young (Allocation Failure)
[832.529s][info][gc,heap        ] GC(342) PSYoungGen: 1778496K(2182144K)->198788K(2268160K) Eden: 1669632K(1669632K)->0K(1787904K) From: 108864K(512512K)->198788K(480256K)
[832.529s][info][gc,heap        ] GC(342) ParOldGen: 1295962K(2750976K)->1295962K(2750976K)
[832.529s][info][gc,metaspace   ] GC(342) Metaspace: 29034K(29312K)->29034K(29312K) NonClass: 25930K(26048K)->25930K(26048K) Class: 3103K(3264K)->3103K(3264K)
[832.529s][info][gc             ] GC(342) Pause Young (Allocation Failure) 3002M->1459M(4901M) 71.415ms
[832.529s][info][gc,cpu         ] GC(342) User=0.42s Sys=0.00s Real=0.07s
.........[841.806s][info][gc,start       ] GC(343) Pause Young (Allocation Failure)
[841.895s][info][gc,heap        ] GC(343) PSYoungGen: 1986692K(2268160K)->264032K(2257408K) Eden: 1787904K(1787904K)->0K(1787904K) From: 198788K(480256K)->264032K(469504K)
[841.895s][info][gc,heap        ] GC(343) ParOldGen: 1295962K(2750976K)->1295962K(2750976K)
[841.895s][info][gc,metaspace   ] GC(343) Metaspace: 29037K(29312K)->29037K(29312K) NonClass: 25933K(26048K)->25933K(26048K) Class: 3103K(3264K)->3103K(3264K)
[841.895s][info][gc             ] GC(343) Pause Young (Allocation Failure) 3205M->1523M(4891M) 88.797ms
[841.895s][info][gc,cpu         ] GC(343) User=0.53s Sys=0.00s Real=0.09s
.........[850.971s][info][gc,start       ] GC(344) Pause Young (Allocation Failure)
[851.082s][info][gc,heap        ] GC(344) PSYoungGen: 2051936K(2257408K)->320928K(2265600K) Eden: 1787904K(1787904K)->0K(1787392K) From: 264032K(469504K)->320928K(478208K)
[851.082s][info][gc,heap        ] GC(344) ParOldGen: 1295962K(2750976K)->1295962K(2750976K)
[851.082s][info][gc,metaspace   ] GC(344) Metaspace: 29038K(29312K)->29038K(29312K) NonClass: 25935K(26048K)->25935K(26048K) Class: 3103K(3264K)->3103K(3264K)
[851.082s][info][gc             ] GC(344) Pause Young (Allocation Failure) 3269M->1578M(4899M) 110.755ms
[851.082s][info][gc,cpu         ] GC(344) User=0.63s Sys=0.03s Real=0.11s
..........[860.199s][info][gc,start       ] GC(345) Pause Young (Allocation Failure)
[860.315s][info][gc,heap        ] GC(345) PSYoungGen: 2108320K(2265600K)->364384K(2151936K) Eden: 1787392K(1787392K)->0K(1787392K) From: 320928K(478208K)->364384K(364544K)
[860.315s][info][gc,heap        ] GC(345) ParOldGen: 1295962K(2750976K)->1295962K(2750976K)
[860.315s][info][gc,metaspace   ] GC(345) Metaspace: 29038K(29312K)->29038K(29312K) NonClass: 25935K(26048K)->25935K(26048K) Class: 3103K(3264K)->3103K(3264K)
[860.315s][info][gc             ] GC(345) Pause Young (Allocation Failure) 3324M->1621M(4788M) 115.895ms
[860.315s][info][gc,cpu         ] GC(345) User=0.68s Sys=0.00s Real=0.12s
.........[869.442s][info][gc,start       ] GC(346) Pause Young (Allocation Failure)
[869.575s][info][gc,heap        ] GC(346) PSYoungGen: 2151776K(2151936K)->404224K(2172416K) Eden: 1787392K(1787392K)->0K(1632768K) From: 364384K(364544K)->404224K(539648K)
[869.575s][info][gc,heap        ] GC(346) ParOldGen: 1295962K(2750976K)->1295962K(2750976K)
[869.575s][info][gc,metaspace   ] GC(346) Metaspace: 29038K(29312K)->29038K(29312K) NonClass: 25935K(26048K)->25935K(26048K) Class: 3103K(3264K)->3103K(3264K)
[869.575s][info][gc             ] GC(346) Pause Young (Allocation Failure) 3366M->1660M(4808M) 133.624ms
[869.575s][info][gc,cpu         ] GC(346) User=0.76s Sys=0.03s Real=0.14s
........[877.808s][info][gc,start       ] GC(347) Pause Young (Allocation Failure)
[877.940s][info][gc,heap        ] GC(347) PSYoungGen: 2036992K(2172416K)->422912K(2055680K) Eden: 1632768K(1632768K)->0K(1632768K) From: 404224K(539648K)->422912K(422912K)
[877.940s][info][gc,heap        ] GC(347) ParOldGen: 1295962K(2750976K)->1295962K(2750976K)
[877.940s][info][gc,metaspace   ] GC(347) Metaspace: 29038K(29312K)->29038K(29312K) NonClass: 25935K(26048K)->25935K(26048K) Class: 3103K(3264K)->3103K(3264K)
[877.940s][info][gc             ] GC(347) Pause Young (Allocation Failure) 3254M->1678M(4694M) 131.769ms
[877.940s][info][gc,cpu         ] GC(347) User=0.78s Sys=0.00s Real=0.13s
......... (rIR:aIR:PR = 1384:1384:1384) (tPR = 20629) [OK] 
   885s: 
   885s: Building throughput-responsetime curve
   885s: ( 0%)   IR =      0 ...|............................................................ (rIR:aIR:PR = 0:0:0) (tPR = 0) [OK] 
   948s: Performance info:
         Transaction,    Success,    Partial,     Failed,   Receipts, AvgBarcode, 
         Response times:
             Request,    Success,    Partial,     Failed,   SkipFail,     Probes,    Samples,      min,      p50,      p90,      p95,      p99,      max, 

   948s: ( 1%)   IR =    138 .[950.752s][info][gc,start       ] GC(348) Pause Young (Allocation Failure)
[950.890s][info][gc,heap        ] GC(348) PSYoungGen: 2055680K(2055680K)->444678K(2100736K) Eden: 1632768K(1632768K)->0K(1480192K) From: 422912K(422912K)->444678K(620544K)
[950.890s][info][gc,heap        ] GC(348) ParOldGen: 1295962K(2750976K)->1295962K(2750976K)
[950.890s][info][gc,metaspace   ] GC(348) Metaspace: 29040K(29312K)->29040K(29312K) NonClass: 25936K(26048K)->25936K(26048K) Class: 3103K(3264K)->3103K(3264K)
[950.890s][info][gc             ] GC(348) Pause Young (Allocation Failure) 3273M->1699M(4738M) 137.896ms
[950.890s][info][gc,cpu         ] GC(348) User=0.82s Sys=0.00s Real=0.14s
...|............................................................ (rIR:aIR:PR = 138:138:138) (tPR = 2112) [OK] 
  1013s: Performance info:
         Transaction,    Success,    Partial,     Failed,   Receipts, AvgBarcode, 
             Overall,       8276,          0,          0,       7858,      59.46, 
         Response times:
             Request,    Success,    Partial,     Failed,   SkipFail,     Probes,    Samples,      min,      p50,      p90,      p95,      p99,      max, 
       TotalPurchase,       7859,          0,          0,          0,       7225,       8226,      300,      400,      500,      500,      700,   140000,
     InStorePurchase,       4136,          0,          0,          0,       3830,       4332,      300,      400,      500,      500,      700,   140000,
      OnlinePurchase,       2890,          0,          0,          0,       2666,       2993,      300,      400,      500,      600,      700,     1400,
        InstPurchase,        833,          0,          0,          0,        729,        901,      300,      500,      500,      600,      800,     1300,
          AssocOfCat,          9,          0,          0,          0,          8,          8,    16200,    17950,    23000,    23000,    23000,    23000,
      AssocOfProduct,         83,          0,          0,          0,         81,         88,      400,      500,      700,      700,     1000,     1000,
      BusinessReport,         23,          0,          0,          0,         21,         22,    17800,    22000,    25000,    25850,    26000,    26000,
          CustBuyBeh,         82,          0,          0,          0,         80,         85,      200,      300,      300,      400,     1300,     1300,
       ProductReturn,        220,          0,          0,          0,        158,        233,      200,      200,      300,      400,      864,     1000,

  1013s: ( 2%)   IR =    277 .....|.[1020.106s][info][gc,start       ] GC(349) Pause Young (Allocation Failure)
[1020.245s][info][gc,heap        ] GC(349) PSYoungGen: 1924870K(2100736K)->459334K(1939968K) Eden: 1480192K(1480192K)->0K(1480192K) From: 444678K(620544K)->459334K(459776K)
[1020.245s][info][gc,heap        ] GC(349) ParOldGen: 1295962K(2750976K)->1295962K(2750976K)
[1020.245s][info][gc,metaspace   ] GC(349) Metaspace: 29048K(29312K)->29048K(29312K) NonClass: 25944K(26048K)->25944K(26048K) Class: 3103K(3264K)->3103K(3264K)
[1020.245s][info][gc             ] GC(349) Pause Young (Allocation Failure) 3145M->1714M(4581M) 138.465ms
[1020.246s][info][gc,cpu         ] GC(349) User=0.82s Sys=0.00s Real=0.14s
......................................[1057.685s][info][gc,start       ] GC(350) Pause Young (Allocation Failure)
[1057.829s][info][gc,heap        ] GC(350) PSYoungGen: 1939526K(1939968K)->471078K(2045952K) Eden: 1480192K(1480192K)->0K(1354240K) From: 459334K(459776K)->471078K(691712K)
[1057.829s][info][gc,heap        ] GC(350) ParOldGen: 1295962K(2750976K)->1295962K(2750976K)
[1057.829s][info][gc,metaspace   ] GC(350) Metaspace: 29049K(29312K)->29049K(29312K) NonClass: 25945K(26048K)->25945K(26048K) Class: 3103K(3264K)->3103K(3264K)
[1057.829s][info][gc             ] GC(350) Pause Young (Allocation Failure) 3159M->1725M(4684M) 143.296ms
[1057.829s][info][gc,cpu         ] GC(350) User=0.85s Sys=0.00s Real=0.14s
..................... (rIR:aIR:PR = 277:277:277) (tPR = 4063) [OK] 
  1078s: Performance info:
         Transaction,    Success,    Partial,     Failed,   Receipts, AvgBarcode, 
             Overall,      16636,          0,          0,      15801,      59.48, 
         Response times:
             Request,    Success,    Partial,     Failed,   SkipFail,     Probes,    Samples,      min,      p50,      p90,      p95,      p99,      max, 
       TotalPurchase,      15801,          0,          0,          0,      14937,      16976,      300,      500,      700,      800,     1000,   146000,
     InStorePurchase,       8311,          0,          0,          0,       7928,       8926,      300,      500,      700,      800,     1000,   146000,
      OnlinePurchase,       5819,          0,          0,          0,       5478,       6221,      300,      500,      700,      800,     1000,   145000,
        InstPurchase,       1671,          0,          0,          0,       1531,       1829,      400,      500,      700,      700,      900,     2400,
          AssocOfCat,         18,          0,          0,          0,         17,         18,    15000,    19950,    23100,    24000,    24000,    24000,
      AssocOfProduct,        165,          0,          0,          0,        124,        185,      400,      600,      700,      800,     1026,     1800,
      BusinessReport,         43,          0,          0,          0,         42,         44,    17800,    23000,    26500,    28000,    35000,    35000,
          CustBuyBeh,        168,          0,          0,          0,        110,        182,      200,      300,      600,      600,      700,      700,
       ProductReturn,        441,          0,          0,          0,        359,        479,      200,      300,      600,      700,      920,     2700,

  1078s: ( 3%)   IR =    415 ....|.....[1087.901s][info][gc,start       ] GC(351) Pause Young (Allocation Failure)
[1088.045s][info][gc,heap        ] GC(351) PSYoungGen: 1825318K(2045952K)->480540K(1835008K) Eden: 1354240K(1354240K)->0K(1354240K) From: 471078K(691712K)->480540K(480768K)
[1088.045s][info][gc,heap        ] GC(351) ParOldGen: 1295962K(2750976K)->1295962K(2750976K)
[1088.045s][info][gc,metaspace   ] GC(351) Metaspace: 29049K(29312K)->29049K(29312K) NonClass: 25945K(26048K)->25945K(26048K) Class: 3103K(3264K)->3103K(3264K)
[1088.045s][info][gc             ] GC(351) Pause Young (Allocation Failure) 3048M->1734M(4478M) 144.546ms
[1088.045s][info][gc,cpu         ] GC(351) User=0.86s Sys=0.00s Real=0.15s
.......................[1111.288s][info][gc,start       ] GC(352) Pause Young (Allocation Failure)
[1111.435s][info][gc,heap        ] GC(352) PSYoungGen: 1834780K(1835008K)->487494K(2010112K) Eden: 1354240K(1354240K)->0K(1264128K) From: 480540K(480768K)->487494K(745984K)
[1111.435s][info][gc,heap        ] GC(352) ParOldGen: 1295962K(2750976K)->1295962K(2750976K)
[1111.435s][info][gc,metaspace   ] GC(352) Metaspace: 29049K(29312K)->29049K(29312K) NonClass: 25945K(26048K)->25945K(26048K) Class: 3103K(3264K)->3103K(3264K)
[1111.435s][info][gc             ] GC(352) Pause Young (Allocation Failure) 3057M->1741M(4649M) 146.855ms
[1111.435s][info][gc,cpu         ] GC(352) User=0.87s Sys=0.00s Real=0.15s
.....[1116.191s][info][gc,start       ] GC(353) Pause Full (Diagnostic Command)
[1116.191s][info][gc,phases,start] GC(353) Marking Phase
[1116.468s][info][gc,phases      ] GC(353) Marking Phase 276.535ms
[1116.468s][info][gc,phases,start] GC(353) Summary Phase
[1116.468s][info][gc,phases      ] GC(353) Summary Phase 0.045ms
[1116.468s][info][gc,phases,start] GC(353) Forward
[1116.587s][info][gc,phases      ] GC(353) Forward 119.347ms
[1116.587s][info][gc,phases,start] GC(353) Adjust Pointers
[1116.779s][info][gc,phases      ] GC(353) Adjust Pointers 191.561ms
[1116.779s][info][gc,phases,start] GC(353) Compaction Phase
[1117.003s][info][gc,phases      ] GC(353) Compaction Phase 223.948ms
[1117.005s][info][gc,phases,start] GC(353) Post Compact
[1117.007s][info][gc,phases      ] GC(353) Post Compact 1.925ms
[1117.007s][info][gc,heap        ] GC(353) PSYoungGen: 775591K(2010112K)->0K(2010112K) Eden: 288097K(1264128K)->0K(1264128K) From: 487494K(745984K)->0K(745984K)
[1117.007s][info][gc,heap        ] GC(353) ParOldGen: 1295962K(2750976K)->1291717K(2750976K)
[1117.007s][info][gc,metaspace   ] GC(353) Metaspace: 29049K(29312K)->29049K(29312K) NonClass: 25945K(26048K)->25945K(26048K) Class: 3103K(3264K)->3103K(3264K)
[1117.007s][info][gc             ] GC(353) Pause Full (Diagnostic Command) 2023M->1261M(4649M) 815.873ms
[1117.007s][info][gc,cpu         ] GC(353) User=4.64s Sys=0.00s Real=0.82s
.....................[1137.283s][info][gc,start       ] GC(354) Pause Young (Allocation Failure)
[1137.319s][info][gc,heap        ] GC(354) PSYoungGen: 1264128K(2010112K)->80736K(2030080K) Eden: 1264128K(1264128K)->0K(1264128K) From: 0K(745984K)->80736K(765952K)
[1137.319s][info][gc,heap        ] GC(354) ParOldGen: 1291717K(2750976K)->1291717K(2750976K)
[1137.319s][info][gc,metaspace   ] GC(354) Metaspace: 29049K(29312K)->29049K(29312K) NonClass: 25945K(26048K)->25945K(26048K) Class: 3103K(3264K)->3103K(3264K)
[1137.319s][info][gc             ] GC(354) Pause Young (Allocation Failure) 2495M->1340M(4669M) 35.700ms
[1137.319s][info][gc,cpu         ] GC(354) User=0.21s Sys=0.00s Real=0.04s
...... (rIR:aIR:PR = 415:415:415) (tPR = 6329) [OK] 
  1142s: Performance info:
         Transaction,    Success,    Partial,     Failed,   Receipts, AvgBarcode, 
             Overall,      25216,          0,          0,      23955,      59.47, 
         Response times:
             Request,    Success,    Partial,     Failed,   SkipFail,     Probes,    Samples,      min,      p50,      p90,      p95,      p99,      max, 
       TotalPurchase,      23955,          0,          0,          0,      22514,      25156,      300,      600,      900,     1000,     1200,    37000,
     InStorePurchase,      12611,          0,          0,          0,      11955,      13334,      300,      600,      900,     1000,     1100,    37000,
      OnlinePurchase,       8830,          0,          0,          0,       8316,       9272,      300,      600,      900,     1000,     1200,    37000,
        InstPurchase,       2514,          0,          0,          0,       2243,       2550,      400,      600,      900,     1000,     1200,     2600,
          AssocOfCat,         27,          0,          0,          0,         21,         26,    15200,    18450,    23000,    23000,    23000,    23000,
      AssocOfProduct,        250,          0,          0,          0,        196,        264,      400,      800,     1100,     1200,     1500,     1500,
      BusinessReport,         64,          0,          0,          0,         58,         66,    17400,    22500,    26000,    27000,    30000,    30000,
          CustBuyBeh,        255,          0,          0,          0,        208,        289,      200,      500,      800,      900,     2000,     8200,
       ProductReturn,        665,          0,          0,          0,        580,        756,      200,      500,      800,      800,     1100,     2300,

  1142s: ( 4%)   IR =    553 ....|.......[1154.865s][info][gc,start       ] GC(355) Pause Young (Allocation Failure)
[1154.920s][info][gc,heap        ] GC(355) PSYoungGen: 1344864K(2030080K)->150624K(1992192K) Eden: 1264128K(1264128K)->0K(1264128K) From: 80736K(765952K)->150624K(728064K)
[1154.920s][info][gc,heap        ] GC(355) ParOldGen: 1291717K(2750976K)->1291717K(2750976K)
[1154.920s][info][gc,metaspace   ] GC(355) Metaspace: 29050K(29376K)->29050K(29376K) NonClass: 25946K(26112K)->25946K(26112K) Class: 3103K(3264K)->3103K(3264K)
[1154.920s][info][gc             ] GC(355) Pause Young (Allocation Failure) 2574M->1408M(4632M) 55.091ms
[1154.920s][info][gc,cpu         ] GC(355) User=0.33s Sys=0.00s Real=0.05s
.................[1171.122s][info][gc,start       ] GC(356) Pause Young (Allocation Failure)
[1171.192s][info][gc,heap        ] GC(356) PSYoungGen: 1414752K(1992192K)->209056K(2011136K) Eden: 1264128K(1264128K)->0K(1264128K) From: 150624K(728064K)->209056K(747008K)
[1171.192s][info][gc,heap        ] GC(356) ParOldGen: 1291717K(2750976K)->1291717K(2750976K)
[1171.192s][info][gc,metaspace   ] GC(356) Metaspace: 29050K(29376K)->29050K(29376K) NonClass: 25946K(26112K)->25946K(26112K) Class: 3103K(3264K)->3103K(3264K)
[1171.192s][info][gc             ] GC(356) Pause Young (Allocation Failure) 2643M->1465M(4650M) 70.803ms
[1171.192s][info][gc,cpu         ] GC(356) User=0.41s Sys=0.00s Real=0.07s
................[1187.474s][info][gc,start       ] GC(357) Pause Young (Allocation Failure)
[1187.557s][info][gc,heap        ] GC(357) PSYoungGen: 1473184K(2011136K)->257600K(1984000K) Eden: 1264128K(1264128K)->0K(1332736K) From: 209056K(747008K)->257600K(651264K)
[1187.557s][info][gc,heap        ] GC(357) ParOldGen: 1291717K(2750976K)->1291717K(2750976K)
[1187.557s][info][gc,metaspace   ] GC(357) Metaspace: 29050K(29376K)->29050K(29376K) NonClass: 25946K(26112K)->25946K(26112K) Class: 3103K(3264K)->3103K(3264K)
[1187.557s][info][gc             ] GC(357) Pause Young (Allocation Failure) 2700M->1513M(4624M) 83.225ms
[1187.557s][info][gc,cpu         ] GC(357) User=0.49s Sys=0.00s Real=0.08s
.................[1204.702s][info][gc,start       ] GC(358) Pause Young (Allocation Failure)
[1204.798s][info][gc,heap        ] GC(358) PSYoungGen: 1590336K(1984000K)->302432K(2010624K) Eden: 1332736K(1332736K)->0K(1332736K) From: 257600K(651264K)->302432K(677888K)
[1204.798s][info][gc,heap        ] GC(358) ParOldGen: 1291717K(2750976K)->1291717K(2750976K)
[1204.798s][info][gc,metaspace   ] GC(358) Metaspace: 29050K(29376K)->29050K(29376K) NonClass: 25946K(26112K)->25946K(26112K) Class: 3103K(3264K)->3103K(3264K)
[1204.798s][info][gc             ] GC(358) Pause Young (Allocation Failure) 2814M->1556M(4650M) 96.271ms
[1204.798s][info][gc,cpu         ] GC(358) User=0.57s Sys=0.00s Real=0.10s
... (rIR:aIR:PR = 553:553:553) (tPR = 8222) [OK] 
  1206s: Performance info:
         Transaction,    Success,    Partial,     Failed,   Receipts, AvgBarcode, 
             Overall,      33166,          0,          0,      31514,      59.48, 
         Response times:
             Request,    Success,    Partial,     Failed,   SkipFail,     Probes,    Samples,      min,      p50,      p90,      p95,      p99,      max, 
       TotalPurchase,      31514,          0,          0,          0,      29959,      32887,      300,      700,     1000,     1100,     1400,    98000,
     InStorePurchase,      16587,          0,          0,          0,      15820,      17225,      300,      700,     1000,     1100,     1400,    98000,
      OnlinePurchase,      11617,          0,          0,          0,      11084,      12225,      300,      700,     1000,     1100,     1400,    98000,
        InstPurchase,       3310,          0,          0,          0,       3055,       3437,      400,      800,     1100,     1200,     1400,    73000,
          AssocOfCat,         30,          0,          0,          0,         28,         34,    15800,    18650,    27500,    29250,    30000,    30000,
      AssocOfProduct,        331,          0,          0,          0,        254,        357,      400,      900,     1200,     1200,     1642,     1800,
      BusinessReport,         84,          0,          0,          0,         82,         87,    17500,    23000,    27200,    29600,    34000,    34000,
          CustBuyBeh,        331,          0,          0,          0,        267,        394,      200,      500,      800,      900,     1105,     1400,
       ProductReturn,        876,          0,          0,          0,        762,        914,      200,      500,      900,     1000,     1285,     2000,

  1206s: ( 5%)   IR =    692 ....|.......[1218.791s][info][gc,start       ] GC(359) Pause Young (Allocation Failure)
[1218.898s][info][gc,heap        ] GC(359) PSYoungGen: 1635168K(2010624K)->338704K(2039296K) Eden: 1332736K(1332736K)->0K(1418240K) From: 302432K(677888K)->338704K(621056K)
[1218.898s][info][gc,heap        ] GC(359) ParOldGen: 1291717K(2750976K)->1291717K(2750976K)
[1218.898s][info][gc,metaspace   ] GC(359) Metaspace: 29051K(29376K)->29051K(29376K) NonClass: 25947K(26112K)->25947K(26112K) Class: 3103K(3264K)->3103K(3264K)
[1218.898s][info][gc             ] GC(359) Pause Young (Allocation Failure) 2858M->1592M(4678M) 106.467ms
[1218.898s][info][gc,cpu         ] GC(359) User=0.63s Sys=0.00s Real=0.11s
...............[1233.212s][info][gc,start       ] GC(360) Pause Young (Allocation Failure)
[1233.326s][info][gc,heap        ] GC(360) PSYoungGen: 1756944K(2039296K)->370640K(2048000K) Eden: 1418240K(1418240K)->0K(1418240K) From: 338704K(621056K)->370640K(629760K)
[1233.326s][info][gc,heap        ] GC(360) ParOldGen: 1291717K(2750976K)->1291717K(2750976K)
[1233.326s][info][gc,metaspace   ] GC(360) Metaspace: 29051K(29376K)->29051K(29376K) NonClass: 25947K(26112K)->25947K(26112K) Class: 3103K(3264K)->3103K(3264K)
[1233.327s][info][gc             ] GC(360) Pause Young (Allocation Failure) 2977M->1623M(4686M) 114.487ms
[1233.327s][info][gc,cpu         ] GC(360) User=0.67s Sys=0.00s Real=0.12s
..............[1247.661s][info][gc,start       ] GC(361) Pause Young (Allocation Failure)
[1247.783s][info][gc,heap        ] GC(361) PSYoungGen: 1788880K(2048000K)->397712K(2137088K) Eden: 1418240K(1418240K)->0K(1511424K) From: 370640K(629760K)->397712K(625664K)
[1247.783s][info][gc,heap        ] GC(361) ParOldGen: 1291717K(2750976K)->1291717K(2750976K)
[1247.783s][info][gc,metaspace   ] GC(361) Metaspace: 29052K(29376K)->29052K(29376K) NonClass: 25948K(26112K)->25948K(26112K) Class: 3103K(3264K)->3103K(3264K)
[1247.783s][info][gc             ] GC(361) Pause Young (Allocation Failure) 3008M->1649M(4773M) 121.417ms
[1247.783s][info][gc,cpu         ] GC(361) User=0.71s Sys=0.00s Real=0.12s
................[1263.447s][info][gc,start       ] GC(362) Pause Young (Allocation Failure)
[1263.577s][info][gc,heap        ] GC(362) PSYoungGen: 1909136K(2137088K)->425104K(2141184K) Eden: 1511424K(1511424K)->0K(1511424K) From: 397712K(625664K)->425104K(629760K)
[1263.577s][info][gc,heap        ] GC(362) ParOldGen: 1291717K(2750976K)->1291717K(2750976K)
[1263.577s][info][gc,metaspace   ] GC(362) Metaspace: 29052K(29376K)->29052K(29376K) NonClass: 25948K(26112K)->25948K(26112K) Class: 3103K(3264K)->3103K(3264K)
[1263.577s][info][gc             ] GC(362) Pause Young (Allocation Failure) 3125M->1676M(4777M) 130.551ms
[1263.577s][info][gc,cpu         ] GC(362) User=0.78s Sys=0.00s Real=0.13s
........ (rIR:aIR:PR = 692:692:692) (tPR = 10058) [OK] 
  1270s: Performance info:
         Transaction,    Success,    Partial,     Failed,   Receipts, AvgBarcode, 
             Overall,      41540,          0,          0,      39465,      59.47, 
         Response times:
             Request,    Success,    Partial,     Failed,   SkipFail,     Probes,    Samples,      min,      p50,      p90,      p95,      p99,      max, 
       TotalPurchase,      39465,          0,          0,          0,      37800,      41318,      300,      800,     1200,     1300,     1700,   126000,
     InStorePurchase,      20767,          0,          0,          0,      19934,      21618,      300,      800,     1200,     1300,     1700,   108000,
      OnlinePurchase,      14546,          0,          0,          0,      14030,      15380,      300,      900,     1200,     1300,     1700,   126000,
        InstPurchase,       4152,          0,          0,          0,       3836,       4320,      400,      800,     1100,     1300,     1600,     4300,
          AssocOfCat,         41,          0,          0,          0,         38,         44,    14900,    18100,    19650,    22250,    31000,    31000,
      AssocOfProduct,        415,          0,          0,          0,        334,        419,      400,      900,     1300,     1400,     1660,   116000,
      BusinessReport,        105,          0,          0,          0,        104,        112,    17900,    23000,    27000,    33000,   138660,   154000,
          CustBuyBeh,        413,          0,          0,          0,        345,        453,      100,      700,     1100,     1200,     1400,     3400,
       ProductReturn,       1101,          0,          0,          0,        967,       1164,      200,      800,     1200,     1300,     1800,     4000,

  1270s: ( 6%)   IR =    830 .....|.[1277.711s][info][gc,start       ] GC(363) Pause Young (Allocation Failure)
[1277.845s][info][gc,heap        ] GC(363) PSYoungGen: 1936528K(2141184K)->440912K(2129408K) Eden: 1511424K(1511424K)->0K(1488384K) From: 425104K(629760K)->440912K(641024K)
[1277.845s][info][gc,heap        ] GC(363) ParOldGen: 1291717K(2750976K)->1291717K(2750976K)
[1277.845s][info][gc,metaspace   ] GC(363) Metaspace: 29052K(29376K)->29052K(29376K) NonClass: 25948K(26112K)->25948K(26112K) Class: 3103K(3264K)->3103K(3264K)
[1277.845s][info][gc             ] GC(363) Pause Young (Allocation Failure) 3152M->1692M(4766M) 133.162ms
[1277.845s][info][gc,cpu         ] GC(363) User=0.79s Sys=0.00s Real=0.14s
.............[1290.352s][info][gc,start       ] GC(364) Pause Young (Allocation Failure)
[1290.490s][info][gc,heap        ] GC(364) PSYoungGen: 1929296K(2129408K)->455344K(1944064K) Eden: 1488384K(1488384K)->0K(1488384K) From: 440912K(641024K)->455344K(455680K)
[1290.490s][info][gc,heap        ] GC(364) ParOldGen: 1291717K(2750976K)->1291717K(2750976K)
[1290.490s][info][gc,metaspace   ] GC(364) Metaspace: 29052K(29376K)->29052K(29376K) NonClass: 25948K(26112K)->25948K(26112K) Class: 3103K(3264K)->3103K(3264K)
[1290.490s][info][gc             ] GC(364) Pause Young (Allocation Failure) 3145M->1706M(4585M) 137.737ms
[1290.490s][info][gc,cpu         ] GC(364) User=0.82s Sys=0.00s Real=0.14s
.............[1303.139s][info][gc,start       ] GC(365) Pause Young (Allocation Failure)
[1303.281s][info][gc,heap        ] GC(365) PSYoungGen: 1943728K(1944064K)->469312K(2100736K) Eden: 1488384K(1488384K)->0K(1433088K) From: 455344K(455680K)->469312K(667648K)
[1303.281s][info][gc,heap        ] GC(365) ParOldGen: 1291717K(2750976K)->1291717K(2750976K)
[1303.281s][info][gc,metaspace   ] GC(365) Metaspace: 29052K(29376K)->29052K(29376K) NonClass: 25948K(26112K)->25948K(26112K) Class: 3103K(3264K)->3103K(3264K)
[1303.281s][info][gc             ] GC(365) Pause Young (Allocation Failure) 3159M->1719M(4738M) 141.995ms
[1303.281s][info][gc,cpu         ] GC(365) User=0.85s Sys=0.00s Real=0.14s
............[1315.247s][info][gc,start       ] GC(366) Pause Young (Allocation Failure)
[1315.392s][info][gc,heap        ] GC(366) PSYoungGen: 1902400K(2100736K)->478320K(1911808K) Eden: 1433088K(1433088K)->0K(1433088K) From: 469312K(667648K)->478320K(478720K)
[1315.392s][info][gc,heap        ] GC(366) ParOldGen: 1291717K(2750976K)->1291717K(2750976K)
[1315.392s][info][gc,metaspace   ] GC(366) Metaspace: 29053K(29376K)->29053K(29376K) NonClass: 25949K(26112K)->25949K(26112K) Class: 3103K(3264K)->3103K(3264K)
[1315.392s][info][gc             ] GC(366) Pause Young (Allocation Failure) 3119M->1728M(4553M) 145.210ms
[1315.392s][info][gc,cpu         ] GC(366) User=0.86s Sys=0.00s Real=0.14s
............[1327.479s][info][gc,start       ] GC(367) Pause Young (Allocation Failure)
[1327.625s][info][gc,heap        ] GC(367) PSYoungGen: 1911408K(1911808K)->486832K(2079744K) Eden: 1433088K(1433088K)->0K(1385984K) From: 478320K(478720K)->486832K(693760K)
[1327.625s][info][gc,heap        ] GC(367) ParOldGen: 1291717K(2750976K)->1291717K(2750976K)
[1327.625s][info][gc,metaspace   ] GC(367) Metaspace: 29053K(29376K)->29053K(29376K) NonClass: 25949K(26112K)->25949K(26112K) Class: 3103K(3264K)->3103K(3264K)
[1327.625s][info][gc             ] GC(367) Pause Young (Allocation Failure) 3128M->1736M(4717M) 145.854ms
[1327.625s][info][gc,cpu         ] GC(367) User=0.86s Sys=0.00s Real=0.15s
......... (rIR:aIR:PR = 830:830:830) (tPR = 12221) [OK] 
  1335s: Performance info:
         Transaction,    Success,    Partial,     Failed,   Receipts, AvgBarcode, 
             Overall,      49855,          0,          0,      47370,      59.47, 
         Response times:
             Request,    Success,    Partial,     Failed,   SkipFail,     Probes,    Samples,      min,      p50,      p90,      p95,      p99,      max, 
       TotalPurchase,      47370,          0,          0,          0,      45596,      50424,      300,      900,     1300,     1500,     2200,   148000,
     InStorePurchase,      24941,          0,          0,          0,      24149,      26613,      300,      900,     1300,     1500,     2100,   148000,
      OnlinePurchase,      17452,          0,          0,          0,      16888,      18705,      300,      900,     1400,     1500,     2200,   148000,
        InstPurchase,       4977,          0,          0,          0,       4559,       5106,      400,     1000,     1400,     1500,     3393,   141000,
          AssocOfCat,         49,          0,          0,          0,         47,         53,    15400,    18600,    24000,    26500,    31000,    31000,
      AssocOfProduct,        495,          0,          0,          0,        399,        507,      300,      800,     1200,     1300,     1700,     2000,
      BusinessReport,        126,          0,          0,          0,         92,        131,    17800,    23000,    27000,    30000,   119640,   159000,
          CustBuyBeh,        497,          0,          0,          0,        423,        559,      200,      800,     1200,     1400,     3800,     6700,
       ProductReturn,       1318,          0,          0,          0,       1166,       1390,      200,      700,     1100,     1300,     2827,     7100,

  1335s: ( 7%)   IR =    969 ..[1339.008s][info][gc,start       ] GC(368) Pause Young (Allocation Failure)
[1339.159s][info][gc,heap        ] GC(368) PSYoungGen: 1872816K(2079744K)->500613K(1886720K) Eden: 1385984K(1385984K)->0K(1385984K) From: 486832K(693760K)->500613K(500736K)
[1339.159s][info][gc,heap        ] GC(368) ParOldGen: 1291717K(2750976K)->1291717K(2750976K)
[1339.159s][info][gc,metaspace   ] GC(368) Metaspace: 29054K(29376K)->29054K(29376K) NonClass: 25950K(26112K)->25950K(26112K) Class: 3103K(3264K)->3103K(3264K)
[1339.159s][info][gc             ] GC(368) Pause Young (Allocation Failure) 3090M->1750M(4529M) 150.925ms
[1339.159s][info][gc,cpu         ] GC(368) User=0.90s Sys=0.00s Real=0.15s
....|......[1349.157s][info][gc,start       ] GC(369) Pause Young (Allocation Failure)
[1349.311s][info][gc,heap        ] GC(369) PSYoungGen: 1886597K(1886720K)->501220K(2063360K) Eden: 1385984K(1385984K)->0K(1346048K) From: 500613K(500736K)->501220K(717312K)
[1349.311s][info][gc,heap        ] GC(369) ParOldGen: 1291717K(2750976K)->1297021K(2750976K)
[1349.311s][info][gc,metaspace   ] GC(369) Metaspace: 29054K(29376K)->29054K(29376K) NonClass: 25950K(26112K)->25950K(26112K) Class: 3103K(3264K)->3103K(3264K)
[1349.311s][info][gc             ] GC(369) Pause Young (Allocation Failure) 3103M->1756M(4701M) 153.802ms
[1349.311s][info][gc,cpu         ] GC(369) User=0.91s Sys=0.00s Real=0.15s
..........[1359.275s][info][gc,start       ] GC(370) Pause Young (Allocation Failure)
[1359.427s][info][gc,heap        ] GC(370) PSYoungGen: 1847268K(2063360K)->500192K(1846272K) Eden: 1346048K(1346048K)->0K(1346048K) From: 501220K(717312K)->500192K(500224K)
[1359.427s][info][gc,heap        ] GC(370) ParOldGen: 1297021K(2750976K)->1302629K(2750976K)
[1359.427s][info][gc,metaspace   ] GC(370) Metaspace: 29054K(29376K)->29054K(29376K) NonClass: 25950K(26112K)->25950K(26112K) Class: 3103K(3264K)->3103K(3264K)
[1359.428s][info][gc             ] GC(370) Pause Young (Allocation Failure) 3070M->1760M(4489M) 152.469ms
[1359.428s][info][gc,cpu         ] GC(370) User=0.91s Sys=0.00s Real=0.15s
..........[1368.995s][info][gc,start       ] GC(371) Pause Young (Allocation Failure)
[1369.150s][info][gc,heap        ] GC(371) PSYoungGen: 1846240K(1846272K)->501556K(2065408K) Eden: 1346048K(1346048K)->0K(1336832K) From: 500192K(500224K)->501556K(728576K)
[1369.150s][info][gc,heap        ] GC(371) ParOldGen: 1302629K(2750976K)->1307605K(2750976K)
[1369.150s][info][gc,metaspace   ] GC(371) Metaspace: 29054K(29376K)->29054K(29376K) NonClass: 25950K(26112K)->25950K(26112K) Class: 3103K(3264K)->3103K(3264K)
[1369.150s][info][gc             ] GC(371) Pause Young (Allocation Failure) 3075M->1766M(4703M) 155.041ms
[1369.150s][info][gc,cpu         ] GC(371) User=0.92s Sys=0.00s Real=0.15s
..........[1378.808s][info][gc,start       ] GC(372) Pause Young (Allocation Failure)
[1378.957s][info][gc,heap        ] GC(372) PSYoungGen: 1838388K(2065408K)->489056K(1826304K) Eden: 1336832K(1336832K)->0K(1336832K) From: 501556K(728576K)->489056K(489472K)
[1378.957s][info][gc,heap        ] GC(372) ParOldGen: 1307605K(2750976K)->1319181K(2750976K)
[1378.957s][info][gc,metaspace   ] GC(372) Metaspace: 29054K(29376K)->29054K(29376K) NonClass: 25950K(26112K)->25950K(26112K) Class: 3103K(3264K)->3103K(3264K)
[1378.957s][info][gc             ] GC(372) Pause Young (Allocation Failure) 3072M->1765M(4470M) 148.541ms
[1378.957s][info][gc,cpu         ] GC(372) User=0.88s Sys=0.00s Real=0.15s
..........[1388.494s][info][gc,start       ] GC(373) Pause Young (Allocation Failure)
[1388.643s][info][gc,heap        ] GC(373) PSYoungGen: 1825888K(1826304K)->480512K(2072064K) Eden: 1336832K(1336832K)->0K(1348096K) From: 489056K(489472K)->480512K(723968K)
[1388.643s][info][gc,heap        ] GC(373) ParOldGen: 1319181K(2750976K)->1333493K(2750976K)
[1388.643s][info][gc,metaspace   ] GC(373) Metaspace: 29054K(29376K)->29054K(29376K) NonClass: 25950K(26112K)->25950K(26112K) Class: 3103K(3264K)->3103K(3264K)
[1388.643s][info][gc             ] GC(373) Pause Young (Allocation Failure) 3071M->1771M(4710M) 148.934ms
[1388.643s][info][gc,cpu         ] GC(373) User=0.88s Sys=0.00s Real=0.14s
.........[1398.241s][info][gc,start       ] GC(374) Pause Young (Allocation Failure)
[1398.388s][info][gc,heap        ] GC(374) PSYoungGen: 1828608K(2072064K)->469504K(1817600K) Eden: 1348096K(1348096K)->0K(1348096K) From: 480512K(723968K)->469504K(469504K)
[1398.388s][info][gc,heap        ] GC(374) ParOldGen: 1333493K(2750976K)->1351765K(2750976K)
[1398.388s][info][gc,metaspace   ] GC(374) Metaspace: 29054K(29376K)->29054K(29376K) NonClass: 25950K(26112K)->25950K(26112K) Class: 3103K(3264K)->3103K(3264K)
[1398.388s][info][gc             ] GC(374) Pause Young (Allocation Failure) 3087M->1778M(4461M) 147.036ms
[1398.388s][info][gc,cpu         ] GC(374) User=0.87s Sys=0.00s Real=0.15s
..... (rIR:aIR:PR = 969:970:970) (tPR = 14366) [OK] 
  1402s: Performance info:
         Transaction,    Success,    Partial,     Failed,   Receipts, AvgBarcode, 
             Overall,      58450,          0,          0,      55519,      59.47, 
         Response times:
             Request,    Success,    Partial,     Failed,   SkipFail,     Probes,    Samples,      min,      p50,      p90,      p95,      p99,      max, 
       TotalPurchase,      55519,          0,          0,          0,      53491,      60208,      300,     1000,     1500,     1700,     6291,   158000,
     InStorePurchase,      29217,          0,          0,          0,      28295,      31659,      300,     1000,     1400,     1600,     5400,   158000,
      OnlinePurchase,      20458,          0,          0,          0,      19659,      22138,      300,     1100,     1500,     1700,     7800,   158000,
        InstPurchase,       5844,          0,          0,          0,       5537,       6411,      400,     1100,     1500,     1700,     3600,   157000,
          AssocOfCat,         60,          0,          0,          0,         54,         63,    16300,    18600,    21600,    26400,    33000,    33000,
      AssocOfProduct,        581,          0,          0,          0,        469,        597,      500,     1300,     1800,     1900,     8756,   152000,
      BusinessReport,        145,          0,          0,          0,        111,        179,    17900,    23000,    28000,    38000,   178200,   183000,
          CustBuyBeh,        586,          0,          0,          0,        489,        657,      100,      800,     1200,     1400,     3852,     7100,
       ProductReturn,       1559,          0,          0,          0,       1398,       1709,      200,     1000,     1400,     1600,     2300,   156000,

  1402s: ( 8%)   IR =   1107 ....|[1407.283s][info][gc,start       ] GC(375) Pause Young (Allocation Failure)
[1407.428s][info][gc,heap        ] GC(375) PSYoungGen: 1817600K(1817600K)->455904K(2076672K) Eden: 1348096K(1348096K)->0K(1377792K) From: 469504K(469504K)->455904K(698880K)
[1407.428s][info][gc,heap        ] GC(375) ParOldGen: 1351765K(2750976K)->1374309K(2750976K)
[1407.428s][info][gc,metaspace   ] GC(375) Metaspace: 29055K(29376K)->29055K(29376K) NonClass: 25951K(26112K)->25951K(26112K) Class: 3103K(3264K)->3103K(3264K)
[1407.428s][info][gc             ] GC(375) Pause Young (Allocation Failure) 3095M->1787M(4714M) 145.105ms
[1407.428s][info][gc,cpu         ] GC(375) User=0.87s Sys=0.00s Real=0.15s
.........[1416.202s][info][gc,start       ] GC(376) Pause Young (Allocation Failure)
[1416.344s][info][gc,heap        ] GC(376) PSYoungGen: 1833696K(2076672K)->439232K(2057216K) Eden: 1377792K(1377792K)->0K(1377792K) From: 455904K(698880K)->439232K(679424K)
[1416.344s][info][gc,heap        ] GC(376) ParOldGen: 1374309K(2750976K)->1401949K(2750976K)
[1416.344s][info][gc,metaspace   ] GC(376) Metaspace: 29055K(29376K)->29055K(29376K) NonClass: 25951K(26112K)->25951K(26112K) Class: 3103K(3264K)->3103K(3264K)
[1416.344s][info][gc             ] GC(376) Pause Young (Allocation Failure) 3132M->1798M(4695M) 141.714ms
[1416.344s][info][gc,cpu         ] GC(376) User=0.85s Sys=0.00s Real=0.15s
.[1417.151s][info][gc,start       ] GC(377) Pause Full (Diagnostic Command)
[1417.151s][info][gc,phases,start] GC(377) Marking Phase
[1417.429s][info][gc,phases      ] GC(377) Marking Phase 277.422ms
[1417.429s][info][gc,phases,start] GC(377) Summary Phase
[1417.429s][info][gc,phases      ] GC(377) Summary Phase 0.034ms
[1417.429s][info][gc,phases,start] GC(377) Forward
[1417.544s][info][gc,phases      ] GC(377) Forward 114.900ms
[1417.544s][info][gc,phases,start] GC(377) Adjust Pointers
[1417.736s][info][gc,phases      ] GC(377) Adjust Pointers 192.694ms
[1417.736s][info][gc,phases,start] GC(377) Compaction Phase
[1417.919s][info][gc,phases      ] GC(377) Compaction Phase 182.833ms
[1417.922s][info][gc,phases,start] GC(377) Post Compact
[1417.924s][info][gc,phases      ] GC(377) Post Compact 1.853ms
[1417.924s][info][gc,heap        ] GC(377) PSYoungGen: 584939K(2057216K)->0K(2057216K) Eden: 145707K(1377792K)->0K(1377792K) From: 439232K(679424K)->0K(679424K)
[1417.924s][info][gc,heap        ] GC(377) ParOldGen: 1401949K(2750976K)->1297042K(2750976K)
[1417.924s][info][gc,metaspace   ] GC(377) Metaspace: 29055K(29376K)->29055K(29376K) NonClass: 25951K(26112K)->25951K(26112K) Class: 3103K(3264K)->3103K(3264K)
[1417.924s][info][gc             ] GC(377) Pause Full (Diagnostic Command) 1940M->1266M(4695M) 772.389ms
[1417.924s][info][gc,cpu         ] GC(377) User=4.38s Sys=0.01s Real=0.78s
.........[1425.961s][info][gc,start       ] GC(378) Pause Young (Allocation Failure)
[1426.000s][info][gc,heap        ] GC(378) PSYoungGen: 1377792K(2057216K)->90464K(2035200K) Eden: 1377792K(1377792K)->0K(1379840K) From: 0K(679424K)->90464K(655360K)
[1426.000s][info][gc,heap        ] GC(378) ParOldGen: 1297042K(2750976K)->1297042K(2750976K)
[1426.000s][info][gc,metaspace   ] GC(378) Metaspace: 29055K(29376K)->29055K(29376K) NonClass: 25951K(26112K)->25951K(26112K) Class: 3103K(3264K)->3103K(3264K)
[1426.000s][info][gc             ] GC(378) Pause Young (Allocation Failure) 2612M->1354M(4674M) 39.364ms
[1426.000s][info][gc,cpu         ] GC(378) User=0.23s Sys=0.00s Real=0.04s
........[1434.814s][info][gc,start       ] GC(379) Pause Young (Allocation Failure)
[1434.873s][info][gc,heap        ] GC(379) PSYoungGen: 1470304K(2035200K)->163712K(2073088K) Eden: 1379840K(1379840K)->0K(1379840K) From: 90464K(655360K)->163712K(693248K)
[1434.873s][info][gc,heap        ] GC(379) ParOldGen: 1297042K(2750976K)->1297042K(2750976K)
[1434.873s][info][gc,metaspace   ] GC(379) Metaspace: 29056K(29376K)->29056K(29376K) NonClass: 25952K(26112K)->25952K(26112K) Class: 3103K(3264K)->3103K(3264K)
[1434.873s][info][gc             ] GC(379) Pause Young (Allocation Failure) 2702M->1426M(4711M) 58.940ms
[1434.873s][info][gc,cpu         ] GC(379) User=0.35s Sys=0.00s Real=0.05s
.........[1443.827s][info][gc,start       ] GC(380) Pause Young (Allocation Failure)
[1443.903s][info][gc,heap        ] GC(380) PSYoungGen: 1543552K(2073088K)->225440K(2096640K) Eden: 1379840K(1379840K)->0K(1391104K) From: 163712K(693248K)->225440K(705536K)
[1443.903s][info][gc,heap        ] GC(380) ParOldGen: 1297042K(2750976K)->1297042K(2750976K)
[1443.903s][info][gc,metaspace   ] GC(380) Metaspace: 29056K(29376K)->29056K(29376K) NonClass: 25952K(26112K)->25952K(26112K) Class: 3103K(3264K)->3103K(3264K)
[1443.903s][info][gc             ] GC(380) Pause Young (Allocation Failure) 2774M->1486M(4734M) 76.256ms
[1443.904s][info][gc,cpu         ] GC(380) User=0.45s Sys=0.00s Real=0.08s
.........[1452.698s][info][gc,start       ] GC(381) Pause Young (Allocation Failure)
[1452.788s][info][gc,heap        ] GC(381) PSYoungGen: 1616544K(2096640K)->275968K(1667584K) Eden: 1391104K(1391104K)->0K(1391104K) From: 225440K(705536K)->275968K(276480K)
[1452.788s][info][gc,heap        ] GC(381) ParOldGen: 1297042K(2750976K)->1297042K(2750976K)
[1452.788s][info][gc,metaspace   ] GC(381) Metaspace: 29056K(29376K)->29056K(29376K) NonClass: 25952K(26112K)->25952K(26112K) Class: 3103K(3264K)->3103K(3264K)
[1452.788s][info][gc             ] GC(381) Pause Young (Allocation Failure) 2845M->1536M(4315M) 89.620ms
[1452.788s][info][gc,cpu         ] GC(381) User=0.53s Sys=0.00s Real=0.09s
.........[1461.542s][info][gc,start       ] GC(382) Pause Young (Allocation Failure)
[1461.643s][info][gc,heap        ] GC(382) PSYoungGen: 1667072K(1667584K)->318464K(2098176K) Eden: 1391104K(1391104K)->0K(1417216K) From: 275968K(276480K)->318464K(680960K)
[1461.643s][info][gc,heap        ] GC(382) ParOldGen: 1297042K(2750976K)->1297042K(2750976K)
[1461.643s][info][gc,metaspace   ] GC(382) Metaspace: 29056K(29376K)->29056K(29376K) NonClass: 25952K(26112K)->25952K(26112K) Class: 3103K(3264K)->3103K(3264K)
[1461.643s][info][gc             ] GC(382) Pause Young (Allocation Failure) 2894M->1577M(4735M) 101.561ms
[1461.643s][info][gc,cpu         ] GC(382) User=0.61s Sys=0.00s Real=0.11s
...... (rIR:aIR:PR = 1107:1106:1106) (tPR = 16330) [OK] 
  1466s: Performance info:
         Transaction,    Success,    Partial,     Failed,   Receipts, AvgBarcode, 
             Overall,      66941,          0,          0,      63593,      59.48, 
         Response times:
             Request,    Success,    Partial,     Failed,   SkipFail,     Probes,    Samples,      min,      p50,      p90,      p95,      p99,      max, 
       TotalPurchase,      63593,          0,          0,          0,      61445,      66609,      300,     1100,     1600,     1800,    32000,   148000,
     InStorePurchase,      33469,          0,          0,          0,      32532,      34991,      300,     1100,     1600,     1800,    27000,   148000,
      OnlinePurchase,      23423,          0,          0,          0,      22610,      24530,      300,     1200,     1700,     1900,    40000,   147000,
        InstPurchase,       6701,          0,          0,          0,       6303,       7088,      400,     1000,     1500,     1700,    29000,   147000,
          AssocOfCat,         67,          0,          0,          0,         66,         71,    15000,    18600,    22000,    25000,    68000,    68000,
      AssocOfProduct,        665,          0,          0,          0,        556,        696,      600,     1500,     1800,     2000,    51000,    56000,
      BusinessReport,        166,          0,          0,          0,        125,        185,    18400,    24000,    28400,    33000,    51200,    77000,
          CustBuyBeh,        674,          0,          0,          0,        561,        698,      200,     1100,     1600,     1800,    31000,   147000,
       ProductReturn,       1776,          0,          0,          0,       1588,       1882,      200,      600,     1300,     1500,    23000,    91000,

  1466s: ( 9%)   IR =   1245 ...[1470.358s][info][gc,start       ] GC(383) Pause Young (Allocation Failure)
[1470.470s][info][gc,heap        ] GC(383) PSYoungGen: 1735680K(2098176K)->354944K(2072064K) Eden: 1417216K(1417216K)->0K(1417216K) From: 318464K(680960K)->354944K(654848K)
[1470.470s][info][gc,heap        ] GC(383) ParOldGen: 1297042K(2750976K)->1297042K(2750976K)
[1470.470s][info][gc,metaspace   ] GC(383) Metaspace: 29059K(29376K)->29059K(29376K) NonClass: 25955K(26112K)->25955K(26112K) Class: 3103K(3264K)->3103K(3264K)
[1470.470s][info][gc             ] GC(383) Pause Young (Allocation Failure) 2961M->1613M(4710M) 111.850ms
[1470.470s][info][gc,cpu         ] GC(383) User=0.67s Sys=0.00s Real=0.11s
..|......[1478.482s][info][gc,start       ] GC(384) Pause Young (Allocation Failure)
[1478.601s][info][gc,heap        ] GC(384) PSYoungGen: 1772160K(2072064K)->384896K(2101248K) Eden: 1417216K(1417216K)->0K(1475584K) From: 354944K(654848K)->384896K(625664K)
[1478.601s][info][gc,heap        ] GC(384) ParOldGen: 1297042K(2750976K)->1297042K(2750976K)
[1478.601s][info][gc,metaspace   ] GC(384) Metaspace: 29059K(29376K)->29059K(29376K) NonClass: 25955K(26112K)->25955K(26112K) Class: 3103K(3264K)->3103K(3264K)
[1478.601s][info][gc             ] GC(384) Pause Young (Allocation Failure) 2997M->1642M(4738M) 119.813ms
[1478.601s][info][gc,cpu         ] GC(384) User=0.71s Sys=0.00s Real=0.12s
........[1486.914s][info][gc,start       ] GC(385) Pause Young (Allocation Failure)
[1487.041s][info][gc,heap        ] GC(385) PSYoungGen: 1860480K(2101248K)->410912K(2085888K) Eden: 1475584K(1475584K)->0K(1475584K) From: 384896K(625664K)->410912K(610304K)
[1487.041s][info][gc,heap        ] GC(385) ParOldGen: 1297042K(2750976K)->1297042K(2750976K)
[1487.041s][info][gc,metaspace   ] GC(385) Metaspace: 29059K(29376K)->29059K(29376K) NonClass: 25955K(26112K)->25955K(26112K) Class: 3103K(3264K)->3103K(3264K)
[1487.041s][info][gc             ] GC(385) Pause Young (Allocation Failure) 3083M->1667M(4723M) 127.256ms
[1487.041s][info][gc,cpu         ] GC(385) User=0.76s Sys=0.00s Real=0.12s
.........[1495.273s][info][gc,start       ] GC(386) Pause Young (Allocation Failure)
[1495.405s][info][gc,heap        ] GC(386) PSYoungGen: 1886496K(2085888K)->429504K(2164224K) Eden: 1475584K(1475584K)->0K(1559040K) From: 410912K(610304K)->429504K(605184K)
[1495.405s][info][gc,heap        ] GC(386) ParOldGen: 1297042K(2750976K)->1297042K(2750976K)
[1495.405s][info][gc,metaspace   ] GC(386) Metaspace: 29059K(29376K)->29059K(29376K) NonClass: 25955K(26112K)->25955K(26112K) Class: 3103K(3264K)->3103K(3264K)
[1495.405s][info][gc             ] GC(386) Pause Young (Allocation Failure) 3108M->1686M(4800M) 132.086ms
[1495.405s][info][gc,cpu         ] GC(386) User=0.78s Sys=0.00s Real=0.13s
.........[1504.220s][info][gc,start       ] GC(387) Pause Young (Allocation Failure)
[1504.357s][info][gc,heap        ] GC(387) PSYoungGen: 1988544K(2164224K)->446528K(2165248K) Eden: 1559040K(1559040K)->0K(1559040K) From: 429504K(605184K)->446528K(606208K)
[1504.357s][info][gc,heap        ] GC(387) ParOldGen: 1297042K(2750976K)->1297042K(2750976K)
[1504.357s][info][gc,metaspace   ] GC(387) Metaspace: 29059K(29376K)->29059K(29376K) NonClass: 25955K(26112K)->25955K(26112K) Class: 3103K(3264K)->3103K(3264K)
[1504.357s][info][gc             ] GC(387) Pause Young (Allocation Failure) 3208M->1702M(4801M) 136.585ms
[1504.357s][info][gc,cpu         ] GC(387) User=0.81s Sys=0.00s Real=0.14s
........[1512.990s][info][gc,start       ] GC(388) Pause Young (Allocation Failure)
[1513.136s][info][gc,heap        ] GC(388) PSYoungGen: 2005568K(2165248K)->456036K(2172416K) Eden: 1559040K(1559040K)->0K(1561088K) From: 446528K(606208K)->456036K(611328K)
[1513.136s][info][gc,heap        ] GC(388) ParOldGen: 1297042K(2750976K)->1309922K(2750976K)
[1513.136s][info][gc,metaspace   ] GC(388) Metaspace: 29059K(29376K)->29059K(29376K) NonClass: 25955K(26112K)->25955K(26112K) Class: 3103K(3264K)->3103K(3264K)
[1513.136s][info][gc             ] GC(388) Pause Young (Allocation Failure) 3225M->1724M(4808M) 145.662ms
[1513.136s][info][gc,cpu         ] GC(388) User=0.87s Sys=0.00s Real=0.15s
.........[1521.970s][info][gc,start       ] GC(389) Pause Young (Allocation Failure)
[1522.111s][info][gc,heap        ] GC(389) PSYoungGen: 2017124K(2172416K)->435840K(2178560K) Eden: 1561088K(1561088K)->0K(1561088K) From: 456036K(611328K)->435840K(617472K)
[1522.111s][info][gc,heap        ] GC(389) ParOldGen: 1309922K(2750976K)->1338082K(2750976K)
[1522.111s][info][gc,metaspace   ] GC(389) Metaspace: 29059K(29376K)->29059K(29376K) NonClass: 25955K(26112K)->25955K(26112K) Class: 3103K(3264K)->3103K(3264K)
[1522.111s][info][gc             ] GC(389) Pause Young (Allocation Failure) 3249M->1732M(4814M) 140.796ms
[1522.111s][info][gc,cpu         ] GC(389) User=0.84s Sys=0.00s Real=0.14s
.........[1530.785s][info][gc,start       ] GC(390) Pause Young (Allocation Failure)
[1530.924s][info][gc,heap        ] GC(390) PSYoungGen: 1996928K(2178560K)->419647K(2153984K) Eden: 1561088K(1561088K)->0K(1565184K) From: 435840K(617472K)->419647K(588800K)
[1530.924s][info][gc,heap        ] GC(390) ParOldGen: 1338082K(2750976K)->1370739K(2750976K)
[1530.924s][info][gc,metaspace   ] GC(390) Metaspace: 29059K(29376K)->29059K(29376K) NonClass: 25955K(26112K)->25955K(26112K) Class: 3103K(3264K)->3103K(3264K)
[1530.925s][info][gc             ] GC(390) Pause Young (Allocation Failure) 3256M->1748M(4790M) 139.557ms
[1530.925s][info][gc,cpu         ] GC(390) User=0.83s Sys=0.00s Real=0.14s
.. (rIR:aIR:PR = 1245:1245:1245) (tPR = 18442) [OK] 
  1531s: Performance info:
         Transaction,    Success,    Partial,     Failed,   Receipts, AvgBarcode, 
             Overall,      74898,          0,          0,      71148,      59.48, 
         Response times:
             Request,    Success,    Partial,     Failed,   SkipFail,     Probes,    Samples,      min,      p50,      p90,      p95,      p99,      max, 
       TotalPurchase,      71148,          0,          0,          0,      68535,      75443,      300,     1200,     1800,     2000,     3400,   150000,
     InStorePurchase,      37436,          0,          0,          0,      36318,      39779,      300,     1200,     1800,     2000,     2900,   150000,
      OnlinePurchase,      26217,          0,          0,          0,      25120,      27701,      300,     1300,     1800,     2000,     4800,   150000,
        InstPurchase,       7495,          0,          0,          0,       7097,       7963,      400,     1300,     1900,     2100,     3500,   150000,
          AssocOfCat,         74,          0,          0,          0,         74,         81,    16100,    19100,    23000,    24000,    27000,    27000,
      AssocOfProduct,        751,          0,          0,          0,        667,        836,      400,     1200,     1800,     2000,     2300,     7700,
      BusinessReport,        189,          0,          0,          0,        135,        210,    17900,    24000,    28000,    31450,   151030,   173000,
          CustBuyBeh,        748,          0,          0,          0,        651,        823,      100,      400,     1100,     1400,     2376,   134000,
       ProductReturn,       1988,          0,          0,          0,       1789,       2060,      200,      800,     1400,     1600,     2839,   129000,

  1531s: (10%)   IR =   1384 .....|.[1539.017s][info][gc,start       ] GC(391) Pause Young (Allocation Failure)
[1539.154s][info][gc,heap        ] GC(391) PSYoungGen: 1984831K(2153984K)->400704K(2167296K) Eden: 1565184K(1565184K)->0K(1565184K) From: 419647K(588800K)->400704K(602112K)
[1539.154s][info][gc,heap        ] GC(391) ParOldGen: 1370739K(2750976K)->1410635K(2750976K)
[1539.154s][info][gc,metaspace   ] GC(391) Metaspace: 29059K(29376K)->29059K(29376K) NonClass: 25955K(26112K)->25955K(26112K) Class: 3103K(3264K)->3103K(3264K)
[1539.154s][info][gc             ] GC(391) Pause Young (Allocation Failure) 3276M->1768M(4803M) 136.688ms
[1539.154s][info][gc,cpu         ] GC(391) User=0.81s Sys=0.00s Real=0.14s
........[1546.935s][info][gc,start       ] GC(392) Pause Young (Allocation Failure)
[1547.069s][info][gc,heap        ] GC(392) PSYoungGen: 1965888K(2167296K)->380432K(2163200K) Eden: 1565184K(1565184K)->0K(1609216K) From: 400704K(602112K)->380432K(553984K)
[1547.069s][info][gc,heap        ] GC(392) ParOldGen: 1410635K(2750976K)->1459699K(2750976K)
[1547.069s][info][gc,metaspace   ] GC(392) Metaspace: 29059K(29376K)->29059K(29376K) NonClass: 25955K(26112K)->25955K(26112K) Class: 3103K(3264K)->3103K(3264K)
[1547.069s][info][gc             ] GC(392) Pause Young (Allocation Failure) 3297M->1797M(4799M) 133.923ms
[1547.069s][info][gc,cpu         ] GC(392) User=0.79s Sys=0.00s Real=0.13s
.........[1555.305s][info][gc,start       ] GC(393) Pause Young (Allocation Failure)
[1555.432s][info][gc,heap        ] GC(393) PSYoungGen: 1989648K(2163200K)->343296K(2176512K) Eden: 1609216K(1609216K)->0K(1609216K) From: 380432K(553984K)->343296K(567296K)
[1555.432s][info][gc,heap        ] GC(393) ParOldGen: 1459699K(2750976K)->1522755K(2750976K)
[1555.432s][info][gc,metaspace   ] GC(393) Metaspace: 29059K(29376K)->29059K(29376K) NonClass: 25955K(26112K)->25955K(26112K) Class: 3103K(3264K)->3103K(3264K)
[1555.432s][info][gc             ] GC(393) Pause Young (Allocation Failure) 3368M->1822M(4812M) 127.243ms
[1555.432s][info][gc,cpu         ] GC(393) User=0.75s Sys=0.01s Real=0.12s
........[1563.571s][info][gc,start       ] GC(394) Pause Young (Allocation Failure)
[1563.694s][info][gc,heap        ] GC(394) PSYoungGen: 1952512K(2176512K)->304608K(2218496K) Eden: 1609216K(1609216K)->0K(1670656K) From: 343296K(567296K)->304608K(547840K)
[1563.694s][info][gc,heap        ] GC(394) ParOldGen: 1522755K(2750976K)->1599355K(2750976K)
[1563.694s][info][gc,metaspace   ] GC(394) Metaspace: 29059K(29376K)->29059K(29376K) NonClass: 25955K(26112K)->25955K(26112K) Class: 3103K(3264K)->3103K(3264K)
[1563.694s][info][gc             ] GC(394) Pause Young (Allocation Failure) 3393M->1859M(4853M) 122.402ms
[1563.694s][info][gc,cpu         ] GC(394) User=0.73s Sys=0.00s Real=0.13s
.........[1572.215s][info][gc,start       ] GC(395) Pause Young (Allocation Failure)
[1572.327s][info][gc,heap        ] GC(395) PSYoungGen: 1975264K(2218496K)->257280K(2225664K) Eden: 1670656K(1670656K)->0K(1670656K) From: 304608K(547840K)->257280K(555008K)
[1572.327s][info][gc,heap        ] GC(395) ParOldGen: 1599355K(2750976K)->1691515K(2750976K)
[1572.327s][info][gc,metaspace   ] GC(395) Metaspace: 29059K(29376K)->29059K(29376K) NonClass: 25955K(26112K)->25955K(26112K) Class: 3103K(3264K)->3103K(3264K)
[1572.327s][info][gc             ] GC(395) Pause Young (Allocation Failure) 3490M->1903M(4860M) 112.021ms
[1572.327s][info][gc,cpu         ] GC(395) User=0.66s Sys=0.00s Real=0.11s
........[1580.699s][info][gc,start       ] GC(396) Pause Young (Allocation Failure)
[1580.799s][info][gc,heap        ] GC(396) PSYoungGen: 1927936K(2225664K)->191360K(2216448K) Eden: 1670656K(1670656K)->0K(1658368K) From: 257280K(555008K)->191360K(558080K)
[1580.799s][info][gc,heap        ] GC(396) ParOldGen: 1691515K(2750976K)->1809219K(2750976K)
[1580.799s][info][gc,metaspace   ] GC(396) Metaspace: 29059K(29376K)->29059K(29376K) NonClass: 25955K(26112K)->25955K(26112K) Class: 3103K(3264K)->3103K(3264K)
[1580.799s][info][gc             ] GC(396) Pause Young (Allocation Failure) 3534M->1953M(4851M) 99.839ms
[1580.799s][info][gc,cpu         ] GC(396) User=0.59s Sys=0.00s Real=0.10s
.........[1589.232s][info][gc,start       ] GC(397) Pause Young (Allocation Failure)
[1589.319s][info][gc,heap        ] GC(397) PSYoungGen: 1849728K(2216448K)->105984K(1764352K) Eden: 1658368K(1658368K)->0K(1658368K) From: 191360K(558080K)->105984K(105984K)
[1589.319s][info][gc,heap        ] GC(397) ParOldGen: 1809219K(2750976K)->1960995K(2750976K)
[1589.319s][info][gc,metaspace   ] GC(397) Metaspace: 29059K(29376K)->29059K(29376K) NonClass: 25955K(26112K)->25955K(26112K) Class: 3103K(3264K)->3103K(3264K)
[1589.320s][info][gc             ] GC(397) Pause Young (Allocation Failure) 3573M->2018M(4409M) 87.179ms
[1589.320s][info][gc,cpu         ] GC(397) User=0.52s Sys=0.00s Real=0.09s
........ (rIR:aIR:PR = 1384:1384:1384) (tPR = 20587) [OK] 
  1597s: Performance info:
         Transaction,    Success,    Partial,     Failed,   Receipts, AvgBarcode, 
             Overall,      83066,          0,          0,      78900,      59.47, 
         Response times:
             Request,    Success,    Partial,     Failed,   SkipFail,     Probes,    Samples,      min,      p50,      p90,      p95,      p99,      max, 
       TotalPurchase,      78900,          0,          0,          0,      76870,      84274,      300,     1300,     1900,     2100,     5100,   146000,
     InStorePurchase,      41541,          0,          0,          0,      40738,      44426,      300,     1400,     1900,     2100,     5400,   141000,
      OnlinePurchase,      29049,          0,          0,          0,      28190,      30908,      300,     1300,     1900,     2100,     4500,   146000,
        InstPurchase,       8310,          0,          0,          0,       7942,       8940,      400,     1300,     1900,     2100,     5800,   139000,
          AssocOfCat,         82,          0,          0,          0,         79,         89,    15900,    19400,    26000,    28500,    43000,    43000,
      AssocOfProduct,        837,          0,          0,          0,        685,        831,      800,     1800,     2300,     2500,    11444,   103000,
      BusinessReport,        207,          0,          0,          0,        148,        220,    18700,    24000,    30900,    33000,   155800,   167000,
          CustBuyBeh,        835,          0,          0,          0,        739,        951,      100,      800,     1400,     1600,     2496,    16100,
       ProductReturn,       2205,          0,          0,          0,       1997,       2291,      200,     1100,     1800,     2000,     4100,    12200,

  1597s: (11%)   IR =   1522 [1597.740s][info][gc,start       ] GC(398) Pause Young (Allocation Failure)
[1597.810s][info][gc,heap        ] GC(398) PSYoungGen: 1764352K(1764352K)->110688K(2188288K) Eden: 1658368K(1658368K)->0K(1600000K) From: 105984K(105984K)->110688K(588288K)
[1597.810s][info][gc,heap        ] GC(398) ParOldGen: 1960995K(2750976K)->2044547K(2750976K)
[1597.810s][info][gc,metaspace   ] GC(398) Metaspace: 29059K(29376K)->29059K(29376K) NonClass: 25955K(26112K)->25955K(26112K) Class: 3103K(3264K)->3103K(3264K)
[1597.810s][info][gc             ] GC(398) Pause Young (Allocation Failure) 3638M->2104M(4823M) 70.196ms
[1597.810s][info][gc,cpu         ] GC(398) User=0.42s Sys=0.00s Real=0.07s
.......[1605.199s][info][gc,start       ] GC(399) Pause Young (Allocation Failure)
[1605.266s][info][gc,heap        ] GC(399) PSYoungGen: 1710688K(2188288K)->102752K(1702912K) Eden: 1600000K(1600000K)->0K(1600000K) From: 110688K(588288K)->102752K(102912K)
[1605.266s][info][gc,heap        ] GC(399) ParOldGen: 2044547K(2750976K)->2128707K(2750976K)
[1605.266s][info][gc,metaspace   ] GC(399) Metaspace: 29059K(29376K)->29059K(29376K) NonClass: 25955K(26112K)->25955K(26112K) Class: 3103K(3264K)->3103K(3264K)
[1605.266s][info][gc             ] GC(399) Pause Young (Allocation Failure) 3667M->2179M(4349M) 66.771ms
[1605.266s][info][gc,cpu         ] GC(399) User=0.39s Sys=0.00s Real=0.07s
...|.....[1612.675s][info][gc,start       ] GC(400) Pause Young (Allocation Failure)
[1612.742s][info][gc,heap        ] GC(400) PSYoungGen: 1702752K(1702912K)->103424K(2194432K) Eden: 1600000K(1600000K)->0K(1591808K) From: 102752K(102912K)->103424K(602624K)
[1612.742s][info][gc,heap        ] GC(400) ParOldGen: 2128707K(2750976K)->2211139K(2750976K)
[1612.742s][info][gc,metaspace   ] GC(400) Metaspace: 29059K(29376K)->29059K(29376K) NonClass: 25955K(26112K)->25955K(26112K) Class: 3103K(3264K)->3103K(3264K)
[1612.742s][info][gc             ] GC(400) Pause Young (Allocation Failure) 3741M->2260M(4829M) 67.050ms
[1612.742s][info][gc,cpu         ] GC(400) User=0.40s Sys=0.00s Real=0.06s
.......[1620.011s][info][gc,start       ] GC(401) Pause Young (Allocation Failure)
[1620.078s][info][gc,heap        ] GC(401) PSYoungGen: 1695232K(2194432K)->184416K(1776640K) Eden: 1591808K(1591808K)->0K(1591808K) From: 103424K(602624K)->184416K(184832K)
[1620.078s][info][gc,heap        ] GC(401) ParOldGen: 2211139K(2750976K)->2211139K(2750976K)
[1620.078s][info][gc,metaspace   ] GC(401) Metaspace: 29059K(29376K)->29059K(29376K) NonClass: 25955K(26112K)->25955K(26112K) Class: 3103K(3264K)->3103K(3264K)
[1620.078s][info][gc             ] GC(401) Pause Young (Allocation Failure) 3814M->2339M(4421M) 66.700ms
[1620.078s][info][gc,cpu         ] GC(401) User=0.39s Sys=0.00s Real=0.07s
........[1627.507s][info][gc,start       ] GC(402) Pause Young (Allocation Failure)
[1627.592s][info][gc,heap        ] GC(402) PSYoungGen: 1776224K(1776640K)->250355K(2204672K) Eden: 1591808K(1591808K)->0K(1623040K) From: 184416K(184832K)->250355K(581632K)
[1627.592s][info][gc,heap        ] GC(402) ParOldGen: 2211139K(2750976K)->2211139K(2750976K)
[1627.592s][info][gc,metaspace   ] GC(402) Metaspace: 29059K(29376K)->29059K(29376K) NonClass: 25955K(26112K)->25955K(26112K) Class: 3103K(3264K)->3103K(3264K)
[1627.592s][info][gc             ] GC(402) Pause Young (Allocation Failure) 3893M->2403M(4839M) 85.400ms
[1627.592s][info][gc,cpu         ] GC(402) User=0.50s Sys=0.00s Real=0.08s
.......[1635.042s][info][gc,start       ] GC(403) Pause Young (Allocation Failure)
[1635.141s][info][gc,heap        ] GC(403) PSYoungGen: 1873395K(2204672K)->303776K(2173440K) Eden: 1623040K(1623040K)->0K(1623040K) From: 250355K(581632K)->303776K(550400K)
[1635.141s][info][gc,heap        ] GC(403) ParOldGen: 2211139K(2750976K)->2211139K(2750976K)
[1635.141s][info][gc,metaspace   ] GC(403) Metaspace: 29059K(29376K)->29059K(29376K) NonClass: 25955K(26112K)->25955K(26112K) Class: 3103K(3264K)->3103K(3264K)
[1635.141s][info][gc             ] GC(403) Pause Young (Allocation Failure) 3988M->2455M(4809M) 98.883ms
[1635.141s][info][gc,cpu         ] GC(403) User=0.58s Sys=0.00s Real=0.10s
........[1642.610s][info][gc,start       ] GC(404) Pause Young (Allocation Failure)
[1642.723s][info][gc,heap        ] GC(404) PSYoungGen: 1926816K(2173440K)->303296K(2214912K) Eden: 1623040K(1623040K)->0K(1676288K) From: 303776K(550400K)->303296K(538624K)
[1642.723s][info][gc,heap        ] GC(404) ParOldGen: 2211139K(2750976K)->2254163K(2750976K)
[1642.723s][info][gc,metaspace   ] GC(404) Metaspace: 29059K(29376K)->29059K(29376K) NonClass: 25955K(26112K)->25955K(26112K) Class: 3103K(3264K)->3103K(3264K)
[1642.723s][info][gc             ] GC(404) Pause Young (Allocation Failure) 4040M->2497M(4849M) 112.290ms
[1642.723s][info][gc,cpu         ] GC(404) User=0.66s Sys=0.01s Real=0.11s
........[1650.513s][info][gc,start       ] GC(405) Pause Young (Allocation Failure)
[1650.627s][info][gc,heap        ] GC(405) PSYoungGen: 1979584K(2214912K)->306016K(2202624K) Eden: 1676288K(1676288K)->0K(1676288K) From: 303296K(538624K)->306016K(526336K)
[1650.627s][info][gc,heap        ] GC(405) ParOldGen: 2254163K(2750976K)->2295939K(2750976K)
[1650.627s][info][gc,metaspace   ] GC(405) Metaspace: 29059K(29376K)->29059K(29376K) NonClass: 25955K(26112K)->25955K(26112K) Class: 3103K(3264K)->3103K(3264K)
[1650.627s][info][gc             ] GC(405) Pause Young (Allocation Failure) 4134M->2540M(4837M) 113.630ms
[1650.627s][info][gc,cpu         ] GC(405) User=0.67s Sys=0.01s Real=0.11s
........[1658.299s][info][gc,start       ] GC(406) Pause Young (Allocation Failure)
[1658.414s][info][gc,heap        ] GC(406) PSYoungGen: 1982304K(2202624K)->309376K(2255872K) Eden: 1676288K(1676288K)->0K(1740800K) From: 306016K(526336K)->309376K(515072K)
[1658.414s][info][gc,heap        ] GC(406) ParOldGen: 2295939K(2750976K)->2337795K(2750976K)
[1658.414s][info][gc,metaspace   ] GC(406) Metaspace: 29059K(29376K)->29059K(29376K) NonClass: 25955K(26112K)->25955K(26112K) Class: 3103K(3264K)->3103K(3264K)
[1658.414s][info][gc             ] GC(406) Pause Young (Allocation Failure) 4177M->2585M(4889M) 115.067ms
[1658.414s][info][gc,cpu         ] GC(406) User=0.69s Sys=0.00s Real=0.12s
........[1666.365s][info][gc,start       ] GC(407) Pause Young (Allocation Failure)
[1666.481s][info][gc,heap        ] GC(407) PSYoungGen: 2050176K(2255872K)->260512K(2246144K) Eden: 1740800K(1740800K)->0K(1740800K) From: 309376K(515072K)->260512K(505344K)
[1666.481s][info][gc,heap        ] GC(407) ParOldGen: 2337795K(2750976K)->2431195K(2750976K)
[1666.481s][info][gc,metaspace   ] GC(407) Metaspace: 29059K(29376K)->29059K(29376K) NonClass: 25955K(26112K)->25955K(26112K) Class: 3103K(3264K)->3103K(3264K)
[1666.481s][info][gc             ] GC(407) Pause Young (Allocation Failure) 4285M->2628M(4880M) 115.641ms
[1666.481s][info][gc,cpu         ] GC(407) User=0.68s Sys=0.00s Real=0.11s
. (rIR:aIR:PR = 1522:1522:1522) (tPR = 22505) [OK] 
  1667s: Performance info:
         Transaction,    Success,    Partial,     Failed,   Receipts, AvgBarcode, 
             Overall,      91347,          0,          0,      86781,      59.48, 
         Response times:
             Request,    Success,    Partial,     Failed,   SkipFail,     Probes,    Samples,      min,      p50,      p90,      p95,      p99,      max, 
       TotalPurchase,      86781,          0,          0,          0,      84427,     100256,      300,     1400,     2100,     2300,     4800,   120000,
     InStorePurchase,      45694,          0,          0,          0,      44607,      52646,      300,     1400,     2100,     2300,     5200,   120000,
      OnlinePurchase,      31949,          0,          0,          0,      31120,      36970,      300,     1400,     2100,     2300,     4900,   119000,
        InstPurchase,       9138,          0,          0,          0,       8700,      10640,      400,     1300,     2000,     2200,     3800,   120000,
          AssocOfCat,         91,          0,          0,          0,         86,        104,    15800,    19400,    26000,    30750,   106700,   107000,
      AssocOfProduct,        913,          0,          0,          0,        795,       1036,      600,     1700,     2200,     2400,     4589,   115000,
      BusinessReport,        227,          0,          0,          0,        162,        258,    17700,    25000,    29000,    32000,    42280,   146000,
          CustBuyBeh,        915,          0,          0,          0,        799,       1093,      200,     1300,     2000,     2300,     3206,     9300,
       ProductReturn,       2420,          0,          0,          0,       2221,       2739,      200,      700,     1800,     2000,     3160,    88000,

  1667s: (12%)   IR =   1660 ......[1674.031s][info][gc,start       ] GC(408) Pause Young (Allocation Failure)
[1674.139s][info][gc,heap        ] GC(408) PSYoungGen: 2001312K(2246144K)->204756K(2269696K) Eden: 1740800K(1740800K)->0K(1785344K) From: 260512K(505344K)->204756K(484352K)
[1674.139s][info][gc,heap        ] GC(408) ParOldGen: 2431195K(2750976K)->2551267K(2750976K)
[1674.139s][info][gc,metaspace   ] GC(408) Metaspace: 29064K(29376K)->29064K(29376K) NonClass: 25960K(26112K)->25960K(26112K) Class: 3103K(3264K)->3103K(3264K)
[1674.139s][info][gc             ] GC(408) Pause Young (Allocation Failure) 4328M->2691M(4903M) 108.561ms
[1674.139s][info][gc,cpu         ] GC(408) User=0.64s Sys=0.00s Real=0.11s
...|.....[1681.750s][info][gc,start       ] GC(409) Pause Young (Allocation Failure)
[1681.841s][info][gc,heap        ] GC(409) PSYoungGen: 1990100K(2269696K)->114112K(2259968K) Eden: 1785344K(1785344K)->0K(1785344K) From: 204756K(484352K)->114112K(474624K)
[1681.841s][info][gc,heap        ] GC(409) ParOldGen: 2551267K(2750976K)->2704995K(2750976K)
[1681.841s][info][gc,metaspace   ] GC(409) Metaspace: 29064K(29376K)->29064K(29376K) NonClass: 25960K(26112K)->25960K(26112K) Class: 3103K(3264K)->3103K(3264K)
[1681.841s][info][gc             ] GC(409) Pause Young (Allocation Failure) 4434M->2753M(4893M) 90.422ms
[1681.841s][info][gc,cpu         ] GC(409) User=0.54s Sys=0.00s Real=0.09s
.......[1689.170s][info][gc,start       ] GC(410) Pause Young (Allocation Failure)
[1689.245s][info][gc,heap        ] GC(410) PSYoungGen: 1899456K(2259968K)->111648K(2315264K) Eden: 1785344K(1785344K)->0K(1835520K) From: 114112K(474624K)->111648K(479744K)
[1689.245s][info][gc,heap        ] GC(410) ParOldGen: 2704995K(2750976K)->2793515K(2793984K)
[1689.245s][info][gc,metaspace   ] GC(410) Metaspace: 29064K(29376K)->29064K(29376K) NonClass: 25960K(26112K)->25960K(26112K) Class: 3103K(3264K)->3103K(3264K)
[1689.245s][info][gc             ] GC(410) Pause Young (Allocation Failure) 4496M->2837M(4989M) 75.247ms
[1689.245s][info][gc,cpu         ] GC(410) User=0.42s Sys=0.01s Real=0.08s
........[1697.156s][info][gc,start       ] GC(411) Pause Young (Allocation Failure)
[1697.233s][info][gc,heap        ] GC(411) PSYoungGen: 1947168K(2315264K)->118016K(1953792K) Eden: 1835520K(1835520K)->0K(1835520K) From: 111648K(479744K)->118016K(118272K)
[1697.233s][info][gc,heap        ] GC(411) ParOldGen: 2793515K(2793984K)->2878531K(2878976K)
[1697.233s][info][gc,metaspace   ] GC(411) Metaspace: 29064K(29376K)->29064K(29376K) NonClass: 25960K(26112K)->25960K(26112K) Class: 3103K(3264K)->3103K(3264K)
[1697.233s][info][gc             ] GC(411) Pause Young (Allocation Failure) 4629M->2926M(4719M) 77.016ms
[1697.233s][info][gc,cpu         ] GC(411) User=0.43s Sys=0.02s Real=0.08s
........[1704.965s][info][gc,start       ] GC(412) Pause Young (Allocation Failure)
[1705.045s][info][gc,heap        ] GC(412) PSYoungGen: 1953536K(1953792K)->118624K(2319360K) Eden: 1835520K(1835520K)->0K(1843200K) From: 118016K(118272K)->118624K(476160K)
[1705.045s][info][gc,heap        ] GC(412) ParOldGen: 2878531K(2878976K)->2969899K(2970112K)
[1705.045s][info][gc,metaspace   ] GC(412) Metaspace: 29064K(29376K)->29064K(29376K) NonClass: 25960K(26112K)->25960K(26112K) Class: 3103K(3264K)->3103K(3264K)
[1705.045s][info][gc             ] GC(412) Pause Young (Allocation Failure) 4718M->3016M(5165M) 79.772ms
[1705.045s][info][gc,cpu         ] GC(412) User=0.44s Sys=0.03s Real=0.08s
........[1712.695s][info][gc,start       ] GC(413) Pause Young (Allocation Failure)
[1712.775s][info][gc,heap        ] GC(413) PSYoungGen: 1961824K(2319360K)->120933K(1964544K) Eden: 1843200K(1843200K)->0K(1843200K) From: 118624K(476160K)->120933K(121344K)
[1712.775s][info][gc,heap        ] GC(413) ParOldGen: 2969899K(2970112K)->3058155K(3058176K)
[1712.775s][info][gc,metaspace   ] GC(413) Metaspace: 29064K(29376K)->29064K(29376K) NonClass: 25960K(26112K)->25960K(26112K) Class: 3103K(3264K)->3103K(3264K)
[1712.775s][info][gc             ] GC(413) Pause Young (Allocation Failure) 4816M->3104M(4905M) 79.771ms
[1712.775s][info][gc,cpu         ] GC(413) User=0.44s Sys=0.03s Real=0.08s
.....[1718.067s][info][gc,start       ] GC(414) Pause Full (Diagnostic Command)
[1718.067s][info][gc,phases,start] GC(414) Marking Phase
[1718.358s][info][gc,phases      ] GC(414) Marking Phase 291.477ms
[1718.359s][info][gc,phases,start] GC(414) Summary Phase
[1718.359s][info][gc,phases      ] GC(414) Summary Phase 0.060ms
[1718.359s][info][gc,phases,start] GC(414) Forward
[1718.527s][info][gc,phases      ] GC(414) Forward 168.844ms
[1718.527s][info][gc,phases,start] GC(414) Adjust Pointers
[1718.738s][info][gc,phases      ] GC(414) Adjust Pointers 210.683ms
[1718.738s][info][gc,phases,start] GC(414) Compaction Phase
[1718.923s][info][gc,phases      ] GC(414) Compaction Phase 184.608ms
[1718.925s][info][gc,phases,start] GC(414) Post Compact
[1718.929s][info][gc,phases      ] GC(414) Post Compact 3.789ms
[1718.929s][info][gc,heap        ] GC(414) PSYoungGen: 1362948K(1964544K)->0K(1964544K) Eden: 1242015K(1843200K)->0K(1843200K) From: 120933K(121344K)->0K(121344K)
[1718.929s][info][gc,heap        ] GC(414) ParOldGen: 3058155K(3058176K)->1304002K(3058176K)
[1718.929s][info][gc,metaspace   ] GC(414) Metaspace: 29064K(29376K)->29064K(29376K) NonClass: 25960K(26112K)->25960K(26112K) Class: 3103K(3264K)->3103K(3264K)
[1718.929s][info][gc             ] GC(414) Pause Full (Diagnostic Command) 4317M->1273M(4905M) 862.248ms
[1718.929s][info][gc,cpu         ] GC(414) User=4.54s Sys=0.01s Real=0.86s
.......[1725.789s][info][gc,start       ] GC(415) Pause Young (Allocation Failure)
[1725.841s][info][gc,heap        ] GC(415) PSYoungGen: 1843200K(1964544K)->121748K(2321408K) Eden: 1843200K(1843200K)->0K(1862144K) From: 0K(121344K)->121748K(459264K)
[1725.841s][info][gc,heap        ] GC(415) ParOldGen: 1304002K(3058176K)->1304002K(3058176K)
[1725.841s][info][gc,metaspace   ] GC(415) Metaspace: 29064K(29376K)->29064K(29376K) NonClass: 25960K(26112K)->25960K(26112K) Class: 3103K(3264K)->3103K(3264K)
[1725.841s][info][gc             ] GC(415) Pause Young (Allocation Failure) 3073M->1392M(5253M) 51.890ms
[1725.841s][info][gc,cpu         ] GC(415) User=0.30s Sys=0.00s Real=0.05s
........[1733.772s][info][gc,start       ] GC(416) Pause Young (Allocation Failure)
[1733.846s][info][gc,heap        ] GC(416) PSYoungGen: 1983892K(2321408K)->204896K(2310144K) Eden: 1862144K(1862144K)->0K(1862144K) From: 121748K(459264K)->204896K(448000K)
[1733.846s][info][gc,heap        ] GC(416) ParOldGen: 1304002K(3058176K)->1304002K(3058176K)
[1733.846s][info][gc,metaspace   ] GC(416) Metaspace: 29064K(29376K)->29064K(29376K) NonClass: 25960K(26112K)->25960K(26112K) Class: 3103K(3264K)->3103K(3264K)
[1733.846s][info][gc             ] GC(416) Pause Young (Allocation Failure) 3210M->1473M(5242M) 73.185ms
[1733.846s][info][gc,cpu         ] GC(416) User=0.44s Sys=0.00s Real=0.08s
.... (rIR:aIR:PR = 1660:1661:1661) (tPR = 24797) [OK] 
  1736s: Performance info:
         Transaction,    Success,    Partial,     Failed,   Receipts, AvgBarcode, 
             Overall,     100684,          0,          0,      95650,      59.48, 
         Response times:
             Request,    Success,    Partial,     Failed,   SkipFail,     Probes,    Samples,      min,      p50,      p90,      p95,      p99,      max, 
       TotalPurchase,      95650,          0,          0,          0,      92393,     108184,      300,     1500,     2200,     2500,    53150,   156000,
     InStorePurchase,      50344,          0,          0,          0,      48731,      56777,      300,     1500,     2200,     2500,    57000,   141000,
      OnlinePurchase,      35208,          0,          0,          0,      34088,      39975,      300,     1400,     2200,     2500,    43000,   142000,
        InstPurchase,      10098,          0,          0,          0,       9574,      11432,      400,     1600,     2300,     2500,    61000,   156000,
          AssocOfCat,        100,          0,          0,          0,         93,        114,    16700,    19700,    26000,    27750,   149850,   156000,
      AssocOfProduct,       1006,          0,          0,          0,        892,       1156,      600,     1700,     2200,     2500,    58000,   105000,
      BusinessReport,        251,          0,          0,          0,        185,        273,    18600,    25000,    30000,    88600,   137560,   156000,
          CustBuyBeh,       1008,          0,          0,          0,        871,       1143,      200,     1400,     2200,     2500,    89920,   135000,
       ProductReturn,       2669,          0,          0,          0,       2412,       2982,      200,     1100,     2100,     2300,    43000,   121000,

  1736s: (13%)   IR =   1799 ....|[1741.355s][info][gc,start       ] GC(417) Pause Young (Allocation Failure)
[1741.447s][info][gc,heap        ] GC(417) PSYoungGen: 2067040K(2310144K)->274784K(2309120K) Eden: 1862144K(1862144K)->0K(1883136K) From: 204896K(448000K)->274784K(425984K)
[1741.447s][info][gc,heap        ] GC(417) ParOldGen: 1304002K(3058176K)->1304002K(3058176K)
[1741.447s][info][gc,metaspace   ] GC(417) Metaspace: 29067K(29376K)->29067K(29376K) NonClass: 25963K(26112K)->25963K(26112K) Class: 3103K(3264K)->3103K(3264K)
[1741.447s][info][gc             ] GC(417) Pause Young (Allocation Failure) 3292M->1541M(5241M) 91.503ms
[1741.447s][info][gc,cpu         ] GC(417) User=0.55s Sys=0.00s Real=0.09s
.......[1748.719s][info][gc,start       ] GC(418) Pause Young (Allocation Failure)
[1748.831s][info][gc,heap        ] GC(418) PSYoungGen: 2157920K(2309120K)->342693K(2314752K) Eden: 1883136K(1883136K)->0K(1883136K) From: 274784K(425984K)->342693K(431616K)
[1748.831s][info][gc,heap        ] GC(418) ParOldGen: 1304002K(3058176K)->1304002K(3058176K)
[1748.831s][info][gc,metaspace   ] GC(418) Metaspace: 29067K(29376K)->29067K(29376K) NonClass: 25963K(26112K)->25963K(26112K) Class: 3103K(3264K)->3103K(3264K)
[1748.831s][info][gc             ] GC(418) Pause Young (Allocation Failure) 3380M->1608M(5247M) 112.049ms
[1748.831s][info][gc,cpu         ] GC(418) User=0.67s Sys=0.00s Real=0.11s
........[1756.161s][info][gc,start       ] GC(419) Pause Young (Allocation Failure)
[1756.283s][info][gc,heap        ] GC(419) PSYoungGen: 2225829K(2314752K)->334016K(2298880K) Eden: 1883136K(1883136K)->0K(1838592K) From: 342693K(431616K)->334016K(460288K)
[1756.283s][info][gc,heap        ] GC(419) ParOldGen: 1304002K(3058176K)->1346226K(3058176K)
[1756.283s][info][gc,metaspace   ] GC(419) Metaspace: 29067K(29376K)->29067K(29376K) NonClass: 25963K(26112K)->25963K(26112K) Class: 3103K(3264K)->3103K(3264K)
[1756.283s][info][gc             ] GC(419) Pause Young (Allocation Failure) 3447M->1640M(5231M) 122.117ms
[1756.283s][info][gc,cpu         ] GC(419) User=0.71s Sys=0.01s Real=0.12s
.......[1763.452s][info][gc,start       ] GC(420) Pause Young (Allocation Failure)
[1763.570s][info][gc,heap        ] GC(420) PSYoungGen: 2172608K(2298880K)->332512K(2171392K) Eden: 1838592K(1838592K)->0K(1838592K) From: 334016K(460288K)->332512K(332800K)
[1763.570s][info][gc,heap        ] GC(420) ParOldGen: 1346226K(3058176K)->1388682K(3058176K)
[1763.570s][info][gc,metaspace   ] GC(420) Metaspace: 29067K(29376K)->29067K(29376K) NonClass: 25963K(26112K)->25963K(26112K) Class: 3103K(3264K)->3103K(3264K)
[1763.570s][info][gc             ] GC(420) Pause Young (Allocation Failure) 3436M->1680M(5107M) 118.816ms
[1763.570s][info][gc,cpu         ] GC(420) User=0.71s Sys=0.00s Real=0.12s
.......[1770.720s][info][gc,start       ] GC(421) Pause Young (Allocation Failure)
[1770.840s][info][gc,heap        ] GC(421) PSYoungGen: 2171104K(2171392K)->277216K(2315776K) Eden: 1838592K(1838592K)->0K(1824256K) From: 332512K(332800K)->277216K(491520K)
[1770.840s][info][gc,heap        ] GC(421) ParOldGen: 1388682K(3058176K)->1487474K(3058176K)
[1770.840s][info][gc,metaspace   ] GC(421) Metaspace: 29067K(29376K)->29067K(29376K) NonClass: 25963K(26112K)->25963K(26112K) Class: 3103K(3264K)->3103K(3264K)
[1770.840s][info][gc             ] GC(421) Pause Young (Allocation Failure) 3476M->1723M(5248M) 120.776ms
[1770.840s][info][gc,cpu         ] GC(421) User=0.72s Sys=0.00s Real=0.12s
.......[1777.949s][info][gc,start       ] GC(422) Pause Young (Allocation Failure)
[1778.059s][info][gc,heap        ] GC(422) PSYoungGen: 2101472K(2315776K)->205760K(2030080K) Eden: 1824256K(1824256K)->0K(1824256K) From: 277216K(491520K)->205760K(205824K)
[1778.059s][info][gc,heap        ] GC(422) ParOldGen: 1487474K(3058176K)->1614266K(3058176K)
[1778.059s][info][gc,metaspace   ] GC(422) Metaspace: 29067K(29376K)->29067K(29376K) NonClass: 25963K(26112K)->25963K(26112K) Class: 3103K(3264K)->3103K(3264K)
[1778.059s][info][gc             ] GC(422) Pause Young (Allocation Failure) 3504M->1777M(4969M) 109.260ms
[1778.059s][info][gc,cpu         ] GC(422) User=0.65s Sys=0.00s Real=0.11s
........[1785.066s][info][gc,start       ] GC(423) Pause Young (Allocation Failure)
[1785.159s][info][gc,heap        ] GC(423) PSYoungGen: 2030016K(2030080K)->116512K(2288128K) Eden: 1824256K(1824256K)->0K(1825280K) From: 205760K(205824K)->116512K(462848K)
[1785.159s][info][gc,heap        ] GC(423) ParOldGen: 1614266K(3058176K)->1773530K(3058176K)
[1785.159s][info][gc,metaspace   ] GC(423) Metaspace: 29067K(29376K)->29067K(29376K) NonClass: 25963K(26112K)->25963K(26112K) Class: 3103K(3264K)->3103K(3264K)
[1785.159s][info][gc             ] GC(423) Pause Young (Allocation Failure) 3558M->1845M(5221M) 92.193ms
[1785.159s][info][gc,cpu         ] GC(423) User=0.55s Sys=0.00s Real=0.09s
.......[1792.148s][info][gc,start       ] GC(424) Pause Young (Allocation Failure)
[1792.225s][info][gc,heap        ] GC(424) PSYoungGen: 1941792K(2288128K)->120192K(2287104K) Eden: 1825280K(1825280K)->0K(1825280K) From: 116512K(462848K)->120192K(461824K)
[1792.225s][info][gc,heap        ] GC(424) ParOldGen: 1773530K(3058176K)->1861834K(3058176K)
[1792.225s][info][gc,metaspace   ] GC(424) Metaspace: 29067K(29376K)->29067K(29376K) NonClass: 25963K(26112K)->25963K(26112K) Class: 3103K(3264K)->3103K(3264K)
[1792.225s][info][gc             ] GC(424) Pause Young (Allocation Failure) 3628M->1935M(5220M) 76.883ms
[1792.225s][info][gc,cpu         ] GC(424) User=0.45s Sys=0.00s Real=0.08s
.......[1799.393s][info][gc,start       ] GC(425) Pause Young (Allocation Failure)
[1799.468s][info][gc,heap        ] GC(425) PSYoungGen: 1945472K(2287104K)->116672K(2327040K) Eden: 1825280K(1825280K)->0K(1877504K) From: 120192K(461824K)->116672K(449536K)
[1799.468s][info][gc,heap        ] GC(425) ParOldGen: 1861834K(3058176K)->1953338K(3058176K)
[1799.468s][info][gc,metaspace   ] GC(425) Metaspace: 29067K(29376K)->29067K(29376K) NonClass: 25963K(26112K)->25963K(26112K) Class: 3103K(3264K)->3103K(3264K)
[1799.468s][info][gc             ] GC(425) Pause Young (Allocation Failure) 3718M->2021M(5259M) 74.922ms
[1799.468s][info][gc,cpu         ] GC(425) User=0.44s Sys=0.00s Real=0.08s
.. (rIR:aIR:PR = 1799:1798:1798) (tPR = 26421) [OK] 
  1800s: Performance info:
         Transaction,    Success,    Partial,     Failed,   Receipts, AvgBarcode, 
             Overall,     108112,          0,          0,     102706,      59.49, 
         Response times:
             Request,    Success,    Partial,     Failed,   SkipFail,     Probes,    Samples,      min,      p50,      p90,      p95,      p99,      max, 
       TotalPurchase,     102706,          0,          0,          0,      99951,     107812,      300,     1600,     2400,     2700,     7600,   125000,
     InStorePurchase,      54003,          0,          0,          0,      52778,      56787,      300,     1600,     2400,     2600,     8200,   125000,
      OnlinePurchase,      37887,          0,          0,          0,      36805,      39685,      300,     1600,     2400,     2700,     7600,   124000,
        InstPurchase,      10816,          0,          0,          0,      10368,      11340,      400,     1700,     2500,     2700,     4600,   125000,
          AssocOfCat,        108,          0,          0,          0,        106,        114,    16600,    22000,    27000,    31250,    35850,    36000,
      AssocOfProduct,       1082,          0,          0,          0,        936,       1119,      800,     1900,     2600,     2700,     4660,    95000,
      BusinessReport,        271,          0,          0,          0,        220,        307,    18400,    26000,    31000,    32000,    73800,   152000,
          CustBuyBeh,       1085,          0,          0,          0,        962,       1154,      300,     1300,     1900,     2200,     6015,   117000,
       ProductReturn,       2860,          0,          0,          0,       2573,       2871,      200,     1600,     2300,     2600,     7468,   118000,

  1800s: (14%)   IR =   1937 .....|[1806.397s][info][gc,start       ] GC(426) Pause Young (Allocation Failure)
[1806.471s][info][gc,heap        ] GC(426) PSYoungGen: 1994176K(2327040K)->119360K(2327552K) Eden: 1877504K(1877504K)->0K(1877504K) From: 116672K(449536K)->119360K(450048K)
[1806.471s][info][gc,heap        ] GC(426) ParOldGen: 1953338K(3058176K)->2042218K(3058176K)
[1806.471s][info][gc,metaspace   ] GC(426) Metaspace: 29067K(29376K)->29067K(29376K) NonClass: 25963K(26112K)->25963K(26112K) Class: 3103K(3264K)->3103K(3264K)
[1806.471s][info][gc             ] GC(426) Pause Young (Allocation Failure) 3854M->2110M(5259M) 74.228ms
[1806.471s][info][gc,cpu         ] GC(426) User=0.44s Sys=0.00s Real=0.07s
.......[1813.299s][info][gc,start       ] GC(427) Pause Young (Allocation Failure)
[1813.374s][info][gc,heap        ] GC(427) PSYoungGen: 1996864K(2327552K)->118336K(2333184K) Eden: 1877504K(1877504K)->0K(1905152K) From: 119360K(450048K)->118336K(428032K)
[1813.374s][info][gc,heap        ] GC(427) ParOldGen: 2042218K(3058176K)->2133754K(3058176K)
[1813.374s][info][gc,metaspace   ] GC(427) Metaspace: 29067K(29376K)->29067K(29376K) NonClass: 25964K(26112K)->25964K(26112K) Class: 3103K(3264K)->3103K(3264K)
[1813.374s][info][gc             ] GC(427) Pause Young (Allocation Failure) 3944M->2199M(5265M) 74.851ms
[1813.374s][info][gc,cpu         ] GC(427) User=0.44s Sys=0.00s Real=0.08s
.......[1820.343s][info][gc,start       ] GC(428) Pause Young (Allocation Failure)
[1820.420s][info][gc,heap        ] GC(428) PSYoungGen: 2023488K(2333184K)->120544K(2335232K) Eden: 1905152K(1905152K)->0K(1905152K) From: 118336K(428032K)->120544K(430080K)
[1820.420s][info][gc,heap        ] GC(428) ParOldGen: 2133754K(3058176K)->2224226K(3058176K)
[1820.420s][info][gc,metaspace   ] GC(428) Metaspace: 29067K(29376K)->29067K(29376K) NonClass: 25964K(26112K)->25964K(26112K) Class: 3103K(3264K)->3103K(3264K)
[1820.420s][info][gc             ] GC(428) Pause Young (Allocation Failure) 4059M->2289M(5267M) 76.243ms
[1820.420s][info][gc,cpu         ] GC(428) User=0.45s Sys=0.00s Real=0.07s
.......[1827.248s][info][gc,start       ] GC(429) Pause Young (Allocation Failure)
[1827.322s][info][gc,heap        ] GC(429) PSYoungGen: 2025695K(2335232K)->117504K(2351616K) Eden: 1905151K(1905152K)->0K(1948160K) From: 120544K(430080K)->117504K(403456K)
[1827.322s][info][gc,heap        ] GC(429) ParOldGen: 2224226K(3058176K)->2316082K(3058176K)
[1827.322s][info][gc,metaspace   ] GC(429) Metaspace: 29067K(29376K)->29067K(29376K) NonClass: 25964K(26112K)->25964K(26112K) Class: 3103K(3264K)->3103K(3264K)
[1827.322s][info][gc             ] GC(429) Pause Young (Allocation Failure) 4150M->2376M(5283M) 74.642ms
[1827.322s][info][gc,cpu         ] GC(429) User=0.44s Sys=0.00s Real=0.07s
.......[1834.391s][info][gc,start       ] GC(430) Pause Young (Allocation Failure)
[1834.471s][info][gc,heap        ] GC(430) PSYoungGen: 2065664K(2351616K)->128147K(2353664K) Eden: 1948160K(1948160K)->0K(1948160K) From: 117504K(403456K)->128147K(405504K)
[1834.471s][info][gc,heap        ] GC(430) ParOldGen: 2316082K(3058176K)->2405266K(3058176K)
[1834.471s][info][gc,metaspace   ] GC(430) Metaspace: 29070K(29376K)->29070K(29376K) NonClass: 25967K(26112K)->25967K(26112K) Class: 3103K(3264K)->3103K(3264K)
[1834.471s][info][gc             ] GC(430) Pause Young (Allocation Failure) 4279M->2474M(5285M) 79.999ms
[1834.471s][info][gc,cpu         ] GC(430) User=0.47s Sys=0.00s Real=0.08s
.......[1841.481s][info][gc,start       ] GC(431) Pause Young (Allocation Failure)
[1841.559s][info][gc,heap        ] GC(431) PSYoungGen: 2076307K(2353664K)->121952K(2376192K) Eden: 1948160K(1948160K)->0K(1999360K) From: 128147K(405504K)->121952K(376832K)
[1841.559s][info][gc,heap        ] GC(431) ParOldGen: 2405266K(3058176K)->2497986K(3058176K)
[1841.559s][info][gc,metaspace   ] GC(431) Metaspace: 29070K(29376K)->29070K(29376K) NonClass: 25967K(26112K)->25967K(26112K) Class: 3103K(3264K)->3103K(3264K)
[1841.559s][info][gc             ] GC(431) Pause Young (Allocation Failure) 4376M->2558M(5307M) 78.111ms
[1841.559s][info][gc,cpu         ] GC(431) User=0.46s Sys=0.00s Real=0.08s
.......[1848.908s][info][gc,start       ] GC(432) Pause Young (Allocation Failure)
[1848.987s][info][gc,heap        ] GC(432) PSYoungGen: 2121312K(2376192K)->128160K(2377216K) Eden: 1999360K(1999360K)->0K(1999360K) From: 121952K(376832K)->128160K(377856K)
[1848.987s][info][gc,heap        ] GC(432) ParOldGen: 2497986K(3058176K)->2589234K(3058176K)
[1848.987s][info][gc,metaspace   ] GC(432) Metaspace: 29070K(29376K)->29070K(29376K) NonClass: 25967K(26112K)->25967K(26112K) Class: 3103K(3264K)->3103K(3264K)
[1848.987s][info][gc             ] GC(432) Pause Young (Allocation Failure) 4511M->2653M(5308M) 78.622ms
[1848.987s][info][gc,cpu         ] GC(432) User=0.46s Sys=0.00s Real=0.08s
.......[1856.014s][info][gc,start       ] GC(433) Pause Young (Allocation Failure)
[1856.097s][info][gc,heap        ] GC(433) PSYoungGen: 2127520K(2377216K)->130276K(2401792K) Eden: 1999360K(1999360K)->0K(2054656K) From: 128160K(377856K)->130276K(347136K)
[1856.097s][info][gc,heap        ] GC(433) ParOldGen: 2589234K(3058176K)->2684586K(3058176K)
[1856.097s][info][gc,metaspace   ] GC(433) Metaspace: 29070K(29376K)->29070K(29376K) NonClass: 25967K(26112K)->25967K(26112K) Class: 3103K(3264K)->3103K(3264K)
[1856.097s][info][gc             ] GC(433) Pause Young (Allocation Failure) 4606M->2748M(5332M) 82.668ms
[1856.097s][info][gc,cpu         ] GC(433) User=0.49s Sys=0.00s Real=0.08s
........[1863.648s][info][gc,start       ] GC(434) Pause Young (Allocation Failure)
[1863.729s][info][gc,heap        ] GC(434) PSYoungGen: 2184932K(2401792K)->129760K(2403328K) Eden: 2054656K(2054656K)->0K(2054656K) From: 130276K(347136K)->129760K(348672K)
[1863.729s][info][gc,heap        ] GC(434) ParOldGen: 2684586K(3058176K)->2775354K(3058176K)
[1863.729s][info][gc,metaspace   ] GC(434) Metaspace: 29071K(29376K)->29071K(29376K) NonClass: 25968K(26112K)->25968K(26112K) Class: 3103K(3264K)->3103K(3264K)
[1863.729s][info][gc             ] GC(434) Pause Young (Allocation Failure) 4755M->2837M(5333M) 80.553ms
[1863.729s][info][gc,cpu         ] GC(434) User=0.47s Sys=0.00s Real=0.08s
... (rIR:aIR:PR = 1937:1936:1936) (tPR = 28929) [OK] 
  1865s: Performance info:
         Transaction,    Success,    Partial,     Failed,   Receipts, AvgBarcode, 
             Overall,     116207,          0,          0,     110394,      59.48, 
         Response times:
             Request,    Success,    Partial,     Failed,   SkipFail,     Probes,    Samples,      min,      p50,      p90,      p95,      p99,      max, 
       TotalPurchase,     110393,          0,          0,          0,     107461,     117925,      300,     1700,     2500,     2800,     4500,    86000,
     InStorePurchase,      58124,          0,          0,          0,      56757,      62024,      300,     1600,     2500,     2800,     4300,    86000,
      OnlinePurchase,      40656,          0,          0,          0,      39621,      43586,      300,     1800,     2600,     2800,     4800,    86000,
        InstPurchase,      11613,          0,          0,          0,      11083,      12315,      400,     1700,     2500,     2800,     4700,    86000,
          AssocOfCat,        117,          0,          0,          0,        113,        124,    16000,    22000,    27000,    28750,    31750,    32000,
      AssocOfProduct,       1158,          0,          0,          0,       1029,       1265,      500,     1200,     1900,     2200,     2900,     5600,
      BusinessReport,        292,          0,          0,          0,        226,        306,    19100,    27000,    32000,    35650,    47000,   113000,
          CustBuyBeh,       1170,          0,          0,          0,       1016,       1227,      600,     2200,     2700,     3000,     7516,    86000,
       ProductReturn,       3076,          0,          0,          0,       2829,       3272,      200,     1700,     2400,     2700,     4754,    86000,

  1865s: (15%)   IR =   2076 ....|[1870.738s][info][gc,start       ] GC(435) Pause Young (Allocation Failure)
[1870.818s][info][gc,heap        ] GC(435) PSYoungGen: 2184416K(2403328K)->127936K(2434048K) Eden: 2054656K(2054656K)->0K(2112512K) From: 129760K(348672K)->127936K(321536K)
[1870.818s][info][gc,heap        ] GC(435) ParOldGen: 2775354K(3058176K)->2871866K(3058176K)
[1870.818s][info][gc,metaspace   ] GC(435) Metaspace: 29074K(29376K)->29074K(29376K) NonClass: 25970K(26112K)->25970K(26112K) Class: 3103K(3264K)->3103K(3264K)
[1870.818s][info][gc             ] GC(435) Pause Young (Allocation Failure) 4843M->2929M(5363M) 79.764ms
[1870.818s][info][gc,cpu         ] GC(435) User=0.47s Sys=0.00s Real=0.08s
.......[1877.988s][info][gc,start       ] GC(436) Pause Young (Allocation Failure)
[1878.070s][info][gc,heap        ] GC(436) PSYoungGen: 2240448K(2434048K)->132864K(2434560K) Eden: 2112512K(2112512K)->0K(2112512K) From: 127936K(321536K)->132864K(322048K)
[1878.070s][info][gc,heap        ] GC(436) ParOldGen: 2871866K(3058176K)->2966338K(3058176K)
[1878.070s][info][gc,metaspace   ] GC(436) Metaspace: 29074K(29376K)->29074K(29376K) NonClass: 25970K(26112K)->25970K(26112K) Class: 3103K(3264K)->3103K(3264K)
[1878.070s][info][gc             ] GC(436) Pause Young (Allocation Failure) 4992M->3026M(5364M) 82.103ms
[1878.070s][info][gc,cpu         ] GC(436) User=0.48s Sys=0.00s Real=0.08s
........[1885.178s][info][gc,start       ] GC(437) Pause Young (Allocation Failure)
[1885.259s][info][gc,heap        ] GC(437) PSYoungGen: 2245376K(2434560K)->129600K(2462208K) Eden: 2112512K(2112512K)->0K(2164224K) From: 132864K(322048K)->129600K(297984K)
[1885.259s][info][gc,heap        ] GC(437) ParOldGen: 2966338K(3058176K)->3064130K(3064320K)
[1885.259s][info][gc,metaspace   ] GC(437) Metaspace: 29075K(29376K)->29075K(29376K) NonClass: 25971K(26112K)->25971K(26112K) Class: 3103K(3264K)->3103K(3264K)
[1885.259s][info][gc             ] GC(437) Pause Young (Allocation Failure) 5089M->3118M(5397M) 81.263ms
[1885.259s][info][gc,cpu         ] GC(437) User=0.48s Sys=0.00s Real=0.08s
.......[1892.628s][info][gc,start       ] GC(438) Pause Young (Allocation Failure)
[1892.715s][info][gc,heap        ] GC(438) PSYoungGen: 2293824K(2462208K)->135424K(2461184K) Eden: 2164224K(2164224K)->0K(2164224K) From: 129600K(297984K)->135424K(296960K)
[1892.715s][info][gc,heap        ] GC(438) ParOldGen: 3064130K(3064320K)->3159306K(3159552K)
[1892.715s][info][gc,metaspace   ] GC(438) Metaspace: 29075K(29376K)->29075K(29376K) NonClass: 25971K(26112K)->25971K(26112K) Class: 3103K(3264K)->3103K(3264K)
[1892.715s][info][gc             ] GC(438) Pause Young (Allocation Failure) 5232M->3217M(5489M) 86.161ms
[1892.715s][info][gc,cpu         ] GC(438) User=0.48s Sys=0.03s Real=0.09s
.......[1899.924s][info][gc,start       ] GC(439) Pause Young (Allocation Failure)
[1900.011s][info][gc,heap        ] GC(439) PSYoungGen: 2299648K(2461184K)->133984K(2487808K) Eden: 2164224K(2164224K)->0K(2212352K) From: 135424K(296960K)->133984K(275456K)
[1900.011s][info][gc,heap        ] GC(439) ParOldGen: 3159306K(3159552K)->3258970K(3259392K)
[1900.011s][info][gc,metaspace   ] GC(439) Metaspace: 29075K(29376K)->29075K(29376K) NonClass: 25971K(26112K)->25971K(26112K) Class: 3103K(3264K)->3103K(3264K)
[1900.011s][info][gc             ] GC(439) Pause Young (Allocation Failure) 5331M->3313M(5612M) 86.666ms
[1900.011s][info][gc,cpu         ] GC(439) User=0.47s Sys=0.04s Real=0.08s
........[1907.521s][info][gc,start       ] GC(440) Pause Young (Allocation Failure)
[1907.608s][info][gc,heap        ] GC(440) PSYoungGen: 2346336K(2487808K)->136224K(2485760K) Eden: 2212352K(2212352K)->0K(2212352K) From: 133984K(275456K)->136224K(273408K)
[1907.608s][info][gc,heap        ] GC(440) ParOldGen: 3258970K(3259392K)->3355482K(3355648K)
[1907.608s][info][gc,metaspace   ] GC(440) Metaspace: 29075K(29376K)->29075K(29376K) NonClass: 25971K(26112K)->25971K(26112K) Class: 3103K(3264K)->3103K(3264K)
[1907.609s][info][gc             ] GC(440) Pause Young (Allocation Failure) 5473M->3409M(5704M) 87.452ms
[1907.609s][info][gc,cpu         ] GC(440) User=0.49s Sys=0.03s Real=0.09s
.......[1915.039s][info][gc,start       ] GC(441) Pause Young (Allocation Failure)
[1915.130s][info][gc,heap        ] GC(441) PSYoungGen: 2348576K(2485760K)->144100K(2511360K) Eden: 2212352K(2212352K)->0K(2258432K) From: 136224K(273408K)->144100K(252928K)
[1915.130s][info][gc,heap        ] GC(441) ParOldGen: 3355482K(3355648K)->3454970K(3454976K)
[1915.130s][info][gc,metaspace   ] GC(441) Metaspace: 29075K(29376K)->29075K(29376K) NonClass: 25971K(26112K)->25971K(26112K) Class: 3103K(3264K)->3103K(3264K)
[1915.130s][info][gc             ] GC(441) Pause Young (Allocation Failure) 5570M->3514M(5826M) 91.409ms
[1915.130s][info][gc,cpu         ] GC(441) User=0.51s Sys=0.02s Real=0.09s
........[1922.820s][info][gc,start       ] GC(442) Pause Young (Allocation Failure)
[1922.910s][info][gc,heap        ] GC(442) PSYoungGen: 2402532K(2511360K)->140736K(2509824K) Eden: 2258432K(2258432K)->0K(2258432K) From: 144100K(252928K)->140736K(251392K)
[1922.910s][info][gc,heap        ] GC(442) ParOldGen: 3454970K(3454976K)->3552778K(3553280K)
[1922.910s][info][gc,metaspace   ] GC(442) Metaspace: 29075K(29376K)->29075K(29376K) NonClass: 25971K(26112K)->25971K(26112K) Class: 3103K(3264K)->3103K(3264K)
[1922.910s][info][gc             ] GC(442) Pause Young (Allocation Failure) 5720M->3606M(5921M) 90.192ms
[1922.910s][info][gc,cpu         ] GC(442) User=0.51s Sys=0.02s Real=0.09s
........ (rIR:aIR:PR = 2076:2078:2078) (tPR = 30887) [OK] 
  1930s: Performance info:
         Transaction,    Success,    Partial,     Failed,   Receipts, AvgBarcode, 
             Overall,     124769,          0,          0,     118546,      59.47, 
         Response times:
             Request,    Success,    Partial,     Failed,   SkipFail,     Probes,    Samples,      min,      p50,      p90,      p95,      p99,      max, 
       TotalPurchase,     118546,          0,          0,          0,     115346,     124342,      300,     1800,     2700,     2900,     4800,    99000,
     InStorePurchase,      62350,          0,          0,          0,      60975,      65590,      300,     1800,     2700,     2900,     4500,    97000,
      OnlinePurchase,      43718,          0,          0,          0,      42434,      45610,      300,     1800,     2700,     2900,     5500,    99000,
        InstPurchase,      12478,          0,          0,          0,      11937,      13142,      400,     1800,     2700,     2900,     4300,    94000,
          AssocOfCat,        126,          0,          0,          0,         85,        118,    16600,    21000,    26000,    29000,    33810,    34000,
      AssocOfProduct,       1244,          0,          0,          0,       1111,       1319,      500,     1600,     2400,     2600,     3540,    92000,
      BusinessReport,        309,          0,          0,          0,        247,        333,    18600,    26000,    31000,    33000,    45960,   118000,
          CustBuyBeh,       1247,          0,          0,          0,       1119,       1323,      300,     2200,     2800,     3000,     5660,    86000,
       ProductReturn,       3297,          0,          0,          0,       3040,       3414,      200,     1500,     2600,     3000,     4185,    89000,

  1930s: (16%)   IR =   2214 [1930.442s][info][gc,start       ] GC(443) Pause Young (Allocation Failure)
[1930.534s][info][gc,heap        ] GC(443) PSYoungGen: 2399168K(2509824K)->139984K(2535936K) Eden: 2258432K(2258432K)->0K(2300416K) From: 140736K(251392K)->139984K(235520K)
[1930.534s][info][gc,heap        ] GC(443) ParOldGen: 3552778K(3553280K)->3654186K(3654656K)
[1930.534s][info][gc,metaspace   ] GC(443) Metaspace: 29077K(29376K)->29077K(29376K) NonClass: 25973K(26112K)->25973K(26112K) Class: 3103K(3264K)->3103K(3264K)
[1930.534s][info][gc             ] GC(443) Pause Young (Allocation Failure) 5812M->3705M(6045M) 92.186ms
[1930.534s][info][gc,cpu         ] GC(443) User=0.51s Sys=0.03s Real=0.10s
......|.[1937.804s][info][gc,start       ] GC(444) Pause Young (Allocation Failure)
[1937.894s][info][gc,heap        ] GC(444) PSYoungGen: 2440400K(2535936K)->142208K(2533376K) Eden: 2300416K(2300416K)->0K(2300416K) From: 139984K(235520K)->142208K(232960K)
[1937.894s][info][gc,heap        ] GC(444) ParOldGen: 3654186K(3654656K)->3753802K(3753984K)
[1937.894s][info][gc,metaspace   ] GC(444) Metaspace: 29077K(29376K)->29077K(29376K) NonClass: 25973K(26112K)->25973K(26112K) Class: 3103K(3264K)->3103K(3264K)
[1937.894s][info][gc             ] GC(444) Pause Young (Allocation Failure) 5951M->3804M(6140M) 90.319ms
[1937.894s][info][gc,cpu         ] GC(444) User=0.50s Sys=0.03s Real=0.09s
.......[1945.144s][info][gc,start       ] GC(445) Pause Young (Allocation Failure)
[1945.245s][info][gc,heap        ] GC(445) PSYoungGen: 2442624K(2533376K)->148532K(2556928K) Eden: 2300416K(2300416K)->0K(2333696K) From: 142208K(232960K)->148532K(223232K)
[1945.245s][info][gc,heap        ] GC(445) ParOldGen: 3753802K(3753984K)->3856002K(3856384K)
[1945.245s][info][gc,metaspace   ] GC(445) Metaspace: 29077K(29376K)->29077K(29376K) NonClass: 25973K(26112K)->25973K(26112K) Class: 3103K(3264K)->3103K(3264K)
[1945.245s][info][gc             ] GC(445) Pause Young (Allocation Failure) 6051M->3910M(6263M) 101.536ms
[1945.245s][info][gc,cpu         ] GC(445) User=0.55s Sys=0.05s Real=0.10s
........[1952.677s][info][gc,start       ] GC(446) Pause Young (Allocation Failure)
[1952.769s][info][gc,heap        ] GC(446) PSYoungGen: 2482228K(2556928K)->144096K(2551808K) Eden: 2333696K(2333696K)->0K(2333696K) From: 148532K(223232K)->144096K(218112K)
[1952.769s][info][gc,heap        ] GC(446) ParOldGen: 3856002K(3856384K)->3956042K(3956224K)
[1952.769s][info][gc,metaspace   ] GC(446) Metaspace: 29077K(29376K)->29077K(29376K) NonClass: 25973K(26112K)->25973K(26112K) Class: 3103K(3264K)->3103K(3264K)
[1952.769s][info][gc             ] GC(446) Pause Young (Allocation Failure) 6189M->4004M(6355M) 92.542ms
[1952.769s][info][gc,cpu         ] GC(446) User=0.52s Sys=0.03s Real=0.09s
.......[1960.080s][info][gc,start       ] GC(447) Pause Young (Allocation Failure)
[1960.174s][info][gc,heap        ] GC(447) PSYoungGen: 2477792K(2551808K)->143200K(2571264K) Eden: 2333696K(2333696K)->0K(2361344K) From: 144096K(218112K)->143200K(209920K)
[1960.174s][info][gc,heap        ] GC(447) ParOldGen: 3956042K(3956224K)->4059466K(4059648K)
[1960.174s][info][gc,metaspace   ] GC(447) Metaspace: 29077K(29376K)->29077K(29376K) NonClass: 25973K(26112K)->25973K(26112K) Class: 3103K(3264K)->3103K(3264K)
[1960.174s][info][gc             ] GC(447) Pause Young (Allocation Failure) 6283M->4104M(6475M) 94.535ms
[1960.174s][info][gc,cpu         ] GC(447) User=0.51s Sys=0.05s Real=0.10s
........[1967.664s][info][gc,start       ] GC(448) Pause Young (Allocation Failure)
[1967.757s][info][gc,heap        ] GC(448) PSYoungGen: 2504544K(2571264K)->144928K(2565632K) Eden: 2361344K(2361344K)->0K(2361344K) From: 143200K(209920K)->144928K(204288K)
[1967.757s][info][gc,heap        ] GC(448) ParOldGen: 4059466K(4059648K)->4160578K(4161024K)
[1967.757s][info][gc,metaspace   ] GC(448) Metaspace: 29077K(29376K)->29077K(29376K) NonClass: 25973K(26112K)->25973K(26112K) Class: 3103K(3264K)->3103K(3264K)
[1967.757s][info][gc             ] GC(448) Pause Young (Allocation Failure) 6410M->4204M(6569M) 93.197ms
[1967.757s][info][gc,cpu         ] GC(448) User=0.52s Sys=0.03s Real=0.09s
.......[1975.248s][info][gc,start       ] GC(449) Pause Young (Allocation Failure)
[1975.343s][info][gc,heap        ] GC(449) PSYoungGen: 2506272K(2565632K)->143136K(2585600K) Eden: 2361344K(2361344K)->0K(2386944K) From: 144928K(204288K)->143136K(198656K)
[1975.343s][info][gc,heap        ] GC(449) ParOldGen: 4160578K(4161024K)->4262626K(4262912K)
[1975.343s][info][gc,metaspace   ] GC(449) Metaspace: 29077K(29376K)->29077K(29376K) NonClass: 25973K(26112K)->25973K(26112K) Class: 3103K(3264K)->3103K(3264K)
[1975.343s][info][gc             ] GC(449) Pause Young (Allocation Failure) 6510M->4302M(6688M) 94.913ms
[1975.343s][info][gc,cpu         ] GC(449) User=0.52s Sys=0.04s Real=0.10s
........[1982.833s][info][gc,start       ] GC(450) Pause Young (Allocation Failure)
[1982.927s][info][gc,heap        ] GC(450) PSYoungGen: 2530080K(2585600K)->146368K(2580480K) Eden: 2386944K(2386944K)->0K(2386944K) From: 143136K(198656K)->146368K(193536K)
[1982.927s][info][gc,heap        ] GC(450) ParOldGen: 4262626K(4262912K)->4365834K(4366336K)
[1982.927s][info][gc,metaspace   ] GC(450) Metaspace: 29077K(29376K)->29077K(29376K) NonClass: 25973K(26112K)->25973K(26112K) Class: 3103K(3264K)->3103K(3264K)
[1982.927s][info][gc             ] GC(450) Pause Young (Allocation Failure) 6633M->4406M(6784M) 93.463ms
[1982.927s][info][gc,cpu         ] GC(450) User=0.52s Sys=0.03s Real=0.09s
........[1990.358s][info][gc,start       ] GC(451) Pause Young (Allocation Failure)
[1990.453s][info][gc,heap        ] GC(451) PSYoungGen: 2533312K(2580480K)->143616K(2597888K) Eden: 2386944K(2386944K)->0K(2408448K) From: 146368K(193536K)->143616K(189440K)
[1990.454s][info][gc,heap        ] GC(451) ParOldGen: 4365834K(4366336K)->4469378K(4469760K)
[1990.454s][info][gc,metaspace   ] GC(451) Metaspace: 29077K(29376K)->29077K(29376K) NonClass: 25973K(26112K)->25973K(26112K) Class: 3103K(3264K)->3103K(3264K)
[1990.454s][info][gc             ] GC(451) Pause Young (Allocation Failure) 6737M->4504M(6902M) 95.960ms
[1990.454s][info][gc,cpu         ] GC(451) User=0.53s Sys=0.04s Real=0.10s
...... (rIR:aIR:PR = 2214:2212:2212) (tPR = 33184) [OK] 
  1996s: Performance info:
         Transaction,    Success,    Partial,     Failed,   Receipts, AvgBarcode, 
             Overall,     133116,          0,          0,     126460,      59.47, 
         Response times:
             Request,    Success,    Partial,     Failed,   SkipFail,     Probes,    Samples,      min,      p50,      p90,      p95,      p99,      max, 
       TotalPurchase,     126468,          0,          0,          0,     123431,     137077,      300,     1800,     2800,     3100,     5900,   111000,
     InStorePurchase,      66537,          0,          0,          0,      65006,      71898,      300,     1800,     2800,     3100,     5700,   111000,
      OnlinePurchase,      46616,          0,          0,          0,      45593,      50639,      300,     1900,     2800,     3100,     6300,   109000,
        InstPurchase,      13315,          0,          0,          0,      12832,      14540,      400,     1900,     2800,     3100,     5859,   105000,
          AssocOfCat,        136,          0,          0,          0,        108,        166,    16600,    23000,    30300,    32000,    51320,    54000,
      AssocOfProduct,       1317,          0,          0,          0,       1196,       1464,      500,     2300,     3000,     3200,     9235,    98000,
      BusinessReport,        334,          0,          0,          0,        253,        349,    18800,    27000,    33000,    37000,    56500,   128000,
          CustBuyBeh,       1330,          0,          0,          0,       1177,       1413,      300,     2000,     2600,     2900,     9772,    96000,
       ProductReturn,       3539,          0,          0,          0,       3243,       3712,      200,     1700,     2500,     2800,     5535,    97000,

  1996s: (17%)   IR =   2352 .[1997.924s][info][gc,start       ] GC(452) Pause Young (Allocation Failure)
[1998.019s][info][gc,heap        ] GC(452) PSYoungGen: 2552064K(2597888K)->147520K(2593280K) Eden: 2408448K(2408448K)->0K(2408448K) From: 143616K(189440K)->147520K(184832K)
[1998.019s][info][gc,heap        ] GC(452) ParOldGen: 4469378K(4469760K)->4570754K(4571136K)
[1998.019s][info][gc,metaspace   ] GC(452) Metaspace: 29078K(29376K)->29078K(29376K) NonClass: 25974K(26112K)->25974K(26112K) Class: 3103K(3264K)->3103K(3264K)
[1998.019s][info][gc             ] GC(452) Pause Young (Allocation Failure) 6856M->4607M(6996M) 95.159ms
[1998.019s][info][gc,cpu         ] GC(452) User=0.54s Sys=0.02s Real=0.09s
......|.[2005.207s][info][gc,start       ] GC(453) Pause Young (Allocation Failure)
[2005.309s][info][gc,heap        ] GC(453) PSYoungGen: 2555968K(2593280K)->152836K(2605056K) Eden: 2408448K(2408448K)->0K(2422784K) From: 147520K(184832K)->152836K(182272K)
[2005.309s][info][gc,heap        ] GC(453) ParOldGen: 4570754K(4571136K)->4673362K(4673536K)
[2005.309s][info][gc,metaspace   ] GC(453) Metaspace: 29078K(29376K)->29078K(29376K) NonClass: 25974K(26112K)->25974K(26112K) Class: 3103K(3264K)->3103K(3264K)
[2005.309s][info][gc             ] GC(453) Pause Young (Allocation Failure) 6959M->4713M(7108M) 101.585ms
[2005.309s][info][gc,cpu         ] GC(453) User=0.56s Sys=0.04s Real=0.10s
........[2012.519s][info][gc,start       ] GC(454) Pause Young (Allocation Failure)
[2012.614s][info][gc,heap        ] GC(454) PSYoungGen: 2575620K(2605056K)->148288K(2604032K) Eden: 2422784K(2422784K)->0K(2422784K) From: 152836K(182272K)->148288K(181248K)
[2012.614s][info][gc,heap        ] GC(454) ParOldGen: 4673362K(4673536K)->4777506K(4777984K)
[2012.614s][info][gc,metaspace   ] GC(454) Metaspace: 29078K(29376K)->29078K(29376K) NonClass: 25974K(26112K)->25974K(26112K) Class: 3103K(3264K)->3103K(3264K)
[2012.614s][info][gc             ] GC(454) Pause Young (Allocation Failure) 7079M->4810M(7209M) 95.437ms
[2012.614s][info][gc,cpu         ] GC(454) User=0.53s Sys=0.03s Real=0.10s
......[2019.067s][info][gc,start       ] GC(455) Pause Full (Diagnostic Command)
[2019.067s][info][gc,phases,start] GC(455) Marking Phase
[2019.373s][info][gc,phases      ] GC(455) Marking Phase 306.769ms
[2019.373s][info][gc,phases,start] GC(455) Summary Phase
[2019.374s][info][gc,phases      ] GC(455) Summary Phase 0.097ms
[2019.374s][info][gc,phases,start] GC(455) Forward
[2019.554s][info][gc,phases      ] GC(455) Forward 180.784ms
[2019.554s][info][gc,phases,start] GC(455) Adjust Pointers
[2019.776s][info][gc,phases      ] GC(455) Adjust Pointers 221.752ms
[2019.776s][info][gc,phases,start] GC(455) Compaction Phase
[2019.976s][info][gc,phases      ] GC(455) Compaction Phase 199.797ms
[2019.978s][info][gc,phases,start] GC(455) Post Compact
[2019.984s][info][gc,phases      ] GC(455) Post Compact 6.080ms
[2019.984s][info][gc,heap        ] GC(455) PSYoungGen: 2328411K(2604032K)->0K(2604032K) Eden: 2180123K(2422784K)->0K(2422784K) From: 148288K(181248K)->0K(181248K)
[2019.984s][info][gc,heap        ] GC(455) ParOldGen: 4777506K(4777984K)->1311082K(4777984K)
[2019.984s][info][gc,metaspace   ] GC(455) Metaspace: 29078K(29376K)->29078K(29376K) NonClass: 25974K(26112K)->25974K(26112K) Class: 3103K(3264K)->3103K(3264K)
[2019.984s][info][gc             ] GC(455) Pause Full (Diagnostic Command) 6939M->1280M(7209M) 917.287ms
[2019.984s][info][gc,cpu         ] GC(455) User=4.82s Sys=0.00s Real=0.92s
.......[2026.343s][info][gc,start       ] GC(456) Pause Young (Allocation Failure)
[2026.403s][info][gc,heap        ] GC(456) PSYoungGen: 2422784K(2604032K)->145824K(2611712K) Eden: 2422784K(2422784K)->0K(2435584K) From: 0K(181248K)->145824K(176128K)
[2026.403s][info][gc,heap        ] GC(456) ParOldGen: 1311082K(4777984K)->1311082K(4777984K)
[2026.403s][info][gc,metaspace   ] GC(456) Metaspace: 29078K(29376K)->29078K(29376K) NonClass: 25974K(26112K)->25974K(26112K) Class: 3103K(3264K)->3103K(3264K)
[2026.403s][info][gc             ] GC(456) Pause Young (Allocation Failure) 3646M->1422M(7216M) 59.754ms
[2026.403s][info][gc,cpu         ] GC(456) User=0.35s Sys=0.00s Real=0.06s
.......[2033.713s][info][gc,start       ] GC(457) Pause Young (Allocation Failure)
[2033.805s][info][gc,heap        ] GC(457) PSYoungGen: 2581408K(2611712K)->148864K(2611200K) Eden: 2435584K(2435584K)->0K(2435584K) From: 145824K(176128K)->148864K(175616K)
[2033.805s][info][gc,heap        ] GC(457) ParOldGen: 1311082K(4777984K)->1414394K(4777984K)
[2033.805s][info][gc,metaspace   ] GC(457) Metaspace: 29078K(29376K)->29078K(29376K) NonClass: 25974K(26112K)->25974K(26112K) Class: 3103K(3264K)->3103K(3264K)
[2033.805s][info][gc             ] GC(457) Pause Young (Allocation Failure) 3801M->1526M(7216M) 91.430ms
[2033.805s][info][gc,cpu         ] GC(457) User=0.54s Sys=0.00s Real=0.10s
........[2041.033s][info][gc,start       ] GC(458) Pause Young (Allocation Failure)
[2041.127s][info][gc,heap        ] GC(458) PSYoungGen: 2584448K(2611200K)->149728K(2618880K) Eden: 2435584K(2435584K)->0K(2445312K) From: 148864K(175616K)->149728K(173568K)
[2041.127s][info][gc,heap        ] GC(458) ParOldGen: 1414394K(4777984K)->1519482K(4777984K)
[2041.127s][info][gc,metaspace   ] GC(458) Metaspace: 29078K(29376K)->29078K(29376K) NonClass: 25974K(26112K)->25974K(26112K) Class: 3103K(3264K)->3103K(3264K)
[2041.127s][info][gc             ] GC(458) Pause Young (Allocation Failure) 3905M->1630M(7223M) 94.458ms
[2041.127s][info][gc,cpu         ] GC(458) User=0.55s Sys=0.01s Real=0.10s
.......[2048.457s][info][gc,start       ] GC(459) Pause Young (Allocation Failure)
[2048.546s][info][gc,heap        ] GC(459) PSYoungGen: 2595040K(2618880K)->149472K(2617856K) Eden: 2445312K(2445312K)->0K(2445312K) From: 149728K(173568K)->149472K(172544K)
[2048.546s][info][gc,heap        ] GC(459) ParOldGen: 1519482K(4777984K)->1622706K(4777984K)
[2048.546s][info][gc,metaspace   ] GC(459) Metaspace: 29078K(29376K)->29078K(29376K) NonClass: 25974K(26112K)->25974K(26112K) Class: 3103K(3264K)->3103K(3264K)
[2048.546s][info][gc             ] GC(459) Pause Young (Allocation Failure) 4018M->1730M(7222M) 88.899ms
[2048.546s][info][gc,cpu         ] GC(459) User=0.53s Sys=0.00s Real=0.09s
.......[2055.686s][info][gc,start       ] GC(460) Pause Young (Allocation Failure)
[2055.776s][info][gc,heap        ] GC(460) PSYoungGen: 2594784K(2617856K)->147424K(2620928K) Eden: 2445312K(2445312K)->0K(2452480K) From: 149472K(172544K)->147424K(168448K)
[2055.776s][info][gc,heap        ] GC(460) ParOldGen: 1622706K(4777984K)->1728994K(4777984K)
[2055.776s][info][gc,metaspace   ] GC(460) Metaspace: 29078K(29376K)->29078K(29376K) NonClass: 25974K(26112K)->25974K(26112K) Class: 3103K(3264K)->3103K(3264K)
[2055.776s][info][gc             ] GC(460) Pause Young (Allocation Failure) 4118M->1832M(7225M) 89.956ms
[2055.776s][info][gc,cpu         ] GC(460) User=0.53s Sys=0.00s Real=0.09s
........[2063.187s][info][gc,start       ] GC(461) Pause Young (Allocation Failure)
[2063.276s][info][gc,heap        ] GC(461) PSYoungGen: 2599904K(2620928K)->148736K(2620928K) Eden: 2452480K(2452480K)->0K(2452480K) From: 147424K(168448K)->148736K(168448K)
[2063.276s][info][gc,heap        ] GC(461) ParOldGen: 1728994K(4777984K)->1831578K(4777984K)
[2063.276s][info][gc,metaspace   ] GC(461) Metaspace: 29078K(29376K)->29078K(29376K) NonClass: 25974K(26112K)->25974K(26112K) Class: 3103K(3264K)->3103K(3264K)
[2063.276s][info][gc             ] GC(461) Pause Young (Allocation Failure) 4227M->1933M(7225M) 88.618ms
[2063.276s][info][gc,cpu         ] GC(461) User=0.53s Sys=0.00s Real=0.09s
. (rIR:aIR:PR = 2352:2353:2353) (tPR = 34940) [OK] 
  2063s: Performance info:
         Transaction,    Success,    Partial,     Failed,   Receipts, AvgBarcode, 
             Overall,     142679,          0,          0,     135560,      59.49, 
         Response times:
             Request,    Success,    Partial,     Failed,   SkipFail,     Probes,    Samples,      min,      p50,      p90,      p95,      p99,      max, 
       TotalPurchase,     135560,          0,          0,          0,     131344,     148895,      300,     2000,     3000,     3500,    94000,   151000,
     InStorePurchase,      71414,          0,          0,          0,      69317,      78201,      300,     2000,     3000,     3500,    75000,   151000,
      OnlinePurchase,      49888,          0,          0,          0,      48370,      55033,      300,     1900,     3100,     3500,    99000,   148000,
        InstPurchase,      14258,          0,          0,          0,      13657,      15661,      400,     2000,     3100,     3500,    93000,   151000,
          AssocOfCat,        143,          0,          0,          0,        112,        156,    17500,    23000,    28000,    30150,   125020,   133000,
      AssocOfProduct,       1424,          0,          0,          0,       1242,       1554,      500,     2200,     3000,     3500,   117000,   117000,
      BusinessReport,        357,          0,          0,          0,        267,        386,    18800,    27000,    33000,    35650,    50260,   132000,
          CustBuyBeh,       1429,          0,          0,          0,       1292,       1634,      200,     2100,     3050,     3500,    83200,   148000,
       ProductReturn,       3766,          0,          0,          0,       3515,       4235,      300,     1800,     3000,     3500,    92000,   119000,

  2063s: (18%)   IR =   2491 ......|[2070.306s][info][gc,start       ] GC(462) Pause Young (Allocation Failure)
[2070.398s][info][gc,heap        ] GC(462) PSYoungGen: 2601216K(2620928K)->150784K(2626560K) Eden: 2452480K(2452480K)->0K(2460160K) From: 148736K(168448K)->150784K(166400K)
[2070.398s][info][gc,heap        ] GC(462) ParOldGen: 1831578K(4777984K)->1937106K(4777984K)
[2070.398s][info][gc,metaspace   ] GC(462) Metaspace: 29078K(29376K)->29078K(29376K) NonClass: 25974K(26112K)->25974K(26112K) Class: 3103K(3264K)->3103K(3264K)
[2070.398s][info][gc             ] GC(462) Pause Young (Allocation Failure) 4328M->2038M(7231M) 91.930ms
[2070.398s][info][gc,cpu         ] GC(462) User=0.55s Sys=0.00s Real=0.09s
.......[2077.148s][info][gc,start       ] GC(463) Pause Young (Allocation Failure)
[2077.238s][info][gc,heap        ] GC(463) PSYoungGen: 2610944K(2626560K)->149760K(2626560K) Eden: 2460160K(2460160K)->0K(2460160K) From: 150784K(166400K)->149760K(166400K)
[2077.238s][info][gc,heap        ] GC(463) ParOldGen: 1937106K(4777984K)->2044050K(4777984K)
[2077.238s][info][gc,metaspace   ] GC(463) Metaspace: 29078K(29376K)->29078K(29376K) NonClass: 25974K(26112K)->25974K(26112K) Class: 3103K(3264K)->3103K(3264K)
[2077.238s][info][gc             ] GC(463) Pause Young (Allocation Failure) 4441M->2142M(7231M) 90.694ms
[2077.238s][info][gc,cpu         ] GC(463) User=0.54s Sys=0.00s Real=0.09s
.......[2084.306s][info][gc,start       ] GC(464) Pause Young (Allocation Failure)
[2084.397s][info][gc,heap        ] GC(464) PSYoungGen: 2609920K(2626560K)->150720K(2629120K) Eden: 2460160K(2460160K)->0K(2463744K) From: 149760K(166400K)->150720K(165376K)
[2084.397s][info][gc,heap        ] GC(464) ParOldGen: 2044050K(4777984K)->2146746K(4777984K)
[2084.397s][info][gc,metaspace   ] GC(464) Metaspace: 29078K(29376K)->29078K(29376K) NonClass: 25974K(26112K)->25974K(26112K) Class: 3103K(3264K)->3103K(3264K)
[2084.397s][info][gc             ] GC(464) Pause Young (Allocation Failure) 4544M->2243M(7233M) 91.585ms
[2084.397s][info][gc,cpu         ] GC(464) User=0.54s Sys=0.00s Real=0.09s
.......[2091.250s][info][gc,start       ] GC(465) Pause Young (Allocation Failure)
[2091.343s][info][gc,heap        ] GC(465) PSYoungGen: 2614464K(2629120K)->156092K(2628608K) Eden: 2463744K(2463744K)->0K(2463744K) From: 150720K(165376K)->156092K(164864K)
[2091.343s][info][gc,heap        ] GC(465) ParOldGen: 2146746K(4777984K)->2253722K(4777984K)
[2091.343s][info][gc,metaspace   ] GC(465) Metaspace: 29078K(29376K)->29078K(29376K) NonClass: 25974K(26112K)->25974K(26112K) Class: 3103K(3264K)->3103K(3264K)
[2091.343s][info][gc             ] GC(465) Pause Young (Allocation Failure) 4649M->2353M(7233M) 93.219ms
[2091.343s][info][gc,cpu         ] GC(465) User=0.56s Sys=0.00s Real=0.09s
.......[2098.351s][info][gc,start       ] GC(466) Pause Young (Allocation Failure)
[2098.441s][info][gc,heap        ] GC(466) PSYoungGen: 2619836K(2628608K)->149856K(2629632K) Eden: 2463744K(2463744K)->0K(2464768K) From: 156092K(164864K)->149856K(164864K)
[2098.441s][info][gc,heap        ] GC(466) ParOldGen: 2253722K(4777984K)->2358306K(4777984K)
[2098.441s][info][gc,metaspace   ] GC(466) Metaspace: 29078K(29376K)->29078K(29376K) NonClass: 25974K(26112K)->25974K(26112K) Class: 3103K(3264K)->3103K(3264K)
[2098.441s][info][gc             ] GC(466) Pause Young (Allocation Failure) 4759M->2449M(7234M) 90.628ms
[2098.441s][info][gc,cpu         ] GC(466) User=0.54s Sys=0.00s Real=0.09s
.......[2105.215s][info][gc,start       ] GC(467) Pause Young (Allocation Failure)
[2105.306s][info][gc,heap        ] GC(467) PSYoungGen: 2614624K(2629632K)->148192K(2629632K) Eden: 2464768K(2464768K)->0K(2464768K) From: 149856K(164864K)->148192K(164864K)
[2105.306s][info][gc,heap        ] GC(467) ParOldGen: 2358306K(4777984K)->2465754K(4777984K)
[2105.306s][info][gc,metaspace   ] GC(467) Metaspace: 29078K(29376K)->29078K(29376K) NonClass: 25974K(26112K)->25974K(26112K) Class: 3103K(3264K)->3103K(3264K)
[2105.306s][info][gc             ] GC(467) Pause Young (Allocation Failure) 4856M->2552M(7234M) 90.899ms
[2105.306s][info][gc,cpu         ] GC(467) User=0.53s Sys=0.00s Real=0.09s
.......[2112.186s][info][gc,start       ] GC(468) Pause Young (Allocation Failure)
[2112.277s][info][gc,heap        ] GC(468) PSYoungGen: 2612960K(2629632K)->152496K(2629632K) Eden: 2464768K(2464768K)->0K(2466304K) From: 148192K(164864K)->152496K(163328K)
[2112.278s][info][gc,heap        ] GC(468) ParOldGen: 2465754K(4777984K)->2568906K(4777984K)
[2112.278s][info][gc,metaspace   ] GC(468) Metaspace: 29078K(29376K)->29078K(29376K) NonClass: 25974K(26112K)->25974K(26112K) Class: 3103K(3264K)->3103K(3264K)
[2112.278s][info][gc             ] GC(468) Pause Young (Allocation Failure) 4959M->2657M(7234M) 91.248ms
[2112.278s][info][gc,cpu         ] GC(468) User=0.53s Sys=0.00s Real=0.09s
.......[2119.305s][info][gc,start       ] GC(469) Pause Young (Allocation Failure)
[2119.396s][info][gc,heap        ] GC(469) PSYoungGen: 2618800K(2629632K)->150528K(2629632K) Eden: 2466304K(2466304K)->0K(2466304K) From: 152496K(163328K)->150528K(163328K)
[2119.396s][info][gc,heap        ] GC(469) ParOldGen: 2568906K(4777984K)->2672906K(4777984K)
[2119.396s][info][gc,metaspace   ] GC(469) Metaspace: 29078K(29376K)->29078K(29376K) NonClass: 25974K(26112K)->25974K(26112K) Class: 3103K(3264K)->3103K(3264K)
[2119.396s][info][gc             ] GC(469) Pause Young (Allocation Failure) 5066M->2757M(7234M) 90.295ms
[2119.396s][info][gc,cpu         ] GC(469) User=0.54s Sys=0.00s Real=0.09s
.......[2126.187s][info][gc,start       ] GC(470) Pause Young (Allocation Failure)
[2126.282s][info][gc,heap        ] GC(470) PSYoungGen: 2616832K(2629632K)->152853K(2631680K) Eden: 2466304K(2466304K)->0K(2469376K) From: 150528K(163328K)->152853K(162304K)
[2126.282s][info][gc,heap        ] GC(470) ParOldGen: 2672906K(4777984K)->2779538K(4777984K)
[2126.282s][info][gc,metaspace   ] GC(470) Metaspace: 29078K(29376K)->29078K(29376K) NonClass: 25974K(26112K)->25974K(26112K) Class: 3103K(3264K)->3103K(3264K)
[2126.282s][info][gc             ] GC(470) Pause Young (Allocation Failure) 5165M->2863M(7236M) 94.528ms
[2126.282s][info][gc,cpu         ] GC(470) User=0.56s Sys=0.00s Real=0.09s
.... (rIR:aIR:PR = 2491:2491:2491) (tPR = 36860) [OK] 
  2129s: Performance info:
         Transaction,    Success,    Partial,     Failed,   Receipts, AvgBarcode, 
             Overall,     149563,          0,          0,     142082,      59.48, 
         Response times:
             Request,    Success,    Partial,     Failed,   SkipFail,     Probes,    Samples,      min,      p50,      p90,      p95,      p99,      max, 
       TotalPurchase,     142082,          0,          0,          0,     139513,     155120,      300,     2000,     3100,     3400,     7300,   118000,
     InStorePurchase,      74805,          0,          0,          0,      73351,      81333,      300,     1900,     3000,     3400,     6866,   118000,
      OnlinePurchase,      52314,          0,          0,          0,      51639,      57438,      300,     2100,     3100,     3400,     7900,   102000,
        InstPurchase,      14963,          0,          0,          0,      14523,      16349,      400,     2100,     3100,     3400,     7900,   102000,
          AssocOfCat,        150,          0,          0,          0,         99,        154,    16700,    24000,    29000,    39500,   124800,   127000,
      AssocOfProduct,       1496,          0,          0,          0,       1316,       1550,      600,     2800,     3500,     3900,    11047,    97000,
      BusinessReport,        376,          0,          0,          0,        313,        441,    19700,    28000,    36000,    41000,   122900,   138000,
          CustBuyBeh,       1490,          0,          0,          0,       1316,       1590,      200,     1250,     2400,     2745,     7100,    95000,
       ProductReturn,       3969,          0,          0,          0,       3726,       4243,      200,     2500,     3300,     3600,    14000,    97000,

  2129s: (19%)   IR =   2629 ..[2133.008s][info][gc,start       ] GC(471) Pause Young (Allocation Failure)
[2133.104s][info][gc,heap        ] GC(471) PSYoungGen: 2622229K(2631680K)->157108K(2631680K) Eden: 2469376K(2469376K)->0K(2469376K) From: 152853K(162304K)->157108K(162304K)
[2133.104s][info][gc,heap        ] GC(471) ParOldGen: 2779538K(4777984K)->2884130K(4777984K)
[2133.104s][info][gc,metaspace   ] GC(471) Metaspace: 29078K(29376K)->29078K(29376K) NonClass: 25974K(26112K)->25974K(26112K) Class: 3103K(3264K)->3103K(3264K)
[2133.104s][info][gc             ] GC(471) Pause Young (Allocation Failure) 5275M->2969M(7236M) 95.628ms
[2133.104s][info][gc,cpu         ] GC(471) User=0.57s Sys=0.00s Real=0.10s
......|.[2139.693s][info][gc,start       ] GC(472) Pause Young (Allocation Failure)
[2139.788s][info][gc,heap        ] GC(472) PSYoungGen: 2626484K(2631680K)->157205K(2629120K) Eden: 2469376K(2469376K)->0K(2465280K) From: 157108K(162304K)->157205K(163840K)
[2139.788s][info][gc,heap        ] GC(472) ParOldGen: 2884130K(4777984K)->2988562K(4777984K)
[2139.788s][info][gc,metaspace   ] GC(472) Metaspace: 29078K(29376K)->29078K(29376K) NonClass: 25974K(26112K)->25974K(26112K) Class: 3103K(3264K)->3103K(3264K)
[2139.788s][info][gc             ] GC(472) Pause Young (Allocation Failure) 5381M->3072M(7233M) 94.353ms
[2139.788s][info][gc,cpu         ] GC(472) User=0.56s Sys=0.01s Real=0.09s
.......[2146.336s][info][gc,start       ] GC(473) Pause Young (Allocation Failure)
[2146.426s][info][gc,heap        ] GC(473) PSYoungGen: 2622485K(2629120K)->149056K(2630656K) Eden: 2465280K(2465280K)->0K(2465280K) From: 157205K(163840K)->149056K(165376K)
[2146.426s][info][gc,heap        ] GC(473) ParOldGen: 2988562K(4777984K)->3093578K(4777984K)
[2146.426s][info][gc,metaspace   ] GC(473) Metaspace: 29078K(29376K)->29078K(29376K) NonClass: 25974K(26112K)->25974K(26112K) Class: 3103K(3264K)->3103K(3264K)
[2146.426s][info][gc             ] GC(473) Pause Young (Allocation Failure) 5479M->3166M(7235M) 90.202ms
[2146.426s][info][gc,cpu         ] GC(473) User=0.54s Sys=0.00s Real=0.09s
......[2152.994s][info][gc,start       ] GC(474) Pause Young (Allocation Failure)
[2153.089s][info][gc,heap        ] GC(474) PSYoungGen: 2614336K(2630656K)->151168K(2627072K) Eden: 2465280K(2465280K)->0K(2466304K) From: 149056K(165376K)->151168K(160768K)
[2153.089s][info][gc,heap        ] GC(474) ParOldGen: 3093578K(4777984K)->3198794K(4777984K)
[2153.089s][info][gc,metaspace   ] GC(474) Metaspace: 29078K(29376K)->29078K(29376K) NonClass: 25974K(26112K)->25974K(26112K) Class: 3103K(3264K)->3103K(3264K)
[2153.089s][info][gc             ] GC(474) Pause Young (Allocation Failure) 5574M->3271M(7231M) 94.738ms
[2153.089s][info][gc,cpu         ] GC(474) User=0.56s Sys=0.01s Real=0.09s
.......[2159.495s][info][gc,start       ] GC(475) Pause Young (Allocation Failure)
[2159.592s][info][gc,heap        ] GC(475) PSYoungGen: 2617472K(2627072K)->159376K(2629120K) Eden: 2466304K(2466304K)->0K(2466304K) From: 151168K(160768K)->159376K(162816K)
[2159.592s][info][gc,heap        ] GC(475) ParOldGen: 3198794K(4777984K)->3303474K(4777984K)
[2159.592s][info][gc,metaspace   ] GC(475) Metaspace: 29078K(29376K)->29078K(29376K) NonClass: 25974K(26112K)->25974K(26112K) Class: 3103K(3264K)->3103K(3264K)
[2159.592s][info][gc             ] GC(475) Pause Young (Allocation Failure) 5679M->3381M(7233M) 96.483ms
[2159.592s][info][gc,cpu         ] GC(475) User=0.56s Sys=0.00s Real=0.09s
.......[2166.202s][info][gc,start       ] GC(476) Pause Young (Allocation Failure)
[2166.297s][info][gc,heap        ] GC(476) PSYoungGen: 2625680K(2629120K)->154580K(2631168K) Eden: 2466304K(2466304K)->0K(2466304K) From: 159376K(162816K)->154580K(164864K)
[2166.297s][info][gc,heap        ] GC(476) ParOldGen: 3303474K(4777984K)->3408162K(4777984K)
[2166.297s][info][gc,metaspace   ] GC(476) Metaspace: 29078K(29376K)->29078K(29376K) NonClass: 25974K(26112K)->25974K(26112K) Class: 3103K(3264K)->3103K(3264K)
[2166.297s][info][gc             ] GC(476) Pause Young (Allocation Failure) 5790M->3479M(7235M) 95.071ms
[2166.297s][info][gc,cpu         ] GC(476) User=0.55s Sys=0.01s Real=0.10s
......[2172.915s][info][gc,start       ] GC(477) Pause Young (Allocation Failure)
[2173.012s][info][gc,heap        ] GC(477) PSYoungGen: 2620884K(2631168K)->161888K(2628608K) Eden: 2466304K(2466304K)->0K(2466304K) From: 154580K(164864K)->161888K(162304K)
[2173.012s][info][gc,heap        ] GC(477) ParOldGen: 3408162K(4777984K)->3513514K(4777984K)
[2173.012s][info][gc,metaspace   ] GC(477) Metaspace: 29078K(29376K)->29078K(29376K) NonClass: 25974K(26112K)->25974K(26112K) Class: 3103K(3264K)->3103K(3264K)
[2173.012s][info][gc             ] GC(477) Pause Young (Allocation Failure) 5887M->3589M(7233M) 96.710ms
[2173.012s][info][gc,cpu         ] GC(477) User=0.57s Sys=0.00s Real=0.09s
.......[2179.498s][info][gc,start       ] GC(478) Pause Young (Allocation Failure)
[2179.591s][info][gc,heap        ] GC(478) PSYoungGen: 2628192K(2628608K)->150601K(2630144K) Eden: 2466304K(2466304K)->0K(2463232K) From: 161888K(162304K)->150601K(166912K)
[2179.591s][info][gc,heap        ] GC(478) ParOldGen: 3513514K(4777984K)->3619282K(4777984K)
[2179.591s][info][gc,metaspace   ] GC(478) Metaspace: 29078K(29376K)->29078K(29376K) NonClass: 25974K(26112K)->25974K(26112K) Class: 3103K(3264K)->3103K(3264K)
[2179.591s][info][gc             ] GC(478) Pause Young (Allocation Failure) 5997M->3681M(7234M) 93.024ms
[2179.591s][info][gc,cpu         ] GC(478) User=0.54s Sys=0.00s Real=0.09s
.......[2186.139s][info][gc,start       ] GC(479) Pause Young (Allocation Failure)
[2186.232s][info][gc,heap        ] GC(479) PSYoungGen: 2613833K(2630144K)->154208K(2617856K) Eden: 2463232K(2463232K)->0K(2463232K) From: 150601K(166912K)->154208K(154624K)
[2186.232s][info][gc,heap        ] GC(479) ParOldGen: 3619282K(4777984K)->3724218K(4777984K)
[2186.232s][info][gc,metaspace   ] GC(479) Metaspace: 29078K(29376K)->29078K(29376K) NonClass: 25974K(26112K)->25974K(26112K) Class: 3103K(3264K)->3103K(3264K)
[2186.232s][info][gc             ] GC(479) Pause Young (Allocation Failure) 6087M->3787M(7222M) 93.771ms
[2186.232s][info][gc,cpu         ] GC(479) User=0.55s Sys=0.00s Real=0.09s
......[2192.722s][info][gc,start       ] GC(480) Pause Young (Allocation Failure)
[2192.818s][info][gc,heap        ] GC(480) PSYoungGen: 2617440K(2617856K)->155808K(2628608K) Eden: 2463232K(2463232K)->0K(2463232K) From: 154208K(154624K)->155808K(165376K)
[2192.818s][info][gc,heap        ] GC(480) ParOldGen: 3724218K(4777984K)->3829658K(4777984K)
[2192.818s][info][gc,metaspace   ] GC(480) Metaspace: 29078K(29376K)->29078K(29376K) NonClass: 25974K(26112K)->25974K(26112K) Class: 3103K(3264K)->3103K(3264K)
[2192.818s][info][gc             ] GC(480) Pause Young (Allocation Failure) 6193M->3892M(7233M) 95.647ms
[2192.818s][info][gc,cpu         ] GC(480) User=0.56s Sys=0.01s Real=0.10s
...... (rIR:aIR:PR = 2629:2631:2631) (tPR = 39276) [OK] 
  2197s: Performance info:
         Transaction,    Success,    Partial,     Failed,   Receipts, AvgBarcode, 
             Overall,     157926,          0,          0,     150041,      59.48, 
         Response times:
             Request,    Success,    Partial,     Failed,   SkipFail,     Probes,    Samples,      min,      p50,      p90,      p95,      p99,      max, 
       TotalPurchase,     150046,          0,          0,          0,     147207,     168181,      300,     2100,     3300,     3600,     9400,   126000,
     InStorePurchase,      78968,          0,          0,          0,      77644,      88481,      300,     2100,     3300,     3700,    10000,   106000,
      OnlinePurchase,      55276,          0,          0,          0,      54284,      62107,      300,     2200,     3300,     3600,     8500,   126000,
        InstPurchase,      15802,          0,          0,          0,      15279,      17593,      400,     2200,     3300,     3600,    10000,   104000,
          AssocOfCat,        156,          0,          0,          0,        107,        161,    16300,    24000,    30000,    34000,    71500,   118000,
      AssocOfProduct,       1580,          0,          0,          0,       1449,       1838,      400,     1700,     2900,     3300,     6100,    94000,
      BusinessReport,        396,          0,          0,          0,        333,        452,    18900,    28000,    34000,    39000,   135880,   146000,
          CustBuyBeh,       1578,          0,          0,          0,       1423,       1773,      500,     2400,     3300,     3800,    13656,    99000,
       ProductReturn,       4176,          0,          0,          0,       3885,       4668,      200,     1400,     3000,     3400,     7800,   102000,

  2197s: (20%)   IR =   2767 .[2199.243s][info][gc,start       ] GC(481) Pause Young (Allocation Failure)
[2199.335s][info][gc,heap        ] GC(481) PSYoungGen: 2619040K(2628608K)->146304K(2628608K) Eden: 2463232K(2463232K)->0K(2463232K) From: 155808K(165376K)->146304K(165376K)
[2199.335s][info][gc,heap        ] GC(481) ParOldGen: 3829658K(4777984K)->3935738K(4777984K)
[2199.335s][info][gc,metaspace   ] GC(481) Metaspace: 29078K(29376K)->29078K(29376K) NonClass: 25974K(26112K)->25974K(26112K) Class: 3103K(3264K)->3103K(3264K)
[2199.335s][info][gc             ] GC(481) Pause Young (Allocation Failure) 6297M->3986M(7233M) 91.646ms
[2199.335s][info][gc,cpu         ] GC(481) User=0.54s Sys=0.00s Real=0.09s
...|...[2205.483s][info][gc,start       ] GC(482) Pause Young (Allocation Failure)
[2205.574s][info][gc,heap        ] GC(482) PSYoungGen: 2609536K(2628608K)->148896K(2628608K) Eden: 2463232K(2463232K)->0K(2465280K) From: 146304K(165376K)->148896K(163328K)
[2205.574s][info][gc,heap        ] GC(482) ParOldGen: 3935738K(4777984K)->4039914K(4777984K)
[2205.574s][info][gc,metaspace   ] GC(482) Metaspace: 29078K(29376K)->29078K(29376K) NonClass: 25974K(26112K)->25974K(26112K) Class: 3103K(3264K)->3103K(3264K)
[2205.574s][info][gc             ] GC(482) Pause Young (Allocation Failure) 6391M->4090M(7233M) 91.190ms
[2205.574s][info][gc,cpu         ] GC(482) User=0.54s Sys=0.00s Real=0.10s
......[2211.862s][info][gc,start       ] GC(483) Pause Young (Allocation Failure)
[2211.958s][info][gc,heap        ] GC(483) PSYoungGen: 2614176K(2628608K)->151776K(2629632K) Eden: 2465280K(2465280K)->0K(2465280K) From: 148896K(163328K)->151776K(164352K)
[2211.958s][info][gc,heap        ] GC(483) ParOldGen: 4039914K(4777984K)->4144042K(4777984K)
[2211.958s][info][gc,metaspace   ] GC(483) Metaspace: 29078K(29376K)->29078K(29376K) NonClass: 25974K(26112K)->25974K(26112K) Class: 3103K(3264K)->3103K(3264K)
[2211.958s][info][gc             ] GC(483) Pause Young (Allocation Failure) 6498M->4195M(7234M) 96.202ms
[2211.958s][info][gc,cpu         ] GC(483) User=0.56s Sys=0.00s Real=0.10s
......[2218.085s][info][gc,start       ] GC(484) Pause Young (Allocation Failure)
[2218.176s][info][gc,heap        ] GC(484) PSYoungGen: 2617056K(2629632K)->150912K(2629632K) Eden: 2465280K(2465280K)->0K(2468352K) From: 151776K(164352K)->150912K(161280K)
[2218.176s][info][gc,heap        ] GC(484) ParOldGen: 4144042K(4777984K)->4250698K(4777984K)
[2218.176s][info][gc,metaspace   ] GC(484) Metaspace: 29078K(29376K)->29078K(29376K) NonClass: 25974K(26112K)->25974K(26112K) Class: 3103K(3264K)->3103K(3264K)
[2218.176s][info][gc             ] GC(484) Pause Young (Allocation Failure) 6602M->4298M(7234M) 91.802ms
[2218.176s][info][gc,cpu         ] GC(484) User=0.54s Sys=0.01s Real=0.09s
.......[2224.402s][info][gc,start       ] GC(485) Pause Young (Allocation Failure)
[2224.496s][info][gc,heap        ] GC(485) PSYoungGen: 2619264K(2629632K)->149376K(2630656K) Eden: 2468352K(2468352K)->0K(2468352K) From: 150912K(161280K)->149376K(162304K)
[2224.496s][info][gc,heap        ] GC(485) ParOldGen: 4250698K(4777984K)->4354458K(4777984K)
[2224.496s][info][gc,metaspace   ] GC(485) Metaspace: 29078K(29376K)->29078K(29376K) NonClass: 25974K(26112K)->25974K(26112K) Class: 3103K(3264K)->3103K(3264K)
[2224.496s][info][gc             ] GC(485) Pause Young (Allocation Failure) 6708M->4398M(7235M) 93.312ms
[2224.496s][info][gc,cpu         ] GC(485) User=0.54s Sys=0.00s Real=0.10s
......[2230.701s][info][gc,start       ] GC(486) Pause Young (Allocation Failure)
[2230.795s][info][gc,heap        ] GC(486) PSYoungGen: 2617728K(2630656K)->149504K(2632192K) Eden: 2468352K(2468352K)->0K(2471936K) From: 149376K(162304K)->149504K(160256K)
[2230.795s][info][gc,heap        ] GC(486) ParOldGen: 4354458K(4777984K)->4459922K(4777984K)
[2230.795s][info][gc,metaspace   ] GC(486) Metaspace: 29078K(29376K)->29078K(29376K) NonClass: 25974K(26112K)->25974K(26112K) Class: 3103K(3264K)->3103K(3264K)
[2230.795s][info][gc             ] GC(486) Pause Young (Allocation Failure) 6808M->4501M(7236M) 93.959ms
[2230.795s][info][gc,cpu         ] GC(486) User=0.56s Sys=0.00s Real=0.10s
......[2237.001s][info][gc,start       ] GC(487) Pause Young (Allocation Failure)
[2237.094s][info][gc,heap        ] GC(487) PSYoungGen: 2621440K(2632192K)->151744K(2633216K) Eden: 2471936K(2471936K)->0K(2471936K) From: 149504K(160256K)->151744K(161280K)
[2237.094s][info][gc,heap        ] GC(487) ParOldGen: 4459922K(4777984K)->4564362K(4777984K)
[2237.094s][info][gc,metaspace   ] GC(487) Metaspace: 29078K(29376K)->29078K(29376K) NonClass: 25974K(26112K)->25974K(26112K) Class: 3103K(3264K)->3103K(3264K)
[2237.094s][info][gc             ] GC(487) Pause Young (Allocation Failure) 6915M->4605M(7237M) 92.723ms
[2237.094s][info][gc,cpu         ] GC(487) User=0.55s Sys=0.00s Real=0.10s
.......[2243.319s][info][gc,start       ] GC(488) Pause Young (Allocation Failure)
[2243.413s][info][gc,heap        ] GC(488) PSYoungGen: 2623680K(2633216K)->148320K(2634752K) Eden: 2471936K(2471936K)->0K(2474496K) From: 151744K(161280K)->148320K(160256K)
[2243.413s][info][gc,heap        ] GC(488) ParOldGen: 4564362K(4777984K)->4669666K(4777984K)
[2243.413s][info][gc,metaspace   ] GC(488) Metaspace: 29078K(29376K)->29078K(29376K) NonClass: 25974K(26112K)->25974K(26112K) Class: 3103K(3264K)->3103K(3264K)
[2243.413s][info][gc             ] GC(488) Pause Young (Allocation Failure) 7019M->4705M(7239M) 94.325ms
[2243.413s][info][gc,cpu         ] GC(488) User=0.55s Sys=0.00s Real=0.10s
......[2249.640s][info][gc,start       ] GC(489) Pause Young (Allocation Failure)
[2249.734s][info][gc,heap        ] GC(489) PSYoungGen: 2622816K(2634752K)->151552K(2634752K) Eden: 2474496K(2474496K)->0K(2474496K) From: 148320K(160256K)->151552K(160256K)
[2249.734s][info][gc,heap        ] GC(489) ParOldGen: 4669666K(4777984K)->4774130K(4777984K)
[2249.734s][info][gc,metaspace   ] GC(489) Metaspace: 29078K(29376K)->29078K(29376K) NonClass: 25974K(26112K)->25974K(26112K) Class: 3103K(3264K)->3103K(3264K)
[2249.734s][info][gc             ] GC(489) Pause Young (Allocation Failure) 7121M->4810M(7239M) 93.322ms
[2249.734s][info][gc,cpu         ] GC(489) User=0.55s Sys=0.00s Real=0.10s
......[2255.981s][info][gc,start       ] GC(490) Pause Young (Allocation Failure)
[2256.080s][info][gc,heap        ] GC(490) PSYoungGen: 2626048K(2634752K)->152032K(2635264K) Eden: 2474496K(2474496K)->0K(2476032K) From: 151552K(160256K)->152032K(159232K)
[2256.080s][info][gc,heap        ] GC(490) ParOldGen: 4774130K(4777984K)->4880042K(4880384K)
[2256.080s][info][gc,metaspace   ] GC(490) Metaspace: 29078K(29376K)->29078K(29376K) NonClass: 25974K(26112K)->25974K(26112K) Class: 3103K(3264K)->3103K(3264K)
[2256.080s][info][gc             ] GC(490) Pause Young (Allocation Failure) 7226M->4914M(7339M) 98.893ms
[2256.080s][info][gc,cpu         ] GC(490) User=0.56s Sys=0.02s Real=0.10s
....... (rIR:aIR:PR = 2767:2767:2767) (tPR = 41420) [OK] 
  2262s: Performance info:
         Transaction,    Success,    Partial,     Failed,   Receipts, AvgBarcode, 
             Overall,     166151,          0,          0,     157827,      59.47, 
         Response times:
             Request,    Success,    Partial,     Failed,   SkipFail,     Probes,    Samples,      min,      p50,      p90,      p95,      p99,      max, 
       TotalPurchase,     157827,          0,          0,          0,     154464,     165460,      300,     2200,     3400,     3800,     9100,   112000,
     InStorePurchase,      83088,          0,          0,          0,      81389,      86955,      300,     2100,     3400,     3800,     9200,   112000,
      OnlinePurchase,      58131,          0,          0,          0,      57021,      60913,      300,     2300,     3500,     3900,     9100,   103000,
        InstPurchase,      16608,          0,          0,          0,      16054,      17592,      400,     2300,     3400,     3800,     8700,   103000,
          AssocOfCat,        170,          0,          0,          0,        116,        152,    16600,    22000,    30000,    32350,   107520,   116000,
      AssocOfProduct,       1659,          0,          0,          0,       1500,       1727,      700,     3000,     3800,     4300,     8772,   103000,
      BusinessReport,        419,          0,          0,          0,        358,        444,    19500,    28000,    33000,    37000,    45550,    55000,
          CustBuyBeh,       1666,          0,          0,          0,       1473,       1720,      200,     1600,     3490,     3895,     6779,    97000,
       ProductReturn,       4410,          0,          0,          0,       4074,       4553,      200,     1300,     3100,     3400,     5300,    97000,

  2262s: (21%)   IR =   2906 [2262.261s][info][gc,start       ] GC(491) Pause Young (Allocation Failure)
[2262.357s][info][gc,heap        ] GC(491) PSYoungGen: 2628064K(2635264K)->146528K(2634752K) Eden: 2476032K(2476032K)->0K(2476032K) From: 152032K(159232K)->146528K(158720K)
[2262.357s][info][gc,heap        ] GC(491) ParOldGen: 4880042K(4880384K)->4986034K(4986368K)
[2262.357s][info][gc,metaspace   ] GC(491) Metaspace: 29078K(29376K)->29078K(29376K) NonClass: 25974K(26112K)->25974K(26112K) Class: 3103K(3264K)->3103K(3264K)
[2262.357s][info][gc             ] GC(491) Pause Young (Allocation Failure) 7332M->5012M(7442M) 95.759ms
[2262.357s][info][gc,cpu         ] GC(491) User=0.55s Sys=0.01s Real=0.10s
....|..[2268.242s][info][gc,start       ] GC(492) Pause Young (Allocation Failure)
[2268.339s][info][gc,heap        ] GC(492) PSYoungGen: 2622560K(2634752K)->148096K(2636800K) Eden: 2476032K(2476032K)->0K(2478080K) From: 146528K(158720K)->148096K(158720K)
[2268.339s][info][gc,heap        ] GC(492) ParOldGen: 4986034K(4986368K)->5089810K(5090304K)
[2268.339s][info][gc,metaspace   ] GC(492) Metaspace: 29078K(29376K)->29078K(29376K) NonClass: 25974K(26112K)->25974K(26112K) Class: 3103K(3264K)->3103K(3264K)
[2268.339s][info][gc             ] GC(492) Pause Young (Allocation Failure) 7430M->5115M(7546M) 97.137ms
[2268.340s][info][gc,cpu         ] GC(492) User=0.54s Sys=0.03s Real=0.10s
......[2274.378s][info][gc,start       ] GC(493) Pause Young (Allocation Failure)
[2274.478s][info][gc,heap        ] GC(493) PSYoungGen: 2626176K(2636800K)->157040K(2635264K) Eden: 2478080K(2478080K)->0K(2478080K) From: 148096K(158720K)->157040K(157184K)
[2274.478s][info][gc,heap        ] GC(493) ParOldGen: 5089810K(5090304K)->5194346K(5194752K)
[2274.478s][info][gc,metaspace   ] GC(493) Metaspace: 29078K(29376K)->29078K(29376K) NonClass: 25974K(26112K)->25974K(26112K) Class: 3103K(3264K)->3103K(3264K)
[2274.478s][info][gc             ] GC(493) Pause Young (Allocation Failure) 7535M->5225M(7646M) 99.473ms
[2274.478s][info][gc,cpu         ] GC(493) User=0.57s Sys=0.02s Real=0.10s
......[2280.402s][info][gc,start       ] GC(494) Pause Young (Allocation Failure)
[2280.503s][info][gc,heap        ] GC(494) PSYoungGen: 2635120K(2635264K)->155493K(2634752K) Eden: 2478080K(2478080K)->0K(2474496K) From: 157040K(157184K)->155493K(160256K)
[2280.503s][info][gc,heap        ] GC(494) ParOldGen: 5194346K(5194752K)->5301106K(5301248K)
[2280.503s][info][gc,metaspace   ] GC(494) Metaspace: 29078K(29376K)->29078K(29376K) NonClass: 25974K(26112K)->25974K(26112K) Class: 3103K(3264K)->3103K(3264K)
[2280.503s][info][gc             ] GC(494) Pause Young (Allocation Failure) 7645M->5328M(7750M) 101.435ms
[2280.503s][info][gc,cpu         ] GC(494) User=0.55s Sys=0.04s Real=0.10s
......[2286.499s][info][gc,start       ] GC(495) Pause Young (Allocation Failure)
[2286.601s][info][gc,heap        ] GC(495) PSYoungGen: 2629989K(2634752K)->157616K(2632192K) Eden: 2474496K(2474496K)->0K(2474496K) From: 155493K(160256K)->157616K(157696K)
[2286.601s][info][gc,heap        ] GC(495) ParOldGen: 5301106K(5301248K)->5405594K(5405696K)
[2286.601s][info][gc,metaspace   ] GC(495) Metaspace: 29078K(29376K)->29078K(29376K) NonClass: 25974K(26112K)->25974K(26112K) Class: 3103K(3264K)->3103K(3264K)
[2286.601s][info][gc             ] GC(495) Pause Young (Allocation Failure) 7745M->5432M(7849M) 101.162ms
[2286.601s][info][gc,cpu         ] GC(495) User=0.56s Sys=0.03s Real=0.10s
......[2292.445s][info][gc,start       ] GC(496) Pause Young (Allocation Failure)
[2292.544s][info][gc,heap        ] GC(496) PSYoungGen: 2632112K(2632192K)->147936K(2634240K) Eden: 2474496K(2474496K)->0K(2471936K) From: 157616K(157696K)->147936K(162304K)
[2292.544s][info][gc,heap        ] GC(496) ParOldGen: 5405594K(5405696K)->5512546K(5512704K)
[2292.544s][info][gc,metaspace   ] GC(496) Metaspace: 29081K(29376K)->29081K(29376K) NonClass: 25977K(26112K)->25977K(26112K) Class: 3103K(3264K)->3103K(3264K)
[2292.544s][info][gc             ] GC(496) Pause Young (Allocation Failure) 7849M->5527M(7956M) 99.127ms
[2292.544s][info][gc,cpu         ] GC(496) User=0.56s Sys=0.03s Real=0.10s
......[2298.371s][info][gc,start       ] GC(497) Pause Full (Allocation Failure)
[2298.371s][info][gc,phases,start] GC(497) Marking Phase
[2298.681s][info][gc,phases      ] GC(497) Marking Phase 309.423ms
[2298.681s][info][gc,phases,start] GC(497) Summary Phase
[2298.681s][info][gc,phases      ] GC(497) Summary Phase 0.108ms
[2298.681s][info][gc,phases,start] GC(497) Forward
[2298.812s][info][gc,phases      ] GC(497) Forward 131.387ms
[2298.812s][info][gc,phases,start] GC(497) Adjust Pointers
[2299.019s][info][gc,phases      ] GC(497) Adjust Pointers 206.868ms
[2299.019s][info][gc,phases,start] GC(497) Compaction Phase
[2299.164s][info][gc,phases      ] GC(497) Compaction Phase 144.500ms
[2299.166s][info][gc,phases,start] GC(497) Post Compact
[2299.173s][info][gc,phases      ] GC(497) Post Compact 6.999ms
[2299.301s][info][gc,heap        ] GC(497) PSYoungGen: 2619872K(2634240K)->0K(2633728K) Eden: 2471936K(2471936K)->0K(2471936K) From: 147936K(162304K)->0K(161792K)
[2299.301s][info][gc,heap        ] GC(497) ParOldGen: 5512546K(5512704K)->1587960K(1814016K)
[2299.301s][info][gc,metaspace   ] GC(497) Metaspace: 29081K(29376K)->29081K(29376K) NonClass: 25977K(26112K)->25977K(26112K) Class: 3103K(3264K)->3103K(3264K)
[2299.301s][info][gc             ] GC(497) Pause Full (Allocation Failure) 7941M->1550M(4343M) 929.767ms
[2299.301s][info][gc,cpu         ] GC(497) User=4.28s Sys=0.13s Real=0.93s
......[2304.483s][info][gc,start       ] GC(498) Pause Young (Allocation Failure)
[2304.548s][info][gc,heap        ] GC(498) PSYoungGen: 2471936K(2633728K)->157333K(2632192K) Eden: 2471936K(2471936K)->0K(2470400K) From: 0K(161792K)->157333K(161792K)
[2304.548s][info][gc,heap        ] GC(498) ParOldGen: 1587960K(1814016K)->1587960K(1814016K)
[2304.548s][info][gc,metaspace   ] GC(498) Metaspace: 29081K(29376K)->29081K(29376K) NonClass: 25977K(26112K)->25977K(26112K) Class: 3103K(3264K)->3103K(3264K)
[2304.548s][info][gc             ] GC(498) Pause Young (Allocation Failure) 3964M->1704M(4342M) 64.659ms
[2304.548s][info][gc,cpu         ] GC(498) User=0.38s Sys=0.00s Real=0.06s
......[2310.495s][info][gc,start       ] GC(499) Pause Young (Allocation Failure)
[2310.588s][info][gc,heap        ] GC(499) PSYoungGen: 2627733K(2632192K)->155715K(2626560K) Eden: 2470400K(2470400K)->0K(2470400K) From: 157333K(161792K)->155715K(156160K)
[2310.588s][info][gc,heap        ] GC(499) ParOldGen: 1587960K(1814016K)->1694096K(1814016K)
[2310.588s][info][gc,metaspace   ] GC(499) Metaspace: 29081K(29376K)->29081K(29376K) NonClass: 25977K(26112K)->25977K(26112K) Class: 3103K(3264K)->3103K(3264K)
[2310.588s][info][gc             ] GC(499) Pause Young (Allocation Failure) 4116M->1806M(4336M) 92.823ms
[2310.588s][info][gc,cpu         ] GC(499) User=0.55s Sys=0.00s Real=0.09s
......[2316.413s][info][gc,start       ] GC(500) Pause Young (Allocation Failure)
[2316.503s][info][gc,heap        ] GC(500) PSYoungGen: 2626115K(2626560K)->147584K(2632704K) Eden: 2470400K(2470400K)->0K(2469376K) From: 155715K(156160K)->147584K(163328K)
[2316.503s][info][gc,heap        ] GC(500) ParOldGen: 1694096K(1814016K)->1800088K(1814016K)
[2316.503s][info][gc,metaspace   ] GC(500) Metaspace: 29081K(29376K)->29081K(29376K) NonClass: 25977K(26112K)->25977K(26112K) Class: 3103K(3264K)->3103K(3264K)
[2316.503s][info][gc             ] GC(500) Pause Young (Allocation Failure) 4218M->1902M(4342M) 89.484ms
[2316.503s][info][gc,cpu         ] GC(500) User=0.53s Sys=0.00s Real=0.08s
...[2320.123s][info][gc,start       ] GC(501) Pause Full (Diagnostic Command)
[2320.123s][info][gc,phases,start] GC(501) Marking Phase
[2320.425s][info][gc,phases      ] GC(501) Marking Phase 301.796ms
[2320.425s][info][gc,phases,start] GC(501) Summary Phase
[2320.425s][info][gc,phases      ] GC(501) Summary Phase 0.047ms
[2320.425s][info][gc,phases,start] GC(501) Forward
[2320.579s][info][gc,phases      ] GC(501) Forward 153.780ms
[2320.579s][info][gc,phases,start] GC(501) Adjust Pointers
[2320.793s][info][gc,phases      ] GC(501) Adjust Pointers 214.536ms
[2320.793s][info][gc,phases,start] GC(501) Compaction Phase
[2320.994s][info][gc,phases      ] GC(501) Compaction Phase 200.133ms
[2320.996s][info][gc,phases,start] GC(501) Post Compact
[2320.999s][info][gc,phases      ] GC(501) Post Compact 2.982ms
[2320.999s][info][gc,heap        ] GC(501) PSYoungGen: 1685179K(2632704K)->0K(2632704K) Eden: 1537595K(2469376K)->0K(2469376K) From: 147584K(163328K)->0K(163328K)
[2320.999s][info][gc,heap        ] GC(501) ParOldGen: 1800088K(1814016K)->1314974K(1814016K)
[2320.999s][info][gc,metaspace   ] GC(501) Metaspace: 29081K(29376K)->29081K(29376K) NonClass: 25977K(26112K)->25977K(26112K) Class: 3103K(3264K)->3103K(3264K)
[2320.999s][info][gc             ] GC(501) Pause Full (Diagnostic Command) 3403M->1284M(4342M) 876.242ms
[2320.999s][info][gc,cpu         ] GC(501) User=4.85s Sys=0.00s Real=0.88s
......[2326.229s][info][gc,start       ] GC(502) Pause Young (Allocation Failure)
[2326.294s][info][gc,heap        ] GC(502) PSYoungGen: 2469376K(2632704K)->155716K(2632704K) Eden: 2469376K(2469376K)->0K(2469376K) From: 0K(163328K)->155716K(163328K)
[2326.294s][info][gc,heap        ] GC(502) ParOldGen: 1314974K(1814016K)->1314974K(1814016K)
[2326.294s][info][gc,metaspace   ] GC(502) Metaspace: 29081K(29376K)->29081K(29376K) NonClass: 25977K(26112K)->25977K(26112K) Class: 3103K(3264K)->3103K(3264K)
[2326.294s][info][gc             ] GC(502) Pause Young (Allocation Failure) 3695M->1436M(4342M) 64.676ms
[2326.294s][info][gc,cpu         ] GC(502) User=0.38s Sys=0.00s Real=0.07s
. (rIR:aIR:PR = 2906:2904:2904) (tPR = 42891) [OK] 
  2326s: Performance info:
         Transaction,    Success,    Partial,     Failed,   Receipts, AvgBarcode, 
             Overall,     176571,          0,          0,     167735,      59.47, 
         Response times:
             Request,    Success,    Partial,     Failed,   SkipFail,     Probes,    Samples,      min,      p50,      p90,      p95,      p99,      max, 
       TotalPurchase,     167735,          0,          0,          0,     161305,     176002,      300,     2300,     3700,     4500,    96000,   940000,
     InStorePurchase,      88246,          0,          0,          0,      85199,      92749,      300,     2200,     3700,     4950,    91000,   940000,
      OnlinePurchase,      61814,          0,          0,          0,      59426,      64801,      300,     2400,     3600,     4200,   103000,   249000,
        InstPurchase,      17675,          0,          0,          0,      16680,      18452,      400,     2300,     3700,     4300,    96000,   249000,
          AssocOfCat,        178,          0,          0,          0,        138,        201,    17400,    24000,    30000,    34900,   186100,   204000,
      AssocOfProduct,       1765,          0,          0,          0,       1558,       1829,      500,     2800,     4100,     5000,    33000,   940000,
      BusinessReport,        442,          0,          0,          0,        364,        480,    19800,    29000,    38000,    47000,   209800,   229000,
          CustBuyBeh,       1767,          0,          0,          0,       1564,       1855,      100,     2100,     3300,     3900,    28000,   169000,
       ProductReturn,       4684,          0,          0,          0,       4257,       4908,      200,     2500,     3700,     5000,   103820,   242000,

  2326s: (22%)   IR =   3044 ....[2331.957s][info][gc,start       ] GC(503) Pause Young (Allocation Failure)
[2332.048s][info][gc,heap        ] GC(503) PSYoungGen: 2625092K(2632704K)->152352K(2630656K) Eden: 2469376K(2469376K)->0K(2469376K) From: 155716K(163328K)->152352K(161280K)
[2332.048s][info][gc,heap        ] GC(503) ParOldGen: 1314974K(1814016K)->1421150K(1814016K)
[2332.048s][info][gc,metaspace   ] GC(503) Metaspace: 29081K(29376K)->29081K(29376K) NonClass: 25977K(26112K)->25977K(26112K) Class: 3103K(3264K)->3103K(3264K)
[2332.048s][info][gc             ] GC(503) Pause Young (Allocation Failure) 3847M->1536M(4340M) 90.902ms
[2332.048s][info][gc,cpu         ] GC(503) User=0.54s Sys=0.00s Real=0.09s
..|....[2337.737s][info][gc,start       ] GC(504) Pause Young (Allocation Failure)
[2337.831s][info][gc,heap        ] GC(504) PSYoungGen: 2621728K(2630656K)->156000K(2631680K) Eden: 2469376K(2469376K)->0K(2469376K) From: 152352K(161280K)->156000K(162304K)
[2337.831s][info][gc,heap        ] GC(504) ParOldGen: 1421150K(1814016K)->1526262K(1814016K)
[2337.831s][info][gc,metaspace   ] GC(504) Metaspace: 29081K(29376K)->29081K(29376K) NonClass: 25977K(26112K)->25977K(26112K) Class: 3103K(3264K)->3103K(3264K)
[2337.831s][info][gc             ] GC(504) Pause Young (Allocation Failure) 3948M->1642M(4341M) 94.299ms
[2337.831s][info][gc,cpu         ] GC(504) User=0.56s Sys=0.00s Real=0.09s
......[2343.476s][info][gc,start       ] GC(505) Pause Young (Allocation Failure)
[2343.567s][info][gc,heap        ] GC(505) PSYoungGen: 2625376K(2631680K)->150336K(2633216K) Eden: 2469376K(2469376K)->0K(2470912K) From: 156000K(162304K)->150336K(162304K)
[2343.567s][info][gc,heap        ] GC(505) ParOldGen: 1526262K(1814016K)->1631326K(1814016K)
[2343.567s][info][gc,metaspace   ] GC(505) Metaspace: 29081K(29376K)->29081K(29376K) NonClass: 25977K(26112K)->25977K(26112K) Class: 3103K(3264K)->3103K(3264K)
[2343.567s][info][gc             ] GC(505) Pause Young (Allocation Failure) 4054M->1739M(4343M) 91.328ms
[2343.567s][info][gc,cpu         ] GC(505) User=0.53s Sys=0.00s Real=0.09s
......[2349.190s][info][gc,start       ] GC(506) Pause Young (Allocation Failure)
[2349.279s][info][gc,heap        ] GC(506) PSYoungGen: 2621248K(2633216K)->147936K(2633216K) Eden: 2470912K(2470912K)->0K(2470912K) From: 150336K(162304K)->147936K(162304K)
[2349.279s][info][gc,heap        ] GC(506) ParOldGen: 1631326K(1814016K)->1736934K(1814016K)
[2349.279s][info][gc,metaspace   ] GC(506) Metaspace: 29081K(29376K)->29081K(29376K) NonClass: 25977K(26112K)->25977K(26112K) Class: 3103K(3264K)->3103K(3264K)
[2349.279s][info][gc             ] GC(506) Pause Young (Allocation Failure) 4152M->1840M(4343M) 88.769ms
[2349.279s][info][gc,cpu         ] GC(506) User=0.52s Sys=0.00s Real=0.09s
.....[2354.922s][info][gc,start       ] GC(507) Pause Young (Allocation Failure)
[2355.019s][info][gc,heap        ] GC(507) PSYoungGen: 2618848K(2633216K)->158757K(2631168K) Eden: 2470912K(2470912K)->0K(2469376K) From: 147936K(162304K)->158757K(161792K)
[2355.019s][info][gc,heap        ] GC(507) ParOldGen: 1736934K(1814016K)->1841206K(1841664K)
[2355.019s][info][gc,metaspace   ] GC(507) Metaspace: 29081K(29376K)->29081K(29376K) NonClass: 25977K(26112K)->25977K(26112K) Class: 3103K(3264K)->3103K(3264K)
[2355.019s][info][gc             ] GC(507) Pause Young (Allocation Failure) 4253M->1953M(4368M) 96.675ms
[2355.019s][info][gc,cpu         ] GC(507) User=0.57s Sys=0.00s Real=0.10s
......[2360.644s][info][gc,start       ] GC(508) Pause Young (Allocation Failure)
[2360.738s][info][gc,heap        ] GC(508) PSYoungGen: 2628133K(2631168K)->149824K(2632704K) Eden: 2469376K(2469376K)->0K(2469376K) From: 158757K(161792K)->149824K(163328K)
[2360.738s][info][gc,heap        ] GC(508) ParOldGen: 1841206K(1841664K)->1947022K(1947136K)
[2360.738s][info][gc,metaspace   ] GC(508) Metaspace: 29081K(29376K)->29081K(29376K) NonClass: 25977K(26112K)->25977K(26112K) Class: 3103K(3264K)->3103K(3264K)
[2360.738s][info][gc             ] GC(508) Pause Young (Allocation Failure) 4364M->2047M(4472M) 94.332ms
[2360.738s][info][gc,cpu         ] GC(508) User=0.51s Sys=0.03s Real=0.09s
......[2366.441s][info][gc,start       ] GC(509) Pause Young (Allocation Failure)
[2366.537s][info][gc,heap        ] GC(509) PSYoungGen: 2619200K(2632704K)->150272K(2631168K) Eden: 2469376K(2469376K)->0K(2469888K) From: 149824K(163328K)->150272K(161280K)
[2366.537s][info][gc,heap        ] GC(509) ParOldGen: 1947022K(1947136K)->2051630K(2052096K)
[2366.537s][info][gc,metaspace   ] GC(509) Metaspace: 29081K(29376K)->29081K(29376K) NonClass: 25977K(26112K)->25977K(26112K) Class: 3103K(3264K)->3103K(3264K)
[2366.537s][info][gc             ] GC(509) Pause Young (Allocation Failure) 4459M->2150M(4573M) 95.828ms
[2366.537s][info][gc,cpu         ] GC(509) User=0.54s Sys=0.03s Real=0.10s
......[2372.085s][info][gc,start       ] GC(510) Pause Young (Allocation Failure)
[2372.180s][info][gc,heap        ] GC(510) PSYoungGen: 2620160K(2631168K)->151168K(2632192K) Eden: 2469888K(2469888K)->0K(2469888K) From: 150272K(161280K)->151168K(162304K)
[2372.180s][info][gc,heap        ] GC(510) ParOldGen: 2051630K(2052096K)->2157678K(2158080K)
[2372.180s][info][gc,metaspace   ] GC(510) Metaspace: 29081K(29376K)->29081K(29376K) NonClass: 25977K(26112K)->25977K(26112K) Class: 3103K(3264K)->3103K(3264K)
[2372.180s][info][gc             ] GC(510) Pause Young (Allocation Failure) 4562M->2254M(4678M) 95.283ms
[2372.180s][info][gc,cpu         ] GC(510) User=0.52s Sys=0.03s Real=0.09s
.....[2377.864s][info][gc,start       ] GC(511) Pause Young (Allocation Failure)
[2377.962s][info][gc,heap        ] GC(511) PSYoungGen: 2621056K(2632192K)->155345K(2633216K) Eden: 2469888K(2469888K)->0K(2471936K) From: 151168K(162304K)->155345K(161280K)
[2377.962s][info][gc,heap        ] GC(511) ParOldGen: 2157678K(2158080K)->2260870K(2260992K)
[2377.962s][info][gc,metaspace   ] GC(511) Metaspace: 29081K(29376K)->29081K(29376K) NonClass: 25977K(26112K)->25977K(26112K) Class: 3103K(3264K)->3103K(3264K)
[2377.962s][info][gc             ] GC(511) Pause Young (Allocation Failure) 4666M->2359M(4779M) 98.574ms
[2377.962s][info][gc,cpu         ] GC(511) User=0.55s Sys=0.02s Real=0.09s
......[2383.586s][info][gc,start       ] GC(512) Pause Young (Allocation Failure)
[2383.683s][info][gc,heap        ] GC(512) PSYoungGen: 2627281K(2633216K)->151232K(2633728K) Eden: 2471936K(2471936K)->0K(2471936K) From: 155345K(161280K)->151232K(161792K)
[2383.683s][info][gc,heap        ] GC(512) ParOldGen: 2260870K(2260992K)->2366366K(2366464K)
[2383.683s][info][gc,metaspace   ] GC(512) Metaspace: 29081K(29376K)->29081K(29376K) NonClass: 25977K(26112K)->25977K(26112K) Class: 3103K(3264K)->3103K(3264K)
[2383.683s][info][gc             ] GC(512) Pause Young (Allocation Failure) 4773M->2458M(4883M) 96.884ms
[2383.683s][info][gc,cpu         ] GC(512) User=0.53s Sys=0.04s Real=0.10s
......[2389.267s][info][gc,start       ] GC(513) Pause Young (Allocation Failure)
[2389.361s][info][gc,heap        ] GC(513) PSYoungGen: 2623168K(2633728K)->148032K(2633216K) Eden: 2471936K(2471936K)->0K(2472960K) From: 151232K(161792K)->148032K(160256K)
[2389.361s][info][gc,heap        ] GC(513) ParOldGen: 2366366K(2366464K)->2472614K(2472960K)
[2389.361s][info][gc,metaspace   ] GC(513) Metaspace: 29081K(29376K)->29081K(29376K) NonClass: 25977K(26112K)->25977K(26112K) Class: 3103K(3264K)->3103K(3264K)
[2389.361s][info][gc             ] GC(513) Pause Young (Allocation Failure) 4872M->2559M(4986M) 94.123ms
[2389.361s][info][gc,cpu         ] GC(513) User=0.51s Sys=0.04s Real=0.09s
.... (rIR:aIR:PR = 3044:3044:3044) (tPR = 45255) [OK] 
  2392s: Performance info:
         Transaction,    Success,    Partial,     Failed,   Receipts, AvgBarcode, 
             Overall,     182745,          0,          0,     173606,      59.49, 
         Response times:
             Request,    Success,    Partial,     Failed,   SkipFail,     Probes,    Samples,      min,      p50,      p90,      p95,      p99,      max, 
       TotalPurchase,     173606,          0,          0,          0,     170259,     188353,      300,     2400,     3700,     4200,    12400,   134000,
     InStorePurchase,      91368,          0,          0,          0,      89858,      99278,      300,     2500,     3700,     4200,    13000,   134000,
      OnlinePurchase,      63973,          0,          0,          0,      62660,      69321,      300,     2200,     3700,     4200,    11500,   134000,
        InstPurchase,      18265,          0,          0,          0,      17741,      19754,      400,     2500,     3800,     4300,    13200,   127000,
          AssocOfCat,        181,          0,          0,          0,        126,        190,    17200,    24000,    30000,    33450,   129630,   136000,
      AssocOfProduct,       1833,          0,          0,          0,       1664,       1977,      500,     2100,     3400,     4000,    11554,   103000,
      BusinessReport,        461,          0,          0,          0,        392,        507,    19600,    29000,    35000,    38000,    57920,   149000,
          CustBuyBeh,       1832,          0,          0,          0,       1662,       1970,      200,     2900,     4000,     4400,    14074,   102000,
       ProductReturn,       4832,          0,          0,          0,       4558,       5214,      200,     1300,     3200,     3700,     9770,   127000,

  2392s: (23%)   IR =   3183 .[2394.964s][info][gc,start       ] GC(514) Pause Young (Allocation Failure)
[2395.062s][info][gc,heap        ] GC(514) PSYoungGen: 2620992K(2633216K)->151808K(2633728K) Eden: 2472960K(2472960K)->0K(2472960K) From: 148032K(160256K)->151808K(160768K)
[2395.062s][info][gc,heap        ] GC(514) ParOldGen: 2472614K(2472960K)->2578134K(2578432K)
[2395.062s][info][gc,metaspace   ] GC(514) Metaspace: 29082K(29376K)->29082K(29376K) NonClass: 25978K(26112K)->25978K(26112K) Class: 3103K(3264K)->3103K(3264K)
[2395.062s][info][gc             ] GC(514) Pause Young (Allocation Failure) 4974M->2665M(5090M) 97.904ms
[2395.062s][info][gc,cpu         ] GC(514) User=0.55s Sys=0.03s Real=0.09s
.....|.[2400.463s][info][gc,start       ] GC(515) Pause Young (Allocation Failure)
[2400.561s][info][gc,heap        ] GC(515) PSYoungGen: 2624768K(2633728K)->155380K(2634752K) Eden: 2472960K(2472960K)->0K(2474496K) From: 151808K(160768K)->155380K(160256K)
[2400.561s][info][gc,heap        ] GC(515) ParOldGen: 2578134K(2578432K)->2683350K(2683392K)
[2400.561s][info][gc,metaspace   ] GC(515) Metaspace: 29082K(29376K)->29082K(29376K) NonClass: 25978K(26112K)->25978K(26112K) Class: 3103K(3264K)->3103K(3264K)
[2400.561s][info][gc             ] GC(515) Pause Young (Allocation Failure) 5080M->2772M(5193M) 97.499ms
[2400.561s][info][gc,cpu         ] GC(515) User=0.53s Sys=0.04s Real=0.09s
.....[2406.005s][info][gc,start       ] GC(516) Pause Young (Allocation Failure)
[2406.102s][info][gc,heap        ] GC(516) PSYoungGen: 2629876K(2634752K)->153408K(2635264K) Eden: 2474496K(2474496K)->0K(2474496K) From: 155380K(160256K)->153408K(160768K)
[2406.102s][info][gc,heap        ] GC(516) ParOldGen: 2683350K(2683392K)->2786910K(2787328K)
[2406.102s][info][gc,metaspace   ] GC(516) Metaspace: 29082K(29376K)->29082K(29376K) NonClass: 25978K(26112K)->25978K(26112K) Class: 3103K(3264K)->3103K(3264K)
[2406.102s][info][gc             ] GC(516) Pause Young (Allocation Failure) 5188M->2871M(5295M) 97.491ms
[2406.102s][info][gc,cpu         ] GC(516) User=0.55s Sys=0.03s Real=0.09s
......[2411.466s][info][gc,start       ] GC(517) Pause Young (Allocation Failure)
[2411.562s][info][gc,heap        ] GC(517) PSYoungGen: 2627904K(2635264K)->150368K(2634240K) Eden: 2474496K(2474496K)->0K(2475008K) From: 153408K(160768K)->150368K(159232K)
[2411.562s][info][gc,heap        ] GC(517) ParOldGen: 2786910K(2787328K)->2892646K(2892800K)
[2411.562s][info][gc,metaspace   ] GC(517) Metaspace: 29082K(29376K)->29082K(29376K) NonClass: 25978K(26112K)->25978K(26112K) Class: 3103K(3264K)->3103K(3264K)
[2411.562s][info][gc             ] GC(517) Pause Young (Allocation Failure) 5287M->2971M(5397M) 95.683ms
[2411.562s][info][gc,cpu         ] GC(517) User=0.53s Sys=0.03s Real=0.09s
.....[2416.887s][info][gc,start       ] GC(518) Pause Young (Allocation Failure)
[2416.987s][info][gc,heap        ] GC(518) PSYoungGen: 2625376K(2634240K)->157988K(2634752K) Eden: 2475008K(2475008K)->0K(2475008K) From: 150368K(159232K)->157988K(159744K)
[2416.987s][info][gc,heap        ] GC(518) ParOldGen: 2892646K(2892800K)->2998118K(2998272K)
[2416.987s][info][gc,metaspace   ] GC(518) Metaspace: 29082K(29376K)->29082K(29376K) NonClass: 25978K(26112K)->25978K(26112K) Class: 3103K(3264K)->3103K(3264K)
[2416.987s][info][gc             ] GC(518) Pause Young (Allocation Failure) 5388M->3082M(5501M) 100.511ms
[2416.987s][info][gc,cpu         ] GC(518) User=0.56s Sys=0.03s Real=0.10s
......[2422.411s][info][gc,start       ] GC(519) Pause Young (Allocation Failure)
[2422.509s][info][gc,heap        ] GC(519) PSYoungGen: 2632996K(2634752K)->149408K(2635264K) Eden: 2475008K(2475008K)->0K(2473984K) From: 157988K(159744K)->149408K(161280K)
[2422.509s][info][gc,heap        ] GC(519) ParOldGen: 2998118K(2998272K)->3103670K(3103744K)
[2422.509s][info][gc,metaspace   ] GC(519) Metaspace: 29082K(29376K)->29082K(29376K) NonClass: 25978K(26112K)->25978K(26112K) Class: 3103K(3264K)->3103K(3264K)
[2422.509s][info][gc             ] GC(519) Pause Young (Allocation Failure) 5499M->3176M(5604M) 98.495ms
[2422.510s][info][gc,cpu         ] GC(519) User=0.55s Sys=0.03s Real=0.10s
.....[2427.954s][info][gc,start       ] GC(520) Pause Young (Allocation Failure)
[2428.053s][info][gc,heap        ] GC(520) PSYoungGen: 2623392K(2635264K)->153760K(2634752K) Eden: 2473984K(2473984K)->0K(2473984K) From: 149408K(161280K)->153760K(160768K)
[2428.053s][info][gc,heap        ] GC(520) ParOldGen: 3103670K(3103744K)->3209366K(3209728K)
[2428.053s][info][gc,metaspace   ] GC(520) Metaspace: 29082K(29376K)->29082K(29376K) NonClass: 25978K(26112K)->25978K(26112K) Class: 3103K(3264K)->3103K(3264K)
[2428.053s][info][gc             ] GC(520) Pause Young (Allocation Failure) 5592M->3284M(5707M) 98.918ms
[2428.053s][info][gc,cpu         ] GC(520) User=0.55s Sys=0.03s Real=0.10s
......[2433.416s][info][gc,start       ] GC(521) Pause Young (Allocation Failure)
[2433.513s][info][gc,heap        ] GC(521) PSYoungGen: 2627744K(2634752K)->148672K(2634752K) Eden: 2473984K(2473984K)->0K(2473984K) From: 153760K(160768K)->148672K(160768K)
[2433.513s][info][gc,heap        ] GC(521) ParOldGen: 3209366K(3209728K)->3316414K(3316736K)
[2433.513s][info][gc,metaspace   ] GC(521) Metaspace: 29082K(29376K)->29082K(29376K) NonClass: 25978K(26112K)->25978K(26112K) Class: 3103K(3264K)->3103K(3264K)
[2433.513s][info][gc             ] GC(521) Pause Young (Allocation Failure) 5700M->3383M(5812M) 96.966ms
[2433.513s][info][gc,cpu         ] GC(521) User=0.53s Sys=0.04s Real=0.09s
.....[2438.901s][info][gc,start       ] GC(522) Pause Young (Allocation Failure)
[2438.999s][info][gc,heap        ] GC(522) PSYoungGen: 2622656K(2634752K)->152224K(2626560K) Eden: 2473984K(2473984K)->0K(2473984K) From: 148672K(160768K)->152224K(152576K)
[2438.999s][info][gc,heap        ] GC(522) ParOldGen: 3316414K(3316736K)->3421350K(3421696K)
[2438.999s][info][gc,metaspace   ] GC(522) Metaspace: 29082K(29376K)->29082K(29376K) NonClass: 25978K(26112K)->25978K(26112K) Class: 3103K(3264K)->3103K(3264K)
[2438.999s][info][gc             ] GC(522) Pause Young (Allocation Failure) 5799M->3489M(5906M) 97.772ms
[2438.999s][info][gc,cpu         ] GC(522) User=0.54s Sys=0.03s Real=0.10s
......[2444.382s][info][gc,start       ] GC(523) Pause Young (Allocation Failure)
[2444.478s][info][gc,heap        ] GC(523) PSYoungGen: 2626208K(2626560K)->148288K(2634240K) Eden: 2473984K(2473984K)->0K(2474496K) From: 152224K(152576K)->148288K(159744K)
[2444.478s][info][gc,heap        ] GC(523) ParOldGen: 3421350K(3421696K)->3527350K(3527680K)
[2444.478s][info][gc,metaspace   ] GC(523) Metaspace: 29082K(29376K)->29082K(29376K) NonClass: 25978K(26112K)->25978K(26112K) Class: 3103K(3264K)->3103K(3264K)
[2444.478s][info][gc             ] GC(523) Pause Young (Allocation Failure) 5905M->3589M(6017M) 96.374ms
[2444.478s][info][gc,cpu         ] GC(523) User=0.54s Sys=0.03s Real=0.10s
.....[2449.921s][info][gc,start       ] GC(524) Pause Young (Allocation Failure)
[2450.019s][info][gc,heap        ] GC(524) PSYoungGen: 2622784K(2634240K)->152768K(2634240K) Eden: 2474496K(2474496K)->0K(2474496K) From: 148288K(159744K)->152768K(159744K)
[2450.019s][info][gc,heap        ] GC(524) ParOldGen: 3527350K(3527680K)->3631606K(3631616K)
[2450.019s][info][gc,metaspace   ] GC(524) Metaspace: 29082K(29376K)->29082K(29376K) NonClass: 25978K(26112K)->25978K(26112K) Class: 3103K(3264K)->3103K(3264K)
[2450.020s][info][gc             ] GC(524) Pause Young (Allocation Failure) 6005M->3695M(6119M) 98.417ms
[2450.020s][info][gc,cpu         ] GC(524) User=0.55s Sys=0.03s Real=0.10s
......[2455.402s][info][gc,start       ] GC(525) Pause Young (Allocation Failure)
[2455.497s][info][gc,heap        ] GC(525) PSYoungGen: 2627264K(2634240K)->148512K(2635776K) Eden: 2474496K(2474496K)->0K(2476544K) From: 152768K(159744K)->148512K(159232K)
[2455.497s][info][gc,heap        ] GC(525) ParOldGen: 3631606K(3631616K)->3737414K(3737600K)
[2455.497s][info][gc,metaspace   ] GC(525) Metaspace: 29082K(29376K)->29082K(29376K) NonClass: 25978K(26112K)->25978K(26112K) Class: 3103K(3264K)->3103K(3264K)
[2455.497s][info][gc             ] GC(525) Pause Young (Allocation Failure) 6112M->3794M(6224M) 95.114ms
[2455.497s][info][gc,cpu         ] GC(525) User=0.53s Sys=0.03s Real=0.10s
.... (rIR:aIR:PR = 3183:3183:3183) (tPR = 47326) [OK] 
  2459s: Performance info:
         Transaction,    Success,    Partial,     Failed,   Receipts, AvgBarcode, 
             Overall,     191110,          0,          0,     181558,      59.47, 
         Response times:
             Request,    Success,    Partial,     Failed,   SkipFail,     Probes,    Samples,      min,      p50,      p90,      p95,      p99,      max, 
       TotalPurchase,     181558,          0,          0,          0,     177780,     196643,      300,     2500,     3900,     4400,    10700,   119000,
     InStorePurchase,      95471,          0,          0,          0,      93795,     103624,      300,     2500,     3900,     4400,    10900,   107000,
      OnlinePurchase,      66957,          0,          0,          0,      65505,      72253,      300,     2400,     3900,     4400,    10600,   119000,
        InstPurchase,      19130,          0,          0,          0,      18480,      20766,      400,     2400,     3800,     4200,     9833,   104000,
          AssocOfCat,        194,          0,          0,          0,        152,        233,    17500,    26000,    30000,    35300,   125600,   129000,
      AssocOfProduct,       1907,          0,          0,          0,       1696,       1985,      500,     1800,     3600,     4100,     6414,    14200,
      BusinessReport,        479,          0,          0,          0,        393,        530,    19400,    29000,    35000,    38000,    51070,   130000,
          CustBuyBeh,       1914,          0,          0,          0,       1715,       2068,      200,     1500,     3300,     3700,     6131,   101000,
       ProductReturn,       5058,          0,          0,          0,       4789,       5446,      200,     2300,     3800,     4200,    10553,   103000,

  2459s: (24%)   IR =   3321 .[2460.762s][info][gc,start       ] GC(526) Pause Young (Allocation Failure)
[2460.858s][info][gc,heap        ] GC(526) PSYoungGen: 2625056K(2635776K)->150144K(2635776K) Eden: 2476544K(2476544K)->0K(2476544K) From: 148512K(159232K)->150144K(159232K)
[2460.858s][info][gc,heap        ] GC(526) ParOldGen: 3737414K(3737600K)->3842926K(3843072K)
[2460.858s][info][gc,metaspace   ] GC(526) Metaspace: 29082K(29376K)->29082K(29376K) NonClass: 25978K(26112K)->25978K(26112K) Class: 3103K(3264K)->3103K(3264K)
[2460.858s][info][gc             ] GC(526) Pause Young (Allocation Failure) 6213M->3899M(6327M) 96.071ms
[2460.858s][info][gc,cpu         ] GC(526) User=0.52s Sys=0.04s Real=0.10s
.....|[2466.060s][info][gc,start       ] GC(527) Pause Young (Allocation Failure)
[2466.158s][info][gc,heap        ] GC(527) PSYoungGen: 2626688K(2635776K)->154176K(2636288K) Eden: 2476544K(2476544K)->0K(2477568K) From: 150144K(159232K)->154176K(158720K)
[2466.158s][info][gc,heap        ] GC(527) ParOldGen: 3842926K(3843072K)->3947798K(3948032K)
[2466.158s][info][gc,metaspace   ] GC(527) Metaspace: 29082K(29376K)->29082K(29376K) NonClass: 25978K(26112K)->25978K(26112K) Class: 3103K(3264K)->3103K(3264K)
[2466.158s][info][gc             ] GC(527) Pause Young (Allocation Failure) 6317M->4005M(6430M) 98.649ms
[2466.158s][info][gc,cpu         ] GC(527) User=0.54s Sys=0.05s Real=0.10s
......[2471.319s][info][gc,start       ] GC(528) Pause Young (Allocation Failure)
[2471.418s][info][gc,heap        ] GC(528) PSYoungGen: 2631744K(2636288K)->154373K(2636288K) Eden: 2477568K(2477568K)->0K(2477568K) From: 154176K(158720K)->154373K(158720K)
[2471.418s][info][gc,heap        ] GC(528) ParOldGen: 3947798K(3948032K)->4053782K(4054016K)
[2471.418s][info][gc,metaspace   ] GC(528) Metaspace: 29082K(29376K)->29082K(29376K) NonClass: 25978K(26112K)->25978K(26112K) Class: 3103K(3264K)->3103K(3264K)
[2471.418s][info][gc             ] GC(528) Pause Young (Allocation Failure) 6425M->4109M(6533M) 98.858ms
[2471.418s][info][gc,cpu         ] GC(528) User=0.55s Sys=0.04s Real=0.10s
.....[2476.602s][info][gc,start       ] GC(529) Pause Young (Allocation Failure)
[2476.700s][info][gc,heap        ] GC(529) PSYoungGen: 2631941K(2636288K)->152672K(2636800K) Eden: 2477568K(2477568K)->0K(2478080K) From: 154373K(158720K)->152672K(158720K)
[2476.700s][info][gc,heap        ] GC(529) ParOldGen: 4053782K(4054016K)->4158086K(4158464K)
[2476.700s][info][gc,metaspace   ] GC(529) Metaspace: 29082K(29376K)->29082K(29376K) NonClass: 25978K(26112K)->25978K(26112K) Class: 3103K(3264K)->3103K(3264K)
[2476.700s][info][gc             ] GC(529) Pause Young (Allocation Failure) 6529M->4209M(6636M) 98.050ms
[2476.700s][info][gc,cpu         ] GC(529) User=0.55s Sys=0.04s Real=0.10s
.....[2481.943s][info][gc,start       ] GC(530) Pause Young (Allocation Failure)
[2482.041s][info][gc,heap        ] GC(530) PSYoungGen: 2630752K(2636800K)->153984K(2636800K) Eden: 2478080K(2478080K)->0K(2478080K) From: 152672K(158720K)->153984K(158720K)
[2482.041s][info][gc,heap        ] GC(530) ParOldGen: 4158086K(4158464K)->4263430K(4263936K)
[2482.041s][info][gc,metaspace   ] GC(530) Metaspace: 29082K(29376K)->29082K(29376K) NonClass: 25978K(26112K)->25978K(26112K) Class: 3103K(3264K)->3103K(3264K)
[2482.041s][info][gc             ] GC(530) Pause Young (Allocation Failure) 6629M->4313M(6739M) 98.204ms
[2482.041s][info][gc,cpu         ] GC(530) User=0.55s Sys=0.04s Real=0.10s
.....[2487.104s][info][gc,start       ] GC(531) Pause Young (Allocation Failure)
[2487.202s][info][gc,heap        ] GC(531) PSYoungGen: 2632064K(2636800K)->150592K(2637312K) Eden: 2478080K(2478080K)->0K(2478592K) From: 153984K(158720K)->150592K(158720K)
[2487.202s][info][gc,heap        ] GC(531) ParOldGen: 4263430K(4263936K)->4369678K(4369920K)
[2487.202s][info][gc,metaspace   ] GC(531) Metaspace: 29082K(29376K)->29082K(29376K) NonClass: 25978K(26112K)->25978K(26112K) Class: 3103K(3264K)->3103K(3264K)
[2487.202s][info][gc             ] GC(531) Pause Young (Allocation Failure) 6733M->4414M(6843M) 97.211ms
[2487.202s][info][gc,cpu         ] GC(531) User=0.55s Sys=0.03s Real=0.09s
......[2492.446s][info][gc,start       ] GC(532) Pause Young (Allocation Failure)
[2492.544s][info][gc,heap        ] GC(532) PSYoungGen: 2629184K(2637312K)->153664K(2637312K) Eden: 2478592K(2478592K)->0K(2478592K) From: 150592K(158720K)->153664K(158720K)
[2492.544s][info][gc,heap        ] GC(532) ParOldGen: 4369678K(4369920K)->4472726K(4472832K)
[2492.544s][info][gc,metaspace   ] GC(532) Metaspace: 29082K(29376K)->29082K(29376K) NonClass: 25978K(26112K)->25978K(26112K) Class: 3103K(3264K)->3103K(3264K)
[2492.544s][info][gc             ] GC(532) Pause Young (Allocation Failure) 6834M->4517M(6943M) 97.606ms
[2492.544s][info][gc,cpu         ] GC(532) User=0.54s Sys=0.04s Real=0.10s
.....[2497.669s][info][gc,start       ] GC(533) Pause Young (Allocation Failure)
[2497.767s][info][gc,heap        ] GC(533) PSYoungGen: 2632256K(2637312K)->150560K(2636288K) Eden: 2478592K(2478592K)->0K(2478592K) From: 153664K(158720K)->150560K(157696K)
[2497.767s][info][gc,heap        ] GC(533) ParOldGen: 4472726K(4472832K)->4579694K(4579840K)
[2497.767s][info][gc,metaspace   ] GC(533) Metaspace: 29082K(29376K)->29082K(29376K) NonClass: 25978K(26112K)->25978K(26112K) Class: 3103K(3264K)->3103K(3264K)
[2497.767s][info][gc             ] GC(533) Pause Young (Allocation Failure) 6938M->4619M(7047M) 98.664ms
[2497.767s][info][gc,cpu         ] GC(533) User=0.55s Sys=0.02s Real=0.10s
.....[2502.948s][info][gc,start       ] GC(534) Pause Young (Allocation Failure)
[2503.050s][info][gc,heap        ] GC(534) PSYoungGen: 2629152K(2636288K)->157365K(2636288K) Eden: 2478592K(2478592K)->0K(2478592K) From: 150560K(157696K)->157365K(157696K)
[2503.050s][info][gc,heap        ] GC(534) ParOldGen: 4579694K(4579840K)->4684614K(4684800K)
[2503.050s][info][gc,metaspace   ] GC(534) Metaspace: 29082K(29376K)->29082K(29376K) NonClass: 25978K(26112K)->25978K(26112K) Class: 3103K(3264K)->3103K(3264K)
[2503.050s][info][gc             ] GC(534) Pause Young (Allocation Failure) 7039M->4728M(7149M) 101.702ms
[2503.050s][info][gc,cpu         ] GC(534) User=0.56s Sys=0.04s Real=0.10s
......[2508.333s][info][gc,start       ] GC(535) Pause Young (Allocation Failure)
[2508.432s][info][gc,heap        ] GC(535) PSYoungGen: 2635957K(2636288K)->152288K(2637312K) Eden: 2478592K(2478592K)->0K(2477568K) From: 157365K(157696K)->152288K(159744K)
[2508.432s][info][gc,heap        ] GC(535) ParOldGen: 4684614K(4684800K)->4788550K(4788736K)
[2508.432s][info][gc,metaspace   ] GC(535) Metaspace: 29082K(29376K)->29082K(29376K) NonClass: 25978K(26112K)->25978K(26112K) Class: 3103K(3264K)->3103K(3264K)
[2508.432s][info][gc             ] GC(535) Pause Young (Allocation Failure) 7148M->4825M(7252M) 98.760ms
[2508.432s][info][gc,cpu         ] GC(535) User=0.55s Sys=0.03s Real=0.10s
.....[2513.609s][info][gc,start       ] GC(536) Pause Young (Allocation Failure)
[2513.710s][info][gc,heap        ] GC(536) PSYoungGen: 2629856K(2637312K)->156112K(2636288K) Eden: 2477568K(2477568K)->0K(2477568K) From: 152288K(159744K)->156112K(158720K)
[2513.710s][info][gc,heap        ] GC(536) ParOldGen: 4788550K(4788736K)->4896606K(4896768K)
[2513.710s][info][gc,metaspace   ] GC(536) Metaspace: 29082K(29376K)->29082K(29376K) NonClass: 25978K(26112K)->25978K(26112K) Class: 3103K(3264K)->3103K(3264K)
[2513.710s][info][gc             ] GC(536) Pause Young (Allocation Failure) 7244M->4934M(7356M) 101.907ms
[2513.710s][info][gc,cpu         ] GC(536) User=0.57s Sys=0.03s Real=0.10s
.....[2518.853s][info][gc,start       ] GC(537) Pause Young (Allocation Failure)
[2518.951s][info][gc,heap        ] GC(537) PSYoungGen: 2633680K(2636288K)->151264K(2636800K) Eden: 2477568K(2477568K)->0K(2477056K) From: 156112K(158720K)->151264K(159744K)
[2518.951s][info][gc,heap        ] GC(537) ParOldGen: 4896606K(4896768K)->5000574K(5000704K)
[2518.951s][info][gc,metaspace   ] GC(537) Metaspace: 29082K(29376K)->29082K(29376K) NonClass: 25978K(26112K)->25978K(26112K) Class: 3103K(3264K)->3103K(3264K)
[2518.951s][info][gc             ] GC(537) Pause Young (Allocation Failure) 7353M->5031M(7458M) 97.823ms
[2518.951s][info][gc,cpu         ] GC(537) User=0.55s Sys=0.04s Real=0.10s
.....[2524.074s][info][gc,start       ] GC(538) Pause Young (Allocation Failure)
[2524.173s][info][gc,heap        ] GC(538) PSYoungGen: 2628320K(2636800K)->152608K(2630144K) Eden: 2477056K(2477056K)->0K(2477056K) From: 151264K(159744K)->152608K(153088K)
[2524.173s][info][gc,heap        ] GC(538) ParOldGen: 5000574K(5000704K)->5105230K(5105664K)
[2524.173s][info][gc,metaspace   ] GC(538) Metaspace: 29082K(29376K)->29082K(29376K) NonClass: 25978K(26112K)->25978K(26112K) Class: 3103K(3264K)->3103K(3264K)
[2524.173s][info][gc             ] GC(538) Pause Young (Allocation Failure) 7450M->5134M(7554M) 99.458ms
[2524.173s][info][gc,cpu         ] GC(538) User=0.55s Sys=0.04s Real=0.10s
.. (rIR:aIR:PR = 3321:3321:3321) (tPR = 49390) [OK] 
  2525s: Performance info:
         Transaction,    Success,    Partial,     Failed,   Receipts, AvgBarcode, 
             Overall,     199445,          0,          0,     189475,      59.47, 
         Response times:
             Request,    Success,    Partial,     Failed,   SkipFail,     Probes,    Samples,      min,      p50,      p90,      p95,      p99,      max, 
       TotalPurchase,     189475,          0,          0,          0,     185479,     204958,      300,     2600,     4100,     4800,    15900,   114000,
     InStorePurchase,      99741,          0,          0,          0,      97812,     107861,      300,     2600,     4100,     4800,    16600,   110000,
      OnlinePurchase,      69800,          0,          0,          0,      68362,      75581,      300,     2500,     4100,     4700,    14700,   114000,
        InstPurchase,      19934,          0,          0,          0,      19305,      21516,      400,     2800,     4300,     5000,    16600,   108000,
          AssocOfCat,        199,          0,          0,          0,        147,        221,    16400,    26000,    32000,    34900,   119000,   134000,
      AssocOfProduct,       2000,          0,          0,          0,       1854,       2217,      500,     2100,     3200,     3800,     9900,    34000,
      BusinessReport,        497,          0,          0,          0,        405,        512,    19800,    29000,    37000,    39350,    56000,   137000,
          CustBuyBeh,       1987,          0,          0,          0,       1818,       2181,      200,     2500,     3900,     4400,    14400,   104000,
       ProductReturn,       5287,          0,          0,          0,       4984,       5747,      200,     1800,     4000,     4600,    15152,   104000,

  2525s: (25%)   IR =   3459 ....[2529.296s][info][gc,start       ] GC(539) Pause Young (Allocation Failure)
[2529.394s][info][gc,heap        ] GC(539) PSYoungGen: 2629664K(2630144K)->150528K(2635776K) Eden: 2477056K(2477056K)->0K(2477056K) From: 152608K(153088K)->150528K(158720K)
[2529.394s][info][gc,heap        ] GC(539) ParOldGen: 5105230K(5105664K)->5210462K(5210624K)
[2529.394s][info][gc,metaspace   ] GC(539) Metaspace: 29082K(29376K)->29082K(29376K) NonClass: 25978K(26112K)->25978K(26112K) Class: 3103K(3264K)->3103K(3264K)
[2529.394s][info][gc             ] GC(539) Pause Young (Allocation Failure) 7553M->5235M(7662M) 98.123ms
[2529.394s][info][gc,cpu         ] GC(539) User=0.54s Sys=0.03s Real=0.10s
.|....[2534.377s][info][gc,start       ] GC(540) Pause Young (Allocation Failure)
[2534.480s][info][gc,heap        ] GC(540) PSYoungGen: 2627584K(2635776K)->156452K(2635776K) Eden: 2477056K(2477056K)->0K(2477056K) From: 150528K(158720K)->156452K(158720K)
[2534.480s][info][gc,heap        ] GC(540) ParOldGen: 5210462K(5210624K)->5316654K(5317120K)
[2534.480s][info][gc,metaspace   ] GC(540) Metaspace: 29082K(29376K)->29082K(29376K) NonClass: 25978K(26112K)->25978K(26112K) Class: 3103K(3264K)->3103K(3264K)
[2534.480s][info][gc             ] GC(540) Pause Young (Allocation Failure) 7654M->5344M(7766M) 103.467ms
[2534.480s][info][gc,cpu         ] GC(540) User=0.56s Sys=0.05s Real=0.10s
.....[2539.378s][info][gc,start       ] GC(541) Pause Young (Allocation Failure)
[2539.475s][info][gc,heap        ] GC(541) PSYoungGen: 2633508K(2635776K)->148576K(2636800K) Eden: 2477056K(2477056K)->0K(2477568K) From: 156452K(158720K)->148576K(159232K)
[2539.475s][info][gc,heap        ] GC(541) ParOldGen: 5316654K(5317120K)->5422726K(5423104K)
[2539.475s][info][gc,metaspace   ] GC(541) Metaspace: 29082K(29376K)->29082K(29376K) NonClass: 25978K(26112K)->25978K(26112K) Class: 3103K(3264K)->3103K(3264K)
[2539.475s][info][gc             ] GC(541) Pause Young (Allocation Failure) 7763M->5440M(7871M) 97.468ms
[2539.475s][info][gc,cpu         ] GC(541) User=0.55s Sys=0.04s Real=0.10s
.....[2544.398s][info][gc,start       ] GC(542) Pause Young (Allocation Failure)
[2544.495s][info][gc,heap        ] GC(542) PSYoungGen: 2626144K(2636800K)->148576K(2636800K) Eden: 2477568K(2477568K)->0K(2477568K) From: 148576K(159232K)->148576K(159232K)
[2544.495s][info][gc,heap        ] GC(542) ParOldGen: 5422726K(5423104K)->5526646K(5527040K)
[2544.495s][info][gc,metaspace   ] GC(542) Metaspace: 29082K(29376K)->29082K(29376K) NonClass: 25978K(26112K)->25978K(26112K) Class: 3103K(3264K)->3103K(3264K)
[2544.495s][info][gc             ] GC(542) Pause Young (Allocation Failure) 7860M->5542M(7972M) 97.395ms
[2544.495s][info][gc,cpu         ] GC(542) User=0.54s Sys=0.02s Real=0.10s
.....[2549.520s][info][gc,start       ] GC(543) Pause Full (Allocation Failure)
[2549.520s][info][gc,phases,start] GC(543) Marking Phase
[2549.836s][info][gc,phases      ] GC(543) Marking Phase 316.493ms
[2549.836s][info][gc,phases,start] GC(543) Summary Phase
[2549.836s][info][gc,phases      ] GC(543) Summary Phase 0.097ms
[2549.836s][info][gc,phases,start] GC(543) Forward
[2549.952s][info][gc,phases      ] GC(543) Forward 116.001ms
[2549.952s][info][gc,phases,start] GC(543) Adjust Pointers
[2550.158s][info][gc,phases      ] GC(543) Adjust Pointers 205.443ms
[2550.158s][info][gc,phases,start] GC(543) Compaction Phase
[2550.303s][info][gc,phases      ] GC(543) Compaction Phase 144.824ms
[2550.304s][info][gc,phases,start] GC(543) Post Compact
[2550.311s][info][gc,phases      ] GC(543) Post Compact 6.934ms
[2550.432s][info][gc,heap        ] GC(543) PSYoungGen: 2626144K(2636800K)->0K(2636800K) Eden: 2477568K(2477568K)->0K(2477568K) From: 148576K(159232K)->0K(159232K)
[2550.432s][info][gc,heap        ] GC(543) ParOldGen: 5526646K(5527040K)->1592351K(1829376K)
[2550.432s][info][gc,metaspace   ] GC(543) Metaspace: 29082K(29376K)->29082K(29376K) NonClass: 25978K(26112K)->25978K(26112K) Class: 3103K(3264K)->3103K(3264K)
[2550.432s][info][gc             ] GC(543) Pause Full (Allocation Failure) 7961M->1555M(4361M) 912.306ms
[2550.432s][info][gc,cpu         ] GC(543) User=4.32s Sys=0.13s Real=0.91s
.....[2554.502s][info][gc,start       ] GC(544) Pause Young (Allocation Failure)
[2554.566s][info][gc,heap        ] GC(544) PSYoungGen: 2477568K(2636800K)->154453K(2632192K) Eden: 2477568K(2477568K)->0K(2477568K) From: 0K(159232K)->154453K(154624K)
[2554.566s][info][gc,heap        ] GC(544) ParOldGen: 1592351K(1829376K)->1592351K(1829376K)
[2554.566s][info][gc,metaspace   ] GC(544) Metaspace: 29082K(29376K)->29082K(29376K) NonClass: 25978K(26112K)->25978K(26112K) Class: 3103K(3264K)->3103K(3264K)
[2554.566s][info][gc             ] GC(544) Pause Young (Allocation Failure) 3974M->1705M(4357M) 64.258ms
[2554.566s][info][gc,cpu         ] GC(544) User=0.38s Sys=0.00s Real=0.07s
.....[2559.588s][info][gc,start       ] GC(545) Pause Young (Allocation Failure)
[2559.678s][info][gc,heap        ] GC(545) PSYoungGen: 2632021K(2632192K)->152224K(2637312K) Eden: 2477568K(2477568K)->0K(2477568K) From: 154453K(154624K)->152224K(159744K)
[2559.678s][info][gc,heap        ] GC(545) ParOldGen: 1592351K(1829376K)->1695743K(1829376K)
[2559.678s][info][gc,metaspace   ] GC(545) Metaspace: 29082K(29376K)->29082K(29376K) NonClass: 25978K(26112K)->25978K(26112K) Class: 3103K(3264K)->3103K(3264K)
[2559.678s][info][gc             ] GC(545) Pause Young (Allocation Failure) 4125M->1804M(4362M) 90.199ms
[2559.678s][info][gc,cpu         ] GC(545) User=0.54s Sys=0.00s Real=0.09s
.....[2564.658s][info][gc,start       ] GC(546) Pause Young (Allocation Failure)
[2564.754s][info][gc,heap        ] GC(546) PSYoungGen: 2629792K(2637312K)->157076K(2634752K) Eden: 2477568K(2477568K)->0K(2477568K) From: 152224K(159744K)->157076K(157184K)
[2564.754s][info][gc,heap        ] GC(546) ParOldGen: 1695743K(1829376K)->1801935K(1829376K)
[2564.754s][info][gc,metaspace   ] GC(546) Metaspace: 29082K(29376K)->29082K(29376K) NonClass: 25978K(26112K)->25978K(26112K) Class: 3103K(3264K)->3103K(3264K)
[2564.754s][info][gc             ] GC(546) Pause Young (Allocation Failure) 4224M->1913M(4359M) 95.446ms
[2564.754s][info][gc,cpu         ] GC(546) User=0.57s Sys=0.00s Real=0.10s
.....[2569.637s][info][gc,start       ] GC(547) Pause Young (Allocation Failure)
[2569.731s][info][gc,heap        ] GC(547) PSYoungGen: 2634644K(2634752K)->149536K(2636288K) Eden: 2477568K(2477568K)->0K(2476032K) From: 157076K(157184K)->149536K(160256K)
[2569.731s][info][gc,heap        ] GC(547) ParOldGen: 1801935K(1829376K)->1908087K(1908224K)
[2569.731s][info][gc,metaspace   ] GC(547) Metaspace: 29082K(29376K)->29082K(29376K) NonClass: 25978K(26112K)->25978K(26112K) Class: 3103K(3264K)->3103K(3264K)
[2569.731s][info][gc             ] GC(547) Pause Young (Allocation Failure) 4332M->2009M(4438M) 94.007ms
[2569.731s][info][gc,cpu         ] GC(547) User=0.52s Sys=0.03s Real=0.09s
.....[2574.790s][info][gc,start       ] GC(548) Pause Young (Allocation Failure)
[2574.886s][info][gc,heap        ] GC(548) PSYoungGen: 2625568K(2636288K)->153472K(2635776K) Eden: 2476032K(2476032K)->0K(2476032K) From: 149536K(160256K)->153472K(159744K)
[2574.886s][info][gc,heap        ] GC(548) ParOldGen: 1908087K(1908224K)->2011719K(2012160K)
[2574.886s][info][gc,metaspace   ] GC(548) Metaspace: 29082K(29376K)->29082K(29376K) NonClass: 25978K(26112K)->25978K(26112K) Class: 3103K(3264K)->3103K(3264K)
[2574.886s][info][gc             ] GC(548) Pause Young (Allocation Failure) 4427M->2114M(4539M) 95.503ms
[2574.886s][info][gc,cpu         ] GC(548) User=0.54s Sys=0.04s Real=0.10s
.....[2579.770s][info][gc,start       ] GC(549) Pause Young (Allocation Failure)
[2579.866s][info][gc,heap        ] GC(549) PSYoungGen: 2629504K(2635776K)->149184K(2635776K) Eden: 2476032K(2476032K)->0K(2476544K) From: 153472K(159744K)->149184K(159232K)
[2579.866s][info][gc,heap        ] GC(549) ParOldGen: 2011719K(2012160K)->2118943K(2119168K)
[2579.866s][info][gc,metaspace   ] GC(549) Metaspace: 29082K(29376K)->29082K(29376K) NonClass: 25978K(26112K)->25978K(26112K) Class: 3103K(3264K)->3103K(3264K)
[2579.866s][info][gc             ] GC(549) Pause Young (Allocation Failure) 4532M->2214M(4643M) 96.277ms
[2579.866s][info][gc,cpu         ] GC(549) User=0.53s Sys=0.03s Real=0.10s
.....[2584.809s][info][gc,start       ] GC(550) Pause Young (Allocation Failure)
[2584.904s][info][gc,heap        ] GC(550) PSYoungGen: 2625728K(2635776K)->151584K(2635776K) Eden: 2476544K(2476544K)->0K(2476544K) From: 149184K(159232K)->151584K(159232K)
[2584.904s][info][gc,heap        ] GC(550) ParOldGen: 2118943K(2119168K)->2223471K(2223616K)
[2584.904s][info][gc,metaspace   ] GC(550) Metaspace: 29082K(29376K)->29082K(29376K) NonClass: 25978K(26112K)->25978K(26112K) Class: 3103K(3264K)->3103K(3264K)
[2584.904s][info][gc             ] GC(550) Pause Young (Allocation Failure) 4633M->2319M(4745M) 95.569ms
[2584.904s][info][gc,cpu         ] GC(550) User=0.52s Sys=0.04s Real=0.10s
.....[2589.927s][info][gc,start       ] GC(551) Pause Young (Allocation Failure)
[2590.032s][info][gc,heap        ] GC(551) PSYoungGen: 2628128K(2635776K)->158692K(2550272K) Eden: 2476544K(2476544K)->0K(2391552K) From: 151584K(159232K)->158692K(158720K)
[2590.032s][info][gc,heap        ] GC(551) ParOldGen: 2223471K(2223616K)->2336199K(2336256K)
[2590.032s][info][gc,metaspace   ] GC(551) Metaspace: 29082K(29376K)->29082K(29376K) NonClass: 25978K(26112K)->25978K(26112K) Class: 3103K(3264K)->3103K(3264K)
[2590.032s][info][gc             ] GC(551) Pause Young (Allocation Failure) 4737M->2436M(4772M) 104.502ms
[2590.032s][info][gc,cpu         ] GC(551) User=0.57s Sys=0.04s Real=0.10s
. (rIR:aIR:PR = 3459:3460:3460) (tPR = 51326) [OK] 
  2590s: Performance info:
         Transaction,    Success,    Partial,     Failed,   Receipts, AvgBarcode, 
             Overall,     208333,          0,          0,     197901,      59.47, 
         Response times:
             Request,    Success,    Partial,     Failed,   SkipFail,     Probes,    Samples,      min,      p50,      p90,      p95,      p99,      max, 
       TotalPurchase,     197901,          0,          0,          0,     191243,     210499,      300,     2700,     4300,     4900,    15800,   930000,
     InStorePurchase,     104163,          0,          0,          0,     100853,     110683,      300,     2800,     4300,     5000,    14900,   930000,
      OnlinePurchase,      72900,          0,          0,          0,      70452,      77700,      300,     2400,     4100,     4700,    12600,   920000,
        InstPurchase,      20838,          0,          0,          0,      19938,      22116,      400,     3000,     4500,     5500,    26000,   920000,
          AssocOfCat,        210,          0,          0,          0,        156,        248,    17100,    26000,    31100,    34550,    99310,   149000,
      AssocOfProduct,       2095,          0,          0,          0,       1907,       2257,      800,     3500,     4700,     5400,    16342,   115000,
      BusinessReport,        519,          0,          0,          0,        415,        541,    19100,    29000,    37000,    40000,    97220,   152000,
          CustBuyBeh,       2087,          0,          0,          0,       1852,       2200,      200,     2800,     4100,     4700,    13498,   114000,
       ProductReturn,       5521,          0,          0,          0,       5107,       5858,      200,     2400,     4100,     4800,    12641,   113000,

  2590s: (26%)   IR =   3598 ....[2594.633s][info][gc,start       ] GC(552) Pause Young (Allocation Failure)
[2594.729s][info][gc,heap        ] GC(552) PSYoungGen: 2550244K(2550272K)->147562K(2593792K) Eden: 2391552K(2391552K)->0K(2391552K) From: 158692K(158720K)->147562K(202240K)
[2594.729s][info][gc,heap        ] GC(552) ParOldGen: 2336199K(2336256K)->2439279K(2439680K)
[2594.729s][info][gc,metaspace   ] GC(552) Metaspace: 29082K(29376K)->29082K(29376K) NonClass: 25978K(26112K)->25978K(26112K) Class: 3103K(3264K)->3103K(3264K)
[2594.729s][info][gc             ] GC(552) Pause Young (Allocation Failure) 4771M->2526M(4915M) 95.707ms
[2594.729s][info][gc,cpu         ] GC(552) User=0.54s Sys=0.02s Real=0.10s
.|...[2599.291s][info][gc,start       ] GC(553) Pause Young (Allocation Failure)
[2599.384s][info][gc,heap        ] GC(553) PSYoungGen: 2539114K(2593792K)->144128K(2591744K) Eden: 2391552K(2391552K)->0K(2392576K) From: 147562K(202240K)->144128K(199168K)
[2599.384s][info][gc,heap        ] GC(553) ParOldGen: 2439279K(2439680K)->2542695K(2543104K)
[2599.384s][info][gc,metaspace   ] GC(553) Metaspace: 29082K(29376K)->29082K(29376K) NonClass: 25978K(26112K)->25978K(26112K) Class: 3103K(3264K)->3103K(3264K)
[2599.384s][info][gc             ] GC(553) Pause Young (Allocation Failure) 4861M->2623M(5014M) 93.531ms
[2599.384s][info][gc,cpu         ] GC(553) User=0.51s Sys=0.05s Real=0.10s
.....[2604.030s][info][gc,start       ] GC(554) Pause Young (Allocation Failure)
[2604.125s][info][gc,heap        ] GC(554) PSYoungGen: 2536704K(2591744K)->151360K(2593280K) Eden: 2392576K(2392576K)->0K(2392576K) From: 144128K(199168K)->151360K(200704K)
[2604.125s][info][gc,heap        ] GC(554) ParOldGen: 2542695K(2543104K)->2644647K(2644992K)
[2604.125s][info][gc,metaspace   ] GC(554) Metaspace: 29082K(29376K)->29082K(29376K) NonClass: 25978K(26112K)->25978K(26112K) Class: 3103K(3264K)->3103K(3264K)
[2604.125s][info][gc             ] GC(554) Pause Young (Allocation Failure) 4960M->2730M(5115M) 94.859ms
[2604.125s][info][gc,cpu         ] GC(554) User=0.53s Sys=0.02s Real=0.10s
.....[2608.686s][info][gc,start       ] GC(555) Pause Young (Allocation Failure)
[2608.783s][info][gc,heap        ] GC(555) PSYoungGen: 2543936K(2593280K)->147584K(2593280K) Eden: 2392576K(2392576K)->0K(2397184K) From: 151360K(200704K)->147584K(196096K)
[2608.783s][info][gc,heap        ] GC(555) ParOldGen: 2644647K(2644992K)->2750039K(2750464K)
[2608.783s][info][gc,metaspace   ] GC(555) Metaspace: 29082K(29376K)->29082K(29376K) NonClass: 25978K(26112K)->25978K(26112K) Class: 3103K(3264K)->3103K(3264K)
[2608.783s][info][gc             ] GC(555) Pause Young (Allocation Failure) 5066M->2829M(5218M) 96.386ms
[2608.783s][info][gc,cpu         ] GC(555) User=0.53s Sys=0.03s Real=0.09s
....[2613.443s][info][gc,start       ] GC(556) Pause Young (Allocation Failure)
[2613.536s][info][gc,heap        ] GC(556) PSYoungGen: 2544768K(2593280K)->147136K(2593792K) Eden: 2397184K(2397184K)->0K(2397184K) From: 147584K(196096K)->147136K(196608K)
[2613.536s][info][gc,heap        ] GC(556) ParOldGen: 2750039K(2750464K)->2851343K(2851840K)
[2613.536s][info][gc,metaspace   ] GC(556) Metaspace: 29082K(29376K)->29082K(29376K) NonClass: 25978K(26112K)->25978K(26112K) Class: 3103K(3264K)->3103K(3264K)
[2613.536s][info][gc             ] GC(556) Pause Young (Allocation Failure) 5170M->2928M(5318M) 93.410ms
[2613.536s][info][gc,cpu         ] GC(556) User=0.52s Sys=0.03s Real=0.10s
.....[2618.067s][info][gc,start       ] GC(557) Pause Young (Allocation Failure)
[2618.162s][info][gc,heap        ] GC(557) PSYoungGen: 2544320K(2593792K)->149472K(2595840K) Eden: 2397184K(2397184K)->0K(2404864K) From: 147136K(196608K)->149472K(190976K)
[2618.162s][info][gc,heap        ] GC(557) ParOldGen: 2851343K(2851840K)->2955463K(2955776K)
[2618.162s][info][gc,metaspace   ] GC(557) Metaspace: 29082K(29376K)->29082K(29376K) NonClass: 25978K(26112K)->25978K(26112K) Class: 3103K(3264K)->3103K(3264K)
[2618.162s][info][gc             ] GC(557) Pause Young (Allocation Failure) 5269M->3032M(5421M) 94.818ms
[2618.162s][info][gc,cpu         ] GC(557) User=0.53s Sys=0.03s Real=0.09s
...[2621.153s][info][gc,start       ] GC(558) Pause Full (Diagnostic Command)
[2621.153s][info][gc,phases,start] GC(558) Marking Phase
[2621.462s][info][gc,phases      ] GC(558) Marking Phase 309.683ms
[2621.462s][info][gc,phases,start] GC(558) Summary Phase
[2621.462s][info][gc,phases      ] GC(558) Summary Phase 0.065ms
[2621.462s][info][gc,phases,start] GC(558) Forward
[2621.673s][info][gc,phases      ] GC(558) Forward 210.497ms
[2621.673s][info][gc,phases,start] GC(558) Adjust Pointers
[2621.891s][info][gc,phases      ] GC(558) Adjust Pointers 217.674ms
[2621.891s][info][gc,phases,start] GC(558) Compaction Phase
[2622.080s][info][gc,phases      ] GC(558) Compaction Phase 189.535ms
[2622.082s][info][gc,phases,start] GC(558) Post Compact
[2622.086s][info][gc,phases      ] GC(558) Post Compact 4.065ms
[2622.086s][info][gc,heap        ] GC(558) PSYoungGen: 1749274K(2595840K)->0K(2595840K) Eden: 1599802K(2404864K)->0K(2404864K) From: 149472K(190976K)->0K(190976K)
[2622.086s][info][gc,heap        ] GC(558) ParOldGen: 2955463K(2955776K)->1324564K(2955776K)
[2622.086s][info][gc,metaspace   ] GC(558) Metaspace: 29082K(29376K)->29082K(29376K) NonClass: 25978K(26112K)->25978K(26112K) Class: 3103K(3264K)->3103K(3264K)
[2622.086s][info][gc             ] GC(558) Pause Full (Diagnostic Command) 4594M->1293M(5421M) 933.831ms
[2622.086s][info][gc,cpu         ] GC(558) User=4.82s Sys=0.00s Real=0.94s
....[2625.986s][info][gc,start       ] GC(559) Pause Young (Allocation Failure)
[2626.051s][info][gc,heap        ] GC(559) PSYoungGen: 2404864K(2595840K)->157120K(2596864K) Eden: 2404864K(2404864K)->0K(2404864K) From: 0K(190976K)->157120K(192000K)
[2626.051s][info][gc,heap        ] GC(559) ParOldGen: 1324564K(2955776K)->1324564K(2955776K)
[2626.051s][info][gc,metaspace   ] GC(559) Metaspace: 29082K(29376K)->29082K(29376K) NonClass: 25978K(26112K)->25978K(26112K) Class: 3103K(3264K)->3103K(3264K)
[2626.051s][info][gc             ] GC(559) Pause Young (Allocation Failure) 3642M->1446M(5422M) 65.442ms
[2626.051s][info][gc,cpu         ] GC(559) User=0.38s Sys=0.00s Real=0.06s
.....[2630.693s][info][gc,start       ] GC(560) Pause Young (Allocation Failure)
[2630.781s][info][gc,heap        ] GC(560) PSYoungGen: 2561984K(2596864K)->146304K(2602496K) Eden: 2404864K(2404864K)->0K(2414592K) From: 157120K(192000K)->146304K(187904K)
[2630.781s][info][gc,heap        ] GC(560) ParOldGen: 1324564K(2955776K)->1431892K(2955776K)
[2630.781s][info][gc,metaspace   ] GC(560) Metaspace: 29082K(29376K)->29082K(29376K) NonClass: 25978K(26112K)->25978K(26112K) Class: 3103K(3264K)->3103K(3264K)
[2630.781s][info][gc             ] GC(560) Pause Young (Allocation Failure) 3795M->1541M(5428M) 88.406ms
[2630.782s][info][gc,cpu         ] GC(560) User=0.52s Sys=0.01s Real=0.09s
.....[2635.364s][info][gc,start       ] GC(561) Pause Young (Allocation Failure)
[2635.452s][info][gc,heap        ] GC(561) PSYoungGen: 2560896K(2602496K)->145344K(2601984K) Eden: 2414592K(2414592K)->0K(2414592K) From: 146304K(187904K)->145344K(187392K)
[2635.452s][info][gc,heap        ] GC(561) ParOldGen: 1431892K(2955776K)->1535708K(2955776K)
[2635.452s][info][gc,metaspace   ] GC(561) Metaspace: 29082K(29376K)->29082K(29376K) NonClass: 25978K(26112K)->25978K(26112K) Class: 3103K(3264K)->3103K(3264K)
[2635.452s][info][gc             ] GC(561) Pause Young (Allocation Failure) 3899M->1641M(5427M) 88.128ms
[2635.452s][info][gc,cpu         ] GC(561) User=0.52s Sys=0.00s Real=0.08s
.....[2640.174s][info][gc,start       ] GC(562) Pause Young (Allocation Failure)
[2640.263s][info][gc,heap        ] GC(562) PSYoungGen: 2559936K(2601984K)->146624K(2607104K) Eden: 2414592K(2414592K)->0K(2422272K) From: 145344K(187392K)->146624K(184832K)
[2640.263s][info][gc,heap        ] GC(562) ParOldGen: 1535708K(2955776K)->1638876K(2955776K)
[2640.263s][info][gc,metaspace   ] GC(562) Metaspace: 29082K(29376K)->29082K(29376K) NonClass: 25978K(26112K)->25978K(26112K) Class: 3103K(3264K)->3103K(3264K)
[2640.263s][info][gc             ] GC(562) Pause Young (Allocation Failure) 3999M->1743M(5432M) 88.958ms
[2640.263s][info][gc,cpu         ] GC(562) User=0.52s Sys=0.00s Real=0.08s
....[2645.022s][info][gc,start       ] GC(563) Pause Young (Allocation Failure)
[2645.116s][info][gc,heap        ] GC(563) PSYoungGen: 2568896K(2607104K)->157781K(2606592K) Eden: 2422272K(2422272K)->0K(2422272K) From: 146624K(184832K)->157781K(184320K)
[2645.116s][info][gc,heap        ] GC(563) ParOldGen: 1638876K(2955776K)->1743324K(2955776K)
[2645.116s][info][gc,metaspace   ] GC(563) Metaspace: 29082K(29376K)->29082K(29376K) NonClass: 25978K(26112K)->25978K(26112K) Class: 3103K(3264K)->3103K(3264K)
[2645.116s][info][gc             ] GC(563) Pause Young (Allocation Failure) 4109M->1856M(5432M) 93.545ms
[2645.116s][info][gc,cpu         ] GC(563) User=0.56s Sys=0.00s Real=0.10s
.....[2649.649s][info][gc,start       ] GC(564) Pause Young (Allocation Failure)
[2649.742s][info][gc,heap        ] GC(564) PSYoungGen: 2580053K(2606592K)->153616K(2608640K) Eden: 2422272K(2422272K)->0K(2428928K) From: 157781K(184320K)->153616K(179712K)
[2649.742s][info][gc,heap        ] GC(564) ParOldGen: 1743324K(2955776K)->1849092K(2955776K)
[2649.742s][info][gc,metaspace   ] GC(564) Metaspace: 29082K(29376K)->29082K(29376K) NonClass: 25978K(26112K)->25978K(26112K) Class: 3103K(3264K)->3103K(3264K)
[2649.742s][info][gc             ] GC(564) Pause Young (Allocation Failure) 4222M->1955M(5434M) 92.610ms
[2649.742s][info][gc,cpu         ] GC(564) User=0.55s Sys=0.00s Real=0.09s
.....[2654.481s][info][gc,start       ] GC(565) Pause Young (Allocation Failure)
[2654.572s][info][gc,heap        ] GC(565) PSYoungGen: 2582544K(2608640K)->155045K(2609152K) Eden: 2428928K(2428928K)->0K(2428928K) From: 153616K(179712K)->155045K(180224K)
[2654.572s][info][gc,heap        ] GC(565) ParOldGen: 1849092K(2955776K)->1951444K(2955776K)
[2654.572s][info][gc,metaspace   ] GC(565) Metaspace: 29082K(29376K)->29082K(29376K) NonClass: 25978K(26112K)->25978K(26112K) Class: 3103K(3264K)->3103K(3264K)
[2654.572s][info][gc             ] GC(565) Pause Young (Allocation Failure) 4327M->2057M(5434M) 91.479ms
[2654.572s][info][gc,cpu         ] GC(565) User=0.54s Sys=0.00s Real=0.09s
.. (rIR:aIR:PR = 3598:3597:3597) (tPR = 53712) [OK] 
  2655s: Performance info:
         Transaction,    Success,    Partial,     Failed,   Receipts, AvgBarcode, 
             Overall,     218086,          0,          0,     207189,      59.47, 
         Response times:
             Request,    Success,    Partial,     Failed,   SkipFail,     Probes,    Samples,      min,      p50,      p90,      p95,      p99,      max, 
       TotalPurchase,     207178,          0,          0,          0,     198972,     219801,      300,     2800,     4500,     5400,    16100,   126000,
     InStorePurchase,     109018,          0,          0,          0,     104879,     115559,      300,     2700,     4500,     5400,    16300,   116000,
      OnlinePurchase,      76364,          0,          0,          0,      73467,      81093,      300,     2900,     4600,     5400,    16400,   126000,
        InstPurchase,      21796,          0,          0,          0,      20626,      23149,      300,     2300,     4300,     5200,    14500,   106000,
          AssocOfCat,        218,          0,          0,          0,        158,        241,    16700,    25000,    33000,    36900,   116640,   139000,
      AssocOfProduct,       2183,          0,          0,          0,       1963,       2346,      800,     3500,     5200,     7265,    18606,   109000,
      BusinessReport,        542,          0,          0,          0,        449,        611,    19700,    29000,    37000,    46400,    93000,   970000,
          CustBuyBeh,       2175,          0,          0,          0,       1975,       2365,      200,     2900,     4700,     5700,    17702,    48000,
       ProductReturn,       5788,          0,          0,          0,       5434,       6240,      200,     2200,     4000,     4800,    13100,   105000,

  2655s: (27%)   IR =   3736 ..[2659.053s][info][gc,start       ] GC(566) Pause Young (Allocation Failure)
[2659.143s][info][gc,heap        ] GC(566) PSYoungGen: 2583973K(2609152K)->149152K(2614272K) Eden: 2428928K(2428928K)->0K(2437632K) From: 155045K(180224K)->149152K(176640K)
[2659.143s][info][gc,heap        ] GC(566) ParOldGen: 1951444K(2955776K)->2056700K(2955776K)
[2659.143s][info][gc,metaspace   ] GC(566) Metaspace: 29082K(29376K)->29082K(29376K) NonClass: 25978K(26112K)->25978K(26112K) Class: 3103K(3264K)->3103K(3264K)
[2659.143s][info][gc             ] GC(566) Pause Young (Allocation Failure) 4429M->2154M(5439M) 90.398ms
[2659.143s][info][gc,cpu         ] GC(566) User=0.53s Sys=0.00s Real=0.10s
....|.[2663.731s][info][gc,start       ] GC(567) Pause Young (Allocation Failure)
[2663.825s][info][gc,heap        ] GC(567) PSYoungGen: 2586784K(2614272K)->156800K(2613760K) Eden: 2437632K(2437632K)->0K(2437632K) From: 149152K(176640K)->156800K(176128K)
[2663.825s][info][gc,heap        ] GC(567) ParOldGen: 2056700K(2955776K)->2159188K(2955776K)
[2663.825s][info][gc,metaspace   ] GC(567) Metaspace: 29082K(29376K)->29082K(29376K) NonClass: 25978K(26112K)->25978K(26112K) Class: 3103K(3264K)->3103K(3264K)
[2663.825s][info][gc             ] GC(567) Pause Young (Allocation Failure) 4534M->2261M(5439M) 93.947ms
[2663.825s][info][gc,cpu         ] GC(567) User=0.56s Sys=0.00s Real=0.10s
.....[2668.365s][info][gc,start       ] GC(568) Pause Young (Allocation Failure)
[2668.455s][info][gc,heap        ] GC(568) PSYoungGen: 2594432K(2613760K)->147968K(2618880K) Eden: 2437632K(2437632K)->0K(2444288K) From: 156800K(176128K)->147968K(174592K)
[2668.455s][info][gc,heap        ] GC(568) ParOldGen: 2159188K(2955776K)->2264668K(2955776K)
[2668.455s][info][gc,metaspace   ] GC(568) Metaspace: 29084K(29376K)->29084K(29376K) NonClass: 25981K(26112K)->25981K(26112K) Class: 3103K(3264K)->3103K(3264K)
[2668.455s][info][gc             ] GC(568) Pause Young (Allocation Failure) 4642M->2356M(5444M) 89.835ms
[2668.455s][info][gc,cpu         ] GC(568) User=0.53s Sys=0.00s Real=0.09s
....[2673.053s][info][gc,start       ] GC(569) Pause Young (Allocation Failure)
[2673.146s][info][gc,heap        ] GC(569) PSYoungGen: 2592256K(2618880K)->154080K(2618368K) Eden: 2444288K(2444288K)->0K(2444288K) From: 147968K(174592K)->154080K(174080K)
[2673.146s][info][gc,heap        ] GC(569) ParOldGen: 2264668K(2955776K)->2369324K(2955776K)
[2673.146s][info][gc,metaspace   ] GC(569) Metaspace: 29084K(29376K)->29084K(29376K) NonClass: 25981K(26112K)->25981K(26112K) Class: 3103K(3264K)->3103K(3264K)
[2673.146s][info][gc             ] GC(569) Pause Young (Allocation Failure) 4743M->2464M(5443M) 92.769ms
[2673.146s][info][gc,cpu         ] GC(569) User=0.55s Sys=0.00s Real=0.09s
.....[2677.645s][info][gc,start       ] GC(570) Pause Young (Allocation Failure)
[2677.738s][info][gc,heap        ] GC(570) PSYoungGen: 2598368K(2618368K)->155508K(2620416K) Eden: 2444288K(2444288K)->0K(2448896K) From: 154080K(174080K)->155508K(171520K)
[2677.738s][info][gc,heap        ] GC(570) ParOldGen: 2369324K(2955776K)->2474964K(2955776K)
[2677.738s][info][gc,metaspace   ] GC(570) Metaspace: 29087K(29376K)->29087K(29376K) NonClass: 25983K(26112K)->25983K(26112K) Class: 3103K(3264K)->3103K(3264K)
[2677.738s][info][gc             ] GC(570) Pause Young (Allocation Failure) 4851M->2568M(5445M) 93.936ms
[2677.739s][info][gc,cpu         ] GC(570) User=0.55s Sys=0.00s Real=0.09s
.....[2682.290s][info][gc,start       ] GC(571) Pause Young (Allocation Failure)
[2682.383s][info][gc,heap        ] GC(571) PSYoungGen: 2604404K(2620416K)->153680K(2619904K) Eden: 2448896K(2448896K)->0K(2448896K) From: 155508K(171520K)->153680K(171008K)
[2682.383s][info][gc,heap        ] GC(571) ParOldGen: 2474964K(2955776K)->2578772K(2955776K)
[2682.383s][info][gc,metaspace   ] GC(571) Metaspace: 29087K(29376K)->29087K(29376K) NonClass: 25983K(26112K)->25983K(26112K) Class: 3103K(3264K)->3103K(3264K)
[2682.383s][info][gc             ] GC(571) Pause Young (Allocation Failure) 4960M->2668M(5445M) 92.889ms
[2682.383s][info][gc,cpu         ] GC(571) User=0.55s Sys=0.00s Real=0.09s
....[2686.946s][info][gc,start       ] GC(572) Pause Young (Allocation Failure)
[2687.040s][info][gc,heap        ] GC(572) PSYoungGen: 2602576K(2619904K)->158229K(2622976K) Eden: 2448896K(2448896K)->0K(2453504K) From: 153680K(171008K)->158229K(169472K)
[2687.040s][info][gc,heap        ] GC(572) ParOldGen: 2578772K(2955776K)->2682844K(2955776K)
[2687.040s][info][gc,metaspace   ] GC(572) Metaspace: 29087K(29376K)->29087K(29376K) NonClass: 25983K(26112K)->25983K(26112K) Class: 3103K(3264K)->3103K(3264K)
[2687.040s][info][gc             ] GC(572) Pause Young (Allocation Failure) 5059M->2774M(5448M) 94.462ms
[2687.040s][info][gc,cpu         ] GC(572) User=0.56s Sys=0.00s Real=0.09s
.....[2691.625s][info][gc,start       ] GC(573) Pause Young (Allocation Failure)
[2691.716s][info][gc,heap        ] GC(573) PSYoungGen: 2611733K(2622976K)->152160K(2622976K) Eden: 2453504K(2453504K)->0K(2453504K) From: 158229K(169472K)->152160K(169472K)
[2691.716s][info][gc,heap        ] GC(573) ParOldGen: 2682844K(2955776K)->2787004K(2955776K)
[2691.716s][info][gc,metaspace   ] GC(573) Metaspace: 29087K(29376K)->29087K(29376K) NonClass: 25983K(26112K)->25983K(26112K) Class: 3103K(3264K)->3103K(3264K)
[2691.716s][info][gc             ] GC(573) Pause Young (Allocation Failure) 5170M->2870M(5448M) 91.487ms
[2691.716s][info][gc,cpu         ] GC(573) User=0.54s Sys=0.00s Real=0.09s
....[2696.049s][info][gc,start       ] GC(574) Pause Young (Allocation Failure)
[2696.141s][info][gc,heap        ] GC(574) PSYoungGen: 2605664K(2622976K)->146848K(2625536K) Eden: 2453504K(2453504K)->0K(2457088K) From: 152160K(169472K)->146848K(168448K)
[2696.141s][info][gc,heap        ] GC(574) ParOldGen: 2787004K(2955776K)->2894964K(2955776K)
[2696.141s][info][gc,metaspace   ] GC(574) Metaspace: 29087K(29376K)->29087K(29376K) NonClass: 25983K(26112K)->25983K(26112K) Class: 3103K(3264K)->3103K(3264K)
[2696.141s][info][gc             ] GC(574) Pause Young (Allocation Failure) 5266M->2970M(5450M) 91.056ms
[2696.141s][info][gc,cpu         ] GC(574) User=0.54s Sys=0.00s Real=0.09s
.....[2700.847s][info][gc,start       ] GC(575) Pause Young (Allocation Failure)
[2700.946s][info][gc,heap        ] GC(575) PSYoungGen: 2603936K(2625536K)->168089K(2625536K) Eden: 2457088K(2457088K)->0K(2457088K) From: 146848K(168448K)->168089K(168448K)
[2700.946s][info][gc,heap        ] GC(575) ParOldGen: 2894964K(2955776K)->2994604K(2994688K)
[2700.946s][info][gc,metaspace   ] GC(575) Metaspace: 29087K(29376K)->29087K(29376K) NonClass: 25983K(26112K)->25983K(26112K) Class: 3103K(3264K)->3103K(3264K)
[2700.946s][info][gc             ] GC(575) Pause Young (Allocation Failure) 5370M->3088M(5488M) 99.155ms
[2700.946s][info][gc,cpu         ] GC(575) User=0.57s Sys=0.02s Real=0.10s
.....[2705.433s][info][gc,start       ] GC(576) Pause Young (Allocation Failure)
[2705.527s][info][gc,heap        ] GC(576) PSYoungGen: 2625177K(2625536K)->148320K(2623488K) Eden: 2457088K(2457088K)->0K(2452992K) From: 168089K(168448K)->148320K(170496K)
[2705.528s][info][gc,heap        ] GC(576) ParOldGen: 2994604K(2994688K)->3102332K(3102720K)
[2705.528s][info][gc,metaspace   ] GC(576) Metaspace: 29087K(29376K)->29087K(29376K) NonClass: 25983K(26112K)->25983K(26112K) Class: 3103K(3264K)->3103K(3264K)
[2705.528s][info][gc             ] GC(576) Pause Young (Allocation Failure) 5488M->3174M(5592M) 94.683ms
[2705.528s][info][gc,cpu         ] GC(576) User=0.52s Sys=0.04s Real=0.10s
....[2710.146s][info][gc,start       ] GC(577) Pause Young (Allocation Failure)
[2710.246s][info][gc,heap        ] GC(577) PSYoungGen: 2601312K(2623488K)->159877K(2613248K) Eden: 2452992K(2452992K)->0K(2452992K) From: 148320K(170496K)->159877K(160256K)
[2710.246s][info][gc,heap        ] GC(577) ParOldGen: 3102332K(3102720K)->3206228K(3206656K)
[2710.246s][info][gc,metaspace   ] GC(577) Metaspace: 29087K(29376K)->29087K(29376K) NonClass: 25983K(26112K)->25983K(26112K) Class: 3103K(3264K)->3103K(3264K)
[2710.246s][info][gc             ] GC(577) Pause Young (Allocation Failure) 5569M->3287M(5683M) 100.038ms
[2710.246s][info][gc,cpu         ] GC(577) User=0.56s Sys=0.03s Real=0.10s
.....[2714.708s][info][gc,start       ] GC(578) Pause Young (Allocation Failure)
[2714.805s][info][gc,heap        ] GC(578) PSYoungGen: 2612869K(2613248K)->148960K(2624512K) Eden: 2452992K(2452992K)->0K(2452480K) From: 159877K(160256K)->148960K(172032K)
[2714.805s][info][gc,heap        ] GC(578) ParOldGen: 3206228K(3206656K)->3311956K(3312128K)
[2714.805s][info][gc,metaspace   ] GC(578) Metaspace: 29087K(29376K)->29087K(29376K) NonClass: 25983K(26112K)->25983K(26112K) Class: 3103K(3264K)->3103K(3264K)
[2714.805s][info][gc             ] GC(578) Pause Young (Allocation Failure) 5682M->3379M(5797M) 96.576ms
[2714.805s][info][gc,cpu         ] GC(578) User=0.54s Sys=0.03s Real=0.10s
.....[2719.397s][info][gc,start       ] GC(579) Pause Young (Allocation Failure)
[2719.497s][info][gc,heap        ] GC(579) PSYoungGen: 2601440K(2624512K)->159680K(2624000K) Eden: 2452480K(2452480K)->0K(2452480K) From: 148960K(172032K)->159680K(171520K)
[2719.497s][info][gc,heap        ] GC(579) ParOldGen: 3311956K(3312128K)->3415868K(3416064K)
[2719.497s][info][gc,metaspace   ] GC(579) Metaspace: 29087K(29376K)->29087K(29376K) NonClass: 25983K(26112K)->25983K(26112K) Class: 3103K(3264K)->3103K(3264K)
[2719.497s][info][gc             ] GC(579) Pause Young (Allocation Failure) 5774M->3491M(5898M) 99.557ms
[2719.497s][info][gc,cpu         ] GC(579) User=0.57s Sys=0.02s Real=0.10s
... (rIR:aIR:PR = 3736:3736:3736) (tPR = 55305) [OK] 
  2722s: Performance info:
         Transaction,    Success,    Partial,     Failed,   Receipts, AvgBarcode, 
             Overall,     224457,          0,          0,     213224,      59.49, 
         Response times:
             Request,    Success,    Partial,     Failed,   SkipFail,     Probes,    Samples,      min,      p50,      p90,      p95,      p99,      max, 
       TotalPurchase,     213224,          0,          0,          0,     208982,     230939,      300,     2800,     4400,     5100,    16760,   116000,
     InStorePurchase,     112241,          0,          0,          0,     110209,     121530,      300,     2600,     4400,     5000,    16700,   107000,
      OnlinePurchase,      78509,          0,          0,          0,      76899,      85002,      300,     2800,     4400,     5000,    16100,   116000,
        InstPurchase,      22474,          0,          0,          0,      21874,      24407,      400,     3300,     4700,     5500,    19292,   107000,
          AssocOfCat,        224,          0,          0,          0,        174,        273,    16400,    25000,    32000,    34300,    44780,    51000,
      AssocOfProduct,       2247,          0,          0,          0,       2077,       2456,      500,     3200,     4400,     4900,    21000,    96000,
      BusinessReport,        562,          0,          0,          0,        475,        630,    21000,    30000,    39000,    45450,   126000,   141000,
          CustBuyBeh,       2243,          0,          0,          0,       2055,       2458,      200,     2100,     4400,     5000,    14805,   102000,
       ProductReturn,       5957,          0,          0,          0,       5609,       6468,      200,     2000,     4200,     4800,    12931,    97000,

  2722s: (28%)   IR =   3874 .[2723.941s][info][gc,start       ] GC(580) Pause Young (Allocation Failure)
[2724.041s][info][gc,heap        ] GC(580) PSYoungGen: 2612160K(2624000K)->162373K(2621440K) Eden: 2452480K(2452480K)->0K(2449920K) From: 159680K(171520K)->162373K(171520K)
[2724.041s][info][gc,heap        ] GC(580) ParOldGen: 3415868K(3416064K)->3522780K(3523072K)
[2724.041s][info][gc,metaspace   ] GC(580) Metaspace: 29090K(29376K)->29090K(29376K) NonClass: 25986K(26112K)->25986K(26112K) Class: 3103K(3264K)->3103K(3264K)
[2724.041s][info][gc             ] GC(580) Pause Young (Allocation Failure) 5886M->3598M(6000M) 100.730ms
[2724.041s][info][gc,cpu         ] GC(580) User=0.55s Sys=0.04s Real=0.10s
....|.[2728.502s][info][gc,start       ] GC(581) Pause Young (Allocation Failure)
[2728.597s][info][gc,heap        ] GC(581) PSYoungGen: 2612293K(2621440K)->151680K(2622976K) Eden: 2449920K(2449920K)->0K(2449920K) From: 162373K(171520K)->151680K(173056K)
[2728.597s][info][gc,heap        ] GC(581) ParOldGen: 3522780K(3523072K)->3626028K(3626496K)
[2728.597s][info][gc,metaspace   ] GC(581) Metaspace: 29090K(29376K)->29090K(29376K) NonClass: 25986K(26112K)->25986K(26112K) Class: 3103K(3264K)->3103K(3264K)
[2728.597s][info][gc             ] GC(581) Pause Young (Allocation Failure) 5991M->3689M(6103M) 95.256ms
[2728.597s][info][gc,cpu         ] GC(581) User=0.52s Sys=0.04s Real=0.10s
....[2732.783s][info][gc,start       ] GC(582) Pause Young (Allocation Failure)
[2732.878s][info][gc,heap        ] GC(582) PSYoungGen: 2601600K(2622976K)->147328K(2622976K) Eden: 2449920K(2449920K)->0K(2451456K) From: 151680K(173056K)->147328K(171520K)
[2732.879s][info][gc,heap        ] GC(582) ParOldGen: 3626028K(3626496K)->3733484K(3733504K)
[2732.879s][info][gc,metaspace   ] GC(582) Metaspace: 29090K(29376K)->29090K(29376K) NonClass: 25986K(26112K)->25986K(26112K) Class: 3103K(3264K)->3103K(3264K)
[2732.879s][info][gc             ] GC(582) Pause Young (Allocation Failure) 6081M->3789M(6207M) 95.492ms
[2732.879s][info][gc,cpu         ] GC(582) User=0.54s Sys=0.03s Real=0.10s
.....[2737.381s][info][gc,start       ] GC(583) Pause Young (Allocation Failure)
[2737.477s][info][gc,heap        ] GC(583) PSYoungGen: 2598784K(2622976K)->150592K(2622976K) Eden: 2451456K(2451456K)->0K(2451456K) From: 147328K(171520K)->150592K(171520K)
[2737.477s][info][gc,heap        ] GC(583) ParOldGen: 3733484K(3733504K)->3834084K(3834368K)
[2737.477s][info][gc,metaspace   ] GC(583) Metaspace: 29090K(29376K)->29090K(29376K) NonClass: 25986K(26112K)->25986K(26112K) Class: 3103K(3264K)->3103K(3264K)
[2737.477s][info][gc             ] GC(583) Pause Young (Allocation Failure) 6183M->3891M(6306M) 95.764ms
[2737.477s][info][gc,cpu         ] GC(583) User=0.53s Sys=0.04s Real=0.10s
....[2741.837s][info][gc,start       ] GC(584) Pause Young (Allocation Failure)
[2741.934s][info][gc,heap        ] GC(584) PSYoungGen: 2602048K(2622976K)->151264K(2622464K) Eden: 2451456K(2451456K)->0K(2454016K) From: 150592K(171520K)->151264K(168448K)
[2741.934s][info][gc,heap        ] GC(584) ParOldGen: 3834084K(3834368K)->3940332K(3940352K)
[2741.934s][info][gc,metaspace   ] GC(584) Metaspace: 29090K(29376K)->29090K(29376K) NonClass: 25986K(26112K)->25986K(26112K) Class: 3103K(3264K)->3103K(3264K)
[2741.934s][info][gc             ] GC(584) Pause Young (Allocation Failure) 6285M->3995M(6409M) 97.663ms
[2741.934s][info][gc,cpu         ] GC(584) User=0.54s Sys=0.04s Real=0.10s
....[2746.279s][info][gc,start       ] GC(585) Pause Young (Allocation Failure)
[2746.379s][info][gc,heap        ] GC(585) PSYoungGen: 2605280K(2622464K)->157732K(2622976K) Eden: 2454016K(2454016K)->0K(2454016K) From: 151264K(168448K)->157732K(168960K)
[2746.379s][info][gc,heap        ] GC(585) ParOldGen: 3940332K(3940352K)->4045308K(4045312K)
[2746.379s][info][gc,metaspace   ] GC(585) Metaspace: 29090K(29376K)->29090K(29376K) NonClass: 25986K(26112K)->25986K(26112K) Class: 3103K(3264K)->3103K(3264K)
[2746.379s][info][gc             ] GC(585) Pause Young (Allocation Failure) 6392M->4104M(6512M) 100.399ms
[2746.379s][info][gc,cpu         ] GC(585) User=0.55s Sys=0.05s Real=0.10s
.....[2750.820s][info][gc,start       ] GC(586) Pause Young (Allocation Failure)
[2750.916s][info][gc,heap        ] GC(586) PSYoungGen: 2611748K(2622976K)->152640K(2625024K) Eden: 2454016K(2454016K)->0K(2458112K) From: 157732K(168960K)->152640K(166912K)
[2750.916s][info][gc,heap        ] GC(586) ParOldGen: 4045308K(4045312K)->4148604K(4148736K)
[2750.916s][info][gc,metaspace   ] GC(586) Metaspace: 29090K(29376K)->29090K(29376K) NonClass: 25986K(26112K)->25986K(26112K) Class: 3103K(3264K)->3103K(3264K)
[2750.916s][info][gc             ] GC(586) Pause Young (Allocation Failure) 6501M->4200M(6615M) 95.891ms
[2750.916s][info][gc,cpu         ] GC(586) User=0.52s Sys=0.03s Real=0.10s
....[2755.294s][info][gc,start       ] GC(587) Pause Young (Allocation Failure)
[2755.389s][info][gc,heap        ] GC(587) PSYoungGen: 2610752K(2625024K)->146784K(2626048K) Eden: 2458112K(2458112K)->0K(2458112K) From: 152640K(166912K)->146784K(167936K)
[2755.389s][info][gc,heap        ] GC(587) ParOldGen: 4148604K(4148736K)->4255532K(4255744K)
[2755.389s][info][gc,metaspace   ] GC(587) Metaspace: 29090K(29376K)->29090K(29376K) NonClass: 25986K(26112K)->25986K(26112K) Class: 3103K(3264K)->3103K(3264K)
[2755.389s][info][gc             ] GC(587) Pause Young (Allocation Failure) 6600M->4299M(6720M) 95.266ms
[2755.389s][info][gc,cpu         ] GC(587) User=0.53s Sys=0.03s Real=0.09s
.....[2759.710s][info][gc,start       ] GC(588) Pause Young (Allocation Failure)
[2759.807s][info][gc,heap        ] GC(588) PSYoungGen: 2604896K(2626048K)->150880K(2626048K) Eden: 2458112K(2458112K)->0K(2460160K) From: 146784K(167936K)->150880K(165888K)
[2759.807s][info][gc,heap        ] GC(588) ParOldGen: 4255532K(4255744K)->4360292K(4360704K)
[2759.807s][info][gc,metaspace   ] GC(588) Metaspace: 29090K(29376K)->29090K(29376K) NonClass: 25986K(26112K)->25986K(26112K) Class: 3103K(3264K)->3103K(3264K)
[2759.807s][info][gc             ] GC(588) Pause Young (Allocation Failure) 6699M->4405M(6823M) 97.504ms
[2759.808s][info][gc,cpu         ] GC(588) User=0.54s Sys=0.04s Real=0.10s
....[2764.186s][info][gc,start       ] GC(589) Pause Young (Allocation Failure)
[2764.283s][info][gc,heap        ] GC(589) PSYoungGen: 2611040K(2626048K)->147264K(2627072K) Eden: 2460160K(2460160K)->0K(2460160K) From: 150880K(165888K)->147264K(166912K)
[2764.283s][info][gc,heap        ] GC(589) ParOldGen: 4360292K(4360704K)->4465380K(4465664K)
[2764.283s][info][gc,metaspace   ] GC(589) Metaspace: 29090K(29376K)->29090K(29376K) NonClass: 25986K(26112K)->25986K(26112K) Class: 3103K(3264K)->3103K(3264K)
[2764.283s][info][gc             ] GC(589) Pause Young (Allocation Failure) 6807M->4504M(6926M) 96.509ms
[2764.283s][info][gc,cpu         ] GC(589) User=0.54s Sys=0.03s Real=0.09s
.....[2768.807s][info][gc,start       ] GC(590) Pause Young (Allocation Failure)
[2768.904s][info][gc,heap        ] GC(590) PSYoungGen: 2607424K(2627072K)->154752K(2627584K) Eden: 2460160K(2460160K)->0K(2462720K) From: 147264K(166912K)->154752K(164864K)
[2768.904s][info][gc,heap        ] GC(590) ParOldGen: 4465380K(4465664K)->4569380K(4569600K)
[2768.904s][info][gc,metaspace   ] GC(590) Metaspace: 29090K(29376K)->29090K(29376K) NonClass: 25986K(26112K)->25986K(26112K) Class: 3103K(3264K)->3103K(3264K)
[2768.905s][info][gc             ] GC(590) Pause Young (Allocation Failure) 6907M->4613M(7028M) 97.728ms
[2768.905s][info][gc,cpu         ] GC(590) User=0.55s Sys=0.04s Real=0.10s
....[2773.263s][info][gc,start       ] GC(591) Pause Young (Allocation Failure)
[2773.361s][info][gc,heap        ] GC(591) PSYoungGen: 2617472K(2627584K)->152224K(2628608K) Eden: 2462720K(2462720K)->0K(2462720K) From: 154752K(164864K)->152224K(165888K)
[2773.361s][info][gc,heap        ] GC(591) ParOldGen: 4569380K(4569600K)->4677292K(4677632K)
[2773.361s][info][gc,metaspace   ] GC(591) Metaspace: 29090K(29376K)->29090K(29376K) NonClass: 25986K(26112K)->25986K(26112K) Class: 3103K(3264K)->3103K(3264K)
[2773.361s][info][gc             ] GC(591) Pause Young (Allocation Failure) 7018M->4716M(7135M) 98.520ms
[2773.361s][info][gc,cpu         ] GC(591) User=0.55s Sys=0.03s Real=0.10s
.....[2777.744s][info][gc,start       ] GC(592) Pause Young (Allocation Failure)
[2777.842s][info][gc,heap        ] GC(592) PSYoungGen: 2614944K(2628608K)->150784K(2628096K) Eden: 2462720K(2462720K)->0K(2465280K) From: 152224K(165888K)->150784K(162816K)
[2777.842s][info][gc,heap        ] GC(592) ParOldGen: 4677292K(4677632K)->4782636K(4783104K)
[2777.842s][info][gc,metaspace   ] GC(592) Metaspace: 29090K(29376K)->29090K(29376K) NonClass: 25986K(26112K)->25986K(26112K) Class: 3103K(3264K)->3103K(3264K)
[2777.842s][info][gc             ] GC(592) Pause Young (Allocation Failure) 7121M->4817M(7237M) 97.437ms
[2777.842s][info][gc,cpu         ] GC(592) User=0.55s Sys=0.03s Real=0.09s
....[2782.262s][info][gc,start       ] GC(593) Pause Young (Allocation Failure)
[2782.359s][info][gc,heap        ] GC(593) PSYoungGen: 2616064K(2628096K)->150624K(2629120K) Eden: 2465280K(2465280K)->0K(2465280K) From: 150784K(162816K)->150624K(163840K)
[2782.359s][info][gc,heap        ] GC(593) ParOldGen: 4782636K(4783104K)->4887468K(4887552K)
[2782.359s][info][gc,metaspace   ] GC(593) Metaspace: 29090K(29376K)->29090K(29376K) NonClass: 25986K(26112K)->25986K(26112K) Class: 3103K(3264K)->3103K(3264K)
[2782.359s][info][gc             ] GC(593) Pause Young (Allocation Failure) 7225M->4920M(7340M) 97.146ms
[2782.359s][info][gc,cpu         ] GC(593) User=0.53s Sys=0.04s Real=0.10s
.....[2786.682s][info][gc,start       ] GC(594) Pause Young (Allocation Failure)
[2786.782s][info][gc,heap        ] GC(594) PSYoungGen: 2615904K(2629120K)->155669K(2631680K) Eden: 2465280K(2465280K)->0K(2468864K) From: 150624K(163840K)->155669K(162816K)
[2786.782s][info][gc,heap        ] GC(594) ParOldGen: 4887468K(4887552K)->4993644K(4994048K)
[2786.782s][info][gc,metaspace   ] GC(594) Metaspace: 29090K(29376K)->29090K(29376K) NonClass: 25986K(26112K)->25986K(26112K) Class: 3103K(3264K)->3103K(3264K)
[2786.782s][info][gc             ] GC(594) Pause Young (Allocation Failure) 7327M->5028M(7447M) 99.944ms
[2786.782s][info][gc,cpu         ] GC(594) User=0.56s Sys=0.03s Real=0.10s
. (rIR:aIR:PR = 3874:3875:3875) (tPR = 57662) [OK] 
  2787s: Performance info:
         Transaction,    Success,    Partial,     Failed,   Receipts, AvgBarcode, 
             Overall,     233093,          0,          0,     221438,      59.47, 
         Response times:
             Request,    Success,    Partial,     Failed,   SkipFail,     Probes,    Samples,      min,      p50,      p90,      p95,      p99,      max, 
       TotalPurchase,     221438,          0,          0,          0,     216979,     236375,      300,     2900,     4700,     5400,    18300,   141000,
     InStorePurchase,     116519,          0,          0,          0,     114663,     124712,      300,     2800,     4600,     5300,    18100,   141000,
      OnlinePurchase,      81612,          0,          0,          0,      79678,      86746,      300,     2800,     4600,     5400,    17400,   141000,
        InstPurchase,      23307,          0,          0,          0,      22638,      24917,      400,     3200,     4900,     5700,    21000,   124000,
          AssocOfCat,        234,          0,          0,          0,        173,        254,    16900,    25000,    32000,    36250,    52250,    57000,
      AssocOfProduct,       2327,          0,          0,          0,       2172,       2556,      500,     3700,     5000,     5900,    25860,   112000,
      BusinessReport,        579,          0,          0,          0,        500,        635,    19600,    30000,    36000,    39200,   136640,   146000,
          CustBuyBeh,       2331,          0,          0,          0,       2139,       2484,      100,     2700,     4750,     5300,    18200,    98000,
       ProductReturn,       6184,          0,          0,          0,       5876,       6640,      200,     1800,     4500,     5100,    18136,   108000,

  2787s: (29%)   IR =   4013 ...[2791.121s][info][gc,start       ] GC(595) Pause Young (Allocation Failure)
[2791.221s][info][gc,heap        ] GC(595) PSYoungGen: 2624533K(2631680K)->160269K(2629632K) Eden: 2468864K(2468864K)->0K(2468864K) From: 155669K(162816K)->160269K(160768K)
[2791.221s][info][gc,heap        ] GC(595) ParOldGen: 4993644K(4994048K)->5097292K(5097472K)
[2791.221s][info][gc,metaspace   ] GC(595) Metaspace: 29090K(29376K)->29090K(29376K) NonClass: 25986K(26112K)->25986K(26112K) Class: 3103K(3264K)->3103K(3264K)
[2791.221s][info][gc             ] GC(595) Pause Young (Allocation Failure) 7439M->5134M(7546M) 100.715ms
[2791.221s][info][gc,cpu         ] GC(595) User=0.56s Sys=0.03s Real=0.10s
.|....[2795.483s][info][gc,start       ] GC(596) Pause Young (Allocation Failure)
[2795.584s][info][gc,heap        ] GC(596) PSYoungGen: 2629133K(2629632K)->157545K(2630144K) Eden: 2468864K(2468864K)->0K(2465280K) From: 160269K(160768K)->157545K(164864K)
[2795.584s][info][gc,heap        ] GC(596) ParOldGen: 5097292K(5097472K)->5202924K(5202944K)
[2795.584s][info][gc,metaspace   ] GC(596) Metaspace: 29090K(29376K)->29090K(29376K) NonClass: 25986K(26112K)->25986K(26112K) Class: 3103K(3264K)->3103K(3264K)
[2795.584s][info][gc             ] GC(596) Pause Young (Allocation Failure) 7545M->5234M(7649M) 101.050ms
[2795.584s][info][gc,cpu         ] GC(596) User=0.57s Sys=0.02s Real=0.10s
....[2799.824s][info][gc,start       ] GC(597) Pause Young (Allocation Failure)
[2799.923s][info][gc,heap        ] GC(597) PSYoungGen: 2622825K(2630144K)->152256K(2617856K) Eden: 2465280K(2465280K)->0K(2465280K) From: 157545K(164864K)->152256K(152576K)
[2799.923s][info][gc,heap        ] GC(597) ParOldGen: 5202924K(5202944K)->5309300K(5309440K)
[2799.923s][info][gc,metaspace   ] GC(597) Metaspace: 29090K(29376K)->29090K(29376K) NonClass: 25986K(26112K)->25986K(26112K) Class: 3103K(3264K)->3103K(3264K)
[2799.923s][info][gc             ] GC(597) Pause Young (Allocation Failure) 7642M->5333M(7741M) 98.749ms
[2799.923s][info][gc,cpu         ] GC(597) User=0.55s Sys=0.04s Real=0.09s
....[2804.145s][info][gc,start       ] GC(598) Pause Young (Allocation Failure)
[2804.248s][info][gc,heap        ] GC(598) PSYoungGen: 2617536K(2617856K)->161141K(2627584K) Eden: 2465280K(2465280K)->0K(2463232K) From: 152256K(152576K)->161141K(164352K)
[2804.248s][info][gc,heap        ] GC(598) ParOldGen: 5309300K(5309440K)->5413364K(5413376K)
[2804.248s][info][gc,metaspace   ] GC(598) Metaspace: 29090K(29376K)->29090K(29376K) NonClass: 25986K(26112K)->25986K(26112K) Class: 3103K(3264K)->3103K(3264K)
[2804.248s][info][gc             ] GC(598) Pause Young (Allocation Failure) 7741M->5443M(7852M) 102.998ms
[2804.248s][info][gc,cpu         ] GC(598) User=0.58s Sys=0.03s Real=0.10s
.....[2808.531s][info][gc,start       ] GC(599) Pause Young (Allocation Failure)
[2808.634s][info][gc,heap        ] GC(599) PSYoungGen: 2624373K(2627584K)->158388K(2629632K) Eden: 2463232K(2463232K)->0K(2463232K) From: 161141K(164352K)->158388K(166400K)
[2808.634s][info][gc,heap        ] GC(599) ParOldGen: 5413364K(5413376K)->5518532K(5518848K)
[2808.634s][info][gc,metaspace   ] GC(599) Metaspace: 29090K(29376K)->29090K(29376K) NonClass: 25986K(26112K)->25986K(26112K) Class: 3103K(3264K)->3103K(3264K)
[2808.634s][info][gc             ] GC(599) Pause Young (Allocation Failure) 7849M->5543M(7957M) 102.567ms
[2808.634s][info][gc,cpu         ] GC(599) User=0.57s Sys=0.04s Real=0.11s
....[2812.803s][info][gc,start       ] GC(600) Pause Full (Allocation Failure)
[2812.803s][info][gc,phases,start] GC(600) Marking Phase
[2813.119s][info][gc,phases      ] GC(600) Marking Phase 315.929ms
[2813.119s][info][gc,phases,start] GC(600) Summary Phase
[2813.119s][info][gc,phases      ] GC(600) Summary Phase 0.098ms
[2813.119s][info][gc,phases,start] GC(600) Forward
[2813.243s][info][gc,phases      ] GC(600) Forward 123.509ms
[2813.243s][info][gc,phases,start] GC(600) Adjust Pointers
[2813.451s][info][gc,phases      ] GC(600) Adjust Pointers 208.143ms
[2813.451s][info][gc,phases,start] GC(600) Compaction Phase
[2813.596s][info][gc,phases      ] GC(600) Compaction Phase 145.291ms
[2813.598s][info][gc,phases,start] GC(600) Post Compact
[2813.605s][info][gc,phases      ] GC(600) Post Compact 6.960ms
[2813.734s][info][gc,heap        ] GC(600) PSYoungGen: 2621620K(2629632K)->0K(2629632K) Eden: 2463232K(2463232K)->0K(2463232K) From: 158388K(166400K)->0K(166400K)
[2813.734s][info][gc,heap        ] GC(600) ParOldGen: 5518532K(5518848K)->1595278K(1841152K)
[2813.734s][info][gc,metaspace   ] GC(600) Metaspace: 29091K(29376K)->29091K(29376K) NonClass: 25987K(26112K)->25987K(26112K) Class: 3103K(3264K)->3103K(3264K)
[2813.734s][info][gc             ] GC(600) Pause Full (Allocation Failure) 7949M->1557M(4366M) 930.929ms
[2813.734s][info][gc,cpu         ] GC(600) User=4.32s Sys=0.12s Real=0.94s
....[2817.128s][info][gc,start       ] GC(601) Pause Young (Allocation Failure)
[2817.189s][info][gc,heap        ] GC(601) PSYoungGen: 2463232K(2629632K)->152992K(2616320K) Eden: 2463232K(2463232K)->0K(2463232K) From: 0K(166400K)->152992K(153088K)
[2817.189s][info][gc,heap        ] GC(601) ParOldGen: 1595278K(1841152K)->1595278K(1841152K)
[2817.189s][info][gc,metaspace   ] GC(601) Metaspace: 29091K(29376K)->29091K(29376K) NonClass: 25987K(26112K)->25987K(26112K) Class: 3103K(3264K)->3103K(3264K)
[2817.189s][info][gc             ] GC(601) Pause Young (Allocation Failure) 3963M->1707M(4353M) 61.174ms
[2817.189s][info][gc,cpu         ] GC(601) User=0.36s Sys=0.01s Real=0.06s
....[2821.447s][info][gc,start       ] GC(602) Pause Young (Allocation Failure)
[2821.536s][info][gc,heap        ] GC(602) PSYoungGen: 2616224K(2616320K)->149280K(2629632K) Eden: 2463232K(2463232K)->0K(2463744K) From: 152992K(153088K)->149280K(165888K)
[2821.536s][info][gc,heap        ] GC(602) ParOldGen: 1595278K(1841152K)->1699766K(1841152K)
[2821.536s][info][gc,metaspace   ] GC(602) Metaspace: 29091K(29376K)->29091K(29376K) NonClass: 25987K(26112K)->25987K(26112K) Class: 3103K(3264K)->3103K(3264K)
[2821.536s][info][gc             ] GC(602) Pause Young (Allocation Failure) 4112M->1805M(4366M) 88.851ms
[2821.536s][info][gc,cpu         ] GC(602) User=0.53s Sys=0.00s Real=0.09s
.....[2825.836s][info][gc,start       ] GC(603) Pause Young (Allocation Failure)
[2825.928s][info][gc,heap        ] GC(603) PSYoungGen: 2613024K(2629632K)->154272K(2629120K) Eden: 2463744K(2463744K)->0K(2463744K) From: 149280K(165888K)->154272K(165376K)
[2825.928s][info][gc,heap        ] GC(603) ParOldGen: 1699766K(1841152K)->1804614K(1841152K)
[2825.928s][info][gc,metaspace   ] GC(603) Metaspace: 29091K(29376K)->29091K(29376K) NonClass: 25987K(26112K)->25987K(26112K) Class: 3103K(3264K)->3103K(3264K)
[2825.928s][info][gc             ] GC(603) Pause Young (Allocation Failure) 4211M->1912M(4365M) 91.370ms
[2825.928s][info][gc,cpu         ] GC(603) User=0.54s Sys=0.00s Real=0.09s
....[2830.175s][info][gc,start       ] GC(604) Pause Young (Allocation Failure)
[2830.270s][info][gc,heap        ] GC(604) PSYoungGen: 2618016K(2629120K)->149216K(2629120K) Eden: 2463744K(2463744K)->0K(2464768K) From: 154272K(165376K)->149216K(164352K)
[2830.270s][info][gc,heap        ] GC(604) ParOldGen: 1804614K(1841152K)->1911262K(1911296K)
[2830.270s][info][gc,metaspace   ] GC(604) Metaspace: 29091K(29376K)->29091K(29376K) NonClass: 25987K(26112K)->25987K(26112K) Class: 3103K(3264K)->3103K(3264K)
[2830.270s][info][gc             ] GC(604) Pause Young (Allocation Failure) 4318M->2012M(4434M) 94.803ms
[2830.270s][info][gc,cpu         ] GC(604) User=0.54s Sys=0.02s Real=0.09s
....[2834.453s][info][gc,start       ] GC(605) Pause Young (Allocation Failure)
[2834.548s][info][gc,heap        ] GC(605) PSYoungGen: 2613984K(2629120K)->147296K(2629120K) Eden: 2464768K(2464768K)->0K(2464768K) From: 149216K(164352K)->147296K(164352K)
[2834.548s][info][gc,heap        ] GC(605) ParOldGen: 1911262K(1911296K)->2016678K(2016768K)
[2834.548s][info][gc,metaspace   ] GC(605) Metaspace: 29091K(29376K)->29091K(29376K) NonClass: 25987K(26112K)->25987K(26112K) Class: 3103K(3264K)->3103K(3264K)
[2834.548s][info][gc             ] GC(605) Pause Young (Allocation Failure) 4419M->2113M(4537M) 94.495ms
[2834.548s][info][gc,cpu         ] GC(605) User=0.52s Sys=0.04s Real=0.09s
.....[2838.791s][info][gc,start       ] GC(606) Pause Young (Allocation Failure)
[2838.889s][info][gc,heap        ] GC(606) PSYoungGen: 2612064K(2629120K)->160480K(2628608K) Eden: 2464768K(2464768K)->0K(2464256K) From: 147296K(164352K)->160480K(164352K)
[2838.889s][info][gc,heap        ] GC(606) ParOldGen: 2016678K(2016768K)->2119446K(2119680K)
[2838.889s][info][gc,metaspace   ] GC(606) Metaspace: 29091K(29376K)->29091K(29376K) NonClass: 25987K(26112K)->25987K(26112K) Class: 3103K(3264K)->3103K(3264K)
[2838.890s][info][gc             ] GC(606) Pause Young (Allocation Failure) 4520M->2226M(4637M) 98.889ms
[2838.890s][info][gc,cpu         ] GC(606) User=0.55s Sys=0.04s Real=0.10s
....[2843.147s][info][gc,start       ] GC(607) Pause Young (Allocation Failure)
[2843.243s][info][gc,heap        ] GC(607) PSYoungGen: 2624736K(2628608K)->153792K(2630144K) Eden: 2464256K(2464256K)->0K(2464256K) From: 160480K(164352K)->153792K(165888K)
[2843.243s][info][gc,heap        ] GC(607) ParOldGen: 2119446K(2119680K)->2225190K(2225664K)
[2843.243s][info][gc,metaspace   ] GC(607) Metaspace: 29091K(29376K)->29091K(29376K) NonClass: 25987K(26112K)->25987K(26112K) Class: 3103K(3264K)->3103K(3264K)
[2843.244s][info][gc             ] GC(607) Pause Young (Allocation Failure) 4632M->2323M(4742M) 96.105ms
[2843.244s][info][gc,cpu         ] GC(607) User=0.53s Sys=0.03s Real=0.10s
....[2847.445s][info][gc,start       ] GC(608) Pause Young (Allocation Failure)
[2847.541s][info][gc,heap        ] GC(608) PSYoungGen: 2618048K(2630144K)->148768K(2628608K) Eden: 2464256K(2464256K)->0K(2465280K) From: 153792K(165888K)->148768K(163328K)
[2847.541s][info][gc,heap        ] GC(608) ParOldGen: 2225190K(2225664K)->2331358K(2331648K)
[2847.541s][info][gc,metaspace   ] GC(608) Metaspace: 29091K(29376K)->29091K(29376K) NonClass: 25987K(26112K)->25987K(26112K) Class: 3103K(3264K)->3103K(3264K)
[2847.541s][info][gc             ] GC(608) Pause Young (Allocation Failure) 4729M->2421M(4844M) 96.047ms
[2847.541s][info][gc,cpu         ] GC(608) User=0.54s Sys=0.03s Real=0.09s
..... (rIR:aIR:PR = 4013:4013:4013) (tPR = 59448) [OK] 
  2851s: [2851.803s][info][gc,start       ] GC(609) Pause Young (Allocation Failure)
[2851.899s][info][gc,heap        ] GC(609) PSYoungGen: 2614048K(2628608K)->155040K(2629632K) Eden: 2465280K(2465280K)->0K(2465280K) From: 148768K(163328K)->155040K(164352K)
[2851.899s][info][gc,heap        ] GC(609) ParOldGen: 2331361K(2331648K)->2435849K(2436096K)
[2851.899s][info][gc,metaspace   ] GC(609) Metaspace: 29091K(29376K)->29091K(29376K) NonClass: 25987K(26112K)->25987K(26112K) Class: 3103K(3264K)->3103K(3264K)
[2851.899s][info][gc             ] GC(609) Pause Young (Allocation Failure) 4829M->2530M(4947M) 96.431ms
[2851.899s][info][gc,cpu         ] GC(609) User=0.55s Sys=0.02s Real=0.10s
Performance info:
         Transaction,    Success,    Partial,     Failed,   Receipts, AvgBarcode, 
             Overall,     242041,          0,          0,     229945,      59.47, 
         Response times:
             Request,    Success,    Partial,     Failed,   SkipFail,     Probes,    Samples,      min,      p50,      p90,      p95,      p99,      max, 
       TotalPurchase,     229945,          0,          0,          0,     221791,     241254,      300,     3000,     5100,     6700,   108000,  1100000,
     InStorePurchase,     120986,          0,          0,          0,     117132,     127112,      300,     3000,     5000,     6700,   108000,  1000000,
      OnlinePurchase,      84755,          0,          0,          0,      81575,      88698,      300,     2900,     5000,     6700,   109000,  1100000,
        InstPurchase,      24204,          0,          0,          0,      23084,      25444,      400,     3500,     5300,     7300,    76000,   940000,
          AssocOfCat,        238,          0,          0,          0,        169,        217,    17500,    26000,    35200,    44000,    50640,    54000,
      AssocOfProduct,       2425,          0,          0,          0,       2219,       2566,      400,     3700,     5700,     8260,    78000,   990000,
      BusinessReport,        603,          0,          0,          0,        486,        587,    20000,    30000,    41200,    52000,   134120,   147000,
          CustBuyBeh,       2416,          0,          0,          0,       2198,       2509,      200,     2100,     4200,     5700,    77000,   940000,
       ProductReturn,       6414,          0,          0,          0,       5998,       6680,      200,     2200,     5290,     7000,    75000,   940000,

  2851s: (30%)   IR =   4151 ....[2855.975s][info][gc,start       ] GC(610) Pause Young (Allocation Failure)
[2856.078s][info][gc,heap        ] GC(610) PSYoungGen: 2620320K(2629632K)->163866K(2626560K) Eden: 2465280K(2465280K)->0K(2462208K) From: 155040K(164352K)->163866K(164352K)
[2856.078s][info][gc,heap        ] GC(610) ParOldGen: 2435849K(2436096K)->2541657K(2542080K)
[2856.078s][info][gc,metaspace   ] GC(610) Metaspace: 29091K(29376K)->29091K(29376K) NonClass: 25987K(26112K)->25987K(26112K) Class: 3103K(3264K)->3103K(3264K)
[2856.078s][info][gc             ] GC(610) Pause Young (Allocation Failure) 4937M->2642M(5047M) 102.603ms
[2856.078s][info][gc,cpu         ] GC(610) User=0.56s Sys=0.04s Real=0.10s
.|...[2860.218s][info][gc,start       ] GC(611) Pause Young (Allocation Failure)
[2860.313s][info][gc,heap        ] GC(611) PSYoungGen: 2626074K(2626560K)->149696K(2629120K) Eden: 2462208K(2462208K)->0K(2462208K) From: 163866K(164352K)->149696K(166912K)
[2860.313s][info][gc,heap        ] GC(611) ParOldGen: 2541657K(2542080K)->2644713K(2644992K)
[2860.313s][info][gc,metaspace   ] GC(611) Metaspace: 29091K(29376K)->29091K(29376K) NonClass: 25987K(26112K)->25987K(26112K) Class: 3103K(3264K)->3103K(3264K)
[2860.313s][info][gc             ] GC(611) Pause Young (Allocation Failure) 5046M->2728M(5150M) 94.313ms
[2860.313s][info][gc,cpu         ] GC(611) User=0.52s Sys=0.04s Real=0.09s
....[2864.453s][info][gc,start       ] GC(612) Pause Young (Allocation Failure)
[2864.548s][info][gc,heap        ] GC(612) PSYoungGen: 2611904K(2629120K)->150816K(2627584K) Eden: 2462208K(2462208K)->0K(2462720K) From: 149696K(166912K)->150816K(164864K)
[2864.548s][info][gc,heap        ] GC(612) ParOldGen: 2644713K(2644992K)->2751001K(2751488K)
[2864.548s][info][gc,metaspace   ] GC(612) Metaspace: 29091K(29376K)->29091K(29376K) NonClass: 25987K(26112K)->25987K(26112K) Class: 3103K(3264K)->3103K(3264K)
[2864.548s][info][gc             ] GC(612) Pause Young (Allocation Failure) 5133M->2833M(5253M) 95.521ms
[2864.548s][info][gc,cpu         ] GC(612) User=0.53s Sys=0.03s Real=0.10s
....[2868.552s][info][gc,start       ] GC(613) Pause Young (Allocation Failure)
[2868.650s][info][gc,heap        ] GC(613) PSYoungGen: 2613536K(2627584K)->154660K(2628608K) Eden: 2462720K(2462720K)->0K(2462720K) From: 150816K(164864K)->154660K(165888K)
[2868.650s][info][gc,heap        ] GC(613) ParOldGen: 2751001K(2751488K)->2856921K(2856960K)
[2868.650s][info][gc,metaspace   ] GC(613) Metaspace: 29091K(29376K)->29091K(29376K) NonClass: 25987K(26112K)->25987K(26112K) Class: 3103K(3264K)->3103K(3264K)
[2868.650s][info][gc             ] GC(613) Pause Young (Allocation Failure) 5238M->2940M(5357M) 98.140ms
[2868.651s][info][gc,cpu         ] GC(613) User=0.55s Sys=0.03s Real=0.10s
....[2872.770s][info][gc,start       ] GC(614) Pause Young (Allocation Failure)
[2872.868s][info][gc,heap        ] GC(614) PSYoungGen: 2617380K(2628608K)->159781K(2628096K) Eden: 2462720K(2462720K)->0K(2463232K) From: 154660K(165888K)->159781K(164864K)
[2872.868s][info][gc,heap        ] GC(614) ParOldGen: 2856921K(2856960K)->2960369K(2960384K)
[2872.868s][info][gc,metaspace   ] GC(614) Metaspace: 29091K(29376K)->29091K(29376K) NonClass: 25987K(26112K)->25987K(26112K) Class: 3103K(3264K)->3103K(3264K)
[2872.868s][info][gc             ] GC(614) Pause Young (Allocation Failure) 5345M->3047M(5457M) 98.415ms
[2872.868s][info][gc,cpu         ] GC(614) User=0.54s Sys=0.04s Real=0.10s
.....[2876.965s][info][gc,start       ] GC(615) Pause Young (Allocation Failure)
[2877.063s][info][gc,heap        ] GC(615) PSYoungGen: 2623013K(2628096K)->158564K(2629632K) Eden: 2463232K(2463232K)->0K(2463232K) From: 159781K(164864K)->158564K(166400K)
[2877.063s][info][gc,heap        ] GC(615) ParOldGen: 2960369K(2960384K)->3066345K(3066368K)
[2877.063s][info][gc,metaspace   ] GC(615) Metaspace: 29091K(29376K)->29091K(29376K) NonClass: 25987K(26112K)->25987K(26112K) Class: 3103K(3264K)->3103K(3264K)
[2877.063s][info][gc             ] GC(615) Pause Young (Allocation Failure) 5452M->3149M(5562M) 98.115ms
[2877.063s][info][gc,cpu         ] GC(615) User=0.55s Sys=0.03s Real=0.09s
....[2881.143s][info][gc,start       ] GC(616) Pause Young (Allocation Failure)
[2881.240s][info][gc,heap        ] GC(616) PSYoungGen: 2621796K(2629632K)->153504K(2627584K) Eden: 2463232K(2463232K)->0K(2463232K) From: 158564K(166400K)->153504K(164352K)
[2881.240s][info][gc,heap        ] GC(616) ParOldGen: 3066345K(3066368K)->3171569K(3171840K)
[2881.240s][info][gc,metaspace   ] GC(616) Metaspace: 29091K(29376K)->29091K(29376K) NonClass: 25987K(26112K)->25987K(26112K) Class: 3103K(3264K)->3103K(3264K)
[2881.240s][info][gc             ] GC(616) Pause Young (Allocation Failure) 5554M->3247M(5663M) 96.815ms
[2881.240s][info][gc,cpu         ] GC(616) User=0.54s Sys=0.04s Real=0.09s
....[2885.302s][info][gc,start       ] GC(617) Pause Young (Allocation Failure)
[2885.399s][info][gc,heap        ] GC(617) PSYoungGen: 2616736K(2627584K)->150836K(2628608K) Eden: 2463232K(2463232K)->0K(2463232K) From: 153504K(164352K)->150836K(165376K)
[2885.399s][info][gc,heap        ] GC(617) ParOldGen: 3171569K(3171840K)->3276089K(3276288K)
[2885.399s][info][gc,metaspace   ] GC(617) Metaspace: 29091K(29376K)->29091K(29376K) NonClass: 25987K(26112K)->25987K(26112K) Class: 3103K(3264K)->3103K(3264K)
[2885.399s][info][gc             ] GC(617) Pause Young (Allocation Failure) 5652M->3346M(5766M) 96.717ms
[2885.399s][info][gc,cpu         ] GC(617) User=0.54s Sys=0.03s Real=0.10s
....[2889.599s][info][gc,start       ] GC(618) Pause Young (Allocation Failure)
[2889.694s][info][gc,heap        ] GC(618) PSYoungGen: 2614068K(2628608K)->153248K(2628608K) Eden: 2463232K(2463232K)->0K(2465280K) From: 150836K(165376K)->153248K(163328K)
[2889.694s][info][gc,heap        ] GC(618) ParOldGen: 3276089K(3276288K)->3378697K(3379200K)
[2889.694s][info][gc,metaspace   ] GC(618) Metaspace: 29091K(29376K)->29091K(29376K) NonClass: 25987K(26112K)->25987K(26112K) Class: 3103K(3264K)->3103K(3264K)
[2889.694s][info][gc             ] GC(618) Pause Young (Allocation Failure) 5752M->3449M(5867M) 95.750ms
[2889.695s][info][gc,cpu         ] GC(618) User=0.54s Sys=0.03s Real=0.10s
....[2893.704s][info][gc,start       ] GC(619) Pause Young (Allocation Failure)
[2893.803s][info][gc,heap        ] GC(619) PSYoungGen: 2618528K(2628608K)->150528K(2629632K) Eden: 2465280K(2465280K)->0K(2465280K) From: 153248K(163328K)->150528K(164352K)
[2893.803s][info][gc,heap        ] GC(619) ParOldGen: 3378697K(3379200K)->3486641K(3486720K)
[2893.803s][info][gc,metaspace   ] GC(619) Metaspace: 29091K(29376K)->29091K(29376K) NonClass: 25987K(26112K)->25987K(26112K) Class: 3103K(3264K)->3103K(3264K)
[2893.803s][info][gc             ] GC(619) Pause Young (Allocation Failure) 5856M->3551M(5973M) 98.580ms
[2893.803s][info][gc,cpu         ] GC(619) User=0.54s Sys=0.04s Real=0.09s
....[2897.864s][info][gc,start       ] GC(620) Pause Young (Allocation Failure)
[2897.960s][info][gc,heap        ] GC(620) PSYoungGen: 2615808K(2629632K)->151168K(2630144K) Eden: 2465280K(2465280K)->0K(2467840K) From: 150528K(164352K)->151168K(162304K)
[2897.960s][info][gc,heap        ] GC(620) ParOldGen: 3486641K(3486720K)->3590785K(3591168K)
[2897.960s][info][gc,metaspace   ] GC(620) Metaspace: 29091K(29376K)->29091K(29376K) NonClass: 25987K(26112K)->25987K(26112K) Class: 3103K(3264K)->3103K(3264K)
[2897.960s][info][gc             ] GC(620) Pause Young (Allocation Failure) 5959M->3654M(6075M) 95.540ms
[2897.960s][info][gc,cpu         ] GC(620) User=0.53s Sys=0.04s Real=0.09s
.....[2902.104s][info][gc,start       ] GC(621) Pause Young (Allocation Failure)
[2902.204s][info][gc,heap        ] GC(621) PSYoungGen: 2619008K(2630144K)->160916K(2629120K) Eden: 2467840K(2467840K)->0K(2467840K) From: 151168K(162304K)->160916K(161280K)
[2902.204s][info][gc,heap        ] GC(621) ParOldGen: 3590785K(3591168K)->3695321K(3695616K)
[2902.204s][info][gc,metaspace   ] GC(621) Metaspace: 29091K(29376K)->29091K(29376K) NonClass: 25987K(26112K)->25987K(26112K) Class: 3103K(3264K)->3103K(3264K)
[2902.204s][info][gc             ] GC(621) Pause Young (Allocation Failure) 6064M->3765M(6176M) 100.276ms
[2902.204s][info][gc,cpu         ] GC(621) User=0.56s Sys=0.03s Real=0.10s
....[2906.306s][info][gc,start       ] GC(622) Pause Young (Allocation Failure)
[2906.402s][info][gc,heap        ] GC(622) PSYoungGen: 2628756K(2629120K)->150308K(2631168K) Eden: 2467840K(2467840K)->0K(2465792K) From: 160916K(161280K)->150308K(165376K)
[2906.402s][info][gc,heap        ] GC(622) ParOldGen: 3695321K(3695616K)->3801209K(3801600K)
[2906.402s][info][gc,metaspace   ] GC(622) Metaspace: 29091K(29376K)->29091K(29376K) NonClass: 25987K(26112K)->25987K(26112K) Class: 3103K(3264K)->3103K(3264K)
[2906.402s][info][gc             ] GC(622) Pause Young (Allocation Failure) 6175M->3858M(6282M) 96.043ms
[2906.402s][info][gc,cpu         ] GC(622) User=0.54s Sys=0.03s Real=0.09s
....[2910.520s][info][gc,start       ] GC(623) Pause Young (Allocation Failure)
[2910.618s][info][gc,heap        ] GC(623) PSYoungGen: 2616100K(2631168K)->153492K(2619392K) Eden: 2465792K(2465792K)->0K(2465792K) From: 150308K(165376K)->153492K(153600K)
[2910.618s][info][gc,heap        ] GC(623) ParOldGen: 3801209K(3801600K)->3906449K(3906560K)
[2910.618s][info][gc,metaspace   ] GC(623) Metaspace: 29091K(29376K)->29091K(29376K) NonClass: 25987K(26112K)->25987K(26112K) Class: 3103K(3264K)->3103K(3264K)
[2910.618s][info][gc             ] GC(623) Pause Young (Allocation Failure) 6266M->3964M(6373M) 97.740ms
[2910.618s][info][gc,cpu         ] GC(623) User=0.55s Sys=0.02s Real=0.10s
....[2914.678s][info][gc,start       ] GC(624) Pause Young (Allocation Failure)
[2914.774s][info][gc,heap        ] GC(624) PSYoungGen: 2619284K(2619392K)->149664K(2630144K) Eden: 2465792K(2465792K)->0K(2466304K) From: 153492K(153600K)->149664K(163840K)
[2914.774s][info][gc,heap        ] GC(624) ParOldGen: 3906449K(3906560K)->4011953K(4012032K)
[2914.774s][info][gc,metaspace   ] GC(624) Metaspace: 29091K(29376K)->29091K(29376K) NonClass: 25987K(26112K)->25987K(26112K) Class: 3103K(3264K)->3103K(3264K)
[2914.774s][info][gc             ] GC(624) Pause Young (Allocation Failure) 6372M->4064M(6486M) 95.467ms
[2914.774s][info][gc,cpu         ] GC(624) User=0.53s Sys=0.03s Real=0.10s
... (rIR:aIR:PR = 4151:4153:4153) (tPR = 61931) [OK] 
  2916s: Performance info:
         Transaction,    Success,    Partial,     Failed,   Receipts, AvgBarcode, 
             Overall,     249414,          0,          0,     236939,      59.47, 
         Response times:
             Request,    Success,    Partial,     Failed,   SkipFail,     Probes,    Samples,      min,      p50,      p90,      p95,      p99,      max, 
       TotalPurchase,     236939,          0,          0,          0,     232837,     253101,      300,     3100,     5000,     5900,    21000,   137000,
     InStorePurchase,     124743,          0,          0,          0,     122959,     133415,      300,     3000,     5000,     5800,    21000,   129000,
      OnlinePurchase,      87268,          0,          0,          0,      85748,      93083,      300,     3200,     5100,     5900,    21000,   137000,
        InstPurchase,      24928,          0,          0,          0,      24130,      26603,      400,     3300,     5100,     5900,    21000,   110000,
          AssocOfCat,        248,          0,          0,          0,        195,        273,    18500,    27000,    34000,    47000,   131860,   152000,
      AssocOfProduct,       2493,          0,          0,          0,       2298,       2632,      500,     2200,     4300,     5000,    17269,   103000,
      BusinessReport,        625,          0,          0,          0,        529,        683,    21000,    30000,    38000,    43800,   131000,   145000,
          CustBuyBeh,       2507,          0,          0,          0,       2262,       2628,      500,     4000,     5600,     6700,    25000,   105000,
       ProductReturn,       6603,          0,          0,          0,       6282,       7084,      200,     2700,     4600,     5400,    19400,   105000,

  2916s: (31%)   IR =   4289 .[2918.817s][info][gc,start       ] GC(625) Pause Young (Allocation Failure)
[2918.915s][info][gc,heap        ] GC(625) PSYoungGen: 2615968K(2630144K)->153088K(2629632K) Eden: 2466304K(2466304K)->0K(2466304K) From: 149664K(163840K)->153088K(163328K)
[2918.915s][info][gc,heap        ] GC(625) ParOldGen: 4011953K(4012032K)->4115969K(4116480K)
[2918.915s][info][gc,metaspace   ] GC(625) Metaspace: 29091K(29376K)->29091K(29376K) NonClass: 25987K(26112K)->25987K(26112K) Class: 3103K(3264K)->3103K(3264K)
[2918.915s][info][gc             ] GC(625) Pause Young (Allocation Failure) 6472M->4169M(6588M) 97.475ms
[2918.915s][info][gc,cpu         ] GC(625) User=0.54s Sys=0.04s Real=0.10s
....[2922.259s][info][gc,start       ] GC(626) Pause Full (Diagnostic Command)
[2922.259s][info][gc,phases,start] GC(626) Marking Phase
[2922.570s][info][gc,phases      ] GC(626) Marking Phase 311.271ms
[2922.570s][info][gc,phases,start] GC(626) Summary Phase
[2922.570s][info][gc,phases      ] GC(626) Summary Phase 0.083ms
[2922.570s][info][gc,phases,start] GC(626) Forward
[2922.744s][info][gc,phases      ] GC(626) Forward 173.275ms
[2922.744s][info][gc,phases,start] GC(626) Adjust Pointers
[2922.964s][info][gc,phases      ] GC(626) Adjust Pointers 220.333ms
[2922.964s][info][gc,phases,start] GC(626) Compaction Phase
[2923.154s][info][gc,phases      ] GC(626) Compaction Phase 190.348ms
[2923.156s][info][gc,phases,start] GC(626) Post Compact
[2923.162s][info][gc,phases      ] GC(626) Post Compact 5.481ms
[2923.162s][info][gc,heap        ] GC(626) PSYoungGen: 2284189K(2629632K)->0K(2629632K) Eden: 2131101K(2466304K)->0K(2466304K) From: 153088K(163328K)->0K(163328K)
[2923.162s][info][gc,heap        ] GC(626) ParOldGen: 4115969K(4116480K)->1317121K(4116480K)
[2923.162s][info][gc,metaspace   ] GC(626) Metaspace: 29091K(29376K)->29091K(29376K) NonClass: 25987K(26112K)->25987K(26112K) Class: 3103K(3264K)->3103K(3264K)
[2923.162s][info][gc             ] GC(626) Pause Full (Diagnostic Command) 6250M->1286M(6588M) 903.075ms
[2923.162s][info][gc,cpu         ] GC(626) User=4.78s Sys=0.00s Real=0.90s
...[2926.258s][info][gc,start       ] GC(627) Pause Young (Allocation Failure)
[2926.320s][info][gc,heap        ] GC(627) PSYoungGen: 2466304K(2629632K)->149519K(2632192K) Eden: 2466304K(2466304K)->0K(2469376K) From: 0K(163328K)->149519K(162816K)
[2926.320s][info][gc,heap        ] GC(627) ParOldGen: 1317121K(4116480K)->1317121K(4116480K)
[2926.320s][info][gc,metaspace   ] GC(627) Metaspace: 29091K(29376K)->29091K(29376K) NonClass: 25987K(26112K)->25987K(26112K) Class: 3103K(3264K)->3103K(3264K)
[2926.320s][info][gc             ] GC(627) Pause Young (Allocation Failure) 3694M->1432M(6590M) 61.697ms
[2926.320s][info][gc,cpu         ] GC(627) User=0.36s Sys=0.00s Real=0.06s
.|....[2930.355s][info][gc,start       ] GC(628) Pause Young (Allocation Failure)
[2930.447s][info][gc,heap        ] GC(628) PSYoungGen: 2618895K(2632192K)->155072K(2631680K) Eden: 2469376K(2469376K)->0K(2469376K) From: 149519K(162816K)->155072K(162304K)
[2930.447s][info][gc,heap        ] GC(628) ParOldGen: 1317121K(4116480K)->1421569K(4116480K)
[2930.447s][info][gc,metaspace   ] GC(628) Metaspace: 29091K(29376K)->29091K(29376K) NonClass: 25987K(26112K)->25987K(26112K) Class: 3103K(3264K)->3103K(3264K)
[2930.447s][info][gc             ] GC(628) Pause Young (Allocation Failure) 3843M->1539M(6590M) 91.993ms
[2930.447s][info][gc,cpu         ] GC(628) User=0.54s Sys=0.00s Real=0.09s
....[2934.351s][info][gc,start       ] GC(629) Pause Young (Allocation Failure)
[2934.440s][info][gc,heap        ] GC(629) PSYoungGen: 2624448K(2631680K)->148672K(2633216K) Eden: 2469376K(2469376K)->0K(2470912K) From: 155072K(162304K)->148672K(162304K)
[2934.441s][info][gc,heap        ] GC(629) ParOldGen: 1421569K(4116480K)->1526673K(4116480K)
[2934.441s][info][gc,metaspace   ] GC(629) Metaspace: 29091K(29376K)->29091K(29376K) NonClass: 25987K(26112K)->25987K(26112K) Class: 3103K(3264K)->3103K(3264K)
[2934.441s][info][gc             ] GC(629) Pause Young (Allocation Failure) 3951M->1636M(6591M) 89.771ms
[2934.441s][info][gc,cpu         ] GC(629) User=0.53s Sys=0.00s Real=0.09s
....[2938.498s][info][gc,start       ] GC(630) Pause Young (Allocation Failure)
[2938.591s][info][gc,heap        ] GC(630) PSYoungGen: 2619584K(2633216K)->152288K(2623488K) Eden: 2470912K(2470912K)->0K(2470912K) From: 148672K(162304K)->152288K(152576K)
[2938.591s][info][gc,heap        ] GC(630) ParOldGen: 1526673K(4116480K)->1630729K(4116480K)
[2938.591s][info][gc,metaspace   ] GC(630) Metaspace: 29091K(29376K)->29091K(29376K) NonClass: 25987K(26112K)->25987K(26112K) Class: 3103K(3264K)->3103K(3264K)
[2938.591s][info][gc             ] GC(630) Pause Young (Allocation Failure) 4049M->1741M(6582M) 92.455ms
[2938.591s][info][gc,cpu         ] GC(630) User=0.55s Sys=0.00s Real=0.09s
....[2942.629s][info][gc,start       ] GC(631) Pause Young (Allocation Failure)
[2942.727s][info][gc,heap        ] GC(631) PSYoungGen: 2623200K(2623488K)->161253K(2549760K) Eden: 2470912K(2470912K)->0K(2388480K) From: 152288K(152576K)->161253K(161280K)
[2942.727s][info][gc,heap        ] GC(631) ParOldGen: 1630729K(4116480K)->1739161K(4116480K)
[2942.727s][info][gc,metaspace   ] GC(631) Metaspace: 29091K(29376K)->29091K(29376K) NonClass: 25987K(26112K)->25987K(26112K) Class: 3103K(3264K)->3103K(3264K)
[2942.727s][info][gc             ] GC(631) Pause Young (Allocation Failure) 4154M->1855M(6510M) 97.629ms
[2942.727s][info][gc,cpu         ] GC(631) User=0.58s Sys=0.00s Real=0.10s
....[2946.435s][info][gc,start       ] GC(632) Pause Young (Allocation Failure)
[2946.525s][info][gc,heap        ] GC(632) PSYoungGen: 2549733K(2549760K)->146290K(2592256K) Eden: 2388480K(2388480K)->0K(2388480K) From: 161253K(161280K)->146290K(203776K)
[2946.525s][info][gc,heap        ] GC(632) ParOldGen: 1739161K(4116480K)->1844553K(4116480K)
[2946.525s][info][gc,metaspace   ] GC(632) Metaspace: 29091K(29376K)->29091K(29376K) NonClass: 25987K(26112K)->25987K(26112K) Class: 3103K(3264K)->3103K(3264K)
[2946.525s][info][gc             ] GC(632) Pause Young (Allocation Failure) 4188M->1944M(6551M) 90.350ms
[2946.525s][info][gc,cpu         ] GC(632) User=0.53s Sys=0.00s Real=0.09s
....[2950.404s][info][gc,start       ] GC(633) Pause Young (Allocation Failure)
[2950.493s][info][gc,heap        ] GC(633) PSYoungGen: 2534770K(2592256K)->146879K(2589184K) Eden: 2388480K(2388480K)->0K(2389504K) From: 146290K(203776K)->146879K(199680K)
[2950.493s][info][gc,heap        ] GC(633) ParOldGen: 1844553K(4116480K)->1944817K(4116480K)
[2950.493s][info][gc,metaspace   ] GC(633) Metaspace: 29091K(29376K)->29091K(29376K) NonClass: 25987K(26112K)->25987K(26112K) Class: 3103K(3264K)->3103K(3264K)
[2950.493s][info][gc             ] GC(633) Pause Young (Allocation Failure) 4276M->2042M(6548M) 88.397ms
[2950.493s][info][gc,cpu         ] GC(633) User=0.53s Sys=0.00s Real=0.08s
...[2954.272s][info][gc,start       ] GC(634) Pause Young (Allocation Failure)
[2954.360s][info][gc,heap        ] GC(634) PSYoungGen: 2536383K(2589184K)->143424K(2591232K) Eden: 2389504K(2389504K)->0K(2389504K) From: 146879K(199680K)->143424K(201728K)
[2954.360s][info][gc,heap        ] GC(634) ParOldGen: 1944817K(4116480K)->2049553K(4116480K)
[2954.360s][info][gc,metaspace   ] GC(634) Metaspace: 29091K(29376K)->29091K(29376K) NonClass: 25987K(26112K)->25987K(26112K) Class: 3103K(3264K)->3103K(3264K)
[2954.360s][info][gc             ] GC(634) Pause Young (Allocation Failure) 4376M->2141M(6550M) 88.247ms
[2954.360s][info][gc,cpu         ] GC(634) User=0.52s Sys=0.00s Real=0.09s
....[2958.336s][info][gc,start       ] GC(635) Pause Young (Allocation Failure)
[2958.428s][info][gc,heap        ] GC(635) PSYoungGen: 2532928K(2591232K)->154612K(2586112K) Eden: 2389504K(2389504K)->0K(2393600K) From: 143424K(201728K)->154612K(192512K)
[2958.428s][info][gc,heap        ] GC(635) ParOldGen: 2049553K(4116480K)->2150809K(4116480K)
[2958.428s][info][gc,metaspace   ] GC(635) Metaspace: 29091K(29376K)->29091K(29376K) NonClass: 25987K(26112K)->25987K(26112K) Class: 3103K(3264K)->3103K(3264K)
[2958.428s][info][gc             ] GC(635) Pause Young (Allocation Failure) 4475M->2251M(6545M) 91.970ms
[2958.428s][info][gc,cpu         ] GC(635) User=0.54s Sys=0.00s Real=0.09s
....[2962.204s][info][gc,start       ] GC(636) Pause Young (Allocation Failure)
[2962.293s][info][gc,heap        ] GC(636) PSYoungGen: 2548212K(2586112K)->142560K(2590720K) Eden: 2393600K(2393600K)->0K(2393600K) From: 154612K(192512K)->142560K(197120K)
[2962.293s][info][gc,heap        ] GC(636) ParOldGen: 2150809K(4116480K)->2257561K(4116480K)
[2962.293s][info][gc,metaspace   ] GC(636) Metaspace: 29091K(29376K)->29091K(29376K) NonClass: 25987K(26112K)->25987K(26112K) Class: 3103K(3264K)->3103K(3264K)
[2962.293s][info][gc             ] GC(636) Pause Young (Allocation Failure) 4588M->2343M(6550M) 89.484ms
[2962.293s][info][gc,cpu         ] GC(636) User=0.53s Sys=0.00s Real=0.09s
....[2966.178s][info][gc,start       ] GC(637) Pause Young (Allocation Failure)
[2966.265s][info][gc,heap        ] GC(637) PSYoungGen: 2536160K(2590720K)->145344K(2594816K) Eden: 2393600K(2393600K)->0K(2402816K) From: 142560K(197120K)->145344K(192000K)
[2966.265s][info][gc,heap        ] GC(637) ParOldGen: 2257561K(4116480K)->2358881K(4116480K)
[2966.265s][info][gc,metaspace   ] GC(637) Metaspace: 29091K(29376K)->29091K(29376K) NonClass: 25987K(26112K)->25987K(26112K) Class: 3103K(3264K)->3103K(3264K)
[2966.265s][info][gc             ] GC(637) Pause Young (Allocation Failure) 4681M->2445M(6554M) 87.298ms
[2966.265s][info][gc,cpu         ] GC(637) User=0.52s Sys=0.00s Real=0.09s
....[2970.041s][info][gc,start       ] GC(638) Pause Young (Allocation Failure)
[2970.133s][info][gc,heap        ] GC(638) PSYoungGen: 2548160K(2594816K)->154208K(2597376K) Eden: 2402816K(2402816K)->0K(2402816K) From: 145344K(192000K)->154208K(194560K)
[2970.133s][info][gc,heap        ] GC(638) ParOldGen: 2358881K(4116480K)->2463585K(4116480K)
[2970.133s][info][gc,metaspace   ] GC(638) Metaspace: 29091K(29376K)->29091K(29376K) NonClass: 25987K(26112K)->25987K(26112K) Class: 3103K(3264K)->3103K(3264K)
[2970.133s][info][gc             ] GC(638) Pause Young (Allocation Failure) 4792M->2556M(6556M) 92.810ms
[2970.133s][info][gc,cpu         ] GC(638) User=0.55s Sys=0.00s Real=0.10s
....[2974.033s][info][gc,start       ] GC(639) Pause Young (Allocation Failure)
[2974.125s][info][gc,heap        ] GC(639) PSYoungGen: 2557024K(2597376K)->149472K(2597376K) Eden: 2402816K(2402816K)->0K(2410496K) From: 154208K(194560K)->149472K(186880K)
[2974.125s][info][gc,heap        ] GC(639) ParOldGen: 2463585K(4116480K)->2567609K(4116480K)
[2974.125s][info][gc,metaspace   ] GC(639) Metaspace: 29091K(29376K)->29091K(29376K) NonClass: 25987K(26112K)->25987K(26112K) Class: 3103K(3264K)->3103K(3264K)
[2974.125s][info][gc             ] GC(639) Pause Young (Allocation Failure) 4902M->2653M(6556M) 91.792ms
[2974.125s][info][gc,cpu         ] GC(639) User=0.54s Sys=0.00s Real=0.10s
....[2977.927s][info][gc,start       ] GC(640) Pause Young (Allocation Failure)
[2978.017s][info][gc,heap        ] GC(640) PSYoungGen: 2559968K(2597376K)->151008K(2598912K) Eden: 2410496K(2410496K)->0K(2410496K) From: 149472K(186880K)->151008K(188416K)
[2978.017s][info][gc,heap        ] GC(640) ParOldGen: 2567609K(4116480K)->2670873K(4116480K)
[2978.017s][info][gc,metaspace   ] GC(640) Metaspace: 29091K(29376K)->29091K(29376K) NonClass: 25987K(26112K)->25987K(26112K) Class: 3103K(3264K)->3103K(3264K)
[2978.017s][info][gc             ] GC(640) Pause Young (Allocation Failure) 5007M->2755M(6558M) 90.260ms
[2978.017s][info][gc,cpu         ] GC(640) User=0.54s Sys=0.00s Real=0.09s
....[2982.002s][info][gc,start       ] GC(641) Pause Young (Allocation Failure)
[2982.094s][info][gc,heap        ] GC(641) PSYoungGen: 2561504K(2598912K)->152672K(2603520K) Eden: 2410496K(2410496K)->0K(2421760K) From: 151008K(188416K)->152672K(181760K)
[2982.094s][info][gc,heap        ] GC(641) ParOldGen: 2670873K(4116480K)->2773305K(4116480K)
[2982.094s][info][gc,metaspace   ] GC(641) Metaspace: 29091K(29376K)->29091K(29376K) NonClass: 25987K(26112K)->25987K(26112K) Class: 3103K(3264K)->3103K(3264K)
[2982.094s][info][gc             ] GC(641) Pause Young (Allocation Failure) 5109M->2857M(6562M) 92.343ms
[2982.094s][info][gc,cpu         ] GC(641) User=0.55s Sys=0.00s Real=0.10s
....[2986.033s][info][gc,start       ] GC(642) Pause Young (Allocation Failure)
[2986.125s][info][gc,heap        ] GC(642) PSYoungGen: 2574432K(2603520K)->153952K(2605056K) Eden: 2421760K(2421760K)->0K(2421760K) From: 152672K(181760K)->153952K(183296K)
[2986.125s][info][gc,heap        ] GC(642) ParOldGen: 2773305K(4116480K)->2878081K(4116480K)
[2986.125s][info][gc,metaspace   ] GC(642) Metaspace: 29091K(29376K)->29091K(29376K) NonClass: 25987K(26112K)->25987K(26112K) Class: 3103K(3264K)->3103K(3264K)
[2986.125s][info][gc             ] GC(642) Pause Young (Allocation Failure) 5222M->2960M(6564M) 91.661ms
[2986.125s][info][gc,cpu         ] GC(642) User=0.54s Sys=0.00s Real=0.10s
. (rIR:aIR:PR = 4289:4288:4284) (tPR = 63534) [OK] 
  2986s: Performance info:
         Transaction,    Success,    Partial,     Failed,   Receipts, AvgBarcode, 
             Overall,     257869,          0,          0,     244952,      59.48, 
         Response times:
             Request,    Success,    Partial,     Failed,   SkipFail,     Probes,    Samples,      min,      p50,      p90,      p95,      p99,      max, 
       TotalPurchase,     244901,          0,          0,          0,     240644,     278947,      300,     3300,     5700,     8600,   301000,   475000,
     InStorePurchase,     128894,          0,          0,          0,     126931,     146661,      300,     3200,     5700,     8500,   292000,   475000,
      OnlinePurchase,      90214,          0,          0,          0,      88615,     102689,      300,     3400,     5700,     8800,   303000,   467000,
        InstPurchase,      25793,          0,          0,          0,      25098,      29597,      400,     3500,     5800,     9000,   316000,   475000,
          AssocOfCat,        255,          0,          0,          0,        193,        290,    18600,    28000,    35000,    40000,   307180,   313000,
      AssocOfProduct,       2592,          0,          0,          0,       2404,       2944,      400,     3850,     5700,     7800,   198000,   357000,
      BusinessReport,        640,          0,          0,          0,        548,        718,    19600,    33000,    44000,    51050,   368000,   441000,
          CustBuyBeh,       2585,          0,          0,          0,       2345,       2888,      100,     4200,     6010,     7500,   302000,   357000,
       ProductReturn,       6842,          0,          0,          0,       6498,       7864,      200,     3200,     5500,     8800,   247000,   455000,

  2986s: (32%)   IR =   4428 ...[2989.884s][info][gc,start       ] GC(643) Pause Young (Allocation Failure)
[2989.977s][info][gc,heap        ] GC(643) PSYoungGen: 2575712K(2605056K)->147456K(2611712K) Eden: 2421760K(2421760K)->0K(2432000K) From: 153952K(183296K)->147456K(179712K)
[2989.977s][info][gc,heap        ] GC(643) ParOldGen: 2878081K(4116480K)->2984825K(4116480K)
[2989.977s][info][gc,metaspace   ] GC(643) Metaspace: 29091K(29376K)->29091K(29376K) NonClass: 25987K(26112K)->25987K(26112K) Class: 3103K(3264K)->3103K(3264K)
[2989.977s][info][gc             ] GC(643) Pause Young (Allocation Failure) 5325M->3058M(6570M) 93.440ms
[2989.977s][info][gc,cpu         ] GC(643) User=0.55s Sys=0.00s Real=0.09s
..|..[2993.723s][info][gc,start       ] GC(644) Pause Young (Allocation Failure)
[2993.815s][info][gc,heap        ] GC(644) PSYoungGen: 2579456K(2611712K)->148896K(2611200K) Eden: 2432000K(2432000K)->0K(2432000K) From: 147456K(179712K)->148896K(179200K)
[2993.815s][info][gc,heap        ] GC(644) ParOldGen: 2984825K(4116480K)->3086777K(4116480K)
[2993.815s][info][gc,metaspace   ] GC(644) Metaspace: 29091K(29376K)->29091K(29376K) NonClass: 25987K(26112K)->25987K(26112K) Class: 3103K(3264K)->3103K(3264K)
[2993.815s][info][gc             ] GC(644) Pause Young (Allocation Failure) 5433M->3159M(6570M) 91.945ms
[2993.815s][info][gc,cpu         ] GC(644) User=0.54s Sys=0.00s Real=0.10s
....[2997.642s][info][gc,start       ] GC(645) Pause Young (Allocation Failure)
[2997.735s][info][gc,heap        ] GC(645) PSYoungGen: 2580896K(2611200K)->153888K(2614784K) Eden: 2432000K(2432000K)->0K(2439168K) From: 148896K(179200K)->153888K(175616K)
[2997.735s][info][gc,heap        ] GC(645) ParOldGen: 3086777K(4116480K)->3189937K(4116480K)
[2997.735s][info][gc,metaspace   ] GC(645) Metaspace: 29091K(29376K)->29091K(29376K) NonClass: 25987K(26112K)->25987K(26112K) Class: 3103K(3264K)->3103K(3264K)
[2997.735s][info][gc             ] GC(645) Pause Young (Allocation Failure) 5534M->3265M(6573M) 92.870ms
[2997.735s][info][gc,cpu         ] GC(645) User=0.55s Sys=0.00s Real=0.10s
....[3001.516s][info][gc,start       ] GC(646) Pause Young (Allocation Failure)
[3001.607s][info][gc,heap        ] GC(646) PSYoungGen: 2593056K(2614784K)->148480K(2614272K) Eden: 2439168K(2439168K)->0K(2439168K) From: 153888K(175616K)->148480K(175104K)
[3001.607s][info][gc,heap        ] GC(646) ParOldGen: 3189937K(4116480K)->3294801K(4116480K)
[3001.607s][info][gc,metaspace   ] GC(646) Metaspace: 29091K(29376K)->29091K(29376K) NonClass: 25987K(26112K)->25987K(26112K) Class: 3103K(3264K)->3103K(3264K)
[3001.607s][info][gc             ] GC(646) Pause Young (Allocation Failure) 5647M->3362M(6573M) 90.480ms
[3001.607s][info][gc,cpu         ] GC(646) User=0.53s Sys=0.00s Real=0.09s
...[3005.383s][info][gc,start       ] GC(647) Pause Young (Allocation Failure)
[3005.473s][info][gc,heap        ] GC(647) PSYoungGen: 2587648K(2614272K)->146144K(2619904K) Eden: 2439168K(2439168K)->0K(2446336K) From: 148480K(175104K)->146144K(173568K)
[3005.473s][info][gc,heap        ] GC(647) ParOldGen: 3294801K(4116480K)->3398937K(4116480K)
[3005.473s][info][gc,metaspace   ] GC(647) Metaspace: 29091K(29376K)->29091K(29376K) NonClass: 25987K(26112K)->25987K(26112K) Class: 3103K(3264K)->3103K(3264K)
[3005.473s][info][gc             ] GC(647) Pause Young (Allocation Failure) 5744M->3461M(6578M) 90.219ms
[3005.474s][info][gc,cpu         ] GC(647) User=0.53s Sys=0.00s Real=0.09s
....[3009.234s][info][gc,start       ] GC(648) Pause Young (Allocation Failure)
[3009.326s][info][gc,heap        ] GC(648) PSYoungGen: 2592480K(2619904K)->146048K(2619392K) Eden: 2446336K(2446336K)->0K(2446336K) From: 146144K(173568K)->146048K(173056K)
[3009.326s][info][gc,heap        ] GC(648) ParOldGen: 3398937K(4116480K)->3503225K(4116480K)
[3009.326s][info][gc,metaspace   ] GC(648) Metaspace: 29091K(29376K)->29091K(29376K) NonClass: 25987K(26112K)->25987K(26112K) Class: 3103K(3264K)->3103K(3264K)
[3009.326s][info][gc             ] GC(648) Pause Young (Allocation Failure) 5850M->3563M(6578M) 91.537ms
[3009.326s][info][gc,cpu         ] GC(648) User=0.54s Sys=0.01s Real=0.09s
....[3013.165s][info][gc,start       ] GC(649) Pause Young (Allocation Failure)
[3013.255s][info][gc,heap        ] GC(649) PSYoungGen: 2592384K(2619392K)->147808K(2621440K) Eden: 2446336K(2446336K)->0K(2450944K) From: 146048K(173056K)->147808K(170496K)
[3013.255s][info][gc,heap        ] GC(649) ParOldGen: 3503225K(4116480K)->3606521K(4116480K)
[3013.255s][info][gc,metaspace   ] GC(649) Metaspace: 29091K(29376K)->29091K(29376K) NonClass: 25987K(26112K)->25987K(26112K) Class: 3103K(3264K)->3103K(3264K)
[3013.255s][info][gc             ] GC(649) Pause Young (Allocation Failure) 5952M->3666M(6580M) 89.809ms
[3013.255s][info][gc,cpu         ] GC(649) User=0.53s Sys=0.00s Real=0.09s
....[3017.115s][info][gc,start       ] GC(650) Pause Young (Allocation Failure)
[3017.209s][info][gc,heap        ] GC(650) PSYoungGen: 2598752K(2621440K)->155616K(2621440K) Eden: 2450944K(2450944K)->0K(2450944K) From: 147808K(170496K)->155616K(170496K)
[3017.209s][info][gc,heap        ] GC(650) ParOldGen: 3606521K(4116480K)->3711353K(4116480K)
[3017.209s][info][gc,metaspace   ] GC(650) Metaspace: 29091K(29376K)->29091K(29376K) NonClass: 25987K(26112K)->25987K(26112K) Class: 3103K(3264K)->3103K(3264K)
[3017.209s][info][gc             ] GC(650) Pause Young (Allocation Failure) 6059M->3776M(6580M) 93.308ms
[3017.209s][info][gc,cpu         ] GC(650) User=0.55s Sys=0.00s Real=0.09s
....[3020.948s][info][gc,start       ] GC(651) Pause Young (Allocation Failure)
[3021.041s][info][gc,heap        ] GC(651) PSYoungGen: 2606560K(2621440K)->150752K(2621440K) Eden: 2450944K(2450944K)->0K(2455040K) From: 155616K(170496K)->150752K(166400K)
[3021.041s][info][gc,heap        ] GC(651) ParOldGen: 3711353K(4116480K)->3818009K(4116480K)
[3021.041s][info][gc,metaspace   ] GC(651) Metaspace: 29091K(29376K)->29091K(29376K) NonClass: 25987K(26112K)->25987K(26112K) Class: 3103K(3264K)->3103K(3264K)
[3021.041s][info][gc             ] GC(651) Pause Young (Allocation Failure) 6169M->3875M(6580M) 93.588ms
[3021.041s][info][gc,cpu         ] GC(651) User=0.54s Sys=0.00s Real=0.09s
....[3024.862s][info][gc,start       ] GC(652) Pause Young (Allocation Failure)
[3024.956s][info][gc,heap        ] GC(652) PSYoungGen: 2605792K(2621440K)->153376K(2623488K) Eden: 2455040K(2455040K)->0K(2455040K) From: 150752K(166400K)->153376K(168448K)
[3024.956s][info][gc,heap        ] GC(652) ParOldGen: 3818009K(4116480K)->3921385K(4116480K)
[3024.956s][info][gc,metaspace   ] GC(652) Metaspace: 29091K(29376K)->29091K(29376K) NonClass: 25987K(26112K)->25987K(26112K) Class: 3103K(3264K)->3103K(3264K)
[3024.956s][info][gc             ] GC(652) Pause Young (Allocation Failure) 6273M->3979M(6582M) 94.532ms
[3024.956s][info][gc,cpu         ] GC(652) User=0.56s Sys=0.00s Real=0.10s
....[3028.795s][info][gc,start       ] GC(653) Pause Young (Allocation Failure)
[3028.888s][info][gc,heap        ] GC(653) PSYoungGen: 2608416K(2623488K)->151040K(2624512K) Eden: 2455040K(2455040K)->0K(2460160K) From: 153376K(168448K)->151040K(164352K)
[3028.888s][info][gc,heap        ] GC(653) ParOldGen: 3921385K(4116480K)->4027577K(4116480K)
[3028.888s][info][gc,metaspace   ] GC(653) Metaspace: 29091K(29376K)->29091K(29376K) NonClass: 25987K(26112K)->25987K(26112K) Class: 3103K(3264K)->3103K(3264K)
[3028.888s][info][gc             ] GC(653) Pause Young (Allocation Failure) 6376M->4080M(6583M) 92.886ms
[3028.888s][info][gc,cpu         ] GC(653) User=0.55s Sys=0.00s Real=0.09s
....[3032.608s][info][gc,start       ] GC(654) Pause Young (Allocation Failure)
[3032.703s][info][gc,heap        ] GC(654) PSYoungGen: 2611200K(2624512K)->154212K(2626560K) Eden: 2460160K(2460160K)->0K(2460160K) From: 151040K(164352K)->154212K(166400K)
[3032.703s][info][gc,heap        ] GC(654) ParOldGen: 4027577K(4116480K)->4132777K(4132864K)
[3032.703s][info][gc,metaspace   ] GC(654) Metaspace: 29091K(29376K)->29091K(29376K) NonClass: 25987K(26112K)->25987K(26112K) Class: 3103K(3264K)->3103K(3264K)
[3032.703s][info][gc             ] GC(654) Pause Young (Allocation Failure) 6483M->4186M(6601M) 95.399ms
[3032.703s][info][gc,cpu         ] GC(654) User=0.56s Sys=0.01s Real=0.10s
....[3036.643s][info][gc,start       ] GC(655) Pause Young (Allocation Failure)
[3036.741s][info][gc,heap        ] GC(655) PSYoungGen: 2614372K(2626560K)->155104K(2628096K) Eden: 2460160K(2460160K)->0K(2463744K) From: 154212K(166400K)->155104K(164352K)
[3036.741s][info][gc,heap        ] GC(655) ParOldGen: 4132777K(4132864K)->4234745K(4234752K)
[3036.741s][info][gc,metaspace   ] GC(655) Metaspace: 29091K(29376K)->29091K(29376K) NonClass: 25987K(26112K)->25987K(26112K) Class: 3103K(3264K)->3103K(3264K)
[3036.741s][info][gc             ] GC(655) Pause Young (Allocation Failure) 6589M->4286M(6702M) 98.253ms
[3036.741s][info][gc,cpu         ] GC(655) User=0.54s Sys=0.04s Real=0.10s
...[3040.505s][info][gc,start       ] GC(656) Pause Young (Allocation Failure)
[3040.605s][info][gc,heap        ] GC(656) PSYoungGen: 2618848K(2628096K)->154901K(2629120K) Eden: 2463744K(2463744K)->0K(2463744K) From: 155104K(164352K)->154901K(165376K)
[3040.605s][info][gc,heap        ] GC(656) ParOldGen: 4234745K(4234752K)->4343033K(4343296K)
[3040.605s][info][gc,metaspace   ] GC(656) Metaspace: 29091K(29376K)->29091K(29376K) NonClass: 25987K(26112K)->25987K(26112K) Class: 3103K(3264K)->3103K(3264K)
[3040.605s][info][gc             ] GC(656) Pause Young (Allocation Failure) 6692M->4392M(6809M) 100.257ms
[3040.605s][info][gc,cpu         ] GC(656) User=0.56s Sys=0.03s Real=0.10s
....[3044.387s][info][gc,start       ] GC(657) Pause Young (Allocation Failure)
[3044.488s][info][gc,heap        ] GC(657) PSYoungGen: 2618645K(2629120K)->155299K(2629632K) Eden: 2463744K(2463744K)->0K(2465280K) From: 154901K(165376K)->155299K(164352K)
[3044.488s][info][gc,heap        ] GC(657) ParOldGen: 4343033K(4343296K)->4446761K(4447232K)
[3044.488s][info][gc,metaspace   ] GC(657) Metaspace: 29091K(29376K)->29091K(29376K) NonClass: 25987K(26112K)->25987K(26112K) Class: 3103K(3264K)->3103K(3264K)
[3044.488s][info][gc             ] GC(657) Pause Young (Allocation Failure) 6798M->4494M(6911M) 100.706ms
[3044.488s][info][gc,cpu         ] GC(657) User=0.56s Sys=0.04s Real=0.10s
....[3048.407s][info][gc,start       ] GC(658) Pause Young (Allocation Failure)
[3048.506s][info][gc,heap        ] GC(658) PSYoungGen: 2620579K(2629632K)->152704K(2630144K) Eden: 2465280K(2465280K)->0K(2465280K) From: 155299K(164352K)->152704K(164864K)
[3048.506s][info][gc,heap        ] GC(658) ParOldGen: 4446761K(4447232K)->4550841K(4551168K)
[3048.506s][info][gc,metaspace   ] GC(658) Metaspace: 29091K(29376K)->29091K(29376K) NonClass: 25987K(26112K)->25987K(26112K) Class: 3103K(3264K)->3103K(3264K)
[3048.506s][info][gc             ] GC(658) Pause Young (Allocation Failure) 6901M->4593M(7013M) 99.012ms
[3048.507s][info][gc,cpu         ] GC(658) User=0.54s Sys=0.04s Real=0.10s
.... (rIR:aIR:PR = 4428:4427:4427) (tPR = 65667) [OK] 
  3051s: Performance info:
         Transaction,    Success,    Partial,     Failed,   Receipts, AvgBarcode, 
             Overall,     266171,          0,          0,     252886,      59.47, 
         Response times:
             Request,    Success,    Partial,     Failed,   SkipFail,     Probes,    Samples,      min,      p50,      p90,      p95,      p99,      max, 
       TotalPurchase,     252886,          0,          0,          0,     248936,     270523,      300,     3300,     5500,     6500,    21000,   139000,
     InStorePurchase,     133106,          0,          0,          0,     131428,     142531,      300,     3100,     5400,     6300,    21000,   139000,
      OnlinePurchase,      93146,          0,          0,          0,      91598,      99627,      300,     3500,     5500,     6600,    22000,   109000,
        InstPurchase,      26634,          0,          0,          0,      25910,      28365,      400,     3600,     5600,     6600,    22000,   109000,
          AssocOfCat,        270,          0,          0,          0,        212,        284,    17500,    28000,    36500,    39750,   109150,   130000,
      AssocOfProduct,       2655,          0,          0,          0,       2469,       2850,      400,     1800,     4500,     5200,    10686,    97000,
      BusinessReport,        660,          0,          0,          0,        557,        719,    23000,    33000,    45000,    53000,   100600,   157000,
          CustBuyBeh,       2658,          0,          0,          0,       2458,       2890,      100,     2600,     5000,     6000,    18827,   100000,
       ProductReturn,       7042,          0,          0,          0,       6747,       7583,      200,     2500,     5300,     6200,    18900,   105000,

  3051s: (33%)   IR =   4566 [3052.328s][info][gc,start       ] GC(659) Pause Young (Allocation Failure)
[3052.424s][info][gc,heap        ] GC(659) PSYoungGen: 2617984K(2630144K)->148128K(2630656K) Eden: 2465280K(2465280K)->0K(2467328K) From: 152704K(164864K)->148128K(163328K)
[3052.424s][info][gc,heap        ] GC(659) ParOldGen: 4550841K(4551168K)->4657569K(4657664K)
[3052.424s][info][gc,metaspace   ] GC(659) Metaspace: 29091K(29376K)->29091K(29376K) NonClass: 25987K(26112K)->25987K(26112K) Class: 3103K(3264K)->3103K(3264K)
[3052.424s][info][gc             ] GC(659) Pause Young (Allocation Failure) 7000M->4693M(7117M) 96.975ms
[3052.425s][info][gc,cpu         ] GC(659) User=0.54s Sys=0.02s Real=0.10s
....|[3056.099s][info][gc,start       ] GC(660) Pause Young (Allocation Failure)
[3056.198s][info][gc,heap        ] GC(660) PSYoungGen: 2615456K(2630656K)->156800K(2630656K) Eden: 2467328K(2467328K)->0K(2467328K) From: 148128K(163328K)->156800K(163328K)
[3056.198s][info][gc,heap        ] GC(660) ParOldGen: 4657569K(4657664K)->4762105K(4762112K)
[3056.198s][info][gc,metaspace   ] GC(660) Metaspace: 29091K(29376K)->29091K(29376K) NonClass: 25987K(26112K)->25987K(26112K) Class: 3103K(3264K)->3103K(3264K)
[3056.198s][info][gc             ] GC(660) Pause Young (Allocation Failure) 7102M->4803M(7219M) 99.059ms
[3056.198s][info][gc,cpu         ] GC(660) User=0.56s Sys=0.03s Real=0.10s
....[3059.975s][info][gc,start       ] GC(661) Pause Young (Allocation Failure)
[3060.076s][info][gc,heap        ] GC(661) PSYoungGen: 2624128K(2630656K)->154944K(2632192K) Eden: 2467328K(2467328K)->0K(2468352K) From: 156800K(163328K)->154944K(163840K)
[3060.076s][info][gc,heap        ] GC(661) ParOldGen: 4762105K(4762112K)->4866041K(4866048K)
[3060.076s][info][gc,metaspace   ] GC(661) Metaspace: 29091K(29376K)->29091K(29376K) NonClass: 25987K(26112K)->25987K(26112K) Class: 3103K(3264K)->3103K(3264K)
[3060.076s][info][gc             ] GC(661) Pause Young (Allocation Failure) 7213M->4903M(7322M) 101.067ms
[3060.076s][info][gc,cpu         ] GC(661) User=0.57s Sys=0.02s Real=0.10s
....[3063.752s][info][gc,start       ] GC(662) Pause Young (Allocation Failure)
[3063.851s][info][gc,heap        ] GC(662) PSYoungGen: 2623296K(2632192K)->150592K(2619392K) Eden: 2468352K(2468352K)->0K(2468352K) From: 154944K(163840K)->150592K(151040K)
[3063.851s][info][gc,heap        ] GC(662) ParOldGen: 4866041K(4866048K)->4973081K(4973568K)
[3063.851s][info][gc,metaspace   ] GC(662) Metaspace: 29091K(29376K)->29091K(29376K) NonClass: 25987K(26112K)->25987K(26112K) Class: 3103K(3264K)->3103K(3264K)
[3063.851s][info][gc             ] GC(662) Pause Young (Allocation Failure) 7313M->5003M(7415M) 99.427ms
[3063.851s][info][gc,cpu         ] GC(662) User=0.56s Sys=0.04s Real=0.10s
...[3067.591s][info][gc,start       ] GC(663) Pause Young (Allocation Failure)
[3067.695s][info][gc,heap        ] GC(663) PSYoungGen: 2618944K(2619392K)->161568K(2628608K) Eden: 2468352K(2468352K)->0K(2465280K) From: 150592K(151040K)->161568K(163328K)
[3067.696s][info][gc,heap        ] GC(663) ParOldGen: 4973081K(4973568K)->5076521K(5076992K)
[3067.696s][info][gc,metaspace   ] GC(663) Metaspace: 29091K(29376K)->29091K(29376K) NonClass: 25987K(26112K)->25987K(26112K) Class: 3103K(3264K)->3103K(3264K)
[3067.696s][info][gc             ] GC(663) Pause Young (Allocation Failure) 7414M->5115M(7525M) 104.799ms
[3067.696s][info][gc,cpu         ] GC(663) User=0.59s Sys=0.04s Real=0.11s
....[3071.451s][info][gc,start       ] GC(664) Pause Young (Allocation Failure)
[3071.552s][info][gc,heap        ] GC(664) PSYoungGen: 2626848K(2628608K)->156640K(2630656K) Eden: 2465280K(2465280K)->0K(2465280K) From: 161568K(163328K)->156640K(165376K)
[3071.552s][info][gc,heap        ] GC(664) ParOldGen: 5076521K(5076992K)->5181841K(5181952K)
[3071.552s][info][gc,metaspace   ] GC(664) Metaspace: 29091K(29376K)->29091K(29376K) NonClass: 25987K(26112K)->25987K(26112K) Class: 3103K(3264K)->3103K(3264K)
[3071.552s][info][gc             ] GC(664) Pause Young (Allocation Failure) 7522M->5213M(7629M) 101.694ms
[3071.552s][info][gc,cpu         ] GC(664) User=0.57s Sys=0.03s Real=0.10s
....[3075.180s][info][gc,start       ] GC(665) Pause Young (Allocation Failure)
[3075.278s][info][gc,heap        ] GC(665) PSYoungGen: 2621920K(2630656K)->146272K(2630656K) Eden: 2465280K(2465280K)->0K(2465280K) From: 156640K(165376K)->146272K(165376K)
[3075.278s][info][gc,heap        ] GC(665) ParOldGen: 5181841K(5181952K)->5289241K(5289472K)
[3075.278s][info][gc,metaspace   ] GC(665) Metaspace: 29091K(29376K)->29091K(29376K) NonClass: 25987K(26112K)->25987K(26112K) Class: 3103K(3264K)->3103K(3264K)
[3075.278s][info][gc             ] GC(665) Pause Young (Allocation Failure) 7620M->5308M(7734M) 98.292ms
[3075.278s][info][gc,cpu         ] GC(665) User=0.55s Sys=0.03s Real=0.10s
....[3079.118s][info][gc,start       ] GC(666) Pause Young (Allocation Failure)
[3079.219s][info][gc,heap        ] GC(666) PSYoungGen: 2611552K(2630656K)->158112K(2623488K) Eden: 2465280K(2465280K)->0K(2465280K) From: 146272K(165376K)->158112K(158208K)
[3079.219s][info][gc,heap        ] GC(666) ParOldGen: 5289241K(5289472K)->5392969K(5393408K)
[3079.219s][info][gc,metaspace   ] GC(666) Metaspace: 29091K(29376K)->29091K(29376K) NonClass: 25987K(26112K)->25987K(26112K) Class: 3103K(3264K)->3103K(3264K)
[3079.219s][info][gc             ] GC(666) Pause Young (Allocation Failure) 7715M->5420M(7829M) 100.499ms
[3079.219s][info][gc,cpu         ] GC(666) User=0.55s Sys=0.05s Real=0.10s
....[3082.792s][info][gc,start       ] GC(667) Pause Young (Allocation Failure)
[3082.890s][info][gc,heap        ] GC(667) PSYoungGen: 2623392K(2623488K)->148480K(2630144K) Eden: 2465280K(2465280K)->0K(2463744K) From: 158112K(158208K)->148480K(166400K)
[3082.890s][info][gc,heap        ] GC(667) ParOldGen: 5392969K(5393408K)->5500993K(5501440K)
[3082.890s][info][gc,metaspace   ] GC(667) Metaspace: 29091K(29376K)->29091K(29376K) NonClass: 25987K(26112K)->25987K(26112K) Class: 3103K(3264K)->3103K(3264K)
[3082.890s][info][gc             ] GC(667) Pause Young (Allocation Failure) 7828M->5517M(7941M) 98.570ms
[3082.890s][info][gc,cpu         ] GC(667) User=0.54s Sys=0.04s Real=0.10s
...[3086.576s][info][gc,start       ] GC(668) Pause Full (Allocation Failure)
[3086.576s][info][gc,phases,start] GC(668) Marking Phase
[3086.890s][info][gc,phases      ] GC(668) Marking Phase 314.628ms
[3086.890s][info][gc,phases,start] GC(668) Summary Phase
[3086.890s][info][gc,phases      ] GC(668) Summary Phase 0.099ms
[3086.890s][info][gc,phases,start] GC(668) Forward
[3087.008s][info][gc,phases      ] GC(668) Forward 117.602ms
[3087.008s][info][gc,phases,start] GC(668) Adjust Pointers
[3087.221s][info][gc,phases      ] GC(668) Adjust Pointers 212.839ms
[3087.221s][info][gc,phases,start] GC(668) Compaction Phase
[3087.367s][info][gc,phases      ] GC(668) Compaction Phase 146.471ms
[3087.368s][info][gc,phases,start] GC(668) Post Compact
[3087.375s][info][gc,phases      ] GC(668) Post Compact 6.908ms
[3087.497s][info][gc,heap        ] GC(668) PSYoungGen: 2612224K(2630144K)->0K(2629632K) Eden: 2463744K(2463744K)->0K(2463744K) From: 148480K(166400K)->0K(165888K)
[3087.497s][info][gc,heap        ] GC(668) ParOldGen: 5500993K(5501440K)->1602556K(1856512K)
[3087.497s][info][gc,metaspace   ] GC(668) Metaspace: 29091K(29376K)->29091K(29376K) NonClass: 25987K(26112K)->25987K(26112K) Class: 3103K(3264K)->3103K(3264K)
[3087.497s][info][gc             ] GC(668) Pause Full (Allocation Failure) 7923M->1564M(4381M) 921.661ms
[3087.497s][info][gc,cpu         ] GC(668) User=4.36s Sys=0.12s Real=0.92s
...[3090.433s][info][gc,start       ] GC(669) Pause Young (Allocation Failure)
[3090.495s][info][gc,heap        ] GC(669) PSYoungGen: 2463744K(2629632K)->152064K(2628608K) Eden: 2463744K(2463744K)->0K(2464256K) From: 0K(165888K)->152064K(164352K)
[3090.495s][info][gc,heap        ] GC(669) ParOldGen: 1602556K(1856512K)->1602556K(1856512K)
[3090.495s][info][gc,metaspace   ] GC(669) Metaspace: 29091K(29376K)->29091K(29376K) NonClass: 25987K(26112K)->25987K(26112K) Class: 3103K(3264K)->3103K(3264K)
[3090.495s][info][gc             ] GC(669) Pause Young (Allocation Failure) 3970M->1713M(4380M) 62.075ms
[3090.495s][info][gc,cpu         ] GC(669) User=0.36s Sys=0.01s Real=0.07s
....[3094.293s][info][gc,start       ] GC(670) Pause Young (Allocation Failure)
[3094.384s][info][gc,heap        ] GC(670) PSYoungGen: 2616320K(2628608K)->150432K(2629120K) Eden: 2464256K(2464256K)->0K(2464256K) From: 152064K(164352K)->150432K(164864K)
[3094.384s][info][gc,heap        ] GC(670) ParOldGen: 1602556K(1856512K)->1708516K(1856512K)
[3094.384s][info][gc,metaspace   ] GC(670) Metaspace: 29091K(29376K)->29091K(29376K) NonClass: 25987K(26112K)->25987K(26112K) Class: 3103K(3264K)->3103K(3264K)
[3094.384s][info][gc             ] GC(670) Pause Young (Allocation Failure) 4119M->1815M(4380M) 91.039ms
[3094.384s][info][gc,cpu         ] GC(670) User=0.54s Sys=0.00s Real=0.10s
....[3098.066s][info][gc,start       ] GC(671) Pause Young (Allocation Failure)
[3098.164s][info][gc,heap        ] GC(671) PSYoungGen: 2614688K(2629120K)->163813K(2546176K) Eden: 2464256K(2464256K)->0K(2382336K) From: 150432K(164864K)->163813K(163840K)
[3098.164s][info][gc,heap        ] GC(671) ParOldGen: 1708516K(1856512K)->1815716K(1856512K)
[3098.164s][info][gc,metaspace   ] GC(671) Metaspace: 29091K(29376K)->29091K(29376K) NonClass: 25987K(26112K)->25987K(26112K) Class: 3103K(3264K)->3103K(3264K)
[3098.164s][info][gc             ] GC(671) Pause Young (Allocation Failure) 4221M->1933M(4299M) 97.511ms
[3098.164s][info][gc,cpu         ] GC(671) User=0.58s Sys=0.00s Real=0.10s
....[3101.799s][info][gc,start       ] GC(672) Pause Young (Allocation Failure)
[3101.891s][info][gc,heap        ] GC(672) PSYoungGen: 2546149K(2546176K)->149376K(2589184K) Eden: 2382336K(2382336K)->0K(2382336K) From: 163813K(163840K)->149376K(206848K)
[3101.891s][info][gc,heap        ] GC(672) ParOldGen: 1815716K(1856512K)->1920764K(1921024K)
[3101.891s][info][gc,metaspace   ] GC(672) Metaspace: 29091K(29376K)->29091K(29376K) NonClass: 25987K(26112K)->25987K(26112K) Class: 3103K(3264K)->3103K(3264K)
[3101.891s][info][gc             ] GC(672) Pause Young (Allocation Failure) 4259M->2021M(4404M) 91.987ms
[3101.891s][info][gc,cpu         ] GC(672) User=0.53s Sys=0.02s Real=0.09s
...[3105.419s][info][gc,start       ] GC(673) Pause Young (Allocation Failure)
[3105.511s][info][gc,heap        ] GC(673) PSYoungGen: 2531712K(2589184K)->144640K(2585600K) Eden: 2382336K(2382336K)->0K(2383872K) From: 149376K(206848K)->144640K(201728K)
[3105.511s][info][gc,heap        ] GC(673) ParOldGen: 1920764K(1921024K)->2025188K(2025472K)
[3105.511s][info][gc,metaspace   ] GC(673) Metaspace: 29091K(29376K)->29091K(29376K) NonClass: 25987K(26112K)->25987K(26112K) Class: 3103K(3264K)->3103K(3264K)
[3105.511s][info][gc             ] GC(673) Pause Young (Allocation Failure) 4348M->2118M(4503M) 92.426ms
[3105.511s][info][gc,cpu         ] GC(673) User=0.51s Sys=0.03s Real=0.09s
....[3109.131s][info][gc,start       ] GC(674) Pause Young (Allocation Failure)
[3109.226s][info][gc,heap        ] GC(674) PSYoungGen: 2528512K(2585600K)->150304K(2588160K) Eden: 2383872K(2383872K)->0K(2383872K) From: 144640K(201728K)->150304K(204288K)
[3109.226s][info][gc,heap        ] GC(674) ParOldGen: 2025188K(2025472K)->2128060K(2128384K)
[3109.226s][info][gc,metaspace   ] GC(674) Metaspace: 29091K(29376K)->29091K(29376K) NonClass: 25987K(26112K)->25987K(26112K) Class: 3103K(3264K)->3103K(3264K)
[3109.226s][info][gc             ] GC(674) Pause Young (Allocation Failure) 4446M->2224M(4606M) 94.886ms
[3109.226s][info][gc,cpu         ] GC(674) User=0.54s Sys=0.02s Real=0.10s
....[3112.782s][info][gc,start       ] GC(675) Pause Young (Allocation Failure)
[3112.875s][info][gc,heap        ] GC(675) PSYoungGen: 2534176K(2588160K)->147456K(2587648K) Eden: 2383872K(2383872K)->0K(2390016K) From: 150304K(204288K)->147456K(197632K)
[3112.875s][info][gc,heap        ] GC(675) ParOldGen: 2128060K(2128384K)->2231308K(2231808K)
[3112.875s][info][gc,metaspace   ] GC(675) Metaspace: 29091K(29376K)->29091K(29376K) NonClass: 25987K(26112K)->25987K(26112K) Class: 3103K(3264K)->3103K(3264K)
[3112.875s][info][gc             ] GC(675) Pause Young (Allocation Failure) 4552M->2323M(4706M) 93.660ms
[3112.875s][info][gc,cpu         ] GC(675) User=0.52s Sys=0.04s Real=0.10s
...[3116.493s][info][gc,start       ] GC(676) Pause Young (Allocation Failure)
[3116.588s][info][gc,heap        ] GC(676) PSYoungGen: 2537472K(2587648K)->147696K(2589696K) Eden: 2390016K(2390016K)->0K(2390016K) From: 147456K(197632K)->147696K(199680K)
[3116.588s][info][gc,heap        ] GC(676) ParOldGen: 2231308K(2231808K)->2334732K(2335232K)
[3116.588s][info][gc,metaspace   ] GC(676) Metaspace: 29091K(29376K)->29091K(29376K) NonClass: 25987K(26112K)->25987K(26112K) Class: 3103K(3264K)->3103K(3264K)
[3116.588s][info][gc             ] GC(676) Pause Young (Allocation Failure) 4657M->2424M(4809M) 94.463ms
[3116.588s][info][gc,cpu         ] GC(676) User=0.53s Sys=0.03s Real=0.09s
. (rIR:aIR:PR = 4566:4559:4559) (tPR = 67738) [OK] 
  3116s: Performance info:
         Transaction,    Success,    Partial,     Failed,   Receipts, AvgBarcode, 
             Overall,     277766,          0,          0,     263870,      59.47, 
         Response times:
             Request,    Success,    Partial,     Failed,   SkipFail,     Probes,    Samples,      min,      p50,      p90,      p95,      p99,      max, 
       TotalPurchase,     263868,          0,          0,          0,     255651,     276756,      300,     3500,     5900,     8200,    27000,   950000,
     InStorePurchase,     138825,          0,          0,          0,     134851,     145742,      300,     3300,     5900,     8000,    27000,   950000,
      OnlinePurchase,      97290,          0,          0,          0,      94278,     101792,      300,     3500,     5900,     8200,    27000,   950000,
        InstPurchase,      27753,          0,          0,          0,      26522,      29222,      400,     3900,     6200,     9000,    28000,   940000,
          AssocOfCat,        277,          0,          0,          0,        213,        292,    19200,    29000,    37000,    42000,    83200,   140000,
      AssocOfProduct,       2777,          0,          0,          0,       2552,       2949,      400,     4400,     6300,     7700,    31000,   109000,
      BusinessReport,        694,          0,          0,          0,        573,        712,    22000,    34000,    47700,    55700,   259000,   960000,
          CustBuyBeh,       2778,          0,          0,          0,       2503,       2904,      100,     3900,     6100,     9400,    23950,   144000,
       ProductReturn,       7364,          0,          0,          0,       6853,       7706,      200,     2400,     4930,     7100,    17293,   930000,

  3116s: (34%)   IR =   4705 ...[3120.102s][info][gc,start       ] GC(677) Pause Young (Allocation Failure)
[3120.196s][info][gc,heap        ] GC(677) PSYoungGen: 2537712K(2589696K)->152032K(2590208K) Eden: 2390016K(2390016K)->0K(2398720K) From: 147696K(199680K)->152032K(191488K)
[3120.196s][info][gc,heap        ] GC(677) ParOldGen: 2334732K(2335232K)->2437868K(2438144K)
[3120.196s][info][gc,metaspace   ] GC(677) Metaspace: 29091K(29376K)->29091K(29376K) NonClass: 25987K(26112K)->25987K(26112K) Class: 3103K(3264K)->3103K(3264K)
[3120.196s][info][gc             ] GC(677) Pause Young (Allocation Failure) 4758M->2529M(4910M) 94.533ms
[3120.196s][info][gc,cpu         ] GC(677) User=0.52s Sys=0.04s Real=0.10s
.|...[3123.678s][info][gc,start       ] GC(678) Pause Young (Allocation Failure)
[3123.772s][info][gc,heap        ] GC(678) PSYoungGen: 2550752K(2590208K)->147104K(2593280K) Eden: 2398720K(2398720K)->0K(2398720K) From: 152032K(191488K)->147104K(194560K)
[3123.772s][info][gc,heap        ] GC(678) ParOldGen: 2437868K(2438144K)->2542644K(2543104K)
[3123.772s][info][gc,metaspace   ] GC(678) Metaspace: 29091K(29376K)->29091K(29376K) NonClass: 25987K(26112K)->25987K(26112K) Class: 3103K(3264K)->3103K(3264K)
[3123.772s][info][gc             ] GC(678) Pause Young (Allocation Failure) 4871M->2626M(5016M) 94.094ms
[3123.772s][info][gc,cpu         ] GC(678) User=0.53s Sys=0.03s Real=0.09s
...[3127.289s][info][gc,start       ] GC(679) Pause Young (Allocation Failure)
[3127.383s][info][gc,heap        ] GC(679) PSYoungGen: 2545824K(2593280K)->148096K(2596352K) Eden: 2398720K(2398720K)->0K(2408960K) From: 147104K(194560K)->148096K(187392K)
[3127.383s][info][gc,heap        ] GC(679) ParOldGen: 2542644K(2543104K)->2645468K(2645504K)
[3127.383s][info][gc,metaspace   ] GC(679) Metaspace: 29091K(29376K)->29091K(29376K) NonClass: 25987K(26112K)->25987K(26112K) Class: 3103K(3264K)->3103K(3264K)
[3127.383s][info][gc             ] GC(679) Pause Young (Allocation Failure) 4969M->2728M(5119M) 93.887ms
[3127.383s][info][gc,cpu         ] GC(679) User=0.53s Sys=0.03s Real=0.09s
....[3130.923s][info][gc,start       ] GC(680) Pause Young (Allocation Failure)
[3131.019s][info][gc,heap        ] GC(680) PSYoungGen: 2557056K(2596352K)->153280K(2599424K) Eden: 2408960K(2408960K)->0K(2408960K) From: 148096K(187392K)->153280K(190464K)
[3131.019s][info][gc,heap        ] GC(680) ParOldGen: 2645468K(2645504K)->2750244K(2750464K)
[3131.019s][info][gc,metaspace   ] GC(680) Metaspace: 29091K(29376K)->29091K(29376K) NonClass: 25987K(26112K)->25987K(26112K) Class: 3103K(3264K)->3103K(3264K)
[3131.019s][info][gc             ] GC(680) Pause Young (Allocation Failure) 5080M->2835M(5224M) 96.505ms
[3131.019s][info][gc,cpu         ] GC(680) User=0.54s Sys=0.02s Real=0.10s
...[3134.480s][info][gc,start       ] GC(681) Pause Young (Allocation Failure)
[3134.575s][info][gc,heap        ] GC(681) PSYoungGen: 2562240K(2599424K)->152645K(2599424K) Eden: 2408960K(2408960K)->0K(2418176K) From: 153280K(190464K)->152645K(181248K)
[3134.575s][info][gc,heap        ] GC(681) ParOldGen: 2750244K(2750464K)->2853452K(2853888K)
[3134.575s][info][gc,metaspace   ] GC(681) Metaspace: 29091K(29376K)->29091K(29376K) NonClass: 25987K(26112K)->25987K(26112K) Class: 3103K(3264K)->3103K(3264K)
[3134.575s][info][gc             ] GC(681) Pause Young (Allocation Failure) 5187M->2935M(5325M) 95.859ms
[3134.575s][info][gc,cpu         ] GC(681) User=0.53s Sys=0.03s Real=0.10s
....[3138.137s][info][gc,start       ] GC(682) Pause Young (Allocation Failure)
[3138.234s][info][gc,heap        ] GC(682) PSYoungGen: 2570821K(2599424K)->158784K(2602496K) Eden: 2418176K(2418176K)->0K(2418176K) From: 152645K(181248K)->158784K(184320K)
[3138.234s][info][gc,heap        ] GC(682) ParOldGen: 2853452K(2853888K)->2955332K(2955776K)
[3138.235s][info][gc,metaspace   ] GC(682) Metaspace: 29091K(29376K)->29091K(29376K) NonClass: 25987K(26112K)->25987K(26112K) Class: 3103K(3264K)->3103K(3264K)
[3138.235s][info][gc             ] GC(682) Pause Young (Allocation Failure) 5297M->3041M(5428M) 97.615ms
[3138.235s][info][gc,cpu         ] GC(682) User=0.55s Sys=0.03s Real=0.10s
....[3141.794s][info][gc,start       ] GC(683) Pause Young (Allocation Failure)
[3141.890s][info][gc,heap        ] GC(683) PSYoungGen: 2576960K(2602496K)->150688K(2607104K) Eden: 2418176K(2418176K)->0K(2428928K) From: 158784K(184320K)->150688K(178176K)
[3141.890s][info][gc,heap        ] GC(683) ParOldGen: 2955332K(2955776K)->3059132K(3059200K)
[3141.890s][info][gc,metaspace   ] GC(683) Metaspace: 29091K(29376K)->29091K(29376K) NonClass: 25987K(26112K)->25987K(26112K) Class: 3103K(3264K)->3103K(3264K)
[3141.890s][info][gc             ] GC(683) Pause Young (Allocation Failure) 5402M->3134M(5533M) 96.417ms
[3141.890s][info][gc,cpu         ] GC(683) User=0.52s Sys=0.04s Real=0.09s
...[3145.411s][info][gc,start       ] GC(684) Pause Young (Allocation Failure)
[3145.506s][info][gc,heap        ] GC(684) PSYoungGen: 2579616K(2607104K)->149440K(2610176K) Eden: 2428928K(2428928K)->0K(2428928K) From: 150688K(178176K)->149440K(181248K)
[3145.506s][info][gc,heap        ] GC(684) ParOldGen: 3059132K(3059200K)->3164268K(3164672K)
[3145.506s][info][gc,metaspace   ] GC(684) Metaspace: 29091K(29376K)->29091K(29376K) NonClass: 25987K(26112K)->25987K(26112K) Class: 3103K(3264K)->3103K(3264K)
[3145.506s][info][gc             ] GC(684) Pause Young (Allocation Failure) 5506M->3236M(5639M) 95.243ms
[3145.506s][info][gc,cpu         ] GC(684) User=0.54s Sys=0.02s Real=0.10s
....[3149.120s][info][gc,start       ] GC(685) Pause Young (Allocation Failure)
[3149.219s][info][gc,heap        ] GC(685) PSYoungGen: 2578368K(2610176K)->154560K(2609664K) Eden: 2428928K(2428928K)->0K(2435584K) From: 149440K(181248K)->154560K(174080K)
[3149.219s][info][gc,heap        ] GC(685) ParOldGen: 3164268K(3164672K)->3267852K(3268096K)
[3149.219s][info][gc,metaspace   ] GC(685) Metaspace: 29091K(29376K)->29091K(29376K) NonClass: 25987K(26112K)->25987K(26112K) Class: 3103K(3264K)->3103K(3264K)
[3149.219s][info][gc             ] GC(685) Pause Young (Allocation Failure) 5608M->3342M(5740M) 98.328ms
[3149.219s][info][gc,cpu         ] GC(685) User=0.54s Sys=0.04s Real=0.10s
....[3152.688s][info][gc,start       ] GC(686) Pause Young (Allocation Failure)
[3152.790s][info][gc,heap        ] GC(686) PSYoungGen: 2590144K(2609664K)->161204K(2612736K) Eden: 2435584K(2435584K)->0K(2435584K) From: 154560K(174080K)->161204K(177152K)
[3152.790s][info][gc,heap        ] GC(686) ParOldGen: 3267852K(3268096K)->3373836K(3374080K)
[3152.790s][info][gc,metaspace   ] GC(686) Metaspace: 29091K(29376K)->29091K(29376K) NonClass: 25987K(26112K)->25987K(26112K) Class: 3103K(3264K)->3103K(3264K)
[3152.790s][info][gc             ] GC(686) Pause Young (Allocation Failure) 5720M->3452M(5846M) 101.673ms
[3152.790s][info][gc,cpu         ] GC(686) User=0.57s Sys=0.02s Real=0.10s
...[3156.307s][info][gc,start       ] GC(687) Pause Young (Allocation Failure)
[3156.401s][info][gc,heap        ] GC(687) PSYoungGen: 2596788K(2612736K)->147296K(2616832K) Eden: 2435584K(2435584K)->0K(2441728K) From: 161204K(177152K)->147296K(175104K)
[3156.401s][info][gc,heap        ] GC(687) ParOldGen: 3373836K(3374080K)->3476028K(3476480K)
[3156.401s][info][gc,metaspace   ] GC(687) Metaspace: 29091K(29376K)->29091K(29376K) NonClass: 25987K(26112K)->25987K(26112K) Class: 3103K(3264K)->3103K(3264K)
[3156.401s][info][gc             ] GC(687) Pause Young (Allocation Failure) 5830M->3538M(5950M) 93.864ms
[3156.401s][info][gc,cpu         ] GC(687) User=0.51s Sys=0.04s Real=0.09s
....[3160.080s][info][gc,start       ] GC(688) Pause Young (Allocation Failure)
[3160.181s][info][gc,heap        ] GC(688) PSYoungGen: 2589024K(2616832K)->159604K(2617856K) Eden: 2441728K(2441728K)->0K(2441728K) From: 147296K(175104K)->159604K(176128K)
[3160.181s][info][gc,heap        ] GC(688) ParOldGen: 3476028K(3476480K)->3580124K(3580416K)
[3160.181s][info][gc,metaspace   ] GC(688) Metaspace: 29091K(29376K)->29091K(29376K) NonClass: 25987K(26112K)->25987K(26112K) Class: 3103K(3264K)->3103K(3264K)
[3160.181s][info][gc             ] GC(688) Pause Young (Allocation Failure) 5922M->3652M(6053M) 100.706ms
[3160.181s][info][gc,cpu         ] GC(688) User=0.55s Sys=0.04s Real=0.10s
...[3163.683s][info][gc,start       ] GC(689) Pause Young (Allocation Failure)
[3163.783s][info][gc,heap        ] GC(689) PSYoungGen: 2601332K(2617856K)->157588K(2617856K) Eden: 2441728K(2441728K)->0K(2443776K) From: 159604K(176128K)->157588K(174080K)
[3163.783s][info][gc,heap        ] GC(689) ParOldGen: 3580124K(3580416K)->3686860K(3686912K)
[3163.783s][info][gc,metaspace   ] GC(689) Metaspace: 29091K(29376K)->29091K(29376K) NonClass: 25987K(26112K)->25987K(26112K) Class: 3103K(3264K)->3103K(3264K)
[3163.783s][info][gc             ] GC(689) Pause Young (Allocation Failure) 6036M->3754M(6157M) 100.426ms
[3163.783s][info][gc,cpu         ] GC(689) User=0.55s Sys=0.04s Real=0.10s
....[3167.325s][info][gc,start       ] GC(690) Pause Young (Allocation Failure)
[3167.422s][info][gc,heap        ] GC(690) PSYoungGen: 2601364K(2617856K)->148544K(2618880K) Eden: 2443776K(2443776K)->0K(2443776K) From: 157588K(174080K)->148544K(175104K)
[3167.422s][info][gc,heap        ] GC(690) ParOldGen: 3686860K(3686912K)->3790172K(3790336K)
[3167.422s][info][gc,metaspace   ] GC(690) Metaspace: 29091K(29376K)->29091K(29376K) NonClass: 25987K(26112K)->25987K(26112K) Class: 3103K(3264K)->3103K(3264K)
[3167.422s][info][gc             ] GC(690) Pause Young (Allocation Failure) 6140M->3846M(6259M) 96.419ms
[3167.422s][info][gc,cpu         ] GC(690) User=0.54s Sys=0.02s Real=0.09s
....[3171.026s][info][gc,start       ] GC(691) Pause Young (Allocation Failure)
[3171.127s][info][gc,heap        ] GC(691) PSYoungGen: 2592320K(2618880K)->160532K(2620416K) Eden: 2443776K(2443776K)->0K(2446336K) From: 148544K(175104K)->160532K(174080K)
[3171.127s][info][gc,heap        ] GC(691) ParOldGen: 3790172K(3790336K)->3894364K(3894784K)
[3171.127s][info][gc,metaspace   ] GC(691) Metaspace: 29091K(29376K)->29091K(29376K) NonClass: 25987K(26112K)->25987K(26112K) Class: 3103K(3264K)->3103K(3264K)
[3171.127s][info][gc             ] GC(691) Pause Young (Allocation Failure) 6232M->3959M(6362M) 100.854ms
[3171.127s][info][gc,cpu         ] GC(691) User=0.57s Sys=0.03s Real=0.10s
...[3174.609s][info][gc,start       ] GC(692) Pause Young (Allocation Failure)
[3174.705s][info][gc,heap        ] GC(692) PSYoungGen: 2606868K(2620416K)->147936K(2620928K) Eden: 2446336K(2446336K)->0K(2446336K) From: 160532K(174080K)->147936K(174592K)
[3174.705s][info][gc,heap        ] GC(692) ParOldGen: 3894364K(3894784K)->4000564K(4000768K)
[3174.705s][info][gc,metaspace   ] GC(692) Metaspace: 29091K(29376K)->29091K(29376K) NonClass: 25987K(26112K)->25987K(26112K) Class: 3103K(3264K)->3103K(3264K)
[3174.705s][info][gc             ] GC(692) Pause Young (Allocation Failure) 6348M->4051M(6466M) 96.679ms
[3174.705s][info][gc,cpu         ] GC(692) User=0.53s Sys=0.04s Real=0.10s
....[3178.385s][info][gc,start       ] GC(693) Pause Young (Allocation Failure)
[3178.485s][info][gc,heap        ] GC(693) PSYoungGen: 2594272K(2620928K)->157840K(2620928K) Eden: 2446336K(2446336K)->0K(2447872K) From: 147936K(174592K)->157840K(173056K)
[3178.485s][info][gc,heap        ] GC(693) ParOldGen: 4000564K(4000768K)->4101964K(4102144K)
[3178.485s][info][gc,metaspace   ] GC(693) Metaspace: 29091K(29376K)->29091K(29376K) NonClass: 25987K(26112K)->25987K(26112K) Class: 3103K(3264K)->3103K(3264K)
[3178.485s][info][gc             ] GC(693) Pause Young (Allocation Failure) 6440M->4159M(6565M) 100.108ms
[3178.485s][info][gc,cpu         ] GC(693) User=0.56s Sys=0.03s Real=0.10s
... (rIR:aIR:PR = 4705:4706:4706) (tPR = 70074) [OK] 
  3180s: Performance info:
         Transaction,    Success,    Partial,     Failed,   Receipts, AvgBarcode, 
             Overall,     283095,          0,          0,     268929,      59.47, 
         Response times:
             Request,    Success,    Partial,     Failed,   SkipFail,     Probes,    Samples,      min,      p50,      p90,      p95,      p99,      max, 
       TotalPurchase,     268928,          0,          0,          0,     264600,     282451,      300,     3500,     6000,     7500,    27000,   140000,
     InStorePurchase,     141574,          0,          0,          0,     139653,     148759,      300,     3400,     5900,     7400,    27000,   140000,
      OnlinePurchase,      99048,          0,          0,          0,      97369,     103846,      300,     3500,     6000,     7400,    27530,   115000,
        InstPurchase,      28306,          0,          0,          0,      27578,      29846,      400,     3900,     6200,     7700,    26000,   132000,
          AssocOfCat,        284,          0,          0,          0,        218,        291,    19300,    31000,    46800,    67800,   148000,   161000,
      AssocOfProduct,       2834,          0,          0,          0,       2597,       2983,      900,     4800,     7000,     9780,    39160,   110000,
      BusinessReport,        709,          0,          0,          0,        582,        704,    22000,    33000,    44500,    53000,   136900,   156000,
          CustBuyBeh,       2823,          0,          0,          0,       2559,       2872,      200,     1900,     3900,     5100,    17935,   105000,
       ProductReturn,       7517,          0,          0,          0,       7154,       7873,      200,     3000,     5500,     7100,    25000,   110000,

  3180s: (35%)   IR =   4843 .[3182.040s][info][gc,start       ] GC(694) Pause Young (Allocation Failure)
[3182.137s][info][gc,heap        ] GC(694) PSYoungGen: 2605712K(2620928K)->153440K(2620928K) Eden: 2447872K(2447872K)->0K(2447872K) From: 157840K(173056K)->153440K(173056K)
[3182.137s][info][gc,heap        ] GC(694) ParOldGen: 4101964K(4102144K)->4208068K(4208128K)
[3182.137s][info][gc,metaspace   ] GC(694) Metaspace: 29091K(29376K)->29091K(29376K) NonClass: 25987K(26112K)->25987K(26112K) Class: 3103K(3264K)->3103K(3264K)
[3182.137s][info][gc             ] GC(694) Pause Young (Allocation Failure) 6550M->4259M(6669M) 97.144ms
[3182.137s][info][gc,cpu         ] GC(694) User=0.54s Sys=0.03s Real=0.10s
...[3185.559s][info][gc,start       ] GC(695) Pause Young (Allocation Failure)
[3185.659s][info][gc,heap        ] GC(695) PSYoungGen: 2601312K(2620928K)->154720K(2621440K) Eden: 2447872K(2447872K)->0K(2451456K) From: 153440K(173056K)->154720K(169984K)
[3185.659s][info][gc,heap        ] GC(695) ParOldGen: 4208068K(4208128K)->4313252K(4313600K)
[3185.659s][info][gc,metaspace   ] GC(695) Metaspace: 29091K(29376K)->29091K(29376K) NonClass: 25987K(26112K)->25987K(26112K) Class: 3103K(3264K)->3103K(3264K)
[3185.659s][info][gc             ] GC(695) Pause Young (Allocation Failure) 6649M->4363M(6772M) 100.484ms
[3185.659s][info][gc,cpu         ] GC(695) User=0.56s Sys=0.03s Real=0.10s
..|..[3189.138s][info][gc,start       ] GC(696) Pause Young (Allocation Failure)
[3189.235s][info][gc,heap        ] GC(696) PSYoungGen: 2606176K(2621440K)->153504K(2621440K) Eden: 2451456K(2451456K)->0K(2451456K) From: 154720K(169984K)->153504K(169984K)
[3189.235s][info][gc,heap        ] GC(696) ParOldGen: 4313252K(4313600K)->4417852K(4418048K)
[3189.235s][info][gc,metaspace   ] GC(696) Metaspace: 29091K(29376K)->29091K(29376K) NonClass: 25987K(26112K)->25987K(26112K) Class: 3103K(3264K)->3103K(3264K)
[3189.235s][info][gc             ] GC(696) Pause Young (Allocation Failure) 6757M->4464M(6874M) 96.993ms
[3189.235s][info][gc,cpu         ] GC(696) User=0.54s Sys=0.03s Real=0.10s
...[3192.676s][info][gc,start       ] GC(697) Pause Young (Allocation Failure)
[3192.774s][info][gc,heap        ] GC(697) PSYoungGen: 2604960K(2621440K)->150336K(2625024K) Eden: 2451456K(2451456K)->0K(2456576K) From: 153504K(169984K)->150336K(168448K)
[3192.774s][info][gc,heap        ] GC(697) ParOldGen: 4417852K(4418048K)->4521948K(4521984K)
[3192.774s][info][gc,metaspace   ] GC(697) Metaspace: 29091K(29376K)->29091K(29376K) NonClass: 25987K(26112K)->25987K(26112K) Class: 3103K(3264K)->3103K(3264K)
[3192.774s][info][gc             ] GC(697) Pause Young (Allocation Failure) 6858M->4562M(6979M) 98.164ms
[3192.774s][info][gc,cpu         ] GC(697) User=0.53s Sys=0.04s Real=0.10s
....[3196.232s][info][gc,start       ] GC(698) Pause Young (Allocation Failure)
[3196.331s][info][gc,heap        ] GC(698) PSYoungGen: 2606912K(2625024K)->152256K(2624512K) Eden: 2456576K(2456576K)->0K(2456576K) From: 150336K(168448K)->152256K(167936K)
[3196.331s][info][gc,heap        ] GC(698) ParOldGen: 4521948K(4521984K)->4626580K(4626944K)
[3196.331s][info][gc,metaspace   ] GC(698) Metaspace: 29091K(29376K)->29091K(29376K) NonClass: 25987K(26112K)->25987K(26112K) Class: 3103K(3264K)->3103K(3264K)
[3196.331s][info][gc             ] GC(698) Pause Young (Allocation Failure) 6961M->4666M(7081M) 99.452ms
[3196.332s][info][gc,cpu         ] GC(698) User=0.56s Sys=0.03s Real=0.10s
....[3199.873s][info][gc,start       ] GC(699) Pause Young (Allocation Failure)
[3199.972s][info][gc,heap        ] GC(699) PSYoungGen: 2608832K(2624512K)->155808K(2627072K) Eden: 2456576K(2456576K)->0K(2460160K) From: 152256K(167936K)->155808K(166912K)
[3199.972s][info][gc,heap        ] GC(699) ParOldGen: 4626580K(4626944K)->4729916K(4730368K)
[3199.972s][info][gc,metaspace   ] GC(699) Metaspace: 29091K(29376K)->29091K(29376K) NonClass: 25987K(26112K)->25987K(26112K) Class: 3103K(3264K)->3103K(3264K)
[3199.972s][info][gc             ] GC(699) Pause Young (Allocation Failure) 7065M->4771M(7185M) 99.124ms
[3199.972s][info][gc,cpu         ] GC(699) User=0.55s Sys=0.04s Real=0.10s
...[3203.419s][info][gc,start       ] GC(700) Pause Young (Allocation Failure)
[3203.521s][info][gc,heap        ] GC(700) PSYoungGen: 2615968K(2627072K)->160948K(2626560K) Eden: 2460160K(2460160K)->0K(2460160K) From: 155808K(166912K)->160948K(166400K)
[3203.521s][info][gc,heap        ] GC(700) ParOldGen: 4729916K(4730368K)->4836132K(4836352K)
[3203.521s][info][gc,metaspace   ] GC(700) Metaspace: 29091K(29376K)->29091K(29376K) NonClass: 25987K(26112K)->25987K(26112K) Class: 3103K(3264K)->3103K(3264K)
[3203.521s][info][gc             ] GC(700) Pause Young (Allocation Failure) 7173M->4879M(7288M) 102.063ms
[3203.521s][info][gc,cpu         ] GC(700) User=0.56s Sys=0.03s Real=0.10s
....[3206.998s][info][gc,start       ] GC(701) Pause Young (Allocation Failure)
[3207.096s][info][gc,heap        ] GC(701) PSYoungGen: 2621108K(2626560K)->152128K(2629120K) Eden: 2460160K(2460160K)->0K(2461696K) From: 160948K(166400K)->152128K(167424K)
[3207.096s][info][gc,heap        ] GC(701) ParOldGen: 4836132K(4836352K)->4940860K(4941312K)
[3207.096s][info][gc,metaspace   ] GC(701) Metaspace: 29091K(29376K)->29091K(29376K) NonClass: 25987K(26112K)->25987K(26112K) Class: 3103K(3264K)->3103K(3264K)
[3207.096s][info][gc             ] GC(701) Pause Young (Allocation Failure) 7282M->4973M(7393M) 97.673ms
[3207.096s][info][gc,cpu         ] GC(701) User=0.54s Sys=0.03s Real=0.10s
...[3210.555s][info][gc,start       ] GC(702) Pause Young (Allocation Failure)
[3210.653s][info][gc,heap        ] GC(702) PSYoungGen: 2613824K(2629120K)->156789K(2618880K) Eden: 2461696K(2461696K)->0K(2461696K) From: 152128K(167424K)->156789K(157184K)
[3210.653s][info][gc,heap        ] GC(702) ParOldGen: 4940860K(4941312K)->5044756K(5045248K)
[3210.654s][info][gc,metaspace   ] GC(702) Metaspace: 29091K(29376K)->29091K(29376K) NonClass: 25987K(26112K)->25987K(26112K) Class: 3103K(3264K)->3103K(3264K)
[3210.654s][info][gc             ] GC(702) Pause Young (Allocation Failure) 7377M->5079M(7484M) 98.788ms
[3210.654s][info][gc,cpu         ] GC(702) User=0.54s Sys=0.04s Real=0.10s
....[3214.178s][info][gc,start       ] GC(703) Pause Young (Allocation Failure)
[3214.276s][info][gc,heap        ] GC(703) PSYoungGen: 2618485K(2618880K)->151925K(2628608K) Eden: 2461696K(2461696K)->0K(2462208K) From: 156789K(157184K)->151925K(166400K)
[3214.276s][info][gc,heap        ] GC(703) ParOldGen: 5044756K(5045248K)->5149604K(5149696K)
[3214.276s][info][gc,metaspace   ] GC(703) Metaspace: 29091K(29376K)->29091K(29376K) NonClass: 25987K(26112K)->25987K(26112K) Class: 3103K(3264K)->3103K(3264K)
[3214.276s][info][gc             ] GC(703) Pause Young (Allocation Failure) 7483M->5177M(7596M) 98.800ms
[3214.276s][info][gc,cpu         ] GC(703) User=0.56s Sys=0.02s Real=0.10s
...[3217.752s][info][gc,start       ] GC(704) Pause Young (Allocation Failure)
[3217.851s][info][gc,heap        ] GC(704) PSYoungGen: 2614133K(2628608K)->151808K(2628096K) Eden: 2462208K(2462208K)->0K(2462208K) From: 151925K(166400K)->151808K(165888K)
[3217.851s][info][gc,heap        ] GC(704) ParOldGen: 5149604K(5149696K)->5254644K(5254656K)
[3217.851s][info][gc,metaspace   ] GC(704) Metaspace: 29091K(29376K)->29091K(29376K) NonClass: 25987K(26112K)->25987K(26112K) Class: 3103K(3264K)->3103K(3264K)
[3217.851s][info][gc             ] GC(704) Pause Young (Allocation Failure) 7581M->5279M(7698M) 98.962ms
[3217.851s][info][gc,cpu         ] GC(704) User=0.54s Sys=0.03s Real=0.10s
....[3221.328s][info][gc,start       ] GC(705) Pause Young (Allocation Failure)
[3221.425s][info][gc,heap        ] GC(705) PSYoungGen: 2614016K(2628096K)->146624K(2629120K) Eden: 2462208K(2462208K)->0K(2463744K) From: 151808K(165888K)->146624K(165376K)
[3221.425s][info][gc,heap        ] GC(705) ParOldGen: 5254644K(5254656K)->5360756K(5361152K)
[3221.425s][info][gc,metaspace   ] GC(705) Metaspace: 29091K(29376K)->29091K(29376K) NonClass: 25987K(26112K)->25987K(26112K) Class: 3103K(3264K)->3103K(3264K)
[3221.425s][info][gc             ] GC(705) Pause Young (Allocation Failure) 7684M->5378M(7803M) 96.452ms
[3221.425s][info][gc,cpu         ] GC(705) User=0.54s Sys=0.03s Real=0.10s
..[3223.323s][info][gc,start       ] GC(706) Pause Full (Diagnostic Command)
[3223.323s][info][gc,phases,start] GC(706) Marking Phase
[3223.637s][info][gc,phases      ] GC(706) Marking Phase 313.749ms
[3223.637s][info][gc,phases,start] GC(706) Summary Phase
[3223.637s][info][gc,phases      ] GC(706) Summary Phase 0.088ms
[3223.637s][info][gc,phases,start] GC(706) Forward
[3223.813s][info][gc,phases      ] GC(706) Forward 176.573ms
[3223.813s][info][gc,phases,start] GC(706) Adjust Pointers
[3224.038s][info][gc,phases      ] GC(706) Adjust Pointers 224.796ms
[3224.038s][info][gc,phases,start] GC(706) Compaction Phase
[3224.230s][info][gc,phases      ] GC(706) Compaction Phase 192.289ms
[3224.233s][info][gc,phases,start] GC(706) Post Compact
[3224.239s][info][gc,phases      ] GC(706) Post Compact 6.037ms
[3224.239s][info][gc,heap        ] GC(706) PSYoungGen: 1538542K(2629120K)->0K(2629120K) Eden: 1391918K(2463744K)->0K(2463744K) From: 146624K(165376K)->0K(165376K)
[3224.239s][info][gc,heap        ] GC(706) ParOldGen: 5360756K(5361152K)->1326542K(5361152K)
[3224.239s][info][gc,metaspace   ] GC(706) Metaspace: 29091K(29376K)->29091K(29376K) NonClass: 25987K(26112K)->25987K(26112K) Class: 3103K(3264K)->3103K(3264K)
[3224.239s][info][gc             ] GC(706) Pause Full (Diagnostic Command) 6737M->1295M(7803M) 916.380ms
[3224.239s][info][gc,cpu         ] GC(706) User=4.81s Sys=0.00s Real=0.92s
...[3226.889s][info][gc,start       ] GC(707) Pause Young (Allocation Failure)
[3226.952s][info][gc,heap        ] GC(707) PSYoungGen: 2463744K(2629120K)->152944K(2629120K) Eden: 2463744K(2463744K)->0K(2463744K) From: 0K(165376K)->152944K(165376K)
[3226.952s][info][gc,heap        ] GC(707) ParOldGen: 1326542K(5361152K)->1326542K(5361152K)
[3226.952s][info][gc,metaspace   ] GC(707) Metaspace: 29091K(29376K)->29091K(29376K) NonClass: 25987K(26112K)->25987K(26112K) Class: 3103K(3264K)->3103K(3264K)
[3226.952s][info][gc             ] GC(707) Pause Young (Allocation Failure) 3701M->1444M(7803M) 63.052ms
[3226.952s][info][gc,cpu         ] GC(707) User=0.37s Sys=0.00s Real=0.06s
....[3230.546s][info][gc,start       ] GC(708) Pause Young (Allocation Failure)
[3230.636s][info][gc,heap        ] GC(708) PSYoungGen: 2616688K(2629120K)->152352K(2629632K) Eden: 2463744K(2463744K)->0K(2466304K) From: 152944K(165376K)->152352K(163328K)
[3230.636s][info][gc,heap        ] GC(708) ParOldGen: 1326542K(5361152K)->1429622K(5361152K)
[3230.636s][info][gc,metaspace   ] GC(708) Metaspace: 29091K(29376K)->29091K(29376K) NonClass: 25987K(26112K)->25987K(26112K) Class: 3103K(3264K)->3103K(3264K)
[3230.637s][info][gc             ] GC(708) Pause Young (Allocation Failure) 3850M->1544M(7803M) 90.664ms
[3230.637s][info][gc,cpu         ] GC(708) User=0.53s Sys=0.01s Real=0.09s
...[3234.154s][info][gc,start       ] GC(709) Pause Young (Allocation Failure)
[3234.248s][info][gc,heap        ] GC(709) PSYoungGen: 2618656K(2629632K)->158272K(2629632K) Eden: 2466304K(2466304K)->0K(2466304K) From: 152352K(163328K)->158272K(163328K)
[3234.248s][info][gc,heap        ] GC(709) ParOldGen: 1429622K(5361152K)->1535934K(5361152K)
[3234.248s][info][gc,metaspace   ] GC(709) Metaspace: 29091K(29376K)->29091K(29376K) NonClass: 25987K(26112K)->25987K(26112K) Class: 3103K(3264K)->3103K(3264K)
[3234.248s][info][gc             ] GC(709) Pause Young (Allocation Failure) 3953M->1654M(7803M) 94.093ms
[3234.248s][info][gc,cpu         ] GC(709) User=0.56s Sys=0.00s Real=0.09s
....[3237.721s][info][gc,start       ] GC(710) Pause Young (Allocation Failure)
[3237.819s][info][gc,heap        ] GC(710) PSYoungGen: 2624576K(2629632K)->160384K(2628608K) Eden: 2466304K(2466304K)->0K(2464256K) From: 158272K(163328K)->160384K(164352K)
[3237.819s][info][gc,heap        ] GC(710) ParOldGen: 1535934K(5361152K)->1641494K(5361152K)
[3237.819s][info][gc,metaspace   ] GC(710) Metaspace: 29091K(29376K)->29091K(29376K) NonClass: 25987K(26112K)->25987K(26112K) Class: 3103K(3264K)->3103K(3264K)
[3237.819s][info][gc             ] GC(710) Pause Young (Allocation Failure) 4062M->1759M(7802M) 98.006ms
[3237.819s][info][gc,cpu         ] GC(710) User=0.57s Sys=0.01s Real=0.10s
....[3241.295s][info][gc,start       ] GC(711) Pause Young (Allocation Failure)
[3241.386s][info][gc,heap        ] GC(711) PSYoungGen: 2624640K(2628608K)->147488K(2630144K) Eden: 2464256K(2464256K)->0K(2464256K) From: 160384K(164352K)->147488K(165888K)
[3241.386s][info][gc,heap        ] GC(711) ParOldGen: 1641494K(5361152K)->1745342K(5361152K)
[3241.386s][info][gc,metaspace   ] GC(711) Metaspace: 29091K(29376K)->29091K(29376K) NonClass: 25987K(26112K)->25987K(26112K) Class: 3103K(3264K)->3103K(3264K)
[3241.386s][info][gc             ] GC(711) Pause Young (Allocation Failure) 4166M->1848M(7804M) 90.597ms
[3241.386s][info][gc,cpu         ] GC(711) User=0.53s Sys=0.01s Real=0.09s
...[3244.842s][info][gc,start       ] GC(712) Pause Young (Allocation Failure)
[3244.937s][info][gc,heap        ] GC(712) PSYoungGen: 2611744K(2630144K)->158581K(2629120K) Eden: 2464256K(2464256K)->0K(2463232K) From: 147488K(165888K)->158581K(165888K)
[3244.937s][info][gc,heap        ] GC(712) ParOldGen: 1745342K(5361152K)->1849950K(5361152K)
[3244.937s][info][gc,metaspace   ] GC(712) Metaspace: 29091K(29376K)->29091K(29376K) NonClass: 25987K(26112K)->25987K(26112K) Class: 3103K(3264K)->3103K(3264K)
[3244.937s][info][gc             ] GC(712) Pause Young (Allocation Failure) 4254M->1961M(7803M) 95.463ms
[3244.937s][info][gc,cpu         ] GC(712) User=0.56s Sys=0.00s Real=0.10s
... (rIR:aIR:PR = 4843:4843:4843) (tPR = 72085) [OK] 
  3247s: Performance info:
         Transaction,    Success,    Partial,     Failed,   Receipts, AvgBarcode, 
             Overall,     292784,          0,          0,     278144,      59.47, 
         Response times:
             Request,    Success,    Partial,     Failed,   SkipFail,     Probes,    Samples,      min,      p50,      p90,      p95,      p99,      max, 
       TotalPurchase,     278142,          0,          0,          0,     269745,     301633,      300,     3600,     6200,     7700,    27000,   152000,
     InStorePurchase,     146347,          0,          0,          0,     141960,     158520,      300,     3500,     6300,     7600,    26000,   152000,
      OnlinePurchase,     102490,          0,          0,          0,      99605,     111380,      300,     3800,     6200,     7900,    28000,   152000,
        InstPurchase,      29305,          0,          0,          0,      28180,      31733,      400,     3600,     6200,     7600,    26660,   129000,
          AssocOfCat,        297,          0,          0,          0,        229,        305,    21000,    31000,    38000,    58700,   125200,   142000,
      AssocOfProduct,       2931,          0,          0,          0,       2674,       3219,      800,     4200,     6500,     8200,    28800,   105000,
      BusinessReport,        733,          0,          0,          0,        625,        806,    25000,    34000,    53000,    65000,   147790,   970000,
          CustBuyBeh,       2929,          0,          0,          0,       2623,       3098,      100,     3800,     6200,     8300,    26000,   107000,
       ProductReturn,       7751,          0,          0,          0,       7274,       8480,      200,     3400,     6100,     9000,    29000,   112000,

  3247s: (36%)   IR =   4981 .[3248.433s][info][gc,start       ] GC(713) Pause Young (Allocation Failure)
[3248.524s][info][gc,heap        ] GC(713) PSYoungGen: 2621813K(2629120K)->150368K(2629632K) Eden: 2463232K(2463232K)->0K(2463232K) From: 158581K(165888K)->150368K(166400K)
[3248.524s][info][gc,heap        ] GC(713) ParOldGen: 1849950K(5361152K)->1954902K(5361152K)
[3248.524s][info][gc,metaspace   ] GC(713) Metaspace: 29091K(29376K)->29091K(29376K) NonClass: 25987K(26112K)->25987K(26112K) Class: 3103K(3264K)->3103K(3264K)
[3248.524s][info][gc             ] GC(713) Pause Young (Allocation Failure) 4366M->2055M(7803M) 91.352ms
[3248.524s][info][gc,cpu         ] GC(713) User=0.53s Sys=0.01s Real=0.10s
...|[3251.917s][info][gc,start       ] GC(714) Pause Young (Allocation Failure)
[3252.014s][info][gc,heap        ] GC(714) PSYoungGen: 2613600K(2629632K)->164916K(2624000K) Eden: 2463232K(2463232K)->0K(2458112K) From: 150368K(166400K)->164916K(165888K)
[3252.014s][info][gc,heap        ] GC(714) ParOldGen: 1954902K(5361152K)->2060342K(5361152K)
[3252.014s][info][gc,metaspace   ] GC(714) Metaspace: 29091K(29376K)->29091K(29376K) NonClass: 25987K(26112K)->25987K(26112K) Class: 3103K(3264K)->3103K(3264K)
[3252.014s][info][gc             ] GC(714) Pause Young (Allocation Failure) 4461M->2173M(7798M) 97.283ms
[3252.014s][info][gc,cpu         ] GC(714) User=0.57s Sys=0.00s Real=0.10s
....[3255.364s][info][gc,start       ] GC(715) Pause Young (Allocation Failure)
[3255.455s][info][gc,heap        ] GC(715) PSYoungGen: 2623028K(2624000K)->148480K(2627072K) Eden: 2458112K(2458112K)->0K(2458112K) From: 164916K(165888K)->148480K(168960K)
[3255.455s][info][gc,heap        ] GC(715) ParOldGen: 2060342K(5361152K)->2166038K(5361152K)
[3255.455s][info][gc,metaspace   ] GC(715) Metaspace: 29091K(29376K)->29091K(29376K) NonClass: 25987K(26112K)->25987K(26112K) Class: 3103K(3264K)->3103K(3264K)
[3255.455s][info][gc             ] GC(715) Pause Young (Allocation Failure) 4573M->2260M(7801M) 91.131ms
[3255.455s][info][gc,cpu         ] GC(715) User=0.53s Sys=0.00s Real=0.09s
...[3258.895s][info][gc,start       ] GC(716) Pause Young (Allocation Failure)
[3258.990s][info][gc,heap        ] GC(716) PSYoungGen: 2606592K(2627072K)->158016K(2626560K) Eden: 2458112K(2458112K)->0K(2458624K) From: 148480K(168960K)->158016K(167936K)
[3258.990s][info][gc,heap        ] GC(716) ParOldGen: 2166038K(5361152K)->2269574K(5361152K)
[3258.990s][info][gc,metaspace   ] GC(716) Metaspace: 29091K(29376K)->29091K(29376K) NonClass: 25987K(26112K)->25987K(26112K) Class: 3103K(3264K)->3103K(3264K)
[3258.990s][info][gc             ] GC(716) Pause Young (Allocation Failure) 4660M->2370M(7800M) 95.617ms
[3258.990s][info][gc,cpu         ] GC(716) User=0.56s Sys=0.00s Real=0.09s
...[3262.333s][info][gc,start       ] GC(717) Pause Young (Allocation Failure)
[3262.425s][info][gc,heap        ] GC(717) PSYoungGen: 2616640K(2626560K)->147584K(2627072K) Eden: 2458624K(2458624K)->0K(2458624K) From: 158016K(167936K)->147584K(168448K)
[3262.425s][info][gc,heap        ] GC(717) ParOldGen: 2269574K(5361152K)->2375278K(5361152K)
[3262.425s][info][gc,metaspace   ] GC(717) Metaspace: 29091K(29376K)->29091K(29376K) NonClass: 25987K(26112K)->25987K(26112K) Class: 3103K(3264K)->3103K(3264K)
[3262.425s][info][gc             ] GC(717) Pause Young (Allocation Failure) 4771M->2463M(7801M) 92.164ms
[3262.425s][info][gc,cpu         ] GC(717) User=0.54s Sys=0.00s Real=0.10s
....[3265.803s][info][gc,start       ] GC(718) Pause Young (Allocation Failure)
[3265.897s][info][gc,heap        ] GC(718) PSYoungGen: 2606208K(2627072K)->152160K(2625536K) Eden: 2458624K(2458624K)->0K(2459136K) From: 147584K(168448K)->152160K(166400K)
[3265.897s][info][gc,heap        ] GC(718) ParOldGen: 2375278K(5361152K)->2479438K(5361152K)
[3265.897s][info][gc,metaspace   ] GC(718) Metaspace: 29091K(29376K)->29091K(29376K) NonClass: 25987K(26112K)->25987K(26112K) Class: 3103K(3264K)->3103K(3264K)
[3265.897s][info][gc             ] GC(718) Pause Young (Allocation Failure) 4864M->2569M(7799M) 93.200ms
[3265.897s][info][gc,cpu         ] GC(718) User=0.55s Sys=0.00s Real=0.09s
...[3269.248s][info][gc,start       ] GC(719) Pause Young (Allocation Failure)
[3269.341s][info][gc,heap        ] GC(719) PSYoungGen: 2611296K(2625536K)->152288K(2626560K) Eden: 2459136K(2459136K)->0K(2459136K) From: 152160K(166400K)->152288K(167424K)
[3269.341s][info][gc,heap        ] GC(719) ParOldGen: 2479438K(5361152K)->2584766K(5361152K)
[3269.341s][info][gc,metaspace   ] GC(719) Metaspace: 29091K(29376K)->29091K(29376K) NonClass: 25987K(26112K)->25987K(26112K) Class: 3103K(3264K)->3103K(3264K)
[3269.341s][info][gc             ] GC(719) Pause Young (Allocation Failure) 4971M->2672M(7800M) 93.270ms
[3269.341s][info][gc,cpu         ] GC(719) User=0.55s Sys=0.00s Real=0.09s
....[3272.797s][info][gc,start       ] GC(720) Pause Young (Allocation Failure)
[3272.888s][info][gc,heap        ] GC(720) PSYoungGen: 2611424K(2626560K)->152992K(2625536K) Eden: 2459136K(2459136K)->0K(2462208K) From: 152288K(167424K)->152992K(163328K)
[3272.888s][info][gc,heap        ] GC(720) ParOldGen: 2584766K(5361152K)->2688918K(5361152K)
[3272.888s][info][gc,metaspace   ] GC(720) Metaspace: 29091K(29376K)->29091K(29376K) NonClass: 25987K(26112K)->25987K(26112K) Class: 3103K(3264K)->3103K(3264K)
[3272.888s][info][gc             ] GC(720) Pause Young (Allocation Failure) 5074M->2775M(7799M) 91.856ms
[3272.888s][info][gc,cpu         ] GC(720) User=0.53s Sys=0.00s Real=0.09s
...[3276.214s][info][gc,start       ] GC(721) Pause Young (Allocation Failure)
[3276.305s][info][gc,heap        ] GC(721) PSYoungGen: 2615200K(2625536K)->146880K(2627072K) Eden: 2462208K(2462208K)->0K(2462208K) From: 152992K(163328K)->146880K(164864K)
[3276.305s][info][gc,heap        ] GC(721) ParOldGen: 2688918K(5361152K)->2795790K(5361152K)
[3276.305s][info][gc,metaspace   ] GC(721) Metaspace: 29091K(29376K)->29091K(29376K) NonClass: 25987K(26112K)->25987K(26112K) Class: 3103K(3264K)->3103K(3264K)
[3276.306s][info][gc             ] GC(721) Pause Young (Allocation Failure) 5179M->2873M(7801M) 91.296ms
[3276.306s][info][gc,cpu         ] GC(721) User=0.53s Sys=0.00s Real=0.09s
....[3279.724s][info][gc,start       ] GC(722) Pause Young (Allocation Failure)
[3279.818s][info][gc,heap        ] GC(722) PSYoungGen: 2609088K(2627072K)->151328K(2630144K) Eden: 2462208K(2462208K)->0K(2466304K) From: 146880K(164864K)->151328K(163840K)
[3279.818s][info][gc,heap        ] GC(722) ParOldGen: 2795790K(5361152K)->2899518K(5361152K)
[3279.818s][info][gc,metaspace   ] GC(722) Metaspace: 29091K(29376K)->29091K(29376K) NonClass: 25987K(26112K)->25987K(26112K) Class: 3103K(3264K)->3103K(3264K)
[3279.818s][info][gc             ] GC(722) Pause Young (Allocation Failure) 5278M->2979M(7804M) 94.421ms
[3279.818s][info][gc,cpu         ] GC(722) User=0.56s Sys=0.00s Real=0.09s
...[3283.198s][info][gc,start       ] GC(723) Pause Young (Allocation Failure)
[3283.289s][info][gc,heap        ] GC(723) PSYoungGen: 2617632K(2630144K)->148544K(2630656K) Eden: 2466304K(2466304K)->0K(2466304K) From: 151328K(163840K)->148544K(164352K)
[3283.289s][info][gc,heap        ] GC(723) ParOldGen: 2899518K(5361152K)->3004662K(5361152K)
[3283.289s][info][gc,metaspace   ] GC(723) Metaspace: 29091K(29376K)->29091K(29376K) NonClass: 25987K(26112K)->25987K(26112K) Class: 3103K(3264K)->3103K(3264K)
[3283.289s][info][gc             ] GC(723) Pause Young (Allocation Failure) 5387M->3079M(7804M) 90.986ms
[3283.289s][info][gc,cpu         ] GC(723) User=0.54s Sys=0.00s Real=0.09s
....[3286.705s][info][gc,start       ] GC(724) Pause Young (Allocation Failure)
[3286.805s][info][gc,heap        ] GC(724) PSYoungGen: 2614848K(2630656K)->162224K(2627072K) Eden: 2466304K(2466304K)->0K(2463232K) From: 148544K(164352K)->162224K(163840K)
[3286.805s][info][gc,heap        ] GC(724) ParOldGen: 3004662K(5361152K)->3109422K(5361152K)
[3286.805s][info][gc,metaspace   ] GC(724) Metaspace: 29091K(29376K)->29091K(29376K) NonClass: 25987K(26112K)->25987K(26112K) Class: 3103K(3264K)->3103K(3264K)
[3286.805s][info][gc             ] GC(724) Pause Young (Allocation Failure) 5487M->3194M(7801M) 99.851ms
[3286.805s][info][gc,cpu         ] GC(724) User=0.59s Sys=0.00s Real=0.10s
...[3290.156s][info][gc,start       ] GC(725) Pause Young (Allocation Failure)
[3290.253s][info][gc,heap        ] GC(725) PSYoungGen: 2625456K(2627072K)->156128K(2629632K) Eden: 2463232K(2463232K)->0K(2463232K) From: 162224K(163840K)->156128K(166400K)
[3290.253s][info][gc,heap        ] GC(725) ParOldGen: 3109422K(5361152K)->3215382K(5361152K)
[3290.253s][info][gc,metaspace   ] GC(725) Metaspace: 29091K(29376K)->29091K(29376K) NonClass: 25987K(26112K)->25987K(26112K) Class: 3103K(3264K)->3103K(3264K)
[3290.253s][info][gc             ] GC(725) Pause Young (Allocation Failure) 5600M->3292M(7803M) 96.686ms
[3290.253s][info][gc,cpu         ] GC(725) User=0.56s Sys=0.00s Real=0.09s
....[3293.690s][info][gc,start       ] GC(726) Pause Young (Allocation Failure)
[3293.787s][info][gc,heap        ] GC(726) PSYoungGen: 2619360K(2629632K)->159237K(2628096K) Eden: 2463232K(2463232K)->0K(2462208K) From: 156128K(166400K)->159237K(165888K)
[3293.787s][info][gc,heap        ] GC(726) ParOldGen: 3215382K(5361152K)->3317582K(5361152K)
[3293.787s][info][gc,metaspace   ] GC(726) Metaspace: 29091K(29376K)->29091K(29376K) NonClass: 25987K(26112K)->25987K(26112K) Class: 3103K(3264K)->3103K(3264K)
[3293.787s][info][gc             ] GC(726) Pause Young (Allocation Failure) 5697M->3395M(7802M) 97.396ms
[3293.787s][info][gc,cpu         ] GC(726) User=0.57s Sys=0.00s Real=0.10s
...[3297.161s][info][gc,start       ] GC(727) Pause Young (Allocation Failure)
[3297.254s][info][gc,heap        ] GC(727) PSYoungGen: 2621445K(2628096K)->147328K(2629120K) Eden: 2462208K(2462208K)->0K(2462208K) From: 159237K(165888K)->147328K(166912K)
[3297.254s][info][gc,heap        ] GC(727) ParOldGen: 3317582K(5361152K)->3425102K(5361152K)
[3297.254s][info][gc,metaspace   ] GC(727) Metaspace: 29091K(29376K)->29091K(29376K) NonClass: 25987K(26112K)->25987K(26112K) Class: 3103K(3264K)->3103K(3264K)
[3297.254s][info][gc             ] GC(727) Pause Young (Allocation Failure) 5799M->3488M(7803M) 92.854ms
[3297.254s][info][gc,cpu         ] GC(727) User=0.55s Sys=0.00s Real=0.10s
....[3300.666s][info][gc,start       ] GC(728) Pause Young (Allocation Failure)
[3300.760s][info][gc,heap        ] GC(728) PSYoungGen: 2609536K(2629120K)->153728K(2626048K) Eden: 2462208K(2462208K)->0K(2462208K) From: 147328K(166912K)->153728K(163840K)
[3300.760s][info][gc,heap        ] GC(728) ParOldGen: 3425102K(5361152K)->3529454K(5361152K)
[3300.760s][info][gc,metaspace   ] GC(728) Metaspace: 29091K(29376K)->29091K(29376K) NonClass: 25987K(26112K)->25987K(26112K) Class: 3103K(3264K)->3103K(3264K)
[3300.760s][info][gc             ] GC(728) Pause Young (Allocation Failure) 5893M->3596M(7800M) 94.468ms
[3300.760s][info][gc,cpu         ] GC(728) User=0.56s Sys=0.00s Real=0.09s
...[3304.105s][info][gc,start       ] GC(729) Pause Young (Allocation Failure)
[3304.200s][info][gc,heap        ] GC(729) PSYoungGen: 2615936K(2626048K)->153056K(2627584K) Eden: 2462208K(2462208K)->0K(2462208K) From: 153728K(163840K)->153056K(165376K)
[3304.200s][info][gc,heap        ] GC(729) ParOldGen: 3529454K(5361152K)->3635694K(5361152K)
[3304.200s][info][gc,metaspace   ] GC(729) Metaspace: 29091K(29376K)->29091K(29376K) NonClass: 25987K(26112K)->25987K(26112K) Class: 3103K(3264K)->3103K(3264K)
[3304.200s][info][gc             ] GC(729) Pause Young (Allocation Failure) 6001M->3699M(7801M) 94.760ms
[3304.200s][info][gc,cpu         ] GC(729) User=0.55s Sys=0.00s Real=0.09s
....[3307.581s][info][gc,start       ] GC(730) Pause Young (Allocation Failure)
[3307.674s][info][gc,heap        ] GC(730) PSYoungGen: 2615264K(2627584K)->150240K(2629120K) Eden: 2462208K(2462208K)->0K(2466304K) From: 153056K(165376K)->150240K(162816K)
[3307.674s][info][gc,heap        ] GC(730) ParOldGen: 3635694K(5361152K)->3740302K(5361152K)
[3307.674s][info][gc,metaspace   ] GC(730) Metaspace: 29091K(29376K)->29091K(29376K) NonClass: 25987K(26112K)->25987K(26112K) Class: 3103K(3264K)->3103K(3264K)
[3307.674s][info][gc             ] GC(730) Pause Young (Allocation Failure) 6104M->3799M(7803M) 93.299ms
[3307.674s][info][gc,cpu         ] GC(730) User=0.55s Sys=0.00s Real=0.10s
...[3311.090s][info][gc,start       ] GC(731) Pause Young (Allocation Failure)
[3311.186s][info][gc,heap        ] GC(731) PSYoungGen: 2616544K(2629120K)->155072K(2630144K) Eden: 2466304K(2466304K)->0K(2466304K) From: 150240K(162816K)->155072K(163840K)
[3311.186s][info][gc,heap        ] GC(731) ParOldGen: 3740302K(5361152K)->3844590K(5361152K)
[3311.186s][info][gc,metaspace   ] GC(731) Metaspace: 29091K(29376K)->29091K(29376K) NonClass: 25987K(26112K)->25987K(26112K) Class: 3103K(3264K)->3103K(3264K)
[3311.186s][info][gc             ] GC(731) Pause Young (Allocation Failure) 6207M->3905M(7804M) 96.004ms
[3311.186s][info][gc,cpu         ] GC(731) User=0.56s Sys=0.00s Real=0.10s
. (rIR:aIR:PR = 4981:4983:4983) (tPR = 74447) [OK] 
  3311s: Performance info:
         Transaction,    Success,    Partial,     Failed,   Receipts, AvgBarcode, 
             Overall,     299653,          0,          0,     284654,      59.46, 
         Response times:
             Request,    Success,    Partial,     Failed,   SkipFail,     Probes,    Samples,      min,      p50,      p90,      p95,      p99,      max, 
       TotalPurchase,     284654,          0,          0,          0,     279968,     298988,      300,     3700,     6400,     8000,    29000,   167000,
     InStorePurchase,     149748,          0,          0,          0,     147591,     157185,      300,     3600,     6300,     7900,    28000,   167000,
      OnlinePurchase,     104903,          0,          0,          0,     103160,     110140,      300,     3700,     6400,     8000,    30000,   132000,
        InstPurchase,      30003,          0,          0,          0,      29217,      31663,      400,     4000,     6500,     8400,    30000,   110000,
          AssocOfCat,        301,          0,          0,          0,        228,        318,    18200,    31000,    43000,    50000,    59810,   140000,
      AssocOfProduct,       3002,          0,          0,          0,       2752,       3119,      700,     4600,     6900,     9200,    32000,   108000,
      BusinessReport,        749,          0,          0,          0,        638,        747,    24000,    34000,    47000,    54000,   133120,   169000,
          CustBuyBeh,       3004,          0,          0,          0,       2750,       3097,      300,     3300,     6100,     7400,    29020,   103000,
       ProductReturn,       7943,          0,          0,          0,       7609,       8279,      200,     3200,     6100,     7900,    26000,   106000,

  3311s: (37%)   IR =   5120 ..[3314.409s][info][gc,start       ] GC(732) Pause Young (Allocation Failure)
[3314.505s][info][gc,heap        ] GC(732) PSYoungGen: 2621376K(2630144K)->154661K(2631168K) Eden: 2466304K(2466304K)->0K(2468352K) From: 155072K(163840K)->154661K(162816K)
[3314.505s][info][gc,heap        ] GC(732) ParOldGen: 3844590K(5361152K)->3950558K(5361152K)
[3314.505s][info][gc,metaspace   ] GC(732) Metaspace: 29091K(29376K)->29091K(29376K) NonClass: 25987K(26112K)->25987K(26112K) Class: 3103K(3264K)->3103K(3264K)
[3314.505s][info][gc             ] GC(732) Pause Young (Allocation Failure) 6314M->4009M(7805M) 95.537ms
[3314.506s][info][gc,cpu         ] GC(732) User=0.56s Sys=0.01s Real=0.10s
....|[3317.868s][info][gc,start       ] GC(733) Pause Young (Allocation Failure)
[3317.962s][info][gc,heap        ] GC(733) PSYoungGen: 2623013K(2631168K)->154528K(2631680K) Eden: 2468352K(2468352K)->0K(2468352K) From: 154661K(162816K)->154528K(163328K)
[3317.962s][info][gc,heap        ] GC(733) ParOldGen: 3950558K(5361152K)->4053086K(5361152K)
[3317.962s][info][gc,metaspace   ] GC(733) Metaspace: 29091K(29376K)->29091K(29376K) NonClass: 25987K(26112K)->25987K(26112K) Class: 3103K(3264K)->3103K(3264K)
[3317.962s][info][gc             ] GC(733) Pause Young (Allocation Failure) 6419M->4108M(7805M) 93.999ms
[3317.962s][info][gc,cpu         ] GC(733) User=0.56s Sys=0.00s Real=0.09s
...[3321.311s][info][gc,start       ] GC(734) Pause Young (Allocation Failure)
[3321.406s][info][gc,heap        ] GC(734) PSYoungGen: 2622880K(2631680K)->151424K(2631680K) Eden: 2468352K(2468352K)->0K(2469888K) From: 154528K(163328K)->151424K(161792K)
[3321.406s][info][gc,heap        ] GC(734) ParOldGen: 4053086K(5361152K)->4159078K(5361152K)
[3321.406s][info][gc,metaspace   ] GC(734) Metaspace: 29091K(29376K)->29091K(29376K) NonClass: 25987K(26112K)->25987K(26112K) Class: 3103K(3264K)->3103K(3264K)
[3321.406s][info][gc             ] GC(734) Pause Young (Allocation Failure) 6519M->4209M(7805M) 95.542ms
[3321.406s][info][gc,cpu         ] GC(734) User=0.56s Sys=0.00s Real=0.10s
....[3324.751s][info][gc,start       ] GC(735) Pause Young (Allocation Failure)
[3324.847s][info][gc,heap        ] GC(735) PSYoungGen: 2621312K(2631680K)->157504K(2632192K) Eden: 2469888K(2469888K)->0K(2469888K) From: 151424K(161792K)->157504K(162304K)
[3324.847s][info][gc,heap        ] GC(735) ParOldGen: 4159078K(5361152K)->4265414K(5361152K)
[3324.847s][info][gc,metaspace   ] GC(735) Metaspace: 29091K(29376K)->29091K(29376K) NonClass: 25987K(26112K)->25987K(26112K) Class: 3103K(3264K)->3103K(3264K)
[3324.847s][info][gc             ] GC(735) Pause Young (Allocation Failure) 6621M->4319M(7806M) 96.034ms
[3324.847s][info][gc,cpu         ] GC(735) User=0.56s Sys=0.00s Real=0.10s
...[3328.073s][info][gc,start       ] GC(736) Pause Young (Allocation Failure)
[3328.170s][info][gc,heap        ] GC(736) PSYoungGen: 2627392K(2632192K)->152800K(2632192K) Eden: 2469888K(2469888K)->0K(2470912K) From: 157504K(162304K)->152800K(161280K)
[3328.170s][info][gc,heap        ] GC(736) ParOldGen: 4265414K(5361152K)->4372238K(5361152K)
[3328.170s][info][gc,metaspace   ] GC(736) Metaspace: 29091K(29376K)->29091K(29376K) NonClass: 25987K(26112K)->25987K(26112K) Class: 3103K(3264K)->3103K(3264K)
[3328.170s][info][gc             ] GC(736) Pause Young (Allocation Failure) 6731M->4418M(7806M) 96.829ms
[3328.170s][info][gc,cpu         ] GC(736) User=0.57s Sys=0.00s Real=0.10s
...[3331.455s][info][gc,start       ] GC(737) Pause Young (Allocation Failure)
[3331.548s][info][gc,heap        ] GC(737) PSYoungGen: 2623712K(2632192K)->152448K(2632704K) Eden: 2470912K(2470912K)->0K(2470912K) From: 152800K(161280K)->152448K(161792K)
[3331.548s][info][gc,heap        ] GC(737) ParOldGen: 4372238K(5361152K)->4475326K(5361152K)
[3331.548s][info][gc,metaspace   ] GC(737) Metaspace: 29091K(29376K)->29091K(29376K) NonClass: 25987K(26112K)->25987K(26112K) Class: 3103K(3264K)->3103K(3264K)
[3331.548s][info][gc             ] GC(737) Pause Young (Allocation Failure) 6831M->4519M(7806M) 93.017ms
[3331.548s][info][gc,cpu         ] GC(737) User=0.54s Sys=0.00s Real=0.09s
....[3334.864s][info][gc,start       ] GC(738) Pause Young (Allocation Failure)
[3334.959s][info][gc,heap        ] GC(738) PSYoungGen: 2623360K(2632704K)->154432K(2633216K) Eden: 2470912K(2470912K)->0K(2472960K) From: 152448K(161792K)->154432K(160256K)
[3334.959s][info][gc,heap        ] GC(738) ParOldGen: 4475326K(5361152K)->4580214K(5361152K)
[3334.959s][info][gc,metaspace   ] GC(738) Metaspace: 29091K(29376K)->29091K(29376K) NonClass: 25987K(26112K)->25987K(26112K) Class: 3103K(3264K)->3103K(3264K)
[3334.959s][info][gc             ] GC(738) Pause Young (Allocation Failure) 6932M->4623M(7807M) 95.742ms
[3334.959s][info][gc,cpu         ] GC(738) User=0.55s Sys=0.00s Real=0.09s
...[3338.258s][info][gc,start       ] GC(739) Pause Young (Allocation Failure)
[3338.352s][info][gc,heap        ] GC(739) PSYoungGen: 2627392K(2633216K)->147968K(2633728K) Eden: 2472960K(2472960K)->0K(2472960K) From: 154432K(160256K)->147968K(160768K)
[3338.352s][info][gc,heap        ] GC(739) ParOldGen: 4580214K(5361152K)->4685958K(5361152K)
[3338.352s][info][gc,metaspace   ] GC(739) Metaspace: 29091K(29376K)->29091K(29376K) NonClass: 25987K(26112K)->25987K(26112K) Class: 3103K(3264K)->3103K(3264K)
[3338.352s][info][gc             ] GC(739) Pause Young (Allocation Failure) 7038M->4720M(7807M) 93.810ms
[3338.352s][info][gc,cpu         ] GC(739) User=0.54s Sys=0.00s Real=0.09s
....[3341.672s][info][gc,start       ] GC(740) Pause Young (Allocation Failure)
[3341.766s][info][gc,heap        ] GC(740) PSYoungGen: 2620928K(2633728K)->153088K(2633728K) Eden: 2472960K(2472960K)->0K(2473984K) From: 147968K(160768K)->153088K(159744K)
[3341.766s][info][gc,heap        ] GC(740) ParOldGen: 4685958K(5361152K)->4789982K(5361152K)
[3341.766s][info][gc,metaspace   ] GC(740) Metaspace: 29091K(29376K)->29091K(29376K) NonClass: 25987K(26112K)->25987K(26112K) Class: 3103K(3264K)->3103K(3264K)
[3341.766s][info][gc             ] GC(740) Pause Young (Allocation Failure) 7135M->4827M(7807M) 94.169ms
[3341.766s][info][gc,cpu         ] GC(740) User=0.56s Sys=0.01s Real=0.10s
...[3345.065s][info][gc,start       ] GC(741) Pause Young (Allocation Failure)
[3345.163s][info][gc,heap        ] GC(741) PSYoungGen: 2627072K(2633728K)->155040K(2634240K) Eden: 2473984K(2473984K)->0K(2473984K) From: 153088K(159744K)->155040K(160256K)
[3345.163s][info][gc,heap        ] GC(741) ParOldGen: 4789982K(5361152K)->4895854K(5361152K)
[3345.163s][info][gc,metaspace   ] GC(741) Metaspace: 29091K(29376K)->29091K(29376K) NonClass: 25987K(26112K)->25987K(26112K) Class: 3103K(3264K)->3103K(3264K)
[3345.163s][info][gc             ] GC(741) Pause Young (Allocation Failure) 7243M->4932M(7808M) 98.309ms
[3345.163s][info][gc,cpu         ] GC(741) User=0.57s Sys=0.00s Real=0.10s
...[3348.480s][info][gc,start       ] GC(742) Pause Young (Allocation Failure)
[3348.577s][info][gc,heap        ] GC(742) PSYoungGen: 2629024K(2634240K)->151328K(2635776K) Eden: 2473984K(2473984K)->0K(2475520K) From: 155040K(160256K)->151328K(160256K)
[3348.577s][info][gc,heap        ] GC(742) ParOldGen: 4895854K(5361152K)->5000990K(5361152K)
[3348.577s][info][gc,metaspace   ] GC(742) Metaspace: 29091K(29376K)->29091K(29376K) NonClass: 25987K(26112K)->25987K(26112K) Class: 3103K(3264K)->3103K(3264K)
[3348.577s][info][gc             ] GC(742) Pause Young (Allocation Failure) 7348M->5031M(7809M) 96.766ms
[3348.577s][info][gc,cpu         ] GC(742) User=0.57s Sys=0.00s Real=0.10s
....[3351.906s][info][gc,start       ] GC(743) Pause Young (Allocation Failure)
[3352.003s][info][gc,heap        ] GC(743) PSYoungGen: 2626848K(2635776K)->154240K(2630144K) Eden: 2475520K(2475520K)->0K(2475520K) From: 151328K(160256K)->154240K(154624K)
[3352.003s][info][gc,heap        ] GC(743) ParOldGen: 5000990K(5361152K)->5105598K(5361152K)
[3352.003s][info][gc,metaspace   ] GC(743) Metaspace: 29091K(29376K)->29091K(29376K) NonClass: 25987K(26112K)->25987K(26112K) Class: 3103K(3264K)->3103K(3264K)
[3352.003s][info][gc             ] GC(743) Pause Young (Allocation Failure) 7449M->5136M(7804M) 97.394ms
[3352.003s][info][gc,cpu         ] GC(743) User=0.57s Sys=0.00s Real=0.09s
...[3355.333s][info][gc,start       ] GC(744) Pause Young (Allocation Failure)
[3355.431s][info][gc,heap        ] GC(744) PSYoungGen: 2629760K(2630144K)->155456K(2634752K) Eden: 2475520K(2475520K)->0K(2475008K) From: 154240K(154624K)->155456K(159744K)
[3355.431s][info][gc,heap        ] GC(744) ParOldGen: 5105598K(5361152K)->5211222K(5361152K)
[3355.431s][info][gc,metaspace   ] GC(744) Metaspace: 29091K(29376K)->29091K(29376K) NonClass: 25987K(26112K)->25987K(26112K) Class: 3103K(3264K)->3103K(3264K)
[3355.431s][info][gc             ] GC(744) Pause Young (Allocation Failure) 7554M->5240M(7808M) 98.853ms
[3355.431s][info][gc,cpu         ] GC(744) User=0.58s Sys=0.00s Real=0.10s
....[3358.775s][info][gc,start       ] GC(745) Pause Young (Allocation Failure)
[3358.872s][info][gc,heap        ] GC(745) PSYoungGen: 2630464K(2634752K)->153248K(2635264K) Eden: 2475008K(2475008K)->0K(2475008K) From: 155456K(159744K)->153248K(160256K)
[3358.872s][info][gc,heap        ] GC(745) ParOldGen: 5211222K(5361152K)->5316630K(5361152K)
[3358.872s][info][gc,metaspace   ] GC(745) Metaspace: 29091K(29376K)->29091K(29376K) NonClass: 25987K(26112K)->25987K(26112K) Class: 3103K(3264K)->3103K(3264K)
[3358.872s][info][gc             ] GC(745) Pause Young (Allocation Failure) 7657M->5341M(7809M) 96.925ms
[3358.872s][info][gc,cpu         ] GC(745) User=0.57s Sys=0.00s Real=0.09s
...[3362.149s][info][gc,start       ] GC(746) Pause Young (Allocation Failure)
[3362.250s][info][gc,heap        ] GC(746) PSYoungGen: 2628256K(2635264K)->156480K(2634240K) Eden: 2475008K(2475008K)->0K(2475008K) From: 153248K(160256K)->156480K(159232K)
[3362.250s][info][gc,heap        ] GC(746) ParOldGen: 5316630K(5361152K)->5422470K(5422592K)
[3362.250s][info][gc,metaspace   ] GC(746) Metaspace: 29091K(29376K)->29091K(29376K) NonClass: 25987K(26112K)->25987K(26112K) Class: 3103K(3264K)->3103K(3264K)
[3362.250s][info][gc             ] GC(746) Pause Young (Allocation Failure) 7758M->5448M(7868M) 101.292ms
[3362.250s][info][gc,cpu         ] GC(746) User=0.57s Sys=0.02s Real=0.10s
...[3365.525s][info][gc,start       ] GC(747) Pause Young (Allocation Failure)
[3365.625s][info][gc,heap        ] GC(747) PSYoungGen: 2631488K(2634240K)->149952K(2635264K) Eden: 2475008K(2475008K)->0K(2475008K) From: 156480K(159232K)->149952K(160256K)
[3365.625s][info][gc,heap        ] GC(747) ParOldGen: 5422470K(5422592K)->5527966K(5528064K)
[3365.625s][info][gc,metaspace   ] GC(747) Metaspace: 29091K(29376K)->29091K(29376K) NonClass: 25987K(26112K)->25987K(26112K) Class: 3103K(3264K)->3103K(3264K)
[3365.625s][info][gc             ] GC(747) Pause Young (Allocation Failure) 7865M->5544M(7972M) 100.568ms
[3365.625s][info][gc,cpu         ] GC(747) User=0.54s Sys=0.05s Real=0.10s
....[3368.925s][info][gc,start       ] GC(748) Pause Full (Allocation Failure)
[3368.925s][info][gc,phases,start] GC(748) Marking Phase
[3369.237s][info][gc,phases      ] GC(748) Marking Phase 311.194ms
[3369.237s][info][gc,phases,start] GC(748) Summary Phase
[3369.237s][info][gc,phases      ] GC(748) Summary Phase 0.098ms
[3369.237s][info][gc,phases,start] GC(748) Forward
[3369.368s][info][gc,phases      ] GC(748) Forward 131.286ms
[3369.368s][info][gc,phases,start] GC(748) Adjust Pointers
[3369.575s][info][gc,phases      ] GC(748) Adjust Pointers 207.298ms
[3369.575s][info][gc,phases,start] GC(748) Compaction Phase
[3369.721s][info][gc,phases      ] GC(748) Compaction Phase 145.167ms
[3369.722s][info][gc,phases,start] GC(748) Post Compact
[3369.729s][info][gc,phases      ] GC(748) Post Compact 6.916ms
[3369.860s][info][gc,heap        ] GC(748) PSYoungGen: 2624960K(2635264K)->0K(2635776K) Eden: 2475008K(2475008K)->0K(2475520K) From: 149952K(160256K)->0K(160256K)
[3369.860s][info][gc,heap        ] GC(748) ParOldGen: 5527966K(5528064K)->1602665K(1861120K)
[3369.860s][info][gc,metaspace   ] GC(748) Metaspace: 29091K(29376K)->29091K(29376K) NonClass: 25987K(26112K)->25987K(26112K) Class: 3103K(3264K)->3103K(3264K)
[3369.860s][info][gc             ] GC(748) Pause Full (Allocation Failure) 7961M->1565M(4391M) 934.178ms
[3369.860s][info][gc,cpu         ] GC(748) User=4.30s Sys=0.14s Real=0.93s
...[3372.303s][info][gc,start       ] GC(749) Pause Young (Allocation Failure)
[3372.366s][info][gc,heap        ] GC(749) PSYoungGen: 2475520K(2635776K)->147904K(2635776K) Eden: 2475520K(2475520K)->0K(2475520K) From: 0K(160256K)->147904K(160256K)
[3372.366s][info][gc,heap        ] GC(749) ParOldGen: 1602665K(1861120K)->1602665K(1861120K)
[3372.366s][info][gc,metaspace   ] GC(749) Metaspace: 29091K(29376K)->29091K(29376K) NonClass: 25987K(26112K)->25987K(26112K) Class: 3103K(3264K)->3103K(3264K)
[3372.366s][info][gc             ] GC(749) Pause Young (Allocation Failure) 3982M->1709M(4391M) 62.515ms
[3372.366s][info][gc,cpu         ] GC(749) User=0.37s Sys=0.00s Real=0.07s
...[3375.744s][info][gc,start       ] GC(750) Pause Young (Allocation Failure)
[3375.838s][info][gc,heap        ] GC(750) PSYoungGen: 2623424K(2635776K)->160004K(2631680K) Eden: 2475520K(2475520K)->0K(2471424K) From: 147904K(160256K)->160004K(160256K)
[3375.838s][info][gc,heap        ] GC(750) ParOldGen: 1602665K(1861120K)->1706297K(1861120K)
[3375.838s][info][gc,metaspace   ] GC(750) Metaspace: 29091K(29376K)->29091K(29376K) NonClass: 25987K(26112K)->25987K(26112K) Class: 3103K(3264K)->3103K(3264K)
[3375.838s][info][gc             ] GC(750) Pause Young (Allocation Failure) 4127M->1822M(4387M) 93.953ms
[3375.838s][info][gc,cpu         ] GC(750) User=0.55s Sys=0.01s Real=0.09s
... (rIR:aIR:PR = 5120:5120:5120) (tPR = 76087) [OK] 
  3377s: Performance info:
         Transaction,    Success,    Partial,     Failed,   Receipts, AvgBarcode, 
             Overall,     309094,          0,          0,     293630,      59.47, 
         Response times:
             Request,    Success,    Partial,     Failed,   SkipFail,     Probes,    Samples,      min,      p50,      p90,      p95,      p99,      max, 
       TotalPurchase,     293632,          0,          0,          0,     284540,     318670,      300,     3800,     6700,    11000,   184000,   950000,
     InStorePurchase,     154559,          0,          0,          0,     150172,     167882,      300,     3600,     6600,    10800,   189000,   950000,
      OnlinePurchase,     108163,          0,          0,          0,     104646,     117273,      300,     4100,     6900,    11330,   184000,   950000,
        InstPurchase,      30910,          0,          0,          0,      29722,      33515,      400,     3900,     6700,    10500,   215000,   950000,
          AssocOfCat,        312,          0,          0,          0,        232,        326,    18500,    29000,    37300,    49950,    83380,    92000,
      AssocOfProduct,       3090,          0,          0,          0,       2783,       3313,      500,     4600,     7400,    16030,   163000,   172000,
      BusinessReport,        771,          0,          0,          0,        634,        817,    21000,    35000,    52200,    74100,   133280,   166000,
          CustBuyBeh,       3092,          0,          0,          0,       2779,       3280,      200,     3400,     6200,     9395,   167000,   172000,
       ProductReturn,       8200,          0,          0,          0,       7698,       8930,      200,     4000,     6900,    10700,   190000,   950000,

  3377s: (38%)   IR =   5258 .[3379.119s][info][gc,start       ] GC(751) Pause Young (Allocation Failure)
[3379.213s][info][gc,heap        ] GC(751) PSYoungGen: 2631428K(2631680K)->156768K(2628608K) Eden: 2471424K(2471424K)->0K(2471424K) From: 160004K(160256K)->156768K(157184K)
[3379.213s][info][gc,heap        ] GC(751) ParOldGen: 1706297K(1861120K)->1811329K(1861120K)
[3379.213s][info][gc,metaspace   ] GC(751) Metaspace: 29091K(29376K)->29091K(29376K) NonClass: 25987K(26112K)->25987K(26112K) Class: 3103K(3264K)->3103K(3264K)
[3379.213s][info][gc             ] GC(751) Pause Young (Allocation Failure) 4236M->1921M(4384M) 93.816ms
[3379.213s][info][gc,cpu         ] GC(751) User=0.56s Sys=0.00s Real=0.09s
...[3382.441s][info][gc,start       ] GC(752) Pause Young (Allocation Failure)
[3382.539s][info][gc,heap        ] GC(752) PSYoungGen: 2628192K(2628608K)->155040K(2633728K) Eden: 2471424K(2471424K)->0K(2470912K) From: 156768K(157184K)->155040K(162816K)
[3382.539s][info][gc,heap        ] GC(752) ParOldGen: 1811329K(1861120K)->1916769K(1916928K)
[3382.539s][info][gc,metaspace   ] GC(752) Metaspace: 29091K(29376K)->29091K(29376K) NonClass: 25987K(26112K)->25987K(26112K) Class: 3103K(3264K)->3103K(3264K)
[3382.539s][info][gc             ] GC(752) Pause Young (Allocation Failure) 4335M->2023M(4444M) 97.480ms
[3382.539s][info][gc,cpu         ] GC(752) User=0.55s Sys=0.02s Real=0.10s
.|..[3385.756s][info][gc,start       ] GC(753) Pause Young (Allocation Failure)
[3385.854s][info][gc,heap        ] GC(753) PSYoungGen: 2625952K(2633728K)->157524K(2633216K) Eden: 2470912K(2470912K)->0K(2470912K) From: 155040K(162816K)->157524K(162304K)
[3385.854s][info][gc,heap        ] GC(753) ParOldGen: 1916769K(1916928K)->2022529K(2022912K)
[3385.854s][info][gc,metaspace   ] GC(753) Metaspace: 29091K(29376K)->29091K(29376K) NonClass: 25987K(26112K)->25987K(26112K) Class: 3103K(3264K)->3103K(3264K)
[3385.854s][info][gc             ] GC(753) Pause Young (Allocation Failure) 4436M->2128M(4547M) 97.465ms
[3385.854s][info][gc,cpu         ] GC(753) User=0.55s Sys=0.03s Real=0.10s
....[3389.058s][info][gc,start       ] GC(754) Pause Young (Allocation Failure)
[3389.158s][info][gc,heap        ] GC(754) PSYoungGen: 2628436K(2633216K)->160224K(2630144K) Eden: 2470912K(2470912K)->0K(2467328K) From: 157524K(162304K)->160224K(162816K)
[3389.158s][info][gc,heap        ] GC(754) ParOldGen: 2022529K(2022912K)->2127521K(2127872K)
[3389.158s][info][gc,metaspace   ] GC(754) Metaspace: 29091K(29376K)->29091K(29376K) NonClass: 25987K(26112K)->25987K(26112K) Class: 3103K(3264K)->3103K(3264K)
[3389.158s][info][gc             ] GC(754) Pause Young (Allocation Failure) 4541M->2234M(4646M) 100.161ms
[3389.158s][info][gc,cpu         ] GC(754) User=0.57s Sys=0.03s Real=0.10s
...[3392.379s][info][gc,start       ] GC(755) Pause Young (Allocation Failure)
[3392.474s][info][gc,heap        ] GC(755) PSYoungGen: 2627552K(2630144K)->150496K(2631680K) Eden: 2467328K(2467328K)->0K(2467328K) From: 160224K(162816K)->150496K(164352K)
[3392.474s][info][gc,heap        ] GC(755) ParOldGen: 2127521K(2127872K)->2231873K(2232320K)
[3392.474s][info][gc,metaspace   ] GC(755) Metaspace: 29091K(29376K)->29091K(29376K) NonClass: 25987K(26112K)->25987K(26112K) Class: 3103K(3264K)->3103K(3264K)
[3392.474s][info][gc             ] GC(755) Pause Young (Allocation Failure) 4643M->2326M(4750M) 95.647ms
[3392.474s][info][gc,cpu         ] GC(755) User=0.54s Sys=0.03s Real=0.10s
...[3395.675s][info][gc,start       ] GC(756) Pause Young (Allocation Failure)
[3395.770s][info][gc,heap        ] GC(756) PSYoungGen: 2617824K(2631680K)->151360K(2630144K) Eden: 2467328K(2467328K)->0K(2467840K) From: 150496K(164352K)->151360K(162304K)
[3395.770s][info][gc,heap        ] GC(756) ParOldGen: 2231873K(2232320K)->2337977K(2338304K)
[3395.770s][info][gc,metaspace   ] GC(756) Metaspace: 29091K(29376K)->29091K(29376K) NonClass: 25987K(26112K)->25987K(26112K) Class: 3103K(3264K)->3103K(3264K)
[3395.770s][info][gc             ] GC(756) Pause Young (Allocation Failure) 4736M->2430M(4852M) 95.520ms
[3395.770s][info][gc,cpu         ] GC(756) User=0.52s Sys=0.04s Real=0.09s
....[3399.003s][info][gc,start       ] GC(757) Pause Young (Allocation Failure)
[3399.103s][info][gc,heap        ] GC(757) PSYoungGen: 2619200K(2630144K)->160496K(2631168K) Eden: 2467840K(2467840K)->0K(2467840K) From: 151360K(162304K)->160496K(163328K)
[3399.103s][info][gc,heap        ] GC(757) ParOldGen: 2337977K(2338304K)->2442713K(2442752K)
[3399.103s][info][gc,metaspace   ] GC(757) Metaspace: 29091K(29376K)->29091K(29376K) NonClass: 25987K(26112K)->25987K(26112K) Class: 3103K(3264K)->3103K(3264K)
[3399.103s][info][gc             ] GC(757) Pause Young (Allocation Failure) 4840M->2542M(4955M) 99.738ms
[3399.103s][info][gc,cpu         ] GC(757) User=0.56s Sys=0.03s Real=0.09s
...[3402.324s][info][gc,start       ] GC(758) Pause Young (Allocation Failure)
[3402.422s][info][gc,heap        ] GC(758) PSYoungGen: 2628336K(2631168K)->156500K(2631168K) Eden: 2467840K(2467840K)->0K(2466304K) From: 160496K(163328K)->156500K(164864K)
[3402.422s][info][gc,heap        ] GC(758) ParOldGen: 2442713K(2442752K)->2548033K(2548224K)
[3402.422s][info][gc,metaspace   ] GC(758) Metaspace: 29091K(29376K)->29091K(29376K) NonClass: 25987K(26112K)->25987K(26112K) Class: 3103K(3264K)->3103K(3264K)
[3402.422s][info][gc             ] GC(758) Pause Young (Allocation Failure) 4952M->2641M(5058M) 98.828ms
[3402.423s][info][gc,cpu         ] GC(758) User=0.55s Sys=0.04s Real=0.09s
...[3405.679s][info][gc,start       ] GC(759) Pause Young (Allocation Failure)
[3405.780s][info][gc,heap        ] GC(759) PSYoungGen: 2622804K(2631168K)->156210K(2622976K) Eden: 2466304K(2466304K)->0K(2466304K) From: 156500K(164864K)->156210K(156672K)
[3405.780s][info][gc,heap        ] GC(759) ParOldGen: 2548033K(2548224K)->2653169K(2653184K)
[3405.780s][info][gc,metaspace   ] GC(759) Metaspace: 29091K(29376K)->29091K(29376K) NonClass: 25987K(26112K)->25987K(26112K) Class: 3103K(3264K)->3103K(3264K)
[3405.780s][info][gc             ] GC(759) Pause Young (Allocation Failure) 5049M->2743M(5152M) 100.326ms
[3405.780s][info][gc,cpu         ] GC(759) User=0.56s Sys=0.03s Real=0.10s
...[3408.962s][info][gc,start       ] GC(760) Pause Young (Allocation Failure)
[3409.058s][info][gc,heap        ] GC(760) PSYoungGen: 2622514K(2622976K)->153984K(2631680K) Eden: 2466304K(2466304K)->0K(2467328K) From: 156210K(156672K)->153984K(164352K)
[3409.058s][info][gc,heap        ] GC(760) ParOldGen: 2653169K(2653184K)->2759881K(2760192K)
[3409.058s][info][gc,metaspace   ] GC(760) Metaspace: 29091K(29376K)->29091K(29376K) NonClass: 25987K(26112K)->25987K(26112K) Class: 3103K(3264K)->3103K(3264K)
[3409.058s][info][gc             ] GC(760) Pause Young (Allocation Failure) 5152M->2845M(5265M) 96.052ms
[3409.058s][info][gc,cpu         ] GC(760) User=0.53s Sys=0.04s Real=0.10s
....[3412.212s][info][gc,start       ] GC(761) Pause Young (Allocation Failure)
[3412.310s][info][gc,heap        ] GC(761) PSYoungGen: 2621312K(2631680K)->149824K(2630656K) Eden: 2467328K(2467328K)->0K(2467328K) From: 153984K(164352K)->149824K(163328K)
[3412.310s][info][gc,heap        ] GC(761) ParOldGen: 2759881K(2760192K)->2865817K(2866176K)
[3412.310s][info][gc,metaspace   ] GC(761) Metaspace: 29091K(29376K)->29091K(29376K) NonClass: 25987K(26112K)->25987K(26112K) Class: 3103K(3264K)->3103K(3264K)
[3412.310s][info][gc             ] GC(761) Pause Young (Allocation Failure) 5255M->2944M(5368M) 97.747ms
[3412.310s][info][gc,cpu         ] GC(761) User=0.54s Sys=0.03s Real=0.10s
...[3415.534s][info][gc,start       ] GC(762) Pause Young (Allocation Failure)
[3415.630s][info][gc,heap        ] GC(762) PSYoungGen: 2617152K(2630656K)->152000K(2632192K) Eden: 2467328K(2467328K)->0K(2468864K) From: 149824K(163328K)->152000K(163328K)
[3415.631s][info][gc,heap        ] GC(762) ParOldGen: 2865817K(2866176K)->2969913K(2970112K)
[3415.631s][info][gc,metaspace   ] GC(762) Metaspace: 29091K(29376K)->29091K(29376K) NonClass: 25987K(26112K)->25987K(26112K) Class: 3103K(3264K)->3103K(3264K)
[3415.631s][info][gc             ] GC(762) Pause Young (Allocation Failure) 5354M->3048M(5471M) 96.917ms
[3415.631s][info][gc,cpu         ] GC(762) User=0.54s Sys=0.03s Real=0.09s
...[3418.829s][info][gc,start       ] GC(763) Pause Young (Allocation Failure)
[3418.930s][info][gc,heap        ] GC(763) PSYoungGen: 2620864K(2632192K)->157248K(2631680K) Eden: 2468864K(2468864K)->0K(2468864K) From: 152000K(163328K)->157248K(162816K)
[3418.930s][info][gc,heap        ] GC(763) ParOldGen: 2969913K(2970112K)->3075153K(3075584K)
[3418.930s][info][gc,metaspace   ] GC(763) Metaspace: 29091K(29376K)->29091K(29376K) NonClass: 25987K(26112K)->25987K(26112K) Class: 3103K(3264K)->3103K(3264K)
[3418.930s][info][gc             ] GC(763) Pause Young (Allocation Failure) 5459M->3156M(5573M) 100.263ms
[3418.930s][info][gc,cpu         ] GC(763) User=0.55s Sys=0.04s Real=0.10s
....[3422.161s][info][gc,start       ] GC(764) Pause Young (Allocation Failure)
[3422.259s][info][gc,heap        ] GC(764) PSYoungGen: 2626112K(2631680K)->157056K(2632704K) Eden: 2468864K(2468864K)->0K(2469376K) From: 157248K(162816K)->157056K(163328K)
[3422.259s][info][gc,heap        ] GC(764) ParOldGen: 3075153K(3075584K)->3179801K(3180032K)
[3422.259s][info][gc,metaspace   ] GC(764) Metaspace: 29091K(29376K)->29091K(29376K) NonClass: 25987K(26112K)->25987K(26112K) Class: 3103K(3264K)->3103K(3264K)
[3422.259s][info][gc             ] GC(764) Pause Young (Allocation Failure) 5567M->3258M(5676M) 98.195ms
[3422.259s][info][gc,cpu         ] GC(764) User=0.55s Sys=0.04s Real=0.10s
...[3425.458s][info][gc,start       ] GC(765) Pause Young (Allocation Failure)
[3425.554s][info][gc,heap        ] GC(765) PSYoungGen: 2626432K(2632704K)->148352K(2617856K) Eden: 2469376K(2469376K)->0K(2469376K) From: 157056K(163328K)->148352K(148480K)
[3425.554s][info][gc,heap        ] GC(765) ParOldGen: 3179801K(3180032K)->3286273K(3286528K)
[3425.554s][info][gc,metaspace   ] GC(765) Metaspace: 29091K(29376K)->29091K(29376K) NonClass: 25987K(26112K)->25987K(26112K) Class: 3103K(3264K)->3103K(3264K)
[3425.554s][info][gc             ] GC(765) Pause Young (Allocation Failure) 5670M->3354M(5766M) 95.440ms
[3425.554s][info][gc,cpu         ] GC(765) User=0.53s Sys=0.04s Real=0.10s
...[3428.789s][info][gc,start       ] GC(766) Pause Young (Allocation Failure)
[3428.886s][info][gc,heap        ] GC(766) PSYoungGen: 2617728K(2617856K)->153824K(2633216K) Eden: 2469376K(2469376K)->0K(2469376K) From: 148352K(148480K)->153824K(163840K)
[3428.886s][info][gc,heap        ] GC(766) ParOldGen: 3286273K(3286528K)->3389905K(3389952K)
[3428.886s][info][gc,metaspace   ] GC(766) Metaspace: 29091K(29376K)->29091K(29376K) NonClass: 25987K(26112K)->25987K(26112K) Class: 3103K(3264K)->3103K(3264K)
[3428.886s][info][gc             ] GC(766) Pause Young (Allocation Failure) 5765M->3460M(5882M) 97.269ms
[3428.886s][info][gc,cpu         ] GC(766) User=0.54s Sys=0.04s Real=0.10s
...[3432.045s][info][gc,start       ] GC(767) Pause Young (Allocation Failure)
[3432.142s][info][gc,heap        ] GC(767) PSYoungGen: 2623200K(2633216K)->153728K(2623488K) Eden: 2469376K(2469376K)->0K(2469376K) From: 153824K(163840K)->153728K(154112K)
[3432.142s][info][gc,heap        ] GC(767) ParOldGen: 3389905K(3389952K)->3496041K(3496448K)
[3432.142s][info][gc,metaspace   ] GC(767) Metaspace: 29091K(29376K)->29091K(29376K) NonClass: 25987K(26112K)->25987K(26112K) Class: 3103K(3264K)->3103K(3264K)
[3432.142s][info][gc             ] GC(767) Pause Young (Allocation Failure) 5872M->3564M(5976M) 96.840ms
[3432.142s][info][gc,cpu         ] GC(767) User=0.53s Sys=0.03s Real=0.09s
....[3435.321s][info][gc,start       ] GC(768) Pause Young (Allocation Failure)
[3435.416s][info][gc,heap        ] GC(768) PSYoungGen: 2623104K(2623488K)->147552K(2630656K) Eden: 2469376K(2469376K)->0K(2468864K) From: 153728K(154112K)->147552K(161792K)
[3435.416s][info][gc,heap        ] GC(768) ParOldGen: 3496041K(3496448K)->3600689K(3600896K)
[3435.416s][info][gc,metaspace   ] GC(768) Metaspace: 29091K(29376K)->29091K(29376K) NonClass: 25987K(26112K)->25987K(26112K) Class: 3103K(3264K)->3103K(3264K)
[3435.416s][info][gc             ] GC(768) Pause Young (Allocation Failure) 5975M->3660M(6085M) 95.475ms
[3435.416s][info][gc,cpu         ] GC(768) User=0.53s Sys=0.03s Real=0.10s
...[3438.739s][info][gc,start       ] GC(769) Pause Young (Allocation Failure)
[3438.837s][info][gc,heap        ] GC(769) PSYoungGen: 2616416K(2630656K)->160416K(2631168K) Eden: 2468864K(2468864K)->0K(2468864K) From: 147552K(161792K)->160416K(162304K)
[3438.838s][info][gc,heap        ] GC(769) ParOldGen: 3600689K(3600896K)->3703785K(3703808K)
[3438.838s][info][gc,metaspace   ] GC(769) Metaspace: 29091K(29376K)->29091K(29376K) NonClass: 25987K(26112K)->25987K(26112K) Class: 3103K(3264K)->3103K(3264K)
[3438.838s][info][gc             ] GC(769) Pause Young (Allocation Failure) 6071M->3773M(6186M) 98.871ms
[3438.838s][info][gc,cpu         ] GC(769) User=0.55s Sys=0.04s Real=0.10s
...[3442.068s][info][gc,start       ] GC(770) Pause Young (Allocation Failure)
[3442.167s][info][gc,heap        ] GC(770) PSYoungGen: 2629280K(2631168K)->154784K(2632704K) Eden: 2468864K(2468864K)->0K(2468864K) From: 160416K(162304K)->154784K(163840K)
[3442.167s][info][gc,heap        ] GC(770) ParOldGen: 3703785K(3703808K)->3811761K(3811840K)
[3442.167s][info][gc,metaspace   ] GC(770) Metaspace: 29091K(29376K)->29091K(29376K) NonClass: 25987K(26112K)->25987K(26112K) Class: 3103K(3264K)->3103K(3264K)
[3442.167s][info][gc             ] GC(770) Pause Young (Allocation Failure) 6184M->3873M(6293M) 99.083ms
[3442.167s][info][gc,cpu         ] GC(770) User=0.55s Sys=0.03s Real=0.10s
.. (rIR:aIR:PR = 5258:5256:5256) (tPR = 78369) [OK] 
  3443s: Performance info:
         Transaction,    Success,    Partial,     Failed,   Receipts, AvgBarcode, 
             Overall,     316796,          0,          0,     300945,      59.48, 
         Response times:
             Request,    Success,    Partial,     Failed,   SkipFail,     Probes,    Samples,      min,      p50,      p90,      p95,      p99,      max, 
       TotalPurchase,     300946,          0,          0,          0,     296073,     321001,      300,     3800,     6600,     8600,    32000,   150000,
     InStorePurchase,     158398,          0,          0,          0,     155943,     168562,      300,     4000,     6600,     8800,    32000,   150000,
      OnlinePurchase,     110860,          0,          0,          0,     109179,     118510,      300,     3700,     6500,     8400,    32000,   150000,
        InstPurchase,      31688,          0,          0,          0,      30951,      33929,      400,     3600,     6600,     8500,    32000,   150000,
          AssocOfCat,        318,          0,          0,          0,        257,        375,    18400,    31000,    39000,    45200,    87520,   136000,
      AssocOfProduct,       3158,          0,          0,          0,       2918,       3413,      400,     4300,     7200,     9300,    36000,   108000,
      BusinessReport,        792,          0,          0,          0,        691,        873,    26000,    36000,    50000,    70300,   139260,   169000,
          CustBuyBeh,       3170,          0,          0,          0,       3004,       3467,      200,     2100,     5300,     6700,    26000,   107000,
       ProductReturn,       8412,          0,          0,          0,       8001,       9002,      200,     3800,     6700,     9085,    35000,   122000,

  3443s: (39%)   IR =   5396 ..[3445.270s][info][gc,start       ] GC(771) Pause Young (Allocation Failure)
[3445.368s][info][gc,heap        ] GC(771) PSYoungGen: 2623648K(2632704K)->153257K(2622464K) Eden: 2468864K(2468864K)->0K(2468864K) From: 154784K(163840K)->153257K(153600K)
[3445.368s][info][gc,heap        ] GC(771) ParOldGen: 3811761K(3811840K)->3917153K(3917312K)
[3445.368s][info][gc,metaspace   ] GC(771) Metaspace: 29091K(29376K)->29091K(29376K) NonClass: 25988K(26112K)->25988K(26112K) Class: 3103K(3264K)->3103K(3264K)
[3445.368s][info][gc             ] GC(771) Pause Young (Allocation Failure) 6284M->3975M(6386M) 98.513ms
[3445.368s][info][gc,cpu         ] GC(771) User=0.54s Sys=0.04s Real=0.10s
...|[3448.542s][info][gc,start       ] GC(772) Pause Young (Allocation Failure)
[3448.641s][info][gc,heap        ] GC(772) PSYoungGen: 2622121K(2622464K)->159540K(2630656K) Eden: 2468864K(2468864K)->0K(2467840K) From: 153257K(153600K)->159540K(162816K)
[3448.641s][info][gc,heap        ] GC(772) ParOldGen: 3917153K(3917312K)->4020241K(4020736K)
[3448.641s][info][gc,metaspace   ] GC(772) Metaspace: 29091K(29376K)->29091K(29376K) NonClass: 25988K(26112K)->25988K(26112K) Class: 3103K(3264K)->3103K(3264K)
[3448.641s][info][gc             ] GC(772) Pause Young (Allocation Failure) 6386M->4081M(6495M) 99.371ms
[3448.641s][info][gc,cpu         ] GC(772) User=0.55s Sys=0.04s Real=0.10s
...[3451.740s][info][gc,start       ] GC(773) Pause Young (Allocation Failure)
[3451.839s][info][gc,heap        ] GC(773) PSYoungGen: 2627380K(2630656K)->152224K(2631680K) Eden: 2467840K(2467840K)->0K(2467840K) From: 159540K(162816K)->152224K(163840K)
[3451.839s][info][gc,heap        ] GC(773) ParOldGen: 4020241K(4020736K)->4127201K(4127232K)
[3451.839s][info][gc,metaspace   ] GC(773) Metaspace: 29091K(29376K)->29091K(29376K) NonClass: 25988K(26112K)->25988K(26112K) Class: 3103K(3264K)->3103K(3264K)
[3451.839s][info][gc             ] GC(773) Pause Young (Allocation Failure) 6491M->4179M(6600M) 98.470ms
[3451.839s][info][gc,cpu         ] GC(773) User=0.55s Sys=0.02s Real=0.10s
...[3454.957s][info][gc,start       ] GC(774) Pause Young (Allocation Failure)
[3455.058s][info][gc,heap        ] GC(774) PSYoungGen: 2620064K(2631680K)->159588K(2630656K) Eden: 2467840K(2467840K)->0K(2467328K) From: 152224K(163840K)->159588K(163328K)
[3455.058s][info][gc,heap        ] GC(774) ParOldGen: 4127201K(4127232K)->4232465K(4232704K)
[3455.058s][info][gc,metaspace   ] GC(774) Metaspace: 29091K(29376K)->29091K(29376K) NonClass: 25988K(26112K)->25988K(26112K) Class: 3103K(3264K)->3103K(3264K)
[3455.058s][info][gc             ] GC(774) Pause Young (Allocation Failure) 6589M->4289M(6702M) 101.399ms
[3455.058s][info][gc,cpu         ] GC(774) User=0.56s Sys=0.03s Real=0.10s
...[3458.175s][info][gc,start       ] GC(775) Pause Young (Allocation Failure)
[3458.270s][info][gc,heap        ] GC(775) PSYoungGen: 2626916K(2630656K)->148064K(2615808K) Eden: 2467328K(2467328K)->0K(2467328K) From: 159588K(163328K)->148064K(148480K)
[3458.270s][info][gc,heap        ] GC(775) ParOldGen: 4232465K(4232704K)->4336009K(4336128K)
[3458.270s][info][gc,metaspace   ] GC(775) Metaspace: 29091K(29376K)->29091K(29376K) NonClass: 25988K(26112K)->25988K(26112K) Class: 3103K(3264K)->3103K(3264K)
[3458.270s][info][gc             ] GC(775) Pause Young (Allocation Failure) 6698M->4378M(6789M) 95.404ms
[3458.270s][info][gc,cpu         ] GC(775) User=0.53s Sys=0.04s Real=0.09s
....[3461.390s][info][gc,start       ] GC(776) Pause Young (Allocation Failure)
[3461.491s][info][gc,heap        ] GC(776) PSYoungGen: 2615392K(2615808K)->159012K(2630144K) Eden: 2467328K(2467328K)->0K(2465280K) From: 148064K(148480K)->159012K(164864K)
[3461.491s][info][gc,heap        ] GC(776) ParOldGen: 4336009K(4336128K)->4441313K(4441600K)
[3461.491s][info][gc,metaspace   ] GC(776) Metaspace: 29091K(29376K)->29091K(29376K) NonClass: 25988K(26112K)->25988K(26112K) Class: 3103K(3264K)->3103K(3264K)
[3461.491s][info][gc             ] GC(776) Pause Young (Allocation Failure) 6788M->4492M(6906M) 101.788ms
[3461.491s][info][gc,cpu         ] GC(776) User=0.54s Sys=0.05s Real=0.10s
...[3464.629s][info][gc,start       ] GC(777) Pause Young (Allocation Failure)
[3464.727s][info][gc,heap        ] GC(777) PSYoungGen: 2624292K(2630144K)->152160K(2630656K) Eden: 2465280K(2465280K)->0K(2465280K) From: 159012K(164864K)->152160K(165376K)
[3464.727s][info][gc,heap        ] GC(777) ParOldGen: 4441313K(4441600K)->4546673K(4547072K)
[3464.727s][info][gc,metaspace   ] GC(777) Metaspace: 29091K(29376K)->29091K(29376K) NonClass: 25988K(26112K)->25988K(26112K) Class: 3103K(3264K)->3103K(3264K)
[3464.727s][info][gc             ] GC(777) Pause Young (Allocation Failure) 6900M->4588M(7009M) 97.687ms
[3464.727s][info][gc,cpu         ] GC(777) User=0.53s Sys=0.04s Real=0.10s
...[3467.848s][info][gc,start       ] GC(778) Pause Young (Allocation Failure)
[3467.948s][info][gc,heap        ] GC(778) PSYoungGen: 2617440K(2630656K)->156978K(2630656K) Eden: 2465280K(2465280K)->0K(2465792K) From: 152160K(165376K)->156978K(164864K)
[3467.948s][info][gc,heap        ] GC(778) ParOldGen: 4546673K(4547072K)->4651913K(4652032K)
[3467.948s][info][gc,metaspace   ] GC(778) Metaspace: 29091K(29376K)->29091K(29376K) NonClass: 25988K(26112K)->25988K(26112K) Class: 3103K(3264K)->3103K(3264K)
[3467.948s][info][gc             ] GC(778) Pause Young (Allocation Failure) 6996M->4696M(7112M) 100.464ms
[3467.948s][info][gc,cpu         ] GC(778) User=0.57s Sys=0.03s Real=0.10s
...[3471.082s][info][gc,start       ] GC(779) Pause Young (Allocation Failure)
[3471.180s][info][gc,heap        ] GC(779) PSYoungGen: 2622770K(2630656K)->154784K(2620928K) Eden: 2465792K(2465792K)->0K(2465792K) From: 156978K(164864K)->154784K(155136K)
[3471.181s][info][gc,heap        ] GC(779) ParOldGen: 4651913K(4652032K)->4756617K(4756992K)
[3471.181s][info][gc,metaspace   ] GC(779) Metaspace: 29091K(29376K)->29091K(29376K) NonClass: 25988K(26112K)->25988K(26112K) Class: 3103K(3264K)->3103K(3264K)
[3471.181s][info][gc             ] GC(779) Pause Young (Allocation Failure) 7104M->4796M(7205M) 98.568ms
[3471.181s][info][gc,cpu         ] GC(779) User=0.55s Sys=0.03s Real=0.10s
....[3474.288s][info][gc,start       ] GC(780) Pause Young (Allocation Failure)
[3474.385s][info][gc,heap        ] GC(780) PSYoungGen: 2620576K(2620928K)->148000K(2630144K) Eden: 2465792K(2465792K)->0K(2466304K) From: 154784K(155136K)->148000K(163840K)
[3474.385s][info][gc,heap        ] GC(780) ParOldGen: 4756617K(4756992K)->4861601K(4861952K)
[3474.385s][info][gc,metaspace   ] GC(780) Metaspace: 29091K(29376K)->29091K(29376K) NonClass: 25988K(26112K)->25988K(26112K) Class: 3103K(3264K)->3103K(3264K)
[3474.385s][info][gc             ] GC(780) Pause Young (Allocation Failure) 7204M->4892M(7316M) 97.396ms
[3474.385s][info][gc,cpu         ] GC(780) User=0.54s Sys=0.03s Real=0.10s
...[3477.481s][info][gc,start       ] GC(781) Pause Young (Allocation Failure)
[3477.579s][info][gc,heap        ] GC(781) PSYoungGen: 2614304K(2630144K)->149984K(2630144K) Eden: 2466304K(2466304K)->0K(2466304K) From: 148000K(163840K)->149984K(163840K)
[3477.579s][info][gc,heap        ] GC(781) ParOldGen: 4861601K(4861952K)->4967513K(4967936K)
[3477.579s][info][gc,metaspace   ] GC(781) Metaspace: 29091K(29376K)->29091K(29376K) NonClass: 25988K(26112K)->25988K(26112K) Class: 3103K(3264K)->3103K(3264K)
[3477.579s][info][gc             ] GC(781) Pause Young (Allocation Failure) 7300M->4997M(7420M) 98.106ms
[3477.579s][info][gc,cpu         ] GC(781) User=0.54s Sys=0.04s Real=0.10s
...[3480.683s][info][gc,start       ] GC(782) Pause Young (Allocation Failure)
[3480.784s][info][gc,heap        ] GC(782) PSYoungGen: 2616288K(2630144K)->156644K(2632192K) Eden: 2466304K(2466304K)->0K(2468352K) From: 149984K(163840K)->156644K(163840K)
[3480.784s][info][gc,heap        ] GC(782) ParOldGen: 4967513K(4967936K)->5073193K(5073408K)
[3480.784s][info][gc,metaspace   ] GC(782) Metaspace: 29091K(29376K)->29091K(29376K) NonClass: 25988K(26112K)->25988K(26112K) Class: 3103K(3264K)->3103K(3264K)
[3480.785s][info][gc             ] GC(782) Pause Young (Allocation Failure) 7406M->5107M(7525M) 101.792ms
[3480.785s][info][gc,cpu         ] GC(782) User=0.57s Sys=0.03s Real=0.11s
...[3483.983s][info][gc,start       ] GC(783) Pause Young (Allocation Failure)
[3484.086s][info][gc,heap        ] GC(783) PSYoungGen: 2624996K(2632192K)->163300K(2631680K) Eden: 2468352K(2468352K)->0K(2468352K) From: 156644K(163840K)->163300K(163328K)
[3484.086s][info][gc,heap        ] GC(783) ParOldGen: 5073193K(5073408K)->5176649K(5176832K)
[3484.086s][info][gc,metaspace   ] GC(783) Metaspace: 29091K(29376K)->29091K(29376K) NonClass: 25988K(26112K)->25988K(26112K) Class: 3103K(3264K)->3103K(3264K)
[3484.086s][info][gc             ] GC(783) Pause Young (Allocation Failure) 7517M->5214M(7625M) 102.891ms
[3484.086s][info][gc,cpu         ] GC(783) User=0.58s Sys=0.03s Real=0.11s
...[3487.172s][info][gc,start       ] GC(784) Pause Young (Allocation Failure)
[3487.273s][info][gc,heap        ] GC(784) PSYoungGen: 2631652K(2631680K)->152516K(2628608K) Eden: 2468352K(2468352K)->0K(2464256K) From: 163300K(163328K)->152516K(164352K)
[3487.273s][info][gc,heap        ] GC(784) ParOldGen: 5176649K(5176832K)->5284409K(5284864K)
[3487.273s][info][gc,metaspace   ] GC(784) Metaspace: 29091K(29376K)->29091K(29376K) NonClass: 25988K(26112K)->25988K(26112K) Class: 3103K(3264K)->3103K(3264K)
[3487.273s][info][gc             ] GC(784) Pause Young (Allocation Failure) 7625M->5309M(7728M) 100.420ms
[3487.273s][info][gc,cpu         ] GC(784) User=0.55s Sys=0.04s Real=0.10s
....[3490.363s][info][gc,start       ] GC(785) Pause Young (Allocation Failure)
[3490.462s][info][gc,heap        ] GC(785) PSYoungGen: 2616772K(2628608K)->155221K(2630144K) Eden: 2464256K(2464256K)->0K(2464256K) From: 152516K(164352K)->155221K(165888K)
[3490.462s][info][gc,heap        ] GC(785) ParOldGen: 5284409K(5284864K)->5387409K(5387776K)
[3490.462s][info][gc,metaspace   ] GC(785) Metaspace: 29091K(29376K)->29091K(29376K) NonClass: 25988K(26112K)->25988K(26112K) Class: 3103K(3264K)->3103K(3264K)
[3490.462s][info][gc             ] GC(785) Pause Young (Allocation Failure) 7715M->5412M(7830M) 99.324ms
[3490.462s][info][gc,cpu         ] GC(785) User=0.55s Sys=0.04s Real=0.10s
...[3493.619s][info][gc,start       ] GC(786) Pause Young (Allocation Failure)
[3493.724s][info][gc,heap        ] GC(786) PSYoungGen: 2619477K(2630144K)->161445K(2628096K) Eden: 2464256K(2464256K)->0K(2463232K) From: 155221K(165888K)->161445K(164864K)
[3493.724s][info][gc,heap        ] GC(786) ParOldGen: 5387409K(5387776K)->5492249K(5492736K)
[3493.724s][info][gc,metaspace   ] GC(786) Metaspace: 29091K(29376K)->29091K(29376K) NonClass: 25988K(26112K)->25988K(26112K) Class: 3103K(3264K)->3103K(3264K)
[3493.724s][info][gc             ] GC(786) Pause Young (Allocation Failure) 7819M->5521M(7930M) 105.111ms
[3493.724s][info][gc,cpu         ] GC(786) User=0.58s Sys=0.03s Real=0.11s
...[3496.868s][info][gc,start       ] GC(787) Pause Full (Allocation Failure)
[3496.868s][info][gc,phases,start] GC(787) Marking Phase
[3497.189s][info][gc,phases      ] GC(787) Marking Phase 320.718ms
[3497.189s][info][gc,phases,start] GC(787) Summary Phase
[3497.189s][info][gc,phases      ] GC(787) Summary Phase 0.098ms
[3497.189s][info][gc,phases,start] GC(787) Forward
[3497.310s][info][gc,phases      ] GC(787) Forward 120.962ms
[3497.310s][info][gc,phases,start] GC(787) Adjust Pointers
[3497.521s][info][gc,phases      ] GC(787) Adjust Pointers 210.565ms
[3497.521s][info][gc,phases,start] GC(787) Compaction Phase
[3497.668s][info][gc,phases      ] GC(787) Compaction Phase 147.012ms
[3497.669s][info][gc,phases,start] GC(787) Post Compact
[3497.676s][info][gc,phases      ] GC(787) Post Compact 6.928ms
[3497.796s][info][gc,heap        ] GC(787) PSYoungGen: 2624677K(2628096K)->0K(2629632K) Eden: 2463232K(2463232K)->0K(2463232K) From: 161445K(164864K)->0K(166400K)
[3497.796s][info][gc,heap        ] GC(787) ParOldGen: 5492249K(5492736K)->1606987K(1871872K)
[3497.796s][info][gc,metaspace   ] GC(787) Metaspace: 29093K(29376K)->29093K(29376K) NonClass: 25989K(26112K)->25989K(26112K) Class: 3103K(3264K)->3103K(3264K)
[3497.796s][info][gc             ] GC(787) Pause Full (Allocation Failure) 7926M->1569M(4396M) 927.355ms
[3497.796s][info][gc,cpu         ] GC(787) User=4.39s Sys=0.12s Real=0.93s
...[3500.081s][info][gc,start       ] GC(788) Pause Young (Allocation Failure)
[3500.146s][info][gc,heap        ] GC(788) PSYoungGen: 2463232K(2629632K)->156000K(2627584K) Eden: 2463232K(2463232K)->0K(2463232K) From: 0K(166400K)->156000K(164352K)
[3500.146s][info][gc,heap        ] GC(788) ParOldGen: 1606987K(1871872K)->1606987K(1871872K)
[3500.146s][info][gc,metaspace   ] GC(788) Metaspace: 29093K(29376K)->29093K(29376K) NonClass: 25989K(26112K)->25989K(26112K) Class: 3103K(3264K)->3103K(3264K)
[3500.146s][info][gc             ] GC(788) Pause Young (Allocation Failure) 3974M->1721M(4394M) 64.986ms
[3500.146s][info][gc,cpu         ] GC(788) User=0.38s Sys=0.00s Real=0.07s
...[3503.184s][info][gc,start       ] GC(789) Pause Young (Allocation Failure)
[3503.273s][info][gc,heap        ] GC(789) PSYoungGen: 2619232K(2627584K)->144832K(2628608K) Eden: 2463232K(2463232K)->0K(2463232K) From: 156000K(164352K)->144832K(165376K)
[3503.273s][info][gc,heap        ] GC(789) ParOldGen: 1606987K(1871872K)->1713187K(1871872K)
[3503.273s][info][gc,metaspace   ] GC(789) Metaspace: 29093K(29376K)->29093K(29376K) NonClass: 25989K(26112K)->25989K(26112K) Class: 3103K(3264K)->3103K(3264K)
[3503.273s][info][gc             ] GC(789) Pause Young (Allocation Failure) 4127M->1814M(4395M) 88.659ms
[3503.273s][info][gc,cpu         ] GC(789) User=0.52s Sys=0.00s Real=0.08s
...[3506.511s][info][gc,start       ] GC(790) Pause Young (Allocation Failure)
[3506.604s][info][gc,heap        ] GC(790) PSYoungGen: 2608064K(2628608K)->154464K(2629632K) Eden: 2463232K(2463232K)->0K(2464256K) From: 144832K(165376K)->154464K(165376K)
[3506.604s][info][gc,heap        ] GC(790) ParOldGen: 1713187K(1871872K)->1815211K(1871872K)
[3506.604s][info][gc,metaspace   ] GC(790) Metaspace: 29093K(29376K)->29093K(29376K) NonClass: 25989K(26112K)->25989K(26112K) Class: 3103K(3264K)->3103K(3264K)
[3506.604s][info][gc             ] GC(790) Pause Young (Allocation Failure) 4219M->1923M(4396M) 92.376ms
[3506.604s][info][gc,cpu         ] GC(790) User=0.55s Sys=0.00s Real=0.10s
... (rIR:aIR:PR = 5396:5392:5392) (tPR = 80012) [OK] 
  3508s: Performance info:
         Transaction,    Success,    Partial,     Failed,   Receipts, AvgBarcode, 
             Overall,     326538,          0,          0,     310195,      59.48, 
         Response times:
             Request,    Success,    Partial,     Failed,   SkipFail,     Probes,    Samples,      min,      p50,      p90,      p95,      p99,      max, 
       TotalPurchase,     310195,          0,          0,          0,     300642,     330697,      300,     4000,     7400,    15800,   342000,   940000,
     InStorePurchase,     163347,          0,          0,          0,     158722,     174291,      300,     4000,     7400,    15900,   338000,   940000,
      OnlinePurchase,     114189,          0,          0,          0,     110544,     121717,      300,     4100,     7500,    16200,   351000,   940000,
        InstPurchase,      32659,          0,          0,          0,      31376,      34689,      400,     3500,     7000,    13300,   336000,   940000,
          AssocOfCat,        323,          0,          0,          0,        253,        379,    19800,    31000,    51000,    79000,   426000,   610000,
      AssocOfProduct,       3273,          0,          0,          0,       2953,       3425,      500,     4900,     7900,    22000,   337000,   451000,
      BusinessReport,        818,          0,          0,          0,        706,        912,    23000,    35000,    50000,    73000,   520900,   970000,
          CustBuyBeh,       3264,          0,          0,          0,       2965,       3468,      300,     2700,     5500,    10000,   279000,   426000,
       ProductReturn,       8665,          0,          0,          0,       8159,       9239,      200,     3100,     7000,    14400,   332000,   940000,

  3508s: (40%)   IR =   5535 [3509.717s][info][gc,start       ] GC(791) Pause Young (Allocation Failure)
[3509.812s][info][gc,heap        ] GC(791) PSYoungGen: 2618720K(2629632K)->150144K(2629632K) Eden: 2464256K(2464256K)->0K(2464256K) From: 154464K(165376K)->150144K(165376K)
[3509.812s][info][gc,heap        ] GC(791) ParOldGen: 1815211K(1871872K)->1923907K(1924096K)
[3509.812s][info][gc,metaspace   ] GC(791) Metaspace: 29093K(29376K)->29093K(29376K) NonClass: 25989K(26112K)->25989K(26112K) Class: 3103K(3264K)->3103K(3264K)
[3509.812s][info][gc             ] GC(791) Pause Young (Allocation Failure) 4330M->2025M(4447M) 94.524ms
[3509.812s][info][gc,cpu         ] GC(791) User=0.55s Sys=0.01s Real=0.09s
....|[3512.884s][info][gc,start       ] GC(792) Pause Young (Allocation Failure)
[3512.982s][info][gc,heap        ] GC(792) PSYoungGen: 2614400K(2629632K)->155360K(2630144K) Eden: 2464256K(2464256K)->0K(2465792K) From: 150144K(165376K)->155360K(164352K)
[3512.982s][info][gc,heap        ] GC(792) ParOldGen: 1923907K(1924096K)->2027347K(2027520K)
[3512.982s][info][gc,metaspace   ] GC(792) Metaspace: 29093K(29376K)->29093K(29376K) NonClass: 25989K(26112K)->25989K(26112K) Class: 3103K(3264K)->3103K(3264K)
[3512.982s][info][gc             ] GC(792) Pause Young (Allocation Failure) 4431M->2131M(4548M) 97.887ms
[3512.982s][info][gc,cpu         ] GC(792) User=0.55s Sys=0.03s Real=0.09s
...[3515.969s][info][gc,start       ] GC(793) Pause Young (Allocation Failure)
[3516.066s][info][gc,heap        ] GC(793) PSYoungGen: 2621152K(2630144K)->152608K(2630144K) Eden: 2465792K(2465792K)->0K(2465792K) From: 155360K(164352K)->152608K(164352K)
[3516.066s][info][gc,heap        ] GC(793) ParOldGen: 2027347K(2027520K)->2134227K(2134528K)
[3516.066s][info][gc,metaspace   ] GC(793) Metaspace: 29093K(29376K)->29093K(29376K) NonClass: 25989K(26112K)->25989K(26112K) Class: 3103K(3264K)->3103K(3264K)
[3516.066s][info][gc             ] GC(793) Pause Young (Allocation Failure) 4539M->2233M(4653M) 97.892ms
[3516.067s][info][gc,cpu         ] GC(793) User=0.54s Sys=0.03s Real=0.10s
...[3519.084s][info][gc,start       ] GC(794) Pause Young (Allocation Failure)
[3519.181s][info][gc,heap        ] GC(794) PSYoungGen: 2618400K(2630144K)->156128K(2630656K) Eden: 2465792K(2465792K)->0K(2467328K) From: 152608K(164352K)->156128K(163328K)
[3519.181s][info][gc,heap        ] GC(794) ParOldGen: 2134227K(2134528K)->2238187K(2238464K)
[3519.181s][info][gc,metaspace   ] GC(794) Metaspace: 29093K(29376K)->29093K(29376K) NonClass: 25989K(26112K)->25989K(26112K) Class: 3103K(3264K)->3103K(3264K)
[3519.181s][info][gc             ] GC(794) Pause Young (Allocation Failure) 4641M->2338M(4755M) 97.748ms
[3519.181s][info][gc,cpu         ] GC(794) User=0.55s Sys=0.03s Real=0.09s
...[3522.206s][info][gc,start       ] GC(795) Pause Young (Allocation Failure)
[3522.300s][info][gc,heap        ] GC(795) PSYoungGen: 2623456K(2630656K)->149024K(2630656K) Eden: 2467328K(2467328K)->0K(2467328K) From: 156128K(163328K)->149024K(163328K)
[3522.300s][info][gc,heap        ] GC(795) ParOldGen: 2238187K(2238464K)->2342523K(2342912K)
[3522.300s][info][gc,metaspace   ] GC(795) Metaspace: 29093K(29376K)->29093K(29376K) NonClass: 25989K(26112K)->25989K(26112K) Class: 3103K(3264K)->3103K(3264K)
[3522.300s][info][gc             ] GC(795) Pause Young (Allocation Failure) 4747M->2433M(4857M) 94.321ms
[3522.300s][info][gc,cpu         ] GC(795) User=0.51s Sys=0.04s Real=0.09s
..[3524.397s][info][gc,start       ] GC(796) Pause Full (Diagnostic Command)
[3524.397s][info][gc,phases,start] GC(796) Marking Phase
[3524.712s][info][gc,phases      ] GC(796) Marking Phase 315.376ms
[3524.712s][info][gc,phases,start] GC(796) Summary Phase
[3524.712s][info][gc,phases      ] GC(796) Summary Phase 0.063ms
[3524.712s][info][gc,phases,start] GC(796) Forward
[3524.873s][info][gc,phases      ] GC(796) Forward 160.938ms
[3524.873s][info][gc,phases,start] GC(796) Adjust Pointers
[3525.093s][info][gc,phases      ] GC(796) Adjust Pointers 219.715ms
[3525.093s][info][gc,phases,start] GC(796) Compaction Phase
[3525.277s][info][gc,phases      ] GC(796) Compaction Phase 183.374ms
[3525.278s][info][gc,phases,start] GC(796) Post Compact
[3525.282s][info][gc,phases      ] GC(796) Post Compact 3.663ms
[3525.282s][info][gc,heap        ] GC(796) PSYoungGen: 1858601K(2630656K)->0K(2630656K) Eden: 1709577K(2467328K)->0K(2467328K) From: 149024K(163328K)->0K(163328K)
[3525.282s][info][gc,heap        ] GC(796) ParOldGen: 2342523K(2342912K)->1329753K(2342912K)
[3525.282s][info][gc,metaspace   ] GC(796) Metaspace: 29093K(29376K)->29093K(29376K) NonClass: 25989K(26112K)->25989K(26112K) Class: 3103K(3264K)->3103K(3264K)
[3525.282s][info][gc             ] GC(796) Pause Full (Diagnostic Command) 4102M->1298M(4857M) 884.847ms
[3525.282s][info][gc,cpu         ] GC(796) User=4.81s Sys=0.01s Real=0.88s
...[3527.506s][info][gc,start       ] GC(797) Pause Young (Allocation Failure)
[3527.568s][info][gc,heap        ] GC(797) PSYoungGen: 2467328K(2630656K)->152400K(2631680K) Eden: 2467328K(2467328K)->0K(2469376K) From: 0K(163328K)->152400K(162304K)
[3527.568s][info][gc,heap        ] GC(797) ParOldGen: 1329753K(2342912K)->1329753K(2342912K)
[3527.568s][info][gc,metaspace   ] GC(797) Metaspace: 29093K(29376K)->29093K(29376K) NonClass: 25989K(26112K)->25989K(26112K) Class: 3103K(3264K)->3103K(3264K)
[3527.568s][info][gc             ] GC(797) Pause Young (Allocation Failure) 3708M->1447M(4858M) 61.389ms
[3527.568s][info][gc,cpu         ] GC(797) User=0.36s Sys=0.00s Real=0.06s
...[3530.661s][info][gc,start       ] GC(798) Pause Young (Allocation Failure)
[3530.754s][info][gc,heap        ] GC(798) PSYoungGen: 2621776K(2631680K)->158240K(2632192K) Eden: 2469376K(2469376K)->0K(2469376K) From: 152400K(162304K)->158240K(162816K)
[3530.754s][info][gc,heap        ] GC(798) ParOldGen: 1329753K(2342912K)->1434233K(2342912K)
[3530.754s][info][gc,metaspace   ] GC(798) Metaspace: 29093K(29376K)->29093K(29376K) NonClass: 25989K(26112K)->25989K(26112K) Class: 3103K(3264K)->3103K(3264K)
[3530.754s][info][gc             ] GC(798) Pause Young (Allocation Failure) 3858M->1555M(4858M) 93.012ms
[3530.754s][info][gc,cpu         ] GC(798) User=0.55s Sys=0.00s Real=0.10s
...[3533.819s][info][gc,start       ] GC(799) Pause Young (Allocation Failure)
[3533.913s][info][gc,heap        ] GC(799) PSYoungGen: 2627616K(2632192K)->160613K(2629632K) Eden: 2469376K(2469376K)->0K(2466304K) From: 158240K(162816K)->160613K(163328K)
[3533.913s][info][gc,heap        ] GC(799) ParOldGen: 1434233K(2342912K)->1539297K(2342912K)
[3533.913s][info][gc,metaspace   ] GC(799) Metaspace: 29093K(29376K)->29093K(29376K) NonClass: 25989K(26112K)->25989K(26112K) Class: 3103K(3264K)->3103K(3264K)
[3533.914s][info][gc             ] GC(799) Pause Young (Allocation Failure) 3966M->1660M(4856M) 94.642ms
[3533.914s][info][gc,cpu         ] GC(799) User=0.56s Sys=0.00s Real=0.10s
...[3536.953s][info][gc,start       ] GC(800) Pause Young (Allocation Failure)
[3537.048s][info][gc,heap        ] GC(800) PSYoungGen: 2626917K(2629632K)->161812K(2628608K) Eden: 2466304K(2466304K)->0K(2466304K) From: 160613K(163328K)->161812K(162304K)
[3537.048s][info][gc,heap        ] GC(800) ParOldGen: 1539297K(2342912K)->1644009K(2342912K)
[3537.048s][info][gc,metaspace   ] GC(800) Metaspace: 29093K(29376K)->29093K(29376K) NonClass: 25989K(26112K)->25989K(26112K) Class: 3103K(3264K)->3103K(3264K)
[3537.048s][info][gc             ] GC(800) Pause Young (Allocation Failure) 4068M->1763M(4855M) 95.183ms
[3537.048s][info][gc,cpu         ] GC(800) User=0.56s Sys=0.00s Real=0.10s
...[3540.088s][info][gc,start       ] GC(801) Pause Young (Allocation Failure)
[3540.180s][info][gc,heap        ] GC(801) PSYoungGen: 2628116K(2628608K)->155648K(2630144K) Eden: 2466304K(2466304K)->0K(2463232K) From: 161812K(162304K)->155648K(166912K)
[3540.180s][info][gc,heap        ] GC(801) ParOldGen: 1644009K(2342912K)->1749305K(2342912K)
[3540.180s][info][gc,metaspace   ] GC(801) Metaspace: 29093K(29376K)->29093K(29376K) NonClass: 25989K(26112K)->25989K(26112K) Class: 3103K(3264K)->3103K(3264K)
[3540.180s][info][gc             ] GC(801) Pause Young (Allocation Failure) 4171M->1860M(4856M) 91.963ms
[3540.180s][info][gc,cpu         ] GC(801) User=0.55s Sys=0.00s Real=0.09s
...[3543.335s][info][gc,start       ] GC(802) Pause Young (Allocation Failure)
[3543.425s][info][gc,heap        ] GC(802) PSYoungGen: 2618880K(2630144K)->150624K(2614272K) Eden: 2463232K(2463232K)->0K(2463232K) From: 155648K(166912K)->150624K(151040K)
[3543.425s][info][gc,heap        ] GC(802) ParOldGen: 1749305K(2342912K)->1853969K(2342912K)
[3543.425s][info][gc,metaspace   ] GC(802) Metaspace: 29093K(29376K)->29093K(29376K) NonClass: 25989K(26112K)->25989K(26112K) Class: 3103K(3264K)->3103K(3264K)
[3543.425s][info][gc             ] GC(802) Pause Young (Allocation Failure) 4265M->1957M(4841M) 90.467ms
[3543.425s][info][gc,cpu         ] GC(802) User=0.53s Sys=0.00s Real=0.09s
...[3546.391s][info][gc,start       ] GC(803) Pause Young (Allocation Failure)
[3546.487s][info][gc,heap        ] GC(803) PSYoungGen: 2613856K(2614272K)->158244K(2628096K) Eden: 2463232K(2463232K)->0K(2462720K) From: 150624K(151040K)->158244K(165376K)
[3546.487s][info][gc,heap        ] GC(803) ParOldGen: 1853969K(2342912K)->1960673K(2342912K)
[3546.487s][info][gc,metaspace   ] GC(803) Metaspace: 29093K(29376K)->29093K(29376K) NonClass: 25989K(26112K)->25989K(26112K) Class: 3103K(3264K)->3103K(3264K)
[3546.487s][info][gc             ] GC(803) Pause Young (Allocation Failure) 4363M->2069M(4854M) 95.465ms
[3546.487s][info][gc,cpu         ] GC(803) User=0.56s Sys=0.00s Real=0.10s
....[3549.502s][info][gc,start       ] GC(804) Pause Young (Allocation Failure)
[3549.597s][info][gc,heap        ] GC(804) PSYoungGen: 2620964K(2628096K)->161733K(2628608K) Eden: 2462720K(2462720K)->0K(2462720K) From: 158244K(165376K)->161733K(165888K)
[3549.597s][info][gc,heap        ] GC(804) ParOldGen: 1960673K(2342912K)->2064001K(2342912K)
[3549.597s][info][gc,metaspace   ] GC(804) Metaspace: 29093K(29376K)->29093K(29376K) NonClass: 25989K(26112K)->25989K(26112K) Class: 3103K(3264K)->3103K(3264K)
[3549.597s][info][gc             ] GC(804) Pause Young (Allocation Failure) 4474M->2173M(4855M) 95.199ms
[3549.597s][info][gc,cpu         ] GC(804) User=0.56s Sys=0.00s Real=0.10s
...[3552.603s][info][gc,start       ] GC(805) Pause Young (Allocation Failure)
[3552.699s][info][gc,heap        ] GC(805) PSYoungGen: 2624453K(2628608K)->162660K(2626048K) Eden: 2462720K(2462720K)->0K(2459136K) From: 161733K(165888K)->162660K(166912K)
[3552.699s][info][gc,heap        ] GC(805) ParOldGen: 2064001K(2342912K)->2169065K(2342912K)
[3552.699s][info][gc,metaspace   ] GC(805) Metaspace: 29093K(29376K)->29093K(29376K) NonClass: 25989K(26112K)->25989K(26112K) Class: 3103K(3264K)->3103K(3264K)
[3552.699s][info][gc             ] GC(805) Pause Young (Allocation Failure) 4578M->2277M(4852M) 95.736ms
[3552.699s][info][gc,cpu         ] GC(805) User=0.56s Sys=0.00s Real=0.10s
...[3555.813s][info][gc,start       ] GC(806) Pause Young (Allocation Failure)
[3555.905s][info][gc,heap        ] GC(806) PSYoungGen: 2621796K(2626048K)->155168K(2627584K) Eden: 2459136K(2459136K)->0K(2459136K) From: 162660K(166912K)->155168K(168448K)
[3555.905s][info][gc,heap        ] GC(806) ParOldGen: 2169065K(2342912K)->2271953K(2342912K)
[3555.905s][info][gc,metaspace   ] GC(806) Metaspace: 29093K(29376K)->29093K(29376K) NonClass: 25989K(26112K)->25989K(26112K) Class: 3103K(3264K)->3103K(3264K)
[3555.905s][info][gc             ] GC(806) Pause Young (Allocation Failure) 4678M->2370M(4854M) 91.702ms
[3555.905s][info][gc,cpu         ] GC(806) User=0.55s Sys=0.00s Real=0.10s
...[3558.904s][info][gc,start       ] GC(807) Pause Young (Allocation Failure)
[3559.011s][info][gc,heap        ] GC(807) PSYoungGen: 2614304K(2627584K)->167406K(2538496K) Eden: 2459136K(2459136K)->0K(2371072K) From: 155168K(168448K)->167406K(167424K)
[3559.011s][info][gc,heap        ] GC(807) ParOldGen: 2271953K(2342912K)->2385665K(2385920K)
[3559.011s][info][gc,metaspace   ] GC(807) Metaspace: 29093K(29376K)->29093K(29376K) NonClass: 25989K(26112K)->25989K(26112K) Class: 3103K(3264K)->3103K(3264K)
[3559.011s][info][gc             ] GC(807) Pause Young (Allocation Failure) 4771M->2493M(4809M) 106.783ms
[3559.011s][info][gc,cpu         ] GC(807) User=0.62s Sys=0.02s Real=0.10s
...[3561.875s][info][gc,start       ] GC(808) Pause Young (Allocation Failure)
[3561.971s][info][gc,heap        ] GC(808) PSYoungGen: 2538478K(2538496K)->152676K(2583552K) Eden: 2371072K(2371072K)->0K(2371072K) From: 167406K(167424K)->152676K(212480K)
[3561.971s][info][gc,heap        ] GC(808) ParOldGen: 2385665K(2385920K)->2486793K(2487296K)
[3561.971s][info][gc,metaspace   ] GC(808) Metaspace: 29093K(29376K)->29093K(29376K) NonClass: 25989K(26112K)->25989K(26112K) Class: 3103K(3264K)->3103K(3264K)
[3561.971s][info][gc             ] GC(808) Pause Young (Allocation Failure) 4808M->2577M(4952M) 95.993ms
[3561.971s][info][gc,cpu         ] GC(808) User=0.52s Sys=0.03s Real=0.09s
...[3564.948s][info][gc,start       ] GC(809) Pause Young (Allocation Failure)
[3565.046s][info][gc,heap        ] GC(809) PSYoungGen: 2523748K(2583552K)->158277K(2576896K) Eden: 2371072K(2371072K)->0K(2372608K) From: 152676K(212480K)->158277K(204288K)
[3565.046s][info][gc,heap        ] GC(809) ParOldGen: 2486793K(2487296K)->2586433K(2586624K)
[3565.046s][info][gc,metaspace   ] GC(809) Metaspace: 29093K(29376K)->29093K(29376K) NonClass: 25989K(26112K)->25989K(26112K) Class: 3103K(3264K)->3103K(3264K)
[3565.046s][info][gc             ] GC(809) Pause Young (Allocation Failure) 4893M->2680M(5042M) 97.383ms
[3565.046s][info][gc,cpu         ] GC(809) User=0.53s Sys=0.03s Real=0.10s
...[3567.984s][info][gc,start       ] GC(810) Pause Young (Allocation Failure)
[3568.080s][info][gc,heap        ] GC(810) PSYoungGen: 2530885K(2576896K)->152704K(2580992K) Eden: 2372608K(2372608K)->0K(2372608K) From: 158277K(204288K)->152704K(208384K)
[3568.080s][info][gc,heap        ] GC(810) ParOldGen: 2586433K(2586624K)->2690393K(2690560K)
[3568.080s][info][gc,metaspace   ] GC(810) Metaspace: 29093K(29376K)->29093K(29376K) NonClass: 25989K(26112K)->25989K(26112K) Class: 3103K(3264K)->3103K(3264K)
[3568.080s][info][gc             ] GC(810) Pause Young (Allocation Failure) 4997M->2776M(5148M) 95.848ms
[3568.080s][info][gc,cpu         ] GC(810) User=0.53s Sys=0.04s Real=0.09s
...[3570.984s][info][gc,start       ] GC(811) Pause Young (Allocation Failure)
[3571.079s][info][gc,heap        ] GC(811) PSYoungGen: 2525312K(2580992K)->149440K(2582528K) Eden: 2372608K(2372608K)->0K(2381312K) From: 152704K(208384K)->149440K(201216K)
[3571.079s][info][gc,heap        ] GC(811) ParOldGen: 2690393K(2690560K)->2794953K(2795008K)
[3571.079s][info][gc,metaspace   ] GC(811) Metaspace: 29093K(29376K)->29093K(29376K) NonClass: 25989K(26112K)->25989K(26112K) Class: 3103K(3264K)->3103K(3264K)
[3571.079s][info][gc             ] GC(811) Pause Young (Allocation Failure) 5093M->2875M(5251M) 95.099ms
[3571.079s][info][gc,cpu         ] GC(811) User=0.53s Sys=0.03s Real=0.09s
... (rIR:aIR:PR = 5535:5534:5534) (tPR = 82589) [OK] 
  3573s: Performance info:
         Transaction,    Success,    Partial,     Failed,   Receipts, AvgBarcode, 
             Overall,     335696,          0,          0,     318910,      59.48, 
         Response times:
             Request,    Success,    Partial,     Failed,   SkipFail,     Probes,    Samples,      min,      p50,      p90,      p95,      p99,      max, 
       TotalPurchase,     318910,          0,          0,          0,     310404,     334008,      200,     4200,     7900,    16600,   408000,   548000,
     InStorePurchase,     167823,          0,          0,          0,     163897,     176032,      200,     4200,     7900,    17100,   403000,   542000,
      OnlinePurchase,     117533,          0,          0,          0,     114164,     122941,      300,     4000,     7800,    15300,   406000,   547000,
        InstPurchase,      33554,          0,          0,          0,      32343,      35035,      400,     4600,     8100,    18020,   419000,   548000,
          AssocOfCat,        340,          0,          0,          0,        288,        403,    18700,    31000,    46600,    62800,   323960,   508000,
      AssocOfProduct,       3362,          0,          0,          0,       3082,       3489,      700,     4700,     8800,    16550,   398000,   542000,
      BusinessReport,        844,          0,          0,          0,        702,        853,    23000,    35000,    51000,    65000,   380920,  1100000,
          CustBuyBeh,       3352,          0,          0,          0,       3104,       3566,      300,     3500,     7530,    10665,   347620,   539000,
       ProductReturn,       8888,          0,          0,          0,       8432,       9332,      200,     3800,     7600,    17500,   387000,   537000,

  3573s: (41%)   IR =   5673 [3573.999s][info][gc,start       ] GC(812) Pause Young (Allocation Failure)
[3574.094s][info][gc,heap        ] GC(812) PSYoungGen: 2530752K(2582528K)->151840K(2586112K) Eden: 2381312K(2381312K)->0K(2381312K) From: 149440K(201216K)->151840K(204800K)
[3574.094s][info][gc,heap        ] GC(812) ParOldGen: 2794953K(2795008K)->2896769K(2896896K)
[3574.094s][info][gc,metaspace   ] GC(812) Metaspace: 29093K(29376K)->29093K(29376K) NonClass: 25989K(26112K)->25989K(26112K) Class: 3103K(3264K)->3103K(3264K)
[3574.094s][info][gc             ] GC(812) Pause Young (Allocation Failure) 5200M->2977M(5354M) 94.706ms
[3574.094s][info][gc,cpu         ] GC(812) User=0.52s Sys=0.04s Real=0.10s
...[3576.958s][info][gc,start       ] GC(813) Pause Young (Allocation Failure)
[3577.053s][info][gc,heap        ] GC(813) PSYoungGen: 2533152K(2586112K)->149824K(2585600K) Eden: 2381312K(2381312K)->0K(2388480K) From: 151840K(204800K)->149824K(197120K)
[3577.053s][info][gc,heap        ] GC(813) ParOldGen: 2896769K(2896896K)->2999457K(2999808K)
[3577.053s][info][gc,metaspace   ] GC(813) Metaspace: 29093K(29376K)->29093K(29376K) NonClass: 25989K(26112K)->25989K(26112K) Class: 3103K(3264K)->3103K(3264K)
[3577.053s][info][gc             ] GC(813) Pause Young (Allocation Failure) 5302M->3075M(5454M) 95.283ms
[3577.053s][info][gc,cpu         ] GC(813) User=0.52s Sys=0.04s Real=0.09s
.|..[3579.930s][info][gc,start       ] GC(814) Pause Young (Allocation Failure)
[3580.024s][info][gc,heap        ] GC(814) PSYoungGen: 2538304K(2585600K)->150880K(2589184K) Eden: 2388480K(2388480K)->0K(2388480K) From: 149824K(197120K)->150880K(200704K)
[3580.024s][info][gc,heap        ] GC(814) ParOldGen: 2999457K(2999808K)->3102305K(3102720K)
[3580.024s][info][gc,metaspace   ] GC(814) Metaspace: 29093K(29376K)->29093K(29376K) NonClass: 25989K(26112K)->25989K(26112K) Class: 3103K(3264K)->3103K(3264K)
[3580.024s][info][gc             ] GC(814) Pause Young (Allocation Failure) 5407M->3176M(5558M) 94.302ms
[3580.024s][info][gc,cpu         ] GC(814) User=0.53s Sys=0.03s Real=0.10s
...[3582.940s][info][gc,start       ] GC(815) Pause Young (Allocation Failure)
[3583.038s][info][gc,heap        ] GC(815) PSYoungGen: 2539360K(2589184K)->157317K(2586624K) Eden: 2388480K(2388480K)->0K(2396672K) From: 150880K(200704K)->157317K(189952K)
[3583.038s][info][gc,heap        ] GC(815) ParOldGen: 3102305K(3102720K)->3206201K(3206656K)
[3583.038s][info][gc,metaspace   ] GC(815) Metaspace: 29093K(29376K)->29093K(29376K) NonClass: 25989K(26112K)->25989K(26112K) Class: 3103K(3264K)->3103K(3264K)
[3583.038s][info][gc             ] GC(815) Pause Young (Allocation Failure) 5509M->3284M(5657M) 98.870ms
[3583.039s][info][gc,cpu         ] GC(815) User=0.54s Sys=0.03s Real=0.10s
...[3585.889s][info][gc,start       ] GC(816) Pause Young (Allocation Failure)
[3585.985s][info][gc,heap        ] GC(816) PSYoungGen: 2553989K(2586624K)->149152K(2591744K) Eden: 2396672K(2396672K)->0K(2396672K) From: 157317K(189952K)->149152K(195072K)
[3585.985s][info][gc,heap        ] GC(816) ParOldGen: 3206201K(3206656K)->3309817K(3310080K)
[3585.985s][info][gc,metaspace   ] GC(816) Metaspace: 29093K(29376K)->29093K(29376K) NonClass: 25989K(26112K)->25989K(26112K) Class: 3103K(3264K)->3103K(3264K)
[3585.985s][info][gc             ] GC(816) Pause Young (Allocation Failure) 5625M->3377M(5763M) 96.064ms
[3585.985s][info][gc,cpu         ] GC(816) User=0.54s Sys=0.02s Real=0.10s
...[3588.851s][info][gc,start       ] GC(817) Pause Young (Allocation Failure)
[3588.949s][info][gc,heap        ] GC(817) PSYoungGen: 2545824K(2591744K)->154144K(2594304K) Eden: 2396672K(2396672K)->0K(2407424K) From: 149152K(195072K)->154144K(186880K)
[3588.949s][info][gc,heap        ] GC(817) ParOldGen: 3309817K(3310080K)->3411489K(3411968K)
[3588.949s][info][gc,metaspace   ] GC(817) Metaspace: 29093K(29376K)->29093K(29376K) NonClass: 25989K(26112K)->25989K(26112K) Class: 3103K(3264K)->3103K(3264K)
[3588.949s][info][gc             ] GC(817) Pause Young (Allocation Failure) 5718M->3482M(5865M) 97.629ms
[3588.949s][info][gc,cpu         ] GC(817) User=0.54s Sys=0.04s Real=0.10s
...[3591.844s][info][gc,start       ] GC(818) Pause Young (Allocation Failure)
[3591.944s][info][gc,heap        ] GC(818) PSYoungGen: 2561568K(2594304K)->162739K(2598400K) Eden: 2407424K(2407424K)->0K(2407424K) From: 154144K(186880K)->162739K(190976K)
[3591.944s][info][gc,heap        ] GC(818) ParOldGen: 3411489K(3411968K)->3514337K(3514368K)
[3591.944s][info][gc,metaspace   ] GC(818) Metaspace: 29093K(29376K)->29093K(29376K) NonClass: 25989K(26112K)->25989K(26112K) Class: 3103K(3264K)->3103K(3264K)
[3591.944s][info][gc             ] GC(818) Pause Young (Allocation Failure) 5833M->3590M(5969M) 100.127ms
[3591.944s][info][gc,cpu         ] GC(818) User=0.55s Sys=0.05s Real=0.10s
...[3594.877s][info][gc,start       ] GC(819) Pause Young (Allocation Failure)
[3594.973s][info][gc,heap        ] GC(819) PSYoungGen: 2570163K(2598400K)->152288K(2599424K) Eden: 2407424K(2407424K)->0K(2415616K) From: 162739K(190976K)->152288K(183808K)
[3594.973s][info][gc,heap        ] GC(819) ParOldGen: 3514337K(3514368K)->3618633K(3618816K)
[3594.973s][info][gc,metaspace   ] GC(819) Metaspace: 29093K(29376K)->29093K(29376K) NonClass: 25989K(26112K)->25989K(26112K) Class: 3103K(3264K)->3103K(3264K)
[3594.973s][info][gc             ] GC(819) Pause Young (Allocation Failure) 5941M->3682M(6072M) 95.919ms
[3594.973s][info][gc,cpu         ] GC(819) User=0.52s Sys=0.04s Real=0.09s
...[3597.803s][info][gc,start       ] GC(820) Pause Young (Allocation Failure)
[3597.899s][info][gc,heap        ] GC(820) PSYoungGen: 2567904K(2599424K)->148992K(2603008K) Eden: 2415616K(2415616K)->0K(2415616K) From: 152288K(183808K)->148992K(187392K)
[3597.899s][info][gc,heap        ] GC(820) ParOldGen: 3618633K(3618816K)->3723209K(3723264K)
[3597.899s][info][gc,metaspace   ] GC(820) Metaspace: 29093K(29376K)->29093K(29376K) NonClass: 25989K(26112K)->25989K(26112K) Class: 3103K(3264K)->3103K(3264K)
[3597.899s][info][gc             ] GC(820) Pause Young (Allocation Failure) 6041M->3781M(6178M) 95.947ms
[3597.899s][info][gc,cpu         ] GC(820) User=0.54s Sys=0.03s Real=0.09s
...[3600.818s][info][gc,start       ] GC(821) Pause Young (Allocation Failure)
[3600.920s][info][gc,heap        ] GC(821) PSYoungGen: 2564608K(2603008K)->168057K(2607104K) Eden: 2415616K(2415616K)->0K(2421248K) From: 148992K(187392K)->168057K(185856K)
[3600.920s][info][gc,heap        ] GC(821) ParOldGen: 3723209K(3723264K)->3826321K(3826688K)
[3600.920s][info][gc,metaspace   ] GC(821) Metaspace: 29093K(29376K)->29093K(29376K) NonClass: 25989K(26112K)->25989K(26112K) Class: 3103K(3264K)->3103K(3264K)
[3600.921s][info][gc             ] GC(821) Pause Young (Allocation Failure) 6140M->3900M(6283M) 102.820ms
[3600.921s][info][gc,cpu         ] GC(821) User=0.58s Sys=0.02s Real=0.10s
...[3603.852s][info][gc,start       ] GC(822) Pause Young (Allocation Failure)
[3603.952s][info][gc,heap        ] GC(822) PSYoungGen: 2589305K(2607104K)->158613K(2579968K) Eden: 2421248K(2421248K)->0K(2421248K) From: 168057K(185856K)->158613K(158720K)
[3603.952s][info][gc,heap        ] GC(822) ParOldGen: 3826321K(3826688K)->3928785K(3929088K)
[3603.952s][info][gc,metaspace   ] GC(822) Metaspace: 29093K(29376K)->29093K(29376K) NonClass: 25989K(26112K)->25989K(26112K) Class: 3103K(3264K)->3103K(3264K)
[3603.952s][info][gc             ] GC(822) Pause Young (Allocation Failure) 6265M->3991M(6356M) 100.114ms
[3603.952s][info][gc,cpu         ] GC(822) User=0.56s Sys=0.03s Real=0.10s
...[3606.830s][info][gc,start       ] GC(823) Pause Young (Allocation Failure)
[3606.926s][info][gc,heap        ] GC(823) PSYoungGen: 2579861K(2579968K)->149920K(2608128K) Eden: 2421248K(2421248K)->0K(2423808K) From: 158613K(158720K)->149920K(184320K)
[3606.926s][info][gc,heap        ] GC(823) ParOldGen: 3928785K(3929088K)->4033393K(4033536K)
[3606.926s][info][gc,metaspace   ] GC(823) Metaspace: 29093K(29376K)->29093K(29376K) NonClass: 25989K(26112K)->25989K(26112K) Class: 3103K(3264K)->3103K(3264K)
[3606.926s][info][gc             ] GC(823) Pause Young (Allocation Failure) 6356M->4085M(6486M) 95.438ms
[3606.926s][info][gc,cpu         ] GC(823) User=0.53s Sys=0.04s Real=0.10s
...[3609.864s][info][gc,start       ] GC(824) Pause Young (Allocation Failure)
[3609.961s][info][gc,heap        ] GC(824) PSYoungGen: 2573728K(2608128K)->156864K(2607104K) Eden: 2423808K(2423808K)->0K(2423808K) From: 149920K(184320K)->156864K(183296K)
[3609.961s][info][gc,heap        ] GC(824) ParOldGen: 4033393K(4033536K)->4136425K(4136448K)
[3609.961s][info][gc,metaspace   ] GC(824) Metaspace: 29093K(29376K)->29093K(29376K) NonClass: 25989K(26112K)->25989K(26112K) Class: 3103K(3264K)->3103K(3264K)
[3609.961s][info][gc             ] GC(824) Pause Young (Allocation Failure) 6452M->4192M(6585M) 97.676ms
[3609.961s][info][gc,cpu         ] GC(824) User=0.54s Sys=0.03s Real=0.09s
...[3612.892s][info][gc,start       ] GC(825) Pause Young (Allocation Failure)
[3612.990s][info][gc,heap        ] GC(825) PSYoungGen: 2580672K(2607104K)->152534K(2610688K) Eden: 2423808K(2423808K)->0K(2429952K) From: 156864K(183296K)->152534K(180736K)
[3612.990s][info][gc,heap        ] GC(825) ParOldGen: 4136425K(4136448K)->4241297K(4241408K)
[3612.990s][info][gc,metaspace   ] GC(825) Metaspace: 29093K(29376K)->29093K(29376K) NonClass: 25989K(26112K)->25989K(26112K) Class: 3103K(3264K)->3103K(3264K)
[3612.990s][info][gc             ] GC(825) Pause Young (Allocation Failure) 6559M->4290M(6691M) 97.409ms
[3612.990s][info][gc,cpu         ] GC(825) User=0.54s Sys=0.04s Real=0.10s
...[3615.905s][info][gc,start       ] GC(826) Pause Young (Allocation Failure)
[3616.004s][info][gc,heap        ] GC(826) PSYoungGen: 2582486K(2610688K)->157989K(2609152K) Eden: 2429952K(2429952K)->0K(2429952K) From: 152534K(180736K)->157989K(179200K)
[3616.004s][info][gc,heap        ] GC(826) ParOldGen: 4241297K(4241408K)->4344993K(4345344K)
[3616.004s][info][gc,metaspace   ] GC(826) Metaspace: 29093K(29376K)->29093K(29376K) NonClass: 25989K(26112K)->25989K(26112K) Class: 3103K(3264K)->3103K(3264K)
[3616.004s][info][gc             ] GC(826) Pause Young (Allocation Failure) 6663M->4397M(6791M) 98.567ms
[3616.004s][info][gc,cpu         ] GC(826) User=0.54s Sys=0.05s Real=0.10s
...[3618.980s][info][gc,start       ] GC(827) Pause Young (Allocation Failure)
[3619.079s][info][gc,heap        ] GC(827) PSYoungGen: 2587941K(2609152K)->155360K(2614784K) Eden: 2429952K(2429952K)->0K(2438144K) From: 157989K(179200K)->155360K(176640K)
[3619.079s][info][gc,heap        ] GC(827) ParOldGen: 4344993K(4345344K)->4448905K(4449280K)
[3619.079s][info][gc,metaspace   ] GC(827) Metaspace: 29093K(29376K)->29093K(29376K) NonClass: 25989K(26112K)->25989K(26112K) Class: 3103K(3264K)->3103K(3264K)
[3619.079s][info][gc             ] GC(827) Pause Young (Allocation Failure) 6770M->4496M(6898M) 99.234ms
[3619.080s][info][gc,cpu         ] GC(827) User=0.54s Sys=0.05s Real=0.10s
...[3621.949s][info][gc,start       ] GC(828) Pause Young (Allocation Failure)
[3622.050s][info][gc,heap        ] GC(828) PSYoungGen: 2593504K(2614784K)->159792K(2613760K) Eden: 2438144K(2438144K)->0K(2438144K) From: 155360K(176640K)->159792K(175616K)
[3622.050s][info][gc,heap        ] GC(828) ParOldGen: 4448905K(4449280K)->4554969K(4555264K)
[3622.050s][info][gc,metaspace   ] GC(828) Metaspace: 29093K(29376K)->29093K(29376K) NonClass: 25989K(26112K)->25989K(26112K) Class: 3103K(3264K)->3103K(3264K)
[3622.050s][info][gc             ] GC(828) Pause Young (Allocation Failure) 6877M->4604M(7001M) 101.063ms
[3622.050s][info][gc,cpu         ] GC(828) User=0.54s Sys=0.05s Real=0.10s
...[3625.035s][info][gc,start       ] GC(829) Pause Young (Allocation Failure)
[3625.136s][info][gc,heap        ] GC(829) PSYoungGen: 2597936K(2613760K)->164020K(2618368K) Eden: 2438144K(2438144K)->0K(2443264K) From: 159792K(175616K)->164020K(175104K)
[3625.136s][info][gc,heap        ] GC(829) ParOldGen: 4554969K(4555264K)->4657449K(4657664K)
[3625.136s][info][gc,metaspace   ] GC(829) Metaspace: 29093K(29376K)->29093K(29376K) NonClass: 25989K(26112K)->25989K(26112K) Class: 3103K(3264K)->3103K(3264K)
[3625.136s][info][gc             ] GC(829) Pause Young (Allocation Failure) 6985M->4708M(7105M) 100.948ms
[3625.136s][info][gc,cpu         ] GC(829) User=0.56s Sys=0.03s Real=0.10s
...[3627.983s][info][gc,start       ] GC(830) Pause Young (Allocation Failure)
[3628.081s][info][gc,heap        ] GC(830) PSYoungGen: 2607284K(2618368K)->153408K(2618880K) Eden: 2443264K(2443264K)->0K(2443264K) From: 164020K(175104K)->153408K(175616K)
[3628.081s][info][gc,heap        ] GC(830) ParOldGen: 4657449K(4657664K)->4763905K(4764160K)
[3628.081s][info][gc,metaspace   ] GC(830) Metaspace: 29093K(29376K)->29093K(29376K) NonClass: 25989K(26112K)->25989K(26112K) Class: 3103K(3264K)->3103K(3264K)
[3628.081s][info][gc             ] GC(830) Pause Young (Allocation Failure) 7094M->4802M(7210M) 98.233ms
[3628.081s][info][gc,cpu         ] GC(830) User=0.54s Sys=0.03s Real=0.10s
...[3631.084s][info][gc,start       ] GC(831) Pause Young (Allocation Failure)
[3631.184s][info][gc,heap        ] GC(831) PSYoungGen: 2596672K(2618880K)->159808K(2619904K) Eden: 2443264K(2443264K)->0K(2445824K) From: 153408K(175616K)->159808K(174080K)
[3631.184s][info][gc,heap        ] GC(831) ParOldGen: 4763905K(4764160K)->4866481K(4866560K)
[3631.184s][info][gc,metaspace   ] GC(831) Metaspace: 29093K(29376K)->29093K(29376K) NonClass: 25989K(26112K)->25989K(26112K) Class: 3103K(3264K)->3103K(3264K)
[3631.184s][info][gc             ] GC(831) Pause Young (Allocation Failure) 7188M->4908M(7311M) 99.200ms
[3631.184s][info][gc,cpu         ] GC(831) User=0.55s Sys=0.04s Real=0.10s
...[3634.051s][info][gc,start       ] GC(832) Pause Young (Allocation Failure)
[3634.149s][info][gc,heap        ] GC(832) PSYoungGen: 2605632K(2619904K)->152000K(2619904K) Eden: 2445824K(2445824K)->0K(2445824K) From: 159808K(174080K)->152000K(174080K)
[3634.149s][info][gc,heap        ] GC(832) ParOldGen: 4866481K(4866560K)->4973265K(4973568K)
[3634.149s][info][gc,metaspace   ] GC(832) Metaspace: 29093K(29376K)->29093K(29376K) NonClass: 25989K(26112K)->25989K(26112K) Class: 3103K(3264K)->3103K(3264K)
[3634.149s][info][gc             ] GC(832) Pause Young (Allocation Failure) 7296M->5005M(7415M) 98.076ms
[3634.149s][info][gc,cpu         ] GC(832) User=0.55s Sys=0.03s Real=0.10s
...[3637.116s][info][gc,start       ] GC(833) Pause Young (Allocation Failure)
[3637.219s][info][gc,heap        ] GC(833) PSYoungGen: 2597824K(2619904K)->164560K(2619392K) Eden: 2445824K(2445824K)->0K(2446336K) From: 152000K(174080K)->164560K(173056K)
[3637.219s][info][gc,heap        ] GC(833) ParOldGen: 4973265K(4973568K)->5075313K(5075456K)
[3637.219s][info][gc,metaspace   ] GC(833) Metaspace: 29093K(29376K)->29093K(29376K) NonClass: 25989K(26112K)->25989K(26112K) Class: 3103K(3264K)->3103K(3264K)
[3637.219s][info][gc             ] GC(833) Pause Young (Allocation Failure) 7393M->5117M(7514M) 103.079ms
[3637.219s][info][gc,cpu         ] GC(833) User=0.58s Sys=0.02s Real=0.10s
. (rIR:aIR:PR = 5673:5673:5673) (tPR = 84527) [OK] 
  3637s: Performance info:
         Transaction,    Success,    Partial,     Failed,   Receipts, AvgBarcode, 
             Overall,     340796,          0,          0,     323734,      59.48, 
         Response times:
             Request,    Success,    Partial,     Failed,   SkipFail,     Probes,    Samples,      min,      p50,      p90,      p95,      p99,      max, 
       TotalPurchase,     323734,          0,          0,          0,     319239,     339800,      300,     4100,     7500,    10700,    39000,   161000,
     InStorePurchase,     170381,          0,          0,          0,     168541,     179072,      300,     4100,     7400,    10600,    38000,   161000,
      OnlinePurchase,     119266,          0,          0,          0,     117456,     125031,      300,     4300,     7600,    10800,    40000,   160000,
        InstPurchase,      34087,          0,          0,          0,      33242,      35697,      400,     4100,     7700,    10600,    41000,   137000,
          AssocOfCat,        338,          0,          0,          0,        273,        365,    22000,    33000,    45400,    56000,   133700,   157000,
      AssocOfProduct,       3404,          0,          0,          0,       3198,       3658,      400,     3800,     7100,    10200,    37000,   108000,
      BusinessReport,        855,          0,          0,          0,        756,        901,    24000,    35000,    50000,    58000,   152960,   185000,
          CustBuyBeh,       3416,          0,          0,          0,       3174,       3565,      600,     5300,     8600,    14870,    43000,   117000,
       ProductReturn,       9049,          0,          0,          0,       8620,       9519,      200,     3700,     7100,     9900,    32000,   137000,

  3637s: (42%)   IR =   5812 ..[3640.104s][info][gc,start       ] GC(834) Pause Young (Allocation Failure)
[3640.205s][info][gc,heap        ] GC(834) PSYoungGen: 2610896K(2619392K)->155104K(2620928K) Eden: 2446336K(2446336K)->0K(2446336K) From: 164560K(173056K)->155104K(174592K)
[3640.205s][info][gc,heap        ] GC(834) ParOldGen: 5075313K(5075456K)->5180777K(5180928K)
[3640.205s][info][gc,metaspace   ] GC(834) Metaspace: 29093K(29376K)->29093K(29376K) NonClass: 25989K(26112K)->25989K(26112K) Class: 3103K(3264K)->3103K(3264K)
[3640.205s][info][gc             ] GC(834) Pause Young (Allocation Failure) 7506M->5210M(7619M) 100.350ms
[3640.205s][info][gc,cpu         ] GC(834) User=0.56s Sys=0.03s Real=0.10s
...|[3643.141s][info][gc,start       ] GC(835) Pause Young (Allocation Failure)
[3643.240s][info][gc,heap        ] GC(835) PSYoungGen: 2601440K(2620928K)->158464K(2619392K) Eden: 2446336K(2446336K)->0K(2448384K) From: 155104K(174592K)->158464K(171008K)
[3643.240s][info][gc,heap        ] GC(835) ParOldGen: 5180777K(5180928K)->5285225K(5285376K)
[3643.240s][info][gc,metaspace   ] GC(835) Metaspace: 29093K(29376K)->29093K(29376K) NonClass: 25989K(26112K)->25989K(26112K) Class: 3103K(3264K)->3103K(3264K)
[3643.240s][info][gc             ] GC(835) Pause Young (Allocation Failure) 7599M->5316M(7719M) 99.532ms
[3643.240s][info][gc,cpu         ] GC(835) User=0.56s Sys=0.02s Real=0.10s
...[3646.075s][info][gc,start       ] GC(836) Pause Young (Allocation Failure)
[3646.174s][info][gc,heap        ] GC(836) PSYoungGen: 2606848K(2619392K)->152992K(2620416K) Eden: 2448384K(2448384K)->0K(2448384K) From: 158464K(171008K)->152992K(172032K)
[3646.174s][info][gc,heap        ] GC(836) ParOldGen: 5285225K(5285376K)->5391801K(5391872K)
[3646.174s][info][gc,metaspace   ] GC(836) Metaspace: 29093K(29376K)->29093K(29376K) NonClass: 25989K(26112K)->25989K(26112K) Class: 3103K(3264K)->3103K(3264K)
[3646.174s][info][gc             ] GC(836) Pause Young (Allocation Failure) 7707M->5414M(7824M) 99.451ms
[3646.174s][info][gc,cpu         ] GC(836) User=0.54s Sys=0.04s Real=0.10s
...[3649.000s][info][gc,start       ] GC(837) Pause Young (Allocation Failure)
[3649.099s][info][gc,heap        ] GC(837) PSYoungGen: 2601376K(2620416K)->154880K(2621440K) Eden: 2448384K(2448384K)->0K(2452480K) From: 152992K(172032K)->154880K(168960K)
[3649.099s][info][gc,heap        ] GC(837) ParOldGen: 5391801K(5391872K)->5496049K(5496320K)
[3649.099s][info][gc,metaspace   ] GC(837) Metaspace: 29093K(29376K)->29093K(29376K) NonClass: 25989K(26112K)->25989K(26112K) Class: 3103K(3264K)->3103K(3264K)
[3649.099s][info][gc             ] GC(837) Pause Young (Allocation Failure) 7805M->5518M(7927M) 99.135ms
[3649.099s][info][gc,cpu         ] GC(837) User=0.55s Sys=0.03s Real=0.10s
...[3652.016s][info][gc,start       ] GC(838) Pause Full (Allocation Failure)
[3652.016s][info][gc,phases,start] GC(838) Marking Phase
[3652.331s][info][gc,phases      ] GC(838) Marking Phase 315.147ms
[3652.331s][info][gc,phases,start] GC(838) Summary Phase
[3652.331s][info][gc,phases      ] GC(838) Summary Phase 0.109ms
[3652.331s][info][gc,phases,start] GC(838) Forward
[3652.452s][info][gc,phases      ] GC(838) Forward 120.789ms
[3652.452s][info][gc,phases,start] GC(838) Adjust Pointers
[3652.661s][info][gc,phases      ] GC(838) Adjust Pointers 208.574ms
[3652.661s][info][gc,phases,start] GC(838) Compaction Phase
[3652.807s][info][gc,phases      ] GC(838) Compaction Phase 146.126ms
[3652.808s][info][gc,phases,start] GC(838) Post Compact
[3652.815s][info][gc,phases      ] GC(838) Post Compact 6.962ms
[3652.935s][info][gc,heap        ] GC(838) PSYoungGen: 2607360K(2621440K)->0K(2622976K) Eden: 2452480K(2452480K)->0K(2452480K) From: 154880K(168960K)->0K(170496K)
[3652.935s][info][gc,heap        ] GC(838) ParOldGen: 5496049K(5496320K)->1603433K(1873920K)
[3652.935s][info][gc,metaspace   ] GC(838) Metaspace: 29093K(29376K)->29093K(29376K) NonClass: 25989K(26112K)->25989K(26112K) Class: 3103K(3264K)->3103K(3264K)
[3652.935s][info][gc             ] GC(838) Pause Full (Allocation Failure) 7913M->1565M(4391M) 919.082ms
[3652.935s][info][gc,cpu         ] GC(838) User=4.33s Sys=0.12s Real=0.92s
...[3655.011s][info][gc,start       ] GC(839) Pause Young (Allocation Failure)
[3655.075s][info][gc,heap        ] GC(839) PSYoungGen: 2452480K(2622976K)->155616K(2623488K) Eden: 2452480K(2452480K)->0K(2455040K) From: 0K(170496K)->155616K(168448K)
[3655.075s][info][gc,heap        ] GC(839) ParOldGen: 1603433K(1873920K)->1603433K(1873920K)
[3655.075s][info][gc,metaspace   ] GC(839) Metaspace: 29093K(29376K)->29093K(29376K) NonClass: 25989K(26112K)->25989K(26112K) Class: 3103K(3264K)->3103K(3264K)
[3655.075s][info][gc             ] GC(839) Pause Young (Allocation Failure) 3960M->1717M(4392M) 63.989ms
[3655.075s][info][gc,cpu         ] GC(839) User=0.37s Sys=0.00s Real=0.07s
..[3657.898s][info][gc,start       ] GC(840) Pause Young (Allocation Failure)
[3657.994s][info][gc,heap        ] GC(840) PSYoungGen: 2610656K(2623488K)->159130K(2624512K) Eden: 2455040K(2455040K)->0K(2455040K) From: 155616K(168448K)->159130K(169472K)
[3657.994s][info][gc,heap        ] GC(840) ParOldGen: 1603433K(1873920K)->1710409K(1873920K)
[3657.994s][info][gc,metaspace   ] GC(840) Metaspace: 29093K(29376K)->29093K(29376K) NonClass: 25989K(26112K)->25989K(26112K) Class: 3103K(3264K)->3103K(3264K)
[3657.994s][info][gc             ] GC(840) Pause Young (Allocation Failure) 4115M->1825M(4393M) 95.758ms
[3657.994s][info][gc,cpu         ] GC(840) User=0.56s Sys=0.00s Real=0.10s
...[3660.931s][info][gc,start       ] GC(841) Pause Young (Allocation Failure)
[3661.024s][info][gc,heap        ] GC(841) PSYoungGen: 2614170K(2624512K)->157056K(2624000K) Eden: 2455040K(2455040K)->0K(2457600K) From: 159130K(169472K)->157056K(166400K)
[3661.024s][info][gc,heap        ] GC(841) ParOldGen: 1710409K(1873920K)->1811457K(1873920K)
[3661.024s][info][gc,metaspace   ] GC(841) Metaspace: 29093K(29376K)->29093K(29376K) NonClass: 25989K(26112K)->25989K(26112K) Class: 3103K(3264K)->3103K(3264K)
[3661.024s][info][gc             ] GC(841) Pause Young (Allocation Failure) 4223M->1922M(4392M) 93.210ms
[3661.024s][info][gc,cpu         ] GC(841) User=0.54s Sys=0.00s Real=0.10s
...[3663.907s][info][gc,start       ] GC(842) Pause Young (Allocation Failure)
[3664.004s][info][gc,heap        ] GC(842) PSYoungGen: 2614656K(2624000K)->158320K(2625536K) Eden: 2457600K(2457600K)->0K(2457600K) From: 157056K(166400K)->158320K(167936K)
[3664.004s][info][gc,heap        ] GC(842) ParOldGen: 1811457K(1873920K)->1919649K(1920000K)
[3664.004s][info][gc,metaspace   ] GC(842) Metaspace: 29093K(29376K)->29093K(29376K) NonClass: 25989K(26112K)->25989K(26112K) Class: 3103K(3264K)->3103K(3264K)
[3664.004s][info][gc             ] GC(842) Pause Young (Allocation Failure) 4322M->2029M(4439M) 96.565ms
[3664.004s][info][gc,cpu         ] GC(842) User=0.55s Sys=0.02s Real=0.10s
...[3666.835s][info][gc,start       ] GC(843) Pause Young (Allocation Failure)
[3666.928s][info][gc,heap        ] GC(843) PSYoungGen: 2615920K(2625536K)->150592K(2627584K) Eden: 2457600K(2457600K)->0K(2460672K) From: 158320K(167936K)->150592K(166912K)
[3666.928s][info][gc,heap        ] GC(843) ParOldGen: 1919649K(1920000K)->2024377K(2024448K)
[3666.928s][info][gc,metaspace   ] GC(843) Metaspace: 29093K(29376K)->29093K(29376K) NonClass: 25989K(26112K)->25989K(26112K) Class: 3103K(3264K)->3103K(3264K)
[3666.928s][info][gc             ] GC(843) Pause Young (Allocation Failure) 4429M->2123M(4543M) 93.524ms
[3666.928s][info][gc,cpu         ] GC(843) User=0.53s Sys=0.03s Real=0.09s
...[3669.868s][info][gc,start       ] GC(844) Pause Young (Allocation Failure)
[3669.963s][info][gc,heap        ] GC(844) PSYoungGen: 2611264K(2627584K)->156416K(2628096K) Eden: 2460672K(2460672K)->0K(2460672K) From: 150592K(166912K)->156416K(167424K)
[3669.963s][info][gc,heap        ] GC(844) ParOldGen: 2024377K(2024448K)->2125913K(2126336K)
[3669.963s][info][gc,metaspace   ] GC(844) Metaspace: 29093K(29376K)->29093K(29376K) NonClass: 25989K(26112K)->25989K(26112K) Class: 3103K(3264K)->3103K(3264K)
[3669.963s][info][gc             ] GC(844) Pause Young (Allocation Failure) 4526M->2228M(4643M) 95.190ms
[3669.963s][info][gc,cpu         ] GC(844) User=0.52s Sys=0.04s Real=0.09s
...[3672.836s][info][gc,start       ] GC(845) Pause Young (Allocation Failure)
[3672.935s][info][gc,heap        ] GC(845) PSYoungGen: 2617088K(2628096K)->158196K(2628096K) Eden: 2460672K(2460672K)->0K(2462208K) From: 156416K(167424K)->158196K(165888K)
[3672.935s][info][gc,heap        ] GC(845) ParOldGen: 2125913K(2126336K)->2232801K(2232832K)
[3672.935s][info][gc,metaspace   ] GC(845) Metaspace: 29093K(29376K)->29093K(29376K) NonClass: 25989K(26112K)->25989K(26112K) Class: 3103K(3264K)->3103K(3264K)
[3672.935s][info][gc             ] GC(845) Pause Young (Allocation Failure) 4631M->2334M(4747M) 99.374ms
[3672.935s][info][gc,cpu         ] GC(845) User=0.53s Sys=0.05s Real=0.10s
...[3675.753s][info][gc,start       ] GC(846) Pause Young (Allocation Failure)
[3675.849s][info][gc,heap        ] GC(846) PSYoungGen: 2620404K(2628096K)->154208K(2628096K) Eden: 2462208K(2462208K)->0K(2462208K) From: 158196K(165888K)->154208K(165888K)
[3675.849s][info][gc,heap        ] GC(846) ParOldGen: 2232801K(2232832K)->2338761K(2338816K)
[3675.849s][info][gc,metaspace   ] GC(846) Metaspace: 29093K(29376K)->29093K(29376K) NonClass: 25989K(26112K)->25989K(26112K) Class: 3103K(3264K)->3103K(3264K)
[3675.849s][info][gc             ] GC(846) Pause Young (Allocation Failure) 4739M->2434M(4850M) 96.251ms
[3675.849s][info][gc,cpu         ] GC(846) User=0.54s Sys=0.03s Real=0.10s
...[3678.808s][info][gc,start       ] GC(847) Pause Young (Allocation Failure)
[3678.904s][info][gc,heap        ] GC(847) PSYoungGen: 2616416K(2628096K)->157408K(2629632K) Eden: 2462208K(2462208K)->0K(2464768K) From: 154208K(165888K)->157408K(164864K)
[3678.904s][info][gc,heap        ] GC(847) ParOldGen: 2338761K(2338816K)->2440289K(2440704K)
[3678.904s][info][gc,metaspace   ] GC(847) Metaspace: 29093K(29376K)->29093K(29376K) NonClass: 25989K(26112K)->25989K(26112K) Class: 3103K(3264K)->3103K(3264K)
[3678.904s][info][gc             ] GC(847) Pause Young (Allocation Failure) 4839M->2536M(4951M) 96.055ms
[3678.904s][info][gc,cpu         ] GC(847) User=0.53s Sys=0.03s Real=0.10s
...[3681.795s][info][gc,start       ] GC(848) Pause Young (Allocation Failure)
[3681.893s][info][gc,heap        ] GC(848) PSYoungGen: 2622176K(2629632K)->155168K(2629632K) Eden: 2464768K(2464768K)->0K(2464768K) From: 157408K(164864K)->155168K(164864K)
[3681.893s][info][gc,heap        ] GC(848) ParOldGen: 2440289K(2440704K)->2548001K(2548224K)
[3681.893s][info][gc,metaspace   ] GC(848) Metaspace: 29093K(29376K)->29093K(29376K) NonClass: 25989K(26112K)->25989K(26112K) Class: 3103K(3264K)->3103K(3264K)
[3681.893s][info][gc             ] GC(848) Pause Young (Allocation Failure) 4943M->2639M(5056M) 97.671ms
[3681.893s][info][gc,cpu         ] GC(848) User=0.55s Sys=0.03s Real=0.09s
...[3684.792s][info][gc,start       ] GC(849) Pause Young (Allocation Failure)
[3684.887s][info][gc,heap        ] GC(849) PSYoungGen: 2619936K(2629632K)->154560K(2630656K) Eden: 2464768K(2464768K)->0K(2466816K) From: 155168K(164864K)->154560K(163840K)
[3684.887s][info][gc,heap        ] GC(849) ParOldGen: 2548001K(2548224K)->2652057K(2652160K)
[3684.887s][info][gc,metaspace   ] GC(849) Metaspace: 29093K(29376K)->29093K(29376K) NonClass: 25989K(26112K)->25989K(26112K) Class: 3103K(3264K)->3103K(3264K)
[3684.887s][info][gc             ] GC(849) Pause Young (Allocation Failure) 5046M->2740M(5159M) 95.287ms
[3684.887s][info][gc,cpu         ] GC(849) User=0.52s Sys=0.04s Real=0.10s
...[3687.744s][info][gc,start       ] GC(850) Pause Young (Allocation Failure)
[3687.842s][info][gc,heap        ] GC(850) PSYoungGen: 2621376K(2630656K)->157331K(2630656K) Eden: 2466816K(2466816K)->0K(2466816K) From: 154560K(163840K)->157331K(163840K)
[3687.842s][info][gc,heap        ] GC(850) ParOldGen: 2652057K(2652160K)->2759273K(2759680K)
[3687.842s][info][gc,metaspace   ] GC(850) Metaspace: 29093K(29376K)->29093K(29376K) NonClass: 25989K(26112K)->25989K(26112K) Class: 3103K(3264K)->3103K(3264K)
[3687.842s][info][gc             ] GC(850) Pause Young (Allocation Failure) 5149M->2848M(5264M) 98.355ms
[3687.842s][info][gc,cpu         ] GC(850) User=0.54s Sys=0.04s Real=0.09s
...[3690.720s][info][gc,start       ] GC(851) Pause Young (Allocation Failure)
[3690.815s][info][gc,heap        ] GC(851) PSYoungGen: 2624147K(2630656K)->152832K(2631168K) Eden: 2466816K(2466816K)->0K(2468352K) From: 157331K(163840K)->152832K(162816K)
[3690.815s][info][gc,heap        ] GC(851) ParOldGen: 2759273K(2759680K)->2864233K(2864640K)
[3690.815s][info][gc,metaspace   ] GC(851) Metaspace: 29093K(29376K)->29093K(29376K) NonClass: 25989K(26112K)->25989K(26112K) Class: 3103K(3264K)->3103K(3264K)
[3690.815s][info][gc             ] GC(851) Pause Young (Allocation Failure) 5257M->2946M(5367M) 95.101ms
[3690.815s][info][gc,cpu         ] GC(851) User=0.52s Sys=0.04s Real=0.10s
...[3693.733s][info][gc,start       ] GC(852) Pause Young (Allocation Failure)
[3693.829s][info][gc,heap        ] GC(852) PSYoungGen: 2621184K(2631168K)->155104K(2631680K) Eden: 2468352K(2468352K)->0K(2468352K) From: 152832K(162816K)->155104K(163328K)
[3693.829s][info][gc,heap        ] GC(852) ParOldGen: 2864233K(2864640K)->2968281K(2968576K)
[3693.829s][info][gc,metaspace   ] GC(852) Metaspace: 29093K(29376K)->29093K(29376K) NonClass: 25989K(26112K)->25989K(26112K) Class: 3103K(3264K)->3103K(3264K)
[3693.829s][info][gc             ] GC(852) Pause Young (Allocation Failure) 5356M->3050M(5469M) 96.052ms
[3693.829s][info][gc,cpu         ] GC(852) User=0.54s Sys=0.02s Real=0.10s
...[3696.786s][info][gc,start       ] GC(853) Pause Young (Allocation Failure)
[3696.883s][info][gc,heap        ] GC(853) PSYoungGen: 2623456K(2631680K)->155616K(2631680K) Eden: 2468352K(2468352K)->0K(2469888K) From: 155104K(163328K)->155616K(161792K)
[3696.883s][info][gc,heap        ] GC(853) ParOldGen: 2968281K(2968576K)->3074089K(3074560K)
[3696.883s][info][gc,metaspace   ] GC(853) Metaspace: 29093K(29376K)->29093K(29376K) NonClass: 25989K(26112K)->25989K(26112K) Class: 3103K(3264K)->3103K(3264K)
[3696.883s][info][gc             ] GC(853) Pause Young (Allocation Failure) 5460M->3154M(5572M) 97.512ms
[3696.883s][info][gc,cpu         ] GC(853) User=0.54s Sys=0.03s Real=0.10s
...[3699.787s][info][gc,start       ] GC(854) Pause Young (Allocation Failure)
[3699.886s][info][gc,heap        ] GC(854) PSYoungGen: 2625504K(2631680K)->155456K(2632192K) Eden: 2469888K(2469888K)->0K(2469888K) From: 155616K(161792K)->155456K(162304K)
[3699.886s][info][gc,heap        ] GC(854) ParOldGen: 3074089K(3074560K)->3181505K(3181568K)
[3699.886s][info][gc,metaspace   ] GC(854) Metaspace: 29093K(29376K)->29093K(29376K) NonClass: 25989K(26112K)->25989K(26112K) Class: 3103K(3264K)->3103K(3264K)
[3699.886s][info][gc             ] GC(854) Pause Young (Allocation Failure) 5566M->3258M(5677M) 98.313ms
[3699.886s][info][gc,cpu         ] GC(854) User=0.55s Sys=0.03s Real=0.10s
...[3702.813s][info][gc,start       ] GC(855) Pause Young (Allocation Failure)
[3702.917s][info][gc,heap        ] GC(855) PSYoungGen: 2625344K(2632192K)->161771K(2551296K) Eden: 2469888K(2469888K)->0K(2389504K) From: 155456K(162304K)->161771K(161792K)
[3702.917s][info][gc,heap        ] GC(855) ParOldGen: 3181505K(3181568K)->3289009K(3289088K)
[3702.917s][info][gc,metaspace   ] GC(855) Metaspace: 29093K(29376K)->29093K(29376K) NonClass: 25989K(26112K)->25989K(26112K) Class: 3103K(3264K)->3103K(3264K)
[3702.917s][info][gc             ] GC(855) Pause Young (Allocation Failure) 5670M->3369M(5703M) 104.048ms
[3702.917s][info][gc,cpu         ] GC(855) User=0.58s Sys=0.04s Real=0.11s
. (rIR:aIR:PR = 5812:5815:5815) (tPR = 85777) [OK] 
  3703s: Performance info:
         Transaction,    Success,    Partial,     Failed,   Receipts, AvgBarcode, 
             Overall,     351468,          0,          0,     333886,      59.48, 
         Response times:
             Request,    Success,    Partial,     Failed,   SkipFail,     Probes,    Samples,      min,      p50,      p90,      p95,      p99,      max, 
       TotalPurchase,     333886,          0,          0,          0,     324044,     356494,      300,     4400,     8400,    19900,   123000,  1100000,
     InStorePurchase,     175730,          0,          0,          0,     171017,     187384,      300,     4300,     8400,    20000,   131000,  1100000,
      OnlinePurchase,     123038,          0,          0,          0,     119194,     131372,      300,     4400,     8500,    21000,   123000,   940000,
        InstPurchase,      35118,          0,          0,          0,      33833,      37738,      400,     4500,     8200,    18400,   126000,   940000,
          AssocOfCat,        351,          0,          0,          0,        276,        381,    19700,    32000,    45000,    54900,   132620,   148000,
      AssocOfProduct,       3513,          0,          0,          0,       3211,       3721,      500,     3800,     8400,    19180,    41560,   127000,
      BusinessReport,        878,          0,          0,          0,        758,        945,    24000,    36000,    51000,    67700,   136000,   203000,
          CustBuyBeh,       3512,          0,          0,          0,       3185,       3703,      200,     5000,     8800,    24000,    53920,   127000,
       ProductReturn,       9328,          0,          0,          0,       8730,       9852,      300,     4900,     8900,    24000,   194000,   940000,

  3703s: (43%)   IR =   5950 ..[3705.674s][info][gc,start       ] GC(856) Pause Young (Allocation Failure)
[3705.769s][info][gc,heap        ] GC(856) PSYoungGen: 2551275K(2551296K)->149280K(2592768K) Eden: 2389504K(2389504K)->0K(2389504K) From: 161771K(161792K)->149280K(203264K)
[3705.769s][info][gc,heap        ] GC(856) ParOldGen: 3289009K(3289088K)->3393537K(3394048K)
[3705.769s][info][gc,metaspace   ] GC(856) Metaspace: 29093K(29376K)->29093K(29376K) NonClass: 25989K(26112K)->25989K(26112K) Class: 3103K(3264K)->3103K(3264K)
[3705.769s][info][gc             ] GC(856) Pause Young (Allocation Failure) 5703M->3459M(5846M) 94.845ms
[3705.769s][info][gc,cpu         ] GC(856) User=0.52s Sys=0.03s Real=0.09s
...[3708.417s][info][gc,start       ] GC(857) Pause Young (Allocation Failure)
[3708.513s][info][gc,heap        ] GC(857) PSYoungGen: 2538784K(2592768K)->149541K(2590208K) Eden: 2389504K(2389504K)->0K(2390016K) From: 149280K(203264K)->149541K(200192K)
[3708.513s][info][gc,heap        ] GC(857) ParOldGen: 3393537K(3394048K)->3496969K(3497472K)
[3708.513s][info][gc,metaspace   ] GC(857) Metaspace: 29093K(29376K)->29093K(29376K) NonClass: 25989K(26112K)->25989K(26112K) Class: 3103K(3264K)->3103K(3264K)
[3708.513s][info][gc             ] GC(857) Pause Young (Allocation Failure) 5793M->3561M(5945M) 95.823ms
[3708.513s][info][gc,cpu         ] GC(857) User=0.54s Sys=0.03s Real=0.09s
.|..[3711.333s][info][gc,start       ] GC(858) Pause Young (Allocation Failure)
[3711.427s][info][gc,heap        ] GC(858) PSYoungGen: 2539557K(2590208K)->150016K(2591744K) Eden: 2390016K(2390016K)->0K(2390016K) From: 149541K(200192K)->150016K(201728K)
[3711.427s][info][gc,heap        ] GC(858) ParOldGen: 3496969K(3497472K)->3596553K(3596800K)
[3711.427s][info][gc,metaspace   ] GC(858) Metaspace: 29093K(29376K)->29093K(29376K) NonClass: 25989K(26112K)->25989K(26112K) Class: 3103K(3264K)->3103K(3264K)
[3711.427s][info][gc             ] GC(858) Pause Young (Allocation Failure) 5895M->3658M(6043M) 94.576ms
[3711.428s][info][gc,cpu         ] GC(858) User=0.53s Sys=0.03s Real=0.10s
..[3714.118s][info][gc,start       ] GC(859) Pause Young (Allocation Failure)
[3714.215s][info][gc,heap        ] GC(859) PSYoungGen: 2540032K(2591744K)->150528K(2591232K) Eden: 2390016K(2390016K)->0K(2394112K) From: 150016K(201728K)->150528K(197120K)
[3714.215s][info][gc,heap        ] GC(859) ParOldGen: 3596553K(3596800K)->3703529K(3703808K)
[3714.215s][info][gc,metaspace   ] GC(859) Metaspace: 29093K(29376K)->29093K(29376K) NonClass: 25989K(26112K)->25989K(26112K) Class: 3103K(3264K)->3103K(3264K)
[3714.215s][info][gc             ] GC(859) Pause Young (Allocation Failure) 5992M->3763M(6147M) 96.621ms
[3714.215s][info][gc,cpu         ] GC(859) User=0.53s Sys=0.04s Real=0.10s
...[3716.931s][info][gc,start       ] GC(860) Pause Young (Allocation Failure)
[3717.026s][info][gc,heap        ] GC(860) PSYoungGen: 2544640K(2591232K)->148992K(2592768K) Eden: 2394112K(2394112K)->0K(2394112K) From: 150528K(197120K)->148992K(198656K)
[3717.026s][info][gc,heap        ] GC(860) ParOldGen: 3703529K(3703808K)->3805473K(3805696K)
[3717.026s][info][gc,metaspace   ] GC(860) Metaspace: 29093K(29376K)->29093K(29376K) NonClass: 25989K(26112K)->25989K(26112K) Class: 3103K(3264K)->3103K(3264K)
[3717.026s][info][gc             ] GC(860) Pause Young (Allocation Failure) 6101M->3861M(6248M) 94.696ms
[3717.026s][info][gc,cpu         ] GC(860) User=0.53s Sys=0.03s Real=0.10s
...[3719.722s][info][gc,start       ] GC(861) Pause Young (Allocation Failure)
[3719.817s][info][gc,heap        ] GC(861) PSYoungGen: 2543104K(2592768K)->146784K(2595840K) Eden: 2394112K(2394112K)->0K(2400768K) From: 148992K(198656K)->146784K(195072K)
[3719.818s][info][gc,heap        ] GC(861) ParOldGen: 3805473K(3805696K)->3908089K(3908096K)
[3719.818s][info][gc,metaspace   ] GC(861) Metaspace: 29093K(29376K)->29093K(29376K) NonClass: 25989K(26112K)->25989K(26112K) Class: 3103K(3264K)->3103K(3264K)
[3719.818s][info][gc             ] GC(861) Pause Young (Allocation Failure) 6199M->3959M(6351M) 95.516ms
[3719.818s][info][gc,cpu         ] GC(861) User=0.54s Sys=0.02s Real=0.10s
...[3722.640s][info][gc,start       ] GC(862) Pause Young (Allocation Failure)
[3722.736s][info][gc,heap        ] GC(862) PSYoungGen: 2547552K(2595840K)->151776K(2596352K) Eden: 2400768K(2400768K)->0K(2400768K) From: 146784K(195072K)->151776K(195584K)
[3722.736s][info][gc,heap        ] GC(862) ParOldGen: 3908089K(3908096K)->4009537K(4009984K)
[3722.736s][info][gc,metaspace   ] GC(862) Metaspace: 29093K(29376K)->29093K(29376K) NonClass: 25989K(26112K)->25989K(26112K) Class: 3103K(3264K)->3103K(3264K)
[3722.736s][info][gc             ] GC(862) Pause Young (Allocation Failure) 6304M->4063M(6451M) 95.866ms
[3722.736s][info][gc,cpu         ] GC(862) User=0.52s Sys=0.03s Real=0.10s
...[3725.412s][info][gc,start       ] GC(863) Pause Young (Allocation Failure)
[3725.516s][info][gc,heap        ] GC(863) PSYoungGen: 2552544K(2596352K)->158985K(2596352K) Eden: 2400768K(2400768K)->0K(2407424K) From: 151776K(195584K)->158985K(188928K)
[3725.516s][info][gc,heap        ] GC(863) ParOldGen: 4009537K(4009984K)->4116073K(4116480K)
[3725.516s][info][gc,metaspace   ] GC(863) Metaspace: 29093K(29376K)->29093K(29376K) NonClass: 25989K(26112K)->25989K(26112K) Class: 3103K(3264K)->3103K(3264K)
[3725.516s][info][gc             ] GC(863) Pause Young (Allocation Failure) 6408M->4174M(6555M) 103.859ms
[3725.516s][info][gc,cpu         ] GC(863) User=0.58s Sys=0.03s Real=0.11s
...[3728.321s][info][gc,start       ] GC(864) Pause Young (Allocation Failure)
[3728.421s][info][gc,heap        ] GC(864) PSYoungGen: 2566409K(2596352K)->161093K(2597376K) Eden: 2407424K(2407424K)->0K(2407424K) From: 158985K(188928K)->161093K(189952K)
[3728.421s][info][gc,heap        ] GC(864) ParOldGen: 4116073K(4116480K)->4217609K(4217856K)
[3728.421s][info][gc,metaspace   ] GC(864) Metaspace: 29093K(29376K)->29093K(29376K) NonClass: 25989K(26112K)->25989K(26112K) Class: 3103K(3264K)->3103K(3264K)
[3728.421s][info][gc             ] GC(864) Pause Young (Allocation Failure) 6525M->4276M(6655M) 100.903ms
[3728.421s][info][gc,cpu         ] GC(864) User=0.57s Sys=0.02s Real=0.10s
..[3731.229s][info][gc,start       ] GC(865) Pause Young (Allocation Failure)
[3731.325s][info][gc,heap        ] GC(865) PSYoungGen: 2568517K(2597376K)->149792K(2604032K) Eden: 2407424K(2407424K)->0K(2418176K) From: 161093K(189952K)->149792K(185856K)
[3731.325s][info][gc,heap        ] GC(865) ParOldGen: 4217609K(4217856K)->4323017K(4323328K)
[3731.325s][info][gc,metaspace   ] GC(865) Metaspace: 29093K(29376K)->29093K(29376K) NonClass: 25989K(26112K)->25989K(26112K) Class: 3103K(3264K)->3103K(3264K)
[3731.325s][info][gc             ] GC(865) Pause Young (Allocation Failure) 6627M->4367M(6765M) 96.822ms
[3731.325s][info][gc,cpu         ] GC(865) User=0.54s Sys=0.03s Real=0.10s
...[3734.014s][info][gc,start       ] GC(866) Pause Young (Allocation Failure)
[3734.113s][info][gc,heap        ] GC(866) PSYoungGen: 2567968K(2604032K)->153632K(2604544K) Eden: 2418176K(2418176K)->0K(2418176K) From: 149792K(185856K)->153632K(186368K)
[3734.113s][info][gc,heap        ] GC(866) ParOldGen: 4323017K(4323328K)->4428441K(4428800K)
[3734.113s][info][gc,metaspace   ] GC(866) Metaspace: 29093K(29376K)->29093K(29376K) NonClass: 25989K(26112K)->25989K(26112K) Class: 3103K(3264K)->3103K(3264K)
[3734.113s][info][gc             ] GC(866) Pause Young (Allocation Failure) 6729M->4474M(6868M) 99.034ms
[3734.113s][info][gc,cpu         ] GC(866) User=0.54s Sys=0.04s Real=0.10s
...[3736.867s][info][gc,start       ] GC(867) Pause Young (Allocation Failure)
[3736.968s][info][gc,heap        ] GC(867) PSYoungGen: 2571808K(2604544K)->159156K(2607104K) Eden: 2418176K(2418176K)->0K(2425344K) From: 153632K(186368K)->159156K(181760K)
[3736.968s][info][gc,heap        ] GC(867) ParOldGen: 4428441K(4428800K)->4531209K(4531712K)
[3736.968s][info][gc,metaspace   ] GC(867) Metaspace: 29093K(29376K)->29093K(29376K) NonClass: 25989K(26112K)->25989K(26112K) Class: 3103K(3264K)->3103K(3264K)
[3736.968s][info][gc             ] GC(867) Pause Young (Allocation Failure) 6836M->4580M(6971M) 101.095ms
[3736.968s][info][gc,cpu         ] GC(867) User=0.55s Sys=0.04s Real=0.10s
...[3739.752s][info][gc,start       ] GC(868) Pause Young (Allocation Failure)
[3739.851s][info][gc,heap        ] GC(868) PSYoungGen: 2584500K(2607104K)->154816K(2607616K) Eden: 2425344K(2425344K)->0K(2425344K) From: 159156K(181760K)->154816K(182272K)
[3739.851s][info][gc,heap        ] GC(868) ParOldGen: 4531209K(4531712K)->4633953K(4634112K)
[3739.851s][info][gc,metaspace   ] GC(868) Metaspace: 29093K(29376K)->29093K(29376K) NonClass: 25989K(26112K)->25989K(26112K) Class: 3103K(3264K)->3103K(3264K)
[3739.851s][info][gc             ] GC(868) Pause Young (Allocation Failure) 6948M->4676M(7072M) 99.157ms
[3739.851s][info][gc,cpu         ] GC(868) User=0.54s Sys=0.04s Real=0.10s
...[3742.618s][info][gc,start       ] GC(869) Pause Young (Allocation Failure)
[3742.715s][info][gc,heap        ] GC(869) PSYoungGen: 2580160K(2607616K)->151328K(2612224K) Eden: 2425344K(2425344K)->0K(2433536K) From: 154816K(182272K)->151328K(178688K)
[3742.715s][info][gc,heap        ] GC(869) ParOldGen: 4633953K(4634112K)->4738929K(4739072K)
[3742.715s][info][gc,metaspace   ] GC(869) Metaspace: 29093K(29376K)->29093K(29376K) NonClass: 25989K(26112K)->25989K(26112K) Class: 3103K(3264K)->3103K(3264K)
[3742.715s][info][gc             ] GC(869) Pause Young (Allocation Failure) 7045M->4775M(7179M) 97.108ms
[3742.715s][info][gc,cpu         ] GC(869) User=0.54s Sys=0.04s Real=0.10s
...[3745.484s][info][gc,start       ] GC(870) Pause Young (Allocation Failure)
[3745.579s][info][gc,heap        ] GC(870) PSYoungGen: 2584864K(2612224K)->150592K(2612224K) Eden: 2433536K(2433536K)->0K(2433536K) From: 151328K(178688K)->150592K(178688K)
[3745.579s][info][gc,heap        ] GC(870) ParOldGen: 4738929K(4739072K)->4842425K(4842496K)
[3745.579s][info][gc,metaspace   ] GC(870) Metaspace: 29093K(29376K)->29093K(29376K) NonClass: 25989K(26112K)->25989K(26112K) Class: 3103K(3264K)->3103K(3264K)
[3745.579s][info][gc             ] GC(870) Pause Young (Allocation Failure) 7152M->4875M(7280M) 95.476ms
[3745.579s][info][gc,cpu         ] GC(870) User=0.53s Sys=0.03s Real=0.09s
..[3748.357s][info][gc,start       ] GC(871) Pause Young (Allocation Failure)
[3748.452s][info][gc,heap        ] GC(871) PSYoungGen: 2584128K(2612224K)->146560K(2616832K) Eden: 2433536K(2433536K)->0K(2439168K) From: 150592K(178688K)->146560K(177664K)
[3748.452s][info][gc,heap        ] GC(871) ParOldGen: 4842425K(4842496K)->4946473K(4946944K)
[3748.452s][info][gc,metaspace   ] GC(871) Metaspace: 29093K(29376K)->29093K(29376K) NonClass: 25989K(26112K)->25989K(26112K) Class: 3103K(3264K)->3103K(3264K)
[3748.452s][info][gc             ] GC(871) Pause Young (Allocation Failure) 7252M->4973M(7386M) 95.328ms
[3748.452s][info][gc,cpu         ] GC(871) User=0.52s Sys=0.04s Real=0.09s
...[3751.180s][info][gc,start       ] GC(872) Pause Young (Allocation Failure)
[3751.277s][info][gc,heap        ] GC(872) PSYoungGen: 2585728K(2616832K)->148544K(2616320K) Eden: 2439168K(2439168K)->0K(2439168K) From: 146560K(177664K)->148544K(177152K)
[3751.277s][info][gc,heap        ] GC(872) ParOldGen: 4946473K(4946944K)->5050281K(5050368K)
[3751.277s][info][gc,metaspace   ] GC(872) Metaspace: 29093K(29376K)->29093K(29376K) NonClass: 25989K(26112K)->25989K(26112K) Class: 3103K(3264K)->3103K(3264K)
[3751.277s][info][gc             ] GC(872) Pause Young (Allocation Failure) 7355M->5076M(7487M) 97.017ms
[3751.277s][info][gc,cpu         ] GC(872) User=0.53s Sys=0.05s Real=0.10s
...[3754.130s][info][gc,start       ] GC(873) Pause Young (Allocation Failure)
[3754.228s][info][gc,heap        ] GC(873) PSYoungGen: 2587712K(2616320K)->158400K(2617856K) Eden: 2439168K(2439168K)->0K(2441728K) From: 148544K(177152K)->158400K(176128K)
[3754.228s][info][gc,heap        ] GC(873) ParOldGen: 5050281K(5050368K)->5152465K(5152768K)
[3754.228s][info][gc,metaspace   ] GC(873) Metaspace: 29093K(29376K)->29093K(29376K) NonClass: 25989K(26112K)->25989K(26112K) Class: 3103K(3264K)->3103K(3264K)
[3754.228s][info][gc             ] GC(873) Pause Young (Allocation Failure) 7458M->5186M(7588M) 98.605ms
[3754.228s][info][gc,cpu         ] GC(873) User=0.55s Sys=0.03s Real=0.10s
...[3757.024s][info][gc,start       ] GC(874) Pause Young (Allocation Failure)
[3757.124s][info][gc,heap        ] GC(874) PSYoungGen: 2600128K(2617856K)->157344K(2617344K) Eden: 2441728K(2441728K)->0K(2441728K) From: 158400K(176128K)->157344K(175616K)
[3757.124s][info][gc,heap        ] GC(874) ParOldGen: 5152465K(5152768K)->5259041K(5259264K)
[3757.124s][info][gc,metaspace   ] GC(874) Metaspace: 29093K(29376K)->29093K(29376K) NonClass: 25989K(26112K)->25989K(26112K) Class: 3103K(3264K)->3103K(3264K)
[3757.124s][info][gc             ] GC(874) Pause Young (Allocation Failure) 7570M->5289M(7692M) 99.935ms
[3757.124s][info][gc,cpu         ] GC(874) User=0.55s Sys=0.03s Real=0.10s
...[3759.898s][info][gc,start       ] GC(875) Pause Young (Allocation Failure)
[3760.000s][info][gc,heap        ] GC(875) PSYoungGen: 2599072K(2617344K)->161104K(2617856K) Eden: 2441728K(2441728K)->0K(2443776K) From: 157344K(175616K)->161104K(174080K)
[3760.000s][info][gc,heap        ] GC(875) ParOldGen: 5259041K(5259264K)->5364305K(5364736K)
[3760.000s][info][gc,metaspace   ] GC(875) Metaspace: 29093K(29376K)->29093K(29376K) NonClass: 25989K(26112K)->25989K(26112K) Class: 3103K(3264K)->3103K(3264K)
[3760.000s][info][gc             ] GC(875) Pause Young (Allocation Failure) 7673M->5395M(7795M) 102.558ms
[3760.000s][info][gc,cpu         ] GC(875) User=0.57s Sys=0.03s Real=0.10s
...[3762.803s][info][gc,start       ] GC(876) Pause Young (Allocation Failure)
[3762.904s][info][gc,heap        ] GC(876) PSYoungGen: 2604880K(2617856K)->156928K(2618368K) Eden: 2443776K(2443776K)->0K(2443776K) From: 161104K(174080K)->156928K(174592K)
[3762.904s][info][gc,heap        ] GC(876) ParOldGen: 5364305K(5364736K)->5468057K(5468160K)
[3762.904s][info][gc,metaspace   ] GC(876) Metaspace: 29093K(29376K)->29093K(29376K) NonClass: 25989K(26112K)->25989K(26112K) Class: 3103K(3264K)->3103K(3264K)
[3762.904s][info][gc             ] GC(876) Pause Young (Allocation Failure) 7782M->5493M(7897M) 100.333ms
[3762.904s][info][gc,cpu         ] GC(876) User=0.57s Sys=0.03s Real=0.10s
...[3765.713s][info][gc,start       ] GC(877) Pause Young (Allocation Failure)
[3765.816s][info][gc,heap        ] GC(877) PSYoungGen: 2600704K(2618368K)->160405K(2620416K) Eden: 2443776K(2443776K)->0K(2447360K) From: 156928K(174592K)->160405K(173056K)
[3765.816s][info][gc,heap        ] GC(877) ParOldGen: 5468057K(5468160K)->5573793K(5574144K)
[3765.816s][info][gc,metaspace   ] GC(877) Metaspace: 29093K(29376K)->29093K(29376K) NonClass: 25989K(26112K)->25989K(26112K) Class: 3103K(3264K)->3103K(3264K)
[3765.816s][info][gc             ] GC(877) Pause Young (Allocation Failure) 7879M->5599M(8002M) 103.048ms
[3765.816s][info][gc,cpu         ] GC(877) User=0.57s Sys=0.03s Real=0.11s
...[3768.632s][info][gc,start       ] GC(878) Pause Full (Allocation Failure)
[3768.632s][info][gc,phases,start] GC(878) Marking Phase
[3768.950s][info][gc,phases      ] GC(878) Marking Phase 317.665ms
[3768.950s][info][gc,phases,start] GC(878) Summary Phase
[3768.950s][info][gc,phases      ] GC(878) Summary Phase 0.101ms
[3768.950s][info][gc,phases,start] GC(878) Forward
[3769.082s][info][gc,phases      ] GC(878) Forward 132.109ms
[3769.082s][info][gc,phases,start] GC(878) Adjust Pointers
[3769.294s][info][gc,phases      ] GC(878) Adjust Pointers 211.581ms
[3769.294s][info][gc,phases,start] GC(878) Compaction Phase
[3769.439s][info][gc,phases      ] GC(878) Compaction Phase 145.358ms
[3769.441s][info][gc,phases,start] GC(878) Post Compact
[3769.448s][info][gc,phases      ] GC(878) Post Compact 7.008ms
[3769.576s][info][gc,heap        ] GC(878) PSYoungGen: 2607765K(2620416K)->0K(2620416K) Eden: 2447360K(2447360K)->0K(2447360K) From: 160405K(173056K)->0K(173056K)
[3769.576s][info][gc,heap        ] GC(878) ParOldGen: 5573793K(5574144K)->1605656K(1881600K)
[3769.576s][info][gc,metaspace   ] GC(878) Metaspace: 29093K(29376K)->29093K(29376K) NonClass: 25989K(26112K)->25989K(26112K) Class: 3103K(3264K)->3103K(3264K)
[3769.576s][info][gc             ] GC(878) Pause Full (Allocation Failure) 7989M->1568M(4396M) 944.070ms
[3769.576s][info][gc,cpu         ] GC(878) User=4.36s Sys=0.13s Real=0.95s
.. (rIR:aIR:PR = 5950:5943:5943) (tPR = 88290) [OK] 
  3770s: Performance info:
         Transaction,    Success,    Partial,     Failed,   Receipts, AvgBarcode, 
             Overall,     364872,          0,          0,     346618,      59.48, 
         Response times:
             Request,    Success,    Partial,     Failed,   SkipFail,     Probes,    Samples,      min,      p50,      p90,      p95,      p99,      max, 
       TotalPurchase,     346664,          0,          0,          0,     335540,     374831,      300,     4400,     8400,    19800,    43000,   960000,
     InStorePurchase,     182629,          0,          0,          0,     176922,     197393,      300,     4500,     8500,    21000,    43000,   960000,
      OnlinePurchase,     127644,          0,          0,          0,     123642,     137990,      300,     4400,     8300,    19200,    42000,   960000,
        InstPurchase,      36391,          0,          0,          0,      34976,      39448,      400,     4000,     8400,    18600,    43000,   960000,
          AssocOfCat,        365,          0,          0,          0,        266,        377,    22000,    33000,    46200,    62400,   140000,   149000,
      AssocOfProduct,       3650,          0,          0,          0,       3379,       3976,      400,     4100,     8000,    10415,    45000,   115000,
      BusinessReport,        916,          0,          0,          0,        769,        955,    25000,    37000,    56000,    75000,   144000,   167000,
          CustBuyBeh,       3649,          0,          0,          0,       3331,       3955,      200,     1900,     8000,    13400,    42000,   950000,
       ProductReturn,       9678,          0,          0,          0,       9193,      10727,      200,     4600,     8500,    24000,    45000,   950000,

  3770s: (44%)   IR =   6088 [3771.546s][info][gc,start       ] GC(879) Pause Young (Allocation Failure)
[3771.609s][info][gc,heap        ] GC(879) PSYoungGen: 2447360K(2620416K)->152672K(2620928K) Eden: 2447360K(2447360K)->0K(2449920K) From: 0K(173056K)->152672K(171008K)
[3771.609s][info][gc,heap        ] GC(879) ParOldGen: 1605656K(1881600K)->1605656K(1881600K)
[3771.609s][info][gc,metaspace   ] GC(879) Metaspace: 29093K(29376K)->29093K(29376K) NonClass: 25989K(26112K)->25989K(26112K) Class: 3103K(3264K)->3103K(3264K)
[3771.609s][info][gc             ] GC(879) Pause Young (Allocation Failure) 3958M->1717M(4397M) 62.724ms
[3771.609s][info][gc,cpu         ] GC(879) User=0.36s Sys=0.01s Real=0.06s
...[3774.310s][info][gc,start       ] GC(880) Pause Young (Allocation Failure)
[3774.406s][info][gc,heap        ] GC(880) PSYoungGen: 2602592K(2620928K)->160516K(2621952K) Eden: 2449920K(2449920K)->0K(2449920K) From: 152672K(171008K)->160516K(172032K)
[3774.406s][info][gc,heap        ] GC(880) ParOldGen: 1605656K(1881600K)->1712200K(1881600K)
[3774.406s][info][gc,metaspace   ] GC(880) Metaspace: 29093K(29376K)->29093K(29376K) NonClass: 25989K(26112K)->25989K(26112K) Class: 3103K(3264K)->3103K(3264K)
[3774.406s][info][gc             ] GC(880) Pause Young (Allocation Failure) 4109M->1828M(4398M) 95.592ms
[3774.406s][info][gc,cpu         ] GC(880) User=0.57s Sys=0.00s Real=0.10s
..|.[3777.194s][info][gc,start       ] GC(881) Pause Young (Allocation Failure)
[3777.282s][info][gc,heap        ] GC(881) PSYoungGen: 2610436K(2621952K)->152320K(2622464K) Eden: 2449920K(2449920K)->0K(2451456K) From: 160516K(172032K)->152320K(171008K)
[3777.282s][info][gc,heap        ] GC(881) ParOldGen: 1712200K(1881600K)->1813688K(1881600K)
[3777.282s][info][gc,metaspace   ] GC(881) Metaspace: 29093K(29376K)->29093K(29376K) NonClass: 25989K(26112K)->25989K(26112K) Class: 3103K(3264K)->3103K(3264K)
[3777.282s][info][gc             ] GC(881) Pause Young (Allocation Failure) 4221M->1919M(4398M) 88.154ms
[3777.282s][info][gc,cpu         ] GC(881) User=0.52s Sys=0.00s Real=0.08s
...[3780.040s][info][gc,start       ] GC(882) Pause Young (Allocation Failure)
[3780.144s][info][gc,heap        ] GC(882) PSYoungGen: 2603776K(2622464K)->171492K(2622976K) Eden: 2451456K(2451456K)->0K(2451456K) From: 152320K(171008K)->171492K(171520K)
[3780.144s][info][gc,heap        ] GC(882) ParOldGen: 1813688K(1881600K)->1922096K(1922560K)
[3780.144s][info][gc,metaspace   ] GC(882) Metaspace: 29093K(29376K)->29093K(29376K) NonClass: 25989K(26112K)->25989K(26112K) Class: 3103K(3264K)->3103K(3264K)
[3780.144s][info][gc             ] GC(882) Pause Young (Allocation Failure) 4313M->2044M(4439M) 103.125ms
[3780.144s][info][gc,cpu         ] GC(882) User=0.60s Sys=0.01s Real=0.11s
...[3782.804s][info][gc,start       ] GC(883) Pause Young (Allocation Failure)
[3782.898s][info][gc,heap        ] GC(883) PSYoungGen: 2622948K(2622976K)->150336K(2541056K) Eden: 2451455K(2451456K)->0K(2368000K) From: 171492K(171520K)->150336K(173056K)
[3782.898s][info][gc,heap        ] GC(883) ParOldGen: 1922096K(1922560K)->2025728K(2025984K)
[3782.898s][info][gc,metaspace   ] GC(883) Metaspace: 29093K(29376K)->29093K(29376K) NonClass: 25989K(26112K)->25989K(26112K) Class: 3103K(3264K)->3103K(3264K)
[3782.898s][info][gc             ] GC(883) Pause Young (Allocation Failure) 4438M->2125M(4460M) 94.770ms
[3782.898s][info][gc,cpu         ] GC(883) User=0.52s Sys=0.04s Real=0.09s
..[3785.537s][info][gc,start       ] GC(884) Pause Young (Allocation Failure)
[3785.633s][info][gc,heap        ] GC(884) PSYoungGen: 2518336K(2541056K)->153557K(2582016K) Eden: 2368000K(2368000K)->0K(2368000K) From: 150336K(173056K)->153557K(214016K)
[3785.633s][info][gc,heap        ] GC(884) ParOldGen: 2025728K(2025984K)->2129872K(2129920K)
[3785.633s][info][gc,metaspace   ] GC(884) Metaspace: 29093K(29376K)->29093K(29376K) NonClass: 25989K(26112K)->25989K(26112K) Class: 3103K(3264K)->3103K(3264K)
[3785.633s][info][gc             ] GC(884) Pause Young (Allocation Failure) 4437M->2229M(4601M) 95.315ms
[3785.633s][info][gc,cpu         ] GC(884) User=0.54s Sys=0.03s Real=0.09s
...[3788.282s][info][gc,start       ] GC(885) Pause Young (Allocation Failure)
[3788.374s][info][gc,heap        ] GC(885) PSYoungGen: 2521557K(2582016K)->145856K(2577408K) Eden: 2368000K(2368000K)->0K(2370560K) From: 153557K(214016K)->145856K(206848K)
[3788.374s][info][gc,heap        ] GC(885) ParOldGen: 2129872K(2129920K)->2232432K(2232832K)
[3788.374s][info][gc,metaspace   ] GC(885) Metaspace: 29093K(29376K)->29093K(29376K) NonClass: 25989K(26112K)->25989K(26112K) Class: 3103K(3264K)->3103K(3264K)
[3788.374s][info][gc             ] GC(885) Pause Young (Allocation Failure) 4542M->2322M(4697M) 92.194ms
[3788.374s][info][gc,cpu         ] GC(885) User=0.51s Sys=0.03s Real=0.10s
...[3791.063s][info][gc,start       ] GC(886) Pause Young (Allocation Failure)
[3791.157s][info][gc,heap        ] GC(886) PSYoungGen: 2516416K(2577408K)->151936K(2580992K) Eden: 2370560K(2370560K)->0K(2370560K) From: 145856K(206848K)->151936K(210432K)
[3791.158s][info][gc,heap        ] GC(886) ParOldGen: 2232432K(2232832K)->2335192K(2335232K)
[3791.158s][info][gc,metaspace   ] GC(886) Metaspace: 29093K(29376K)->29093K(29376K) NonClass: 25989K(26112K)->25989K(26112K) Class: 3103K(3264K)->3103K(3264K)
[3791.158s][info][gc             ] GC(886) Pause Young (Allocation Failure) 4637M->2428M(4801M) 94.860ms
[3791.158s][info][gc,cpu         ] GC(886) User=0.51s Sys=0.05s Real=0.10s
...[3793.805s][info][gc,start       ] GC(887) Pause Young (Allocation Failure)
[3793.907s][info][gc,heap        ] GC(887) PSYoungGen: 2522496K(2580992K)->162517K(2576896K) Eden: 2370560K(2370560K)->0K(2378240K) From: 151936K(210432K)->162517K(198656K)
[3793.908s][info][gc,heap        ] GC(887) ParOldGen: 2335192K(2335232K)->2437928K(2438144K)
[3793.908s][info][gc,metaspace   ] GC(887) Metaspace: 29093K(29376K)->29093K(29376K) NonClass: 25989K(26112K)->25989K(26112K) Class: 3103K(3264K)->3103K(3264K)
[3793.908s][info][gc             ] GC(887) Pause Young (Allocation Failure) 4743M->2539M(4897M) 102.243ms
[3793.908s][info][gc,cpu         ] GC(887) User=0.58s Sys=0.03s Real=0.10s
..[3796.560s][info][gc,start       ] GC(888) Pause Young (Allocation Failure)
[3796.654s][info][gc,heap        ] GC(888) PSYoungGen: 2540757K(2576896K)->147104K(2581504K) Eden: 2378240K(2378240K)->0K(2378240K) From: 162517K(198656K)->147104K(203264K)
[3796.654s][info][gc,heap        ] GC(888) ParOldGen: 2437928K(2438144K)->2542528K(2542592K)
[3796.654s][info][gc,metaspace   ] GC(888) Metaspace: 29093K(29376K)->29093K(29376K) NonClass: 25989K(26112K)->25989K(26112K) Class: 3103K(3264K)->3103K(3264K)
[3796.654s][info][gc             ] GC(888) Pause Young (Allocation Failure) 4861M->2626M(5004M) 94.234ms
[3796.654s][info][gc,cpu         ] GC(888) User=0.51s Sys=0.05s Real=0.10s
...[3799.263s][info][gc,start       ] GC(889) Pause Young (Allocation Failure)
[3799.356s][info][gc,heap        ] GC(889) PSYoungGen: 2525344K(2581504K)->146944K(2587136K) Eden: 2378240K(2378240K)->0K(2391040K) From: 147104K(203264K)->146944K(196096K)
[3799.356s][info][gc,heap        ] GC(889) ParOldGen: 2542528K(2542592K)->2645864K(2646016K)
[3799.356s][info][gc,metaspace   ] GC(889) Metaspace: 29093K(29376K)->29093K(29376K) NonClass: 25989K(26112K)->25989K(26112K) Class: 3103K(3264K)->3103K(3264K)
[3799.356s][info][gc             ] GC(889) Pause Young (Allocation Failure) 4949M->2727M(5110M) 93.058ms
[3799.356s][info][gc,cpu         ] GC(889) User=0.52s Sys=0.02s Real=0.10s
...[3802.049s][info][gc,start       ] GC(890) Pause Young (Allocation Failure)
[3802.144s][info][gc,heap        ] GC(890) PSYoungGen: 2537984K(2587136K)->152640K(2590720K) Eden: 2391040K(2391040K)->0K(2391040K) From: 146944K(196096K)->152640K(199680K)
[3802.144s][info][gc,heap        ] GC(890) ParOldGen: 2645864K(2646016K)->2746096K(2746368K)
[3802.144s][info][gc,metaspace   ] GC(890) Metaspace: 29093K(29376K)->29093K(29376K) NonClass: 25989K(26112K)->25989K(26112K) Class: 3103K(3264K)->3103K(3264K)
[3802.144s][info][gc             ] GC(890) Pause Young (Allocation Failure) 5062M->2830M(5212M) 95.129ms
[3802.144s][info][gc,cpu         ] GC(890) User=0.52s Sys=0.03s Real=0.10s
...[3804.762s][info][gc,start       ] GC(891) Pause Young (Allocation Failure)
[3804.854s][info][gc,heap        ] GC(891) PSYoungGen: 2543680K(2590720K)->147968K(2591232K) Eden: 2391040K(2391040K)->0K(2399232K) From: 152640K(199680K)->147968K(192000K)
[3804.854s][info][gc,heap        ] GC(891) ParOldGen: 2746096K(2746368K)->2849848K(2850304K)
[3804.854s][info][gc,metaspace   ] GC(891) Metaspace: 29093K(29376K)->29093K(29376K) NonClass: 25989K(26112K)->25989K(26112K) Class: 3103K(3264K)->3103K(3264K)
[3804.854s][info][gc             ] GC(891) Pause Young (Allocation Failure) 5165M->2927M(5314M) 92.604ms
[3804.854s][info][gc,cpu         ] GC(891) User=0.52s Sys=0.03s Real=0.10s
..[3807.575s][info][gc,start       ] GC(892) Pause Young (Allocation Failure)
[3807.669s][info][gc,heap        ] GC(892) PSYoungGen: 2547200K(2591232K)->150656K(2594304K) Eden: 2399232K(2399232K)->0K(2399232K) From: 147968K(192000K)->150656K(195072K)
[3807.669s][info][gc,heap        ] GC(892) ParOldGen: 2849848K(2850304K)->2951632K(2951680K)
[3807.669s][info][gc,metaspace   ] GC(892) Metaspace: 29093K(29376K)->29093K(29376K) NonClass: 25989K(26112K)->25989K(26112K) Class: 3103K(3264K)->3103K(3264K)
[3807.669s][info][gc             ] GC(892) Pause Young (Allocation Failure) 5270M->3029M(5416M) 93.337ms
[3807.669s][info][gc,cpu         ] GC(892) User=0.51s Sys=0.04s Real=0.09s
...[3810.327s][info][gc,start       ] GC(893) Pause Young (Allocation Failure)
[3810.424s][info][gc,heap        ] GC(893) PSYoungGen: 2549888K(2594304K)->152228K(2595328K) Eden: 2399232K(2399232K)->0K(2408448K) From: 150656K(195072K)->152228K(186880K)
[3810.424s][info][gc,heap        ] GC(893) ParOldGen: 2951632K(2951680K)->3057888K(3058176K)
[3810.424s][info][gc,metaspace   ] GC(893) Metaspace: 29093K(29376K)->29093K(29376K) NonClass: 25989K(26112K)->25989K(26112K) Class: 3103K(3264K)->3103K(3264K)
[3810.424s][info][gc             ] GC(893) Pause Young (Allocation Failure) 5372M->3134M(5521M) 96.969ms
[3810.424s][info][gc,cpu         ] GC(893) User=0.54s Sys=0.03s Real=0.10s
...[3813.140s][info][gc,start       ] GC(894) Pause Young (Allocation Failure)
[3813.239s][info][gc,heap        ] GC(894) PSYoungGen: 2560676K(2595328K)->160581K(2598400K) Eden: 2408448K(2408448K)->0K(2408448K) From: 152228K(186880K)->160581K(189952K)
[3813.239s][info][gc,heap        ] GC(894) ParOldGen: 3057888K(3058176K)->3161424K(3161600K)
[3813.239s][info][gc,metaspace   ] GC(894) Metaspace: 29093K(29376K)->29093K(29376K) NonClass: 25989K(26112K)->25989K(26112K) Class: 3103K(3264K)->3103K(3264K)
[3813.239s][info][gc             ] GC(894) Pause Young (Allocation Failure) 5486M->3244M(5625M) 98.813ms
[3813.239s][info][gc,cpu         ] GC(894) User=0.54s Sys=0.04s Real=0.10s
...[3815.921s][info][gc,start       ] GC(895) Pause Young (Allocation Failure)
[3816.018s][info][gc,heap        ] GC(895) PSYoungGen: 2569029K(2598400K)->153141K(2599936K) Eden: 2408448K(2408448K)->0K(2418176K) From: 160581K(189952K)->153141K(181760K)
[3816.018s][info][gc,heap        ] GC(895) ParOldGen: 3161424K(3161600K)->3265352K(3265536K)
[3816.018s][info][gc,metaspace   ] GC(895) Metaspace: 29093K(29376K)->29093K(29376K) NonClass: 25989K(26112K)->25989K(26112K) Class: 3103K(3264K)->3103K(3264K)
[3816.018s][info][gc             ] GC(895) Pause Young (Allocation Failure) 5596M->3338M(5728M) 96.378ms
[3816.018s][info][gc,cpu         ] GC(895) User=0.54s Sys=0.03s Real=0.10s
...[3818.748s][info][gc,start       ] GC(896) Pause Young (Allocation Failure)
[3818.844s][info][gc,heap        ] GC(896) PSYoungGen: 2571317K(2599936K)->154656K(2603520K) Eden: 2418176K(2418176K)->0K(2418176K) From: 153141K(181760K)->154656K(185344K)
[3818.845s][info][gc,heap        ] GC(896) ParOldGen: 3265352K(3265536K)->3368456K(3368960K)
[3818.845s][info][gc,metaspace   ] GC(896) Metaspace: 29093K(29376K)->29093K(29376K) NonClass: 25989K(26112K)->25989K(26112K) Class: 3103K(3264K)->3103K(3264K)
[3818.845s][info][gc             ] GC(896) Pause Young (Allocation Failure) 5699M->3440M(5832M) 96.702ms
[3818.845s][info][gc,cpu         ] GC(896) User=0.54s Sys=0.03s Real=0.10s
..[3821.549s][info][gc,start       ] GC(897) Pause Young (Allocation Failure)
[3821.646s][info][gc,heap        ] GC(897) PSYoungGen: 2572832K(2603520K)->153295K(2605568K) Eden: 2418176K(2418176K)->0K(2427904K) From: 154656K(185344K)->153295K(177664K)
[3821.646s][info][gc,heap        ] GC(897) ParOldGen: 3368456K(3368960K)->3472944K(3473408K)
[3821.646s][info][gc,metaspace   ] GC(897) Metaspace: 29093K(29376K)->29093K(29376K) NonClass: 25989K(26112K)->25989K(26112K) Class: 3103K(3264K)->3103K(3264K)
[3821.646s][info][gc             ] GC(897) Pause Young (Allocation Failure) 5802M->3541M(5936M) 97.350ms
[3821.646s][info][gc,cpu         ] GC(897) User=0.54s Sys=0.03s Real=0.10s
...[3824.293s][info][gc,start       ] GC(898) Pause Young (Allocation Failure)
[3824.387s][info][gc,heap        ] GC(898) PSYoungGen: 2581199K(2605568K)->148128K(2608640K) Eden: 2427904K(2427904K)->0K(2427904K) From: 153295K(177664K)->148128K(180736K)
[3824.387s][info][gc,heap        ] GC(898) ParOldGen: 3472944K(3473408K)->3577296K(3577344K)
[3824.387s][info][gc,metaspace   ] GC(898) Metaspace: 29093K(29376K)->29093K(29376K) NonClass: 25989K(26112K)->25989K(26112K) Class: 3103K(3264K)->3103K(3264K)
[3824.388s][info][gc             ] GC(898) Pause Young (Allocation Failure) 5912M->3638M(6041M) 94.477ms
[3824.388s][info][gc,cpu         ] GC(898) User=0.52s Sys=0.03s Real=0.10s
.[3825.453s][info][gc,start       ] GC(899) Pause Full (Diagnostic Command)
[3825.453s][info][gc,phases,start] GC(899) Marking Phase
[3825.762s][info][gc,phases      ] GC(899) Marking Phase 308.821ms
[3825.762s][info][gc,phases,start] GC(899) Summary Phase
[3825.762s][info][gc,phases      ] GC(899) Summary Phase 0.067ms
[3825.762s][info][gc,phases,start] GC(899) Forward
[3825.920s][info][gc,phases      ] GC(899) Forward 158.566ms
[3825.920s][info][gc,phases,start] GC(899) Adjust Pointers
[3826.138s][info][gc,phases      ] GC(899) Adjust Pointers 218.003ms
[3826.138s][info][gc,phases,start] GC(899) Compaction Phase
[3826.349s][info][gc,phases      ] GC(899) Compaction Phase 210.475ms
[3826.351s][info][gc,phases,start] GC(899) Post Compact
[3826.355s][info][gc,phases      ] GC(899) Post Compact 4.099ms
[3826.355s][info][gc,heap        ] GC(899) PSYoungGen: 1167022K(2608640K)->0K(2608640K) Eden: 1018894K(2427904K)->0K(2427904K) From: 148128K(180736K)->0K(180736K)
[3826.355s][info][gc,heap        ] GC(899) ParOldGen: 3577296K(3577344K)->1332397K(3577344K)
[3826.355s][info][gc,metaspace   ] GC(899) Metaspace: 29093K(29376K)->29093K(29376K) NonClass: 25989K(26112K)->25989K(26112K) Class: 3103K(3264K)->3103K(3264K)
[3826.355s][info][gc             ] GC(899) Pause Full (Diagnostic Command) 4633M->1301M(6041M) 902.801ms
[3826.356s][info][gc,cpu         ] GC(899) User=4.87s Sys=0.00s Real=0.91s
..[3828.244s][info][gc,start       ] GC(900) Pause Young (Allocation Failure)
[3828.306s][info][gc,heap        ] GC(900) PSYoungGen: 2427904K(2608640K)->152692K(2610176K) Eden: 2427904K(2427904K)->0K(2435584K) From: 0K(180736K)->152692K(174592K)
[3828.306s][info][gc,heap        ] GC(900) ParOldGen: 1332397K(3577344K)->1332397K(3577344K)
[3828.306s][info][gc,metaspace   ] GC(900) Metaspace: 29093K(29376K)->29093K(29376K) NonClass: 25989K(26112K)->25989K(26112K) Class: 3103K(3264K)->3103K(3264K)
[3828.306s][info][gc             ] GC(900) Pause Young (Allocation Failure) 3672M->1450M(6042M) 62.034ms
[3828.306s][info][gc,cpu         ] GC(900) User=0.37s Sys=0.00s Real=0.06s
...[3831.125s][info][gc,start       ] GC(901) Pause Young (Allocation Failure)
[3831.221s][info][gc,heap        ] GC(901) PSYoungGen: 2588276K(2610176K)->165380K(2613248K) Eden: 2435584K(2435584K)->0K(2435584K) From: 152692K(174592K)->165380K(177664K)
[3831.221s][info][gc,heap        ] GC(901) ParOldGen: 1332397K(3577344K)->1435965K(3577344K)
[3831.221s][info][gc,metaspace   ] GC(901) Metaspace: 29093K(29376K)->29093K(29376K) NonClass: 25989K(26112K)->25989K(26112K) Class: 3103K(3264K)->3103K(3264K)
[3831.221s][info][gc             ] GC(901) Pause Young (Allocation Failure) 3828M->1563M(6045M) 96.233ms
[3831.221s][info][gc,cpu         ] GC(901) User=0.57s Sys=0.00s Real=0.09s
...[3833.877s][info][gc,start       ] GC(902) Pause Young (Allocation Failure)
[3833.973s][info][gc,heap        ] GC(902) PSYoungGen: 2600964K(2613248K)->163812K(2615808K) Eden: 2435584K(2435584K)->0K(2436608K) From: 165380K(177664K)->163812K(179200K)
[3833.973s][info][gc,heap        ] GC(902) ParOldGen: 1435965K(3577344K)->1542725K(3577344K)
[3833.973s][info][gc,metaspace   ] GC(902) Metaspace: 29093K(29376K)->29093K(29376K) NonClass: 25989K(26112K)->25989K(26112K) Class: 3103K(3264K)->3103K(3264K)
[3833.973s][info][gc             ] GC(902) Pause Young (Allocation Failure) 3942M->1666M(6048M) 96.547ms
[3833.973s][info][gc,cpu         ] GC(902) User=0.58s Sys=0.00s Real=0.10s
... (rIR:aIR:PR = 6088:6091:6091) (tPR = 90825) [OK] 
  3836s: Performance info:
         Transaction,    Success,    Partial,     Failed,   Receipts, AvgBarcode, 
             Overall,     370248,          0,          0,     351699,      59.47, 
         Response times:
             Request,    Success,    Partial,     Failed,   SkipFail,     Probes,    Samples,      min,      p50,      p90,      p95,      p99,      max, 
       TotalPurchase,     351671,          0,          0,          0,     340072,     375251,      300,     4700,     9700,    25000,   308000,   417000,
     InStorePurchase,     185091,          0,          0,          0,     178598,     196697,      300,     4700,     9800,    26000,   308000,   348000,
      OnlinePurchase,     129550,          0,          0,          0,     125685,     139208,      300,     4700,     9700,    25000,   368000,   371000,
        InstPurchase,      37030,          0,          0,          0,      35789,      39346,      300,     4400,     9400,    25000,   360000,   417000,
          AssocOfCat,        368,          0,          0,          0,        305,        408,    18700,    33000,    49000,    62300,   413000,   450000,
      AssocOfProduct,       3711,          0,          0,          0,       3422,       3931,      500,     4800,     9800,    26000,   304000,   306000,
      BusinessReport,        929,          0,          0,          0,        808,       1001,    25000,    37000,    56000,   128800,   302620,  1100000,
          CustBuyBeh,       3709,          0,          0,          0,       3388,       3928,      200,     5200,    10300,    29000,   280000,   280000,
       ProductReturn,       9832,          0,          0,          0,       9304,      10331,      200,     4100,     9500,    22400,   296000,   451000,

  3836s: (45%)   IR =   6227 [3836.684s][info][gc,start       ] GC(903) Pause Young (Allocation Failure)
[3836.776s][info][gc,heap        ] GC(903) PSYoungGen: 2600420K(2615808K)->157344K(2594304K) Eden: 2436608K(2436608K)->0K(2436608K) From: 163812K(179200K)->157344K(157696K)
[3836.776s][info][gc,heap        ] GC(903) ParOldGen: 1542725K(3577344K)->1643517K(3577344K)
[3836.776s][info][gc,metaspace   ] GC(903) Metaspace: 29093K(29376K)->29093K(29376K) NonClass: 25989K(26112K)->25989K(26112K) Class: 3103K(3264K)->3103K(3264K)
[3836.776s][info][gc             ] GC(903) Pause Young (Allocation Failure) 4046M->1758M(6027M) 92.204ms
[3836.776s][info][gc,cpu         ] GC(903) User=0.55s Sys=0.01s Real=0.09s
..[3839.421s][info][gc,start       ] GC(904) Pause Young (Allocation Failure)
[3839.509s][info][gc,heap        ] GC(904) PSYoungGen: 2593952K(2594304K)->149056K(2615296K) Eden: 2436608K(2436608K)->0K(2437632K) From: 157344K(157696K)->149056K(177664K)
[3839.509s][info][gc,heap        ] GC(904) ParOldGen: 1643517K(3577344K)->1745893K(3577344K)
[3839.509s][info][gc,metaspace   ] GC(904) Metaspace: 29093K(29376K)->29093K(29376K) NonClass: 25989K(26112K)->25989K(26112K) Class: 3103K(3264K)->3103K(3264K)
[3839.509s][info][gc             ] GC(904) Pause Young (Allocation Failure) 4138M->1850M(6047M) 88.191ms
[3839.509s][info][gc,cpu         ] GC(904) User=0.53s Sys=0.00s Real=0.09s
...[3842.148s][info][gc,start       ] GC(905) Pause Young (Allocation Failure)
[3842.243s][info][gc,heap        ] GC(905) PSYoungGen: 2586688K(2615296K)->162868K(2614784K) Eden: 2437632K(2437632K)->0K(2437632K) From: 149056K(177664K)->162868K(177152K)
[3842.243s][info][gc,heap        ] GC(905) ParOldGen: 1745893K(3577344K)->1851773K(3577344K)
[3842.243s][info][gc,metaspace   ] GC(905) Metaspace: 29093K(29376K)->29093K(29376K) NonClass: 25989K(26112K)->25989K(26112K) Class: 3103K(3264K)->3103K(3264K)
[3842.243s][info][gc             ] GC(905) Pause Young (Allocation Failure) 4231M->1967M(6047M) 95.335ms
[3842.243s][info][gc,cpu         ] GC(905) User=0.57s Sys=0.00s Real=0.09s
.|..[3844.977s][info][gc,start       ] GC(906) Pause Young (Allocation Failure)
[3845.072s][info][gc,heap        ] GC(906) PSYoungGen: 2600500K(2614784K)->162592K(2618368K) Eden: 2437632K(2437632K)->0K(2440704K) From: 162868K(177152K)->162592K(177664K)
[3845.072s][info][gc,heap        ] GC(906) ParOldGen: 1851773K(3577344K)->1954277K(3577344K)
[3845.072s][info][gc,metaspace   ] GC(906) Metaspace: 29093K(29376K)->29093K(29376K) NonClass: 25989K(26112K)->25989K(26112K) Class: 3103K(3264K)->3103K(3264K)
[3845.072s][info][gc             ] GC(906) Pause Young (Allocation Failure) 4347M->2067M(6050M) 94.905ms
[3845.072s][info][gc,cpu         ] GC(906) User=0.56s Sys=0.00s Real=0.09s
...[3847.735s][info][gc,start       ] GC(907) Pause Young (Allocation Failure)
[3847.826s][info][gc,heap        ] GC(907) PSYoungGen: 2603296K(2618368K)->150368K(2591232K) Eden: 2440704K(2440704K)->0K(2440704K) From: 162592K(177664K)->150368K(150528K)
[3847.826s][info][gc,heap        ] GC(907) ParOldGen: 1954277K(3577344K)->2059421K(3577344K)
[3847.826s][info][gc,metaspace   ] GC(907) Metaspace: 29093K(29376K)->29093K(29376K) NonClass: 25989K(26112K)->25989K(26112K) Class: 3103K(3264K)->3103K(3264K)
[3847.826s][info][gc             ] GC(907) Pause Young (Allocation Failure) 4450M->2157M(6024M) 90.624ms
[3847.826s][info][gc,cpu         ] GC(907) User=0.54s Sys=0.00s Real=0.09s
..[3850.454s][info][gc,start       ] GC(908) Pause Young (Allocation Failure)
[3850.549s][info][gc,heap        ] GC(908) PSYoungGen: 2591072K(2591232K)->160096K(2617856K) Eden: 2440704K(2440704K)->0K(2441216K) From: 150368K(150528K)->160096K(176640K)
[3850.549s][info][gc,heap        ] GC(908) ParOldGen: 2059421K(3577344K)->2164021K(3577344K)
[3850.549s][info][gc,metaspace   ] GC(908) Metaspace: 29093K(29376K)->29093K(29376K) NonClass: 25989K(26112K)->25989K(26112K) Class: 3103K(3264K)->3103K(3264K)
[3850.549s][info][gc             ] GC(908) Pause Young (Allocation Failure) 4541M->2269M(6050M) 95.004ms
[3850.549s][info][gc,cpu         ] GC(908) User=0.56s Sys=0.00s Real=0.09s
...[3853.237s][info][gc,start       ] GC(909) Pause Young (Allocation Failure)
[3853.333s][info][gc,heap        ] GC(909) PSYoungGen: 2601312K(2617856K)->163716K(2617344K) Eden: 2441216K(2441216K)->0K(2441216K) From: 160096K(176640K)->163716K(176128K)
[3853.333s][info][gc,heap        ] GC(909) ParOldGen: 2164021K(3577344K)->2267101K(3577344K)
[3853.333s][info][gc,metaspace   ] GC(909) Metaspace: 29093K(29376K)->29093K(29376K) NonClass: 25989K(26112K)->25989K(26112K) Class: 3103K(3264K)->3103K(3264K)
[3853.333s][info][gc             ] GC(909) Pause Young (Allocation Failure) 4653M->2373M(6049M) 96.202ms
[3853.333s][info][gc,cpu         ] GC(909) User=0.57s Sys=0.00s Real=0.09s
...[3855.944s][info][gc,start       ] GC(910) Pause Young (Allocation Failure)
[3856.035s][info][gc,heap        ] GC(910) PSYoungGen: 2604932K(2617344K)->152832K(2618368K) Eden: 2441216K(2441216K)->0K(2443264K) From: 163716K(176128K)->152832K(175104K)
[3856.035s][info][gc,heap        ] GC(910) ParOldGen: 2267101K(3577344K)->2372341K(3577344K)
[3856.035s][info][gc,metaspace   ] GC(910) Metaspace: 29093K(29376K)->29093K(29376K) NonClass: 25989K(26112K)->25989K(26112K) Class: 3103K(3264K)->3103K(3264K)
[3856.035s][info][gc             ] GC(910) Pause Young (Allocation Failure) 4757M->2465M(6050M) 91.926ms
[3856.035s][info][gc,cpu         ] GC(910) User=0.55s Sys=0.00s Real=0.09s
...[3858.691s][info][gc,start       ] GC(911) Pause Young (Allocation Failure)
[3858.784s][info][gc,heap        ] GC(911) PSYoungGen: 2596096K(2618368K)->149888K(2618880K) Eden: 2443264K(2443264K)->0K(2443264K) From: 152832K(175104K)->149888K(175616K)
[3858.784s][info][gc,heap        ] GC(911) ParOldGen: 2372341K(3577344K)->2476861K(3577344K)
[3858.784s][info][gc,metaspace   ] GC(911) Metaspace: 29093K(29376K)->29093K(29376K) NonClass: 25989K(26112K)->25989K(26112K) Class: 3103K(3264K)->3103K(3264K)
[3858.784s][info][gc             ] GC(911) Pause Young (Allocation Failure) 4851M->2565M(6051M) 93.243ms
[3858.785s][info][gc,cpu         ] GC(911) User=0.55s Sys=0.00s Real=0.10s
..[3861.431s][info][gc,start       ] GC(912) Pause Young (Allocation Failure)
[3861.527s][info][gc,heap        ] GC(912) PSYoungGen: 2593152K(2618880K)->158470K(2618368K) Eden: 2443264K(2443264K)->0K(2445312K) From: 149888K(175616K)->158470K(173056K)
[3861.527s][info][gc,heap        ] GC(912) ParOldGen: 2476861K(3577344K)->2580509K(3577344K)
[3861.527s][info][gc,metaspace   ] GC(912) Metaspace: 29093K(29376K)->29093K(29376K) NonClass: 25989K(26112K)->25989K(26112K) Class: 3103K(3264K)->3103K(3264K)
[3861.527s][info][gc             ] GC(912) Pause Young (Allocation Failure) 4951M->2674M(6050M) 95.540ms
[3861.527s][info][gc,cpu         ] GC(912) User=0.56s Sys=0.00s Real=0.10s
...[3864.262s][info][gc,start       ] GC(913) Pause Young (Allocation Failure)
[3864.351s][info][gc,heap        ] GC(913) PSYoungGen: 2603782K(2618368K)->150624K(2619392K) Eden: 2445312K(2445312K)->0K(2445312K) From: 158470K(173056K)->150624K(174080K)
[3864.351s][info][gc,heap        ] GC(913) ParOldGen: 2580509K(3577344K)->2684133K(3577344K)
[3864.351s][info][gc,metaspace   ] GC(913) Metaspace: 29093K(29376K)->29093K(29376K) NonClass: 25989K(26112K)->25989K(26112K) Class: 3103K(3264K)->3103K(3264K)
[3864.351s][info][gc             ] GC(913) Pause Young (Allocation Failure) 5062M->2768M(6051M) 89.658ms
[3864.351s][info][gc,cpu         ] GC(913) User=0.53s Sys=0.00s Real=0.09s
...[3867.054s][info][gc,start       ] GC(914) Pause Young (Allocation Failure)
[3867.152s][info][gc,heap        ] GC(914) PSYoungGen: 2595936K(2619392K)->163509K(2619904K) Eden: 2445312K(2445312K)->0K(2446848K) From: 150624K(174080K)->163509K(173056K)
[3867.152s][info][gc,heap        ] GC(914) ParOldGen: 2684133K(3577344K)->2789949K(3577344K)
[3867.152s][info][gc,metaspace   ] GC(914) Metaspace: 29093K(29376K)->29093K(29376K) NonClass: 25989K(26112K)->25989K(26112K) Class: 3103K(3264K)->3103K(3264K)
[3867.152s][info][gc             ] GC(914) Pause Young (Allocation Failure) 5156M->2884M(6052M) 98.038ms
[3867.152s][info][gc,cpu         ] GC(914) User=0.58s Sys=0.00s Real=0.09s
...[3869.819s][info][gc,start       ] GC(915) Pause Young (Allocation Failure)
[3869.911s][info][gc,heap        ] GC(915) PSYoungGen: 2610357K(2619904K)->154016K(2621440K) Eden: 2446848K(2446848K)->0K(2446848K) From: 163509K(173056K)->154016K(174592K)
[3869.911s][info][gc,heap        ] GC(915) ParOldGen: 2789949K(3577344K)->2895013K(3577344K)
[3869.911s][info][gc,metaspace   ] GC(915) Metaspace: 29093K(29376K)->29093K(29376K) NonClass: 25989K(26112K)->25989K(26112K) Class: 3103K(3264K)->3103K(3264K)
[3869.911s][info][gc             ] GC(915) Pause Young (Allocation Failure) 5273M->2977M(6053M) 92.441ms
[3869.911s][info][gc,cpu         ] GC(915) User=0.54s Sys=0.00s Real=0.09s
..[3872.583s][info][gc,start       ] GC(916) Pause Young (Allocation Failure)
[3872.675s][info][gc,heap        ] GC(916) PSYoungGen: 2600864K(2621440K)->148992K(2620416K) Eden: 2446848K(2446848K)->0K(2448384K) From: 154016K(174592K)->148992K(172032K)
[3872.675s][info][gc,heap        ] GC(916) ParOldGen: 2895013K(3577344K)->3001325K(3577344K)
[3872.675s][info][gc,metaspace   ] GC(916) Metaspace: 29093K(29376K)->29093K(29376K) NonClass: 25989K(26112K)->25989K(26112K) Class: 3103K(3264K)->3103K(3264K)
[3872.675s][info][gc             ] GC(916) Pause Young (Allocation Failure) 5367M->3076M(6052M) 91.679ms
[3872.675s][info][gc,cpu         ] GC(916) User=0.54s Sys=0.01s Real=0.10s
...[3875.353s][info][gc,start       ] GC(917) Pause Young (Allocation Failure)
[3875.443s][info][gc,heap        ] GC(917) PSYoungGen: 2597376K(2620416K)->149184K(2620928K) Eden: 2448384K(2448384K)->0K(2448384K) From: 148992K(172032K)->149184K(172544K)
[3875.443s][info][gc,heap        ] GC(917) ParOldGen: 3001325K(3577344K)->3104021K(3577344K)
[3875.443s][info][gc,metaspace   ] GC(917) Metaspace: 29093K(29376K)->29093K(29376K) NonClass: 25989K(26112K)->25989K(26112K) Class: 3103K(3264K)->3103K(3264K)
[3875.443s][info][gc             ] GC(917) Pause Young (Allocation Failure) 5467M->3176M(6053M) 89.990ms
[3875.443s][info][gc,cpu         ] GC(917) User=0.53s Sys=0.00s Real=0.09s
...[3878.086s][info][gc,start       ] GC(918) Pause Young (Allocation Failure)
[3878.181s][info][gc,heap        ] GC(918) PSYoungGen: 2597568K(2620928K)->159940K(2622976K) Eden: 2448384K(2448384K)->0K(2450944K) From: 149184K(172544K)->159940K(172032K)
[3878.181s][info][gc,heap        ] GC(918) ParOldGen: 3104021K(3577344K)->3208685K(3577344K)
[3878.181s][info][gc,metaspace   ] GC(918) Metaspace: 29093K(29376K)->29093K(29376K) NonClass: 25989K(26112K)->25989K(26112K) Class: 3103K(3264K)->3103K(3264K)
[3878.181s][info][gc             ] GC(918) Pause Young (Allocation Failure) 5567M->3289M(6055M) 94.922ms
[3878.181s][info][gc,cpu         ] GC(918) User=0.56s Sys=0.00s Real=0.09s
...[3880.902s][info][gc,start       ] GC(919) Pause Young (Allocation Failure)
[3880.998s][info][gc,heap        ] GC(919) PSYoungGen: 2610884K(2622976K)->162052K(2613248K) Eden: 2450944K(2450944K)->0K(2450944K) From: 159940K(172032K)->162052K(162304K)
[3880.998s][info][gc,heap        ] GC(919) ParOldGen: 3208685K(3577344K)->3310725K(3577344K)
[3880.998s][info][gc,metaspace   ] GC(919) Metaspace: 29093K(29376K)->29093K(29376K) NonClass: 25989K(26112K)->25989K(26112K) Class: 3103K(3264K)->3103K(3264K)
[3880.998s][info][gc             ] GC(919) Pause Young (Allocation Failure) 5683M->3391M(6045M) 95.777ms
[3880.998s][info][gc,cpu         ] GC(919) User=0.56s Sys=0.00s Real=0.10s
..[3883.646s][info][gc,start       ] GC(920) Pause Young (Allocation Failure)
[3883.737s][info][gc,heap        ] GC(920) PSYoungGen: 2612996K(2613248K)->150464K(2623488K) Eden: 2450944K(2450944K)->0K(2450432K) From: 162052K(162304K)->150464K(173056K)
[3883.737s][info][gc,heap        ] GC(920) ParOldGen: 3310725K(3577344K)->3417221K(3577344K)
[3883.737s][info][gc,metaspace   ] GC(920) Metaspace: 29093K(29376K)->29093K(29376K) NonClass: 25989K(26112K)->25989K(26112K) Class: 3103K(3264K)->3103K(3264K)
[3883.737s][info][gc             ] GC(920) Pause Young (Allocation Failure) 5784M->3484M(6055M) 91.315ms
[3883.737s][info][gc,cpu         ] GC(920) User=0.53s Sys=0.01s Real=0.09s
...[3886.454s][info][gc,start       ] GC(921) Pause Young (Allocation Failure)
[3886.546s][info][gc,heap        ] GC(921) PSYoungGen: 2600896K(2623488K)->151904K(2602496K) Eden: 2450432K(2450432K)->0K(2450432K) From: 150464K(173056K)->151904K(152064K)
[3886.546s][info][gc,heap        ] GC(921) ParOldGen: 3417221K(3577344K)->3520045K(3577344K)
[3886.546s][info][gc,metaspace   ] GC(921) Metaspace: 29093K(29376K)->29093K(29376K) NonClass: 25989K(26112K)->25989K(26112K) Class: 3103K(3264K)->3103K(3264K)
[3886.546s][info][gc             ] GC(921) Pause Young (Allocation Failure) 5877M->3585M(6035M) 91.854ms
[3886.546s][info][gc,cpu         ] GC(921) User=0.54s Sys=0.00s Real=0.09s
...[3889.201s][info][gc,start       ] GC(922) Pause Young (Allocation Failure)
[3889.296s][info][gc,heap        ] GC(922) PSYoungGen: 2602336K(2602496K)->152797K(2623488K) Eden: 2450432K(2450432K)->0K(2451968K) From: 151904K(152064K)->152797K(171520K)
[3889.296s][info][gc,heap        ] GC(922) ParOldGen: 3520045K(3577344K)->3626061K(3626496K)
[3889.296s][info][gc,metaspace   ] GC(922) Metaspace: 29093K(29376K)->29093K(29376K) NonClass: 25989K(26112K)->25989K(26112K) Class: 3103K(3264K)->3103K(3264K)
[3889.296s][info][gc             ] GC(922) Pause Young (Allocation Failure) 5978M->3690M(6103M) 95.265ms
[3889.296s][info][gc,cpu         ] GC(922) User=0.55s Sys=0.01s Real=0.10s
...[3891.993s][info][gc,start       ] GC(923) Pause Young (Allocation Failure)
[3892.092s][info][gc,heap        ] GC(923) PSYoungGen: 2604765K(2623488K)->160640K(2621952K) Eden: 2451968K(2451968K)->0K(2451968K) From: 152797K(171520K)->160640K(169984K)
[3892.092s][info][gc,heap        ] GC(923) ParOldGen: 3626061K(3626496K)->3728629K(3728896K)
[3892.092s][info][gc,metaspace   ] GC(923) Metaspace: 29093K(29376K)->29093K(29376K) NonClass: 25989K(26112K)->25989K(26112K) Class: 3103K(3264K)->3103K(3264K)
[3892.092s][info][gc             ] GC(923) Pause Young (Allocation Failure) 6084M->3798M(6202M) 99.363ms
[3892.092s][info][gc,cpu         ] GC(923) User=0.54s Sys=0.04s Real=0.10s
...[3894.771s][info][gc,start       ] GC(924) Pause Young (Allocation Failure)
[3894.873s][info][gc,heap        ] GC(924) PSYoungGen: 2612608K(2621952K)->160616K(2625024K) Eden: 2451968K(2451968K)->0K(2454016K) From: 160640K(169984K)->160616K(171008K)
[3894.873s][info][gc,heap        ] GC(924) ParOldGen: 3728629K(3728896K)->3833205K(3833344K)
[3894.873s][info][gc,metaspace   ] GC(924) Metaspace: 29093K(29376K)->29093K(29376K) NonClass: 25989K(26112K)->25989K(26112K) Class: 3103K(3264K)->3103K(3264K)
[3894.873s][info][gc             ] GC(924) Pause Young (Allocation Failure) 6192M->3900M(6307M) 101.874ms
[3894.873s][info][gc,cpu         ] GC(924) User=0.57s Sys=0.03s Real=0.11s
..[3897.538s][info][gc,start       ] GC(925) Pause Young (Allocation Failure)
[3897.638s][info][gc,heap        ] GC(925) PSYoungGen: 2614632K(2625024K)->154260K(2608640K) Eden: 2454016K(2454016K)->0K(2454016K) From: 160616K(171008K)->154260K(154624K)
[3897.638s][info][gc,heap        ] GC(925) ParOldGen: 3833205K(3833344K)->3938429K(3938816K)
[3897.638s][info][gc,metaspace   ] GC(925) Metaspace: 29093K(29376K)->29093K(29376K) NonClass: 25989K(26112K)->25989K(26112K) Class: 3103K(3264K)->3103K(3264K)
[3897.638s][info][gc             ] GC(925) Pause Young (Allocation Failure) 6296M->3996M(6394M) 99.593ms
[3897.638s][info][gc,cpu         ] GC(925) User=0.56s Sys=0.03s Real=0.10s
...[3900.277s][info][gc,start       ] GC(926) Pause Young (Allocation Failure)
[3900.377s][info][gc,heap        ] GC(926) PSYoungGen: 2608276K(2608640K)->154629K(2625024K) Eden: 2454016K(2454016K)->0K(2455040K) From: 154260K(154624K)->154629K(169984K)
[3900.377s][info][gc,heap        ] GC(926) ParOldGen: 3938429K(3938816K)->4043397K(4043776K)
[3900.377s][info][gc,metaspace   ] GC(926) Metaspace: 29093K(29376K)->29093K(29376K) NonClass: 25989K(26112K)->25989K(26112K) Class: 3103K(3264K)->3103K(3264K)
[3900.377s][info][gc             ] GC(926) Pause Young (Allocation Failure) 6393M->4099M(6512M) 99.712ms
[3900.377s][info][gc,cpu         ] GC(926) User=0.56s Sys=0.04s Real=0.10s
... (rIR:aIR:PR = 6227:6227:6227) (tPR = 92753) [OK] 
  3902s: Performance info:
         Transaction,    Success,    Partial,     Failed,   Receipts, AvgBarcode, 
             Overall,     375199,          0,          0,     356442,      59.47, 
         Response times:
             Request,    Success,    Partial,     Failed,   SkipFail,     Probes,    Samples,      min,      p50,      p90,      p95,      p99,      max, 
       TotalPurchase,     356445,          0,          0,          0,     350848,     386004,      300,     4500,     8300,    12000,    43000,   140000,
     InStorePurchase,     187636,          0,          0,          0,     184777,     202981,      300,     4400,     8300,    11900,    43000,   140000,
      OnlinePurchase,     131286,          0,          0,          0,     129388,     142333,      300,     4500,     8300,    12100,    43000,   140000,
        InstPurchase,      37523,          0,          0,          0,      36683,      40690,      400,     5000,     8500,    12100,    45000,   140000,
          AssocOfCat,        372,          0,          0,          0,        301,        398,    19700,    32000,    45100,    52100,   134050,   170000,
      AssocOfProduct,       3760,          0,          0,          0,       3501,       4079,      600,     5800,     9600,    14000,    47000,   116000,
      BusinessReport,        934,          0,          0,          0,        800,       1009,    26000,    37000,    53000,    62500,   142900,   165000,
          CustBuyBeh,       3747,          0,          0,          0,       3526,       4159,      100,     2200,     6200,     8300,    32000,   109000,
       ProductReturn,       9944,          0,          0,          0,       9536,      10821,      200,     4000,     7700,    11100,    42000,   114000,

  3902s: (46%)   IR =   6365 [3903.097s][info][gc,start       ] GC(927) Pause Young (Allocation Failure)
[3903.199s][info][gc,heap        ] GC(927) PSYoungGen: 2609669K(2625024K)->163525K(2624000K) Eden: 2455040K(2455040K)->0K(2455040K) From: 154629K(169984K)->163525K(168960K)
[3903.199s][info][gc,heap        ] GC(927) ParOldGen: 4043397K(4043776K)->4146861K(4147200K)
[3903.199s][info][gc,metaspace   ] GC(927) Metaspace: 29093K(29376K)->29093K(29376K) NonClass: 25989K(26112K)->25989K(26112K) Class: 3103K(3264K)->3103K(3264K)
[3903.199s][info][gc             ] GC(927) Pause Young (Allocation Failure) 6497M->4209M(6612M) 101.666ms
[3903.199s][info][gc,cpu         ] GC(927) User=0.57s Sys=0.02s Real=0.10s
...[3905.854s][info][gc,start       ] GC(928) Pause Young (Allocation Failure)
[3905.958s][info][gc,heap        ] GC(928) PSYoungGen: 2618565K(2624000K)->163588K(2623488K) Eden: 2455040K(2455040K)->0K(2452992K) From: 163525K(168960K)->163588K(170496K)
[3905.958s][info][gc,heap        ] GC(928) ParOldGen: 4146861K(4147200K)->4251893K(4252160K)
[3905.958s][info][gc,metaspace   ] GC(928) Metaspace: 29093K(29376K)->29093K(29376K) NonClass: 25989K(26112K)->25989K(26112K) Class: 3103K(3264K)->3103K(3264K)
[3905.958s][info][gc             ] GC(928) Pause Young (Allocation Failure) 6606M->4311M(6714M) 103.434ms
[3905.958s][info][gc,cpu         ] GC(928) User=0.57s Sys=0.04s Real=0.10s
..|[3908.464s][info][gc,start       ] GC(929) Pause Young (Allocation Failure)
[3908.562s][info][gc,heap        ] GC(929) PSYoungGen: 2616580K(2623488K)->149712K(2624512K) Eden: 2452992K(2452992K)->0K(2452992K) From: 163588K(170496K)->149712K(171520K)
[3908.562s][info][gc,heap        ] GC(929) ParOldGen: 4251893K(4252160K)->4360893K(4361216K)
[3908.562s][info][gc,metaspace   ] GC(929) Metaspace: 29093K(29376K)->29093K(29376K) NonClass: 25989K(26112K)->25989K(26112K) Class: 3103K(3264K)->3103K(3264K)
[3908.562s][info][gc             ] GC(929) Pause Young (Allocation Failure) 6707M->4404M(6822M) 97.525ms
[3908.562s][info][gc,cpu         ] GC(929) User=0.54s Sys=0.03s Real=0.09s
...[3911.220s][info][gc,start       ] GC(930) Pause Young (Allocation Failure)
[3911.315s][info][gc,heap        ] GC(930) PSYoungGen: 2602704K(2624512K)->151712K(2623488K) Eden: 2452992K(2452992K)->0K(2452992K) From: 149712K(171520K)->151712K(170496K)
[3911.315s][info][gc,heap        ] GC(930) ParOldGen: 4360893K(4361216K)->4459861K(4460032K)
[3911.315s][info][gc,metaspace   ] GC(930) Metaspace: 29093K(29376K)->29093K(29376K) NonClass: 25989K(26112K)->25989K(26112K) Class: 3103K(3264K)->3103K(3264K)
[3911.315s][info][gc             ] GC(930) Pause Young (Allocation Failure) 6800M->4503M(6917M) 94.910ms
[3911.315s][info][gc,cpu         ] GC(930) User=0.53s Sys=0.03s Real=0.10s
...[3913.999s][info][gc,start       ] GC(931) Pause Young (Allocation Failure)
[3914.107s][info][gc,heap        ] GC(931) PSYoungGen: 2604704K(2623488K)->169193K(2622464K) Eden: 2452992K(2452992K)->0K(2452992K) From: 151712K(170496K)->169193K(169472K)
[3914.107s][info][gc,heap        ] GC(931) ParOldGen: 4459861K(4460032K)->4567533K(4567552K)
[3914.107s][info][gc,metaspace   ] GC(931) Metaspace: 29093K(29376K)->29093K(29376K) NonClass: 25989K(26112K)->25989K(26112K) Class: 3103K(3264K)->3103K(3264K)
[3914.107s][info][gc             ] GC(931) Pause Young (Allocation Failure) 6898M->4625M(7021M) 107.876ms
[3914.107s][info][gc,cpu         ] GC(931) User=0.61s Sys=0.02s Real=0.11s
..[3916.693s][info][gc,start       ] GC(932) Pause Young (Allocation Failure)
[3916.794s][info][gc,heap        ] GC(932) PSYoungGen: 2622185K(2622464K)->158869K(2622976K) Eden: 2452992K(2452992K)->0K(2449408K) From: 169193K(169472K)->158869K(173568K)
[3916.794s][info][gc,heap        ] GC(932) ParOldGen: 4567533K(4567552K)->4671685K(4672000K)
[3916.794s][info][gc,metaspace   ] GC(932) Metaspace: 29093K(29376K)->29093K(29376K) NonClass: 25989K(26112K)->25989K(26112K) Class: 3103K(3264K)->3103K(3264K)
[3916.794s][info][gc             ] GC(932) Pause Young (Allocation Failure) 7021M->4717M(7124M) 100.846ms
[3916.794s][info][gc,cpu         ] GC(932) User=0.56s Sys=0.04s Real=0.11s
...[3919.321s][info][gc,start       ] GC(933) Pause Young (Allocation Failure)
[3919.419s][info][gc,heap        ] GC(933) PSYoungGen: 2608277K(2622976K)->150864K(2600448K) Eden: 2449408K(2449408K)->0K(2449408K) From: 158869K(173568K)->150864K(151040K)
[3919.419s][info][gc,heap        ] GC(933) ParOldGen: 4671685K(4672000K)->4777877K(4777984K)
[3919.419s][info][gc,metaspace   ] GC(933) Metaspace: 29093K(29376K)->29093K(29376K) NonClass: 25989K(26112K)->25989K(26112K) Class: 3103K(3264K)->3103K(3264K)
[3919.419s][info][gc             ] GC(933) Pause Young (Allocation Failure) 7109M->4813M(7205M) 98.343ms
[3919.419s][info][gc,cpu         ] GC(933) User=0.56s Sys=0.02s Real=0.10s
...[3922.079s][info][gc,start       ] GC(934) Pause Young (Allocation Failure)
[3922.179s][info][gc,heap        ] GC(934) PSYoungGen: 2600272K(2600448K)->157664K(2622976K) Eden: 2449408K(2449408K)->0K(2450432K) From: 150864K(151040K)->157664K(172544K)
[3922.179s][info][gc,heap        ] GC(934) ParOldGen: 4777877K(4777984K)->4879757K(4879872K)
[3922.179s][info][gc,metaspace   ] GC(934) Metaspace: 29093K(29376K)->29093K(29376K) NonClass: 25989K(26112K)->25989K(26112K) Class: 3103K(3264K)->3103K(3264K)
[3922.179s][info][gc             ] GC(934) Pause Young (Allocation Failure) 7205M->4919M(7327M) 99.386ms
[3922.179s][info][gc,cpu         ] GC(934) User=0.56s Sys=0.02s Real=0.10s
..[3924.786s][info][gc,start       ] GC(935) Pause Young (Allocation Failure)
[3924.888s][info][gc,heap        ] GC(935) PSYoungGen: 2608096K(2622976K)->158677K(2621952K) Eden: 2450432K(2450432K)->0K(2450432K) From: 157664K(172544K)->158677K(171520K)
[3924.888s][info][gc,heap        ] GC(935) ParOldGen: 4879757K(4879872K)->4985885K(4986368K)
[3924.888s][info][gc,metaspace   ] GC(935) Metaspace: 29093K(29376K)->29093K(29376K) NonClass: 25989K(26112K)->25989K(26112K) Class: 3103K(3264K)->3103K(3264K)
[3924.888s][info][gc             ] GC(935) Pause Young (Allocation Failure) 7312M->5023M(7430M) 101.994ms
[3924.888s][info][gc,cpu         ] GC(935) User=0.57s Sys=0.04s Real=0.10s
...[3927.546s][info][gc,start       ] GC(936) Pause Young (Allocation Failure)
[3927.648s][info][gc,heap        ] GC(936) PSYoungGen: 2609109K(2621952K)->158180K(2622976K) Eden: 2450432K(2450432K)->0K(2452480K) From: 158677K(171520K)->158180K(170496K)
[3927.648s][info][gc,heap        ] GC(936) ParOldGen: 4985885K(4986368K)->5090325K(5090816K)
[3927.648s][info][gc,metaspace   ] GC(936) Metaspace: 29093K(29376K)->29093K(29376K) NonClass: 25989K(26112K)->25989K(26112K) Class: 3103K(3264K)->3103K(3264K)
[3927.648s][info][gc             ] GC(936) Pause Young (Allocation Failure) 7416M->5125M(7533M) 101.727ms
[3927.648s][info][gc,cpu         ] GC(936) User=0.56s Sys=0.04s Real=0.10s
...[3930.229s][info][gc,start       ] GC(937) Pause Young (Allocation Failure)
[3930.328s][info][gc,heap        ] GC(937) PSYoungGen: 2610660K(2622976K)->154660K(2622464K) Eden: 2452480K(2452480K)->0K(2452480K) From: 158180K(170496K)->154660K(169984K)
[3930.328s][info][gc,heap        ] GC(937) ParOldGen: 5090325K(5090816K)->5195541K(5195776K)
[3930.328s][info][gc,metaspace   ] GC(937) Metaspace: 29093K(29376K)->29093K(29376K) NonClass: 25989K(26112K)->25989K(26112K) Class: 3103K(3264K)->3103K(3264K)
[3930.328s][info][gc             ] GC(937) Pause Young (Allocation Failure) 7520M->5224M(7635M) 98.768ms
[3930.328s][info][gc,cpu         ] GC(937) User=0.54s Sys=0.04s Real=0.10s
...[3932.919s][info][gc,start       ] GC(938) Pause Young (Allocation Failure)
[3933.018s][info][gc,heap        ] GC(938) PSYoungGen: 2607140K(2622464K)->152544K(2625024K) Eden: 2452480K(2452480K)->0K(2456064K) From: 154660K(169984K)->152544K(168960K)
[3933.018s][info][gc,heap        ] GC(938) ParOldGen: 5195541K(5195776K)->5300677K(5300736K)
[3933.018s][info][gc,metaspace   ] GC(938) Metaspace: 29093K(29376K)->29093K(29376K) NonClass: 25989K(26112K)->25989K(26112K) Class: 3103K(3264K)->3103K(3264K)
[3933.018s][info][gc             ] GC(938) Pause Young (Allocation Failure) 7619M->5325M(7740M) 98.997ms
[3933.018s][info][gc,cpu         ] GC(938) User=0.55s Sys=0.03s Real=0.10s
..[3935.640s][info][gc,start       ] GC(939) Pause Young (Allocation Failure)
[3935.742s][info][gc,heap        ] GC(939) PSYoungGen: 2608608K(2625024K)->163104K(2624512K) Eden: 2456064K(2456064K)->0K(2456064K) From: 152544K(168960K)->163104K(168448K)
[3935.743s][info][gc,heap        ] GC(939) ParOldGen: 5300677K(5300736K)->5404037K(5404160K)
[3935.743s][info][gc,metaspace   ] GC(939) Metaspace: 29093K(29376K)->29093K(29376K) NonClass: 25989K(26112K)->25989K(26112K) Class: 3103K(3264K)->3103K(3264K)
[3935.743s][info][gc             ] GC(939) Pause Young (Allocation Failure) 7723M->5436M(7840M) 102.450ms
[3935.743s][info][gc,cpu         ] GC(939) User=0.56s Sys=0.04s Real=0.10s
...[3938.407s][info][gc,start       ] GC(940) Pause Young (Allocation Failure)
[3938.506s][info][gc,heap        ] GC(940) PSYoungGen: 2619168K(2624512K)->152928K(2626560K) Eden: 2456064K(2456064K)->0K(2456576K) From: 163104K(168448K)->152928K(169984K)
[3938.506s][info][gc,heap        ] GC(940) ParOldGen: 5404037K(5404160K)->5508685K(5509120K)
[3938.506s][info][gc,metaspace   ] GC(940) Metaspace: 29093K(29376K)->29093K(29376K) NonClass: 25989K(26112K)->25989K(26112K) Class: 3103K(3264K)->3103K(3264K)
[3938.506s][info][gc             ] GC(940) Pause Young (Allocation Failure) 7835M->5528M(7945M) 98.642ms
[3938.506s][info][gc,cpu         ] GC(940) User=0.54s Sys=0.03s Real=0.10s
...[3941.060s][info][gc,start       ] GC(941) Pause Full (Allocation Failure)
[3941.060s][info][gc,phases,start] GC(941) Marking Phase
[3941.379s][info][gc,phases      ] GC(941) Marking Phase 318.924ms
[3941.379s][info][gc,phases,start] GC(941) Summary Phase
[3941.379s][info][gc,phases      ] GC(941) Summary Phase 0.109ms
[3941.379s][info][gc,phases,start] GC(941) Forward
[3941.508s][info][gc,phases      ] GC(941) Forward 128.786ms
[3941.508s][info][gc,phases,start] GC(941) Adjust Pointers
[3941.719s][info][gc,phases      ] GC(941) Adjust Pointers 210.902ms
[3941.719s][info][gc,phases,start] GC(941) Compaction Phase
[3941.866s][info][gc,phases      ] GC(941) Compaction Phase 147.706ms
[3941.867s][info][gc,phases,start] GC(941) Post Compact
[3941.874s][info][gc,phases      ] GC(941) Post Compact 6.911ms
[3941.996s][info][gc,heap        ] GC(941) PSYoungGen: 2609504K(2626560K)->0K(2626048K) Eden: 2456576K(2456576K)->0K(2456576K) From: 152928K(169984K)->0K(169472K)
[3941.996s][info][gc,heap        ] GC(941) ParOldGen: 5508685K(5509120K)->1610665K(1892864K)
[3941.996s][info][gc,metaspace   ] GC(941) Metaspace: 29093K(29376K)->29093K(29376K) NonClass: 25989K(26112K)->25989K(26112K) Class: 3103K(3264K)->3103K(3264K)
[3941.996s][info][gc             ] GC(941) Pause Full (Allocation Failure) 7927M->1572M(4413M) 936.641ms
[3941.996s][info][gc,cpu         ] GC(941) User=4.38s Sys=0.12s Real=0.94s
..[3943.760s][info][gc,start       ] GC(942) Pause Young (Allocation Failure)
[3943.829s][info][gc,heap        ] GC(942) PSYoungGen: 2456576K(2626048K)->167492K(2621440K) Eden: 2456576K(2456576K)->0K(2451968K) From: 0K(169472K)->167492K(169472K)
[3943.829s][info][gc,heap        ] GC(942) ParOldGen: 1610665K(1892864K)->1610665K(1892864K)
[3943.829s][info][gc,metaspace   ] GC(942) Metaspace: 29093K(29376K)->29093K(29376K) NonClass: 25989K(26112K)->25989K(26112K) Class: 3103K(3264K)->3103K(3264K)
[3943.829s][info][gc             ] GC(942) Pause Young (Allocation Failure) 3971M->1736M(4408M) 68.533ms
[3943.829s][info][gc,cpu         ] GC(942) User=0.40s Sys=0.01s Real=0.07s
...[3946.478s][info][gc,start       ] GC(943) Pause Young (Allocation Failure)
[3946.568s][info][gc,heap        ] GC(943) PSYoungGen: 2619460K(2621440K)->150368K(2624000K) Eden: 2451968K(2451968K)->0K(2451968K) From: 167492K(169472K)->150368K(172032K)
[3946.568s][info][gc,heap        ] GC(943) ParOldGen: 1610665K(1892864K)->1720889K(1892864K)
[3946.568s][info][gc,metaspace   ] GC(943) Metaspace: 29093K(29376K)->29093K(29376K) NonClass: 25989K(26112K)->25989K(26112K) Class: 3103K(3264K)->3103K(3264K)
[3946.568s][info][gc             ] GC(943) Pause Young (Allocation Failure) 4130M->1827M(4411M) 90.903ms
[3946.569s][info][gc,cpu         ] GC(943) User=0.54s Sys=0.00s Real=0.09s
...[3949.231s][info][gc,start       ] GC(944) Pause Young (Allocation Failure)
[3949.323s][info][gc,heap        ] GC(944) PSYoungGen: 2602336K(2624000K)->153968K(2621952K) Eden: 2451968K(2451968K)->0K(2451968K) From: 150368K(172032K)->153968K(169984K)
[3949.323s][info][gc,heap        ] GC(944) ParOldGen: 1720889K(1892864K)->1825321K(1892864K)
[3949.323s][info][gc,metaspace   ] GC(944) Metaspace: 29093K(29376K)->29093K(29376K) NonClass: 25989K(26112K)->25989K(26112K) Class: 3103K(3264K)->3103K(3264K)
[3949.323s][info][gc             ] GC(944) Pause Young (Allocation Failure) 4221M->1932M(4409M) 91.435ms
[3949.323s][info][gc,cpu         ] GC(944) User=0.54s Sys=0.00s Real=0.09s
..[3951.967s][info][gc,start       ] GC(945) Pause Young (Allocation Failure)
[3952.061s][info][gc,heap        ] GC(945) PSYoungGen: 2605936K(2621952K)->158304K(2622976K) Eden: 2451968K(2451968K)->0K(2451968K) From: 153968K(169984K)->158304K(171008K)
[3952.061s][info][gc,heap        ] GC(945) ParOldGen: 1825321K(1892864K)->1929449K(1929728K)
[3952.061s][info][gc,metaspace   ] GC(945) Metaspace: 29093K(29376K)->29093K(29376K) NonClass: 25989K(26112K)->25989K(26112K) Class: 3103K(3264K)->3103K(3264K)
[3952.061s][info][gc             ] GC(945) Pause Young (Allocation Failure) 4327M->2038M(4446M) 94.061ms
[3952.061s][info][gc,cpu         ] GC(945) User=0.55s Sys=0.01s Real=0.09s
...[3954.667s][info][gc,start       ] GC(946) Pause Young (Allocation Failure)
[3954.763s][info][gc,heap        ] GC(946) PSYoungGen: 2610267K(2622976K)->152672K(2624000K) Eden: 2451963K(2451968K)->0K(2455040K) From: 158304K(171008K)->152672K(168960K)
[3954.763s][info][gc,heap        ] GC(946) ParOldGen: 1929449K(1929728K)->2035473K(2035712K)
[3954.763s][info][gc,metaspace   ] GC(946) Metaspace: 29093K(29376K)->29093K(29376K) NonClass: 25989K(26112K)->25989K(26112K) Class: 3103K(3264K)->3103K(3264K)
[3954.763s][info][gc             ] GC(946) Pause Young (Allocation Failure) 4433M->2136M(4550M) 95.680ms
[3954.763s][info][gc,cpu         ] GC(946) User=0.53s Sys=0.04s Real=0.09s
...[3957.336s][info][gc,start       ] GC(947) Pause Young (Allocation Failure)
[3957.428s][info][gc,heap        ] GC(947) PSYoungGen: 2607712K(2624000K)->146784K(2624512K) Eden: 2455040K(2455040K)->0K(2455040K) From: 152672K(168960K)->146784K(169472K)
[3957.429s][info][gc,heap        ] GC(947) ParOldGen: 2035473K(2035712K)->2140409K(2140672K)
[3957.429s][info][gc,metaspace   ] GC(947) Metaspace: 29093K(29376K)->29093K(29376K) NonClass: 25989K(26112K)->25989K(26112K) Class: 3103K(3264K)->3103K(3264K)
[3957.429s][info][gc             ] GC(947) Pause Young (Allocation Failure) 4534M->2233M(4653M) 92.861ms
[3957.429s][info][gc,cpu         ] GC(947) User=0.51s Sys=0.04s Real=0.09s
...[3960.090s][info][gc,start       ] GC(948) Pause Young (Allocation Failure)
[3960.186s][info][gc,heap        ] GC(948) PSYoungGen: 2601824K(2624512K)->157600K(2626048K) Eden: 2455040K(2455040K)->0K(2456576K) From: 146784K(169472K)->157600K(169472K)
[3960.186s][info][gc,heap        ] GC(948) ParOldGen: 2140409K(2140672K)->2243393K(2243584K)
[3960.186s][info][gc,metaspace   ] GC(948) Metaspace: 29093K(29376K)->29093K(29376K) NonClass: 25989K(26112K)->25989K(26112K) Class: 3103K(3264K)->3103K(3264K)
[3960.186s][info][gc             ] GC(948) Pause Young (Allocation Failure) 4631M->2344M(4755M) 96.585ms
[3960.186s][info][gc,cpu         ] GC(948) User=0.55s Sys=0.03s Real=0.10s
..[3962.808s][info][gc,start       ] GC(949) Pause Young (Allocation Failure)
[3962.909s][info][gc,heap        ] GC(949) PSYoungGen: 2614176K(2626048K)->161716K(2626048K) Eden: 2456576K(2456576K)->0K(2456576K) From: 157600K(169472K)->161716K(169472K)
[3962.909s][info][gc,heap        ] GC(949) ParOldGen: 2243393K(2243584K)->2349121K(2349568K)
[3962.909s][info][gc,metaspace   ] GC(949) Metaspace: 29093K(29376K)->29093K(29376K) NonClass: 25989K(26112K)->25989K(26112K) Class: 3103K(3264K)->3103K(3264K)
[3962.909s][info][gc             ] GC(949) Pause Young (Allocation Failure) 4743M->2451M(4859M) 101.712ms
[3962.909s][info][gc,cpu         ] GC(949) User=0.57s Sys=0.04s Real=0.10s
...[3965.550s][info][gc,start       ] GC(950) Pause Young (Allocation Failure)
[3965.645s][info][gc,heap        ] GC(950) PSYoungGen: 2618292K(2626048K)->152288K(2626048K) Eden: 2456576K(2456576K)->0K(2456576K) From: 161716K(169472K)->152288K(169472K)
[3965.645s][info][gc,heap        ] GC(950) ParOldGen: 2349121K(2349568K)->2452785K(2452992K)
[3965.645s][info][gc,metaspace   ] GC(950) Metaspace: 29093K(29376K)->29093K(29376K) NonClass: 25989K(26112K)->25989K(26112K) Class: 3103K(3264K)->3103K(3264K)
[3965.645s][info][gc             ] GC(950) Pause Young (Allocation Failure) 4850M->2544M(4960M) 95.246ms
[3965.645s][info][gc,cpu         ] GC(950) User=0.53s Sys=0.03s Real=0.10s
... (rIR:aIR:PR = 6365:6366:6366) (tPR = 94774) [OK] 
  3967s: Performance info:
         Transaction,    Success,    Partial,     Failed,   Receipts, AvgBarcode, 
             Overall,     383428,          0,          0,     364253,      59.47, 
         Response times:
             Request,    Success,    Partial,     Failed,   SkipFail,     Probes,    Samples,      min,      p50,      p90,      p95,      p99,      max, 
       TotalPurchase,     364254,          0,          0,          0,     352592,     386675,      300,     4800,    10100,    31000,   467000,   950000,
     InStorePurchase,     191703,          0,          0,          0,     186224,     203998,      300,     4600,     9900,    30000,   461000,   950000,
      OnlinePurchase,     134222,          0,          0,          0,     129821,     142143,      300,     4900,    10300,    31000,   485000,   950000,
        InstPurchase,      38329,          0,          0,          0,      36547,      40534,      400,     5000,    10200,    33000,   460000,   950000,
          AssocOfCat,        384,          0,          0,          0,        322,        431,    21000,    33000,    51000,    71800,   364360,   980000,
      AssocOfProduct,       3837,          0,          0,          0,       3507,       4074,      300,     4400,     8950,    30000,   397000,   483000,
      BusinessReport,        954,          0,          0,          0,        801,       1027,    28000,    39000,    61200,   134000,   610000,  1200000,
          CustBuyBeh,       3830,          0,          0,          0,       3499,       4094,      200,     4600,     9900,    31000,   402000,   488000,
       ProductReturn,      10171,          0,          0,          0,       9594,      10815,      300,     4700,    10100,    31000,   334000,   423000,

  3967s: (47%)   IR =   6503 [3968.341s][info][gc,start       ] GC(951) Pause Young (Allocation Failure)
[3968.436s][info][gc,heap        ] GC(951) PSYoungGen: 2608864K(2626048K)->152544K(2626048K) Eden: 2456576K(2456576K)->0K(2456576K) From: 152288K(169472K)->152544K(169472K)
[3968.436s][info][gc,heap        ] GC(951) ParOldGen: 2452785K(2452992K)->2557345K(2557440K)
[3968.436s][info][gc,metaspace   ] GC(951) Metaspace: 29093K(29376K)->29093K(29376K) NonClass: 25989K(26112K)->25989K(26112K) Class: 3103K(3264K)->3103K(3264K)
[3968.436s][info][gc             ] GC(951) Pause Young (Allocation Failure) 4943M->2646M(5062M) 95.857ms
[3968.436s][info][gc,cpu         ] GC(951) User=0.53s Sys=0.04s Real=0.10s
..[3970.986s][info][gc,start       ] GC(952) Pause Young (Allocation Failure)
[3971.086s][info][gc,heap        ] GC(952) PSYoungGen: 2609120K(2626048K)->155840K(2624000K) Eden: 2456576K(2456576K)->0K(2457600K) From: 152544K(169472K)->155840K(166400K)
[3971.086s][info][gc,heap        ] GC(952) ParOldGen: 2557345K(2557440K)->2664633K(2664960K)
[3971.086s][info][gc,metaspace   ] GC(952) Metaspace: 29093K(29376K)->29093K(29376K) NonClass: 25989K(26112K)->25989K(26112K) Class: 3103K(3264K)->3103K(3264K)
[3971.086s][info][gc             ] GC(952) Pause Young (Allocation Failure) 5045M->2754M(5165M) 99.270ms
[3971.086s][info][gc,cpu         ] GC(952) User=0.55s Sys=0.03s Real=0.10s
...[3973.637s][info][gc,start       ] GC(953) Pause Young (Allocation Failure)
[3973.733s][info][gc,heap        ] GC(953) PSYoungGen: 2613440K(2624000K)->151456K(2625024K) Eden: 2457600K(2457600K)->0K(2457600K) From: 155840K(166400K)->151456K(167424K)
[3973.733s][info][gc,heap        ] GC(953) ParOldGen: 2664633K(2664960K)->2770081K(2770432K)
[3973.733s][info][gc,metaspace   ] GC(953) Metaspace: 29093K(29376K)->29093K(29376K) NonClass: 25989K(26112K)->25989K(26112K) Class: 3103K(3264K)->3103K(3264K)
[3973.733s][info][gc             ] GC(953) Pause Young (Allocation Failure) 5154M->2853M(5269M) 96.006ms
[3973.733s][info][gc,cpu         ] GC(953) User=0.53s Sys=0.03s Real=0.09s
.|..[3976.287s][info][gc,start       ] GC(954) Pause Young (Allocation Failure)
[3976.381s][info][gc,heap        ] GC(954) PSYoungGen: 2609056K(2625024K)->146688K(2628096K) Eden: 2457600K(2457600K)->0K(2461184K) From: 151456K(167424K)->146688K(166912K)
[3976.381s][info][gc,heap        ] GC(954) ParOldGen: 2770081K(2770432K)->2874921K(2875392K)
[3976.381s][info][gc,metaspace   ] GC(954) Metaspace: 29093K(29376K)->29093K(29376K) NonClass: 25989K(26112K)->25989K(26112K) Class: 3103K(3264K)->3103K(3264K)
[3976.381s][info][gc             ] GC(954) Pause Young (Allocation Failure) 5253M->2950M(5374M) 93.691ms
[3976.381s][info][gc,cpu         ] GC(954) User=0.52s Sys=0.03s Real=0.09s
..[3978.939s][info][gc,start       ] GC(955) Pause Young (Allocation Failure)
[3979.036s][info][gc,heap        ] GC(955) PSYoungGen: 2607872K(2628096K)->155232K(2616832K) Eden: 2461184K(2461184K)->0K(2461184K) From: 146688K(166912K)->155232K(155648K)
[3979.036s][info][gc,heap        ] GC(955) ParOldGen: 2874921K(2875392K)->2978297K(2978304K)
[3979.036s][info][gc,metaspace   ] GC(955) Metaspace: 29093K(29376K)->29093K(29376K) NonClass: 25989K(26112K)->25989K(26112K) Class: 3103K(3264K)->3103K(3264K)
[3979.036s][info][gc             ] GC(955) Pause Young (Allocation Failure) 5354M->3060M(5464M) 96.669ms
[3979.036s][info][gc,cpu         ] GC(955) User=0.55s Sys=0.02s Real=0.10s
...[3981.614s][info][gc,start       ] GC(956) Pause Young (Allocation Failure)
[3981.714s][info][gc,heap        ] GC(956) PSYoungGen: 2616416K(2616832K)->158261K(2627584K) Eden: 2461184K(2461184K)->0K(2461184K) From: 155232K(155648K)->158261K(166400K)
[3981.714s][info][gc,heap        ] GC(956) ParOldGen: 2978297K(2978304K)->3083721K(3083776K)
[3981.714s][info][gc,metaspace   ] GC(956) Metaspace: 29093K(29376K)->29093K(29376K) NonClass: 25989K(26112K)->25989K(26112K) Class: 3103K(3264K)->3103K(3264K)
[3981.714s][info][gc             ] GC(956) Pause Young (Allocation Failure) 5463M->3165M(5577M) 99.260ms
[3981.714s][info][gc,cpu         ] GC(956) User=0.55s Sys=0.04s Real=0.10s
...[3984.280s][info][gc,start       ] GC(957) Pause Young (Allocation Failure)
[3984.375s][info][gc,heap        ] GC(957) PSYoungGen: 2619445K(2627584K)->151360K(2628096K) Eden: 2461184K(2461184K)->0K(2461184K) From: 158261K(166400K)->151360K(166912K)
[3984.376s][info][gc,heap        ] GC(957) ParOldGen: 3083721K(3083776K)->3187769K(3188224K)
[3984.376s][info][gc,metaspace   ] GC(957) Metaspace: 29093K(29376K)->29093K(29376K) NonClass: 25989K(26112K)->25989K(26112K) Class: 3103K(3264K)->3103K(3264K)
[3984.376s][info][gc             ] GC(957) Pause Young (Allocation Failure) 5569M->3260M(5680M) 95.126ms
[3984.376s][info][gc,cpu         ] GC(957) User=0.54s Sys=0.02s Real=0.10s
..[3986.959s][info][gc,start       ] GC(958) Pause Young (Allocation Failure)
[3987.058s][info][gc,heap        ] GC(958) PSYoungGen: 2612544K(2628096K)->157779K(2628096K) Eden: 2461184K(2461184K)->0K(2462208K) From: 151360K(166912K)->157779K(165888K)
[3987.058s][info][gc,heap        ] GC(958) ParOldGen: 3187769K(3188224K)->3292593K(3292672K)
[3987.058s][info][gc,metaspace   ] GC(958) Metaspace: 29093K(29376K)->29093K(29376K) NonClass: 25989K(26112K)->25989K(26112K) Class: 3103K(3264K)->3103K(3264K)
[3987.058s][info][gc             ] GC(958) Pause Young (Allocation Failure) 5664M->3369M(5782M) 98.518ms
[3987.058s][info][gc,cpu         ] GC(958) User=0.55s Sys=0.03s Real=0.10s
...[3989.596s][info][gc,start       ] GC(959) Pause Young (Allocation Failure)
[3989.692s][info][gc,heap        ] GC(959) PSYoungGen: 2619987K(2628096K)->150688K(2628608K) Eden: 2462208K(2462208K)->0K(2462208K) From: 157779K(165888K)->150688K(166400K)
[3989.692s][info][gc,heap        ] GC(959) ParOldGen: 3292593K(3292672K)->3399249K(3399680K)
[3989.692s][info][gc,metaspace   ] GC(959) Metaspace: 29093K(29376K)->29093K(29376K) NonClass: 25989K(26112K)->25989K(26112K) Class: 3103K(3264K)->3103K(3264K)
[3989.692s][info][gc             ] GC(959) Pause Young (Allocation Failure) 5774M->3466M(5887M) 96.602ms
[3989.692s][info][gc,cpu         ] GC(959) User=0.53s Sys=0.04s Real=0.09s
...[3992.291s][info][gc,start       ] GC(960) Pause Young (Allocation Failure)
[3992.386s][info][gc,heap        ] GC(960) PSYoungGen: 2612896K(2628608K)->151040K(2628608K) Eden: 2462208K(2462208K)->0K(2463744K) From: 150688K(166400K)->151040K(164864K)
[3992.387s][info][gc,heap        ] GC(960) ParOldGen: 3399249K(3399680K)->3502561K(3502592K)
[3992.387s][info][gc,metaspace   ] GC(960) Metaspace: 29093K(29376K)->29093K(29376K) NonClass: 25989K(26112K)->25989K(26112K) Class: 3103K(3264K)->3103K(3264K)
[3992.387s][info][gc             ] GC(960) Pause Young (Allocation Failure) 5871M->3567M(5987M) 95.976ms
[3992.387s][info][gc,cpu         ] GC(960) User=0.53s Sys=0.04s Real=0.10s
..[3994.950s][info][gc,start       ] GC(961) Pause Young (Allocation Failure)
[3995.048s][info][gc,heap        ] GC(961) PSYoungGen: 2614784K(2628608K)->154464K(2629120K) Eden: 2463744K(2463744K)->0K(2463744K) From: 151040K(164864K)->154464K(165376K)
[3995.048s][info][gc,heap        ] GC(961) ParOldGen: 3502561K(3502592K)->3608841K(3609088K)
[3995.048s][info][gc,metaspace   ] GC(961) Metaspace: 29093K(29376K)->29093K(29376K) NonClass: 25989K(26112K)->25989K(26112K) Class: 3103K(3264K)->3103K(3264K)
[3995.048s][info][gc             ] GC(961) Pause Young (Allocation Failure) 5973M->3675M(6092M) 97.904ms
[3995.048s][info][gc,cpu         ] GC(961) User=0.55s Sys=0.02s Real=0.10s
...[3997.594s][info][gc,start       ] GC(962) Pause Young (Allocation Failure)
[3997.692s][info][gc,heap        ] GC(962) PSYoungGen: 2618208K(2629120K)->150304K(2630144K) Eden: 2463744K(2463744K)->0K(2466304K) From: 154464K(165376K)->150304K(163840K)
[3997.692s][info][gc,heap        ] GC(962) ParOldGen: 3608841K(3609088K)->3713425K(3713536K)
[3997.692s][info][gc,metaspace   ] GC(962) Metaspace: 29093K(29376K)->29093K(29376K) NonClass: 25989K(26112K)->25989K(26112K) Class: 3103K(3264K)->3103K(3264K)
[3997.692s][info][gc             ] GC(962) Pause Young (Allocation Failure) 6081M->3773M(6195M) 98.064ms
[3997.693s][info][gc,cpu         ] GC(962) User=0.54s Sys=0.03s Real=0.09s
...[4000.285s][info][gc,start       ] GC(963) Pause Young (Allocation Failure)
[4000.380s][info][gc,heap        ] GC(963) PSYoungGen: 2616608K(2630144K)->149728K(2630144K) Eden: 2466304K(2466304K)->0K(2466304K) From: 150304K(163840K)->149728K(163840K)
[4000.380s][info][gc,heap        ] GC(963) ParOldGen: 3713425K(3713536K)->3817049K(3817472K)
[4000.380s][info][gc,metaspace   ] GC(963) Metaspace: 29093K(29376K)->29093K(29376K) NonClass: 25989K(26112K)->25989K(26112K) Class: 3103K(3264K)->3103K(3264K)
[4000.380s][info][gc             ] GC(963) Pause Young (Allocation Failure) 6181M->3873M(6296M) 95.672ms
[4000.381s][info][gc,cpu         ] GC(963) User=0.54s Sys=0.02s Real=0.09s
..[4002.929s][info][gc,start       ] GC(964) Pause Young (Allocation Failure)
[4003.028s][info][gc,heap        ] GC(964) PSYoungGen: 2616032K(2630144K)->153760K(2630144K) Eden: 2466304K(2466304K)->0K(2468352K) From: 149728K(163840K)->153760K(161792K)
[4003.028s][info][gc,heap        ] GC(964) ParOldGen: 3817049K(3817472K)->3923577K(3923968K)
[4003.028s][info][gc,metaspace   ] GC(964) Metaspace: 29093K(29376K)->29093K(29376K) NonClass: 25989K(26112K)->25989K(26112K) Class: 3103K(3264K)->3103K(3264K)
[4003.028s][info][gc             ] GC(964) Pause Young (Allocation Failure) 6282M->3981M(6400M) 99.529ms
[4003.028s][info][gc,cpu         ] GC(964) User=0.55s Sys=0.04s Real=0.10s
...[4005.658s][info][gc,start       ] GC(965) Pause Young (Allocation Failure)
[4005.762s][info][gc,heap        ] GC(965) PSYoungGen: 2622112K(2630144K)->162804K(2631168K) Eden: 2468352K(2468352K)->0K(2468352K) From: 153760K(161792K)->162804K(162816K)
[4005.762s][info][gc,heap        ] GC(965) ParOldGen: 3923577K(3923968K)->4029945K(4029952K)
[4005.762s][info][gc,metaspace   ] GC(965) Metaspace: 29093K(29376K)->29093K(29376K) NonClass: 25989K(26112K)->25989K(26112K) Class: 3103K(3264K)->3103K(3264K)
[4005.762s][info][gc             ] GC(965) Pause Young (Allocation Failure) 6392M->4094M(6505M) 104.059ms
[4005.762s][info][gc,cpu         ] GC(965) User=0.57s Sys=0.04s Real=0.10s
...[4008.308s][info][gc,start       ] GC(966) Pause Young (Allocation Failure)
[4008.404s][info][gc,heap        ] GC(966) PSYoungGen: 2631156K(2631168K)->149408K(2554368K) Eden: 2468352K(2468352K)->0K(2389504K) From: 162804K(162816K)->149408K(164864K)
[4008.404s][info][gc,heap        ] GC(966) ParOldGen: 4029945K(4029952K)->4133929K(4134400K)
[4008.404s][info][gc,metaspace   ] GC(966) Metaspace: 29093K(29376K)->29093K(29376K) NonClass: 25989K(26112K)->25989K(26112K) Class: 3103K(3264K)->3103K(3264K)
[4008.404s][info][gc             ] GC(966) Pause Young (Allocation Failure) 6504M->4182M(6532M) 96.519ms
[4008.404s][info][gc,cpu         ] GC(966) User=0.53s Sys=0.03s Real=0.10s
..[4010.918s][info][gc,start       ] GC(967) Pause Young (Allocation Failure)
[4011.015s][info][gc,heap        ] GC(967) PSYoungGen: 2538912K(2554368K)->151712K(2592768K) Eden: 2389504K(2389504K)->0K(2389504K) From: 149408K(164864K)->151712K(203264K)
[4011.015s][info][gc,heap        ] GC(967) ParOldGen: 4133929K(4134400K)->4239649K(4239872K)
[4011.015s][info][gc,metaspace   ] GC(967) Metaspace: 29093K(29376K)->29093K(29376K) NonClass: 25989K(26112K)->25989K(26112K) Class: 3103K(3264K)->3103K(3264K)
[4011.015s][info][gc             ] GC(967) Pause Young (Allocation Failure) 6516M->4288M(6672M) 97.226ms
[4011.015s][info][gc,cpu         ] GC(967) User=0.55s Sys=0.03s Real=0.10s
...[4013.440s][info][gc,start       ] GC(968) Pause Young (Allocation Failure)
[4013.535s][info][gc,heap        ] GC(968) PSYoungGen: 2541216K(2592768K)->146515K(2588672K) Eden: 2389504K(2389504K)->0K(2391552K) From: 151712K(203264K)->146515K(197120K)
[4013.535s][info][gc,heap        ] GC(968) ParOldGen: 4239649K(4239872K)->4344129K(4344320K)
[4013.535s][info][gc,metaspace   ] GC(968) Metaspace: 29093K(29376K)->29093K(29376K) NonClass: 25989K(26112K)->25989K(26112K) Class: 3103K(3264K)->3103K(3264K)
[4013.535s][info][gc             ] GC(968) Pause Young (Allocation Failure) 6621M->4385M(6770M) 95.031ms
[4013.535s][info][gc,cpu         ] GC(968) User=0.53s Sys=0.03s Real=0.10s
..[4016.013s][info][gc,start       ] GC(969) Pause Young (Allocation Failure)
[4016.109s][info][gc,heap        ] GC(969) PSYoungGen: 2538067K(2588672K)->152128K(2591744K) Eden: 2391552K(2391552K)->0K(2391552K) From: 146515K(197120K)->152128K(200192K)
[4016.109s][info][gc,heap        ] GC(969) ParOldGen: 4344129K(4344320K)->4445641K(4445696K)
[4016.109s][info][gc,metaspace   ] GC(969) Metaspace: 29093K(29376K)->29093K(29376K) NonClass: 25989K(26112K)->25989K(26112K) Class: 3103K(3264K)->3103K(3264K)
[4016.109s][info][gc             ] GC(969) Pause Young (Allocation Failure) 6720M->4490M(6872M) 96.654ms
[4016.109s][info][gc,cpu         ] GC(969) User=0.53s Sys=0.04s Real=0.10s
...[4018.587s][info][gc,start       ] GC(970) Pause Young (Allocation Failure)
[4018.685s][info][gc,heap        ] GC(970) PSYoungGen: 2543680K(2591744K)->147008K(2592256K) Eden: 2391552K(2391552K)->0K(2398208K) From: 152128K(200192K)->147008K(194048K)
[4018.685s][info][gc,heap        ] GC(970) ParOldGen: 4445641K(4445696K)->4549769K(4550144K)
[4018.685s][info][gc,metaspace   ] GC(970) Metaspace: 29093K(29376K)->29093K(29376K) NonClass: 25989K(26112K)->25989K(26112K) Class: 3103K(3264K)->3103K(3264K)
[4018.685s][info][gc             ] GC(970) Pause Young (Allocation Failure) 6825M->4586M(6975M) 97.404ms
[4018.685s][info][gc,cpu         ] GC(970) User=0.54s Sys=0.03s Real=0.10s
...[4021.287s][info][gc,start       ] GC(971) Pause Young (Allocation Failure)
[4021.383s][info][gc,heap        ] GC(971) PSYoungGen: 2545216K(2592256K)->151040K(2594304K) Eden: 2398208K(2398208K)->0K(2398208K) From: 147008K(194048K)->151040K(196096K)
[4021.383s][info][gc,heap        ] GC(971) ParOldGen: 4549769K(4550144K)->4651161K(4651520K)
[4021.383s][info][gc,metaspace   ] GC(971) Metaspace: 29093K(29376K)->29093K(29376K) NonClass: 25989K(26112K)->25989K(26112K) Class: 3103K(3264K)->3103K(3264K)
[4021.383s][info][gc             ] GC(971) Pause Young (Allocation Failure) 6928M->4689M(7076M) 96.473ms
[4021.383s][info][gc,cpu         ] GC(971) User=0.53s Sys=0.03s Real=0.10s
..[4023.807s][info][gc,start       ] GC(972) Pause Young (Allocation Failure)
[4023.905s][info][gc,heap        ] GC(972) PSYoungGen: 2549248K(2594304K)->150130K(2596352K) Eden: 2398208K(2398208K)->0K(2406400K) From: 151040K(196096K)->150130K(189952K)
[4023.905s][info][gc,heap        ] GC(972) ParOldGen: 4651161K(4651520K)->4759521K(4759552K)
[4023.905s][info][gc,metaspace   ] GC(972) Metaspace: 29093K(29376K)->29093K(29376K) NonClass: 25989K(26112K)->25989K(26112K) Class: 3103K(3264K)->3103K(3264K)
[4023.905s][info][gc             ] GC(972) Pause Young (Allocation Failure) 7031M->4794M(7183M) 98.588ms
[4023.905s][info][gc,cpu         ] GC(972) User=0.54s Sys=0.05s Real=0.10s
...[4026.464s][info][gc,start       ] GC(973) Pause Young (Allocation Failure)
[4026.560s][info][gc,heap        ] GC(973) PSYoungGen: 2556530K(2596352K)->149760K(2597888K) Eden: 2406400K(2406400K)->0K(2406400K) From: 150130K(189952K)->149760K(191488K)
[4026.560s][info][gc,heap        ] GC(973) ParOldGen: 4759521K(4759552K)->4859833K(4859904K)
[4026.560s][info][gc,metaspace   ] GC(973) Metaspace: 29093K(29376K)->29093K(29376K) NonClass: 25989K(26112K)->25989K(26112K) Class: 3103K(3264K)->3103K(3264K)
[4026.560s][info][gc             ] GC(973) Pause Young (Allocation Failure) 7144M->4892M(7283M) 96.670ms
[4026.560s][info][gc,cpu         ] GC(973) User=0.53s Sys=0.04s Real=0.09s
..[4029.035s][info][gc,start       ] GC(974) Pause Young (Allocation Failure)
[4029.136s][info][gc,heap        ] GC(974) PSYoungGen: 2556160K(2597888K)->159412K(2599936K) Eden: 2406400K(2406400K)->0K(2415104K) From: 149760K(191488K)->159412K(184832K)
[4029.136s][info][gc,heap        ] GC(974) ParOldGen: 4859833K(4859904K)->4965881K(4965888K)
[4029.136s][info][gc,metaspace   ] GC(974) Metaspace: 29093K(29376K)->29093K(29376K) NonClass: 25989K(26112K)->25989K(26112K) Class: 3103K(3264K)->3103K(3264K)
[4029.136s][info][gc             ] GC(974) Pause Young (Allocation Failure) 7242M->5005M(7388M) 101.819ms
[4029.136s][info][gc,cpu         ] GC(974) User=0.57s Sys=0.03s Real=0.10s
...[4031.605s][info][gc,start       ] GC(975) Pause Young (Allocation Failure)
[4031.703s][info][gc,heap        ] GC(975) PSYoungGen: 2574516K(2599936K)->148736K(2601984K) Eden: 2415104K(2415104K)->0K(2415104K) From: 159412K(184832K)->148736K(186880K)
[4031.703s][info][gc,heap        ] GC(975) ParOldGen: 4965881K(4965888K)->5068681K(5068800K)
[4031.703s][info][gc,metaspace   ] GC(975) Metaspace: 29093K(29376K)->29093K(29376K) NonClass: 25989K(26112K)->25989K(26112K) Class: 3103K(3264K)->3103K(3264K)
[4031.703s][info][gc             ] GC(975) Pause Young (Allocation Failure) 7363M->5095M(7491M) 97.626ms
[4031.703s][info][gc,cpu         ] GC(975) User=0.54s Sys=0.03s Real=0.09s
..[4034.217s][info][gc,start       ] GC(976) Pause Young (Allocation Failure)
[4034.311s][info][gc,heap        ] GC(976) PSYoungGen: 2563840K(2601984K)->144096K(2606592K) Eden: 2415104K(2415104K)->0K(2423808K) From: 148736K(186880K)->144096K(182784K)
[4034.311s][info][gc,heap        ] GC(976) ParOldGen: 5068681K(5068800K)->5171657K(5171712K)
[4034.311s][info][gc,metaspace   ] GC(976) Metaspace: 29093K(29376K)->29093K(29376K) NonClass: 25989K(26112K)->25989K(26112K) Class: 3103K(3264K)->3103K(3264K)
[4034.311s][info][gc             ] GC(976) Pause Young (Allocation Failure) 7453M->5191M(7596M) 94.176ms
[4034.312s][info][gc,cpu         ] GC(976) User=0.52s Sys=0.03s Real=0.09s
. (rIR:aIR:PR = 6503:6491:6491) (tPR = 96469) [OK] 
  4034s: Performance info:
         Transaction,    Success,    Partial,     Failed,   Receipts, AvgBarcode, 
             Overall,     390368,          0,          0,     370826,      59.48, 
         Response times:
             Request,    Success,    Partial,     Failed,   SkipFail,     Probes,    Samples,      min,      p50,      p90,      p95,      p99,      max, 
       TotalPurchase,     370830,          0,          0,          0,     362098,     398585,      300,     4800,     8800,    14000,    41000,   149000,
     InStorePurchase,     195133,          0,          0,          0,     190353,     209048,      300,     4600,     8700,    14000,    40000,   149000,
      OnlinePurchase,     136641,          0,          0,          0,     133678,     147058,      300,     4800,     8900,    14100,    41000,   139000,
        InstPurchase,      39056,          0,          0,          0,      38067,      42479,      400,     5200,     8900,    14500,    42000,   149000,
          AssocOfCat,        388,          0,          0,          0,        307,        421,    19500,    32000,    40000,    45900,    75780,   130000,
      AssocOfProduct,       3906,          0,          0,          0,       3659,       4293,      400,     4200,     8660,    13560,    39000,   112000,
      BusinessReport,        983,          0,          0,          0,        877,       1113,    26000,    38000,    54600,    73000,   136720,   162000,
          CustBuyBeh,       3903,          0,          0,          0,       3569,       4118,      200,     5700,     9500,    13305,    46810,   139000,
       ProductReturn,      10362,          0,          0,          0,       9822,      11054,      200,     4000,     7800,    12600,    38000,   149000,

  4034s: (48%)   IR =   6642 ..[4036.833s][info][gc,start       ] GC(977) Pause Young (Allocation Failure)
[4036.935s][info][gc,heap        ] GC(977) PSYoungGen: 2567904K(2606592K)->164704K(2608128K) Eden: 2423808K(2423808K)->0K(2423808K) From: 144096K(182784K)->164704K(184320K)
[4036.935s][info][gc,heap        ] GC(977) ParOldGen: 5171657K(5171712K)->5273377K(5273600K)
[4036.935s][info][gc,metaspace   ] GC(977) Metaspace: 29093K(29376K)->29093K(29376K) NonClass: 25989K(26112K)->25989K(26112K) Class: 3103K(3264K)->3103K(3264K)
[4036.935s][info][gc             ] GC(977) Pause Young (Allocation Failure) 7558M->5310M(7697M) 101.873ms
[4036.935s][info][gc,cpu         ] GC(977) User=0.56s Sys=0.04s Real=0.10s
...|[4039.447s][info][gc,start       ] GC(978) Pause Young (Allocation Failure)
[4039.549s][info][gc,heap        ] GC(978) PSYoungGen: 2588512K(2608128K)->158016K(2608640K) Eden: 2423808K(2423808K)->0K(2426368K) From: 164704K(184320K)->158016K(182272K)
[4039.549s][info][gc,heap        ] GC(978) ParOldGen: 5273377K(5273600K)->5379673K(5380096K)
[4039.549s][info][gc,metaspace   ] GC(978) Metaspace: 29093K(29376K)->29093K(29376K) NonClass: 25989K(26112K)->25989K(26112K) Class: 3103K(3264K)->3103K(3264K)
[4039.549s][info][gc             ] GC(978) Pause Young (Allocation Failure) 7677M->5407M(7801M) 101.979ms
[4039.549s][info][gc,cpu         ] GC(978) User=0.57s Sys=0.03s Real=0.10s
..[4042.027s][info][gc,start       ] GC(979) Pause Young (Allocation Failure)
[4042.127s][info][gc,heap        ] GC(979) PSYoungGen: 2584384K(2608640K)->157664K(2609664K) Eden: 2426368K(2426368K)->0K(2426368K) From: 158016K(182272K)->157664K(183296K)
[4042.127s][info][gc,heap        ] GC(979) ParOldGen: 5379673K(5380096K)->5483577K(5484032K)
[4042.127s][info][gc,metaspace   ] GC(979) Metaspace: 29093K(29376K)->29093K(29376K) NonClass: 25989K(26112K)->25989K(26112K) Class: 3103K(3264K)->3103K(3264K)
[4042.127s][info][gc             ] GC(979) Pause Young (Allocation Failure) 7777M->5509M(7904M) 100.029ms
[4042.127s][info][gc,cpu         ] GC(979) User=0.56s Sys=0.03s Real=0.10s
...[4044.580s][info][gc,start       ] GC(980) Pause Full (Allocation Failure)
[4044.580s][info][gc,phases,start] GC(980) Marking Phase
[4044.895s][info][gc,phases      ] GC(980) Marking Phase 314.324ms
[4044.895s][info][gc,phases,start] GC(980) Summary Phase
[4044.895s][info][gc,phases      ] GC(980) Summary Phase 0.097ms
[4044.895s][info][gc,phases,start] GC(980) Forward
[4045.021s][info][gc,phases      ] GC(980) Forward 125.954ms
[4045.021s][info][gc,phases,start] GC(980) Adjust Pointers
[4045.232s][info][gc,phases      ] GC(980) Adjust Pointers 210.945ms
[4045.232s][info][gc,phases,start] GC(980) Compaction Phase
[4045.379s][info][gc,phases      ] GC(980) Compaction Phase 147.674ms
[4045.381s][info][gc,phases,start] GC(980) Post Compact
[4045.388s][info][gc,phases      ] GC(980) Post Compact 6.868ms
[4045.508s][info][gc,heap        ] GC(980) PSYoungGen: 2584032K(2609664K)->0K(2611712K) Eden: 2426368K(2426368K)->0K(2430464K) From: 157664K(183296K)->0K(181248K)
[4045.508s][info][gc,heap        ] GC(980) ParOldGen: 5483577K(5484032K)->1604937K(1892864K)
[4045.508s][info][gc,metaspace   ] GC(980) Metaspace: 29093K(29376K)->29093K(29376K) NonClass: 25989K(26112K)->25989K(26112K) Class: 3103K(3264K)->3103K(3264K)
[4045.509s][info][gc             ] GC(980) Pause Full (Allocation Failure) 7878M->1567M(4399M) 928.304ms
[4045.509s][info][gc,cpu         ] GC(980) User=4.36s Sys=0.12s Real=0.93s
..[4047.205s][info][gc,start       ] GC(981) Pause Young (Allocation Failure)
[4047.265s][info][gc,heap        ] GC(981) PSYoungGen: 2430464K(2611712K)->146848K(2611712K) Eden: 2430464K(2430464K)->0K(2430464K) From: 0K(181248K)->146848K(181248K)
[4047.265s][info][gc,heap        ] GC(981) ParOldGen: 1604937K(1892864K)->1604937K(1892864K)
[4047.265s][info][gc,metaspace   ] GC(981) Metaspace: 29093K(29376K)->29093K(29376K) NonClass: 25989K(26112K)->25989K(26112K) Class: 3103K(3264K)->3103K(3264K)
[4047.265s][info][gc             ] GC(981) Pause Young (Allocation Failure) 3940M->1710M(4399M) 60.661ms
[4047.265s][info][gc,cpu         ] GC(981) User=0.36s Sys=0.00s Real=0.06s
...[4049.728s][info][gc,start       ] GC(982) Pause Young (Allocation Failure)
[4049.824s][info][gc,heap        ] GC(982) PSYoungGen: 2577312K(2611712K)->164672K(2612736K) Eden: 2430464K(2430464K)->0K(2432512K) From: 146848K(181248K)->164672K(180224K)
[4049.824s][info][gc,heap        ] GC(982) ParOldGen: 1604937K(1892864K)->1709569K(1892864K)
[4049.824s][info][gc,metaspace   ] GC(982) Metaspace: 29093K(29376K)->29093K(29376K) NonClass: 25989K(26112K)->25989K(26112K) Class: 3103K(3264K)->3103K(3264K)
[4049.824s][info][gc             ] GC(982) Pause Young (Allocation Failure) 4084M->1830M(4400M) 95.675ms
[4049.824s][info][gc,cpu         ] GC(982) User=0.56s Sys=0.00s Real=0.10s
..[4052.234s][info][gc,start       ] GC(983) Pause Young (Allocation Failure)
[4052.323s][info][gc,heap        ] GC(983) PSYoungGen: 2597184K(2612736K)->142752K(2613760K) Eden: 2432512K(2432512K)->0K(2432512K) From: 164672K(180224K)->142752K(181248K)
[4052.323s][info][gc,heap        ] GC(983) ParOldGen: 1709569K(1892864K)->1814657K(1892864K)
[4052.323s][info][gc,metaspace   ] GC(983) Metaspace: 29093K(29376K)->29093K(29376K) NonClass: 25989K(26112K)->25989K(26112K) Class: 3103K(3264K)->3103K(3264K)
[4052.323s][info][gc             ] GC(983) Pause Young (Allocation Failure) 4205M->1911M(4401M) 88.192ms
[4052.323s][info][gc,cpu         ] GC(983) User=0.53s Sys=0.00s Real=0.08s
...[4054.860s][info][gc,start       ] GC(984) Pause Young (Allocation Failure)
[4054.952s][info][gc,heap        ] GC(984) PSYoungGen: 2575264K(2613760K)->158176K(2611712K) Eden: 2432512K(2432512K)->0K(2433536K) From: 142752K(181248K)->158176K(178176K)
[4054.952s][info][gc,heap        ] GC(984) ParOldGen: 1814657K(1892864K)->1914617K(1914880K)
[4054.952s][info][gc,metaspace   ] GC(984) Metaspace: 29093K(29376K)->29093K(29376K) NonClass: 25989K(26112K)->25989K(26112K) Class: 3103K(3264K)->3103K(3264K)
[4054.952s][info][gc             ] GC(984) Pause Young (Allocation Failure) 4287M->2024M(4420M) 92.600ms
[4054.952s][info][gc,cpu         ] GC(984) User=0.54s Sys=0.01s Real=0.09s
..[4057.450s][info][gc,start       ] GC(985) Pause Young (Allocation Failure)
[4057.552s][info][gc,heap        ] GC(985) PSYoungGen: 2591712K(2611712K)->156248K(2613248K) Eden: 2433536K(2433536K)->0K(2433536K) From: 158176K(178176K)->156248K(179712K)
[4057.552s][info][gc,heap        ] GC(985) ParOldGen: 1914617K(1914880K)->2023393K(2023424K)
[4057.552s][info][gc,metaspace   ] GC(985) Metaspace: 29093K(29376K)->29093K(29376K) NonClass: 25989K(26112K)->25989K(26112K) Class: 3103K(3264K)->3103K(3264K)
[4057.552s][info][gc             ] GC(985) Pause Young (Allocation Failure) 4400M->2128M(4528M) 101.765ms
[4057.552s][info][gc,cpu         ] GC(985) User=0.56s Sys=0.03s Real=0.10s
...[4059.978s][info][gc,start       ] GC(986) Pause Young (Allocation Failure)
[4060.075s][info][gc,heap        ] GC(986) PSYoungGen: 2589784K(2613248K)->157280K(2613760K) Eden: 2433536K(2433536K)->0K(2438656K) From: 156248K(179712K)->157280K(175104K)
[4060.075s][info][gc,heap        ] GC(986) ParOldGen: 2023393K(2023424K)->2127241K(2127360K)
[4060.075s][info][gc,metaspace   ] GC(986) Metaspace: 29093K(29376K)->29093K(29376K) NonClass: 25989K(26112K)->25989K(26112K) Class: 3103K(3264K)->3103K(3264K)
[4060.075s][info][gc             ] GC(986) Pause Young (Allocation Failure) 4505M->2230M(4630M) 97.069ms
[4060.075s][info][gc,cpu         ] GC(986) User=0.54s Sys=0.03s Real=0.10s
...[4062.615s][info][gc,start       ] GC(987) Pause Young (Allocation Failure)
[4062.709s][info][gc,heap        ] GC(987) PSYoungGen: 2595936K(2613760K)->153088K(2614784K) Eden: 2438656K(2438656K)->0K(2438656K) From: 157280K(175104K)->153088K(176128K)
[4062.709s][info][gc,heap        ] GC(987) ParOldGen: 2127241K(2127360K)->2231129K(2231296K)
[4062.709s][info][gc,metaspace   ] GC(987) Metaspace: 29093K(29376K)->29093K(29376K) NonClass: 25989K(26112K)->25989K(26112K) Class: 3103K(3264K)->3103K(3264K)
[4062.709s][info][gc             ] GC(987) Pause Young (Allocation Failure) 4612M->2328M(4732M) 94.335ms
[4062.709s][info][gc,cpu         ] GC(987) User=0.53s Sys=0.02s Real=0.09s
..[4065.202s][info][gc,start       ] GC(988) Pause Young (Allocation Failure)
[4065.296s][info][gc,heap        ] GC(988) PSYoungGen: 2591744K(2614784K)->150784K(2618368K) Eden: 2438656K(2438656K)->0K(2445312K) From: 153088K(176128K)->150784K(173056K)
[4065.296s][info][gc,heap        ] GC(988) ParOldGen: 2231129K(2231296K)->2336585K(2336768K)
[4065.296s][info][gc,metaspace   ] GC(988) Metaspace: 29093K(29376K)->29093K(29376K) NonClass: 25989K(26112K)->25989K(26112K) Class: 3103K(3264K)->3103K(3264K)
[4065.296s][info][gc             ] GC(988) Pause Young (Allocation Failure) 4709M->2429M(4839M) 94.605ms
[4065.296s][info][gc,cpu         ] GC(988) User=0.52s Sys=0.03s Real=0.10s
...[4067.756s][info][gc,start       ] GC(989) Pause Young (Allocation Failure)
[4067.851s][info][gc,heap        ] GC(989) PSYoungGen: 2596096K(2618368K)->150720K(2618880K) Eden: 2445312K(2445312K)->0K(2445312K) From: 150784K(173056K)->150720K(173568K)
[4067.851s][info][gc,heap        ] GC(989) ParOldGen: 2336585K(2336768K)->2440041K(2440192K)
[4067.851s][info][gc,metaspace   ] GC(989) Metaspace: 29093K(29376K)->29093K(29376K) NonClass: 25989K(26112K)->25989K(26112K) Class: 3103K(3264K)->3103K(3264K)
[4067.851s][info][gc             ] GC(989) Pause Young (Allocation Failure) 4817M->2530M(4940M) 94.826ms
[4067.851s][info][gc,cpu         ] GC(989) User=0.52s Sys=0.04s Real=0.09s
..[4070.387s][info][gc,start       ] GC(990) Pause Young (Allocation Failure)
[4070.480s][info][gc,heap        ] GC(990) PSYoungGen: 2596032K(2618880K)->149504K(2621952K) Eden: 2445312K(2445312K)->0K(2449920K) From: 150720K(173568K)->149504K(172032K)
[4070.480s][info][gc,heap        ] GC(990) ParOldGen: 2440041K(2440192K)->2543801K(2544128K)
[4070.480s][info][gc,metaspace   ] GC(990) Metaspace: 29093K(29376K)->29093K(29376K) NonClass: 25989K(26112K)->25989K(26112K) Class: 3103K(3264K)->3103K(3264K)
[4070.480s][info][gc             ] GC(990) Pause Young (Allocation Failure) 4918M->2630M(5045M) 93.777ms
[4070.480s][info][gc,cpu         ] GC(990) User=0.52s Sys=0.04s Real=0.09s
...[4072.987s][info][gc,start       ] GC(991) Pause Young (Allocation Failure)
[4073.091s][info][gc,heap        ] GC(991) PSYoungGen: 2599424K(2621952K)->165536K(2621440K) Eden: 2449920K(2449920K)->0K(2449920K) From: 149504K(172032K)->165536K(171520K)
[4073.091s][info][gc,heap        ] GC(991) ParOldGen: 2543801K(2544128K)->2648825K(2649088K)
[4073.091s][info][gc,metaspace   ] GC(991) Metaspace: 29093K(29376K)->29093K(29376K) NonClass: 25989K(26112K)->25989K(26112K) Class: 3103K(3264K)->3103K(3264K)
[4073.091s][info][gc             ] GC(991) Pause Young (Allocation Failure) 5022M->2748M(5147M) 104.353ms
[4073.091s][info][gc,cpu         ] GC(991) User=0.58s Sys=0.03s Real=0.10s
...[4075.596s][info][gc,start       ] GC(992) Pause Young (Allocation Failure)
[4075.695s][info][gc,heap        ] GC(992) PSYoungGen: 2615456K(2621440K)->156256K(2622976K) Eden: 2449920K(2449920K)->0K(2449408K) From: 165536K(171520K)->156256K(173568K)
[4075.695s][info][gc,heap        ] GC(992) ParOldGen: 2648825K(2649088K)->2754241K(2754560K)
[4075.695s][info][gc,metaspace   ] GC(992) Metaspace: 29093K(29376K)->29093K(29376K) NonClass: 25989K(26112K)->25989K(26112K) Class: 3103K(3264K)->3103K(3264K)
[4075.695s][info][gc             ] GC(992) Pause Young (Allocation Failure) 5140M->2842M(5251M) 98.633ms
[4075.695s][info][gc,cpu         ] GC(992) User=0.55s Sys=0.03s Real=0.10s
..[4078.250s][info][gc,start       ] GC(993) Pause Young (Allocation Failure)
[4078.347s][info][gc,heap        ] GC(993) PSYoungGen: 2605664K(2622976K)->149952K(2599424K) Eden: 2449408K(2449408K)->0K(2449408K) From: 156256K(173568K)->149952K(150016K)
[4078.347s][info][gc,heap        ] GC(993) ParOldGen: 2754241K(2754560K)->2858401K(2858496K)
[4078.347s][info][gc,metaspace   ] GC(993) Metaspace: 29093K(29376K)->29093K(29376K) NonClass: 25989K(26112K)->25989K(26112K) Class: 3103K(3264K)->3103K(3264K)
[4078.347s][info][gc             ] GC(993) Pause Young (Allocation Failure) 5234M->2937M(5330M) 96.657ms
[4078.347s][info][gc,cpu         ] GC(993) User=0.54s Sys=0.03s Real=0.10s
...[4080.718s][info][gc,start       ] GC(994) Pause Young (Allocation Failure)
[4080.821s][info][gc,heap        ] GC(994) PSYoungGen: 2599360K(2599424K)->163198K(2619904K) Eden: 2449408K(2449408K)->0K(2448384K) From: 149952K(150016K)->163198K(171520K)
[4080.821s][info][gc,heap        ] GC(994) ParOldGen: 2858401K(2858496K)->2966289K(2966528K)
[4080.821s][info][gc,metaspace   ] GC(994) Metaspace: 29093K(29376K)->29093K(29376K) NonClass: 25989K(26112K)->25989K(26112K) Class: 3103K(3264K)->3103K(3264K)
[4080.821s][info][gc             ] GC(994) Pause Young (Allocation Failure) 5329M->3056M(5455M) 103.384ms
[4080.821s][info][gc,cpu         ] GC(994) User=0.57s Sys=0.04s Real=0.10s
..[4083.421s][info][gc,start       ] GC(995) Pause Young (Allocation Failure)
[4083.525s][info][gc,heap        ] GC(995) PSYoungGen: 2611582K(2619904K)->173032K(2621440K) Eden: 2448384K(2448384K)->0K(2448384K) From: 163198K(171520K)->173032K(173056K)
[4083.525s][info][gc,heap        ] GC(995) ParOldGen: 2966289K(2966528K)->3065281K(3065344K)
[4083.525s][info][gc,metaspace   ] GC(995) Metaspace: 29093K(29376K)->29093K(29376K) NonClass: 25989K(26112K)->25989K(26112K) Class: 3103K(3264K)->3103K(3264K)
[4083.525s][info][gc             ] GC(995) Pause Young (Allocation Failure) 5447M->3162M(5553M) 103.497ms
[4083.525s][info][gc,cpu         ] GC(995) User=0.58s Sys=0.03s Real=0.11s
...[4085.895s][info][gc,start       ] GC(996) Pause Young (Allocation Failure)
[4085.996s][info][gc,heap        ] GC(996) PSYoungGen: 2621416K(2621440K)->158960K(2547712K) Eden: 2448384K(2448384K)->0K(2373120K) From: 173032K(173056K)->158960K(174592K)
[4085.996s][info][gc,heap        ] GC(996) ParOldGen: 3065281K(3065344K)->3173609K(3173888K)
[4085.996s][info][gc,metaspace   ] GC(996) Metaspace: 29093K(29376K)->29093K(29376K) NonClass: 25989K(26112K)->25989K(26112K) Class: 3103K(3264K)->3103K(3264K)
[4085.996s][info][gc             ] GC(996) Pause Young (Allocation Failure) 5553M->3254M(5587M) 100.603ms
[4085.996s][info][gc,cpu         ] GC(996) User=0.56s Sys=0.03s Real=0.10s
..[4088.484s][info][gc,start       ] GC(997) Pause Young (Allocation Failure)
[4088.578s][info][gc,heap        ] GC(997) PSYoungGen: 2532080K(2547712K)->148576K(2584576K) Eden: 2373120K(2373120K)->0K(2373120K) From: 158960K(174592K)->148576K(211456K)
[4088.578s][info][gc,heap        ] GC(997) ParOldGen: 3173609K(3173888K)->3275721K(3275776K)
[4088.578s][info][gc,metaspace   ] GC(997) Metaspace: 29093K(29376K)->29093K(29376K) NonClass: 25989K(26112K)->25989K(26112K) Class: 3103K(3264K)->3103K(3264K)
[4088.578s][info][gc             ] GC(997) Pause Young (Allocation Failure) 5571M->3344M(5723M) 94.133ms
[4088.578s][info][gc,cpu         ] GC(997) User=0.52s Sys=0.03s Real=0.09s
...[4091.006s][info][gc,start       ] GC(998) Pause Young (Allocation Failure)
[4091.109s][info][gc,heap        ] GC(998) PSYoungGen: 2521696K(2584576K)->162521K(2574848K) Eden: 2373120K(2373120K)->0K(2374656K) From: 148576K(211456K)->162521K(200192K)
[4091.109s][info][gc,heap        ] GC(998) ParOldGen: 3275721K(3275776K)->3380353K(3380736K)
[4091.109s][info][gc,metaspace   ] GC(998) Metaspace: 29093K(29376K)->29093K(29376K) NonClass: 25989K(26112K)->25989K(26112K) Class: 3103K(3264K)->3103K(3264K)
[4091.109s][info][gc             ] GC(998) Pause Young (Allocation Failure) 5661M->3459M(5816M) 102.594ms
[4091.109s][info][gc,cpu         ] GC(998) User=0.57s Sys=0.04s Real=0.10s
..[4093.506s][info][gc,start       ] GC(999) Pause Young (Allocation Failure)
[4093.604s][info][gc,heap        ] GC(999) PSYoungGen: 2537177K(2574848K)->155291K(2580480K) Eden: 2374656K(2374656K)->0K(2374656K) From: 162521K(200192K)->155291K(205824K)
[4093.604s][info][gc,heap        ] GC(999) ParOldGen: 3380353K(3380736K)->3482457K(3482624K)
[4093.604s][info][gc,metaspace   ] GC(999) Metaspace: 29093K(29376K)->29093K(29376K) NonClass: 25989K(26112K)->25989K(26112K) Class: 3103K(3264K)->3103K(3264K)
[4093.604s][info][gc             ] GC(999) Pause Young (Allocation Failure) 5778M->3552M(5921M) 97.763ms
[4093.604s][info][gc,cpu         ] GC(999) User=0.55s Sys=0.03s Real=0.10s
...[4096.021s][info][gc,start       ] GC(1000) Pause Young (Allocation Failure)
[4096.122s][info][gc,heap        ] GC(1000) PSYoungGen: 2529947K(2580480K)->159520K(2580480K) Eden: 2374656K(2374656K)->0K(2386944K) From: 155291K(205824K)->159520K(193536K)
[4096.122s][info][gc,heap        ] GC(1000) ParOldGen: 3482457K(3482624K)->3586993K(3587072K)
[4096.122s][info][gc,metaspace   ] GC(1000) Metaspace: 29093K(29376K)->29093K(29376K) NonClass: 25989K(26112K)->25989K(26112K) Class: 3103K(3264K)->3103K(3264K)
[4096.122s][info][gc             ] GC(1000) Pause Young (Allocation Failure) 5871M->3658M(6023M) 101.407ms
[4096.122s][info][gc,cpu         ] GC(1000) User=0.55s Sys=0.05s Real=0.10s
..[4098.595s][info][gc,start       ] GC(1001) Pause Young (Allocation Failure)
[4098.695s][info][gc,heap        ] GC(1001) PSYoungGen: 2546464K(2580480K)->160708K(2586624K) Eden: 2386944K(2386944K)->0K(2386944K) From: 159520K(193536K)->160708K(199680K)
[4098.695s][info][gc,heap        ] GC(1001) ParOldGen: 3586993K(3587072K)->3690817K(3691008K)
[4098.695s][info][gc,metaspace   ] GC(1001) Metaspace: 29093K(29376K)->29093K(29376K) NonClass: 25989K(26112K)->25989K(26112K) Class: 3103K(3264K)->3103K(3264K)
[4098.695s][info][gc             ] GC(1001) Pause Young (Allocation Failure) 5989M->3761M(6130M) 100.553ms
[4098.695s][info][gc,cpu         ] GC(1001) User=0.56s Sys=0.03s Real=0.10s
.. (rIR:aIR:PR = 6642:6644:6644) (tPR = 98582) [OK] 
  4099s: Performance info:
         Transaction,    Success,    Partial,     Failed,   Receipts, AvgBarcode, 
             Overall,     400799,          0,          0,     380792,      59.48, 
         Response times:
             Request,    Success,    Partial,     Failed,   SkipFail,     Probes,    Samples,      min,      p50,      p90,      p95,      p99,      max, 
       TotalPurchase,     380803,          0,          0,          0,     356496,     391671,      200,     5000,    12000,    36000,   206000,   950000,
     InStorePurchase,     200438,          0,          0,          0,     187958,     206182,      300,     5200,    12300,    37000,   178000,   950000,
      OnlinePurchase,     140281,          0,          0,          0,     131323,     144273,      200,     4700,    11600,    35000,   341000,   940000,
        InstPurchase,      40084,          0,          0,          0,      37215,      41216,      400,     4500,    11500,    34000,   328000,   940000,
          AssocOfCat,        400,          0,          0,          0,        322,        444,    18500,    34000,    59500,   112000,   393000,   960000,
      AssocOfProduct,       4010,          0,          0,          0,       3672,       4257,      600,     5600,    13320,    35000,   175000,   257000,
      BusinessReport,       1002,          0,          0,          0,        866,       1089,    26000,    39000,    69000,   142500,   233000,   302000,
          CustBuyBeh,       3996,          0,          0,          0,       3667,       4285,      200,     4200,     9300,    30000,   168000,   240000,
       ProductReturn,      10596,          0,          0,          0,      10033,      11377,      200,     4400,    12300,    35000,   263000,   940000,

  4099s: (49%)   IR =   6780 .[4101.144s][info][gc,start       ] GC(1002) Pause Young (Allocation Failure)
[4101.241s][info][gc,heap        ] GC(1002) PSYoungGen: 2547652K(2586624K)->156064K(2589184K) Eden: 2386944K(2386944K)->0K(2399744K) From: 160708K(199680K)->156064K(189440K)
[4101.241s][info][gc,heap        ] GC(1002) ParOldGen: 3690817K(3691008K)->3793889K(3793920K)
[4101.241s][info][gc,metaspace   ] GC(1002) Metaspace: 29093K(29376K)->29093K(29376K) NonClass: 25989K(26112K)->25989K(26112K) Class: 3103K(3264K)->3103K(3264K)
[4101.241s][info][gc             ] GC(1002) Pause Young (Allocation Failure) 6092M->3857M(6233M) 97.035ms
[4101.241s][info][gc,cpu         ] GC(1002) User=0.55s Sys=0.03s Real=0.09s
..[4103.571s][info][gc,start       ] GC(1003) Pause Young (Allocation Failure)
[4103.665s][info][gc,heap        ] GC(1003) PSYoungGen: 2555808K(2589184K)->146432K(2594304K) Eden: 2399744K(2399744K)->0K(2399744K) From: 156064K(189440K)->146432K(194560K)
[4103.665s][info][gc,heap        ] GC(1003) ParOldGen: 3793889K(3793920K)->3899681K(3899904K)
[4103.665s][info][gc,metaspace   ] GC(1003) Metaspace: 29093K(29376K)->29093K(29376K) NonClass: 25989K(26112K)->25989K(26112K) Class: 3103K(3264K)->3103K(3264K)
[4103.665s][info][gc             ] GC(1003) Pause Young (Allocation Failure) 6200M->3951M(6342M) 94.051ms
[4103.665s][info][gc,cpu         ] GC(1003) User=0.53s Sys=0.03s Real=0.10s
...|[4106.162s][info][gc,start       ] GC(1004) Pause Young (Allocation Failure)
[4106.258s][info][gc,heap        ] GC(1004) PSYoungGen: 2546176K(2594304K)->149408K(2597888K) Eden: 2399744K(2399744K)->0K(2407424K) From: 146432K(194560K)->149408K(190464K)
[4106.258s][info][gc,heap        ] GC(1004) ParOldGen: 3899681K(3899904K)->4000065K(4000256K)
[4106.258s][info][gc,metaspace   ] GC(1004) Metaspace: 29093K(29376K)->29093K(29376K) NonClass: 25989K(26112K)->25989K(26112K) Class: 3103K(3264K)->3103K(3264K)
[4106.258s][info][gc             ] GC(1004) Pause Young (Allocation Failure) 6294M->4052M(6443M) 96.513ms
[4106.258s][info][gc,cpu         ] GC(1004) User=0.54s Sys=0.03s Real=0.10s
..[4108.580s][info][gc,start       ] GC(1005) Pause Young (Allocation Failure)
[4108.679s][info][gc,heap        ] GC(1005) PSYoungGen: 2556832K(2597888K)->153024K(2599936K) Eden: 2407424K(2407424K)->0K(2407424K) From: 149408K(190464K)->153024K(192512K)
[4108.680s][info][gc,heap        ] GC(1005) ParOldGen: 4000065K(4000256K)->4108689K(4108800K)
[4108.680s][info][gc,metaspace   ] GC(1005) Metaspace: 29093K(29376K)->29093K(29376K) NonClass: 25989K(26112K)->25989K(26112K) Class: 3103K(3264K)->3103K(3264K)
[4108.680s][info][gc             ] GC(1005) Pause Young (Allocation Failure) 6403M->4161M(6551M) 99.960ms
[4108.680s][info][gc,cpu         ] GC(1005) User=0.56s Sys=0.02s Real=0.10s
...[4111.045s][info][gc,start       ] GC(1006) Pause Young (Allocation Failure)
[4111.146s][info][gc,heap        ] GC(1006) PSYoungGen: 2560448K(2599936K)->164032K(2600448K) Eden: 2407424K(2407424K)->0K(2413056K) From: 153024K(192512K)->164032K(187392K)
[4111.146s][info][gc,heap        ] GC(1006) ParOldGen: 4108689K(4108800K)->4211001K(4211200K)
[4111.146s][info][gc,metaspace   ] GC(1006) Metaspace: 29093K(29376K)->29093K(29376K) NonClass: 25989K(26112K)->25989K(26112K) Class: 3103K(3264K)->3103K(3264K)
[4111.146s][info][gc             ] GC(1006) Pause Young (Allocation Failure) 6512M->4272M(6652M) 100.936ms
[4111.146s][info][gc,cpu         ] GC(1006) User=0.56s Sys=0.03s Real=0.10s
..[4113.642s][info][gc,start       ] GC(1007) Pause Young (Allocation Failure)
[4113.739s][info][gc,heap        ] GC(1007) PSYoungGen: 2577088K(2600448K)->152832K(2601984K) Eden: 2413056K(2413056K)->0K(2413056K) From: 164032K(187392K)->152832K(188928K)
[4113.739s][info][gc,heap        ] GC(1007) ParOldGen: 4211001K(4211200K)->4311833K(4312064K)
[4113.739s][info][gc,metaspace   ] GC(1007) Metaspace: 29093K(29376K)->29093K(29376K) NonClass: 25989K(26112K)->25989K(26112K) Class: 3103K(3264K)->3103K(3264K)
[4113.739s][info][gc             ] GC(1007) Pause Young (Allocation Failure) 6628M->4360M(6752M) 97.085ms
[4113.739s][info][gc,cpu         ] GC(1007) User=0.54s Sys=0.04s Real=0.10s
...[4116.073s][info][gc,start       ] GC(1008) Pause Young (Allocation Failure)
[4116.170s][info][gc,heap        ] GC(1008) PSYoungGen: 2565888K(2601984K)->151392K(2604032K) Eden: 2413056K(2413056K)->0K(2419712K) From: 152832K(188928K)->151392K(184320K)
[4116.170s][info][gc,heap        ] GC(1008) ParOldGen: 4311833K(4312064K)->4417753K(4418048K)
[4116.170s][info][gc,metaspace   ] GC(1008) Metaspace: 29093K(29376K)->29093K(29376K) NonClass: 25989K(26112K)->25989K(26112K) Class: 3103K(3264K)->3103K(3264K)
[4116.170s][info][gc             ] GC(1008) Pause Young (Allocation Failure) 6716M->4462M(6857M) 97.540ms
[4116.171s][info][gc,cpu         ] GC(1008) User=0.54s Sys=0.03s Real=0.10s
..[4118.668s][info][gc,start       ] GC(1009) Pause Young (Allocation Failure)
[4118.765s][info][gc,heap        ] GC(1009) PSYoungGen: 2571104K(2604032K)->154112K(2605568K) Eden: 2419712K(2419712K)->0K(2419712K) From: 151392K(184320K)->154112K(185856K)
[4118.765s][info][gc,heap        ] GC(1009) ParOldGen: 4417753K(4418048K)->4518625K(4518912K)
[4118.765s][info][gc,metaspace   ] GC(1009) Metaspace: 29093K(29376K)->29093K(29376K) NonClass: 25989K(26112K)->25989K(26112K) Class: 3103K(3264K)->3103K(3264K)
[4118.765s][info][gc             ] GC(1009) Pause Young (Allocation Failure) 6825M->4563M(6957M) 96.754ms
[4118.765s][info][gc,cpu         ] GC(1009) User=0.54s Sys=0.03s Real=0.10s
...[4121.121s][info][gc,start       ] GC(1010) Pause Young (Allocation Failure)
[4121.226s][info][gc,heap        ] GC(1010) PSYoungGen: 2573824K(2605568K)->168697K(2607616K) Eden: 2419712K(2419712K)->0K(2424320K) From: 154112K(185856K)->168697K(183296K)
[4121.226s][info][gc,heap        ] GC(1010) ParOldGen: 4518625K(4518912K)->4626441K(4626944K)
[4121.226s][info][gc,metaspace   ] GC(1010) Metaspace: 29093K(29376K)->29093K(29376K) NonClass: 25989K(26112K)->25989K(26112K) Class: 3103K(3264K)->3103K(3264K)
[4121.226s][info][gc             ] GC(1010) Pause Young (Allocation Failure) 6926M->4682M(7065M) 104.712ms
[4121.226s][info][gc,cpu         ] GC(1010) User=0.58s Sys=0.04s Real=0.11s
..[4123.586s][info][gc,start       ] GC(1011) Pause Young (Allocation Failure)
[4123.683s][info][gc,heap        ] GC(1011) PSYoungGen: 2593017K(2607616K)->150656K(2609152K) Eden: 2424320K(2424320K)->0K(2424320K) From: 168697K(183296K)->150656K(184832K)
[4123.683s][info][gc,heap        ] GC(1011) ParOldGen: 4626441K(4626944K)->4728161K(4728320K)
[4123.683s][info][gc,metaspace   ] GC(1011) Metaspace: 29093K(29376K)->29093K(29376K) NonClass: 25989K(26112K)->25989K(26112K) Class: 3103K(3264K)->3103K(3264K)
[4123.683s][info][gc             ] GC(1011) Pause Young (Allocation Failure) 7050M->4764M(7165M) 97.423ms
[4123.683s][info][gc,cpu         ] GC(1011) User=0.54s Sys=0.03s Real=0.09s
...[4126.188s][info][gc,start       ] GC(1012) Pause Young (Allocation Failure)
[4126.291s][info][gc,heap        ] GC(1012) PSYoungGen: 2574976K(2609152K)->161515K(2608640K) Eden: 2424320K(2424320K)->0K(2427392K) From: 150656K(184832K)->161515K(181248K)
[4126.291s][info][gc,heap        ] GC(1012) ParOldGen: 4728161K(4728320K)->4831217K(4831232K)
[4126.291s][info][gc,metaspace   ] GC(1012) Metaspace: 29093K(29376K)->29093K(29376K) NonClass: 25989K(26112K)->25989K(26112K) Class: 3103K(3264K)->3103K(3264K)
[4126.291s][info][gc             ] GC(1012) Pause Young (Allocation Failure) 7131M->4875M(7265M) 102.826ms
[4126.291s][info][gc,cpu         ] GC(1012) User=0.57s Sys=0.03s Real=0.10s
[4126.594s][info][gc,start       ] GC(1013) Pause Full (Diagnostic Command)
[4126.594s][info][gc,phases,start] GC(1013) Marking Phase
[4126.907s][info][gc,phases      ] GC(1013) Marking Phase 312.827ms
[4126.907s][info][gc,phases,start] GC(1013) Summary Phase
[4126.907s][info][gc,phases      ] GC(1013) Summary Phase 0.069ms
[4126.907s][info][gc,phases,start] GC(1013) Forward
[4127.072s][info][gc,phases      ] GC(1013) Forward 165.149ms
[4127.072s][info][gc,phases,start] GC(1013) Adjust Pointers
[4127.288s][info][gc,phases      ] GC(1013) Adjust Pointers 215.632ms
[4127.288s][info][gc,phases,start] GC(1013) Compaction Phase
[4127.467s][info][gc,phases      ] GC(1013) Compaction Phase 178.476ms
[4127.469s][info][gc,phases,start] GC(1013) Post Compact
[4127.473s][info][gc,phases      ] GC(1013) Post Compact 4.752ms
[4127.473s][info][gc,heap        ] GC(1013) PSYoungGen: 600600K(2608640K)->0K(2608640K) Eden: 439084K(2427392K)->0K(2427392K) From: 161515K(181248K)->0K(181248K)
[4127.473s][info][gc,heap        ] GC(1013) ParOldGen: 4831217K(4831232K)->1335981K(4831232K)
[4127.473s][info][gc,metaspace   ] GC(1013) Metaspace: 29093K(29376K)->29093K(29376K) NonClass: 25989K(26112K)->25989K(26112K) Class: 3103K(3264K)->3103K(3264K)
[4127.473s][info][gc             ] GC(1013) Pause Full (Diagnostic Command) 5304M->1304M(7265M) 879.191ms
[4127.473s][info][gc,cpu         ] GC(1013) User=4.62s Sys=0.00s Real=0.88s
..[4129.108s][info][gc,start       ] GC(1014) Pause Young (Allocation Failure)
[4129.181s][info][gc,heap        ] GC(1014) PSYoungGen: 2427392K(2608640K)->178084K(2605568K) Eden: 2427392K(2427392K)->0K(2427392K) From: 0K(181248K)->178084K(178176K)
[4129.181s][info][gc,heap        ] GC(1014) ParOldGen: 1335981K(4831232K)->1335981K(4831232K)
[4129.181s][info][gc,metaspace   ] GC(1014) Metaspace: 29093K(29376K)->29093K(29376K) NonClass: 25989K(26112K)->25989K(26112K) Class: 3103K(3264K)->3103K(3264K)
[4129.181s][info][gc             ] GC(1014) Pause Young (Allocation Failure) 3675M->1478M(7262M) 72.916ms
[4129.181s][info][gc,cpu         ] GC(1014) User=0.43s Sys=0.00s Real=0.07s
...[4131.629s][info][gc,start       ] GC(1015) Pause Young (Allocation Failure)
[4131.722s][info][gc,heap        ] GC(1015) PSYoungGen: 2605476K(2605568K)->153088K(2610176K) Eden: 2427392K(2427392K)->0K(2422784K) From: 178084K(178176K)->153088K(187392K)
[4131.722s][info][gc,heap        ] GC(1015) ParOldGen: 1335981K(4831232K)->1442717K(4831232K)
[4131.722s][info][gc,metaspace   ] GC(1015) Metaspace: 29093K(29376K)->29093K(29376K) NonClass: 25989K(26112K)->25989K(26112K) Class: 3103K(3264K)->3103K(3264K)
[4131.722s][info][gc             ] GC(1015) Pause Young (Allocation Failure) 3849M->1558M(7267M) 92.085ms
[4131.722s][info][gc,cpu         ] GC(1015) User=0.54s Sys=0.00s Real=0.09s
..[4134.119s][info][gc,start       ] GC(1016) Pause Young (Allocation Failure)
[4134.216s][info][gc,heap        ] GC(1016) PSYoungGen: 2575872K(2610176K)->160516K(2583552K) Eden: 2422784K(2422784K)->0K(2422784K) From: 153088K(187392K)->160516K(160768K)
[4134.216s][info][gc,heap        ] GC(1016) ParOldGen: 1442717K(4831232K)->1549221K(4831232K)
[4134.216s][info][gc,metaspace   ] GC(1016) Metaspace: 29093K(29376K)->29093K(29376K) NonClass: 25989K(26112K)->25989K(26112K) Class: 3103K(3264K)->3103K(3264K)
[4134.216s][info][gc             ] GC(1016) Pause Young (Allocation Failure) 3924M->1669M(7241M) 97.275ms
[4134.216s][info][gc,cpu         ] GC(1016) User=0.58s Sys=0.00s Real=0.10s
...[4136.659s][info][gc,start       ] GC(1017) Pause Young (Allocation Failure)
[4136.751s][info][gc,heap        ] GC(1017) PSYoungGen: 2583300K(2583552K)->154976K(2608128K) Eden: 2422784K(2422784K)->0K(2424320K) From: 160516K(160768K)->154976K(183808K)
[4136.751s][info][gc,heap        ] GC(1017) ParOldGen: 1549221K(4831232K)->1653029K(4831232K)
[4136.751s][info][gc,metaspace   ] GC(1017) Metaspace: 29093K(29376K)->29093K(29376K) NonClass: 25989K(26112K)->25989K(26112K) Class: 3103K(3264K)->3103K(3264K)
[4136.751s][info][gc             ] GC(1017) Pause Young (Allocation Failure) 4035M->1765M(7265M) 92.279ms
[4136.751s][info][gc,cpu         ] GC(1017) User=0.55s Sys=0.00s Real=0.09s
..[4139.130s][info][gc,start       ] GC(1018) Pause Young (Allocation Failure)
[4139.223s][info][gc,heap        ] GC(1018) PSYoungGen: 2579296K(2608128K)->154016K(2606592K) Eden: 2424320K(2424320K)->0K(2424320K) From: 154976K(183808K)->154016K(182272K)
[4139.223s][info][gc,heap        ] GC(1018) ParOldGen: 1653029K(4831232K)->1758237K(4831232K)
[4139.223s][info][gc,metaspace   ] GC(1018) Metaspace: 29093K(29376K)->29093K(29376K) NonClass: 25989K(26112K)->25989K(26112K) Class: 3103K(3264K)->3103K(3264K)
[4139.223s][info][gc             ] GC(1018) Pause Young (Allocation Failure) 4133M->1867M(7263M) 92.496ms
[4139.223s][info][gc,cpu         ] GC(1018) User=0.54s Sys=0.00s Real=0.09s
...[4141.655s][info][gc,start       ] GC(1019) Pause Young (Allocation Failure)
[4141.747s][info][gc,heap        ] GC(1019) PSYoungGen: 2578336K(2606592K)->152256K(2611712K) Eden: 2424320K(2424320K)->0K(2430976K) From: 154016K(182272K)->152256K(180736K)
[4141.747s][info][gc,heap        ] GC(1019) ParOldGen: 1758237K(4831232K)->1860533K(4831232K)
[4141.747s][info][gc,metaspace   ] GC(1019) Metaspace: 29093K(29376K)->29093K(29376K) NonClass: 25989K(26112K)->25989K(26112K) Class: 3103K(3264K)->3103K(3264K)
[4141.747s][info][gc             ] GC(1019) Pause Young (Allocation Failure) 4234M->1965M(7268M) 92.515ms
[4141.747s][info][gc,cpu         ] GC(1019) User=0.54s Sys=0.00s Real=0.09s
..[4144.138s][info][gc,start       ] GC(1020) Pause Young (Allocation Failure)
[4144.232s][info][gc,heap        ] GC(1020) PSYoungGen: 2583232K(2611712K)->157536K(2610688K) Eden: 2430976K(2430976K)->0K(2430976K) From: 152256K(180736K)->157536K(179712K)
[4144.232s][info][gc,heap        ] GC(1020) ParOldGen: 1860533K(4831232K)->1965765K(4831232K)
[4144.232s][info][gc,metaspace   ] GC(1020) Metaspace: 29093K(29376K)->29093K(29376K) NonClass: 25989K(26112K)->25989K(26112K) Class: 3103K(3264K)->3103K(3264K)
[4144.232s][info][gc             ] GC(1020) Pause Young (Allocation Failure) 4339M->2073M(7267M) 94.433ms
[4144.233s][info][gc,cpu         ] GC(1020) User=0.56s Sys=0.00s Real=0.09s
...[4146.671s][info][gc,start       ] GC(1021) Pause Young (Allocation Failure)
[4146.762s][info][gc,heap        ] GC(1021) PSYoungGen: 2588512K(2610688K)->150912K(2614272K) Eden: 2430976K(2430976K)->0K(2436608K) From: 157536K(179712K)->150912K(177664K)
[4146.762s][info][gc,heap        ] GC(1021) ParOldGen: 1965765K(4831232K)->2067621K(4831232K)
[4146.762s][info][gc,metaspace   ] GC(1021) Metaspace: 29093K(29376K)->29093K(29376K) NonClass: 25989K(26112K)->25989K(26112K) Class: 3103K(3264K)->3103K(3264K)
[4146.762s][info][gc             ] GC(1021) Pause Young (Allocation Failure) 4447M->2166M(7271M) 91.131ms
[4146.762s][info][gc,cpu         ] GC(1021) User=0.53s Sys=0.00s Real=0.09s
..[4149.157s][info][gc,start       ] GC(1022) Pause Young (Allocation Failure)
[4149.252s][info][gc,heap        ] GC(1022) PSYoungGen: 2587520K(2614272K)->157568K(2613248K) Eden: 2436608K(2436608K)->0K(2436608K) From: 150912K(177664K)->157568K(176640K)
[4149.252s][info][gc,heap        ] GC(1022) ParOldGen: 2067621K(4831232K)->2172477K(4831232K)
[4149.252s][info][gc,metaspace   ] GC(1022) Metaspace: 29093K(29376K)->29093K(29376K) NonClass: 25989K(26112K)->25989K(26112K) Class: 3103K(3264K)->3103K(3264K)
[4149.252s][info][gc             ] GC(1022) Pause Young (Allocation Failure) 4546M->2275M(7270M) 95.429ms
[4149.252s][info][gc,cpu         ] GC(1022) User=0.57s Sys=0.00s Real=0.09s
...[4151.759s][info][gc,start       ] GC(1023) Pause Young (Allocation Failure)
[4151.857s][info][gc,heap        ] GC(1023) PSYoungGen: 2594176K(2613248K)->164357K(2615808K) Eden: 2436608K(2436608K)->0K(2440704K) From: 157568K(176640K)->164357K(175104K)
[4151.857s][info][gc,heap        ] GC(1023) ParOldGen: 2172477K(4831232K)->2274949K(4831232K)
[4151.857s][info][gc,metaspace   ] GC(1023) Metaspace: 29096K(29376K)->29096K(29376K) NonClass: 25992K(26112K)->25992K(26112K) Class: 3103K(3264K)->3103K(3264K)
[4151.857s][info][gc             ] GC(1023) Pause Young (Allocation Failure) 4654M->2382M(7272M) 97.969ms
[4151.857s][info][gc,cpu         ] GC(1023) User=0.58s Sys=0.00s Real=0.10s
..[4154.245s][info][gc,start       ] GC(1024) Pause Young (Allocation Failure)
[4154.340s][info][gc,heap        ] GC(1024) PSYoungGen: 2605061K(2615808K)->156304K(2616832K) Eden: 2440704K(2440704K)->0K(2440704K) From: 164357K(175104K)->156304K(176128K)
[4154.340s][info][gc,heap        ] GC(1024) ParOldGen: 2274949K(4831232K)->2382725K(4831232K)
[4154.340s][info][gc,metaspace   ] GC(1024) Metaspace: 29096K(29376K)->29096K(29376K) NonClass: 25992K(26112K)->25992K(26112K) Class: 3103K(3264K)->3103K(3264K)
[4154.340s][info][gc             ] GC(1024) Pause Young (Allocation Failure) 4765M->2479M(7273M) 94.883ms
[4154.340s][info][gc,cpu         ] GC(1024) User=0.57s Sys=0.00s Real=0.09s
...[4156.723s][info][gc,start       ] GC(1025) Pause Young (Allocation Failure)
[4156.814s][info][gc,heap        ] GC(1025) PSYoungGen: 2597008K(2616832K)->149216K(2619392K) Eden: 2440704K(2440704K)->0K(2445312K) From: 156304K(176128K)->149216K(174080K)
[4156.814s][info][gc,heap        ] GC(1025) ParOldGen: 2382725K(4831232K)->2486789K(4831232K)
[4156.814s][info][gc,metaspace   ] GC(1025) Metaspace: 29096K(29376K)->29096K(29376K) NonClass: 25992K(26112K)->25992K(26112K) Class: 3103K(3264K)->3103K(3264K)
[4156.814s][info][gc             ] GC(1025) Pause Young (Allocation Failure) 4863M->2574M(7276M) 91.060ms
[4156.814s][info][gc,cpu         ] GC(1025) User=0.54s Sys=0.00s Real=0.10s
..[4159.343s][info][gc,start       ] GC(1026) Pause Young (Allocation Failure)
[4159.437s][info][gc,heap        ] GC(1026) PSYoungGen: 2594528K(2619392K)->157264K(2619392K) Eden: 2445312K(2445312K)->0K(2445312K) From: 149216K(174080K)->157264K(174080K)
[4159.437s][info][gc,heap        ] GC(1026) ParOldGen: 2486789K(4831232K)->2588781K(4831232K)
[4159.437s][info][gc,metaspace   ] GC(1026) Metaspace: 29096K(29376K)->29096K(29376K) NonClass: 25992K(26112K)->25992K(26112K) Class: 3103K(3264K)->3103K(3264K)
[4159.437s][info][gc             ] GC(1026) Pause Young (Allocation Failure) 4962M->2681M(7276M) 94.271ms
[4159.437s][info][gc,cpu         ] GC(1026) User=0.56s Sys=0.00s Real=0.10s
...[4161.886s][info][gc,start       ] GC(1027) Pause Young (Allocation Failure)
[4161.978s][info][gc,heap        ] GC(1027) PSYoungGen: 2602576K(2619392K)->154784K(2620928K) Eden: 2445312K(2445312K)->0K(2448896K) From: 157264K(174080K)->154784K(172032K)
[4161.978s][info][gc,heap        ] GC(1027) ParOldGen: 2588781K(4831232K)->2695437K(4831232K)
[4161.978s][info][gc,metaspace   ] GC(1027) Metaspace: 29096K(29376K)->29096K(29376K) NonClass: 25992K(26112K)->25992K(26112K) Class: 3103K(3264K)->3103K(3264K)
[4161.978s][info][gc             ] GC(1027) Pause Young (Allocation Failure) 5069M->2783M(7277M) 92.675ms
[4161.978s][info][gc,cpu         ] GC(1027) User=0.54s Sys=0.00s Real=0.09s
..[4164.327s][info][gc,start       ] GC(1028) Pause Young (Allocation Failure)
[4164.423s][info][gc,heap        ] GC(1028) PSYoungGen: 2603680K(2620928K)->153846K(2620416K) Eden: 2448896K(2448896K)->0K(2448896K) From: 154784K(172032K)->153846K(171520K)
[4164.423s][info][gc,heap        ] GC(1028) ParOldGen: 2695437K(4831232K)->2802237K(4831232K)
[4164.423s][info][gc,metaspace   ] GC(1028) Metaspace: 29096K(29376K)->29096K(29376K) NonClass: 25992K(26112K)->25992K(26112K) Class: 3103K(3264K)->3103K(3264K)
[4164.423s][info][gc             ] GC(1028) Pause Young (Allocation Failure) 5174M->2886M(7277M) 96.098ms
[4164.423s][info][gc,cpu         ] GC(1028) User=0.57s Sys=0.01s Real=0.09s
... (rIR:aIR:PR = 6780:6792:6792) (tPR = 100961) [OK] 
  4166s: Performance info:
         Transaction,    Success,    Partial,     Failed,   Receipts, AvgBarcode, 
             Overall,     412995,          0,          0,     392337,      59.47, 
         Response times:
             Request,    Success,    Partial,     Failed,   SkipFail,     Probes,    Samples,      min,      p50,      p90,      p95,      p99,      max, 
       TotalPurchase,     392335,          0,          0,          0,     360416,     402423,      300,     5000,    11200,    30000,    58000,   148000,
     InStorePurchase,     206871,          0,          0,          0,     189457,     211536,      300,     5100,    11200,    30000,    58000,   144000,
      OnlinePurchase,     144266,          0,          0,          0,     132703,     147774,      300,     4900,    11200,    30000,    58000,   148000,
        InstPurchase,      41198,          0,          0,          0,      38256,      43113,      400,     5000,    10900,    30000,    58000,   144000,
          AssocOfCat,        416,          0,          0,          0,        338,        458,    21000,    34000,    54000,    81050,   135820,   178000,
      AssocOfProduct,       4127,          0,          0,          0,       3824,       4477,      500,     5300,    10700,    30000,    66000,   137000,
      BusinessReport,       1031,          0,          0,          0,        893,       1126,    28000,    41000,    83000,   106000,   156460,   960000,
          CustBuyBeh,       4135,          0,          0,          0,       3811,       4443,      200,     5100,    11700,    32000,    59000,   121000,
       ProductReturn,      10945,          0,          0,          0,      10339,      11847,      200,     3300,     9500,    24000,    48000,   137000,

  4166s: (50%)   IR =   6918 [4166.940s][info][gc,start       ] GC(1029) Pause Young (Allocation Failure)
[4167.035s][info][gc,heap        ] GC(1029) PSYoungGen: 2602742K(2620416K)->163285K(2621952K) Eden: 2448896K(2448896K)->0K(2451456K) From: 153846K(171520K)->163285K(170496K)
[4167.035s][info][gc,heap        ] GC(1029) ParOldGen: 2802237K(4831232K)->2902877K(4831232K)
[4167.035s][info][gc,metaspace   ] GC(1029) Metaspace: 29096K(29376K)->29096K(29376K) NonClass: 25992K(26112K)->25992K(26112K) Class: 3103K(3264K)->3103K(3264K)
[4167.035s][info][gc             ] GC(1029) Pause Young (Allocation Failure) 5278M->2994M(7278M) 95.536ms
[4167.035s][info][gc,cpu         ] GC(1029) User=0.56s Sys=0.00s Real=0.10s
..[4169.455s][info][gc,start       ] GC(1030) Pause Young (Allocation Failure)
[4169.549s][info][gc,heap        ] GC(1030) PSYoungGen: 2614741K(2621952K)->150912K(2622976K) Eden: 2451456K(2451456K)->0K(2451456K) From: 163285K(170496K)->150912K(171520K)
[4169.549s][info][gc,heap        ] GC(1030) ParOldGen: 2902877K(4831232K)->3009213K(4831232K)
[4169.549s][info][gc,metaspace   ] GC(1030) Metaspace: 29096K(29376K)->29096K(29376K) NonClass: 25992K(26112K)->25992K(26112K) Class: 3103K(3264K)->3103K(3264K)
[4169.549s][info][gc             ] GC(1030) Pause Young (Allocation Failure) 5388M->3086M(7279M) 93.641ms
[4169.549s][info][gc,cpu         ] GC(1030) User=0.55s Sys=0.00s Real=0.09s
..|.[4171.942s][info][gc,start       ] GC(1031) Pause Young (Allocation Failure)
[4172.048s][info][gc,heap        ] GC(1031) PSYoungGen: 2602368K(2622976K)->169066K(2618368K) Eden: 2451456K(2451456K)->0K(2446848K) From: 150912K(171520K)->169066K(171520K)
[4172.048s][info][gc,heap        ] GC(1031) ParOldGen: 3009213K(4831232K)->3114613K(4831232K)
[4172.048s][info][gc,metaspace   ] GC(1031) Metaspace: 29096K(29376K)->29096K(29376K) NonClass: 25992K(26112K)->25992K(26112K) Class: 3103K(3264K)->3103K(3264K)
[4172.048s][info][gc             ] GC(1031) Pause Young (Allocation Failure) 5480M->3206M(7275M) 105.380ms
[4172.048s][info][gc,cpu         ] GC(1031) User=0.60s Sys=0.02s Real=0.11s
..[4174.399s][info][gc,start       ] GC(1032) Pause Young (Allocation Failure)
[4174.492s][info][gc,heap        ] GC(1032) PSYoungGen: 2615914K(2618368K)->148896K(2621440K) Eden: 2446848K(2446848K)->0K(2446848K) From: 169066K(171520K)->148896K(174592K)
[4174.492s][info][gc,heap        ] GC(1032) ParOldGen: 3114613K(4831232K)->3218693K(4831232K)
[4174.492s][info][gc,metaspace   ] GC(1032) Metaspace: 29096K(29376K)->29096K(29376K) NonClass: 25992K(26112K)->25992K(26112K) Class: 3103K(3264K)->3103K(3264K)
[4174.492s][info][gc             ] GC(1032) Pause Young (Allocation Failure) 5596M->3288M(7278M) 93.416ms
[4174.492s][info][gc,cpu         ] GC(1032) User=0.55s Sys=0.00s Real=0.09s
...[4176.936s][info][gc,start       ] GC(1033) Pause Young (Allocation Failure)
[4177.030s][info][gc,heap        ] GC(1033) PSYoungGen: 2595744K(2621440K)->157088K(2617344K) Eden: 2446848K(2446848K)->0K(2446848K) From: 148896K(174592K)->157088K(170496K)
[4177.030s][info][gc,heap        ] GC(1033) ParOldGen: 3218693K(4831232K)->3321941K(4831232K)
[4177.030s][info][gc,metaspace   ] GC(1033) Metaspace: 29096K(29376K)->29096K(29376K) NonClass: 25992K(26112K)->25992K(26112K) Class: 3103K(3264K)->3103K(3264K)
[4177.030s][info][gc             ] GC(1033) Pause Young (Allocation Failure) 5678M->3397M(7274M) 93.479ms
[4177.030s][info][gc,cpu         ] GC(1033) User=0.56s Sys=0.00s Real=0.09s
..[4179.401s][info][gc,start       ] GC(1034) Pause Young (Allocation Failure)
[4179.497s][info][gc,heap        ] GC(1034) PSYoungGen: 2603936K(2617344K)->155296K(2619392K) Eden: 2446848K(2446848K)->0K(2446848K) From: 157088K(170496K)->155296K(172544K)
[4179.497s][info][gc,heap        ] GC(1034) ParOldGen: 3321941K(4831232K)->3428613K(4831232K)
[4179.497s][info][gc,metaspace   ] GC(1034) Metaspace: 29096K(29376K)->29096K(29376K) NonClass: 25992K(26112K)->25992K(26112K) Class: 3103K(3264K)->3103K(3264K)
[4179.497s][info][gc             ] GC(1034) Pause Young (Allocation Failure) 5786M->3499M(7276M) 95.930ms
[4179.497s][info][gc,cpu         ] GC(1034) User=0.57s Sys=0.00s Real=0.10s
...[4181.865s][info][gc,start       ] GC(1035) Pause Young (Allocation Failure)
[4181.961s][info][gc,heap        ] GC(1035) PSYoungGen: 2602144K(2619392K)->158437K(2620416K) Eden: 2446848K(2446848K)->0K(2451968K) From: 155296K(172544K)->158437K(168448K)
[4181.961s][info][gc,heap        ] GC(1035) ParOldGen: 3428613K(4831232K)->3531853K(4831232K)
[4181.961s][info][gc,metaspace   ] GC(1035) Metaspace: 29096K(29376K)->29096K(29376K) NonClass: 25992K(26112K)->25992K(26112K) Class: 3103K(3264K)->3103K(3264K)
[4181.961s][info][gc             ] GC(1035) Pause Young (Allocation Failure) 5889M->3603M(7277M) 96.432ms
[4181.961s][info][gc,cpu         ] GC(1035) User=0.56s Sys=0.00s Real=0.09s
..[4184.426s][info][gc,start       ] GC(1036) Pause Young (Allocation Failure)
[4184.519s][info][gc,heap        ] GC(1036) PSYoungGen: 2610405K(2620416K)->155824K(2622464K) Eden: 2451968K(2451968K)->0K(2451968K) From: 158437K(168448K)->155824K(170496K)
[4184.519s][info][gc,heap        ] GC(1036) ParOldGen: 3531853K(4831232K)->3633525K(4831232K)
[4184.519s][info][gc,metaspace   ] GC(1036) Metaspace: 29096K(29376K)->29096K(29376K) NonClass: 25992K(26112K)->25992K(26112K) Class: 3103K(3264K)->3103K(3264K)
[4184.519s][info][gc             ] GC(1036) Pause Young (Allocation Failure) 5998M->3700M(7279M) 93.723ms
[4184.519s][info][gc,cpu         ] GC(1036) User=0.54s Sys=0.00s Real=0.09s
...[4186.913s][info][gc,start       ] GC(1037) Pause Young (Allocation Failure)
[4187.013s][info][gc,heap        ] GC(1037) PSYoungGen: 2607792K(2622464K)->163552K(2624512K) Eden: 2451968K(2451968K)->0K(2455040K) From: 155824K(170496K)->163552K(169472K)
[4187.014s][info][gc,heap        ] GC(1037) ParOldGen: 3633525K(4831232K)->3742173K(4831232K)
[4187.014s][info][gc,metaspace   ] GC(1037) Metaspace: 29096K(29376K)->29096K(29376K) NonClass: 25992K(26112K)->25992K(26112K) Class: 3103K(3264K)->3103K(3264K)
[4187.014s][info][gc             ] GC(1037) Pause Young (Allocation Failure) 6095M->3814M(7281M) 100.167ms
[4187.014s][info][gc,cpu         ] GC(1037) User=0.59s Sys=0.00s Real=0.10s
..[4189.417s][info][gc,start       ] GC(1038) Pause Young (Allocation Failure)
[4189.513s][info][gc,heap        ] GC(1038) PSYoungGen: 2618592K(2624512K)->153664K(2625536K) Eden: 2455040K(2455040K)->0K(2455040K) From: 163552K(169472K)->153664K(170496K)
[4189.513s][info][gc,heap        ] GC(1038) ParOldGen: 3742173K(4831232K)->3846373K(4831232K)
[4189.513s][info][gc,metaspace   ] GC(1038) Metaspace: 29096K(29376K)->29096K(29376K) NonClass: 25992K(26112K)->25992K(26112K) Class: 3103K(3264K)->3103K(3264K)
[4189.513s][info][gc             ] GC(1038) Pause Young (Allocation Failure) 6211M->3906M(7282M) 96.533ms
[4189.513s][info][gc,cpu         ] GC(1038) User=0.56s Sys=0.00s Real=0.09s
...[4191.921s][info][gc,start       ] GC(1039) Pause Young (Allocation Failure)
[4192.015s][info][gc,heap        ] GC(1039) PSYoungGen: 2608704K(2625536K)->155072K(2622976K) Eden: 2455040K(2455040K)->0K(2455552K) From: 153664K(170496K)->155072K(167424K)
[4192.015s][info][gc,heap        ] GC(1039) ParOldGen: 3846373K(4831232K)->3951541K(4831232K)
[4192.015s][info][gc,metaspace   ] GC(1039) Metaspace: 29096K(29376K)->29096K(29376K) NonClass: 25992K(26112K)->25992K(26112K) Class: 3103K(3264K)->3103K(3264K)
[4192.015s][info][gc             ] GC(1039) Pause Young (Allocation Failure) 6303M->4010M(7279M) 93.608ms
[4192.015s][info][gc,cpu         ] GC(1039) User=0.55s Sys=0.00s Real=0.10s
..[4194.444s][info][gc,start       ] GC(1040) Pause Young (Allocation Failure)
[4194.543s][info][gc,heap        ] GC(1040) PSYoungGen: 2610624K(2622976K)->159216K(2624512K) Eden: 2455552K(2455552K)->0K(2455552K) From: 155072K(167424K)->159216K(168960K)
[4194.543s][info][gc,heap        ] GC(1040) ParOldGen: 3951541K(4831232K)->4054373K(4831232K)
[4194.543s][info][gc,metaspace   ] GC(1040) Metaspace: 29096K(29376K)->29096K(29376K) NonClass: 25992K(26112K)->25992K(26112K) Class: 3103K(3264K)->3103K(3264K)
[4194.543s][info][gc             ] GC(1040) Pause Young (Allocation Failure) 6408M->4114M(7281M) 98.426ms
[4194.543s][info][gc,cpu         ] GC(1040) User=0.57s Sys=0.00s Real=0.09s
...[4196.913s][info][gc,start       ] GC(1041) Pause Young (Allocation Failure)
[4197.015s][info][gc,heap        ] GC(1041) PSYoungGen: 2614768K(2624512K)->164144K(2624000K) Eden: 2455552K(2455552K)->0K(2455040K) From: 159216K(168960K)->164144K(168960K)
[4197.015s][info][gc,heap        ] GC(1041) ParOldGen: 4054373K(4831232K)->4162093K(4831232K)
[4197.015s][info][gc,metaspace   ] GC(1041) Metaspace: 29096K(29376K)->29096K(29376K) NonClass: 25992K(26112K)->25992K(26112K) Class: 3103K(3264K)->3103K(3264K)
[4197.015s][info][gc             ] GC(1041) Pause Young (Allocation Failure) 6512M->4224M(7280M) 101.905ms
[4197.015s][info][gc,cpu         ] GC(1041) User=0.60s Sys=0.00s Real=0.11s
..[4199.339s][info][gc,start       ] GC(1042) Pause Young (Allocation Failure)
[4199.430s][info][gc,heap        ] GC(1042) PSYoungGen: 2619184K(2624000K)->147648K(2603008K) Eden: 2455040K(2455040K)->0K(2455040K) From: 164144K(168960K)->147648K(147968K)
[4199.430s][info][gc,heap        ] GC(1042) ParOldGen: 4162093K(4831232K)->4265765K(4831232K)
[4199.430s][info][gc,metaspace   ] GC(1042) Metaspace: 29096K(29376K)->29096K(29376K) NonClass: 25992K(26112K)->25992K(26112K) Class: 3103K(3264K)->3103K(3264K)
[4199.430s][info][gc             ] GC(1042) Pause Young (Allocation Failure) 6622M->4309M(7260M) 91.243ms
[4199.430s][info][gc,cpu         ] GC(1042) User=0.54s Sys=0.00s Real=0.09s
...[4201.886s][info][gc,start       ] GC(1043) Pause Young (Allocation Failure)
[4201.981s][info][gc,heap        ] GC(1043) PSYoungGen: 2602688K(2603008K)->155072K(2626560K) Eden: 2455040K(2455040K)->0K(2455552K) From: 147648K(147968K)->155072K(171008K)
[4201.981s][info][gc,heap        ] GC(1043) ParOldGen: 4265765K(4831232K)->4369893K(4831232K)
[4201.981s][info][gc,metaspace   ] GC(1043) Metaspace: 29096K(29376K)->29096K(29376K) NonClass: 25992K(26112K)->25992K(26112K) Class: 3103K(3264K)->3103K(3264K)
[4201.981s][info][gc             ] GC(1043) Pause Young (Allocation Failure) 6707M->4418M(7283M) 94.477ms
[4201.981s][info][gc,cpu         ] GC(1043) User=0.54s Sys=0.01s Real=0.09s
..[4204.363s][info][gc,start       ] GC(1044) Pause Young (Allocation Failure)
[4204.457s][info][gc,heap        ] GC(1044) PSYoungGen: 2610624K(2626560K)->151104K(2625024K) Eden: 2455552K(2455552K)->0K(2455552K) From: 155072K(171008K)->151104K(169472K)
[4204.457s][info][gc,heap        ] GC(1044) ParOldGen: 4369893K(4831232K)->4474373K(4831232K)
[4204.457s][info][gc,metaspace   ] GC(1044) Metaspace: 29096K(29376K)->29096K(29376K) NonClass: 25992K(26112K)->25992K(26112K) Class: 3103K(3264K)->3103K(3264K)
[4204.457s][info][gc             ] GC(1044) Pause Young (Allocation Failure) 6816M->4517M(7281M) 94.535ms
[4204.457s][info][gc,cpu         ] GC(1044) User=0.56s Sys=0.00s Real=0.10s
...[4206.872s][info][gc,start       ] GC(1045) Pause Young (Allocation Failure)
[4206.971s][info][gc,heap        ] GC(1045) PSYoungGen: 2606656K(2625024K)->158208K(2625536K) Eden: 2455552K(2455552K)->0K(2456064K) From: 151104K(169472K)->158208K(169472K)
[4206.971s][info][gc,heap        ] GC(1045) ParOldGen: 4474373K(4831232K)->4579365K(4831232K)
[4206.971s][info][gc,metaspace   ] GC(1045) Metaspace: 29096K(29376K)->29096K(29376K) NonClass: 25992K(26112K)->25992K(26112K) Class: 3103K(3264K)->3103K(3264K)
[4206.971s][info][gc             ] GC(1045) Pause Young (Allocation Failure) 6915M->4626M(7282M) 98.672ms
[4206.971s][info][gc,cpu         ] GC(1045) User=0.58s Sys=0.00s Real=0.10s
..[4209.415s][info][gc,start       ] GC(1046) Pause Young (Allocation Failure)
[4209.511s][info][gc,heap        ] GC(1046) PSYoungGen: 2614272K(2625536K)->154272K(2625024K) Eden: 2456064K(2456064K)->0K(2456064K) From: 158208K(169472K)->154272K(168960K)
[4209.511s][info][gc,heap        ] GC(1046) ParOldGen: 4579365K(4831232K)->4682493K(4831232K)
[4209.511s][info][gc,metaspace   ] GC(1046) Metaspace: 29096K(29376K)->29096K(29376K) NonClass: 25992K(26112K)->25992K(26112K) Class: 3103K(3264K)->3103K(3264K)
[4209.511s][info][gc             ] GC(1046) Pause Young (Allocation Failure) 7025M->4723M(7281M) 96.047ms
[4209.511s][info][gc,cpu         ] GC(1046) User=0.56s Sys=0.00s Real=0.09s
...[4211.833s][info][gc,start       ] GC(1047) Pause Young (Allocation Failure)
[4211.930s][info][gc,heap        ] GC(1047) PSYoungGen: 2610336K(2625024K)->154016K(2626048K) Eden: 2456064K(2456064K)->0K(2458624K) From: 154272K(168960K)->154016K(167424K)
[4211.930s][info][gc,heap        ] GC(1047) ParOldGen: 4682493K(4831232K)->4790629K(4831232K)
[4211.930s][info][gc,metaspace   ] GC(1047) Metaspace: 29096K(29376K)->29096K(29376K) NonClass: 25992K(26112K)->25992K(26112K) Class: 3103K(3264K)->3103K(3264K)
[4211.930s][info][gc             ] GC(1047) Pause Young (Allocation Failure) 7121M->4828M(7282M) 97.265ms
[4211.930s][info][gc,cpu         ] GC(1047) User=0.57s Sys=0.00s Real=0.10s
..[4214.366s][info][gc,start       ] GC(1048) Pause Young (Allocation Failure)
[4214.462s][info][gc,heap        ] GC(1048) PSYoungGen: 2612640K(2626048K)->151136K(2625536K) Eden: 2458624K(2458624K)->0K(2458624K) From: 154016K(167424K)->151136K(166912K)
[4214.462s][info][gc,heap        ] GC(1048) ParOldGen: 4790629K(4831232K)->4893757K(4894208K)
[4214.462s][info][gc,metaspace   ] GC(1048) Metaspace: 29096K(29376K)->29096K(29376K) NonClass: 25992K(26112K)->25992K(26112K) Class: 3103K(3264K)->3103K(3264K)
[4214.462s][info][gc             ] GC(1048) Pause Young (Allocation Failure) 7229M->4926M(7343M) 96.140ms
[4214.462s][info][gc,cpu         ] GC(1048) User=0.54s Sys=0.02s Real=0.09s
...[4216.857s][info][gc,start       ] GC(1049) Pause Young (Allocation Failure)
[4216.959s][info][gc,heap        ] GC(1049) PSYoungGen: 2609760K(2625536K)->155968K(2627584K) Eden: 2458624K(2458624K)->0K(2462208K) From: 151136K(166912K)->155968K(165376K)
[4216.959s][info][gc,heap        ] GC(1049) ParOldGen: 4893757K(4894208K)->4999757K(5000192K)
[4216.959s][info][gc,metaspace   ] GC(1049) Metaspace: 29096K(29376K)->29096K(29376K) NonClass: 25992K(26112K)->25992K(26112K) Class: 3103K(3264K)->3103K(3264K)
[4216.959s][info][gc             ] GC(1049) Pause Young (Allocation Failure) 7327M->5034M(7449M) 102.323ms
[4216.959s][info][gc,cpu         ] GC(1049) User=0.57s Sys=0.04s Real=0.10s
..[4219.357s][info][gc,start       ] GC(1050) Pause Young (Allocation Failure)
[4219.458s][info][gc,heap        ] GC(1050) PSYoungGen: 2618176K(2627584K)->149088K(2628096K) Eden: 2462208K(2462208K)->0K(2462208K) From: 155968K(165376K)->149088K(165888K)
[4219.458s][info][gc,heap        ] GC(1050) ParOldGen: 4999757K(5000192K)->5106365K(5106688K)
[4219.458s][info][gc,metaspace   ] GC(1050) Metaspace: 29096K(29376K)->29096K(29376K) NonClass: 25992K(26112K)->25992K(26112K) Class: 3103K(3264K)->3103K(3264K)
[4219.458s][info][gc             ] GC(1050) Pause Young (Allocation Failure) 7439M->5132M(7553M) 100.683ms
[4219.458s][info][gc,cpu         ] GC(1050) User=0.55s Sys=0.04s Real=0.10s
...[4221.896s][info][gc,start       ] GC(1051) Pause Young (Allocation Failure)
[4221.998s][info][gc,heap        ] GC(1051) PSYoungGen: 2611296K(2628096K)->161250K(2627072K) Eden: 2462208K(2462208K)->0K(2461184K) From: 149088K(165888K)->161250K(165888K)
[4221.998s][info][gc,heap        ] GC(1051) ParOldGen: 5106365K(5106688K)->5210133K(5210624K)
[4221.998s][info][gc,metaspace   ] GC(1051) Metaspace: 29096K(29376K)->29096K(29376K) NonClass: 25992K(26112K)->25992K(26112K) Class: 3103K(3264K)->3103K(3264K)
[4221.998s][info][gc             ] GC(1051) Pause Young (Allocation Failure) 7536M->5245M(7654M) 101.780ms
[4221.998s][info][gc,cpu         ] GC(1051) User=0.57s Sys=0.03s Real=0.10s
..[4224.313s][info][gc,start       ] GC(1052) Pause Young (Allocation Failure)
[4224.414s][info][gc,heap        ] GC(1052) PSYoungGen: 2622434K(2627072K)->151573K(2628608K) Eden: 2461184K(2461184K)->0K(2461184K) From: 161250K(165888K)->151573K(167424K)
[4224.414s][info][gc,heap        ] GC(1052) ParOldGen: 5210133K(5210624K)->5315781K(5316096K)
[4224.414s][info][gc,metaspace   ] GC(1052) Metaspace: 29096K(29376K)->29096K(29376K) NonClass: 25992K(26112K)->25992K(26112K) Class: 3103K(3264K)->3103K(3264K)
[4224.414s][info][gc             ] GC(1052) Pause Young (Allocation Failure) 7648M->5339M(7758M) 100.868ms
[4224.414s][info][gc,cpu         ] GC(1052) User=0.57s Sys=0.02s Real=0.11s
...[4226.867s][info][gc,start       ] GC(1053) Pause Young (Allocation Failure)
[4226.967s][info][gc,heap        ] GC(1053) PSYoungGen: 2612757K(2628608K)->157120K(2627072K) Eden: 2461184K(2461184K)->0K(2461696K) From: 151573K(167424K)->157120K(165376K)
[4226.967s][info][gc,heap        ] GC(1053) ParOldGen: 5315781K(5316096K)->5416533K(5416960K)
[4226.967s][info][gc,metaspace   ] GC(1053) Metaspace: 29096K(29376K)->29096K(29376K) NonClass: 25992K(26112K)->25992K(26112K) Class: 3103K(3264K)->3103K(3264K)
[4226.967s][info][gc             ] GC(1053) Pause Young (Allocation Failure) 7742M->5443M(7855M) 99.532ms
[4226.967s][info][gc,cpu         ] GC(1053) User=0.54s Sys=0.04s Real=0.10s
..[4229.427s][info][gc,start       ] GC(1054) Pause Young (Allocation Failure)
[4229.528s][info][gc,heap        ] GC(1054) PSYoungGen: 2618816K(2627072K)->154432K(2628096K) Eden: 2461696K(2461696K)->0K(2461696K) From: 157120K(165376K)->154432K(166400K)
[4229.528s][info][gc,heap        ] GC(1054) ParOldGen: 5416533K(5416960K)->5522045K(5522432K)
[4229.528s][info][gc,metaspace   ] GC(1054) Metaspace: 29096K(29376K)->29096K(29376K) NonClass: 25992K(26112K)->25992K(26112K) Class: 3103K(3264K)->3103K(3264K)
[4229.528s][info][gc             ] GC(1054) Pause Young (Allocation Failure) 7847M->5543M(7959M) 100.148ms
[4229.528s][info][gc,cpu         ] GC(1054) User=0.56s Sys=0.03s Real=0.10s
.. (rIR:aIR:PR = 6918:6923:6923) (tPR = 103114) [OK] 
  4230s: Performance info:
         Transaction,    Success,    Partial,     Failed,   Receipts, AvgBarcode, 
             Overall,     416300,          0,          0,     395479,      59.48, 
         Response times:
             Request,    Success,    Partial,     Failed,   SkipFail,     Probes,    Samples,      min,      p50,      p90,      p95,      p99,      max, 
       TotalPurchase,     395465,          0,          0,          0,     362368,     385825,      300,     5000,     9800,    18200,    43000,   157000,
     InStorePurchase,     208060,          0,          0,          0,     191338,     203492,      300,     4900,     9700,    17800,    42000,   157000,
      OnlinePurchase,     145854,          0,          0,          0,     132712,     141103,      300,     5200,     9900,    18400,    43000,   138000,
        InstPurchase,      41551,          0,          0,          0,      38318,      41230,      400,     5300,    10000,    19600,    43000,   140000,
          AssocOfCat,        414,          0,          0,          0,        341,        444,    18700,    33000,    45000,    52000,   140300,   151000,
      AssocOfProduct,       4174,          0,          0,          0,       3930,       4429,      700,     6900,    12300,    30000,    55000,   119000,
      BusinessReport,       1044,          0,          0,          0,        935,       1156,    27000,    40000,    59000,    78000,   134000,   162000,
          CustBuyBeh,       4160,          0,          0,          0,       3874,       4326,      200,     4000,     8900,    14400,    39000,   118000,
       ProductReturn,      11040,          0,          0,          0,       9380,      10301,      200,     5200,     9900,    15500,    46000,   157000,

  4230s: (51%)   IR =   7057 .[4231.914s][info][gc,start       ] GC(1055) Pause Full (Allocation Failure)
[4231.914s][info][gc,phases,start] GC(1055) Marking Phase
[4232.233s][info][gc,phases      ] GC(1055) Marking Phase 319.400ms
[4232.233s][info][gc,phases,start] GC(1055) Summary Phase
[4232.234s][info][gc,phases      ] GC(1055) Summary Phase 0.096ms
[4232.234s][info][gc,phases,start] GC(1055) Forward
[4232.367s][info][gc,phases      ] GC(1055) Forward 133.179ms
[4232.367s][info][gc,phases,start] GC(1055) Adjust Pointers
[4232.579s][info][gc,phases      ] GC(1055) Adjust Pointers 212.071ms
[4232.579s][info][gc,phases,start] GC(1055) Compaction Phase
[4232.727s][info][gc,phases      ] GC(1055) Compaction Phase 148.172ms
[4232.728s][info][gc,phases,start] GC(1055) Post Compact
[4232.735s][info][gc,phases      ] GC(1055) Post Compact 7.036ms
[4232.867s][info][gc,heap        ] GC(1055) PSYoungGen: 2616128K(2628096K)->0K(2629632K) Eden: 2461696K(2461696K)->0K(2464256K) From: 154432K(166400K)->0K(165376K)
[4232.867s][info][gc,heap        ] GC(1055) ParOldGen: 5522045K(5522432K)->1615585K(1909248K)
[4232.867s][info][gc,metaspace   ] GC(1055) Metaspace: 29098K(29376K)->29098K(29376K) NonClass: 25994K(26112K)->25994K(26112K) Class: 3103K(3264K)->3103K(3264K)
[4232.867s][info][gc             ] GC(1055) Pause Full (Allocation Failure) 7947M->1577M(4432M) 953.025ms
[4232.867s][info][gc,cpu         ] GC(1055) User=4.40s Sys=0.13s Real=0.95s
..[4234.322s][info][gc,start       ] GC(1056) Pause Young (Allocation Failure)
[4234.384s][info][gc,heap        ] GC(1056) PSYoungGen: 2464256K(2629632K)->152288K(2629632K) Eden: 2464256K(2464256K)->0K(2464256K) From: 0K(165376K)->152288K(165376K)
[4234.384s][info][gc,heap        ] GC(1056) ParOldGen: 1615585K(1909248K)->1615585K(1909248K)
[4234.384s][info][gc,metaspace   ] GC(1056) Metaspace: 29098K(29376K)->29098K(29376K) NonClass: 25994K(26112K)->25994K(26112K) Class: 3103K(3264K)->3103K(3264K)
[4234.384s][info][gc             ] GC(1056) Pause Young (Allocation Failure) 3984M->1726M(4432M) 62.678ms
[4234.384s][info][gc,cpu         ] GC(1056) User=0.37s Sys=0.00s Real=0.07s
..|[4236.722s][info][gc,start       ] GC(1057) Pause Young (Allocation Failure)
[4236.815s][info][gc,heap        ] GC(1057) PSYoungGen: 2616544K(2629632K)->157104K(2630144K) Eden: 2464256K(2464256K)->0K(2465280K) From: 152288K(165376K)->157104K(164864K)
[4236.815s][info][gc,heap        ] GC(1057) ParOldGen: 1615585K(1909248K)->1718969K(1909248K)
[4236.815s][info][gc,metaspace   ] GC(1057) Metaspace: 29098K(29376K)->29098K(29376K) NonClass: 25994K(26112K)->25994K(26112K) Class: 3103K(3264K)->3103K(3264K)
[4236.815s][info][gc             ] GC(1057) Pause Young (Allocation Failure) 4132M->1832M(4433M) 93.736ms
[4236.815s][info][gc,cpu         ] GC(1057) User=0.55s Sys=0.00s Real=0.10s
...[4239.215s][info][gc,start       ] GC(1058) Pause Young (Allocation Failure)
[4239.305s][info][gc,heap        ] GC(1058) PSYoungGen: 2622384K(2630144K)->149248K(2630144K) Eden: 2465280K(2465280K)->0K(2465280K) From: 157104K(164864K)->149248K(164864K)
[4239.305s][info][gc,heap        ] GC(1058) ParOldGen: 1718969K(1909248K)->1822465K(1909248K)
[4239.305s][info][gc,metaspace   ] GC(1058) Metaspace: 29098K(29376K)->29098K(29376K) NonClass: 25994K(26112K)->25994K(26112K) Class: 3103K(3264K)->3103K(3264K)
[4239.305s][info][gc             ] GC(1058) Pause Young (Allocation Failure) 4239M->1925M(4433M) 90.142ms
[4239.305s][info][gc,cpu         ] GC(1058) User=0.53s Sys=0.00s Real=0.09s
..[4241.674s][info][gc,start       ] GC(1059) Pause Young (Allocation Failure)
[4241.774s][info][gc,heap        ] GC(1059) PSYoungGen: 2614528K(2630144K)->164853K(2547200K) Eden: 2465280K(2465280K)->0K(2382336K) From: 149248K(164864K)->164853K(164864K)
[4241.774s][info][gc,heap        ] GC(1059) ParOldGen: 1822465K(1909248K)->1928441K(1928704K)
[4241.774s][info][gc,metaspace   ] GC(1059) Metaspace: 29098K(29376K)->29098K(29376K) NonClass: 25994K(26112K)->25994K(26112K) Class: 3103K(3264K)->3103K(3264K)
[4241.774s][info][gc             ] GC(1059) Pause Young (Allocation Failure) 4333M->2044M(4371M) 99.566ms
[4241.774s][info][gc,cpu         ] GC(1059) User=0.57s Sys=0.02s Real=0.10s
...[4244.075s][info][gc,start       ] GC(1060) Pause Young (Allocation Failure)
[4244.173s][info][gc,heap        ] GC(1060) PSYoungGen: 2547189K(2547200K)->152672K(2589184K) Eden: 2382336K(2382336K)->0K(2382336K) From: 164853K(164864K)->152672K(206848K)
[4244.173s][info][gc,heap        ] GC(1060) ParOldGen: 1928441K(1928704K)->2034353K(2034688K)
[4244.173s][info][gc,metaspace   ] GC(1060) Metaspace: 29098K(29376K)->29098K(29376K) NonClass: 25994K(26112K)->25994K(26112K) Class: 3103K(3264K)->3103K(3264K)
[4244.173s][info][gc             ] GC(1060) Pause Young (Allocation Failure) 4370M->2135M(4515M) 97.429ms
[4244.173s][info][gc,cpu         ] GC(1060) User=0.55s Sys=0.04s Real=0.09s
..[4246.449s][info][gc,start       ] GC(1061) Pause Young (Allocation Failure)
[4246.551s][info][gc,heap        ] GC(1061) PSYoungGen: 2535008K(2589184K)->165610K(2579456K) Eden: 2382336K(2382336K)->0K(2383872K) From: 152672K(206848K)->165610K(195584K)
[4246.551s][info][gc,heap        ] GC(1061) ParOldGen: 2034353K(2034688K)->2136721K(2137088K)
[4246.551s][info][gc,metaspace   ] GC(1061) Metaspace: 29098K(29376K)->29098K(29376K) NonClass: 25994K(26112K)->25994K(26112K) Class: 3103K(3264K)->3103K(3264K)
[4246.551s][info][gc             ] GC(1061) Pause Young (Allocation Failure) 4462M->2248M(4606M) 102.039ms
[4246.551s][info][gc,cpu         ] GC(1061) User=0.58s Sys=0.02s Real=0.10s
..[4248.768s][info][gc,start       ] GC(1062) Pause Young (Allocation Failure)
[4248.864s][info][gc,heap        ] GC(1062) PSYoungGen: 2549482K(2579456K)->152064K(2585088K) Eden: 2383872K(2383872K)->0K(2383872K) From: 165610K(195584K)->152064K(201216K)
[4248.864s][info][gc,heap        ] GC(1062) ParOldGen: 2136721K(2137088K)->2242473K(2242560K)
[4248.864s][info][gc,metaspace   ] GC(1062) Metaspace: 29098K(29376K)->29098K(29376K) NonClass: 25994K(26112K)->25994K(26112K) Class: 3103K(3264K)->3103K(3264K)
[4248.864s][info][gc             ] GC(1062) Pause Young (Allocation Failure) 4576M->2338M(4714M) 96.646ms
[4248.864s][info][gc,cpu         ] GC(1062) User=0.54s Sys=0.04s Real=0.10s
...[4251.208s][info][gc,start       ] GC(1063) Pause Young (Allocation Failure)
[4251.299s][info][gc,heap        ] GC(1063) PSYoungGen: 2535936K(2585088K)->146816K(2591744K) Eden: 2383872K(2383872K)->0K(2394624K) From: 152064K(201216K)->146816K(197120K)
[4251.299s][info][gc,heap        ] GC(1063) ParOldGen: 2242473K(2242560K)->2342569K(2342912K)
[4251.299s][info][gc,metaspace   ] GC(1063) Metaspace: 29098K(29376K)->29098K(29376K) NonClass: 25994K(26112K)->25994K(26112K) Class: 3103K(3264K)->3103K(3264K)
[4251.299s][info][gc             ] GC(1063) Pause Young (Allocation Failure) 4666M->2431M(4819M) 91.594ms
[4251.299s][info][gc,cpu         ] GC(1063) User=0.52s Sys=0.03s Real=0.09s
..[4253.620s][info][gc,start       ] GC(1064) Pause Young (Allocation Failure)
[4253.723s][info][gc,heap        ] GC(1064) PSYoungGen: 2541308K(2591744K)->164469K(2593792K) Eden: 2394492K(2394624K)->0K(2394624K) From: 146816K(197120K)->164469K(199168K)
[4253.723s][info][gc,heap        ] GC(1064) ParOldGen: 2342569K(2342912K)->2447217K(2447360K)
[4253.723s][info][gc,metaspace   ] GC(1064) Metaspace: 29098K(29376K)->29098K(29376K) NonClass: 25994K(26112K)->25994K(26112K) Class: 3103K(3264K)->3103K(3264K)
[4253.723s][info][gc             ] GC(1064) Pause Young (Allocation Failure) 4769M->2550M(4923M) 102.543ms
[4253.723s][info][gc,cpu         ] GC(1064) User=0.57s Sys=0.04s Real=0.10s
...[4256.024s][info][gc,start       ] GC(1065) Pause Young (Allocation Failure)
[4256.121s][info][gc,heap        ] GC(1065) PSYoungGen: 2559093K(2593792K)->153216K(2593280K) Eden: 2394624K(2394624K)->0K(2400256K) From: 164469K(199168K)->153216K(193024K)
[4256.121s][info][gc,heap        ] GC(1065) ParOldGen: 2447217K(2447360K)->2550601K(2550784K)
[4256.121s][info][gc,metaspace   ] GC(1065) Metaspace: 29098K(29376K)->29098K(29376K) NonClass: 25994K(26112K)->25994K(26112K) Class: 3103K(3264K)->3103K(3264K)
[4256.121s][info][gc             ] GC(1065) Pause Young (Allocation Failure) 4888M->2640M(5023M) 96.373ms
[4256.121s][info][gc,cpu         ] GC(1065) User=0.53s Sys=0.04s Real=0.09s
..[4258.451s][info][gc,start       ] GC(1066) Pause Young (Allocation Failure)
[4258.550s][info][gc,heap        ] GC(1066) PSYoungGen: 2553472K(2593280K)->157415K(2594816K) Eden: 2400256K(2400256K)->0K(2400256K) From: 153216K(193024K)->157415K(194560K)
[4258.550s][info][gc,heap        ] GC(1066) ParOldGen: 2550601K(2550784K)->2654017K(2654208K)
[4258.550s][info][gc,metaspace   ] GC(1066) Metaspace: 29098K(29376K)->29098K(29376K) NonClass: 25994K(26112K)->25994K(26112K) Class: 3103K(3264K)->3103K(3264K)
[4258.550s][info][gc             ] GC(1066) Pause Young (Allocation Failure) 4984M->2745M(5126M) 98.358ms
[4258.550s][info][gc,cpu         ] GC(1066) User=0.54s Sys=0.04s Real=0.10s
..[4260.838s][info][gc,start       ] GC(1067) Pause Young (Allocation Failure)
[4260.939s][info][gc,heap        ] GC(1067) PSYoungGen: 2557671K(2594816K)->161524K(2596352K) Eden: 2400256K(2400256K)->0K(2409472K) From: 157415K(194560K)->161524K(186880K)
[4260.939s][info][gc,heap        ] GC(1067) ParOldGen: 2654017K(2654208K)->2758377K(2758656K)
[4260.939s][info][gc,metaspace   ] GC(1067) Metaspace: 29098K(29376K)->29098K(29376K) NonClass: 25994K(26112K)->25994K(26112K) Class: 3103K(3264K)->3103K(3264K)
[4260.939s][info][gc             ] GC(1067) Pause Young (Allocation Failure) 5089M->2851M(5229M) 100.383ms
[4260.939s][info][gc,cpu         ] GC(1067) User=0.56s Sys=0.03s Real=0.10s
...[4263.285s][info][gc,start       ] GC(1068) Pause Young (Allocation Failure)
[4263.385s][info][gc,heap        ] GC(1068) PSYoungGen: 2570996K(2596352K)->159844K(2598400K) Eden: 2409472K(2409472K)->0K(2409472K) From: 161524K(186880K)->159844K(188928K)
[4263.385s][info][gc,heap        ] GC(1068) ParOldGen: 2758377K(2758656K)->2861449K(2861568K)
[4263.385s][info][gc,metaspace   ] GC(1068) Metaspace: 29098K(29376K)->29098K(29376K) NonClass: 25994K(26112K)->25994K(26112K) Class: 3103K(3264K)->3103K(3264K)
[4263.385s][info][gc             ] GC(1068) Pause Young (Allocation Failure) 5204M->2950M(5332M) 99.741ms
[4263.385s][info][gc,cpu         ] GC(1068) User=0.55s Sys=0.03s Real=0.10s
..[4265.659s][info][gc,start       ] GC(1069) Pause Young (Allocation Failure)
[4265.759s][info][gc,heap        ] GC(1069) PSYoungGen: 2569316K(2598400K)->156677K(2604544K) Eden: 2409472K(2409472K)->0K(2420736K) From: 159844K(188928K)->156677K(183808K)
[4265.759s][info][gc,heap        ] GC(1069) ParOldGen: 2861449K(2861568K)->2967113K(2967552K)
[4265.759s][info][gc,metaspace   ] GC(1069) Metaspace: 29098K(29376K)->29098K(29376K) NonClass: 25994K(26112K)->25994K(26112K) Class: 3103K(3264K)->3103K(3264K)
[4265.759s][info][gc             ] GC(1069) Pause Young (Allocation Failure) 5303M->3050M(5441M) 100.677ms
[4265.759s][info][gc,cpu         ] GC(1069) User=0.56s Sys=0.03s Real=0.10s
...[4268.052s][info][gc,start       ] GC(1070) Pause Young (Allocation Failure)
[4268.151s][info][gc,heap        ] GC(1070) PSYoungGen: 2577413K(2604544K)->155648K(2605568K) Eden: 2420736K(2420736K)->0K(2420736K) From: 156677K(183808K)->155648K(184832K)
[4268.151s][info][gc,heap        ] GC(1070) ParOldGen: 2967113K(2967552K)->3070921K(3070976K)
[4268.151s][info][gc,metaspace   ] GC(1070) Metaspace: 29098K(29376K)->29098K(29376K) NonClass: 25994K(26112K)->25994K(26112K) Class: 3103K(3264K)->3103K(3264K)
[4268.151s][info][gc             ] GC(1070) Pause Young (Allocation Failure) 5414M->3150M(5543M) 98.411ms
[4268.151s][info][gc,cpu         ] GC(1070) User=0.55s Sys=0.03s Real=0.10s
..[4270.537s][info][gc,start       ] GC(1071) Pause Young (Allocation Failure)
[4270.636s][info][gc,heap        ] GC(1071) PSYoungGen: 2576384K(2605568K)->163348K(2609664K) Eden: 2420736K(2420736K)->0K(2427904K) From: 155648K(184832K)->163348K(181760K)
[4270.636s][info][gc,heap        ] GC(1071) ParOldGen: 3070921K(3070976K)->3171073K(3171328K)
[4270.636s][info][gc,metaspace   ] GC(1071) Metaspace: 29098K(29376K)->29098K(29376K) NonClass: 25994K(26112K)->25994K(26112K) Class: 3103K(3264K)->3103K(3264K)
[4270.636s][info][gc             ] GC(1071) Pause Young (Allocation Failure) 5514M->3256M(5645M) 98.755ms
[4270.636s][info][gc,cpu         ] GC(1071) User=0.55s Sys=0.04s Real=0.10s
..[4272.938s][info][gc,start       ] GC(1072) Pause Young (Allocation Failure)
[4273.036s][info][gc,heap        ] GC(1072) PSYoungGen: 2591252K(2609664K)->154240K(2610176K) Eden: 2427904K(2427904K)->0K(2427904K) From: 163348K(181760K)->154240K(182272K)
[4273.036s][info][gc,heap        ] GC(1072) ParOldGen: 3171073K(3171328K)->3278353K(3278848K)
[4273.036s][info][gc,metaspace   ] GC(1072) Metaspace: 29098K(29376K)->29098K(29376K) NonClass: 25994K(26112K)->25994K(26112K) Class: 3103K(3264K)->3103K(3264K)
[4273.036s][info][gc             ] GC(1072) Pause Young (Allocation Failure) 5627M->3352M(5751M) 97.679ms
[4273.036s][info][gc,cpu         ] GC(1072) User=0.54s Sys=0.04s Real=0.10s
...[4275.322s][info][gc,start       ] GC(1073) Pause Young (Allocation Failure)
[4275.426s][info][gc,heap        ] GC(1073) PSYoungGen: 2582144K(2610176K)->161641K(2612736K) Eden: 2427904K(2427904K)->0K(2433024K) From: 154240K(182272K)->161641K(179712K)
[4275.426s][info][gc,heap        ] GC(1073) ParOldGen: 3278353K(3278848K)->3383105K(3383296K)
[4275.426s][info][gc,metaspace   ] GC(1073) Metaspace: 29098K(29376K)->29098K(29376K) NonClass: 25994K(26112K)->25994K(26112K) Class: 3103K(3264K)->3103K(3264K)
[4275.426s][info][gc             ] GC(1073) Pause Young (Allocation Failure) 5723M->3461M(5855M) 103.880ms
[4275.426s][info][gc,cpu         ] GC(1073) User=0.58s Sys=0.04s Real=0.11s
..[4277.781s][info][gc,start       ] GC(1074) Pause Young (Allocation Failure)
[4277.881s][info][gc,heap        ] GC(1074) PSYoungGen: 2594665K(2612736K)->160000K(2612736K) Eden: 2433024K(2433024K)->0K(2433024K) From: 161641K(179712K)->160000K(179712K)
[4277.881s][info][gc,heap        ] GC(1074) ParOldGen: 3383105K(3383296K)->3486713K(3486720K)
[4277.881s][info][gc,metaspace   ] GC(1074) Metaspace: 29098K(29376K)->29098K(29376K) NonClass: 25994K(26112K)->25994K(26112K) Class: 3103K(3264K)->3103K(3264K)
[4277.881s][info][gc             ] GC(1074) Pause Young (Allocation Failure) 5837M->3561M(5956M) 100.550ms
[4277.881s][info][gc,cpu         ] GC(1074) User=0.57s Sys=0.03s Real=0.10s
...[4280.190s][info][gc,start       ] GC(1075) Pause Young (Allocation Failure)
[4280.283s][info][gc,heap        ] GC(1075) PSYoungGen: 2593024K(2612736K)->146144K(2613760K) Eden: 2433024K(2433024K)->0K(2436096K) From: 160000K(179712K)->146144K(177664K)
[4280.283s][info][gc,heap        ] GC(1075) ParOldGen: 3486713K(3486720K)->3591601K(3591680K)
[4280.283s][info][gc,metaspace   ] GC(1075) Metaspace: 29098K(29376K)->29098K(29376K) NonClass: 25994K(26112K)->25994K(26112K) Class: 3103K(3264K)->3103K(3264K)
[4280.283s][info][gc             ] GC(1075) Pause Young (Allocation Failure) 5937M->3650M(6060M) 93.787ms
[4280.283s][info][gc,cpu         ] GC(1075) User=0.53s Sys=0.03s Real=0.10s
..[4282.626s][info][gc,start       ] GC(1076) Pause Young (Allocation Failure)
[4282.726s][info][gc,heap        ] GC(1076) PSYoungGen: 2582240K(2613760K)->156480K(2614272K) Eden: 2436096K(2436096K)->0K(2436096K) From: 146144K(177664K)->156480K(178176K)
[4282.726s][info][gc,heap        ] GC(1076) ParOldGen: 3591601K(3591680K)->3695441K(3695616K)
[4282.726s][info][gc,metaspace   ] GC(1076) Metaspace: 29098K(29376K)->29098K(29376K) NonClass: 25994K(26112K)->25994K(26112K) Class: 3103K(3264K)->3103K(3264K)
[4282.726s][info][gc             ] GC(1076) Pause Young (Allocation Failure) 6029M->3761M(6162M) 100.189ms
[4282.726s][info][gc,cpu         ] GC(1076) User=0.56s Sys=0.03s Real=0.10s
..[4285.062s][info][gc,start       ] GC(1077) Pause Young (Allocation Failure)
[4285.164s][info][gc,heap        ] GC(1077) PSYoungGen: 2592576K(2614272K)->163013K(2616832K) Eden: 2436096K(2436096K)->0K(2440192K) From: 156480K(178176K)->163013K(176640K)
[4285.164s][info][gc,heap        ] GC(1077) ParOldGen: 3695441K(3695616K)->3799969K(3800064K)
[4285.164s][info][gc,metaspace   ] GC(1077) Metaspace: 29098K(29376K)->29098K(29376K) NonClass: 25994K(26112K)->25994K(26112K) Class: 3103K(3264K)->3103K(3264K)
[4285.164s][info][gc             ] GC(1077) Pause Young (Allocation Failure) 6140M->3870M(6266M) 102.052ms
[4285.164s][info][gc,cpu         ] GC(1077) User=0.56s Sys=0.04s Real=0.11s
...[4287.517s][info][gc,start       ] GC(1078) Pause Young (Allocation Failure)
[4287.614s][info][gc,heap        ] GC(1078) PSYoungGen: 2603205K(2616832K)->152480K(2616832K) Eden: 2440192K(2440192K)->0K(2440192K) From: 163013K(176640K)->152480K(176640K)
[4287.614s][info][gc,heap        ] GC(1078) ParOldGen: 3799969K(3800064K)->3904569K(3905024K)
[4287.614s][info][gc,metaspace   ] GC(1078) Metaspace: 29098K(29376K)->29098K(29376K) NonClass: 25994K(26112K)->25994K(26112K) Class: 3103K(3264K)->3103K(3264K)
[4287.614s][info][gc             ] GC(1078) Pause Young (Allocation Failure) 6253M->3961M(6369M) 97.400ms
[4287.614s][info][gc,cpu         ] GC(1078) User=0.54s Sys=0.04s Real=0.10s
..[4289.893s][info][gc,start       ] GC(1079) Pause Young (Allocation Failure)
[4289.995s][info][gc,heap        ] GC(1079) PSYoungGen: 2592672K(2616832K)->154528K(2616832K) Eden: 2440192K(2440192K)->0K(2443264K) From: 152480K(176640K)->154528K(173568K)
[4289.995s][info][gc,heap        ] GC(1079) ParOldGen: 3904569K(3905024K)->4011337K(4011520K)
[4289.995s][info][gc,metaspace   ] GC(1079) Metaspace: 29098K(29376K)->29098K(29376K) NonClass: 25994K(26112K)->25994K(26112K) Class: 3103K(3264K)->3103K(3264K)
[4289.995s][info][gc             ] GC(1079) Pause Young (Allocation Failure) 6344M->4068M(6473M) 101.807ms
[4289.995s][info][gc,cpu         ] GC(1079) User=0.56s Sys=0.04s Real=0.11s
...[4292.331s][info][gc,start       ] GC(1080) Pause Young (Allocation Failure)
[4292.427s][info][gc,heap        ] GC(1080) PSYoungGen: 2597792K(2616832K)->148928K(2617856K) Eden: 2443264K(2443264K)->0K(2443264K) From: 154528K(173568K)->148928K(174592K)
[4292.427s][info][gc,heap        ] GC(1080) ParOldGen: 4011337K(4011520K)->4113281K(4113408K)
[4292.427s][info][gc,metaspace   ] GC(1080) Metaspace: 29098K(29376K)->29098K(29376K) NonClass: 25994K(26112K)->25994K(26112K) Class: 3103K(3264K)->3103K(3264K)
[4292.427s][info][gc             ] GC(1080) Pause Young (Allocation Failure) 6454M->4162M(6573M) 95.773ms
[4292.427s][info][gc,cpu         ] GC(1080) User=0.54s Sys=0.02s Real=0.10s
..[4294.717s][info][gc,start       ] GC(1081) Pause Young (Allocation Failure)
[4294.814s][info][gc,heap        ] GC(1081) PSYoungGen: 2592192K(2617856K)->150336K(2620416K) Eden: 2443264K(2443264K)->0K(2446848K) From: 148928K(174592K)->150336K(173568K)
[4294.814s][info][gc,heap        ] GC(1081) ParOldGen: 4113281K(4113408K)->4219057K(4219392K)
[4294.814s][info][gc,metaspace   ] GC(1081) Metaspace: 29098K(29376K)->29098K(29376K) NonClass: 25994K(26112K)->25994K(26112K) Class: 3103K(3264K)->3103K(3264K)
[4294.814s][info][gc             ] GC(1081) Pause Young (Allocation Failure) 6548M->4266M(6679M) 96.665ms
[4294.814s][info][gc,cpu         ] GC(1081) User=0.53s Sys=0.04s Real=0.10s
.. (rIR:aIR:PR = 7057:7063:7063) (tPR = 104560) [OK] 
  4296s: Performance info:
         Transaction,    Success,    Partial,     Failed,   Receipts, AvgBarcode, 
             Overall,     426069,          0,          0,     404797,      59.48, 
         Response times:
             Request,    Success,    Partial,     Failed,   SkipFail,     Probes,    Samples,      min,      p50,      p90,      p95,      p99,      max, 
       TotalPurchase,     404797,          0,          0,          0,     363028,     393642,      200,     5200,    14300,    41000,   254000,   970000,
     InStorePurchase,     213138,          0,          0,          0,     191304,     207325,      300,     5100,    14300,    40000,   313000,   970000,
      OnlinePurchase,     148978,          0,          0,          0,     133835,     145069,      200,     5200,    14200,    41000,   149000,   970000,
        InstPurchase,      42681,          0,          0,          0,      37889,      41248,      400,     5500,    15000,    42000,   305000,   970000,
          AssocOfCat,        426,          0,          0,          0,        351,        453,    19700,    36000,    58600,   124200,   208000,   208000,
      AssocOfProduct,       4254,          0,          0,          0,       4033,       4633,      500,     4100,    13760,    32000,   376000,   391000,
      BusinessReport,       1061,          0,          0,          0,        958,       1186,    29000,    43000,    75000,   127600,   227000,   257000,
          CustBuyBeh,       4251,          0,          0,          0,       3972,       4543,      300,     5100,    16760,    43000,   348000,   352000,
       ProductReturn,      11280,          0,          0,          0,       9652,      10773,      200,     4800,    12800,    38000,   144000,   259000,

  4296s: (52%)   IR =   7195 [4297.198s][info][gc,start       ] GC(1082) Pause Young (Allocation Failure)
[4297.295s][info][gc,heap        ] GC(1082) PSYoungGen: 2597184K(2620416K)->149472K(2620928K) Eden: 2446848K(2446848K)->0K(2446848K) From: 150336K(173568K)->149472K(174080K)
[4297.295s][info][gc,heap        ] GC(1082) ParOldGen: 4219057K(4219392K)->4321945K(4322304K)
[4297.295s][info][gc,metaspace   ] GC(1082) Metaspace: 29098K(29376K)->29098K(29376K) NonClass: 25994K(26112K)->25994K(26112K) Class: 3103K(3264K)->3103K(3264K)
[4297.295s][info][gc             ] GC(1082) Pause Young (Allocation Failure) 6656M->4366M(6780M) 97.212ms
[4297.295s][info][gc,cpu         ] GC(1082) User=0.53s Sys=0.03s Real=0.10s
...[4299.588s][info][gc,start       ] GC(1083) Pause Young (Allocation Failure)
[4299.690s][info][gc,heap        ] GC(1083) PSYoungGen: 2596320K(2620928K)->158149K(2619904K) Eden: 2446848K(2446848K)->0K(2448384K) From: 149472K(174080K)->158149K(171520K)
[4299.690s][info][gc,heap        ] GC(1083) ParOldGen: 4321945K(4322304K)->4428225K(4428288K)
[4299.690s][info][gc,metaspace   ] GC(1083) Metaspace: 29098K(29376K)->29098K(29376K) NonClass: 25994K(26112K)->25994K(26112K) Class: 3103K(3264K)->3103K(3264K)
[4299.690s][info][gc             ] GC(1083) Pause Young (Allocation Failure) 6756M->4478M(6883M) 101.923ms
[4299.690s][info][gc,cpu         ] GC(1083) User=0.57s Sys=0.03s Real=0.10s
..[4301.938s][info][gc,start       ] GC(1084) Pause Young (Allocation Failure)
[4302.040s][info][gc,heap        ] GC(1084) PSYoungGen: 2606533K(2619904K)->157088K(2620928K) Eden: 2448384K(2448384K)->0K(2448384K) From: 158149K(171520K)->157088K(172544K)
[4302.040s][info][gc,heap        ] GC(1084) ParOldGen: 4428225K(4428288K)->4533449K(4533760K)
[4302.040s][info][gc,metaspace   ] GC(1084) Metaspace: 29098K(29376K)->29098K(29376K) NonClass: 25994K(26112K)->25994K(26112K) Class: 3103K(3264K)->3103K(3264K)
[4302.040s][info][gc             ] GC(1084) Pause Young (Allocation Failure) 6869M->4580M(6987M) 102.299ms
[4302.040s][info][gc,cpu         ] GC(1084) User=0.57s Sys=0.03s Real=0.10s
...[4304.358s][info][gc,start       ] GC(1085) Pause Young (Allocation Failure)
[4304.457s][info][gc,heap        ] GC(1085) PSYoungGen: 2605472K(2620928K)->152416K(2621440K) Eden: 2448384K(2448384K)->0K(2451968K) From: 157088K(172544K)->152416K(169472K)
[4304.457s][info][gc,heap        ] GC(1085) ParOldGen: 4533449K(4533760K)->4636649K(4636672K)
[4304.457s][info][gc,metaspace   ] GC(1085) Metaspace: 29098K(29376K)->29098K(29376K) NonClass: 25994K(26112K)->25994K(26112K) Class: 3103K(3264K)->3103K(3264K)
[4304.457s][info][gc             ] GC(1085) Pause Young (Allocation Failure) 6971M->4676M(7088M) 98.553ms
[4304.457s][info][gc,cpu         ] GC(1085) User=0.54s Sys=0.05s Real=0.10s
..[4306.709s][info][gc,start       ] GC(1086) Pause Young (Allocation Failure)
[4306.812s][info][gc,heap        ] GC(1086) PSYoungGen: 2604384K(2621440K)->163552K(2622464K) Eden: 2451968K(2451968K)->0K(2451968K) From: 152416K(169472K)->163552K(170496K)
[4306.812s][info][gc,heap        ] GC(1086) ParOldGen: 4636649K(4636672K)->4743609K(4743680K)
[4306.812s][info][gc,metaspace   ] GC(1086) Metaspace: 29098K(29376K)->29098K(29376K) NonClass: 25994K(26112K)->25994K(26112K) Class: 3103K(3264K)->3103K(3264K)
[4306.813s][info][gc             ] GC(1086) Pause Young (Allocation Failure) 7071M->4792M(7193M) 103.961ms
[4306.813s][info][gc,cpu         ] GC(1086) User=0.59s Sys=0.03s Real=0.10s
..[4309.171s][info][gc,start       ] GC(1087) Pause Young (Allocation Failure)
[4309.268s][info][gc,heap        ] GC(1087) PSYoungGen: 2615520K(2622464K)->150592K(2624512K) Eden: 2451968K(2451968K)->0K(2452480K) From: 163552K(170496K)->150592K(172032K)
[4309.268s][info][gc,heap        ] GC(1087) ParOldGen: 4743609K(4743680K)->4845441K(4845568K)
[4309.268s][info][gc,metaspace   ] GC(1087) Metaspace: 29098K(29376K)->29098K(29376K) NonClass: 25994K(26112K)->25994K(26112K) Class: 3103K(3264K)->3103K(3264K)
[4309.268s][info][gc             ] GC(1087) Pause Young (Allocation Failure) 7186M->4878M(7295M) 96.704ms
[4309.268s][info][gc,cpu         ] GC(1087) User=0.53s Sys=0.04s Real=0.10s
...[4311.605s][info][gc,start       ] GC(1088) Pause Young (Allocation Failure)
[4311.706s][info][gc,heap        ] GC(1088) PSYoungGen: 2603072K(2624512K)->159668K(2624000K) Eden: 2452480K(2452480K)->0K(2452480K) From: 150592K(172032K)->159668K(171520K)
[4311.706s][info][gc,heap        ] GC(1088) ParOldGen: 4845441K(4845568K)->4951105K(4951552K)
[4311.706s][info][gc,metaspace   ] GC(1088) Metaspace: 29098K(29376K)->29098K(29376K) NonClass: 25994K(26112K)->25994K(26112K) Class: 3103K(3264K)->3103K(3264K)
[4311.706s][info][gc             ] GC(1088) Pause Young (Allocation Failure) 7273M->4990M(7398M) 101.263ms
[4311.706s][info][gc,cpu         ] GC(1088) User=0.56s Sys=0.04s Real=0.10s
..|[4313.982s][info][gc,start       ] GC(1089) Pause Young (Allocation Failure)
[4314.083s][info][gc,heap        ] GC(1089) PSYoungGen: 2612148K(2624000K)->156192K(2621952K) Eden: 2452480K(2452480K)->0K(2452992K) From: 159668K(171520K)->156192K(168960K)
[4314.083s][info][gc,heap        ] GC(1089) ParOldGen: 4951105K(4951552K)->5057057K(5057536K)
[4314.083s][info][gc,metaspace   ] GC(1089) Metaspace: 29098K(29376K)->29098K(29376K) NonClass: 25994K(26112K)->25994K(26112K) Class: 3103K(3264K)->3103K(3264K)
[4314.083s][info][gc             ] GC(1089) Pause Young (Allocation Failure) 7385M->5091M(7499M) 100.722ms
[4314.083s][info][gc,cpu         ] GC(1089) User=0.57s Sys=0.03s Real=0.10s
..[4316.362s][info][gc,start       ] GC(1090) Pause Young (Allocation Failure)
[4316.462s][info][gc,heap        ] GC(1090) PSYoungGen: 2609184K(2621952K)->153908K(2622976K) Eden: 2452992K(2452992K)->0K(2452992K) From: 156192K(168960K)->153908K(169984K)
[4316.462s][info][gc,heap        ] GC(1090) ParOldGen: 5057057K(5057536K)->5161729K(5161984K)
[4316.462s][info][gc,metaspace   ] GC(1090) Metaspace: 29098K(29376K)->29098K(29376K) NonClass: 25994K(26112K)->25994K(26112K) Class: 3103K(3264K)->3103K(3264K)
[4316.462s][info][gc             ] GC(1090) Pause Young (Allocation Failure) 7486M->5191M(7602M) 100.554ms
[4316.462s][info][gc,cpu         ] GC(1090) User=0.55s Sys=0.03s Real=0.10s
...[4318.773s][info][gc,start       ] GC(1091) Pause Young (Allocation Failure)
[4318.872s][info][gc,heap        ] GC(1091) PSYoungGen: 2606900K(2622976K)->155680K(2622976K) Eden: 2452992K(2452992K)->0K(2457088K) From: 153908K(169984K)->155680K(165888K)
[4318.872s][info][gc,heap        ] GC(1091) ParOldGen: 5161729K(5161984K)->5264761K(5264896K)
[4318.872s][info][gc,metaspace   ] GC(1091) Metaspace: 29098K(29376K)->29098K(29376K) NonClass: 25994K(26112K)->25994K(26112K) Class: 3103K(3264K)->3103K(3264K)
[4318.872s][info][gc             ] GC(1091) Pause Young (Allocation Failure) 7586M->5293M(7703M) 99.032ms
[4318.872s][info][gc,cpu         ] GC(1091) User=0.55s Sys=0.03s Real=0.09s
..[4321.205s][info][gc,start       ] GC(1092) Pause Young (Allocation Failure)
[4321.306s][info][gc,heap        ] GC(1092) PSYoungGen: 2612768K(2622976K)->147968K(2624512K) Eden: 2457088K(2457088K)->0K(2457088K) From: 155680K(165888K)->147968K(167424K)
[4321.306s][info][gc,heap        ] GC(1092) ParOldGen: 5264761K(5264896K)->5368625K(5368832K)
[4321.306s][info][gc,metaspace   ] GC(1092) Metaspace: 29098K(29376K)->29098K(29376K) NonClass: 25994K(26112K)->25994K(26112K) Class: 3103K(3264K)->3103K(3264K)
[4321.306s][info][gc             ] GC(1092) Pause Young (Allocation Failure) 7692M->5387M(7806M) 101.598ms
[4321.306s][info][gc,cpu         ] GC(1092) User=0.57s Sys=0.03s Real=0.10s
...[4323.529s][info][gc,start       ] GC(1093) Pause Young (Allocation Failure)
[4323.627s][info][gc,heap        ] GC(1093) PSYoungGen: 2605056K(2624512K)->147008K(2628096K) Eden: 2457088K(2457088K)->0K(2460160K) From: 147968K(167424K)->147008K(167936K)
[4323.627s][info][gc,heap        ] GC(1093) ParOldGen: 5368625K(5368832K)->5475497K(5475840K)
[4323.627s][info][gc,metaspace   ] GC(1093) Metaspace: 29098K(29376K)->29098K(29376K) NonClass: 25994K(26112K)->25994K(26112K) Class: 3103K(3264K)->3103K(3264K)
[4323.627s][info][gc             ] GC(1093) Pause Young (Allocation Failure) 7786M->5490M(7914M) 98.223ms
[4323.627s][info][gc,cpu         ] GC(1093) User=0.53s Sys=0.05s Real=0.10s
..[4325.914s][info][gc,start       ] GC(1094) Pause Young (Allocation Failure)
[4326.015s][info][gc,heap        ] GC(1094) PSYoungGen: 2607168K(2628096K)->155200K(2615808K) Eden: 2460160K(2460160K)->0K(2460160K) From: 147008K(167936K)->155200K(155648K)
[4326.015s][info][gc,heap        ] GC(1094) ParOldGen: 5475497K(5475840K)->5577049K(5577216K)
[4326.015s][info][gc,metaspace   ] GC(1094) Metaspace: 29098K(29376K)->29098K(29376K) NonClass: 25994K(26112K)->25994K(26112K) Class: 3103K(3264K)->3103K(3264K)
[4326.015s][info][gc             ] GC(1094) Pause Young (Allocation Failure) 7893M->5597M(8001M) 101.158ms
[4326.015s][info][gc,cpu         ] GC(1094) User=0.56s Sys=0.04s Real=0.10s
..[4328.408s][info][gc,start       ] GC(1095) Pause Full (Allocation Failure)
[4328.408s][info][gc,phases,start] GC(1095) Marking Phase
[4328.722s][info][gc,phases      ] GC(1095) Marking Phase 314.596ms
[4328.722s][info][gc,phases,start] GC(1095) Summary Phase
[4328.723s][info][gc,phases      ] GC(1095) Summary Phase 0.098ms
[4328.723s][info][gc,phases,start] GC(1095) Forward
[4328.851s][info][gc,phases      ] GC(1095) Forward 128.735ms
[4328.851s][info][gc,phases,start] GC(1095) Adjust Pointers
[4329.061s][info][gc,phases      ] GC(1095) Adjust Pointers 209.343ms
[4329.061s][info][gc,phases,start] GC(1095) Compaction Phase
[4329.206s][info][gc,phases      ] GC(1095) Compaction Phase 145.666ms
[4329.208s][info][gc,phases,start] GC(1095) Post Compact
[4329.215s][info][gc,phases      ] GC(1095) Post Compact 7.077ms
[4329.349s][info][gc,heap        ] GC(1095) PSYoungGen: 2615360K(2615808K)->0K(2627072K) Eden: 2460160K(2460160K)->0K(2460160K) From: 155200K(155648K)->0K(166912K)
[4329.349s][info][gc,heap        ] GC(1095) ParOldGen: 5577049K(5577216K)->1606421K(1905664K)
[4329.349s][info][gc,metaspace   ] GC(1095) Metaspace: 29098K(29376K)->29098K(29376K) NonClass: 25994K(26112K)->25994K(26112K) Class: 3103K(3264K)->3103K(3264K)
[4329.349s][info][gc             ] GC(1095) Pause Full (Allocation Failure) 8000M->1568M(4426M) 941.211ms
[4329.349s][info][gc,cpu         ] GC(1095) User=4.32s Sys=0.14s Real=0.94s
..[4330.728s][info][gc,start       ] GC(1096) Pause Young (Allocation Failure)
[4330.793s][info][gc,heap        ] GC(1096) PSYoungGen: 2460160K(2627072K)->160165K(2627072K) Eden: 2460160K(2460160K)->0K(2460160K) From: 0K(166912K)->160165K(166912K)
[4330.794s][info][gc,heap        ] GC(1096) ParOldGen: 1606421K(1905664K)->1606421K(1905664K)
[4330.794s][info][gc,metaspace   ] GC(1096) Metaspace: 29098K(29376K)->29098K(29376K) NonClass: 25994K(26112K)->25994K(26112K) Class: 3103K(3264K)->3103K(3264K)
[4330.794s][info][gc             ] GC(1096) Pause Young (Allocation Failure) 3971M->1725M(4426M) 65.845ms
[4330.794s][info][gc,cpu         ] GC(1096) User=0.38s Sys=0.00s Real=0.07s
..[4333.154s][info][gc,start       ] GC(1097) Pause Young (Allocation Failure)
[4333.248s][info][gc,heap        ] GC(1097) PSYoungGen: 2620325K(2627072K)->159936K(2627072K) Eden: 2460160K(2460160K)->0K(2459136K) From: 160165K(166912K)->159936K(167936K)
[4333.248s][info][gc,heap        ] GC(1097) ParOldGen: 1606421K(1905664K)->1709717K(1905664K)
[4333.248s][info][gc,metaspace   ] GC(1097) Metaspace: 29098K(29376K)->29098K(29376K) NonClass: 25994K(26112K)->25994K(26112K) Class: 3103K(3264K)->3103K(3264K)
[4333.248s][info][gc             ] GC(1097) Pause Young (Allocation Failure) 4127M->1825M(4426M) 94.154ms
[4333.248s][info][gc,cpu         ] GC(1097) User=0.55s Sys=0.00s Real=0.09s
...[4335.667s][info][gc,start       ] GC(1098) Pause Young (Allocation Failure)
[4335.762s][info][gc,heap        ] GC(1098) PSYoungGen: 2619072K(2627072K)->156896K(2627584K) Eden: 2459136K(2459136K)->0K(2459136K) From: 159936K(167936K)->156896K(168448K)
[4335.762s][info][gc,heap        ] GC(1098) ParOldGen: 1709717K(1905664K)->1814013K(1905664K)
[4335.762s][info][gc,metaspace   ] GC(1098) Metaspace: 29098K(29376K)->29098K(29376K) NonClass: 25994K(26112K)->25994K(26112K) Class: 3103K(3264K)->3103K(3264K)
[4335.762s][info][gc             ] GC(1098) Pause Young (Allocation Failure) 4227M->1924M(4427M) 95.634ms
[4335.762s][info][gc,cpu         ] GC(1098) User=0.56s Sys=0.00s Real=0.09s
..[4337.985s][info][gc,start       ] GC(1099) Pause Young (Allocation Failure)
[4338.083s][info][gc,heap        ] GC(1099) PSYoungGen: 2616032K(2627584K)->160768K(2627072K) Eden: 2459136K(2459136K)->0K(2459136K) From: 156896K(168448K)->160768K(167936K)
[4338.083s][info][gc,heap        ] GC(1099) ParOldGen: 1814013K(1905664K)->1920981K(1921024K)
[4338.083s][info][gc,metaspace   ] GC(1099) Metaspace: 29098K(29376K)->29098K(29376K) NonClass: 25994K(26112K)->25994K(26112K) Class: 3103K(3264K)->3103K(3264K)
[4338.083s][info][gc             ] GC(1099) Pause Young (Allocation Failure) 4326M->2032M(4441M) 98.424ms
[4338.083s][info][gc,cpu         ] GC(1099) User=0.57s Sys=0.01s Real=0.09s
...[4340.423s][info][gc,start       ] GC(1100) Pause Young (Allocation Failure)
[4340.522s][info][gc,heap        ] GC(1100) PSYoungGen: 2619904K(2627072K)->155747K(2615296K) Eden: 2459136K(2459136K)->0K(2459136K) From: 160768K(167936K)->155747K(156160K)
[4340.523s][info][gc,heap        ] GC(1100) ParOldGen: 1920981K(1921024K)->2024933K(2024960K)
[4340.523s][info][gc,metaspace   ] GC(1100) Metaspace: 29098K(29376K)->29098K(29376K) NonClass: 25994K(26112K)->25994K(26112K) Class: 3103K(3264K)->3103K(3264K)
[4340.523s][info][gc             ] GC(1100) Pause Young (Allocation Failure) 4434M->2129M(4531M) 99.316ms
[4340.523s][info][gc,cpu         ] GC(1100) User=0.56s Sys=0.02s Real=0.10s
..[4342.843s][info][gc,start       ] GC(1101) Pause Young (Allocation Failure)
[4342.944s][info][gc,heap        ] GC(1101) PSYoungGen: 2614883K(2615296K)->160469K(2626560K) Eden: 2459136K(2459136K)->0K(2459136K) From: 155747K(156160K)->160469K(167424K)
[4342.944s][info][gc,heap        ] GC(1101) ParOldGen: 2024933K(2024960K)->2130141K(2130432K)
[4342.944s][info][gc,metaspace   ] GC(1101) Metaspace: 29098K(29376K)->29098K(29376K) NonClass: 25994K(26112K)->25994K(26112K) Class: 3103K(3264K)->3103K(3264K)
[4342.944s][info][gc             ] GC(1101) Pause Young (Allocation Failure) 4531M->2236M(4645M) 101.021ms
[4342.944s][info][gc,cpu         ] GC(1101) User=0.57s Sys=0.03s Real=0.11s
..[4345.239s][info][gc,start       ] GC(1102) Pause Young (Allocation Failure)
[4345.339s][info][gc,heap        ] GC(1102) PSYoungGen: 2619605K(2626560K)->156356K(2627072K) Eden: 2459136K(2459136K)->0K(2459136K) From: 160469K(167424K)->156356K(167936K)
[4345.339s][info][gc,heap        ] GC(1102) ParOldGen: 2130141K(2130432K)->2234429K(2234880K)
[4345.339s][info][gc,metaspace   ] GC(1102) Metaspace: 29098K(29376K)->29098K(29376K) NonClass: 25994K(26112K)->25994K(26112K) Class: 3103K(3264K)->3103K(3264K)
[4345.339s][info][gc             ] GC(1102) Pause Young (Allocation Failure) 4638M->2334M(4748M) 99.675ms
[4345.339s][info][gc,cpu         ] GC(1102) User=0.56s Sys=0.03s Real=0.10s
...[4347.615s][info][gc,start       ] GC(1103) Pause Young (Allocation Failure)
[4347.719s][info][gc,heap        ] GC(1103) PSYoungGen: 2615492K(2627072K)->164107K(2626048K) Eden: 2459136K(2459136K)->0K(2459136K) From: 156356K(167936K)->164107K(166912K)
[4347.719s][info][gc,heap        ] GC(1103) ParOldGen: 2234429K(2234880K)->2340525K(2340864K)
[4347.719s][info][gc,metaspace   ] GC(1103) Metaspace: 29098K(29376K)->29098K(29376K) NonClass: 25994K(26112K)->25994K(26112K) Class: 3103K(3264K)->3103K(3264K)
[4347.719s][info][gc             ] GC(1103) Pause Young (Allocation Failure) 4736M->2445M(4850M) 103.076ms
[4347.719s][info][gc,cpu         ] GC(1103) User=0.58s Sys=0.04s Real=0.10s
..[4349.976s][info][gc,start       ] GC(1104) Pause Young (Allocation Failure)
[4350.074s][info][gc,heap        ] GC(1104) PSYoungGen: 2623243K(2626048K)->156982K(2627584K) Eden: 2459136K(2459136K)->0K(2459136K) From: 164107K(166912K)->156982K(168448K)
[4350.074s][info][gc,heap        ] GC(1104) ParOldGen: 2340525K(2340864K)->2444589K(2444800K)
[4350.074s][info][gc,metaspace   ] GC(1104) Metaspace: 29098K(29376K)->29098K(29376K) NonClass: 25994K(26112K)->25994K(26112K) Class: 3103K(3264K)->3103K(3264K)
[4350.074s][info][gc             ] GC(1104) Pause Young (Allocation Failure) 4847M->2540M(4953M) 98.121ms
[4350.074s][info][gc,cpu         ] GC(1104) User=0.55s Sys=0.03s Real=0.10s
...[4352.420s][info][gc,start       ] GC(1105) Pause Young (Allocation Failure)
[4352.522s][info][gc,heap        ] GC(1105) PSYoungGen: 2616118K(2627584K)->167413K(2547712K) Eden: 2459136K(2459136K)->0K(2380288K) From: 156982K(168448K)->167413K(167424K)
[4352.522s][info][gc,heap        ] GC(1105) ParOldGen: 2444589K(2444800K)->2545741K(2546176K)
[4352.522s][info][gc,metaspace   ] GC(1105) Metaspace: 29098K(29376K)->29098K(29376K) NonClass: 25994K(26112K)->25994K(26112K) Class: 3103K(3264K)->3103K(3264K)
[4352.522s][info][gc             ] GC(1105) Pause Young (Allocation Failure) 4942M->2649M(4974M) 102.775ms
[4352.523s][info][gc,cpu         ] GC(1105) User=0.59s Sys=0.02s Real=0.10s
..[4354.681s][info][gc,start       ] GC(1106) Pause Young (Allocation Failure)
[4354.783s][info][gc,heap        ] GC(1106) PSYoungGen: 2547701K(2547712K)->157145K(2588160K) Eden: 2380288K(2380288K)->0K(2380288K) From: 167413K(167424K)->157145K(207872K)
[4354.784s][info][gc,heap        ] GC(1106) ParOldGen: 2545741K(2546176K)->2657509K(2657792K)
[4354.784s][info][gc,metaspace   ] GC(1106) Metaspace: 29098K(29376K)->29098K(29376K) NonClass: 25994K(26112K)->25994K(26112K) Class: 3103K(3264K)->3103K(3264K)
[4354.784s][info][gc             ] GC(1106) Pause Young (Allocation Failure) 4974M->2748M(5123M) 102.228ms
[4354.784s][info][gc,cpu         ] GC(1106) User=0.57s Sys=0.03s Real=0.11s
..[4357.054s][info][gc,start       ] GC(1107) Pause Young (Allocation Failure)
[4357.154s][info][gc,heap        ] GC(1107) PSYoungGen: 2537433K(2588160K)->161760K(2579968K) Eden: 2380288K(2380288K)->0K(2382336K) From: 157145K(207872K)->161760K(197632K)
[4357.154s][info][gc,heap        ] GC(1107) ParOldGen: 2657509K(2657792K)->2757245K(2757632K)
[4357.154s][info][gc,metaspace   ] GC(1107) Metaspace: 29098K(29376K)->29098K(29376K) NonClass: 25994K(26112K)->25994K(26112K) Class: 3103K(3264K)->3103K(3264K)
[4357.154s][info][gc             ] GC(1107) Pause Young (Allocation Failure) 5073M->2850M(5212M) 100.346ms
[4357.154s][info][gc,cpu         ] GC(1107) User=0.56s Sys=0.03s Real=0.10s
..[4359.393s][info][gc,start       ] GC(1108) Pause Young (Allocation Failure)
[4359.489s][info][gc,heap        ] GC(1108) PSYoungGen: 2544096K(2579968K)->144192K(2585088K) Eden: 2382336K(2382336K)->0K(2382336K) From: 161760K(197632K)->144192K(202752K)
[4359.489s][info][gc,heap        ] GC(1108) ParOldGen: 2757245K(2757632K)->2862685K(2863104K)
[4359.489s][info][gc,metaspace   ] GC(1108) Metaspace: 29098K(29376K)->29098K(29376K) NonClass: 25994K(26112K)->25994K(26112K) Class: 3103K(3264K)->3103K(3264K)
[4359.489s][info][gc             ] GC(1108) Pause Young (Allocation Failure) 5177M->2936M(5320M) 96.275ms
[4359.489s][info][gc,cpu         ] GC(1108) User=0.54s Sys=0.03s Real=0.10s
...[4361.754s][info][gc,start       ] GC(1109) Pause Young (Allocation Failure)
[4361.852s][info][gc,heap        ] GC(1109) PSYoungGen: 2526528K(2585088K)->157029K(2588672K) Eden: 2382336K(2382336K)->0K(2390016K) From: 144192K(202752K)->157029K(198656K)
[4361.852s][info][gc,heap        ] GC(1109) ParOldGen: 2862685K(2863104K)->2963821K(2963968K)
[4361.852s][info][gc,metaspace   ] GC(1109) Metaspace: 29098K(29376K)->29098K(29376K) NonClass: 25994K(26112K)->25994K(26112K) Class: 3103K(3264K)->3103K(3264K)
[4361.852s][info][gc             ] GC(1109) Pause Young (Allocation Failure) 5262M->3047M(5422M) 98.424ms
[4361.852s][info][gc,cpu         ] GC(1109) User=0.55s Sys=0.03s Real=0.09s
..[4364.055s][info][gc,start       ] GC(1110) Pause Young (Allocation Failure)
[4364.157s][info][gc,heap        ] GC(1110) PSYoungGen: 2547045K(2588672K)->165012K(2590720K) Eden: 2390016K(2390016K)->0K(2390016K) From: 157029K(198656K)->165012K(200704K)
[4364.157s][info][gc,heap        ] GC(1110) ParOldGen: 2963821K(2963968K)->3067445K(3067904K)
[4364.157s][info][gc,metaspace   ] GC(1110) Metaspace: 29098K(29376K)->29098K(29376K) NonClass: 25994K(26112K)->25994K(26112K) Class: 3103K(3264K)->3103K(3264K)
[4364.157s][info][gc             ] GC(1110) Pause Young (Allocation Failure) 5381M->3156M(5526M) 101.638ms
[4364.157s][info][gc,cpu         ] GC(1110) User=0.56s Sys=0.04s Real=0.10s
..[4366.410s][info][gc,start       ] GC(1111) Pause Young (Allocation Failure)
[4366.512s][info][gc,heap        ] GC(1111) PSYoungGen: 2555028K(2590720K)->162272K(2590720K) Eden: 2390016K(2390016K)->0K(2398208K) From: 165012K(200704K)->162272K(192512K)
[4366.512s][info][gc,heap        ] GC(1111) ParOldGen: 3067445K(3067904K)->3170541K(3170816K)
[4366.512s][info][gc,metaspace   ] GC(1111) Metaspace: 29098K(29376K)->29098K(29376K) NonClass: 25994K(26112K)->25994K(26112K) Class: 3103K(3264K)->3103K(3264K)
[4366.512s][info][gc             ] GC(1111) Pause Young (Allocation Failure) 5490M->3254M(5626M) 101.515ms
[4366.512s][info][gc,cpu         ] GC(1111) User=0.57s Sys=0.02s Real=0.10s
...[4368.726s][info][gc,start       ] GC(1112) Pause Young (Allocation Failure)
[4368.822s][info][gc,heap        ] GC(1112) PSYoungGen: 2560480K(2590720K)->151552K(2592256K) Eden: 2398208K(2398208K)->0K(2398208K) From: 162272K(192512K)->151552K(194048K)
[4368.822s][info][gc,heap        ] GC(1112) ParOldGen: 3170541K(3170816K)->3273621K(3273728K)
[4368.822s][info][gc,metaspace   ] GC(1112) Metaspace: 29098K(29376K)->29098K(29376K) NonClass: 25994K(26112K)->25994K(26112K) Class: 3103K(3264K)->3103K(3264K)
[4368.822s][info][gc             ] GC(1112) Pause Young (Allocation Failure) 5596M->3344M(5728M) 96.217ms
[4368.822s][info][gc,cpu         ] GC(1112) User=0.53s Sys=0.04s Real=0.09s
..[4371.062s][info][gc,start       ] GC(1113) Pause Young (Allocation Failure)
[4371.159s][info][gc,heap        ] GC(1113) PSYoungGen: 2549760K(2592256K)->152608K(2598400K) Eden: 2398208K(2398208K)->0K(2408448K) From: 151552K(194048K)->152608K(189952K)
[4371.159s][info][gc,heap        ] GC(1113) ParOldGen: 3273621K(3273728K)->3377909K(3378176K)
[4371.159s][info][gc,metaspace   ] GC(1113) Metaspace: 29098K(29376K)->29098K(29376K) NonClass: 25994K(26112K)->25994K(26112K) Class: 3103K(3264K)->3103K(3264K)
[4371.159s][info][gc             ] GC(1113) Pause Young (Allocation Failure) 5686M->3447M(5836M) 97.048ms
[4371.159s][info][gc,cpu         ] GC(1113) User=0.55s Sys=0.03s Real=0.10s
..[4373.420s][info][gc,start       ] GC(1114) Pause Young (Allocation Failure)
[4373.516s][info][gc,heap        ] GC(1114) PSYoungGen: 2561056K(2598400K)->147808K(2600448K) Eden: 2408448K(2408448K)->0K(2408448K) From: 152608K(189952K)->147808K(192000K)
[4373.516s][info][gc,heap        ] GC(1114) ParOldGen: 3377909K(3378176K)->3480141K(3480576K)
[4373.516s][info][gc,metaspace   ] GC(1114) Metaspace: 29098K(29376K)->29098K(29376K) NonClass: 25994K(26112K)->25994K(26112K) Class: 3103K(3264K)->3103K(3264K)
[4373.516s][info][gc             ] GC(1114) Pause Young (Allocation Failure) 5799M->3542M(5938M) 96.461ms
[4373.516s][info][gc,cpu         ] GC(1114) User=0.54s Sys=0.02s Real=0.10s
. (rIR:aIR:PR = 7195:7193:7193) (tPR = 106592) [OK] 
  4373s: Performance info:
         Transaction,    Success,    Partial,     Failed,   Receipts, AvgBarcode, 
             Overall,     432420,          0,          0,     410803,      59.48, 
         Response times:
             Request,    Success,    Partial,     Failed,   SkipFail,     Probes,    Samples,      min,      p50,      p90,      p95,      p99,      max, 
       TotalPurchase,     410803,          0,          0,          0,     356509,     467550,      300,     5200,    13600,    38000,   510000,   950000,
     InStorePurchase,     216251,          0,          0,          0,     187161,     245503,      300,     5000,    13300,    37000,   507000,   950000,
      OnlinePurchase,     151294,          0,          0,          0,     131266,     171840,      300,     5300,    13800,    38000,   512000,   950000,
        InstPurchase,      43258,          0,          0,          0,      38082,      50207,      400,     5500,    14300,    39000,   520000,   810000,
          AssocOfCat,        435,          0,          0,          0,        372,        593,    19400,    34000,    52000,    73000,   307000,   442000,
      AssocOfProduct,       4316,          0,          0,          0,       3951,       5398,      700,     5300,    12700,    35000,   505000,   790000,
      BusinessReport,       1082,          0,          0,          0,        917,       1335,    28000,    43000,    72000,   127000,   700000,   790000,
          CustBuyBeh,       4317,          0,          0,          0,       3947,       5430,      200,     6000,    14400,    40000,   526000,   720000,
       ProductReturn,      11467,          0,          0,          0,       9640,      13021,      200,     5100,    14000,    38000,   351000,   513000,

  4373s: (53%)   IR =   7334 ..[4375.840s][info][gc,start       ] GC(1115) Pause Young (Allocation Failure)
[4375.940s][info][gc,heap        ] GC(1115) PSYoungGen: 2556256K(2600448K)->160127K(2596864K) Eden: 2408448K(2408448K)->0K(2413056K) From: 147808K(192000K)->160127K(183808K)
[4375.940s][info][gc,heap        ] GC(1115) ParOldGen: 3480141K(3480576K)->3582957K(3582976K)
[4375.940s][info][gc,metaspace   ] GC(1115) Metaspace: 29098K(29376K)->29098K(29376K) NonClass: 25994K(26112K)->25994K(26112K) Class: 3103K(3264K)->3103K(3264K)
[4375.940s][info][gc             ] GC(1115) Pause Young (Allocation Failure) 5894M->3655M(6035M) 99.681ms
[4375.940s][info][gc,cpu         ] GC(1115) User=0.55s Sys=0.03s Real=0.10s
..[4378.122s][info][gc,start       ] GC(1116) Pause Young (Allocation Failure)
[4378.226s][info][gc,heap        ] GC(1116) PSYoungGen: 2573183K(2596864K)->164325K(2600960K) Eden: 2413056K(2413056K)->0K(2413056K) From: 160127K(183808K)->164325K(187904K)
[4378.226s][info][gc,heap        ] GC(1116) ParOldGen: 3582957K(3582976K)->3690477K(3690496K)
[4378.226s][info][gc,metaspace   ] GC(1116) Metaspace: 29098K(29376K)->29098K(29376K) NonClass: 25994K(26112K)->25994K(26112K) Class: 3103K(3264K)->3103K(3264K)
[4378.226s][info][gc             ] GC(1116) Pause Young (Allocation Failure) 6011M->3764M(6144M) 103.970ms
[4378.226s][info][gc,cpu         ] GC(1116) User=0.58s Sys=0.02s Real=0.11s
..|[4380.426s][info][gc,start       ] GC(1117) Pause Young (Allocation Failure)
[4380.529s][info][gc,heap        ] GC(1117) PSYoungGen: 2577381K(2600960K)->162298K(2603008K) Eden: 2413056K(2413056K)->0K(2421248K) From: 164325K(187904K)->162298K(181760K)
[4380.529s][info][gc,heap        ] GC(1117) ParOldGen: 3690477K(3690496K)->3792125K(3792384K)
[4380.529s][info][gc,metaspace   ] GC(1117) Metaspace: 29098K(29376K)->29098K(29376K) NonClass: 25994K(26112K)->25994K(26112K) Class: 3103K(3264K)->3103K(3264K)
[4380.529s][info][gc             ] GC(1117) Pause Young (Allocation Failure) 6120M->3861M(6245M) 102.597ms
[4380.529s][info][gc,cpu         ] GC(1117) User=0.57s Sys=0.04s Real=0.10s
...[4382.766s][info][gc,start       ] GC(1118) Pause Young (Allocation Failure)
[4382.863s][info][gc,heap        ] GC(1118) PSYoungGen: 2583546K(2603008K)->151392K(2606080K) Eden: 2421248K(2421248K)->0K(2421248K) From: 162298K(181760K)->151392K(184832K)
[4382.863s][info][gc,heap        ] GC(1118) ParOldGen: 3792125K(3792384K)->3895613K(3895808K)
[4382.863s][info][gc,metaspace   ] GC(1118) Metaspace: 29098K(29376K)->29098K(29376K) NonClass: 25994K(26112K)->25994K(26112K) Class: 3103K(3264K)->3103K(3264K)
[4382.863s][info][gc             ] GC(1118) Pause Young (Allocation Failure) 6226M->3952M(6349M) 97.715ms
[4382.863s][info][gc,cpu         ] GC(1118) User=0.54s Sys=0.04s Real=0.10s
..[4385.134s][info][gc,start       ] GC(1119) Pause Young (Allocation Failure)
[4385.233s][info][gc,heap        ] GC(1119) PSYoungGen: 2572640K(2606080K)->158080K(2606592K) Eden: 2421248K(2421248K)->0K(2426880K) From: 151392K(184832K)->158080K(179712K)
[4385.233s][info][gc,heap        ] GC(1119) ParOldGen: 3895613K(3895808K)->3998309K(3998720K)
[4385.233s][info][gc,metaspace   ] GC(1119) Metaspace: 29098K(29376K)->29098K(29376K) NonClass: 25994K(26112K)->25994K(26112K) Class: 3103K(3264K)->3103K(3264K)
[4385.233s][info][gc             ] GC(1119) Pause Young (Allocation Failure) 6316M->4058M(6450M) 98.708ms
[4385.233s][info][gc,cpu         ] GC(1119) User=0.56s Sys=0.02s Real=0.09s
..[4387.354s][info][gc,start       ] GC(1120) Pause Young (Allocation Failure)
[4387.448s][info][gc,heap        ] GC(1120) PSYoungGen: 2584960K(2606592K)->142496K(2609152K) Eden: 2426880K(2426880K)->0K(2426880K) From: 158080K(179712K)->142496K(182272K)
[4387.448s][info][gc,heap        ] GC(1120) ParOldGen: 3998309K(3998720K)->4105645K(4105728K)
[4387.448s][info][gc,metaspace   ] GC(1120) Metaspace: 29098K(29376K)->29098K(29376K) NonClass: 25994K(26112K)->25994K(26112K) Class: 3103K(3264K)->3103K(3264K)
[4387.448s][info][gc             ] GC(1120) Pause Young (Allocation Failure) 6428M->4148M(6557M) 94.535ms
[4387.448s][info][gc,cpu         ] GC(1120) User=0.52s Sys=0.03s Real=0.09s
...[4389.804s][info][gc,start       ] GC(1121) Pause Young (Allocation Failure)
[4389.901s][info][gc,heap        ] GC(1121) PSYoungGen: 2569376K(2609152K)->156128K(2610176K) Eden: 2426880K(2426880K)->0K(2430976K) From: 142496K(182272K)->156128K(179200K)
[4389.901s][info][gc,heap        ] GC(1121) ParOldGen: 4105645K(4105728K)->4204125K(4204544K)
[4389.901s][info][gc,metaspace   ] GC(1121) Metaspace: 29098K(29376K)->29098K(29376K) NonClass: 25994K(26112K)->25994K(26112K) Class: 3103K(3264K)->3103K(3264K)
[4389.901s][info][gc             ] GC(1121) Pause Young (Allocation Failure) 6518M->4258M(6655M) 96.928ms
[4389.901s][info][gc,cpu         ] GC(1121) User=0.53s Sys=0.04s Real=0.09s
..[4392.125s][info][gc,start       ] GC(1122) Pause Young (Allocation Failure)
[4392.228s][info][gc,heap        ] GC(1122) PSYoungGen: 2587104K(2610176K)->159680K(2611712K) Eden: 2430976K(2430976K)->0K(2430976K) From: 156128K(179200K)->159680K(180736K)
[4392.228s][info][gc,heap        ] GC(1122) ParOldGen: 4204125K(4204544K)->4311797K(4312064K)
[4392.228s][info][gc,metaspace   ] GC(1122) Metaspace: 29098K(29376K)->29098K(29376K) NonClass: 25994K(26112K)->25994K(26112K) Class: 3103K(3264K)->3103K(3264K)
[4392.228s][info][gc             ] GC(1122) Pause Young (Allocation Failure) 6632M->4366M(6761M) 102.730ms
[4392.228s][info][gc,cpu         ] GC(1122) User=0.57s Sys=0.04s Real=0.10s
..[4394.438s][info][gc,start       ] GC(1123) Pause Young (Allocation Failure)
[4394.539s][info][gc,heap        ] GC(1123) PSYoungGen: 2590656K(2611712K)->156272K(2611200K) Eden: 2430976K(2430976K)->0K(2436096K) From: 159680K(180736K)->156272K(175104K)
[4394.539s][info][gc,heap        ] GC(1123) ParOldGen: 4311797K(4312064K)->4415789K(4416000K)
[4394.539s][info][gc,metaspace   ] GC(1123) Metaspace: 29098K(29376K)->29098K(29376K) NonClass: 25994K(26112K)->25994K(26112K) Class: 3103K(3264K)->3103K(3264K)
[4394.539s][info][gc             ] GC(1123) Pause Young (Allocation Failure) 6740M->4464M(6862M) 100.532ms
[4394.539s][info][gc,cpu         ] GC(1123) User=0.55s Sys=0.03s Real=0.10s
...[4396.772s][info][gc,start       ] GC(1124) Pause Young (Allocation Failure)
[4396.870s][info][gc,heap        ] GC(1124) PSYoungGen: 2592368K(2611200K)->153984K(2613248K) Eden: 2436096K(2436096K)->0K(2436096K) From: 156272K(175104K)->153984K(177152K)
[4396.870s][info][gc,heap        ] GC(1124) ParOldGen: 4415789K(4416000K)->4520589K(4520960K)
[4396.870s][info][gc,metaspace   ] GC(1124) Metaspace: 29098K(29376K)->29098K(29376K) NonClass: 25994K(26112K)->25994K(26112K) Class: 3103K(3264K)->3103K(3264K)
[4396.870s][info][gc             ] GC(1124) Pause Young (Allocation Failure) 6843M->4565M(6967M) 98.595ms
[4396.871s][info][gc,cpu         ] GC(1124) User=0.55s Sys=0.03s Real=0.10s
..[4399.091s][info][gc,start       ] GC(1125) Pause Young (Allocation Failure)
[4399.190s][info][gc,heap        ] GC(1125) PSYoungGen: 2590080K(2613248K)->157792K(2613760K) Eden: 2436096K(2436096K)->0K(2442752K) From: 153984K(177152K)->157792K(171008K)
[4399.190s][info][gc,heap        ] GC(1125) ParOldGen: 4520589K(4520960K)->4623293K(4623360K)
[4399.190s][info][gc,metaspace   ] GC(1125) Metaspace: 29098K(29376K)->29098K(29376K) NonClass: 25994K(26112K)->25994K(26112K) Class: 3103K(3264K)->3103K(3264K)
[4399.190s][info][gc             ] GC(1125) Pause Young (Allocation Failure) 6944M->4669M(7067M) 98.785ms
[4399.190s][info][gc,cpu         ] GC(1125) User=0.55s Sys=0.02s Real=0.10s
..[4401.380s][info][gc,start       ] GC(1126) Pause Young (Allocation Failure)
[4401.477s][info][gc,heap        ] GC(1126) PSYoungGen: 2600544K(2613760K)->145376K(2616832K) Eden: 2442752K(2442752K)->0K(2442752K) From: 157792K(171008K)->145376K(174080K)
[4401.477s][info][gc,heap        ] GC(1126) ParOldGen: 4623293K(4623360K)->4729541K(4729856K)
[4401.477s][info][gc,metaspace   ] GC(1126) Metaspace: 29098K(29376K)->29098K(29376K) NonClass: 25994K(26112K)->25994K(26112K) Class: 3103K(3264K)->3103K(3264K)
[4401.477s][info][gc             ] GC(1126) Pause Young (Allocation Failure) 7054M->4760M(7174M) 96.855ms
[4401.477s][info][gc,cpu         ] GC(1126) User=0.54s Sys=0.04s Real=0.10s
...[4403.793s][info][gc,start       ] GC(1127) Pause Young (Allocation Failure)
[4403.891s][info][gc,heap        ] GC(1127) PSYoungGen: 2588128K(2616832K)->155584K(2619392K) Eden: 2442752K(2442752K)->0K(2447360K) From: 145376K(174080K)->155584K(172032K)
[4403.891s][info][gc,heap        ] GC(1127) ParOldGen: 4729541K(4729856K)->4830013K(4830208K)
[4403.891s][info][gc,metaspace   ] GC(1127) Metaspace: 29098K(29376K)->29098K(29376K) NonClass: 25994K(26112K)->25994K(26112K) Class: 3103K(3264K)->3103K(3264K)
[4403.891s][info][gc             ] GC(1127) Pause Young (Allocation Failure) 7146M->4868M(7275M) 97.879ms
[4403.891s][info][gc,cpu         ] GC(1127) User=0.55s Sys=0.02s Real=0.09s
..[4406.276s][info][gc,start       ] GC(1128) Pause Young (Allocation Failure)
[4406.374s][info][gc,heap        ] GC(1128) PSYoungGen: 2602944K(2619392K)->153312K(2620416K) Eden: 2447360K(2447360K)->0K(2447360K) From: 155584K(172032K)->153312K(173056K)
[4406.374s][info][gc,heap        ] GC(1128) ParOldGen: 4830013K(4830208K)->4935053K(4935168K)
[4406.374s][info][gc,metaspace   ] GC(1128) Metaspace: 29098K(29376K)->29098K(29376K) NonClass: 25994K(26112K)->25994K(26112K) Class: 3103K(3264K)->3103K(3264K)
[4406.374s][info][gc             ] GC(1128) Pause Young (Allocation Failure) 7258M->4969M(7378M) 97.766ms
[4406.374s][info][gc,cpu         ] GC(1128) User=0.55s Sys=0.03s Real=0.10s
..[4408.570s][info][gc,start       ] GC(1129) Pause Young (Allocation Failure)
[4408.675s][info][gc,heap        ] GC(1129) PSYoungGen: 2600672K(2620416K)->161104K(2621952K) Eden: 2447360K(2447360K)->0K(2450432K) From: 153312K(173056K)->161104K(171520K)
[4408.675s][info][gc,heap        ] GC(1129) ParOldGen: 4935053K(4935168K)->5043805K(5044224K)
[4408.675s][info][gc,metaspace   ] GC(1129) Metaspace: 29098K(29376K)->29098K(29376K) NonClass: 25994K(26112K)->25994K(26112K) Class: 3103K(3264K)->3103K(3264K)
[4408.675s][info][gc             ] GC(1129) Pause Young (Allocation Failure) 7359M->5082M(7486M) 104.638ms
[4408.675s][info][gc,cpu         ] GC(1129) User=0.57s Sys=0.04s Real=0.11s
...[4410.913s][info][gc,start       ] GC(1130) Pause Young (Allocation Failure)
[4411.015s][info][gc,heap        ] GC(1130) PSYoungGen: 2611536K(2621952K)->157504K(2622464K) Eden: 2450432K(2450432K)->0K(2450432K) From: 161104K(171520K)->157504K(172032K)
[4411.016s][info][gc,heap        ] GC(1130) ParOldGen: 5043805K(5044224K)->5146869K(5147136K)
[4411.016s][info][gc,metaspace   ] GC(1130) Metaspace: 29098K(29376K)->29098K(29376K) NonClass: 25994K(26112K)->25994K(26112K) Class: 3103K(3264K)->3103K(3264K)
[4411.016s][info][gc             ] GC(1130) Pause Young (Allocation Failure) 7475M->5180M(7587M) 102.368ms
[4411.016s][info][gc,cpu         ] GC(1130) User=0.57s Sys=0.03s Real=0.11s
..[4413.265s][info][gc,start       ] GC(1131) Pause Young (Allocation Failure)
[4413.363s][info][gc,heap        ] GC(1131) PSYoungGen: 2607936K(2622464K)->148864K(2623488K) Eden: 2450432K(2450432K)->0K(2452480K) From: 157504K(172032K)->148864K(171008K)
[4413.363s][info][gc,heap        ] GC(1131) ParOldGen: 5146869K(5147136K)->5251301K(5251584K)
[4413.363s][info][gc,metaspace   ] GC(1131) Metaspace: 29098K(29376K)->29098K(29376K) NonClass: 25994K(26112K)->25994K(26112K) Class: 3103K(3264K)->3103K(3264K)
[4413.363s][info][gc             ] GC(1131) Pause Young (Allocation Failure) 7573M->5273M(7690M) 98.011ms
[4413.363s][info][gc,cpu         ] GC(1131) User=0.54s Sys=0.03s Real=0.09s
..[4415.637s][info][gc,start       ] GC(1132) Pause Young (Allocation Failure)
[4415.742s][info][gc,heap        ] GC(1132) PSYoungGen: 2601344K(2623488K)->160256K(2623488K) Eden: 2452480K(2452480K)->0K(2452480K) From: 148864K(171008K)->160256K(171008K)
[4415.742s][info][gc,heap        ] GC(1132) ParOldGen: 5251301K(5251584K)->5357173K(5357568K)
[4415.742s][info][gc,metaspace   ] GC(1132) Metaspace: 29098K(29376K)->29098K(29376K) NonClass: 25994K(26112K)->25994K(26112K) Class: 3103K(3264K)->3103K(3264K)
[4415.742s][info][gc             ] GC(1132) Pause Young (Allocation Failure) 7668M->5388M(7794M) 105.623ms
[4415.742s][info][gc,cpu         ] GC(1132) User=0.58s Sys=0.04s Real=0.10s
...[4417.961s][info][gc,start       ] GC(1133) Pause Young (Allocation Failure)
[4418.062s][info][gc,heap        ] GC(1133) PSYoungGen: 2612736K(2623488K)->154720K(2622976K) Eden: 2452480K(2452480K)->0K(2454016K) From: 160256K(171008K)->154720K(168960K)
[4418.062s][info][gc,heap        ] GC(1133) ParOldGen: 5357173K(5357568K)->5462941K(5463040K)
[4418.062s][info][gc,metaspace   ] GC(1133) Metaspace: 29098K(29376K)->29098K(29376K) NonClass: 25994K(26112K)->25994K(26112K) Class: 3103K(3264K)->3103K(3264K)
[4418.062s][info][gc             ] GC(1133) Pause Young (Allocation Failure) 7783M->5485M(7896M) 100.922ms
[4418.062s][info][gc,cpu         ] GC(1133) User=0.58s Sys=0.03s Real=0.10s
..[4420.361s][info][gc,start       ] GC(1134) Pause Young (Allocation Failure)
[4420.464s][info][gc,heap        ] GC(1134) PSYoungGen: 2608736K(2622976K)->158565K(2624000K) Eden: 2454016K(2454016K)->0K(2454016K) From: 154720K(168960K)->158565K(169984K)
[4420.464s][info][gc,heap        ] GC(1134) ParOldGen: 5462941K(5463040K)->5563797K(5563904K)
[4420.464s][info][gc,metaspace   ] GC(1134) Metaspace: 29098K(29376K)->29098K(29376K) NonClass: 25994K(26112K)->25994K(26112K) Class: 3103K(3264K)->3103K(3264K)
[4420.464s][info][gc             ] GC(1134) Pause Young (Allocation Failure) 7882M->5588M(7996M) 102.493ms
[4420.464s][info][gc,cpu         ] GC(1134) User=0.57s Sys=0.03s Real=0.11s
..[4422.707s][info][gc,start       ] GC(1135) Pause Full (Allocation Failure)
[4422.707s][info][gc,phases,start] GC(1135) Marking Phase
[4423.023s][info][gc,phases      ] GC(1135) Marking Phase 315.651ms
[4423.023s][info][gc,phases,start] GC(1135) Summary Phase
[4423.023s][info][gc,phases      ] GC(1135) Summary Phase 0.115ms
[4423.023s][info][gc,phases,start] GC(1135) Forward
[4423.155s][info][gc,phases      ] GC(1135) Forward 132.027ms
[4423.155s][info][gc,phases,start] GC(1135) Adjust Pointers
[4423.367s][info][gc,phases      ] GC(1135) Adjust Pointers 212.245ms
[4423.367s][info][gc,phases,start] GC(1135) Compaction Phase
[4423.514s][info][gc,phases      ] GC(1135) Compaction Phase 146.983ms
[4423.516s][info][gc,phases,start] GC(1135) Post Compact
[4423.523s][info][gc,phases      ] GC(1135) Post Compact 6.993ms
[4423.656s][info][gc,heap        ] GC(1135) PSYoungGen: 2612581K(2624000K)->0K(2625536K) Eden: 2454016K(2454016K)->0K(2456576K) From: 158565K(169984K)->0K(168960K)
[4423.656s][info][gc,heap        ] GC(1135) ParOldGen: 5563797K(5563904K)->1610781K(1916928K)
[4423.656s][info][gc,metaspace   ] GC(1135) Metaspace: 29098K(29376K)->29098K(29376K) NonClass: 25994K(26112K)->25994K(26112K) Class: 3103K(3264K)->3103K(3264K)
[4423.656s][info][gc             ] GC(1135) Pause Full (Allocation Failure) 7984M->1573M(4436M) 948.963ms
[4423.656s][info][gc,cpu         ] GC(1135) User=4.38s Sys=0.13s Real=0.95s
..[4425.112s][info][gc,start       ] GC(1136) Pause Young (Allocation Failure)
[4425.182s][info][gc,heap        ] GC(1136) PSYoungGen: 2456576K(2625536K)->169285K(2626048K) Eden: 2456576K(2456576K)->0K(2456576K) From: 0K(168960K)->169285K(169472K)
[4425.182s][info][gc,heap        ] GC(1136) ParOldGen: 1610781K(1916928K)->1610781K(1916928K)
[4425.182s][info][gc,metaspace   ] GC(1136) Metaspace: 29098K(29376K)->29098K(29376K) NonClass: 25994K(26112K)->25994K(26112K) Class: 3103K(3264K)->3103K(3264K)
[4425.182s][info][gc             ] GC(1136) Pause Young (Allocation Failure) 3972M->1738M(4436M) 70.016ms
[4425.182s][info][gc,cpu         ] GC(1136) User=0.41s Sys=0.00s Real=0.07s
..[4427.494s][info][gc,start       ] GC(1137) Pause Young (Allocation Failure)
[4427.595s][info][gc,heap        ] GC(1137) PSYoungGen: 2625861K(2626048K)->158112K(2622976K) Eden: 2456576K(2456576K)->0K(2452992K) From: 169285K(169472K)->158112K(169984K)
[4427.595s][info][gc,heap        ] GC(1137) ParOldGen: 1610781K(1916928K)->1714301K(1916928K)
[4427.595s][info][gc,metaspace   ] GC(1137) Metaspace: 29098K(29376K)->29098K(29376K) NonClass: 25994K(26112K)->25994K(26112K) Class: 3103K(3264K)->3103K(3264K)
[4427.595s][info][gc             ] GC(1137) Pause Young (Allocation Failure) 4137M->1828M(4433M) 101.281ms
[4427.595s][info][gc,cpu         ] GC(1137) User=0.60s Sys=0.00s Real=0.10s
.[4427.795s][info][gc,start       ] GC(1138) Pause Full (Diagnostic Command)
[4427.795s][info][gc,phases,start] GC(1138) Marking Phase
[4428.101s][info][gc,phases      ] GC(1138) Marking Phase 306.171ms
[4428.101s][info][gc,phases,start] GC(1138) Summary Phase
[4428.101s][info][gc,phases      ] GC(1138) Summary Phase 0.037ms
[4428.102s][info][gc,phases,start] GC(1138) Forward
[4428.214s][info][gc,phases      ] GC(1138) Forward 112.105ms
[4428.214s][info][gc,phases,start] GC(1138) Adjust Pointers
[4428.428s][info][gc,phases      ] GC(1138) Adjust Pointers 213.943ms
[4428.428s][info][gc,phases,start] GC(1138) Compaction Phase
[4428.607s][info][gc,phases      ] GC(1138) Compaction Phase 179.348ms
[4428.609s][info][gc,phases,start] GC(1138) Post Compact
[4428.611s][info][gc,phases      ] GC(1138) Post Compact 1.979ms
[4428.611s][info][gc,heap        ] GC(1138) PSYoungGen: 482428K(2622976K)->0K(2622976K) Eden: 324316K(2452992K)->0K(2452992K) From: 158112K(169984K)->0K(169984K)
[4428.611s][info][gc,heap        ] GC(1138) ParOldGen: 1714301K(1916928K)->1339566K(1916928K)
[4428.611s][info][gc,metaspace   ] GC(1138) Metaspace: 29098K(29376K)->29098K(29376K) NonClass: 25994K(26112K)->25994K(26112K) Class: 3103K(3264K)->3103K(3264K)
[4428.611s][info][gc             ] GC(1138) Pause Full (Diagnostic Command) 2145M->1308M(4433M) 815.969ms
[4428.611s][info][gc,cpu         ] GC(1138) User=4.63s Sys=0.00s Real=0.81s
..[4430.124s][info][gc,start       ] GC(1139) Pause Young (Allocation Failure)
[4430.191s][info][gc,heap        ] GC(1139) PSYoungGen: 2452992K(2622976K)->163013K(2616320K) Eden: 2452992K(2452992K)->0K(2452992K) From: 0K(169984K)->163013K(163328K)
[4430.191s][info][gc,heap        ] GC(1139) ParOldGen: 1339566K(1916928K)->1339566K(1916928K)
[4430.191s][info][gc,metaspace   ] GC(1139) Metaspace: 29098K(29376K)->29098K(29376K) NonClass: 25994K(26112K)->25994K(26112K) Class: 3103K(3264K)->3103K(3264K)
[4430.191s][info][gc             ] GC(1139) Pause Young (Allocation Failure) 3703M->1467M(4427M) 66.473ms
[4430.191s][info][gc,cpu         ] GC(1139) User=0.40s Sys=0.00s Real=0.06s
..[4432.419s][info][gc,start       ] GC(1140) Pause Young (Allocation Failure)
[4432.509s][info][gc,heap        ] GC(1140) PSYoungGen: 2616005K(2616320K)->147680K(2622976K) Eden: 2452992K(2452992K)->0K(2450944K) From: 163013K(163328K)->147680K(172032K)
[4432.509s][info][gc,heap        ] GC(1140) ParOldGen: 1339566K(1916928K)->1444267K(1916928K)
[4432.509s][info][gc,metaspace   ] GC(1140) Metaspace: 29098K(29376K)->29098K(29376K) NonClass: 25994K(26112K)->25994K(26112K) Class: 3103K(3264K)->3103K(3264K)
[4432.509s][info][gc             ] GC(1140) Pause Young (Allocation Failure) 3862M->1554M(4433M) 89.523ms
[4432.509s][info][gc,cpu         ] GC(1140) User=0.54s Sys=0.00s Real=0.09s
..[4434.767s][info][gc,start       ] GC(1141) Pause Young (Allocation Failure)
[4434.867s][info][gc,heap        ] GC(1141) PSYoungGen: 2598624K(2622976K)->172365K(2623488K) Eden: 2450944K(2450944K)->0K(2450944K) From: 147680K(172032K)->172365K(172544K)
[4434.867s][info][gc,heap        ] GC(1141) ParOldGen: 1444267K(1916928K)->1547443K(1916928K)
[4434.867s][info][gc,metaspace   ] GC(1141) Metaspace: 29098K(29376K)->29098K(29376K) NonClass: 25994K(26112K)->25994K(26112K) Class: 3103K(3264K)->3103K(3264K)
[4434.867s][info][gc             ] GC(1141) Pause Young (Allocation Failure) 3948M->1679M(4434M) 100.410ms
[4434.867s][info][gc,cpu         ] GC(1141) User=0.59s Sys=0.00s Real=0.10s
...[4437.147s][info][gc,start       ] GC(1142) Pause Young (Allocation Failure)
[4437.251s][info][gc,heap        ] GC(1142) PSYoungGen: 2623309K(2623488K)->172537K(2529280K) Eden: 2450944K(2450944K)->0K(2356736K) From: 172365K(172544K)->172537K(172544K)
[4437.251s][info][gc,heap        ] GC(1142) ParOldGen: 1547443K(1916928K)->1654219K(1916928K)
[4437.251s][info][gc,metaspace   ] GC(1142) Metaspace: 29098K(29376K)->29098K(29376K) NonClass: 25994K(26112K)->25994K(26112K) Class: 3103K(3264K)->3103K(3264K)
[4437.251s][info][gc             ] GC(1142) Pause Young (Allocation Failure) 4073M->1783M(4342M) 103.813ms
[4437.251s][info][gc,cpu         ] GC(1142) User=0.59s Sys=0.03s Real=0.10s
..[4439.395s][info][gc,start       ] GC(1143) Pause Young (Allocation Failure)
[4439.483s][info][gc,heap        ] GC(1143) PSYoungGen: 2529273K(2529280K)->144352K(2576384K) Eden: 2356736K(2356736K)->0K(2356736K) From: 172537K(172544K)->144352K(219648K)
[4439.483s][info][gc,heap        ] GC(1143) ParOldGen: 1654219K(1916928K)->1759323K(1916928K)
[4439.483s][info][gc,metaspace   ] GC(1143) Metaspace: 29098K(29376K)->29098K(29376K) NonClass: 25994K(26112K)->25994K(26112K) Class: 3103K(3264K)->3103K(3264K)
[4439.483s][info][gc             ] GC(1143) Pause Young (Allocation Failure) 4085M->1859M(4388M) 87.912ms
[4439.483s][info][gc,cpu         ] GC(1143) User=0.52s Sys=0.00s Real=0.09s
. (rIR:aIR:PR = 7334:7317:7317) (tPR = 108539) [OK] 
  4439s: Performance info:
         Transaction,    Success,    Partial,     Failed,   Receipts, AvgBarcode, 
             Overall,     440878,          0,          0,     418726,      59.48, 
         Response times:
             Request,    Success,    Partial,     Failed,   SkipFail,     Probes,    Samples,      min,      p50,      p90,      p95,      p99,      max, 
       TotalPurchase,     418726,          0,          0,          0,     351314,     399276,      200,     5500,    31000,    56000,   160000,  1000000,
     InStorePurchase,     220573,          0,          0,          0,     184665,     209375,      300,     5400,    30000,    55000,   160000,  1000000,
      OnlinePurchase,     154041,          0,          0,          0,     129197,     146913,      200,     5500,    31000,    57000,   154000,  1000000,
        InstPurchase,      44112,          0,          0,          0,      37452,      42988,      400,     5500,    30000,    56000,   216000,  1000000,
          AssocOfCat,        440,          0,          0,          0,        351,        488,    23000,    36000,    70100,   105550,   273110,   348000,
      AssocOfProduct,       4424,          0,          0,          0,       4028,       4794,      500,     6000,    28500,    63000,   244000,   330000,
      BusinessReport,       1107,          0,          0,          0,        962,       1211,    29000,    42000,    78000,   123800,   271760,   920000,
          CustBuyBeh,       4417,          0,          0,          0,       4043,       4825,      200,     5100,    29000,    52700,   225840,   960000,
       ProductReturn,      11764,          0,          0,          0,       9845,      11429,      200,     6500,    35000,    59500,   265000,  1000000,

  4439s: (54%)   IR =   7472 .[4441.673s][info][gc,start       ] GC(1144) Pause Young (Allocation Failure)
[4441.768s][info][gc,heap        ] GC(1144) PSYoungGen: 2501088K(2576384K)->160880K(2568704K) Eden: 2356736K(2356736K)->0K(2357248K) From: 144352K(219648K)->160880K(211456K)
[4441.768s][info][gc,heap        ] GC(1144) ParOldGen: 1759323K(1916928K)->1860891K(1916928K)
[4441.768s][info][gc,metaspace   ] GC(1144) Metaspace: 29098K(29376K)->29098K(29376K) NonClass: 25994K(26112K)->25994K(26112K) Class: 3103K(3264K)->3103K(3264K)
[4441.768s][info][gc             ] GC(1144) Pause Young (Allocation Failure) 4160M->1974M(4380M) 95.591ms
[4441.768s][info][gc,cpu         ] GC(1144) User=0.57s Sys=0.00s Real=0.10s
...[4443.960s][info][gc,start       ] GC(1145) Pause Young (Allocation Failure)
[4444.054s][info][gc,heap        ] GC(1145) PSYoungGen: 2518128K(2568704K)->152960K(2572800K) Eden: 2357248K(2357248K)->0K(2357248K) From: 160880K(211456K)->152960K(215552K)
[4444.054s][info][gc,heap        ] GC(1145) ParOldGen: 1860891K(1916928K)->1963387K(1963520K)
[4444.054s][info][gc,metaspace   ] GC(1145) Metaspace: 29098K(29376K)->29098K(29376K) NonClass: 25994K(26112K)->25994K(26112K) Class: 3103K(3264K)->3103K(3264K)
[4444.054s][info][gc             ] GC(1145) Pause Young (Allocation Failure) 4276M->2066M(4430M) 94.051ms
[4444.054s][info][gc,cpu         ] GC(1145) User=0.54s Sys=0.01s Real=0.10s
..[4446.106s][info][gc,start       ] GC(1146) Pause Young (Allocation Failure)
[4446.203s][info][gc,heap        ] GC(1146) PSYoungGen: 2510208K(2572800K)->155988K(2572800K) Eden: 2357248K(2357248K)->0K(2367488K) From: 152960K(215552K)->155988K(205312K)
[4446.203s][info][gc,heap        ] GC(1146) ParOldGen: 1963387K(1963520K)->2068947K(2068992K)
[4446.203s][info][gc,metaspace   ] GC(1146) Metaspace: 29098K(29376K)->29098K(29376K) NonClass: 25994K(26112K)->25994K(26112K) Class: 3103K(3264K)->3103K(3264K)
[4446.203s][info][gc             ] GC(1146) Pause Young (Allocation Failure) 4368M->2172M(4533M) 96.869ms
[4446.203s][info][gc,cpu         ] GC(1146) User=0.53s Sys=0.03s Real=0.09s
..|[4448.340s][info][gc,start       ] GC(1147) Pause Young (Allocation Failure)
[4448.431s][info][gc,heap        ] GC(1147) PSYoungGen: 2523476K(2572800K)->146944K(2577408K) Eden: 2367488K(2367488K)->0K(2367488K) From: 155988K(205312K)->146944K(209920K)
[4448.431s][info][gc,heap        ] GC(1147) ParOldGen: 2068947K(2068992K)->2167811K(2168320K)
[4448.431s][info][gc,metaspace   ] GC(1147) Metaspace: 29098K(29376K)->29098K(29376K) NonClass: 25994K(26112K)->25994K(26112K) Class: 3103K(3264K)->3103K(3264K)
[4448.431s][info][gc             ] GC(1147) Pause Young (Allocation Failure) 4484M->2260M(4634M) 90.901ms
[4448.431s][info][gc,cpu         ] GC(1147) User=0.50s Sys=0.03s Real=0.09s
..[4450.610s][info][gc,start       ] GC(1148) Pause Young (Allocation Failure)
[4450.703s][info][gc,heap        ] GC(1148) PSYoungGen: 2514432K(2577408K)->147840K(2581504K) Eden: 2367488K(2367488K)->0K(2377728K) From: 146944K(209920K)->147840K(203776K)
[4450.703s][info][gc,heap        ] GC(1148) ParOldGen: 2167811K(2168320K)->2272715K(2272768K)
[4450.703s][info][gc,metaspace   ] GC(1148) Metaspace: 29098K(29376K)->29098K(29376K) NonClass: 25994K(26112K)->25994K(26112K) Class: 3103K(3264K)->3103K(3264K)
[4450.703s][info][gc             ] GC(1148) Pause Young (Allocation Failure) 4572M->2363M(4740M) 93.414ms
[4450.703s][info][gc,cpu         ] GC(1148) User=0.51s Sys=0.04s Real=0.10s
..[4452.865s][info][gc,start       ] GC(1149) Pause Young (Allocation Failure)
[4452.966s][info][gc,heap        ] GC(1149) PSYoungGen: 2525568K(2581504K)->163623K(2584576K) Eden: 2377728K(2377728K)->0K(2377728K) From: 147840K(203776K)->163623K(206848K)
[4452.966s][info][gc,heap        ] GC(1149) ParOldGen: 2272715K(2272768K)->2374859K(2375168K)
[4452.966s][info][gc,metaspace   ] GC(1149) Metaspace: 29098K(29376K)->29098K(29376K) NonClass: 25994K(26112K)->25994K(26112K) Class: 3103K(3264K)->3103K(3264K)
[4452.966s][info][gc             ] GC(1149) Pause Young (Allocation Failure) 4685M->2478M(4843M) 101.007ms
[4452.966s][info][gc,cpu         ] GC(1149) User=0.55s Sys=0.04s Real=0.10s
...[4455.099s][info][gc,start       ] GC(1150) Pause Young (Allocation Failure)
[4455.194s][info][gc,heap        ] GC(1150) PSYoungGen: 2541351K(2584576K)->157600K(2584064K) Eden: 2377728K(2377728K)->0K(2386432K) From: 163623K(206848K)->157600K(197632K)
[4455.194s][info][gc,heap        ] GC(1150) ParOldGen: 2374859K(2375168K)->2478587K(2478592K)
[4455.194s][info][gc,metaspace   ] GC(1150) Metaspace: 29098K(29376K)->29098K(29376K) NonClass: 25994K(26112K)->25994K(26112K) Class: 3103K(3264K)->3103K(3264K)
[4455.194s][info][gc             ] GC(1150) Pause Young (Allocation Failure) 4800M->2574M(4944M) 95.735ms
[4455.194s][info][gc,cpu         ] GC(1150) User=0.53s Sys=0.04s Real=0.10s
..[4457.306s][info][gc,start       ] GC(1151) Pause Young (Allocation Failure)
[4457.401s][info][gc,heap        ] GC(1151) PSYoungGen: 2544032K(2584064K)->147104K(2586112K) Eden: 2386432K(2386432K)->0K(2386432K) From: 157600K(197632K)->147104K(199680K)
[4457.401s][info][gc,heap        ] GC(1151) ParOldGen: 2478587K(2478592K)->2584787K(2585088K)
[4457.401s][info][gc,metaspace   ] GC(1151) Metaspace: 29098K(29376K)->29098K(29376K) NonClass: 25994K(26112K)->25994K(26112K) Class: 3103K(3264K)->3103K(3264K)
[4457.401s][info][gc             ] GC(1151) Pause Young (Allocation Failure) 4904M->2667M(5050M) 95.609ms
[4457.401s][info][gc,cpu         ] GC(1151) User=0.53s Sys=0.03s Real=0.09s
..[4459.588s][info][gc,start       ] GC(1152) Pause Young (Allocation Failure)
[4459.683s][info][gc,heap        ] GC(1152) PSYoungGen: 2533536K(2586112K)->156784K(2589696K) Eden: 2386432K(2386432K)->0K(2398208K) From: 147104K(199680K)->156784K(191488K)
[4459.683s][info][gc,heap        ] GC(1152) ParOldGen: 2584787K(2585088K)->2684571K(2684928K)
[4459.683s][info][gc,metaspace   ] GC(1152) Metaspace: 29098K(29376K)->29098K(29376K) NonClass: 25994K(26112K)->25994K(26112K) Class: 3103K(3264K)->3103K(3264K)
[4459.683s][info][gc             ] GC(1152) Pause Young (Allocation Failure) 4998M->2774M(5151M) 95.605ms
[4459.683s][info][gc,cpu         ] GC(1152) User=0.54s Sys=0.03s Real=0.10s
..[4461.839s][info][gc,start       ] GC(1153) Pause Young (Allocation Failure)
[4461.933s][info][gc,heap        ] GC(1153) PSYoungGen: 2554992K(2589696K)->148928K(2593280K) Eden: 2398208K(2398208K)->0K(2398208K) From: 156784K(191488K)->148928K(195072K)
[4461.933s][info][gc,heap        ] GC(1153) ParOldGen: 2684571K(2684928K)->2789571K(2789888K)
[4461.933s][info][gc,metaspace   ] GC(1153) Metaspace: 29098K(29376K)->29098K(29376K) NonClass: 25994K(26112K)->25994K(26112K) Class: 3103K(3264K)->3103K(3264K)
[4461.933s][info][gc             ] GC(1153) Pause Young (Allocation Failure) 5116M->2869M(5257M) 94.223ms
[4461.933s][info][gc,cpu         ] GC(1153) User=0.52s Sys=0.04s Real=0.09s
...[4464.104s][info][gc,start       ] GC(1154) Pause Young (Allocation Failure)
[4464.203s][info][gc,heap        ] GC(1154) PSYoungGen: 2547136K(2593280K)->162592K(2596352K) Eden: 2398208K(2398208K)->0K(2407936K) From: 148928K(195072K)->162592K(188416K)
[4464.203s][info][gc,heap        ] GC(1154) ParOldGen: 2789571K(2789888K)->2890931K(2891264K)
[4464.203s][info][gc,metaspace   ] GC(1154) Metaspace: 29098K(29376K)->29098K(29376K) NonClass: 25994K(26112K)->25994K(26112K) Class: 3103K(3264K)->3103K(3264K)
[4464.203s][info][gc             ] GC(1154) Pause Young (Allocation Failure) 5211M->2981M(5359M) 98.820ms
[4464.203s][info][gc,cpu         ] GC(1154) User=0.55s Sys=0.04s Real=0.09s
..[4466.287s][info][gc,start       ] GC(1155) Pause Young (Allocation Failure)
[4466.380s][info][gc,heap        ] GC(1155) PSYoungGen: 2570528K(2596352K)->144832K(2599424K) Eden: 2407936K(2407936K)->0K(2407936K) From: 162592K(188416K)->144832K(191488K)
[4466.380s][info][gc,heap        ] GC(1155) ParOldGen: 2890931K(2891264K)->2995691K(2995712K)
[4466.380s][info][gc,metaspace   ] GC(1155) Metaspace: 29098K(29376K)->29098K(29376K) NonClass: 25994K(26112K)->25994K(26112K) Class: 3103K(3264K)->3103K(3264K)
[4466.380s][info][gc             ] GC(1155) Pause Young (Allocation Failure) 5333M->3066M(5464M) 92.827ms
[4466.380s][info][gc,cpu         ] GC(1155) User=0.50s Sys=0.04s Real=0.09s
..[4468.643s][info][gc,start       ] GC(1156) Pause Young (Allocation Failure)
[4468.742s][info][gc,heap        ] GC(1156) PSYoungGen: 2552768K(2599424K)->162368K(2600448K) Eden: 2407936K(2407936K)->0K(2414080K) From: 144832K(191488K)->162368K(186368K)
[4468.742s][info][gc,heap        ] GC(1156) ParOldGen: 2995691K(2995712K)->3094475K(3094528K)
[4468.742s][info][gc,metaspace   ] GC(1156) Metaspace: 29098K(29376K)->29098K(29376K) NonClass: 25994K(26112K)->25994K(26112K) Class: 3103K(3264K)->3103K(3264K)
[4468.742s][info][gc             ] GC(1156) Pause Young (Allocation Failure) 5418M->3180M(5561M) 98.860ms
[4468.742s][info][gc,cpu         ] GC(1156) User=0.56s Sys=0.03s Real=0.10s
..[4470.826s][info][gc,start       ] GC(1157) Pause Young (Allocation Failure)
[4470.927s][info][gc,heap        ] GC(1157) PSYoungGen: 2576448K(2600448K)->154836K(2603008K) Eden: 2414080K(2414080K)->0K(2414080K) From: 162368K(186368K)->154836K(188928K)
[4470.927s][info][gc,heap        ] GC(1157) ParOldGen: 3094475K(3094528K)->3205067K(3205120K)
[4470.927s][info][gc,metaspace   ] GC(1157) Metaspace: 29098K(29376K)->29098K(29376K) NonClass: 25994K(26112K)->25994K(26112K) Class: 3103K(3264K)->3103K(3264K)
[4470.928s][info][gc             ] GC(1157) Pause Young (Allocation Failure) 5538M->3281M(5672M) 101.285ms
[4470.928s][info][gc,cpu         ] GC(1157) User=0.56s Sys=0.03s Real=0.10s
...[4473.106s][info][gc,start       ] GC(1158) Pause Young (Allocation Failure)
[4473.206s][info][gc,heap        ] GC(1158) PSYoungGen: 2568916K(2603008K)->161632K(2605056K) Eden: 2414080K(2414080K)->0K(2420736K) From: 154836K(188928K)->161632K(184320K)
[4473.206s][info][gc,heap        ] GC(1158) ParOldGen: 3205067K(3205120K)->3305571K(3305984K)
[4473.206s][info][gc,metaspace   ] GC(1158) Metaspace: 29098K(29376K)->29098K(29376K) NonClass: 25994K(26112K)->25994K(26112K) Class: 3103K(3264K)->3103K(3264K)
[4473.206s][info][gc             ] GC(1158) Pause Young (Allocation Failure) 5638M->3385M(5772M) 99.840ms
[4473.206s][info][gc,cpu         ] GC(1158) User=0.56s Sys=0.03s Real=0.10s
..[4475.375s][info][gc,start       ] GC(1159) Pause Young (Allocation Failure)
[4475.468s][info][gc,heap        ] GC(1159) PSYoungGen: 2582368K(2605056K)->146720K(2606080K) Eden: 2420736K(2420736K)->0K(2420736K) From: 161632K(184320K)->146720K(185344K)
[4475.468s][info][gc,heap        ] GC(1159) ParOldGen: 3305571K(3305984K)->3410059K(3410432K)
[4475.468s][info][gc,metaspace   ] GC(1159) Metaspace: 29098K(29376K)->29098K(29376K) NonClass: 25994K(26112K)->25994K(26112K) Class: 3103K(3264K)->3103K(3264K)
[4475.468s][info][gc             ] GC(1159) Pause Young (Allocation Failure) 5749M->3473M(5875M) 93.043ms
[4475.468s][info][gc,cpu         ] GC(1159) User=0.50s Sys=0.04s Real=0.09s
..[4477.670s][info][gc,start       ] GC(1160) Pause Young (Allocation Failure)
[4477.770s][info][gc,heap        ] GC(1160) PSYoungGen: 2567456K(2606080K)->158164K(2606592K) Eden: 2420736K(2420736K)->0K(2426368K) From: 146720K(185344K)->158164K(180224K)
[4477.770s][info][gc,heap        ] GC(1160) ParOldGen: 3410059K(3410432K)->3513491K(3513856K)
[4477.770s][info][gc,metaspace   ] GC(1160) Metaspace: 29098K(29376K)->29098K(29376K) NonClass: 25994K(26112K)->25994K(26112K) Class: 3103K(3264K)->3103K(3264K)
[4477.770s][info][gc             ] GC(1160) Pause Young (Allocation Failure) 5837M->3585M(5977M) 99.886ms
[4477.770s][info][gc,cpu         ] GC(1160) User=0.56s Sys=0.03s Real=0.10s
..[4479.951s][info][gc,start       ] GC(1161) Pause Young (Allocation Failure)
[4480.050s][info][gc,heap        ] GC(1161) PSYoungGen: 2584532K(2606592K)->157760K(2608640K) Eden: 2426368K(2426368K)->0K(2426368K) From: 158164K(180224K)->157760K(182272K)
[4480.050s][info][gc,heap        ] GC(1161) ParOldGen: 3513491K(3513856K)->3617819K(3618304K)
[4480.050s][info][gc,metaspace   ] GC(1161) Metaspace: 29098K(29376K)->29098K(29376K) NonClass: 25994K(26112K)->25994K(26112K) Class: 3103K(3264K)->3103K(3264K)
[4480.051s][info][gc             ] GC(1161) Pause Young (Allocation Failure) 5955M->3687M(6081M) 99.637ms
[4480.051s][info][gc,cpu         ] GC(1161) User=0.57s Sys=0.02s Real=0.10s
...[4482.229s][info][gc,start       ] GC(1162) Pause Young (Allocation Failure)
[4482.328s][info][gc,heap        ] GC(1162) PSYoungGen: 2584128K(2608640K)->150692K(2612224K) Eden: 2426368K(2426368K)->0K(2434048K) From: 157760K(182272K)->150692K(178176K)
[4482.328s][info][gc,heap        ] GC(1162) ParOldGen: 3617819K(3618304K)->3722963K(3723264K)
[4482.328s][info][gc,metaspace   ] GC(1162) Metaspace: 29098K(29376K)->29098K(29376K) NonClass: 25994K(26112K)->25994K(26112K) Class: 3103K(3264K)->3103K(3264K)
[4482.328s][info][gc             ] GC(1162) Pause Young (Allocation Failure) 6056M->3782M(6187M) 99.278ms
[4482.328s][info][gc,cpu         ] GC(1162) User=0.55s Sys=0.03s Real=0.10s
..[4484.590s][info][gc,start       ] GC(1163) Pause Young (Allocation Failure)
[4484.689s][info][gc,heap        ] GC(1163) PSYoungGen: 2582175K(2612224K)->160320K(2612736K) Eden: 2431482K(2434048K)->0K(2434048K) From: 150692K(178176K)->160320K(178688K)
[4484.689s][info][gc,heap        ] GC(1163) ParOldGen: 3722963K(3723264K)->3824323K(3824640K)
[4484.689s][info][gc,metaspace   ] GC(1163) Metaspace: 29098K(29376K)->29098K(29376K) NonClass: 25994K(26112K)->25994K(26112K) Class: 3103K(3264K)->3103K(3264K)
[4484.689s][info][gc             ] GC(1163) Pause Young (Allocation Failure) 6157M->3891M(6286M) 99.243ms
[4484.689s][info][gc,cpu         ] GC(1163) User=0.57s Sys=0.02s Real=0.10s
..[4486.847s][info][gc,start       ] GC(1164) Pause Young (Allocation Failure)
[4486.945s][info][gc,heap        ] GC(1164) PSYoungGen: 2594368K(2612736K)->153696K(2614272K) Eden: 2434048K(2434048K)->0K(2439168K) From: 160320K(178688K)->153696K(175104K)
[4486.945s][info][gc,heap        ] GC(1164) ParOldGen: 3824323K(3824640K)->3931931K(3932160K)
[4486.945s][info][gc,metaspace   ] GC(1164) Metaspace: 29098K(29376K)->29098K(29376K) NonClass: 25994K(26112K)->25994K(26112K) Class: 3103K(3264K)->3103K(3264K)
[4486.945s][info][gc             ] GC(1164) Pause Young (Allocation Failure) 6268M->3989M(6393M) 98.580ms
[4486.945s][info][gc,cpu         ] GC(1164) User=0.55s Sys=0.03s Real=0.10s
...[4489.172s][info][gc,start       ] GC(1165) Pause Young (Allocation Failure)
[4489.269s][info][gc,heap        ] GC(1165) PSYoungGen: 2592864K(2614272K)->149176K(2615808K) Eden: 2439168K(2439168K)->0K(2439168K) From: 153696K(175104K)->149176K(176640K)
[4489.269s][info][gc,heap        ] GC(1165) ParOldGen: 3931931K(3932160K)->4035803K(4036096K)
[4489.270s][info][gc,metaspace   ] GC(1165) Metaspace: 29098K(29376K)->29098K(29376K) NonClass: 25994K(26112K)->25994K(26112K) Class: 3103K(3264K)->3103K(3264K)
[4489.270s][info][gc             ] GC(1165) Pause Young (Allocation Failure) 6371M->4086M(6496M) 97.838ms
[4489.270s][info][gc,cpu         ] GC(1165) User=0.55s Sys=0.02s Real=0.10s
..[4491.495s][info][gc,start       ] GC(1166) Pause Young (Allocation Failure)
[4491.595s][info][gc,heap        ] GC(1166) PSYoungGen: 2588344K(2615808K)->154976K(2615808K) Eden: 2439168K(2439168K)->0K(2443776K) From: 149176K(176640K)->154976K(172032K)
[4491.595s][info][gc,heap        ] GC(1166) ParOldGen: 4035803K(4036096K)->4140867K(4141056K)
[4491.595s][info][gc,metaspace   ] GC(1166) Metaspace: 29098K(29376K)->29098K(29376K) NonClass: 25994K(26112K)->25994K(26112K) Class: 3103K(3264K)->3103K(3264K)
[4491.595s][info][gc             ] GC(1166) Pause Young (Allocation Failure) 6468M->4195M(6598M) 99.377ms
[4491.595s][info][gc,cpu         ] GC(1166) User=0.56s Sys=0.03s Real=0.10s
..[4493.694s][info][gc,start       ] GC(1167) Pause Young (Allocation Failure)
[4493.797s][info][gc,heap        ] GC(1167) PSYoungGen: 2598752K(2615808K)->161461K(2617856K) Eden: 2443776K(2443776K)->0K(2443776K) From: 154976K(172032K)->161461K(174080K)
[4493.797s][info][gc,heap        ] GC(1167) ParOldGen: 4140867K(4141056K)->4247475K(4247552K)
[4493.797s][info][gc,metaspace   ] GC(1167) Metaspace: 29098K(29376K)->29098K(29376K) NonClass: 25994K(26112K)->25994K(26112K) Class: 3103K(3264K)->3103K(3264K)
[4493.797s][info][gc             ] GC(1167) Pause Young (Allocation Failure) 6581M->4305M(6704M) 103.620ms
[4493.797s][info][gc,cpu         ] GC(1167) User=0.58s Sys=0.03s Real=0.10s
..[4496.029s][info][gc,start       ] GC(1168) Pause Young (Allocation Failure)
[4496.131s][info][gc,heap        ] GC(1168) PSYoungGen: 2605237K(2617856K)->162644K(2620928K) Eden: 2443776K(2443776K)->0K(2446848K) From: 161461K(174080K)->162644K(174080K)
[4496.131s][info][gc,heap        ] GC(1168) ParOldGen: 4247475K(4247552K)->4348611K(4348928K)
[4496.131s][info][gc,metaspace   ] GC(1168) Metaspace: 29098K(29376K)->29098K(29376K) NonClass: 25994K(26112K)->25994K(26112K) Class: 3103K(3264K)->3103K(3264K)
[4496.131s][info][gc             ] GC(1168) Pause Young (Allocation Failure) 6692M->4405M(6806M) 102.857ms
[4496.132s][info][gc,cpu         ] GC(1168) User=0.57s Sys=0.04s Real=0.10s
...[4498.331s][info][gc,start       ] GC(1169) Pause Young (Allocation Failure)
[4498.430s][info][gc,heap        ] GC(1169) PSYoungGen: 2609492K(2620928K)->155957K(2603008K) Eden: 2446848K(2446848K)->0K(2446848K) From: 162644K(174080K)->155957K(156160K)
[4498.430s][info][gc,heap        ] GC(1169) ParOldGen: 4348611K(4348928K)->4453363K(4453376K)
[4498.430s][info][gc,metaspace   ] GC(1169) Metaspace: 29098K(29376K)->29098K(29376K) NonClass: 25994K(26112K)->25994K(26112K) Class: 3103K(3264K)->3103K(3264K)
[4498.430s][info][gc             ] GC(1169) Pause Young (Allocation Failure) 6795M->4501M(6891M) 98.985ms
[4498.430s][info][gc,cpu         ] GC(1169) User=0.57s Sys=0.02s Real=0.10s
..[4500.590s][info][gc,start       ] GC(1170) Pause Young (Allocation Failure)
[4500.688s][info][gc,heap        ] GC(1170) PSYoungGen: 2602805K(2603008K)->150624K(2620928K) Eden: 2446848K(2446848K)->0K(2447872K) From: 155957K(156160K)->150624K(173056K)
[4500.688s][info][gc,heap        ] GC(1170) ParOldGen: 4453363K(4453376K)->4558539K(4558848K)
[4500.688s][info][gc,metaspace   ] GC(1170) Metaspace: 29098K(29376K)->29098K(29376K) NonClass: 25994K(26112K)->25994K(26112K) Class: 3103K(3264K)->3103K(3264K)
[4500.688s][info][gc             ] GC(1170) Pause Young (Allocation Failure) 6890M->4598M(7011M) 98.176ms
[4500.688s][info][gc,cpu         ] GC(1170) User=0.55s Sys=0.03s Real=0.10s
..[4502.905s][info][gc,start       ] GC(1171) Pause Young (Allocation Failure)
[4503.003s][info][gc,heap        ] GC(1171) PSYoungGen: 2598496K(2620928K)->156000K(2620416K) Eden: 2447872K(2447872K)->0K(2447872K) From: 150624K(173056K)->156000K(172544K)
[4503.003s][info][gc,heap        ] GC(1171) ParOldGen: 4558539K(4558848K)->4662067K(4662272K)
[4503.003s][info][gc,metaspace   ] GC(1171) Metaspace: 29098K(29376K)->29098K(29376K) NonClass: 25994K(26112K)->25994K(26112K) Class: 3103K(3264K)->3103K(3264K)
[4503.003s][info][gc             ] GC(1171) Pause Young (Allocation Failure) 6989M->4705M(7112M) 97.862ms
[4503.003s][info][gc,cpu         ] GC(1171) User=0.54s Sys=0.04s Real=0.09s
...[4505.228s][info][gc,start       ] GC(1172) Pause Young (Allocation Failure)
[4505.327s][info][gc,heap        ] GC(1172) PSYoungGen: 2603872K(2620416K)->153440K(2622464K) Eden: 2447872K(2447872K)->0K(2451456K) From: 156000K(172544K)->153440K(171008K)
[4505.327s][info][gc,heap        ] GC(1172) ParOldGen: 4662067K(4662272K)->4767635K(4767744K)
[4505.327s][info][gc,metaspace   ] GC(1172) Metaspace: 29098K(29376K)->29098K(29376K) NonClass: 25994K(26112K)->25994K(26112K) Class: 3103K(3264K)->3103K(3264K)
[4505.327s][info][gc             ] GC(1172) Pause Young (Allocation Failure) 7095M->4805M(7217M) 99.225ms
[4505.327s][info][gc,cpu         ] GC(1172) User=0.55s Sys=0.04s Real=0.10s
..[4507.575s][info][gc,start       ] GC(1173) Pause Young (Allocation Failure)
[4507.677s][info][gc,heap        ] GC(1173) PSYoungGen: 2604896K(2622464K)->157824K(2621440K) Eden: 2451456K(2451456K)->0K(2451456K) From: 153440K(171008K)->157824K(169984K)
[4507.677s][info][gc,heap        ] GC(1173) ParOldGen: 4767635K(4767744K)->4872379K(4872704K)
[4507.677s][info][gc,metaspace   ] GC(1173) Metaspace: 29098K(29376K)->29098K(29376K) NonClass: 25994K(26112K)->25994K(26112K) Class: 3103K(3264K)->3103K(3264K)
[4507.677s][info][gc             ] GC(1173) Pause Young (Allocation Failure) 7199M->4912M(7318M) 101.655ms
[4507.677s][info][gc,cpu         ] GC(1173) User=0.55s Sys=0.04s Real=0.10s
. (rIR:aIR:PR = 7472:7483:7483) (tPR = 111579) [OK] 
  4508s: Performance info:
         Transaction,    Success,    Partial,     Failed,   Receipts, AvgBarcode, 
             Overall,     450690,          0,          0,     428248,      59.48, 
         Response times:
             Request,    Success,    Partial,     Failed,   SkipFail,     Probes,    Samples,      min,      p50,      p90,      p95,      p99,      max, 
       TotalPurchase,     428258,          0,          0,          0,     362136,     411791,      300,     5100,    11600,    27000,    57000,   165000,
     InStorePurchase,     224825,          0,          0,          0,     190492,     215977,      300,     5000,    11500,    27000,    57000,   136000,
      OnlinePurchase,     158100,          0,          0,          0,     133477,     151918,      300,     4900,    11500,    26000,    56000,   136000,
        InstPurchase,      45333,          0,          0,          0,      38167,      43896,      400,     5600,    12500,    29000,    60000,   165000,
          AssocOfCat,        449,          0,          0,          0,        377,        529,    19800,    35000,    54000,    70000,   131700,   147000,
      AssocOfProduct,       4505,          0,          0,          0,       4182,       4911,      600,     5500,    12300,    27000,    60000,   128000,
      BusinessReport,       1120,          0,          0,          0,       1005,       1265,    27000,    42000,    64000,    86000,   146000,   187000,
          CustBuyBeh,       4496,          0,          0,          0,       4211,       4972,      200,     5000,    11000,    26000,    52270,   116000,
       ProductReturn,      11877,          0,          0,          0,      10327,      12094,      200,     6500,    13600,    33000,    61000,   125000,

  4508s: (55%)   IR =   7610 .[4509.886s][info][gc,start       ] GC(1174) Pause Young (Allocation Failure)
[4509.990s][info][gc,heap        ] GC(1174) PSYoungGen: 2609280K(2621440K)->160160K(2624512K) Eden: 2451456K(2451456K)->0K(2455040K) From: 157824K(169984K)->160160K(169472K)
[4509.990s][info][gc,heap        ] GC(1174) ParOldGen: 4872379K(4872704K)->4976947K(4977152K)
[4509.990s][info][gc,metaspace   ] GC(1174) Metaspace: 29098K(29376K)->29098K(29376K) NonClass: 25994K(26112K)->25994K(26112K) Class: 3103K(3264K)->3103K(3264K)
[4509.990s][info][gc             ] GC(1174) Pause Young (Allocation Failure) 7306M->5016M(7423M) 104.347ms
[4509.990s][info][gc,cpu         ] GC(1174) User=0.59s Sys=0.03s Real=0.10s
..[4512.154s][info][gc,start       ] GC(1175) Pause Young (Allocation Failure)
[4512.255s][info][gc,heap        ] GC(1175) PSYoungGen: 2615200K(2624512K)->159808K(2624512K) Eden: 2455040K(2455040K)->0K(2455040K) From: 160160K(169472K)->159808K(169472K)
[4512.255s][info][gc,heap        ] GC(1175) ParOldGen: 4976947K(4977152K)->5081563K(5081600K)
[4512.255s][info][gc,metaspace   ] GC(1175) Metaspace: 29098K(29376K)->29098K(29376K) NonClass: 25994K(26112K)->25994K(26112K) Class: 3103K(3264K)->3103K(3264K)
[4512.255s][info][gc             ] GC(1175) Pause Young (Allocation Failure) 7414M->5118M(7525M) 101.082ms
[4512.255s][info][gc,cpu         ] GC(1175) User=0.56s Sys=0.03s Real=0.10s
...[4514.319s][info][gc,start       ] GC(1176) Pause Young (Allocation Failure)
[4514.415s][info][gc,heap        ] GC(1176) PSYoungGen: 2614848K(2624512K)->142400K(2624512K) Eden: 2455040K(2455040K)->0K(2455040K) From: 159808K(169472K)->142400K(169472K)
[4514.415s][info][gc,heap        ] GC(1176) ParOldGen: 5081563K(5081600K)->5189035K(5189120K)
[4514.415s][info][gc,metaspace   ] GC(1176) Metaspace: 29098K(29376K)->29098K(29376K) NonClass: 25994K(26112K)->25994K(26112K) Class: 3103K(3264K)->3103K(3264K)
[4514.415s][info][gc             ] GC(1176) Pause Young (Allocation Failure) 7516M->5206M(7630M) 96.394ms
[4514.416s][info][gc,cpu         ] GC(1176) User=0.53s Sys=0.04s Real=0.10s
..[4516.660s][info][gc,start       ] GC(1177) Pause Young (Allocation Failure)
[4516.762s][info][gc,heap        ] GC(1177) PSYoungGen: 2597440K(2624512K)->163328K(2618880K) Eden: 2455040K(2455040K)->0K(2455040K) From: 142400K(169472K)->163328K(163840K)
[4516.762s][info][gc,heap        ] GC(1177) ParOldGen: 5189035K(5189120K)->5288755K(5288960K)
[4516.762s][info][gc,metaspace   ] GC(1177) Metaspace: 29098K(29376K)->29098K(29376K) NonClass: 25994K(26112K)->25994K(26112K) Class: 3103K(3264K)->3103K(3264K)
[4516.762s][info][gc             ] GC(1177) Pause Young (Allocation Failure) 7603M->5324M(7722M) 101.415ms
[4516.762s][info][gc,cpu         ] GC(1177) User=0.57s Sys=0.02s Real=0.10s
..[4518.971s][info][gc,start       ] GC(1178) Pause Young (Allocation Failure)
[4519.073s][info][gc,heap        ] GC(1178) PSYoungGen: 2618368K(2618880K)->160144K(2624000K) Eden: 2455040K(2455040K)->0K(2451968K) From: 163328K(163840K)->160144K(172032K)
[4519.073s][info][gc,heap        ] GC(1178) ParOldGen: 5288755K(5288960K)->5397827K(5398016K)
[4519.073s][info][gc,metaspace   ] GC(1178) Metaspace: 29098K(29376K)->29098K(29376K) NonClass: 25994K(26112K)->25994K(26112K) Class: 3103K(3264K)->3103K(3264K)
[4519.073s][info][gc             ] GC(1178) Pause Young (Allocation Failure) 7721M->5427M(7834M) 102.403ms
[4519.073s][info][gc,cpu         ] GC(1178) User=0.55s Sys=0.04s Real=0.10s
.|.[4521.196s][info][gc,start       ] GC(1179) Pause Young (Allocation Failure)
[4521.294s][info][gc,heap        ] GC(1179) PSYoungGen: 2612112K(2624000K)->148320K(2624000K) Eden: 2451968K(2451968K)->0K(2451968K) From: 160144K(172032K)->148320K(172032K)
[4521.294s][info][gc,heap        ] GC(1179) ParOldGen: 5397827K(5398016K)->5502643K(5502976K)
[4521.294s][info][gc,metaspace   ] GC(1179) Metaspace: 29098K(29376K)->29098K(29376K) NonClass: 25994K(26112K)->25994K(26112K) Class: 3103K(3264K)->3103K(3264K)
[4521.294s][info][gc             ] GC(1179) Pause Young (Allocation Failure) 7822M->5518M(7936M) 98.333ms
[4521.294s][info][gc,cpu         ] GC(1179) User=0.55s Sys=0.04s Real=0.10s
...[4523.562s][info][gc,start       ] GC(1180) Pause Full (Allocation Failure)
[4523.562s][info][gc,phases,start] GC(1180) Marking Phase
[4523.888s][info][gc,phases      ] GC(1180) Marking Phase 326.121ms
[4523.888s][info][gc,phases,start] GC(1180) Summary Phase
[4523.888s][info][gc,phases      ] GC(1180) Summary Phase 0.105ms
[4523.888s][info][gc,phases,start] GC(1180) Forward
[4524.019s][info][gc,phases      ] GC(1180) Forward 130.360ms
[4524.019s][info][gc,phases,start] GC(1180) Adjust Pointers
[4524.236s][info][gc,phases      ] GC(1180) Adjust Pointers 217.450ms
[4524.236s][info][gc,phases,start] GC(1180) Compaction Phase
[4524.386s][info][gc,phases      ] GC(1180) Compaction Phase 149.889ms
[4524.388s][info][gc,phases,start] GC(1180) Post Compact
[4524.395s][info][gc,phases      ] GC(1180) Post Compact 6.839ms
[4524.517s][info][gc,heap        ] GC(1180) PSYoungGen: 2600288K(2624000K)->0K(2624000K) Eden: 2451968K(2451968K)->0K(2451968K) From: 148320K(172032K)->0K(172032K)
[4524.517s][info][gc,heap        ] GC(1180) ParOldGen: 5502643K(5502976K)->1619617K(1933312K)
[4524.517s][info][gc,metaspace   ] GC(1180) Metaspace: 29098K(29376K)->29098K(29376K) NonClass: 25994K(26112K)->25994K(26112K) Class: 3103K(3264K)->3103K(3264K)
[4524.517s][info][gc             ] GC(1180) Pause Full (Allocation Failure) 7913M->1581M(4450M) 954.863ms
[4524.517s][info][gc,cpu         ] GC(1180) User=4.49s Sys=0.12s Real=0.96s
..[4525.831s][info][gc,start       ] GC(1181) Pause Young (Allocation Failure)
[4525.907s][info][gc,heap        ] GC(1181) PSYoungGen: 2451968K(2624000K)->172004K(2624000K) Eden: 2451968K(2451968K)->0K(2451968K) From: 0K(172032K)->172004K(172032K)
[4525.907s][info][gc,heap        ] GC(1181) ParOldGen: 1619617K(1933312K)->1629889K(1933312K)
[4525.907s][info][gc,metaspace   ] GC(1181) Metaspace: 29098K(29376K)->29098K(29376K) NonClass: 25994K(26112K)->25994K(26112K) Class: 3103K(3264K)->3103K(3264K)
[4525.907s][info][gc             ] GC(1181) Pause Young (Allocation Failure) 3976M->1759M(4450M) 75.671ms
[4525.907s][info][gc,cpu         ] GC(1181) User=0.45s Sys=0.00s Real=0.08s
..[4528.122s][info][gc,start       ] GC(1182) Pause Young (Allocation Failure)
[4528.215s][info][gc,heap        ] GC(1182) PSYoungGen: 2623972K(2624000K)->158080K(2611712K) Eden: 2451968K(2451968K)->0K(2439680K) From: 172004K(172032K)->158080K(172032K)
[4528.215s][info][gc,heap        ] GC(1182) ParOldGen: 1629889K(1933312K)->1733569K(1933312K)
[4528.215s][info][gc,metaspace   ] GC(1182) Metaspace: 29098K(29376K)->29098K(29376K) NonClass: 25994K(26112K)->25994K(26112K) Class: 3103K(3264K)->3103K(3264K)
[4528.216s][info][gc             ] GC(1182) Pause Young (Allocation Failure) 4154M->1847M(4438M) 93.767ms
[4528.216s][info][gc,cpu         ] GC(1182) User=0.55s Sys=0.00s Real=0.10s
..[4530.368s][info][gc,start       ] GC(1183) Pause Young (Allocation Failure)
[4530.467s][info][gc,heap        ] GC(1183) PSYoungGen: 2597760K(2611712K)->160669K(2617856K) Eden: 2439680K(2439680K)->0K(2439680K) From: 158080K(172032K)->160669K(178176K)
[4530.467s][info][gc,heap        ] GC(1183) ParOldGen: 1733569K(1933312K)->1839473K(1933312K)
[4530.467s][info][gc,metaspace   ] GC(1183) Metaspace: 29098K(29376K)->29098K(29376K) NonClass: 25994K(26112K)->25994K(26112K) Class: 3103K(3264K)->3103K(3264K)
[4530.467s][info][gc             ] GC(1183) Pause Young (Allocation Failure) 4229M->1953M(4444M) 98.412ms
[4530.467s][info][gc,cpu         ] GC(1183) User=0.58s Sys=0.00s Real=0.10s
..[4532.562s][info][gc,start       ] GC(1184) Pause Young (Allocation Failure)
[4532.652s][info][gc,heap        ] GC(1184) PSYoungGen: 2600349K(2617856K)->147744K(2616832K) Eden: 2439680K(2439680K)->0K(2440704K) From: 160669K(178176K)->147744K(176128K)
[4532.652s][info][gc,heap        ] GC(1184) ParOldGen: 1839473K(1933312K)->1944313K(1944576K)
[4532.652s][info][gc,metaspace   ] GC(1184) Metaspace: 29098K(29376K)->29098K(29376K) NonClass: 25994K(26112K)->25994K(26112K) Class: 3103K(3264K)->3103K(3264K)
[4532.652s][info][gc             ] GC(1184) Pause Young (Allocation Failure) 4335M->2043M(4454M) 90.650ms
[4532.652s][info][gc,cpu         ] GC(1184) User=0.53s Sys=0.00s Real=0.09s
...[4534.878s][info][gc,start       ] GC(1185) Pause Young (Allocation Failure)
[4534.979s][info][gc,heap        ] GC(1185) PSYoungGen: 2588448K(2616832K)->168512K(2609664K) Eden: 2440704K(2440704K)->0K(2440704K) From: 147744K(176128K)->168512K(168960K)
[4534.979s][info][gc,heap        ] GC(1185) ParOldGen: 1944313K(1944576K)->2045073K(2045440K)
[4534.979s][info][gc,metaspace   ] GC(1185) Metaspace: 29098K(29376K)->29098K(29376K) NonClass: 25994K(26112K)->25994K(26112K) Class: 3103K(3264K)->3103K(3264K)
[4534.979s][info][gc             ] GC(1185) Pause Young (Allocation Failure) 4426M->2161M(4546M) 101.120ms
[4534.979s][info][gc,cpu         ] GC(1185) User=0.57s Sys=0.03s Real=0.10s
..[4537.114s][info][gc,start       ] GC(1186) Pause Young (Allocation Failure)
[4537.214s][info][gc,heap        ] GC(1186) PSYoungGen: 2609216K(2609664K)->157248K(2618880K) Eden: 2440704K(2440704K)->0K(2439680K) From: 168512K(168960K)->157248K(179200K)
[4537.214s][info][gc,heap        ] GC(1186) ParOldGen: 2045073K(2045440K)->2152729K(2152960K)
[4537.214s][info][gc,metaspace   ] GC(1186) Metaspace: 29098K(29376K)->29098K(29376K) NonClass: 25994K(26112K)->25994K(26112K) Class: 3103K(3264K)->3103K(3264K)
[4537.214s][info][gc             ] GC(1186) Pause Young (Allocation Failure) 4545M->2255M(4660M) 100.069ms
[4537.214s][info][gc,cpu         ] GC(1186) User=0.55s Sys=0.04s Real=0.10s
..[4539.433s][info][gc,start       ] GC(1187) Pause Young (Allocation Failure)
[4539.533s][info][gc,heap        ] GC(1187) PSYoungGen: 2596928K(2618880K)->159616K(2599424K) Eden: 2439680K(2439680K)->0K(2439680K) From: 157248K(179200K)->159616K(159744K)
[4539.533s][info][gc,heap        ] GC(1187) ParOldGen: 2152729K(2152960K)->2255753K(2255872K)
[4539.533s][info][gc,metaspace   ] GC(1187) Metaspace: 29098K(29376K)->29098K(29376K) NonClass: 25994K(26112K)->25994K(26112K) Class: 3103K(3264K)->3103K(3264K)
[4539.533s][info][gc             ] GC(1187) Pause Young (Allocation Failure) 4638M->2358M(4741M) 99.390ms
[4539.533s][info][gc,cpu         ] GC(1187) User=0.56s Sys=0.03s Real=0.09s
..[4541.640s][info][gc,start       ] GC(1188) Pause Young (Allocation Failure)
[4541.743s][info][gc,heap        ] GC(1188) PSYoungGen: 2599296K(2599424K)->165620K(2615296K) Eden: 2439680K(2439680K)->0K(2439168K) From: 159616K(159744K)->165620K(176128K)
[4541.743s][info][gc,heap        ] GC(1188) ParOldGen: 2255753K(2255872K)->2361849K(2361856K)
[4541.743s][info][gc,metaspace   ] GC(1188) Metaspace: 29098K(29376K)->29098K(29376K) NonClass: 25994K(26112K)->25994K(26112K) Class: 3103K(3264K)->3103K(3264K)
[4541.743s][info][gc             ] GC(1188) Pause Young (Allocation Failure) 4741M->2468M(4860M) 103.588ms
[4541.744s][info][gc,cpu         ] GC(1188) User=0.57s Sys=0.04s Real=0.11s
...[4543.892s][info][gc,start       ] GC(1189) Pause Young (Allocation Failure)
[4543.989s][info][gc,heap        ] GC(1189) PSYoungGen: 2604788K(2615296K)->156416K(2615808K) Eden: 2439168K(2439168K)->0K(2439168K) From: 165620K(176128K)->156416K(176640K)
[4543.989s][info][gc,heap        ] GC(1189) ParOldGen: 2361849K(2361856K)->2464465K(2464768K)
[4543.989s][info][gc,metaspace   ] GC(1189) Metaspace: 29098K(29376K)->29098K(29376K) NonClass: 25994K(26112K)->25994K(26112K) Class: 3103K(3264K)->3103K(3264K)
[4543.989s][info][gc             ] GC(1189) Pause Young (Allocation Failure) 4850M->2559M(4961M) 96.487ms
[4543.989s][info][gc,cpu         ] GC(1189) User=0.54s Sys=0.04s Real=0.10s
..[4546.127s][info][gc,start       ] GC(1190) Pause Young (Allocation Failure)
[4546.226s][info][gc,heap        ] GC(1190) PSYoungGen: 2595584K(2615808K)->158624K(2616832K) Eden: 2439168K(2439168K)->0K(2443776K) From: 156416K(176640K)->158624K(173056K)
[4546.226s][info][gc,heap        ] GC(1190) ParOldGen: 2464465K(2464768K)->2570465K(2570752K)
[4546.226s][info][gc,metaspace   ] GC(1190) Metaspace: 29098K(29376K)->29098K(29376K) NonClass: 25994K(26112K)->25994K(26112K) Class: 3103K(3264K)->3103K(3264K)
[4546.226s][info][gc             ] GC(1190) Pause Young (Allocation Failure) 4941M->2665M(5066M) 98.712ms
[4546.226s][info][gc,cpu         ] GC(1190) User=0.55s Sys=0.03s Real=0.10s
..[4548.442s][info][gc,start       ] GC(1191) Pause Young (Allocation Failure)
[4548.541s][info][gc,heap        ] GC(1191) PSYoungGen: 2602400K(2616832K)->155508K(2617856K) Eden: 2443776K(2443776K)->0K(2443776K) From: 158624K(173056K)->155508K(174080K)
[4548.541s][info][gc,heap        ] GC(1191) ParOldGen: 2570465K(2570752K)->2674713K(2675200K)
[4548.541s][info][gc,metaspace   ] GC(1191) Metaspace: 29098K(29376K)->29098K(29376K) NonClass: 25994K(26112K)->25994K(26112K) Class: 3103K(3264K)->3103K(3264K)
[4548.541s][info][gc             ] GC(1191) Pause Young (Allocation Failure) 5051M->2763M(5169M) 98.627ms
[4548.541s][info][gc,cpu         ] GC(1191) User=0.55s Sys=0.03s Real=0.10s
..[4550.704s][info][gc,start       ] GC(1192) Pause Young (Allocation Failure)
[4550.805s][info][gc,heap        ] GC(1192) PSYoungGen: 2599284K(2617856K)->159350K(2619904K) Eden: 2443776K(2443776K)->0K(2448896K) From: 155508K(174080K)->159350K(171008K)
[4550.805s][info][gc,heap        ] GC(1192) ParOldGen: 2674713K(2675200K)->2778913K(2779136K)
[4550.805s][info][gc,metaspace   ] GC(1192) Metaspace: 29098K(29376K)->29098K(29376K) NonClass: 25994K(26112K)->25994K(26112K) Class: 3103K(3264K)->3103K(3264K)
[4550.805s][info][gc             ] GC(1192) Pause Young (Allocation Failure) 5150M->2869M(5272M) 101.371ms
[4550.805s][info][gc,cpu         ] GC(1192) User=0.57s Sys=0.03s Real=0.10s
...[4552.990s][info][gc,start       ] GC(1193) Pause Young (Allocation Failure)
[4553.089s][info][gc,heap        ] GC(1193) PSYoungGen: 2608246K(2619904K)->162496K(2620928K) Eden: 2448896K(2448896K)->0K(2448896K) From: 159350K(171008K)->162496K(172032K)
[4553.089s][info][gc,heap        ] GC(1193) ParOldGen: 2778913K(2779136K)->2882529K(2882560K)
[4553.089s][info][gc,metaspace   ] GC(1193) Metaspace: 29098K(29376K)->29098K(29376K) NonClass: 25994K(26112K)->25994K(26112K) Class: 3103K(3264K)->3103K(3264K)
[4553.089s][info][gc             ] GC(1193) Pause Young (Allocation Failure) 5260M->2973M(5374M) 98.879ms
[4553.089s][info][gc,cpu         ] GC(1193) User=0.55s Sys=0.03s Real=0.10s
..[4555.305s][info][gc,start       ] GC(1194) Pause Young (Allocation Failure)
[4555.399s][info][gc,heap        ] GC(1194) PSYoungGen: 2611392K(2620928K)->148704K(2622976K) Eden: 2448896K(2448896K)->0K(2450944K) From: 162496K(172032K)->148704K(172032K)
[4555.399s][info][gc,heap        ] GC(1194) ParOldGen: 2882529K(2882560K)->2987281K(2987520K)
[4555.399s][info][gc,metaspace   ] GC(1194) Metaspace: 29098K(29376K)->29098K(29376K) NonClass: 25994K(26112K)->25994K(26112K) Class: 3103K(3264K)->3103K(3264K)
[4555.399s][info][gc             ] GC(1194) Pause Young (Allocation Failure) 5365M->3062M(5479M) 93.698ms
[4555.399s][info][gc,cpu         ] GC(1194) User=0.52s Sys=0.03s Real=0.09s
..[4557.520s][info][gc,start       ] GC(1195) Pause Young (Allocation Failure)
[4557.617s][info][gc,heap        ] GC(1195) PSYoungGen: 2599648K(2622976K)->151072K(2623488K) Eden: 2450944K(2450944K)->0K(2450944K) From: 148704K(172032K)->151072K(172544K)
[4557.617s][info][gc,heap        ] GC(1195) ParOldGen: 2987281K(2987520K)->3091481K(3091968K)
[4557.617s][info][gc,metaspace   ] GC(1195) Metaspace: 29098K(29376K)->29098K(29376K) NonClass: 25994K(26112K)->25994K(26112K) Class: 3103K(3264K)->3103K(3264K)
[4557.617s][info][gc             ] GC(1195) Pause Young (Allocation Failure) 5455M->3166M(5581M) 96.827ms
[4557.617s][info][gc,cpu         ] GC(1195) User=0.54s Sys=0.04s Real=0.10s
...[4559.862s][info][gc,start       ] GC(1196) Pause Young (Allocation Failure)
[4559.963s][info][gc,heap        ] GC(1196) PSYoungGen: 2602016K(2623488K)->161952K(2623488K) Eden: 2450944K(2450944K)->0K(2450944K) From: 151072K(172544K)->161952K(172544K)
[4559.963s][info][gc,heap        ] GC(1196) ParOldGen: 3091481K(3091968K)->3195561K(3195904K)
[4559.963s][info][gc,metaspace   ] GC(1196) Metaspace: 29098K(29376K)->29098K(29376K) NonClass: 25994K(26112K)->25994K(26112K) Class: 3103K(3264K)->3103K(3264K)
[4559.963s][info][gc             ] GC(1196) Pause Young (Allocation Failure) 5560M->3278M(5683M) 100.610ms
[4559.963s][info][gc,cpu         ] GC(1196) User=0.56s Sys=0.03s Real=0.10s
..[4562.060s][info][gc,start       ] GC(1197) Pause Young (Allocation Failure)
[4562.160s][info][gc,heap        ] GC(1197) PSYoungGen: 2612896K(2623488K)->160519K(2611712K) Eden: 2450944K(2450944K)->0K(2450944K) From: 161952K(172544K)->160519K(160768K)
[4562.160s][info][gc,heap        ] GC(1197) ParOldGen: 3195561K(3195904K)->3302649K(3302912K)
[4562.160s][info][gc,metaspace   ] GC(1197) Metaspace: 29098K(29376K)->29098K(29376K) NonClass: 25994K(26112K)->25994K(26112K) Class: 3103K(3264K)->3103K(3264K)
[4562.160s][info][gc             ] GC(1197) Pause Young (Allocation Failure) 5672M->3382M(5776M) 100.130ms
[4562.160s][info][gc,cpu         ] GC(1197) User=0.56s Sys=0.03s Real=0.10s
..[4564.330s][info][gc,start       ] GC(1198) Pause Young (Allocation Failure)
[4564.427s][info][gc,heap        ] GC(1198) PSYoungGen: 2611463K(2611712K)->153192K(2623488K) Eden: 2450944K(2450944K)->0K(2451456K) From: 160519K(160768K)->153192K(172032K)
[4564.427s][info][gc,heap        ] GC(1198) ParOldGen: 3302649K(3302912K)->3405049K(3405312K)
[4564.427s][info][gc,metaspace   ] GC(1198) Metaspace: 29098K(29376K)->29098K(29376K) NonClass: 25994K(26112K)->25994K(26112K) Class: 3103K(3264K)->3103K(3264K)
[4564.427s][info][gc             ] GC(1198) Pause Young (Allocation Failure) 5775M->3474M(5887M) 96.631ms
[4564.427s][info][gc,cpu         ] GC(1198) User=0.54s Sys=0.03s Real=0.10s
..[4566.640s][info][gc,start       ] GC(1199) Pause Young (Allocation Failure)
[4566.737s][info][gc,heap        ] GC(1199) PSYoungGen: 2604648K(2623488K)->156832K(2622976K) Eden: 2451456K(2451456K)->0K(2451456K) From: 153192K(172032K)->156832K(171520K)
[4566.737s][info][gc,heap        ] GC(1199) ParOldGen: 3405049K(3405312K)->3508737K(3509248K)
[4566.737s][info][gc,metaspace   ] GC(1199) Metaspace: 29098K(29376K)->29098K(29376K) NonClass: 25994K(26112K)->25994K(26112K) Class: 3103K(3264K)->3103K(3264K)
[4566.737s][info][gc             ] GC(1199) Pause Young (Allocation Failure) 5868M->3579M(5988M) 97.232ms
[4566.737s][info][gc,cpu         ] GC(1199) User=0.55s Sys=0.02s Real=0.10s
..[4568.855s][info][gc,start       ] GC(1200) Pause Young (Allocation Failure)
[4568.959s][info][gc,heap        ] GC(1200) PSYoungGen: 2608288K(2622976K)->164186K(2621952K) Eden: 2451456K(2451456K)->0K(2451456K) From: 156832K(171520K)->164186K(170496K)
[4568.959s][info][gc,heap        ] GC(1200) ParOldGen: 3508737K(3509248K)->3615953K(3616256K)
[4568.959s][info][gc,metaspace   ] GC(1200) Metaspace: 29098K(29376K)->29098K(29376K) NonClass: 25994K(26112K)->25994K(26112K) Class: 3103K(3264K)->3103K(3264K)
[4568.959s][info][gc             ] GC(1200) Pause Young (Allocation Failure) 5973M->3691M(6092M) 103.493ms
[4568.959s][info][gc,cpu         ] GC(1200) User=0.58s Sys=0.03s Real=0.10s
...[4571.128s][info][gc,start       ] GC(1201) Pause Young (Allocation Failure)
[4571.235s][info][gc,heap        ] GC(1201) PSYoungGen: 2615642K(2621952K)->171513K(2622976K) Eden: 2451456K(2451456K)->0K(2451456K) From: 164186K(170496K)->171513K(171520K)
[4571.235s][info][gc,heap        ] GC(1201) ParOldGen: 3615953K(3616256K)->3721153K(3721216K)
[4571.235s][info][gc,metaspace   ] GC(1201) Metaspace: 29098K(29376K)->29098K(29376K) NonClass: 25994K(26112K)->25994K(26112K) Class: 3103K(3264K)->3103K(3264K)
[4571.235s][info][gc             ] GC(1201) Pause Young (Allocation Failure) 6085M->3801M(6195M) 107.621ms
[4571.235s][info][gc,cpu         ] GC(1201) User=0.60s Sys=0.03s Real=0.11s
..[4573.399s][info][gc,start       ] GC(1202) Pause Young (Allocation Failure)
[4573.496s][info][gc,heap        ] GC(1202) PSYoungGen: 2622969K(2622976K)->155232K(2545152K) Eden: 2451456K(2451456K)->0K(2372096K) From: 171513K(171520K)->155232K(173056K)
[4573.496s][info][gc,heap        ] GC(1202) ParOldGen: 3721153K(3721216K)->3822969K(3823104K)
[4573.496s][info][gc,metaspace   ] GC(1202) Metaspace: 29098K(29376K)->29098K(29376K) NonClass: 25994K(26112K)->25994K(26112K) Class: 3103K(3264K)->3103K(3264K)
[4573.496s][info][gc             ] GC(1202) Pause Young (Allocation Failure) 6195M->3884M(6219M) 97.819ms
[4573.497s][info][gc,cpu         ] GC(1202) User=0.55s Sys=0.03s Real=0.10s
..[4575.603s][info][gc,start       ] GC(1203) Pause Young (Allocation Failure)
[4575.705s][info][gc,heap        ] GC(1203) PSYoungGen: 2527328K(2545152K)->155584K(2584064K) Eden: 2372096K(2372096K)->0K(2372096K) From: 155232K(173056K)->155584K(211968K)
[4575.705s][info][gc,heap        ] GC(1203) ParOldGen: 3822969K(3823104K)->3928977K(3929088K)
[4575.705s][info][gc,metaspace   ] GC(1203) Metaspace: 29098K(29376K)->29098K(29376K) NonClass: 25994K(26112K)->25994K(26112K) Class: 3103K(3264K)->3103K(3264K)
[4575.705s][info][gc             ] GC(1203) Pause Young (Allocation Failure) 6201M->3988M(6360M) 101.514ms
[4575.705s][info][gc,cpu         ] GC(1203) User=0.57s Sys=0.03s Real=0.10s
..[4577.787s][info][gc,start       ] GC(1204) Pause Young (Allocation Failure)
[4577.886s][info][gc,heap        ] GC(1204) PSYoungGen: 2527680K(2584064K)->157840K(2576896K) Eden: 2372096K(2372096K)->0K(2374144K) From: 155584K(211968K)->157840K(202752K)
[4577.886s][info][gc,heap        ] GC(1204) ParOldGen: 3928977K(3929088K)->4032153K(4032512K)
[4577.886s][info][gc,metaspace   ] GC(1204) Metaspace: 29098K(29376K)->29098K(29376K) NonClass: 25994K(26112K)->25994K(26112K) Class: 3103K(3264K)->3103K(3264K)
[4577.886s][info][gc             ] GC(1204) Pause Young (Allocation Failure) 6305M->4091M(6454M) 99.226ms
[4577.886s][info][gc,cpu         ] GC(1204) User=0.56s Sys=0.02s Real=0.10s
..[4579.916s][info][gc,start       ] GC(1205) Pause Young (Allocation Failure)
[4580.016s][info][gc,heap        ] GC(1205) PSYoungGen: 2531984K(2576896K)->156960K(2581504K) Eden: 2374144K(2374144K)->0K(2374144K) From: 157840K(202752K)->156960K(207360K)
[4580.017s][info][gc,heap        ] GC(1205) ParOldGen: 4032153K(4032512K)->4137353K(4137472K)
[4580.017s][info][gc,metaspace   ] GC(1205) Metaspace: 29098K(29376K)->29098K(29376K) NonClass: 25994K(26112K)->25994K(26112K) Class: 3103K(3264K)->3103K(3264K)
[4580.017s][info][gc             ] GC(1205) Pause Young (Allocation Failure) 6410M->4193M(6561M) 101.149ms
[4580.017s][info][gc,cpu         ] GC(1205) User=0.56s Sys=0.04s Real=0.10s
. (rIR:aIR:PR = 7610:7605:7606) (tPR = 112852) [OK] 
  4579s: Performance info:
         Transaction,    Success,    Partial,     Failed,   Receipts, AvgBarcode, 
             Overall,     461983,          0,          0,     438750,      59.48, 
         Response times:
             Request,    Success,    Partial,     Failed,   SkipFail,     Probes,    Samples,      min,      p50,      p90,      p95,      p99,      max, 
       TotalPurchase,     438836,          0,          0,          0,     356063,     430604,      300,     5400,    19100,    50000,   596000,   970000,
     InStorePurchase,     231484,          0,          0,          0,     187540,     226512,      300,     5500,    19000,    50000,   596000,   970000,
      OnlinePurchase,     161120,          0,          0,          0,     131005,     158726,      300,     5400,    19100,    50000,   596000,   970000,
        InstPurchase,      46232,          0,          0,          0,      37518,      45366,      300,     5400,    19900,    51000,   630000,   970000,
          AssocOfCat,        464,          0,          0,          0,        382,        563,    23000,    38000,    63600,   119000,   650000,  1200000,
      AssocOfProduct,       4609,          0,          0,          0,       4256,       5433,      500,     3700,    16460,    39000,   387000,   495000,
      BusinessReport,       1149,          0,          0,          0,        980,       1292,    27000,    43000,    75400,   132400,   579000,  1200000,
          CustBuyBeh,       4625,          0,          0,          0,       4257,       5338,      200,     4500,    18300,    47000,   447000,   495000,
       ProductReturn,      12247,          0,          0,          0,       9190,      11361,      200,     5600,    17880,    49000,   740000,   770000,

  4579s: (56%)   IR =   7749 .[4582.072s][info][gc,start       ] GC(1206) Pause Young (Allocation Failure)
[4582.171s][info][gc,heap        ] GC(1206) PSYoungGen: 2531104K(2581504K)->153651K(2582528K) Eden: 2374144K(2374144K)->0K(2383872K) From: 156960K(207360K)->153651K(198656K)
[4582.171s][info][gc,heap        ] GC(1206) ParOldGen: 4137353K(4137472K)->4238489K(4238848K)
[4582.171s][info][gc,metaspace   ] GC(1206) Metaspace: 29098K(29376K)->29098K(29376K) NonClass: 25994K(26112K)->25994K(26112K) Class: 3103K(3264K)->3103K(3264K)
[4582.171s][info][gc             ] GC(1206) Pause Young (Allocation Failure) 6512M->4289M(6661M) 98.888ms
[4582.171s][info][gc,cpu         ] GC(1206) User=0.55s Sys=0.03s Real=0.10s
...[4584.244s][info][gc,start       ] GC(1207) Pause Young (Allocation Failure)
[4584.338s][info][gc,heap        ] GC(1207) PSYoungGen: 2537523K(2582528K)->143776K(2586624K) Eden: 2383872K(2383872K)->0K(2383872K) From: 153651K(198656K)->143776K(202752K)
[4584.338s][info][gc,heap        ] GC(1207) ParOldGen: 4238489K(4238848K)->4339321K(4339712K)
[4584.338s][info][gc,metaspace   ] GC(1207) Metaspace: 29098K(29376K)->29098K(29376K) NonClass: 25994K(26112K)->25994K(26112K) Class: 3103K(3264K)->3103K(3264K)
[4584.338s][info][gc             ] GC(1207) Pause Young (Allocation Failure) 6617M->4378M(6764M) 93.170ms
[4584.338s][info][gc,cpu         ] GC(1207) User=0.51s Sys=0.04s Real=0.09s
..[4586.450s][info][gc,start       ] GC(1208) Pause Young (Allocation Failure)
[4586.551s][info][gc,heap        ] GC(1208) PSYoungGen: 2527648K(2586624K)->158598K(2586112K) Eden: 2383872K(2383872K)->0K(2390528K) From: 143776K(202752K)->158598K(195584K)
[4586.551s][info][gc,heap        ] GC(1208) ParOldGen: 4339321K(4339712K)->4441393K(4441600K)
[4586.551s][info][gc,metaspace   ] GC(1208) Metaspace: 29098K(29376K)->29098K(29376K) NonClass: 25994K(26112K)->25994K(26112K) Class: 3103K(3264K)->3103K(3264K)
[4586.551s][info][gc             ] GC(1208) Pause Young (Allocation Failure) 6706M->4492M(6863M) 101.309ms
[4586.551s][info][gc,cpu         ] GC(1208) User=0.57s Sys=0.03s Real=0.10s
..[4588.571s][info][gc,start       ] GC(1209) Pause Young (Allocation Failure)
[4588.667s][info][gc,heap        ] GC(1209) PSYoungGen: 2549126K(2586112K)->149984K(2589696K) Eden: 2390528K(2390528K)->0K(2390528K) From: 158598K(195584K)->149984K(199168K)
[4588.667s][info][gc,heap        ] GC(1209) ParOldGen: 4441393K(4441600K)->4545393K(4545536K)
[4588.667s][info][gc,metaspace   ] GC(1209) Metaspace: 29098K(29376K)->29098K(29376K) NonClass: 25994K(26112K)->25994K(26112K) Class: 3103K(3264K)->3103K(3264K)
[4588.667s][info][gc             ] GC(1209) Pause Young (Allocation Failure) 6826M->4585M(6968M) 96.118ms
[4588.667s][info][gc,cpu         ] GC(1209) User=0.53s Sys=0.04s Real=0.10s
..[4590.768s][info][gc,start       ] GC(1210) Pause Young (Allocation Failure)
[4590.866s][info][gc,heap        ] GC(1210) PSYoungGen: 2540512K(2589696K)->155216K(2589184K) Eden: 2390528K(2390528K)->0K(2399232K) From: 149984K(199168K)->155216K(189952K)
[4590.867s][info][gc,heap        ] GC(1210) ParOldGen: 4545393K(4545536K)->4648865K(4648960K)
[4590.867s][info][gc,metaspace   ] GC(1210) Metaspace: 29098K(29376K)->29098K(29376K) NonClass: 25994K(26112K)->25994K(26112K) Class: 3103K(3264K)->3103K(3264K)
[4590.867s][info][gc             ] GC(1210) Pause Young (Allocation Failure) 6919M->4691M(7068M) 98.955ms
[4590.867s][info][gc,cpu         ] GC(1210) User=0.56s Sys=0.02s Real=0.10s
.|.[4592.928s][info][gc,start       ] GC(1211) Pause Young (Allocation Failure)
[4593.029s][info][gc,heap        ] GC(1211) PSYoungGen: 2554448K(2589184K)->161664K(2593792K) Eden: 2399232K(2399232K)->0K(2399232K) From: 155216K(189952K)->161664K(194560K)
[4593.029s][info][gc,heap        ] GC(1211) ParOldGen: 4648865K(4648960K)->4751257K(4751360K)
[4593.029s][info][gc,metaspace   ] GC(1211) Metaspace: 29098K(29376K)->29098K(29376K) NonClass: 25994K(26112K)->25994K(26112K) Class: 3103K(3264K)->3103K(3264K)
[4593.029s][info][gc             ] GC(1211) Pause Young (Allocation Failure) 7034M->4797M(7173M) 100.527ms
[4593.029s][info][gc,cpu         ] GC(1211) User=0.56s Sys=0.02s Real=0.10s
..[4595.108s][info][gc,start       ] GC(1212) Pause Young (Allocation Failure)
[4595.208s][info][gc,heap        ] GC(1212) PSYoungGen: 2560896K(2593792K)->161072K(2593280K) Eden: 2399232K(2399232K)->0K(2409472K) From: 161664K(194560K)->161072K(183808K)
[4595.209s][info][gc,heap        ] GC(1212) ParOldGen: 4751257K(4751360K)->4855177K(4855296K)
[4595.209s][info][gc,metaspace   ] GC(1212) Metaspace: 29098K(29376K)->29098K(29376K) NonClass: 25994K(26112K)->25994K(26112K) Class: 3103K(3264K)->3103K(3264K)
[4595.209s][info][gc             ] GC(1212) Pause Young (Allocation Failure) 7140M->4898M(7274M) 100.951ms
[4595.209s][info][gc,cpu         ] GC(1212) User=0.55s Sys=0.03s Real=0.10s
...[4597.272s][info][gc,start       ] GC(1213) Pause Young (Allocation Failure)
[4597.377s][info][gc,heap        ] GC(1213) PSYoungGen: 2570544K(2593280K)->164842K(2598400K) Eden: 2409472K(2409472K)->0K(2409472K) From: 161072K(183808K)->164842K(188928K)
[4597.377s][info][gc,heap        ] GC(1213) ParOldGen: 4855177K(4855296K)->4959369K(4959744K)
[4597.377s][info][gc,metaspace   ] GC(1213) Metaspace: 29098K(29376K)->29098K(29376K) NonClass: 25994K(26112K)->25994K(26112K) Class: 3103K(3264K)->3103K(3264K)
[4597.377s][info][gc             ] GC(1213) Pause Young (Allocation Failure) 7251M->5004M(7381M) 104.931ms
[4597.377s][info][gc,cpu         ] GC(1213) User=0.59s Sys=0.03s Real=0.11s
..[4599.444s][info][gc,start       ] GC(1214) Pause Young (Allocation Failure)
[4599.546s][info][gc,heap        ] GC(1214) PSYoungGen: 2574314K(2598400K)->158052K(2601984K) Eden: 2409472K(2409472K)->0K(2419200K) From: 164842K(188928K)->158052K(182784K)
[4599.546s][info][gc,heap        ] GC(1214) ParOldGen: 4959369K(4959744K)->5064729K(5065216K)
[4599.546s][info][gc,metaspace   ] GC(1214) Metaspace: 29098K(29376K)->29098K(29376K) NonClass: 25994K(26112K)->25994K(26112K) Class: 3103K(3264K)->3103K(3264K)
[4599.546s][info][gc             ] GC(1214) Pause Young (Allocation Failure) 7357M->5100M(7487M) 101.195ms
[4599.546s][info][gc,cpu         ] GC(1214) User=0.56s Sys=0.03s Real=0.10s
..[4601.654s][info][gc,start       ] GC(1215) Pause Young (Allocation Failure)
[4601.759s][info][gc,heap        ] GC(1215) PSYoungGen: 2577252K(2601984K)->165349K(2605056K) Eden: 2419200K(2419200K)->0K(2419200K) From: 158052K(182784K)->165349K(185856K)
[4601.759s][info][gc,heap        ] GC(1215) ParOldGen: 5064729K(5065216K)->5167745K(5168128K)
[4601.759s][info][gc,metaspace   ] GC(1215) Metaspace: 29098K(29376K)->29098K(29376K) NonClass: 25994K(26112K)->25994K(26112K) Class: 3103K(3264K)->3103K(3264K)
[4601.759s][info][gc             ] GC(1215) Pause Young (Allocation Failure) 7462M->5208M(7591M) 105.226ms
[4601.759s][info][gc,cpu         ] GC(1215) User=0.59s Sys=0.02s Real=0.10s
..[4603.840s][info][gc,start       ] GC(1216) Pause Young (Allocation Failure)
[4603.945s][info][gc,heap        ] GC(1216) PSYoungGen: 2584549K(2605056K)->166298K(2608128K) Eden: 2419200K(2419200K)->0K(2425344K) From: 165349K(185856K)->166298K(182784K)
[4603.945s][info][gc,heap        ] GC(1216) ParOldGen: 5167745K(5168128K)->5271401K(5271552K)
[4603.945s][info][gc,metaspace   ] GC(1216) Metaspace: 29098K(29376K)->29098K(29376K) NonClass: 25994K(26112K)->25994K(26112K) Class: 3103K(3264K)->3103K(3264K)
[4603.945s][info][gc             ] GC(1216) Pause Young (Allocation Failure) 7570M->5310M(7695M) 105.211ms
[4603.946s][info][gc,cpu         ] GC(1216) User=0.60s Sys=0.03s Real=0.11s
..[4606.088s][info][gc,start       ] GC(1217) Pause Young (Allocation Failure)
[4606.194s][info][gc,heap        ] GC(1217) PSYoungGen: 2591642K(2608128K)->165152K(2609664K) Eden: 2425344K(2425344K)->0K(2425344K) From: 166298K(182784K)->165152K(184320K)
[4606.194s][info][gc,heap        ] GC(1217) ParOldGen: 5271401K(5271552K)->5378345K(5378560K)
[4606.194s][info][gc,metaspace   ] GC(1217) Metaspace: 29098K(29376K)->29098K(29376K) NonClass: 25994K(26112K)->25994K(26112K) Class: 3103K(3264K)->3103K(3264K)
[4606.194s][info][gc             ] GC(1217) Pause Young (Allocation Failure) 7678M->5413M(7801M) 106.098ms
[4606.194s][info][gc,cpu         ] GC(1217) User=0.58s Sys=0.03s Real=0.11s
..[4608.247s][info][gc,start       ] GC(1218) Pause Young (Allocation Failure)
[4608.342s][info][gc,heap        ] GC(1218) PSYoungGen: 2590496K(2609664K)->142976K(2610176K) Eden: 2425344K(2425344K)->0K(2426368K) From: 165152K(184320K)->142976K(183808K)
[4608.342s][info][gc,heap        ] GC(1218) ParOldGen: 5378345K(5378560K)->5484209K(5484544K)
[4608.342s][info][gc,metaspace   ] GC(1218) Metaspace: 29098K(29376K)->29098K(29376K) NonClass: 25994K(26112K)->25994K(26112K) Class: 3103K(3264K)->3103K(3264K)
[4608.342s][info][gc             ] GC(1218) Pause Young (Allocation Failure) 7782M->5495M(7905M) 95.210ms
[4608.342s][info][gc,cpu         ] GC(1218) User=0.53s Sys=0.03s Real=0.09s
...[4610.458s][info][gc,start       ] GC(1219) Pause Full (Allocation Failure)
[4610.458s][info][gc,phases,start] GC(1219) Marking Phase
[4610.778s][info][gc,phases      ] GC(1219) Marking Phase 319.860ms
[4610.778s][info][gc,phases,start] GC(1219) Summary Phase
[4610.778s][info][gc,phases      ] GC(1219) Summary Phase 0.098ms
[4610.778s][info][gc,phases,start] GC(1219) Forward
[4610.901s][info][gc,phases      ] GC(1219) Forward 122.811ms
[4610.901s][info][gc,phases,start] GC(1219) Adjust Pointers
[4611.113s][info][gc,phases      ] GC(1219) Adjust Pointers 212.273ms
[4611.113s][info][gc,phases,start] GC(1219) Compaction Phase
[4611.262s][info][gc,phases      ] GC(1219) Compaction Phase 148.682ms
[4611.264s][info][gc,phases,start] GC(1219) Post Compact
[4611.271s][info][gc,phases      ] GC(1219) Post Compact 6.936ms
[4611.394s][info][gc,heap        ] GC(1219) PSYoungGen: 2569344K(2610176K)->0K(2611200K) Eden: 2426368K(2426368K)->0K(2426368K) From: 142976K(183808K)->0K(184832K)
[4611.394s][info][gc,heap        ] GC(1219) ParOldGen: 5484209K(5484544K)->1616945K(1934848K)
[4611.394s][info][gc,metaspace   ] GC(1219) Metaspace: 29098K(29376K)->29098K(29376K) NonClass: 25994K(26112K)->25994K(26112K) Class: 3103K(3264K)->3103K(3264K)
[4611.394s][info][gc             ] GC(1219) Pause Full (Allocation Failure) 7864M->1579M(4439M) 935.763ms
[4611.394s][info][gc,cpu         ] GC(1219) User=4.42s Sys=0.12s Real=0.94s
..[4612.701s][info][gc,start       ] GC(1220) Pause Young (Allocation Failure)
[4612.763s][info][gc,heap        ] GC(1220) PSYoungGen: 2426368K(2611200K)->154432K(2608128K) Eden: 2426368K(2426368K)->0K(2426368K) From: 0K(184832K)->154432K(181760K)
[4612.763s][info][gc,heap        ] GC(1220) ParOldGen: 1616945K(1934848K)->1616945K(1934848K)
[4612.763s][info][gc,metaspace   ] GC(1220) Metaspace: 29098K(29376K)->29098K(29376K) NonClass: 25994K(26112K)->25994K(26112K) Class: 3103K(3264K)->3103K(3264K)
[4612.763s][info][gc             ] GC(1220) Pause Young (Allocation Failure) 3948M->1729M(4436M) 62.475ms
[4612.763s][info][gc,cpu         ] GC(1220) User=0.37s Sys=0.00s Real=0.06s
..[4614.875s][info][gc,start       ] GC(1221) Pause Young (Allocation Failure)
[4614.967s][info][gc,heap        ] GC(1221) PSYoungGen: 2580800K(2608128K)->157856K(2609664K) Eden: 2426368K(2426368K)->0K(2426368K) From: 154432K(181760K)->157856K(183296K)
[4614.967s][info][gc,heap        ] GC(1221) ParOldGen: 1616945K(1934848K)->1722001K(1934848K)
[4614.967s][info][gc,metaspace   ] GC(1221) Metaspace: 29098K(29376K)->29098K(29376K) NonClass: 25994K(26112K)->25994K(26112K) Class: 3103K(3264K)->3103K(3264K)
[4614.967s][info][gc             ] GC(1221) Pause Young (Allocation Failure) 4099M->1835M(4438M) 91.663ms
[4614.967s][info][gc,cpu         ] GC(1221) User=0.54s Sys=0.00s Real=0.09s
..[4617.027s][info][gc,start       ] GC(1222) Pause Young (Allocation Failure)
[4617.121s][info][gc,heap        ] GC(1222) PSYoungGen: 2584224K(2609664K)->159072K(2609152K) Eden: 2426368K(2426368K)->0K(2431488K) From: 157856K(183296K)->159072K(177664K)
[4617.121s][info][gc,heap        ] GC(1222) ParOldGen: 1722001K(1934848K)->1827913K(1934848K)
[4617.121s][info][gc,metaspace   ] GC(1222) Metaspace: 29098K(29376K)->29098K(29376K) NonClass: 25994K(26112K)->25994K(26112K) Class: 3103K(3264K)->3103K(3264K)
[4617.121s][info][gc             ] GC(1222) Pause Young (Allocation Failure) 4205M->1940M(4437M) 94.699ms
[4617.121s][info][gc,cpu         ] GC(1222) User=0.56s Sys=0.00s Real=0.09s
..[4619.171s][info][gc,start       ] GC(1223) Pause Young (Allocation Failure)
[4619.262s][info][gc,heap        ] GC(1223) PSYoungGen: 2590560K(2609152K)->152276K(2610688K) Eden: 2431488K(2431488K)->0K(2431488K) From: 159072K(177664K)->152276K(179200K)
[4619.262s][info][gc,heap        ] GC(1223) ParOldGen: 1827913K(1934848K)->1930793K(1934848K)
[4619.262s][info][gc,metaspace   ] GC(1223) Metaspace: 29098K(29376K)->29098K(29376K) NonClass: 25994K(26112K)->25994K(26112K) Class: 3103K(3264K)->3103K(3264K)
[4619.262s][info][gc             ] GC(1223) Pause Young (Allocation Failure) 4314M->2034M(4439M) 91.004ms
[4619.262s][info][gc,cpu         ] GC(1223) User=0.54s Sys=0.00s Real=0.09s
..[4621.430s][info][gc,start       ] GC(1224) Pause Young (Allocation Failure)
[4621.526s][info][gc,heap        ] GC(1224) PSYoungGen: 2583764K(2610688K)->156768K(2613248K) Eden: 2431488K(2431488K)->0K(2438656K) From: 152276K(179200K)->156768K(174592K)
[4621.526s][info][gc,heap        ] GC(1224) ParOldGen: 1930793K(1934848K)->2033617K(2033664K)
[4621.526s][info][gc,metaspace   ] GC(1224) Metaspace: 29098K(29376K)->29098K(29376K) NonClass: 25994K(26112K)->25994K(26112K) Class: 3103K(3264K)->3103K(3264K)
[4621.526s][info][gc             ] GC(1224) Pause Young (Allocation Failure) 4408M->2139M(4538M) 96.518ms
[4621.526s][info][gc,cpu         ] GC(1224) User=0.54s Sys=0.03s Real=0.10s
...[4623.614s][info][gc,start       ] GC(1225) Pause Young (Allocation Failure)
[4623.714s][info][gc,heap        ] GC(1225) PSYoungGen: 2595424K(2613248K)->159104K(2615296K) Eden: 2438656K(2438656K)->0K(2438656K) From: 156768K(174592K)->159104K(176640K)
[4623.714s][info][gc,heap        ] GC(1225) ParOldGen: 2033617K(2033664K)->2140225K(2140672K)
[4623.714s][info][gc,metaspace   ] GC(1225) Metaspace: 29098K(29376K)->29098K(29376K) NonClass: 25994K(26112K)->25994K(26112K) Class: 3103K(3264K)->3103K(3264K)
[4623.714s][info][gc             ] GC(1225) Pause Young (Allocation Failure) 4520M->2245M(4644M) 100.161ms
[4623.714s][info][gc,cpu         ] GC(1225) User=0.56s Sys=0.04s Real=0.10s
..[4625.794s][info][gc,start       ] GC(1226) Pause Young (Allocation Failure)
[4625.888s][info][gc,heap        ] GC(1226) PSYoungGen: 2597760K(2615296K)->151424K(2617856K) Eden: 2438656K(2438656K)->0K(2444288K) From: 159104K(176640K)->151424K(173568K)
[4625.888s][info][gc,heap        ] GC(1226) ParOldGen: 2140225K(2140672K)->2244561K(2244608K)
[4625.888s][info][gc,metaspace   ] GC(1226) Metaspace: 29098K(29376K)->29098K(29376K) NonClass: 25994K(26112K)->25994K(26112K) Class: 3103K(3264K)->3103K(3264K)
[4625.888s][info][gc             ] GC(1226) Pause Young (Allocation Failure) 4626M->2339M(4748M) 94.037ms
[4625.888s][info][gc,cpu         ] GC(1226) User=0.52s Sys=0.04s Real=0.09s
..[4628.009s][info][gc,start       ] GC(1227) Pause Young (Allocation Failure)
[4628.107s][info][gc,heap        ] GC(1227) PSYoungGen: 2595712K(2617856K)->158528K(2618880K) Eden: 2444288K(2444288K)->0K(2444288K) From: 151424K(173568K)->158528K(174592K)
[4628.107s][info][gc,heap        ] GC(1227) ParOldGen: 2244561K(2244608K)->2347313K(2347520K)
[4628.107s][info][gc,metaspace   ] GC(1227) Metaspace: 29098K(29376K)->29098K(29376K) NonClass: 25994K(26112K)->25994K(26112K) Class: 3103K(3264K)->3103K(3264K)
[4628.107s][info][gc             ] GC(1227) Pause Young (Allocation Failure) 4726M->2447M(4850M) 98.214ms
[4628.107s][info][gc,cpu         ] GC(1227) User=0.55s Sys=0.03s Real=0.10s
..[4630.182s][info][gc,start       ] GC(1228) Pause Young (Allocation Failure)
[4630.281s][info][gc,heap        ] GC(1228) PSYoungGen: 2602816K(2618880K)->152832K(2620928K) Eden: 2444288K(2444288K)->0K(2448384K) From: 158528K(174592K)->152832K(172544K)
[4630.281s][info][gc,heap        ] GC(1228) ParOldGen: 2347313K(2347520K)->2453137K(2453504K)
[4630.281s][info][gc,metaspace   ] GC(1228) Metaspace: 29098K(29376K)->29098K(29376K) NonClass: 25994K(26112K)->25994K(26112K) Class: 3103K(3264K)->3103K(3264K)
[4630.281s][info][gc             ] GC(1228) Pause Young (Allocation Failure) 4834M->2544M(4955M) 99.078ms
[4630.281s][info][gc,cpu         ] GC(1228) User=0.55s Sys=0.02s Real=0.10s
..[4632.449s][info][gc,start       ] GC(1229) Pause Young (Allocation Failure)
[4632.546s][info][gc,heap        ] GC(1229) PSYoungGen: 2601216K(2620928K)->148096K(2620928K) Eden: 2448384K(2448384K)->0K(2448384K) From: 152832K(172544K)->148096K(172544K)
[4632.546s][info][gc,heap        ] GC(1229) ParOldGen: 2453137K(2453504K)->2560273K(2560512K)
[4632.546s][info][gc,metaspace   ] GC(1229) Metaspace: 29098K(29376K)->29098K(29376K) NonClass: 25994K(26112K)->25994K(26112K) Class: 3103K(3264K)->3103K(3264K)
[4632.546s][info][gc             ] GC(1229) Pause Young (Allocation Failure) 4935M->2644M(5060M) 96.356ms
[4632.546s][info][gc,cpu         ] GC(1229) User=0.53s Sys=0.03s Real=0.10s
...[4634.644s][info][gc,start       ] GC(1230) Pause Young (Allocation Failure)
[4634.739s][info][gc,heap        ] GC(1230) PSYoungGen: 2596480K(2620928K)->150464K(2622464K) Eden: 2448384K(2448384K)->0K(2450944K) From: 148096K(172544K)->150464K(171520K)
[4634.739s][info][gc,heap        ] GC(1230) ParOldGen: 2560273K(2560512K)->2664697K(2664960K)
[4634.739s][info][gc,metaspace   ] GC(1230) Metaspace: 29098K(29376K)->29098K(29376K) NonClass: 25994K(26112K)->25994K(26112K) Class: 3103K(3264K)->3103K(3264K)
[4634.739s][info][gc             ] GC(1230) Pause Young (Allocation Failure) 5035M->2749M(5163M) 95.153ms
[4634.739s][info][gc,cpu         ] GC(1230) User=0.54s Sys=0.03s Real=0.09s
..[4636.922s][info][gc,start       ] GC(1231) Pause Young (Allocation Failure)
[4637.023s][info][gc,heap        ] GC(1231) PSYoungGen: 2601408K(2622464K)->162176K(2622976K) Eden: 2450944K(2450944K)->0K(2450944K) From: 150464K(171520K)->162176K(172032K)
[4637.023s][info][gc,heap        ] GC(1231) ParOldGen: 2664697K(2664960K)->2767649K(2767872K)
[4637.023s][info][gc,metaspace   ] GC(1231) Metaspace: 29098K(29376K)->29098K(29376K) NonClass: 25994K(26112K)->25994K(26112K) Class: 3103K(3264K)->3103K(3264K)
[4637.023s][info][gc             ] GC(1231) Pause Young (Allocation Failure) 5142M->2861M(5264M) 100.660ms
[4637.023s][info][gc,cpu         ] GC(1231) User=0.56s Sys=0.02s Real=0.10s
..[4639.138s][info][gc,start       ] GC(1232) Pause Young (Allocation Failure)
[4639.239s][info][gc,heap        ] GC(1232) PSYoungGen: 2613120K(2622976K)->162432K(2621952K) Eden: 2450944K(2450944K)->0K(2448896K) From: 162176K(172032K)->162432K(173056K)
[4639.239s][info][gc,heap        ] GC(1232) ParOldGen: 2767649K(2767872K)->2874313K(2874368K)
[4639.239s][info][gc,metaspace   ] GC(1232) Metaspace: 29098K(29376K)->29098K(29376K) NonClass: 25994K(26112K)->25994K(26112K) Class: 3103K(3264K)->3103K(3264K)
[4639.239s][info][gc             ] GC(1232) Pause Young (Allocation Failure) 5254M->2965M(5367M) 100.826ms
[4639.239s][info][gc,cpu         ] GC(1232) User=0.56s Sys=0.03s Real=0.10s
..[4641.302s][info][gc,start       ] GC(1233) Pause Young (Allocation Failure)
[4641.402s][info][gc,heap        ] GC(1233) PSYoungGen: 2611328K(2621952K)->158084K(2607104K) Eden: 2448896K(2448896K)->0K(2448896K) From: 162432K(173056K)->158084K(158208K)
[4641.402s][info][gc,heap        ] GC(1233) ParOldGen: 2874313K(2874368K)->2979137K(2979328K)
[4641.402s][info][gc,metaspace   ] GC(1233) Metaspace: 29098K(29376K)->29098K(29376K) NonClass: 25994K(26112K)->25994K(26112K) Class: 3103K(3264K)->3103K(3264K)
[4641.402s][info][gc             ] GC(1233) Pause Young (Allocation Failure) 5357M->3063M(5455M) 99.555ms
[4641.402s][info][gc,cpu         ] GC(1233) User=0.56s Sys=0.03s Real=0.10s
..[4643.514s][info][gc,start       ] GC(1234) Pause Young (Allocation Failure)
[4643.613s][info][gc,heap        ] GC(1234) PSYoungGen: 2606980K(2607104K)->158938K(2621952K) Eden: 2448896K(2448896K)->0K(2449920K) From: 158084K(158208K)->158938K(172032K)
[4643.613s][info][gc,heap        ] GC(1234) ParOldGen: 2979137K(2979328K)->3082265K(3082752K)
[4643.613s][info][gc,metaspace   ] GC(1234) Metaspace: 29098K(29376K)->29098K(29376K) NonClass: 25994K(26112K)->25994K(26112K) Class: 3103K(3264K)->3103K(3264K)
[4643.613s][info][gc             ] GC(1234) Pause Young (Allocation Failure) 5455M->3165M(5571M) 99.206ms
[4643.613s][info][gc,cpu         ] GC(1234) User=0.54s Sys=0.05s Real=0.09s
...[4645.722s][info][gc,start       ] GC(1235) Pause Young (Allocation Failure)
[4645.823s][info][gc,heap        ] GC(1235) PSYoungGen: 2608858K(2621952K)->163012K(2621440K) Eden: 2449920K(2449920K)->0K(2449920K) From: 158938K(172032K)->163012K(171520K)
[4645.823s][info][gc,heap        ] GC(1235) ParOldGen: 3082265K(3082752K)->3187817K(3188224K)
[4645.823s][info][gc,metaspace   ] GC(1235) Metaspace: 29098K(29376K)->29098K(29376K) NonClass: 25994K(26112K)->25994K(26112K) Class: 3103K(3264K)->3103K(3264K)
[4645.823s][info][gc             ] GC(1235) Pause Young (Allocation Failure) 5557M->3272M(5673M) 101.582ms
[4645.823s][info][gc,cpu         ] GC(1235) User=0.57s Sys=0.03s Real=0.10s
..[4648.035s][info][gc,start       ] GC(1236) Pause Young (Allocation Failure)
[4648.138s][info][gc,heap        ] GC(1236) PSYoungGen: 2612932K(2621440K)->167444K(2619904K) Eden: 2449920K(2449920K)->0K(2447872K) From: 163012K(171520K)->167444K(172032K)
[4648.138s][info][gc,heap        ] GC(1236) ParOldGen: 3187817K(3188224K)->3291625K(3291648K)
[4648.138s][info][gc,metaspace   ] GC(1236) Metaspace: 29098K(29376K)->29098K(29376K) NonClass: 25994K(26112K)->25994K(26112K) Class: 3103K(3264K)->3103K(3264K)
[4648.138s][info][gc             ] GC(1236) Pause Young (Allocation Failure) 5664M->3377M(5773M) 102.975ms
[4648.138s][info][gc,cpu         ] GC(1236) User=0.58s Sys=0.03s Real=0.10s
..[4650.303s][info][gc,start       ] GC(1237) Pause Young (Allocation Failure)
[4650.400s][info][gc,heap        ] GC(1237) PSYoungGen: 2615316K(2619904K)->155360K(2621952K) Eden: 2447872K(2447872K)->0K(2447872K) From: 167444K(172032K)->155360K(174080K)
[4650.400s][info][gc,heap        ] GC(1237) ParOldGen: 3291625K(3291648K)->3397105K(3397120K)
[4650.400s][info][gc,metaspace   ] GC(1237) Metaspace: 29098K(29376K)->29098K(29376K) NonClass: 25994K(26112K)->25994K(26112K) Class: 3103K(3264K)->3103K(3264K)
[4650.400s][info][gc             ] GC(1237) Pause Young (Allocation Failure) 5768M->3469M(5878M) 97.233ms
[4650.400s][info][gc,cpu         ] GC(1237) User=0.54s Sys=0.03s Real=0.10s
.. (rIR:aIR:PR = 7749:7790:7790) (tPR = 115739) [OK] 
  4651s: Performance info:
         Transaction,    Success,    Partial,     Failed,   Receipts, AvgBarcode, 
             Overall,     471273,          0,          0,     447711,      59.47, 
         Response times:
             Request,    Success,    Partial,     Failed,   SkipFail,     Probes,    Samples,      min,      p50,      p90,      p95,      p99,      max, 
       TotalPurchase,     447711,          0,          0,          0,     359132,     432706,      300,     5700,    22000,    54000,   567000,  1100000,
     InStorePurchase,     236182,          0,          0,          0,     188739,     227358,      300,     5900,    23000,    56000,   584000,  1100000,
      OnlinePurchase,     164745,          0,          0,          0,     132075,     159024,      300,     5300,    21000,    53000,   549000,  1100000,
        InstPurchase,      46784,          0,          0,          0,      38318,      46324,      400,     5900,    22000,    55000,   554000,  1100000,
          AssocOfCat,        471,          0,          0,          0,        384,        569,    21000,    38000,    91000,   149500,   683000,   810000,
      AssocOfProduct,       4717,          0,          0,          0,       4366,       5509,      700,     3900,    15700,    43000,   504000,   810000,
      BusinessReport,       1169,          0,          0,          0,       1004,       1329,    27000,    44000,    85000,   146000,   834000,  1100000,
          CustBuyBeh,       4686,          0,          0,          0,       4230,       5336,      300,     4400,    19260,    54000,   548000,   810000,
       ProductReturn,      12519,          0,          0,          0,       9437,      11751,      200,     5100,    19300,    50000,   537000,  1100000,

  4651s: (57%)   IR =   7887 [4652.502s][info][gc,start       ] GC(1238) Pause Young (Allocation Failure)
[4652.598s][info][gc,heap        ] GC(1238) PSYoungGen: 2603232K(2621952K)->148864K(2621440K) Eden: 2447872K(2447872K)->0K(2448384K) From: 155360K(174080K)->148864K(173056K)
[4652.598s][info][gc,heap        ] GC(1238) ParOldGen: 3397105K(3397120K)->3503177K(3503616K)
[4652.598s][info][gc,metaspace   ] GC(1238) Metaspace: 29098K(29376K)->29098K(29376K) NonClass: 25994K(26112K)->25994K(26112K) Class: 3103K(3264K)->3103K(3264K)
[4652.598s][info][gc             ] GC(1238) Pause Young (Allocation Failure) 5859M->3566M(5981M) 96.287ms
[4652.598s][info][gc,cpu         ] GC(1238) User=0.54s Sys=0.03s Real=0.10s
..[4654.734s][info][gc,start       ] GC(1239) Pause Young (Allocation Failure)
[4654.837s][info][gc,heap        ] GC(1239) PSYoungGen: 2597248K(2621440K)->167300K(2615808K) Eden: 2448384K(2448384K)->0K(2448384K) From: 148864K(173056K)->167300K(167424K)
[4654.837s][info][gc,heap        ] GC(1239) ParOldGen: 3503177K(3503616K)->3604769K(3604992K)
[4654.837s][info][gc,metaspace   ] GC(1239) Metaspace: 29098K(29376K)->29098K(29376K) NonClass: 25994K(26112K)->25994K(26112K) Class: 3103K(3264K)->3103K(3264K)
[4654.837s][info][gc             ] GC(1239) Pause Young (Allocation Failure) 5957M->3683M(6075M) 103.533ms
[4654.837s][info][gc,cpu         ] GC(1239) User=0.57s Sys=0.05s Real=0.10s
...[4656.937s][info][gc,start       ] GC(1240) Pause Young (Allocation Failure)
[4657.038s][info][gc,heap        ] GC(1240) PSYoungGen: 2615684K(2615808K)->163904K(2620416K) Eden: 2448384K(2448384K)->0K(2444800K) From: 167300K(167424K)->163904K(175616K)
[4657.038s][info][gc,heap        ] GC(1240) ParOldGen: 3604769K(3604992K)->3711249K(3711488K)
[4657.038s][info][gc,metaspace   ] GC(1240) Metaspace: 29098K(29376K)->29098K(29376K) NonClass: 25994K(26112K)->25994K(26112K) Class: 3103K(3264K)->3103K(3264K)
[4657.038s][info][gc             ] GC(1240) Pause Young (Allocation Failure) 6074M->3784M(6183M) 101.857ms
[4657.039s][info][gc,cpu         ] GC(1240) User=0.57s Sys=0.03s Real=0.10s
..|[4659.050s][info][gc,start       ] GC(1241) Pause Young (Allocation Failure)
[4659.153s][info][gc,heap        ] GC(1241) PSYoungGen: 2608704K(2620416K)->165860K(2610688K) Eden: 2444800K(2444800K)->0K(2444800K) From: 163904K(175616K)->165860K(165888K)
[4659.153s][info][gc,heap        ] GC(1241) ParOldGen: 3711249K(3711488K)->3818321K(3818496K)
[4659.153s][info][gc,metaspace   ] GC(1241) Metaspace: 29098K(29376K)->29098K(29376K) NonClass: 25994K(26112K)->25994K(26112K) Class: 3103K(3264K)->3103K(3264K)
[4659.153s][info][gc             ] GC(1241) Pause Young (Allocation Failure) 6171M->3890M(6278M) 103.028ms
[4659.153s][info][gc,cpu         ] GC(1241) User=0.57s Sys=0.03s Real=0.10s
..[4661.207s][info][gc,start       ] GC(1242) Pause Young (Allocation Failure)
[4661.305s][info][gc,heap        ] GC(1242) PSYoungGen: 2610660K(2610688K)->155445K(2620416K) Eden: 2444800K(2444800K)->0K(2443776K) From: 165860K(165888K)->155445K(176640K)
[4661.305s][info][gc,heap        ] GC(1242) ParOldGen: 3818321K(3818496K)->3919665K(3919872K)
[4661.305s][info][gc,metaspace   ] GC(1242) Metaspace: 29098K(29376K)->29098K(29376K) NonClass: 25994K(26112K)->25994K(26112K) Class: 3103K(3264K)->3103K(3264K)
[4661.305s][info][gc             ] GC(1242) Pause Young (Allocation Failure) 6278M->3979M(6387M) 98.052ms
[4661.305s][info][gc,cpu         ] GC(1242) User=0.54s Sys=0.03s Real=0.10s
..[4663.412s][info][gc,start       ] GC(1243) Pause Young (Allocation Failure)
[4663.511s][info][gc,heap        ] GC(1243) PSYoungGen: 2599221K(2620416K)->155328K(2599424K) Eden: 2443776K(2443776K)->0K(2443776K) From: 155445K(176640K)->155328K(155648K)
[4663.511s][info][gc,heap        ] GC(1243) ParOldGen: 3919665K(3919872K)->4026129K(4026368K)
[4663.511s][info][gc,metaspace   ] GC(1243) Metaspace: 29098K(29376K)->29098K(29376K) NonClass: 25994K(26112K)->25994K(26112K) Class: 3103K(3264K)->3103K(3264K)
[4663.511s][info][gc             ] GC(1243) Pause Young (Allocation Failure) 6366M->4083M(6470M) 99.497ms
[4663.511s][info][gc,cpu         ] GC(1243) User=0.55s Sys=0.02s Real=0.10s
..[4665.614s][info][gc,start       ] GC(1244) Pause Young (Allocation Failure)
[4665.714s][info][gc,heap        ] GC(1244) PSYoungGen: 2599104K(2599424K)->158546K(2619392K) Eden: 2443776K(2443776K)->0K(2444800K) From: 155328K(155648K)->158546K(174592K)
[4665.714s][info][gc,heap        ] GC(1244) ParOldGen: 4026129K(4026368K)->4129921K(4130304K)
[4665.714s][info][gc,metaspace   ] GC(1244) Metaspace: 29098K(29376K)->29098K(29376K) NonClass: 25994K(26112K)->25994K(26112K) Class: 3103K(3264K)->3103K(3264K)
[4665.714s][info][gc             ] GC(1244) Pause Young (Allocation Failure) 6469M->4187M(6591M) 99.537ms
[4665.714s][info][gc,cpu         ] GC(1244) User=0.55s Sys=0.04s Real=0.10s
..[4667.739s][info][gc,start       ] GC(1245) Pause Young (Allocation Failure)
[4667.837s][info][gc,heap        ] GC(1245) PSYoungGen: 2603346K(2619392K)->151424K(2618368K) Eden: 2444800K(2444800K)->0K(2444800K) From: 158546K(174592K)->151424K(173568K)
[4667.837s][info][gc,heap        ] GC(1245) ParOldGen: 4129921K(4130304K)->4236753K(4236800K)
[4667.837s][info][gc,metaspace   ] GC(1245) Metaspace: 29098K(29376K)->29098K(29376K) NonClass: 25994K(26112K)->25994K(26112K) Class: 3103K(3264K)->3103K(3264K)
[4667.837s][info][gc             ] GC(1245) Pause Young (Allocation Failure) 6575M->4285M(6694M) 98.084ms
[4667.837s][info][gc,cpu         ] GC(1245) User=0.53s Sys=0.05s Real=0.10s
...[4669.988s][info][gc,start       ] GC(1246) Pause Young (Allocation Failure)
[4670.086s][info][gc,heap        ] GC(1246) PSYoungGen: 2596224K(2618368K)->159456K(2621440K) Eden: 2444800K(2444800K)->0K(2448896K) From: 151424K(173568K)->159456K(172544K)
[4670.087s][info][gc,heap        ] GC(1246) ParOldGen: 4236753K(4236800K)->4339809K(4340224K)
[4670.087s][info][gc,metaspace   ] GC(1246) Metaspace: 29098K(29376K)->29098K(29376K) NonClass: 25994K(26112K)->25994K(26112K) Class: 3103K(3264K)->3103K(3264K)
[4670.087s][info][gc             ] GC(1246) Pause Young (Allocation Failure) 6672M->4393M(6798M) 98.828ms
[4670.087s][info][gc,cpu         ] GC(1246) User=0.55s Sys=0.04s Real=0.10s
..[4672.138s][info][gc,start       ] GC(1247) Pause Young (Allocation Failure)
[4672.243s][info][gc,heap        ] GC(1247) PSYoungGen: 2608352K(2621440K)->168057K(2620928K) Eden: 2448896K(2448896K)->0K(2448896K) From: 159456K(172544K)->168057K(172032K)
[4672.243s][info][gc,heap        ] GC(1247) ParOldGen: 4339809K(4340224K)->4446337K(4446720K)
[4672.243s][info][gc,metaspace   ] GC(1247) Metaspace: 29098K(29376K)->29098K(29376K) NonClass: 25994K(26112K)->25994K(26112K) Class: 3103K(3264K)->3103K(3264K)
[4672.243s][info][gc             ] GC(1247) Pause Young (Allocation Failure) 6785M->4506M(6902M) 105.420ms
[4672.243s][info][gc,cpu         ] GC(1247) User=0.59s Sys=0.04s Real=0.10s
..[4674.319s][info][gc,start       ] GC(1248) Pause Young (Allocation Failure)
[4674.415s][info][gc,heap        ] GC(1248) PSYoungGen: 2616953K(2620928K)->147360K(2620416K) Eden: 2448896K(2448896K)->0K(2445824K) From: 168057K(172032K)->147360K(174592K)
[4674.415s][info][gc,heap        ] GC(1248) ParOldGen: 4446337K(4446720K)->4551009K(4551168K)
[4674.415s][info][gc,metaspace   ] GC(1248) Metaspace: 29098K(29376K)->29098K(29376K) NonClass: 25994K(26112K)->25994K(26112K) Class: 3103K(3264K)->3103K(3264K)
[4674.415s][info][gc             ] GC(1248) Pause Young (Allocation Failure) 6897M->4588M(7003M) 96.214ms
[4674.415s][info][gc,cpu         ] GC(1248) User=0.54s Sys=0.02s Real=0.10s
..[4676.489s][info][gc,start       ] GC(1249) Pause Young (Allocation Failure)
[4676.590s][info][gc,heap        ] GC(1249) PSYoungGen: 2593184K(2620416K)->153904K(2599936K) Eden: 2445824K(2445824K)->0K(2445824K) From: 147360K(174592K)->153904K(154112K)
[4676.590s][info][gc,heap        ] GC(1249) ParOldGen: 4551009K(4551168K)->4654713K(4655104K)
[4676.590s][info][gc,metaspace   ] GC(1249) Metaspace: 29098K(29376K)->29098K(29376K) NonClass: 25994K(26112K)->25994K(26112K) Class: 3103K(3264K)->3103K(3264K)
[4676.590s][info][gc             ] GC(1249) Pause Young (Allocation Failure) 6976M->4695M(7085M) 100.769ms
[4676.590s][info][gc,cpu         ] GC(1249) User=0.56s Sys=0.03s Real=0.10s
..[4678.633s][info][gc,start       ] GC(1250) Pause Young (Allocation Failure)
[4678.732s][info][gc,heap        ] GC(1250) PSYoungGen: 2599728K(2599936K)->153280K(2621440K) Eden: 2445824K(2445824K)->0K(2447360K) From: 153904K(154112K)->153280K(174080K)
[4678.732s][info][gc,heap        ] GC(1250) ParOldGen: 4654713K(4655104K)->4759369K(4759552K)
[4678.732s][info][gc,metaspace   ] GC(1250) Metaspace: 29098K(29376K)->29098K(29376K) NonClass: 25994K(26112K)->25994K(26112K) Class: 3103K(3264K)->3103K(3264K)
[4678.732s][info][gc             ] GC(1250) Pause Young (Allocation Failure) 7084M->4797M(7208M) 99.692ms
[4678.732s][info][gc,cpu         ] GC(1250) User=0.55s Sys=0.03s Real=0.10s
..[4680.826s][info][gc,start       ] GC(1251) Pause Young (Allocation Failure)
[4680.929s][info][gc,heap        ] GC(1251) PSYoungGen: 2600640K(2621440K)->159572K(2620416K) Eden: 2447360K(2447360K)->0K(2447360K) From: 153280K(174080K)->159572K(173056K)
[4680.929s][info][gc,heap        ] GC(1251) ParOldGen: 4759369K(4759552K)->4864401K(4864512K)
[4680.929s][info][gc,metaspace   ] GC(1251) Metaspace: 29098K(29376K)->29098K(29376K) NonClass: 25994K(26112K)->25994K(26112K) Class: 3103K(3264K)->3103K(3264K)
[4680.929s][info][gc             ] GC(1251) Pause Young (Allocation Failure) 7187M->4906M(7309M) 102.547ms
[4680.929s][info][gc,cpu         ] GC(1251) User=0.57s Sys=0.04s Real=0.10s
...[4683.033s][info][gc,start       ] GC(1252) Pause Young (Allocation Failure)
[4683.137s][info][gc,heap        ] GC(1252) PSYoungGen: 2606932K(2620416K)->165184K(2619904K) Eden: 2447360K(2447360K)->0K(2447360K) From: 159572K(173056K)->165184K(172544K)
[4683.137s][info][gc,heap        ] GC(1252) ParOldGen: 4864401K(4864512K)->4967137K(4967424K)
[4683.137s][info][gc,metaspace   ] GC(1252) Metaspace: 29098K(29376K)->29098K(29376K) NonClass: 25994K(26112K)->25994K(26112K) Class: 3103K(3264K)->3103K(3264K)
[4683.137s][info][gc             ] GC(1252) Pause Young (Allocation Failure) 7296M->5012M(7409M) 103.354ms
[4683.137s][info][gc,cpu         ] GC(1252) User=0.57s Sys=0.03s Real=0.10s
..[4685.195s][info][gc,start       ] GC(1253) Pause Young (Allocation Failure)
[4685.296s][info][gc,heap        ] GC(1253) PSYoungGen: 2612544K(2619904K)->154116K(2621440K) Eden: 2447360K(2447360K)->0K(2447360K) From: 165184K(172544K)->154116K(174080K)
[4685.296s][info][gc,heap        ] GC(1253) ParOldGen: 4967137K(4967424K)->5073257K(5073408K)
[4685.296s][info][gc,metaspace   ] GC(1253) Metaspace: 29098K(29376K)->29098K(29376K) NonClass: 25994K(26112K)->25994K(26112K) Class: 3103K(3264K)->3103K(3264K)
[4685.296s][info][gc             ] GC(1253) Pause Young (Allocation Failure) 7402M->5104M(7514M) 100.901ms
[4685.296s][info][gc,cpu         ] GC(1253) User=0.56s Sys=0.03s Real=0.10s
..[4687.357s][info][gc,start       ] GC(1254) Pause Young (Allocation Failure)
[4687.460s][info][gc,heap        ] GC(1254) PSYoungGen: 2601476K(2621440K)->160048K(2620416K) Eden: 2447359K(2447360K)->0K(2448896K) From: 154116K(174080K)->160048K(171520K)
[4687.460s][info][gc,heap        ] GC(1254) ParOldGen: 5073257K(5073408K)->5177297K(5177344K)
[4687.460s][info][gc,metaspace   ] GC(1254) Metaspace: 29098K(29376K)->29098K(29376K) NonClass: 25994K(26112K)->25994K(26112K) Class: 3103K(3264K)->3103K(3264K)
[4687.460s][info][gc             ] GC(1254) Pause Young (Allocation Failure) 7494M->5212M(7615M) 102.959ms
[4687.460s][info][gc,cpu         ] GC(1254) User=0.57s Sys=0.04s Real=0.10s
..[4689.564s][info][gc,start       ] GC(1255) Pause Young (Allocation Failure)
[4689.670s][info][gc,heap        ] GC(1255) PSYoungGen: 2608944K(2620416K)->168320K(2621440K) Eden: 2448896K(2448896K)->0K(2448896K) From: 160048K(171520K)->168320K(172544K)
[4689.670s][info][gc,heap        ] GC(1255) ParOldGen: 5177297K(5177344K)->5282673K(5282816K)
[4689.670s][info][gc,metaspace   ] GC(1255) Metaspace: 29098K(29376K)->29098K(29376K) NonClass: 25994K(26112K)->25994K(26112K) Class: 3103K(3264K)->3103K(3264K)
[4689.670s][info][gc             ] GC(1255) Pause Young (Allocation Failure) 7603M->5323M(7719M) 105.183ms
[4689.670s][info][gc,cpu         ] GC(1255) User=0.59s Sys=0.03s Real=0.10s
..[4691.699s][info][gc,start       ] GC(1256) Pause Young (Allocation Failure)
[4691.802s][info][gc,heap        ] GC(1256) PSYoungGen: 2617216K(2621440K)->158452K(2621952K) Eden: 2448896K(2448896K)->0K(2448384K) From: 168320K(172544K)->158452K(173568K)
[4691.802s][info][gc,heap        ] GC(1256) ParOldGen: 5282673K(5282816K)->5387361K(5387776K)
[4691.802s][info][gc,metaspace   ] GC(1256) Metaspace: 29098K(29376K)->29098K(29376K) NonClass: 25994K(26112K)->25994K(26112K) Class: 3103K(3264K)->3103K(3264K)
[4691.802s][info][gc             ] GC(1256) Pause Young (Allocation Failure) 7714M->5415M(7822M) 102.919ms
[4691.802s][info][gc,cpu         ] GC(1256) User=0.57s Sys=0.03s Real=0.10s
...[4693.965s][info][gc,start       ] GC(1257) Pause Young (Allocation Failure)
[4694.066s][info][gc,heap        ] GC(1257) PSYoungGen: 2606836K(2621952K)->160288K(2621440K) Eden: 2448384K(2448384K)->0K(2448384K) From: 158452K(173568K)->160288K(173056K)
[4694.066s][info][gc,heap        ] GC(1257) ParOldGen: 5387361K(5387776K)->5490081K(5490176K)
[4694.066s][info][gc,metaspace   ] GC(1257) Metaspace: 29098K(29376K)->29098K(29376K) NonClass: 25994K(26112K)->25994K(26112K) Class: 3103K(3264K)->3103K(3264K)
[4694.066s][info][gc             ] GC(1257) Pause Young (Allocation Failure) 7806M->5517M(7921M) 100.710ms
[4694.066s][info][gc,cpu         ] GC(1257) User=0.56s Sys=0.03s Real=0.10s
..[4696.157s][info][gc,start       ] GC(1258) Pause Full (Allocation Failure)
[4696.157s][info][gc,phases,start] GC(1258) Marking Phase
[4696.476s][info][gc,phases      ] GC(1258) Marking Phase 318.995ms
[4696.476s][info][gc,phases,start] GC(1258) Summary Phase
[4696.476s][info][gc,phases      ] GC(1258) Summary Phase 0.101ms
[4696.476s][info][gc,phases,start] GC(1258) Forward
[4696.612s][info][gc,phases      ] GC(1258) Forward 135.688ms
[4696.612s][info][gc,phases,start] GC(1258) Adjust Pointers
[4696.826s][info][gc,phases      ] GC(1258) Adjust Pointers 214.204ms
[4696.826s][info][gc,phases,start] GC(1258) Compaction Phase
[4696.977s][info][gc,phases      ] GC(1258) Compaction Phase 150.461ms
[4696.978s][info][gc,phases,start] GC(1258) Post Compact
[4696.985s][info][gc,phases      ] GC(1258) Post Compact 6.971ms
[4697.106s][info][gc,heap        ] GC(1258) PSYoungGen: 2608672K(2621440K)->0K(2621952K) Eden: 2448384K(2448384K)->0K(2449408K) From: 160288K(173056K)->0K(172544K)
[4697.106s][info][gc,heap        ] GC(1258) ParOldGen: 5490081K(5490176K)->1618414K(1942528K)
[4697.106s][info][gc,metaspace   ] GC(1258) Metaspace: 29098K(29376K)->29098K(29376K) NonClass: 25994K(26112K)->25994K(26112K) Class: 3103K(3264K)->3103K(3264K)
[4697.106s][info][gc             ] GC(1258) Pause Full (Allocation Failure) 7908M->1580M(4457M) 948.695ms
[4697.106s][info][gc,cpu         ] GC(1258) User=4.43s Sys=0.13s Real=0.95s
..[4698.403s][info][gc,start       ] GC(1259) Pause Young (Allocation Failure)
[4698.476s][info][gc,heap        ] GC(1259) PSYoungGen: 2449408K(2621952K)->172538K(2621952K) Eden: 2449408K(2449408K)->0K(2449408K) From: 0K(172544K)->172538K(172544K)
[4698.476s][info][gc,heap        ] GC(1259) ParOldGen: 1618414K(1942528K)->1624214K(1942528K)
[4698.476s][info][gc,metaspace   ] GC(1259) Metaspace: 29098K(29376K)->29098K(29376K) NonClass: 25994K(26112K)->25994K(26112K) Class: 3103K(3264K)->3103K(3264K)
[4698.476s][info][gc             ] GC(1259) Pause Young (Allocation Failure) 3972M->1754M(4457M) 73.811ms
[4698.476s][info][gc,cpu         ] GC(1259) User=0.43s Sys=0.00s Real=0.08s
..[4700.597s][info][gc,start       ] GC(1260) Pause Young (Allocation Failure)
[4700.693s][info][gc,heap        ] GC(1260) PSYoungGen: 2621946K(2621952K)->162160K(2615808K) Eden: 2449408K(2449408K)->0K(2441728K) From: 172538K(172544K)->162160K(174080K)
[4700.693s][info][gc,heap        ] GC(1260) ParOldGen: 1624214K(1942528K)->1733838K(1942528K)
[4700.693s][info][gc,metaspace   ] GC(1260) Metaspace: 29098K(29376K)->29098K(29376K) NonClass: 25994K(26112K)->25994K(26112K) Class: 3103K(3264K)->3103K(3264K)
[4700.693s][info][gc             ] GC(1260) Pause Young (Allocation Failure) 4146M->1851M(4451M) 96.470ms
[4700.693s][info][gc,cpu         ] GC(1260) User=0.57s Sys=0.00s Real=0.10s
..[4702.767s][info][gc,start       ] GC(1261) Pause Young (Allocation Failure)
[4702.866s][info][gc,heap        ] GC(1261) PSYoungGen: 2603888K(2615808K)->170549K(2612736K) Eden: 2441728K(2441728K)->0K(2441728K) From: 162160K(174080K)->170549K(171008K)
[4702.866s][info][gc,heap        ] GC(1261) ParOldGen: 1733838K(1942528K)->1836046K(1942528K)
[4702.866s][info][gc,metaspace   ] GC(1261) Metaspace: 29098K(29376K)->29098K(29376K) NonClass: 25994K(26112K)->25994K(26112K) Class: 3103K(3264K)->3103K(3264K)
[4702.866s][info][gc             ] GC(1261) Pause Young (Allocation Failure) 4236M->1959M(4448M) 99.029ms
[4702.866s][info][gc,cpu         ] GC(1261) User=0.58s Sys=0.00s Real=0.10s
..[4704.961s][info][gc,start       ] GC(1262) Pause Young (Allocation Failure)
[4705.056s][info][gc,heap        ] GC(1262) PSYoungGen: 2612277K(2612736K)->161605K(2618880K) Eden: 2441728K(2441728K)->0K(2440192K) From: 170549K(171008K)->161605K(178688K)
[4705.056s][info][gc,heap        ] GC(1262) ParOldGen: 1836046K(1942528K)->1942998K(1943040K)
[4705.056s][info][gc,metaspace   ] GC(1262) Metaspace: 29098K(29376K)->29098K(29376K) NonClass: 25994K(26112K)->25994K(26112K) Class: 3103K(3264K)->3103K(3264K)
[4705.056s][info][gc             ] GC(1262) Pause Young (Allocation Failure) 4344M->2055M(4455M) 95.313ms
[4705.056s][info][gc,cpu         ] GC(1262) User=0.56s Sys=0.00s Real=0.10s
..[4707.099s][info][gc,start       ] GC(1263) Pause Young (Allocation Failure)
[4707.199s][info][gc,heap        ] GC(1263) PSYoungGen: 2601797K(2618880K)->163536K(2604032K) Eden: 2440192K(2440192K)->0K(2440192K) From: 161605K(178688K)->163536K(163840K)
[4707.199s][info][gc,heap        ] GC(1263) ParOldGen: 1942998K(1943040K)->2046982K(2047488K)
[4707.199s][info][gc,metaspace   ] GC(1263) Metaspace: 29098K(29376K)->29098K(29376K) NonClass: 25994K(26112K)->25994K(26112K) Class: 3103K(3264K)->3103K(3264K)
[4707.199s][info][gc             ] GC(1263) Pause Young (Allocation Failure) 4438M->2158M(4542M) 99.682ms
[4707.199s][info][gc,cpu         ] GC(1263) User=0.55s Sys=0.03s Real=0.10s
..[4709.272s][info][gc,start       ] GC(1264) Pause Young (Allocation Failure)
[4709.373s][info][gc,heap        ] GC(1264) PSYoungGen: 2603728K(2604032K)->161753K(2617344K) Eden: 2440192K(2440192K)->0K(2441216K) From: 163536K(163840K)->161753K(176128K)
[4709.373s][info][gc,heap        ] GC(1264) ParOldGen: 2046982K(2047488K)->2151158K(2151424K)
[4709.373s][info][gc,metaspace   ] GC(1264) Metaspace: 29098K(29376K)->29098K(29376K) NonClass: 25994K(26112K)->25994K(26112K) Class: 3103K(3264K)->3103K(3264K)
[4709.373s][info][gc             ] GC(1264) Pause Young (Allocation Failure) 4541M->2258M(4657M) 100.881ms
[4709.373s][info][gc,cpu         ] GC(1264) User=0.56s Sys=0.03s Real=0.10s
...[4711.417s][info][gc,start       ] GC(1265) Pause Young (Allocation Failure)
[4711.514s][info][gc,heap        ] GC(1265) PSYoungGen: 2602969K(2617344K)->150304K(2616320K) Eden: 2441216K(2441216K)->0K(2441216K) From: 161753K(176128K)->150304K(175104K)
[4711.514s][info][gc,heap        ] GC(1265) ParOldGen: 2151158K(2151424K)->2257230K(2257408K)
[4711.514s][info][gc,metaspace   ] GC(1265) Metaspace: 29098K(29376K)->29098K(29376K) NonClass: 25994K(26112K)->25994K(26112K) Class: 3103K(3264K)->3103K(3264K)
[4711.514s][info][gc             ] GC(1265) Pause Young (Allocation Failure) 4642M->2351M(4759M) 97.056ms
[4711.514s][info][gc,cpu         ] GC(1265) User=0.53s Sys=0.05s Real=0.10s
..[4713.634s][info][gc,start       ] GC(1266) Pause Young (Allocation Failure)
[4713.729s][info][gc,heap        ] GC(1266) PSYoungGen: 2591520K(2616320K)->155840K(2620416K) Eden: 2441216K(2441216K)->0K(2445312K) From: 150304K(175104K)->155840K(175104K)
[4713.729s][info][gc,heap        ] GC(1266) ParOldGen: 2257230K(2257408K)->2361702K(2361856K)
[4713.729s][info][gc,metaspace   ] GC(1266) Metaspace: 29098K(29376K)->29098K(29376K) NonClass: 25994K(26112K)->25994K(26112K) Class: 3103K(3264K)->3103K(3264K)
[4713.729s][info][gc             ] GC(1266) Pause Young (Allocation Failure) 4735M->2458M(4865M) 95.912ms
[4713.729s][info][gc,cpu         ] GC(1266) User=0.53s Sys=0.04s Real=0.09s
..[4715.825s][info][gc,start       ] GC(1267) Pause Young (Allocation Failure)
[4715.930s][info][gc,heap        ] GC(1267) PSYoungGen: 2601152K(2620416K)->169211K(2614784K) Eden: 2445312K(2445312K)->0K(2445312K) From: 155840K(175104K)->169211K(169472K)
[4715.930s][info][gc,heap        ] GC(1267) ParOldGen: 2361702K(2361856K)->2469270K(2469376K)
[4715.930s][info][gc,metaspace   ] GC(1267) Metaspace: 29098K(29376K)->29098K(29376K) NonClass: 25994K(26112K)->25994K(26112K) Class: 3103K(3264K)->3103K(3264K)
[4715.930s][info][gc             ] GC(1267) Pause Young (Allocation Failure) 4846M->2576M(4965M) 105.286ms
[4715.930s][info][gc,cpu         ] GC(1267) User=0.59s Sys=0.03s Real=0.10s
..[4717.962s][info][gc,start       ] GC(1268) Pause Young (Allocation Failure)
[4718.067s][info][gc,heap        ] GC(1268) PSYoungGen: 2614523K(2614784K)->170437K(2615808K) Eden: 2445312K(2445312K)->0K(2438656K) From: 169211K(169472K)->170437K(177152K)
[4718.067s][info][gc,heap        ] GC(1268) ParOldGen: 2469270K(2469376K)->2574462K(2574848K)
[4718.067s][info][gc,metaspace   ] GC(1268) Metaspace: 29098K(29376K)->29098K(29376K) NonClass: 25994K(26112K)->25994K(26112K) Class: 3103K(3264K)->3103K(3264K)
[4718.067s][info][gc             ] GC(1268) Pause Young (Allocation Failure) 4964M->2680M(5069M) 104.346ms
[4718.067s][info][gc,cpu         ] GC(1268) User=0.59s Sys=0.02s Real=0.11s
.. (rIR:aIR:PR = 7887:7902:7902) (tPR = 117964) [OK] 
  4719s: Performance info:
         Transaction,    Success,    Partial,     Failed,   Receipts, AvgBarcode, 
             Overall,     478207,          0,          0,     454330,      59.47, 
         Response times:
             Request,    Success,    Partial,     Failed,   SkipFail,     Probes,    Samples,      min,      p50,      p90,      p95,      p99,      max, 
       TotalPurchase,     454330,          0,          0,          0,     357412,     406294,      200,     5600,    22000,    52000,   513000,   750000,
     InStorePurchase,     238873,          0,          0,          0,     188090,     213437,      300,     5900,    23000,    52000,   513000,   680000,
      OnlinePurchase,     167394,          0,          0,          0,     131446,     149490,      200,     5100,    19900,    50000,   519000,   750000,
        InstPurchase,      48063,          0,          0,          0,      37876,      43367,      300,     5500,    22000,    52000,   501000,   750000,
          AssocOfCat,        480,          0,          0,          0,        377,        523,    23000,    38000,    66600,   104000,   318000,   434000,
      AssocOfProduct,       4794,          0,          0,          0,       4386,       5253,      500,     4800,    22000,    49000,   346000,   476000,
      BusinessReport,       1196,          0,          0,          0,       1026,       1295,    27000,    45000,    90400,   153400,   690000,  1200000,
          CustBuyBeh,       4773,          0,          0,          0,       4399,       5180,      400,     5700,    21000,    49000,   346000,   502000,
       ProductReturn,      12634,          0,          0,          0,       9647,      11326,      200,     5200,    19000,    47000,   535000,   680000,

  4719s: (58%)   IR =   8025 [4720.164s][info][gc,start       ] GC(1269) Pause Young (Allocation Failure)
[4720.258s][info][gc,heap        ] GC(1269) PSYoungGen: 2609093K(2615808K)->149504K(2588160K) Eden: 2438656K(2438656K)->0K(2438656K) From: 170437K(177152K)->149504K(149504K)
[4720.258s][info][gc,heap        ] GC(1269) ParOldGen: 2574462K(2574848K)->2676694K(2676736K)
[4720.258s][info][gc,metaspace   ] GC(1269) Metaspace: 29098K(29376K)->29098K(29376K) NonClass: 25994K(26112K)->25994K(26112K) Class: 3103K(3264K)->3103K(3264K)
[4720.258s][info][gc             ] GC(1269) Pause Young (Allocation Failure) 5062M->2759M(5141M) 94.269ms
[4720.258s][info][gc,cpu         ] GC(1269) User=0.52s Sys=0.04s Real=0.09s
..[4722.227s][info][gc,start       ] GC(1270) Pause Young (Allocation Failure)
[4722.322s][info][gc,heap        ] GC(1270) PSYoungGen: 2588160K(2588160K)->148160K(2615808K) Eden: 2438656K(2438656K)->0K(2436608K) From: 149504K(149504K)->148160K(179200K)
[4722.322s][info][gc,heap        ] GC(1270) ParOldGen: 2676694K(2676736K)->2783902K(2784256K)
[4722.322s][info][gc,metaspace   ] GC(1270) Metaspace: 29098K(29376K)->29098K(29376K) NonClass: 25994K(26112K)->25994K(26112K) Class: 3103K(3264K)->3103K(3264K)
[4722.322s][info][gc             ] GC(1270) Pause Young (Allocation Failure) 5141M->2863M(5273M) 94.960ms
[4722.322s][info][gc,cpu         ] GC(1270) User=0.54s Sys=0.02s Real=0.09s
..[4724.411s][info][gc,start       ] GC(1271) Pause Young (Allocation Failure)
[4724.512s][info][gc,heap        ] GC(1271) PSYoungGen: 2584768K(2615808K)->166192K(2603008K) Eden: 2436608K(2436608K)->0K(2436608K) From: 148160K(179200K)->166192K(166400K)
[4724.512s][info][gc,heap        ] GC(1271) ParOldGen: 2783902K(2784256K)->2885174K(2885632K)
[4724.512s][info][gc,metaspace   ] GC(1271) Metaspace: 29098K(29376K)->29098K(29376K) NonClass: 25994K(26112K)->25994K(26112K) Class: 3103K(3264K)->3103K(3264K)
[4724.512s][info][gc             ] GC(1271) Pause Young (Allocation Failure) 5242M->2979M(5360M) 100.951ms
[4724.512s][info][gc,cpu         ] GC(1271) User=0.56s Sys=0.03s Real=0.10s
...[4726.570s][info][gc,start       ] GC(1272) Pause Young (Allocation Failure)
[4726.666s][info][gc,heap        ] GC(1272) PSYoungGen: 2602800K(2603008K)->155264K(2616832K) Eden: 2436608K(2436608K)->0K(2436608K) From: 166192K(166400K)->155264K(180224K)
[4726.667s][info][gc,heap        ] GC(1272) ParOldGen: 2885174K(2885632K)->2989454K(2989568K)
[4726.667s][info][gc,metaspace   ] GC(1272) Metaspace: 29098K(29376K)->29098K(29376K) NonClass: 25994K(26112K)->25994K(26112K) Class: 3103K(3264K)->3103K(3264K)
[4726.667s][info][gc             ] GC(1272) Pause Young (Allocation Failure) 5359M->3071M(5475M) 96.332ms
[4726.667s][info][gc,cpu         ] GC(1272) User=0.54s Sys=0.03s Real=0.10s
.|.[4728.764s][info][gc,start       ] GC(1273) Pause Young (Allocation Failure)
[4728.872s][info][gc,heap        ] GC(1273) PSYoungGen: 2591872K(2616832K)->157684K(2594304K) Eden: 2436608K(2436608K)->0K(2436608K) From: 155264K(180224K)->157684K(157696K)
[4728.872s][info][gc,heap        ] GC(1273) ParOldGen: 2989454K(2989568K)->3096822K(3097088K)
[4728.872s][info][gc,metaspace   ] GC(1273) Metaspace: 29098K(29376K)->29098K(29376K) NonClass: 25994K(26112K)->25994K(26112K) Class: 3103K(3264K)->3103K(3264K)
[4728.872s][info][gc             ] GC(1273) Pause Young (Allocation Failure) 5450M->3178M(5558M) 108.113ms
[4728.872s][info][gc,cpu         ] GC(1273) User=0.61s Sys=0.03s Real=0.10s
[4728.893s][info][gc,start       ] GC(1274) Pause Full (Diagnostic Command)
[4728.893s][info][gc,phases,start] GC(1274) Marking Phase
[4729.194s][info][gc,phases      ] GC(1274) Marking Phase 300.886ms
[4729.194s][info][gc,phases,start] GC(1274) Summary Phase
[4729.194s][info][gc,phases      ] GC(1274) Summary Phase 0.048ms
[4729.194s][info][gc,phases,start] GC(1274) Forward
[4729.355s][info][gc,phases      ] GC(1274) Forward 161.016ms
[4729.355s][info][gc,phases,start] GC(1274) Adjust Pointers
[4729.564s][info][gc,phases      ] GC(1274) Adjust Pointers 209.453ms
[4729.564s][info][gc,phases,start] GC(1274) Compaction Phase
[4729.737s][info][gc,phases      ] GC(1274) Compaction Phase 172.674ms
[4729.739s][info][gc,phases,start] GC(1274) Post Compact
[4729.742s][info][gc,phases      ] GC(1274) Post Compact 2.913ms
[4729.742s][info][gc,heap        ] GC(1274) PSYoungGen: 221800K(2594304K)->0K(2594304K) Eden: 64116K(2436608K)->0K(2436608K) From: 157684K(157696K)->0K(157696K)
[4729.742s][info][gc,heap        ] GC(1274) ParOldGen: 3096822K(3097088K)->1336153K(3097088K)
[4729.742s][info][gc,metaspace   ] GC(1274) Metaspace: 29098K(29376K)->29098K(29376K) NonClass: 25994K(26112K)->25994K(26112K) Class: 3103K(3264K)->3103K(3264K)
[4729.742s][info][gc             ] GC(1274) Pause Full (Diagnostic Command) 3240M->1304M(5558M) 849.292ms
[4729.742s][info][gc,cpu         ] GC(1274) User=4.48s Sys=0.01s Real=0.85s
..[4731.041s][info][gc,start       ] GC(1275) Pause Young (Allocation Failure)
[4731.111s][info][gc,heap        ] GC(1275) PSYoungGen: 2436608K(2594304K)->171296K(2611712K) Eden: 2436608K(2436608K)->0K(2434048K) From: 0K(157696K)->171296K(177664K)
[4731.111s][info][gc,heap        ] GC(1275) ParOldGen: 1336153K(3097088K)->1336153K(3097088K)
[4731.111s][info][gc,metaspace   ] GC(1275) Metaspace: 29098K(29376K)->29098K(29376K) NonClass: 25994K(26112K)->25994K(26112K) Class: 3103K(3264K)->3103K(3264K)
[4731.111s][info][gc             ] GC(1275) Pause Young (Allocation Failure) 3684M->1472M(5575M) 69.949ms
[4731.111s][info][gc,cpu         ] GC(1275) User=0.41s Sys=0.00s Real=0.07s
..[4733.170s][info][gc,start       ] GC(1276) Pause Young (Allocation Failure)
[4733.266s][info][gc,heap        ] GC(1276) PSYoungGen: 2605344K(2611712K)->157845K(2614272K) Eden: 2434048K(2434048K)->0K(2434048K) From: 171296K(177664K)->157845K(180224K)
[4733.266s][info][gc,heap        ] GC(1276) ParOldGen: 1336153K(3097088K)->1441097K(3097088K)
[4733.266s][info][gc,metaspace   ] GC(1276) Metaspace: 29098K(29376K)->29098K(29376K) NonClass: 25994K(26112K)->25994K(26112K) Class: 3103K(3264K)->3103K(3264K)
[4733.266s][info][gc             ] GC(1276) Pause Young (Allocation Failure) 3849M->1561M(5577M) 95.802ms
[4733.266s][info][gc,cpu         ] GC(1276) User=0.57s Sys=0.00s Real=0.10s
..[4735.320s][info][gc,start       ] GC(1277) Pause Young (Allocation Failure)
[4735.409s][info][gc,heap        ] GC(1277) PSYoungGen: 2591893K(2614272K)->149312K(2614784K) Eden: 2434048K(2434048K)->0K(2437120K) From: 157845K(180224K)->149312K(177664K)
[4735.409s][info][gc,heap        ] GC(1277) ParOldGen: 1441097K(3097088K)->1544033K(3097088K)
[4735.409s][info][gc,metaspace   ] GC(1277) Metaspace: 29098K(29376K)->29098K(29376K) NonClass: 25994K(26112K)->25994K(26112K) Class: 3103K(3264K)->3103K(3264K)
[4735.409s][info][gc             ] GC(1277) Pause Young (Allocation Failure) 3938M->1653M(5578M) 89.041ms
[4735.409s][info][gc,cpu         ] GC(1277) User=0.53s Sys=0.00s Real=0.09s
..[4737.445s][info][gc,start       ] GC(1278) Pause Young (Allocation Failure)
[4737.537s][info][gc,heap        ] GC(1278) PSYoungGen: 2586432K(2614784K)->153120K(2615808K) Eden: 2437120K(2437120K)->0K(2437120K) From: 149312K(177664K)->153120K(178688K)
[4737.537s][info][gc,heap        ] GC(1278) ParOldGen: 1544033K(3097088K)->1650361K(3097088K)
[4737.537s][info][gc,metaspace   ] GC(1278) Metaspace: 29098K(29376K)->29098K(29376K) NonClass: 25994K(26112K)->25994K(26112K) Class: 3103K(3264K)->3103K(3264K)
[4737.537s][info][gc             ] GC(1278) Pause Young (Allocation Failure) 4033M->1761M(5579M) 92.184ms
[4737.537s][info][gc,cpu         ] GC(1278) User=0.54s Sys=0.00s Real=0.09s
..[4739.552s][info][gc,start       ] GC(1279) Pause Young (Allocation Failure)
[4739.646s][info][gc,heap        ] GC(1279) PSYoungGen: 2590240K(2615808K)->154957K(2613760K) Eden: 2437120K(2437120K)->0K(2439168K) From: 153120K(178688K)->154957K(174592K)
[4739.646s][info][gc,heap        ] GC(1279) ParOldGen: 1650361K(3097088K)->1751745K(3097088K)
[4739.646s][info][gc,metaspace   ] GC(1279) Metaspace: 29098K(29376K)->29098K(29376K) NonClass: 25994K(26112K)->25994K(26112K) Class: 3103K(3264K)->3103K(3264K)
[4739.646s][info][gc             ] GC(1279) Pause Young (Allocation Failure) 4141M->1862M(5577M) 94.286ms
[4739.647s][info][gc,cpu         ] GC(1279) User=0.55s Sys=0.00s Real=0.10s
..[4741.688s][info][gc,start       ] GC(1280) Pause Young (Allocation Failure)
[4741.782s][info][gc,heap        ] GC(1280) PSYoungGen: 2594125K(2613760K)->156453K(2615808K) Eden: 2439168K(2439168K)->0K(2439168K) From: 154957K(174592K)->156453K(176640K)
[4741.782s][info][gc,heap        ] GC(1280) ParOldGen: 1751745K(3097088K)->1858665K(3097088K)
[4741.782s][info][gc,metaspace   ] GC(1280) Metaspace: 29098K(29376K)->29098K(29376K) NonClass: 25994K(26112K)->25994K(26112K) Class: 3103K(3264K)->3103K(3264K)
[4741.782s][info][gc             ] GC(1280) Pause Young (Allocation Failure) 4244M->1967M(5579M) 94.177ms
[4741.782s][info][gc,cpu         ] GC(1280) User=0.55s Sys=0.00s Real=0.09s
..[4743.805s][info][gc,start       ] GC(1281) Pause Young (Allocation Failure)
[4743.901s][info][gc,heap        ] GC(1281) PSYoungGen: 2595621K(2615808K)->165172K(2618880K) Eden: 2439168K(2439168K)->0K(2443776K) From: 156453K(176640K)->165172K(175104K)
[4743.901s][info][gc,heap        ] GC(1281) ParOldGen: 1858665K(3097088K)->1961881K(3097088K)
[4743.901s][info][gc,metaspace   ] GC(1281) Metaspace: 29098K(29376K)->29098K(29376K) NonClass: 25994K(26112K)->25994K(26112K) Class: 3103K(3264K)->3103K(3264K)
[4743.901s][info][gc             ] GC(1281) Pause Young (Allocation Failure) 4349M->2077M(5582M) 96.160ms
[4743.901s][info][gc,cpu         ] GC(1281) User=0.57s Sys=0.00s Real=0.09s
...[4745.957s][info][gc,start       ] GC(1282) Pause Young (Allocation Failure)
[4746.051s][info][gc,heap        ] GC(1282) PSYoungGen: 2608948K(2618880K)->159168K(2603008K) Eden: 2443776K(2443776K)->0K(2443776K) From: 165172K(175104K)->159168K(159232K)
[4746.051s][info][gc,heap        ] GC(1282) ParOldGen: 1961881K(3097088K)->2065257K(3097088K)
[4746.051s][info][gc,metaspace   ] GC(1282) Metaspace: 29098K(29376K)->29098K(29376K) NonClass: 25994K(26112K)->25994K(26112K) Class: 3103K(3264K)->3103K(3264K)
[4746.051s][info][gc             ] GC(1282) Pause Young (Allocation Failure) 4463M->2172M(5566M) 93.661ms
[4746.051s][info][gc,cpu         ] GC(1282) User=0.55s Sys=0.00s Real=0.09s
..[4748.130s][info][gc,start       ] GC(1283) Pause Young (Allocation Failure)
[4748.232s][info][gc,heap        ] GC(1283) PSYoungGen: 2602944K(2603008K)->169088K(2617344K) Eden: 2443776K(2443776K)->0K(2442752K) From: 159168K(159232K)->169088K(174592K)
[4748.232s][info][gc,heap        ] GC(1283) ParOldGen: 2065257K(3097088K)->2172937K(3097088K)
[4748.232s][info][gc,metaspace   ] GC(1283) Metaspace: 29098K(29376K)->29098K(29376K) NonClass: 25994K(26112K)->25994K(26112K) Class: 3103K(3264K)->3103K(3264K)
[4748.232s][info][gc             ] GC(1283) Pause Young (Allocation Failure) 4558M->2287M(5580M) 101.803ms
[4748.232s][info][gc,cpu         ] GC(1283) User=0.60s Sys=0.01s Real=0.10s
..[4750.307s][info][gc,start       ] GC(1284) Pause Young (Allocation Failure)
[4750.407s][info][gc,heap        ] GC(1284) PSYoungGen: 2611840K(2617344K)->165018K(2608128K) Eden: 2442752K(2442752K)->0K(2442752K) From: 169088K(174592K)->165018K(165376K)
[4750.407s][info][gc,heap        ] GC(1284) ParOldGen: 2172937K(3097088K)->2277105K(3097088K)
[4750.407s][info][gc,metaspace   ] GC(1284) Metaspace: 29098K(29376K)->29098K(29376K) NonClass: 25994K(26112K)->25994K(26112K) Class: 3103K(3264K)->3103K(3264K)
[4750.407s][info][gc             ] GC(1284) Pause Young (Allocation Failure) 4672M->2384M(5571M) 100.010ms
[4750.407s][info][gc,cpu         ] GC(1284) User=0.59s Sys=0.01s Real=0.10s
..[4752.431s][info][gc,start       ] GC(1285) Pause Young (Allocation Failure)
[4752.526s][info][gc,heap        ] GC(1285) PSYoungGen: 2607770K(2608128K)->163840K(2619392K) Eden: 2442752K(2442752K)->0K(2442240K) From: 165018K(165376K)->163840K(177152K)
[4752.526s][info][gc,heap        ] GC(1285) ParOldGen: 2277105K(3097088K)->2379825K(3097088K)
[4752.526s][info][gc,metaspace   ] GC(1285) Metaspace: 29098K(29376K)->29098K(29376K) NonClass: 25994K(26112K)->25994K(26112K) Class: 3103K(3264K)->3103K(3264K)
[4752.526s][info][gc             ] GC(1285) Pause Young (Allocation Failure) 4770M->2484M(5582M) 94.637ms
[4752.526s][info][gc,cpu         ] GC(1285) User=0.57s Sys=0.00s Real=0.10s
..[4754.650s][info][gc,start       ] GC(1286) Pause Young (Allocation Failure)
[4754.751s][info][gc,heap        ] GC(1286) PSYoungGen: 2606080K(2619392K)->169035K(2611712K) Eden: 2442240K(2442240K)->0K(2442240K) From: 163840K(177152K)->169035K(169472K)
[4754.751s][info][gc,heap        ] GC(1286) ParOldGen: 2379825K(3097088K)->2486393K(3097088K)
[4754.751s][info][gc,metaspace   ] GC(1286) Metaspace: 29098K(29376K)->29098K(29376K) NonClass: 25994K(26112K)->25994K(26112K) Class: 3103K(3264K)->3103K(3264K)
[4754.751s][info][gc             ] GC(1286) Pause Young (Allocation Failure) 4869M->2593M(5575M) 100.414ms
[4754.751s][info][gc,cpu         ] GC(1286) User=0.60s Sys=0.00s Real=0.10s
..[4756.812s][info][gc,start       ] GC(1287) Pause Young (Allocation Failure)
[4756.908s][info][gc,heap        ] GC(1287) PSYoungGen: 2611275K(2611712K)->159760K(2619392K) Eden: 2442240K(2442240K)->0K(2441216K) From: 169035K(169472K)->159760K(178176K)
[4756.908s][info][gc,heap        ] GC(1287) ParOldGen: 2486393K(3097088K)->2589465K(3097088K)
[4756.908s][info][gc,metaspace   ] GC(1287) Metaspace: 29098K(29376K)->29098K(29376K) NonClass: 25994K(26112K)->25994K(26112K) Class: 3103K(3264K)->3103K(3264K)
[4756.908s][info][gc             ] GC(1287) Pause Young (Allocation Failure) 4978M->2684M(5582M) 96.339ms
[4756.908s][info][gc,cpu         ] GC(1287) User=0.57s Sys=0.00s Real=0.10s
..[4758.889s][info][gc,start       ] GC(1288) Pause Young (Allocation Failure)
[4758.983s][info][gc,heap        ] GC(1288) PSYoungGen: 2600976K(2619392K)->159584K(2600960K) Eden: 2441216K(2441216K)->0K(2441216K) From: 159760K(178176K)->159584K(159744K)
[4758.983s][info][gc,heap        ] GC(1288) ParOldGen: 2589465K(3097088K)->2693673K(3097088K)
[4758.983s][info][gc,metaspace   ] GC(1288) Metaspace: 29098K(29376K)->29098K(29376K) NonClass: 25994K(26112K)->25994K(26112K) Class: 3103K(3264K)->3103K(3264K)
[4758.983s][info][gc             ] GC(1288) Pause Young (Allocation Failure) 5068M->2786M(5564M) 94.560ms
[4758.983s][info][gc,cpu         ] GC(1288) User=0.56s Sys=0.00s Real=0.10s
..[4760.975s][info][gc,start       ] GC(1289) Pause Young (Allocation Failure)
[4761.069s][info][gc,heap        ] GC(1289) PSYoungGen: 2600800K(2600960K)->154432K(2617344K) Eden: 2441216K(2441216K)->0K(2441728K) From: 159584K(159744K)->154432K(175616K)
[4761.069s][info][gc,heap        ] GC(1289) ParOldGen: 2693673K(3097088K)->2799017K(3097088K)
[4761.069s][info][gc,metaspace   ] GC(1289) Metaspace: 29098K(29376K)->29098K(29376K) NonClass: 25994K(26112K)->25994K(26112K) Class: 3103K(3264K)->3103K(3264K)
[4761.069s][info][gc             ] GC(1289) Pause Young (Allocation Failure) 5170M->2884M(5580M) 94.304ms
[4761.069s][info][gc,cpu         ] GC(1289) User=0.56s Sys=0.01s Real=0.09s
...[4763.157s][info][gc,start       ] GC(1290) Pause Young (Allocation Failure)
[4763.254s][info][gc,heap        ] GC(1290) PSYoungGen: 2596160K(2617344K)->164352K(2616832K) Eden: 2441728K(2441728K)->0K(2441728K) From: 154432K(175616K)->164352K(175104K)
[4763.254s][info][gc,heap        ] GC(1290) ParOldGen: 2799017K(3097088K)->2900745K(3097088K)
[4763.254s][info][gc,metaspace   ] GC(1290) Metaspace: 29098K(29376K)->29098K(29376K) NonClass: 25994K(26112K)->25994K(26112K) Class: 3103K(3264K)->3103K(3264K)
[4763.254s][info][gc             ] GC(1290) Pause Young (Allocation Failure) 5268M->2993M(5580M) 97.627ms
[4763.254s][info][gc,cpu         ] GC(1290) User=0.57s Sys=0.00s Real=0.10s
..[4765.330s][info][gc,start       ] GC(1291) Pause Young (Allocation Failure)
[4765.426s][info][gc,heap        ] GC(1291) PSYoungGen: 2606080K(2616832K)->156684K(2620416K) Eden: 2441728K(2441728K)->0K(2445824K) From: 164352K(175104K)->156684K(174592K)
[4765.426s][info][gc,heap        ] GC(1291) ParOldGen: 2900745K(3097088K)->3010673K(3097088K)
[4765.426s][info][gc,metaspace   ] GC(1291) Metaspace: 29098K(29376K)->29098K(29376K) NonClass: 25994K(26112K)->25994K(26112K) Class: 3103K(3264K)->3103K(3264K)
[4765.426s][info][gc             ] GC(1291) Pause Young (Allocation Failure) 5377M->3093M(5583M) 96.034ms
[4765.427s][info][gc,cpu         ] GC(1291) User=0.57s Sys=0.00s Real=0.10s
..[4767.533s][info][gc,start       ] GC(1292) Pause Young (Allocation Failure)
[4767.629s][info][gc,heap        ] GC(1292) PSYoungGen: 2602508K(2620416K)->159733K(2620416K) Eden: 2445824K(2445824K)->0K(2445824K) From: 156684K(174592K)->159733K(174592K)
[4767.629s][info][gc,heap        ] GC(1292) ParOldGen: 3010673K(3097088K)->3111073K(3111424K)
[4767.629s][info][gc,metaspace   ] GC(1292) Metaspace: 29098K(29376K)->29098K(29376K) NonClass: 25994K(26112K)->25994K(26112K) Class: 3103K(3264K)->3103K(3264K)
[4767.629s][info][gc             ] GC(1292) Pause Young (Allocation Failure) 5481M->3194M(5597M) 96.298ms
[4767.629s][info][gc,cpu         ] GC(1292) User=0.56s Sys=0.00s Real=0.10s
..[4769.620s][info][gc,start       ] GC(1293) Pause Young (Allocation Failure)
[4769.716s][info][gc,heap        ] GC(1293) PSYoungGen: 2605557K(2620416K)->153472K(2620928K) Eden: 2445824K(2445824K)->0K(2447360K) From: 159733K(174592K)->153472K(173568K)
[4769.716s][info][gc,heap        ] GC(1293) ParOldGen: 3111073K(3111424K)->3216641K(3216896K)
[4769.716s][info][gc,metaspace   ] GC(1293) Metaspace: 29098K(29376K)->29098K(29376K) NonClass: 25994K(26112K)->25994K(26112K) Class: 3103K(3264K)->3103K(3264K)
[4769.716s][info][gc             ] GC(1293) Pause Young (Allocation Failure) 5582M->3291M(5701M) 96.012ms
[4769.716s][info][gc,cpu         ] GC(1293) User=0.55s Sys=0.03s Real=0.10s
..[4771.715s][info][gc,start       ] GC(1294) Pause Young (Allocation Failure)
[4771.816s][info][gc,heap        ] GC(1294) PSYoungGen: 2600832K(2620928K)->163719K(2620416K) Eden: 2447360K(2447360K)->0K(2447360K) From: 153472K(173568K)->163719K(173056K)
[4771.816s][info][gc,heap        ] GC(1294) ParOldGen: 3216641K(3216896K)->3320969K(3321344K)
[4771.816s][info][gc,metaspace   ] GC(1294) Metaspace: 29098K(29376K)->29098K(29376K) NonClass: 25994K(26112K)->25994K(26112K) Class: 3103K(3264K)->3103K(3264K)
[4771.816s][info][gc             ] GC(1294) Pause Young (Allocation Failure) 5681M->3403M(5802M) 101.087ms
[4771.817s][info][gc,cpu         ] GC(1294) User=0.56s Sys=0.03s Real=0.10s
..[4773.890s][info][gc,start       ] GC(1295) Pause Young (Allocation Failure)
[4773.990s][info][gc,heap        ] GC(1295) PSYoungGen: 2611079K(2620416K)->157792K(2621440K) Eden: 2447360K(2447360K)->0K(2449408K) From: 163719K(173056K)->157792K(172032K)
[4773.990s][info][gc,heap        ] GC(1295) ParOldGen: 3320969K(3321344K)->3426761K(3426816K)
[4773.990s][info][gc,metaspace   ] GC(1295) Metaspace: 29098K(29376K)->29098K(29376K) NonClass: 25994K(26112K)->25994K(26112K) Class: 3103K(3264K)->3103K(3264K)
[4773.990s][info][gc             ] GC(1295) Pause Young (Allocation Failure) 5793M->3500M(5906M) 99.921ms
[4773.990s][info][gc,cpu         ] GC(1295) User=0.54s Sys=0.04s Real=0.10s
..[4776.035s][info][gc,start       ] GC(1296) Pause Young (Allocation Failure)
[4776.134s][info][gc,heap        ] GC(1296) PSYoungGen: 2607200K(2621440K)->154560K(2621952K) Eden: 2449408K(2449408K)->0K(2449408K) From: 157792K(172032K)->154560K(172544K)
[4776.134s][info][gc,heap        ] GC(1296) ParOldGen: 3426761K(3426816K)->3532305K(3532800K)
[4776.134s][info][gc,metaspace   ] GC(1296) Metaspace: 29098K(29376K)->29098K(29376K) NonClass: 25994K(26112K)->25994K(26112K) Class: 3103K(3264K)->3103K(3264K)
[4776.134s][info][gc             ] GC(1296) Pause Young (Allocation Failure) 5892M->3600M(6010M) 98.595ms
[4776.134s][info][gc,cpu         ] GC(1296) User=0.55s Sys=0.02s Real=0.10s
...[4778.258s][info][gc,start       ] GC(1297) Pause Young (Allocation Failure)
[4778.355s][info][gc,heap        ] GC(1297) PSYoungGen: 2603968K(2621952K)->153332K(2623488K) Eden: 2449408K(2449408K)->0K(2451456K) From: 154560K(172544K)->153332K(172032K)
[4778.355s][info][gc,heap        ] GC(1297) ParOldGen: 3532305K(3532800K)->3635369K(3635712K)
[4778.355s][info][gc,metaspace   ] GC(1297) Metaspace: 29098K(29376K)->29098K(29376K) NonClass: 25994K(26112K)->25994K(26112K) Class: 3103K(3264K)->3103K(3264K)
[4778.355s][info][gc             ] GC(1297) Pause Young (Allocation Failure) 5992M->3699M(6112M) 97.489ms
[4778.355s][info][gc,cpu         ] GC(1297) User=0.54s Sys=0.03s Real=0.10s
..[4780.422s][info][gc,start       ] GC(1298) Pause Young (Allocation Failure)
[4780.525s][info][gc,heap        ] GC(1298) PSYoungGen: 2604788K(2623488K)->165477K(2617344K) Eden: 2451456K(2451456K)->0K(2451456K) From: 153332K(172032K)->165477K(165888K)
[4780.525s][info][gc,heap        ] GC(1298) ParOldGen: 3635369K(3635712K)->3738585K(3738624K)
[4780.525s][info][gc,metaspace   ] GC(1298) Metaspace: 29098K(29376K)->29098K(29376K) NonClass: 25994K(26112K)->25994K(26112K) Class: 3103K(3264K)->3103K(3264K)
[4780.525s][info][gc             ] GC(1298) Pause Young (Allocation Failure) 6093M->3812M(6207M) 102.604ms
[4780.525s][info][gc,cpu         ] GC(1298) User=0.56s Sys=0.04s Real=0.11s
..[4782.502s][info][gc,start       ] GC(1299) Pause Young (Allocation Failure)
[4782.601s][info][gc,heap        ] GC(1299) PSYoungGen: 2616933K(2617344K)->154400K(2623488K) Eden: 2451456K(2451456K)->0K(2450432K) From: 165477K(165888K)->154400K(173056K)
[4782.601s][info][gc,heap        ] GC(1299) ParOldGen: 3738585K(3738624K)->3844385K(3844608K)
[4782.601s][info][gc,metaspace   ] GC(1299) Metaspace: 29098K(29376K)->29098K(29376K) NonClass: 25994K(26112K)->25994K(26112K) Class: 3103K(3264K)->3103K(3264K)
[4782.601s][info][gc             ] GC(1299) Pause Young (Allocation Failure) 6206M->3905M(6316M) 98.918ms
[4782.601s][info][gc,cpu         ] GC(1299) User=0.56s Sys=0.03s Real=0.10s
..[4784.670s][info][gc,start       ] GC(1300) Pause Young (Allocation Failure)
[4784.776s][info][gc,heap        ] GC(1300) PSYoungGen: 2604832K(2623488K)->170804K(2621440K) Eden: 2450432K(2450432K)->0K(2450432K) From: 154400K(173056K)->170804K(171008K)
[4784.776s][info][gc,heap        ] GC(1300) ParOldGen: 3844385K(3844608K)->3948433K(3948544K)
[4784.776s][info][gc,metaspace   ] GC(1300) Metaspace: 29098K(29376K)->29098K(29376K) NonClass: 25994K(26112K)->25994K(26112K) Class: 3103K(3264K)->3103K(3264K)
[4784.776s][info][gc             ] GC(1300) Pause Young (Allocation Failure) 6298M->4022M(6416M) 106.298ms
[4784.776s][info][gc,cpu         ] GC(1300) User=0.60s Sys=0.02s Real=0.11s
..[4786.813s][info][gc,start       ] GC(1301) Pause Young (Allocation Failure)
[4786.922s][info][gc,heap        ] GC(1301) PSYoungGen: 2621236K(2621440K)->174564K(2532352K) Eden: 2450432K(2450432K)->0K(2357760K) From: 170804K(171008K)->174564K(174592K)
[4786.922s][info][gc,heap        ] GC(1301) ParOldGen: 3948433K(3948544K)->4054961K(4055040K)
[4786.922s][info][gc,metaspace   ] GC(1301) Metaspace: 29098K(29376K)->29098K(29376K) NonClass: 25994K(26112K)->25994K(26112K) Class: 3103K(3264K)->3103K(3264K)
[4786.922s][info][gc             ] GC(1301) Pause Young (Allocation Failure) 6415M->4130M(6433M) 108.974ms
[4786.922s][info][gc,cpu         ] GC(1301) User=0.60s Sys=0.05s Real=0.10s
.. (rIR:aIR:PR = 8025:8018:8018) (tPR = 118913) [OK] 
  4788s: Performance info:
         Transaction,    Success,    Partial,     Failed,   Receipts, AvgBarcode, 
             Overall,     486126,          0,          0,     461831,      59.47, 
         Response times:
             Request,    Success,    Partial,     Failed,   SkipFail,     Probes,    Samples,      min,      p50,      p90,      p95,      p99,      max, 
       TotalPurchase,     461831,          0,          0,          0,     356404,     412328,      300,     5800,    28000,    61000,   120000,   940000,
     InStorePurchase,     242598,          0,          0,          0,     187792,     216964,      300,     5600,    28000,    61000,   120000,   940000,
      OnlinePurchase,     170638,          0,          0,          0,     131144,     151598,      300,     6000,    29000,    63000,   121000,   940000,
        InstPurchase,      48595,          0,          0,          0,      37468,      43766,      400,     5700,    28000,    61000,   117000,   940000,
          AssocOfCat,        487,          0,          0,          0,        396,        555,    27000,    39000,    75600,   115400,   208000,   253000,
      AssocOfProduct,       4808,          0,          0,          0,       3344,       4100,      700,     6600,    36000,    66000,   121000,   230000,
      BusinessReport,       1215,          0,          0,          0,       1069,       1317,    26000,    44000,    77200,   139300,   179640,   260000,
          CustBuyBeh,       4927,          0,          0,          0,       3297,       3977,      700,     5500,    30000,    64000,   187000,   940000,
       ProductReturn,      12858,          0,          0,          0,       9920,      11859,      200,     6400,    31000,    64000,   119400,   251000,

  4788s: (59%)   IR =   8164 [4788.884s][info][gc,start       ] GC(1302) Pause Young (Allocation Failure)
[4788.981s][info][gc,heap        ] GC(1302) PSYoungGen: 2532324K(2532352K)->153376K(2576896K) Eden: 2357760K(2357760K)->0K(2357760K) From: 174564K(174592K)->153376K(219136K)
[4788.981s][info][gc,heap        ] GC(1302) ParOldGen: 4054961K(4055040K)->4159809K(4160000K)
[4788.981s][info][gc,metaspace   ] GC(1302) Metaspace: 29098K(29376K)->29098K(29376K) NonClass: 25994K(26112K)->25994K(26112K) Class: 3103K(3264K)->3103K(3264K)
[4788.981s][info][gc             ] GC(1302) Pause Young (Allocation Failure) 6432M->4212M(6579M) 96.580ms
[4788.981s][info][gc,cpu         ] GC(1302) User=0.54s Sys=0.03s Real=0.09s
..[4790.861s][info][gc,start       ] GC(1303) Pause Young (Allocation Failure)
[4790.961s][info][gc,heap        ] GC(1303) PSYoungGen: 2511136K(2576896K)->158933K(2569216K) Eden: 2357760K(2357760K)->0K(2359296K) From: 153376K(219136K)->158933K(209920K)
[4790.961s][info][gc,heap        ] GC(1303) ParOldGen: 4159809K(4160000K)->4265433K(4265472K)
[4790.961s][info][gc,metaspace   ] GC(1303) Metaspace: 29098K(29376K)->29098K(29376K) NonClass: 25994K(26112K)->25994K(26112K) Class: 3103K(3264K)->3103K(3264K)
[4790.962s][info][gc             ] GC(1303) Pause Young (Allocation Failure) 6514M->4320M(6674M) 100.560ms
[4790.962s][info][gc,cpu         ] GC(1303) User=0.55s Sys=0.03s Real=0.10s
..[4792.967s][info][gc,start       ] GC(1304) Pause Young (Allocation Failure)
[4793.066s][info][gc,heap        ] GC(1304) PSYoungGen: 2518229K(2569216K)->159077K(2573824K) Eden: 2359296K(2359296K)->0K(2359296K) From: 158933K(209920K)->159077K(214528K)
[4793.066s][info][gc,heap        ] GC(1304) ParOldGen: 4265433K(4265472K)->4367001K(4367360K)
[4793.066s][info][gc,metaspace   ] GC(1304) Metaspace: 29098K(29376K)->29098K(29376K) NonClass: 25994K(26112K)->25994K(26112K) Class: 3103K(3264K)->3103K(3264K)
[4793.066s][info][gc             ] GC(1304) Pause Young (Allocation Failure) 6624M->4419M(6778M) 99.314ms
[4793.066s][info][gc,cpu         ] GC(1304) User=0.55s Sys=0.03s Real=0.10s
..|[4794.955s][info][gc,start       ] GC(1305) Pause Young (Allocation Failure)
[4795.055s][info][gc,heap        ] GC(1305) PSYoungGen: 2518373K(2573824K)->153847K(2575360K) Eden: 2359296K(2359296K)->0K(2369536K) From: 159077K(214528K)->153847K(205824K)
[4795.055s][info][gc,heap        ] GC(1305) ParOldGen: 4367001K(4367360K)->4468961K(4469248K)
[4795.055s][info][gc,metaspace   ] GC(1305) Metaspace: 29098K(29376K)->29098K(29376K) NonClass: 25994K(26112K)->25994K(26112K) Class: 3103K(3264K)->3103K(3264K)
[4795.055s][info][gc             ] GC(1305) Pause Young (Allocation Failure) 6723M->4514M(6879M) 99.470ms
[4795.055s][info][gc,cpu         ] GC(1305) User=0.55s Sys=0.03s Real=0.10s
..[4797.049s][info][gc,start       ] GC(1306) Pause Young (Allocation Failure)
[4797.145s][info][gc,heap        ] GC(1306) PSYoungGen: 2523383K(2575360K)->154624K(2579456K) Eden: 2369536K(2369536K)->0K(2369536K) From: 153847K(205824K)->154624K(209920K)
[4797.145s][info][gc,heap        ] GC(1306) ParOldGen: 4468961K(4469248K)->4570945K(4571136K)
[4797.145s][info][gc,metaspace   ] GC(1306) Metaspace: 29098K(29376K)->29098K(29376K) NonClass: 25994K(26112K)->25994K(26112K) Class: 3103K(3264K)->3103K(3264K)
[4797.145s][info][gc             ] GC(1306) Pause Young (Allocation Failure) 6828M->4614M(6983M) 96.273ms
[4797.145s][info][gc,cpu         ] GC(1306) User=0.54s Sys=0.03s Real=0.10s
..[4799.076s][info][gc,start       ] GC(1307) Pause Young (Allocation Failure)
[4799.179s][info][gc,heap        ] GC(1307) PSYoungGen: 2524160K(2579456K)->162725K(2576896K) Eden: 2369536K(2369536K)->0K(2378240K) From: 154624K(209920K)->162725K(198656K)
[4799.179s][info][gc,heap        ] GC(1307) ParOldGen: 4570945K(4571136K)->4674633K(4675072K)
[4799.179s][info][gc,metaspace   ] GC(1307) Metaspace: 29098K(29376K)->29098K(29376K) NonClass: 25994K(26112K)->25994K(26112K) Class: 3103K(3264K)->3103K(3264K)
[4799.179s][info][gc             ] GC(1307) Pause Young (Allocation Failure) 6928M->4723M(7082M) 102.932ms
[4799.179s][info][gc,cpu         ] GC(1307) User=0.58s Sys=0.03s Real=0.10s
..[4801.177s][info][gc,start       ] GC(1308) Pause Young (Allocation Failure)
[4801.270s][info][gc,heap        ] GC(1308) PSYoungGen: 2540965K(2576896K)->144768K(2582528K) Eden: 2378240K(2378240K)->0K(2378240K) From: 162725K(198656K)->144768K(204288K)
[4801.270s][info][gc,heap        ] GC(1308) ParOldGen: 4674633K(4675072K)->4775817K(4775936K)
[4801.270s][info][gc,metaspace   ] GC(1308) Metaspace: 29098K(29376K)->29098K(29376K) NonClass: 25994K(26112K)->25994K(26112K) Class: 3103K(3264K)->3103K(3264K)
[4801.270s][info][gc             ] GC(1308) Pause Young (Allocation Failure) 7046M->4805M(7186M) 93.871ms
[4801.271s][info][gc,cpu         ] GC(1308) User=0.52s Sys=0.04s Real=0.09s
..[4803.254s][info][gc,start       ] GC(1309) Pause Young (Allocation Failure)
[4803.349s][info][gc,heap        ] GC(1309) PSYoungGen: 2523008K(2582528K)->148096K(2588160K) Eden: 2378240K(2378240K)->0K(2387968K) From: 144768K(204288K)->148096K(200192K)
[4803.349s][info][gc,heap        ] GC(1309) ParOldGen: 4775817K(4775936K)->4878385K(4878848K)
[4803.349s][info][gc,metaspace   ] GC(1309) Metaspace: 29098K(29376K)->29098K(29376K) NonClass: 25994K(26112K)->25994K(26112K) Class: 3103K(3264K)->3103K(3264K)
[4803.349s][info][gc             ] GC(1309) Pause Young (Allocation Failure) 7127M->4908M(7292M) 95.775ms
[4803.349s][info][gc,cpu         ] GC(1309) User=0.53s Sys=0.03s Real=0.09s
..[4805.242s][info][gc,start       ] GC(1310) Pause Young (Allocation Failure)
[4805.343s][info][gc,heap        ] GC(1310) PSYoungGen: 2536064K(2588160K)->149300K(2590208K) Eden: 2387968K(2387968K)->0K(2387968K) From: 148096K(200192K)->149300K(202240K)
[4805.343s][info][gc,heap        ] GC(1310) ParOldGen: 4878385K(4878848K)->4985497K(4985856K)
[4805.343s][info][gc,metaspace   ] GC(1310) Metaspace: 29098K(29376K)->29098K(29376K) NonClass: 25994K(26112K)->25994K(26112K) Class: 3103K(3264K)->3103K(3264K)
[4805.343s][info][gc             ] GC(1310) Pause Young (Allocation Failure) 7240M->5014M(7398M) 100.881ms
[4805.343s][info][gc,cpu         ] GC(1310) User=0.56s Sys=0.03s Real=0.10s
..[4807.304s][info][gc,start       ] GC(1311) Pause Young (Allocation Failure)
[4807.401s][info][gc,heap        ] GC(1311) PSYoungGen: 2537268K(2590208K)->150912K(2589696K) Eden: 2387968K(2387968K)->0K(2393600K) From: 149300K(202240K)->150912K(196096K)
[4807.401s][info][gc,heap        ] GC(1311) ParOldGen: 4985497K(4985856K)->5085625K(5085696K)
[4807.401s][info][gc,metaspace   ] GC(1311) Metaspace: 29098K(29376K)->29098K(29376K) NonClass: 25994K(26112K)->25994K(26112K) Class: 3103K(3264K)->3103K(3264K)
[4807.401s][info][gc             ] GC(1311) Pause Young (Allocation Failure) 7346M->5113M(7495M) 97.473ms
[4807.401s][info][gc,cpu         ] GC(1311) User=0.54s Sys=0.04s Real=0.09s
..[4809.404s][info][gc,start       ] GC(1312) Pause Young (Allocation Failure)
[4809.507s][info][gc,heap        ] GC(1312) PSYoungGen: 2544512K(2589696K)->160473K(2591744K) Eden: 2393600K(2393600K)->0K(2393600K) From: 150912K(196096K)->160473K(198144K)
[4809.507s][info][gc,heap        ] GC(1312) ParOldGen: 5085625K(5085696K)->5190201K(5190656K)
[4809.507s][info][gc,metaspace   ] GC(1312) Metaspace: 29098K(29376K)->29098K(29376K) NonClass: 25994K(26112K)->25994K(26112K) Class: 3103K(3264K)->3103K(3264K)
[4809.507s][info][gc             ] GC(1312) Pause Young (Allocation Failure) 7451M->5225M(7600M) 102.960ms
[4809.507s][info][gc,cpu         ] GC(1312) User=0.57s Sys=0.02s Real=0.10s
..[4811.498s][info][gc,start       ] GC(1313) Pause Young (Allocation Failure)
[4811.599s][info][gc,heap        ] GC(1313) PSYoungGen: 2554073K(2591744K)->153252K(2594304K) Eden: 2393600K(2393600K)->0K(2403328K) From: 160473K(198144K)->153252K(190976K)
[4811.599s][info][gc,heap        ] GC(1313) ParOldGen: 5190201K(5190656K)->5295737K(5296128K)
[4811.599s][info][gc,metaspace   ] GC(1313) Metaspace: 29098K(29376K)->29098K(29376K) NonClass: 25994K(26112K)->25994K(26112K) Class: 3103K(3264K)->3103K(3264K)
[4811.599s][info][gc             ] GC(1313) Pause Young (Allocation Failure) 7562M->5321M(7705M) 101.215ms
[4811.599s][info][gc,cpu         ] GC(1313) User=0.57s Sys=0.03s Real=0.10s
...[4813.611s][info][gc,start       ] GC(1314) Pause Young (Allocation Failure)
[4813.710s][info][gc,heap        ] GC(1314) PSYoungGen: 2556580K(2594304K)->152800K(2595328K) Eden: 2403328K(2403328K)->0K(2403328K) From: 153252K(190976K)->152800K(192000K)
[4813.710s][info][gc,heap        ] GC(1314) ParOldGen: 5295737K(5296128K)->5396889K(5396992K)
[4813.710s][info][gc,metaspace   ] GC(1314) Metaspace: 29098K(29376K)->29098K(29376K) NonClass: 25994K(26112K)->25994K(26112K) Class: 3103K(3264K)->3103K(3264K)
[4813.710s][info][gc             ] GC(1314) Pause Young (Allocation Failure) 7668M->5419M(7805M) 98.314ms
[4813.710s][info][gc,cpu         ] GC(1314) User=0.56s Sys=0.02s Real=0.10s
..[4815.709s][info][gc,start       ] GC(1315) Pause Young (Allocation Failure)
[4815.811s][info][gc,heap        ] GC(1315) PSYoungGen: 2556128K(2595328K)->157536K(2598912K) Eden: 2403328K(2403328K)->0K(2414080K) From: 152800K(192000K)->157536K(184832K)
[4815.811s][info][gc,heap        ] GC(1315) ParOldGen: 5396889K(5396992K)->5502121K(5502464K)
[4815.811s][info][gc,metaspace   ] GC(1315) Metaspace: 29098K(29376K)->29098K(29376K) NonClass: 25994K(26112K)->25994K(26112K) Class: 3103K(3264K)->3103K(3264K)
[4815.811s][info][gc             ] GC(1315) Pause Young (Allocation Failure) 7766M->5527M(7911M) 102.118ms
[4815.811s][info][gc,cpu         ] GC(1315) User=0.57s Sys=0.02s Real=0.10s
..[4817.834s][info][gc,start       ] GC(1316) Pause Full (Allocation Failure)
[4817.834s][info][gc,phases,start] GC(1316) Marking Phase
[4818.154s][info][gc,phases      ] GC(1316) Marking Phase 320.153ms
[4818.154s][info][gc,phases,start] GC(1316) Summary Phase
[4818.154s][info][gc,phases      ] GC(1316) Summary Phase 0.100ms
[4818.154s][info][gc,phases,start] GC(1316) Forward
[4818.279s][info][gc,phases      ] GC(1316) Forward 125.142ms
[4818.279s][info][gc,phases,start] GC(1316) Adjust Pointers
[4818.495s][info][gc,phases      ] GC(1316) Adjust Pointers 215.837ms
[4818.495s][info][gc,phases,start] GC(1316) Compaction Phase
[4818.643s][info][gc,phases      ] GC(1316) Compaction Phase 147.701ms
[4818.645s][info][gc,phases,start] GC(1316) Post Compact
[4818.651s][info][gc,phases      ] GC(1316) Post Compact 6.843ms
[4818.776s][info][gc,heap        ] GC(1316) PSYoungGen: 2571616K(2598912K)->0K(2600960K) Eden: 2414080K(2414080K)->0K(2414080K) From: 157536K(184832K)->0K(186880K)
[4818.776s][info][gc,heap        ] GC(1316) ParOldGen: 5502121K(5502464K)->1610546K(1942528K)
[4818.776s][info][gc,metaspace   ] GC(1316) Metaspace: 29098K(29376K)->29098K(29376K) NonClass: 25994K(26112K)->25994K(26112K) Class: 3103K(3264K)->3103K(3264K)
[4818.776s][info][gc             ] GC(1316) Pause Full (Allocation Failure) 7884M->1572M(4437M) 942.318ms
[4818.776s][info][gc,cpu         ] GC(1316) User=4.41s Sys=0.12s Real=0.94s
..[4820.017s][info][gc,start       ] GC(1317) Pause Young (Allocation Failure)
[4820.093s][info][gc,heap        ] GC(1317) PSYoungGen: 2414080K(2600960K)->180133K(2598912K) Eden: 2414080K(2414080K)->0K(2412032K) From: 0K(186880K)->180133K(186880K)
[4820.094s][info][gc,heap        ] GC(1317) ParOldGen: 1610546K(1942528K)->1610546K(1942528K)
[4820.094s][info][gc,metaspace   ] GC(1317) Metaspace: 29098K(29376K)->29098K(29376K) NonClass: 25994K(26112K)->25994K(26112K) Class: 3103K(3264K)->3103K(3264K)
[4820.094s][info][gc             ] GC(1317) Pause Young (Allocation Failure) 3930M->1748M(4435M) 76.786ms
[4820.094s][info][gc,cpu         ] GC(1317) User=0.46s Sys=0.00s Real=0.08s
..[4821.946s][info][gc,start       ] GC(1318) Pause Young (Allocation Failure)
[4822.040s][info][gc,heap        ] GC(1318) PSYoungGen: 2592165K(2598912K)->157364K(2604032K) Eden: 2412032K(2412032K)->0K(2412032K) From: 180133K(186880K)->157364K(192000K)
[4822.041s][info][gc,heap        ] GC(1318) ParOldGen: 1610546K(1942528K)->1717346K(1942528K)
[4822.041s][info][gc,metaspace   ] GC(1318) Metaspace: 29098K(29376K)->29098K(29376K) NonClass: 25994K(26112K)->25994K(26112K) Class: 3103K(3264K)->3103K(3264K)
[4822.041s][info][gc             ] GC(1318) Pause Young (Allocation Failure) 4104M->1830M(4440M) 94.540ms
[4822.041s][info][gc,cpu         ] GC(1318) User=0.56s Sys=0.00s Real=0.09s
..[4824.039s][info][gc,start       ] GC(1319) Pause Young (Allocation Failure)
[4824.133s][info][gc,heap        ] GC(1319) PSYoungGen: 2569396K(2604032K)->158048K(2596352K) Eden: 2412032K(2412032K)->0K(2414592K) From: 157364K(192000K)->158048K(181760K)
[4824.133s][info][gc,heap        ] GC(1319) ParOldGen: 1717346K(1942528K)->1817770K(1942528K)
[4824.133s][info][gc,metaspace   ] GC(1319) Metaspace: 29098K(29376K)->29098K(29376K) NonClass: 25994K(26112K)->25994K(26112K) Class: 3103K(3264K)->3103K(3264K)
[4824.133s][info][gc             ] GC(1319) Pause Young (Allocation Failure) 4186M->1929M(4432M) 94.057ms
[4824.133s][info][gc,cpu         ] GC(1319) User=0.55s Sys=0.00s Real=0.09s
..[4826.144s][info][gc,start       ] GC(1320) Pause Young (Allocation Failure)
[4826.238s][info][gc,heap        ] GC(1320) PSYoungGen: 2572640K(2596352K)->157504K(2601472K) Eden: 2414592K(2414592K)->0K(2414592K) From: 158048K(181760K)->157504K(186880K)
[4826.238s][info][gc,heap        ] GC(1320) ParOldGen: 1817770K(1942528K)->1922170K(1942528K)
[4826.238s][info][gc,metaspace   ] GC(1320) Metaspace: 29098K(29376K)->29098K(29376K) NonClass: 25994K(26112K)->25994K(26112K) Class: 3103K(3264K)->3103K(3264K)
[4826.238s][info][gc             ] GC(1320) Pause Young (Allocation Failure) 4287M->2030M(4437M) 94.240ms
[4826.238s][info][gc,cpu         ] GC(1320) User=0.56s Sys=0.00s Real=0.09s
..[4828.241s][info][gc,start       ] GC(1321) Pause Young (Allocation Failure)
[4828.336s][info][gc,heap        ] GC(1321) PSYoungGen: 2572096K(2601472K)->151840K(2605056K) Eden: 2414592K(2414592K)->0K(2424320K) From: 157504K(186880K)->151840K(180736K)
[4828.336s][info][gc,heap        ] GC(1321) ParOldGen: 1922170K(1942528K)->2025802K(2025984K)
[4828.336s][info][gc,metaspace   ] GC(1321) Metaspace: 29098K(29376K)->29098K(29376K) NonClass: 25994K(26112K)->25994K(26112K) Class: 3103K(3264K)->3103K(3264K)
[4828.336s][info][gc             ] GC(1321) Pause Young (Allocation Failure) 4388M->2126M(4522M) 95.050ms
[4828.336s][info][gc,cpu         ] GC(1321) User=0.54s Sys=0.03s Real=0.10s
..[4830.323s][info][gc,start       ] GC(1322) Pause Young (Allocation Failure)
[4830.417s][info][gc,heap        ] GC(1322) PSYoungGen: 2576160K(2605056K)->149824K(2608128K) Eden: 2424320K(2424320K)->0K(2424320K) From: 151840K(180736K)->149824K(183808K)
[4830.417s][info][gc,heap        ] GC(1322) ParOldGen: 2025802K(2025984K)->2129266K(2129408K)
[4830.417s][info][gc,metaspace   ] GC(1322) Metaspace: 29098K(29376K)->29098K(29376K) NonClass: 25994K(26112K)->25994K(26112K) Class: 3103K(3264K)->3103K(3264K)
[4830.417s][info][gc             ] GC(1322) Pause Young (Allocation Failure) 4494M->2225M(4626M) 94.230ms
[4830.417s][info][gc,cpu         ] GC(1322) User=0.53s Sys=0.03s Real=0.10s
..[4832.432s][info][gc,start       ] GC(1323) Pause Young (Allocation Failure)
[4832.531s][info][gc,heap        ] GC(1323) PSYoungGen: 2574144K(2608128K)->154421K(2607104K) Eden: 2424320K(2424320K)->0K(2429440K) From: 149824K(183808K)->154421K(177664K)
[4832.531s][info][gc,heap        ] GC(1323) ParOldGen: 2129266K(2129408K)->2233810K(2233856K)
[4832.531s][info][gc,metaspace   ] GC(1323) Metaspace: 29098K(29376K)->29098K(29376K) NonClass: 25994K(26112K)->25994K(26112K) Class: 3103K(3264K)->3103K(3264K)
[4832.531s][info][gc             ] GC(1323) Pause Young (Allocation Failure) 4593M->2332M(4727M) 98.302ms
[4832.531s][info][gc,cpu         ] GC(1323) User=0.54s Sys=0.04s Real=0.10s
..[4834.537s][info][gc,start       ] GC(1324) Pause Young (Allocation Failure)
[4834.638s][info][gc,heap        ] GC(1324) PSYoungGen: 2583861K(2607104K)->163456K(2610176K) Eden: 2429440K(2429440K)->0K(2429440K) From: 154421K(177664K)->163456K(180736K)
[4834.638s][info][gc,heap        ] GC(1324) ParOldGen: 2233810K(2233856K)->2336602K(2336768K)
[4834.638s][info][gc,metaspace   ] GC(1324) Metaspace: 29098K(29376K)->29098K(29376K) NonClass: 25994K(26112K)->25994K(26112K) Class: 3103K(3264K)->3103K(3264K)
[4834.638s][info][gc             ] GC(1324) Pause Young (Allocation Failure) 4704M->2441M(4831M) 100.967ms
[4834.638s][info][gc,cpu         ] GC(1324) User=0.56s Sys=0.04s Real=0.10s
..[4836.609s][info][gc,start       ] GC(1325) Pause Young (Allocation Failure)
[4836.710s][info][gc,heap        ] GC(1325) PSYoungGen: 2592896K(2610176K)->156660K(2611200K) Eden: 2429440K(2429440K)->0K(2434560K) From: 163456K(180736K)->156660K(176640K)
[4836.710s][info][gc,heap        ] GC(1325) ParOldGen: 2336602K(2336768K)->2443650K(2443776K)
[4836.710s][info][gc,metaspace   ] GC(1325) Metaspace: 29098K(29376K)->29098K(29376K) NonClass: 25994K(26112K)->25994K(26112K) Class: 3103K(3264K)->3103K(3264K)
[4836.710s][info][gc             ] GC(1325) Pause Young (Allocation Failure) 4813M->2539M(4936M) 101.094ms
[4836.710s][info][gc,cpu         ] GC(1325) User=0.56s Sys=0.03s Real=0.10s
..[4838.708s][info][gc,start       ] GC(1326) Pause Young (Allocation Failure)
[4838.809s][info][gc,heap        ] GC(1326) PSYoungGen: 2591220K(2611200K)->167237K(2613248K) Eden: 2434560K(2434560K)->0K(2434560K) From: 156660K(176640K)->167237K(178688K)
[4838.809s][info][gc,heap        ] GC(1326) ParOldGen: 2443650K(2443776K)->2546754K(2547200K)
[4838.809s][info][gc,metaspace   ] GC(1326) Metaspace: 29098K(29376K)->29098K(29376K) NonClass: 25994K(26112K)->25994K(26112K) Class: 3103K(3264K)->3103K(3264K)
[4838.809s][info][gc             ] GC(1326) Pause Young (Allocation Failure) 4916M->2650M(5039M) 101.881ms
[4838.809s][info][gc,cpu         ] GC(1326) User=0.56s Sys=0.05s Real=0.10s
..[4840.765s][info][gc,start       ] GC(1327) Pause Young (Allocation Failure)
[4840.867s][info][gc,heap        ] GC(1327) PSYoungGen: 2601797K(2613248K)->164304K(2615808K) Eden: 2434560K(2434560K)->0K(2435584K) From: 167237K(178688K)->164304K(180224K)
[4840.867s][info][gc,heap        ] GC(1327) ParOldGen: 2546754K(2547200K)->2652018K(2652160K)
[4840.867s][info][gc,metaspace   ] GC(1327) Metaspace: 29098K(29376K)->29098K(29376K) NonClass: 25994K(26112K)->25994K(26112K) Class: 3103K(3264K)->3103K(3264K)
[4840.867s][info][gc             ] GC(1327) Pause Young (Allocation Failure) 5027M->2750M(5144M) 102.060ms
[4840.868s][info][gc,cpu         ] GC(1327) User=0.57s Sys=0.04s Real=0.10s
...[4842.924s][info][gc,start       ] GC(1328) Pause Young (Allocation Failure)
[4843.025s][info][gc,heap        ] GC(1328) PSYoungGen: 2599888K(2615808K)->164228K(2599936K) Eden: 2435584K(2435584K)->0K(2435584K) From: 164304K(180224K)->164228K(164352K)
[4843.025s][info][gc,heap        ] GC(1328) ParOldGen: 2652018K(2652160K)->2755586K(2756096K)
[4843.025s][info][gc,metaspace   ] GC(1328) Metaspace: 29098K(29376K)->29098K(29376K) NonClass: 25994K(26112K)->25994K(26112K) Class: 3103K(3264K)->3103K(3264K)
[4843.025s][info][gc             ] GC(1328) Pause Young (Allocation Failure) 5128M->2851M(5230M) 100.966ms
[4843.025s][info][gc,cpu         ] GC(1328) User=0.56s Sys=0.03s Real=0.10s
..[4845.002s][info][gc,start       ] GC(1329) Pause Young (Allocation Failure)
[4845.097s][info][gc,heap        ] GC(1329) PSYoungGen: 2599812K(2599936K)->151744K(2615808K) Eden: 2435584K(2435584K)->0K(2436096K) From: 164228K(164352K)->151744K(179712K)
[4845.097s][info][gc,heap        ] GC(1329) ParOldGen: 2755586K(2756096K)->2863186K(2863616K)
[4845.097s][info][gc,metaspace   ] GC(1329) Metaspace: 29098K(29376K)->29098K(29376K) NonClass: 25994K(26112K)->25994K(26112K) Class: 3103K(3264K)->3103K(3264K)
[4845.097s][info][gc             ] GC(1329) Pause Young (Allocation Failure) 5229M->2944M(5351M) 95.278ms
[4845.097s][info][gc,cpu         ] GC(1329) User=0.54s Sys=0.03s Real=0.10s
..[4847.108s][info][gc,start       ] GC(1330) Pause Young (Allocation Failure)
[4847.205s][info][gc,heap        ] GC(1330) PSYoungGen: 2587840K(2615808K)->159008K(2595328K) Eden: 2436096K(2436096K)->0K(2436096K) From: 151744K(179712K)->159008K(159232K)
[4847.205s][info][gc,heap        ] GC(1330) ParOldGen: 2863186K(2863616K)->2964842K(2964992K)
[4847.205s][info][gc,metaspace   ] GC(1330) Metaspace: 29098K(29376K)->29098K(29376K) NonClass: 25994K(26112K)->25994K(26112K) Class: 3103K(3264K)->3103K(3264K)
[4847.205s][info][gc             ] GC(1330) Pause Young (Allocation Failure) 5323M->3050M(5430M) 96.621ms
[4847.205s][info][gc,cpu         ] GC(1330) User=0.53s Sys=0.04s Real=0.10s
..[4849.230s][info][gc,start       ] GC(1331) Pause Young (Allocation Failure)
[4849.325s][info][gc,heap        ] GC(1331) PSYoungGen: 2595104K(2595328K)->147552K(2614272K) Eden: 2436096K(2436096K)->0K(2437120K) From: 159008K(159232K)->147552K(177152K)
[4849.325s][info][gc,heap        ] GC(1331) ParOldGen: 2964842K(2964992K)->3067930K(3068416K)
[4849.325s][info][gc,metaspace   ] GC(1331) Metaspace: 29098K(29376K)->29098K(29376K) NonClass: 25994K(26112K)->25994K(26112K) Class: 3103K(3264K)->3103K(3264K)
[4849.325s][info][gc             ] GC(1331) Pause Young (Allocation Failure) 5429M->3140M(5549M) 95.398ms
[4849.325s][info][gc,cpu         ] GC(1331) User=0.52s Sys=0.04s Real=0.10s
..[4851.396s][info][gc,start       ] GC(1332) Pause Young (Allocation Failure)
[4851.497s][info][gc,heap        ] GC(1332) PSYoungGen: 2584672K(2614272K)->159620K(2614272K) Eden: 2437120K(2437120K)->0K(2437120K) From: 147552K(177152K)->159620K(177152K)
[4851.497s][info][gc,heap        ] GC(1332) ParOldGen: 3067930K(3068416K)->3172106K(3172352K)
[4851.497s][info][gc,metaspace   ] GC(1332) Metaspace: 29098K(29376K)->29098K(29376K) NonClass: 25994K(26112K)->25994K(26112K) Class: 3103K(3264K)->3103K(3264K)
[4851.497s][info][gc             ] GC(1332) Pause Young (Allocation Failure) 5520M->3253M(5651M) 101.339ms
[4851.497s][info][gc,cpu         ] GC(1332) User=0.57s Sys=0.02s Real=0.10s
..[4853.476s][info][gc,start       ] GC(1333) Pause Young (Allocation Failure)
[4853.572s][info][gc,heap        ] GC(1333) PSYoungGen: 2596740K(2614272K)->150656K(2618368K) Eden: 2437120K(2437120K)->0K(2442240K) From: 159620K(177152K)->150656K(176128K)
[4853.572s][info][gc,heap        ] GC(1333) ParOldGen: 3172106K(3172352K)->3277650K(3277824K)
[4853.572s][info][gc,metaspace   ] GC(1333) Metaspace: 29098K(29376K)->29098K(29376K) NonClass: 25994K(26112K)->25994K(26112K) Class: 3103K(3264K)->3103K(3264K)
[4853.573s][info][gc             ] GC(1333) Pause Young (Allocation Failure) 5633M->3347M(5758M) 96.754ms
[4853.573s][info][gc,cpu         ] GC(1333) User=0.54s Sys=0.03s Real=0.09s
.. (rIR:aIR:PR = 8164:8135:8135) (tPR = 120802) [OK] 
  4854s: Performance info:
         Transaction,    Success,    Partial,     Failed,   Receipts, AvgBarcode, 
             Overall,     493381,          0,          0,     468615,      59.47, 
         Response times:
             Request,    Success,    Partial,     Failed,   SkipFail,     Probes,    Samples,      min,      p50,      p90,      p95,      p99,      max, 
       TotalPurchase,     468615,          0,          0,          0,     356374,     402957,      300,     5800,    26000,    59000,   316000,   960000,
     InStorePurchase,     246521,          0,          0,          0,     186708,     210839,      300,     5800,    26000,    59000,   316000,   960000,
      OnlinePurchase,     172835,          0,          0,          0,     131633,     148667,      300,     5800,    27000,    59000,   376000,   950000,
        InstPurchase,      49259,          0,          0,          0,      38033,      43451,      400,     5600,    25000,    58000,   378000,   950000,
          AssocOfCat,        499,          0,          0,          0,        390,        493,    19000,    39000,    83600,   124200,   180000,   232000,
      AssocOfProduct,       4983,          0,          0,          0,       3464,       4108,      300,     5400,    22000,    60000,   289000,   377000,
      BusinessReport,       1243,          0,          0,          0,       1071,       1294,    27000,    47000,    91500,   142250,   361000,   424000,
          CustBuyBeh,       4947,          0,          0,          0,       3424,       4047,      200,     6400,    27000,    61000,   293000,   372000,
       ProductReturn,      13094,          0,          0,          0,      10104,      11713,      200,     4700,    24000,    50000,   283000,   388000,

  4854s: (60%)   IR =   8302 [4855.565s][info][gc,start       ] GC(1334) Pause Young (Allocation Failure)
[4855.664s][info][gc,heap        ] GC(1334) PSYoungGen: 2592896K(2618368K)->157298K(2617856K) Eden: 2442240K(2442240K)->0K(2442240K) From: 150656K(176128K)->157298K(175616K)
[4855.664s][info][gc,heap        ] GC(1334) ParOldGen: 3277650K(3277824K)->3382306K(3382784K)
[4855.664s][info][gc,metaspace   ] GC(1334) Metaspace: 29098K(29376K)->29098K(29376K) NonClass: 25994K(26112K)->25994K(26112K) Class: 3103K(3264K)->3103K(3264K)
[4855.664s][info][gc             ] GC(1334) Pause Young (Allocation Failure) 5732M->3456M(5860M) 98.999ms
[4855.664s][info][gc,cpu         ] GC(1334) User=0.55s Sys=0.03s Real=0.10s
..[4857.636s][info][gc,start       ] GC(1335) Pause Young (Allocation Failure)
[4857.737s][info][gc,heap        ] GC(1335) PSYoungGen: 2599538K(2617856K)->164344K(2616832K) Eden: 2442240K(2442240K)->0K(2443264K) From: 157298K(175616K)->164344K(173568K)
[4857.737s][info][gc,heap        ] GC(1335) ParOldGen: 3382306K(3382784K)->3486610K(3486720K)
[4857.737s][info][gc,metaspace   ] GC(1335) Metaspace: 29098K(29376K)->29098K(29376K) NonClass: 25994K(26112K)->25994K(26112K) Class: 3103K(3264K)->3103K(3264K)
[4857.737s][info][gc             ] GC(1335) Pause Young (Allocation Failure) 5841M->3565M(5960M) 101.353ms
[4857.737s][info][gc,cpu         ] GC(1335) User=0.57s Sys=0.03s Real=0.10s
..[4859.669s][info][gc,start       ] GC(1336) Pause Young (Allocation Failure)
[4859.768s][info][gc,heap        ] GC(1336) PSYoungGen: 2607608K(2616832K)->156704K(2617856K) Eden: 2443264K(2443264K)->0K(2443264K) From: 164344K(173568K)->156704K(174592K)
[4859.768s][info][gc,heap        ] GC(1336) ParOldGen: 3486610K(3486720K)->3590554K(3590656K)
[4859.768s][info][gc,metaspace   ] GC(1336) Metaspace: 29098K(29376K)->29098K(29376K) NonClass: 25994K(26112K)->25994K(26112K) Class: 3103K(3264K)->3103K(3264K)
[4859.768s][info][gc             ] GC(1336) Pause Young (Allocation Failure) 5951M->3659M(6063M) 98.942ms
[4859.768s][info][gc,cpu         ] GC(1336) User=0.56s Sys=0.03s Real=0.10s
..[4861.750s][info][gc,start       ] GC(1337) Pause Young (Allocation Failure)
[4861.848s][info][gc,heap        ] GC(1337) PSYoungGen: 2599968K(2617856K)->159488K(2619392K) Eden: 2443264K(2443264K)->0K(2447872K) From: 156704K(174592K)->159488K(171520K)
[4861.848s][info][gc,heap        ] GC(1337) ParOldGen: 3590554K(3590656K)->3691530K(3692032K)
[4861.848s][info][gc,metaspace   ] GC(1337) Metaspace: 29098K(29376K)->29098K(29376K) NonClass: 25994K(26112K)->25994K(26112K) Class: 3103K(3264K)->3103K(3264K)
[4861.848s][info][gc             ] GC(1337) Pause Young (Allocation Failure) 6045M->3760M(6163M) 97.390ms
[4861.848s][info][gc,cpu         ] GC(1337) User=0.54s Sys=0.03s Real=0.10s
.|.[4863.784s][info][gc,start       ] GC(1338) Pause Young (Allocation Failure)
[4863.886s][info][gc,heap        ] GC(1338) PSYoungGen: 2607360K(2619392K)->161984K(2620416K) Eden: 2447872K(2447872K)->0K(2447872K) From: 159488K(171520K)->161984K(172544K)
[4863.886s][info][gc,heap        ] GC(1338) ParOldGen: 3691530K(3692032K)->3800026K(3800064K)
[4863.886s][info][gc,metaspace   ] GC(1338) Metaspace: 29098K(29376K)->29098K(29376K) NonClass: 25994K(26112K)->25994K(26112K) Class: 3103K(3264K)->3103K(3264K)
[4863.886s][info][gc             ] GC(1338) Pause Young (Allocation Failure) 6151M->3869M(6270M) 102.205ms
[4863.886s][info][gc,cpu         ] GC(1338) User=0.58s Sys=0.03s Real=0.10s
..[4865.891s][info][gc,start       ] GC(1339) Pause Young (Allocation Failure)
[4865.993s][info][gc,heap        ] GC(1339) PSYoungGen: 2609856K(2620416K)->167556K(2619392K) Eden: 2447872K(2447872K)->0K(2446848K) From: 161984K(172544K)->167556K(172544K)
[4865.993s][info][gc,heap        ] GC(1339) ParOldGen: 3800026K(3800064K)->3902882K(3902976K)
[4865.993s][info][gc,metaspace   ] GC(1339) Metaspace: 29098K(29376K)->29098K(29376K) NonClass: 25994K(26112K)->25994K(26112K) Class: 3103K(3264K)->3103K(3264K)
[4865.993s][info][gc             ] GC(1339) Pause Young (Allocation Failure) 6259M->3975M(6369M) 102.302ms
[4865.993s][info][gc,cpu         ] GC(1339) User=0.58s Sys=0.03s Real=0.11s
..[4867.909s][info][gc,start       ] GC(1340) Pause Young (Allocation Failure)
[4868.010s][info][gc,heap        ] GC(1340) PSYoungGen: 2614404K(2619392K)->165316K(2612224K) Eden: 2446848K(2446848K)->0K(2446848K) From: 167556K(172544K)->165316K(165376K)
[4868.010s][info][gc,heap        ] GC(1340) ParOldGen: 3902882K(3902976K)->4006474K(4006912K)
[4868.010s][info][gc,metaspace   ] GC(1340) Metaspace: 29098K(29376K)->29098K(29376K) NonClass: 25994K(26112K)->25994K(26112K) Class: 3103K(3264K)->3103K(3264K)
[4868.010s][info][gc             ] GC(1340) Pause Young (Allocation Failure) 6364M->4074M(6464M) 101.861ms
[4868.010s][info][gc,cpu         ] GC(1340) User=0.56s Sys=0.03s Real=0.10s
..[4869.990s][info][gc,start       ] GC(1341) Pause Young (Allocation Failure)
[4870.092s][info][gc,heap        ] GC(1341) PSYoungGen: 2612164K(2612224K)->160117K(2622464K) Eden: 2446848K(2446848K)->0K(2447360K) From: 165316K(165376K)->160117K(175104K)
[4870.092s][info][gc,heap        ] GC(1341) ParOldGen: 4006474K(4006912K)->4112538K(4112896K)
[4870.092s][info][gc,metaspace   ] GC(1341) Metaspace: 29098K(29376K)->29098K(29376K) NonClass: 25994K(26112K)->25994K(26112K) Class: 3103K(3264K)->3103K(3264K)
[4870.092s][info][gc             ] GC(1341) Pause Young (Allocation Failure) 6463M->4172M(6577M) 101.881ms
[4870.092s][info][gc,cpu         ] GC(1341) User=0.56s Sys=0.03s Real=0.10s
..[4872.072s][info][gc,start       ] GC(1342) Pause Young (Allocation Failure)
[4872.176s][info][gc,heap        ] GC(1342) PSYoungGen: 2607477K(2622464K)->165188K(2620928K) Eden: 2447360K(2447360K)->0K(2447360K) From: 160117K(175104K)->165188K(173568K)
[4872.176s][info][gc,heap        ] GC(1342) ParOldGen: 4112538K(4112896K)->4216970K(4217344K)
[4872.176s][info][gc,metaspace   ] GC(1342) Metaspace: 29098K(29376K)->29098K(29376K) NonClass: 25994K(26112K)->25994K(26112K) Class: 3103K(3264K)->3103K(3264K)
[4872.176s][info][gc             ] GC(1342) Pause Young (Allocation Failure) 6562M->4279M(6678M) 103.834ms
[4872.176s][info][gc,cpu         ] GC(1342) User=0.58s Sys=0.03s Real=0.11s
..[4874.167s][info][gc,start       ] GC(1343) Pause Young (Allocation Failure)
[4874.266s][info][gc,heap        ] GC(1343) PSYoungGen: 2612548K(2620928K)->152032K(2620928K) Eden: 2447360K(2447360K)->0K(2446848K) From: 165188K(173568K)->152032K(174080K)
[4874.266s][info][gc,heap        ] GC(1343) ParOldGen: 4216970K(4217344K)->4323090K(4323328K)
[4874.266s][info][gc,metaspace   ] GC(1343) Metaspace: 29098K(29376K)->29098K(29376K) NonClass: 25994K(26112K)->25994K(26112K) Class: 3103K(3264K)->3103K(3264K)
[4874.266s][info][gc             ] GC(1343) Pause Young (Allocation Failure) 6669M->4370M(6781M) 99.051ms
[4874.266s][info][gc,cpu         ] GC(1343) User=0.55s Sys=0.03s Real=0.10s
..[4876.264s][info][gc,start       ] GC(1344) Pause Young (Allocation Failure)
[4876.360s][info][gc,heap        ] GC(1344) PSYoungGen: 2598880K(2620928K)->147584K(2594816K) Eden: 2446848K(2446848K)->0K(2446848K) From: 152032K(174080K)->147584K(147968K)
[4876.360s][info][gc,heap        ] GC(1344) ParOldGen: 4323090K(4323328K)->4427186K(4427264K)
[4876.360s][info][gc,metaspace   ] GC(1344) Metaspace: 29098K(29376K)->29098K(29376K) NonClass: 25994K(26112K)->25994K(26112K) Class: 3103K(3264K)->3103K(3264K)
[4876.360s][info][gc             ] GC(1344) Pause Young (Allocation Failure) 6759M->4467M(6857M) 96.555ms
[4876.360s][info][gc,cpu         ] GC(1344) User=0.53s Sys=0.03s Real=0.09s
..[4878.247s][info][gc,start       ] GC(1345) Pause Young (Allocation Failure)
[4878.342s][info][gc,heap        ] GC(1345) PSYoungGen: 2594432K(2594816K)->146752K(2620928K) Eden: 2446848K(2446848K)->0K(2445824K) From: 147584K(147968K)->146752K(175104K)
[4878.342s][info][gc,heap        ] GC(1345) ParOldGen: 4427186K(4427264K)->4532298K(4532736K)
[4878.342s][info][gc,metaspace   ] GC(1345) Metaspace: 29098K(29376K)->29098K(29376K) NonClass: 25994K(26112K)->25994K(26112K) Class: 3103K(3264K)->3103K(3264K)
[4878.342s][info][gc             ] GC(1345) Pause Young (Allocation Failure) 6857M->4569M(6986M) 95.210ms
[4878.342s][info][gc,cpu         ] GC(1345) User=0.52s Sys=0.04s Real=0.09s
..[4880.322s][info][gc,start       ] GC(1346) Pause Young (Allocation Failure)
[4880.420s][info][gc,heap        ] GC(1346) PSYoungGen: 2592576K(2620928K)->151040K(2596864K) Eden: 2445824K(2445824K)->0K(2445824K) From: 146752K(175104K)->151040K(151040K)
[4880.420s][info][gc,heap        ] GC(1346) ParOldGen: 4532298K(4532736K)->4635618K(4635648K)
[4880.420s][info][gc,metaspace   ] GC(1346) Metaspace: 29098K(29376K)->29098K(29376K) NonClass: 25994K(26112K)->25994K(26112K) Class: 3103K(3264K)->3103K(3264K)
[4880.420s][info][gc             ] GC(1346) Pause Young (Allocation Failure) 6957M->4674M(7063M) 97.981ms
[4880.421s][info][gc,cpu         ] GC(1346) User=0.53s Sys=0.04s Real=0.10s
..[4882.400s][info][gc,start       ] GC(1347) Pause Young (Allocation Failure)
[4882.499s][info][gc,heap        ] GC(1347) PSYoungGen: 2596864K(2596864K)->149696K(2620928K) Eden: 2445824K(2445824K)->0K(2446336K) From: 151040K(151040K)->149696K(174592K)
[4882.499s][info][gc,heap        ] GC(1347) ParOldGen: 4635618K(4635648K)->4742658K(4743168K)
[4882.499s][info][gc,metaspace   ] GC(1347) Metaspace: 29098K(29376K)->29098K(29376K) NonClass: 25994K(26112K)->25994K(26112K) Class: 3103K(3264K)->3103K(3264K)
[4882.499s][info][gc             ] GC(1347) Pause Young (Allocation Failure) 7062M->4777M(7191M) 98.850ms
[4882.499s][info][gc,cpu         ] GC(1347) User=0.54s Sys=0.03s Real=0.10s
..[4884.464s][info][gc,start       ] GC(1348) Pause Young (Allocation Failure)
[4884.563s][info][gc,heap        ] GC(1348) PSYoungGen: 2596032K(2620928K)->150432K(2620416K) Eden: 2446336K(2446336K)->0K(2446336K) From: 149696K(174592K)->150432K(174080K)
[4884.563s][info][gc,heap        ] GC(1348) ParOldGen: 4742658K(4743168K)->4847370K(4847616K)
[4884.563s][info][gc,metaspace   ] GC(1348) Metaspace: 29098K(29376K)->29098K(29376K) NonClass: 25994K(26112K)->25994K(26112K) Class: 3103K(3264K)->3103K(3264K)
[4884.563s][info][gc             ] GC(1348) Pause Young (Allocation Failure) 7166M->4880M(7293M) 98.406ms
[4884.563s][info][gc,cpu         ] GC(1348) User=0.54s Sys=0.04s Real=0.09s
..[4886.576s][info][gc,start       ] GC(1349) Pause Young (Allocation Failure)
[4886.674s][info][gc,heap        ] GC(1349) PSYoungGen: 2596768K(2620416K)->155424K(2620416K) Eden: 2446336K(2446336K)->0K(2448896K) From: 150432K(174080K)->155424K(171520K)
[4886.674s][info][gc,heap        ] GC(1349) ParOldGen: 4847370K(4847616K)->4951626K(4952064K)
[4886.674s][info][gc,metaspace   ] GC(1349) Metaspace: 29098K(29376K)->29098K(29376K) NonClass: 25994K(26112K)->25994K(26112K) Class: 3103K(3264K)->3103K(3264K)
[4886.674s][info][gc             ] GC(1349) Pause Young (Allocation Failure) 7269M->4987M(7395M) 98.688ms
[4886.674s][info][gc,cpu         ] GC(1349) User=0.55s Sys=0.03s Real=0.10s
..[4888.684s][info][gc,start       ] GC(1350) Pause Young (Allocation Failure)
[4888.789s][info][gc,heap        ] GC(1350) PSYoungGen: 2604320K(2620416K)->164745K(2620416K) Eden: 2448896K(2448896K)->0K(2448896K) From: 155424K(171520K)->164745K(171520K)
[4888.789s][info][gc,heap        ] GC(1350) ParOldGen: 4951626K(4952064K)->5056946K(5057024K)
[4888.789s][info][gc,metaspace   ] GC(1350) Metaspace: 29098K(29376K)->29098K(29376K) NonClass: 25994K(26112K)->25994K(26112K) Class: 3103K(3264K)->3103K(3264K)
[4888.789s][info][gc             ] GC(1350) Pause Young (Allocation Failure) 7378M->5099M(7497M) 105.772ms
[4888.789s][info][gc,cpu         ] GC(1350) User=0.58s Sys=0.03s Real=0.10s
..[4890.769s][info][gc,start       ] GC(1351) Pause Young (Allocation Failure)
[4890.868s][info][gc,heap        ] GC(1351) PSYoungGen: 2613641K(2620416K)->155296K(2622976K) Eden: 2448896K(2448896K)->0K(2450432K) From: 164745K(171520K)->155296K(172544K)
[4890.868s][info][gc,heap        ] GC(1351) ParOldGen: 5056946K(5057024K)->5161186K(5161472K)
[4890.868s][info][gc,metaspace   ] GC(1351) Metaspace: 29098K(29376K)->29098K(29376K) NonClass: 25994K(26112K)->25994K(26112K) Class: 3103K(3264K)->3103K(3264K)
[4890.868s][info][gc             ] GC(1351) Pause Young (Allocation Failure) 7490M->5191M(7602M) 99.234ms
[4890.868s][info][gc,cpu         ] GC(1351) User=0.55s Sys=0.03s Real=0.10s
..[4892.811s][info][gc,start       ] GC(1352) Pause Young (Allocation Failure)
[4892.914s][info][gc,heap        ] GC(1352) PSYoungGen: 2605728K(2622976K)->159936K(2622464K) Eden: 2450432K(2450432K)->0K(2450432K) From: 155296K(172544K)->159936K(172032K)
[4892.914s][info][gc,heap        ] GC(1352) ParOldGen: 5161186K(5161472K)->5266682K(5266944K)
[4892.914s][info][gc,metaspace   ] GC(1352) Metaspace: 29098K(29376K)->29098K(29376K) NonClass: 25994K(26112K)->25994K(26112K) Class: 3103K(3264K)->3103K(3264K)
[4892.914s][info][gc             ] GC(1352) Pause Young (Allocation Failure) 7584M->5299M(7704M) 102.861ms
[4892.914s][info][gc,cpu         ] GC(1352) User=0.57s Sys=0.04s Real=0.11s
...[4894.948s][info][gc,start       ] GC(1353) Pause Young (Allocation Failure)
[4895.053s][info][gc,heap        ] GC(1353) PSYoungGen: 2610368K(2622464K)->165260K(2620416K) Eden: 2450432K(2450432K)->0K(2448896K) From: 159936K(172032K)->165260K(171520K)
[4895.053s][info][gc,heap        ] GC(1353) ParOldGen: 5266682K(5266944K)->5368834K(5369344K)
[4895.053s][info][gc,metaspace   ] GC(1353) Metaspace: 29098K(29376K)->29098K(29376K) NonClass: 25994K(26112K)->25994K(26112K) Class: 3103K(3264K)->3103K(3264K)
[4895.053s][info][gc             ] GC(1353) Pause Young (Allocation Failure) 7692M->5404M(7802M) 105.245ms
[4895.053s][info][gc,cpu         ] GC(1353) User=0.59s Sys=0.04s Real=0.11s
..[4897.060s][info][gc,start       ] GC(1354) Pause Young (Allocation Failure)
[4897.162s][info][gc,heap        ] GC(1354) PSYoungGen: 2614156K(2620416K)->163712K(2612736K) Eden: 2448896K(2448896K)->0K(2448896K) From: 165260K(171520K)->163712K(163840K)
[4897.162s][info][gc,heap        ] GC(1354) ParOldGen: 5368834K(5369344K)->5474202K(5474304K)
[4897.162s][info][gc,metaspace   ] GC(1354) Metaspace: 29098K(29376K)->29098K(29376K) NonClass: 25994K(26112K)->25994K(26112K) Class: 3103K(3264K)->3103K(3264K)
[4897.162s][info][gc             ] GC(1354) Pause Young (Allocation Failure) 7795M->5505M(7897M) 101.461ms
[4897.162s][info][gc,cpu         ] GC(1354) User=0.56s Sys=0.05s Real=0.10s
..[4899.076s][info][gc,start       ] GC(1355) Pause Young (Allocation Failure)
[4899.181s][info][gc,heap        ] GC(1355) PSYoungGen: 2612608K(2612736K)->168304K(2617856K) Eden: 2448896K(2448896K)->0K(2443776K) From: 163712K(163840K)->168304K(174080K)
[4899.181s][info][gc,heap        ] GC(1355) ParOldGen: 5474202K(5474304K)->5581386K(5581824K)
[4899.181s][info][gc,metaspace   ] GC(1355) Metaspace: 29098K(29376K)->29098K(29376K) NonClass: 25994K(26112K)->25994K(26112K) Class: 3103K(3264K)->3103K(3264K)
[4899.181s][info][gc             ] GC(1355) Pause Young (Allocation Failure) 7897M->5614M(8007M) 105.468ms
[4899.181s][info][gc,cpu         ] GC(1355) User=0.59s Sys=0.03s Real=0.10s
..[4901.170s][info][gc,start       ] GC(1356) Pause Full (Allocation Failure)
[4901.170s][info][gc,phases,start] GC(1356) Marking Phase
[4901.484s][info][gc,phases      ] GC(1356) Marking Phase 314.328ms
[4901.484s][info][gc,phases,start] GC(1356) Summary Phase
[4901.484s][info][gc,phases      ] GC(1356) Summary Phase 0.101ms
[4901.484s][info][gc,phases,start] GC(1356) Forward
[4901.614s][info][gc,phases      ] GC(1356) Forward 130.111ms
[4901.614s][info][gc,phases,start] GC(1356) Adjust Pointers
[4901.827s][info][gc,phases      ] GC(1356) Adjust Pointers 212.491ms
[4901.827s][info][gc,phases,start] GC(1356) Compaction Phase
[4901.973s][info][gc,phases      ] GC(1356) Compaction Phase 145.965ms
[4901.974s][info][gc,phases,start] GC(1356) Post Compact
[4901.981s][info][gc,phases      ] GC(1356) Post Compact 7.162ms
[4902.105s][info][gc,heap        ] GC(1356) PSYoungGen: 2612080K(2617856K)->0K(2619904K) Eden: 2443776K(2443776K)->0K(2443776K) From: 168304K(174080K)->0K(176128K)
[4902.105s][info][gc,heap        ] GC(1356) ParOldGen: 5581386K(5581824K)->1607666K(1946624K)
[4902.105s][info][gc,metaspace   ] GC(1356) Metaspace: 29098K(29376K)->29098K(29376K) NonClass: 25994K(26112K)->25994K(26112K) Class: 3103K(3264K)->3103K(3264K)
[4902.105s][info][gc             ] GC(1356) Pause Full (Allocation Failure) 8001M->1569M(4459M) 935.331ms
[4902.105s][info][gc,cpu         ] GC(1356) User=4.35s Sys=0.12s Real=0.94s
..[4903.365s][info][gc,start       ] GC(1357) Pause Young (Allocation Failure)
[4903.429s][info][gc,heap        ] GC(1357) PSYoungGen: 2443776K(2619904K)->156426K(2617856K) Eden: 2443776K(2443776K)->0K(2443776K) From: 0K(176128K)->156426K(174080K)
[4903.429s][info][gc,heap        ] GC(1357) ParOldGen: 1607666K(1946624K)->1607666K(1946624K)
[4903.429s][info][gc,metaspace   ] GC(1357) Metaspace: 29098K(29376K)->29098K(29376K) NonClass: 25994K(26112K)->25994K(26112K) Class: 3103K(3264K)->3103K(3264K)
[4903.429s][info][gc             ] GC(1357) Pause Young (Allocation Failure) 3956M->1722M(4457M) 63.733ms
[4903.429s][info][gc,cpu         ] GC(1357) User=0.38s Sys=0.00s Real=0.06s
..[4905.320s][info][gc,start       ] GC(1358) Pause Young (Allocation Failure)
[4905.409s][info][gc,heap        ] GC(1358) PSYoungGen: 2600202K(2617856K)->145376K(2618880K) Eden: 2443776K(2443776K)->0K(2443776K) From: 156426K(174080K)->145376K(175104K)
[4905.409s][info][gc,heap        ] GC(1358) ParOldGen: 1607666K(1946624K)->1712834K(1946624K)
[4905.409s][info][gc,metaspace   ] GC(1358) Metaspace: 29098K(29376K)->29098K(29376K) NonClass: 25994K(26112K)->25994K(26112K) Class: 3103K(3264K)->3103K(3264K)
[4905.409s][info][gc             ] GC(1358) Pause Young (Allocation Failure) 4109M->1814M(4458M) 89.056ms
[4905.409s][info][gc,cpu         ] GC(1358) User=0.52s Sys=0.00s Real=0.09s
..[4907.390s][info][gc,start       ] GC(1359) Pause Young (Allocation Failure)
[4907.482s][info][gc,heap        ] GC(1359) PSYoungGen: 2589152K(2618880K)->151808K(2620416K) Eden: 2443776K(2443776K)->0K(2445312K) From: 145376K(175104K)->151808K(175104K)
[4907.482s][info][gc,heap        ] GC(1359) ParOldGen: 1712834K(1946624K)->1813882K(1946624K)
[4907.482s][info][gc,metaspace   ] GC(1359) Metaspace: 29098K(29376K)->29098K(29376K) NonClass: 25994K(26112K)->25994K(26112K) Class: 3103K(3264K)->3103K(3264K)
[4907.482s][info][gc             ] GC(1359) Pause Young (Allocation Failure) 4201M->1919M(4460M) 91.857ms
[4907.482s][info][gc,cpu         ] GC(1359) User=0.54s Sys=0.00s Real=0.09s
..[4909.496s][info][gc,start       ] GC(1360) Pause Young (Allocation Failure)
[4909.589s][info][gc,heap        ] GC(1360) PSYoungGen: 2597120K(2620416K)->155698K(2601472K) Eden: 2445312K(2445312K)->0K(2445312K) From: 151808K(175104K)->155698K(156160K)
[4909.589s][info][gc,heap        ] GC(1360) ParOldGen: 1813882K(1946624K)->1919138K(1946624K)
[4909.589s][info][gc,metaspace   ] GC(1360) Metaspace: 29098K(29376K)->29098K(29376K) NonClass: 25994K(26112K)->25994K(26112K) Class: 3103K(3264K)->3103K(3264K)
[4909.589s][info][gc             ] GC(1360) Pause Young (Allocation Failure) 4307M->2026M(4441M) 93.352ms
[4909.589s][info][gc,cpu         ] GC(1360) User=0.55s Sys=0.00s Real=0.09s
..[4911.521s][info][gc,start       ] GC(1361) Pause Young (Allocation Failure)
[4911.616s][info][gc,heap        ] GC(1361) PSYoungGen: 2601010K(2601472K)->157552K(2620928K) Eden: 2445312K(2445312K)->0K(2447360K) From: 155698K(156160K)->157552K(173568K)
[4911.616s][info][gc,heap        ] GC(1361) ParOldGen: 1919138K(1946624K)->2024074K(2024448K)
[4911.616s][info][gc,metaspace   ] GC(1361) Metaspace: 29098K(29376K)->29098K(29376K) NonClass: 25994K(26112K)->25994K(26112K) Class: 3103K(3264K)->3103K(3264K)
[4911.616s][info][gc             ] GC(1361) Pause Young (Allocation Failure) 4414M->2130M(4536M) 95.429ms
[4911.616s][info][gc,cpu         ] GC(1361) User=0.54s Sys=0.01s Real=0.10s
..[4913.624s][info][gc,start       ] GC(1362) Pause Young (Allocation Failure)
[4913.720s][info][gc,heap        ] GC(1362) PSYoungGen: 2604912K(2620928K)->154336K(2619392K) Eden: 2447360K(2447360K)->0K(2447360K) From: 157552K(173568K)->154336K(172032K)
[4913.720s][info][gc,heap        ] GC(1362) ParOldGen: 2024074K(2024448K)->2129258K(2129408K)
[4913.720s][info][gc,metaspace   ] GC(1362) Metaspace: 29098K(29376K)->29098K(29376K) NonClass: 25994K(26112K)->25994K(26112K) Class: 3103K(3264K)->3103K(3264K)
[4913.720s][info][gc             ] GC(1362) Pause Young (Allocation Failure) 4520M->2230M(4637M) 96.336ms
[4913.721s][info][gc,cpu         ] GC(1362) User=0.54s Sys=0.04s Real=0.09s
..[4915.719s][info][gc,start       ] GC(1363) Pause Young (Allocation Failure)
[4915.822s][info][gc,heap        ] GC(1363) PSYoungGen: 2601696K(2619392K)->164712K(2619904K) Eden: 2447360K(2447360K)->0K(2448896K) From: 154336K(172032K)->164712K(171008K)
[4915.822s][info][gc,heap        ] GC(1363) ParOldGen: 2129258K(2129408K)->2235434K(2235904K)
[4915.822s][info][gc,metaspace   ] GC(1363) Metaspace: 29098K(29376K)->29098K(29376K) NonClass: 25994K(26112K)->25994K(26112K) Class: 3103K(3264K)->3103K(3264K)
[4915.822s][info][gc             ] GC(1363) Pause Young (Allocation Failure) 4620M->2343M(4742M) 103.077ms
[4915.822s][info][gc,cpu         ] GC(1363) User=0.57s Sys=0.03s Real=0.10s
..[4917.856s][info][gc,start       ] GC(1364) Pause Young (Allocation Failure)
[4917.955s][info][gc,heap        ] GC(1364) PSYoungGen: 2613608K(2619904K)->160724K(2621440K) Eden: 2448896K(2448896K)->0K(2448896K) From: 164712K(171008K)->160724K(172544K)
[4917.955s][info][gc,heap        ] GC(1364) ParOldGen: 2235434K(2235904K)->2337426K(2337792K)
[4917.955s][info][gc,metaspace   ] GC(1364) Metaspace: 29098K(29376K)->29098K(29376K) NonClass: 25994K(26112K)->25994K(26112K) Class: 3103K(3264K)->3103K(3264K)
[4917.955s][info][gc             ] GC(1364) Pause Young (Allocation Failure) 4735M->2439M(4843M) 98.937ms
[4917.955s][info][gc,cpu         ] GC(1364) User=0.55s Sys=0.04s Real=0.10s
..[4919.937s][info][gc,start       ] GC(1365) Pause Young (Allocation Failure)
[4920.039s][info][gc,heap        ] GC(1365) PSYoungGen: 2609620K(2621440K)->161744K(2622976K) Eden: 2448896K(2448896K)->0K(2450944K) From: 160724K(172544K)->161744K(172032K)
[4920.039s][info][gc,heap        ] GC(1365) ParOldGen: 2337426K(2337792K)->2443482K(2443776K)
[4920.039s][info][gc,metaspace   ] GC(1365) Metaspace: 29098K(29376K)->29098K(29376K) NonClass: 25994K(26112K)->25994K(26112K) Class: 3103K(3264K)->3103K(3264K)
[4920.039s][info][gc             ] GC(1365) Pause Young (Allocation Failure) 4831M->2544M(4948M) 101.466ms
[4920.039s][info][gc,cpu         ] GC(1365) User=0.55s Sys=0.05s Real=0.10s
..[4921.982s][info][gc,start       ] GC(1366) Pause Young (Allocation Failure)
[4922.079s][info][gc,heap        ] GC(1366) PSYoungGen: 2612688K(2622976K)->157184K(2608128K) Eden: 2450944K(2450944K)->0K(2450944K) From: 161744K(172032K)->157184K(157184K)
[4922.079s][info][gc,heap        ] GC(1366) ParOldGen: 2443482K(2443776K)->2547002K(2547200K)
[4922.079s][info][gc,metaspace   ] GC(1366) Metaspace: 29098K(29376K)->29098K(29376K) NonClass: 25994K(26112K)->25994K(26112K) Class: 3103K(3264K)->3103K(3264K)
[4922.079s][info][gc             ] GC(1366) Pause Young (Allocation Failure) 4937M->2640M(5034M) 97.305ms
[4922.079s][info][gc,cpu         ] GC(1366) User=0.53s Sys=0.04s Real=0.10s
. (rIR:aIR:PR = 8302:8298:8298) (tPR = 123852) [OK] 
  4922s: Performance info:
         Transaction,    Success,    Partial,     Failed,   Receipts, AvgBarcode, 
             Overall,     500569,          0,          0,     475474,      59.47, 
         Response times:
             Request,    Success,    Partial,     Failed,   SkipFail,     Probes,    Samples,      min,      p50,      p90,      p95,      p99,      max, 
       TotalPurchase,     475474,          0,          0,          0,     356170,     405419,      300,     5900,    27000,    62000,   551000,  1000000,
     InStorePurchase,     249275,          0,          0,          0,     187646,     213235,      300,     5800,    27000,    61200,   548000,  1000000,
      OnlinePurchase,     176216,          0,          0,          0,     130906,     148822,      300,     6000,    28000,    62000,   556000,  1000000,
        InstPurchase,      49983,          0,          0,          0,      37618,      43362,      400,     5800,    26000,    61000,   547850,   950000,
          AssocOfCat,        502,          0,          0,          0,        412,        552,    27000,    40000,    82000,   138000,   654700,   810000,
      AssocOfProduct,       5018,          0,          0,          0,       3528,       4289,      600,     5500,    25000,    55000,   473000,   528000,
      BusinessReport,       1254,          0,          0,          0,       1085,       1346,    28000,    45000,    80300,   148000,   640000,   650000,
          CustBuyBeh,       4981,          0,          0,          0,       3523,       4244,      200,     5400,    22000,    54750,   481000,   577000,
       ProductReturn,      13340,          0,          0,          0,       9039,      10743,      200,     6000,    26000,    60000,   630000,   950000,

  4922s: (61%)   IR =   8441 .[4924.146s][info][gc,start       ] GC(1367) Pause Young (Allocation Failure)
[4924.245s][info][gc,heap        ] GC(1367) PSYoungGen: 2608128K(2608128K)->159072K(2623488K) Eden: 2450944K(2450944K)->0K(2452480K) From: 157184K(157184K)->159072K(171008K)
[4924.245s][info][gc,heap        ] GC(1367) ParOldGen: 2547002K(2547200K)->2652322K(2652672K)
[4924.245s][info][gc,metaspace   ] GC(1367) Metaspace: 29098K(29376K)->29098K(29376K) NonClass: 25994K(26112K)->25994K(26112K) Class: 3103K(3264K)->3103K(3264K)
[4924.245s][info][gc             ] GC(1367) Pause Young (Allocation Failure) 5034M->2745M(5152M) 98.766ms
[4924.245s][info][gc,cpu         ] GC(1367) User=0.55s Sys=0.03s Real=0.10s
..[4926.184s][info][gc,start       ] GC(1368) Pause Young (Allocation Failure)
[4926.280s][info][gc,heap        ] GC(1368) PSYoungGen: 2611552K(2623488K)->149984K(2622464K) Eden: 2452480K(2452480K)->0K(2452480K) From: 159072K(171008K)->149984K(169984K)
[4926.280s][info][gc,heap        ] GC(1368) ParOldGen: 2652322K(2652672K)->2757978K(2758144K)
[4926.280s][info][gc,metaspace   ] GC(1368) Metaspace: 29098K(29376K)->29098K(29376K) NonClass: 25994K(26112K)->25994K(26112K) Class: 3103K(3264K)->3103K(3264K)
[4926.280s][info][gc             ] GC(1368) Pause Young (Allocation Failure) 5140M->2839M(5254M) 96.236ms
[4926.281s][info][gc,cpu         ] GC(1368) User=0.54s Sys=0.04s Real=0.09s
..[4928.286s][info][gc,start       ] GC(1369) Pause Young (Allocation Failure)
[4928.382s][info][gc,heap        ] GC(1369) PSYoungGen: 2602464K(2622464K)->153456K(2625536K) Eden: 2452480K(2452480K)->0K(2455552K) From: 149984K(169984K)->153456K(169984K)
[4928.382s][info][gc,heap        ] GC(1369) ParOldGen: 2757978K(2758144K)->2860890K(2861056K)
[4928.382s][info][gc,metaspace   ] GC(1369) Metaspace: 29098K(29376K)->29098K(29376K) NonClass: 25994K(26112K)->25994K(26112K) Class: 3103K(3264K)->3103K(3264K)
[4928.382s][info][gc             ] GC(1369) Pause Young (Allocation Failure) 5234M->2943M(5358M) 96.285ms
[4928.382s][info][gc,cpu         ] GC(1369) User=0.54s Sys=0.03s Real=0.09s
..[4930.343s][info][gc,start       ] GC(1370) Pause Young (Allocation Failure)
[4930.441s][info][gc,heap        ] GC(1370) PSYoungGen: 2609008K(2625536K)->151552K(2625536K) Eden: 2455552K(2455552K)->0K(2455552K) From: 153456K(169984K)->151552K(169984K)
[4930.441s][info][gc,heap        ] GC(1370) ParOldGen: 2860890K(2861056K)->2964402K(2964480K)
[4930.441s][info][gc,metaspace   ] GC(1370) Metaspace: 29098K(29376K)->29098K(29376K) NonClass: 25994K(26112K)->25994K(26112K) Class: 3103K(3264K)->3103K(3264K)
[4930.441s][info][gc             ] GC(1370) Pause Young (Allocation Failure) 5341M->3042M(5459M) 97.594ms
[4930.441s][info][gc,cpu         ] GC(1370) User=0.55s Sys=0.03s Real=0.09s
..[4932.388s][info][gc,start       ] GC(1371) Pause Young (Allocation Failure)
[4932.483s][info][gc,heap        ] GC(1371) PSYoungGen: 2607104K(2625536K)->148064K(2625536K) Eden: 2455552K(2455552K)->0K(2456064K) From: 151552K(169984K)->148064K(169472K)
[4932.483s][info][gc,heap        ] GC(1371) ParOldGen: 2964402K(2964480K)->3072234K(3072512K)
[4932.483s][info][gc,metaspace   ] GC(1371) Metaspace: 29098K(29376K)->29098K(29376K) NonClass: 25994K(26112K)->25994K(26112K) Class: 3103K(3264K)->3103K(3264K)
[4932.483s][info][gc             ] GC(1371) Pause Young (Allocation Failure) 5440M->3144M(5564M) 94.893ms
[4932.483s][info][gc,cpu         ] GC(1371) User=0.52s Sys=0.04s Real=0.09s
..[4934.470s][info][gc,start       ] GC(1372) Pause Young (Allocation Failure)
[4934.567s][info][gc,heap        ] GC(1372) PSYoungGen: 2604128K(2625536K)->155448K(2625536K) Eden: 2456064K(2456064K)->0K(2456064K) From: 148064K(169472K)->155448K(169472K)
[4934.567s][info][gc,heap        ] GC(1372) ParOldGen: 3072234K(3072512K)->3176002K(3176448K)
[4934.567s][info][gc,metaspace   ] GC(1372) Metaspace: 29098K(29376K)->29098K(29376K) NonClass: 25994K(26112K)->25994K(26112K) Class: 3103K(3264K)->3103K(3264K)
[4934.567s][info][gc             ] GC(1372) Pause Young (Allocation Failure) 5543M->3253M(5666M) 96.805ms
[4934.567s][info][gc,cpu         ] GC(1372) User=0.53s Sys=0.04s Real=0.10s
..[4936.552s][info][gc,start       ] GC(1373) Pause Young (Allocation Failure)
[4936.649s][info][gc,heap        ] GC(1373) PSYoungGen: 2611512K(2625536K)->154080K(2625536K) Eden: 2456064K(2456064K)->0K(2458112K) From: 155448K(169472K)->154080K(167424K)
[4936.649s][info][gc,heap        ] GC(1373) ParOldGen: 3176002K(3176448K)->3279098K(3279360K)
[4936.649s][info][gc,metaspace   ] GC(1373) Metaspace: 29098K(29376K)->29098K(29376K) NonClass: 25994K(26112K)->25994K(26112K) Class: 3103K(3264K)->3103K(3264K)
[4936.649s][info][gc             ] GC(1373) Pause Young (Allocation Failure) 5651M->3352M(5766M) 96.598ms
[4936.649s][info][gc,cpu         ] GC(1373) User=0.54s Sys=0.03s Real=0.10s
..[4938.661s][info][gc,start       ] GC(1374) Pause Young (Allocation Failure)
[4938.764s][info][gc,heap        ] GC(1374) PSYoungGen: 2612192K(2625536K)->162792K(2625536K) Eden: 2458112K(2458112K)->0K(2458112K) From: 154080K(167424K)->162792K(167424K)
[4938.764s][info][gc,heap        ] GC(1374) ParOldGen: 3279098K(3279360K)->3383298K(3383808K)
[4938.764s][info][gc,metaspace   ] GC(1374) Metaspace: 29098K(29376K)->29098K(29376K) NonClass: 25994K(26112K)->25994K(26112K) Class: 3103K(3264K)->3103K(3264K)
[4938.764s][info][gc             ] GC(1374) Pause Young (Allocation Failure) 5753M->3462M(5868M) 102.960ms
[4938.764s][info][gc,cpu         ] GC(1374) User=0.56s Sys=0.04s Real=0.11s
..[4940.745s][info][gc,start       ] GC(1375) Pause Young (Allocation Failure)
[4940.846s][info][gc,heap        ] GC(1375) PSYoungGen: 2620904K(2625536K)->156928K(2627584K) Eden: 2458112K(2458112K)->0K(2459136K) From: 162792K(167424K)->156928K(168448K)
[4940.846s][info][gc,heap        ] GC(1375) ParOldGen: 3383298K(3383808K)->3488978K(3489280K)
[4940.846s][info][gc,metaspace   ] GC(1375) Metaspace: 29098K(29376K)->29098K(29376K) NonClass: 25994K(26112K)->25994K(26112K) Class: 3103K(3264K)->3103K(3264K)
[4940.846s][info][gc             ] GC(1375) Pause Young (Allocation Failure) 5863M->3560M(5973M) 101.692ms
[4940.846s][info][gc,cpu         ] GC(1375) User=0.55s Sys=0.05s Real=0.10s
..[4942.762s][info][gc,start       ] GC(1376) Pause Young (Allocation Failure)
[4942.862s][info][gc,heap        ] GC(1376) PSYoungGen: 2616064K(2627584K)->158737K(2627072K) Eden: 2459136K(2459136K)->0K(2459136K) From: 156928K(168448K)->158737K(167936K)
[4942.862s][info][gc,heap        ] GC(1376) ParOldGen: 3488978K(3489280K)->3596450K(3596800K)
[4942.862s][info][gc,metaspace   ] GC(1376) Metaspace: 29098K(29376K)->29098K(29376K) NonClass: 25994K(26112K)->25994K(26112K) Class: 3103K(3264K)->3103K(3264K)
[4942.862s][info][gc             ] GC(1376) Pause Young (Allocation Failure) 5961M->3667M(6078M) 100.745ms
[4942.862s][info][gc,cpu         ] GC(1376) User=0.57s Sys=0.02s Real=0.10s
..[4944.680s][info][gc,start       ] GC(1377) Pause Young (Allocation Failure)
[4944.776s][info][gc,heap        ] GC(1377) PSYoungGen: 2617873K(2627072K)->154112K(2627584K) Eden: 2459136K(2459136K)->0K(2460160K) From: 158737K(167936K)->154112K(167424K)
[4944.776s][info][gc,heap        ] GC(1377) ParOldGen: 3596450K(3596800K)->3701394K(3701760K)
[4944.776s][info][gc,metaspace   ] GC(1377) Metaspace: 29098K(29376K)->29098K(29376K) NonClass: 25994K(26112K)->25994K(26112K) Class: 3103K(3264K)->3103K(3264K)
[4944.776s][info][gc             ] GC(1377) Pause Young (Allocation Failure) 6068M->3765M(6181M) 96.738ms
[4944.777s][info][gc,cpu         ] GC(1377) User=0.54s Sys=0.03s Real=0.10s
..|[4946.815s][info][gc,start       ] GC(1378) Pause Young (Allocation Failure)
[4946.915s][info][gc,heap        ] GC(1378) PSYoungGen: 2614272K(2627584K)->163236K(2627072K) Eden: 2460160K(2460160K)->0K(2460160K) From: 154112K(167424K)->163236K(166912K)
[4946.915s][info][gc,heap        ] GC(1378) ParOldGen: 3701394K(3701760K)->3805266K(3805696K)
[4946.915s][info][gc,metaspace   ] GC(1378) Metaspace: 29098K(29376K)->29098K(29376K) NonClass: 25994K(26112K)->25994K(26112K) Class: 3103K(3264K)->3103K(3264K)
[4946.915s][info][gc             ] GC(1378) Pause Young (Allocation Failure) 6167M->3875M(6282M) 100.131ms
[4946.915s][info][gc,cpu         ] GC(1378) User=0.56s Sys=0.02s Real=0.10s
..[4948.875s][info][gc,start       ] GC(1379) Pause Young (Allocation Failure)
[4948.980s][info][gc,heap        ] GC(1379) PSYoungGen: 2623396K(2627072K)->165449K(2623488K) Eden: 2460160K(2460160K)->0K(2455040K) From: 163236K(166912K)->165449K(168448K)
[4948.980s][info][gc,heap        ] GC(1379) ParOldGen: 3805266K(3805696K)->3913394K(3913728K)
[4948.980s][info][gc,metaspace   ] GC(1379) Metaspace: 29098K(29376K)->29098K(29376K) NonClass: 25994K(26112K)->25994K(26112K) Class: 3103K(3264K)->3103K(3264K)
[4948.980s][info][gc             ] GC(1379) Pause Young (Allocation Failure) 6277M->3983M(6384M) 105.404ms
[4948.980s][info][gc,cpu         ] GC(1379) User=0.59s Sys=0.02s Real=0.10s
..[4950.985s][info][gc,start       ] GC(1380) Pause Young (Allocation Failure)
[4951.086s][info][gc,heap        ] GC(1380) PSYoungGen: 2620489K(2623488K)->160512K(2625536K) Eden: 2455040K(2455040K)->0K(2455040K) From: 165449K(168448K)->160512K(170496K)
[4951.086s][info][gc,heap        ] GC(1380) ParOldGen: 3913394K(3913728K)->4015410K(4015616K)
[4951.086s][info][gc,metaspace   ] GC(1380) Metaspace: 29098K(29376K)->29098K(29376K) NonClass: 25994K(26112K)->25994K(26112K) Class: 3103K(3264K)->3103K(3264K)
[4951.086s][info][gc             ] GC(1380) Pause Young (Allocation Failure) 6380M->4078M(6485M) 101.347ms
[4951.086s][info][gc,cpu         ] GC(1380) User=0.56s Sys=0.03s Real=0.10s
..[4953.003s][info][gc,start       ] GC(1381) Pause Young (Allocation Failure)
[4953.102s][info][gc,heap        ] GC(1381) PSYoungGen: 2615552K(2625536K)->156480K(2623488K) Eden: 2455040K(2455040K)->0K(2455040K) From: 160512K(170496K)->156480K(168448K)
[4953.102s][info][gc,heap        ] GC(1381) ParOldGen: 4015410K(4015616K)->4121666K(4122112K)
[4953.102s][info][gc,metaspace   ] GC(1381) Metaspace: 29098K(29376K)->29098K(29376K) NonClass: 25994K(26112K)->25994K(26112K) Class: 3103K(3264K)->3103K(3264K)
[4953.102s][info][gc             ] GC(1381) Pause Young (Allocation Failure) 6475M->4177M(6587M) 99.397ms
[4953.102s][info][gc,cpu         ] GC(1381) User=0.56s Sys=0.02s Real=0.10s
..[4955.106s][info][gc,start       ] GC(1382) Pause Young (Allocation Failure)
[4955.206s][info][gc,heap        ] GC(1382) PSYoungGen: 2611520K(2623488K)->160512K(2624512K) Eden: 2455040K(2455040K)->0K(2455040K) From: 156480K(168448K)->160512K(169472K)
[4955.206s][info][gc,heap        ] GC(1382) ParOldGen: 4121666K(4122112K)->4224834K(4225024K)
[4955.206s][info][gc,metaspace   ] GC(1382) Metaspace: 29098K(29376K)->29098K(29376K) NonClass: 25994K(26112K)->25994K(26112K) Class: 3103K(3264K)->3103K(3264K)
[4955.206s][info][gc             ] GC(1382) Pause Young (Allocation Failure) 6575M->4282M(6689M) 99.791ms
[4955.206s][info][gc,cpu         ] GC(1382) User=0.55s Sys=0.03s Real=0.10s
..[4957.100s][info][gc,start       ] GC(1383) Pause Young (Allocation Failure)
[4957.203s][info][gc,heap        ] GC(1383) PSYoungGen: 2615552K(2624512K)->166353K(2622976K) Eden: 2455040K(2455040K)->0K(2454016K) From: 160512K(169472K)->166353K(168960K)
[4957.203s][info][gc,heap        ] GC(1383) ParOldGen: 4224834K(4225024K)->4329762K(4329984K)
[4957.203s][info][gc,metaspace   ] GC(1383) Metaspace: 29098K(29376K)->29098K(29376K) NonClass: 25994K(26112K)->25994K(26112K) Class: 3103K(3264K)->3103K(3264K)
[4957.203s][info][gc             ] GC(1383) Pause Young (Allocation Failure) 6680M->4390M(6790M) 103.126ms
[4957.203s][info][gc,cpu         ] GC(1383) User=0.58s Sys=0.03s Real=0.10s
..[4959.156s][info][gc,start       ] GC(1384) Pause Young (Allocation Failure)
[4959.256s][info][gc,heap        ] GC(1384) PSYoungGen: 2620369K(2622976K)->159680K(2625024K) Eden: 2454016K(2454016K)->0K(2454016K) From: 166353K(168960K)->159680K(171008K)
[4959.256s][info][gc,heap        ] GC(1384) ParOldGen: 4329762K(4329984K)->4433938K(4434432K)
[4959.256s][info][gc,metaspace   ] GC(1384) Metaspace: 29098K(29376K)->29098K(29376K) NonClass: 25994K(26112K)->25994K(26112K) Class: 3103K(3264K)->3103K(3264K)
[4959.256s][info][gc             ] GC(1384) Pause Young (Allocation Failure) 6787M->4485M(6894M) 100.488ms
[4959.256s][info][gc,cpu         ] GC(1384) User=0.55s Sys=0.03s Real=0.10s
..[4961.232s][info][gc,start       ] GC(1385) Pause Young (Allocation Failure)
[4961.333s][info][gc,heap        ] GC(1385) PSYoungGen: 2613696K(2625024K)->152016K(2625024K) Eden: 2454016K(2454016K)->0K(2455040K) From: 159680K(171008K)->152016K(169984K)
[4961.333s][info][gc,heap        ] GC(1385) ParOldGen: 4433938K(4434432K)->4541178K(4541440K)
[4961.333s][info][gc,metaspace   ] GC(1385) Metaspace: 29098K(29376K)->29098K(29376K) NonClass: 25994K(26112K)->25994K(26112K) Class: 3103K(3264K)->3103K(3264K)
[4961.333s][info][gc             ] GC(1385) Pause Young (Allocation Failure) 6882M->4583M(6998M) 100.448ms
[4961.333s][info][gc,cpu         ] GC(1385) User=0.54s Sys=0.04s Real=0.10s
..[4963.340s][info][gc,start       ] GC(1386) Pause Young (Allocation Failure)
[4963.436s][info][gc,heap        ] GC(1386) PSYoungGen: 2607056K(2625024K)->149120K(2625536K) Eden: 2455040K(2455040K)->0K(2455040K) From: 152016K(169984K)->149120K(170496K)
[4963.436s][info][gc,heap        ] GC(1386) ParOldGen: 4541178K(4541440K)->4645258K(4645376K)
[4963.436s][info][gc,metaspace   ] GC(1386) Metaspace: 29098K(29376K)->29098K(29376K) NonClass: 25994K(26112K)->25994K(26112K) Class: 3103K(3264K)->3103K(3264K)
[4963.436s][info][gc             ] GC(1386) Pause Young (Allocation Failure) 6980M->4682M(7100M) 96.071ms
[4963.436s][info][gc,cpu         ] GC(1386) User=0.54s Sys=0.03s Real=0.10s
..[4965.328s][info][gc,start       ] GC(1387) Pause Young (Allocation Failure)
[4965.425s][info][gc,heap        ] GC(1387) PSYoungGen: 2604160K(2625536K)->147968K(2624512K) Eden: 2455040K(2455040K)->0K(2454016K) From: 149120K(170496K)->147968K(170496K)
[4965.425s][info][gc,heap        ] GC(1387) ParOldGen: 4645258K(4645376K)->4749786K(4749824K)
[4965.425s][info][gc,metaspace   ] GC(1387) Metaspace: 29098K(29376K)->29098K(29376K) NonClass: 25994K(26112K)->25994K(26112K) Class: 3103K(3264K)->3103K(3264K)
[4965.425s][info][gc             ] GC(1387) Pause Young (Allocation Failure) 7079M->4782M(7201M) 96.948ms
[4965.425s][info][gc,cpu         ] GC(1387) User=0.53s Sys=0.03s Real=0.10s
..[4967.417s][info][gc,start       ] GC(1388) Pause Young (Allocation Failure)
[4967.513s][info][gc,heap        ] GC(1388) PSYoungGen: 2601984K(2624512K)->152704K(2607104K) Eden: 2454016K(2454016K)->0K(2454016K) From: 147968K(170496K)->152704K(153088K)
[4967.513s][info][gc,heap        ] GC(1388) ParOldGen: 4749786K(4749824K)->4852930K(4853248K)
[4967.513s][info][gc,metaspace   ] GC(1388) Metaspace: 29098K(29376K)->29098K(29376K) NonClass: 25994K(26112K)->25994K(26112K) Class: 3103K(3264K)->3103K(3264K)
[4967.513s][info][gc             ] GC(1388) Pause Young (Allocation Failure) 7179M->4888M(7285M) 96.689ms
[4967.513s][info][gc,cpu         ] GC(1388) User=0.55s Sys=0.03s Real=0.10s
..[4969.509s][info][gc,start       ] GC(1389) Pause Young (Allocation Failure)
[4969.617s][info][gc,heap        ] GC(1389) PSYoungGen: 2606720K(2607104K)->168570K(2618880K) Eden: 2454016K(2454016K)->0K(2448896K) From: 152704K(153088K)->168570K(169984K)
[4969.617s][info][gc,heap        ] GC(1389) ParOldGen: 4852930K(4853248K)->4956962K(4957184K)
[4969.617s][info][gc,metaspace   ] GC(1389) Metaspace: 29098K(29376K)->29098K(29376K) NonClass: 25994K(26112K)->25994K(26112K) Class: 3103K(3264K)->3103K(3264K)
[4969.617s][info][gc             ] GC(1389) Pause Young (Allocation Failure) 7284M->5005M(7398M) 107.131ms
[4969.617s][info][gc,cpu         ] GC(1389) User=0.60s Sys=0.04s Real=0.11s
..[4971.502s][info][gc,start       ] GC(1390) Pause Young (Allocation Failure)
[4971.602s][info][gc,heap        ] GC(1390) PSYoungGen: 2617466K(2618880K)->152976K(2622464K) Eden: 2448896K(2448896K)->0K(2448896K) From: 168570K(169984K)->152976K(173568K)
[4971.602s][info][gc,heap        ] GC(1390) ParOldGen: 4956962K(4957184K)->5065506K(5065728K)
[4971.602s][info][gc,metaspace   ] GC(1390) Metaspace: 29098K(29376K)->29098K(29376K) NonClass: 25994K(26112K)->25994K(26112K) Class: 3103K(3264K)->3103K(3264K)
[4971.602s][info][gc             ] GC(1390) Pause Young (Allocation Failure) 7396M->5096M(7508M) 100.491ms
[4971.602s][info][gc,cpu         ] GC(1390) User=0.56s Sys=0.03s Real=0.10s
..[4973.551s][info][gc,start       ] GC(1391) Pause Young (Allocation Failure)
[4973.655s][info][gc,heap        ] GC(1391) PSYoungGen: 2601872K(2622464K)->167588K(2618368K) Eden: 2448896K(2448896K)->0K(2445824K) From: 152976K(173568K)->167588K(172544K)
[4973.655s][info][gc,heap        ] GC(1391) ParOldGen: 5065506K(5065728K)->5167050K(5167104K)
[4973.655s][info][gc,metaspace   ] GC(1391) Metaspace: 29098K(29376K)->29098K(29376K) NonClass: 25994K(26112K)->25994K(26112K) Class: 3103K(3264K)->3103K(3264K)
[4973.655s][info][gc             ] GC(1391) Pause Young (Allocation Failure) 7487M->5209M(7603M) 104.109ms
[4973.656s][info][gc,cpu         ] GC(1391) User=0.58s Sys=0.04s Real=0.11s
..[4975.625s][info][gc,start       ] GC(1392) Pause Young (Allocation Failure)
[4975.725s][info][gc,heap        ] GC(1392) PSYoungGen: 2613412K(2618368K)->152032K(2620928K) Eden: 2445824K(2445824K)->0K(2445824K) From: 167588K(172544K)->152032K(175104K)
[4975.725s][info][gc,heap        ] GC(1392) ParOldGen: 5167050K(5167104K)->5273890K(5274112K)
[4975.725s][info][gc,metaspace   ] GC(1392) Metaspace: 29098K(29376K)->29098K(29376K) NonClass: 25994K(26112K)->25994K(26112K) Class: 3103K(3264K)->3103K(3264K)
[4975.725s][info][gc             ] GC(1392) Pause Young (Allocation Failure) 7598M->5298M(7710M) 99.498ms
[4975.725s][info][gc,cpu         ] GC(1392) User=0.54s Sys=0.04s Real=0.10s
..[4977.673s][info][gc,start       ] GC(1393) Pause Young (Allocation Failure)
[4977.773s][info][gc,heap        ] GC(1393) PSYoungGen: 2597856K(2620928K)->152032K(2618368K) Eden: 2445824K(2445824K)->0K(2446336K) From: 152032K(175104K)->152032K(172032K)
[4977.773s][info][gc,heap        ] GC(1393) ParOldGen: 5273890K(5274112K)->5377394K(5377536K)
[4977.773s][info][gc,metaspace   ] GC(1393) Metaspace: 29098K(29376K)->29098K(29376K) NonClass: 25994K(26112K)->25994K(26112K) Class: 3103K(3264K)->3103K(3264K)
[4977.773s][info][gc             ] GC(1393) Pause Young (Allocation Failure) 7687M->5399M(7808M) 100.357ms
[4977.773s][info][gc,cpu         ] GC(1393) User=0.55s Sys=0.03s Real=0.10s
..[4979.775s][info][gc,start       ] GC(1394) Pause Young (Allocation Failure)
[4979.878s][info][gc,heap        ] GC(1394) PSYoungGen: 2598368K(2618368K)->160276K(2619904K) Eden: 2446336K(2446336K)->0K(2446336K) From: 152032K(172032K)->160276K(173568K)
[4979.878s][info][gc,heap        ] GC(1394) ParOldGen: 5377394K(5377536K)->5482474K(5482496K)
[4979.878s][info][gc,metaspace   ] GC(1394) Metaspace: 29098K(29376K)->29098K(29376K) NonClass: 25994K(26112K)->25994K(26112K) Class: 3103K(3264K)->3103K(3264K)
[4979.878s][info][gc             ] GC(1394) Pause Young (Allocation Failure) 7788M->5510M(7912M) 103.584ms
[4979.878s][info][gc,cpu         ] GC(1394) User=0.58s Sys=0.03s Real=0.10s
..[4981.876s][info][gc,start       ] GC(1395) Pause Young (Allocation Failure)
[4981.981s][info][gc,heap        ] GC(1395) PSYoungGen: 2606612K(2619904K)->164916K(2619904K) Eden: 2446336K(2446336K)->0K(2446848K) From: 160276K(173568K)->164916K(173056K)
[4981.981s][info][gc,heap        ] GC(1395) ParOldGen: 5482474K(5482496K)->5588442K(5588480K)
[4981.981s][info][gc,metaspace   ] GC(1395) Metaspace: 29098K(29376K)->29098K(29376K) NonClass: 25994K(26112K)->25994K(26112K) Class: 3103K(3264K)->3103K(3264K)
[4981.981s][info][gc             ] GC(1395) Pause Young (Allocation Failure) 7899M->5618M(8016M) 105.580ms
[4981.981s][info][gc,cpu         ] GC(1395) User=0.59s Sys=0.03s Real=0.10s
..[4983.960s][info][gc,start       ] GC(1396) Pause Full (Allocation Failure)
[4983.960s][info][gc,phases,start] GC(1396) Marking Phase
[4984.291s][info][gc,phases      ] GC(1396) Marking Phase 330.982ms
[4984.291s][info][gc,phases,start] GC(1396) Summary Phase
[4984.291s][info][gc,phases      ] GC(1396) Summary Phase 0.107ms
[4984.291s][info][gc,phases,start] GC(1396) Forward
[4984.421s][info][gc,phases      ] GC(1396) Forward 129.321ms
[4984.421s][info][gc,phases,start] GC(1396) Adjust Pointers
[4984.640s][info][gc,phases      ] GC(1396) Adjust Pointers 219.507ms
[4984.640s][info][gc,phases,start] GC(1396) Compaction Phase
[4984.794s][info][gc,phases      ] GC(1396) Compaction Phase 153.666ms
[4984.795s][info][gc,phases,start] GC(1396) Post Compact
[4984.802s][info][gc,phases      ] GC(1396) Post Compact 6.967ms
[4984.924s][info][gc,heap        ] GC(1396) PSYoungGen: 2611764K(2619904K)->0K(2621440K) Eden: 2446848K(2446848K)->0K(2446848K) From: 164916K(173056K)->0K(174592K)
[4984.924s][info][gc,heap        ] GC(1396) ParOldGen: 5588442K(5588480K)->1631737K(1978880K)
[4984.924s][info][gc,metaspace   ] GC(1396) Metaspace: 29098K(29376K)->29098K(29376K) NonClass: 25994K(26112K)->25994K(26112K) Class: 3103K(3264K)->3103K(3264K)
[4984.924s][info][gc             ] GC(1396) Pause Full (Allocation Failure) 8008M->1593M(4492M) 963.729ms
[4984.924s][info][gc,cpu         ] GC(1396) User=4.57s Sys=0.12s Real=0.97s
..[4986.208s][info][gc,start       ] GC(1397) Pause Young (Allocation Failure)
[4986.274s][info][gc,heap        ] GC(1397) PSYoungGen: 2446848K(2621440K)->155298K(2619392K) Eden: 2446848K(2446848K)->0K(2446848K) From: 0K(174592K)->155298K(172544K)
[4986.274s][info][gc,heap        ] GC(1397) ParOldGen: 1631737K(1978880K)->1631737K(1978880K)
[4986.274s][info][gc,metaspace   ] GC(1397) Metaspace: 29098K(29376K)->29098K(29376K) NonClass: 25994K(26112K)->25994K(26112K) Class: 3103K(3264K)->3103K(3264K)
[4986.274s][info][gc             ] GC(1397) Pause Young (Allocation Failure) 3982M->1745M(4490M) 66.381ms
[4986.274s][info][gc,cpu         ] GC(1397) User=0.38s Sys=0.00s Real=0.07s
.[4987.990s][info][gc,start       ] GC(1398) Pause Young (Allocation Failure)
[4988.084s][info][gc,heap        ] GC(1398) PSYoungGen: 2602146K(2619392K)->156512K(2620416K) Eden: 2446848K(2446848K)->0K(2446848K) From: 155298K(172544K)->156512K(173568K)
[4988.084s][info][gc,heap        ] GC(1398) ParOldGen: 1631737K(1978880K)->1737105K(1978880K)
[4988.084s][info][gc,metaspace   ] GC(1398) Metaspace: 29098K(29376K)->29098K(29376K) NonClass: 25994K(26112K)->25994K(26112K) Class: 3103K(3264K)->3103K(3264K)
[4988.084s][info][gc             ] GC(1398) Pause Young (Allocation Failure) 4134M->1849M(4491M) 93.619ms
[4988.084s][info][gc,cpu         ] GC(1398) User=0.55s Sys=0.00s Real=0.10s
..[4990.004s][info][gc,start       ] GC(1399) Pause Young (Allocation Failure)
[4990.099s][info][gc,heap        ] GC(1399) PSYoungGen: 2603360K(2620416K)->159328K(2620928K) Eden: 2446848K(2446848K)->0K(2450432K) From: 156512K(173568K)->159328K(170496K)
[4990.099s][info][gc,heap        ] GC(1399) ParOldGen: 1737105K(1978880K)->1840889K(1978880K)
[4990.099s][info][gc,metaspace   ] GC(1399) Metaspace: 29098K(29376K)->29098K(29376K) NonClass: 25994K(26112K)->25994K(26112K) Class: 3103K(3264K)->3103K(3264K)
[4990.100s][info][gc             ] GC(1399) Pause Young (Allocation Failure) 4238M->1953M(4492M) 95.041ms
[4990.100s][info][gc,cpu         ] GC(1399) User=0.55s Sys=0.00s Real=0.09s
..[4992.020s][info][gc,start       ] GC(1400) Pause Young (Allocation Failure)
[4992.115s][info][gc,heap        ] GC(1400) PSYoungGen: 2609760K(2620928K)->158176K(2621440K) Eden: 2450432K(2450432K)->0K(2450432K) From: 159328K(170496K)->158176K(171008K)
[4992.115s][info][gc,heap        ] GC(1400) ParOldGen: 1840889K(1978880K)->1945969K(1978880K)
[4992.115s][info][gc,metaspace   ] GC(1400) Metaspace: 29098K(29376K)->29098K(29376K) NonClass: 25994K(26112K)->25994K(26112K) Class: 3103K(3264K)->3103K(3264K)
[4992.115s][info][gc             ] GC(1400) Pause Young (Allocation Failure) 4346M->2054M(4492M) 94.763ms
[4992.115s][info][gc,cpu         ] GC(1400) User=0.56s Sys=0.00s Real=0.10s
...[4994.135s][info][gc,start       ] GC(1401) Pause Young (Allocation Failure)
[4994.236s][info][gc,heap        ] GC(1401) PSYoungGen: 2608608K(2621440K)->166336K(2621952K) Eden: 2450432K(2450432K)->0K(2451968K) From: 158176K(171008K)->166336K(169984K)
[4994.236s][info][gc,heap        ] GC(1401) ParOldGen: 1945969K(1978880K)->2050569K(2051072K)
[4994.236s][info][gc,metaspace   ] GC(1401) Metaspace: 29098K(29376K)->29098K(29376K) NonClass: 25994K(26112K)->25994K(26112K) Class: 3103K(3264K)->3103K(3264K)
[4994.236s][info][gc             ] GC(1401) Pause Young (Allocation Failure) 4447M->2164M(4563M) 101.693ms
[4994.237s][info][gc,cpu         ] GC(1401) User=0.57s Sys=0.02s Real=0.10s
..[4996.157s][info][gc,start       ] GC(1402) Pause Young (Allocation Failure)
[4996.255s][info][gc,heap        ] GC(1402) PSYoungGen: 2618304K(2621952K)->153770K(2624000K) Eden: 2451968K(2451968K)->0K(2451968K) From: 166336K(169984K)->153770K(172032K)
[4996.255s][info][gc,heap        ] GC(1402) ParOldGen: 2050569K(2051072K)->2158489K(2158592K)
[4996.255s][info][gc,metaspace   ] GC(1402) Metaspace: 29098K(29376K)->29098K(29376K) NonClass: 25994K(26112K)->25994K(26112K) Class: 3103K(3264K)->3103K(3264K)
[4996.255s][info][gc             ] GC(1402) Pause Young (Allocation Failure) 4559M->2258M(4670M) 98.020ms
[4996.255s][info][gc,cpu         ] GC(1402) User=0.54s Sys=0.04s Real=0.10s
..[4998.179s][info][gc,start       ] GC(1403) Pause Young (Allocation Failure)
[4998.272s][info][gc,heap        ] GC(1403) PSYoungGen: 2605738K(2624000K)->145216K(2622464K) Eden: 2451968K(2451968K)->0K(2450944K) From: 153770K(172032K)->145216K(171520K)
[4998.272s][info][gc,heap        ] GC(1403) ParOldGen: 2158489K(2158592K)->2260689K(2260992K)
[4998.272s][info][gc,metaspace   ] GC(1403) Metaspace: 29098K(29376K)->29098K(29376K) NonClass: 25994K(26112K)->25994K(26112K) Class: 3103K(3264K)->3103K(3264K)
[4998.272s][info][gc             ] GC(1403) Pause Young (Allocation Failure) 4652M->2349M(4769M) 92.744ms
[4998.272s][info][gc,cpu         ] GC(1403) User=0.50s Sys=0.04s Real=0.09s
..[5000.293s][info][gc,start       ] GC(1404) Pause Young (Allocation Failure)
[5000.387s][info][gc,heap        ] GC(1404) PSYoungGen: 2596160K(2622464K)->150592K(2623488K) Eden: 2450944K(2450944K)->0K(2450944K) From: 145216K(171520K)->150592K(172544K)
[5000.387s][info][gc,heap        ] GC(1404) ParOldGen: 2260689K(2260992K)->2363281K(2363392K)
[5000.387s][info][gc,metaspace   ] GC(1404) Metaspace: 29098K(29376K)->29098K(29376K) NonClass: 25994K(26112K)->25994K(26112K) Class: 3103K(3264K)->3103K(3264K)
[5000.387s][info][gc             ] GC(1404) Pause Young (Allocation Failure) 4743M->2454M(4870M) 94.561ms
[5000.387s][info][gc,cpu         ] GC(1404) User=0.52s Sys=0.03s Real=0.10s
..[5002.406s][info][gc,start       ] GC(1405) Pause Young (Allocation Failure)
[5002.504s][info][gc,heap        ] GC(1405) PSYoungGen: 2601536K(2623488K)->155744K(2619904K) Eden: 2450944K(2450944K)->0K(2451456K) From: 150592K(172544K)->155744K(168448K)
[5002.504s][info][gc,heap        ] GC(1405) ParOldGen: 2363281K(2363392K)->2467913K(2468352K)
[5002.504s][info][gc,metaspace   ] GC(1405) Metaspace: 29098K(29376K)->29098K(29376K) NonClass: 25994K(26112K)->25994K(26112K) Class: 3103K(3264K)->3103K(3264K)
[5002.504s][info][gc             ] GC(1405) Pause Young (Allocation Failure) 4848M->2562M(4969M) 98.689ms
[5002.504s][info][gc,cpu         ] GC(1405) User=0.55s Sys=0.03s Real=0.10s
..[5004.322s][info][gc,start       ] GC(1406) Pause Young (Allocation Failure)
[5004.420s][info][gc,heap        ] GC(1406) PSYoungGen: 2607200K(2619904K)->152052K(2621952K) Eden: 2451456K(2451456K)->0K(2451456K) From: 155744K(168448K)->152052K(170496K)
[5004.420s][info][gc,heap        ] GC(1406) ParOldGen: 2467913K(2468352K)->2576033K(2576384K)
[5004.420s][info][gc,metaspace   ] GC(1406) Metaspace: 29098K(29376K)->29098K(29376K) NonClass: 25994K(26112K)->25994K(26112K) Class: 3103K(3264K)->3103K(3264K)
[5004.420s][info][gc             ] GC(1406) Pause Young (Allocation Failure) 4956M->2664M(5076M) 98.282ms
[5004.420s][info][gc,cpu         ] GC(1406) User=0.55s Sys=0.04s Real=0.10s
.. (rIR:aIR:PR = 8441:8389:8389) (tPR = 124471) [OK] 
  5006s: Performance info:
         Transaction,    Success,    Partial,     Failed,   Receipts, AvgBarcode, 
             Overall,     505457,          0,          0,     480025,      59.48, 
         Response times:
             Request,    Success,    Partial,     Failed,   SkipFail,     Probes,    Samples,      min,      p50,      p90,      p95,      p99,      max, 
       TotalPurchase,     480012,          0,          0,          0,     350752,     504491,      300,     5800,    28000,    61000,   585000,  1100000,
     InStorePurchase,     252552,          0,          0,          0,     184312,     265190,      300,     5600,    27000,    61000,   630000,  1100000,
      OnlinePurchase,     176687,          0,          0,          0,     129539,     186115,      300,     6100,    29000,    62000,   585000,  1100000,
        InstPurchase,      50773,          0,          0,          0,      36901,      53186,      400,     5500,    28000,    60000,   670000,  1100000,
          AssocOfCat,        506,          0,          0,          0,        408,        704,    18500,    39000,    74500,   136000,   680000,  1100000,
      AssocOfProduct,       5058,          0,          0,          0,       3518,       5397,      400,     5900,    25000,    60000,   820200,   980000,
      BusinessReport,       1265,          0,          0,          0,       1105,       1732,    21000,    47000,    84000,   128000,   850100,  1200000,
          CustBuyBeh,       5085,          0,          0,          0,       3520,       5368,      200,     4600,    24100,    53000,   587230,   980000,
       ProductReturn,      13527,          0,          0,          0,       9232,      13601,      200,     3100,    23000,    52000,   552000,   980000,

  5006s: (62%)   IR =   8579 [5006.478s][info][gc,start       ] GC(1407) Pause Young (Allocation Failure)
[5006.577s][info][gc,heap        ] GC(1407) PSYoungGen: 2603508K(2621952K)->162100K(2624000K) Eden: 2451456K(2451456K)->0K(2454016K) From: 152052K(170496K)->162100K(169984K)
[5006.577s][info][gc,heap        ] GC(1407) ParOldGen: 2576033K(2576384K)->2677057K(2677248K)
[5006.577s][info][gc,metaspace   ] GC(1407) Metaspace: 29098K(29376K)->29098K(29376K) NonClass: 25994K(26112K)->25994K(26112K) Class: 3103K(3264K)->3103K(3264K)
[5006.577s][info][gc             ] GC(1407) Pause Young (Allocation Failure) 5058M->2772M(5177M) 99.565ms
[5006.577s][info][gc,cpu         ] GC(1407) User=0.55s Sys=0.04s Real=0.10s
..[5008.467s][info][gc,start       ] GC(1408) Pause Young (Allocation Failure)
[5008.566s][info][gc,heap        ] GC(1408) PSYoungGen: 2616116K(2624000K)->157536K(2625024K) Eden: 2454016K(2454016K)->0K(2454016K) From: 162100K(169984K)->157536K(171008K)
[5008.566s][info][gc,heap        ] GC(1408) ParOldGen: 2677057K(2677248K)->2785041K(2785280K)
[5008.566s][info][gc,metaspace   ] GC(1408) Metaspace: 29098K(29376K)->29098K(29376K) NonClass: 25994K(26112K)->25994K(26112K) Class: 3103K(3264K)->3103K(3264K)
[5008.566s][info][gc             ] GC(1408) Pause Young (Allocation Failure) 5169M->2873M(5283M) 99.801ms
[5008.566s][info][gc,cpu         ] GC(1408) User=0.56s Sys=0.03s Real=0.10s
..[5010.504s][info][gc,start       ] GC(1409) Pause Young (Allocation Failure)
[5010.600s][info][gc,heap        ] GC(1409) PSYoungGen: 2611552K(2625024K)->153568K(2622976K) Eden: 2454016K(2454016K)->0K(2455040K) From: 157536K(171008K)->153568K(167936K)
[5010.600s][info][gc,heap        ] GC(1409) ParOldGen: 2785041K(2785280K)->2889873K(2890240K)
[5010.600s][info][gc,metaspace   ] GC(1409) Metaspace: 29098K(29376K)->29098K(29376K) NonClass: 25994K(26112K)->25994K(26112K) Class: 3103K(3264K)->3103K(3264K)
[5010.600s][info][gc             ] GC(1409) Pause Young (Allocation Failure) 5270M->2972M(5384M) 95.166ms
[5010.600s][info][gc,cpu         ] GC(1409) User=0.52s Sys=0.04s Real=0.09s
.|.[5012.505s][info][gc,start       ] GC(1410) Pause Young (Allocation Failure)
[5012.607s][info][gc,heap        ] GC(1410) PSYoungGen: 2608608K(2622976K)->160596K(2624000K) Eden: 2455040K(2455040K)->0K(2455040K) From: 153568K(167936K)->160596K(168960K)
[5012.607s][info][gc,heap        ] GC(1410) ParOldGen: 2889873K(2890240K)->2996185K(2996224K)
[5012.607s][info][gc,metaspace   ] GC(1410) Metaspace: 29098K(29376K)->29098K(29376K) NonClass: 25994K(26112K)->25994K(26112K) Class: 3103K(3264K)->3103K(3264K)
[5012.607s][info][gc             ] GC(1410) Pause Young (Allocation Failure) 5369M->3082M(5488M) 101.501ms
[5012.607s][info][gc,cpu         ] GC(1410) User=0.56s Sys=0.03s Real=0.10s
..[5014.512s][info][gc,start       ] GC(1411) Pause Young (Allocation Failure)
[5014.614s][info][gc,heap        ] GC(1411) PSYoungGen: 2615636K(2624000K)->162501K(2624512K) Eden: 2455040K(2455040K)->0K(2455040K) From: 160596K(168960K)->162501K(169472K)
[5014.614s][info][gc,heap        ] GC(1411) ParOldGen: 2996185K(2996224K)->3099921K(3100160K)
[5014.614s][info][gc,metaspace   ] GC(1411) Metaspace: 29098K(29376K)->29098K(29376K) NonClass: 25994K(26112K)->25994K(26112K) Class: 3103K(3264K)->3103K(3264K)
[5014.614s][info][gc             ] GC(1411) Pause Young (Allocation Failure) 5480M->3185M(5590M) 101.190ms
[5014.614s][info][gc,cpu         ] GC(1411) User=0.57s Sys=0.02s Real=0.11s
..[5016.561s][info][gc,start       ] GC(1412) Pause Young (Allocation Failure)
[5016.659s][info][gc,heap        ] GC(1412) PSYoungGen: 2617541K(2624512K)->154912K(2625536K) Eden: 2455040K(2455040K)->0K(2455040K) From: 162501K(169472K)->154912K(170496K)
[5016.659s][info][gc,heap        ] GC(1412) ParOldGen: 3099921K(3100160K)->3204713K(3205120K)
[5016.659s][info][gc,metaspace   ] GC(1412) Metaspace: 29098K(29376K)->29098K(29376K) NonClass: 25994K(26112K)->25994K(26112K) Class: 3103K(3264K)->3103K(3264K)
[5016.659s][info][gc             ] GC(1412) Pause Young (Allocation Failure) 5583M->3280M(5694M) 97.640ms
[5016.659s][info][gc,cpu         ] GC(1412) User=0.54s Sys=0.03s Real=0.10s
..[5018.615s][info][gc,start       ] GC(1413) Pause Young (Allocation Failure)
[5018.713s][info][gc,heap        ] GC(1413) PSYoungGen: 2609952K(2625536K)->151699K(2624512K) Eden: 2455040K(2455040K)->0K(2456064K) From: 154912K(170496K)->151699K(168448K)
[5018.713s][info][gc,heap        ] GC(1413) ParOldGen: 3204713K(3205120K)->3312401K(3312640K)
[5018.713s][info][gc,metaspace   ] GC(1413) Metaspace: 29098K(29376K)->29098K(29376K) NonClass: 25994K(26112K)->25994K(26112K) Class: 3103K(3264K)->3103K(3264K)
[5018.713s][info][gc             ] GC(1413) Pause Young (Allocation Failure) 5678M->3382M(5798M) 97.884ms
[5018.713s][info][gc,cpu         ] GC(1413) User=0.53s Sys=0.04s Real=0.09s
..[5020.643s][info][gc,start       ] GC(1414) Pause Young (Allocation Failure)
[5020.747s][info][gc,heap        ] GC(1414) PSYoungGen: 2607763K(2624512K)->164868K(2625024K) Eden: 2456064K(2456064K)->0K(2456064K) From: 151699K(168448K)->164868K(168960K)
[5020.747s][info][gc,heap        ] GC(1414) ParOldGen: 3312401K(3312640K)->3414753K(3415040K)
[5020.747s][info][gc,metaspace   ] GC(1414) Metaspace: 29098K(29376K)->29098K(29376K) NonClass: 25994K(26112K)->25994K(26112K) Class: 3103K(3264K)->3103K(3264K)
[5020.747s][info][gc             ] GC(1414) Pause Young (Allocation Failure) 5781M->3495M(5898M) 103.187ms
[5020.747s][info][gc,cpu         ] GC(1414) User=0.57s Sys=0.03s Real=0.10s
..[5022.632s][info][gc,start       ] GC(1415) Pause Young (Allocation Failure)
[5022.730s][info][gc,heap        ] GC(1415) PSYoungGen: 2620932K(2625024K)->152960K(2625536K) Eden: 2456064K(2456064K)->0K(2454528K) From: 164868K(168960K)->152960K(171008K)
[5022.730s][info][gc,heap        ] GC(1415) ParOldGen: 3414753K(3415040K)->3522577K(3523072K)
[5022.730s][info][gc,metaspace   ] GC(1415) Metaspace: 29098K(29376K)->29098K(29376K) NonClass: 25994K(26112K)->25994K(26112K) Class: 3103K(3264K)->3103K(3264K)
[5022.730s][info][gc             ] GC(1415) Pause Young (Allocation Failure) 5894M->3589M(6004M) 97.909ms
[5022.730s][info][gc,cpu         ] GC(1415) User=0.52s Sys=0.06s Real=0.10s
..[5024.673s][info][gc,start       ] GC(1416) Pause Young (Allocation Failure)
[5024.770s][info][gc,heap        ] GC(1416) PSYoungGen: 2607488K(2625536K)->152736K(2607616K) Eden: 2454528K(2454528K)->0K(2454528K) From: 152960K(171008K)->152736K(153088K)
[5024.770s][info][gc,heap        ] GC(1416) ParOldGen: 3522577K(3523072K)->3626993K(3627008K)
[5024.770s][info][gc,metaspace   ] GC(1416) Metaspace: 29098K(29376K)->29098K(29376K) NonClass: 25994K(26112K)->25994K(26112K) Class: 3103K(3264K)->3103K(3264K)
[5024.770s][info][gc             ] GC(1416) Pause Young (Allocation Failure) 5986M->3691M(6088M) 96.847ms
[5024.770s][info][gc,cpu         ] GC(1416) User=0.54s Sys=0.03s Real=0.10s
..[5026.639s][info][gc,start       ] GC(1417) Pause Young (Allocation Failure)
[5026.740s][info][gc,heap        ] GC(1417) PSYoungGen: 2607264K(2607616K)->160256K(2624512K) Eden: 2454528K(2454528K)->0K(2454528K) From: 152736K(153088K)->160256K(169984K)
[5026.740s][info][gc,heap        ] GC(1417) ParOldGen: 3626993K(3627008K)->3731193K(3731456K)
[5026.740s][info][gc,metaspace   ] GC(1417) Metaspace: 29098K(29376K)->29098K(29376K) NonClass: 25994K(26112K)->25994K(26112K) Class: 3103K(3264K)->3103K(3264K)
[5026.740s][info][gc             ] GC(1417) Pause Young (Allocation Failure) 6088M->3800M(6207M) 100.742ms
[5026.740s][info][gc,cpu         ] GC(1417) User=0.57s Sys=0.03s Real=0.10s
..[5028.653s][info][gc,start       ] GC(1418) Pause Young (Allocation Failure)
[5028.753s][info][gc,heap        ] GC(1418) PSYoungGen: 2614784K(2624512K)->161876K(2624512K) Eden: 2454528K(2454528K)->0K(2454528K) From: 160256K(169984K)->161876K(169984K)
[5028.753s][info][gc,heap        ] GC(1418) ParOldGen: 3731193K(3731456K)->3837145K(3837440K)
[5028.753s][info][gc,metaspace   ] GC(1418) Metaspace: 29098K(29376K)->29098K(29376K) NonClass: 25994K(26112K)->25994K(26112K) Class: 3103K(3264K)->3103K(3264K)
[5028.753s][info][gc             ] GC(1418) Pause Young (Allocation Failure) 6197M->3905M(6310M) 100.271ms
[5028.753s][info][gc,cpu         ] GC(1418) User=0.56s Sys=0.04s Real=0.10s
.[5029.946s][info][gc,start       ] GC(1419) Pause Full (Diagnostic Command)
[5029.946s][info][gc,phases,start] GC(1419) Marking Phase
[5030.268s][info][gc,phases      ] GC(1419) Marking Phase 322.150ms
[5030.268s][info][gc,phases,start] GC(1419) Summary Phase
[5030.268s][info][gc,phases      ] GC(1419) Summary Phase 0.073ms
[5030.268s][info][gc,phases,start] GC(1419) Forward
[5030.482s][info][gc,phases      ] GC(1419) Forward 214.327ms
[5030.482s][info][gc,phases,start] GC(1419) Adjust Pointers
[5030.709s][info][gc,phases      ] GC(1419) Adjust Pointers 227.002ms
[5030.710s][info][gc,phases,start] GC(1419) Compaction Phase
[5030.889s][info][gc,phases      ] GC(1419) Compaction Phase 179.909ms
[5030.891s][info][gc,phases,start] GC(1419) Post Compact
[5030.896s][info][gc,phases      ] GC(1419) Post Compact 4.821ms
[5030.896s][info][gc,heap        ] GC(1419) PSYoungGen: 1699979K(2624512K)->0K(2624512K) Eden: 1538102K(2454528K)->0K(2454528K) From: 161876K(169984K)->0K(169984K)
[5030.896s][info][gc,heap        ] GC(1419) ParOldGen: 3837145K(3837440K)->1355880K(3837440K)
[5030.896s][info][gc,metaspace   ] GC(1419) Metaspace: 29098K(29376K)->29098K(29376K) NonClass: 25994K(26112K)->25994K(26112K) Class: 3103K(3264K)->3103K(3264K)
[5030.896s][info][gc             ] GC(1419) Pause Full (Diagnostic Command) 5407M->1324M(6310M) 950.612ms
[5030.896s][info][gc,cpu         ] GC(1419) User=4.90s Sys=0.00s Real=0.95s
..[5032.190s][info][gc,start       ] GC(1420) Pause Young (Allocation Failure)
[5032.264s][info][gc,heap        ] GC(1420) PSYoungGen: 2454528K(2624512K)->170485K(2609152K) Eden: 2454528K(2454528K)->0K(2438656K) From: 0K(169984K)->170485K(170496K)
[5032.264s][info][gc,heap        ] GC(1420) ParOldGen: 1355880K(3837440K)->1368000K(3837440K)
[5032.264s][info][gc,metaspace   ] GC(1420) Metaspace: 29098K(29376K)->29098K(29376K) NonClass: 25994K(26112K)->25994K(26112K) Class: 3103K(3264K)->3103K(3264K)
[5032.264s][info][gc             ] GC(1420) Pause Young (Allocation Failure) 3721M->1502M(6295M) 74.632ms
[5032.264s][info][gc,cpu         ] GC(1420) User=0.45s Sys=0.00s Real=0.08s
.[5033.988s][info][gc,start       ] GC(1421) Pause Young (Allocation Failure)
[5034.092s][info][gc,heap        ] GC(1421) PSYoungGen: 2609141K(2609152K)->178660K(2617344K) Eden: 2438656K(2438656K)->0K(2438656K) From: 170485K(170496K)->178660K(178688K)
[5034.092s][info][gc,heap        ] GC(1421) ParOldGen: 1368000K(3837440K)->1477144K(3837440K)
[5034.092s][info][gc,metaspace   ] GC(1421) Metaspace: 29098K(29376K)->29098K(29376K) NonClass: 25994K(26112K)->25994K(26112K) Class: 3103K(3264K)->3103K(3264K)
[5034.092s][info][gc             ] GC(1421) Pause Young (Allocation Failure) 3883M->1616M(6303M) 104.586ms
[5034.092s][info][gc,cpu         ] GC(1421) User=0.62s Sys=0.00s Real=0.10s
..[5035.997s][info][gc,start       ] GC(1422) Pause Young (Allocation Failure)
[5036.091s][info][gc,heap        ] GC(1422) PSYoungGen: 2617316K(2617344K)->164560K(2534400K) Eden: 2438656K(2438656K)->0K(2355712K) From: 178660K(178688K)->164560K(178688K)
[5036.091s][info][gc,heap        ] GC(1422) ParOldGen: 1477144K(3837440K)->1577320K(3837440K)
[5036.091s][info][gc,metaspace   ] GC(1422) Metaspace: 29098K(29376K)->29098K(29376K) NonClass: 25994K(26112K)->25994K(26112K) Class: 3103K(3264K)->3103K(3264K)
[5036.091s][info][gc             ] GC(1422) Pause Young (Allocation Failure) 3998M->1701M(6222M) 93.573ms
[5036.091s][info][gc,cpu         ] GC(1422) User=0.56s Sys=0.00s Real=0.09s
..[5037.964s][info][gc,start       ] GC(1423) Pause Young (Allocation Failure)
[5038.057s][info][gc,heap        ] GC(1423) PSYoungGen: 2520272K(2534400K)->154848K(2575872K) Eden: 2355712K(2355712K)->0K(2355712K) From: 164560K(178688K)->154848K(220160K)
[5038.057s][info][gc,heap        ] GC(1423) ParOldGen: 1577320K(3837440K)->1682480K(3837440K)
[5038.057s][info][gc,metaspace   ] GC(1423) Metaspace: 29098K(29376K)->29098K(29376K) NonClass: 25994K(26112K)->25994K(26112K) Class: 3103K(3264K)->3103K(3264K)
[5038.057s][info][gc             ] GC(1423) Pause Young (Allocation Failure) 4001M->1794M(6263M) 92.450ms
[5038.057s][info][gc,cpu         ] GC(1423) User=0.55s Sys=0.00s Real=0.09s
..[5039.853s][info][gc,start       ] GC(1424) Pause Young (Allocation Failure)
[5039.943s][info][gc,heap        ] GC(1424) PSYoungGen: 2510560K(2575872K)->149216K(2571776K) Eden: 2355712K(2355712K)->0K(2357760K) From: 154848K(220160K)->149216K(214016K)
[5039.943s][info][gc,heap        ] GC(1424) ParOldGen: 1682480K(3837440K)->1786672K(3837440K)
[5039.943s][info][gc,metaspace   ] GC(1424) Metaspace: 29098K(29376K)->29098K(29376K) NonClass: 25994K(26112K)->25994K(26112K) Class: 3103K(3264K)->3103K(3264K)
[5039.943s][info][gc             ] GC(1424) Pause Young (Allocation Failure) 4094M->1890M(6259M) 89.893ms
[5039.943s][info][gc,cpu         ] GC(1424) User=0.53s Sys=0.00s Real=0.09s
..[5041.751s][info][gc,start       ] GC(1425) Pause Young (Allocation Failure)
[5041.842s][info][gc,heap        ] GC(1425) PSYoungGen: 2506976K(2571776K)->152144K(2574848K) Eden: 2357760K(2357760K)->0K(2357760K) From: 149216K(214016K)->152144K(217088K)
[5041.842s][info][gc,heap        ] GC(1425) ParOldGen: 1786672K(3837440K)->1888504K(3837440K)
[5041.842s][info][gc,metaspace   ] GC(1425) Metaspace: 29098K(29376K)->29098K(29376K) NonClass: 25994K(26112K)->25994K(26112K) Class: 3103K(3264K)->3103K(3264K)
[5041.842s][info][gc             ] GC(1425) Pause Young (Allocation Failure) 4193M->1992M(6262M) 90.519ms
[5041.842s][info][gc,cpu         ] GC(1425) User=0.54s Sys=0.00s Real=0.09s
..[5043.770s][info][gc,start       ] GC(1426) Pause Young (Allocation Failure)
[5043.865s][info][gc,heap        ] GC(1426) PSYoungGen: 2509904K(2574848K)->165349K(2568704K) Eden: 2357760K(2357760K)->0K(2363904K) From: 152144K(217088K)->165349K(204800K)
[5043.865s][info][gc,heap        ] GC(1426) ParOldGen: 1888504K(3837440K)->1988328K(3837440K)
[5043.865s][info][gc,metaspace   ] GC(1426) Metaspace: 29098K(29376K)->29098K(29376K) NonClass: 25994K(26112K)->25994K(26112K) Class: 3103K(3264K)->3103K(3264K)
[5043.865s][info][gc             ] GC(1426) Pause Young (Allocation Failure) 4295M->2103M(6256M) 94.793ms
[5043.865s][info][gc,cpu         ] GC(1426) User=0.56s Sys=0.00s Real=0.10s
..[5045.691s][info][gc,start       ] GC(1427) Pause Young (Allocation Failure)
[5045.783s][info][gc,heap        ] GC(1427) PSYoungGen: 2529253K(2568704K)->152064K(2574336K) Eden: 2363904K(2363904K)->0K(2363904K) From: 165349K(204800K)->152064K(210432K)
[5045.783s][info][gc,heap        ] GC(1427) ParOldGen: 1988328K(3837440K)->2094264K(3837440K)
[5045.783s][info][gc,metaspace   ] GC(1427) Metaspace: 29098K(29376K)->29098K(29376K) NonClass: 25994K(26112K)->25994K(26112K) Class: 3103K(3264K)->3103K(3264K)
[5045.783s][info][gc             ] GC(1427) Pause Young (Allocation Failure) 4411M->2193M(6261M) 92.434ms
[5045.783s][info][gc,cpu         ] GC(1427) User=0.55s Sys=0.00s Real=0.09s
..[5047.628s][info][gc,start       ] GC(1428) Pause Young (Allocation Failure)
[5047.718s][info][gc,heap        ] GC(1428) PSYoungGen: 2515968K(2574336K)->150413K(2579456K) Eden: 2363904K(2363904K)->0K(2377216K) From: 152064K(210432K)->150413K(202240K)
[5047.719s][info][gc,heap        ] GC(1428) ParOldGen: 2094264K(3837440K)->2194728K(3837440K)
[5047.719s][info][gc,metaspace   ] GC(1428) Metaspace: 29098K(29376K)->29098K(29376K) NonClass: 25994K(26112K)->25994K(26112K) Class: 3103K(3264K)->3103K(3264K)
[5047.719s][info][gc             ] GC(1428) Pause Young (Allocation Failure) 4502M->2290M(6266M) 90.786ms
[5047.719s][info][gc,cpu         ] GC(1428) User=0.53s Sys=0.00s Real=0.09s
..[5049.587s][info][gc,start       ] GC(1429) Pause Young (Allocation Failure)
[5049.679s][info][gc,heap        ] GC(1429) PSYoungGen: 2527629K(2579456K)->157152K(2583552K) Eden: 2377216K(2377216K)->0K(2377216K) From: 150413K(202240K)->157152K(206336K)
[5049.679s][info][gc,heap        ] GC(1429) ParOldGen: 2194728K(3837440K)->2297040K(3837440K)
[5049.679s][info][gc,metaspace   ] GC(1429) Metaspace: 29098K(29376K)->29098K(29376K) NonClass: 25994K(26112K)->25994K(26112K) Class: 3103K(3264K)->3103K(3264K)
[5049.679s][info][gc             ] GC(1429) Pause Young (Allocation Failure) 4611M->2396M(6270M) 92.554ms
[5049.679s][info][gc,cpu         ] GC(1429) User=0.55s Sys=0.00s Real=0.09s
..[5051.535s][info][gc,start       ] GC(1430) Pause Young (Allocation Failure)
[5051.629s][info][gc,heap        ] GC(1430) PSYoungGen: 2534368K(2583552K)->155604K(2583552K) Eden: 2377216K(2377216K)->0K(2386432K) From: 157152K(206336K)->155604K(197120K)
[5051.629s][info][gc,heap        ] GC(1430) ParOldGen: 2297040K(3837440K)->2402984K(3837440K)
[5051.629s][info][gc,metaspace   ] GC(1430) Metaspace: 29098K(29376K)->29098K(29376K) NonClass: 25994K(26112K)->25994K(26112K) Class: 3103K(3264K)->3103K(3264K)
[5051.629s][info][gc             ] GC(1430) Pause Young (Allocation Failure) 4718M->2498M(6270M) 93.191ms
[5051.629s][info][gc,cpu         ] GC(1430) User=0.55s Sys=0.00s Real=0.09s
..[5053.548s][info][gc,start       ] GC(1431) Pause Young (Allocation Failure)
[5053.643s][info][gc,heap        ] GC(1431) PSYoungGen: 2542036K(2583552K)->162362K(2587136K) Eden: 2386432K(2386432K)->0K(2386432K) From: 155604K(197120K)->162362K(200704K)
[5053.643s][info][gc,heap        ] GC(1431) ParOldGen: 2402984K(3837440K)->2504776K(3837440K)
[5053.643s][info][gc,metaspace   ] GC(1431) Metaspace: 29098K(29376K)->29098K(29376K) NonClass: 25994K(26112K)->25994K(26112K) Class: 3103K(3264K)->3103K(3264K)
[5053.643s][info][gc             ] GC(1431) Pause Young (Allocation Failure) 4829M->2604M(6274M) 95.507ms
[5053.643s][info][gc,cpu         ] GC(1431) User=0.57s Sys=0.00s Real=0.10s
..[5055.545s][info][gc,start       ] GC(1432) Pause Young (Allocation Failure)
[5055.634s][info][gc,heap        ] GC(1432) PSYoungGen: 2548794K(2587136K)->150048K(2593792K) Eden: 2386432K(2386432K)->0K(2398720K) From: 162362K(200704K)->150048K(195072K)
[5055.634s][info][gc,heap        ] GC(1432) ParOldGen: 2504776K(3837440K)->2607104K(3837440K)
[5055.635s][info][gc,metaspace   ] GC(1432) Metaspace: 29098K(29376K)->29098K(29376K) NonClass: 25994K(26112K)->25994K(26112K) Class: 3103K(3264K)->3103K(3264K)
[5055.635s][info][gc             ] GC(1432) Pause Young (Allocation Failure) 4935M->2692M(6280M) 89.970ms
[5055.635s][info][gc,cpu         ] GC(1432) User=0.53s Sys=0.00s Real=0.09s
..[5057.454s][info][gc,start       ] GC(1433) Pause Young (Allocation Failure)
[5057.546s][info][gc,heap        ] GC(1433) PSYoungGen: 2548768K(2593792K)->150560K(2594304K) Eden: 2398720K(2398720K)->0K(2398720K) From: 150048K(195072K)->150560K(195584K)
[5057.547s][info][gc,heap        ] GC(1433) ParOldGen: 2607104K(3837440K)->2710816K(3837440K)
[5057.547s][info][gc,metaspace   ] GC(1433) Metaspace: 29098K(29376K)->29098K(29376K) NonClass: 25994K(26112K)->25994K(26112K) Class: 3103K(3264K)->3103K(3264K)
[5057.547s][info][gc             ] GC(1433) Pause Young (Allocation Failure) 5035M->2794M(6281M) 92.404ms
[5057.547s][info][gc,cpu         ] GC(1433) User=0.54s Sys=0.00s Real=0.09s
..[5059.447s][info][gc,start       ] GC(1434) Pause Young (Allocation Failure)
[5059.540s][info][gc,heap        ] GC(1434) PSYoungGen: 2549280K(2594304K)->148736K(2599424K) Eden: 2398720K(2398720K)->0K(2406400K) From: 150560K(195584K)->148736K(193024K)
[5059.540s][info][gc,heap        ] GC(1434) ParOldGen: 2710816K(3837440K)->2816440K(3837440K)
[5059.540s][info][gc,metaspace   ] GC(1434) Metaspace: 29098K(29376K)->29098K(29376K) NonClass: 25994K(26112K)->25994K(26112K) Class: 3103K(3264K)->3103K(3264K)
[5059.540s][info][gc             ] GC(1434) Pause Young (Allocation Failure) 5136M->2895M(6286M) 92.996ms
[5059.540s][info][gc,cpu         ] GC(1434) User=0.54s Sys=0.00s Real=0.09s
..[5061.324s][info][gc,start       ] GC(1435) Pause Young (Allocation Failure)
[5061.416s][info][gc,heap        ] GC(1435) PSYoungGen: 2555136K(2599424K)->151968K(2598912K) Eden: 2406400K(2406400K)->0K(2406400K) From: 148736K(193024K)->151968K(192512K)
[5061.416s][info][gc,heap        ] GC(1435) ParOldGen: 2816440K(3837440K)->2918848K(3837440K)
[5061.416s][info][gc,metaspace   ] GC(1435) Metaspace: 29098K(29376K)->29098K(29376K) NonClass: 25994K(26112K)->25994K(26112K) Class: 3103K(3264K)->3103K(3264K)
[5061.416s][info][gc             ] GC(1435) Pause Young (Allocation Failure) 5245M->2998M(6285M) 92.719ms
[5061.417s][info][gc,cpu         ] GC(1435) User=0.54s Sys=0.00s Real=0.09s
..[5063.239s][info][gc,start       ] GC(1436) Pause Young (Allocation Failure)
[5063.330s][info][gc,heap        ] GC(1436) PSYoungGen: 2558368K(2598912K)->151040K(2601472K) Eden: 2406400K(2406400K)->0K(2412544K) From: 151968K(192512K)->151040K(188928K)
[5063.330s][info][gc,heap        ] GC(1436) ParOldGen: 2918848K(3837440K)->3020760K(3837440K)
[5063.330s][info][gc,metaspace   ] GC(1436) Metaspace: 29098K(29376K)->29098K(29376K) NonClass: 25994K(26112K)->25994K(26112K) Class: 3103K(3264K)->3103K(3264K)
[5063.330s][info][gc             ] GC(1436) Pause Young (Allocation Failure) 5348M->3097M(6288M) 91.328ms
[5063.330s][info][gc,cpu         ] GC(1436) User=0.53s Sys=0.00s Real=0.09s
..[5065.195s][info][gc,start       ] GC(1437) Pause Young (Allocation Failure)
[5065.286s][info][gc,heap        ] GC(1437) PSYoungGen: 2563584K(2601472K)->150432K(2600448K) Eden: 2412544K(2412544K)->0K(2412544K) From: 151040K(188928K)->150432K(187904K)
[5065.286s][info][gc,heap        ] GC(1437) ParOldGen: 3020760K(3837440K)->3126936K(3837440K)
[5065.286s][info][gc,metaspace   ] GC(1437) Metaspace: 29098K(29376K)->29098K(29376K) NonClass: 25994K(26112K)->25994K(26112K) Class: 3103K(3264K)->3103K(3264K)
[5065.286s][info][gc             ] GC(1437) Pause Young (Allocation Failure) 5453M->3200M(6287M) 91.183ms
[5065.286s][info][gc,cpu         ] GC(1437) User=0.54s Sys=0.00s Real=0.09s
..[5067.213s][info][gc,start       ] GC(1438) Pause Young (Allocation Failure)
[5067.307s][info][gc,heap        ] GC(1438) PSYoungGen: 2562976K(2600448K)->156372K(2604544K) Eden: 2412544K(2412544K)->0K(2421760K) From: 150432K(187904K)->156372K(182784K)
[5067.307s][info][gc,heap        ] GC(1438) ParOldGen: 3126936K(3837440K)->3229928K(3837440K)
[5067.307s][info][gc,metaspace   ] GC(1438) Metaspace: 29098K(29376K)->29098K(29376K) NonClass: 25994K(26112K)->25994K(26112K) Class: 3103K(3264K)->3103K(3264K)
[5067.308s][info][gc             ] GC(1438) Pause Young (Allocation Failure) 5556M->3306M(6291M) 94.324ms
[5067.308s][info][gc,cpu         ] GC(1438) User=0.56s Sys=0.00s Real=0.10s
.[5069.171s][info][gc,start       ] GC(1439) Pause Young (Allocation Failure)
[5069.272s][info][gc,heap        ] GC(1439) PSYoungGen: 2578132K(2604544K)->176804K(2605056K) Eden: 2421760K(2421760K)->0K(2421760K) From: 156372K(182784K)->176804K(183296K)
[5069.272s][info][gc,heap        ] GC(1439) ParOldGen: 3229928K(3837440K)->3335008K(3837440K)
[5069.272s][info][gc,metaspace   ] GC(1439) Metaspace: 29098K(29376K)->29098K(29376K) NonClass: 25994K(26112K)->25994K(26112K) Class: 3103K(3264K)->3103K(3264K)
[5069.272s][info][gc             ] GC(1439) Pause Young (Allocation Failure) 5671M->3429M(6291M) 101.518ms
[5069.272s][info][gc,cpu         ] GC(1439) User=0.60s Sys=0.00s Real=0.10s
..[5071.183s][info][gc,start       ] GC(1440) Pause Young (Allocation Failure)
[5071.275s][info][gc,heap        ] GC(1440) PSYoungGen: 2598564K(2605056K)->144992K(2608640K) Eden: 2421760K(2421760K)->0K(2420224K) From: 176804K(183296K)->144992K(188416K)
[5071.275s][info][gc,heap        ] GC(1440) ParOldGen: 3335008K(3837440K)->3441160K(3837440K)
[5071.275s][info][gc,metaspace   ] GC(1440) Metaspace: 29098K(29376K)->29098K(29376K) NonClass: 25994K(26112K)->25994K(26112K) Class: 3103K(3264K)->3103K(3264K)
[5071.275s][info][gc             ] GC(1440) Pause Young (Allocation Failure) 5794M->3502M(6295M) 91.388ms
[5071.275s][info][gc,cpu         ] GC(1440) User=0.54s Sys=0.00s Real=0.09s
. (rIR:aIR:PR = 8579:8581:8581) (tPR = 127133) [OK] 
  5071s: Performance info:
         Transaction,    Success,    Partial,     Failed,   Receipts, AvgBarcode, 
             Overall,     515845,          0,          0,     490103,      59.48, 
         Response times:
             Request,    Success,    Partial,     Failed,   SkipFail,     Probes,    Samples,      min,      p50,      p90,      p95,      p99,      max, 
       TotalPurchase,     490102,          0,          0,          0,     351388,     391898,      200,     6000,    37000,    71000,   285000,  1000000,
     InStorePurchase,     258157,          0,          0,          0,     184994,     205295,      300,     5900,    37000,    70000,   179000,  1000000,
      OnlinePurchase,     180568,          0,          0,          0,     128903,     144380,      200,     6000,    37000,    71000,   379000,   990000,
        InstPurchase,      51377,          0,          0,          0,      37491,      42223,      400,     6200,    38000,    76000,   379000,   990000,
          AssocOfCat,        517,          0,          0,          0,        419,        563,    22000,    40000,    88600,   129800,   467000,  1100000,
      AssocOfProduct,       5150,          0,          0,          0,       3636,       4307,      400,     4800,    31000,    68000,   325000,   344000,
      BusinessReport,       1292,          0,          0,          0,       1133,       1389,    28000,    47000,    99000,   153000,   473000,  1100000,
          CustBuyBeh,       5156,          0,          0,          0,       3667,       4358,      200,     6600,    38000,    70000,   185000,   284000,
       ProductReturn,      13627,          0,          0,          0,       9314,      10618,      200,     5500,    36000,    70000,   380000,   990000,

  5071s: (63%)   IR =   8717 .[5073.230s][info][gc,start       ] GC(1441) Pause Young (Allocation Failure)
[5073.327s][info][gc,heap        ] GC(1441) PSYoungGen: 2565216K(2608640K)->157027K(2577408K) Eden: 2420224K(2420224K)->0K(2420224K) From: 144992K(188416K)->157027K(157184K)
[5073.327s][info][gc,heap        ] GC(1441) ParOldGen: 3441160K(3837440K)->3545504K(3837440K)
[5073.327s][info][gc,metaspace   ] GC(1441) Metaspace: 29098K(29376K)->29098K(29376K) NonClass: 25994K(26112K)->25994K(26112K) Class: 3103K(3264K)->3103K(3264K)
[5073.327s][info][gc             ] GC(1441) Pause Young (Allocation Failure) 5865M->3615M(6264M) 96.493ms
[5073.327s][info][gc,cpu         ] GC(1441) User=0.57s Sys=0.00s Real=0.10s
..[5075.123s][info][gc,start       ] GC(1442) Pause Young (Allocation Failure)
[5075.222s][info][gc,heap        ] GC(1442) PSYoungGen: 2577251K(2577408K)->164469K(2605056K) Eden: 2420224K(2420224K)->0K(2420224K) From: 157027K(157184K)->164469K(184832K)
[5075.222s][info][gc,heap        ] GC(1442) ParOldGen: 3545504K(3837440K)->3650214K(3837440K)
[5075.222s][info][gc,metaspace   ] GC(1442) Metaspace: 29098K(29376K)->29098K(29376K) NonClass: 25994K(26112K)->25994K(26112K) Class: 3103K(3264K)->3103K(3264K)
[5075.222s][info][gc             ] GC(1442) Pause Young (Allocation Failure) 5979M->3725M(6291M) 98.937ms
[5075.222s][info][gc,cpu         ] GC(1442) User=0.58s Sys=0.00s Real=0.10s
..[5077.115s][info][gc,start       ] GC(1443) Pause Young (Allocation Failure)
[5077.210s][info][gc,heap        ] GC(1443) PSYoungGen: 2584693K(2605056K)->157856K(2605056K) Eden: 2420224K(2420224K)->0K(2420224K) From: 164469K(184832K)->157856K(184832K)
[5077.210s][info][gc,heap        ] GC(1443) ParOldGen: 3650214K(3837440K)->3753886K(3837440K)
[5077.210s][info][gc,metaspace   ] GC(1443) Metaspace: 29098K(29376K)->29098K(29376K) NonClass: 25994K(26112K)->25994K(26112K) Class: 3103K(3264K)->3103K(3264K)
[5077.210s][info][gc             ] GC(1443) Pause Young (Allocation Failure) 6088M->3820M(6291M) 94.644ms
[5077.210s][info][gc,cpu         ] GC(1443) User=0.55s Sys=0.00s Real=0.09s
..[5079.048s][info][gc,start       ] GC(1444) Pause Young (Allocation Failure)
[5079.152s][info][gc,heap        ] GC(1444) PSYoungGen: 2578080K(2605056K)->173769K(2604544K) Eden: 2420224K(2420224K)->0K(2422784K) From: 157856K(184832K)->173769K(181760K)
[5079.152s][info][gc,heap        ] GC(1444) ParOldGen: 3753886K(3837440K)->3856662K(3856896K)
[5079.152s][info][gc,metaspace   ] GC(1444) Metaspace: 29098K(29376K)->29098K(29376K) NonClass: 25994K(26112K)->25994K(26112K) Class: 3103K(3264K)->3103K(3264K)
[5079.152s][info][gc             ] GC(1444) Pause Young (Allocation Failure) 6183M->3935M(6310M) 103.919ms
[5079.152s][info][gc,cpu         ] GC(1444) User=0.60s Sys=0.00s Real=0.10s
..[5080.993s][info][gc,start       ] GC(1445) Pause Young (Allocation Failure)
[5081.092s][info][gc,heap        ] GC(1445) PSYoungGen: 2596553K(2604544K)->154848K(2608128K) Eden: 2422784K(2422784K)->0K(2422784K) From: 173769K(181760K)->154848K(185344K)
[5081.093s][info][gc,heap        ] GC(1445) ParOldGen: 3856662K(3856896K)->3964270K(3964416K)
[5081.093s][info][gc,metaspace   ] GC(1445) Metaspace: 29098K(29376K)->29098K(29376K) NonClass: 25994K(26112K)->25994K(26112K) Class: 3103K(3264K)->3103K(3264K)
[5081.093s][info][gc             ] GC(1445) Pause Young (Allocation Failure) 6301M->4022M(6418M) 99.498ms
[5081.093s][info][gc,cpu         ] GC(1445) User=0.54s Sys=0.04s Real=0.10s
.|.[5082.951s][info][gc,start       ] GC(1446) Pause Young (Allocation Failure)
[5083.052s][info][gc,heap        ] GC(1446) PSYoungGen: 2577632K(2608128K)->163762K(2607104K) Eden: 2422784K(2422784K)->0K(2426880K) From: 154848K(185344K)->163762K(180224K)
[5083.052s][info][gc,heap        ] GC(1446) ParOldGen: 3964270K(3964416K)->4065686K(4065792K)
[5083.052s][info][gc,metaspace   ] GC(1446) Metaspace: 29098K(29376K)->29098K(29376K) NonClass: 25994K(26112K)->25994K(26112K) Class: 3103K(3264K)->3103K(3264K)
[5083.052s][info][gc             ] GC(1446) Pause Young (Allocation Failure) 6388M->4130M(6516M) 100.961ms
[5083.052s][info][gc,cpu         ] GC(1446) User=0.57s Sys=0.02s Real=0.10s
..[5084.848s][info][gc,start       ] GC(1447) Pause Young (Allocation Failure)
[5084.952s][info][gc,heap        ] GC(1447) PSYoungGen: 2590642K(2607104K)->165808K(2609664K) Eden: 2426880K(2426880K)->0K(2426880K) From: 163762K(180224K)->165808K(182784K)
[5084.953s][info][gc,heap        ] GC(1447) ParOldGen: 4065686K(4065792K)->4170958K(4171264K)
[5084.953s][info][gc,metaspace   ] GC(1447) Metaspace: 29098K(29376K)->29098K(29376K) NonClass: 25994K(26112K)->25994K(26112K) Class: 3103K(3264K)->3103K(3264K)
[5084.953s][info][gc             ] GC(1447) Pause Young (Allocation Failure) 6500M->4235M(6622M) 104.341ms
[5084.953s][info][gc,cpu         ] GC(1447) User=0.58s Sys=0.03s Real=0.10s
..[5086.771s][info][gc,start       ] GC(1448) Pause Young (Allocation Failure)
[5086.871s][info][gc,heap        ] GC(1448) PSYoungGen: 2592688K(2609664K)->162176K(2610176K) Eden: 2426880K(2426880K)->0K(2430464K) From: 165808K(182784K)->162176K(179712K)
[5086.871s][info][gc,heap        ] GC(1448) ParOldGen: 4170958K(4171264K)->4272142K(4272640K)
[5086.871s][info][gc,metaspace   ] GC(1448) Metaspace: 29098K(29376K)->29098K(29376K) NonClass: 25994K(26112K)->25994K(26112K) Class: 3103K(3264K)->3103K(3264K)
[5086.871s][info][gc             ] GC(1448) Pause Young (Allocation Failure) 6605M->4330M(6721M) 99.411ms
[5086.871s][info][gc,cpu         ] GC(1448) User=0.56s Sys=0.02s Real=0.10s
..[5088.726s][info][gc,start       ] GC(1449) Pause Young (Allocation Failure)
[5088.826s][info][gc,heap        ] GC(1449) PSYoungGen: 2592640K(2610176K)->157952K(2611712K) Eden: 2430464K(2430464K)->0K(2430464K) From: 162176K(179712K)->157952K(181248K)
[5088.826s][info][gc,heap        ] GC(1449) ParOldGen: 4272142K(4272640K)->4378390K(4378624K)
[5088.826s][info][gc,metaspace   ] GC(1449) Metaspace: 29098K(29376K)->29098K(29376K) NonClass: 25994K(26112K)->25994K(26112K) Class: 3103K(3264K)->3103K(3264K)
[5088.826s][info][gc             ] GC(1449) Pause Young (Allocation Failure) 6703M->4430M(6826M) 100.569ms
[5088.826s][info][gc,cpu         ] GC(1449) User=0.56s Sys=0.04s Real=0.10s
..[5090.795s][info][gc,start       ] GC(1450) Pause Young (Allocation Failure)
[5090.894s][info][gc,heap        ] GC(1450) PSYoungGen: 2588416K(2611712K)->156448K(2612736K) Eden: 2430464K(2430464K)->0K(2435072K) From: 157952K(181248K)->156448K(177664K)
[5090.894s][info][gc,heap        ] GC(1450) ParOldGen: 4378390K(4378624K)->4483742K(4484096K)
[5090.894s][info][gc,metaspace   ] GC(1450) Metaspace: 29098K(29376K)->29098K(29376K) NonClass: 25994K(26112K)->25994K(26112K) Class: 3103K(3264K)->3103K(3264K)
[5090.894s][info][gc             ] GC(1450) Pause Young (Allocation Failure) 6803M->4531M(6930M) 99.103ms
[5090.894s][info][gc,cpu         ] GC(1450) User=0.54s Sys=0.04s Real=0.10s
..[5092.746s][info][gc,start       ] GC(1451) Pause Young (Allocation Failure)
[5092.842s][info][gc,heap        ] GC(1451) PSYoungGen: 2591520K(2612736K)->148128K(2613760K) Eden: 2435072K(2435072K)->0K(2435072K) From: 156448K(177664K)->148128K(178688K)
[5092.842s][info][gc,heap        ] GC(1451) ParOldGen: 4483742K(4484096K)->4589582K(4590080K)
[5092.842s][info][gc,metaspace   ] GC(1451) Metaspace: 29098K(29376K)->29098K(29376K) NonClass: 25994K(26112K)->25994K(26112K) Class: 3103K(3264K)->3103K(3264K)
[5092.842s][info][gc             ] GC(1451) Pause Young (Allocation Failure) 6909M->4626M(7035M) 95.851ms
[5092.842s][info][gc,cpu         ] GC(1451) User=0.54s Sys=0.03s Real=0.09s
..[5094.716s][info][gc,start       ] GC(1452) Pause Young (Allocation Failure)
[5094.814s][info][gc,heap        ] GC(1452) PSYoungGen: 2583200K(2613760K)->151904K(2615296K) Eden: 2435072K(2435072K)->0K(2438656K) From: 148128K(178688K)->151904K(176640K)
[5094.814s][info][gc,heap        ] GC(1452) ParOldGen: 4589582K(4590080K)->4691574K(4691968K)
[5094.814s][info][gc,metaspace   ] GC(1452) Metaspace: 29098K(29376K)->29098K(29376K) NonClass: 25994K(26112K)->25994K(26112K) Class: 3103K(3264K)->3103K(3264K)
[5094.814s][info][gc             ] GC(1452) Pause Young (Allocation Failure) 7004M->4729M(7136M) 98.297ms
[5094.814s][info][gc,cpu         ] GC(1452) User=0.55s Sys=0.03s Real=0.10s
..[5096.700s][info][gc,start       ] GC(1453) Pause Young (Allocation Failure)
[5096.801s][info][gc,heap        ] GC(1453) PSYoungGen: 2590560K(2615296K)->165280K(2616320K) Eden: 2438656K(2438656K)->0K(2438656K) From: 151904K(176640K)->165280K(177664K)
[5096.801s][info][gc,heap        ] GC(1453) ParOldGen: 4691574K(4691968K)->4793070K(4793344K)
[5096.801s][info][gc,metaspace   ] GC(1453) Metaspace: 29098K(29376K)->29098K(29376K) NonClass: 25994K(26112K)->25994K(26112K) Class: 3103K(3264K)->3103K(3264K)
[5096.801s][info][gc             ] GC(1453) Pause Young (Allocation Failure) 7111M->4842M(7236M) 101.100ms
[5096.801s][info][gc,cpu         ] GC(1453) User=0.56s Sys=0.03s Real=0.10s
..[5098.718s][info][gc,start       ] GC(1454) Pause Young (Allocation Failure)
[5098.821s][info][gc,heap        ] GC(1454) PSYoungGen: 2603936K(2616320K)->161365K(2617344K) Eden: 2438656K(2438656K)->0K(2439680K) From: 165280K(177664K)->161365K(177664K)
[5098.821s][info][gc,heap        ] GC(1454) ParOldGen: 4793070K(4793344K)->4897614K(4897792K)
[5098.821s][info][gc,metaspace   ] GC(1454) Metaspace: 29098K(29376K)->29098K(29376K) NonClass: 25994K(26112K)->25994K(26112K) Class: 3103K(3264K)->3103K(3264K)
[5098.821s][info][gc             ] GC(1454) Pause Young (Allocation Failure) 7223M->4940M(7339M) 102.956ms
[5098.821s][info][gc,cpu         ] GC(1454) User=0.58s Sys=0.03s Real=0.10s
..[5100.643s][info][gc,start       ] GC(1455) Pause Young (Allocation Failure)
[5100.743s][info][gc,heap        ] GC(1455) PSYoungGen: 2601045K(2617344K)->153263K(2617344K) Eden: 2439680K(2439680K)->0K(2439680K) From: 161365K(177664K)->153263K(177664K)
[5100.743s][info][gc,heap        ] GC(1455) ParOldGen: 4897614K(4897792K)->5004670K(5004800K)
[5100.743s][info][gc,metaspace   ] GC(1455) Metaspace: 29098K(29376K)->29098K(29376K) NonClass: 25994K(26112K)->25994K(26112K) Class: 3103K(3264K)->3103K(3264K)
[5100.743s][info][gc             ] GC(1455) Pause Young (Allocation Failure) 7322M->5037M(7443M) 99.433ms
[5100.743s][info][gc,cpu         ] GC(1455) User=0.56s Sys=0.03s Real=0.09s
..[5102.629s][info][gc,start       ] GC(1456) Pause Young (Allocation Failure)
[5102.730s][info][gc,heap        ] GC(1456) PSYoungGen: 2592943K(2617344K)->161701K(2617856K) Eden: 2439680K(2439680K)->0K(2441216K) From: 153263K(177664K)->161701K(176640K)
[5102.730s][info][gc,heap        ] GC(1456) ParOldGen: 5004670K(5004800K)->5108814K(5109248K)
[5102.730s][info][gc,metaspace   ] GC(1456) Metaspace: 29098K(29376K)->29098K(29376K) NonClass: 25994K(26112K)->25994K(26112K) Class: 3103K(3264K)->3103K(3264K)
[5102.730s][info][gc             ] GC(1456) Pause Young (Allocation Failure) 7419M->5146M(7546M) 101.410ms
[5102.730s][info][gc,cpu         ] GC(1456) User=0.56s Sys=0.03s Real=0.10s
..[5104.609s][info][gc,start       ] GC(1457) Pause Young (Allocation Failure)
[5104.708s][info][gc,heap        ] GC(1457) PSYoungGen: 2602917K(2617856K)->151520K(2617344K) Eden: 2441216K(2441216K)->0K(2441216K) From: 161701K(176640K)->151520K(176128K)
[5104.708s][info][gc,heap        ] GC(1457) ParOldGen: 5108814K(5109248K)->5213110K(5213184K)
[5104.708s][info][gc,metaspace   ] GC(1457) Metaspace: 29098K(29376K)->29098K(29376K) NonClass: 25994K(26112K)->25994K(26112K) Class: 3103K(3264K)->3103K(3264K)
[5104.709s][info][gc             ] GC(1457) Pause Young (Allocation Failure) 7530M->5238M(7647M) 99.091ms
[5104.709s][info][gc,cpu         ] GC(1457) User=0.54s Sys=0.05s Real=0.10s
..[5106.589s][info][gc,start       ] GC(1458) Pause Young (Allocation Failure)
[5106.688s][info][gc,heap        ] GC(1458) PSYoungGen: 2592736K(2617344K)->154432K(2618880K) Eden: 2441216K(2441216K)->0K(2444288K) From: 151520K(176128K)->154432K(174592K)
[5106.688s][info][gc,heap        ] GC(1458) ParOldGen: 5213110K(5213184K)->5316846K(5317120K)
[5106.688s][info][gc,metaspace   ] GC(1458) Metaspace: 29098K(29376K)->29098K(29376K) NonClass: 25994K(26112K)->25994K(26112K) Class: 3103K(3264K)->3103K(3264K)
[5106.688s][info][gc             ] GC(1458) Pause Young (Allocation Failure) 7622M->5343M(7750M) 99.371ms
[5106.688s][info][gc,cpu         ] GC(1458) User=0.55s Sys=0.03s Real=0.10s
..[5108.578s][info][gc,start       ] GC(1459) Pause Young (Allocation Failure)
[5108.676s][info][gc,heap        ] GC(1459) PSYoungGen: 2598720K(2618880K)->151552K(2618880K) Eden: 2444288K(2444288K)->0K(2444288K) From: 154432K(174592K)->151552K(174592K)
[5108.676s][info][gc,heap        ] GC(1459) ParOldGen: 5316846K(5317120K)->5422374K(5422592K)
[5108.676s][info][gc,metaspace   ] GC(1459) Metaspace: 29098K(29376K)->29098K(29376K) NonClass: 25994K(26112K)->25994K(26112K) Class: 3103K(3264K)->3103K(3264K)
[5108.676s][info][gc             ] GC(1459) Pause Young (Allocation Failure) 7730M->5443M(7853M) 98.086ms
[5108.676s][info][gc,cpu         ] GC(1459) User=0.54s Sys=0.03s Real=0.10s
..[5110.525s][info][gc,start       ] GC(1460) Pause Young (Allocation Failure)
[5110.625s][info][gc,heap        ] GC(1460) PSYoungGen: 2595840K(2618880K)->158576K(2618880K) Eden: 2444288K(2444288K)->0K(2447360K) From: 151552K(174592K)->158576K(171520K)
[5110.625s][info][gc,heap        ] GC(1460) ParOldGen: 5422374K(5422592K)->5525854K(5526016K)
[5110.625s][info][gc,metaspace   ] GC(1460) Metaspace: 29098K(29376K)->29098K(29376K) NonClass: 25994K(26112K)->25994K(26112K) Class: 3103K(3264K)->3103K(3264K)
[5110.625s][info][gc             ] GC(1460) Pause Young (Allocation Failure) 7830M->5551M(7954M) 99.580ms
[5110.625s][info][gc,cpu         ] GC(1460) User=0.55s Sys=0.03s Real=0.10s
..[5112.499s][info][gc,start       ] GC(1461) Pause Full (Allocation Failure)
[5112.499s][info][gc,phases,start] GC(1461) Marking Phase
[5112.820s][info][gc,phases      ] GC(1461) Marking Phase 320.342ms
[5112.820s][info][gc,phases,start] GC(1461) Summary Phase
[5112.820s][info][gc,phases      ] GC(1461) Summary Phase 0.107ms
[5112.820s][info][gc,phases,start] GC(1461) Forward
[5112.952s][info][gc,phases      ] GC(1461) Forward 132.323ms
[5112.952s][info][gc,phases,start] GC(1461) Adjust Pointers
[5113.166s][info][gc,phases      ] GC(1461) Adjust Pointers 213.538ms
[5113.166s][info][gc,phases,start] GC(1461) Compaction Phase
[5113.313s][info][gc,phases      ] GC(1461) Compaction Phase 147.041ms
[5113.314s][info][gc,phases,start] GC(1461) Post Compact
[5113.321s][info][gc,phases      ] GC(1461) Post Compact 6.895ms
[5113.443s][info][gc,heap        ] GC(1461) PSYoungGen: 2605936K(2618880K)->0K(2619904K) Eden: 2447360K(2447360K)->0K(2447360K) From: 158576K(171520K)->0K(172544K)
[5113.443s][info][gc,heap        ] GC(1461) ParOldGen: 5525854K(5526016K)->1616726K(1970688K)
[5113.443s][info][gc,metaspace   ] GC(1461) Metaspace: 29098K(29376K)->29098K(29376K) NonClass: 25994K(26112K)->25994K(26112K) Class: 3103K(3264K)->3103K(3264K)
[5113.443s][info][gc             ] GC(1461) Pause Full (Allocation Failure) 7941M->1578M(4483M) 943.991ms
[5113.443s][info][gc,cpu         ] GC(1461) User=4.42s Sys=0.13s Real=0.95s
.[5114.758s][info][gc,start       ] GC(1462) Pause Young (Allocation Failure)
[5114.828s][info][gc,heap        ] GC(1462) PSYoungGen: 2447360K(2619904K)->168596K(2617344K) Eden: 2447360K(2447360K)->0K(2444800K) From: 0K(172544K)->168596K(172544K)
[5114.828s][info][gc,heap        ] GC(1462) ParOldGen: 1616726K(1970688K)->1616726K(1970688K)
[5114.828s][info][gc,metaspace   ] GC(1462) Metaspace: 29098K(29376K)->29098K(29376K) NonClass: 25994K(26112K)->25994K(26112K) Class: 3103K(3264K)->3103K(3264K)
[5114.828s][info][gc             ] GC(1462) Pause Young (Allocation Failure) 3968M->1743M(4480M) 69.939ms
[5114.828s][info][gc,cpu         ] GC(1462) User=0.40s Sys=0.00s Real=0.07s
..[5116.487s][info][gc,start       ] GC(1463) Pause Young (Allocation Failure)
[5116.577s][info][gc,heap        ] GC(1463) PSYoungGen: 2613396K(2617344K)->148064K(2620416K) Eden: 2444800K(2444800K)->0K(2444800K) From: 168596K(172544K)->148064K(175616K)
[5116.577s][info][gc,heap        ] GC(1463) ParOldGen: 1616726K(1970688K)->1722822K(1970688K)
[5116.577s][info][gc,metaspace   ] GC(1463) Metaspace: 29098K(29376K)->29098K(29376K) NonClass: 25994K(26112K)->25994K(26112K) Class: 3103K(3264K)->3103K(3264K)
[5116.577s][info][gc             ] GC(1463) Pause Young (Allocation Failure) 4130M->1827M(4483M) 89.529ms
[5116.577s][info][gc,cpu         ] GC(1463) User=0.53s Sys=0.00s Real=0.09s
..[5118.510s][info][gc,start       ] GC(1464) Pause Young (Allocation Failure)
[5118.608s][info][gc,heap        ] GC(1464) PSYoungGen: 2592864K(2620416K)->166452K(2617344K) Eden: 2444800K(2444800K)->0K(2441728K) From: 148064K(175616K)->166452K(175616K)
[5118.608s][info][gc,heap        ] GC(1464) ParOldGen: 1722822K(1970688K)->1825502K(1970688K)
[5118.608s][info][gc,metaspace   ] GC(1464) Metaspace: 29098K(29376K)->29098K(29376K) NonClass: 25994K(26112K)->25994K(26112K) Class: 3103K(3264K)->3103K(3264K)
[5118.609s][info][gc             ] GC(1464) Pause Young (Allocation Failure) 4214M->1945M(4480M) 98.044ms
[5118.609s][info][gc,cpu         ] GC(1464) User=0.58s Sys=0.00s Real=0.10s
..[5120.374s][info][gc,start       ] GC(1465) Pause Young (Allocation Failure)
[5120.468s][info][gc,heap        ] GC(1465) PSYoungGen: 2608180K(2617344K)->160243K(2618880K) Eden: 2441728K(2441728K)->0K(2441728K) From: 166452K(175616K)->160243K(177152K)
[5120.468s][info][gc,heap        ] GC(1465) ParOldGen: 1825502K(1970688K)->1928070K(1970688K)
[5120.468s][info][gc,metaspace   ] GC(1465) Metaspace: 29098K(29376K)->29098K(29376K) NonClass: 25994K(26112K)->25994K(26112K) Class: 3103K(3264K)->3103K(3264K)
[5120.468s][info][gc             ] GC(1465) Pause Young (Allocation Failure) 4329M->2039M(4482M) 94.028ms
[5120.469s][info][gc,cpu         ] GC(1465) User=0.56s Sys=0.00s Real=0.09s
..[5122.337s][info][gc,start       ] GC(1466) Pause Young (Allocation Failure)
[5122.432s][info][gc,heap        ] GC(1466) PSYoungGen: 2601971K(2618880K)->153504K(2616320K) Eden: 2441728K(2441728K)->0K(2442752K) From: 160243K(177152K)->153504K(173568K)
[5122.432s][info][gc,heap        ] GC(1466) ParOldGen: 1928070K(1970688K)->2034606K(2034688K)
[5122.432s][info][gc,metaspace   ] GC(1466) Metaspace: 29098K(29376K)->29098K(29376K) NonClass: 25994K(26112K)->25994K(26112K) Class: 3103K(3264K)->3103K(3264K)
[5122.432s][info][gc             ] GC(1466) Pause Young (Allocation Failure) 4423M->2136M(4542M) 95.416ms
[5122.432s][info][gc,cpu         ] GC(1466) User=0.55s Sys=0.01s Real=0.09s
..[5124.385s][info][gc,start       ] GC(1467) Pause Young (Allocation Failure)
[5124.479s][info][gc,heap        ] GC(1467) PSYoungGen: 2596256K(2616320K)->148640K(2617856K) Eden: 2442752K(2442752K)->0K(2442752K) From: 153504K(173568K)->148640K(175104K)
[5124.479s][info][gc,heap        ] GC(1467) ParOldGen: 2034606K(2034688K)->2138790K(2139136K)
[5124.479s][info][gc,metaspace   ] GC(1467) Metaspace: 29098K(29376K)->29098K(29376K) NonClass: 25994K(26112K)->25994K(26112K) Class: 3103K(3264K)->3103K(3264K)
[5124.479s][info][gc             ] GC(1467) Pause Young (Allocation Failure) 4522M->2233M(4645M) 94.100ms
[5124.479s][info][gc,cpu         ] GC(1467) User=0.52s Sys=0.04s Real=0.09s
..[5126.325s][info][gc,start       ] GC(1468) Pause Young (Allocation Failure)
[5126.423s][info][gc,heap        ] GC(1468) PSYoungGen: 2591392K(2617856K)->157088K(2616832K) Eden: 2442752K(2442752K)->0K(2445824K) From: 148640K(175104K)->157088K(171008K)
[5126.423s][info][gc,heap        ] GC(1468) ParOldGen: 2138790K(2139136K)->2243070K(2243072K)
[5126.423s][info][gc,metaspace   ] GC(1468) Metaspace: 29098K(29376K)->29098K(29376K) NonClass: 25994K(26112K)->25994K(26112K) Class: 3103K(3264K)->3103K(3264K)
[5126.423s][info][gc             ] GC(1468) Pause Young (Allocation Failure) 4619M->2343M(4746M) 97.888ms
[5126.423s][info][gc,cpu         ] GC(1468) User=0.55s Sys=0.03s Real=0.09s
..[5128.416s][info][gc,start       ] GC(1469) Pause Young (Allocation Failure)
[5128.513s][info][gc,heap        ] GC(1469) PSYoungGen: 2602912K(2616832K)->154464K(2618880K) Eden: 2445824K(2445824K)->0K(2445824K) From: 157088K(171008K)->154464K(173056K)
[5128.513s][info][gc,heap        ] GC(1469) ParOldGen: 2243070K(2243072K)->2345550K(2345984K)
[5128.513s][info][gc,metaspace   ] GC(1469) Metaspace: 29098K(29376K)->29098K(29376K) NonClass: 25994K(26112K)->25994K(26112K) Class: 3103K(3264K)->3103K(3264K)
[5128.513s][info][gc             ] GC(1469) Pause Young (Allocation Failure) 4732M->2441M(4848M) 97.345ms
[5128.513s][info][gc,cpu         ] GC(1469) User=0.55s Sys=0.03s Real=0.09s
..[5130.362s][info][gc,start       ] GC(1470) Pause Young (Allocation Failure)
[5130.463s][info][gc,heap        ] GC(1470) PSYoungGen: 2600288K(2618880K)->163765K(2621952K) Eden: 2445824K(2445824K)->0K(2449920K) From: 154464K(173056K)->163765K(172032K)
[5130.463s][info][gc,heap        ] GC(1470) ParOldGen: 2345550K(2345984K)->2450222K(2450432K)
[5130.463s][info][gc,metaspace   ] GC(1470) Metaspace: 29098K(29376K)->29098K(29376K) NonClass: 25994K(26112K)->25994K(26112K) Class: 3103K(3264K)->3103K(3264K)
[5130.463s][info][gc             ] GC(1470) Pause Young (Allocation Failure) 4829M->2552M(4953M) 101.273ms
[5130.463s][info][gc,cpu         ] GC(1470) User=0.56s Sys=0.04s Real=0.10s
..[5132.302s][info][gc,start       ] GC(1471) Pause Young (Allocation Failure)
[5132.397s][info][gc,heap        ] GC(1471) PSYoungGen: 2613685K(2621952K)->150528K(2622976K) Eden: 2449920K(2449920K)->0K(2449920K) From: 163765K(172032K)->150528K(173056K)
[5132.397s][info][gc,heap        ] GC(1471) ParOldGen: 2450222K(2450432K)->2553478K(2553856K)
[5132.397s][info][gc,metaspace   ] GC(1471) Metaspace: 29098K(29376K)->29098K(29376K) NonClass: 25994K(26112K)->25994K(26112K) Class: 3103K(3264K)->3103K(3264K)
[5132.397s][info][gc             ] GC(1471) Pause Young (Allocation Failure) 4945M->2640M(5055M) 94.858ms
[5132.397s][info][gc,cpu         ] GC(1471) User=0.53s Sys=0.02s Real=0.10s
..[5134.329s][info][gc,start       ] GC(1472) Pause Young (Allocation Failure)
[5134.426s][info][gc,heap        ] GC(1472) PSYoungGen: 2600448K(2622976K)->153504K(2620928K) Eden: 2449920K(2449920K)->0K(2449920K) From: 150528K(173056K)->153504K(171008K)
[5134.426s][info][gc,heap        ] GC(1472) ParOldGen: 2553478K(2553856K)->2659190K(2659328K)
[5134.426s][info][gc,metaspace   ] GC(1472) Metaspace: 29098K(29376K)->29098K(29376K) NonClass: 25994K(26112K)->25994K(26112K) Class: 3103K(3264K)->3103K(3264K)
[5134.426s][info][gc             ] GC(1472) Pause Young (Allocation Failure) 5033M->2746M(5156M) 96.550ms
[5134.426s][info][gc,cpu         ] GC(1472) User=0.53s Sys=0.04s Real=0.10s
..[5136.316s][info][gc,start       ] GC(1473) Pause Young (Allocation Failure)
[5136.413s][info][gc,heap        ] GC(1473) PSYoungGen: 2603424K(2620928K)->154432K(2621952K) Eden: 2449920K(2449920K)->0K(2449920K) From: 153504K(171008K)->154432K(172032K)
[5136.413s][info][gc,heap        ] GC(1473) ParOldGen: 2659190K(2659328K)->2764670K(2764800K)
[5136.413s][info][gc,metaspace   ] GC(1473) Metaspace: 29098K(29376K)->29098K(29376K) NonClass: 25994K(26112K)->25994K(26112K) Class: 3103K(3264K)->3103K(3264K)
[5136.413s][info][gc             ] GC(1473) Pause Young (Allocation Failure) 5139M->2850M(5260M) 96.631ms
[5136.413s][info][gc,cpu         ] GC(1473) User=0.54s Sys=0.03s Real=0.09s
..[5138.359s][info][gc,start       ] GC(1474) Pause Young (Allocation Failure)
[5138.457s][info][gc,heap        ] GC(1474) PSYoungGen: 2604352K(2621952K)->159200K(2623488K) Eden: 2449920K(2449920K)->0K(2452992K) From: 154432K(172032K)->159200K(170496K)
[5138.457s][info][gc,heap        ] GC(1474) ParOldGen: 2764670K(2764800K)->2867470K(2867712K)
[5138.457s][info][gc,metaspace   ] GC(1474) Metaspace: 29098K(29376K)->29098K(29376K) NonClass: 25994K(26112K)->25994K(26112K) Class: 3103K(3264K)->3103K(3264K)
[5138.457s][info][gc             ] GC(1474) Pause Young (Allocation Failure) 5243M->2955M(5362M) 98.228ms
[5138.457s][info][gc,cpu         ] GC(1474) User=0.55s Sys=0.03s Real=0.10s
..[5140.279s][info][gc,start       ] GC(1475) Pause Young (Allocation Failure)
[5140.377s][info][gc,heap        ] GC(1475) PSYoungGen: 2612192K(2623488K)->154212K(2623488K) Eden: 2452992K(2452992K)->0K(2452992K) From: 159200K(170496K)->154212K(170496K)
[5140.377s][info][gc,heap        ] GC(1475) ParOldGen: 2867470K(2867712K)->2972510K(2972672K)
[5140.377s][info][gc,metaspace   ] GC(1475) Metaspace: 29098K(29376K)->29098K(29376K) NonClass: 25994K(26112K)->25994K(26112K) Class: 3103K(3264K)->3103K(3264K)
[5140.377s][info][gc             ] GC(1475) Pause Young (Allocation Failure) 5351M->3053M(5465M) 97.277ms
[5140.377s][info][gc,cpu         ] GC(1475) User=0.54s Sys=0.03s Real=0.10s
.. (rIR:aIR:PR = 8717:8700:8700) (tPR = 129642) [OK] 
  5141s: Performance info:
         Transaction,    Success,    Partial,     Failed,   Receipts, AvgBarcode, 
             Overall,     527494,          0,          0,     501087,      59.48, 
         Response times:
             Request,    Success,    Partial,     Failed,   SkipFail,     Probes,    Samples,      min,      p50,      p90,      p95,      p99,      max, 
       TotalPurchase,     501087,          0,          0,          0,     352728,     426607,      300,     5700,    34000,    75000,   800000,  1100000,
     InStorePurchase,     263032,          0,          0,          0,     185560,     224181,      300,     5700,    34000,    76000,   780000,  1100000,
      OnlinePurchase,     184839,          0,          0,          0,     129849,     156929,      300,     5700,    33000,    75000,   800000,  1100000,
        InstPurchase,      53216,          0,          0,          0,      37319,      45497,      400,     6000,    34000,    75000,   780000,  1100000,
          AssocOfCat,        529,          0,          0,          0,        429,        615,    23000,    42000,    96000,   161200,   385600,   527000,
      AssocOfProduct,       5248,          0,          0,          0,       3721,       4667,      500,     6400,    35000,    68000,   223000,   374000,
      BusinessReport,       1321,          0,          0,          0,       1165,       1555,    29000,    47000,    92000,   157000,   710000,  1100000,
          CustBuyBeh,       5295,          0,          0,          0,       3748,       4719,      200,     5800,    34000,    76000,   552000,   990000,
       ProductReturn,      14014,          0,          0,          0,       9570,      11785,      200,     5400,    32000,    70000,   790000,   960000,

  5141s: (64%)   IR =   8856 [5142.302s][info][gc,start       ] GC(1476) Pause Young (Allocation Failure)
[5142.397s][info][gc,heap        ] GC(1476) PSYoungGen: 2607204K(2623488K)->148480K(2624512K) Eden: 2452992K(2452992K)->0K(2455040K) From: 154212K(170496K)->148480K(169472K)
[5142.397s][info][gc,heap        ] GC(1476) ParOldGen: 2972510K(2972672K)->3077190K(3077632K)
[5142.397s][info][gc,metaspace   ] GC(1476) Metaspace: 29098K(29376K)->29098K(29376K) NonClass: 25994K(26112K)->25994K(26112K) Class: 3103K(3264K)->3103K(3264K)
[5142.397s][info][gc             ] GC(1476) Pause Young (Allocation Failure) 5448M->3150M(5568M) 94.683ms
[5142.397s][info][gc,cpu         ] GC(1476) User=0.52s Sys=0.03s Real=0.10s
..[5144.243s][info][gc,start       ] GC(1477) Pause Young (Allocation Failure)
[5144.340s][info][gc,heap        ] GC(1477) PSYoungGen: 2603520K(2624512K)->151520K(2624512K) Eden: 2455040K(2455040K)->0K(2455040K) From: 148480K(169472K)->151520K(169472K)
[5144.340s][info][gc,heap        ] GC(1477) ParOldGen: 3077190K(3077632K)->3181318K(3181568K)
[5144.340s][info][gc,metaspace   ] GC(1477) Metaspace: 29098K(29376K)->29098K(29376K) NonClass: 25994K(26112K)->25994K(26112K) Class: 3103K(3264K)->3103K(3264K)
[5144.340s][info][gc             ] GC(1477) Pause Young (Allocation Failure) 5547M->3254M(5670M) 96.540ms
[5144.340s][info][gc,cpu         ] GC(1477) User=0.53s Sys=0.03s Real=0.09s
..[5146.190s][info][gc,start       ] GC(1478) Pause Young (Allocation Failure)
[5146.287s][info][gc,heap        ] GC(1478) PSYoungGen: 2606560K(2624512K)->150080K(2626048K) Eden: 2455040K(2455040K)->0K(2457600K) From: 151520K(169472K)->150080K(168448K)
[5146.287s][info][gc,heap        ] GC(1478) ParOldGen: 3181318K(3181568K)->3288822K(3289088K)
[5146.287s][info][gc,metaspace   ] GC(1478) Metaspace: 29098K(29376K)->29098K(29376K) NonClass: 25994K(26112K)->25994K(26112K) Class: 3103K(3264K)->3103K(3264K)
[5146.287s][info][gc             ] GC(1478) Pause Young (Allocation Failure) 5652M->3358M(5776M) 97.359ms
[5146.287s][info][gc,cpu         ] GC(1478) User=0.55s Sys=0.03s Real=0.10s
..[5148.180s][info][gc,start       ] GC(1479) Pause Young (Allocation Failure)
[5148.276s][info][gc,heap        ] GC(1479) PSYoungGen: 2607680K(2626048K)->148736K(2626048K) Eden: 2457600K(2457600K)->0K(2457600K) From: 150080K(168448K)->148736K(168448K)
[5148.276s][info][gc,heap        ] GC(1479) ParOldGen: 3288822K(3289088K)->3393302K(3393536K)
[5148.276s][info][gc,metaspace   ] GC(1479) Metaspace: 29098K(29376K)->29098K(29376K) NonClass: 25994K(26112K)->25994K(26112K) Class: 3103K(3264K)->3103K(3264K)
[5148.276s][info][gc             ] GC(1479) Pause Young (Allocation Failure) 5758M->3459M(5878M) 95.642ms
[5148.276s][info][gc,cpu         ] GC(1479) User=0.53s Sys=0.03s Real=0.10s
..|[5150.175s][info][gc,start       ] GC(1480) Pause Young (Allocation Failure)
[5150.273s][info][gc,heap        ] GC(1480) PSYoungGen: 2606336K(2626048K)->151328K(2626048K) Eden: 2457600K(2457600K)->0K(2459648K) From: 148736K(168448K)->151328K(166400K)
[5150.273s][info][gc,heap        ] GC(1480) ParOldGen: 3393302K(3393536K)->3498358K(3498496K)
[5150.273s][info][gc,metaspace   ] GC(1480) Metaspace: 29098K(29376K)->29098K(29376K) NonClass: 25994K(26112K)->25994K(26112K) Class: 3103K(3264K)->3103K(3264K)
[5150.273s][info][gc             ] GC(1480) Pause Young (Allocation Failure) 5859M->3564M(5981M) 97.600ms
[5150.273s][info][gc,cpu         ] GC(1480) User=0.53s Sys=0.04s Real=0.09s
.[5152.103s][info][gc,start       ] GC(1481) Pause Young (Allocation Failure)
[5152.208s][info][gc,heap        ] GC(1481) PSYoungGen: 2610976K(2626048K)->165696K(2625536K) Eden: 2459648K(2459648K)->0K(2459648K) From: 151328K(166400K)->165696K(165888K)
[5152.208s][info][gc,heap        ] GC(1481) ParOldGen: 3498358K(3498496K)->3606454K(3606528K)
[5152.208s][info][gc,metaspace   ] GC(1481) Metaspace: 29098K(29376K)->29098K(29376K) NonClass: 25994K(26112K)->25994K(26112K) Class: 3103K(3264K)->3103K(3264K)
[5152.208s][info][gc             ] GC(1481) Pause Young (Allocation Failure) 5966M->3683M(6086M) 104.827ms
[5152.208s][info][gc,cpu         ] GC(1481) User=0.58s Sys=0.03s Real=0.11s
..[5154.026s][info][gc,start       ] GC(1482) Pause Young (Allocation Failure)
[5154.130s][info][gc,heap        ] GC(1482) PSYoungGen: 2625344K(2625536K)->168256K(2618880K) Eden: 2459648K(2459648K)->0K(2448896K) From: 165696K(165888K)->168256K(169984K)
[5154.130s][info][gc,heap        ] GC(1482) ParOldGen: 3606454K(3606528K)->3708382K(3708416K)
[5154.130s][info][gc,metaspace   ] GC(1482) Metaspace: 29098K(29376K)->29098K(29376K) NonClass: 25994K(26112K)->25994K(26112K) Class: 3103K(3264K)->3103K(3264K)
[5154.130s][info][gc             ] GC(1482) Pause Young (Allocation Failure) 6085M->3785M(6179M) 103.498ms
[5154.130s][info][gc,cpu         ] GC(1482) User=0.57s Sys=0.03s Real=0.10s
..[5155.990s][info][gc,start       ] GC(1483) Pause Young (Allocation Failure)
[5156.090s][info][gc,heap        ] GC(1483) PSYoungGen: 2617152K(2618880K)->161056K(2622464K) Eden: 2448896K(2448896K)->0K(2448896K) From: 168256K(169984K)->161056K(173568K)
[5156.090s][info][gc,heap        ] GC(1483) ParOldGen: 3708382K(3708416K)->3815430K(3815936K)
[5156.090s][info][gc,metaspace   ] GC(1483) Metaspace: 29098K(29376K)->29098K(29376K) NonClass: 25994K(26112K)->25994K(26112K) Class: 3103K(3264K)->3103K(3264K)
[5156.090s][info][gc             ] GC(1483) Pause Young (Allocation Failure) 6177M->3883M(6287M) 100.378ms
[5156.090s][info][gc,cpu         ] GC(1483) User=0.55s Sys=0.04s Real=0.10s
..[5157.943s][info][gc,start       ] GC(1484) Pause Young (Allocation Failure)
[5158.046s][info][gc,heap        ] GC(1484) PSYoungGen: 2609952K(2622464K)->169684K(2616320K) Eden: 2448896K(2448896K)->0K(2442752K) From: 161056K(173568K)->169684K(173568K)
[5158.046s][info][gc,heap        ] GC(1484) ParOldGen: 3815430K(3815936K)->3920430K(3920896K)
[5158.046s][info][gc,metaspace   ] GC(1484) Metaspace: 29098K(29376K)->29098K(29376K) NonClass: 25994K(26112K)->25994K(26112K) Class: 3103K(3264K)->3103K(3264K)
[5158.046s][info][gc             ] GC(1484) Pause Young (Allocation Failure) 6274M->3994M(6384M) 103.127ms
[5158.046s][info][gc,cpu         ] GC(1484) User=0.57s Sys=0.04s Real=0.11s
..[5159.950s][info][gc,start       ] GC(1485) Pause Young (Allocation Failure)
[5160.049s][info][gc,heap        ] GC(1485) PSYoungGen: 2612436K(2616320K)->155328K(2619392K) Eden: 2442752K(2442752K)->0K(2442752K) From: 169684K(173568K)->155328K(176640K)
[5160.049s][info][gc,heap        ] GC(1485) ParOldGen: 3920430K(3920896K)->4026926K(4027392K)
[5160.049s][info][gc,metaspace   ] GC(1485) Metaspace: 29098K(29376K)->29098K(29376K) NonClass: 25994K(26112K)->25994K(26112K) Class: 3103K(3264K)->3103K(3264K)
[5160.049s][info][gc             ] GC(1485) Pause Young (Allocation Failure) 6379M->4084M(6491M) 98.920ms
[5160.049s][info][gc,cpu         ] GC(1485) User=0.55s Sys=0.03s Real=0.10s
..[5161.855s][info][gc,start       ] GC(1486) Pause Young (Allocation Failure)
[5161.957s][info][gc,heap        ] GC(1486) PSYoungGen: 2598080K(2619392K)->162469K(2617856K) Eden: 2442752K(2442752K)->0K(2444288K) From: 155328K(176640K)->162469K(173568K)
[5161.957s][info][gc,heap        ] GC(1486) ParOldGen: 4026926K(4027392K)->4131246K(4131328K)
[5161.957s][info][gc,metaspace   ] GC(1486) Metaspace: 29098K(29376K)->29098K(29376K) NonClass: 25994K(26112K)->25994K(26112K) Class: 3103K(3264K)->3103K(3264K)
[5161.957s][info][gc             ] GC(1486) Pause Young (Allocation Failure) 6469M->4193M(6591M) 102.360ms
[5161.958s][info][gc,cpu         ] GC(1486) User=0.58s Sys=0.03s Real=0.10s
..[5163.820s][info][gc,start       ] GC(1487) Pause Young (Allocation Failure)
[5163.921s][info][gc,heap        ] GC(1487) PSYoungGen: 2606757K(2617856K)->161856K(2619392K) Eden: 2444288K(2444288K)->0K(2444288K) From: 162469K(173568K)->161856K(175104K)
[5163.921s][info][gc,heap        ] GC(1487) ParOldGen: 4131246K(4131328K)->4234830K(4235264K)
[5163.921s][info][gc,metaspace   ] GC(1487) Metaspace: 29098K(29376K)->29098K(29376K) NonClass: 25994K(26112K)->25994K(26112K) Class: 3103K(3264K)->3103K(3264K)
[5163.921s][info][gc             ] GC(1487) Pause Young (Allocation Failure) 6580M->4293M(6694M) 101.132ms
[5163.921s][info][gc,cpu         ] GC(1487) User=0.57s Sys=0.03s Real=0.10s
..[5165.730s][info][gc,start       ] GC(1488) Pause Young (Allocation Failure)
[5165.828s][info][gc,heap        ] GC(1488) PSYoungGen: 2606144K(2619392K)->151552K(2619904K) Eden: 2444288K(2444288K)->0K(2445824K) From: 161856K(175104K)->151552K(174080K)
[5165.828s][info][gc,heap        ] GC(1488) ParOldGen: 4234830K(4235264K)->4340262K(4340736K)
[5165.828s][info][gc,metaspace   ] GC(1488) Metaspace: 29098K(29376K)->29098K(29376K) NonClass: 25994K(26112K)->25994K(26112K) Class: 3103K(3264K)->3103K(3264K)
[5165.828s][info][gc             ] GC(1488) Pause Young (Allocation Failure) 6680M->4386M(6797M) 97.884ms
[5165.828s][info][gc,cpu         ] GC(1488) User=0.54s Sys=0.03s Real=0.10s
..[5167.770s][info][gc,start       ] GC(1489) Pause Young (Allocation Failure)
[5167.871s][info][gc,heap        ] GC(1489) PSYoungGen: 2597376K(2619904K)->163456K(2620416K) Eden: 2445824K(2445824K)->0K(2445824K) From: 151552K(174080K)->163456K(174592K)
[5167.871s][info][gc,heap        ] GC(1489) ParOldGen: 4340262K(4340736K)->4441310K(4441600K)
[5167.871s][info][gc,metaspace   ] GC(1489) Metaspace: 29098K(29376K)->29098K(29376K) NonClass: 25994K(26112K)->25994K(26112K) Class: 3103K(3264K)->3103K(3264K)
[5167.871s][info][gc             ] GC(1489) Pause Young (Allocation Failure) 6775M->4496M(6896M) 100.624ms
[5167.871s][info][gc,cpu         ] GC(1489) User=0.57s Sys=0.03s Real=0.10s
..[5169.636s][info][gc,start       ] GC(1490) Pause Young (Allocation Failure)
[5169.733s][info][gc,heap        ] GC(1490) PSYoungGen: 2609280K(2620416K)->146880K(2620928K) Eden: 2445824K(2445824K)->0K(2445824K) From: 163456K(174592K)->146880K(175104K)
[5169.733s][info][gc,heap        ] GC(1490) ParOldGen: 4441310K(4441600K)->4552062K(4552192K)
[5169.733s][info][gc,metaspace   ] GC(1490) Metaspace: 29098K(29376K)->29098K(29376K) NonClass: 25994K(26112K)->25994K(26112K) Class: 3103K(3264K)->3103K(3264K)
[5169.733s][info][gc             ] GC(1490) Pause Young (Allocation Failure) 6885M->4588M(7005M) 97.411ms
[5169.733s][info][gc,cpu         ] GC(1490) User=0.53s Sys=0.03s Real=0.10s
..[5171.618s][info][gc,start       ] GC(1491) Pause Young (Allocation Failure)
[5171.717s][info][gc,heap        ] GC(1491) PSYoungGen: 2592704K(2620928K)->157445K(2603520K) Eden: 2445824K(2445824K)->0K(2445824K) From: 146880K(175104K)->157445K(157696K)
[5171.717s][info][gc,heap        ] GC(1491) ParOldGen: 4552062K(4552192K)->4650694K(4651008K)
[5171.717s][info][gc,metaspace   ] GC(1491) Metaspace: 29098K(29376K)->29098K(29376K) NonClass: 25994K(26112K)->25994K(26112K) Class: 3103K(3264K)->3103K(3264K)
[5171.717s][info][gc             ] GC(1491) Pause Young (Allocation Failure) 6977M->4695M(7084M) 98.554ms
[5171.717s][info][gc,cpu         ] GC(1491) User=0.55s Sys=0.03s Real=0.10s
..[5173.593s][info][gc,start       ] GC(1492) Pause Young (Allocation Failure)
[5173.701s][info][gc,heap        ] GC(1492) PSYoungGen: 2603269K(2603520K)->171930K(2614272K) Eden: 2445824K(2445824K)->0K(2440704K) From: 157445K(157696K)->171930K(173568K)
[5173.701s][info][gc,heap        ] GC(1492) ParOldGen: 4650694K(4651008K)->4757526K(4758016K)
[5173.701s][info][gc,metaspace   ] GC(1492) Metaspace: 29098K(29376K)->29098K(29376K) NonClass: 25994K(26112K)->25994K(26112K) Class: 3103K(3264K)->3103K(3264K)
[5173.701s][info][gc             ] GC(1492) Pause Young (Allocation Failure) 7083M->4813M(7199M) 107.402ms
[5173.701s][info][gc,cpu         ] GC(1492) User=0.59s Sys=0.04s Real=0.10s
..[5175.492s][info][gc,start       ] GC(1493) Pause Young (Allocation Failure)
[5175.589s][info][gc,heap        ] GC(1493) PSYoungGen: 2612634K(2614272K)->152288K(2618368K) Eden: 2440704K(2440704K)->0K(2440704K) From: 171930K(173568K)->152288K(177664K)
[5175.589s][info][gc,heap        ] GC(1493) ParOldGen: 4757526K(4758016K)->4861902K(4861952K)
[5175.589s][info][gc,metaspace   ] GC(1493) Metaspace: 29098K(29376K)->29098K(29376K) NonClass: 25994K(26112K)->25994K(26112K) Class: 3103K(3264K)->3103K(3264K)
[5175.589s][info][gc             ] GC(1493) Pause Young (Allocation Failure) 7197M->4896M(7305M) 96.873ms
[5175.589s][info][gc,cpu         ] GC(1493) User=0.54s Sys=0.04s Real=0.10s
..[5177.510s][info][gc,start       ] GC(1494) Pause Young (Allocation Failure)
[5177.606s][info][gc,heap        ] GC(1494) PSYoungGen: 2592992K(2618368K)->152672K(2615296K) Eden: 2440704K(2440704K)->0K(2441728K) From: 152288K(177664K)->152672K(173568K)
[5177.606s][info][gc,heap        ] GC(1494) ParOldGen: 4861902K(4861952K)->4964982K(4965376K)
[5177.606s][info][gc,metaspace   ] GC(1494) Metaspace: 29098K(29376K)->29098K(29376K) NonClass: 25994K(26112K)->25994K(26112K) Class: 3103K(3264K)->3103K(3264K)
[5177.606s][info][gc             ] GC(1494) Pause Young (Allocation Failure) 7280M->4997M(7403M) 96.280ms
[5177.606s][info][gc,cpu         ] GC(1494) User=0.54s Sys=0.03s Real=0.10s
.[5179.390s][info][gc,start       ] GC(1495) Pause Young (Allocation Failure)
[5179.488s][info][gc,heap        ] GC(1495) PSYoungGen: 2594400K(2615296K)->149376K(2617344K) Eden: 2441728K(2441728K)->0K(2441728K) From: 152672K(173568K)->149376K(175616K)
[5179.488s][info][gc,heap        ] GC(1495) ParOldGen: 4964982K(4965376K)->5071150K(5071360K)
[5179.488s][info][gc,metaspace   ] GC(1495) Metaspace: 29098K(29376K)->29098K(29376K) NonClass: 25994K(26112K)->25994K(26112K) Class: 3103K(3264K)->3103K(3264K)
[5179.488s][info][gc             ] GC(1495) Pause Young (Allocation Failure) 7382M->5098M(7508M) 97.811ms
[5179.488s][info][gc,cpu         ] GC(1495) User=0.54s Sys=0.04s Real=0.10s
..[5181.322s][info][gc,start       ] GC(1496) Pause Young (Allocation Failure)
[5181.421s][info][gc,heap        ] GC(1496) PSYoungGen: 2591104K(2617344K)->150880K(2618368K) Eden: 2441728K(2441728K)->0K(2444800K) From: 149376K(175616K)->150880K(173568K)
[5181.421s][info][gc,heap        ] GC(1496) ParOldGen: 5071150K(5071360K)->5176286K(5176320K)
[5181.421s][info][gc,metaspace   ] GC(1496) Metaspace: 29098K(29376K)->29098K(29376K) NonClass: 25994K(26112K)->25994K(26112K) Class: 3103K(3264K)->3103K(3264K)
[5181.421s][info][gc             ] GC(1496) Pause Young (Allocation Failure) 7482M->5202M(7612M) 98.719ms
[5181.421s][info][gc,cpu         ] GC(1496) User=0.55s Sys=0.03s Real=0.10s
..[5183.170s][info][gc,start       ] GC(1497) Pause Young (Allocation Failure)
[5183.268s][info][gc,heap        ] GC(1497) PSYoungGen: 2595678K(2618368K)->150528K(2619392K) Eden: 2444798K(2444800K)->0K(2444800K) From: 150880K(173568K)->150528K(174592K)
[5183.268s][info][gc,heap        ] GC(1497) ParOldGen: 5176286K(5176320K)->5281366K(5281792K)
[5183.268s][info][gc,metaspace   ] GC(1497) Metaspace: 29098K(29376K)->29098K(29376K) NonClass: 25994K(26112K)->25994K(26112K) Class: 3103K(3264K)->3103K(3264K)
[5183.268s][info][gc             ] GC(1497) Pause Young (Allocation Failure) 7589M->5304M(7716M) 97.698ms
[5183.268s][info][gc,cpu         ] GC(1497) User=0.54s Sys=0.03s Real=0.10s
..[5185.073s][info][gc,start       ] GC(1498) Pause Young (Allocation Failure)
[5185.178s][info][gc,heap        ] GC(1498) PSYoungGen: 2595328K(2619392K)->166055K(2618368K) Eden: 2444800K(2444800K)->0K(2444800K) From: 150528K(174592K)->166055K(173568K)
[5185.178s][info][gc,heap        ] GC(1498) ParOldGen: 5281366K(5281792K)->5385950K(5386240K)
[5185.178s][info][gc,metaspace   ] GC(1498) Metaspace: 29098K(29376K)->29098K(29376K) NonClass: 25994K(26112K)->25994K(26112K) Class: 3103K(3264K)->3103K(3264K)
[5185.178s][info][gc             ] GC(1498) Pause Young (Allocation Failure) 7692M->5421M(7817M) 104.531ms
[5185.178s][info][gc,cpu         ] GC(1498) User=0.58s Sys=0.04s Real=0.10s
..[5187.054s][info][gc,start       ] GC(1499) Pause Young (Allocation Failure)
[5187.160s][info][gc,heap        ] GC(1499) PSYoungGen: 2610855K(2618368K)->171088K(2616320K) Eden: 2444800K(2444800K)->0K(2444800K) From: 166055K(173568K)->171088K(171520K)
[5187.160s][info][gc,heap        ] GC(1499) ParOldGen: 5385950K(5386240K)->5491062K(5491200K)
[5187.160s][info][gc,metaspace   ] GC(1499) Metaspace: 29098K(29376K)->29098K(29376K) NonClass: 25994K(26112K)->25994K(26112K) Class: 3103K(3264K)->3103K(3264K)
[5187.160s][info][gc             ] GC(1499) Pause Young (Allocation Failure) 7809M->5529M(7917M) 105.657ms
[5187.160s][info][gc,cpu         ] GC(1499) User=0.60s Sys=0.03s Real=0.10s
..[5188.944s][info][gc,start       ] GC(1500) Pause Full (Allocation Failure)
[5188.944s][info][gc,phases,start] GC(1500) Marking Phase
[5189.264s][info][gc,phases      ] GC(1500) Marking Phase 319.759ms
[5189.264s][info][gc,phases,start] GC(1500) Summary Phase
[5189.264s][info][gc,phases      ] GC(1500) Summary Phase 0.099ms
[5189.264s][info][gc,phases,start] GC(1500) Forward
[5189.399s][info][gc,phases      ] GC(1500) Forward 134.795ms
[5189.399s][info][gc,phases,start] GC(1500) Adjust Pointers
[5189.612s][info][gc,phases      ] GC(1500) Adjust Pointers 213.002ms
[5189.612s][info][gc,phases,start] GC(1500) Compaction Phase
[5189.761s][info][gc,phases      ] GC(1500) Compaction Phase 149.102ms
[5189.762s][info][gc,phases,start] GC(1500) Post Compact
[5189.769s][info][gc,phases      ] GC(1500) Post Compact 6.846ms
[5189.888s][info][gc,heap        ] GC(1500) PSYoungGen: 2615888K(2616320K)->0K(2616832K) Eden: 2444800K(2444800K)->0K(2437632K) From: 171088K(171520K)->0K(179200K)
[5189.888s][info][gc,heap        ] GC(1500) ParOldGen: 5491062K(5491200K)->1615367K(1978368K)
[5189.888s][info][gc,metaspace   ] GC(1500) Metaspace: 29098K(29376K)->29098K(29376K) NonClass: 25994K(26112K)->25994K(26112K) Class: 3103K(3264K)->3103K(3264K)
[5189.888s][info][gc             ] GC(1500) Pause Full (Allocation Failure) 7916M->1577M(4487M) 944.149ms
[5189.888s][info][gc,cpu         ] GC(1500) User=4.41s Sys=0.12s Real=0.94s
..[5191.135s][info][gc,start       ] GC(1501) Pause Young (Allocation Failure)
[5191.209s][info][gc,heap        ] GC(1501) PSYoungGen: 2437632K(2616832K)->179168K(2616832K) Eden: 2437632K(2437632K)->0K(2437632K) From: 0K(179200K)->179168K(179200K)
[5191.209s][info][gc,heap        ] GC(1501) ParOldGen: 1615367K(1978368K)->1617663K(1978368K)
[5191.209s][info][gc,metaspace   ] GC(1501) Metaspace: 29098K(29376K)->29098K(29376K) NonClass: 25994K(26112K)->25994K(26112K) Class: 3103K(3264K)->3103K(3264K)
[5191.209s][info][gc             ] GC(1501) Pause Young (Allocation Failure) 3958M->1754M(4487M) 74.232ms
[5191.209s][info][gc,cpu         ] GC(1501) User=0.44s Sys=0.00s Real=0.07s
.[5192.897s][info][gc,start       ] GC(1502) Pause Young (Allocation Failure)
[5192.994s][info][gc,heap        ] GC(1502) PSYoungGen: 2616800K(2616832K)->169653K(2601472K) Eden: 2437632K(2437632K)->0K(2422272K) From: 179168K(179200K)->169653K(179200K)
[5192.994s][info][gc,heap        ] GC(1502) ParOldGen: 1617663K(1978368K)->1719791K(1978368K)
[5192.994s][info][gc,metaspace   ] GC(1502) Metaspace: 29098K(29376K)->29098K(29376K) NonClass: 25994K(26112K)->25994K(26112K) Class: 3103K(3264K)->3103K(3264K)
[5192.994s][info][gc             ] GC(1502) Pause Young (Allocation Failure) 4135M->1845M(4472M) 96.833ms
[5192.994s][info][gc,cpu         ] GC(1502) User=0.57s Sys=0.00s Real=0.10s
..[5194.880s][info][gc,start       ] GC(1503) Pause Young (Allocation Failure)
[5194.971s][info][gc,heap        ] GC(1503) PSYoungGen: 2591925K(2601472K)->152544K(2609152K) Eden: 2422272K(2422272K)->0K(2422272K) From: 169653K(179200K)->152544K(186880K)
[5194.971s][info][gc,heap        ] GC(1503) ParOldGen: 1719791K(1978368K)->1826799K(1978368K)
[5194.971s][info][gc,metaspace   ] GC(1503) Metaspace: 29098K(29376K)->29098K(29376K) NonClass: 25994K(26112K)->25994K(26112K) Class: 3103K(3264K)->3103K(3264K)
[5194.971s][info][gc             ] GC(1503) Pause Young (Allocation Failure) 4210M->1932M(4480M) 91.256ms
[5194.971s][info][gc,cpu         ] GC(1503) User=0.54s Sys=0.00s Real=0.09s
..[5196.759s][info][gc,start       ] GC(1504) Pause Young (Allocation Failure)
[5196.850s][info][gc,heap        ] GC(1504) PSYoungGen: 2574816K(2609152K)->155296K(2605056K) Eden: 2422272K(2422272K)->0K(2423296K) From: 152544K(186880K)->155296K(181760K)
[5196.850s][info][gc,heap        ] GC(1504) ParOldGen: 1826799K(1978368K)->1929127K(1978368K)
[5196.850s][info][gc,metaspace   ] GC(1504) Metaspace: 29098K(29376K)->29098K(29376K) NonClass: 25994K(26112K)->25994K(26112K) Class: 3103K(3264K)->3103K(3264K)
[5196.850s][info][gc             ] GC(1504) Pause Young (Allocation Failure) 4298M->2035M(4476M) 91.429ms
[5196.850s][info][gc,cpu         ] GC(1504) User=0.53s Sys=0.00s Real=0.09s
..[5198.724s][info][gc,start       ] GC(1505) Pause Young (Allocation Failure)
[5198.817s][info][gc,heap        ] GC(1505) PSYoungGen: 2578592K(2605056K)->154995K(2607616K) Eden: 2423296K(2423296K)->0K(2423296K) From: 155296K(181760K)->154995K(184320K)
[5198.817s][info][gc,heap        ] GC(1505) ParOldGen: 1929127K(1978368K)->2031647K(2032128K)
[5198.817s][info][gc,metaspace   ] GC(1505) Metaspace: 29098K(29376K)->29098K(29376K) NonClass: 25994K(26112K)->25994K(26112K) Class: 3103K(3264K)->3103K(3264K)
[5198.817s][info][gc             ] GC(1505) Pause Young (Allocation Failure) 4402M->2135M(4531M) 93.488ms
[5198.817s][info][gc,cpu         ] GC(1505) User=0.53s Sys=0.02s Real=0.09s
..[5200.642s][info][gc,start       ] GC(1506) Pause Young (Allocation Failure)
[5200.742s][info][gc,heap        ] GC(1506) PSYoungGen: 2578291K(2607616K)->163669K(2610176K) Eden: 2423296K(2423296K)->0K(2429440K) From: 154995K(184320K)->163669K(180736K)
[5200.742s][info][gc,heap        ] GC(1506) ParOldGen: 2031647K(2032128K)->2136783K(2137088K)
[5200.742s][info][gc,metaspace   ] GC(1506) Metaspace: 29098K(29376K)->29098K(29376K) NonClass: 25994K(26112K)->25994K(26112K) Class: 3103K(3264K)->3103K(3264K)
[5200.742s][info][gc             ] GC(1506) Pause Young (Allocation Failure) 4501M->2246M(4636M) 99.683ms
[5200.742s][info][gc,cpu         ] GC(1506) User=0.55s Sys=0.03s Real=0.10s
..[5202.633s][info][gc,start       ] GC(1507) Pause Young (Allocation Failure)
[5202.728s][info][gc,heap        ] GC(1507) PSYoungGen: 2593109K(2610176K)->154656K(2611200K) Eden: 2429440K(2429440K)->0K(2429440K) From: 163669K(180736K)->154656K(181760K)
[5202.728s][info][gc,heap        ] GC(1507) ParOldGen: 2136783K(2137088K)->2240519K(2241024K)
[5202.728s][info][gc,metaspace   ] GC(1507) Metaspace: 29098K(29376K)->29098K(29376K) NonClass: 25994K(26112K)->25994K(26112K) Class: 3103K(3264K)->3103K(3264K)
[5202.728s][info][gc             ] GC(1507) Pause Young (Allocation Failure) 4619M->2339M(4738M) 95.174ms
[5202.728s][info][gc,cpu         ] GC(1507) User=0.52s Sys=0.03s Real=0.10s
..[5204.545s][info][gc,start       ] GC(1508) Pause Young (Allocation Failure)
[5204.642s][info][gc,heap        ] GC(1508) PSYoungGen: 2584096K(2611200K)->160740K(2610176K) Eden: 2429440K(2429440K)->0K(2433536K) From: 154656K(181760K)->160740K(176640K)
[5204.642s][info][gc,heap        ] GC(1508) ParOldGen: 2240519K(2241024K)->2343663K(2343936K)
[5204.642s][info][gc,metaspace   ] GC(1508) Metaspace: 29098K(29376K)->29098K(29376K) NonClass: 25994K(26112K)->25994K(26112K) Class: 3103K(3264K)->3103K(3264K)
[5204.642s][info][gc             ] GC(1508) Pause Young (Allocation Failure) 4711M->2445M(4838M) 97.321ms
[5204.642s][info][gc,cpu         ] GC(1508) User=0.54s Sys=0.03s Real=0.09s
..[5206.442s][info][gc,start       ] GC(1509) Pause Young (Allocation Failure)
[5206.539s][info][gc,heap        ] GC(1509) PSYoungGen: 2594276K(2610176K)->151333K(2612224K) Eden: 2433536K(2433536K)->0K(2433536K) From: 160740K(176640K)->151333K(178688K)
[5206.539s][info][gc,heap        ] GC(1509) ParOldGen: 2343663K(2343936K)->2451783K(2451968K)
[5206.539s][info][gc,metaspace   ] GC(1509) Metaspace: 29098K(29376K)->29098K(29376K) NonClass: 25994K(26112K)->25994K(26112K) Class: 3103K(3264K)->3103K(3264K)
[5206.539s][info][gc             ] GC(1509) Pause Young (Allocation Failure) 4822M->2542M(4945M) 97.624ms
[5206.540s][info][gc,cpu         ] GC(1509) User=0.54s Sys=0.04s Real=0.10s
..[5208.433s][info][gc,start       ] GC(1510) Pause Young (Allocation Failure)
[5208.533s][info][gc,heap        ] GC(1510) PSYoungGen: 2584869K(2612224K)->161908K(2615808K) Eden: 2433536K(2433536K)->0K(2439168K) From: 151333K(178688K)->161908K(176640K)
[5208.533s][info][gc,heap        ] GC(1510) ParOldGen: 2451783K(2451968K)->2552951K(2553344K)
[5208.533s][info][gc,metaspace   ] GC(1510) Metaspace: 29098K(29376K)->29098K(29376K) NonClass: 25994K(26112K)->25994K(26112K) Class: 3103K(3264K)->3103K(3264K)
[5208.533s][info][gc             ] GC(1510) Pause Young (Allocation Failure) 4918M->2651M(5048M) 99.526ms
[5208.533s][info][gc,cpu         ] GC(1510) User=0.55s Sys=0.04s Real=0.09s
.. (rIR:aIR:PR = 8856:8866:8866) (tPR = 130811) [OK] 
  5210s: Performance info:
         Transaction,    Success,    Partial,     Failed,   Receipts, AvgBarcode, 
             Overall,     532413,          0,          0,     505799,      59.48, 
         Response times:
             Request,    Success,    Partial,     Failed,   SkipFail,     Probes,    Samples,      min,      p50,      p90,      p95,      p99,      max, 
       TotalPurchase,     505798,          0,          0,          0,     351111,     409699,      300,     6100,    42000,    83000,   243000,  1200000,
     InStorePurchase,     267910,          0,          0,          0,     184188,     215148,      300,     6200,    42000,    83000,   245000,  1100000,
      OnlinePurchase,     185200,          0,          0,          0,     129847,     151032,      300,     6000,    42000,    83000,   238000,  1200000,
        InstPurchase,      52688,          0,          0,          0,      37076,      43519,      300,     5700,    39000,    83000,   236800,  1200000,
          AssocOfCat,        533,          0,          0,          0,        430,        612,    22000,    42000,    86000,   143350,   289000,   365000,
      AssocOfProduct,       5226,          0,          0,          0,       3760,       4557,      400,     5200,    40000,    79200,   245680,  1100000,
      BusinessReport,       1323,          0,          0,          0,       1139,       1441,    27000,    46000,    96000,   158900,   314000,   421000,
          CustBuyBeh,       5314,          0,          0,          0,       3723,       4526,      200,     6300,    43000,    67000,   256000,   394000,
       ProductReturn,      14217,          0,          0,          0,       9687,      11633,      200,     7500,    52000,    93000,   242000,  1100000,

  5210s: (65%)   IR =   8994 [5210.420s][info][gc,start       ] GC(1511) Pause Young (Allocation Failure)
[5210.518s][info][gc,heap        ] GC(1511) PSYoungGen: 2601076K(2615808K)->158382K(2616832K) Eden: 2439168K(2439168K)->0K(2439168K) From: 161908K(176640K)->158382K(177664K)
[5210.518s][info][gc,heap        ] GC(1511) ParOldGen: 2552951K(2553344K)->2655847K(2656256K)
[5210.518s][info][gc,metaspace   ] GC(1511) Metaspace: 29098K(29376K)->29098K(29376K) NonClass: 25994K(26112K)->25994K(26112K) Class: 3103K(3264K)->3103K(3264K)
[5210.518s][info][gc             ] GC(1511) Pause Young (Allocation Failure) 5033M->2748M(5149M) 98.148ms
[5210.518s][info][gc,cpu         ] GC(1511) User=0.55s Sys=0.03s Real=0.10s
..[5212.276s][info][gc,start       ] GC(1512) Pause Young (Allocation Failure)
[5212.374s][info][gc,heap        ] GC(1512) PSYoungGen: 2597550K(2616832K)->156728K(2615808K) Eden: 2439168K(2439168K)->0K(2442240K) From: 158382K(177664K)->156728K(173568K)
[5212.374s][info][gc,heap        ] GC(1512) ParOldGen: 2655847K(2656256K)->2764911K(2765312K)
[5212.374s][info][gc,metaspace   ] GC(1512) Metaspace: 29098K(29376K)->29098K(29376K) NonClass: 25994K(26112K)->25994K(26112K) Class: 3103K(3264K)->3103K(3264K)
[5212.374s][info][gc             ] GC(1512) Pause Young (Allocation Failure) 5130M->2853M(5255M) 98.441ms
[5212.374s][info][gc,cpu         ] GC(1512) User=0.55s Sys=0.04s Real=0.10s
.[5214.149s][info][gc,start       ] GC(1513) Pause Young (Allocation Failure)
[5214.247s][info][gc,heap        ] GC(1513) PSYoungGen: 2598968K(2615808K)->160608K(2616832K) Eden: 2442240K(2442240K)->0K(2442240K) From: 156728K(173568K)->160608K(174592K)
[5214.247s][info][gc,heap        ] GC(1513) ParOldGen: 2764911K(2765312K)->2868695K(2868736K)
[5214.247s][info][gc,metaspace   ] GC(1513) Metaspace: 29098K(29376K)->29098K(29376K) NonClass: 25994K(26112K)->25994K(26112K) Class: 3103K(3264K)->3103K(3264K)
[5214.247s][info][gc             ] GC(1513) Pause Young (Allocation Failure) 5238M->2958M(5357M) 97.815ms
[5214.247s][info][gc,cpu         ] GC(1513) User=0.55s Sys=0.03s Real=0.10s
..[5216.145s][info][gc,start       ] GC(1514) Pause Young (Allocation Failure)
[5216.249s][info][gc,heap        ] GC(1514) PSYoungGen: 2602848K(2616832K)->172500K(2615296K) Eden: 2442240K(2442240K)->0K(2441728K) From: 160608K(174592K)->172500K(173568K)
[5216.249s][info][gc,heap        ] GC(1514) ParOldGen: 2868695K(2868736K)->2971831K(2972160K)
[5216.249s][info][gc,metaspace   ] GC(1514) Metaspace: 29098K(29376K)->29098K(29376K) NonClass: 25994K(26112K)->25994K(26112K) Class: 3103K(3264K)->3103K(3264K)
[5216.249s][info][gc             ] GC(1514) Pause Young (Allocation Failure) 5343M->3070M(5456M) 104.558ms
[5216.249s][info][gc,cpu         ] GC(1514) User=0.58s Sys=0.03s Real=0.10s
..[5218.084s][info][gc,start       ] GC(1515) Pause Young (Allocation Failure)
[5218.183s][info][gc,heap        ] GC(1515) PSYoungGen: 2614228K(2615296K)->156448K(2618880K) Eden: 2441728K(2441728K)->0K(2441728K) From: 172500K(173568K)->156448K(177152K)
[5218.183s][info][gc,heap        ] GC(1515) ParOldGen: 2971831K(2972160K)->3078743K(3079168K)
[5218.183s][info][gc,metaspace   ] GC(1515) Metaspace: 29098K(29376K)->29098K(29376K) NonClass: 25994K(26112K)->25994K(26112K) Class: 3103K(3264K)->3103K(3264K)
[5218.183s][info][gc             ] GC(1515) Pause Young (Allocation Failure) 5455M->3159M(5564M) 98.790ms
[5218.183s][info][gc,cpu         ] GC(1515) User=0.53s Sys=0.04s Real=0.09s
.|.[5219.952s][info][gc,start       ] GC(1516) Pause Young (Allocation Failure)
[5220.054s][info][gc,heap        ] GC(1516) PSYoungGen: 2598176K(2618880K)->164548K(2618880K) Eden: 2441728K(2441728K)->0K(2442752K) From: 156448K(177152K)->164548K(176128K)
[5220.054s][info][gc,heap        ] GC(1516) ParOldGen: 3078743K(3079168K)->3181463K(3181568K)
[5220.054s][info][gc,metaspace   ] GC(1516) Metaspace: 29098K(29376K)->29098K(29376K) NonClass: 25994K(26112K)->25994K(26112K) Class: 3103K(3264K)->3103K(3264K)
[5220.054s][info][gc             ] GC(1516) Pause Young (Allocation Failure) 5543M->3267M(5664M) 102.366ms
[5220.055s][info][gc,cpu         ] GC(1516) User=0.57s Sys=0.03s Real=0.11s
..[5222.026s][info][gc,start       ] GC(1517) Pause Young (Allocation Failure)
[5222.125s][info][gc,heap        ] GC(1517) PSYoungGen: 2607300K(2618880K)->158656K(2601472K) Eden: 2442752K(2442752K)->0K(2442752K) From: 164548K(176128K)->158656K(158720K)
[5222.125s][info][gc,heap        ] GC(1517) ParOldGen: 3181463K(3181568K)->3285839K(3286016K)
[5222.125s][info][gc,metaspace   ] GC(1517) Metaspace: 29098K(29376K)->29098K(29376K) NonClass: 25994K(26112K)->25994K(26112K) Class: 3103K(3264K)->3103K(3264K)
[5222.125s][info][gc             ] GC(1517) Pause Young (Allocation Failure) 5653M->3363M(5749M) 99.097ms
[5222.125s][info][gc,cpu         ] GC(1517) User=0.54s Sys=0.04s Real=0.10s
..[5223.964s][info][gc,start       ] GC(1518) Pause Young (Allocation Failure)
[5224.062s][info][gc,heap        ] GC(1518) PSYoungGen: 2601408K(2601472K)->151872K(2618368K) Eden: 2442752K(2442752K)->0K(2443264K) From: 158656K(158720K)->151872K(175104K)
[5224.062s][info][gc,heap        ] GC(1518) ParOldGen: 3285839K(3286016K)->3393175K(3393536K)
[5224.062s][info][gc,metaspace   ] GC(1518) Metaspace: 29098K(29376K)->29098K(29376K) NonClass: 25994K(26112K)->25994K(26112K) Class: 3103K(3264K)->3103K(3264K)
[5224.062s][info][gc             ] GC(1518) Pause Young (Allocation Failure) 5749M->3461M(5871M) 97.829ms
[5224.062s][info][gc,cpu         ] GC(1518) User=0.55s Sys=0.03s Real=0.09s
..[5225.875s][info][gc,start       ] GC(1519) Pause Young (Allocation Failure)
[5225.973s][info][gc,heap        ] GC(1519) PSYoungGen: 2595136K(2618368K)->161888K(2618368K) Eden: 2443264K(2443264K)->0K(2443264K) From: 151872K(175104K)->161888K(175104K)
[5225.973s][info][gc,heap        ] GC(1519) ParOldGen: 3393175K(3393536K)->3493559K(3493888K)
[5225.973s][info][gc,metaspace   ] GC(1519) Metaspace: 29098K(29376K)->29098K(29376K) NonClass: 25994K(26112K)->25994K(26112K) Class: 3103K(3264K)->3103K(3264K)
[5225.973s][info][gc             ] GC(1519) Pause Young (Allocation Failure) 5847M->3569M(5969M) 97.843ms
[5225.973s][info][gc,cpu         ] GC(1519) User=0.54s Sys=0.04s Real=0.09s
..[5227.812s][info][gc,start       ] GC(1520) Pause Young (Allocation Failure)
[5227.911s][info][gc,heap        ] GC(1520) PSYoungGen: 2605152K(2618368K)->159072K(2618368K) Eden: 2443264K(2443264K)->0K(2446336K) From: 161888K(175104K)->159072K(172032K)
[5227.911s][info][gc,heap        ] GC(1520) ParOldGen: 3493559K(3493888K)->3598239K(3598336K)
[5227.911s][info][gc,metaspace   ] GC(1520) Metaspace: 29098K(29376K)->29098K(29376K) NonClass: 25994K(26112K)->25994K(26112K) Class: 3103K(3264K)->3103K(3264K)
[5227.911s][info][gc             ] GC(1520) Pause Young (Allocation Failure) 5955M->3669M(6071M) 98.939ms
[5227.911s][info][gc,cpu         ] GC(1520) User=0.56s Sys=0.02s Real=0.10s
..[5229.699s][info][gc,start       ] GC(1521) Pause Young (Allocation Failure)
[5229.799s][info][gc,heap        ] GC(1521) PSYoungGen: 2605408K(2618368K)->161504K(2619392K) Eden: 2446336K(2446336K)->0K(2446336K) From: 159072K(172032K)->161504K(173056K)
[5229.799s][info][gc,heap        ] GC(1521) ParOldGen: 3598239K(3598336K)->3704935K(3705344K)
[5229.799s][info][gc,metaspace   ] GC(1521) Metaspace: 29098K(29376K)->29098K(29376K) NonClass: 25994K(26112K)->25994K(26112K) Class: 3103K(3264K)->3103K(3264K)
[5229.799s][info][gc             ] GC(1521) Pause Young (Allocation Failure) 6058M->3775M(6176M) 100.734ms
[5229.800s][info][gc,cpu         ] GC(1521) User=0.56s Sys=0.03s Real=0.10s
..[5231.560s][info][gc,start       ] GC(1522) Pause Young (Allocation Failure)
[5231.657s][info][gc,heap        ] GC(1522) PSYoungGen: 2607840K(2619392K)->152916K(2622464K) Eden: 2446336K(2446336K)->0K(2450432K) From: 161504K(173056K)->152916K(172032K)
[5231.657s][info][gc,heap        ] GC(1522) ParOldGen: 3704935K(3705344K)->3810095K(3810304K)
[5231.658s][info][gc,metaspace   ] GC(1522) Metaspace: 29098K(29376K)->29098K(29376K) NonClass: 25994K(26112K)->25994K(26112K) Class: 3103K(3264K)->3103K(3264K)
[5231.658s][info][gc             ] GC(1522) Pause Young (Allocation Failure) 6164M->3870M(6282M) 97.276ms
[5231.658s][info][gc,cpu         ] GC(1522) User=0.54s Sys=0.03s Real=0.10s
..[5233.494s][info][gc,start       ] GC(1523) Pause Young (Allocation Failure)
[5233.593s][info][gc,heap        ] GC(1523) PSYoungGen: 2603348K(2622464K)->153376K(2622976K) Eden: 2450432K(2450432K)->0K(2450432K) From: 152916K(172032K)->153376K(172544K)
[5233.593s][info][gc,heap        ] GC(1523) ParOldGen: 3810095K(3810304K)->3914559K(3914752K)
[5233.593s][info][gc,metaspace   ] GC(1523) Metaspace: 29098K(29376K)->29098K(29376K) NonClass: 25994K(26112K)->25994K(26112K) Class: 3103K(3264K)->3103K(3264K)
[5233.593s][info][gc             ] GC(1523) Pause Young (Allocation Failure) 6263M->3972M(6384M) 99.113ms
[5233.593s][info][gc,cpu         ] GC(1523) User=0.56s Sys=0.03s Real=0.10s
..[5235.474s][info][gc,start       ] GC(1524) Pause Young (Allocation Failure)
[5235.570s][info][gc,heap        ] GC(1524) PSYoungGen: 2603808K(2622976K)->154016K(2622464K) Eden: 2450432K(2450432K)->0K(2451456K) From: 153376K(172544K)->154016K(171008K)
[5235.570s][info][gc,heap        ] GC(1524) ParOldGen: 3914559K(3914752K)->4018055K(4018176K)
[5235.570s][info][gc,metaspace   ] GC(1524) Metaspace: 29098K(29376K)->29098K(29376K) NonClass: 25994K(26112K)->25994K(26112K) Class: 3103K(3264K)->3103K(3264K)
[5235.570s][info][gc             ] GC(1524) Pause Young (Allocation Failure) 6365M->4074M(6485M) 95.637ms
[5235.570s][info][gc,cpu         ] GC(1524) User=0.53s Sys=0.03s Real=0.09s
.[5237.373s][info][gc,start       ] GC(1525) Pause Young (Allocation Failure)
[5237.470s][info][gc,heap        ] GC(1525) PSYoungGen: 2605472K(2622464K)->150784K(2622976K) Eden: 2451456K(2451456K)->0K(2451456K) From: 154016K(171008K)->150784K(171520K)
[5237.470s][info][gc,heap        ] GC(1525) ParOldGen: 4018055K(4018176K)->4124575K(4124672K)
[5237.470s][info][gc,metaspace   ] GC(1525) Metaspace: 29098K(29376K)->29098K(29376K) NonClass: 25994K(26112K)->25994K(26112K) Class: 3103K(3264K)->3103K(3264K)
[5237.470s][info][gc             ] GC(1525) Pause Young (Allocation Failure) 6468M->4175M(6589M) 97.466ms
[5237.470s][info][gc,cpu         ] GC(1525) User=0.53s Sys=0.03s Real=0.10s
..[5239.394s][info][gc,start       ] GC(1526) Pause Young (Allocation Failure)
[5239.495s][info][gc,heap        ] GC(1526) PSYoungGen: 2602240K(2622976K)->158496K(2622464K) Eden: 2451456K(2451456K)->0K(2452992K) From: 150784K(171520K)->158496K(169472K)
[5239.495s][info][gc,heap        ] GC(1526) ParOldGen: 4124575K(4124672K)->4229343K(4229632K)
[5239.495s][info][gc,metaspace   ] GC(1526) Metaspace: 29098K(29376K)->29098K(29376K) NonClass: 25994K(26112K)->25994K(26112K) Class: 3103K(3264K)->3103K(3264K)
[5239.495s][info][gc             ] GC(1526) Pause Young (Allocation Failure) 6569M->4284M(6691M) 101.164ms
[5239.496s][info][gc,cpu         ] GC(1526) User=0.56s Sys=0.04s Real=0.10s
..[5241.279s][info][gc,start       ] GC(1527) Pause Young (Allocation Failure)
[5241.376s][info][gc,heap        ] GC(1527) PSYoungGen: 2611488K(2622464K)->152160K(2623488K) Eden: 2452992K(2452992K)->0K(2452992K) From: 158496K(169472K)->152160K(170496K)
[5241.376s][info][gc,heap        ] GC(1527) ParOldGen: 4229343K(4229632K)->4333391K(4333568K)
[5241.376s][info][gc,metaspace   ] GC(1527) Metaspace: 29098K(29376K)->29098K(29376K) NonClass: 25994K(26112K)->25994K(26112K) Class: 3103K(3264K)->3103K(3264K)
[5241.376s][info][gc             ] GC(1527) Pause Young (Allocation Failure) 6680M->4380M(6794M) 97.362ms
[5241.376s][info][gc,cpu         ] GC(1527) User=0.53s Sys=0.04s Real=0.10s
..[5243.232s][info][gc,start       ] GC(1528) Pause Young (Allocation Failure)
[5243.332s][info][gc,heap        ] GC(1528) PSYoungGen: 2605152K(2623488K)->155719K(2622976K) Eden: 2452992K(2452992K)->0K(2455552K) From: 152160K(170496K)->155719K(167424K)
[5243.332s][info][gc,heap        ] GC(1528) ParOldGen: 4333391K(4333568K)->4438495K(4438528K)
[5243.332s][info][gc,metaspace   ] GC(1528) Metaspace: 29098K(29376K)->29098K(29376K) NonClass: 25994K(26112K)->25994K(26112K) Class: 3103K(3264K)->3103K(3264K)
[5243.332s][info][gc             ] GC(1528) Pause Young (Allocation Failure) 6775M->4486M(6896M) 99.585ms
[5243.332s][info][gc,cpu         ] GC(1528) User=0.56s Sys=0.03s Real=0.10s
..[5245.171s][info][gc,start       ] GC(1529) Pause Young (Allocation Failure)
[5245.272s][info][gc,heap        ] GC(1529) PSYoungGen: 2611271K(2622976K)->156674K(2624512K) Eden: 2455552K(2455552K)->0K(2455552K) From: 155719K(167424K)->156674K(168960K)
[5245.272s][info][gc,heap        ] GC(1529) ParOldGen: 4438495K(4438528K)->4543367K(4543488K)
[5245.272s][info][gc,metaspace   ] GC(1529) Metaspace: 29098K(29376K)->29098K(29376K) NonClass: 25994K(26112K)->25994K(26112K) Class: 3103K(3264K)->3103K(3264K)
[5245.272s][info][gc             ] GC(1529) Pause Young (Allocation Failure) 6884M->4589M(7000M) 101.006ms
[5245.272s][info][gc,cpu         ] GC(1529) User=0.57s Sys=0.02s Real=0.10s
..[5247.115s][info][gc,start       ] GC(1530) Pause Young (Allocation Failure)
[5247.221s][info][gc,heap        ] GC(1530) PSYoungGen: 2612226K(2624512K)->167920K(2543104K) Eden: 2455552K(2455552K)->0K(2375168K) From: 156674K(168960K)->167920K(167936K)
[5247.221s][info][gc,heap        ] GC(1530) ParOldGen: 4543367K(4543488K)->4650959K(4651008K)
[5247.221s][info][gc,metaspace   ] GC(1530) Metaspace: 29098K(29376K)->29098K(29376K) NonClass: 25994K(26112K)->25994K(26112K) Class: 3103K(3264K)->3103K(3264K)
[5247.221s][info][gc             ] GC(1530) Pause Young (Allocation Failure) 6987M->4705M(7025M) 106.346ms
[5247.221s][info][gc,cpu         ] GC(1530) User=0.59s Sys=0.03s Real=0.10s
..[5248.941s][info][gc,start       ] GC(1531) Pause Young (Allocation Failure)
[5249.039s][info][gc,heap        ] GC(1531) PSYoungGen: 2543088K(2543104K)->158112K(2585600K) Eden: 2375168K(2375168K)->0K(2375168K) From: 167920K(167936K)->158112K(210432K)
[5249.039s][info][gc,heap        ] GC(1531) ParOldGen: 4650959K(4651008K)->4754351K(4754432K)
[5249.039s][info][gc,metaspace   ] GC(1531) Metaspace: 29098K(29376K)->29098K(29376K) NonClass: 25994K(26112K)->25994K(26112K) Class: 3103K(3264K)->3103K(3264K)
[5249.039s][info][gc             ] GC(1531) Pause Young (Allocation Failure) 7025M->4797M(7168M) 97.874ms
[5249.039s][info][gc,cpu         ] GC(1531) User=0.53s Sys=0.04s Real=0.10s
..[5250.848s][info][gc,start       ] GC(1532) Pause Young (Allocation Failure)
[5250.950s][info][gc,heap        ] GC(1532) PSYoungGen: 2533280K(2585600K)->164485K(2576384K) Eden: 2375168K(2375168K)->0K(2377216K) From: 158112K(210432K)->164485K(199168K)
[5250.950s][info][gc,heap        ] GC(1532) ParOldGen: 4754351K(4754432K)->4856335K(4856832K)
[5250.950s][info][gc,metaspace   ] GC(1532) Metaspace: 29098K(29376K)->29098K(29376K) NonClass: 25994K(26112K)->25994K(26112K) Class: 3103K(3264K)->3103K(3264K)
[5250.950s][info][gc             ] GC(1532) Pause Young (Allocation Failure) 7116M->4903M(7259M) 102.717ms
[5250.951s][info][gc,cpu         ] GC(1532) User=0.58s Sys=0.02s Real=0.10s
..[5252.625s][info][gc,start       ] GC(1533) Pause Young (Allocation Failure)
[5252.725s][info][gc,heap        ] GC(1533) PSYoungGen: 2541701K(2576384K)->155960K(2582016K) Eden: 2377216K(2377216K)->0K(2377216K) From: 164485K(199168K)->155960K(204800K)
[5252.725s][info][gc,heap        ] GC(1533) ParOldGen: 4856335K(4856832K)->4960503K(4960768K)
[5252.725s][info][gc,metaspace   ] GC(1533) Metaspace: 29098K(29376K)->29098K(29376K) NonClass: 25994K(26112K)->25994K(26112K) Class: 3103K(3264K)->3103K(3264K)
[5252.725s][info][gc             ] GC(1533) Pause Young (Allocation Failure) 7224M->4996M(7366M) 100.729ms
[5252.725s][info][gc,cpu         ] GC(1533) User=0.55s Sys=0.04s Real=0.10s
.[5254.506s][info][gc,start       ] GC(1534) Pause Young (Allocation Failure)
[5254.606s][info][gc,heap        ] GC(1534) PSYoungGen: 2533176K(2582016K)->158276K(2585088K) Eden: 2377216K(2377216K)->0K(2388480K) From: 155960K(204800K)->158276K(196608K)
[5254.606s][info][gc,heap        ] GC(1534) ParOldGen: 4960503K(4960768K)->5062319K(5062656K)
[5254.606s][info][gc,metaspace   ] GC(1534) Metaspace: 29098K(29376K)->29098K(29376K) NonClass: 25994K(26112K)->25994K(26112K) Class: 3103K(3264K)->3103K(3264K)
[5254.606s][info][gc             ] GC(1534) Pause Young (Allocation Failure) 7318M->5098M(7468M) 99.902ms
[5254.606s][info][gc,cpu         ] GC(1534) User=0.56s Sys=0.02s Real=0.10s
..[5256.301s][info][gc,start       ] GC(1535) Pause Young (Allocation Failure)
[5256.399s][info][gc,heap        ] GC(1535) PSYoungGen: 2546756K(2585088K)->151184K(2589184K) Eden: 2388480K(2388480K)->0K(2388480K) From: 158276K(196608K)->151184K(200704K)
[5256.399s][info][gc,heap        ] GC(1535) ParOldGen: 5062319K(5062656K)->5168343K(5168640K)
[5256.399s][info][gc,metaspace   ] GC(1535) Metaspace: 29098K(29376K)->29098K(29376K) NonClass: 25994K(26112K)->25994K(26112K) Class: 3103K(3264K)->3103K(3264K)
[5256.399s][info][gc             ] GC(1535) Pause Young (Allocation Failure) 7430M->5194M(7576M) 97.449ms
[5256.399s][info][gc,cpu         ] GC(1535) User=0.54s Sys=0.03s Real=0.10s
..[5258.137s][info][gc,start       ] GC(1536) Pause Young (Allocation Failure)
[5258.237s][info][gc,heap        ] GC(1536) PSYoungGen: 2539664K(2589184K)->156160K(2589184K) Eden: 2388480K(2388480K)->0K(2395648K) From: 151184K(200704K)->156160K(193536K)
[5258.237s][info][gc,heap        ] GC(1536) ParOldGen: 5168343K(5168640K)->5271311K(5271552K)
[5258.237s][info][gc,metaspace   ] GC(1536) Metaspace: 29098K(29376K)->29098K(29376K) NonClass: 25994K(26112K)->25994K(26112K) Class: 3103K(3264K)->3103K(3264K)
[5258.237s][info][gc             ] GC(1536) Pause Young (Allocation Failure) 7527M->5300M(7676M) 100.063ms
[5258.237s][info][gc,cpu         ] GC(1536) User=0.56s Sys=0.02s Real=0.10s
..[5260.024s][info][gc,start       ] GC(1537) Pause Young (Allocation Failure)
[5260.122s][info][gc,heap        ] GC(1537) PSYoungGen: 2551808K(2589184K)->153664K(2592768K) Eden: 2395648K(2395648K)->0K(2395648K) From: 156160K(193536K)->153664K(197120K)
[5260.122s][info][gc,heap        ] GC(1537) ParOldGen: 5271311K(5271552K)->5373951K(5373952K)
[5260.122s][info][gc,metaspace   ] GC(1537) Metaspace: 29098K(29376K)->29098K(29376K) NonClass: 25994K(26112K)->25994K(26112K) Class: 3103K(3264K)->3103K(3264K)
[5260.122s][info][gc             ] GC(1537) Pause Young (Allocation Failure) 7639M->5398M(7780M) 98.034ms
[5260.122s][info][gc,cpu         ] GC(1537) User=0.53s Sys=0.04s Real=0.09s
..[5261.974s][info][gc,start       ] GC(1538) Pause Young (Allocation Failure)
[5262.074s][info][gc,heap        ] GC(1538) PSYoungGen: 2549312K(2592768K)->160544K(2591232K) Eden: 2395648K(2395648K)->0K(2403328K) From: 153664K(197120K)->160544K(187904K)
[5262.074s][info][gc,heap        ] GC(1538) ParOldGen: 5373951K(5373952K)->5475247K(5475328K)
[5262.074s][info][gc,metaspace   ] GC(1538) Metaspace: 29098K(29376K)->29098K(29376K) NonClass: 25994K(26112K)->25994K(26112K) Class: 3103K(3264K)->3103K(3264K)
[5262.074s][info][gc             ] GC(1538) Pause Young (Allocation Failure) 7737M->5503M(7877M) 99.983ms
[5262.074s][info][gc,cpu         ] GC(1538) User=0.55s Sys=0.03s Real=0.10s
..[5263.728s][info][gc,start       ] GC(1539) Pause Young (Allocation Failure)
[5263.830s][info][gc,heap        ] GC(1539) PSYoungGen: 2563872K(2591232K)->154896K(2595840K) Eden: 2403328K(2403328K)->0K(2403328K) From: 160544K(187904K)->154896K(192512K)
[5263.830s][info][gc,heap        ] GC(1539) ParOldGen: 5475247K(5475328K)->5582967K(5583360K)
[5263.830s][info][gc,metaspace   ] GC(1539) Metaspace: 29098K(29376K)->29098K(29376K) NonClass: 25994K(26112K)->25994K(26112K) Class: 3103K(3264K)->3103K(3264K)
[5263.830s][info][gc             ] GC(1539) Pause Young (Allocation Failure) 7850M->5603M(7987M) 102.492ms
[5263.830s][info][gc,cpu         ] GC(1539) User=0.57s Sys=0.03s Real=0.10s
.[5265.559s][info][gc,start       ] GC(1540) Pause Full (Allocation Failure)
[5265.559s][info][gc,phases,start] GC(1540) Marking Phase
[5265.874s][info][gc,phases      ] GC(1540) Marking Phase 314.959ms
[5265.874s][info][gc,phases,start] GC(1540) Summary Phase
[5265.874s][info][gc,phases      ] GC(1540) Summary Phase 0.101ms
[5265.874s][info][gc,phases,start] GC(1540) Forward
[5266.000s][info][gc,phases      ] GC(1540) Forward 126.206ms
[5266.000s][info][gc,phases,start] GC(1540) Adjust Pointers
[5266.210s][info][gc,phases      ] GC(1540) Adjust Pointers 210.276ms
[5266.211s][info][gc,phases,start] GC(1540) Compaction Phase
[5266.357s][info][gc,phases      ] GC(1540) Compaction Phase 146.127ms
[5266.358s][info][gc,phases,start] GC(1540) Post Compact
[5266.365s][info][gc,phases      ] GC(1540) Post Compact 7.041ms
[5266.493s][info][gc,heap        ] GC(1540) PSYoungGen: 2558224K(2595840K)->0K(2601984K) Eden: 2403328K(2403328K)->0K(2412544K) From: 154896K(192512K)->0K(189440K)
[5266.493s][info][gc,heap        ] GC(1540) ParOldGen: 5582967K(5583360K)->1613737K(1985536K)
[5266.493s][info][gc,metaspace   ] GC(1540) Metaspace: 29098K(29376K)->29098K(29376K) NonClass: 25994K(26112K)->25994K(26112K) Class: 3103K(3264K)->3103K(3264K)
[5266.493s][info][gc             ] GC(1540) Pause Full (Allocation Failure) 7950M->1575M(4480M) 934.685ms
[5266.494s][info][gc,cpu         ] GC(1540) User=4.35s Sys=0.13s Real=0.94s
..[5267.760s][info][gc,start       ] GC(1541) Pause Young (Allocation Failure)
[5267.824s][info][gc,heap        ] GC(1541) PSYoungGen: 2412544K(2601984K)->159136K(2603520K) Eden: 2412544K(2412544K)->0K(2412544K) From: 0K(189440K)->159136K(190976K)
[5267.824s][info][gc,heap        ] GC(1541) ParOldGen: 1613737K(1985536K)->1613737K(1985536K)
[5267.824s][info][gc,metaspace   ] GC(1541) Metaspace: 29098K(29376K)->29098K(29376K) NonClass: 25994K(26112K)->25994K(26112K) Class: 3103K(3264K)->3103K(3264K)
[5267.824s][info][gc             ] GC(1541) Pause Young (Allocation Failure) 3931M->1731M(4481M) 64.367ms
[5267.825s][info][gc,cpu         ] GC(1541) User=0.38s Sys=0.00s Real=0.07s
.[5269.357s][info][gc,start       ] GC(1542) Pause Young (Allocation Failure)
[5269.451s][info][gc,heap        ] GC(1542) PSYoungGen: 2571680K(2603520K)->158058K(2600960K) Eden: 2412544K(2412544K)->0K(2416640K) From: 159136K(190976K)->158058K(184320K)
[5269.451s][info][gc,heap        ] GC(1542) ParOldGen: 1613737K(1985536K)->1720801K(1985536K)
[5269.451s][info][gc,metaspace   ] GC(1542) Metaspace: 29098K(29376K)->29098K(29376K) NonClass: 25994K(26112K)->25994K(26112K) Class: 3103K(3264K)->3103K(3264K)
[5269.451s][info][gc             ] GC(1542) Pause Young (Allocation Failure) 4087M->1834M(4479M) 94.403ms
[5269.451s][info][gc,cpu         ] GC(1542) User=0.55s Sys=0.00s Real=0.09s
..[5271.277s][info][gc,start       ] GC(1543) Pause Young (Allocation Failure)
[5271.366s][info][gc,heap        ] GC(1543) PSYoungGen: 2574698K(2600960K)->148768K(2602496K) Eden: 2416640K(2416640K)->0K(2416640K) From: 158058K(184320K)->148768K(185856K)
[5271.366s][info][gc,heap        ] GC(1543) ParOldGen: 1720801K(1985536K)->1823057K(1985536K)
[5271.366s][info][gc,metaspace   ] GC(1543) Metaspace: 29098K(29376K)->29098K(29376K) NonClass: 25994K(26112K)->25994K(26112K) Class: 3103K(3264K)->3103K(3264K)
[5271.366s][info][gc             ] GC(1543) Pause Young (Allocation Failure) 4194M->1925M(4480M) 89.212ms
[5271.366s][info][gc,cpu         ] GC(1543) User=0.53s Sys=0.00s Real=0.09s
..[5273.193s][info][gc,start       ] GC(1544) Pause Young (Allocation Failure)
[5273.281s][info][gc,heap        ] GC(1544) PSYoungGen: 2565408K(2602496K)->146496K(2609664K) Eden: 2416640K(2416640K)->0K(2424832K) From: 148768K(185856K)->146496K(184832K)
[5273.281s][info][gc,heap        ] GC(1544) ParOldGen: 1823057K(1985536K)->1927609K(1985536K)
[5273.281s][info][gc,metaspace   ] GC(1544) Metaspace: 29098K(29376K)->29098K(29376K) NonClass: 25994K(26112K)->25994K(26112K) Class: 3103K(3264K)->3103K(3264K)
[5273.281s][info][gc             ] GC(1544) Pause Young (Allocation Failure) 4285M->2025M(4487M) 88.178ms
[5273.281s][info][gc,cpu         ] GC(1544) User=0.52s Sys=0.01s Real=0.08s
..[5275.040s][info][gc,start       ] GC(1545) Pause Young (Allocation Failure)
[5275.138s][info][gc,heap        ] GC(1545) PSYoungGen: 2571328K(2609664K)->164564K(2610176K) Eden: 2424832K(2424832K)->0K(2424832K) From: 146496K(184832K)->164564K(185344K)
[5275.138s][info][gc,heap        ] GC(1545) ParOldGen: 1927609K(1985536K)->2031457K(2031616K)
[5275.138s][info][gc,metaspace   ] GC(1545) Metaspace: 29098K(29376K)->29098K(29376K) NonClass: 25994K(26112K)->25994K(26112K) Class: 3103K(3264K)->3103K(3264K)
[5275.138s][info][gc             ] GC(1545) Pause Young (Allocation Failure) 4393M->2144M(4533M) 98.018ms
[5275.138s][info][gc,cpu         ] GC(1545) User=0.57s Sys=0.01s Real=0.10s
..[5276.976s][info][gc,start       ] GC(1546) Pause Young (Allocation Failure)
[5277.078s][info][gc,heap        ] GC(1546) PSYoungGen: 2589396K(2610176K)->167856K(2609152K) Eden: 2424832K(2424832K)->0K(2424320K) From: 164564K(185344K)->167856K(184832K)
[5277.078s][info][gc,heap        ] GC(1546) ParOldGen: 2031457K(2031616K)->2135057K(2135552K)
[5277.078s][info][gc,metaspace   ] GC(1546) Metaspace: 29098K(29376K)->29098K(29376K) NonClass: 25994K(26112K)->25994K(26112K) Class: 3103K(3264K)->3103K(3264K)
[5277.078s][info][gc             ] GC(1546) Pause Young (Allocation Failure) 4512M->2248M(4633M) 102.012ms
[5277.078s][info][gc,cpu         ] GC(1546) User=0.57s Sys=0.03s Real=0.10s
.. (rIR:aIR:PR = 8994:8988:8988) (tPR = 134421) [OK] 
  5278s: Performance info:
         Transaction,    Success,    Partial,     Failed,   Receipts, AvgBarcode, 
             Overall,     542117,          0,          0,     515011,      59.48, 
         Response times:
             Request,    Success,    Partial,     Failed,   SkipFail,     Probes,    Samples,      min,      p50,      p90,      p95,      p99,      max, 
       TotalPurchase,     515004,          0,          0,          0,     354797,     412667,      200,     6200,    42000,    81000,   620000,   950000,
     InStorePurchase,     269777,          0,          0,          0,     186434,     216679,      200,     6200,    42000,    82000,   620000,   950000,
      OnlinePurchase,     191023,          0,          0,          0,     130333,     151638,      200,     6200,    42000,    81000,   620000,   950000,
        InstPurchase,      54204,          0,          0,          0,      38030,      44350,      500,     6300,    41000,    81000,   630000,   950000,
          AssocOfCat,        544,          0,          0,          0,        434,        593,    26000,    41000,   102600,   144000,   372900,   451000,
      AssocOfProduct,       5432,          0,          0,          0,       3920,       4738,      500,     6300,    40000,    73000,   573610,   810000,
      BusinessReport,       1359,          0,          0,          0,       1180,       1504,    26000,    51000,   122500,   177000,   445000,   528000,
          CustBuyBeh,       5462,          0,          0,          0,       3892,       4726,      200,     5600,    41000,    96650,   610000,   890000,
       ProductReturn,      14314,          0,          0,          0,       9991,      12187,      300,     6800,    48000,    89000,   359000,   500000,

  5278s: (66%)   IR =   9132 [5278.900s][info][gc,start       ] GC(1547) Pause Young (Allocation Failure)
[5278.997s][info][gc,heap        ] GC(1547) PSYoungGen: 2592176K(2609152K)->155712K(2580480K) Eden: 2424320K(2424320K)->0K(2424320K) From: 167856K(184832K)->155712K(156160K)
[5278.997s][info][gc,heap        ] GC(1547) ParOldGen: 2135057K(2135552K)->2239241K(2239488K)
[5278.997s][info][gc,metaspace   ] GC(1547) Metaspace: 29098K(29376K)->29098K(29376K) NonClass: 25994K(26112K)->25994K(26112K) Class: 3103K(3264K)->3103K(3264K)
[5278.997s][info][gc             ] GC(1547) Pause Young (Allocation Failure) 4616M->2338M(4707M) 97.126ms
[5278.997s][info][gc,cpu         ] GC(1547) User=0.54s Sys=0.03s Real=0.10s
..[5280.847s][info][gc,start       ] GC(1548) Pause Young (Allocation Failure)
[5280.947s][info][gc,heap        ] GC(1548) PSYoungGen: 2580032K(2580480K)->167124K(2608640K) Eden: 2424320K(2424320K)->0K(2424832K) From: 155712K(156160K)->167124K(183808K)
[5280.947s][info][gc,heap        ] GC(1548) ParOldGen: 2239241K(2239488K)->2341641K(2341888K)
[5280.947s][info][gc,metaspace   ] GC(1548) Metaspace: 29098K(29376K)->29098K(29376K) NonClass: 25994K(26112K)->25994K(26112K) Class: 3103K(3264K)->3103K(3264K)
[5280.947s][info][gc             ] GC(1548) Pause Young (Allocation Failure) 4706M->2449M(4834M) 99.618ms
[5280.947s][info][gc,cpu         ] GC(1548) User=0.56s Sys=0.02s Real=0.10s
.[5282.689s][info][gc,start       ] GC(1549) Pause Young (Allocation Failure)
[5282.783s][info][gc,heap        ] GC(1549) PSYoungGen: 2591956K(2608640K)->148784K(2609152K) Eden: 2424832K(2424832K)->0K(2424832K) From: 167124K(183808K)->148784K(184320K)
[5282.783s][info][gc,heap        ] GC(1549) ParOldGen: 2341641K(2341888K)->2448393K(2448896K)
[5282.783s][info][gc,metaspace   ] GC(1549) Metaspace: 29098K(29376K)->29098K(29376K) NonClass: 25994K(26112K)->25994K(26112K) Class: 3103K(3264K)->3103K(3264K)
[5282.783s][info][gc             ] GC(1549) Pause Young (Allocation Failure) 4817M->2536M(4939M) 94.847ms
[5282.783s][info][gc,cpu         ] GC(1549) User=0.53s Sys=0.04s Real=0.10s
..[5284.633s][info][gc,start       ] GC(1550) Pause Young (Allocation Failure)
[5284.731s][info][gc,heap        ] GC(1550) PSYoungGen: 2573616K(2609152K)->162144K(2608640K) Eden: 2424832K(2424832K)->0K(2427904K) From: 148784K(184320K)->162144K(180736K)
[5284.731s][info][gc,heap        ] GC(1550) ParOldGen: 2448393K(2448896K)->2548833K(2549248K)
[5284.731s][info][gc,metaspace   ] GC(1550) Metaspace: 29098K(29376K)->29098K(29376K) NonClass: 25994K(26112K)->25994K(26112K) Class: 3103K(3264K)->3103K(3264K)
[5284.731s][info][gc             ] GC(1550) Pause Young (Allocation Failure) 4904M->2647M(5037M) 97.905ms
[5284.731s][info][gc,cpu         ] GC(1550) User=0.54s Sys=0.03s Real=0.10s
..[5286.557s][info][gc,start       ] GC(1551) Pause Young (Allocation Failure)
[5286.653s][info][gc,heap        ] GC(1551) PSYoungGen: 2590048K(2608640K)->148320K(2610176K) Eden: 2427904K(2427904K)->0K(2427904K) From: 162144K(180736K)->148320K(182272K)
[5286.653s][info][gc,heap        ] GC(1551) ParOldGen: 2548833K(2549248K)->2658809K(2658816K)
[5286.653s][info][gc,metaspace   ] GC(1551) Metaspace: 29098K(29376K)->29098K(29376K) NonClass: 25994K(26112K)->25994K(26112K) Class: 3103K(3264K)->3103K(3264K)
[5286.653s][info][gc             ] GC(1551) Pause Young (Allocation Failure) 5018M->2741M(5145M) 96.327ms
[5286.653s][info][gc,cpu         ] GC(1551) User=0.54s Sys=0.03s Real=0.09s
..[5288.360s][info][gc,start       ] GC(1552) Pause Young (Allocation Failure)
[5288.462s][info][gc,heap        ] GC(1552) PSYoungGen: 2576224K(2610176K)->164153K(2612736K) Eden: 2427904K(2427904K)->0K(2431488K) From: 148320K(182272K)->164153K(181248K)
[5288.462s][info][gc,heap        ] GC(1552) ParOldGen: 2658809K(2658816K)->2762153K(2762240K)
[5288.462s][info][gc,metaspace   ] GC(1552) Metaspace: 29098K(29376K)->29098K(29376K) NonClass: 25994K(26112K)->25994K(26112K) Class: 3103K(3264K)->3103K(3264K)
[5288.462s][info][gc             ] GC(1552) Pause Young (Allocation Failure) 5112M->2857M(5249M) 101.421ms
[5288.462s][info][gc,cpu         ] GC(1552) User=0.57s Sys=0.03s Real=0.10s
..|[5290.223s][info][gc,start       ] GC(1553) Pause Young (Allocation Failure)
[5290.319s][info][gc,heap        ] GC(1553) PSYoungGen: 2595641K(2612736K)->153856K(2613248K) Eden: 2431488K(2431488K)->0K(2431488K) From: 164153K(181248K)->153856K(181760K)
[5290.319s][info][gc,heap        ] GC(1553) ParOldGen: 2762153K(2762240K)->2865049K(2865152K)
[5290.319s][info][gc,metaspace   ] GC(1553) Metaspace: 29098K(29376K)->29098K(29376K) NonClass: 25994K(26112K)->25994K(26112K) Class: 3103K(3264K)->3103K(3264K)
[5290.319s][info][gc             ] GC(1553) Pause Young (Allocation Failure) 5232M->2948M(5350M) 96.652ms
[5290.320s][info][gc,cpu         ] GC(1553) User=0.54s Sys=0.02s Real=0.10s
..[5292.097s][info][gc,start       ] GC(1554) Pause Young (Allocation Failure)
[5292.194s][info][gc,heap        ] GC(1554) PSYoungGen: 2585344K(2613248K)->158784K(2612224K) Eden: 2431488K(2431488K)->0K(2434048K) From: 153856K(181760K)->158784K(178176K)
[5292.194s][info][gc,heap        ] GC(1554) ParOldGen: 2865049K(2865152K)->2970657K(2971136K)
[5292.194s][info][gc,metaspace   ] GC(1554) Metaspace: 29098K(29376K)->29098K(29376K) NonClass: 25994K(26112K)->25994K(26112K) Class: 3103K(3264K)->3103K(3264K)
[5292.194s][info][gc             ] GC(1554) Pause Young (Allocation Failure) 5322M->3056M(5452M) 97.652ms
[5292.194s][info][gc,cpu         ] GC(1554) User=0.54s Sys=0.04s Real=0.10s
..[5293.986s][info][gc,start       ] GC(1555) Pause Young (Allocation Failure)
[5294.088s][info][gc,heap        ] GC(1555) PSYoungGen: 2592832K(2612224K)->169472K(2612736K) Eden: 2434048K(2434048K)->0K(2434048K) From: 158784K(178176K)->169472K(178688K)
[5294.088s][info][gc,heap        ] GC(1555) ParOldGen: 2970657K(2971136K)->3076113K(3076608K)
[5294.088s][info][gc,metaspace   ] GC(1555) Metaspace: 29098K(29376K)->29098K(29376K) NonClass: 25994K(26112K)->25994K(26112K) Class: 3103K(3264K)->3103K(3264K)
[5294.088s][info][gc             ] GC(1555) Pause Young (Allocation Failure) 5433M->3169M(5556M) 102.609ms
[5294.088s][info][gc,cpu         ] GC(1555) User=0.58s Sys=0.03s Real=0.10s
..[5295.877s][info][gc,start       ] GC(1556) Pause Young (Allocation Failure)
[5295.975s][info][gc,heap        ] GC(1556) PSYoungGen: 2603520K(2612736K)->162880K(2616320K) Eden: 2434048K(2434048K)->0K(2435584K) From: 169472K(178688K)->162880K(180736K)
[5295.975s][info][gc,heap        ] GC(1556) ParOldGen: 3076113K(3076608K)->3178201K(3178496K)
[5295.975s][info][gc,metaspace   ] GC(1556) Metaspace: 29098K(29376K)->29098K(29376K) NonClass: 25994K(26112K)->25994K(26112K) Class: 3103K(3264K)->3103K(3264K)
[5295.975s][info][gc             ] GC(1556) Pause Young (Allocation Failure) 5546M->3262M(5659M) 98.535ms
[5295.975s][info][gc,cpu         ] GC(1556) User=0.56s Sys=0.02s Real=0.10s
.[5297.742s][info][gc,start       ] GC(1557) Pause Young (Allocation Failure)
[5297.838s][info][gc,heap        ] GC(1557) PSYoungGen: 2598464K(2616320K)->152480K(2588160K) Eden: 2435584K(2435584K)->0K(2435584K) From: 162880K(180736K)->152480K(152576K)
[5297.838s][info][gc,heap        ] GC(1557) ParOldGen: 3178201K(3178496K)->3286617K(3287040K)
[5297.838s][info][gc,metaspace   ] GC(1557) Metaspace: 29098K(29376K)->29098K(29376K) NonClass: 25994K(26112K)->25994K(26112K) Class: 3103K(3264K)->3103K(3264K)
[5297.838s][info][gc             ] GC(1557) Pause Young (Allocation Failure) 5641M->3358M(5737M) 96.631ms
[5297.838s][info][gc,cpu         ] GC(1557) User=0.53s Sys=0.03s Real=0.10s
..[5299.571s][info][gc,start       ] GC(1558) Pause Young (Allocation Failure)
[5299.675s][info][gc,heap        ] GC(1558) PSYoungGen: 2588064K(2588160K)->169133K(2613248K) Eden: 2435584K(2435584K)->0K(2434048K) From: 152480K(152576K)->169133K(179200K)
[5299.675s][info][gc,heap        ] GC(1558) ParOldGen: 3286617K(3287040K)->3391753K(3392000K)
[5299.675s][info][gc,metaspace   ] GC(1558) Metaspace: 29098K(29376K)->29098K(29376K) NonClass: 25994K(26112K)->25994K(26112K) Class: 3103K(3264K)->3103K(3264K)
[5299.675s][info][gc             ] GC(1558) Pause Young (Allocation Failure) 5736M->3477M(5864M) 104.444ms
[5299.675s][info][gc,cpu         ] GC(1558) User=0.59s Sys=0.03s Real=0.11s
..[5301.296s][info][gc,start       ] GC(1559) Pause Young (Allocation Failure)
[5301.391s][info][gc,heap        ] GC(1559) PSYoungGen: 2603181K(2613248K)->149824K(2614784K) Eden: 2434048K(2434048K)->0K(2434048K) From: 169133K(179200K)->149824K(180736K)
[5301.391s][info][gc,heap        ] GC(1559) ParOldGen: 3391753K(3392000K)->3493473K(3493888K)
[5301.391s][info][gc,metaspace   ] GC(1559) Metaspace: 29098K(29376K)->29098K(29376K) NonClass: 25994K(26112K)->25994K(26112K) Class: 3103K(3264K)->3103K(3264K)
[5301.391s][info][gc             ] GC(1559) Pause Young (Allocation Failure) 5854M->3557M(5965M) 94.718ms
[5301.391s][info][gc,cpu         ] GC(1559) User=0.53s Sys=0.03s Real=0.09s
..[5303.205s][info][gc,start       ] GC(1560) Pause Young (Allocation Failure)
[5303.300s][info][gc,heap        ] GC(1560) PSYoungGen: 2583872K(2614784K)->149248K(2614784K) Eden: 2434048K(2434048K)->0K(2435072K) From: 149824K(180736K)->149248K(179712K)
[5303.300s][info][gc,heap        ] GC(1560) ParOldGen: 3493473K(3493888K)->3598329K(3598336K)
[5303.300s][info][gc,metaspace   ] GC(1560) Metaspace: 29098K(29376K)->29098K(29376K) NonClass: 25994K(26112K)->25994K(26112K) Class: 3103K(3264K)->3103K(3264K)
[5303.300s][info][gc             ] GC(1560) Pause Young (Allocation Failure) 5934M->3659M(6067M) 95.026ms
[5303.300s][info][gc,cpu         ] GC(1560) User=0.53s Sys=0.03s Real=0.09s
..[5305.113s][info][gc,start       ] GC(1561) Pause Young (Allocation Failure)
[5305.214s][info][gc,heap        ] GC(1561) PSYoungGen: 2584320K(2614784K)->163786K(2615296K) Eden: 2435072K(2435072K)->0K(2435072K) From: 149248K(179712K)->163786K(180224K)
[5305.214s][info][gc,heap        ] GC(1561) ParOldGen: 3598329K(3598336K)->3704945K(3705344K)
[5305.214s][info][gc,metaspace   ] GC(1561) Metaspace: 29098K(29376K)->29098K(29376K) NonClass: 25994K(26112K)->25994K(26112K) Class: 3103K(3264K)->3103K(3264K)
[5305.214s][info][gc             ] GC(1561) Pause Young (Allocation Failure) 6037M->3778M(6172M) 101.106ms
[5305.214s][info][gc,cpu         ] GC(1561) User=0.56s Sys=0.04s Real=0.11s
..[5306.952s][info][gc,start       ] GC(1562) Pause Young (Allocation Failure)
[5307.050s][info][gc,heap        ] GC(1562) PSYoungGen: 2598858K(2615296K)->158176K(2612736K) Eden: 2435072K(2435072K)->0K(2436096K) From: 163786K(180224K)->158176K(176640K)
[5307.050s][info][gc,heap        ] GC(1562) ParOldGen: 3704945K(3705344K)->3807385K(3807744K)
[5307.050s][info][gc,metaspace   ] GC(1562) Metaspace: 29098K(29376K)->29098K(29376K) NonClass: 25994K(26112K)->25994K(26112K) Class: 3103K(3264K)->3103K(3264K)
[5307.050s][info][gc             ] GC(1562) Pause Young (Allocation Failure) 6156M->3872M(6270M) 97.703ms
[5307.050s][info][gc,cpu         ] GC(1562) User=0.55s Sys=0.03s Real=0.10s
.[5308.787s][info][gc,start       ] GC(1563) Pause Young (Allocation Failure)
[5308.890s][info][gc,heap        ] GC(1563) PSYoungGen: 2594272K(2612736K)->167588K(2614272K) Eden: 2436096K(2436096K)->0K(2436096K) From: 158176K(176640K)->167588K(178176K)
[5308.890s][info][gc,heap        ] GC(1563) ParOldGen: 3807385K(3807744K)->3910929K(3911168K)
[5308.890s][info][gc,metaspace   ] GC(1563) Metaspace: 29098K(29376K)->29098K(29376K) NonClass: 25994K(26112K)->25994K(26112K) Class: 3103K(3264K)->3103K(3264K)
[5308.890s][info][gc             ] GC(1563) Pause Young (Allocation Failure) 6251M->3982M(6372M) 103.184ms
[5308.890s][info][gc,cpu         ] GC(1563) User=0.57s Sys=0.03s Real=0.10s
..[5310.751s][info][gc,start       ] GC(1564) Pause Young (Allocation Failure)
[5310.852s][info][gc,heap        ] GC(1564) PSYoungGen: 2603684K(2614272K)->161172K(2616832K) Eden: 2436096K(2436096K)->0K(2438656K) From: 167588K(178176K)->161172K(178176K)
[5310.852s][info][gc,heap        ] GC(1564) ParOldGen: 3910929K(3911168K)->4016073K(4016128K)
[5310.852s][info][gc,metaspace   ] GC(1564) Metaspace: 29098K(29376K)->29098K(29376K) NonClass: 25994K(26112K)->25994K(26112K) Class: 3103K(3264K)->3103K(3264K)
[5310.852s][info][gc             ] GC(1564) Pause Young (Allocation Failure) 6361M->4079M(6477M) 101.594ms
[5310.852s][info][gc,cpu         ] GC(1564) User=0.55s Sys=0.04s Real=0.10s
..[5312.614s][info][gc,start       ] GC(1565) Pause Young (Allocation Failure)
[5312.713s][info][gc,heap        ] GC(1565) PSYoungGen: 2599828K(2616832K)->153792K(2616832K) Eden: 2438656K(2438656K)->0K(2438656K) From: 161172K(178176K)->153792K(178176K)
[5312.713s][info][gc,heap        ] GC(1565) ParOldGen: 4016073K(4016128K)->4120257K(4120576K)
[5312.713s][info][gc,metaspace   ] GC(1565) Metaspace: 29098K(29376K)->29098K(29376K) NonClass: 25994K(26112K)->25994K(26112K) Class: 3103K(3264K)->3103K(3264K)
[5312.713s][info][gc             ] GC(1565) Pause Young (Allocation Failure) 6460M->4173M(6579M) 98.937ms
[5312.713s][info][gc,cpu         ] GC(1565) User=0.55s Sys=0.03s Real=0.09s
..[5314.449s][info][gc,start       ] GC(1566) Pause Young (Allocation Failure)
[5314.546s][info][gc,heap        ] GC(1566) PSYoungGen: 2592448K(2616832K)->151008K(2617344K) Eden: 2438656K(2438656K)->0K(2440192K) From: 153792K(178176K)->151008K(177152K)
[5314.546s][info][gc,heap        ] GC(1566) ParOldGen: 4120257K(4120576K)->4226305K(4226560K)
[5314.546s][info][gc,metaspace   ] GC(1566) Metaspace: 29098K(29376K)->29098K(29376K) NonClass: 25994K(26112K)->25994K(26112K) Class: 3103K(3264K)->3103K(3264K)
[5314.546s][info][gc             ] GC(1566) Pause Young (Allocation Failure) 6555M->4274M(6683M) 97.235ms
[5314.546s][info][gc,cpu         ] GC(1566) User=0.53s Sys=0.04s Real=0.10s
..[5316.336s][info][gc,start       ] GC(1567) Pause Young (Allocation Failure)
[5316.432s][info][gc,heap        ] GC(1567) PSYoungGen: 2591200K(2617344K)->148384K(2616832K) Eden: 2440192K(2440192K)->0K(2440192K) From: 151008K(177152K)->148384K(176640K)
[5316.432s][info][gc,heap        ] GC(1567) ParOldGen: 4226305K(4226560K)->4330729K(4331008K)
[5316.432s][info][gc,metaspace   ] GC(1567) Metaspace: 29098K(29376K)->29098K(29376K) NonClass: 25994K(26112K)->25994K(26112K) Class: 3103K(3264K)->3103K(3264K)
[5316.432s][info][gc             ] GC(1567) Pause Young (Allocation Failure) 6657M->4374M(6785M) 95.270ms
[5316.432s][info][gc,cpu         ] GC(1567) User=0.52s Sys=0.04s Real=0.09s
..[5318.165s][info][gc,start       ] GC(1568) Pause Young (Allocation Failure)
[5318.273s][info][gc,heap        ] GC(1568) PSYoungGen: 2588576K(2616832K)->174030K(2611200K) Eden: 2440192K(2440192K)->0K(2434560K) From: 148384K(176640K)->174030K(176640K)
[5318.273s][info][gc,heap        ] GC(1568) ParOldGen: 4330729K(4331008K)->4434145K(4434432K)
[5318.273s][info][gc,metaspace   ] GC(1568) Metaspace: 29098K(29376K)->29098K(29376K) NonClass: 25994K(26112K)->25994K(26112K) Class: 3103K(3264K)->3103K(3264K)
[5318.273s][info][gc             ] GC(1568) Pause Young (Allocation Failure) 6757M->4500M(6880M) 107.866ms
[5318.273s][info][gc,cpu         ] GC(1568) User=0.59s Sys=0.04s Real=0.10s
..[5320.130s][info][gc,start       ] GC(1569) Pause Young (Allocation Failure)
[5320.236s][info][gc,heap        ] GC(1569) PSYoungGen: 2608590K(2611200K)->171812K(2606592K) Eden: 2434560K(2434560K)->0K(2434560K) From: 174030K(176640K)->171812K(172032K)
[5320.236s][info][gc,heap        ] GC(1569) ParOldGen: 4434145K(4434432K)->4537769K(4537856K)
[5320.236s][info][gc,metaspace   ] GC(1569) Metaspace: 29098K(29376K)->29098K(29376K) NonClass: 25994K(26112K)->25994K(26112K) Class: 3103K(3264K)->3103K(3264K)
[5320.236s][info][gc             ] GC(1569) Pause Young (Allocation Failure) 6877M->4599M(6977M) 105.429ms
[5320.236s][info][gc,cpu         ] GC(1569) User=0.58s Sys=0.03s Real=0.11s
.[5321.988s][info][gc,start       ] GC(1570) Pause Young (Allocation Failure)
[5322.088s][info][gc,heap        ] GC(1570) PSYoungGen: 2606372K(2606592K)->157088K(2614272K) Eden: 2434560K(2434560K)->0K(2430976K) From: 171812K(172032K)->157088K(183296K)
[5322.088s][info][gc,heap        ] GC(1570) ParOldGen: 4537769K(4537856K)->4645185K(4645376K)
[5322.088s][info][gc,metaspace   ] GC(1570) Metaspace: 29098K(29376K)->29098K(29376K) NonClass: 25994K(26112K)->25994K(26112K) Class: 3103K(3264K)->3103K(3264K)
[5322.088s][info][gc             ] GC(1570) Pause Young (Allocation Failure) 6976M->4689M(7089M) 99.680ms
[5322.088s][info][gc,cpu         ] GC(1570) User=0.55s Sys=0.04s Real=0.10s
..[5323.828s][info][gc,start       ] GC(1571) Pause Young (Allocation Failure)
[5323.928s][info][gc,heap        ] GC(1571) PSYoungGen: 2588064K(2614272K)->160276K(2591744K) Eden: 2430976K(2430976K)->0K(2430976K) From: 157088K(183296K)->160276K(160768K)
[5323.928s][info][gc,heap        ] GC(1571) ParOldGen: 4645185K(4645376K)->4749473K(4749824K)
[5323.928s][info][gc,metaspace   ] GC(1571) Metaspace: 29098K(29376K)->29098K(29376K) NonClass: 25994K(26112K)->25994K(26112K) Class: 3103K(3264K)->3103K(3264K)
[5323.928s][info][gc             ] GC(1571) Pause Young (Allocation Failure) 7063M->4794M(7169M) 100.404ms
[5323.928s][info][gc,cpu         ] GC(1571) User=0.57s Sys=0.03s Real=0.10s
..[5325.691s][info][gc,start       ] GC(1572) Pause Young (Allocation Failure)
[5325.787s][info][gc,heap        ] GC(1572) PSYoungGen: 2591252K(2591744K)->152256K(2611200K) Eden: 2430976K(2430976K)->0K(2431488K) From: 160276K(160768K)->152256K(179712K)
[5325.787s][info][gc,heap        ] GC(1572) ParOldGen: 4749473K(4749824K)->4852353K(4852736K)
[5325.787s][info][gc,metaspace   ] GC(1572) Metaspace: 29098K(29376K)->29098K(29376K) NonClass: 25994K(26112K)->25994K(26112K) Class: 3103K(3264K)->3103K(3264K)
[5325.787s][info][gc             ] GC(1572) Pause Young (Allocation Failure) 7168M->4887M(7289M) 96.121ms
[5325.787s][info][gc,cpu         ] GC(1572) User=0.54s Sys=0.03s Real=0.10s
..[5327.552s][info][gc,start       ] GC(1573) Pause Young (Allocation Failure)
[5327.653s][info][gc,heap        ] GC(1573) PSYoungGen: 2583744K(2611200K)->162528K(2610688K) Eden: 2431488K(2431488K)->0K(2431488K) From: 152256K(179712K)->162528K(179200K)
[5327.653s][info][gc,heap        ] GC(1573) ParOldGen: 4852353K(4852736K)->4955689K(4956160K)
[5327.653s][info][gc,metaspace   ] GC(1573) Metaspace: 29098K(29376K)->29098K(29376K) NonClass: 25994K(26112K)->25994K(26112K) Class: 3103K(3264K)->3103K(3264K)
[5327.653s][info][gc             ] GC(1573) Pause Young (Allocation Failure) 7261M->4998M(7389M) 100.949ms
[5327.653s][info][gc,cpu         ] GC(1573) User=0.56s Sys=0.03s Real=0.10s
..[5329.512s][info][gc,start       ] GC(1574) Pause Young (Allocation Failure)
[5329.613s][info][gc,heap        ] GC(1574) PSYoungGen: 2594016K(2610688K)->160880K(2615808K) Eden: 2431488K(2431488K)->0K(2438144K) From: 162528K(179200K)->160880K(177664K)
[5329.613s][info][gc,heap        ] GC(1574) ParOldGen: 4955689K(4956160K)->5060433K(5060608K)
[5329.613s][info][gc,metaspace   ] GC(1574) Metaspace: 29098K(29376K)->29098K(29376K) NonClass: 25994K(26112K)->25994K(26112K) Class: 3103K(3264K)->3103K(3264K)
[5329.613s][info][gc             ] GC(1574) Pause Young (Allocation Failure) 7372M->5098M(7496M) 101.044ms
[5329.613s][info][gc,cpu         ] GC(1574) User=0.56s Sys=0.03s Real=0.11s
.[5331.109s][info][gc,start       ] GC(1575) Pause Full (Diagnostic Command)
[5331.109s][info][gc,phases,start] GC(1575) Marking Phase
[5331.428s][info][gc,phases      ] GC(1575) Marking Phase 319.026ms
[5331.428s][info][gc,phases,start] GC(1575) Summary Phase
[5331.428s][info][gc,phases      ] GC(1575) Summary Phase 0.101ms
[5331.428s][info][gc,phases,start] GC(1575) Forward
[5331.603s][info][gc,phases      ] GC(1575) Forward 174.107ms
[5331.603s][info][gc,phases,start] GC(1575) Adjust Pointers
[5331.833s][info][gc,phases      ] GC(1575) Adjust Pointers 230.307ms
[5331.833s][info][gc,phases,start] GC(1575) Compaction Phase
[5332.013s][info][gc,phases      ] GC(1575) Compaction Phase 180.318ms
[5332.015s][info][gc,phases,start] GC(1575) Post Compact
[5332.022s][info][gc,phases      ] GC(1575) Post Compact 6.266ms
[5332.022s][info][gc,heap        ] GC(1575) PSYoungGen: 2155862K(2615808K)->0K(2615808K) Eden: 1994982K(2438144K)->0K(2438144K) From: 160880K(177664K)->0K(177664K)
[5332.022s][info][gc,heap        ] GC(1575) ParOldGen: 5060433K(5060608K)->1342296K(5060608K)
[5332.022s][info][gc,metaspace   ] GC(1575) Metaspace: 29098K(29376K)->29098K(29376K) NonClass: 25994K(26112K)->25994K(26112K) Class: 3103K(3264K)->3103K(3264K)
[5332.022s][info][gc             ] GC(1575) Pause Full (Diagnostic Command) 7047M->1310M(7496M) 912.416ms
[5332.022s][info][gc,cpu         ] GC(1575) User=4.82s Sys=0.01s Real=0.91s
..[5333.331s][info][gc,start       ] GC(1576) Pause Young (Allocation Failure)
[5333.391s][info][gc,heap        ] GC(1576) PSYoungGen: 2438144K(2615808K)->148160K(2615296K) Eden: 2438144K(2438144K)->0K(2438144K) From: 0K(177664K)->148160K(177152K)
[5333.391s][info][gc,heap        ] GC(1576) ParOldGen: 1342296K(5060608K)->1342296K(5060608K)
[5333.392s][info][gc,metaspace   ] GC(1576) Metaspace: 29098K(29376K)->29098K(29376K) NonClass: 25994K(26112K)->25994K(26112K) Class: 3103K(3264K)->3103K(3264K)
[5333.392s][info][gc             ] GC(1576) Pause Young (Allocation Failure) 3691M->1455M(7496M) 60.244ms
[5333.392s][info][gc,cpu         ] GC(1576) User=0.35s Sys=0.00s Real=0.06s
.[5334.726s][info][gc,start       ] GC(1577) Pause Young (Allocation Failure)
[5334.824s][info][gc,heap        ] GC(1577) PSYoungGen: 2586304K(2615296K)->169952K(2613760K) Eden: 2438144K(2438144K)->0K(2436608K) From: 148160K(177152K)->169952K(177152K)
[5334.824s][info][gc,heap        ] GC(1577) ParOldGen: 1342296K(5060608K)->1443584K(5060608K)
[5334.824s][info][gc,metaspace   ] GC(1577) Metaspace: 29098K(29376K)->29098K(29376K) NonClass: 25994K(26112K)->25994K(26112K) Class: 3103K(3264K)->3103K(3264K)
[5334.824s][info][gc             ] GC(1577) Pause Young (Allocation Failure) 3836M->1575M(7494M) 98.268ms
[5334.824s][info][gc,cpu         ] GC(1577) User=0.58s Sys=0.00s Real=0.10s
..[5336.658s][info][gc,start       ] GC(1578) Pause Young (Allocation Failure)
[5336.757s][info][gc,heap        ] GC(1578) PSYoungGen: 2606560K(2613760K)->164805K(2616320K) Eden: 2436608K(2436608K)->0K(2436608K) From: 169952K(177152K)->164805K(179712K)
[5336.757s][info][gc,heap        ] GC(1578) ParOldGen: 1443584K(5060608K)->1551664K(5060608K)
[5336.757s][info][gc,metaspace   ] GC(1578) Metaspace: 29098K(29376K)->29098K(29376K) NonClass: 25994K(26112K)->25994K(26112K) Class: 3103K(3264K)->3103K(3264K)
[5336.757s][info][gc             ] GC(1578) Pause Young (Allocation Failure) 3955M->1676M(7497M) 99.482ms
[5336.757s][info][gc,cpu         ] GC(1578) User=0.59s Sys=0.00s Real=0.10s
..[5338.411s][info][gc,start       ] GC(1579) Pause Young (Allocation Failure)
[5338.502s][info][gc,heap        ] GC(1579) PSYoungGen: 2601413K(2616320K)->150432K(2615296K) Eden: 2436608K(2436608K)->0K(2436608K) From: 164805K(179712K)->150432K(178688K)
[5338.502s][info][gc,heap        ] GC(1579) ParOldGen: 1551664K(5060608K)->1657408K(5060608K)
[5338.502s][info][gc,metaspace   ] GC(1579) Metaspace: 29098K(29376K)->29098K(29376K) NonClass: 25994K(26112K)->25994K(26112K) Class: 3103K(3264K)->3103K(3264K)
[5338.502s][info][gc             ] GC(1579) Pause Young (Allocation Failure) 4055M->1765M(7496M) 91.038ms
[5338.502s][info][gc,cpu         ] GC(1579) User=0.54s Sys=0.00s Real=0.09s
..[5340.287s][info][gc,start       ] GC(1580) Pause Young (Allocation Failure)
[5340.377s][info][gc,heap        ] GC(1580) PSYoungGen: 2587040K(2615296K)->147008K(2615808K) Eden: 2436608K(2436608K)->0K(2436608K) From: 150432K(178688K)->147008K(179200K)
[5340.377s][info][gc,heap        ] GC(1580) ParOldGen: 1657408K(5060608K)->1763448K(5060608K)
[5340.377s][info][gc,metaspace   ] GC(1580) Metaspace: 29098K(29376K)->29098K(29376K) NonClass: 25994K(26112K)->25994K(26112K) Class: 3103K(3264K)->3103K(3264K)
[5340.377s][info][gc             ] GC(1580) Pause Young (Allocation Failure) 4144M->1865M(7496M) 89.747ms
[5340.377s][info][gc,cpu         ] GC(1580) User=0.53s Sys=0.00s Real=0.09s
..[5342.211s][info][gc,start       ] GC(1581) Pause Young (Allocation Failure)
[5342.307s][info][gc,heap        ] GC(1581) PSYoungGen: 2583616K(2615808K)->157253K(2612736K) Eden: 2436608K(2436608K)->0K(2437632K) From: 147008K(179200K)->157253K(175104K)
[5342.307s][info][gc,heap        ] GC(1581) ParOldGen: 1763448K(5060608K)->1865424K(5060608K)
[5342.307s][info][gc,metaspace   ] GC(1581) Metaspace: 29098K(29376K)->29098K(29376K) NonClass: 25994K(26112K)->25994K(26112K) Class: 3103K(3264K)->3103K(3264K)
[5342.307s][info][gc             ] GC(1581) Pause Young (Allocation Failure) 4245M->1975M(7493M) 95.641ms
[5342.307s][info][gc,cpu         ] GC(1581) User=0.56s Sys=0.00s Real=0.10s
.[5344.173s][info][gc,start       ] GC(1582) Pause Young (Allocation Failure)
[5344.268s][info][gc,heap        ] GC(1582) PSYoungGen: 2594885K(2612736K)->160804K(2614784K) Eden: 2437632K(2437632K)->0K(2437632K) From: 157253K(175104K)->160804K(177152K)
[5344.268s][info][gc,heap        ] GC(1582) ParOldGen: 1865424K(5060608K)->1967704K(5060608K)
[5344.268s][info][gc,metaspace   ] GC(1582) Metaspace: 29098K(29376K)->29098K(29376K) NonClass: 25994K(26112K)->25994K(26112K) Class: 3103K(3264K)->3103K(3264K)
[5344.268s][info][gc             ] GC(1582) Pause Young (Allocation Failure) 4355M->2078M(7495M) 95.243ms
[5344.268s][info][gc,cpu         ] GC(1582) User=0.57s Sys=0.00s Real=0.10s
..[5346.121s][info][gc,start       ] GC(1583) Pause Young (Allocation Failure)
[5346.214s][info][gc,heap        ] GC(1583) PSYoungGen: 2598436K(2614784K)->156864K(2615296K) Eden: 2437632K(2437632K)->0K(2442240K) From: 160804K(177152K)->156864K(173056K)
[5346.214s][info][gc,heap        ] GC(1583) ParOldGen: 1967704K(5060608K)->2073864K(5060608K)
[5346.214s][info][gc,metaspace   ] GC(1583) Metaspace: 29098K(29376K)->29098K(29376K) NonClass: 25994K(26112K)->25994K(26112K) Class: 3103K(3264K)->3103K(3264K)
[5346.214s][info][gc             ] GC(1583) Pause Young (Allocation Failure) 4459M->2178M(7496M) 93.148ms
[5346.214s][info][gc,cpu         ] GC(1583) User=0.55s Sys=0.00s Real=0.10s
..[5347.956s][info][gc,start       ] GC(1584) Pause Young (Allocation Failure)
[5348.052s][info][gc,heap        ] GC(1584) PSYoungGen: 2599104K(2615296K)->159616K(2617344K) Eden: 2442240K(2442240K)->0K(2442240K) From: 156864K(173056K)->159616K(175104K)
[5348.052s][info][gc,heap        ] GC(1584) ParOldGen: 2073864K(5060608K)->2178312K(5060608K)
[5348.052s][info][gc,metaspace   ] GC(1584) Metaspace: 29098K(29376K)->29098K(29376K) NonClass: 25994K(26112K)->25994K(26112K) Class: 3103K(3264K)->3103K(3264K)
[5348.052s][info][gc             ] GC(1584) Pause Young (Allocation Failure) 4563M->2283M(7498M) 95.272ms
[5348.052s][info][gc,cpu         ] GC(1584) User=0.56s Sys=0.00s Real=0.09s
..[5349.902s][info][gc,start       ] GC(1585) Pause Young (Allocation Failure)
[5349.999s][info][gc,heap        ] GC(1585) PSYoungGen: 2601856K(2617344K)->163296K(2619904K) Eden: 2442240K(2442240K)->0K(2446848K) From: 159616K(175104K)->163296K(173056K)
[5349.999s][info][gc,heap        ] GC(1585) ParOldGen: 2178312K(5060608K)->2284832K(5060608K)
[5349.999s][info][gc,metaspace   ] GC(1585) Metaspace: 29098K(29376K)->29098K(29376K) NonClass: 25994K(26112K)->25994K(26112K) Class: 3103K(3264K)->3103K(3264K)
[5349.999s][info][gc             ] GC(1585) Pause Young (Allocation Failure) 4668M->2390M(7500M) 97.281ms
[5349.999s][info][gc,cpu         ] GC(1585) User=0.57s Sys=0.00s Real=0.10s
. (rIR:aIR:PR = 9132:9155:9155) (tPR = 136354) [OK] 
  5350s: Performance info:
         Transaction,    Success,    Partial,     Failed,   Receipts, AvgBarcode, 
             Overall,     553834,          0,          0,     526213,      59.47, 
         Response times:
             Request,    Success,    Partial,     Failed,   SkipFail,     Probes,    Samples,      min,      p50,      p90,      p95,      p99,      max, 
       TotalPurchase,     526197,          0,          0,          0,     351601,     433028,      200,     6300,    43000,    93000,   720000,   930000,
     InStorePurchase,     275917,          0,          0,          0,     184152,     226877,      300,     6300,    43000,    94000,   720000,   930000,
      OnlinePurchase,     194966,          0,          0,          0,     129930,     159939,      200,     6300,    42000,    94000,   710000,   930000,
        InstPurchase,      55314,          0,          0,          0,      37519,      46212,      400,     5800,    40000,    88000,   720000,   920000,
          AssocOfCat,        555,          0,          0,          0,        444,        649,    25000,    41000,    86000,   135500,   279000,   352000,
      AssocOfProduct,       5525,          0,          0,          0,       3956,       5124,     1600,     6500,    41500,    95000,   294000,   432000,
      BusinessReport,       1376,          0,          0,          0,       1205,       1597,    28000,    52000,   109000,   163100,   380120,   483000,
          CustBuyBeh,       5507,          0,          0,          0,       3935,       5011,      200,     5500,    40000,    81000,   285280,   437000,
       ProductReturn,      14660,          0,          0,          0,       9066,      11429,      200,     5500,    38000,    80000,   650000,   920000,

  5350s: (67%)   IR =   9271 .[5351.786s][info][gc,start       ] GC(1586) Pause Young (Allocation Failure)
[5351.884s][info][gc,heap        ] GC(1586) PSYoungGen: 2610144K(2619904K)->167476K(2614784K) Eden: 2446848K(2446848K)->0K(2446848K) From: 163296K(173056K)->167476K(167936K)
[5351.884s][info][gc,heap        ] GC(1586) ParOldGen: 2284832K(5060608K)->2387920K(5060608K)
[5351.884s][info][gc,metaspace   ] GC(1586) Metaspace: 29098K(29376K)->29098K(29376K) NonClass: 25994K(26112K)->25994K(26112K) Class: 3103K(3264K)->3103K(3264K)
[5351.884s][info][gc             ] GC(1586) Pause Young (Allocation Failure) 4780M->2495M(7495M) 97.877ms
[5351.884s][info][gc,cpu         ] GC(1586) User=0.58s Sys=0.00s Real=0.10s
..[5353.667s][info][gc,start       ] GC(1587) Pause Young (Allocation Failure)
[5353.765s][info][gc,heap        ] GC(1587) PSYoungGen: 2614324K(2614784K)->168164K(2616832K) Eden: 2446848K(2446848K)->0K(2440704K) From: 167476K(167936K)->168164K(176128K)
[5353.765s][info][gc,heap        ] GC(1587) ParOldGen: 2387920K(5060608K)->2491696K(5060608K)
[5353.765s][info][gc,metaspace   ] GC(1587) Metaspace: 29098K(29376K)->29098K(29376K) NonClass: 25994K(26112K)->25994K(26112K) Class: 3103K(3264K)->3103K(3264K)
[5353.765s][info][gc             ] GC(1587) Pause Young (Allocation Failure) 4885M->2597M(7497M) 98.635ms
[5353.765s][info][gc,cpu         ] GC(1587) User=0.58s Sys=0.00s Real=0.10s
..[5355.528s][info][gc,start       ] GC(1588) Pause Young (Allocation Failure)
[5355.622s][info][gc,heap        ] GC(1588) PSYoungGen: 2608868K(2616832K)->155200K(2618368K) Eden: 2440704K(2440704K)->0K(2440704K) From: 168164K(176128K)->155200K(177664K)
[5355.622s][info][gc,heap        ] GC(1588) ParOldGen: 2491696K(5060608K)->2596096K(5060608K)
[5355.622s][info][gc,metaspace   ] GC(1588) Metaspace: 29098K(29376K)->29098K(29376K) NonClass: 25994K(26112K)->25994K(26112K) Class: 3103K(3264K)->3103K(3264K)
[5355.622s][info][gc             ] GC(1588) Pause Young (Allocation Failure) 4981M->2686M(7499M) 94.360ms
[5355.622s][info][gc,cpu         ] GC(1588) User=0.55s Sys=0.00s Real=0.09s
.[5357.342s][info][gc,start       ] GC(1589) Pause Young (Allocation Failure)
[5357.435s][info][gc,heap        ] GC(1589) PSYoungGen: 2595904K(2618368K)->152480K(2616832K) Eden: 2440704K(2440704K)->0K(2441728K) From: 155200K(177664K)->152480K(175104K)
[5357.435s][info][gc,heap        ] GC(1589) ParOldGen: 2596096K(5060608K)->2703984K(5060608K)
[5357.435s][info][gc,metaspace   ] GC(1589) Metaspace: 29098K(29376K)->29098K(29376K) NonClass: 25994K(26112K)->25994K(26112K) Class: 3103K(3264K)->3103K(3264K)
[5357.435s][info][gc             ] GC(1589) Pause Young (Allocation Failure) 5070M->2789M(7497M) 93.179ms
[5357.435s][info][gc,cpu         ] GC(1589) User=0.55s Sys=0.00s Real=0.10s
..[5359.187s][info][gc,start       ] GC(1590) Pause Young (Allocation Failure)
[5359.284s][info][gc,heap        ] GC(1590) PSYoungGen: 2594208K(2616832K)->167524K(2617856K) Eden: 2441728K(2441728K)->0K(2441728K) From: 152480K(175104K)->167524K(176128K)
[5359.284s][info][gc,heap        ] GC(1590) ParOldGen: 2703984K(5060608K)->2804256K(5060608K)
[5359.284s][info][gc,metaspace   ] GC(1590) Metaspace: 29098K(29376K)->29098K(29376K) NonClass: 25994K(26112K)->25994K(26112K) Class: 3103K(3264K)->3103K(3264K)
[5359.284s][info][gc             ] GC(1590) Pause Young (Allocation Failure) 5174M->2902M(7498M) 97.889ms
[5359.285s][info][gc,cpu         ] GC(1590) User=0.58s Sys=0.00s Real=0.10s
..[5360.996s][info][gc,start       ] GC(1591) Pause Young (Allocation Failure)
[5361.093s][info][gc,heap        ] GC(1591) PSYoungGen: 2609252K(2617856K)->167072K(2616320K) Eden: 2441728K(2441728K)->0K(2438656K) From: 167524K(176128K)->167072K(177664K)
[5361.093s][info][gc,heap        ] GC(1591) ParOldGen: 2804256K(5060608K)->2910448K(5060608K)
[5361.093s][info][gc,metaspace   ] GC(1591) Metaspace: 29098K(29376K)->29098K(29376K) NonClass: 25994K(26112K)->25994K(26112K) Class: 3103K(3264K)->3103K(3264K)
[5361.093s][info][gc             ] GC(1591) Pause Young (Allocation Failure) 5286M->3005M(7497M) 97.205ms
[5361.093s][info][gc,cpu         ] GC(1591) User=0.57s Sys=0.00s Real=0.10s
..[5362.835s][info][gc,start       ] GC(1592) Pause Young (Allocation Failure)
[5362.931s][info][gc,heap        ] GC(1592) PSYoungGen: 2605728K(2616320K)->162096K(2600960K) Eden: 2438656K(2438656K)->0K(2438656K) From: 167072K(177664K)->162096K(162304K)
[5362.931s][info][gc,heap        ] GC(1592) ParOldGen: 2910448K(5060608K)->3017208K(5060608K)
[5362.931s][info][gc,metaspace   ] GC(1592) Metaspace: 29098K(29376K)->29098K(29376K) NonClass: 25994K(26112K)->25994K(26112K) Class: 3103K(3264K)->3103K(3264K)
[5362.931s][info][gc             ] GC(1592) Pause Young (Allocation Failure) 5386M->3104M(7482M) 96.021ms
[5362.931s][info][gc,cpu         ] GC(1592) User=0.57s Sys=0.00s Real=0.09s
..[5364.699s][info][gc,start       ] GC(1593) Pause Young (Allocation Failure)
[5364.791s][info][gc,heap        ] GC(1593) PSYoungGen: 2600752K(2600960K)->149984K(2616320K) Eden: 2438656K(2438656K)->0K(2439168K) From: 162096K(162304K)->149984K(177152K)
[5364.791s][info][gc,heap        ] GC(1593) ParOldGen: 3017208K(5060608K)->3122480K(5060608K)
[5364.791s][info][gc,metaspace   ] GC(1593) Metaspace: 29098K(29376K)->29098K(29376K) NonClass: 25994K(26112K)->25994K(26112K) Class: 3103K(3264K)->3103K(3264K)
[5364.791s][info][gc             ] GC(1593) Pause Young (Allocation Failure) 5486M->3195M(7497M) 91.873ms
[5364.791s][info][gc,cpu         ] GC(1593) User=0.54s Sys=0.00s Real=0.09s
..[5366.528s][info][gc,start       ] GC(1594) Pause Young (Allocation Failure)
[5366.620s][info][gc,heap        ] GC(1594) PSYoungGen: 2589152K(2616320K)->150240K(2616832K) Eden: 2439168K(2439168K)->0K(2439168K) From: 149984K(177152K)->150240K(177664K)
[5366.620s][info][gc,heap        ] GC(1594) ParOldGen: 3122480K(5060608K)->3225904K(5060608K)
[5366.620s][info][gc,metaspace   ] GC(1594) Metaspace: 29098K(29376K)->29098K(29376K) NonClass: 25994K(26112K)->25994K(26112K) Class: 3103K(3264K)->3103K(3264K)
[5366.620s][info][gc             ] GC(1594) Pause Young (Allocation Failure) 5577M->3297M(7497M) 91.540ms
[5366.620s][info][gc,cpu         ] GC(1594) User=0.54s Sys=0.00s Real=0.09s
.[5368.323s][info][gc,start       ] GC(1595) Pause Young (Allocation Failure)
[5368.418s][info][gc,heap        ] GC(1595) PSYoungGen: 2589408K(2616832K)->159589K(2615296K) Eden: 2439168K(2439168K)->0K(2440704K) From: 150240K(177664K)->159589K(174592K)
[5368.418s][info][gc,heap        ] GC(1595) ParOldGen: 3225904K(5060608K)->3328536K(5060608K)
[5368.418s][info][gc,metaspace   ] GC(1595) Metaspace: 29098K(29376K)->29098K(29376K) NonClass: 25994K(26112K)->25994K(26112K) Class: 3103K(3264K)->3103K(3264K)
[5368.418s][info][gc             ] GC(1595) Pause Young (Allocation Failure) 5679M->3406M(7496M) 95.456ms
[5368.418s][info][gc,cpu         ] GC(1595) User=0.56s Sys=0.01s Real=0.10s
..[5370.204s][info][gc,start       ] GC(1596) Pause Young (Allocation Failure)
[5370.295s][info][gc,heap        ] GC(1596) PSYoungGen: 2600293K(2615296K)->150528K(2616832K) Eden: 2440704K(2440704K)->0K(2440704K) From: 159589K(174592K)->150528K(176128K)
[5370.295s][info][gc,heap        ] GC(1596) ParOldGen: 3328536K(5060608K)->3434184K(5060608K)
[5370.295s][info][gc,metaspace   ] GC(1596) Metaspace: 29098K(29376K)->29098K(29376K) NonClass: 25994K(26112K)->25994K(26112K) Class: 3103K(3264K)->3103K(3264K)
[5370.295s][info][gc             ] GC(1596) Pause Young (Allocation Failure) 5789M->3500M(7497M) 91.139ms
[5370.295s][info][gc,cpu         ] GC(1596) User=0.54s Sys=0.00s Real=0.09s
..[5372.034s][info][gc,start       ] GC(1597) Pause Young (Allocation Failure)
[5372.138s][info][gc,heap        ] GC(1597) PSYoungGen: 2591232K(2616832K)->171648K(2614272K) Eden: 2440704K(2440704K)->0K(2438656K) From: 150528K(176128K)->171648K(175616K)
[5372.138s][info][gc,heap        ] GC(1597) ParOldGen: 3434184K(5060608K)->3537120K(5060608K)
[5372.138s][info][gc,metaspace   ] GC(1597) Metaspace: 29098K(29376K)->29098K(29376K) NonClass: 25994K(26112K)->25994K(26112K) Class: 3103K(3264K)->3103K(3264K)
[5372.138s][info][gc             ] GC(1597) Pause Young (Allocation Failure) 5884M->3621M(7495M) 103.794ms
[5372.138s][info][gc,cpu         ] GC(1597) User=0.61s Sys=0.01s Real=0.10s
..[5373.786s][info][gc,start       ] GC(1598) Pause Young (Allocation Failure)
[5373.881s][info][gc,heap        ] GC(1598) PSYoungGen: 2610304K(2614272K)->150528K(2617344K) Eden: 2438656K(2438656K)->0K(2438656K) From: 171648K(175616K)->150528K(178688K)
[5373.881s][info][gc,heap        ] GC(1598) ParOldGen: 3537120K(5060608K)->3645768K(5060608K)
[5373.881s][info][gc,metaspace   ] GC(1598) Metaspace: 29098K(29376K)->29098K(29376K) NonClass: 25994K(26112K)->25994K(26112K) Class: 3103K(3264K)->3103K(3264K)
[5373.881s][info][gc             ] GC(1598) Pause Young (Allocation Failure) 6003M->3707M(7498M) 95.258ms
[5373.881s][info][gc,cpu         ] GC(1598) User=0.57s Sys=0.00s Real=0.09s
..[5375.673s][info][gc,start       ] GC(1599) Pause Young (Allocation Failure)
[5375.772s][info][gc,heap        ] GC(1599) PSYoungGen: 2589184K(2617344K)->167796K(2615296K) Eden: 2438656K(2438656K)->0K(2436608K) From: 150528K(178688K)->167796K(178688K)
[5375.772s][info][gc,heap        ] GC(1599) ParOldGen: 3645768K(5060608K)->3743960K(5060608K)
[5375.772s][info][gc,metaspace   ] GC(1599) Metaspace: 29098K(29376K)->29098K(29376K) NonClass: 25994K(26112K)->25994K(26112K) Class: 3103K(3264K)->3103K(3264K)
[5375.772s][info][gc             ] GC(1599) Pause Young (Allocation Failure) 6088M->3820M(7496M) 99.643ms
[5375.772s][info][gc,cpu         ] GC(1599) User=0.58s Sys=0.00s Real=0.10s
..[5377.608s][info][gc,start       ] GC(1600) Pause Young (Allocation Failure)
[5377.704s][info][gc,heap        ] GC(1600) PSYoungGen: 2604404K(2615296K)->155488K(2616320K) Eden: 2436608K(2436608K)->0K(2436608K) From: 167796K(178688K)->155488K(179712K)
[5377.704s][info][gc,heap        ] GC(1600) ParOldGen: 3743960K(5060608K)->3851696K(5060608K)
[5377.704s][info][gc,metaspace   ] GC(1600) Metaspace: 29098K(29376K)->29098K(29376K) NonClass: 25994K(26112K)->25994K(26112K) Class: 3103K(3264K)->3103K(3264K)
[5377.704s][info][gc             ] GC(1600) Pause Young (Allocation Failure) 6199M->3913M(7497M) 96.078ms
[5377.704s][info][gc,cpu         ] GC(1600) User=0.56s Sys=0.00s Real=0.10s
.[5379.476s][info][gc,start       ] GC(1601) Pause Young (Allocation Failure)
[5379.576s][info][gc,heap        ] GC(1601) PSYoungGen: 2592096K(2616320K)->165636K(2615808K) Eden: 2436608K(2436608K)->0K(2437120K) From: 155488K(179712K)->165636K(178688K)
[5379.576s][info][gc,heap        ] GC(1601) ParOldGen: 3851696K(5060608K)->3955928K(5060608K)
[5379.576s][info][gc,metaspace   ] GC(1601) Metaspace: 29098K(29376K)->29098K(29376K) NonClass: 25994K(26112K)->25994K(26112K) Class: 3103K(3264K)->3103K(3264K)
[5379.576s][info][gc             ] GC(1601) Pause Young (Allocation Failure) 6292M->4024M(7496M) 99.987ms
[5379.576s][info][gc,cpu         ] GC(1601) User=0.59s Sys=0.00s Real=0.10s
..|[5381.196s][info][gc,start       ] GC(1602) Pause Young (Allocation Failure)
[5381.288s][info][gc,heap        ] GC(1602) PSYoungGen: 2602756K(2615808K)->147744K(2616320K) Eden: 2437120K(2437120K)->0K(2437120K) From: 165636K(178688K)->147744K(179200K)
[5381.288s][info][gc,heap        ] GC(1602) ParOldGen: 3955928K(5060608K)->4062936K(5060608K)
[5381.288s][info][gc,metaspace   ] GC(1602) Metaspace: 29098K(29376K)->29098K(29376K) NonClass: 25994K(26112K)->25994K(26112K) Class: 3103K(3264K)->3103K(3264K)
[5381.288s][info][gc             ] GC(1602) Pause Young (Allocation Failure) 6404M->4111M(7497M) 91.708ms
[5381.288s][info][gc,cpu         ] GC(1602) User=0.54s Sys=0.00s Real=0.09s
..[5383.059s][info][gc,start       ] GC(1603) Pause Young (Allocation Failure)
[5383.159s][info][gc,heap        ] GC(1603) PSYoungGen: 2584864K(2616320K)->170496K(2611712K) Eden: 2437120K(2437120K)->0K(2432512K) From: 147744K(179200K)->170496K(179200K)
[5383.159s][info][gc,heap        ] GC(1603) ParOldGen: 4062936K(5060608K)->4163048K(5060608K)
[5383.159s][info][gc,metaspace   ] GC(1603) Metaspace: 29098K(29376K)->29098K(29376K) NonClass: 25994K(26112K)->25994K(26112K) Class: 3103K(3264K)->3103K(3264K)
[5383.159s][info][gc             ] GC(1603) Pause Young (Allocation Failure) 6491M->4231M(7492M) 100.033ms
[5383.159s][info][gc,cpu         ] GC(1603) User=0.59s Sys=0.00s Real=0.10s
..[5384.990s][info][gc,start       ] GC(1604) Pause Young (Allocation Failure)
[5385.087s][info][gc,heap        ] GC(1604) PSYoungGen: 2603008K(2611712K)->158752K(2614272K) Eden: 2432512K(2432512K)->0K(2432512K) From: 170496K(179200K)->158752K(181760K)
[5385.087s][info][gc,heap        ] GC(1604) ParOldGen: 4163048K(5060608K)->4270376K(5060608K)
[5385.087s][info][gc,metaspace   ] GC(1604) Metaspace: 29098K(29376K)->29098K(29376K) NonClass: 25994K(26112K)->25994K(26112K) Class: 3103K(3264K)->3103K(3264K)
[5385.087s][info][gc             ] GC(1604) Pause Young (Allocation Failure) 6607M->4325M(7495M) 96.644ms
[5385.087s][info][gc,cpu         ] GC(1604) User=0.57s Sys=0.00s Real=0.10s
..[5386.847s][info][gc,start       ] GC(1605) Pause Young (Allocation Failure)
[5386.946s][info][gc,heap        ] GC(1605) PSYoungGen: 2591264K(2614272K)->160505K(2610688K) Eden: 2432512K(2432512K)->0K(2434560K) From: 158752K(181760K)->160505K(176128K)
[5386.946s][info][gc,heap        ] GC(1605) ParOldGen: 4270376K(5060608K)->4375648K(5060608K)
[5386.946s][info][gc,metaspace   ] GC(1605) Metaspace: 29098K(29376K)->29098K(29376K) NonClass: 25994K(26112K)->25994K(26112K) Class: 3103K(3264K)->3103K(3264K)
[5386.946s][info][gc             ] GC(1605) Pause Young (Allocation Failure) 6700M->4429M(7491M) 98.678ms
[5386.946s][info][gc,cpu         ] GC(1605) User=0.58s Sys=0.00s Real=0.10s
..[5388.680s][info][gc,start       ] GC(1606) Pause Young (Allocation Failure)
[5388.773s][info][gc,heap        ] GC(1606) PSYoungGen: 2595065K(2610688K)->150944K(2612736K) Eden: 2434560K(2434560K)->0K(2434560K) From: 160505K(176128K)->150944K(178176K)
[5388.773s][info][gc,heap        ] GC(1606) ParOldGen: 4375648K(5060608K)->4480392K(5060608K)
[5388.773s][info][gc,metaspace   ] GC(1606) Metaspace: 29098K(29376K)->29098K(29376K) NonClass: 25994K(26112K)->25994K(26112K) Class: 3103K(3264K)->3103K(3264K)
[5388.773s][info][gc             ] GC(1606) Pause Young (Allocation Failure) 6807M->4522M(7493M) 93.144ms
[5388.773s][info][gc,cpu         ] GC(1606) User=0.56s Sys=0.00s Real=0.09s
.[5390.627s][info][gc,start       ] GC(1607) Pause Young (Allocation Failure)
[5390.725s][info][gc,heap        ] GC(1607) PSYoungGen: 2585504K(2612736K)->162628K(2616320K) Eden: 2434560K(2434560K)->0K(2440192K) From: 150944K(178176K)->162628K(176128K)
[5390.725s][info][gc,heap        ] GC(1607) ParOldGen: 4480392K(5060608K)->4583544K(5060608K)
[5390.725s][info][gc,metaspace   ] GC(1607) Metaspace: 29098K(29376K)->29098K(29376K) NonClass: 25994K(26112K)->25994K(26112K) Class: 3103K(3264K)->3103K(3264K)
[5390.725s][info][gc             ] GC(1607) Pause Young (Allocation Failure) 6900M->4634M(7497M) 98.644ms
[5390.725s][info][gc,cpu         ] GC(1607) User=0.58s Sys=0.00s Real=0.10s
..[5392.509s][info][gc,start       ] GC(1608) Pause Young (Allocation Failure)
[5392.605s][info][gc,heap        ] GC(1608) PSYoungGen: 2602820K(2616320K)->153248K(2617344K) Eden: 2440192K(2440192K)->0K(2440192K) From: 162628K(176128K)->153248K(177152K)
[5392.605s][info][gc,heap        ] GC(1608) ParOldGen: 4583544K(5060608K)->4688192K(5060608K)
[5392.605s][info][gc,metaspace   ] GC(1608) Metaspace: 29098K(29376K)->29098K(29376K) NonClass: 25994K(26112K)->25994K(26112K) Class: 3103K(3264K)->3103K(3264K)
[5392.605s][info][gc             ] GC(1608) Pause Young (Allocation Failure) 7017M->4727M(7498M) 95.443ms
[5392.605s][info][gc,cpu         ] GC(1608) User=0.56s Sys=0.01s Real=0.10s
..[5394.332s][info][gc,start       ] GC(1609) Pause Young (Allocation Failure)
[5394.430s][info][gc,heap        ] GC(1609) PSYoungGen: 2593440K(2617344K)->159944K(2615296K) Eden: 2440192K(2440192K)->0K(2442240K) From: 153248K(177152K)->159944K(173056K)
[5394.430s][info][gc,heap        ] GC(1609) ParOldGen: 4688192K(5060608K)->4792968K(5060608K)
[5394.430s][info][gc,metaspace   ] GC(1609) Metaspace: 29098K(29376K)->29098K(29376K) NonClass: 25994K(26112K)->25994K(26112K) Class: 3103K(3264K)->3103K(3264K)
[5394.430s][info][gc             ] GC(1609) Pause Young (Allocation Failure) 7110M->4836M(7496M) 97.953ms
[5394.430s][info][gc,cpu         ] GC(1609) User=0.57s Sys=0.00s Real=0.10s
..[5396.169s][info][gc,start       ] GC(1610) Pause Young (Allocation Failure)
[5396.267s][info][gc,heap        ] GC(1610) PSYoungGen: 2602184K(2615296K)->159784K(2617344K) Eden: 2442240K(2442240K)->0K(2442240K) From: 159944K(173056K)->159784K(175104K)
[5396.267s][info][gc,heap        ] GC(1610) ParOldGen: 4792968K(5060608K)->4898080K(5060608K)
[5396.267s][info][gc,metaspace   ] GC(1610) Metaspace: 29098K(29376K)->29098K(29376K) NonClass: 25994K(26112K)->25994K(26112K) Class: 3103K(3264K)->3103K(3264K)
[5396.267s][info][gc             ] GC(1610) Pause Young (Allocation Failure) 7221M->4939M(7498M) 98.462ms
[5396.267s][info][gc,cpu         ] GC(1610) User=0.58s Sys=0.00s Real=0.10s
..[5398.018s][info][gc,start       ] GC(1611) Pause Young (Allocation Failure)
[5398.117s][info][gc,heap        ] GC(1611) PSYoungGen: 2602024K(2617344K)->164324K(2620928K) Eden: 2442240K(2442240K)->0K(2446848K) From: 159784K(175104K)->164324K(174080K)
[5398.117s][info][gc,heap        ] GC(1611) ParOldGen: 4898080K(5060608K)->5002472K(5060608K)
[5398.117s][info][gc,metaspace   ] GC(1611) Metaspace: 29098K(29376K)->29098K(29376K) NonClass: 25994K(26112K)->25994K(26112K) Class: 3103K(3264K)->3103K(3264K)
[5398.117s][info][gc             ] GC(1611) Pause Young (Allocation Failure) 7324M->5045M(7501M) 99.247ms
[5398.117s][info][gc,cpu         ] GC(1611) User=0.58s Sys=0.00s Real=0.10s
..[5399.823s][info][gc,start       ] GC(1612) Pause Young (Allocation Failure)
[5399.924s][info][gc,heap        ] GC(1612) PSYoungGen: 2611172K(2620928K)->161333K(2608640K) Eden: 2446848K(2446848K)->0K(2446848K) From: 164324K(174080K)->161333K(161792K)
[5399.924s][info][gc,heap        ] GC(1612) ParOldGen: 5002472K(5060608K)->5106704K(5107200K)
[5399.924s][info][gc,metaspace   ] GC(1612) Metaspace: 29098K(29376K)->29098K(29376K) NonClass: 25994K(26112K)->25994K(26112K) Class: 3103K(3264K)->3103K(3264K)
[5399.924s][info][gc             ] GC(1612) Pause Young (Allocation Failure) 7435M->5144M(7535M) 100.931ms
[5399.924s][info][gc,cpu         ] GC(1612) User=0.57s Sys=0.01s Real=0.10s
.[5401.653s][info][gc,start       ] GC(1613) Pause Young (Allocation Failure)
[5401.763s][info][gc,heap        ] GC(1613) PSYoungGen: 2608181K(2608640K)->173566K(2537472K) Eden: 2446848K(2446848K)->0K(2363904K) From: 161333K(161792K)->173566K(173568K)
[5401.763s][info][gc,heap        ] GC(1613) ParOldGen: 5106704K(5107200K)->5211112K(5211136K)
[5401.763s][info][gc,metaspace   ] GC(1613) Metaspace: 29098K(29376K)->29098K(29376K) NonClass: 25994K(26112K)->25994K(26112K) Class: 3103K(3264K)->3103K(3264K)
[5401.763s][info][gc             ] GC(1613) Pause Young (Allocation Failure) 7534M->5258M(7567M) 109.703ms
[5401.763s][info][gc,cpu         ] GC(1613) User=0.61s Sys=0.04s Real=0.11s
..[5403.516s][info][gc,start       ] GC(1614) Pause Young (Allocation Failure)
[5403.616s][info][gc,heap        ] GC(1614) PSYoungGen: 2537470K(2537472K)->151168K(2579968K) Eden: 2363904K(2363904K)->0K(2363904K) From: 173566K(173568K)->151168K(216064K)
[5403.616s][info][gc,heap        ] GC(1614) ParOldGen: 5211112K(5211136K)->5315344K(5315584K)
[5403.616s][info][gc,metaspace   ] GC(1614) Metaspace: 29098K(29376K)->29098K(29376K) NonClass: 25994K(26112K)->25994K(26112K) Class: 3103K(3264K)->3103K(3264K)
[5403.616s][info][gc             ] GC(1614) Pause Young (Allocation Failure) 7566M->5338M(7710M) 99.169ms
[5403.616s][info][gc,cpu         ] GC(1614) User=0.55s Sys=0.03s Real=0.10s
..[5405.254s][info][gc,start       ] GC(1615) Pause Young (Allocation Failure)
[5405.353s][info][gc,heap        ] GC(1615) PSYoungGen: 2515072K(2579968K)->155760K(2574848K) Eden: 2363904K(2363904K)->0K(2364928K) From: 151168K(216064K)->155760K(209920K)
[5405.353s][info][gc,heap        ] GC(1615) ParOldGen: 5315344K(5315584K)->5420048K(5420544K)
[5405.353s][info][gc,metaspace   ] GC(1615) Metaspace: 29098K(29376K)->29098K(29376K) NonClass: 25994K(26112K)->25994K(26112K) Class: 3103K(3264K)->3103K(3264K)
[5405.353s][info][gc             ] GC(1615) Pause Young (Allocation Failure) 7646M->5445M(7808M) 99.749ms
[5405.354s][info][gc,cpu         ] GC(1615) User=0.57s Sys=0.03s Real=0.10s
..[5407.019s][info][gc,start       ] GC(1616) Pause Young (Allocation Failure)
[5407.117s][info][gc,heap        ] GC(1616) PSYoungGen: 2520688K(2574848K)->151360K(2577920K) Eden: 2364928K(2364928K)->0K(2364928K) From: 155760K(209920K)->151360K(212992K)
[5407.117s][info][gc,heap        ] GC(1616) ParOldGen: 5420048K(5420544K)->5523056K(5523456K)
[5407.117s][info][gc,metaspace   ] GC(1616) Metaspace: 29098K(29376K)->29098K(29376K) NonClass: 25994K(26112K)->25994K(26112K) Class: 3103K(3264K)->3103K(3264K)
[5407.117s][info][gc             ] GC(1616) Pause Young (Allocation Failure) 7754M->5541M(7911M) 97.866ms
[5407.117s][info][gc,cpu         ] GC(1616) User=0.53s Sys=0.04s Real=0.10s
..[5408.828s][info][gc,start       ] GC(1617) Pause Full (Allocation Failure)
[5408.828s][info][gc,phases,start] GC(1617) Marking Phase
[5409.150s][info][gc,phases      ] GC(1617) Marking Phase 321.197ms
[5409.150s][info][gc,phases,start] GC(1617) Summary Phase
[5409.150s][info][gc,phases      ] GC(1617) Summary Phase 0.107ms
[5409.150s][info][gc,phases,start] GC(1617) Forward
[5409.276s][info][gc,phases      ] GC(1617) Forward 126.529ms
[5409.276s][info][gc,phases,start] GC(1617) Adjust Pointers
[5409.492s][info][gc,phases      ] GC(1617) Adjust Pointers 215.446ms
[5409.492s][info][gc,phases,start] GC(1617) Compaction Phase
[5409.641s][info][gc,phases      ] GC(1617) Compaction Phase 149.169ms
[5409.643s][info][gc,phases,start] GC(1617) Post Compact
[5409.650s][info][gc,phases      ] GC(1617) Post Compact 6.868ms
[5409.778s][info][gc,heap        ] GC(1617) PSYoungGen: 2516288K(2577920K)->0K(2581504K) Eden: 2364928K(2364928K)->0K(2371584K) From: 151360K(212992K)->0K(209920K)
[5409.778s][info][gc,heap        ] GC(1617) ParOldGen: 5523056K(5523456K)->1621971K(1999360K)
[5409.778s][info][gc,metaspace   ] GC(1617) Metaspace: 29098K(29376K)->29098K(29376K) NonClass: 25994K(26112K)->25994K(26112K) Class: 3103K(3264K)->3103K(3264K)
[5409.778s][info][gc             ] GC(1617) Pause Full (Allocation Failure) 7850M->1583M(4473M) 949.856ms
[5409.778s][info][gc,cpu         ] GC(1617) User=4.42s Sys=0.13s Real=0.95s
..[5411.012s][info][gc,start       ] GC(1618) Pause Young (Allocation Failure)
[5411.081s][info][gc,heap        ] GC(1618) PSYoungGen: 2371584K(2581504K)->165029K(2536960K) Eden: 2371584K(2371584K)->0K(2371584K) From: 0K(209920K)->165029K(165376K)
[5411.081s][info][gc,heap        ] GC(1618) ParOldGen: 1621971K(1999360K)->1621971K(1999360K)
[5411.081s][info][gc,metaspace   ] GC(1618) Metaspace: 29098K(29376K)->29098K(29376K) NonClass: 25994K(26112K)->25994K(26112K) Class: 3103K(3264K)->3103K(3264K)
[5411.081s][info][gc             ] GC(1618) Pause Young (Allocation Failure) 3899M->1745M(4430M) 69.013ms
[5411.081s][info][gc,cpu         ] GC(1618) User=0.41s Sys=0.01s Real=0.07s
.[5412.526s][info][gc,start       ] GC(1619) Pause Young (Allocation Failure)
[5412.619s][info][gc,heap        ] GC(1619) PSYoungGen: 2536613K(2536960K)->156340K(2583552K) Eden: 2371584K(2371584K)->0K(2376704K) From: 165029K(165376K)->156340K(206848K)
[5412.619s][info][gc,heap        ] GC(1619) ParOldGen: 1621971K(1999360K)->1726971K(1999360K)
[5412.619s][info][gc,metaspace   ] GC(1619) Metaspace: 29098K(29376K)->29098K(29376K) NonClass: 25994K(26112K)->25994K(26112K) Class: 3103K(3264K)->3103K(3264K)
[5412.619s][info][gc             ] GC(1619) Pause Young (Allocation Failure) 4061M->1839M(4475M) 93.025ms
[5412.619s][info][gc,cpu         ] GC(1619) User=0.55s Sys=0.00s Real=0.09s
..[5414.269s][info][gc,start       ] GC(1620) Pause Young (Allocation Failure)
[5414.362s][info][gc,heap        ] GC(1620) PSYoungGen: 2533044K(2583552K)->150964K(2581504K) Eden: 2376704K(2376704K)->0K(2376704K) From: 156340K(206848K)->150964K(204800K)
[5414.362s][info][gc,heap        ] GC(1620) ParOldGen: 1726971K(1999360K)->1832171K(1999360K)
[5414.362s][info][gc,metaspace   ] GC(1620) Metaspace: 29098K(29376K)->29098K(29376K) NonClass: 25994K(26112K)->25994K(26112K) Class: 3103K(3264K)->3103K(3264K)
[5414.362s][info][gc             ] GC(1620) Pause Young (Allocation Failure) 4160M->1936M(4473M) 92.517ms
[5414.362s][info][gc,cpu         ] GC(1620) User=0.54s Sys=0.00s Real=0.09s
..[5416.155s][info][gc,start       ] GC(1621) Pause Young (Allocation Failure)
[5416.252s][info][gc,heap        ] GC(1621) PSYoungGen: 2527668K(2581504K)->168884K(2589184K) Eden: 2376704K(2376704K)->0K(2386432K) From: 150964K(204800K)->168884K(202752K)
[5416.252s][info][gc,heap        ] GC(1621) ParOldGen: 1832171K(1999360K)->1934203K(1999360K)
[5416.252s][info][gc,metaspace   ] GC(1621) Metaspace: 29098K(29376K)->29098K(29376K) NonClass: 25994K(26112K)->25994K(26112K) Class: 3103K(3264K)->3103K(3264K)
[5416.252s][info][gc             ] GC(1621) Pause Young (Allocation Failure) 4257M->2053M(4481M) 97.584ms
[5416.252s][info][gc,cpu         ] GC(1621) User=0.58s Sys=0.00s Real=0.09s
..[5417.965s][info][gc,start       ] GC(1622) Pause Young (Allocation Failure)
[5418.064s][info][gc,heap        ] GC(1622) PSYoungGen: 2555316K(2589184K)->166317K(2587648K) Eden: 2386432K(2386432K)->0K(2386432K) From: 168884K(202752K)->166317K(201216K)
[5418.064s][info][gc,heap        ] GC(1622) ParOldGen: 1934203K(1999360K)->2037667K(2037760K)
[5418.064s][info][gc,metaspace   ] GC(1622) Metaspace: 29098K(29376K)->29098K(29376K) NonClass: 25994K(26112K)->25994K(26112K) Class: 3103K(3264K)->3103K(3264K)
[5418.064s][info][gc             ] GC(1622) Pause Young (Allocation Failure) 4384M->2152M(4517M) 99.336ms
[5418.065s][info][gc,cpu         ] GC(1622) User=0.57s Sys=0.01s Real=0.10s
.[5419.754s][info][gc,start       ] GC(1623) Pause Young (Allocation Failure)
[5419.853s][info][gc,heap        ] GC(1623) PSYoungGen: 2552749K(2587648K)->158820K(2592256K) Eden: 2386432K(2386432K)->0K(2394112K) From: 166317K(201216K)->158820K(198144K)
[5419.853s][info][gc,heap        ] GC(1623) ParOldGen: 2037667K(2037760K)->2140811K(2141184K)
[5419.853s][info][gc,metaspace   ] GC(1623) Metaspace: 29098K(29376K)->29098K(29376K) NonClass: 25994K(26112K)->25994K(26112K) Class: 3103K(3264K)->3103K(3264K)
[5419.853s][info][gc             ] GC(1623) Pause Young (Allocation Failure) 4482M->2245M(4622M) 98.815ms
[5419.853s][info][gc,cpu         ] GC(1623) User=0.54s Sys=0.03s Real=0.09s
..[5421.547s][info][gc,start       ] GC(1624) Pause Young (Allocation Failure)
[5421.642s][info][gc,heap        ] GC(1624) PSYoungGen: 2552932K(2592256K)->146880K(2590208K) Eden: 2394112K(2394112K)->0K(2394112K) From: 158820K(198144K)->146880K(196096K)
[5421.642s][info][gc,heap        ] GC(1624) ParOldGen: 2140811K(2141184K)->2246475K(2246656K)
[5421.642s][info][gc,metaspace   ] GC(1624) Metaspace: 29098K(29376K)->29098K(29376K) NonClass: 25994K(26112K)->25994K(26112K) Class: 3103K(3264K)->3103K(3264K)
[5421.642s][info][gc             ] GC(1624) Pause Young (Allocation Failure) 4583M->2337M(4723M) 95.009ms
[5421.642s][info][gc,cpu         ] GC(1624) User=0.53s Sys=0.03s Real=0.09s
..[5423.345s][info][gc,start       ] GC(1625) Pause Young (Allocation Failure)
[5423.441s][info][gc,heap        ] GC(1625) PSYoungGen: 2540992K(2590208K)->155216K(2597888K) Eden: 2394112K(2394112K)->0K(2403840K) From: 146880K(196096K)->155216K(194048K)
[5423.441s][info][gc,heap        ] GC(1625) ParOldGen: 2246475K(2246656K)->2346867K(2347008K)
[5423.441s][info][gc,metaspace   ] GC(1625) Metaspace: 29098K(29376K)->29098K(29376K) NonClass: 25994K(26112K)->25994K(26112K) Class: 3103K(3264K)->3103K(3264K)
[5423.441s][info][gc             ] GC(1625) Pause Young (Allocation Failure) 4675M->2443M(4829M) 95.630ms
[5423.441s][info][gc,cpu         ] GC(1625) User=0.53s Sys=0.03s Real=0.09s
..[5425.212s][info][gc,start       ] GC(1626) Pause Young (Allocation Failure)
[5425.308s][info][gc,heap        ] GC(1626) PSYoungGen: 2559056K(2597888K)->151824K(2597376K) Eden: 2403840K(2403840K)->0K(2403840K) From: 155216K(194048K)->151824K(193536K)
[5425.308s][info][gc,heap        ] GC(1626) ParOldGen: 2346867K(2347008K)->2451667K(2451968K)
[5425.308s][info][gc,metaspace   ] GC(1626) Metaspace: 29098K(29376K)->29098K(29376K) NonClass: 25994K(26112K)->25994K(26112K) Class: 3103K(3264K)->3103K(3264K)
[5425.308s][info][gc             ] GC(1626) Pause Young (Allocation Failure) 4790M->2542M(4931M) 96.353ms
[5425.308s][info][gc,cpu         ] GC(1626) User=0.53s Sys=0.03s Real=0.10s
..[5427.135s][info][gc,start       ] GC(1627) Pause Young (Allocation Failure)
[5427.234s][info][gc,heap        ] GC(1627) PSYoungGen: 2555664K(2597376K)->160480K(2598400K) Eden: 2403840K(2403840K)->0K(2410496K) From: 151824K(193536K)->160480K(187904K)
[5427.234s][info][gc,heap        ] GC(1627) ParOldGen: 2451667K(2451968K)->2555811K(2555904K)
[5427.234s][info][gc,metaspace   ] GC(1627) Metaspace: 29098K(29376K)->29098K(29376K) NonClass: 25994K(26112K)->25994K(26112K) Class: 3103K(3264K)->3103K(3264K)
[5427.234s][info][gc             ] GC(1627) Pause Young (Allocation Failure) 4889M->2652M(5033M) 99.754ms
[5427.234s][info][gc,cpu         ] GC(1627) User=0.56s Sys=0.04s Real=0.10s
..[5429.115s][info][gc,start       ] GC(1628) Pause Young (Allocation Failure)
[5429.221s][info][gc,heap        ] GC(1628) PSYoungGen: 2570976K(2598400K)->174698K(2599424K) Eden: 2410496K(2410496K)->0K(2410496K) From: 160480K(187904K)->174698K(188928K)
[5429.222s][info][gc,heap        ] GC(1628) ParOldGen: 2555811K(2555904K)->2659851K(2660352K)
[5429.222s][info][gc,metaspace   ] GC(1628) Metaspace: 29098K(29376K)->29098K(29376K) NonClass: 25994K(26112K)->25994K(26112K) Class: 3103K(3264K)->3103K(3264K)
[5429.222s][info][gc             ] GC(1628) Pause Young (Allocation Failure) 5006M->2768M(5136M) 107.013ms
[5429.222s][info][gc,cpu         ] GC(1628) User=0.60s Sys=0.03s Real=0.10s
.[5430.994s][info][gc,start       ] GC(1629) Pause Young (Allocation Failure)
[5431.092s][info][gc,heap        ] GC(1629) PSYoungGen: 2585194K(2599424K)->153792K(2605568K) Eden: 2410496K(2410496K)->0K(2414592K) From: 174698K(188928K)->153792K(190976K)
[5431.092s][info][gc,heap        ] GC(1629) ParOldGen: 2659851K(2660352K)->2766691K(2766848K)
[5431.092s][info][gc,metaspace   ] GC(1629) Metaspace: 29098K(29376K)->29098K(29376K) NonClass: 25994K(26112K)->25994K(26112K) Class: 3103K(3264K)->3103K(3264K)
[5431.092s][info][gc             ] GC(1629) Pause Young (Allocation Failure) 5122M->2852M(5246M) 98.485ms
[5431.092s][info][gc,cpu         ] GC(1629) User=0.55s Sys=0.04s Real=0.09s
..[5432.784s][info][gc,start       ] GC(1630) Pause Young (Allocation Failure)
[5432.882s][info][gc,heap        ] GC(1630) PSYoungGen: 2568384K(2605568K)->164148K(2578944K) Eden: 2414592K(2414592K)->0K(2414592K) From: 153792K(190976K)->164148K(164352K)
[5432.882s][info][gc,heap        ] GC(1630) ParOldGen: 2766691K(2766848K)->2865587K(2865664K)
[5432.882s][info][gc,metaspace   ] GC(1630) Metaspace: 29098K(29376K)->29098K(29376K) NonClass: 25994K(26112K)->25994K(26112K) Class: 3103K(3264K)->3103K(3264K)
[5432.882s][info][gc             ] GC(1630) Pause Young (Allocation Failure) 5210M->2958M(5317M) 98.682ms
[5432.882s][info][gc,cpu         ] GC(1630) User=0.55s Sys=0.04s Real=0.09s
..[5434.667s][info][gc,start       ] GC(1631) Pause Young (Allocation Failure)
[5434.770s][info][gc,heap        ] GC(1631) PSYoungGen: 2578740K(2578944K)->159833K(2605056K) Eden: 2414592K(2414592K)->0K(2417152K) From: 164148K(164352K)->159833K(187904K)
[5434.770s][info][gc,heap        ] GC(1631) ParOldGen: 2865587K(2865664K)->2972731K(2973184K)
[5434.770s][info][gc,metaspace   ] GC(1631) Metaspace: 29098K(29376K)->29098K(29376K) NonClass: 25994K(26112K)->25994K(26112K) Class: 3103K(3264K)->3103K(3264K)
[5434.770s][info][gc             ] GC(1631) Pause Young (Allocation Failure) 5316M->3059M(5447M) 102.774ms
[5434.770s][info][gc,cpu         ] GC(1631) User=0.58s Sys=0.03s Real=0.10s
..[5436.488s][info][gc,start       ] GC(1632) Pause Young (Allocation Failure)
[5436.587s][info][gc,heap        ] GC(1632) PSYoungGen: 2576985K(2605056K)->158276K(2603008K) Eden: 2417152K(2417152K)->0K(2417152K) From: 159833K(187904K)->158276K(185856K)
[5436.587s][info][gc,heap        ] GC(1632) ParOldGen: 2972731K(2973184K)->3074699K(3075072K)
[5436.587s][info][gc,metaspace   ] GC(1632) Metaspace: 29098K(29376K)->29098K(29376K) NonClass: 25994K(26112K)->25994K(26112K) Class: 3103K(3264K)->3103K(3264K)
[5436.587s][info][gc             ] GC(1632) Pause Young (Allocation Failure) 5419M->3157M(5545M) 98.522ms
[5436.587s][info][gc,cpu         ] GC(1632) User=0.55s Sys=0.03s Real=0.10s
..[5438.393s][info][gc,start       ] GC(1633) Pause Young (Allocation Failure)
[5438.488s][info][gc,heap        ] GC(1633) PSYoungGen: 2575428K(2603008K)->151840K(2606592K) Eden: 2417152K(2417152K)->0K(2422784K) From: 158276K(185856K)->151840K(183808K)
[5438.488s][info][gc,heap        ] GC(1633) ParOldGen: 3074699K(3075072K)->3177027K(3177472K)
[5438.488s][info][gc,metaspace   ] GC(1633) Metaspace: 29098K(29376K)->29098K(29376K) NonClass: 25994K(26112K)->25994K(26112K) Class: 3103K(3264K)->3103K(3264K)
[5438.488s][info][gc             ] GC(1633) Pause Young (Allocation Failure) 5517M->3250M(5648M) 95.533ms
[5438.488s][info][gc,cpu         ] GC(1633) User=0.54s Sys=0.02s Real=0.10s
..[5440.165s][info][gc,start       ] GC(1634) Pause Young (Allocation Failure)
[5440.259s][info][gc,heap        ] GC(1634) PSYoungGen: 2574624K(2606592K)->145280K(2606080K) Eden: 2422784K(2422784K)->0K(2422784K) From: 151840K(183808K)->145280K(183296K)
[5440.259s][info][gc,heap        ] GC(1634) ParOldGen: 3177027K(3177472K)->3284051K(3284480K)
[5440.259s][info][gc,metaspace   ] GC(1634) Metaspace: 29098K(29376K)->29098K(29376K) NonClass: 25994K(26112K)->25994K(26112K) Class: 3103K(3264K)->3103K(3264K)
[5440.259s][info][gc             ] GC(1634) Pause Young (Allocation Failure) 5616M->3348M(5752M) 94.642ms
[5440.259s][info][gc,cpu         ] GC(1634) User=0.53s Sys=0.04s Real=0.09s
. (rIR:aIR:PR = 9271:9230:9230) (tPR = 134668) [OK] 
  5441s: Performance info:
         Transaction,    Success,    Partial,     Failed,   Receipts, AvgBarcode, 
             Overall,     558339,          0,          0,     530190,      59.48, 
         Response times:
             Request,    Success,    Partial,     Failed,   SkipFail,     Probes,    Samples,      min,      p50,      p90,      p95,      p99,      max, 
       TotalPurchase,     530158,          0,          0,          0,     353279,     548331,      300,     6500,    49000,    85000,   553000,  1100000,
     InStorePurchase,     281418,          0,          0,          0,     186388,     289245,      300,     6500,    49000,    86000,   553000,  1100000,
      OnlinePurchase,     191951,          0,          0,          0,     129511,     200849,      300,     6600,    49000,    85000,   557000,  1100000,
        InstPurchase,      56789,          0,          0,          0,      37380,      58237,      400,     6600,    50000,    85000,   610000,  1100000,
          AssocOfCat,        561,          0,          0,          0,        451,        818,    23000,    42000,    90000,   134050,   704300,  1200000,
      AssocOfProduct,       5559,          0,          0,          0,       3947,       6523,      600,     8000,    56000,    76000,   141520,   363000,
      BusinessReport,       1405,          0,          0,          0,       1213,       2065,    29000,    51000,   108000,   156000,   610000,  1200000,
          CustBuyBeh,       5608,          0,          0,          0,       4012,       6508,      300,     7200,    52000,    85000,   450000,   547000,
       ProductReturn,      15013,          0,          0,          0,       9372,      14779,      200,     7000,    52000,    90000,   690000,   860000,

  5441s: (68%)   IR =   9409 [5441.991s][info][gc,start       ] GC(1635) Pause Young (Allocation Failure)
[5442.094s][info][gc,heap        ] GC(1635) PSYoungGen: 2568064K(2606080K)->171104K(2608640K) Eden: 2422784K(2422784K)->0K(2425344K) From: 145280K(183296K)->171104K(183296K)
[5442.094s][info][gc,heap        ] GC(1635) ParOldGen: 3284051K(3284480K)->3386267K(3386368K)
[5442.094s][info][gc,metaspace   ] GC(1635) Metaspace: 29098K(29376K)->29098K(29376K) NonClass: 25994K(26112K)->25994K(26112K) Class: 3103K(3264K)->3103K(3264K)
[5442.094s][info][gc             ] GC(1635) Pause Young (Allocation Failure) 5714M->3473M(5854M) 103.448ms
[5442.094s][info][gc,cpu         ] GC(1635) User=0.59s Sys=0.02s Real=0.11s
..[5443.775s][info][gc,start       ] GC(1636) Pause Young (Allocation Failure)
[5443.874s][info][gc,heap        ] GC(1636) PSYoungGen: 2596448K(2608640K)->152416K(2610688K) Eden: 2425344K(2425344K)->0K(2425344K) From: 171104K(183296K)->152416K(185344K)
[5443.874s][info][gc,heap        ] GC(1636) ParOldGen: 3386267K(3386368K)->3493411K(3493888K)
[5443.874s][info][gc,metaspace   ] GC(1636) Metaspace: 29098K(29376K)->29098K(29376K) NonClass: 25994K(26112K)->25994K(26112K) Class: 3103K(3264K)->3103K(3264K)
[5443.874s][info][gc             ] GC(1636) Pause Young (Allocation Failure) 5842M->3560M(5961M) 99.209ms
[5443.874s][info][gc,cpu         ] GC(1636) User=0.55s Sys=0.04s Real=0.10s
..[5445.614s][info][gc,start       ] GC(1637) Pause Young (Allocation Failure)
[5445.713s][info][gc,heap        ] GC(1637) PSYoungGen: 2577760K(2610688K)->157280K(2605568K) Eden: 2425344K(2425344K)->0K(2426368K) From: 152416K(185344K)->157280K(179200K)
[5445.713s][info][gc,heap        ] GC(1637) ParOldGen: 3493411K(3493888K)->3596467K(3596800K)
[5445.713s][info][gc,metaspace   ] GC(1637) Metaspace: 29098K(29376K)->29098K(29376K) NonClass: 25994K(26112K)->25994K(26112K) Class: 3103K(3264K)->3103K(3264K)
[5445.713s][info][gc             ] GC(1637) Pause Young (Allocation Failure) 5928M->3665M(6057M) 98.228ms
[5445.713s][info][gc,cpu         ] GC(1637) User=0.54s Sys=0.03s Real=0.09s
..[5447.446s][info][gc,start       ] GC(1638) Pause Young (Allocation Failure)
[5447.556s][info][gc,heap        ] GC(1638) PSYoungGen: 2583648K(2605568K)->176937K(2608640K) Eden: 2426368K(2426368K)->0K(2426368K) From: 157280K(179200K)->176937K(182272K)
[5447.556s][info][gc,heap        ] GC(1638) ParOldGen: 3596467K(3596800K)->3700099K(3700224K)
[5447.556s][info][gc,metaspace   ] GC(1638) Metaspace: 29098K(29376K)->29098K(29376K) NonClass: 25994K(26112K)->25994K(26112K) Class: 3103K(3264K)->3103K(3264K)
[5447.556s][info][gc             ] GC(1638) Pause Young (Allocation Failure) 6035M->3786M(6161M) 109.491ms
[5447.556s][info][gc,cpu         ] GC(1638) User=0.61s Sys=0.03s Real=0.11s
.[5449.205s][info][gc,start       ] GC(1639) Pause Young (Allocation Failure)
[5449.305s][info][gc,heap        ] GC(1639) PSYoungGen: 2603305K(2608640K)->156368K(2611200K) Eden: 2426368K(2426368K)->0K(2424832K) From: 176937K(182272K)->156368K(186368K)
[5449.305s][info][gc,heap        ] GC(1639) ParOldGen: 3700099K(3700224K)->3807043K(3807232K)
[5449.305s][info][gc,metaspace   ] GC(1639) Metaspace: 29098K(29376K)->29098K(29376K) NonClass: 25994K(26112K)->25994K(26112K) Class: 3103K(3264K)->3103K(3264K)
[5449.305s][info][gc             ] GC(1639) Pause Young (Allocation Failure) 6155M->3870M(6268M) 100.524ms
[5449.305s][info][gc,cpu         ] GC(1639) User=0.56s Sys=0.03s Real=0.10s
..[5451.045s][info][gc,start       ] GC(1640) Pause Young (Allocation Failure)
[5451.145s][info][gc,heap        ] GC(1640) PSYoungGen: 2581200K(2611200K)->158784K(2584064K) Eden: 2424832K(2424832K)->0K(2424832K) From: 156368K(186368K)->158784K(159232K)
[5451.145s][info][gc,heap        ] GC(1640) ParOldGen: 3807043K(3807232K)->3911683K(3912192K)
[5451.145s][info][gc,metaspace   ] GC(1640) Metaspace: 29098K(29376K)->29098K(29376K) NonClass: 25994K(26112K)->25994K(26112K) Class: 3103K(3264K)->3103K(3264K)
[5451.145s][info][gc             ] GC(1640) Pause Young (Allocation Failure) 6238M->3975M(6344M) 99.541ms
[5451.145s][info][gc,cpu         ] GC(1640) User=0.56s Sys=0.03s Real=0.10s
..[5452.898s][info][gc,start       ] GC(1641) Pause Young (Allocation Failure)
[5453.000s][info][gc,heap        ] GC(1641) PSYoungGen: 2583616K(2584064K)->163828K(2607616K) Eden: 2424832K(2424832K)->0K(2425344K) From: 158784K(159232K)->163828K(182272K)
[5453.000s][info][gc,heap        ] GC(1641) ParOldGen: 3911683K(3912192K)->4014683K(4015104K)
[5453.000s][info][gc,metaspace   ] GC(1641) Metaspace: 29098K(29376K)->29098K(29376K) NonClass: 25994K(26112K)->25994K(26112K) Class: 3103K(3264K)->3103K(3264K)
[5453.000s][info][gc             ] GC(1641) Pause Young (Allocation Failure) 6343M->4080M(6467M) 101.696ms
[5453.000s][info][gc,cpu         ] GC(1641) User=0.56s Sys=0.03s Real=0.10s
.|.[5454.782s][info][gc,start       ] GC(1642) Pause Young (Allocation Failure)
[5454.883s][info][gc,heap        ] GC(1642) PSYoungGen: 2589172K(2607616K)->159941K(2607104K) Eden: 2425344K(2425344K)->0K(2425344K) From: 163828K(182272K)->159941K(181760K)
[5454.883s][info][gc,heap        ] GC(1642) ParOldGen: 4014683K(4015104K)->4117363K(4117504K)
[5454.883s][info][gc,metaspace   ] GC(1642) Metaspace: 29098K(29376K)->29098K(29376K) NonClass: 25994K(26112K)->25994K(26112K) Class: 3103K(3264K)->3103K(3264K)
[5454.883s][info][gc             ] GC(1642) Pause Young (Allocation Failure) 6449M->4177M(6567M) 100.259ms
[5454.883s][info][gc,cpu         ] GC(1642) User=0.56s Sys=0.03s Real=0.10s
..[5456.587s][info][gc,start       ] GC(1643) Pause Young (Allocation Failure)
[5456.687s][info][gc,heap        ] GC(1643) PSYoungGen: 2585285K(2607104K)->160864K(2612224K) Eden: 2425344K(2425344K)->0K(2434048K) From: 159941K(181760K)->160864K(178176K)
[5456.687s][info][gc,heap        ] GC(1643) ParOldGen: 4117363K(4117504K)->4219323K(4219392K)
[5456.687s][info][gc,metaspace   ] GC(1643) Metaspace: 29098K(29376K)->29098K(29376K) NonClass: 25994K(26112K)->25994K(26112K) Class: 3103K(3264K)->3103K(3264K)
[5456.687s][info][gc             ] GC(1643) Pause Young (Allocation Failure) 6545M->4277M(6671M) 100.294ms
[5456.687s][info][gc,cpu         ] GC(1643) User=0.55s Sys=0.03s Real=0.10s
..[5458.431s][info][gc,start       ] GC(1644) Pause Young (Allocation Failure)
[5458.529s][info][gc,heap        ] GC(1644) PSYoungGen: 2594912K(2612224K)->149088K(2611712K) Eden: 2434048K(2434048K)->0K(2434048K) From: 160864K(178176K)->149088K(177664K)
[5458.529s][info][gc,heap        ] GC(1644) ParOldGen: 4219323K(4219392K)->4327131K(4327424K)
[5458.529s][info][gc,metaspace   ] GC(1644) Metaspace: 29098K(29376K)->29098K(29376K) NonClass: 25994K(26112K)->25994K(26112K) Class: 3103K(3264K)->3103K(3264K)
[5458.529s][info][gc             ] GC(1644) Pause Young (Allocation Failure) 6654M->4371M(6776M) 98.923ms
[5458.529s][info][gc,cpu         ] GC(1644) User=0.54s Sys=0.04s Real=0.10s
.[5460.273s][info][gc,start       ] GC(1645) Pause Young (Allocation Failure)
[5460.372s][info][gc,heap        ] GC(1645) PSYoungGen: 2583136K(2611712K)->153273K(2616832K) Eden: 2434048K(2434048K)->0K(2440192K) From: 149088K(177664K)->153273K(176640K)
[5460.372s][info][gc,heap        ] GC(1645) ParOldGen: 4327131K(4327424K)->4430699K(4430848K)
[5460.372s][info][gc,metaspace   ] GC(1645) Metaspace: 29098K(29376K)->29098K(29376K) NonClass: 25994K(26112K)->25994K(26112K) Class: 3103K(3264K)->3103K(3264K)
[5460.372s][info][gc             ] GC(1645) Pause Young (Allocation Failure) 6748M->4476M(6882M) 99.502ms
[5460.372s][info][gc,cpu         ] GC(1645) User=0.57s Sys=0.02s Real=0.10s
..[5462.055s][info][gc,start       ] GC(1646) Pause Young (Allocation Failure)
[5462.157s][info][gc,heap        ] GC(1646) PSYoungGen: 2593465K(2616832K)->167572K(2617344K) Eden: 2440192K(2440192K)->0K(2440192K) From: 153273K(176640K)->167572K(177152K)
[5462.157s][info][gc,heap        ] GC(1646) ParOldGen: 4430699K(4430848K)->4533539K(4533760K)
[5462.157s][info][gc,metaspace   ] GC(1646) Metaspace: 29098K(29376K)->29098K(29376K) NonClass: 25994K(26112K)->25994K(26112K) Class: 3103K(3264K)->3103K(3264K)
[5462.157s][info][gc             ] GC(1646) Pause Young (Allocation Failure) 6859M->4590M(6983M) 102.618ms
[5462.157s][info][gc,cpu         ] GC(1646) User=0.57s Sys=0.03s Real=0.10s
..[5463.788s][info][gc,start       ] GC(1647) Pause Young (Allocation Failure)
[5463.894s][info][gc,heap        ] GC(1647) PSYoungGen: 2607764K(2617344K)->167221K(2615296K) Eden: 2440192K(2440192K)->0K(2436608K) From: 167572K(177152K)->167221K(178688K)
[5463.894s][info][gc,heap        ] GC(1647) ParOldGen: 4533539K(4533760K)->4641275K(4641280K)
[5463.894s][info][gc,metaspace   ] GC(1647) Metaspace: 29098K(29376K)->29098K(29376K) NonClass: 25994K(26112K)->25994K(26112K) Class: 3103K(3264K)->3103K(3264K)
[5463.894s][info][gc             ] GC(1647) Pause Young (Allocation Failure) 6973M->4695M(7086M) 105.759ms
[5463.894s][info][gc,cpu         ] GC(1647) User=0.59s Sys=0.03s Real=0.11s
..[5465.681s][info][gc,start       ] GC(1648) Pause Young (Allocation Failure)
[5465.779s][info][gc,heap        ] GC(1648) PSYoungGen: 2603829K(2615296K)->154400K(2616320K) Eden: 2436608K(2436608K)->0K(2436608K) From: 167221K(178688K)->154400K(179712K)
[5465.779s][info][gc,heap        ] GC(1648) ParOldGen: 4641275K(4641280K)->4744027K(4744192K)
[5465.779s][info][gc,metaspace   ] GC(1648) Metaspace: 29098K(29376K)->29098K(29376K) NonClass: 25994K(26112K)->25994K(26112K) Class: 3103K(3264K)->3103K(3264K)
[5465.779s][info][gc             ] GC(1648) Pause Young (Allocation Failure) 7075M->4783M(7188M) 97.848ms
[5465.779s][info][gc,cpu         ] GC(1648) User=0.55s Sys=0.03s Real=0.10s
..[5467.496s][info][gc,start       ] GC(1649) Pause Young (Allocation Failure)
[5467.597s][info][gc,heap        ] GC(1649) PSYoungGen: 2591008K(2616320K)->158432K(2613248K) Eden: 2436608K(2436608K)->0K(2437632K) From: 154400K(179712K)->158432K(175616K)
[5467.597s][info][gc,heap        ] GC(1649) ParOldGen: 4744027K(4744192K)->4848499K(4848640K)
[5467.597s][info][gc,metaspace   ] GC(1649) Metaspace: 29098K(29376K)->29098K(29376K) NonClass: 25994K(26112K)->25994K(26112K) Class: 3103K(3264K)->3103K(3264K)
[5467.597s][info][gc             ] GC(1649) Pause Young (Allocation Failure) 7163M->4889M(7287M) 101.063ms
[5467.597s][info][gc,cpu         ] GC(1649) User=0.56s Sys=0.03s Real=0.10s
.[5469.266s][info][gc,start       ] GC(1650) Pause Young (Allocation Failure)
[5469.371s][info][gc,heap        ] GC(1650) PSYoungGen: 2596064K(2613248K)->159173K(2614784K) Eden: 2437632K(2437632K)->0K(2437632K) From: 158432K(175616K)->159173K(177152K)
[5469.371s][info][gc,heap        ] GC(1650) ParOldGen: 4848499K(4848640K)->4955851K(4956160K)
[5469.371s][info][gc,metaspace   ] GC(1650) Metaspace: 29098K(29376K)->29098K(29376K) NonClass: 25994K(26112K)->25994K(26112K) Class: 3103K(3264K)->3103K(3264K)
[5469.371s][info][gc             ] GC(1650) Pause Young (Allocation Failure) 7270M->4995M(7393M) 104.448ms
[5469.371s][info][gc,cpu         ] GC(1650) User=0.58s Sys=0.04s Real=0.10s
..[5471.092s][info][gc,start       ] GC(1651) Pause Young (Allocation Failure)
[5471.202s][info][gc,heap        ] GC(1651) PSYoungGen: 2596805K(2614784K)->175594K(2537472K) Eden: 2437632K(2437632K)->0K(2361856K) From: 159173K(177152K)->175594K(175616K)
[5471.202s][info][gc,heap        ] GC(1651) ParOldGen: 4955851K(4956160K)->5056523K(5057024K)
[5471.202s][info][gc,metaspace   ] GC(1651) Metaspace: 29098K(29376K)->29098K(29376K) NonClass: 25994K(26112K)->25994K(26112K) Class: 3103K(3264K)->3103K(3264K)
[5471.202s][info][gc             ] GC(1651) Pause Young (Allocation Failure) 7375M->5109M(7416M) 109.409ms
[5471.202s][info][gc,cpu         ] GC(1651) User=0.61s Sys=0.03s Real=0.11s
..[5472.777s][info][gc,start       ] GC(1652) Pause Young (Allocation Failure)
[5472.878s][info][gc,heap        ] GC(1652) PSYoungGen: 2537450K(2537472K)->154816K(2578944K) Eden: 2361856K(2361856K)->0K(2361856K) From: 175594K(175616K)->154816K(217088K)
[5472.878s][info][gc,heap        ] GC(1652) ParOldGen: 5056523K(5057024K)->5166139K(5166592K)
[5472.878s][info][gc,metaspace   ] GC(1652) Metaspace: 29098K(29376K)->29098K(29376K) NonClass: 25994K(26112K)->25994K(26112K) Class: 3103K(3264K)->3103K(3264K)
[5472.878s][info][gc             ] GC(1652) Pause Young (Allocation Failure) 7415M->5196M(7564M) 101.290ms
[5472.878s][info][gc,cpu         ] GC(1652) User=0.57s Sys=0.02s Real=0.10s
..[5474.562s][info][gc,start       ] GC(1653) Pause Young (Allocation Failure)
[5474.662s][info][gc,heap        ] GC(1653) PSYoungGen: 2516672K(2578944K)->155936K(2572288K) Eden: 2361856K(2361856K)->0K(2363392K) From: 154816K(217088K)->155936K(208896K)
[5474.662s][info][gc,heap        ] GC(1653) ParOldGen: 5166139K(5166592K)->5266699K(5266944K)
[5474.662s][info][gc,metaspace   ] GC(1653) Metaspace: 29098K(29376K)->29098K(29376K) NonClass: 25994K(26112K)->25994K(26112K) Class: 3103K(3264K)->3103K(3264K)
[5474.662s][info][gc             ] GC(1653) Pause Young (Allocation Failure) 7502M->5295M(7655M) 99.625ms
[5474.662s][info][gc,cpu         ] GC(1653) User=0.57s Sys=0.02s Real=0.10s
.[5476.329s][info][gc,start       ] GC(1654) Pause Young (Allocation Failure)
[5476.433s][info][gc,heap        ] GC(1654) PSYoungGen: 2519328K(2572288K)->164761K(2576384K) Eden: 2363392K(2363392K)->0K(2363392K) From: 155936K(208896K)->164761K(212992K)
[5476.433s][info][gc,heap        ] GC(1654) ParOldGen: 5266699K(5266944K)->5368619K(5368832K)
[5476.433s][info][gc,metaspace   ] GC(1654) Metaspace: 29098K(29376K)->29098K(29376K) NonClass: 25994K(26112K)->25994K(26112K) Class: 3103K(3264K)->3103K(3264K)
[5476.433s][info][gc             ] GC(1654) Pause Young (Allocation Failure) 7603M->5403M(7759M) 103.971ms
[5476.433s][info][gc,cpu         ] GC(1654) User=0.58s Sys=0.03s Real=0.10s
..[5478.111s][info][gc,start       ] GC(1655) Pause Young (Allocation Failure)
[5478.208s][info][gc,heap        ] GC(1655) PSYoungGen: 2528153K(2576384K)->156928K(2577408K) Eden: 2363392K(2363392K)->0K(2373632K) From: 164761K(212992K)->156928K(203776K)
[5478.208s][info][gc,heap        ] GC(1655) ParOldGen: 5368619K(5368832K)->5471331K(5471744K)
[5478.208s][info][gc,metaspace   ] GC(1655) Metaspace: 29098K(29376K)->29098K(29376K) NonClass: 25994K(26112K)->25994K(26112K) Class: 3103K(3264K)->3103K(3264K)
[5478.208s][info][gc             ] GC(1655) Pause Young (Allocation Failure) 7711M->5496M(7860M) 97.696ms
[5478.208s][info][gc,cpu         ] GC(1655) User=0.54s Sys=0.03s Real=0.10s
..[5479.949s][info][gc,start       ] GC(1656) Pause Young (Allocation Failure)
[5480.047s][info][gc,heap        ] GC(1656) PSYoungGen: 2530560K(2577408K)->154912K(2580480K) Eden: 2373632K(2373632K)->0K(2373632K) From: 156928K(203776K)->154912K(206848K)
[5480.047s][info][gc,heap        ] GC(1656) ParOldGen: 5471331K(5471744K)->5573651K(5574144K)
[5480.047s][info][gc,metaspace   ] GC(1656) Metaspace: 29098K(29376K)->29098K(29376K) NonClass: 25994K(26112K)->25994K(26112K) Class: 3103K(3264K)->3103K(3264K)
[5480.047s][info][gc             ] GC(1656) Pause Young (Allocation Failure) 7814M->5594M(7963M) 97.640ms
[5480.047s][info][gc,cpu         ] GC(1656) User=0.55s Sys=0.03s Real=0.10s
..[5481.646s][info][gc,start       ] GC(1657) Pause Full (Allocation Failure)
[5481.646s][info][gc,phases,start] GC(1657) Marking Phase
[5481.970s][info][gc,phases      ] GC(1657) Marking Phase 323.531ms
[5481.970s][info][gc,phases,start] GC(1657) Summary Phase
[5481.970s][info][gc,phases      ] GC(1657) Summary Phase 0.101ms
[5481.970s][info][gc,phases,start] GC(1657) Forward
[5482.100s][info][gc,phases      ] GC(1657) Forward 129.740ms
[5482.100s][info][gc,phases,start] GC(1657) Adjust Pointers
[5482.314s][info][gc,phases      ] GC(1657) Adjust Pointers 214.135ms
[5482.314s][info][gc,phases,start] GC(1657) Compaction Phase
[5482.464s][info][gc,phases      ] GC(1657) Compaction Phase 150.326ms
[5482.465s][info][gc,phases,start] GC(1657) Post Compact
[5482.472s][info][gc,phases      ] GC(1657) Post Compact 7.008ms
[5482.622s][info][gc,heap        ] GC(1657) PSYoungGen: 2528544K(2580480K)->0K(2588160K) Eden: 2373632K(2373632K)->0K(2384384K) From: 154912K(206848K)->0K(203776K)
[5482.622s][info][gc,heap        ] GC(1657) ParOldGen: 5573651K(5574144K)->1627864K(2016256K)
[5482.622s][info][gc,metaspace   ] GC(1657) Metaspace: 29098K(29376K)->29098K(29376K) NonClass: 25994K(26112K)->25994K(26112K) Class: 3103K(3264K)->3103K(3264K)
[5482.622s][info][gc             ] GC(1657) Pause Full (Allocation Failure) 7912M->1589M(4496M) 975.647ms
[5482.622s][info][gc,cpu         ] GC(1657) User=4.43s Sys=0.13s Real=0.97s
..[5483.870s][info][gc,start       ] GC(1658) Pause Young (Allocation Failure)
[5483.938s][info][gc,heap        ] GC(1658) PSYoungGen: 2384384K(2588160K)->165264K(2549760K) Eden: 2384384K(2384384K)->0K(2384384K) From: 0K(203776K)->165264K(165376K)
[5483.938s][info][gc,heap        ] GC(1658) ParOldGen: 1627864K(2016256K)->1627864K(2016256K)
[5483.938s][info][gc,metaspace   ] GC(1658) Metaspace: 29098K(29376K)->29098K(29376K) NonClass: 25994K(26112K)->25994K(26112K) Class: 3103K(3264K)->3103K(3264K)
[5483.938s][info][gc             ] GC(1658) Pause Young (Allocation Failure) 3918M->1751M(4459M) 68.293ms
[5483.938s][info][gc,cpu         ] GC(1658) User=0.39s Sys=0.00s Real=0.07s
.[5485.288s][info][gc,start       ] GC(1659) Pause Young (Allocation Failure)
[5485.380s][info][gc,heap        ] GC(1659) PSYoungGen: 2549648K(2549760K)->147264K(2589184K) Eden: 2384384K(2384384K)->0K(2387968K) From: 165264K(165376K)->147264K(201216K)
[5485.380s][info][gc,heap        ] GC(1659) ParOldGen: 1627864K(2016256K)->1737272K(2016256K)
[5485.380s][info][gc,metaspace   ] GC(1659) Metaspace: 29098K(29376K)->29098K(29376K) NonClass: 25994K(26112K)->25994K(26112K) Class: 3103K(3264K)->3103K(3264K)
[5485.380s][info][gc             ] GC(1659) Pause Young (Allocation Failure) 4079M->1840M(4497M) 91.467ms
[5485.380s][info][gc,cpu         ] GC(1659) User=0.55s Sys=0.00s Real=0.09s
..[5486.983s][info][gc,start       ] GC(1660) Pause Young (Allocation Failure)
[5487.078s][info][gc,heap        ] GC(1660) PSYoungGen: 2535232K(2589184K)->159732K(2588672K) Eden: 2387968K(2387968K)->0K(2387968K) From: 147264K(201216K)->159732K(200704K)
[5487.078s][info][gc,heap        ] GC(1660) ParOldGen: 1737272K(2016256K)->1840600K(2016256K)
[5487.078s][info][gc,metaspace   ] GC(1660) Metaspace: 29098K(29376K)->29098K(29376K) NonClass: 25994K(26112K)->25994K(26112K) Class: 3103K(3264K)->3103K(3264K)
[5487.078s][info][gc             ] GC(1660) Pause Young (Allocation Failure) 4172M->1953M(4497M) 95.115ms
[5487.078s][info][gc,cpu         ] GC(1660) User=0.57s Sys=0.00s Real=0.10s
..[5488.771s][info][gc,start       ] GC(1661) Pause Young (Allocation Failure)
[5488.862s][info][gc,heap        ] GC(1661) PSYoungGen: 2547700K(2588672K)->149888K(2592768K) Eden: 2387968K(2387968K)->0K(2395136K) From: 159732K(200704K)->149888K(197632K)
[5488.862s][info][gc,heap        ] GC(1661) ParOldGen: 1840600K(2016256K)->1945328K(2016256K)
[5488.862s][info][gc,metaspace   ] GC(1661) Metaspace: 29098K(29376K)->29098K(29376K) NonClass: 25994K(26112K)->25994K(26112K) Class: 3103K(3264K)->3103K(3264K)
[5488.862s][info][gc             ] GC(1661) Pause Young (Allocation Failure) 4285M->2046M(4501M) 90.753ms
[5488.862s][info][gc,cpu         ] GC(1661) User=0.53s Sys=0.00s Real=0.09s
.[5490.574s][info][gc,start       ] GC(1662) Pause Young (Allocation Failure)
[5490.665s][info][gc,heap        ] GC(1662) PSYoungGen: 2545024K(2592768K)->151936K(2591744K) Eden: 2395136K(2395136K)->0K(2395136K) From: 149888K(197632K)->151936K(196608K)
[5490.665s][info][gc,heap        ] GC(1662) ParOldGen: 1945328K(2016256K)->2046960K(2046976K)
[5490.665s][info][gc,metaspace   ] GC(1662) Metaspace: 29098K(29376K)->29098K(29376K) NonClass: 25994K(26112K)->25994K(26112K) Class: 3103K(3264K)->3103K(3264K)
[5490.665s][info][gc             ] GC(1662) Pause Young (Allocation Failure) 4385M->2147M(4530M) 90.219ms
[5490.665s][info][gc,cpu         ] GC(1662) User=0.52s Sys=0.02s Real=0.09s
..[5492.441s][info][gc,start       ] GC(1663) Pause Young (Allocation Failure)
[5492.538s][info][gc,heap        ] GC(1663) PSYoungGen: 2547072K(2591744K)->152912K(2597376K) Eden: 2395136K(2395136K)->0K(2403840K) From: 151936K(196608K)->152912K(193536K)
[5492.538s][info][gc,heap        ] GC(1663) ParOldGen: 2046960K(2046976K)->2150984K(2151424K)
[5492.539s][info][gc,metaspace   ] GC(1663) Metaspace: 29098K(29376K)->29098K(29376K) NonClass: 25994K(26112K)->25994K(26112K) Class: 3103K(3264K)->3103K(3264K)
[5492.539s][info][gc             ] GC(1663) Pause Young (Allocation Failure) 4486M->2249M(4637M) 97.167ms
[5492.539s][info][gc,cpu         ] GC(1663) User=0.54s Sys=0.03s Real=0.10s
..[5494.278s][info][gc,start       ] GC(1664) Pause Young (Allocation Failure)
[5494.375s][info][gc,heap        ] GC(1664) PSYoungGen: 2556752K(2597376K)->148964K(2596864K) Eden: 2403840K(2403840K)->0K(2403840K) From: 152912K(193536K)->148964K(193024K)
[5494.375s][info][gc,heap        ] GC(1664) ParOldGen: 2150984K(2151424K)->2254016K(2254336K)
[5494.375s][info][gc,metaspace   ] GC(1664) Metaspace: 29098K(29376K)->29098K(29376K) NonClass: 25994K(26112K)->25994K(26112K) Class: 3103K(3264K)->3103K(3264K)
[5494.375s][info][gc             ] GC(1664) Pause Young (Allocation Failure) 4597M->2346M(4737M) 96.821ms
[5494.375s][info][gc,cpu         ] GC(1664) User=0.53s Sys=0.04s Real=0.10s
..[5496.037s][info][gc,start       ] GC(1665) Pause Young (Allocation Failure)
[5496.137s][info][gc,heap        ] GC(1665) PSYoungGen: 2552804K(2596864K)->159616K(2598912K) Eden: 2403840K(2403840K)->0K(2411520K) From: 148964K(193024K)->159616K(187392K)
[5496.137s][info][gc,heap        ] GC(1665) ParOldGen: 2254016K(2254336K)->2356160K(2356224K)
[5496.137s][info][gc,metaspace   ] GC(1665) Metaspace: 29098K(29376K)->29098K(29376K) NonClass: 25994K(26112K)->25994K(26112K) Class: 3103K(3264K)->3103K(3264K)
[5496.137s][info][gc             ] GC(1665) Pause Young (Allocation Failure) 4694M->2456M(4839M) 99.968ms
[5496.137s][info][gc,cpu         ] GC(1665) User=0.55s Sys=0.04s Real=0.10s
..[5497.879s][info][gc,start       ] GC(1666) Pause Young (Allocation Failure)
[5497.979s][info][gc,heap        ] GC(1666) PSYoungGen: 2571136K(2598912K)->165312K(2599936K) Eden: 2411520K(2411520K)->0K(2411520K) From: 159616K(187392K)->165312K(188416K)
[5497.979s][info][gc,heap        ] GC(1666) ParOldGen: 2356160K(2356224K)->2454840K(2455040K)
[5497.979s][info][gc,metaspace   ] GC(1666) Metaspace: 29098K(29376K)->29098K(29376K) NonClass: 25994K(26112K)->25994K(26112K) Class: 3103K(3264K)->3103K(3264K)
[5497.979s][info][gc             ] GC(1666) Pause Young (Allocation Failure) 4811M->2558M(4936M) 100.434ms
[5497.979s][info][gc,cpu         ] GC(1666) User=0.56s Sys=0.04s Real=0.10s
.[5499.591s][info][gc,start       ] GC(1667) Pause Young (Allocation Failure)
[5499.691s][info][gc,heap        ] GC(1667) PSYoungGen: 2576832K(2599936K)->153984K(2604032K) Eden: 2411520K(2411520K)->0K(2419712K) From: 165312K(188416K)->153984K(184320K)
[5499.691s][info][gc,heap        ] GC(1667) ParOldGen: 2454840K(2455040K)->2566504K(2566656K)
[5499.691s][info][gc,metaspace   ] GC(1667) Metaspace: 29098K(29376K)->29098K(29376K) NonClass: 25994K(26112K)->25994K(26112K) Class: 3103K(3264K)->3103K(3264K)
[5499.691s][info][gc             ] GC(1667) Pause Young (Allocation Failure) 4913M->2656M(5049M) 100.174ms
[5499.691s][info][gc,cpu         ] GC(1667) User=0.56s Sys=0.04s Real=0.10s
..[5501.587s][info][gc,start       ] GC(1668) Pause Young (Allocation Failure)
[5501.681s][info][gc,heap        ] GC(1668) PSYoungGen: 2573696K(2604032K)->149760K(2606080K) Eden: 2419712K(2419712K)->0K(2419712K) From: 153984K(184320K)->149760K(186368K)
[5501.681s][info][gc,heap        ] GC(1668) ParOldGen: 2566504K(2566656K)->2668184K(2668544K)
[5501.681s][info][gc,metaspace   ] GC(1668) Metaspace: 29098K(29376K)->29098K(29376K) NonClass: 25994K(26112K)->25994K(26112K) Class: 3103K(3264K)->3103K(3264K)
[5501.681s][info][gc             ] GC(1668) Pause Young (Allocation Failure) 5019M->2751M(5151M) 94.329ms
[5501.681s][info][gc,cpu         ] GC(1668) User=0.52s Sys=0.03s Real=0.09s
..[5503.421s][info][gc,start       ] GC(1669) Pause Young (Allocation Failure)
[5503.517s][info][gc,heap        ] GC(1669) PSYoungGen: 2569472K(2606080K)->151136K(2607104K) Eden: 2419712K(2419712K)->0K(2424832K) From: 149760K(186368K)->151136K(182272K)
[5503.517s][info][gc,heap        ] GC(1669) ParOldGen: 2668184K(2668544K)->2771544K(2771968K)
[5503.517s][info][gc,metaspace   ] GC(1669) Metaspace: 29098K(29376K)->29098K(29376K) NonClass: 25994K(26112K)->25994K(26112K) Class: 3103K(3264K)->3103K(3264K)
[5503.517s][info][gc             ] GC(1669) Pause Young (Allocation Failure) 5114M->2854M(5253M) 95.895ms
[5503.517s][info][gc,cpu         ] GC(1669) User=0.53s Sys=0.03s Real=0.10s
..[5505.276s][info][gc,start       ] GC(1670) Pause Young (Allocation Failure)
[5505.370s][info][gc,heap        ] GC(1670) PSYoungGen: 2575968K(2607104K)->147200K(2608640K) Eden: 2424832K(2424832K)->0K(2424832K) From: 151136K(182272K)->147200K(183808K)
[5505.370s][info][gc,heap        ] GC(1670) ParOldGen: 2771544K(2771968K)->2875624K(2875904K)
[5505.370s][info][gc,metaspace   ] GC(1670) Metaspace: 29098K(29376K)->29098K(29376K) NonClass: 25994K(26112K)->25994K(26112K) Class: 3103K(3264K)->3103K(3264K)
[5505.370s][info][gc             ] GC(1670) Pause Young (Allocation Failure) 5222M->2951M(5356M) 94.432ms
[5505.370s][info][gc,cpu         ] GC(1670) User=0.53s Sys=0.03s Real=0.09s
..[5507.063s][info][gc,start       ] GC(1671) Pause Young (Allocation Failure)
[5507.162s][info][gc,heap        ] GC(1671) PSYoungGen: 2572032K(2608640K)->160960K(2609664K) Eden: 2424832K(2424832K)->0K(2429440K) From: 147200K(183808K)->160960K(180224K)
[5507.162s][info][gc,heap        ] GC(1671) ParOldGen: 2875624K(2875904K)->2980160K(2980352K)
[5507.162s][info][gc,metaspace   ] GC(1671) Metaspace: 29098K(29376K)->29098K(29376K) NonClass: 25994K(26112K)->25994K(26112K) Class: 3103K(3264K)->3103K(3264K)
[5507.162s][info][gc             ] GC(1671) Pause Young (Allocation Failure) 5319M->3067M(5459M) 99.111ms
[5507.162s][info][gc,cpu         ] GC(1671) User=0.54s Sys=0.03s Real=0.10s
..[5508.874s][info][gc,start       ] GC(1672) Pause Young (Allocation Failure)
[5508.978s][info][gc,heap        ] GC(1672) PSYoungGen: 2590400K(2609664K)->168805K(2611200K) Eden: 2429440K(2429440K)->0K(2429440K) From: 160960K(180224K)->168805K(181760K)
[5508.978s][info][gc,heap        ] GC(1672) ParOldGen: 2980160K(2980352K)->3083744K(3083776K)
[5508.978s][info][gc,metaspace   ] GC(1672) Metaspace: 29098K(29376K)->29098K(29376K) NonClass: 25994K(26112K)->25994K(26112K) Class: 3103K(3264K)->3103K(3264K)
[5508.978s][info][gc             ] GC(1672) Pause Young (Allocation Failure) 5440M->3176M(5561M) 104.559ms
[5508.978s][info][gc,cpu         ] GC(1672) User=0.58s Sys=0.03s Real=0.10s
.[5510.734s][info][gc,start       ] GC(1673) Pause Young (Allocation Failure)
[5510.834s][info][gc,heap        ] GC(1673) PSYoungGen: 2598245K(2611200K)->159412K(2612224K) Eden: 2429440K(2429440K)->0K(2430464K) From: 168805K(181760K)->159412K(181760K)
[5510.834s][info][gc,heap        ] GC(1673) ParOldGen: 3083744K(3083776K)->3189528K(3189760K)
[5510.834s][info][gc,metaspace   ] GC(1673) Metaspace: 29098K(29376K)->29098K(29376K) NonClass: 25994K(26112K)->25994K(26112K) Class: 3103K(3264K)->3103K(3264K)
[5510.834s][info][gc             ] GC(1673) Pause Young (Allocation Failure) 5548M->3270M(5666M) 100.250ms
[5510.834s][info][gc,cpu         ] GC(1673) User=0.56s Sys=0.03s Real=0.10s
..[5512.578s][info][gc,start       ] GC(1674) Pause Young (Allocation Failure)
[5512.674s][info][gc,heap        ] GC(1674) PSYoungGen: 2589876K(2612224K)->152352K(2612224K) Eden: 2430464K(2430464K)->0K(2430464K) From: 159412K(181760K)->152352K(181760K)
[5512.674s][info][gc,heap        ] GC(1674) ParOldGen: 3189528K(3189760K)->3293968K(3294208K)
[5512.674s][info][gc,metaspace   ] GC(1674) Metaspace: 29098K(29376K)->29098K(29376K) NonClass: 25994K(26112K)->25994K(26112K) Class: 3103K(3264K)->3103K(3264K)
[5512.674s][info][gc             ] GC(1674) Pause Young (Allocation Failure) 5643M->3365M(5768M) 95.878ms
[5512.674s][info][gc,cpu         ] GC(1674) User=0.53s Sys=0.03s Real=0.10s
.. (rIR:aIR:PR = 9409:9421:9421) (tPR = 139527) [OK] 
  5513s: Performance info:
         Transaction,    Success,    Partial,     Failed,   Receipts, AvgBarcode, 
             Overall,     570101,          0,          0,     541540,      59.48, 
         Response times:
             Request,    Success,    Partial,     Failed,   SkipFail,     Probes,    Samples,      min,      p50,      p90,      p95,      p99,      max, 
       TotalPurchase,     541604,          0,          0,          0,     351999,     437058,      300,     6700,    56000,    98000,   308000,  1200000,
     InStorePurchase,     284203,          0,          0,          0,     184717,     229234,      300,     6800,    56000,    98000,   314000,  1200000,
      OnlinePurchase,     199512,          0,          0,          0,     130268,     161803,      300,     6400,    55000,    97000,   308000,  1200000,
        InstPurchase,      57889,          0,          0,          0,      37014,      46021,      400,     7000,    55000,    98000,   302120,  1100000,
          AssocOfCat,        570,          0,          0,          0,        478,        701,    19600,    46000,   125800,   185300,   421000,  1200000,
      AssocOfProduct,       5735,          0,          0,          0,       4147,       5394,     1000,     8200,    66500,   105000,   327000,   499000,
      BusinessReport,       1422,          0,          0,          0,       1224,       1726,    30000,    54000,   127000,   171950,   380000,  1200000,
          CustBuyBeh,       5633,          0,          0,          0,       4085,       5253,      200,     6300,    50000,    81300,   321760,   455000,
       ProductReturn,      15199,          0,          0,          0,       9599,      12118,      200,     7000,    58000,   102000,   315000,  1100000,

  5513s: (69%)   IR =   9548 [5514.277s][info][gc,start       ] GC(1675) Pause Young (Allocation Failure)
[5514.382s][info][gc,heap        ] GC(1675) PSYoungGen: 2582816K(2612224K)->163658K(2612736K) Eden: 2430464K(2430464K)->0K(2432512K) From: 152352K(181760K)->163658K(180224K)
[5514.382s][info][gc,heap        ] GC(1675) ParOldGen: 3293968K(3294208K)->3399848K(3400192K)
[5514.382s][info][gc,metaspace   ] GC(1675) Metaspace: 29098K(29376K)->29098K(29376K) NonClass: 25994K(26112K)->25994K(26112K) Class: 3103K(3264K)->3103K(3264K)
[5514.382s][info][gc             ] GC(1675) Pause Young (Allocation Failure) 5739M->3479M(5872M) 104.753ms
[5514.382s][info][gc,cpu         ] GC(1675) User=0.59s Sys=0.03s Real=0.10s
..[5516.081s][info][gc,start       ] GC(1676) Pause Young (Allocation Failure)
[5516.186s][info][gc,heap        ] GC(1676) PSYoungGen: 2596170K(2612736K)->173749K(2606592K) Eden: 2432512K(2432512K)->0K(2432512K) From: 163658K(180224K)->173749K(174080K)
[5516.186s][info][gc,heap        ] GC(1676) ParOldGen: 3399848K(3400192K)->3502872K(3503104K)
[5516.186s][info][gc,metaspace   ] GC(1676) Metaspace: 29098K(29376K)->29098K(29376K) NonClass: 25994K(26112K)->25994K(26112K) Class: 3103K(3264K)->3103K(3264K)
[5516.186s][info][gc             ] GC(1676) Pause Young (Allocation Failure) 5855M->3590M(5966M) 105.373ms
[5516.187s][info][gc,cpu         ] GC(1676) User=0.59s Sys=0.04s Real=0.11s
.[5517.935s][info][gc,start       ] GC(1677) Pause Young (Allocation Failure)
[5518.039s][info][gc,heap        ] GC(1677) PSYoungGen: 2606261K(2606592K)->165524K(2612224K) Eden: 2432512K(2432512K)->0K(2428416K) From: 173749K(174080K)->165524K(183808K)
[5518.039s][info][gc,heap        ] GC(1677) ParOldGen: 3502872K(3503104K)->3610912K(3611136K)
[5518.039s][info][gc,metaspace   ] GC(1677) Metaspace: 29098K(29376K)->29098K(29376K) NonClass: 25994K(26112K)->25994K(26112K) Class: 3103K(3264K)->3103K(3264K)
[5518.039s][info][gc             ] GC(1677) Pause Young (Allocation Failure) 5965M->3687M(6077M) 104.315ms
[5518.039s][info][gc,cpu         ] GC(1677) User=0.58s Sys=0.04s Real=0.10s
..[5519.637s][info][gc,start       ] GC(1678) Pause Young (Allocation Failure)
[5519.737s][info][gc,heap        ] GC(1678) PSYoungGen: 2593940K(2612224K)->157077K(2585600K) Eden: 2428416K(2428416K)->0K(2428416K) From: 165524K(183808K)->157077K(157184K)
[5519.737s][info][gc,heap        ] GC(1678) ParOldGen: 3610912K(3611136K)->3716080K(3716096K)
[5519.737s][info][gc,metaspace   ] GC(1678) Metaspace: 29098K(29376K)->29098K(29376K) NonClass: 25994K(26112K)->25994K(26112K) Class: 3103K(3264K)->3103K(3264K)
[5519.737s][info][gc             ] GC(1678) Pause Young (Allocation Failure) 6059M->3782M(6154M) 100.137ms
[5519.737s][info][gc,cpu         ] GC(1678) User=0.56s Sys=0.03s Real=0.10s
..|[5521.458s][info][gc,start       ] GC(1679) Pause Young (Allocation Failure)
[5521.557s][info][gc,heap        ] GC(1679) PSYoungGen: 2585493K(2585600K)->160240K(2612224K) Eden: 2428416K(2428416K)->0K(2430464K) From: 157077K(157184K)->160240K(181760K)
[5521.557s][info][gc,heap        ] GC(1679) ParOldGen: 3716080K(3716096K)->3816824K(3816960K)
[5521.557s][info][gc,metaspace   ] GC(1679) Metaspace: 29098K(29376K)->29098K(29376K) NonClass: 25994K(26112K)->25994K(26112K) Class: 3103K(3264K)->3103K(3264K)
[5521.557s][info][gc             ] GC(1679) Pause Young (Allocation Failure) 6153M->3883M(6278M) 99.917ms
[5521.557s][info][gc,cpu         ] GC(1679) User=0.56s Sys=0.02s Real=0.10s
..[5523.198s][info][gc,start       ] GC(1680) Pause Young (Allocation Failure)
[5523.297s][info][gc,heap        ] GC(1680) PSYoungGen: 2590704K(2612224K)->150480K(2610176K) Eden: 2430464K(2430464K)->0K(2430464K) From: 160240K(181760K)->150480K(179712K)
[5523.297s][info][gc,heap        ] GC(1680) ParOldGen: 3816824K(3816960K)->3924704K(3924992K)
[5523.297s][info][gc,metaspace   ] GC(1680) Metaspace: 29098K(29376K)->29098K(29376K) NonClass: 25994K(26112K)->25994K(26112K) Class: 3103K(3264K)->3103K(3264K)
[5523.297s][info][gc             ] GC(1680) Pause Young (Allocation Failure) 6257M->3979M(6382M) 99.601ms
[5523.297s][info][gc,cpu         ] GC(1680) User=0.56s Sys=0.03s Real=0.10s
.[5524.996s][info][gc,start       ] GC(1681) Pause Young (Allocation Failure)
[5525.096s][info][gc,heap        ] GC(1681) PSYoungGen: 2580944K(2610176K)->161440K(2614784K) Eden: 2430464K(2430464K)->0K(2436096K) From: 150480K(179712K)->161440K(178688K)
[5525.096s][info][gc,heap        ] GC(1681) ParOldGen: 3924704K(3924992K)->4026368K(4026880K)
[5525.096s][info][gc,metaspace   ] GC(1681) Metaspace: 29098K(29376K)->29098K(29376K) NonClass: 25994K(26112K)->25994K(26112K) Class: 3103K(3264K)->3103K(3264K)
[5525.096s][info][gc             ] GC(1681) Pause Young (Allocation Failure) 6353M->4089M(6486M) 100.014ms
[5525.096s][info][gc,cpu         ] GC(1681) User=0.56s Sys=0.03s Real=0.10s
..[5526.729s][info][gc,start       ] GC(1682) Pause Young (Allocation Failure)
[5526.830s][info][gc,heap        ] GC(1682) PSYoungGen: 2597536K(2614784K)->156704K(2614272K) Eden: 2436096K(2436096K)->0K(2436096K) From: 161440K(178688K)->156704K(178176K)
[5526.830s][info][gc,heap        ] GC(1682) ParOldGen: 4026368K(4026880K)->4134096K(4134400K)
[5526.830s][info][gc,metaspace   ] GC(1682) Metaspace: 29098K(29376K)->29098K(29376K) NonClass: 25994K(26112K)->25994K(26112K) Class: 3103K(3264K)->3103K(3264K)
[5526.830s][info][gc             ] GC(1682) Pause Young (Allocation Failure) 6468M->4190M(6590M) 101.702ms
[5526.830s][info][gc,cpu         ] GC(1682) User=0.57s Sys=0.03s Real=0.10s
..[5528.576s][info][gc,start       ] GC(1683) Pause Young (Allocation Failure)
[5528.679s][info][gc,heap        ] GC(1683) PSYoungGen: 2592800K(2614272K)->167648K(2615296K) Eden: 2436096K(2436096K)->0K(2438144K) From: 156704K(178176K)->167648K(177152K)
[5528.679s][info][gc,heap        ] GC(1683) ParOldGen: 4134096K(4134400K)->4235224K(4235264K)
[5528.679s][info][gc,metaspace   ] GC(1683) Metaspace: 29098K(29376K)->29098K(29376K) NonClass: 25994K(26112K)->25994K(26112K) Class: 3103K(3264K)->3103K(3264K)
[5528.679s][info][gc             ] GC(1683) Pause Young (Allocation Failure) 6569M->4299M(6690M) 102.852ms
[5528.679s][info][gc,cpu         ] GC(1683) User=0.58s Sys=0.02s Real=0.10s
..[5530.450s][info][gc,start       ] GC(1684) Pause Young (Allocation Failure)
[5530.549s][info][gc,heap        ] GC(1684) PSYoungGen: 2605792K(2615296K)->149504K(2616320K) Eden: 2438144K(2438144K)->0K(2438144K) From: 167648K(177152K)->149504K(178176K)
[5530.549s][info][gc,heap        ] GC(1684) ParOldGen: 4235224K(4235264K)->4342160K(4342272K)
[5530.549s][info][gc,metaspace   ] GC(1684) Metaspace: 29098K(29376K)->29098K(29376K) NonClass: 25994K(26112K)->25994K(26112K) Class: 3103K(3264K)->3103K(3264K)
[5530.549s][info][gc             ] GC(1684) Pause Young (Allocation Failure) 6680M->4386M(6795M) 98.422ms
[5530.549s][info][gc,cpu         ] GC(1684) User=0.55s Sys=0.03s Real=0.10s
..[5532.321s][info][gc,start       ] GC(1685) Pause Young (Allocation Failure)
[5532.420s][info][gc,heap        ] GC(1685) PSYoungGen: 2587648K(2616320K)->159251K(2614784K) Eden: 2438144K(2438144K)->0K(2439680K) From: 149504K(178176K)->159251K(175104K)
[5532.420s][info][gc,heap        ] GC(1685) ParOldGen: 4342160K(4342272K)->4444552K(4444672K)
[5532.420s][info][gc,metaspace   ] GC(1685) Metaspace: 29098K(29376K)->29098K(29376K) NonClass: 25994K(26112K)->25994K(26112K) Class: 3103K(3264K)->3103K(3264K)
[5532.420s][info][gc             ] GC(1685) Pause Young (Allocation Failure) 6767M->4495M(6894M) 99.475ms
[5532.420s][info][gc,cpu         ] GC(1685) User=0.55s Sys=0.04s Real=0.10s
.[5534.143s][info][gc,start       ] GC(1686) Pause Young (Allocation Failure)
[5534.255s][info][gc,heap        ] GC(1686) PSYoungGen: 2598750K(2614784K)->176628K(2616320K) Eden: 2439498K(2439680K)->0K(2439680K) From: 159251K(175104K)->176628K(176640K)
[5534.255s][info][gc,heap        ] GC(1686) ParOldGen: 4444552K(4444672K)->4555344K(4555776K)
[5534.255s][info][gc,metaspace   ] GC(1686) Metaspace: 29098K(29376K)->29098K(29376K) NonClass: 25994K(26112K)->25994K(26112K) Class: 3103K(3264K)->3103K(3264K)
[5534.255s][info][gc             ] GC(1686) Pause Young (Allocation Failure) 6878M->4621M(7004M) 112.180ms
[5534.256s][info][gc,cpu         ] GC(1686) User=0.63s Sys=0.04s Real=0.12s
..[5535.948s][info][gc,start       ] GC(1687) Pause Young (Allocation Failure)
[5536.047s][info][gc,heap        ] GC(1687) PSYoungGen: 2616308K(2616320K)->156704K(2536448K) Eden: 2439680K(2439680K)->0K(2356736K) From: 176628K(176640K)->156704K(179712K)
[5536.047s][info][gc,heap        ] GC(1687) ParOldGen: 4555344K(4555776K)->4655192K(4655616K)
[5536.047s][info][gc,metaspace   ] GC(1687) Metaspace: 29098K(29376K)->29098K(29376K) NonClass: 25994K(26112K)->25994K(26112K) Class: 3103K(3264K)->3103K(3264K)
[5536.047s][info][gc             ] GC(1687) Pause Young (Allocation Failure) 7003M->4699M(7023M) 98.702ms
[5536.047s][info][gc,cpu         ] GC(1687) User=0.55s Sys=0.04s Real=0.10s
..[5537.715s][info][gc,start       ] GC(1688) Pause Young (Allocation Failure)
[5537.818s][info][gc,heap        ] GC(1688) PSYoungGen: 2513440K(2536448K)->162490K(2576384K) Eden: 2356736K(2356736K)->0K(2356736K) From: 156704K(179712K)->162490K(219648K)
[5537.818s][info][gc,heap        ] GC(1688) ParOldGen: 4655192K(4655616K)->4759824K(4760064K)
[5537.818s][info][gc,metaspace   ] GC(1688) Metaspace: 29098K(29376K)->29098K(29376K) NonClass: 25994K(26112K)->25994K(26112K) Class: 3103K(3264K)->3103K(3264K)
[5537.818s][info][gc             ] GC(1688) Pause Young (Allocation Failure) 7000M->4806M(7164M) 103.033ms
[5537.818s][info][gc,cpu         ] GC(1688) User=0.58s Sys=0.03s Real=0.10s
..[5539.416s][info][gc,start       ] GC(1689) Pause Young (Allocation Failure)
[5539.510s][info][gc,heap        ] GC(1689) PSYoungGen: 2519226K(2576384K)->147296K(2571776K) Eden: 2356736K(2356736K)->0K(2360320K) From: 162490K(219648K)->147296K(211456K)
[5539.510s][info][gc,heap        ] GC(1689) ParOldGen: 4759824K(4760064K)->4859208K(4859392K)
[5539.510s][info][gc,metaspace   ] GC(1689) Metaspace: 29098K(29376K)->29098K(29376K) NonClass: 25994K(26112K)->25994K(26112K) Class: 3103K(3264K)->3103K(3264K)
[5539.510s][info][gc             ] GC(1689) Pause Young (Allocation Failure) 7108M->4889M(7257M) 94.257ms
[5539.510s][info][gc,cpu         ] GC(1689) User=0.52s Sys=0.04s Real=0.09s
.[5541.199s][info][gc,start       ] GC(1690) Pause Young (Allocation Failure)
[5541.298s][info][gc,heap        ] GC(1690) PSYoungGen: 2507616K(2571776K)->154976K(2575872K) Eden: 2360320K(2360320K)->0K(2360320K) From: 147296K(211456K)->154976K(215552K)
[5541.298s][info][gc,heap        ] GC(1690) ParOldGen: 4859208K(4859392K)->4961280K(4961792K)
[5541.298s][info][gc,metaspace   ] GC(1690) Metaspace: 29098K(29376K)->29098K(29376K) NonClass: 25994K(26112K)->25994K(26112K) Class: 3103K(3264K)->3103K(3264K)
[5541.298s][info][gc             ] GC(1690) Pause Young (Allocation Failure) 7194M->4996M(7361M) 99.419ms
[5541.298s][info][gc,cpu         ] GC(1690) User=0.55s Sys=0.03s Real=0.10s
..[5542.908s][info][gc,start       ] GC(1691) Pause Young (Allocation Failure)
[5543.011s][info][gc,heap        ] GC(1691) PSYoungGen: 2515296K(2575872K)->158862K(2573312K) Eden: 2360320K(2360320K)->0K(2368000K) From: 154976K(215552K)->158862K(205312K)
[5543.011s][info][gc,heap        ] GC(1691) ParOldGen: 4961280K(4961792K)->5067632K(5067776K)
[5543.011s][info][gc,metaspace   ] GC(1691) Metaspace: 29098K(29376K)->29098K(29376K) NonClass: 25994K(26112K)->25994K(26112K) Class: 3103K(3264K)->3103K(3264K)
[5543.011s][info][gc             ] GC(1691) Pause Young (Allocation Failure) 7301M->5103M(7462M) 102.819ms
[5543.011s][info][gc,cpu         ] GC(1691) User=0.56s Sys=0.04s Real=0.10s
..[5544.684s][info][gc,start       ] GC(1692) Pause Young (Allocation Failure)
[5544.781s][info][gc,heap        ] GC(1692) PSYoungGen: 2526862K(2573312K)->150784K(2577408K) Eden: 2368000K(2368000K)->0K(2368000K) From: 158862K(205312K)->150784K(209408K)
[5544.781s][info][gc,heap        ] GC(1692) ParOldGen: 5067632K(5067776K)->5168992K(5169152K)
[5544.781s][info][gc,metaspace   ] GC(1692) Metaspace: 29098K(29376K)->29098K(29376K) NonClass: 25994K(26112K)->25994K(26112K) Class: 3103K(3264K)->3103K(3264K)
[5544.781s][info][gc             ] GC(1692) Pause Young (Allocation Failure) 7416M->5195M(7565M) 97.087ms
[5544.781s][info][gc,cpu         ] GC(1692) User=0.53s Sys=0.03s Real=0.09s
..[5546.449s][info][gc,start       ] GC(1693) Pause Young (Allocation Failure)
[5546.553s][info][gc,heap        ] GC(1693) PSYoungGen: 2518784K(2577408K)->163781K(2576384K) Eden: 2368000K(2368000K)->0K(2379264K) From: 150784K(209408K)->163781K(197120K)
[5546.554s][info][gc,heap        ] GC(1693) ParOldGen: 5168992K(5169152K)->5272488K(5272576K)
[5546.554s][info][gc,metaspace   ] GC(1693) Metaspace: 29098K(29376K)->29098K(29376K) NonClass: 25994K(26112K)->25994K(26112K) Class: 3103K(3264K)->3103K(3264K)
[5546.554s][info][gc             ] GC(1693) Pause Young (Allocation Failure) 7507M->5308M(7665M) 104.752ms
[5546.554s][info][gc,cpu         ] GC(1693) User=0.59s Sys=0.04s Real=0.11s
.[5548.178s][info][gc,start       ] GC(1694) Pause Young (Allocation Failure)
[5548.275s][info][gc,heap        ] GC(1694) PSYoungGen: 2543045K(2576384K)->145696K(2582528K) Eden: 2379264K(2379264K)->0K(2379264K) From: 163781K(197120K)->145696K(203264K)
[5548.275s][info][gc,heap        ] GC(1694) ParOldGen: 5272488K(5272576K)->5375056K(5375488K)
[5548.275s][info][gc,metaspace   ] GC(1694) Metaspace: 29098K(29376K)->29098K(29376K) NonClass: 25994K(26112K)->25994K(26112K) Class: 3103K(3264K)->3103K(3264K)
[5548.275s][info][gc             ] GC(1694) Pause Young (Allocation Failure) 7632M->5391M(7771M) 97.334ms
[5548.275s][info][gc,cpu         ] GC(1694) User=0.55s Sys=0.03s Real=0.10s
..[5549.917s][info][gc,start       ] GC(1695) Pause Young (Allocation Failure)
[5550.017s][info][gc,heap        ] GC(1695) PSYoungGen: 2524960K(2582528K)->155760K(2585600K) Eden: 2379264K(2379264K)->0K(2390528K) From: 145696K(203264K)->155760K(195072K)
[5550.017s][info][gc,heap        ] GC(1695) ParOldGen: 5375056K(5375488K)->5480376K(5480448K)
[5550.017s][info][gc,metaspace   ] GC(1695) Metaspace: 29098K(29376K)->29098K(29376K) NonClass: 25994K(26112K)->25994K(26112K) Class: 3103K(3264K)->3103K(3264K)
[5550.017s][info][gc             ] GC(1695) Pause Young (Allocation Failure) 7714M->5504M(7877M) 99.972ms
[5550.017s][info][gc,cpu         ] GC(1695) User=0.56s Sys=0.03s Real=0.10s
..[5551.761s][info][gc,start       ] GC(1696) Pause Young (Allocation Failure)
[5551.859s][info][gc,heap        ] GC(1696) PSYoungGen: 2546288K(2585600K)->155456K(2589696K) Eden: 2390528K(2390528K)->0K(2390528K) From: 155760K(195072K)->155456K(199168K)
[5551.859s][info][gc,heap        ] GC(1696) ParOldGen: 5480376K(5480448K)->5581184K(5581312K)
[5551.860s][info][gc,metaspace   ] GC(1696) Metaspace: 29098K(29376K)->29098K(29376K) NonClass: 25994K(26112K)->25994K(26112K) Class: 3103K(3264K)->3103K(3264K)
[5551.860s][info][gc             ] GC(1696) Pause Young (Allocation Failure) 7838M->5602M(7979M) 98.434ms
[5551.860s][info][gc,cpu         ] GC(1696) User=0.55s Sys=0.03s Real=0.10s
..[5553.530s][info][gc,start       ] GC(1697) Pause Full (Allocation Failure)
[5553.530s][info][gc,phases,start] GC(1697) Marking Phase
[5553.860s][info][gc,phases      ] GC(1697) Marking Phase 330.364ms
[5553.860s][info][gc,phases,start] GC(1697) Summary Phase
[5553.860s][info][gc,phases      ] GC(1697) Summary Phase 0.097ms
[5553.860s][info][gc,phases,start] GC(1697) Forward
[5553.996s][info][gc,phases      ] GC(1697) Forward 135.910ms
[5553.996s][info][gc,phases,start] GC(1697) Adjust Pointers
[5554.214s][info][gc,phases      ] GC(1697) Adjust Pointers 217.685ms
[5554.214s][info][gc,phases,start] GC(1697) Compaction Phase
[5554.366s][info][gc,phases      ] GC(1697) Compaction Phase 152.047ms
[5554.368s][info][gc,phases,start] GC(1697) Post Compact
[5554.375s][info][gc,phases      ] GC(1697) Post Compact 7.089ms
[5554.495s][info][gc,heap        ] GC(1697) PSYoungGen: 2545984K(2589696K)->0K(2595328K) Eden: 2390528K(2390528K)->0K(2400256K) From: 155456K(199168K)->0K(195072K)
[5554.495s][info][gc,heap        ] GC(1697) ParOldGen: 5581184K(5581312K)->1633987K(2032128K)
[5554.495s][info][gc,metaspace   ] GC(1697) Metaspace: 29098K(29376K)->29098K(29376K) NonClass: 25994K(26112K)->25994K(26112K) Class: 3103K(3264K)->3103K(3264K)
[5554.495s][info][gc             ] GC(1697) Pause Full (Allocation Failure) 7936M->1595M(4519M) 965.628ms
[5554.496s][info][gc,cpu         ] GC(1697) User=4.54s Sys=0.12s Real=0.97s
..[5555.762s][info][gc,start       ] GC(1698) Pause Young (Allocation Failure)
[5555.831s][info][gc,heap        ] GC(1698) PSYoungGen: 2400256K(2595328K)->166558K(2596864K) Eden: 2400256K(2400256K)->0K(2400256K) From: 0K(195072K)->166558K(196608K)
[5555.831s][info][gc,heap        ] GC(1698) ParOldGen: 1633987K(2032128K)->1633987K(2032128K)
[5555.831s][info][gc,metaspace   ] GC(1698) Metaspace: 29098K(29376K)->29098K(29376K) NonClass: 25994K(26112K)->25994K(26112K) Class: 3103K(3264K)->3103K(3264K)
[5555.831s][info][gc             ] GC(1698) Pause Young (Allocation Failure) 3939M->1758M(4520M) 69.082ms
[5555.831s][info][gc,cpu         ] GC(1698) User=0.40s Sys=0.00s Real=0.07s
.[5557.118s][info][gc,start       ] GC(1699) Pause Young (Allocation Failure)
[5557.221s][info][gc,heap        ] GC(1699) PSYoungGen: 2566814K(2596864K)->181124K(2592768K) Eden: 2400256K(2400256K)->0K(2397696K) From: 166558K(196608K)->181124K(195072K)
[5557.221s][info][gc,heap        ] GC(1699) ParOldGen: 1633987K(2032128K)->1736579K(2032128K)
[5557.221s][info][gc,metaspace   ] GC(1699) Metaspace: 29098K(29376K)->29098K(29376K) NonClass: 25994K(26112K)->25994K(26112K) Class: 3103K(3264K)->3103K(3264K)
[5557.221s][info][gc             ] GC(1699) Pause Young (Allocation Failure) 4102M->1872M(4516M) 102.924ms
[5557.221s][info][gc,cpu         ] GC(1699) User=0.61s Sys=0.00s Real=0.10s
..[5558.799s][info][gc,start       ] GC(1700) Pause Young (Allocation Failure)
[5558.896s][info][gc,heap        ] GC(1700) PSYoungGen: 2578820K(2592768K)->157129K(2596864K) Eden: 2397696K(2397696K)->0K(2397696K) From: 181124K(195072K)->157129K(199168K)
[5558.896s][info][gc,heap        ] GC(1700) ParOldGen: 1736579K(2032128K)->1846131K(2032128K)
[5558.896s][info][gc,metaspace   ] GC(1700) Metaspace: 29098K(29376K)->29098K(29376K) NonClass: 25994K(26112K)->25994K(26112K) Class: 3103K(3264K)->3103K(3264K)
[5558.896s][info][gc             ] GC(1700) Pause Young (Allocation Failure) 4214M->1956M(4520M) 96.454ms
[5558.896s][info][gc,cpu         ] GC(1700) User=0.57s Sys=0.00s Real=0.10s
.[5560.675s][info][gc,start       ] GC(1701) Pause Young (Allocation Failure)
[5560.764s][info][gc,heap        ] GC(1701) PSYoungGen: 2554825K(2596864K)->152896K(2592256K) Eden: 2397696K(2397696K)->0K(2400256K) From: 157129K(199168K)->152896K(192000K)
[5560.764s][info][gc,heap        ] GC(1701) ParOldGen: 1846131K(2032128K)->1943067K(2032128K)
[5560.764s][info][gc,metaspace   ] GC(1701) Metaspace: 29098K(29376K)->29098K(29376K) NonClass: 25994K(26112K)->25994K(26112K) Class: 3103K(3264K)->3103K(3264K)
[5560.764s][info][gc             ] GC(1701) Pause Young (Allocation Failure) 4297M->2046M(4516M) 88.324ms
[5560.764s][info][gc,cpu         ] GC(1701) User=0.53s Sys=0.00s Real=0.09s
..[5562.460s][info][gc,start       ] GC(1702) Pause Young (Allocation Failure)
[5562.554s][info][gc,heap        ] GC(1702) PSYoungGen: 2553152K(2592256K)->154644K(2595328K) Eden: 2400256K(2400256K)->0K(2400256K) From: 152896K(192000K)->154644K(195072K)
[5562.554s][info][gc,heap        ] GC(1702) ParOldGen: 1943067K(2032128K)->2047635K(2048000K)
[5562.554s][info][gc,metaspace   ] GC(1702) Metaspace: 29098K(29376K)->29098K(29376K) NonClass: 25994K(26112K)->25994K(26112K) Class: 3103K(3264K)->3103K(3264K)
[5562.554s][info][gc             ] GC(1702) Pause Young (Allocation Failure) 4390M->2150M(4534M) 94.070ms
[5562.554s][info][gc,cpu         ] GC(1702) User=0.55s Sys=0.00s Real=0.10s
..[5564.271s][info][gc,start       ] GC(1703) Pause Young (Allocation Failure)
[5564.369s][info][gc,heap        ] GC(1703) PSYoungGen: 2554900K(2595328K)->153424K(2595840K) Eden: 2400256K(2400256K)->0K(2407936K) From: 154644K(195072K)->153424K(187904K)
[5564.369s][info][gc,heap        ] GC(1703) ParOldGen: 2047635K(2048000K)->2151603K(2151936K)
[5564.369s][info][gc,metaspace   ] GC(1703) Metaspace: 29098K(29376K)->29098K(29376K) NonClass: 25994K(26112K)->25994K(26112K) Class: 3103K(3264K)->3103K(3264K)
[5564.369s][info][gc             ] GC(1703) Pause Young (Allocation Failure) 4494M->2251M(4636M) 98.969ms
[5564.370s][info][gc,cpu         ] GC(1703) User=0.56s Sys=0.03s Real=0.10s
..[5566.108s][info][gc,start       ] GC(1704) Pause Young (Allocation Failure)
[5566.205s][info][gc,heap        ] GC(1704) PSYoungGen: 2561360K(2595840K)->157888K(2598912K) Eden: 2407936K(2407936K)->0K(2407936K) From: 153424K(187904K)->157888K(190976K)
[5566.205s][info][gc,heap        ] GC(1704) ParOldGen: 2151603K(2151936K)->2254243K(2254336K)
[5566.205s][info][gc,metaspace   ] GC(1704) Metaspace: 29098K(29376K)->29098K(29376K) NonClass: 25994K(26112K)->25994K(26112K) Class: 3103K(3264K)->3103K(3264K)
[5566.205s][info][gc             ] GC(1704) Pause Young (Allocation Failure) 4602M->2355M(4739M) 96.603ms
[5566.205s][info][gc,cpu         ] GC(1704) User=0.54s Sys=0.03s Real=0.10s
..[5568.014s][info][gc,start       ] GC(1705) Pause Young (Allocation Failure)
[5568.110s][info][gc,heap        ] GC(1705) PSYoungGen: 2565824K(2598912K)->158976K(2599424K) Eden: 2407936K(2407936K)->0K(2416640K) From: 157888K(190976K)->158976K(182784K)
[5568.110s][info][gc,heap        ] GC(1705) ParOldGen: 2254243K(2254336K)->2355171K(2355200K)
[5568.110s][info][gc,metaspace   ] GC(1705) Metaspace: 29098K(29376K)->29098K(29376K) NonClass: 25994K(26112K)->25994K(26112K) Class: 3103K(3264K)->3103K(3264K)
[5568.110s][info][gc             ] GC(1705) Pause Young (Allocation Failure) 4707M->2455M(4838M) 96.801ms
[5568.110s][info][gc,cpu         ] GC(1705) User=0.54s Sys=0.03s Real=0.09s
.[5569.789s][info][gc,start       ] GC(1706) Pause Young (Allocation Failure)
[5569.888s][info][gc,heap        ] GC(1706) PSYoungGen: 2575616K(2599424K)->155381K(2602496K) Eden: 2416640K(2416640K)->0K(2416640K) From: 158976K(182784K)->155381K(185856K)
[5569.888s][info][gc,heap        ] GC(1706) ParOldGen: 2355171K(2355200K)->2460683K(2461184K)
[5569.888s][info][gc,metaspace   ] GC(1706) Metaspace: 29098K(29376K)->29098K(29376K) NonClass: 25994K(26112K)->25994K(26112K) Class: 3103K(3264K)->3103K(3264K)
[5569.888s][info][gc             ] GC(1706) Pause Young (Allocation Failure) 4815M->2554M(4945M) 98.329ms
[5569.889s][info][gc,cpu         ] GC(1706) User=0.54s Sys=0.04s Real=0.10s
..[5571.615s][info][gc,start       ] GC(1707) Pause Young (Allocation Failure)
[5571.719s][info][gc,heap        ] GC(1707) PSYoungGen: 2572021K(2602496K)->170857K(2608128K) Eden: 2416640K(2416640K)->0K(2424320K) From: 155381K(185856K)->170857K(183808K)
[5571.719s][info][gc,heap        ] GC(1707) ParOldGen: 2460683K(2461184K)->2560755K(2561024K)
[5571.719s][info][gc,metaspace   ] GC(1707) Metaspace: 29098K(29376K)->29098K(29376K) NonClass: 25994K(26112K)->25994K(26112K) Class: 3103K(3264K)->3103K(3264K)
[5571.719s][info][gc             ] GC(1707) Pause Young (Allocation Failure) 4914M->2667M(5048M) 104.423ms
[5571.719s][info][gc,cpu         ] GC(1707) User=0.59s Sys=0.03s Real=0.10s
..[5573.343s][info][gc,start       ] GC(1708) Pause Young (Allocation Failure)
[5573.441s][info][gc,heap        ] GC(1708) PSYoungGen: 2595177K(2608128K)->155312K(2610176K) Eden: 2424320K(2424320K)->0K(2424320K) From: 170857K(183808K)->155312K(185856K)
[5573.441s][info][gc,heap        ] GC(1708) ParOldGen: 2560755K(2561024K)->2667955K(2668032K)
[5573.441s][info][gc,metaspace   ] GC(1708) Metaspace: 29098K(29376K)->29098K(29376K) NonClass: 25994K(26112K)->25994K(26112K) Class: 3103K(3264K)->3103K(3264K)
[5573.441s][info][gc             ] GC(1708) Pause Young (Allocation Failure) 5035M->2757M(5154M) 98.197ms
[5573.441s][info][gc,cpu         ] GC(1708) User=0.54s Sys=0.04s Real=0.10s
..[5575.151s][info][gc,start       ] GC(1709) Pause Young (Allocation Failure)
[5575.252s][info][gc,heap        ] GC(1709) PSYoungGen: 2579632K(2610176K)->164410K(2607616K) Eden: 2424320K(2424320K)->0K(2425856K) From: 155312K(185856K)->164410K(181760K)
[5575.252s][info][gc,heap        ] GC(1709) ParOldGen: 2667955K(2668032K)->2772395K(2772480K)
[5575.252s][info][gc,metaspace   ] GC(1709) Metaspace: 29098K(29376K)->29098K(29376K) NonClass: 25994K(26112K)->25994K(26112K) Class: 3103K(3264K)->3103K(3264K)
[5575.252s][info][gc             ] GC(1709) Pause Young (Allocation Failure) 5124M->2867M(5254M) 100.605ms
[5575.252s][info][gc,cpu         ] GC(1709) User=0.56s Sys=0.03s Real=0.10s
.[5576.894s][info][gc,start       ] GC(1710) Pause Young (Allocation Failure)
[5576.995s][info][gc,heap        ] GC(1710) PSYoungGen: 2590266K(2607616K)->165968K(2609152K) Eden: 2425856K(2425856K)->0K(2425856K) From: 164410K(181760K)->165968K(183296K)
[5576.995s][info][gc,heap        ] GC(1710) ParOldGen: 2772395K(2772480K)->2875019K(2875392K)
[5576.995s][info][gc,metaspace   ] GC(1710) Metaspace: 29098K(29376K)->29098K(29376K) NonClass: 25994K(26112K)->25994K(26112K) Class: 3103K(3264K)->3103K(3264K)
[5576.995s][info][gc             ] GC(1710) Pause Young (Allocation Failure) 5236M->2969M(5356M) 101.535ms
[5576.995s][info][gc,cpu         ] GC(1710) User=0.57s Sys=0.03s Real=0.10s
..[5578.650s][info][gc,start       ] GC(1711) Pause Young (Allocation Failure)
[5578.748s][info][gc,heap        ] GC(1711) PSYoungGen: 2591824K(2609152K)->156320K(2609664K) Eden: 2425856K(2425856K)->0K(2429440K) From: 165968K(183296K)->156320K(180224K)
[5578.748s][info][gc,heap        ] GC(1711) ParOldGen: 2875019K(2875392K)->2982443K(2982912K)
[5578.748s][info][gc,metaspace   ] GC(1711) Metaspace: 29098K(29376K)->29098K(29376K) NonClass: 25994K(26112K)->25994K(26112K) Class: 3103K(3264K)->3103K(3264K)
[5578.748s][info][gc             ] GC(1711) Pause Young (Allocation Failure) 5338M->3065M(5461M) 97.433ms
[5578.748s][info][gc,cpu         ] GC(1711) User=0.54s Sys=0.03s Real=0.10s
..[5580.523s][info][gc,start       ] GC(1712) Pause Young (Allocation Failure)
[5580.624s][info][gc,heap        ] GC(1712) PSYoungGen: 2585760K(2609664K)->162820K(2611200K) Eden: 2429440K(2429440K)->0K(2429440K) From: 156320K(180224K)->162820K(181760K)
[5580.624s][info][gc,heap        ] GC(1712) ParOldGen: 2982443K(2982912K)->3085523K(3085824K)
[5580.624s][info][gc,metaspace   ] GC(1712) Metaspace: 29098K(29376K)->29098K(29376K) NonClass: 25994K(26112K)->25994K(26112K) Class: 3103K(3264K)->3103K(3264K)
[5580.624s][info][gc             ] GC(1712) Pause Young (Allocation Failure) 5437M->3172M(5563M) 101.085ms
[5580.625s][info][gc,cpu         ] GC(1712) User=0.56s Sys=0.03s Real=0.10s
.. (rIR:aIR:PR = 9548:9471:9471) (tPR = 140433) [OK] 
  5581s: Performance info:
         Transaction,    Success,    Partial,     Failed,   Receipts, AvgBarcode, 
             Overall,     576968,          0,          0,     547675,      59.48, 
         Response times:
             Request,    Success,    Partial,     Failed,   SkipFail,     Probes,    Samples,      min,      p50,      p90,      p95,      p99,      max, 
       TotalPurchase,     547675,          0,          0,          0,     356019,     410793,      300,     7200,    73000,   142000,   610000,  1500000,
     InStorePurchase,     288128,          0,          0,          0,     187258,     215887,      300,     7200,    73000,   142000,   600000,  1500000,
      OnlinePurchase,     201667,          0,          0,          0,     130787,     150851,      300,     7200,    73800,   142000,   620000,  1500000,
        InstPurchase,      57880,          0,          0,          0,      37974,      44055,      400,     7100,    72000,   143000,   630000,   990000,
          AssocOfCat,        582,          0,          0,          0,        453,        625,    21000,    42000,   110600,   229400,   514000,  1100000,
      AssocOfProduct,       5864,          0,          0,          0,       4218,       5109,      500,     6900,    68000,   125000,   535000,   990000,
      BusinessReport,       1460,          0,          0,          0,       1280,       1604,    27000,    52000,   131000,   187250,   748500,  1100000,
          CustBuyBeh,       5783,          0,          0,          0,       4219,       5103,      200,     7200,    74000,   139600,   600000,   760000,
       ProductReturn,      15605,          0,          0,          0,       9729,      11427,      200,     7400,    73000,   134000,   597000,   800000,

  5581s: (70%)   IR =   9686 [5582.293s][info][gc,start       ] GC(1713) Pause Young (Allocation Failure)
[5582.393s][info][gc,heap        ] GC(1713) PSYoungGen: 2592260K(2611200K)->152202K(2612736K) Eden: 2429440K(2429440K)->0K(2433536K) From: 162820K(181760K)->152202K(179200K)
[5582.393s][info][gc,heap        ] GC(1713) ParOldGen: 3085523K(3085824K)->3192435K(3192832K)
[5582.393s][info][gc,metaspace   ] GC(1713) Metaspace: 29098K(29376K)->29098K(29376K) NonClass: 25994K(26112K)->25994K(26112K) Class: 3103K(3264K)->3103K(3264K)
[5582.393s][info][gc             ] GC(1713) Pause Young (Allocation Failure) 5544M->3266M(5669M) 100.196ms
[5582.393s][info][gc,cpu         ] GC(1713) User=0.54s Sys=0.04s Real=0.11s
.[5584.051s][info][gc,start       ] GC(1714) Pause Young (Allocation Failure)
[5584.150s][info][gc,heap        ] GC(1714) PSYoungGen: 2585738K(2612736K)->167237K(2613760K) Eden: 2433536K(2433536K)->0K(2433536K) From: 152202K(179200K)->167237K(180224K)
[5584.150s][info][gc,heap        ] GC(1714) ParOldGen: 3192435K(3192832K)->3292443K(3292672K)
[5584.150s][info][gc,metaspace   ] GC(1714) Metaspace: 29098K(29376K)->29098K(29376K) NonClass: 25994K(26112K)->25994K(26112K) Class: 3103K(3264K)->3103K(3264K)
[5584.150s][info][gc             ] GC(1714) Pause Young (Allocation Failure) 5642M->3378M(5768M) 99.981ms
[5584.151s][info][gc,cpu         ] GC(1714) User=0.56s Sys=0.03s Real=0.10s
..[5585.899s][info][gc,start       ] GC(1715) Pause Young (Allocation Failure)
[5585.998s][info][gc,heap        ] GC(1715) PSYoungGen: 2600773K(2613760K)->157568K(2613248K) Eden: 2433536K(2433536K)->0K(2435072K) From: 167237K(180224K)->157568K(178176K)
[5585.998s][info][gc,heap        ] GC(1715) ParOldGen: 3292443K(3292672K)->3397291K(3397632K)
[5585.998s][info][gc,metaspace   ] GC(1715) Metaspace: 29098K(29376K)->29098K(29376K) NonClass: 25994K(26112K)->25994K(26112K) Class: 3103K(3264K)->3103K(3264K)
[5585.998s][info][gc             ] GC(1715) Pause Young (Allocation Failure) 5755M->3471M(5870M) 98.414ms
[5585.998s][info][gc,cpu         ] GC(1715) User=0.55s Sys=0.03s Real=0.10s
..[5587.666s][info][gc,start       ] GC(1716) Pause Young (Allocation Failure)
[5587.766s][info][gc,heap        ] GC(1716) PSYoungGen: 2592640K(2613248K)->159872K(2614272K) Eden: 2435072K(2435072K)->0K(2435072K) From: 157568K(178176K)->159872K(179200K)
[5587.766s][info][gc,heap        ] GC(1716) ParOldGen: 3397291K(3397632K)->3502379K(3502592K)
[5587.766s][info][gc,metaspace   ] GC(1716) Metaspace: 29098K(29376K)->29098K(29376K) NonClass: 25994K(26112K)->25994K(26112K) Class: 3103K(3264K)->3103K(3264K)
[5587.766s][info][gc             ] GC(1716) Pause Young (Allocation Failure) 5849M->3576M(5973M) 99.829ms
[5587.766s][info][gc,cpu         ] GC(1716) User=0.55s Sys=0.04s Real=0.10s
..[5589.443s][info][gc,start       ] GC(1717) Pause Young (Allocation Failure)
[5589.545s][info][gc,heap        ] GC(1717) PSYoungGen: 2594944K(2614272K)->160197K(2613248K) Eden: 2435072K(2435072K)->0K(2439168K) From: 159872K(179200K)->160197K(174080K)
[5589.545s][info][gc,heap        ] GC(1717) ParOldGen: 3502379K(3502592K)->3606715K(3607040K)
[5589.545s][info][gc,metaspace   ] GC(1717) Metaspace: 29098K(29376K)->29098K(29376K) NonClass: 25994K(26112K)->25994K(26112K) Class: 3103K(3264K)->3103K(3264K)
[5589.545s][info][gc             ] GC(1717) Pause Young (Allocation Failure) 5954M->3678M(6074M) 102.429ms
[5589.545s][info][gc,cpu         ] GC(1717) User=0.57s Sys=0.03s Real=0.11s
.|[5591.194s][info][gc,start       ] GC(1718) Pause Young (Allocation Failure)
[5591.292s][info][gc,heap        ] GC(1718) PSYoungGen: 2599365K(2613248K)->150640K(2614784K) Eden: 2439168K(2439168K)->0K(2439168K) From: 160197K(174080K)->150640K(175616K)
[5591.292s][info][gc,heap        ] GC(1718) ParOldGen: 3606715K(3607040K)->3711147K(3711488K)
[5591.292s][info][gc,metaspace   ] GC(1718) Metaspace: 29101K(29376K)->29101K(29376K) NonClass: 25997K(26112K)->25997K(26112K) Class: 3103K(3264K)->3103K(3264K)
[5591.292s][info][gc             ] GC(1718) Pause Young (Allocation Failure) 6060M->3771M(6178M) 97.571ms
[5591.292s][info][gc,cpu         ] GC(1718) User=0.54s Sys=0.03s Real=0.09s
..[5592.990s][info][gc,start       ] GC(1719) Pause Young (Allocation Failure)
[5593.092s][info][gc,heap        ] GC(1719) PSYoungGen: 2589808K(2614784K)->164916K(2619904K) Eden: 2439168K(2439168K)->0K(2443776K) From: 150640K(175616K)->164916K(176128K)
[5593.092s][info][gc,heap        ] GC(1719) ParOldGen: 3711147K(3711488K)->3814403K(3814912K)
[5593.092s][info][gc,metaspace   ] GC(1719) Metaspace: 29102K(29376K)->29102K(29376K) NonClass: 25999K(26112K)->25999K(26112K) Class: 3103K(3264K)->3103K(3264K)
[5593.092s][info][gc             ] GC(1719) Pause Young (Allocation Failure) 6153M->3886M(6284M) 101.729ms
[5593.092s][info][gc,cpu         ] GC(1719) User=0.57s Sys=0.03s Real=0.10s
..[5594.705s][info][gc,start       ] GC(1720) Pause Young (Allocation Failure)
[5594.804s][info][gc,heap        ] GC(1720) PSYoungGen: 2608692K(2619904K)->156224K(2600448K) Eden: 2443776K(2443776K)->0K(2443776K) From: 164916K(176128K)->156224K(156672K)
[5594.804s][info][gc,heap        ] GC(1720) ParOldGen: 3814403K(3814912K)->3918907K(3919360K)
[5594.804s][info][gc,metaspace   ] GC(1720) Metaspace: 29102K(29376K)->29102K(29376K) NonClass: 25999K(26112K)->25999K(26112K) Class: 3103K(3264K)->3103K(3264K)
[5594.804s][info][gc             ] GC(1720) Pause Young (Allocation Failure) 6272M->3979M(6367M) 98.813ms
[5594.804s][info][gc,cpu         ] GC(1720) User=0.55s Sys=0.03s Real=0.10s
..[5596.516s][info][gc,start       ] GC(1721) Pause Young (Allocation Failure)
[5596.615s][info][gc,heap        ] GC(1721) PSYoungGen: 2600000K(2600448K)->155424K(2620416K) Eden: 2443776K(2443776K)->0K(2444800K) From: 156224K(156672K)->155424K(175616K)
[5596.615s][info][gc,heap        ] GC(1721) ParOldGen: 3918907K(3919360K)->4022715K(4022784K)
[5596.615s][info][gc,metaspace   ] GC(1721) Metaspace: 29102K(29376K)->29102K(29376K) NonClass: 25999K(26112K)->25999K(26112K) Class: 3103K(3264K)->3103K(3264K)
[5596.615s][info][gc             ] GC(1721) Pause Young (Allocation Failure) 6366M->4080M(6487M) 99.661ms
[5596.615s][info][gc,cpu         ] GC(1721) User=0.56s Sys=0.03s Real=0.10s
.[5598.292s][info][gc,start       ] GC(1722) Pause Young (Allocation Failure)
[5598.393s][info][gc,heap        ] GC(1722) PSYoungGen: 2600224K(2620416K)->162512K(2619392K) Eden: 2444800K(2444800K)->0K(2444800K) From: 155424K(175616K)->162512K(174592K)
[5598.393s][info][gc,heap        ] GC(1722) ParOldGen: 4022715K(4022784K)->4125611K(4125696K)
[5598.393s][info][gc,metaspace   ] GC(1722) Metaspace: 29102K(29376K)->29102K(29376K) NonClass: 25999K(26112K)->25999K(26112K) Class: 3103K(3264K)->3103K(3264K)
[5598.393s][info][gc             ] GC(1722) Pause Young (Allocation Failure) 6467M->4187M(6587M) 100.676ms
[5598.393s][info][gc,cpu         ] GC(1722) User=0.56s Sys=0.04s Real=0.10s
..[5599.997s][info][gc,start       ] GC(1723) Pause Young (Allocation Failure)
[5600.098s][info][gc,heap        ] GC(1723) PSYoungGen: 2607312K(2619392K)->152448K(2619904K) Eden: 2444800K(2444800K)->0K(2445824K) From: 162512K(174592K)->152448K(174080K)
[5600.098s][info][gc,heap        ] GC(1723) ParOldGen: 4125611K(4125696K)->4235739K(4235776K)
[5600.098s][info][gc,metaspace   ] GC(1723) Metaspace: 29102K(29376K)->29102K(29376K) NonClass: 25999K(26112K)->25999K(26112K) Class: 3103K(3264K)->3103K(3264K)
[5600.098s][info][gc             ] GC(1723) Pause Young (Allocation Failure) 6575M->4285M(6695M) 100.386ms
[5600.098s][info][gc,cpu         ] GC(1723) User=0.56s Sys=0.04s Real=0.10s
..[5601.894s][info][gc,start       ] GC(1724) Pause Young (Allocation Failure)
[5601.998s][info][gc,heap        ] GC(1724) PSYoungGen: 2598272K(2619904K)->166848K(2619904K) Eden: 2445824K(2445824K)->0K(2445824K) From: 152448K(174080K)->166848K(174080K)
[5601.998s][info][gc,heap        ] GC(1724) ParOldGen: 4235739K(4235776K)->4333371K(4333568K)
[5601.998s][info][gc,metaspace   ] GC(1724) Metaspace: 29102K(29376K)->29102K(29376K) NonClass: 25999K(26112K)->25999K(26112K) Class: 3103K(3264K)->3103K(3264K)
[5601.998s][info][gc             ] GC(1724) Pause Young (Allocation Failure) 6673M->4394M(6790M) 103.677ms
[5601.998s][info][gc,cpu         ] GC(1724) User=0.58s Sys=0.03s Real=0.10s
..[5603.720s][info][gc,start       ] GC(1725) Pause Young (Allocation Failure)
[5603.823s][info][gc,heap        ] GC(1725) PSYoungGen: 2612672K(2619904K)->165056K(2619392K) Eden: 2445824K(2445824K)->0K(2443776K) From: 166848K(174080K)->165056K(175616K)
[5603.823s][info][gc,heap        ] GC(1725) ParOldGen: 4333371K(4333568K)->4439539K(4439552K)
[5603.823s][info][gc,metaspace   ] GC(1725) Metaspace: 29102K(29376K)->29102K(29376K) NonClass: 25999K(26112K)->25999K(26112K) Class: 3103K(3264K)->3103K(3264K)
[5603.823s][info][gc             ] GC(1725) Pause Young (Allocation Failure) 6783M->4496M(6893M) 103.972ms
[5603.824s][info][gc,cpu         ] GC(1725) User=0.58s Sys=0.02s Real=0.11s
..[5605.427s][info][gc,start       ] GC(1726) Pause Young (Allocation Failure)
[5605.525s][info][gc,heap        ] GC(1726) PSYoungGen: 2608832K(2619392K)->151072K(2619904K) Eden: 2443776K(2443776K)->0K(2443776K) From: 165056K(175616K)->151072K(176128K)
[5605.525s][info][gc,heap        ] GC(1726) ParOldGen: 4439539K(4439552K)->4546347K(4546560K)
[5605.525s][info][gc,metaspace   ] GC(1726) Metaspace: 29102K(29376K)->29102K(29376K) NonClass: 25999K(26112K)->25999K(26112K) Class: 3103K(3264K)->3103K(3264K)
[5605.525s][info][gc             ] GC(1726) Pause Young (Allocation Failure) 6883M->4587M(6998M) 97.785ms
[5605.525s][info][gc,cpu         ] GC(1726) User=0.54s Sys=0.03s Real=0.10s
.[5607.149s][info][gc,start       ] GC(1727) Pause Young (Allocation Failure)
[5607.255s][info][gc,heap        ] GC(1727) PSYoungGen: 2594848K(2619904K)->165372K(2618880K) Eden: 2443776K(2443776K)->0K(2442752K) From: 151072K(176128K)->165372K(176128K)
[5607.255s][info][gc,heap        ] GC(1727) ParOldGen: 4546347K(4546560K)->4651643K(4652032K)
[5607.255s][info][gc,metaspace   ] GC(1727) Metaspace: 29102K(29376K)->29102K(29376K) NonClass: 25999K(26112K)->25999K(26112K) Class: 3103K(3264K)->3103K(3264K)
[5607.255s][info][gc             ] GC(1727) Pause Young (Allocation Failure) 6973M->4704M(7100M) 105.459ms
[5607.255s][info][gc,cpu         ] GC(1727) User=0.59s Sys=0.03s Real=0.11s
..[5608.907s][info][gc,start       ] GC(1728) Pause Young (Allocation Failure)
[5609.007s][info][gc,heap        ] GC(1728) PSYoungGen: 2608124K(2618880K)->163616K(2619392K) Eden: 2442752K(2442752K)->0K(2442752K) From: 165372K(176128K)->163616K(176640K)
[5609.007s][info][gc,heap        ] GC(1728) ParOldGen: 4651643K(4652032K)->4751755K(4751872K)
[5609.007s][info][gc,metaspace   ] GC(1728) Metaspace: 29102K(29376K)->29102K(29376K) NonClass: 25999K(26112K)->25999K(26112K) Class: 3103K(3264K)->3103K(3264K)
[5609.008s][info][gc             ] GC(1728) Pause Young (Allocation Failure) 7089M->4800M(7198M) 100.040ms
[5609.008s][info][gc,cpu         ] GC(1728) User=0.56s Sys=0.03s Real=0.10s
..[5610.607s][info][gc,start       ] GC(1729) Pause Young (Allocation Failure)
[5610.705s][info][gc,heap        ] GC(1729) PSYoungGen: 2606368K(2619392K)->152800K(2619392K) Eden: 2442752K(2442752K)->0K(2443264K) From: 163616K(176640K)->152800K(176128K)
[5610.705s][info][gc,heap        ] GC(1729) ParOldGen: 4751755K(4751872K)->4861035K(4861440K)
[5610.705s][info][gc,metaspace   ] GC(1729) Metaspace: 29102K(29376K)->29102K(29376K) NonClass: 25999K(26112K)->25999K(26112K) Class: 3103K(3264K)->3103K(3264K)
[5610.705s][info][gc             ] GC(1729) Pause Young (Allocation Failure) 7185M->4896M(7305M) 98.406ms
[5610.705s][info][gc,cpu         ] GC(1729) User=0.55s Sys=0.03s Real=0.10s
..[5612.477s][info][gc,start       ] GC(1730) Pause Young (Allocation Failure)
[5612.574s][info][gc,heap        ] GC(1730) PSYoungGen: 2596064K(2619392K)->153888K(2597376K) Eden: 2443264K(2443264K)->0K(2443264K) From: 152800K(176128K)->153888K(154112K)
[5612.574s][info][gc,heap        ] GC(1730) ParOldGen: 4861035K(4861440K)->4962251K(4962304K)
[5612.574s][info][gc,metaspace   ] GC(1730) Metaspace: 29102K(29376K)->29102K(29376K) NonClass: 25999K(26112K)->25999K(26112K) Class: 3103K(3264K)->3103K(3264K)
[5612.574s][info][gc             ] GC(1730) Pause Young (Allocation Failure) 7282M->4996M(7382M) 96.973ms
[5612.574s][info][gc,cpu         ] GC(1730) User=0.55s Sys=0.03s Real=0.10s
.[5614.262s][info][gc,start       ] GC(1731) Pause Young (Allocation Failure)
[5614.366s][info][gc,heap        ] GC(1731) PSYoungGen: 2597152K(2597376K)->160751K(2619392K) Eden: 2443264K(2443264K)->0K(2444288K) From: 153888K(154112K)->160751K(175104K)
[5614.366s][info][gc,heap        ] GC(1731) ParOldGen: 4962251K(4962304K)->5069715K(5069824K)
[5614.366s][info][gc,metaspace   ] GC(1731) Metaspace: 29102K(29376K)->29102K(29376K) NonClass: 25999K(26112K)->25999K(26112K) Class: 3103K(3264K)->3103K(3264K)
[5614.366s][info][gc             ] GC(1731) Pause Young (Allocation Failure) 7382M->5107M(7509M) 104.173ms
[5614.366s][info][gc,cpu         ] GC(1731) User=0.59s Sys=0.03s Real=0.11s
..[5616.002s][info][gc,start       ] GC(1732) Pause Young (Allocation Failure)
[5616.102s][info][gc,heap        ] GC(1732) PSYoungGen: 2605039K(2619392K)->157344K(2618880K) Eden: 2444288K(2444288K)->0K(2444288K) From: 160751K(175104K)->157344K(174592K)
[5616.102s][info][gc,heap        ] GC(1732) ParOldGen: 5069715K(5069824K)->5174651K(5174784K)
[5616.102s][info][gc,metaspace   ] GC(1732) Metaspace: 29102K(29376K)->29102K(29376K) NonClass: 25999K(26112K)->25999K(26112K) Class: 3103K(3264K)->3103K(3264K)
[5616.102s][info][gc             ] GC(1732) Pause Young (Allocation Failure) 7494M->5207M(7611M) 100.238ms
[5616.102s][info][gc,cpu         ] GC(1732) User=0.56s Sys=0.04s Real=0.10s
..[5617.796s][info][gc,start       ] GC(1733) Pause Young (Allocation Failure)
[5617.906s][info][gc,heap        ] GC(1733) PSYoungGen: 2601632K(2618880K)->171642K(2615808K) Eden: 2444288K(2444288K)->0K(2442752K) From: 157344K(174592K)->171642K(173056K)
[5617.906s][info][gc,heap        ] GC(1733) ParOldGen: 5174651K(5174784K)->5278403K(5278720K)
[5617.906s][info][gc,metaspace   ] GC(1733) Metaspace: 29102K(29376K)->29102K(29376K) NonClass: 25999K(26112K)->25999K(26112K) Class: 3103K(3264K)->3103K(3264K)
[5617.906s][info][gc             ] GC(1733) Pause Young (Allocation Failure) 7594M->5322M(7709M) 110.439ms
[5617.906s][info][gc,cpu         ] GC(1733) User=0.60s Sys=0.04s Real=0.11s
..[5619.543s][info][gc,start       ] GC(1734) Pause Young (Allocation Failure)
[5619.642s][info][gc,heap        ] GC(1734) PSYoungGen: 2614394K(2615808K)->150848K(2619392K) Eden: 2442752K(2442752K)->0K(2442752K) From: 171642K(173056K)->150848K(176640K)
[5619.642s][info][gc,heap        ] GC(1734) ParOldGen: 5278403K(5278720K)->5384691K(5384704K)
[5619.642s][info][gc,metaspace   ] GC(1734) Metaspace: 29102K(29376K)->29102K(29376K) NonClass: 25999K(26112K)->25999K(26112K) Class: 3103K(3264K)->3103K(3264K)
[5619.642s][info][gc             ] GC(1734) Pause Young (Allocation Failure) 7707M->5405M(7816M) 99.080ms
[5619.642s][info][gc,cpu         ] GC(1734) User=0.55s Sys=0.03s Real=0.10s
.[5621.387s][info][gc,start       ] GC(1735) Pause Young (Allocation Failure)
[5621.486s][info][gc,heap        ] GC(1735) PSYoungGen: 2593600K(2619392K)->151328K(2618368K) Eden: 2442752K(2442752K)->0K(2442752K) From: 150848K(176640K)->151328K(175616K)
[5621.486s][info][gc,heap        ] GC(1735) ParOldGen: 5384691K(5384704K)->5487643K(5488128K)
[5621.486s][info][gc,metaspace   ] GC(1735) Metaspace: 29102K(29376K)->29102K(29376K) NonClass: 25999K(26112K)->25999K(26112K) Class: 3103K(3264K)->3103K(3264K)
[5621.486s][info][gc             ] GC(1735) Pause Young (Allocation Failure) 7791M->5506M(7916M) 99.308ms
[5621.486s][info][gc,cpu         ] GC(1735) User=0.54s Sys=0.04s Real=0.10s
..[5623.189s][info][gc,start       ] GC(1736) Pause Full (Allocation Failure)
[5623.189s][info][gc,phases,start] GC(1736) Marking Phase
[5623.525s][info][gc,phases      ] GC(1736) Marking Phase 335.558ms
[5623.525s][info][gc,phases,start] GC(1736) Summary Phase
[5623.525s][info][gc,phases      ] GC(1736) Summary Phase 0.102ms
[5623.525s][info][gc,phases,start] GC(1736) Forward
[5623.658s][info][gc,phases      ] GC(1736) Forward 133.249ms
[5623.658s][info][gc,phases,start] GC(1736) Adjust Pointers
[5623.872s][info][gc,phases      ] GC(1736) Adjust Pointers 213.572ms
[5623.872s][info][gc,phases,start] GC(1736) Compaction Phase
[5624.022s][info][gc,phases      ] GC(1736) Compaction Phase 150.029ms
[5624.024s][info][gc,phases,start] GC(1736) Post Compact
[5624.031s][info][gc,phases      ] GC(1736) Post Compact 7.055ms
[5624.159s][info][gc,heap        ] GC(1736) PSYoungGen: 2594080K(2618368K)->0K(2618880K) Eden: 2442752K(2442752K)->0K(2442752K) From: 151328K(175616K)->0K(176128K)
[5624.159s][info][gc,heap        ] GC(1736) ParOldGen: 5487643K(5488128K)->1624376K(2033152K)
[5624.159s][info][gc,metaspace   ] GC(1736) Metaspace: 29102K(29376K)->29102K(29376K) NonClass: 25999K(26112K)->25999K(26112K) Class: 3103K(3264K)->3103K(3264K)
[5624.159s][info][gc             ] GC(1736) Pause Full (Allocation Failure) 7892M->1586M(4543M) 969.373ms
[5624.159s][info][gc,cpu         ] GC(1736) User=4.52s Sys=0.13s Real=0.97s
..[5625.347s][info][gc,start       ] GC(1737) Pause Young (Allocation Failure)
[5625.417s][info][gc,heap        ] GC(1737) PSYoungGen: 2442752K(2618880K)->168866K(2615808K) Eden: 2442752K(2442752K)->0K(2439680K) From: 0K(176128K)->168866K(176128K)
[5625.417s][info][gc,heap        ] GC(1737) ParOldGen: 1624376K(2033152K)->1624376K(2033152K)
[5625.417s][info][gc,metaspace   ] GC(1737) Metaspace: 29102K(29376K)->29102K(29376K) NonClass: 25999K(26112K)->25999K(26112K) Class: 3103K(3264K)->3103K(3264K)
[5625.417s][info][gc             ] GC(1737) Pause Young (Allocation Failure) 3971M->1751M(4540M) 69.970ms
[5625.417s][info][gc,cpu         ] GC(1737) User=0.42s Sys=0.00s Real=0.07s
.[5626.780s][info][gc,start       ] GC(1738) Pause Young (Allocation Failure)
[5626.877s][info][gc,heap        ] GC(1738) PSYoungGen: 2608546K(2615808K)->160181K(2617856K) Eden: 2439680K(2439680K)->0K(2439680K) From: 168866K(176128K)->160181K(178176K)
[5626.877s][info][gc,heap        ] GC(1738) ParOldGen: 1624376K(2033152K)->1734856K(2033152K)
[5626.877s][info][gc,metaspace   ] GC(1738) Metaspace: 29102K(29376K)->29102K(29376K) NonClass: 25999K(26112K)->25999K(26112K) Class: 3103K(3264K)->3103K(3264K)
[5626.877s][info][gc             ] GC(1738) Pause Young (Allocation Failure) 4133M->1850M(4542M) 96.871ms
[5626.877s][info][gc,cpu         ] GC(1738) User=0.57s Sys=0.00s Real=0.10s
..[5628.499s][info][gc,start       ] GC(1739) Pause Young (Allocation Failure)
[5628.602s][info][gc,heap        ] GC(1739) PSYoungGen: 2599861K(2617856K)->174623K(2611200K) Eden: 2439680K(2439680K)->0K(2434560K) From: 160181K(178176K)->174623K(176640K)
[5628.602s][info][gc,heap        ] GC(1739) ParOldGen: 1734856K(2033152K)->1836792K(2033152K)
[5628.602s][info][gc,metaspace   ] GC(1739) Metaspace: 29102K(29376K)->29102K(29376K) NonClass: 25999K(26112K)->25999K(26112K) Class: 3103K(3264K)->3103K(3264K)
[5628.602s][info][gc             ] GC(1739) Pause Young (Allocation Failure) 4233M->1964M(4535M) 102.617ms
[5628.602s][info][gc,cpu         ] GC(1739) User=0.61s Sys=0.00s Real=0.10s
..[5630.267s][info][gc,start       ] GC(1740) Pause Young (Allocation Failure)
[5630.356s][info][gc,heap        ] GC(1740) PSYoungGen: 2609183K(2611200K)->145184K(2579968K) Eden: 2434560K(2434560K)->0K(2434560K) From: 174623K(176640K)->145184K(145408K)
[5630.356s][info][gc,heap        ] GC(1740) ParOldGen: 1836792K(2033152K)->1943104K(2033152K)
[5630.356s][info][gc,metaspace   ] GC(1740) Metaspace: 29102K(29376K)->29102K(29376K) NonClass: 25999K(26112K)->25999K(26112K) Class: 3103K(3264K)->3103K(3264K)
[5630.356s][info][gc             ] GC(1740) Pause Young (Allocation Failure) 4341M->2039M(4505M) 88.614ms
[5630.356s][info][gc,cpu         ] GC(1740) User=0.52s Sys=0.00s Real=0.09s
.[5632.104s][info][gc,start       ] GC(1741) Pause Young (Allocation Failure)
[5632.210s][info][gc,heap        ] GC(1741) PSYoungGen: 2579744K(2579968K)->167184K(2613760K) Eden: 2434560K(2434560K)->0K(2432512K) From: 145184K(145408K)->167184K(181248K)
[5632.210s][info][gc,heap        ] GC(1741) ParOldGen: 1943104K(2033152K)->2046024K(2046464K)
[5632.210s][info][gc,metaspace   ] GC(1741) Metaspace: 29102K(29376K)->29102K(29376K) NonClass: 25999K(26112K)->25999K(26112K) Class: 3103K(3264K)->3103K(3264K)
[5632.210s][info][gc             ] GC(1741) Pause Young (Allocation Failure) 4416M->2161M(4551M) 106.412ms
[5632.210s][info][gc,cpu         ] GC(1741) User=0.63s Sys=0.01s Real=0.10s
.[5632.267s][info][gc,start       ] GC(1742) Pause Full (Diagnostic Command)
[5632.267s][info][gc,phases,start] GC(1742) Marking Phase
[5632.571s][info][gc,phases      ] GC(1742) Marking Phase 304.199ms
[5632.571s][info][gc,phases,start] GC(1742) Summary Phase
[5632.571s][info][gc,phases      ] GC(1742) Summary Phase 0.034ms
[5632.571s][info][gc,phases,start] GC(1742) Forward
[5632.733s][info][gc,phases      ] GC(1742) Forward 161.609ms
[5632.733s][info][gc,phases,start] GC(1742) Adjust Pointers
[5632.942s][info][gc,phases      ] GC(1742) Adjust Pointers 209.758ms
[5632.942s][info][gc,phases,start] GC(1742) Compaction Phase
[5633.114s][info][gc,phases      ] GC(1742) Compaction Phase 171.643ms
[5633.116s][info][gc,phases,start] GC(1742) Post Compact
[5633.118s][info][gc,phases      ] GC(1742) Post Compact 2.039ms
[5633.118s][info][gc,heap        ] GC(1742) PSYoungGen: 296522K(2613760K)->0K(2613760K) Eden: 129338K(2432512K)->0K(2432512K) From: 167184K(181248K)->0K(181248K)
[5633.118s][info][gc,heap        ] GC(1742) ParOldGen: 2046024K(2046464K)->1337559K(2046464K)
[5633.118s][info][gc,metaspace   ] GC(1742) Metaspace: 29102K(29376K)->29102K(29376K) NonClass: 25999K(26112K)->25999K(26112K) Class: 3103K(3264K)->3103K(3264K)
[5633.118s][info][gc             ] GC(1742) Pause Full (Diagnostic Command) 2287M->1306M(4551M) 851.804ms
[5633.118s][info][gc,cpu         ] GC(1742) User=4.62s Sys=0.00s Real=0.85s
.[5634.340s][info][gc,start       ] GC(1743) Pause Young (Allocation Failure)
[5634.408s][info][gc,heap        ] GC(1743) PSYoungGen: 2432512K(2613760K)->163570K(2614272K) Eden: 2432512K(2432512K)->0K(2432512K) From: 0K(181248K)->163570K(181760K)
[5634.408s][info][gc,heap        ] GC(1743) ParOldGen: 1337559K(2046464K)->1337559K(2046464K)
[5634.408s][info][gc,metaspace   ] GC(1743) Metaspace: 29102K(29376K)->29102K(29376K) NonClass: 25999K(26112K)->25999K(26112K) Class: 3103K(3264K)->3103K(3264K)
[5634.408s][info][gc             ] GC(1743) Pause Young (Allocation Failure) 3681M->1465M(4551M) 67.736ms
[5634.408s][info][gc,cpu         ] GC(1743) User=0.40s Sys=0.00s Real=0.07s
..[5635.759s][info][gc,start       ] GC(1744) Pause Young (Allocation Failure)
[5635.859s][info][gc,heap        ] GC(1744) PSYoungGen: 2596082K(2614272K)->171316K(2611712K) Eden: 2432512K(2432512K)->0K(2430464K) From: 163570K(181760K)->171316K(181248K)
[5635.859s][info][gc,heap        ] GC(1744) ParOldGen: 1337559K(2046464K)->1444159K(2046464K)
[5635.859s][info][gc,metaspace   ] GC(1744) Metaspace: 29102K(29376K)->29102K(29376K) NonClass: 25999K(26112K)->25999K(26112K) Class: 3103K(3264K)->3103K(3264K)
[5635.859s][info][gc             ] GC(1744) Pause Young (Allocation Failure) 3841M->1577M(4549M) 99.806ms
[5635.859s][info][gc,cpu         ] GC(1744) User=0.59s Sys=0.00s Real=0.10s
..[5637.462s][info][gc,start       ] GC(1745) Pause Young (Allocation Failure)
[5637.560s][info][gc,heap        ] GC(1745) PSYoungGen: 2601780K(2611712K)->167881K(2598400K) Eden: 2430464K(2430464K)->0K(2430464K) From: 171316K(181248K)->167881K(167936K)
[5637.560s][info][gc,heap        ] GC(1745) ParOldGen: 1444159K(2046464K)->1546335K(2046464K)
[5637.560s][info][gc,metaspace   ] GC(1745) Metaspace: 29102K(29376K)->29102K(29376K) NonClass: 25999K(26112K)->25999K(26112K) Class: 3103K(3264K)->3103K(3264K)
[5637.560s][info][gc             ] GC(1745) Pause Young (Allocation Failure) 3951M->1674M(4536M) 97.758ms
[5637.560s][info][gc,cpu         ] GC(1745) User=0.58s Sys=0.00s Real=0.10s
.[5639.197s][info][gc,start       ] GC(1746) Pause Young (Allocation Failure)
[5639.289s][info][gc,heap        ] GC(1746) PSYoungGen: 2598345K(2598400K)->152856K(2613248K) Eden: 2430464K(2430464K)->0K(2429952K) From: 167881K(167936K)->152856K(183296K)
[5639.289s][info][gc,heap        ] GC(1746) ParOldGen: 1546335K(2046464K)->1651199K(2046464K)
[5639.289s][info][gc,metaspace   ] GC(1746) Metaspace: 29102K(29376K)->29102K(29376K) NonClass: 25999K(26112K)->25999K(26112K) Class: 3103K(3264K)->3103K(3264K)
[5639.289s][info][gc             ] GC(1746) Pause Young (Allocation Failure) 4047M->1761M(4550M) 92.138ms
[5639.289s][info][gc,cpu         ] GC(1746) User=0.54s Sys=0.00s Real=0.09s
..[5640.927s][info][gc,start       ] GC(1747) Pause Young (Allocation Failure)
[5641.023s][info][gc,heap        ] GC(1747) PSYoungGen: 2582808K(2613248K)->162832K(2593280K) Eden: 2429952K(2429952K)->0K(2429952K) From: 152856K(183296K)->162832K(163328K)
[5641.023s][info][gc,heap        ] GC(1747) ParOldGen: 1651199K(2046464K)->1756399K(2046464K)
[5641.023s][info][gc,metaspace   ] GC(1747) Metaspace: 29102K(29376K)->29102K(29376K) NonClass: 25999K(26112K)->25999K(26112K) Class: 3103K(3264K)->3103K(3264K)
[5641.023s][info][gc             ] GC(1747) Pause Young (Allocation Failure) 4134M->1874M(4531M) 95.117ms
[5641.023s][info][gc,cpu         ] GC(1747) User=0.56s Sys=0.00s Real=0.09s
..[5642.695s][info][gc,start       ] GC(1748) Pause Young (Allocation Failure)
[5642.789s][info][gc,heap        ] GC(1748) PSYoungGen: 2592784K(2593280K)->159700K(2612736K) Eden: 2429952K(2429952K)->0K(2431488K) From: 162832K(163328K)->159700K(181248K)
[5642.789s][info][gc,heap        ] GC(1748) ParOldGen: 1756399K(2046464K)->1859311K(2046464K)
[5642.789s][info][gc,metaspace   ] GC(1748) Metaspace: 29102K(29376K)->29102K(29376K) NonClass: 25999K(26112K)->25999K(26112K) Class: 3103K(3264K)->3103K(3264K)
[5642.789s][info][gc             ] GC(1748) Pause Young (Allocation Failure) 4247M->1971M(4550M) 93.516ms
[5642.789s][info][gc,cpu         ] GC(1748) User=0.56s Sys=0.00s Real=0.09s
..[5644.541s][info][gc,start       ] GC(1749) Pause Young (Allocation Failure)
[5644.636s][info][gc,heap        ] GC(1749) PSYoungGen: 2591188K(2612736K)->163365K(2611200K) Eden: 2431488K(2431488K)->0K(2431488K) From: 159700K(181248K)->163365K(179712K)
[5644.636s][info][gc,heap        ] GC(1749) ParOldGen: 1859311K(2046464K)->1962815K(2046464K)
[5644.636s][info][gc,metaspace   ] GC(1749) Metaspace: 29102K(29376K)->29102K(29376K) NonClass: 25999K(26112K)->25999K(26112K) Class: 3103K(3264K)->3103K(3264K)
[5644.636s][info][gc             ] GC(1749) Pause Young (Allocation Failure) 4346M->2076M(4548M) 95.836ms
[5644.636s][info][gc,cpu         ] GC(1749) User=0.57s Sys=0.00s Real=0.10s
.[5646.252s][info][gc,start       ] GC(1750) Pause Young (Allocation Failure)
[5646.345s][info][gc,heap        ] GC(1750) PSYoungGen: 2594853K(2611200K)->152532K(2614272K) Eden: 2431488K(2431488K)->0K(2435584K) From: 163365K(179712K)->152532K(178688K)
[5646.345s][info][gc,heap        ] GC(1750) ParOldGen: 1962815K(2046464K)->2068591K(2068992K)
[5646.345s][info][gc,metaspace   ] GC(1750) Metaspace: 29102K(29376K)->29102K(29376K) NonClass: 25999K(26112K)->25999K(26112K) Class: 3103K(3264K)->3103K(3264K)
[5646.345s][info][gc             ] GC(1750) Pause Young (Allocation Failure) 4450M->2169M(4573M) 93.349ms
[5646.345s][info][gc,cpu         ] GC(1750) User=0.54s Sys=0.01s Real=0.10s
..[5648.010s][info][gc,start       ] GC(1751) Pause Young (Allocation Failure)
[5648.110s][info][gc,heap        ] GC(1751) PSYoungGen: 2588116K(2614272K)->166912K(2613760K) Eden: 2435584K(2435584K)->0K(2435584K) From: 152532K(178688K)->166912K(178176K)
[5648.110s][info][gc,heap        ] GC(1751) ParOldGen: 2068591K(2068992K)->2171231K(2171392K)
[5648.110s][info][gc,metaspace   ] GC(1751) Metaspace: 29102K(29376K)->29102K(29376K) NonClass: 25999K(26112K)->25999K(26112K) Class: 3103K(3264K)->3103K(3264K)
[5648.110s][info][gc             ] GC(1751) Pause Young (Allocation Failure) 4547M->2283M(4673M) 99.703ms
[5648.110s][info][gc,cpu         ] GC(1751) User=0.55s Sys=0.04s Real=0.10s
..[5649.816s][info][gc,start       ] GC(1752) Pause Young (Allocation Failure)
[5649.917s][info][gc,heap        ] GC(1752) PSYoungGen: 2602496K(2613760K)->162592K(2616320K) Eden: 2435584K(2435584K)->0K(2439168K) From: 166912K(178176K)->162592K(177152K)
[5649.917s][info][gc,heap        ] GC(1752) ParOldGen: 2171231K(2171392K)->2275999K(2276352K)
[5649.917s][info][gc,metaspace   ] GC(1752) Metaspace: 29102K(29376K)->29102K(29376K) NonClass: 25999K(26112K)->25999K(26112K) Class: 3103K(3264K)->3103K(3264K)
[5649.917s][info][gc             ] GC(1752) Pause Young (Allocation Failure) 4661M->2381M(4778M) 100.399ms
[5649.917s][info][gc,cpu         ] GC(1752) User=0.56s Sys=0.03s Real=0.10s
. (rIR:aIR:PR = 9686:9690:9690) (tPR = 144856) [OK] 
  5650s: Performance info:
         Transaction,    Success,    Partial,     Failed,   Receipts, AvgBarcode, 
             Overall,     584106,          0,          0,     554955,      59.47, 
         Response times:
             Request,    Success,    Partial,     Failed,   SkipFail,     Probes,    Samples,      min,      p50,      p90,      p95,      p99,      max, 
       TotalPurchase,     554969,          0,          0,          0,     339981,     411534,      300,     7700,   117000,   264000,   500000,  1100000,
     InStorePurchase,     291345,          0,          0,          0,     178461,     215812,      300,     7800,   118000,   317000,   505000,  1100000,
      OnlinePurchase,     205096,          0,          0,          0,     125292,     151907,      300,     7500,   116000,   216000,   501000,  1000000,
        InstPurchase,      58528,          0,          0,          0,      36228,      43815,      300,     7400,   113000,   266200,   479000,   980000,
          AssocOfCat,        583,          0,          0,          0,        454,        634,    23000,    48500,   173000,   448250,   630000,  1100000,
      AssocOfProduct,       5850,          0,          0,          0,       4026,       5115,      700,     8800,   113000,   396200,   495680,   760000,
      BusinessReport,       1465,          0,          0,          0,       1230,       1588,    31000,    55000,   167300,   503650,   780000,  1200000,
          CustBuyBeh,       5824,          0,          0,          0,       4052,       5109,      200,     7800,   108000,   267000,   497000,   670000,
       ProductReturn,      15432,          0,          0,          0,       9650,      11944,      200,     8100,   116000,   295000,   462000,  1000000,

  5650s: (71%)   IR =   9824 .[5651.595s][info][gc,start       ] GC(1753) Pause Young (Allocation Failure)
[5651.690s][info][gc,heap        ] GC(1753) PSYoungGen: 2601760K(2616320K)->145728K(2616832K) Eden: 2439168K(2439168K)->0K(2439168K) From: 162592K(177152K)->145728K(177664K)
[5651.690s][info][gc,heap        ] GC(1753) ParOldGen: 2275999K(2276352K)->2384359K(2384384K)
[5651.690s][info][gc,metaspace   ] GC(1753) Metaspace: 29102K(29376K)->29102K(29376K) NonClass: 25999K(26112K)->25999K(26112K) Class: 3103K(3264K)->3103K(3264K)
[5651.690s][info][gc             ] GC(1753) Pause Young (Allocation Failure) 4763M->2470M(4884M) 95.132ms
[5651.690s][info][gc,cpu         ] GC(1753) User=0.52s Sys=0.04s Real=0.09s
.[5653.367s][info][gc,start       ] GC(1754) Pause Young (Allocation Failure)
[5653.463s][info][gc,heap        ] GC(1754) PSYoungGen: 2584896K(2616832K)->155888K(2617344K) Eden: 2439168K(2439168K)->0K(2439680K) From: 145728K(177664K)->155888K(177664K)
[5653.463s][info][gc,heap        ] GC(1754) ParOldGen: 2384359K(2384384K)->2483423K(2483712K)
[5653.463s][info][gc,metaspace   ] GC(1754) Metaspace: 29102K(29376K)->29102K(29376K) NonClass: 25999K(26112K)->25999K(26112K) Class: 3103K(3264K)->3103K(3264K)
[5653.463s][info][gc             ] GC(1754) Pause Young (Allocation Failure) 4852M->2577M(4981M) 96.411ms
[5653.463s][info][gc,cpu         ] GC(1754) User=0.53s Sys=0.03s Real=0.09s
..[5655.049s][info][gc,start       ] GC(1755) Pause Young (Allocation Failure)
[5655.159s][info][gc,heap        ] GC(1755) PSYoungGen: 2595568K(2617344K)->177662K(2617344K) Eden: 2439680K(2439680K)->0K(2439680K) From: 155888K(177664K)->177662K(177664K)
[5655.159s][info][gc,heap        ] GC(1755) ParOldGen: 2483423K(2483712K)->2593567K(2593792K)
[5655.159s][info][gc,metaspace   ] GC(1755) Metaspace: 29102K(29376K)->29102K(29376K) NonClass: 25999K(26112K)->25999K(26112K) Class: 3103K(3264K)->3103K(3264K)
[5655.159s][info][gc             ] GC(1755) Pause Young (Allocation Failure) 4959M->2706M(5089M) 109.375ms
[5655.159s][info][gc,cpu         ] GC(1755) User=0.62s Sys=0.03s Real=0.11s
..[5656.847s][info][gc,start       ] GC(1756) Pause Young (Allocation Failure)
[5656.946s][info][gc,heap        ] GC(1756) PSYoungGen: 2617342K(2617344K)->162992K(2535424K) Eden: 2439680K(2439680K)->0K(2356736K) From: 177662K(177664K)->162992K(178688K)
[5656.946s][info][gc,heap        ] GC(1756) ParOldGen: 2593567K(2593792K)->2697767K(2698240K)
[5656.946s][info][gc,metaspace   ] GC(1756) Metaspace: 29102K(29376K)->29102K(29376K) NonClass: 25999K(26112K)->25999K(26112K) Class: 3103K(3264K)->3103K(3264K)
[5656.946s][info][gc             ] GC(1756) Pause Young (Allocation Failure) 5088M->2793M(5111M) 99.763ms
[5656.946s][info][gc,cpu         ] GC(1756) User=0.55s Sys=0.03s Real=0.10s
.[5658.540s][info][gc,start       ] GC(1757) Pause Young (Allocation Failure)
[5658.636s][info][gc,heap        ] GC(1757) PSYoungGen: 2519728K(2535424K)->152400K(2576384K) Eden: 2356736K(2356736K)->0K(2356736K) From: 162992K(178688K)->152400K(219648K)
[5658.636s][info][gc,heap        ] GC(1757) ParOldGen: 2697767K(2698240K)->2806319K(2806784K)
[5658.636s][info][gc,metaspace   ] GC(1757) Metaspace: 29102K(29376K)->29102K(29376K) NonClass: 25999K(26112K)->25999K(26112K) Class: 3103K(3264K)->3103K(3264K)
[5658.636s][info][gc             ] GC(1757) Pause Young (Allocation Failure) 5095M->2889M(5257M) 96.584ms
[5658.636s][info][gc,cpu         ] GC(1757) User=0.53s Sys=0.04s Real=0.10s
..[5660.221s][info][gc,start       ] GC(1758) Pause Young (Allocation Failure)
[5660.318s][info][gc,heap        ] GC(1758) PSYoungGen: 2509136K(2576384K)->154804K(2570752K) Eden: 2356736K(2356736K)->0K(2358272K) From: 152400K(219648K)->154804K(212480K)
[5660.318s][info][gc,heap        ] GC(1758) ParOldGen: 2806319K(2806784K)->2908215K(2908672K)
[5660.318s][info][gc,metaspace   ] GC(1758) Metaspace: 29102K(29376K)->29102K(29376K) NonClass: 25999K(26112K)->25999K(26112K) Class: 3103K(3264K)->3103K(3264K)
[5660.318s][info][gc             ] GC(1758) Pause Young (Allocation Failure) 5190M->2991M(5351M) 97.258ms
[5660.318s][info][gc,cpu         ] GC(1758) User=0.55s Sys=0.03s Real=0.10s
.|.[5661.898s][info][gc,start       ] GC(1759) Pause Young (Allocation Failure)
[5661.994s][info][gc,heap        ] GC(1759) PSYoungGen: 2513076K(2570752K)->157120K(2574336K) Eden: 2358272K(2358272K)->0K(2358272K) From: 154804K(212480K)->157120K(216064K)
[5661.994s][info][gc,heap        ] GC(1759) ParOldGen: 2908215K(2908672K)->3009671K(3010048K)
[5661.994s][info][gc,metaspace   ] GC(1759) Metaspace: 29102K(29376K)->29102K(29376K) NonClass: 25999K(26112K)->25999K(26112K) Class: 3103K(3264K)->3103K(3264K)
[5661.994s][info][gc             ] GC(1759) Pause Young (Allocation Failure) 5294M->3092M(5453M) 95.960ms
[5661.994s][info][gc,cpu         ] GC(1759) User=0.53s Sys=0.04s Real=0.10s
.[5663.636s][info][gc,start       ] GC(1760) Pause Young (Allocation Failure)
[5663.739s][info][gc,heap        ] GC(1760) PSYoungGen: 2515392K(2574336K)->168100K(2571264K) Eden: 2358272K(2358272K)->0K(2366976K) From: 157120K(216064K)->168100K(204288K)
[5663.739s][info][gc,heap        ] GC(1760) ParOldGen: 3009671K(3010048K)->3113519K(3113984K)
[5663.739s][info][gc,metaspace   ] GC(1760) Metaspace: 29102K(29376K)->29102K(29376K) NonClass: 25999K(26112K)->25999K(26112K) Class: 3103K(3264K)->3103K(3264K)
[5663.739s][info][gc             ] GC(1760) Pause Young (Allocation Failure) 5395M->3204M(5552M) 103.544ms
[5663.739s][info][gc,cpu         ] GC(1760) User=0.58s Sys=0.02s Real=0.10s
..[5665.359s][info][gc,start       ] GC(1761) Pause Young (Allocation Failure)
[5665.450s][info][gc,heap        ] GC(1761) PSYoungGen: 2535076K(2571264K)->144576K(2575872K) Eden: 2366976K(2366976K)->0K(2366976K) From: 168100K(204288K)->144576K(208896K)
[5665.450s][info][gc,heap        ] GC(1761) ParOldGen: 3113519K(3113984K)->3214927K(3215360K)
[5665.450s][info][gc,metaspace   ] GC(1761) Metaspace: 29102K(29376K)->29102K(29376K) NonClass: 25999K(26112K)->25999K(26112K) Class: 3103K(3264K)->3103K(3264K)
[5665.450s][info][gc             ] GC(1761) Pause Young (Allocation Failure) 5516M->3280M(5655M) 91.042ms
[5665.450s][info][gc,cpu         ] GC(1761) User=0.51s Sys=0.03s Real=0.09s
..[5667.023s][info][gc,start       ] GC(1762) Pause Young (Allocation Failure)
[5667.127s][info][gc,heap        ] GC(1762) PSYoungGen: 2511552K(2575872K)->170557K(2582528K) Eden: 2366976K(2366976K)->0K(2378752K) From: 144576K(208896K)->170557K(203776K)
[5667.127s][info][gc,heap        ] GC(1762) ParOldGen: 3214927K(3215360K)->3317455K(3317760K)
[5667.127s][info][gc,metaspace   ] GC(1762) Metaspace: 29102K(29376K)->29102K(29376K) NonClass: 25999K(26112K)->25999K(26112K) Class: 3103K(3264K)->3103K(3264K)
[5667.127s][info][gc             ] GC(1762) Pause Young (Allocation Failure) 5592M->3406M(5762M) 104.777ms
[5667.127s][info][gc,cpu         ] GC(1762) User=0.60s Sys=0.02s Real=0.11s
..[5668.788s][info][gc,start       ] GC(1763) Pause Young (Allocation Failure)
[5668.888s][info][gc,heap        ] GC(1763) PSYoungGen: 2549309K(2582528K)->163812K(2585088K) Eden: 2378752K(2378752K)->0K(2378752K) From: 170557K(203776K)->163812K(206336K)
[5668.888s][info][gc,heap        ] GC(1763) ParOldGen: 3317455K(3317760K)->3418991K(3419136K)
[5668.888s][info][gc,metaspace   ] GC(1763) Metaspace: 29102K(29376K)->29102K(29376K) NonClass: 25999K(26112K)->25999K(26112K) Class: 3103K(3264K)->3103K(3264K)
[5668.888s][info][gc             ] GC(1763) Pause Young (Allocation Failure) 5729M->3498M(5863M) 100.293ms
[5668.888s][info][gc,cpu         ] GC(1763) User=0.56s Sys=0.03s Real=0.10s
.[5670.463s][info][gc,start       ] GC(1764) Pause Young (Allocation Failure)
[5670.558s][info][gc,heap        ] GC(1764) PSYoungGen: 2542564K(2585088K)->154080K(2588160K) Eden: 2378752K(2378752K)->0K(2387456K) From: 163812K(206336K)->154080K(200704K)
[5670.558s][info][gc,heap        ] GC(1764) ParOldGen: 3418991K(3419136K)->3522959K(3523072K)
[5670.558s][info][gc,metaspace   ] GC(1764) Metaspace: 29102K(29376K)->29102K(29376K) NonClass: 25999K(26112K)->25999K(26112K) Class: 3103K(3264K)->3103K(3264K)
[5670.558s][info][gc             ] GC(1764) Pause Young (Allocation Failure) 5821M->3590M(5968M) 95.396ms
[5670.558s][info][gc,cpu         ] GC(1764) User=0.52s Sys=0.04s Real=0.10s
..[5672.187s][info][gc,start       ] GC(1765) Pause Young (Allocation Failure)
[5672.287s][info][gc,heap        ] GC(1765) PSYoungGen: 2541536K(2588160K)->157225K(2588160K) Eden: 2387456K(2387456K)->0K(2387456K) From: 154080K(200704K)->157225K(200704K)
[5672.287s][info][gc,heap        ] GC(1765) ParOldGen: 3522959K(3523072K)->3628655K(3629056K)
[5672.287s][info][gc,metaspace   ] GC(1765) Metaspace: 29102K(29376K)->29102K(29376K) NonClass: 25999K(26112K)->25999K(26112K) Class: 3103K(3264K)->3103K(3264K)
[5672.287s][info][gc             ] GC(1765) Pause Young (Allocation Failure) 5922M->3697M(6071M) 99.794ms
[5672.287s][info][gc,cpu         ] GC(1765) User=0.55s Sys=0.04s Real=0.10s
..[5673.950s][info][gc,start       ] GC(1766) Pause Young (Allocation Failure)
[5674.052s][info][gc,heap        ] GC(1766) PSYoungGen: 2544681K(2588160K)->168889K(2593792K) Eden: 2387456K(2387456K)->0K(2396160K) From: 157225K(200704K)->168889K(197632K)
[5674.052s][info][gc,heap        ] GC(1766) ParOldGen: 3628655K(3629056K)->3728687K(3728896K)
[5674.052s][info][gc,metaspace   ] GC(1766) Metaspace: 29102K(29376K)->29102K(29376K) NonClass: 25999K(26112K)->25999K(26112K) Class: 3103K(3264K)->3103K(3264K)
[5674.052s][info][gc             ] GC(1766) Pause Young (Allocation Failure) 6028M->3806M(6174M) 102.597ms
[5674.052s][info][gc,cpu         ] GC(1766) User=0.56s Sys=0.04s Real=0.10s
.[5675.666s][info][gc,start       ] GC(1767) Pause Young (Allocation Failure)
[5675.763s][info][gc,heap        ] GC(1767) PSYoungGen: 2565049K(2593792K)->149056K(2592768K) Eden: 2396160K(2396160K)->0K(2396160K) From: 168889K(197632K)->149056K(196608K)
[5675.763s][info][gc,heap        ] GC(1767) ParOldGen: 3728687K(3728896K)->3835367K(3835392K)
[5675.763s][info][gc,metaspace   ] GC(1767) Metaspace: 29102K(29376K)->29102K(29376K) NonClass: 25999K(26112K)->25999K(26112K) Class: 3103K(3264K)->3103K(3264K)
[5675.763s][info][gc             ] GC(1767) Pause Young (Allocation Failure) 6146M->3891M(6277M) 96.678ms
[5675.763s][info][gc,cpu         ] GC(1767) User=0.53s Sys=0.04s Real=0.09s
..[5677.362s][info][gc,start       ] GC(1768) Pause Young (Allocation Failure)
[5677.465s][info][gc,heap        ] GC(1768) PSYoungGen: 2545216K(2592768K)->165177K(2595840K) Eden: 2396160K(2396160K)->0K(2403328K) From: 149056K(196608K)->165177K(192512K)
[5677.465s][info][gc,heap        ] GC(1768) ParOldGen: 3835367K(3835392K)->3936855K(3937280K)
[5677.465s][info][gc,metaspace   ] GC(1768) Metaspace: 29102K(29376K)->29102K(29376K) NonClass: 25999K(26112K)->25999K(26112K) Class: 3103K(3264K)->3103K(3264K)
[5677.465s][info][gc             ] GC(1768) Pause Young (Allocation Failure) 6231M->4005M(6380M) 102.509ms
[5677.465s][info][gc,cpu         ] GC(1768) User=0.59s Sys=0.02s Real=0.11s
..[5679.195s][info][gc,start       ] GC(1769) Pause Young (Allocation Failure)
[5679.289s][info][gc,heap        ] GC(1769) PSYoungGen: 2568505K(2595840K)->150848K(2596864K) Eden: 2403328K(2403328K)->0K(2403328K) From: 165177K(192512K)->150848K(193536K)
[5679.289s][info][gc,heap        ] GC(1769) ParOldGen: 3936855K(3937280K)->4038407K(4038656K)
[5679.289s][info][gc,metaspace   ] GC(1769) Metaspace: 29102K(29376K)->29102K(29376K) NonClass: 25999K(26112K)->25999K(26112K) Class: 3103K(3264K)->3103K(3264K)
[5679.289s][info][gc             ] GC(1769) Pause Young (Allocation Failure) 6352M->4091M(6480M) 94.706ms
[5679.289s][info][gc,cpu         ] GC(1769) User=0.52s Sys=0.03s Real=0.09s
..[5680.850s][info][gc,start       ] GC(1770) Pause Young (Allocation Failure)
[5680.953s][info][gc,heap        ] GC(1770) PSYoungGen: 2554176K(2596864K)->157388K(2598400K) Eden: 2403328K(2403328K)->0K(2409984K) From: 150848K(193536K)->157388K(188416K)
[5680.953s][info][gc,heap        ] GC(1770) ParOldGen: 4038407K(4038656K)->4147751K(4148224K)
[5680.953s][info][gc,metaspace   ] GC(1770) Metaspace: 29102K(29376K)->29102K(29376K) NonClass: 25999K(26112K)->25999K(26112K) Class: 3103K(3264K)->3103K(3264K)
[5680.953s][info][gc             ] GC(1770) Pause Young (Allocation Failure) 6438M->4204M(6588M) 103.200ms
[5680.953s][info][gc,cpu         ] GC(1770) User=0.58s Sys=0.03s Real=0.11s
.[5682.597s][info][gc,start       ] GC(1771) Pause Young (Allocation Failure)
[5682.695s][info][gc,heap        ] GC(1771) PSYoungGen: 2567372K(2598400K)->159376K(2600448K) Eden: 2409984K(2409984K)->0K(2409984K) From: 157388K(188416K)->159376K(190464K)
[5682.695s][info][gc,heap        ] GC(1771) ParOldGen: 4147751K(4148224K)->4246855K(4247040K)
[5682.695s][info][gc,metaspace   ] GC(1771) Metaspace: 29102K(29376K)->29102K(29376K) NonClass: 25999K(26112K)->25999K(26112K) Class: 3103K(3264K)->3103K(3264K)
[5682.695s][info][gc             ] GC(1771) Pause Young (Allocation Failure) 6557M->4302M(6687M) 98.670ms
[5682.695s][info][gc,cpu         ] GC(1771) User=0.55s Sys=0.04s Real=0.10s
..[5684.250s][info][gc,start       ] GC(1772) Pause Young (Allocation Failure)
[5684.347s][info][gc,heap        ] GC(1772) PSYoungGen: 2569360K(2600448K)->148928K(2604032K) Eden: 2409984K(2409984K)->0K(2417664K) From: 159376K(190464K)->148928K(186368K)
[5684.347s][info][gc,heap        ] GC(1772) ParOldGen: 4246855K(4247040K)->4351895K(4352000K)
[5684.347s][info][gc,metaspace   ] GC(1772) Metaspace: 29102K(29376K)->29102K(29376K) NonClass: 25999K(26112K)->25999K(26112K) Class: 3103K(3264K)->3103K(3264K)
[5684.347s][info][gc             ] GC(1772) Pause Young (Allocation Failure) 6656M->4395M(6793M) 96.885ms
[5684.347s][info][gc,cpu         ] GC(1772) User=0.54s Sys=0.03s Real=0.10s
..[5685.984s][info][gc,start       ] GC(1773) Pause Young (Allocation Failure)
[5686.084s][info][gc,heap        ] GC(1773) PSYoungGen: 2566592K(2604032K)->160672K(2604544K) Eden: 2417664K(2417664K)->0K(2417664K) From: 148928K(186368K)->160672K(186880K)
[5686.084s][info][gc,heap        ] GC(1773) ParOldGen: 4351895K(4352000K)->4454951K(4455424K)
[5686.084s][info][gc,metaspace   ] GC(1773) Metaspace: 29102K(29376K)->29102K(29376K) NonClass: 25999K(26112K)->25999K(26112K) Class: 3103K(3264K)->3103K(3264K)
[5686.084s][info][gc             ] GC(1773) Pause Young (Allocation Failure) 6756M->4507M(6894M) 100.358ms
[5686.084s][info][gc,cpu         ] GC(1773) User=0.55s Sys=0.04s Real=0.10s
.[5687.727s][info][gc,start       ] GC(1774) Pause Young (Allocation Failure)
[5687.833s][info][gc,heap        ] GC(1774) PSYoungGen: 2578336K(2604544K)->165157K(2608128K) Eden: 2417664K(2417664K)->0K(2423296K) From: 160672K(186880K)->165157K(184832K)
[5687.833s][info][gc,heap        ] GC(1774) ParOldGen: 4454951K(4455424K)->4560607K(4560896K)
[5687.833s][info][gc,metaspace   ] GC(1774) Metaspace: 29102K(29376K)->29102K(29376K) NonClass: 25999K(26112K)->25999K(26112K) Class: 3103K(3264K)->3103K(3264K)
[5687.833s][info][gc             ] GC(1774) Pause Young (Allocation Failure) 6868M->4615M(7001M) 105.536ms
[5687.833s][info][gc,cpu         ] GC(1774) User=0.59s Sys=0.03s Real=0.10s
..[5689.547s][info][gc,start       ] GC(1775) Pause Young (Allocation Failure)
[5689.652s][info][gc,heap        ] GC(1775) PSYoungGen: 2588453K(2608128K)->169220K(2607616K) Eden: 2423296K(2423296K)->0K(2423296K) From: 165157K(184832K)->169220K(184320K)
[5689.652s][info][gc,heap        ] GC(1775) ParOldGen: 4560607K(4560896K)->4661071K(4661248K)
[5689.652s][info][gc,metaspace   ] GC(1775) Metaspace: 29102K(29376K)->29102K(29376K) NonClass: 25999K(26112K)->25999K(26112K) Class: 3103K(3264K)->3103K(3264K)
[5689.652s][info][gc             ] GC(1775) Pause Young (Allocation Failure) 6981M->4717M(7098M) 105.057ms
[5689.652s][info][gc,cpu         ] GC(1775) User=0.58s Sys=0.03s Real=0.10s
..[5691.150s][info][gc,start       ] GC(1776) Pause Young (Allocation Failure)
[5691.254s][info][gc,heap        ] GC(1776) PSYoungGen: 2592516K(2607616K)->162880K(2608640K) Eden: 2423296K(2423296K)->0K(2426368K) From: 169220K(184320K)->162880K(182272K)
[5691.254s][info][gc,heap        ] GC(1776) ParOldGen: 4661071K(4661248K)->4771871K(4772352K)
[5691.254s][info][gc,metaspace   ] GC(1776) Metaspace: 29102K(29376K)->29102K(29376K) NonClass: 25999K(26112K)->25999K(26112K) Class: 3103K(3264K)->3103K(3264K)
[5691.254s][info][gc             ] GC(1776) Pause Young (Allocation Failure) 7083M->4819M(7208M) 104.259ms
[5691.255s][info][gc,cpu         ] GC(1776) User=0.59s Sys=0.03s Real=0.11s
..[5692.879s][info][gc,start       ] GC(1777) Pause Young (Allocation Failure)
[5692.981s][info][gc,heap        ] GC(1777) PSYoungGen: 2589248K(2608640K)->161700K(2609664K) Eden: 2426368K(2426368K)->0K(2426368K) From: 162880K(182272K)->161700K(183296K)
[5692.981s][info][gc,heap        ] GC(1777) ParOldGen: 4771871K(4772352K)->4874951K(4875264K)
[5692.981s][info][gc,metaspace   ] GC(1777) Metaspace: 29102K(29376K)->29102K(29376K) NonClass: 25999K(26112K)->25999K(26112K) Class: 3103K(3264K)->3103K(3264K)
[5692.981s][info][gc             ] GC(1777) Pause Young (Allocation Failure) 7188M->4918M(7309M) 101.688ms
[5692.981s][info][gc,cpu         ] GC(1777) User=0.58s Sys=0.02s Real=0.10s
.[5694.589s][info][gc,start       ] GC(1778) Pause Young (Allocation Failure)
[5694.692s][info][gc,heap        ] GC(1778) PSYoungGen: 2588068K(2609664K)->159552K(2610688K) Eden: 2426368K(2426368K)->0K(2431488K) From: 161700K(183296K)->159552K(179200K)
[5694.692s][info][gc,heap        ] GC(1778) ParOldGen: 4874951K(4875264K)->4977943K(4978176K)
[5694.692s][info][gc,metaspace   ] GC(1778) Metaspace: 29102K(29376K)->29102K(29376K) NonClass: 25999K(26112K)->25999K(26112K) Class: 3103K(3264K)->3103K(3264K)
[5694.692s][info][gc             ] GC(1778) Pause Young (Allocation Failure) 7288M->5017M(7411M) 102.310ms
[5694.692s][info][gc,cpu         ] GC(1778) User=0.58s Sys=0.02s Real=0.10s
..[5696.445s][info][gc,start       ] GC(1779) Pause Young (Allocation Failure)
[5696.542s][info][gc,heap        ] GC(1779) PSYoungGen: 2591040K(2610688K)->153344K(2611200K) Eden: 2431488K(2431488K)->0K(2431488K) From: 159552K(179200K)->153344K(179712K)
[5696.542s][info][gc,heap        ] GC(1779) ParOldGen: 4977943K(4978176K)->5079559K(5080064K)
[5696.542s][info][gc,metaspace   ] GC(1779) Metaspace: 29102K(29376K)->29102K(29376K) NonClass: 25999K(26112K)->25999K(26112K) Class: 3103K(3264K)->3103K(3264K)
[5696.542s][info][gc             ] GC(1779) Pause Young (Allocation Failure) 7391M->5110M(7511M) 96.708ms
[5696.542s][info][gc,cpu         ] GC(1779) User=0.54s Sys=0.03s Real=0.09s
..[5698.220s][info][gc,start       ] GC(1780) Pause Young (Allocation Failure)
[5698.317s][info][gc,heap        ] GC(1780) PSYoungGen: 2584832K(2611200K)->142848K(2614784K) Eden: 2431488K(2431488K)->0K(2435584K) From: 153344K(179712K)->142848K(179200K)
[5698.317s][info][gc,heap        ] GC(1780) ParOldGen: 5079559K(5080064K)->5186607K(5187072K)
[5698.317s][info][gc,metaspace   ] GC(1780) Metaspace: 29102K(29376K)->29102K(29376K) NonClass: 25999K(26112K)->25999K(26112K) Class: 3103K(3264K)->3103K(3264K)
[5698.317s][info][gc             ] GC(1780) Pause Young (Allocation Failure) 7484M->5204M(7619M) 97.117ms
[5698.318s][info][gc,cpu         ] GC(1780) User=0.54s Sys=0.04s Real=0.10s
..[5699.960s][info][gc,start       ] GC(1781) Pause Young (Allocation Failure)
[5700.058s][info][gc,heap        ] GC(1781) PSYoungGen: 2578432K(2614784K)->157344K(2593280K) Eden: 2435584K(2435584K)->0K(2435584K) From: 142848K(179200K)->157344K(157696K)
[5700.058s][info][gc,heap        ] GC(1781) ParOldGen: 5186607K(5187072K)->5288327K(5288448K)
[5700.058s][info][gc,metaspace   ] GC(1781) Metaspace: 29102K(29376K)->29102K(29376K) NonClass: 25999K(26112K)->25999K(26112K) Class: 3103K(3264K)->3103K(3264K)
[5700.058s][info][gc             ] GC(1781) Pause Young (Allocation Failure) 7583M->5318M(7697M) 98.252ms
[5700.058s][info][gc,cpu         ] GC(1781) User=0.54s Sys=0.03s Real=0.10s
.[5701.687s][info][gc,start       ] GC(1782) Pause Young (Allocation Failure)
[5701.786s][info][gc,heap        ] GC(1782) PSYoungGen: 2592928K(2593280K)->158336K(2617344K) Eden: 2435584K(2435584K)->0K(2438656K) From: 157344K(157696K)->158336K(178688K)
[5701.786s][info][gc,heap        ] GC(1782) ParOldGen: 5288327K(5288448K)->5390687K(5390848K)
[5701.786s][info][gc,metaspace   ] GC(1782) Metaspace: 29102K(29376K)->29102K(29376K) NonClass: 25999K(26112K)->25999K(26112K) Class: 3103K(3264K)->3103K(3264K)
[5701.786s][info][gc             ] GC(1782) Pause Young (Allocation Failure) 7696M->5418M(7820M) 98.856ms
[5701.786s][info][gc,cpu         ] GC(1782) User=0.55s Sys=0.03s Real=0.10s
..[5703.429s][info][gc,start       ] GC(1783) Pause Young (Allocation Failure)
[5703.531s][info][gc,heap        ] GC(1783) PSYoungGen: 2596992K(2617344K)->154416K(2615296K) Eden: 2438656K(2438656K)->0K(2438656K) From: 158336K(178688K)->154416K(176640K)
[5703.531s][info][gc,heap        ] GC(1783) ParOldGen: 5390687K(5390848K)->5497863K(5498368K)
[5703.531s][info][gc,metaspace   ] GC(1783) Metaspace: 29102K(29376K)->29102K(29376K) NonClass: 25999K(26112K)->25999K(26112K) Class: 3103K(3264K)->3103K(3264K)
[5703.531s][info][gc             ] GC(1783) Pause Young (Allocation Failure) 7800M->5519M(7923M) 101.766ms
[5703.531s][info][gc,cpu         ] GC(1783) User=0.56s Sys=0.03s Real=0.10s
..[5705.166s][info][gc,start       ] GC(1784) Pause Full (Allocation Failure)
[5705.167s][info][gc,phases,start] GC(1784) Marking Phase
[5705.496s][info][gc,phases      ] GC(1784) Marking Phase 329.704ms
[5705.496s][info][gc,phases,start] GC(1784) Summary Phase
[5705.496s][info][gc,phases      ] GC(1784) Summary Phase 0.096ms
[5705.496s][info][gc,phases,start] GC(1784) Forward
[5705.634s][info][gc,phases      ] GC(1784) Forward 137.516ms
[5705.634s][info][gc,phases,start] GC(1784) Adjust Pointers
[5705.852s][info][gc,phases      ] GC(1784) Adjust Pointers 217.903ms
[5705.852s][info][gc,phases,start] GC(1784) Compaction Phase
[5706.002s][info][gc,phases      ] GC(1784) Compaction Phase 150.516ms
[5706.003s][info][gc,phases,start] GC(1784) Post Compact
[5706.010s][info][gc,phases      ] GC(1784) Post Compact 6.985ms
[5706.140s][info][gc,heap        ] GC(1784) PSYoungGen: 2593072K(2615296K)->0K(2616320K) Eden: 2438656K(2438656K)->0K(2440704K) From: 154416K(176640K)->0K(175616K)
[5706.140s][info][gc,heap        ] GC(1784) ParOldGen: 5497863K(5498368K)->1631998K(2051072K)
[5706.140s][info][gc,metaspace   ] GC(1784) Metaspace: 29102K(29376K)->29102K(29376K) NonClass: 25999K(26112K)->25999K(26112K) Class: 3103K(3264K)->3103K(3264K)
[5706.140s][info][gc             ] GC(1784) Pause Full (Allocation Failure) 7901M->1593M(4558M) 973.938ms
[5706.140s][info][gc,cpu         ] GC(1784) User=4.52s Sys=0.13s Real=0.97s
..[5707.382s][info][gc,start       ] GC(1785) Pause Young (Allocation Failure)
[5707.445s][info][gc,heap        ] GC(1785) PSYoungGen: 2440704K(2616320K)->151200K(2616320K) Eden: 2440704K(2440704K)->0K(2440704K) From: 0K(175616K)->151200K(175616K)
[5707.445s][info][gc,heap        ] GC(1785) ParOldGen: 1631998K(2051072K)->1631998K(2051072K)
[5707.445s][info][gc,metaspace   ] GC(1785) Metaspace: 29102K(29376K)->29102K(29376K) NonClass: 25999K(26112K)->25999K(26112K) Class: 3103K(3264K)->3103K(3264K)
[5707.445s][info][gc             ] GC(1785) Pause Young (Allocation Failure) 3977M->1741M(4558M) 63.271ms
[5707.445s][info][gc,cpu         ] GC(1785) User=0.36s Sys=0.00s Real=0.07s
.[5708.772s][info][gc,start       ] GC(1786) Pause Young (Allocation Failure)
[5708.875s][info][gc,heap        ] GC(1786) PSYoungGen: 2591904K(2616320K)->170394K(2614784K) Eden: 2440704K(2440704K)->0K(2439680K) From: 151200K(175616K)->170394K(175104K)
[5708.875s][info][gc,heap        ] GC(1786) ParOldGen: 1631998K(2051072K)->1736566K(2051072K)
[5708.875s][info][gc,metaspace   ] GC(1786) Metaspace: 29102K(29376K)->29102K(29376K) NonClass: 25999K(26112K)->25999K(26112K) Class: 3103K(3264K)->3103K(3264K)
[5708.875s][info][gc             ] GC(1786) Pause Young (Allocation Failure) 4124M->1862M(4556M) 102.723ms
[5708.875s][info][gc,cpu         ] GC(1786) User=0.59s Sys=0.01s Real=0.11s
..[5710.470s][info][gc,start       ] GC(1787) Pause Young (Allocation Failure)
[5710.567s][info][gc,heap        ] GC(1787) PSYoungGen: 2610074K(2614784K)->162858K(2617856K) Eden: 2439680K(2439680K)->0K(2439680K) From: 170394K(175104K)->162858K(178176K)
[5710.567s][info][gc,heap        ] GC(1787) ParOldGen: 1736566K(2051072K)->1843862K(2051072K)
[5710.567s][info][gc,metaspace   ] GC(1787) Metaspace: 29102K(29376K)->29102K(29376K) NonClass: 25999K(26112K)->25999K(26112K) Class: 3103K(3264K)->3103K(3264K)
[5710.567s][info][gc             ] GC(1787) Pause Young (Allocation Failure) 4244M->1959M(4559M) 96.372ms
[5710.567s][info][gc,cpu         ] GC(1787) User=0.57s Sys=0.00s Real=0.10s
.[5712.281s][info][gc,start       ] GC(1788) Pause Young (Allocation Failure)
[5712.378s][info][gc,heap        ] GC(1788) PSYoungGen: 2602538K(2617856K)->164416K(2617344K) Eden: 2439680K(2439680K)->0K(2440192K) From: 162858K(178176K)->164416K(177152K)
[5712.378s][info][gc,heap        ] GC(1788) ParOldGen: 1843862K(2051072K)->1948342K(2051072K)
[5712.378s][info][gc,metaspace   ] GC(1788) Metaspace: 29102K(29376K)->29102K(29376K) NonClass: 25999K(26112K)->25999K(26112K) Class: 3103K(3264K)->3103K(3264K)
[5712.378s][info][gc             ] GC(1788) Pause Young (Allocation Failure) 4342M->2063M(4559M) 97.075ms
[5712.378s][info][gc,cpu         ] GC(1788) User=0.57s Sys=0.00s Real=0.10s
..[5714.132s][info][gc,start       ] GC(1789) Pause Young (Allocation Failure)
[5714.231s][info][gc,heap        ] GC(1789) PSYoungGen: 2604608K(2617344K)->172240K(2612736K) Eden: 2440192K(2440192K)->0K(2440192K) From: 164416K(177152K)->172240K(172544K)
[5714.231s][info][gc,heap        ] GC(1789) ParOldGen: 1948342K(2051072K)->2051222K(2051584K)
[5714.231s][info][gc,metaspace   ] GC(1789) Metaspace: 29102K(29376K)->29102K(29376K) NonClass: 25999K(26112K)->25999K(26112K) Class: 3103K(3264K)->3103K(3264K)
[5714.231s][info][gc             ] GC(1789) Pause Young (Allocation Failure) 4446M->2171M(4555M) 98.866ms
[5714.231s][info][gc,cpu         ] GC(1789) User=0.58s Sys=0.00s Real=0.10s
..[5715.854s][info][gc,start       ] GC(1790) Pause Young (Allocation Failure)
[5715.957s][info][gc,heap        ] GC(1790) PSYoungGen: 2612432K(2612736K)->166779K(2615296K) Eden: 2440192K(2440192K)->0K(2434560K) From: 172240K(172544K)->166779K(180736K)
[5715.957s][info][gc,heap        ] GC(1790) ParOldGen: 2051222K(2051584K)->2157582K(2158080K)
[5715.957s][info][gc,metaspace   ] GC(1790) Metaspace: 29102K(29376K)->29102K(29376K) NonClass: 25999K(26112K)->25999K(26112K) Class: 3103K(3264K)->3103K(3264K)
[5715.957s][info][gc             ] GC(1790) Pause Young (Allocation Failure) 4554M->2269M(4661M) 103.090ms
[5715.957s][info][gc,cpu         ] GC(1790) User=0.57s Sys=0.03s Real=0.10s
..[5717.634s][info][gc,start       ] GC(1791) Pause Young (Allocation Failure)
[5717.732s][info][gc,heap        ] GC(1791) PSYoungGen: 2601339K(2615296K)->159935K(2594816K) Eden: 2434560K(2434560K)->0K(2434560K) From: 166779K(180736K)->159935K(160256K)
[5717.732s][info][gc,heap        ] GC(1791) ParOldGen: 2157582K(2158080K)->2259838K(2259968K)
[5717.732s][info][gc,metaspace   ] GC(1791) Metaspace: 29102K(29376K)->29102K(29376K) NonClass: 25999K(26112K)->25999K(26112K) Class: 3103K(3264K)->3103K(3264K)
[5717.732s][info][gc             ] GC(1791) Pause Young (Allocation Failure) 4647M->2363M(4741M) 97.507ms
[5717.732s][info][gc,cpu         ] GC(1791) User=0.54s Sys=0.03s Real=0.09s
.[5719.431s][info][gc,start       ] GC(1792) Pause Young (Allocation Failure)
[5719.529s][info][gc,heap        ] GC(1792) PSYoungGen: 2594495K(2594816K)->160000K(2615296K) Eden: 2434560K(2434560K)->0K(2436096K) From: 159935K(160256K)->160000K(179200K)
[5719.529s][info][gc,heap        ] GC(1792) ParOldGen: 2259838K(2259968K)->2365126K(2365440K)
[5719.529s][info][gc,metaspace   ] GC(1792) Metaspace: 29102K(29376K)->29102K(29376K) NonClass: 25999K(26112K)->25999K(26112K) Class: 3103K(3264K)->3103K(3264K)
[5719.529s][info][gc             ] GC(1792) Pause Young (Allocation Failure) 4740M->2465M(4864M) 98.344ms
[5719.529s][info][gc,cpu         ] GC(1792) User=0.54s Sys=0.03s Real=0.10s
..[5721.185s][info][gc,start       ] GC(1793) Pause Young (Allocation Failure)
[5721.294s][info][gc,heap        ] GC(1793) PSYoungGen: 2596096K(2615296K)->173269K(2613760K) Eden: 2436096K(2436096K)->0K(2436096K) From: 160000K(179200K)->173269K(177664K)
[5721.294s][info][gc,heap        ] GC(1793) ParOldGen: 2365126K(2365440K)->2474318K(2474496K)
[5721.294s][info][gc,metaspace   ] GC(1793) Metaspace: 29102K(29376K)->29102K(29376K) NonClass: 25999K(26112K)->25999K(26112K) Class: 3103K(3264K)->3103K(3264K)
[5721.294s][info][gc             ] GC(1793) Pause Young (Allocation Failure) 4844M->2585M(4969M) 108.349ms
[5721.294s][info][gc,cpu         ] GC(1793) User=0.62s Sys=0.03s Real=0.11s
. (rIR:aIR:PR = 9824:9782:9782) (tPR = 143469) [OK] 
  5721s: Performance info:
         Transaction,    Success,    Partial,     Failed,   Receipts, AvgBarcode, 
             Overall,     596001,          0,          0,     565925,      59.48, 
         Response times:
             Request,    Success,    Partial,     Failed,   SkipFail,     Probes,    Samples,      min,      p50,      p90,      p95,      p99,      max, 
       TotalPurchase,     565922,          0,          0,          0,     352711,     428997,      200,     7100,    69000,   126000,   487000,   680000,
     InStorePurchase,     300858,          0,          0,          0,     185431,     225783,      200,     7000,    68000,   126000,   487000,   570000,
      OnlinePurchase,     205041,          0,          0,          0,     130235,     158351,      300,     7200,    71000,   125000,   493000,   630000,
        InstPurchase,      60023,          0,          0,          0,      37045,      44863,      400,     7400,    72000,   129000,   522000,   680000,
          AssocOfCat,        602,          0,          0,          0,        480,        680,    26000,    48000,   144000,   163000,   404590,   559000,
      AssocOfProduct,       5986,          0,          0,          0,       4420,       5523,      400,     6200,    62000,   120000,   507000,   640000,
      BusinessReport,       1494,          0,          0,          0,       1271,       1651,    29000,    53000,   135000,   180200,   587000,  1100000,
          CustBuyBeh,       5969,          0,          0,          0,       4282,       5318,      200,     6900,    70000,   125000,   503000,   640000,
       ProductReturn,      16026,          0,          0,          0,       9026,      11230,      200,     7400,    71000,   127000,   471000,   503000,

  5721s: (72%)   IR =   9963 .[5722.999s][info][gc,start       ] GC(1794) Pause Young (Allocation Failure)
[5723.100s][info][gc,heap        ] GC(1794) PSYoungGen: 2609365K(2613760K)->166464K(2615808K) Eden: 2436096K(2436096K)->0K(2435072K) From: 173269K(177664K)->166464K(180736K)
[5723.100s][info][gc,heap        ] GC(1794) ParOldGen: 2474318K(2474496K)->2575630K(2575872K)
[5723.100s][info][gc,metaspace   ] GC(1794) Metaspace: 29102K(29376K)->29102K(29376K) NonClass: 25999K(26112K)->25999K(26112K) Class: 3103K(3264K)->3103K(3264K)
[5723.100s][info][gc             ] GC(1794) Pause Young (Allocation Failure) 4964M->2677M(5070M) 100.799ms
[5723.100s][info][gc,cpu         ] GC(1794) User=0.57s Sys=0.02s Real=0.10s
.[5724.695s][info][gc,start       ] GC(1795) Pause Young (Allocation Failure)
[5724.794s][info][gc,heap        ] GC(1795) PSYoungGen: 2601536K(2615808K)->155552K(2590720K) Eden: 2435072K(2435072K)->0K(2435072K) From: 166464K(180736K)->155552K(155648K)
[5724.794s][info][gc,heap        ] GC(1795) ParOldGen: 2575630K(2575872K)->2680206K(2680320K)
[5724.794s][info][gc,metaspace   ] GC(1795) Metaspace: 29102K(29376K)->29102K(29376K) NonClass: 25999K(26112K)->25999K(26112K) Class: 3103K(3264K)->3103K(3264K)
[5724.794s][info][gc             ] GC(1795) Pause Young (Allocation Failure) 5055M->2769M(5147M) 98.956ms
[5724.794s][info][gc,cpu         ] GC(1795) User=0.55s Sys=0.04s Real=0.10s
..[5726.395s][info][gc,start       ] GC(1796) Pause Young (Allocation Failure)
[5726.493s][info][gc,heap        ] GC(1796) PSYoungGen: 2590624K(2590720K)->154320K(2615296K) Eden: 2435072K(2435072K)->0K(2435584K) From: 155552K(155648K)->154320K(179712K)
[5726.493s][info][gc,heap        ] GC(1796) ParOldGen: 2680206K(2680320K)->2784478K(2784768K)
[5726.493s][info][gc,metaspace   ] GC(1796) Metaspace: 29102K(29376K)->29102K(29376K) NonClass: 25999K(26112K)->25999K(26112K) Class: 3103K(3264K)->3103K(3264K)
[5726.493s][info][gc             ] GC(1796) Pause Young (Allocation Failure) 5147M->2869M(5273M) 97.741ms
[5726.493s][info][gc,cpu         ] GC(1796) User=0.53s Sys=0.05s Real=0.09s
..[5728.205s][info][gc,start       ] GC(1797) Pause Young (Allocation Failure)
[5728.304s][info][gc,heap        ] GC(1797) PSYoungGen: 2589904K(2615296K)->157504K(2614784K) Eden: 2435584K(2435584K)->0K(2435584K) From: 154320K(179712K)->157504K(179200K)
[5728.304s][info][gc,heap        ] GC(1797) ParOldGen: 2784478K(2784768K)->2889262K(2889728K)
[5728.304s][info][gc,metaspace   ] GC(1797) Metaspace: 29102K(29376K)->29102K(29376K) NonClass: 25999K(26112K)->25999K(26112K) Class: 3103K(3264K)->3103K(3264K)
[5728.304s][info][gc             ] GC(1797) Pause Young (Allocation Failure) 5248M->2975M(5375M) 99.194ms
[5728.305s][info][gc,cpu         ] GC(1797) User=0.55s Sys=0.03s Real=0.10s
..[5729.920s][info][gc,start       ] GC(1798) Pause Young (Allocation Failure)
[5730.027s][info][gc,heap        ] GC(1798) PSYoungGen: 2593088K(2614784K)->174565K(2610688K) Eden: 2435584K(2435584K)->0K(2432512K) From: 157504K(179200K)->174565K(178176K)
[5730.027s][info][gc,heap        ] GC(1798) ParOldGen: 2889262K(2889728K)->2994014K(2994176K)
[5730.027s][info][gc,metaspace   ] GC(1798) Metaspace: 29102K(29376K)->29102K(29376K) NonClass: 25999K(26112K)->25999K(26112K) Class: 3103K(3264K)->3103K(3264K)
[5730.027s][info][gc             ] GC(1798) Pause Young (Allocation Failure) 5353M->3094M(5473M) 106.404ms
[5730.027s][info][gc,cpu         ] GC(1798) User=0.59s Sys=0.03s Real=0.11s
.[5731.643s][info][gc,start       ] GC(1799) Pause Young (Allocation Failure)
[5731.744s][info][gc,heap        ] GC(1799) PSYoungGen: 2607077K(2610688K)->163892K(2614272K) Eden: 2432512K(2432512K)->0K(2432512K) From: 174565K(178176K)->163892K(181760K)
[5731.744s][info][gc,heap        ] GC(1799) ParOldGen: 2994014K(2994176K)->3098046K(3098112K)
[5731.744s][info][gc,metaspace   ] GC(1799) Metaspace: 29102K(29376K)->29102K(29376K) NonClass: 25999K(26112K)->25999K(26112K) Class: 3103K(3264K)->3103K(3264K)
[5731.744s][info][gc             ] GC(1799) Pause Young (Allocation Failure) 5469M->3185M(5578M) 100.744ms
[5731.744s][info][gc,cpu         ] GC(1799) User=0.56s Sys=0.03s Real=0.10s
..[5733.333s][info][gc,start       ] GC(1800) Pause Young (Allocation Failure)
[5733.429s][info][gc,heap        ] GC(1800) PSYoungGen: 2596404K(2614272K)->155360K(2611712K) Eden: 2432512K(2432512K)->0K(2434048K) From: 163892K(181760K)->155360K(177664K)
[5733.429s][info][gc,heap        ] GC(1800) ParOldGen: 3098046K(3098112K)->3200902K(3201024K)
[5733.429s][info][gc,metaspace   ] GC(1800) Metaspace: 29102K(29376K)->29102K(29376K) NonClass: 25999K(26112K)->25999K(26112K) Class: 3103K(3264K)->3103K(3264K)
[5733.429s][info][gc             ] GC(1800) Pause Young (Allocation Failure) 5560M->3277M(5676M) 95.723ms
[5733.429s][info][gc,cpu         ] GC(1800) User=0.54s Sys=0.02s Real=0.09s
..|[5735.085s][info][gc,start       ] GC(1801) Pause Young (Allocation Failure)
[5735.191s][info][gc,heap        ] GC(1801) PSYoungGen: 2589408K(2611712K)->174773K(2609152K) Eden: 2434048K(2434048K)->0K(2434048K) From: 155360K(177664K)->174773K(175104K)
[5735.191s][info][gc,heap        ] GC(1801) ParOldGen: 3200902K(3201024K)->3305054K(3305472K)
[5735.191s][info][gc,metaspace   ] GC(1801) Metaspace: 29102K(29376K)->29102K(29376K) NonClass: 25999K(26112K)->25999K(26112K) Class: 3103K(3264K)->3103K(3264K)
[5735.191s][info][gc             ] GC(1801) Pause Young (Allocation Failure) 5654M->3398M(5776M) 106.128ms
[5735.191s][info][gc,cpu         ] GC(1801) User=0.61s Sys=0.02s Real=0.10s
.[5736.782s][info][gc,start       ] GC(1802) Pause Young (Allocation Failure)
[5736.883s][info][gc,heap        ] GC(1802) PSYoungGen: 2608821K(2609152K)->158037K(2614272K) Eden: 2434048K(2434048K)->0K(2431488K) From: 174773K(175104K)->158037K(182784K)
[5736.883s][info][gc,heap        ] GC(1802) ParOldGen: 3305054K(3305472K)->3410574K(3410944K)
[5736.883s][info][gc,metaspace   ] GC(1802) Metaspace: 29102K(29376K)->29102K(29376K) NonClass: 25999K(26112K)->25999K(26112K) Class: 3103K(3264K)->3103K(3264K)
[5736.883s][info][gc             ] GC(1802) Pause Young (Allocation Failure) 5775M->3484M(5884M) 100.425ms
[5736.883s][info][gc,cpu         ] GC(1802) User=0.55s Sys=0.04s Real=0.10s
..[5738.492s][info][gc,start       ] GC(1803) Pause Young (Allocation Failure)
[5738.598s][info][gc,heap        ] GC(1803) PSYoungGen: 2589525K(2614272K)->174644K(2606592K) Eden: 2431488K(2431488K)->0K(2431488K) From: 158037K(182784K)->174644K(175104K)
[5738.598s][info][gc,heap        ] GC(1803) ParOldGen: 3410574K(3410944K)->3516022K(3516416K)
[5738.598s][info][gc,metaspace   ] GC(1803) Metaspace: 29102K(29376K)->29102K(29376K) NonClass: 25999K(26112K)->25999K(26112K) Class: 3103K(3264K)->3103K(3264K)
[5738.598s][info][gc             ] GC(1803) Pause Young (Allocation Failure) 5859M->3604M(5979M) 105.992ms
[5738.598s][info][gc,cpu         ] GC(1803) User=0.60s Sys=0.02s Real=0.11s
..[5740.186s][info][gc,start       ] GC(1804) Pause Young (Allocation Failure)
[5740.283s][info][gc,heap        ] GC(1804) PSYoungGen: 2606132K(2606592K)->149620K(2610688K) Eden: 2431488K(2431488K)->0K(2426368K) From: 174644K(175104K)->149620K(184320K)
[5740.283s][info][gc,heap        ] GC(1804) ParOldGen: 3516022K(3516416K)->3620366K(3620864K)
[5740.283s][info][gc,metaspace   ] GC(1804) Metaspace: 29102K(29376K)->29102K(29376K) NonClass: 25999K(26112K)->25999K(26112K) Class: 3103K(3264K)->3103K(3264K)
[5740.283s][info][gc             ] GC(1804) Pause Young (Allocation Failure) 5978M->3681M(6085M) 97.102ms
[5740.283s][info][gc,cpu         ] GC(1804) User=0.54s Sys=0.03s Real=0.10s
.[5741.912s][info][gc,start       ] GC(1805) Pause Young (Allocation Failure)
[5742.011s][info][gc,heap        ] GC(1805) PSYoungGen: 2575988K(2610688K)->155712K(2582528K) Eden: 2426368K(2426368K)->0K(2426368K) From: 149620K(184320K)->155712K(156160K)
[5742.011s][info][gc,heap        ] GC(1805) ParOldGen: 3620366K(3620864K)->3725526K(3725824K)
[5742.011s][info][gc,metaspace   ] GC(1805) Metaspace: 29102K(29376K)->29102K(29376K) NonClass: 25999K(26112K)->25999K(26112K) Class: 3103K(3264K)->3103K(3264K)
[5742.011s][info][gc             ] GC(1805) Pause Young (Allocation Failure) 6051M->3790M(6160M) 98.990ms
[5742.011s][info][gc,cpu         ] GC(1805) User=0.55s Sys=0.03s Real=0.10s
..[5743.589s][info][gc,start       ] GC(1806) Pause Young (Allocation Failure)
[5743.687s][info][gc,heap        ] GC(1806) PSYoungGen: 2582080K(2582528K)->153536K(2610688K) Eden: 2426368K(2426368K)->0K(2427392K) From: 155712K(156160K)->153536K(183296K)
[5743.687s][info][gc,heap        ] GC(1806) ParOldGen: 3725526K(3725824K)->3827830K(3828224K)
[5743.687s][info][gc,metaspace   ] GC(1806) Metaspace: 29102K(29376K)->29102K(29376K) NonClass: 25999K(26112K)->25999K(26112K) Class: 3103K(3264K)->3103K(3264K)
[5743.687s][info][gc             ] GC(1806) Pause Young (Allocation Failure) 6159M->3888M(6288M) 97.420ms
[5743.687s][info][gc,cpu         ] GC(1806) User=0.54s Sys=0.03s Real=0.10s
..[5745.330s][info][gc,start       ] GC(1807) Pause Young (Allocation Failure)
[5745.429s][info][gc,heap        ] GC(1807) PSYoungGen: 2580928K(2610688K)->156693K(2610176K) Eden: 2427392K(2427392K)->0K(2427392K) From: 153536K(183296K)->156693K(182784K)
[5745.429s][info][gc,heap        ] GC(1807) ParOldGen: 3827830K(3828224K)->3932310K(3932672K)
[5745.429s][info][gc,metaspace   ] GC(1807) Metaspace: 29102K(29376K)->29102K(29376K) NonClass: 25999K(26112K)->25999K(26112K) Class: 3103K(3264K)->3103K(3264K)
[5745.429s][info][gc             ] GC(1807) Pause Young (Allocation Failure) 6258M->3993M(6389M) 99.089ms
[5745.429s][info][gc,cpu         ] GC(1807) User=0.56s Sys=0.03s Real=0.10s
.[5747.034s][info][gc,start       ] GC(1808) Pause Young (Allocation Failure)
[5747.133s][info][gc,heap        ] GC(1808) PSYoungGen: 2584085K(2610176K)->157280K(2611712K) Eden: 2427392K(2427392K)->0K(2431488K) From: 156693K(182784K)->157280K(180224K)
[5747.133s][info][gc,heap        ] GC(1808) ParOldGen: 3932310K(3932672K)->4038566K(4038656K)
[5747.133s][info][gc,metaspace   ] GC(1808) Metaspace: 29102K(29376K)->29102K(29376K) NonClass: 25999K(26112K)->25999K(26112K) Class: 3103K(3264K)->3103K(3264K)
[5747.134s][info][gc             ] GC(1808) Pause Young (Allocation Failure) 6363M->4097M(6494M) 99.439ms
[5747.134s][info][gc,cpu         ] GC(1808) User=0.55s Sys=0.03s Real=0.10s
..[5748.876s][info][gc,start       ] GC(1809) Pause Young (Allocation Failure)
[5748.984s][info][gc,heap        ] GC(1809) PSYoungGen: 2588768K(2611712K)->178736K(2611200K) Eden: 2431488K(2431488K)->0K(2431488K) From: 157280K(180224K)->178736K(179712K)
[5748.984s][info][gc,heap        ] GC(1809) ParOldGen: 4038566K(4038656K)->4141302K(4141568K)
[5748.984s][info][gc,metaspace   ] GC(1809) Metaspace: 29102K(29376K)->29102K(29376K) NonClass: 25999K(26112K)->25999K(26112K) Class: 3103K(3264K)->3103K(3264K)
[5748.984s][info][gc             ] GC(1809) Pause Young (Allocation Failure) 6472M->4218M(6594M) 107.575ms
[5748.984s][info][gc,cpu         ] GC(1809) User=0.60s Sys=0.04s Real=0.11s
..[5750.449s][info][gc,start       ] GC(1810) Pause Young (Allocation Failure)
[5750.548s][info][gc,heap        ] GC(1810) PSYoungGen: 2610224K(2611200K)->154848K(2612224K) Eden: 2431488K(2431488K)->0K(2427392K) From: 178736K(179712K)->154848K(184832K)
[5750.548s][info][gc,heap        ] GC(1810) ParOldGen: 4141302K(4141568K)->4248358K(4248576K)
[5750.548s][info][gc,metaspace   ] GC(1810) Metaspace: 29102K(29376K)->29102K(29376K) NonClass: 25999K(26112K)->25999K(26112K) Class: 3103K(3264K)->3103K(3264K)
[5750.548s][info][gc             ] GC(1810) Pause Young (Allocation Failure) 6593M->4300M(6700M) 99.189ms
[5750.548s][info][gc,cpu         ] GC(1810) User=0.55s Sys=0.03s Real=0.10s
.[5752.159s][info][gc,start       ] GC(1811) Pause Young (Allocation Failure)
[5752.270s][info][gc,heap        ] GC(1811) PSYoungGen: 2582240K(2612224K)->183780K(2611200K) Eden: 2427392K(2427392K)->0K(2427392K) From: 154848K(184832K)->183780K(183808K)
[5752.270s][info][gc,heap        ] GC(1811) ParOldGen: 4248358K(4248576K)->4350358K(4350464K)
[5752.270s][info][gc,metaspace   ] GC(1811) Metaspace: 29102K(29376K)->29102K(29376K) NonClass: 25999K(26112K)->25999K(26112K) Class: 3103K(3264K)->3103K(3264K)
[5752.270s][info][gc             ] GC(1811) Pause Young (Allocation Failure) 6670M->4427M(6798M) 110.460ms
[5752.270s][info][gc,cpu         ] GC(1811) User=0.62s Sys=0.04s Real=0.11s
..[5753.895s][info][gc,start       ] GC(1812) Pause Young (Allocation Failure)
[5754.008s][info][gc,heap        ] GC(1812) PSYoungGen: 2611172K(2611200K)->183795K(2529280K) Eden: 2427392K(2427392K)->0K(2344448K) From: 183780K(183808K)->183795K(184832K)
[5754.008s][info][gc,heap        ] GC(1812) ParOldGen: 4350358K(4350464K)->4455310K(4455424K)
[5754.008s][info][gc,metaspace   ] GC(1812) Metaspace: 29102K(29376K)->29102K(29376K) NonClass: 25999K(26112K)->25999K(26112K) Class: 3103K(3264K)->3103K(3264K)
[5754.008s][info][gc             ] GC(1812) Pause Young (Allocation Failure) 6798M->4530M(6821M) 112.986ms
[5754.008s][info][gc,cpu         ] GC(1812) User=0.62s Sys=0.04s Real=0.11s
..[5755.459s][info][gc,start       ] GC(1813) Pause Young (Allocation Failure)
[5755.559s][info][gc,heap        ] GC(1813) PSYoungGen: 2528243K(2529280K)->152484K(2570240K) Eden: 2344448K(2344448K)->0K(2344448K) From: 183795K(184832K)->152484K(225792K)
[5755.559s][info][gc,heap        ] GC(1813) ParOldGen: 4455310K(4455424K)->4561910K(4561920K)
[5755.559s][info][gc,metaspace   ] GC(1813) Metaspace: 29102K(29376K)->29102K(29376K) NonClass: 25999K(26112K)->25999K(26112K) Class: 3103K(3264K)->3103K(3264K)
[5755.559s][info][gc             ] GC(1813) Pause Young (Allocation Failure) 6819M->4603M(6965M) 99.856ms
[5755.559s][info][gc,cpu         ] GC(1813) User=0.56s Sys=0.03s Real=0.10s
.[5757.181s][info][gc,start       ] GC(1814) Pause Young (Allocation Failure)
[5757.275s][info][gc,heap        ] GC(1814) PSYoungGen: 2496932K(2570240K)->145728K(2567168K) Eden: 2344448K(2344448K)->0K(2345472K) From: 152484K(225792K)->145728K(221696K)
[5757.275s][info][gc,heap        ] GC(1814) ParOldGen: 4561910K(4561920K)->4662510K(4662784K)
[5757.275s][info][gc,metaspace   ] GC(1814) Metaspace: 29102K(29376K)->29102K(29376K) NonClass: 25999K(26112K)->25999K(26112K) Class: 3103K(3264K)->3103K(3264K)
[5757.275s][info][gc             ] GC(1814) Pause Young (Allocation Failure) 6893M->4695M(7060M) 93.716ms
[5757.275s][info][gc,cpu         ] GC(1814) User=0.52s Sys=0.04s Real=0.10s
..[5758.813s][info][gc,start       ] GC(1815) Pause Young (Allocation Failure)
[5758.914s][info][gc,heap        ] GC(1815) PSYoungGen: 2491200K(2567168K)->159669K(2569216K) Eden: 2345472K(2345472K)->0K(2345472K) From: 145728K(221696K)->159669K(223744K)
[5758.914s][info][gc,heap        ] GC(1815) ParOldGen: 4662510K(4662784K)->4767174K(4767232K)
[5758.914s][info][gc,metaspace   ] GC(1815) Metaspace: 29102K(29376K)->29102K(29376K) NonClass: 25999K(26112K)->25999K(26112K) Class: 3103K(3264K)->3103K(3264K)
[5758.914s][info][gc             ] GC(1815) Pause Young (Allocation Failure) 6986M->4811M(7164M) 101.633ms
[5758.914s][info][gc,cpu         ] GC(1815) User=0.57s Sys=0.03s Real=0.11s
..[5760.453s][info][gc,start       ] GC(1816) Pause Young (Allocation Failure)
[5760.553s][info][gc,heap        ] GC(1816) PSYoungGen: 2505141K(2569216K)->163621K(2565632K) Eden: 2345472K(2345472K)->0K(2352128K) From: 159669K(223744K)->163621K(213504K)
[5760.553s][info][gc,heap        ] GC(1816) ParOldGen: 4767174K(4767232K)->4866662K(4867072K)
[5760.553s][info][gc,metaspace   ] GC(1816) Metaspace: 29102K(29376K)->29102K(29376K) NonClass: 25999K(26112K)->25999K(26112K) Class: 3103K(3264K)->3103K(3264K)
[5760.553s][info][gc             ] GC(1816) Pause Young (Allocation Failure) 7101M->4912M(7258M) 100.675ms
[5760.553s][info][gc,cpu         ] GC(1816) User=0.56s Sys=0.04s Real=0.11s
.[5762.116s][info][gc,start       ] GC(1817) Pause Young (Allocation Failure)
[5762.214s][info][gc,heap        ] GC(1817) PSYoungGen: 2515749K(2565632K)->155040K(2568192K) Eden: 2352128K(2352128K)->0K(2352128K) From: 163621K(213504K)->155040K(216064K)
[5762.214s][info][gc,heap        ] GC(1817) ParOldGen: 4866662K(4867072K)->4972742K(4973056K)
[5762.214s][info][gc,metaspace   ] GC(1817) Metaspace: 29102K(29376K)->29102K(29376K) NonClass: 25999K(26112K)->25999K(26112K) Class: 3103K(3264K)->3103K(3264K)
[5762.214s][info][gc             ] GC(1817) Pause Young (Allocation Failure) 7209M->5007M(7364M) 98.299ms
[5762.214s][info][gc,cpu         ] GC(1817) User=0.54s Sys=0.04s Real=0.10s
..[5763.794s][info][gc,start       ] GC(1818) Pause Young (Allocation Failure)
[5763.891s][info][gc,heap        ] GC(1818) PSYoungGen: 2507168K(2568192K)->152864K(2575872K) Eden: 2352128K(2352128K)->0K(2366464K) From: 155040K(216064K)->152864K(209408K)
[5763.891s][info][gc,heap        ] GC(1818) ParOldGen: 4972742K(4973056K)->5073446K(5073920K)
[5763.891s][info][gc,metaspace   ] GC(1818) Metaspace: 29102K(29376K)->29102K(29376K) NonClass: 25999K(26112K)->25999K(26112K) Class: 3103K(3264K)->3103K(3264K)
[5763.891s][info][gc             ] GC(1818) Pause Young (Allocation Failure) 7304M->5103M(7470M) 96.434ms
[5763.891s][info][gc,cpu         ] GC(1818) User=0.53s Sys=0.03s Real=0.09s
..[5765.498s][info][gc,start       ] GC(1819) Pause Young (Allocation Failure)
[5765.597s][info][gc,heap        ] GC(1819) PSYoungGen: 2519328K(2575872K)->153732K(2577920K) Eden: 2366464K(2366464K)->0K(2366464K) From: 152864K(209408K)->153732K(211456K)
[5765.597s][info][gc,heap        ] GC(1819) ParOldGen: 5073446K(5073920K)->5177790K(5177856K)
[5765.597s][info][gc,metaspace   ] GC(1819) Metaspace: 29102K(29376K)->29102K(29376K) NonClass: 25999K(26112K)->25999K(26112K) Class: 3103K(3264K)->3103K(3264K)
[5765.597s][info][gc             ] GC(1819) Pause Young (Allocation Failure) 7414M->5206M(7574M) 99.458ms
[5765.597s][info][gc,cpu         ] GC(1819) User=0.55s Sys=0.04s Real=0.10s
.[5767.096s][info][gc,start       ] GC(1820) Pause Young (Allocation Failure)
[5767.195s][info][gc,heap        ] GC(1820) PSYoungGen: 2520196K(2577920K)->154176K(2579968K) Eden: 2366464K(2366464K)->0K(2375680K) From: 153732K(211456K)->154176K(204288K)
[5767.195s][info][gc,heap        ] GC(1820) ParOldGen: 5177790K(5177856K)->5281382K(5281792K)
[5767.195s][info][gc,metaspace   ] GC(1820) Metaspace: 29102K(29376K)->29102K(29376K) NonClass: 25999K(26112K)->25999K(26112K) Class: 3103K(3264K)->3103K(3264K)
[5767.195s][info][gc             ] GC(1820) Pause Young (Allocation Failure) 7517M->5308M(7677M) 99.044ms
[5767.195s][info][gc,cpu         ] GC(1820) User=0.55s Sys=0.03s Real=0.10s
..[5768.861s][info][gc,start       ] GC(1821) Pause Young (Allocation Failure)
[5768.962s][info][gc,heap        ] GC(1821) PSYoungGen: 2529856K(2579968K)->161701K(2582016K) Eden: 2375680K(2375680K)->0K(2375680K) From: 154176K(204288K)->161701K(206336K)
[5768.962s][info][gc,heap        ] GC(1821) ParOldGen: 5281382K(5281792K)->5381014K(5381120K)
[5768.962s][info][gc,metaspace   ] GC(1821) Metaspace: 29102K(29376K)->29102K(29376K) NonClass: 25999K(26112K)->25999K(26112K) Class: 3103K(3264K)->3103K(3264K)
[5768.962s][info][gc             ] GC(1821) Pause Young (Allocation Failure) 7628M->5412M(7776M) 101.003ms
[5768.962s][info][gc,cpu         ] GC(1821) User=0.56s Sys=0.03s Real=0.10s
..[5770.506s][info][gc,start       ] GC(1822) Pause Young (Allocation Failure)
[5770.607s][info][gc,heap        ] GC(1822) PSYoungGen: 2537381K(2582016K)->157392K(2585600K) Eden: 2375680K(2375680K)->0K(2387456K) From: 161701K(206336K)->157392K(198144K)
[5770.607s][info][gc,heap        ] GC(1822) ParOldGen: 5381014K(5381120K)->5485734K(5486080K)
[5770.607s][info][gc,metaspace   ] GC(1822) Metaspace: 29102K(29376K)->29102K(29376K) NonClass: 25999K(26112K)->25999K(26112K) Class: 3103K(3264K)->3103K(3264K)
[5770.607s][info][gc             ] GC(1822) Pause Young (Allocation Failure) 7732M->5510M(7882M) 101.300ms
[5770.607s][info][gc,cpu         ] GC(1822) User=0.57s Sys=0.03s Real=0.10s
.[5772.178s][info][gc,start       ] GC(1823) Pause Full (Allocation Failure)
[5772.178s][info][gc,phases,start] GC(1823) Marking Phase
[5772.498s][info][gc,phases      ] GC(1823) Marking Phase 319.754ms
[5772.498s][info][gc,phases,start] GC(1823) Summary Phase
[5772.498s][info][gc,phases      ] GC(1823) Summary Phase 0.104ms
[5772.498s][info][gc,phases,start] GC(1823) Forward
[5772.620s][info][gc,phases      ] GC(1823) Forward 121.495ms
[5772.620s][info][gc,phases,start] GC(1823) Adjust Pointers
[5772.833s][info][gc,phases      ] GC(1823) Adjust Pointers 213.048ms
[5772.833s][info][gc,phases,start] GC(1823) Compaction Phase
[5772.979s][info][gc,phases      ] GC(1823) Compaction Phase 145.778ms
[5772.979s][info][gc,phases,start] GC(1823) Post Compact
[5772.986s][info][gc,phases      ] GC(1823) Post Compact 6.907ms
[5773.105s][info][gc,heap        ] GC(1823) PSYoungGen: 2544848K(2585600K)->0K(2586624K) Eden: 2387456K(2387456K)->0K(2387456K) From: 157392K(198144K)->0K(199168K)
[5773.105s][info][gc,heap        ] GC(1823) ParOldGen: 5485734K(5486080K)->1611541K(2038784K)
[5773.105s][info][gc,metaspace   ] GC(1823) Metaspace: 29102K(29376K)->29102K(29376K) NonClass: 25999K(26112K)->25999K(26112K) Class: 3103K(3264K)->3103K(3264K)
[5773.105s][info][gc             ] GC(1823) Pause Full (Allocation Failure) 7842M->1573M(4517M) 926.779ms
[5773.105s][info][gc,cpu         ] GC(1823) User=4.40s Sys=0.12s Real=0.93s
.[5774.294s][info][gc,start       ] GC(1824) Pause Young (Allocation Failure)
[5774.367s][info][gc,heap        ] GC(1824) PSYoungGen: 2387456K(2586624K)->177000K(2593792K) Eden: 2387456K(2387456K)->0K(2394624K) From: 0K(199168K)->177000K(199168K)
[5774.367s][info][gc,heap        ] GC(1824) ParOldGen: 1611541K(2038784K)->1611541K(2038784K)
[5774.367s][info][gc,metaspace   ] GC(1824) Metaspace: 29102K(29376K)->29102K(29376K) NonClass: 25999K(26112K)->25999K(26112K) Class: 3103K(3264K)->3103K(3264K)
[5774.367s][info][gc             ] GC(1824) Pause Young (Allocation Failure) 3905M->1746M(4524M) 72.073ms
[5774.367s][info][gc,cpu         ] GC(1824) User=0.43s Sys=0.00s Real=0.07s
..[5775.672s][info][gc,start       ] GC(1825) Pause Young (Allocation Failure)
[5775.772s][info][gc,heap        ] GC(1825) PSYoungGen: 2571624K(2593792K)->170179K(2595328K) Eden: 2394624K(2394624K)->0K(2394624K) From: 177000K(199168K)->170179K(200704K)
[5775.772s][info][gc,heap        ] GC(1825) ParOldGen: 1611541K(2038784K)->1715861K(2038784K)
[5775.772s][info][gc,metaspace   ] GC(1825) Metaspace: 29102K(29376K)->29102K(29376K) NonClass: 25999K(26112K)->25999K(26112K) Class: 3103K(3264K)->3103K(3264K)
[5775.772s][info][gc             ] GC(1825) Pause Young (Allocation Failure) 4085M->1841M(4525M) 99.712ms
[5775.772s][info][gc,cpu         ] GC(1825) User=0.59s Sys=0.00s Real=0.10s
.[5777.189s][info][gc,start       ] GC(1826) Pause Young (Allocation Failure)
[5777.280s][info][gc,heap        ] GC(1826) PSYoungGen: 2564803K(2595328K)->153456K(2591744K) Eden: 2394624K(2394624K)->0K(2395648K) From: 170179K(200704K)->153456K(196096K)
[5777.280s][info][gc,heap        ] GC(1826) ParOldGen: 1715861K(2038784K)->1817613K(2038784K)
[5777.280s][info][gc,metaspace   ] GC(1826) Metaspace: 29102K(29376K)->29102K(29376K) NonClass: 25999K(26112K)->25999K(26112K) Class: 3103K(3264K)->3103K(3264K)
[5777.281s][info][gc             ] GC(1826) Pause Young (Allocation Failure) 4180M->1924M(4522M) 91.323ms
[5777.281s][info][gc,cpu         ] GC(1826) User=0.54s Sys=0.00s Real=0.09s
..[5778.926s][info][gc,start       ] GC(1827) Pause Young (Allocation Failure)
[5779.021s][info][gc,heap        ] GC(1827) PSYoungGen: 2549104K(2591744K)->159941K(2593792K) Eden: 2395648K(2395648K)->0K(2395648K) From: 153456K(196096K)->159941K(198144K)
[5779.021s][info][gc,heap        ] GC(1827) ParOldGen: 1817613K(2038784K)->1923645K(2038784K)
[5779.021s][info][gc,metaspace   ] GC(1827) Metaspace: 29102K(29376K)->29102K(29376K) NonClass: 25999K(26112K)->25999K(26112K) Class: 3103K(3264K)->3103K(3264K)
[5779.021s][info][gc             ] GC(1827) Pause Young (Allocation Failure) 4264M->2034M(4524M) 94.764ms
[5779.021s][info][gc,cpu         ] GC(1827) User=0.56s Sys=0.00s Real=0.09s
..[5780.724s][info][gc,start       ] GC(1828) Pause Young (Allocation Failure)
[5780.824s][info][gc,heap        ] GC(1828) PSYoungGen: 2555589K(2593792K)->172949K(2596352K) Eden: 2395648K(2395648K)->0K(2401280K) From: 159941K(198144K)->172949K(195072K)
[5780.824s][info][gc,heap        ] GC(1828) ParOldGen: 1923645K(2038784K)->2024493K(2038784K)
[5780.824s][info][gc,metaspace   ] GC(1828) Metaspace: 29102K(29376K)->29102K(29376K) NonClass: 25999K(26112K)->25999K(26112K) Class: 3103K(3264K)->3103K(3264K)
[5780.824s][info][gc             ] GC(1828) Pause Young (Allocation Failure) 4374M->2145M(4526M) 100.279ms
[5780.824s][info][gc,cpu         ] GC(1828) User=0.59s Sys=0.00s Real=0.10s
.[5782.312s][info][gc,start       ] GC(1829) Pause Young (Allocation Failure)
[5782.411s][info][gc,heap        ] GC(1829) PSYoungGen: 2574229K(2596352K)->163140K(2596864K) Eden: 2401280K(2401280K)->0K(2401280K) From: 172949K(195072K)->163140K(195584K)
[5782.411s][info][gc,heap        ] GC(1829) ParOldGen: 2024493K(2038784K)->2130101K(2130432K)
[5782.411s][info][gc,metaspace   ] GC(1829) Metaspace: 29102K(29376K)->29102K(29376K) NonClass: 25999K(26112K)->25999K(26112K) Class: 3103K(3264K)->3103K(3264K)
[5782.411s][info][gc             ] GC(1829) Pause Young (Allocation Failure) 4490M->2239M(4616M) 99.560ms
[5782.411s][info][gc,cpu         ] GC(1829) User=0.56s Sys=0.03s Real=0.10s
..[5784.002s][info][gc,start       ] GC(1830) Pause Young (Allocation Failure)
[5784.103s][info][gc,heap        ] GC(1830) PSYoungGen: 2564420K(2596864K)->159781K(2598400K) Eden: 2401280K(2401280K)->0K(2407424K) From: 163140K(195584K)->159781K(190976K)
[5784.103s][info][gc,heap        ] GC(1830) ParOldGen: 2130101K(2130432K)->2233893K(2234368K)
[5784.103s][info][gc,metaspace   ] GC(1830) Metaspace: 29102K(29376K)->29102K(29376K) NonClass: 25999K(26112K)->25999K(26112K) Class: 3103K(3264K)->3103K(3264K)
[5784.103s][info][gc             ] GC(1830) Pause Young (Allocation Failure) 4584M->2337M(4719M) 100.343ms
[5784.103s][info][gc,cpu         ] GC(1830) User=0.56s Sys=0.04s Real=0.10s
..[5785.765s][info][gc,start       ] GC(1831) Pause Young (Allocation Failure)
[5785.862s][info][gc,heap        ] GC(1831) PSYoungGen: 2567205K(2598400K)->157152K(2597888K) Eden: 2407424K(2407424K)->0K(2407424K) From: 159781K(190976K)->157152K(190464K)
[5785.862s][info][gc,heap        ] GC(1831) ParOldGen: 2233893K(2234368K)->2334853K(2335232K)
[5785.862s][info][gc,metaspace   ] GC(1831) Metaspace: 29102K(29376K)->29102K(29376K) NonClass: 25999K(26112K)->25999K(26112K) Class: 3103K(3264K)->3103K(3264K)
[5785.862s][info][gc             ] GC(1831) Pause Young (Allocation Failure) 4688M->2433M(4817M) 96.508ms
[5785.862s][info][gc,cpu         ] GC(1831) User=0.54s Sys=0.03s Real=0.09s
.[5787.347s][info][gc,start       ] GC(1832) Pause Young (Allocation Failure)
[5787.441s][info][gc,heap        ] GC(1832) PSYoungGen: 2564576K(2597888K)->146304K(2603008K) Eden: 2407424K(2407424K)->0K(2414080K) From: 157152K(190464K)->146304K(188928K)
[5787.441s][info][gc,heap        ] GC(1832) ParOldGen: 2334853K(2335232K)->2441765K(2442240K)
[5787.441s][info][gc,metaspace   ] GC(1832) Metaspace: 29102K(29376K)->29102K(29376K) NonClass: 25999K(26112K)->25999K(26112K) Class: 3103K(3264K)->3103K(3264K)
[5787.441s][info][gc             ] GC(1832) Pause Young (Allocation Failure) 4784M->2527M(4927M) 94.226ms
[5787.441s][info][gc,cpu         ] GC(1832) User=0.52s Sys=0.04s Real=0.09s
..[5789.099s][info][gc,start       ] GC(1833) Pause Young (Allocation Failure)
[5789.203s][info][gc,heap        ] GC(1833) PSYoungGen: 2560384K(2603008K)->172752K(2603520K) Eden: 2414080K(2414080K)->0K(2414080K) From: 146304K(188928K)->172752K(189440K)
[5789.203s][info][gc,heap        ] GC(1833) ParOldGen: 2441765K(2442240K)->2543669K(2544128K)
[5789.203s][info][gc,metaspace   ] GC(1833) Metaspace: 29102K(29376K)->29102K(29376K) NonClass: 25999K(26112K)->25999K(26112K) Class: 3103K(3264K)->3103K(3264K)
[5789.203s][info][gc             ] GC(1833) Pause Young (Allocation Failure) 4884M->2652M(5027M) 104.098ms
[5789.203s][info][gc,cpu         ] GC(1833) User=0.58s Sys=0.04s Real=0.11s
..[5790.874s][info][gc,start       ] GC(1834) Pause Young (Allocation Failure)
[5790.973s][info][gc,heap        ] GC(1834) PSYoungGen: 2586832K(2603520K)->164656K(2604032K) Eden: 2414080K(2414080K)->0K(2415616K) From: 172752K(189440K)->164656K(188416K)
[5790.974s][info][gc,heap        ] GC(1834) ParOldGen: 2543669K(2544128K)->2647213K(2647552K)
[5790.974s][info][gc,metaspace   ] GC(1834) Metaspace: 29102K(29376K)->29102K(29376K) NonClass: 25999K(26112K)->25999K(26112K) Class: 3103K(3264K)->3103K(3264K)
[5790.974s][info][gc             ] GC(1834) Pause Young (Allocation Failure) 5010M->2745M(5128M) 99.138ms
[5790.974s][info][gc,cpu         ] GC(1834) User=0.56s Sys=0.03s Real=0.10s
.[5792.527s][info][gc,start       ] GC(1835) Pause Young (Allocation Failure)
[5792.621s][info][gc,heap        ] GC(1835) PSYoungGen: 2580272K(2604032K)->148448K(2604544K) Eden: 2415616K(2415616K)->0K(2415616K) From: 164656K(188416K)->148448K(188928K)
[5792.621s][info][gc,heap        ] GC(1835) ParOldGen: 2647213K(2647552K)->2755661K(2756096K)
[5792.621s][info][gc,metaspace   ] GC(1835) Metaspace: 29102K(29376K)->29102K(29376K) NonClass: 25999K(26112K)->25999K(26112K) Class: 3103K(3264K)->3103K(3264K)
[5792.621s][info][gc             ] GC(1835) Pause Young (Allocation Failure) 5104M->2836M(5235M) 94.468ms
[5792.621s][info][gc,cpu         ] GC(1835) User=0.52s Sys=0.04s Real=0.09s
..[5794.277s][info][gc,start       ] GC(1836) Pause Young (Allocation Failure)
[5794.375s][info][gc,heap        ] GC(1836) PSYoungGen: 2564064K(2604544K)->161380K(2601984K) Eden: 2415616K(2415616K)->0K(2418688K) From: 148448K(188928K)->161380K(183296K)
[5794.375s][info][gc,heap        ] GC(1836) ParOldGen: 2755661K(2756096K)->2855253K(2855424K)
[5794.375s][info][gc,metaspace   ] GC(1836) Metaspace: 29102K(29376K)->29102K(29376K) NonClass: 25999K(26112K)->25999K(26112K) Class: 3103K(3264K)->3103K(3264K)
[5794.375s][info][gc             ] GC(1836) Pause Young (Allocation Failure) 5195M->2945M(5329M) 98.548ms
[5794.375s][info][gc,cpu         ] GC(1836) User=0.54s Sys=0.03s Real=0.10s
.. (rIR:aIR:PR = 9963:10003:10004) (tPR = 147210) [OK] 
  5795s: Performance info:
         Transaction,    Success,    Partial,     Failed,   Receipts, AvgBarcode, 
             Overall,     608017,          0,          0,     577495,      59.48, 
         Response times:
             Request,    Success,    Partial,     Failed,   SkipFail,     Probes,    Samples,      min,      p50,      p90,      p95,      p99,      max, 
       TotalPurchase,     577468,          0,          0,          0,     352365,     445956,      300,     7100,    66000,   120000,   730000,  1400000,
     InStorePurchase,     304803,          0,          0,          0,     185144,     233558,      300,     7100,    66000,   119000,   730000,  1400000,
      OnlinePurchase,     211331,          0,          0,          0,     129453,     164398,      300,     7100,    66000,   123000,   730000,  1400000,
        InstPurchase,      61334,          0,          0,          0,      37768,      48000,      300,     6900,    64000,   115000,   690000,   950000,
          AssocOfCat,        605,          0,          0,          0,        504,        757,    22000,    47000,   129000,   210100,   740000,  1100000,
      AssocOfProduct,       6038,          0,          0,          0,       4335,       5721,      400,     7900,    66000,   116000,   700000,   860000,
      BusinessReport,       1506,          0,          0,          0,       1332,       1834,    30000,    56000,   142500,   210500,   930000,  1400000,
          CustBuyBeh,       6057,          0,          0,          0,       4436,       5811,      100,     6600,    61000,   119000,   589000,   700000,
       ProductReturn,      16316,          0,          0,          0,       9326,      12226,      300,     6000,    63000,   126000,   910000,   910000,

  5795s: (73%)   IR =  10101 [5796.089s][info][gc,start       ] GC(1837) Pause Young (Allocation Failure)
[5796.195s][info][gc,heap        ] GC(1837) PSYoungGen: 2580068K(2601984K)->175571K(2604544K) Eden: 2418688K(2418688K)->0K(2418688K) From: 161380K(183296K)->175571K(185856K)
[5796.195s][info][gc,heap        ] GC(1837) ParOldGen: 2855253K(2855424K)->2961277K(2961408K)
[5796.195s][info][gc,metaspace   ] GC(1837) Metaspace: 29102K(29376K)->29102K(29376K) NonClass: 25999K(26112K)->25999K(26112K) Class: 3103K(3264K)->3103K(3264K)
[5796.195s][info][gc             ] GC(1837) Pause Young (Allocation Failure) 5307M->3063M(5435M) 106.519ms
[5796.195s][info][gc,cpu         ] GC(1837) User=0.59s Sys=0.03s Real=0.11s
..[5797.861s][info][gc,start       ] GC(1838) Pause Young (Allocation Failure)
[5797.964s][info][gc,heap        ] GC(1838) PSYoungGen: 2594259K(2604544K)->166197K(2608640K) Eden: 2418688K(2418688K)->0K(2419712K) From: 175571K(185856K)->166197K(188928K)
[5797.964s][info][gc,heap        ] GC(1838) ParOldGen: 2961277K(2961408K)->3068517K(3068928K)
[5797.964s][info][gc,metaspace   ] GC(1838) Metaspace: 29102K(29376K)->29102K(29376K) NonClass: 25999K(26112K)->25999K(26112K) Class: 3103K(3264K)->3103K(3264K)
[5797.964s][info][gc             ] GC(1838) Pause Young (Allocation Failure) 5425M->3158M(5544M) 103.027ms
[5797.964s][info][gc,cpu         ] GC(1838) User=0.58s Sys=0.03s Real=0.11s
.[5799.617s][info][gc,start       ] GC(1839) Pause Young (Allocation Failure)
[5799.716s][info][gc,heap        ] GC(1839) PSYoungGen: 2585909K(2608640K)->155968K(2575872K) Eden: 2419712K(2419712K)->0K(2419712K) From: 166197K(188928K)->155968K(156160K)
[5799.716s][info][gc,heap        ] GC(1839) ParOldGen: 3068517K(3068928K)->3171797K(3171840K)
[5799.716s][info][gc,metaspace   ] GC(1839) Metaspace: 29102K(29376K)->29102K(29376K) NonClass: 25999K(26112K)->25999K(26112K) Class: 3103K(3264K)->3103K(3264K)
[5799.716s][info][gc             ] GC(1839) Pause Young (Allocation Failure) 5521M->3249M(5613M) 98.854ms
[5799.716s][info][gc,cpu         ] GC(1839) User=0.55s Sys=0.02s Real=0.10s
..[5801.277s][info][gc,start       ] GC(1840) Pause Young (Allocation Failure)
[5801.375s][info][gc,heap        ] GC(1840) PSYoungGen: 2575680K(2575872K)->153845K(2607104K) Eden: 2419712K(2419712K)->0K(2420736K) From: 155968K(156160K)->153845K(186368K)
[5801.375s][info][gc,heap        ] GC(1840) ParOldGen: 3171797K(3171840K)->3279557K(3279872K)
[5801.375s][info][gc,metaspace   ] GC(1840) Metaspace: 29102K(29376K)->29102K(29376K) NonClass: 25999K(26112K)->25999K(26112K) Class: 3103K(3264K)->3103K(3264K)
[5801.375s][info][gc             ] GC(1840) Pause Young (Allocation Failure) 5612M->3352M(5749M) 98.076ms
[5801.375s][info][gc,cpu         ] GC(1840) User=0.54s Sys=0.04s Real=0.10s
..[5802.973s][info][gc,start       ] GC(1841) Pause Young (Allocation Failure)
[5803.073s][info][gc,heap        ] GC(1841) PSYoungGen: 2574581K(2607104K)->162848K(2606080K) Eden: 2420736K(2420736K)->0K(2420736K) From: 153845K(186368K)->162848K(185344K)
[5803.073s][info][gc,heap        ] GC(1841) ParOldGen: 3279557K(3279872K)->3380181K(3380224K)
[5803.073s][info][gc,metaspace   ] GC(1841) Metaspace: 29102K(29376K)->29102K(29376K) NonClass: 25999K(26112K)->25999K(26112K) Class: 3103K(3264K)->3103K(3264K)
[5803.073s][info][gc             ] GC(1841) Pause Young (Allocation Failure) 5716M->3459M(5846M) 99.852ms
[5803.073s][info][gc,cpu         ] GC(1841) User=0.55s Sys=0.05s Real=0.10s
.[5804.535s][info][gc,start       ] GC(1842) Pause Young (Allocation Failure)
[5804.633s][info][gc,heap        ] GC(1842) PSYoungGen: 2583584K(2606080K)->153760K(2608128K) Eden: 2420736K(2420736K)->0K(2424832K) From: 162848K(185344K)->153760K(183296K)
[5804.633s][info][gc,heap        ] GC(1842) ParOldGen: 3380181K(3380224K)->3485029K(3485184K)
[5804.633s][info][gc,metaspace   ] GC(1842) Metaspace: 29102K(29376K)->29102K(29376K) NonClass: 25999K(26112K)->25999K(26112K) Class: 3103K(3264K)->3103K(3264K)
[5804.633s][info][gc             ] GC(1842) Pause Young (Allocation Failure) 5823M->3553M(5950M) 98.569ms
[5804.633s][info][gc,cpu         ] GC(1842) User=0.55s Sys=0.03s Real=0.10s
..|[5806.234s][info][gc,start       ] GC(1843) Pause Young (Allocation Failure)
[5806.328s][info][gc,heap        ] GC(1843) PSYoungGen: 2578592K(2608128K)->144960K(2607616K) Eden: 2424832K(2424832K)->0K(2424832K) From: 153760K(183296K)->144960K(182784K)
[5806.328s][info][gc,heap        ] GC(1843) ParOldGen: 3485029K(3485184K)->3589421K(3589632K)
[5806.328s][info][gc,metaspace   ] GC(1843) Metaspace: 29102K(29376K)->29102K(29376K) NonClass: 25999K(26112K)->25999K(26112K) Class: 3103K(3264K)->3103K(3264K)
[5806.328s][info][gc             ] GC(1843) Pause Young (Allocation Failure) 5921M->3646M(6052M) 93.791ms
[5806.328s][info][gc,cpu         ] GC(1843) User=0.52s Sys=0.03s Real=0.09s
..[5808.033s][info][gc,start       ] GC(1844) Pause Young (Allocation Failure)
[5808.134s][info][gc,heap        ] GC(1844) PSYoungGen: 2569792K(2607616K)->167040K(2611712K) Eden: 2424832K(2424832K)->0K(2428416K) From: 144960K(182784K)->167040K(183296K)
[5808.134s][info][gc,heap        ] GC(1844) ParOldGen: 3589421K(3589632K)->3692557K(3693056K)
[5808.134s][info][gc,metaspace   ] GC(1844) Metaspace: 29102K(29376K)->29102K(29376K) NonClass: 25999K(26112K)->25999K(26112K) Class: 3103K(3264K)->3103K(3264K)
[5808.134s][info][gc             ] GC(1844) Pause Young (Allocation Failure) 6014M->3769M(6157M) 101.212ms
[5808.135s][info][gc,cpu         ] GC(1844) User=0.57s Sys=0.03s Real=0.10s
.[5809.656s][info][gc,start       ] GC(1845) Pause Young (Allocation Failure)
[5809.758s][info][gc,heap        ] GC(1845) PSYoungGen: 2595456K(2611712K)->156352K(2585088K) Eden: 2428416K(2428416K)->0K(2428416K) From: 167040K(183296K)->156352K(156672K)
[5809.758s][info][gc,heap        ] GC(1845) ParOldGen: 3692557K(3693056K)->3799517K(3799552K)
[5809.758s][info][gc,metaspace   ] GC(1845) Metaspace: 29102K(29376K)->29102K(29376K) NonClass: 25999K(26112K)->25999K(26112K) Class: 3103K(3264K)->3103K(3264K)
[5809.758s][info][gc             ] GC(1845) Pause Young (Allocation Failure) 6140M->3863M(6235M) 101.388ms
[5809.758s][info][gc,cpu         ] GC(1845) User=0.56s Sys=0.03s Real=0.10s
..[5811.432s][info][gc,start       ] GC(1846) Pause Young (Allocation Failure)
[5811.534s][info][gc,heap        ] GC(1846) PSYoungGen: 2584768K(2585088K)->163924K(2611200K) Eden: 2428416K(2428416K)->0K(2429440K) From: 156352K(156672K)->163924K(181760K)
[5811.534s][info][gc,heap        ] GC(1846) ParOldGen: 3799517K(3799552K)->3901741K(3901952K)
[5811.534s][info][gc,metaspace   ] GC(1846) Metaspace: 29102K(29376K)->29102K(29376K) NonClass: 25999K(26112K)->25999K(26112K) Class: 3103K(3264K)->3103K(3264K)
[5811.534s][info][gc             ] GC(1846) Pause Young (Allocation Failure) 6234M->3970M(6360M) 102.280ms
[5811.534s][info][gc,cpu         ] GC(1846) User=0.56s Sys=0.04s Real=0.11s
..[5813.095s][info][gc,start       ] GC(1847) Pause Young (Allocation Failure)
[5813.199s][info][gc,heap        ] GC(1847) PSYoungGen: 2593364K(2611200K)->171840K(2610688K) Eden: 2429440K(2429440K)->0K(2429440K) From: 163924K(181760K)->171840K(181248K)
[5813.199s][info][gc,heap        ] GC(1847) ParOldGen: 3901741K(3901952K)->4006613K(4006912K)
[5813.199s][info][gc,metaspace   ] GC(1847) Metaspace: 29102K(29376K)->29102K(29376K) NonClass: 25999K(26112K)->25999K(26112K) Class: 3103K(3264K)->3103K(3264K)
[5813.199s][info][gc             ] GC(1847) Pause Young (Allocation Failure) 6342M->4080M(6462M) 104.193ms
[5813.200s][info][gc,cpu         ] GC(1847) User=0.58s Sys=0.04s Real=0.10s
.[5814.748s][info][gc,start       ] GC(1848) Pause Young (Allocation Failure)
[5814.848s][info][gc,heap        ] GC(1848) PSYoungGen: 2601280K(2610688K)->152928K(2613248K) Eden: 2429440K(2429440K)->0K(2429440K) From: 171840K(181248K)->152928K(183808K)
[5814.848s][info][gc,heap        ] GC(1848) ParOldGen: 4006613K(4006912K)->4115645K(4115968K)
[5814.848s][info][gc,metaspace   ] GC(1848) Metaspace: 29102K(29376K)->29102K(29376K) NonClass: 25999K(26112K)->25999K(26112K) Class: 3103K(3264K)->3103K(3264K)
[5814.848s][info][gc             ] GC(1848) Pause Young (Allocation Failure) 6453M->4168M(6571M) 100.360ms
[5814.849s][info][gc,cpu         ] GC(1848) User=0.56s Sys=0.02s Real=0.10s
..[5816.416s][info][gc,start       ] GC(1849) Pause Young (Allocation Failure)
[5816.515s][info][gc,heap        ] GC(1849) PSYoungGen: 2582368K(2613248K)->156932K(2586624K) Eden: 2429440K(2429440K)->0K(2429440K) From: 152928K(183808K)->156932K(157184K)
[5816.515s][info][gc,heap        ] GC(1849) ParOldGen: 4115645K(4115968K)->4218349K(4218368K)
[5816.515s][info][gc,metaspace   ] GC(1849) Metaspace: 29102K(29376K)->29102K(29376K) NonClass: 25999K(26112K)->25999K(26112K) Class: 3103K(3264K)->3103K(3264K)
[5816.515s][info][gc             ] GC(1849) Pause Young (Allocation Failure) 6541M->4272M(6645M) 98.894ms
[5816.515s][info][gc,cpu         ] GC(1849) User=0.56s Sys=0.02s Real=0.10s
..[5818.197s][info][gc,start       ] GC(1850) Pause Young (Allocation Failure)
[5818.294s][info][gc,heap        ] GC(1850) PSYoungGen: 2586372K(2586624K)->150053K(2611200K) Eden: 2429440K(2429440K)->0K(2429952K) From: 156932K(157184K)->150053K(181248K)
[5818.294s][info][gc,heap        ] GC(1850) ParOldGen: 4218349K(4218368K)->4322469K(4322816K)
[5818.294s][info][gc,metaspace   ] GC(1850) Metaspace: 29102K(29376K)->29102K(29376K) NonClass: 25999K(26112K)->25999K(26112K) Class: 3103K(3264K)->3103K(3264K)
[5818.294s][info][gc             ] GC(1850) Pause Young (Allocation Failure) 6645M->4367M(6771M) 97.113ms
[5818.294s][info][gc,cpu         ] GC(1850) User=0.55s Sys=0.04s Real=0.10s
.[5819.829s][info][gc,start       ] GC(1851) Pause Young (Allocation Failure)
[5819.930s][info][gc,heap        ] GC(1851) PSYoungGen: 2580005K(2611200K)->166036K(2610688K) Eden: 2429952K(2429952K)->0K(2429952K) From: 150053K(181248K)->166036K(180736K)
[5819.930s][info][gc,heap        ] GC(1851) ParOldGen: 4322469K(4322816K)->4423237K(4423680K)
[5819.930s][info][gc,metaspace   ] GC(1851) Metaspace: 29102K(29376K)->29102K(29376K) NonClass: 25999K(26112K)->25999K(26112K) Class: 3103K(3264K)->3103K(3264K)
[5819.930s][info][gc             ] GC(1851) Pause Young (Allocation Failure) 6740M->4481M(6869M) 100.588ms
[5819.931s][info][gc,cpu         ] GC(1851) User=0.56s Sys=0.02s Real=0.10s
..[5821.505s][info][gc,start       ] GC(1852) Pause Young (Allocation Failure)
[5821.608s][info][gc,heap        ] GC(1852) PSYoungGen: 2595988K(2610688K)->163200K(2613760K) Eden: 2429952K(2429952K)->0K(2434048K) From: 166036K(180736K)->163200K(179712K)
[5821.608s][info][gc,heap        ] GC(1852) ParOldGen: 4423237K(4423680K)->4529053K(4529152K)
[5821.608s][info][gc,metaspace   ] GC(1852) Metaspace: 29102K(29376K)->29102K(29376K) NonClass: 25999K(26112K)->25999K(26112K) Class: 3103K(3264K)->3103K(3264K)
[5821.608s][info][gc             ] GC(1852) Pause Young (Allocation Failure) 6854M->4582M(6975M) 103.037ms
[5821.608s][info][gc,cpu         ] GC(1852) User=0.56s Sys=0.05s Real=0.10s
..[5823.175s][info][gc,start       ] GC(1853) Pause Young (Allocation Failure)
[5823.274s][info][gc,heap        ] GC(1853) PSYoungGen: 2597248K(2613760K)->149536K(2614272K) Eden: 2434048K(2434048K)->0K(2434048K) From: 163200K(179712K)->149536K(180224K)
[5823.274s][info][gc,heap        ] GC(1853) ParOldGen: 4529053K(4529152K)->4636541K(4636672K)
[5823.274s][info][gc,metaspace   ] GC(1853) Metaspace: 29102K(29376K)->29102K(29376K) NonClass: 25999K(26112K)->25999K(26112K) Class: 3103K(3264K)->3103K(3264K)
[5823.274s][info][gc             ] GC(1853) Pause Young (Allocation Failure) 6959M->4673M(7081M) 98.219ms
[5823.274s][info][gc,cpu         ] GC(1853) User=0.54s Sys=0.03s Real=0.10s
.[5824.865s][info][gc,start       ] GC(1854) Pause Young (Allocation Failure)
[5824.969s][info][gc,heap        ] GC(1854) PSYoungGen: 2583584K(2614272K)->168996K(2612736K) Eden: 2434048K(2434048K)->0K(2432512K) From: 149536K(180224K)->168996K(180224K)
[5824.969s][info][gc,heap        ] GC(1854) ParOldGen: 4636541K(4636672K)->4738501K(4738560K)
[5824.969s][info][gc,metaspace   ] GC(1854) Metaspace: 29102K(29376K)->29102K(29376K) NonClass: 25999K(26112K)->25999K(26112K) Class: 3103K(3264K)->3103K(3264K)
[5824.969s][info][gc             ] GC(1854) Pause Young (Allocation Failure) 7050M->4792M(7179M) 103.868ms
[5824.969s][info][gc,cpu         ] GC(1854) User=0.58s Sys=0.03s Real=0.10s
..[5826.557s][info][gc,start       ] GC(1855) Pause Young (Allocation Failure)
[5826.659s][info][gc,heap        ] GC(1855) PSYoungGen: 2601508K(2612736K)->163128K(2614272K) Eden: 2432512K(2432512K)->0K(2432512K) From: 168996K(180224K)->163128K(181760K)
[5826.659s][info][gc,heap        ] GC(1855) ParOldGen: 4738501K(4738560K)->4842789K(4843008K)
[5826.659s][info][gc,metaspace   ] GC(1855) Metaspace: 29102K(29376K)->29102K(29376K) NonClass: 25999K(26112K)->25999K(26112K) Class: 3103K(3264K)->3103K(3264K)
[5826.659s][info][gc             ] GC(1855) Pause Young (Allocation Failure) 7167M->4888M(7282M) 101.828ms
[5826.659s][info][gc,cpu         ] GC(1855) User=0.57s Sys=0.03s Real=0.10s
..[5828.161s][info][gc,start       ] GC(1856) Pause Young (Allocation Failure)
[5828.270s][info][gc,heap        ] GC(1856) PSYoungGen: 2595640K(2614272K)->173268K(2610176K) Eden: 2432512K(2432512K)->0K(2429440K) From: 163128K(181760K)->173268K(180736K)
[5828.270s][info][gc,heap        ] GC(1856) ParOldGen: 4842789K(4843008K)->4951381K(4951552K)
[5828.270s][info][gc,metaspace   ] GC(1856) Metaspace: 29102K(29376K)->29102K(29376K) NonClass: 25999K(26112K)->25999K(26112K) Class: 3103K(3264K)->3103K(3264K)
[5828.270s][info][gc             ] GC(1856) Pause Young (Allocation Failure) 7264M->5004M(7384M) 109.081ms
[5828.270s][info][gc,cpu         ] GC(1856) User=0.60s Sys=0.05s Real=0.11s
.[5829.826s][info][gc,start       ] GC(1857) Pause Young (Allocation Failure)
[5829.925s][info][gc,heap        ] GC(1857) PSYoungGen: 2602708K(2610176K)->159936K(2612736K) Eden: 2429440K(2429440K)->0K(2429440K) From: 173268K(180736K)->159936K(183296K)
[5829.925s][info][gc,heap        ] GC(1857) ParOldGen: 4951381K(4951552K)->5051621K(5051904K)
[5829.925s][info][gc,metaspace   ] GC(1857) Metaspace: 29102K(29376K)->29102K(29376K) NonClass: 25999K(26112K)->25999K(26112K) Class: 3103K(3264K)->3103K(3264K)
[5829.925s][info][gc             ] GC(1857) Pause Young (Allocation Failure) 7377M->5089M(7485M) 98.870ms
[5829.925s][info][gc,cpu         ] GC(1857) User=0.54s Sys=0.04s Real=0.10s
..[5831.578s][info][gc,start       ] GC(1858) Pause Young (Allocation Failure)
[5831.674s][info][gc,heap        ] GC(1858) PSYoungGen: 2589376K(2612736K)->150560K(2611712K) Eden: 2429440K(2429440K)->0K(2430976K) From: 159936K(183296K)->150560K(180736K)
[5831.674s][info][gc,heap        ] GC(1858) ParOldGen: 5051621K(5051904K)->5158773K(5158912K)
[5831.674s][info][gc,metaspace   ] GC(1858) Metaspace: 29102K(29376K)->29102K(29376K) NonClass: 25999K(26112K)->25999K(26112K) Class: 3103K(3264K)->3103K(3264K)
[5831.674s][info][gc             ] GC(1858) Pause Young (Allocation Failure) 7461M->5184M(7588M) 96.853ms
[5831.674s][info][gc,cpu         ] GC(1858) User=0.54s Sys=0.02s Real=0.10s
..[5833.258s][info][gc,start       ] GC(1859) Pause Young (Allocation Failure)
[5833.356s][info][gc,heap        ] GC(1859) PSYoungGen: 2581536K(2611712K)->152992K(2612736K) Eden: 2430976K(2430976K)->0K(2430976K) From: 150560K(180736K)->152992K(181760K)
[5833.356s][info][gc,heap        ] GC(1859) ParOldGen: 5158773K(5158912K)->5260429K(5260800K)
[5833.356s][info][gc,metaspace   ] GC(1859) Metaspace: 29102K(29376K)->29102K(29376K) NonClass: 25999K(26112K)->25999K(26112K) Class: 3103K(3264K)->3103K(3264K)
[5833.356s][info][gc             ] GC(1859) Pause Young (Allocation Failure) 7558M->5286M(7689M) 97.929ms
[5833.356s][info][gc,cpu         ] GC(1859) User=0.54s Sys=0.03s Real=0.10s
.[5834.862s][info][gc,start       ] GC(1860) Pause Young (Allocation Failure)
[5834.964s][info][gc,heap        ] GC(1860) PSYoungGen: 2583968K(2612736K)->161716K(2611200K) Eden: 2430976K(2430976K)->0K(2433536K) From: 152992K(181760K)->161716K(177664K)
[5834.964s][info][gc,heap        ] GC(1860) ParOldGen: 5260429K(5260800K)->5369597K(5369856K)
[5834.964s][info][gc,metaspace   ] GC(1860) Metaspace: 29102K(29376K)->29102K(29376K) NonClass: 25999K(26112K)->25999K(26112K) Class: 3103K(3264K)->3103K(3264K)
[5834.964s][info][gc             ] GC(1860) Pause Young (Allocation Failure) 7660M->5401M(7794M) 102.313ms
[5834.964s][info][gc,cpu         ] GC(1860) User=0.58s Sys=0.02s Real=0.11s
..[5836.646s][info][gc,start       ] GC(1861) Pause Young (Allocation Failure)
[5836.746s][info][gc,heap        ] GC(1861) PSYoungGen: 2595252K(2611200K)->161088K(2612736K) Eden: 2433536K(2433536K)->0K(2433536K) From: 161716K(177664K)->161088K(179200K)
[5836.746s][info][gc,heap        ] GC(1861) ParOldGen: 5369597K(5369856K)->5470197K(5470208K)
[5836.746s][info][gc,metaspace   ] GC(1861) Metaspace: 29102K(29376K)->29102K(29376K) NonClass: 25999K(26112K)->25999K(26112K) Class: 3103K(3264K)->3103K(3264K)
[5836.746s][info][gc             ] GC(1861) Pause Young (Allocation Failure) 7778M->5499M(7893M) 99.752ms
[5836.746s][info][gc,cpu         ] GC(1861) User=0.56s Sys=0.02s Real=0.10s
..[5838.276s][info][gc,start       ] GC(1862) Pause Young (Allocation Failure)
[5838.376s][info][gc,heap        ] GC(1862) PSYoungGen: 2594624K(2612736K)->149856K(2616832K) Eden: 2433536K(2433536K)->0K(2439168K) From: 161088K(179200K)->149856K(177664K)
[5838.376s][info][gc,heap        ] GC(1862) ParOldGen: 5470197K(5470208K)->5580925K(5581312K)
[5838.376s][info][gc,metaspace   ] GC(1862) Metaspace: 29102K(29376K)->29102K(29376K) NonClass: 25999K(26112K)->25999K(26112K) Class: 3103K(3264K)->3103K(3264K)
[5838.376s][info][gc             ] GC(1862) Pause Young (Allocation Failure) 7875M->5596M(8006M) 100.769ms
[5838.376s][info][gc,cpu         ] GC(1862) User=0.57s Sys=0.03s Real=0.10s
.[5839.949s][info][gc,start       ] GC(1863) Pause Full (Allocation Failure)
[5839.949s][info][gc,phases,start] GC(1863) Marking Phase
[5840.279s][info][gc,phases      ] GC(1863) Marking Phase 329.872ms
[5840.279s][info][gc,phases,start] GC(1863) Summary Phase
[5840.279s][info][gc,phases      ] GC(1863) Summary Phase 0.117ms
[5840.279s][info][gc,phases,start] GC(1863) Forward
[5840.406s][info][gc,phases      ] GC(1863) Forward 126.342ms
[5840.406s][info][gc,phases,start] GC(1863) Adjust Pointers
[5840.624s][info][gc,phases      ] GC(1863) Adjust Pointers 217.755ms
[5840.624s][info][gc,phases,start] GC(1863) Compaction Phase
[5840.777s][info][gc,phases      ] GC(1863) Compaction Phase 153.298ms
[5840.779s][info][gc,phases,start] GC(1863) Post Compact
[5840.786s][info][gc,phases      ] GC(1863) Post Compact 7.063ms
[5840.905s][info][gc,heap        ] GC(1863) PSYoungGen: 2589024K(2616832K)->0K(2616832K) Eden: 2439168K(2439168K)->0K(2439168K) From: 149856K(177664K)->0K(177664K)
[5840.905s][info][gc,heap        ] GC(1863) ParOldGen: 5580925K(5581312K)->1638252K(2081280K)
[5840.905s][info][gc,metaspace   ] GC(1863) Metaspace: 29102K(29376K)->29102K(29376K) NonClass: 25999K(26112K)->25999K(26112K) Class: 3103K(3264K)->3103K(3264K)
[5840.905s][info][gc             ] GC(1863) Pause Full (Allocation Failure) 7978M->1599M(4588M) 956.454ms
[5840.905s][info][gc,cpu         ] GC(1863) User=4.54s Sys=0.12s Real=0.96s
..[5842.185s][info][gc,start       ] GC(1864) Pause Young (Allocation Failure)
[5842.255s][info][gc,heap        ] GC(1864) PSYoungGen: 2439168K(2616832K)->166741K(2616320K) Eden: 2439168K(2439168K)->0K(2438656K) From: 0K(177664K)->166741K(177664K)
[5842.255s][info][gc,heap        ] GC(1864) ParOldGen: 1638252K(2081280K)->1638252K(2081280K)
[5842.255s][info][gc,metaspace   ] GC(1864) Metaspace: 29102K(29376K)->29102K(29376K) NonClass: 25999K(26112K)->25999K(26112K) Class: 3103K(3264K)->3103K(3264K)
[5842.255s][info][gc             ] GC(1864) Pause Young (Allocation Failure) 3981M->1762M(4587M) 69.370ms
[5842.255s][info][gc,cpu         ] GC(1864) User=0.41s Sys=0.00s Real=0.07s
.[5843.501s][info][gc,start       ] GC(1865) Pause Young (Allocation Failure)
[5843.644s][info][gc,heap        ] GC(1865) PSYoungGen: 2605397K(2616320K)->167024K(2606080K) Eden: 2438656K(2438656K)->0K(2438656K) From: 166741K(177664K)->167024K(167424K)
[5843.644s][info][gc,heap        ] GC(1865) ParOldGen: 1638252K(2081280K)->1741292K(2081280K)
[5843.644s][info][gc,metaspace   ] GC(1865) Metaspace: 29102K(29376K)->29102K(29376K) NonClass: 25999K(26112K)->25999K(26112K) Class: 3103K(3264K)->3103K(3264K)
[5843.644s][info][gc             ] GC(1865) Pause Young (Allocation Failure) 4144M->1863M(4577M) 143.303ms
[5843.644s][info][gc,cpu         ] GC(1865) User=0.58s Sys=0.00s Real=0.15s
.[5845.022s][info][gc,start       ] GC(1866) Pause Young (Allocation Failure)
[5845.116s][info][gc,heap        ] GC(1866) PSYoungGen: 2605680K(2606080K)->159667K(2617856K) Eden: 2438656K(2438656K)->0K(2438144K) From: 167024K(167424K)->159667K(179712K)
[5845.116s][info][gc,heap        ] GC(1866) ParOldGen: 1741292K(2081280K)->1847436K(2081280K)
[5845.116s][info][gc,metaspace   ] GC(1866) Metaspace: 29102K(29376K)->29102K(29376K) NonClass: 25999K(26112K)->25999K(26112K) Class: 3103K(3264K)->3103K(3264K)
[5845.116s][info][gc             ] GC(1866) Pause Young (Allocation Failure) 4245M->1960M(4589M) 94.137ms
[5845.116s][info][gc,cpu         ] GC(1866) User=0.56s Sys=0.00s Real=0.10s
..[5846.714s][info][gc,start       ] GC(1867) Pause Young (Allocation Failure)
[5846.811s][info][gc,heap        ] GC(1867) PSYoungGen: 2597811K(2617856K)->168727K(2616320K) Eden: 2438144K(2438144K)->0K(2438144K) From: 159667K(179712K)->168727K(178176K)
[5846.811s][info][gc,heap        ] GC(1867) ParOldGen: 1847436K(2081280K)->1949652K(2081280K)
[5846.811s][info][gc,metaspace   ] GC(1867) Metaspace: 29102K(29376K)->29102K(29376K) NonClass: 25999K(26112K)->25999K(26112K) Class: 3103K(3264K)->3103K(3264K)
[5846.811s][info][gc             ] GC(1867) Pause Young (Allocation Failure) 4341M->2068M(4587M) 96.887ms
[5846.811s][info][gc,cpu         ] GC(1867) User=0.57s Sys=0.00s Real=0.09s
..[5848.344s][info][gc,start       ] GC(1868) Pause Young (Allocation Failure)
[5848.435s][info][gc,heap        ] GC(1868) PSYoungGen: 2606871K(2616320K)->148640K(2615808K) Eden: 2438144K(2438144K)->0K(2436608K) From: 168727K(178176K)->148640K(179200K)
[5848.435s][info][gc,heap        ] GC(1868) ParOldGen: 1949652K(2081280K)->2055180K(2081280K)
[5848.435s][info][gc,metaspace   ] GC(1868) Metaspace: 29102K(29376K)->29102K(29376K) NonClass: 25999K(26112K)->25999K(26112K) Class: 3103K(3264K)->3103K(3264K)
[5848.435s][info][gc             ] GC(1868) Pause Young (Allocation Failure) 4449M->2152M(4587M) 90.683ms
[5848.435s][info][gc,cpu         ] GC(1868) User=0.53s Sys=0.00s Real=0.09s
.[5850.110s][info][gc,start       ] GC(1869) Pause Young (Allocation Failure)
[5850.208s][info][gc,heap        ] GC(1869) PSYoungGen: 2585248K(2615808K)->160544K(2597376K) Eden: 2436608K(2436608K)->0K(2436608K) From: 148640K(179200K)->160544K(160768K)
[5850.208s][info][gc,heap        ] GC(1869) ParOldGen: 2055180K(2081280K)->2158596K(2159104K)
[5850.208s][info][gc,metaspace   ] GC(1869) Metaspace: 29102K(29376K)->29102K(29376K) NonClass: 25999K(26112K)->25999K(26112K) Class: 3103K(3264K)->3103K(3264K)
[5850.208s][info][gc             ] GC(1869) Pause Young (Allocation Failure) 4531M->2264M(4645M) 97.745ms
[5850.208s][info][gc,cpu         ] GC(1869) User=0.56s Sys=0.03s Real=0.10s
..[5851.885s][info][gc,start       ] GC(1870) Pause Young (Allocation Failure)
[5851.986s][info][gc,heap        ] GC(1870) PSYoungGen: 2597152K(2597376K)->160848K(2615808K) Eden: 2436608K(2436608K)->0K(2438144K) From: 160544K(160768K)->160848K(177664K)
[5851.986s][info][gc,heap        ] GC(1870) ParOldGen: 2158596K(2159104K)->2263756K(2264064K)
[5851.986s][info][gc,metaspace   ] GC(1870) Metaspace: 29102K(29376K)->29102K(29376K) NonClass: 25999K(26112K)->25999K(26112K) Class: 3103K(3264K)->3103K(3264K)
[5851.986s][info][gc             ] GC(1870) Pause Young (Allocation Failure) 4644M->2367M(4765M) 100.899ms
[5851.986s][info][gc,cpu         ] GC(1870) User=0.56s Sys=0.04s Real=0.10s
..[5853.577s][info][gc,start       ] GC(1871) Pause Young (Allocation Failure)
[5853.676s][info][gc,heap        ] GC(1871) PSYoungGen: 2598992K(2615808K)->157972K(2614784K) Eden: 2438144K(2438144K)->0K(2438144K) From: 160848K(177664K)->157972K(176640K)
[5853.676s][info][gc,heap        ] GC(1871) ParOldGen: 2263756K(2264064K)->2368052K(2368512K)
[5853.676s][info][gc,metaspace   ] GC(1871) Metaspace: 29102K(29376K)->29102K(29376K) NonClass: 25999K(26112K)->25999K(26112K) Class: 3103K(3264K)->3103K(3264K)
[5853.676s][info][gc             ] GC(1871) Pause Young (Allocation Failure) 4748M->2466M(4866M) 99.474ms
[5853.676s][info][gc,cpu         ] GC(1871) User=0.56s Sys=0.03s Real=0.10s
..[5855.315s][info][gc,start       ] GC(1872) Pause Young (Allocation Failure)
[5855.416s][info][gc,heap        ] GC(1872) PSYoungGen: 2596116K(2614784K)->163127K(2616832K) Eden: 2438144K(2438144K)->0K(2441728K) From: 157972K(176640K)->163127K(175104K)
[5855.416s][info][gc,heap        ] GC(1872) ParOldGen: 2368052K(2368512K)->2471804K(2471936K)
[5855.416s][info][gc,metaspace   ] GC(1872) Metaspace: 29102K(29376K)->29102K(29376K) NonClass: 25999K(26112K)->25999K(26112K) Class: 3103K(3264K)->3103K(3264K)
[5855.416s][info][gc             ] GC(1872) Pause Young (Allocation Failure) 4847M->2573M(4969M) 101.603ms
[5855.416s][info][gc,cpu         ] GC(1872) User=0.57s Sys=0.03s Real=0.10s
.[5856.978s][info][gc,start       ] GC(1873) Pause Young (Allocation Failure)
[5857.081s][info][gc,heap        ] GC(1873) PSYoungGen: 2604855K(2616832K)->165120K(2616832K) Eden: 2441728K(2441728K)->0K(2441728K) From: 163127K(175104K)->165120K(175104K)
[5857.081s][info][gc,heap        ] GC(1873) ParOldGen: 2471804K(2471936K)->2577340K(2577408K)
[5857.081s][info][gc,metaspace   ] GC(1873) Metaspace: 29102K(29376K)->29102K(29376K) NonClass: 25999K(26112K)->25999K(26112K) Class: 3103K(3264K)->3103K(3264K)
[5857.081s][info][gc             ] GC(1873) Pause Young (Allocation Failure) 4957M->2678M(5072M) 102.833ms
[5857.081s][info][gc,cpu         ] GC(1873) User=0.58s Sys=0.03s Real=0.10s
..[5858.664s][info][gc,start       ] GC(1874) Pause Young (Allocation Failure)
[5858.762s][info][gc,heap        ] GC(1874) PSYoungGen: 2606848K(2616832K)->158816K(2618880K) Eden: 2441728K(2441728K)->0K(2445824K) From: 165120K(175104K)->158816K(173056K)
[5858.762s][info][gc,heap        ] GC(1874) ParOldGen: 2577340K(2577408K)->2680884K(2681344K)
[5858.762s][info][gc,metaspace   ] GC(1874) Metaspace: 29102K(29376K)->29102K(29376K) NonClass: 25999K(26112K)->25999K(26112K) Class: 3103K(3264K)->3103K(3264K)
[5858.762s][info][gc             ] GC(1874) Pause Young (Allocation Failure) 5062M->2773M(5176M) 98.322ms
[5858.762s][info][gc,cpu         ] GC(1874) User=0.56s Sys=0.02s Real=0.09s
..[5860.382s][info][gc,start       ] GC(1875) Pause Young (Allocation Failure)
[5860.480s][info][gc,heap        ] GC(1875) PSYoungGen: 2604640K(2618880K)->153440K(2619904K) Eden: 2445824K(2445824K)->0K(2445824K) From: 158816K(173056K)->153440K(174080K)
[5860.480s][info][gc,heap        ] GC(1875) ParOldGen: 2680884K(2681344K)->2788156K(2788352K)
[5860.480s][info][gc,metaspace   ] GC(1875) Metaspace: 29102K(29376K)->29102K(29376K) NonClass: 25999K(26112K)->25999K(26112K) Class: 3103K(3264K)->3103K(3264K)
[5860.480s][info][gc             ] GC(1875) Pause Young (Allocation Failure) 5161M->2872M(5281M) 97.281ms
[5860.480s][info][gc,cpu         ] GC(1875) User=0.52s Sys=0.05s Real=0.10s
.[5862.082s][info][gc,start       ] GC(1876) Pause Young (Allocation Failure)
[5862.195s][info][gc,heap        ] GC(1876) PSYoungGen: 2599264K(2619904K)->174057K(2531840K) Eden: 2445824K(2445824K)->0K(2357760K) From: 153440K(174080K)->174057K(174080K)
[5862.195s][info][gc,heap        ] GC(1876) ParOldGen: 2788156K(2788352K)->2899156K(2899456K)
[5862.195s][info][gc,metaspace   ] GC(1876) Metaspace: 29102K(29376K)->29102K(29376K) NonClass: 25999K(26112K)->25999K(26112K) Class: 3103K(3264K)->3103K(3264K)
[5862.195s][info][gc             ] GC(1876) Pause Young (Allocation Failure) 5261M->3001M(5304M) 112.842ms
[5862.195s][info][gc,cpu         ] GC(1876) User=0.62s Sys=0.04s Real=0.12s
..[5863.853s][info][gc,start       ] GC(1877) Pause Young (Allocation Failure)
[5863.953s][info][gc,heap        ] GC(1877) PSYoungGen: 2531817K(2531840K)->169296K(2576896K) Eden: 2357760K(2357760K)->0K(2357760K) From: 174057K(174080K)->169296K(219136K)
[5863.953s][info][gc,heap        ] GC(1877) ParOldGen: 2899156K(2899456K)->2996068K(2996224K)
[5863.953s][info][gc,metaspace   ] GC(1877) Metaspace: 29102K(29376K)->29102K(29376K) NonClass: 25999K(26112K)->25999K(26112K) Class: 3103K(3264K)->3103K(3264K)
[5863.953s][info][gc             ] GC(1877) Pause Young (Allocation Failure) 5303M->3091M(5442M) 99.853ms
[5863.953s][info][gc,cpu         ] GC(1877) User=0.56s Sys=0.03s Real=0.10s
..[5865.387s][info][gc,start       ] GC(1878) Pause Young (Allocation Failure)
[5865.486s][info][gc,heap        ] GC(1878) PSYoungGen: 2527056K(2576896K)->151809K(2570752K) Eden: 2357760K(2357760K)->0K(2361856K) From: 169296K(219136K)->151809K(208896K)
[5865.486s][info][gc,heap        ] GC(1878) ParOldGen: 2996068K(2996224K)->3104756K(3104768K)
[5865.486s][info][gc,metaspace   ] GC(1878) Metaspace: 29102K(29376K)->29102K(29376K) NonClass: 25999K(26112K)->25999K(26112K) Class: 3103K(3264K)->3103K(3264K)
[5865.486s][info][gc             ] GC(1878) Pause Young (Allocation Failure) 5393M->3180M(5542M) 99.062ms
[5865.486s][info][gc,cpu         ] GC(1878) User=0.56s Sys=0.02s Real=0.10s
. (rIR:aIR:PR = 10101:10141:10141) (tPR = 151760) [OK] 
  5866s: Performance info:
         Transaction,    Success,    Partial,     Failed,   Receipts, AvgBarcode, 
             Overall,     613431,          0,          0,     583023,      59.48, 
         Response times:
             Request,    Success,    Partial,     Failed,   SkipFail,     Probes,    Samples,      min,      p50,      p90,      p95,      p99,      max, 
       TotalPurchase,     583026,          0,          0,          0,     346139,     424449,      300,     7500,    72000,   149000,   900000,  1100000,
     InStorePurchase,     304885,          0,          0,          0,     181823,     222650,      300,     7200,    72000,   151000,   900000,   960000,
      OnlinePurchase,     217052,          0,          0,          0,     127503,     156650,      300,     7700,    72000,   141000,   900000,   970000,
        InstPurchase,      61089,          0,          0,          0,      36813,      45149,      300,     7700,    74000,   148000,   980000,  1100000,
          AssocOfCat,        614,          0,          0,          0,        521,        736,    24000,    47000,   127300,   189150,  1163000,  1200000,
      AssocOfProduct,       6215,          0,          0,          0,       3298,       4291,      500,     7100,    72000,   172000,   332080,   481000,
      BusinessReport,       1525,          0,          0,          0,       1298,       1711,    28000,    57000,   148000,   218400,   840000,  1200000,
          CustBuyBeh,       6058,          0,          0,          0,       3370,       4233,      300,     5500,    64000,   151300,   358000,   471000,
       ProductReturn,      15995,          0,          0,          0,       9418,      11706,      200,     6500,    69000,   135000,   940000,   970000,

  5866s: (74%)   IR =  10239 [5866.997s][info][gc,start       ] GC(1879) Pause Young (Allocation Failure)
[5867.097s][info][gc,heap        ] GC(1879) PSYoungGen: 2513665K(2570752K)->164453K(2575872K) Eden: 2361856K(2361856K)->0K(2361856K) From: 151809K(208896K)->164453K(214016K)
[5867.097s][info][gc,heap        ] GC(1879) ParOldGen: 3104756K(3104768K)->3204404K(3204608K)
[5867.097s][info][gc,metaspace   ] GC(1879) Metaspace: 29102K(29376K)->29102K(29376K) NonClass: 25999K(26112K)->25999K(26112K) Class: 3103K(3264K)->3103K(3264K)
[5867.097s][info][gc             ] GC(1879) Pause Young (Allocation Failure) 5486M->3289M(5645M) 100.047ms
[5867.097s][info][gc,cpu         ] GC(1879) User=0.56s Sys=0.03s Real=0.10s
..[5868.592s][info][gc,start       ] GC(1880) Pause Young (Allocation Failure)
[5868.689s][info][gc,heap        ] GC(1880) PSYoungGen: 2526309K(2575872K)->155856K(2577408K) Eden: 2361856K(2361856K)->0K(2371584K) From: 164453K(214016K)->155856K(205824K)
[5868.689s][info][gc,heap        ] GC(1880) ParOldGen: 3204404K(3204608K)->3307756K(3308032K)
[5868.689s][info][gc,metaspace   ] GC(1880) Metaspace: 29102K(29376K)->29102K(29376K) NonClass: 25999K(26112K)->25999K(26112K) Class: 3103K(3264K)->3103K(3264K)
[5868.689s][info][gc             ] GC(1880) Pause Young (Allocation Failure) 5596M->3382M(5747M) 97.276ms
[5868.689s][info][gc,cpu         ] GC(1880) User=0.54s Sys=0.03s Real=0.10s
.[5870.210s][info][gc,start       ] GC(1881) Pause Young (Allocation Failure)
[5870.309s][info][gc,heap        ] GC(1881) PSYoungGen: 2527440K(2577408K)->156096K(2580480K) Eden: 2371584K(2371584K)->0K(2371584K) From: 155856K(205824K)->156096K(208896K)
[5870.309s][info][gc,heap        ] GC(1881) ParOldGen: 3307756K(3308032K)->3411620K(3411968K)
[5870.309s][info][gc,metaspace   ] GC(1881) Metaspace: 29102K(29376K)->29102K(29376K) NonClass: 25999K(26112K)->25999K(26112K) Class: 3103K(3264K)->3103K(3264K)
[5870.309s][info][gc             ] GC(1881) Pause Young (Allocation Failure) 5698M->3484M(5852M) 98.753ms
[5870.309s][info][gc,cpu         ] GC(1881) User=0.55s Sys=0.03s Real=0.10s
..|[5871.926s][info][gc,start       ] GC(1882) Pause Young (Allocation Failure)
[5872.020s][info][gc,heap        ] GC(1882) PSYoungGen: 2527680K(2580480K)->150368K(2584064K) Eden: 2371584K(2371584K)->0K(2380288K) From: 156096K(208896K)->150368K(203776K)
[5872.020s][info][gc,heap        ] GC(1882) ParOldGen: 3411620K(3411968K)->3517436K(3517440K)
[5872.020s][info][gc,metaspace   ] GC(1882) Metaspace: 29102K(29376K)->29102K(29376K) NonClass: 25999K(26112K)->25999K(26112K) Class: 3103K(3264K)->3103K(3264K)
[5872.020s][info][gc             ] GC(1882) Pause Young (Allocation Failure) 5800M->3581M(5958M) 94.731ms
[5872.021s][info][gc,cpu         ] GC(1882) User=0.53s Sys=0.03s Real=0.09s
..[5873.588s][info][gc,start       ] GC(1883) Pause Young (Allocation Failure)
[5873.687s][info][gc,heap        ] GC(1883) PSYoungGen: 2530656K(2584064K)->159408K(2586112K) Eden: 2380288K(2380288K)->0K(2380288K) From: 150368K(203776K)->159408K(205824K)
[5873.687s][info][gc,heap        ] GC(1883) ParOldGen: 3517436K(3517440K)->3618980K(3619328K)
[5873.687s][info][gc,metaspace   ] GC(1883) Metaspace: 29102K(29376K)->29102K(29376K) NonClass: 25999K(26112K)->25999K(26112K) Class: 3103K(3264K)->3103K(3264K)
[5873.687s][info][gc             ] GC(1883) Pause Young (Allocation Failure) 5906M->3689M(6060M) 98.644ms
[5873.687s][info][gc,cpu         ] GC(1883) User=0.56s Sys=0.03s Real=0.10s
.[5875.204s][info][gc,start       ] GC(1884) Pause Young (Allocation Failure)
[5875.296s][info][gc,heap        ] GC(1884) PSYoungGen: 2539696K(2586112K)->144320K(2589696K) Eden: 2380288K(2380288K)->0K(2386944K) From: 159408K(205824K)->144320K(202752K)
[5875.296s][info][gc,heap        ] GC(1884) ParOldGen: 3618980K(3619328K)->3719940K(3720192K)
[5875.296s][info][gc,metaspace   ] GC(1884) Metaspace: 29102K(29376K)->29102K(29376K) NonClass: 25999K(26112K)->25999K(26112K) Class: 3103K(3264K)->3103K(3264K)
[5875.296s][info][gc             ] GC(1884) Pause Young (Allocation Failure) 6014M->3773M(6162M) 91.929ms
[5875.296s][info][gc,cpu         ] GC(1884) User=0.52s Sys=0.02s Real=0.09s
..[5876.807s][info][gc,start       ] GC(1885) Pause Young (Allocation Failure)
[5876.912s][info][gc,heap        ] GC(1885) PSYoungGen: 2531264K(2589696K)->167696K(2589184K) Eden: 2386944K(2386944K)->0K(2386944K) From: 144320K(202752K)->167696K(202240K)
[5876.912s][info][gc,heap        ] GC(1885) ParOldGen: 3719940K(3720192K)->3823692K(3824128K)
[5876.912s][info][gc,metaspace   ] GC(1885) Metaspace: 29102K(29376K)->29102K(29376K) NonClass: 25999K(26112K)->25999K(26112K) Class: 3103K(3264K)->3103K(3264K)
[5876.912s][info][gc             ] GC(1885) Pause Young (Allocation Failure) 6104M->3897M(6263M) 105.112ms
[5876.912s][info][gc,cpu         ] GC(1885) User=0.59s Sys=0.03s Real=0.10s
.[5878.417s][info][gc,start       ] GC(1886) Pause Young (Allocation Failure)
[5878.517s][info][gc,heap        ] GC(1886) PSYoungGen: 2554640K(2589184K)->158848K(2590208K) Eden: 2386944K(2386944K)->0K(2393600K) From: 167696K(202240K)->158848K(196608K)
[5878.517s][info][gc,heap        ] GC(1886) ParOldGen: 3823692K(3824128K)->3926476K(3926528K)
[5878.517s][info][gc,metaspace   ] GC(1886) Metaspace: 29102K(29376K)->29102K(29376K) NonClass: 25999K(26112K)->25999K(26112K) Class: 3103K(3264K)->3103K(3264K)
[5878.517s][info][gc             ] GC(1886) Pause Young (Allocation Failure) 6228M->3989M(6364M) 99.355ms
[5878.517s][info][gc,cpu         ] GC(1886) User=0.55s Sys=0.03s Real=0.10s
..[5879.992s][info][gc,start       ] GC(1887) Pause Young (Allocation Failure)
[5880.096s][info][gc,heap        ] GC(1887) PSYoungGen: 2552448K(2590208K)->169611K(2590720K) Eden: 2393600K(2393600K)->0K(2393600K) From: 158848K(196608K)->169611K(197120K)
[5880.096s][info][gc,heap        ] GC(1887) ParOldGen: 3926476K(3926528K)->4029620K(4029952K)
[5880.096s][info][gc,metaspace   ] GC(1887) Metaspace: 29102K(29376K)->29102K(29376K) NonClass: 25999K(26112K)->25999K(26112K) Class: 3103K(3264K)->3103K(3264K)
[5880.096s][info][gc             ] GC(1887) Pause Young (Allocation Failure) 6327M->4100M(6465M) 104.157ms
[5880.097s][info][gc,cpu         ] GC(1887) User=0.59s Sys=0.02s Real=0.11s
..[5881.665s][info][gc,start       ] GC(1888) Pause Young (Allocation Failure)
[5881.771s][info][gc,heap        ] GC(1888) PSYoungGen: 2563211K(2590720K)->172549K(2598912K) Eden: 2393600K(2393600K)->0K(2402304K) From: 169611K(197120K)->172549K(196608K)
[5881.771s][info][gc,heap        ] GC(1888) ParOldGen: 4029620K(4029952K)->4132204K(4132352K)
[5881.771s][info][gc,metaspace   ] GC(1888) Metaspace: 29102K(29376K)->29102K(29376K) NonClass: 25999K(26112K)->25999K(26112K) Class: 3103K(3264K)->3103K(3264K)
[5881.771s][info][gc             ] GC(1888) Pause Young (Allocation Failure) 6438M->4203M(6573M) 105.387ms
[5881.771s][info][gc,cpu         ] GC(1888) User=0.59s Sys=0.04s Real=0.10s
.[5883.318s][info][gc,start       ] GC(1889) Pause Young (Allocation Failure)
[5883.415s][info][gc,heap        ] GC(1889) PSYoungGen: 2574853K(2598912K)->153669K(2556416K) Eden: 2402304K(2402304K)->0K(2402304K) From: 172549K(196608K)->153669K(154112K)
[5883.415s][info][gc,heap        ] GC(1889) ParOldGen: 4132204K(4132352K)->4237924K(4238336K)
[5883.415s][info][gc,metaspace   ] GC(1889) Metaspace: 29102K(29376K)->29102K(29376K) NonClass: 25999K(26112K)->25999K(26112K) Class: 3103K(3264K)->3103K(3264K)
[5883.415s][info][gc             ] GC(1889) Pause Young (Allocation Failure) 6549M->4288M(6635M) 97.772ms
[5883.415s][info][gc,cpu         ] GC(1889) User=0.55s Sys=0.02s Real=0.10s
..[5885.078s][info][gc,start       ] GC(1890) Pause Young (Allocation Failure)
[5885.177s][info][gc,heap        ] GC(1890) PSYoungGen: 2555973K(2556416K)->157888K(2599936K) Eden: 2402304K(2402304K)->0K(2404864K) From: 153669K(154112K)->157888K(195072K)
[5885.177s][info][gc,heap        ] GC(1890) ParOldGen: 4237924K(4238336K)->4341676K(4341760K)
[5885.177s][info][gc,metaspace   ] GC(1890) Metaspace: 29102K(29376K)->29102K(29376K) NonClass: 25999K(26112K)->25999K(26112K) Class: 3103K(3264K)->3103K(3264K)
[5885.177s][info][gc             ] GC(1890) Pause Young (Allocation Failure) 6634M->4394M(6779M) 99.455ms
[5885.177s][info][gc,cpu         ] GC(1890) User=0.54s Sys=0.04s Real=0.10s
..[5886.730s][info][gc,start       ] GC(1891) Pause Young (Allocation Failure)
[5886.837s][info][gc,heap        ] GC(1891) PSYoungGen: 2562752K(2599936K)->168697K(2597888K) Eden: 2404864K(2404864K)->0K(2404864K) From: 157888K(195072K)->168697K(193024K)
[5886.837s][info][gc,heap        ] GC(1891) ParOldGen: 4341676K(4341760K)->4446332K(4446720K)
[5886.837s][info][gc,metaspace   ] GC(1891) Metaspace: 29102K(29376K)->29102K(29376K) NonClass: 25999K(26112K)->25999K(26112K) Class: 3103K(3264K)->3103K(3264K)
[5886.837s][info][gc             ] GC(1891) Pause Young (Allocation Failure) 6742M->4506M(6879M) 107.081ms
[5886.837s][info][gc,cpu         ] GC(1891) User=0.59s Sys=0.04s Real=0.11s
.[5888.373s][info][gc,start       ] GC(1892) Pause Young (Allocation Failure)
[5888.470s][info][gc,heap        ] GC(1892) PSYoungGen: 2573561K(2597888K)->149696K(2600448K) Eden: 2404864K(2404864K)->0K(2408448K) From: 168697K(193024K)->149696K(192000K)
[5888.471s][info][gc,heap        ] GC(1892) ParOldGen: 4446332K(4446720K)->4550156K(4550656K)
[5888.471s][info][gc,metaspace   ] GC(1892) Metaspace: 29102K(29376K)->29102K(29376K) NonClass: 25999K(26112K)->25999K(26112K) Class: 3103K(3264K)->3103K(3264K)
[5888.471s][info][gc             ] GC(1892) Pause Young (Allocation Failure) 6855M->4589M(6983M) 97.165ms
[5888.471s][info][gc,cpu         ] GC(1892) User=0.54s Sys=0.03s Real=0.09s
..[5890.050s][info][gc,start       ] GC(1893) Pause Young (Allocation Failure)
[5890.149s][info][gc,heap        ] GC(1893) PSYoungGen: 2558144K(2600448K)->161792K(2599936K) Eden: 2408448K(2408448K)->0K(2408448K) From: 149696K(192000K)->161792K(191488K)
[5890.149s][info][gc,heap        ] GC(1893) ParOldGen: 4550156K(4550656K)->4651460K(4651520K)
[5890.149s][info][gc,metaspace   ] GC(1893) Metaspace: 29102K(29376K)->29102K(29376K) NonClass: 25999K(26112K)->25999K(26112K) Class: 3103K(3264K)->3103K(3264K)
[5890.149s][info][gc             ] GC(1893) Pause Young (Allocation Failure) 6941M->4700M(7081M) 99.051ms
[5890.149s][info][gc,cpu         ] GC(1893) User=0.56s Sys=0.03s Real=0.10s
..[5891.704s][info][gc,start       ] GC(1894) Pause Young (Allocation Failure)
[5891.807s][info][gc,heap        ] GC(1894) PSYoungGen: 2570240K(2599936K)->157312K(2602496K) Eden: 2408448K(2408448K)->0K(2414080K) From: 161792K(191488K)->157312K(188416K)
[5891.807s][info][gc,heap        ] GC(1894) ParOldGen: 4651460K(4651520K)->4758228K(4758528K)
[5891.807s][info][gc,metaspace   ] GC(1894) Metaspace: 29102K(29376K)->29102K(29376K) NonClass: 25999K(26112K)->25999K(26112K) Class: 3103K(3264K)->3103K(3264K)
[5891.807s][info][gc             ] GC(1894) Pause Young (Allocation Failure) 7052M->4800M(7188M) 103.296ms
[5891.808s][info][gc,cpu         ] GC(1894) User=0.57s Sys=0.04s Real=0.10s
.[5893.383s][info][gc,start       ] GC(1895) Pause Young (Allocation Failure)
[5893.484s][info][gc,heap        ] GC(1895) PSYoungGen: 2571392K(2602496K)->156672K(2600960K) Eden: 2414080K(2414080K)->0K(2414080K) From: 157312K(188416K)->156672K(186880K)
[5893.484s][info][gc,heap        ] GC(1895) ParOldGen: 4758228K(4758528K)->4861180K(4861440K)
[5893.484s][info][gc,metaspace   ] GC(1895) Metaspace: 29102K(29376K)->29102K(29376K) NonClass: 25999K(26112K)->25999K(26112K) Class: 3103K(3264K)->3103K(3264K)
[5893.484s][info][gc             ] GC(1895) Pause Young (Allocation Failure) 7157M->4900M(7287M) 100.878ms
[5893.484s][info][gc,cpu         ] GC(1895) User=0.56s Sys=0.03s Real=0.11s
..[5895.056s][info][gc,start       ] GC(1896) Pause Young (Allocation Failure)
[5895.158s][info][gc,heap        ] GC(1896) PSYoungGen: 2570752K(2600960K)->164032K(2607616K) Eden: 2414080K(2414080K)->0K(2422272K) From: 156672K(186880K)->164032K(185344K)
[5895.158s][info][gc,heap        ] GC(1896) ParOldGen: 4861180K(4861440K)->4963684K(4963840K)
[5895.158s][info][gc,metaspace   ] GC(1896) Metaspace: 29102K(29376K)->29102K(29376K) NonClass: 25999K(26112K)->25999K(26112K) Class: 3103K(3264K)->3103K(3264K)
[5895.158s][info][gc             ] GC(1896) Pause Young (Allocation Failure) 7257M->5007M(7394M) 101.348ms
[5895.158s][info][gc,cpu         ] GC(1896) User=0.57s Sys=0.02s Real=0.10s
..[5896.661s][info][gc,start       ] GC(1897) Pause Young (Allocation Failure)
[5896.762s][info][gc,heap        ] GC(1897) PSYoungGen: 2586304K(2607616K)->161120K(2606080K) Eden: 2422272K(2422272K)->0K(2422272K) From: 164032K(185344K)->161120K(183808K)
[5896.762s][info][gc,heap        ] GC(1897) ParOldGen: 4963684K(4963840K)->5068332K(5068800K)
[5896.762s][info][gc,metaspace   ] GC(1897) Metaspace: 29102K(29376K)->29102K(29376K) NonClass: 25999K(26112K)->25999K(26112K) Class: 3103K(3264K)->3103K(3264K)
[5896.762s][info][gc             ] GC(1897) Pause Young (Allocation Failure) 7373M->5106M(7495M) 100.580ms
[5896.762s][info][gc,cpu         ] GC(1897) User=0.56s Sys=0.03s Real=0.10s
.[5898.336s][info][gc,start       ] GC(1898) Pause Young (Allocation Failure)
[5898.433s][info][gc,heap        ] GC(1898) PSYoungGen: 2583392K(2606080K)->148192K(2608640K) Eden: 2422272K(2422272K)->0K(2426880K) From: 161120K(183808K)->148192K(181760K)
[5898.433s][info][gc,heap        ] GC(1898) ParOldGen: 5068332K(5068800K)->5172588K(5172736K)
[5898.433s][info][gc,metaspace   ] GC(1898) Metaspace: 29103K(29376K)->29103K(29376K) NonClass: 25999K(26112K)->25999K(26112K) Class: 3103K(3264K)->3103K(3264K)
[5898.433s][info][gc             ] GC(1898) Pause Young (Allocation Failure) 7472M->5196M(7599M) 96.914ms
[5898.433s][info][gc,cpu         ] GC(1898) User=0.54s Sys=0.03s Real=0.09s
..[5900.022s][info][gc,start       ] GC(1899) Pause Young (Allocation Failure)
[5900.127s][info][gc,heap        ] GC(1899) PSYoungGen: 2575072K(2608640K)->164036K(2608640K) Eden: 2426880K(2426880K)->0K(2426880K) From: 148192K(181760K)->164036K(181760K)
[5900.127s][info][gc,heap        ] GC(1899) ParOldGen: 5172588K(5172736K)->5276908K(5277184K)
[5900.127s][info][gc,metaspace   ] GC(1899) Metaspace: 29103K(29376K)->29103K(29376K) NonClass: 25999K(26112K)->25999K(26112K) Class: 3103K(3264K)->3103K(3264K)
[5900.127s][info][gc             ] GC(1899) Pause Young (Allocation Failure) 7566M->5313M(7701M) 104.955ms
[5900.127s][info][gc,cpu         ] GC(1899) User=0.58s Sys=0.04s Real=0.11s
..[5901.736s][info][gc,start       ] GC(1900) Pause Young (Allocation Failure)
[5901.837s][info][gc,heap        ] GC(1900) PSYoungGen: 2590916K(2608640K)->161760K(2611712K) Eden: 2426880K(2426880K)->0K(2433024K) From: 164036K(181760K)->161760K(178688K)
[5901.837s][info][gc,heap        ] GC(1900) ParOldGen: 5276908K(5277184K)->5379588K(5380096K)
[5901.837s][info][gc,metaspace   ] GC(1900) Metaspace: 29103K(29376K)->29103K(29376K) NonClass: 25999K(26112K)->25999K(26112K) Class: 3103K(3264K)->3103K(3264K)
[5901.837s][info][gc             ] GC(1900) Pause Young (Allocation Failure) 7683M->5411M(7804M) 101.063ms
[5901.838s][info][gc,cpu         ] GC(1900) User=0.57s Sys=0.02s Real=0.10s
.[5903.454s][info][gc,start       ] GC(1901) Pause Young (Allocation Failure)
[5903.555s][info][gc,heap        ] GC(1901) PSYoungGen: 2594784K(2611712K)->150400K(2612736K) Eden: 2433024K(2433024K)->0K(2433024K) From: 161760K(178688K)->150400K(179712K)
[5903.555s][info][gc,heap        ] GC(1901) ParOldGen: 5379588K(5380096K)->5486644K(5487104K)
[5903.555s][info][gc,metaspace   ] GC(1901) Metaspace: 29103K(29376K)->29103K(29376K) NonClass: 25999K(26112K)->25999K(26112K) Class: 3103K(3264K)->3103K(3264K)
[5903.555s][info][gc             ] GC(1901) Pause Young (Allocation Failure) 7787M->5504M(7910M) 100.691ms
[5903.555s][info][gc,cpu         ] GC(1901) User=0.57s Sys=0.02s Real=0.10s
..[5905.085s][info][gc,start       ] GC(1902) Pause Full (Allocation Failure)
[5905.085s][info][gc,phases,start] GC(1902) Marking Phase
[5905.414s][info][gc,phases      ] GC(1902) Marking Phase 328.486ms
[5905.414s][info][gc,phases,start] GC(1902) Summary Phase
[5905.414s][info][gc,phases      ] GC(1902) Summary Phase 0.109ms
[5905.414s][info][gc,phases,start] GC(1902) Forward
[5905.541s][info][gc,phases      ] GC(1902) Forward 126.616ms
[5905.541s][info][gc,phases,start] GC(1902) Adjust Pointers
[5905.760s][info][gc,phases      ] GC(1902) Adjust Pointers 218.895ms
[5905.760s][info][gc,phases,start] GC(1902) Compaction Phase
[5905.914s][info][gc,phases      ] GC(1902) Compaction Phase 154.563ms
[5905.915s][info][gc,phases,start] GC(1902) Post Compact
[5905.922s][info][gc,phases      ] GC(1902) Post Compact 6.969ms
[5906.040s][info][gc,heap        ] GC(1902) PSYoungGen: 2583424K(2612736K)->0K(2616320K) Eden: 2433024K(2433024K)->0K(2436608K) From: 150400K(179712K)->0K(179712K)
[5906.040s][info][gc,heap        ] GC(1902) ParOldGen: 5486644K(5487104K)->1639200K(2087936K)
[5906.040s][info][gc,metaspace   ] GC(1902) Metaspace: 29103K(29376K)->29103K(29376K) NonClass: 25999K(26112K)->25999K(26112K) Class: 3103K(3264K)->3103K(3264K)
[5906.040s][info][gc             ] GC(1902) Pause Full (Allocation Failure) 7880M->1600M(4594M) 954.721ms
[5906.040s][info][gc,cpu         ] GC(1902) User=4.56s Sys=0.11s Real=0.95s
..[5907.287s][info][gc,start       ] GC(1903) Pause Young (Allocation Failure)
[5907.353s][info][gc,heap        ] GC(1903) PSYoungGen: 2436608K(2616320K)->158133K(2594816K) Eden: 2436608K(2436608K)->0K(2436608K) From: 0K(179712K)->158133K(158208K)
[5907.353s][info][gc,heap        ] GC(1903) ParOldGen: 1639200K(2087936K)->1639200K(2087936K)
[5907.353s][info][gc,metaspace   ] GC(1903) Metaspace: 29103K(29376K)->29103K(29376K) NonClass: 25999K(26112K)->25999K(26112K) Class: 3103K(3264K)->3103K(3264K)
[5907.353s][info][gc             ] GC(1903) Pause Young (Allocation Failure) 3980M->1755M(4573M) 65.965ms
[5907.353s][info][gc,cpu         ] GC(1903) User=0.39s Sys=0.00s Real=0.07s
.[5908.682s][info][gc,start       ] GC(1904) Pause Young (Allocation Failure)
[5908.776s][info][gc,heap        ] GC(1904) PSYoungGen: 2594741K(2594816K)->161941K(2615296K) Eden: 2436608K(2436608K)->0K(2437632K) From: 158133K(158208K)->161941K(177664K)
[5908.776s][info][gc,heap        ] GC(1904) ParOldGen: 1639200K(2087936K)->1741736K(2087936K)
[5908.776s][info][gc,metaspace   ] GC(1904) Metaspace: 29103K(29376K)->29103K(29376K) NonClass: 25999K(26112K)->25999K(26112K) Class: 3103K(3264K)->3103K(3264K)
[5908.777s][info][gc             ] GC(1904) Pause Young (Allocation Failure) 4134M->1859M(4593M) 94.714ms
[5908.777s][info][gc,cpu         ] GC(1904) User=0.56s Sys=0.00s Real=0.10s
.[5910.211s][info][gc,start       ] GC(1905) Pause Young (Allocation Failure)
[5910.305s][info][gc,heap        ] GC(1905) PSYoungGen: 2599573K(2615296K)->154336K(2614272K) Eden: 2437632K(2437632K)->0K(2437632K) From: 161941K(177664K)->154336K(176640K)
[5910.305s][info][gc,heap        ] GC(1905) ParOldGen: 1741736K(2087936K)->1847280K(2087936K)
[5910.305s][info][gc,metaspace   ] GC(1905) Metaspace: 29103K(29376K)->29103K(29376K) NonClass: 25999K(26112K)->25999K(26112K) Class: 3103K(3264K)->3103K(3264K)
[5910.305s][info][gc             ] GC(1905) Pause Young (Allocation Failure) 4239M->1954M(4592M) 93.465ms
[5910.305s][info][gc,cpu         ] GC(1905) User=0.56s Sys=0.00s Real=0.10s
..[5911.847s][info][gc,start       ] GC(1906) Pause Young (Allocation Failure)
[5911.943s][info][gc,heap        ] GC(1906) PSYoungGen: 2591968K(2614272K)->167696K(2616320K) Eden: 2437632K(2437632K)->0K(2440192K) From: 154336K(176640K)->167696K(176128K)
[5911.944s][info][gc,heap        ] GC(1906) ParOldGen: 1847280K(2087936K)->1949944K(2087936K)
[5911.944s][info][gc,metaspace   ] GC(1906) Metaspace: 29103K(29376K)->29103K(29376K) NonClass: 25999K(26112K)->25999K(26112K) Class: 3103K(3264K)->3103K(3264K)
[5911.944s][info][gc             ] GC(1906) Pause Young (Allocation Failure) 4335M->2068M(4594M) 96.762ms
[5911.944s][info][gc,cpu         ] GC(1906) User=0.57s Sys=0.00s Real=0.10s
..[5913.529s][info][gc,start       ] GC(1907) Pause Young (Allocation Failure)
[5913.625s][info][gc,heap        ] GC(1907) PSYoungGen: 2607888K(2616320K)->160640K(2617856K) Eden: 2440192K(2440192K)->0K(2440192K) From: 167696K(176128K)->160640K(177664K)
[5913.625s][info][gc,heap        ] GC(1907) ParOldGen: 1949944K(2087936K)->2058328K(2087936K)
[5913.625s][info][gc,metaspace   ] GC(1907) Metaspace: 29103K(29376K)->29103K(29376K) NonClass: 25999K(26112K)->25999K(26112K) Class: 3103K(3264K)->3103K(3264K)
[5913.625s][info][gc             ] GC(1907) Pause Young (Allocation Failure) 4451M->2166M(4595M) 96.493ms
[5913.625s][info][gc,cpu         ] GC(1907) User=0.57s Sys=0.01s Real=0.10s
.[5915.254s][info][gc,start       ] GC(1908) Pause Young (Allocation Failure)
[5915.346s][info][gc,heap        ] GC(1908) PSYoungGen: 2600832K(2617856K)->145440K(2617344K) Eden: 2440192K(2440192K)->0K(2441216K) From: 160640K(177664K)->145440K(176128K)
[5915.346s][info][gc,heap        ] GC(1908) ParOldGen: 2058328K(2087936K)->2160968K(2161152K)
[5915.346s][info][gc,metaspace   ] GC(1908) Metaspace: 29103K(29376K)->29103K(29376K) NonClass: 25999K(26112K)->25999K(26112K) Class: 3103K(3264K)->3103K(3264K)
[5915.346s][info][gc             ] GC(1908) Pause Young (Allocation Failure) 4549M->2252M(4666M) 91.561ms
[5915.346s][info][gc,cpu         ] GC(1908) User=0.51s Sys=0.03s Real=0.09s
..[5916.963s][info][gc,start       ] GC(1909) Pause Young (Allocation Failure)
[5917.063s][info][gc,heap        ] GC(1909) PSYoungGen: 2586656K(2617344K)->163776K(2618368K) Eden: 2441216K(2441216K)->0K(2441216K) From: 145440K(176128K)->163776K(177152K)
[5917.063s][info][gc,heap        ] GC(1909) ParOldGen: 2160968K(2161152K)->2262536K(2263040K)
[5917.063s][info][gc,metaspace   ] GC(1909) Metaspace: 29103K(29376K)->29103K(29376K) NonClass: 25999K(26112K)->25999K(26112K) Class: 3103K(3264K)->3103K(3264K)
[5917.063s][info][gc             ] GC(1909) Pause Young (Allocation Failure) 4636M->2369M(4767M) 99.639ms
[5917.063s][info][gc,cpu         ] GC(1909) User=0.56s Sys=0.03s Real=0.10s
..[5918.559s][info][gc,start       ] GC(1910) Pause Young (Allocation Failure)
[5918.655s][info][gc,heap        ] GC(1910) PSYoungGen: 2604992K(2618368K)->150116K(2617856K) Eden: 2441216K(2441216K)->0K(2441728K) From: 163776K(177152K)->150116K(176128K)
[5918.655s][info][gc,heap        ] GC(1910) ParOldGen: 2262536K(2263040K)->2372120K(2372608K)
[5918.655s][info][gc,metaspace   ] GC(1910) Metaspace: 29103K(29376K)->29103K(29376K) NonClass: 25999K(26112K)->25999K(26112K) Class: 3103K(3264K)->3103K(3264K)
[5918.655s][info][gc             ] GC(1910) Pause Young (Allocation Failure) 4753M->2463M(4873M) 95.823ms
[5918.655s][info][gc,cpu         ] GC(1910) User=0.53s Sys=0.03s Real=0.10s
.[5920.249s][info][gc,start       ] GC(1911) Pause Young (Allocation Failure)
[5920.348s][info][gc,heap        ] GC(1911) PSYoungGen: 2591844K(2617856K)->165637K(2618368K) Eden: 2441728K(2441728K)->0K(2441728K) From: 150116K(176128K)->165637K(176640K)
[5920.348s][info][gc,heap        ] GC(1911) ParOldGen: 2372120K(2372608K)->2468568K(2468864K)
[5920.348s][info][gc,metaspace   ] GC(1911) Metaspace: 29103K(29376K)->29103K(29376K) NonClass: 25999K(26112K)->25999K(26112K) Class: 3103K(3264K)->3103K(3264K)
[5920.348s][info][gc             ] GC(1911) Pause Young (Allocation Failure) 4847M->2572M(4968M) 98.635ms
[5920.348s][info][gc,cpu         ] GC(1911) User=0.54s Sys=0.03s Real=0.10s
..[5921.975s][info][gc,start       ] GC(1912) Pause Young (Allocation Failure)
[5922.078s][info][gc,heap        ] GC(1912) PSYoungGen: 2607365K(2618368K)->169445K(2614272K) Eden: 2441728K(2441728K)->0K(2436608K) From: 165637K(176640K)->169445K(177664K)
[5922.078s][info][gc,heap        ] GC(1912) ParOldGen: 2468568K(2468864K)->2577720K(2577920K)
[5922.078s][info][gc,metaspace   ] GC(1912) Metaspace: 29103K(29376K)->29103K(29376K) NonClass: 25999K(26112K)->25999K(26112K) Class: 3103K(3264K)->3103K(3264K)
[5922.078s][info][gc             ] GC(1912) Pause Young (Allocation Failure) 4956M->2682M(5070M) 103.178ms
[5922.078s][info][gc,cpu         ] GC(1912) User=0.57s Sys=0.03s Real=0.10s
..[5923.682s][info][gc,start       ] GC(1913) Pause Young (Allocation Failure)
[5923.782s][info][gc,heap        ] GC(1913) PSYoungGen: 2606053K(2614272K)->163481K(2616320K) Eden: 2436608K(2436608K)->0K(2436608K) From: 169445K(177664K)->163481K(179712K)
[5923.782s][info][gc,heap        ] GC(1913) ParOldGen: 2577720K(2577920K)->2680344K(2680832K)
[5923.782s][info][gc,metaspace   ] GC(1913) Metaspace: 29103K(29376K)->29103K(29376K) NonClass: 25999K(26112K)->25999K(26112K) Class: 3103K(3264K)->3103K(3264K)
[5923.782s][info][gc             ] GC(1913) Pause Young (Allocation Failure) 5062M->2777M(5173M) 99.692ms
[5923.782s][info][gc,cpu         ] GC(1913) User=0.55s Sys=0.03s Real=0.10s
..[5925.443s][info][gc,start       ] GC(1914) Pause Young (Allocation Failure)
[5925.537s][info][gc,heap        ] GC(1914) PSYoungGen: 2600089K(2616320K)->152416K(2614784K) Eden: 2436608K(2436608K)->0K(2437120K) From: 163481K(179712K)->152416K(177664K)
[5925.537s][info][gc,heap        ] GC(1914) ParOldGen: 2680344K(2680832K)->2786008K(2786304K)
[5925.537s][info][gc,metaspace   ] GC(1914) Metaspace: 29103K(29376K)->29103K(29376K) NonClass: 25999K(26112K)->25999K(26112K) Class: 3103K(3264K)->3103K(3264K)
[5925.537s][info][gc             ] GC(1914) Pause Young (Allocation Failure) 5156M->2869M(5274M) 94.453ms
[5925.537s][info][gc,cpu         ] GC(1914) User=0.53s Sys=0.03s Real=0.10s
.[5927.071s][info][gc,start       ] GC(1915) Pause Young (Allocation Failure)
[5927.175s][info][gc,heap        ] GC(1915) PSYoungGen: 2589536K(2614784K)->169248K(2615808K) Eden: 2437120K(2437120K)->0K(2437120K) From: 152416K(177664K)->169248K(178688K)
[5927.175s][info][gc,heap        ] GC(1915) ParOldGen: 2786008K(2786304K)->2892936K(2893312K)
[5927.175s][info][gc,metaspace   ] GC(1915) Metaspace: 29103K(29376K)->29103K(29376K) NonClass: 25999K(26112K)->25999K(26112K) Class: 3103K(3264K)->3103K(3264K)
[5927.175s][info][gc             ] GC(1915) Pause Young (Allocation Failure) 5249M->2990M(5380M) 104.680ms
[5927.176s][info][gc,cpu         ] GC(1915) User=0.59s Sys=0.03s Real=0.11s
..[5928.668s][info][gc,start       ] GC(1916) Pause Young (Allocation Failure)
[5928.767s][info][gc,heap        ] GC(1916) PSYoungGen: 2606368K(2615808K)->157824K(2615808K) Eden: 2437120K(2437120K)->0K(2437120K) From: 169248K(178688K)->157824K(178688K)
[5928.767s][info][gc,heap        ] GC(1916) ParOldGen: 2892936K(2893312K)->2996384K(2996736K)
[5928.767s][info][gc,metaspace   ] GC(1916) Metaspace: 29103K(29376K)->29103K(29376K) NonClass: 25999K(26112K)->25999K(26112K) Class: 3103K(3264K)->3103K(3264K)
[5928.767s][info][gc             ] GC(1916) Pause Young (Allocation Failure) 5370M->3080M(5481M) 99.062ms
[5928.767s][info][gc,cpu         ] GC(1916) User=0.55s Sys=0.03s Real=0.10s
.[5930.344s][info][gc,start       ] GC(1917) Pause Young (Allocation Failure)
[5930.443s][info][gc,heap        ] GC(1917) PSYoungGen: 2594944K(2615808K)->158596K(2615808K) Eden: 2437120K(2437120K)->0K(2437120K) From: 157824K(178688K)->158596K(178688K)
[5930.443s][info][gc,heap        ] GC(1917) ParOldGen: 2996384K(2996736K)->3098464K(3098624K)
[5930.443s][info][gc,metaspace   ] GC(1917) Metaspace: 29103K(29376K)->29103K(29376K) NonClass: 25999K(26112K)->25999K(26112K) Class: 3103K(3264K)->3103K(3264K)
[5930.443s][info][gc             ] GC(1917) Pause Young (Allocation Failure) 5460M->3180M(5580M) 98.831ms
[5930.443s][info][gc,cpu         ] GC(1917) User=0.55s Sys=0.03s Real=0.09s
.. (rIR:aIR:PR = 10239:10203:10204) (tPR = 150736) [OK] 
  5931s: Performance info:
         Transaction,    Success,    Partial,     Failed,   Receipts, AvgBarcode, 
             Overall,     613964,          0,          0,     582927,      59.47, 
         Response times:
             Request,    Success,    Partial,     Failed,   SkipFail,     Probes,    Samples,      min,      p50,      p90,      p95,      p99,      max, 
       TotalPurchase,     583024,          0,          0,          0,     345005,     392212,      300,     7600,    77000,   145000,   441000,  1000000,
     InStorePurchase,     307811,          0,          0,          0,     182151,     206857,      300,     7400,    74000,   125000,   386000,  1000000,
      OnlinePurchase,     213567,          0,          0,          0,     126759,     144103,      300,     7600,    82000,   196000,   441000,   980000,
        InstPurchase,      61646,          0,          0,          0,      36095,      41252,      400,     8200,    87000,   147000,   335000,   578000,
          AssocOfCat,        621,          0,          0,          0,        506,        635,    25000,    49000,   153000,   198200,   405640,   409000,
      AssocOfProduct,       6174,          0,          0,          0,       3418,       4088,      600,     7900,    81100,   169750,   313220,   542000,
      BusinessReport,       1536,          0,          0,          0,       1343,       1632,    29000,    56000,   148700,   257100,   630000,  1100000,
          CustBuyBeh,       6124,          0,          0,          0,       3373,       3978,      200,     7600,    78000,   204000,   339680,   542000,
       ProductReturn,      16463,          0,          0,          0,       9536,      10915,      100,     7600,    82000,   202000,   499000,   580000,

  5931s: (75%)   IR =  10378 [5932.060s][info][gc,start       ] GC(1918) Pause Young (Allocation Failure)
[5932.164s][info][gc,heap        ] GC(1918) PSYoungGen: 2595716K(2615808K)->171716K(2613248K) Eden: 2437120K(2437120K)->0K(2436096K) From: 158596K(178688K)->171716K(177152K)
[5932.164s][info][gc,heap        ] GC(1918) ParOldGen: 3098464K(3098624K)->3202424K(3202560K)
[5932.164s][info][gc,metaspace   ] GC(1918) Metaspace: 29103K(29376K)->29103K(29376K) NonClass: 25999K(26112K)->25999K(26112K) Class: 3103K(3264K)->3103K(3264K)
[5932.164s][info][gc             ] GC(1918) Pause Young (Allocation Failure) 5560M->3295M(5679M) 104.405ms
[5932.165s][info][gc,cpu         ] GC(1918) User=0.58s Sys=0.03s Real=0.11s
.[5933.372s][info][gc,start       ] GC(1919) Pause Full (Diagnostic Command)
[5933.372s][info][gc,phases,start] GC(1919) Marking Phase
[5933.689s][info][gc,phases      ] GC(1919) Marking Phase 317.436ms
[5933.689s][info][gc,phases,start] GC(1919) Summary Phase
[5933.689s][info][gc,phases      ] GC(1919) Summary Phase 0.071ms
[5933.689s][info][gc,phases,start] GC(1919) Forward
[5933.851s][info][gc,phases      ] GC(1919) Forward 161.523ms
[5933.851s][info][gc,phases,start] GC(1919) Adjust Pointers
[5934.074s][info][gc,phases      ] GC(1919) Adjust Pointers 222.945ms
[5934.074s][info][gc,phases,start] GC(1919) Compaction Phase
[5934.253s][info][gc,phases      ] GC(1919) Compaction Phase 179.209ms
[5934.255s][info][gc,phases,start] GC(1919) Post Compact
[5934.260s][info][gc,phases      ] GC(1919) Post Compact 4.535ms
[5934.260s][info][gc,heap        ] GC(1919) PSYoungGen: 2070310K(2613248K)->0K(2613248K) Eden: 1898593K(2436096K)->0K(2436096K) From: 171716K(177152K)->0K(177152K)
[5934.260s][info][gc,heap        ] GC(1919) ParOldGen: 3202424K(3202560K)->1341183K(3202560K)
[5934.260s][info][gc,metaspace   ] GC(1919) Metaspace: 29103K(29376K)->29103K(29376K) NonClass: 25999K(26112K)->25999K(26112K) Class: 3103K(3264K)->3103K(3264K)
[5934.260s][info][gc             ] GC(1919) Pause Full (Diagnostic Command) 5149M->1309M(5679M) 888.078ms
[5934.260s][info][gc,cpu         ] GC(1919) User=4.80s Sys=0.00s Real=0.89s
..[5935.458s][info][gc,start       ] GC(1920) Pause Young (Allocation Failure)
[5935.524s][info][gc,heap        ] GC(1920) PSYoungGen: 2436096K(2613248K)->164020K(2615808K) Eden: 2436096K(2436096K)->0K(2436096K) From: 0K(177152K)->164020K(179712K)
[5935.524s][info][gc,heap        ] GC(1920) ParOldGen: 1341183K(3202560K)->1341183K(3202560K)
[5935.524s][info][gc,metaspace   ] GC(1920) Metaspace: 29103K(29376K)->29103K(29376K) NonClass: 25999K(26112K)->25999K(26112K) Class: 3103K(3264K)->3103K(3264K)
[5935.524s][info][gc             ] GC(1920) Pause Young (Allocation Failure) 3688M->1469M(5682M) 65.747ms
[5935.524s][info][gc,cpu         ] GC(1920) User=0.39s Sys=0.00s Real=0.07s
.[5936.893s][info][gc,start       ] GC(1921) Pause Young (Allocation Failure)
[5936.985s][info][gc,heap        ] GC(1921) PSYoungGen: 2600116K(2615808K)->150944K(2615808K) Eden: 2436096K(2436096K)->0K(2437120K) From: 164020K(179712K)->150944K(178688K)
[5936.985s][info][gc,heap        ] GC(1921) ParOldGen: 1341183K(3202560K)->1452775K(3202560K)
[5936.985s][info][gc,metaspace   ] GC(1921) Metaspace: 29103K(29376K)->29103K(29376K) NonClass: 25999K(26112K)->25999K(26112K) Class: 3103K(3264K)->3103K(3264K)
[5936.985s][info][gc             ] GC(1921) Pause Young (Allocation Failure) 3848M->1566M(5682M) 92.559ms
[5936.985s][info][gc,cpu         ] GC(1921) User=0.54s Sys=0.00s Real=0.10s
.[5938.349s][info][gc,start       ] GC(1922) Pause Young (Allocation Failure)
[5938.441s][info][gc,heap        ] GC(1922) PSYoungGen: 2588064K(2615808K)->160192K(2597376K) Eden: 2437120K(2437120K)->0K(2437120K) From: 150944K(178688K)->160192K(160256K)
[5938.441s][info][gc,heap        ] GC(1922) ParOldGen: 1452775K(3202560K)->1550887K(3202560K)
[5938.441s][info][gc,metaspace   ] GC(1922) Metaspace: 29103K(29376K)->29103K(29376K) NonClass: 25999K(26112K)->25999K(26112K) Class: 3103K(3264K)->3103K(3264K)
[5938.441s][info][gc             ] GC(1922) Pause Young (Allocation Failure) 3946M->1670M(5664M) 91.774ms
[5938.441s][info][gc,cpu         ] GC(1922) User=0.54s Sys=0.00s Real=0.09s
..[5940.084s][info][gc,start       ] GC(1923) Pause Young (Allocation Failure)
[5940.188s][info][gc,heap        ] GC(1923) PSYoungGen: 2597312K(2597376K)->177120K(2531840K) Eden: 2437120K(2437120K)->0K(2354688K) From: 160192K(160256K)->177120K(177152K)
[5940.188s][info][gc,heap        ] GC(1923) ParOldGen: 1550887K(3202560K)->1655895K(3202560K)
[5940.188s][info][gc,metaspace   ] GC(1923) Metaspace: 29103K(29376K)->29103K(29376K) NonClass: 25999K(26112K)->25999K(26112K) Class: 3103K(3264K)->3103K(3264K)
[5940.188s][info][gc             ] GC(1923) Pause Young (Allocation Failure) 4050M->1790M(5600M) 104.613ms
[5940.188s][info][gc,cpu         ] GC(1923) User=0.61s Sys=0.01s Real=0.10s
..[5941.594s][info][gc,start       ] GC(1924) Pause Young (Allocation Failure)
[5941.687s][info][gc,heap        ] GC(1924) PSYoungGen: 2531808K(2531840K)->158484K(2575360K) Eden: 2354688K(2354688K)->0K(2354688K) From: 177120K(177152K)->158484K(220672K)
[5941.687s][info][gc,heap        ] GC(1924) ParOldGen: 1655895K(3202560K)->1762743K(3202560K)
[5941.687s][info][gc,metaspace   ] GC(1924) Metaspace: 29103K(29376K)->29103K(29376K) NonClass: 25999K(26112K)->25999K(26112K) Class: 3103K(3264K)->3103K(3264K)
[5941.687s][info][gc             ] GC(1924) Pause Young (Allocation Failure) 4089M->1876M(5642M) 93.505ms
[5941.687s][info][gc,cpu         ] GC(1924) User=0.55s Sys=0.00s Real=0.09s
.[5943.158s][info][gc,start       ] GC(1925) Pause Young (Allocation Failure)
[5943.247s][info][gc,heap        ] GC(1925) PSYoungGen: 2513172K(2575360K)->150256K(2570752K) Eden: 2354688K(2354688K)->0K(2357248K) From: 158484K(220672K)->150256K(213504K)
[5943.247s][info][gc,heap        ] GC(1925) ParOldGen: 1762743K(3202560K)->1866359K(3202560K)
[5943.247s][info][gc,metaspace   ] GC(1925) Metaspace: 29103K(29376K)->29103K(29376K) NonClass: 25999K(26112K)->25999K(26112K) Class: 3103K(3264K)->3103K(3264K)
[5943.247s][info][gc             ] GC(1925) Pause Young (Allocation Failure) 4175M->1969M(5638M) 89.335ms
[5943.247s][info][gc,cpu         ] GC(1925) User=0.53s Sys=0.00s Real=0.09s
.|.[5944.791s][info][gc,start       ] GC(1926) Pause Young (Allocation Failure)
[5944.887s][info][gc,heap        ] GC(1926) PSYoungGen: 2507504K(2570752K)->165188K(2574336K) Eden: 2357248K(2357248K)->0K(2357248K) From: 150256K(213504K)->165188K(217088K)
[5944.887s][info][gc,heap        ] GC(1926) ParOldGen: 1866359K(3202560K)->1970711K(3202560K)
[5944.887s][info][gc,metaspace   ] GC(1926) Metaspace: 29103K(29376K)->29103K(29376K) NonClass: 25999K(26112K)->25999K(26112K) Class: 3103K(3264K)->3103K(3264K)
[5944.887s][info][gc             ] GC(1926) Pause Young (Allocation Failure) 4271M->2085M(5641M) 96.193ms
[5944.887s][info][gc,cpu         ] GC(1926) User=0.57s Sys=0.00s Real=0.10s
.[5946.394s][info][gc,start       ] GC(1927) Pause Young (Allocation Failure)
[5946.482s][info][gc,heap        ] GC(1927) PSYoungGen: 2522436K(2574336K)->144608K(2578432K) Eden: 2357248K(2357248K)->0K(2365440K) From: 165188K(217088K)->144608K(212992K)
[5946.482s][info][gc,heap        ] GC(1927) ParOldGen: 1970711K(3202560K)->2073887K(3202560K)
[5946.482s][info][gc,metaspace   ] GC(1927) Metaspace: 29103K(29376K)->29103K(29376K) NonClass: 25999K(26112K)->25999K(26112K) Class: 3103K(3264K)->3103K(3264K)
[5946.482s][info][gc             ] GC(1927) Pause Young (Allocation Failure) 4387M->2166M(5645M) 87.632ms
[5946.482s][info][gc,cpu         ] GC(1927) User=0.51s Sys=0.01s Real=0.08s
..[5947.961s][info][gc,start       ] GC(1928) Pause Young (Allocation Failure)
[5948.056s][info][gc,heap        ] GC(1928) PSYoungGen: 2510048K(2578432K)->163150K(2578432K) Eden: 2365440K(2365440K)->0K(2365440K) From: 144608K(212992K)->163150K(212992K)
[5948.056s][info][gc,heap        ] GC(1928) ParOldGen: 2073887K(3202560K)->2174607K(3202560K)
[5948.056s][info][gc,metaspace   ] GC(1928) Metaspace: 29103K(29376K)->29103K(29376K) NonClass: 25999K(26112K)->25999K(26112K) Class: 3103K(3264K)->3103K(3264K)
[5948.056s][info][gc             ] GC(1928) Pause Young (Allocation Failure) 4476M->2282M(5645M) 94.951ms
[5948.056s][info][gc,cpu         ] GC(1928) User=0.56s Sys=0.01s Real=0.10s
..[5949.561s][info][gc,start       ] GC(1929) Pause Young (Allocation Failure)
[5949.656s][info][gc,heap        ] GC(1929) PSYoungGen: 2528590K(2578432K)->159530K(2579456K) Eden: 2365440K(2365440K)->0K(2373632K) From: 163150K(212992K)->159530K(205824K)
[5949.656s][info][gc,heap        ] GC(1929) ParOldGen: 2174607K(3202560K)->2279567K(3202560K)
[5949.656s][info][gc,metaspace   ] GC(1929) Metaspace: 29103K(29376K)->29103K(29376K) NonClass: 25999K(26112K)->25999K(26112K) Class: 3103K(3264K)->3103K(3264K)
[5949.656s][info][gc             ] GC(1929) Pause Young (Allocation Failure) 4592M->2381M(5646M) 95.499ms
[5949.656s][info][gc,cpu         ] GC(1929) User=0.57s Sys=0.00s Real=0.10s
.[5951.167s][info][gc,start       ] GC(1930) Pause Young (Allocation Failure)
[5951.258s][info][gc,heap        ] GC(1930) PSYoungGen: 2533162K(2579456K)->149738K(2578944K) Eden: 2373632K(2373632K)->0K(2373632K) From: 159530K(205824K)->149738K(205312K)
[5951.258s][info][gc,heap        ] GC(1930) ParOldGen: 2279567K(3202560K)->2384567K(3202560K)
[5951.258s][info][gc,metaspace   ] GC(1930) Metaspace: 29103K(29376K)->29103K(29376K) NonClass: 25999K(26112K)->25999K(26112K) Class: 3103K(3264K)->3103K(3264K)
[5951.258s][info][gc             ] GC(1930) Pause Young (Allocation Failure) 4699M->2474M(5646M) 91.399ms
[5951.258s][info][gc,cpu         ] GC(1930) User=0.54s Sys=0.00s Real=0.09s
..[5952.810s][info][gc,start       ] GC(1931) Pause Young (Allocation Failure)
[5952.910s][info][gc,heap        ] GC(1931) PSYoungGen: 2523370K(2578944K)->175520K(2589184K) Eden: 2373632K(2373632K)->0K(2384896K) From: 149738K(205312K)->175520K(204288K)
[5952.910s][info][gc,heap        ] GC(1931) ParOldGen: 2384567K(3202560K)->2484999K(3202560K)
[5952.910s][info][gc,metaspace   ] GC(1931) Metaspace: 29103K(29376K)->29103K(29376K) NonClass: 25999K(26112K)->25999K(26112K) Class: 3103K(3264K)->3103K(3264K)
[5952.910s][info][gc             ] GC(1931) Pause Young (Allocation Failure) 4792M->2598M(5656M) 99.960ms
[5952.910s][info][gc,cpu         ] GC(1931) User=0.59s Sys=0.00s Real=0.10s
.[5954.342s][info][gc,start       ] GC(1932) Pause Young (Allocation Failure)
[5954.434s][info][gc,heap        ] GC(1932) PSYoungGen: 2560416K(2589184K)->152688K(2589184K) Eden: 2384896K(2384896K)->0K(2384896K) From: 175520K(204288K)->152688K(204288K)
[5954.434s][info][gc,heap        ] GC(1932) ParOldGen: 2484999K(3202560K)->2589639K(3202560K)
[5954.434s][info][gc,metaspace   ] GC(1932) Metaspace: 29103K(29376K)->29103K(29376K) NonClass: 25999K(26112K)->25999K(26112K) Class: 3103K(3264K)->3103K(3264K)
[5954.434s][info][gc             ] GC(1932) Pause Young (Allocation Failure) 4927M->2678M(5656M) 92.206ms
[5954.434s][info][gc,cpu         ] GC(1932) User=0.54s Sys=0.00s Real=0.10s
..[5955.902s][info][gc,start       ] GC(1933) Pause Young (Allocation Failure)
[5956.000s][info][gc,heap        ] GC(1933) PSYoungGen: 2537584K(2589184K)->169002K(2589184K) Eden: 2384896K(2384896K)->0K(2388992K) From: 152688K(204288K)->169002K(200192K)
[5956.000s][info][gc,heap        ] GC(1933) ParOldGen: 2589639K(3202560K)->2692767K(3202560K)
[5956.000s][info][gc,metaspace   ] GC(1933) Metaspace: 29103K(29376K)->29103K(29376K) NonClass: 25999K(26112K)->25999K(26112K) Class: 3103K(3264K)->3103K(3264K)
[5956.000s][info][gc             ] GC(1933) Pause Young (Allocation Failure) 5007M->2794M(5656M) 98.317ms
[5956.000s][info][gc,cpu         ] GC(1933) User=0.58s Sys=0.00s Real=0.10s
.[5957.458s][info][gc,start       ] GC(1934) Pause Young (Allocation Failure)
[5957.550s][info][gc,heap        ] GC(1934) PSYoungGen: 2557994K(2589184K)->155040K(2589696K) Eden: 2388992K(2388992K)->0K(2388992K) From: 169002K(200192K)->155040K(200704K)
[5957.550s][info][gc,heap        ] GC(1934) ParOldGen: 2692767K(3202560K)->2797575K(3202560K)
[5957.550s][info][gc,metaspace   ] GC(1934) Metaspace: 29103K(29376K)->29103K(29376K) NonClass: 25999K(26112K)->25999K(26112K) Class: 3103K(3264K)->3103K(3264K)
[5957.550s][info][gc             ] GC(1934) Pause Young (Allocation Failure) 5127M->2883M(5656M) 92.914ms
[5957.551s][info][gc,cpu         ] GC(1934) User=0.55s Sys=0.00s Real=0.09s
..[5959.081s][info][gc,start       ] GC(1935) Pause Young (Allocation Failure)
[5959.179s][info][gc,heap        ] GC(1935) PSYoungGen: 2544032K(2589696K)->165461K(2591744K) Eden: 2388992K(2388992K)->0K(2396672K) From: 155040K(200704K)->165461K(195072K)
[5959.179s][info][gc,heap        ] GC(1935) ParOldGen: 2797575K(3202560K)->2902815K(3202560K)
[5959.179s][info][gc,metaspace   ] GC(1935) Metaspace: 29103K(29376K)->29103K(29376K) NonClass: 25999K(26112K)->25999K(26112K) Class: 3103K(3264K)->3103K(3264K)
[5959.179s][info][gc             ] GC(1935) Pause Young (Allocation Failure) 5216M->2996M(5658M) 98.529ms
[5959.179s][info][gc,cpu         ] GC(1935) User=0.59s Sys=0.00s Real=0.10s
..[5960.783s][info][gc,start       ] GC(1936) Pause Young (Allocation Failure)
[5960.886s][info][gc,heap        ] GC(1936) PSYoungGen: 2562133K(2591744K)->171104K(2592768K) Eden: 2396672K(2396672K)->0K(2396672K) From: 165461K(195072K)->171104K(196096K)
[5960.886s][info][gc,heap        ] GC(1936) ParOldGen: 2902815K(3202560K)->3005175K(3202560K)
[5960.886s][info][gc,metaspace   ] GC(1936) Metaspace: 29103K(29376K)->29103K(29376K) NonClass: 25999K(26112K)->25999K(26112K) Class: 3103K(3264K)->3103K(3264K)
[5960.886s][info][gc             ] GC(1936) Pause Young (Allocation Failure) 5336M->3101M(5659M) 102.603ms
[5960.886s][info][gc,cpu         ] GC(1936) User=0.61s Sys=0.00s Real=0.10s
.[5962.362s][info][gc,start       ] GC(1937) Pause Young (Allocation Failure)
[5962.451s][info][gc,heap        ] GC(1937) PSYoungGen: 2567776K(2592768K)->142912K(2599424K) Eden: 2396672K(2396672K)->0K(2403840K) From: 171104K(196096K)->142912K(195584K)
[5962.451s][info][gc,heap        ] GC(1937) ParOldGen: 3005175K(3202560K)->3113151K(3202560K)
[5962.451s][info][gc,metaspace   ] GC(1937) Metaspace: 29103K(29376K)->29103K(29376K) NonClass: 25999K(26112K)->25999K(26112K) Class: 3103K(3264K)->3103K(3264K)
[5962.451s][info][gc             ] GC(1937) Pause Young (Allocation Failure) 5442M->3179M(5666M) 89.563ms
[5962.451s][info][gc,cpu         ] GC(1937) User=0.53s Sys=0.00s Real=0.09s
..[5964.005s][info][gc,start       ] GC(1938) Pause Young (Allocation Failure)
[5964.100s][info][gc,heap        ] GC(1938) PSYoungGen: 2546752K(2599424K)->163712K(2567680K) Eden: 2403840K(2403840K)->0K(2403840K) From: 142912K(195584K)->163712K(163840K)
[5964.100s][info][gc,heap        ] GC(1938) ParOldGen: 3113151K(3202560K)->3211359K(3211776K)
[5964.100s][info][gc,metaspace   ] GC(1938) Metaspace: 29103K(29376K)->29103K(29376K) NonClass: 25999K(26112K)->25999K(26112K) Class: 3103K(3264K)->3103K(3264K)
[5964.100s][info][gc             ] GC(1938) Pause Young (Allocation Failure) 5527M->3295M(5644M) 94.928ms
[5964.100s][info][gc,cpu         ] GC(1938) User=0.56s Sys=0.01s Real=0.09s
..[5965.678s][info][gc,start       ] GC(1939) Pause Young (Allocation Failure)
[5965.780s][info][gc,heap        ] GC(1939) PSYoungGen: 2567552K(2567680K)->165908K(2599936K) Eden: 2403840K(2403840K)->0K(2406400K) From: 163712K(163840K)->165908K(193536K)
[5965.780s][info][gc,heap        ] GC(1939) ParOldGen: 3211359K(3211776K)->3315111K(3315200K)
[5965.780s][info][gc,metaspace   ] GC(1939) Metaspace: 29103K(29376K)->29103K(29376K) NonClass: 25999K(26112K)->25999K(26112K) Class: 3103K(3264K)->3103K(3264K)
[5965.780s][info][gc             ] GC(1939) Pause Young (Allocation Failure) 5643M->3399M(5776M) 102.343ms
[5965.780s][info][gc,cpu         ] GC(1939) User=0.57s Sys=0.02s Real=0.10s
.[5967.284s][info][gc,start       ] GC(1940) Pause Young (Allocation Failure)
[5967.382s][info][gc,heap        ] GC(1940) PSYoungGen: 2572308K(2599936K)->158884K(2597888K) Eden: 2406400K(2406400K)->0K(2406400K) From: 165908K(193536K)->158884K(191488K)
[5967.383s][info][gc,heap        ] GC(1940) ParOldGen: 3315111K(3315200K)->3420959K(3421184K)
[5967.383s][info][gc,metaspace   ] GC(1940) Metaspace: 29103K(29376K)->29103K(29376K) NonClass: 25999K(26112K)->25999K(26112K) Class: 3103K(3264K)->3103K(3264K)
[5967.383s][info][gc             ] GC(1940) Pause Young (Allocation Failure) 5749M->3495M(5878M) 99.011ms
[5967.383s][info][gc,cpu         ] GC(1940) User=0.55s Sys=0.04s Real=0.09s
..[5968.807s][info][gc,start       ] GC(1941) Pause Young (Allocation Failure)
[5968.910s][info][gc,heap        ] GC(1941) PSYoungGen: 2565284K(2597888K)->169684K(2600448K) Eden: 2406400K(2406400K)->0K(2411008K) From: 158884K(191488K)->169684K(189440K)
[5968.910s][info][gc,heap        ] GC(1941) ParOldGen: 3420959K(3421184K)->3523959K(3524096K)
[5968.910s][info][gc,metaspace   ] GC(1941) Metaspace: 29103K(29376K)->29103K(29376K) NonClass: 25999K(26112K)->25999K(26112K) Class: 3103K(3264K)->3103K(3264K)
[5968.910s][info][gc             ] GC(1941) Pause Young (Allocation Failure) 5845M->3607M(5981M) 103.423ms
[5968.910s][info][gc,cpu         ] GC(1941) User=0.57s Sys=0.04s Real=0.10s
.[5970.396s][info][gc,start       ] GC(1942) Pause Young (Allocation Failure)
[5970.492s][info][gc,heap        ] GC(1942) PSYoungGen: 2580692K(2600448K)->153536K(2600448K) Eden: 2411008K(2411008K)->0K(2411008K) From: 169684K(189440K)->153536K(189440K)
[5970.492s][info][gc,heap        ] GC(1942) ParOldGen: 3523959K(3524096K)->3627063K(3627520K)
[5970.492s][info][gc,metaspace   ] GC(1942) Metaspace: 29103K(29376K)->29103K(29376K) NonClass: 25999K(26112K)->25999K(26112K) Class: 3103K(3264K)->3103K(3264K)
[5970.492s][info][gc             ] GC(1942) Pause Young (Allocation Failure) 5961M->3691M(6082M) 95.690ms
[5970.492s][info][gc,cpu         ] GC(1942) User=0.53s Sys=0.04s Real=0.09s
..[5972.095s][info][gc,start       ] GC(1943) Pause Young (Allocation Failure)
[5972.197s][info][gc,heap        ] GC(1943) PSYoungGen: 2564544K(2600448K)->164608K(2604544K) Eden: 2411008K(2411008K)->0K(2418176K) From: 153536K(189440K)->164608K(186368K)
[5972.197s][info][gc,heap        ] GC(1943) ParOldGen: 3627063K(3627520K)->3731639K(3731968K)
[5972.197s][info][gc,metaspace   ] GC(1943) Metaspace: 29103K(29376K)->29103K(29376K) NonClass: 25999K(26112K)->25999K(26112K) Class: 3103K(3264K)->3103K(3264K)
[5972.197s][info][gc             ] GC(1943) Pause Young (Allocation Failure) 6046M->3804M(6188M) 102.232ms
[5972.197s][info][gc,cpu         ] GC(1943) User=0.57s Sys=0.04s Real=0.10s
.[5973.670s][info][gc,start       ] GC(1944) Pause Young (Allocation Failure)
[5973.769s][info][gc,heap        ] GC(1944) PSYoungGen: 2582784K(2604544K)->156565K(2605056K) Eden: 2418176K(2418176K)->0K(2418176K) From: 164608K(186368K)->156565K(186880K)
[5973.769s][info][gc,heap        ] GC(1944) ParOldGen: 3731639K(3731968K)->3835359K(3835392K)
[5973.769s][info][gc,metaspace   ] GC(1944) Metaspace: 29103K(29376K)->29103K(29376K) NonClass: 25999K(26112K)->25999K(26112K) Class: 3103K(3264K)->3103K(3264K)
[5973.769s][info][gc             ] GC(1944) Pause Young (Allocation Failure) 6166M->3898M(6289M) 99.101ms
[5973.769s][info][gc,cpu         ] GC(1944) User=0.55s Sys=0.04s Real=0.10s
..[5975.316s][info][gc,start       ] GC(1945) Pause Young (Allocation Failure)
[5975.412s][info][gc,heap        ] GC(1945) PSYoungGen: 2574741K(2605056K)->151424K(2608640K) Eden: 2418176K(2418176K)->0K(2423296K) From: 156565K(186880K)->151424K(185344K)
[5975.412s][info][gc,heap        ] GC(1945) ParOldGen: 3835359K(3835392K)->3937191K(3937280K)
[5975.412s][info][gc,metaspace   ] GC(1945) Metaspace: 29103K(29376K)->29103K(29376K) NonClass: 25999K(26112K)->25999K(26112K) Class: 3103K(3264K)->3103K(3264K)
[5975.412s][info][gc             ] GC(1945) Pause Young (Allocation Failure) 6259M->3992M(6392M) 96.665ms
[5975.413s][info][gc,cpu         ] GC(1945) User=0.53s Sys=0.04s Real=0.09s
..[5976.966s][info][gc,start       ] GC(1946) Pause Young (Allocation Failure)
[5977.065s][info][gc,heap        ] GC(1946) PSYoungGen: 2574720K(2608640K)->154592K(2608128K) Eden: 2423296K(2423296K)->0K(2423296K) From: 151424K(185344K)->154592K(184832K)
[5977.065s][info][gc,heap        ] GC(1946) ParOldGen: 3937191K(3937280K)->4044567K(4044800K)
[5977.065s][info][gc,metaspace   ] GC(1946) Metaspace: 29103K(29376K)->29103K(29376K) NonClass: 25999K(26112K)->25999K(26112K) Class: 3103K(3264K)->3103K(3264K)
[5977.065s][info][gc             ] GC(1946) Pause Young (Allocation Failure) 6359M->4100M(6497M) 98.603ms
[5977.065s][info][gc,cpu         ] GC(1946) User=0.53s Sys=0.04s Real=0.10s
.[5978.649s][info][gc,start       ] GC(1947) Pause Young (Allocation Failure)
[5978.747s][info][gc,heap        ] GC(1947) PSYoungGen: 2577888K(2608128K)->158944K(2609152K) Eden: 2423296K(2423296K)->0K(2427904K) From: 154592K(184832K)->158944K(181248K)
[5978.747s][info][gc,heap        ] GC(1947) ParOldGen: 4044567K(4044800K)->4145855K(4146176K)
[5978.747s][info][gc,metaspace   ] GC(1947) Metaspace: 29103K(29376K)->29103K(29376K) NonClass: 25999K(26112K)->25999K(26112K) Class: 3103K(3264K)->3103K(3264K)
[5978.747s][info][gc             ] GC(1947) Pause Young (Allocation Failure) 6467M->4203M(6597M) 98.687ms
[5978.747s][info][gc,cpu         ] GC(1947) User=0.55s Sys=0.04s Real=0.10s
..[5980.222s][info][gc,start       ] GC(1948) Pause Young (Allocation Failure)
[5980.320s][info][gc,heap        ] GC(1948) PSYoungGen: 2586848K(2609152K)->153108K(2609152K) Eden: 2427904K(2427904K)->0K(2427904K) From: 158944K(181248K)->153108K(181248K)
[5980.320s][info][gc,heap        ] GC(1948) ParOldGen: 4145855K(4146176K)->4253567K(4253696K)
[5980.320s][info][gc,metaspace   ] GC(1948) Metaspace: 29103K(29376K)->29103K(29376K) NonClass: 25999K(26112K)->25999K(26112K) Class: 3103K(3264K)->3103K(3264K)
[5980.320s][info][gc             ] GC(1948) Pause Young (Allocation Failure) 6574M->4303M(6702M) 98.510ms
[5980.320s][info][gc,cpu         ] GC(1948) User=0.56s Sys=0.03s Real=0.10s
.[5981.840s][info][gc,start       ] GC(1949) Pause Young (Allocation Failure)
[5981.942s][info][gc,heap        ] GC(1949) PSYoungGen: 2581012K(2609152K)->161664K(2613760K) Eden: 2427904K(2427904K)->0K(2434560K) From: 153108K(181248K)->161664K(179200K)
[5981.942s][info][gc,heap        ] GC(1949) ParOldGen: 4253567K(4253696K)->4357039K(4357120K)
[5981.942s][info][gc,metaspace   ] GC(1949) Metaspace: 29103K(29376K)->29103K(29376K) NonClass: 25999K(26112K)->25999K(26112K) Class: 3103K(3264K)->3103K(3264K)
[5981.942s][info][gc             ] GC(1949) Pause Young (Allocation Failure) 6674M->4412M(6807M) 101.664ms
[5981.942s][info][gc,cpu         ] GC(1949) User=0.56s Sys=0.03s Real=0.10s
..[5983.489s][info][gc,start       ] GC(1950) Pause Young (Allocation Failure)
[5983.590s][info][gc,heap        ] GC(1950) PSYoungGen: 2596224K(2613760K)->160388K(2613760K) Eden: 2434560K(2434560K)->0K(2434560K) From: 161664K(179200K)->160388K(179200K)
[5983.590s][info][gc,heap        ] GC(1950) ParOldGen: 4357039K(4357120K)->4459991K(4460032K)
[5983.590s][info][gc,metaspace   ] GC(1950) Metaspace: 29103K(29376K)->29103K(29376K) NonClass: 25999K(26112K)->25999K(26112K) Class: 3103K(3264K)->3103K(3264K)
[5983.590s][info][gc             ] GC(1950) Pause Young (Allocation Failure) 6790M->4512M(6908M) 100.825ms
[5983.590s][info][gc,cpu         ] GC(1950) User=0.56s Sys=0.03s Real=0.10s
..[5985.117s][info][gc,start       ] GC(1951) Pause Young (Allocation Failure)
[5985.221s][info][gc,heap        ] GC(1951) PSYoungGen: 2594948K(2613760K)->169680K(2613248K) Eden: 2434560K(2434560K)->0K(2435584K) From: 160388K(179200K)->169680K(177664K)
[5985.221s][info][gc,heap        ] GC(1951) ParOldGen: 4459991K(4460032K)->4564887K(4564992K)
[5985.221s][info][gc,metaspace   ] GC(1951) Metaspace: 29103K(29376K)->29103K(29376K) NonClass: 25999K(26112K)->25999K(26112K) Class: 3103K(3264K)->3103K(3264K)
[5985.221s][info][gc             ] GC(1951) Pause Young (Allocation Failure) 6889M->4623M(7010M) 104.037ms
[5985.222s][info][gc,cpu         ] GC(1951) User=0.59s Sys=0.03s Real=0.10s
.[5986.825s][info][gc,start       ] GC(1952) Pause Young (Allocation Failure)
[5986.926s][info][gc,heap        ] GC(1952) PSYoungGen: 2605264K(2613248K)->161152K(2615296K) Eden: 2435584K(2435584K)->0K(2435584K) From: 169680K(177664K)->161152K(179712K)
[5986.926s][info][gc,heap        ] GC(1952) ParOldGen: 4564887K(4564992K)->4668903K(4668928K)
[5986.926s][info][gc,metaspace   ] GC(1952) Metaspace: 29103K(29376K)->29103K(29376K) NonClass: 25999K(26112K)->25999K(26112K) Class: 3103K(3264K)->3103K(3264K)
[5986.926s][info][gc             ] GC(1952) Pause Young (Allocation Failure) 7002M->4716M(7113M) 101.241ms
[5986.926s][info][gc,cpu         ] GC(1952) User=0.56s Sys=0.03s Real=0.10s
..[5988.477s][info][gc,start       ] GC(1953) Pause Young (Allocation Failure)
[5988.578s][info][gc,heap        ] GC(1953) PSYoungGen: 2596736K(2615296K)->158448K(2614272K) Eden: 2435584K(2435584K)->0K(2438656K) From: 161152K(179712K)->158448K(175616K)
[5988.578s][info][gc,heap        ] GC(1953) ParOldGen: 4668903K(4668928K)->4774831K(4774912K)
[5988.578s][info][gc,metaspace   ] GC(1953) Metaspace: 29103K(29376K)->29103K(29376K) NonClass: 25999K(26112K)->25999K(26112K) Class: 3103K(3264K)->3103K(3264K)
[5988.578s][info][gc             ] GC(1953) Pause Young (Allocation Failure) 7095M->4817M(7216M) 101.133ms
[5988.578s][info][gc,cpu         ] GC(1953) User=0.56s Sys=0.04s Real=0.10s
..[5990.172s][info][gc,start       ] GC(1954) Pause Young (Allocation Failure)
[5990.270s][info][gc,heap        ] GC(1954) PSYoungGen: 2597104K(2614272K)->150016K(2615296K) Eden: 2438656K(2438656K)->0K(2438656K) From: 158448K(175616K)->150016K(176640K)
[5990.270s][info][gc,heap        ] GC(1954) ParOldGen: 4774831K(4774912K)->4877855K(4878336K)
[5990.270s][info][gc,metaspace   ] GC(1954) Metaspace: 29103K(29376K)->29103K(29376K) NonClass: 25999K(26112K)->25999K(26112K) Class: 3103K(3264K)->3103K(3264K)
[5990.270s][info][gc             ] GC(1954) Pause Young (Allocation Failure) 7199M->4910M(7318M) 98.515ms
[5990.270s][info][gc,cpu         ] GC(1954) User=0.53s Sys=0.04s Real=0.10s
.[5991.854s][info][gc,start       ] GC(1955) Pause Young (Allocation Failure)
[5991.954s][info][gc,heap        ] GC(1955) PSYoungGen: 2588672K(2615296K)->158432K(2616320K) Eden: 2438656K(2438656K)->0K(2442752K) From: 150016K(176640K)->158432K(173568K)
[5991.954s][info][gc,heap        ] GC(1955) ParOldGen: 4877855K(4878336K)->4983311K(4983808K)
[5991.954s][info][gc,metaspace   ] GC(1955) Metaspace: 29103K(29376K)->29103K(29376K) NonClass: 25999K(26112K)->25999K(26112K) Class: 3103K(3264K)->3103K(3264K)
[5991.954s][info][gc             ] GC(1955) Pause Young (Allocation Failure) 7291M->5021M(7422M) 100.595ms
[5991.954s][info][gc,cpu         ] GC(1955) User=0.56s Sys=0.03s Real=0.10s
..[5993.479s][info][gc,start       ] GC(1956) Pause Young (Allocation Failure)
[5993.581s][info][gc,heap        ] GC(1956) PSYoungGen: 2601184K(2616320K)->159152K(2617856K) Eden: 2442752K(2442752K)->0K(2442752K) From: 158432K(173568K)->159152K(175104K)
[5993.581s][info][gc,heap        ] GC(1956) ParOldGen: 4983311K(4983808K)->5090375K(5090816K)
[5993.581s][info][gc,metaspace   ] GC(1956) Metaspace: 29103K(29376K)->29103K(29376K) NonClass: 25999K(26112K)->25999K(26112K) Class: 3103K(3264K)->3103K(3264K)
[5993.581s][info][gc             ] GC(1956) Pause Young (Allocation Failure) 7406M->5126M(7528M) 101.928ms
[5993.581s][info][gc,cpu         ] GC(1956) User=0.56s Sys=0.04s Real=0.10s
..[5995.128s][info][gc,start       ] GC(1957) Pause Young (Allocation Failure)
[5995.230s][info][gc,heap        ] GC(1957) PSYoungGen: 2601904K(2617856K)->163168K(2620928K) Eden: 2442752K(2442752K)->0K(2447360K) From: 159152K(175104K)->163168K(173568K)
[5995.230s][info][gc,heap        ] GC(1957) ParOldGen: 5090375K(5090816K)->5194735K(5194752K)
[5995.230s][info][gc,metaspace   ] GC(1957) Metaspace: 29103K(29376K)->29103K(29376K) NonClass: 25999K(26112K)->25999K(26112K) Class: 3103K(3264K)->3103K(3264K)
[5995.230s][info][gc             ] GC(1957) Pause Young (Allocation Failure) 7511M->5232M(7632M) 102.549ms
[5995.231s][info][gc,cpu         ] GC(1957) User=0.57s Sys=0.03s Real=0.10s
.[5996.651s][info][gc,start       ] GC(1958) Pause Young (Allocation Failure)
[5996.755s][info][gc,heap        ] GC(1958) PSYoungGen: 2610528K(2620928K)->162419K(2620928K) Eden: 2447360K(2447360K)->0K(2447360K) From: 163168K(173568K)->162419K(173568K)
[5996.755s][info][gc,heap        ] GC(1958) ParOldGen: 5194735K(5194752K)->5300143K(5300224K)
[5996.755s][info][gc,metaspace   ] GC(1958) Metaspace: 29103K(29376K)->29103K(29376K) NonClass: 25999K(26112K)->25999K(26112K) Class: 3103K(3264K)->3103K(3264K)
[5996.755s][info][gc             ] GC(1958) Pause Young (Allocation Failure) 7622M->5334M(7735M) 104.365ms
[5996.755s][info][gc,cpu         ] GC(1958) User=0.58s Sys=0.03s Real=0.11s
..[5998.337s][info][gc,start       ] GC(1959) Pause Young (Allocation Failure)
[5998.437s][info][gc,heap        ] GC(1959) PSYoungGen: 2609779K(2620928K)->153504K(2621952K) Eden: 2447360K(2447360K)->0K(2448896K) From: 162419K(173568K)->153504K(173056K)
[5998.437s][info][gc,heap        ] GC(1959) ParOldGen: 5300143K(5300224K)->5405135K(5405184K)
[5998.437s][info][gc,metaspace   ] GC(1959) Metaspace: 29103K(29376K)->29103K(29376K) NonClass: 25999K(26112K)->25999K(26112K) Class: 3103K(3264K)->3103K(3264K)
[5998.437s][info][gc             ] GC(1959) Pause Young (Allocation Failure) 7724M->5428M(7839M) 99.357ms
[5998.437s][info][gc,cpu         ] GC(1959) User=0.54s Sys=0.04s Real=0.10s
.[6000.092s][info][gc,start       ] GC(1960) Pause Young (Allocation Failure)
[6000.201s][info][gc,heap        ] GC(1960) PSYoungGen: 2602400K(2621952K)->173045K(2621952K) Eden: 2448896K(2448896K)->0K(2448896K) From: 153504K(173056K)->173045K(173056K)
[6000.201s][info][gc,heap        ] GC(1960) ParOldGen: 5405135K(5405184K)->5513679K(5513728K)
[6000.201s][info][gc,metaspace   ] GC(1960) Metaspace: 29103K(29376K)->29103K(29376K) NonClass: 25999K(26112K)->25999K(26112K) Class: 3103K(3264K)->3103K(3264K)
[6000.201s][info][gc             ] GC(1960) Pause Young (Allocation Failure) 7819M->5553M(7945M) 108.409ms
[6000.201s][info][gc,cpu         ] GC(1960) User=0.61s Sys=0.03s Real=0.11s
..[6001.605s][info][gc,start       ] GC(1961) Pause Full (Allocation Failure)
[6001.605s][info][gc,phases,start] GC(1961) Marking Phase
[6001.928s][info][gc,phases      ] GC(1961) Marking Phase 322.684ms
[6001.928s][info][gc,phases,start] GC(1961) Summary Phase
[6001.928s][info][gc,phases      ] GC(1961) Summary Phase 0.100ms
[6001.928s][info][gc,phases,start] GC(1961) Forward
[6002.050s][info][gc,phases      ] GC(1961) Forward 122.400ms
[6002.050s][info][gc,phases,start] GC(1961) Adjust Pointers
[6002.262s][info][gc,phases      ] GC(1961) Adjust Pointers 212.319ms
[6002.263s][info][gc,phases,start] GC(1961) Compaction Phase
[6002.409s][info][gc,phases      ] GC(1961) Compaction Phase 146.758ms
[6002.410s][info][gc,phases,start] GC(1961) Post Compact
[6002.417s][info][gc,phases      ] GC(1961) Post Compact 6.956ms
[6002.537s][info][gc,heap        ] GC(1961) PSYoungGen: 2621941K(2621952K)->0K(2535936K) Eden: 2448896K(2448896K)->0K(2361856K) From: 173045K(173056K)->0K(174080K)
[6002.537s][info][gc,heap        ] GC(1961) ParOldGen: 5513679K(5513728K)->1619601K(2080768K)
[6002.537s][info][gc,metaspace   ] GC(1961) Metaspace: 29103K(29376K)->29103K(29376K) NonClass: 25999K(26112K)->25999K(26112K) Class: 3103K(3264K)->3103K(3264K)
[6002.537s][info][gc             ] GC(1961) Pause Full (Allocation Failure) 7944M->1581M(4508M) 932.095ms
[6002.537s][info][gc,cpu         ] GC(1961) User=4.40s Sys=0.12s Real=0.93s
.[6003.757s][info][gc,start       ] GC(1962) Pause Young (Allocation Failure)
[6003.831s][info][gc,heap        ] GC(1962) PSYoungGen: 2361856K(2535936K)->180528K(2578944K) Eden: 2361856K(2361856K)->0K(2361856K) From: 0K(174080K)->180528K(217088K)
[6003.831s][info][gc,heap        ] GC(1962) ParOldGen: 1619601K(2080768K)->1619601K(2080768K)
[6003.831s][info][gc,metaspace   ] GC(1962) Metaspace: 29103K(29376K)->29103K(29376K) NonClass: 25999K(26112K)->25999K(26112K) Class: 3103K(3264K)->3103K(3264K)
[6003.831s][info][gc             ] GC(1962) Pause Young (Allocation Failure) 3888M->1757M(4550M) 74.694ms
[6003.832s][info][gc,cpu         ] GC(1962) User=0.44s Sys=0.00s Real=0.07s
. (rIR:aIR:PR = 10378:10414:10411) (tPR = 154162) [OK] 
  6003s: Performance info:
         Transaction,    Success,    Partial,     Failed,   Receipts, AvgBarcode, 
             Overall,     626718,          0,          0,     596194,      59.48, 
         Response times:
             Request,    Success,    Partial,     Failed,   SkipFail,     Probes,    Samples,      min,      p50,      p90,      p95,      p99,      max, 
       TotalPurchase,     596504,          0,          0,          0,     349796,     433311,      200,     9200,   123000,   317000,   536000,   940000,
     InStorePurchase,     316273,          0,          0,          0,     183255,     226674,      300,     9400,   123000,   346000,   551000,   940000,
      OnlinePurchase,     218746,          0,          0,          0,     129157,     159883,      200,     8900,   123000,   296000,   512000,   940000,
        InstPurchase,      61485,          0,          0,          0,      37384,      46754,      300,     9100,   119000,   307000,   500900,   920000,
          AssocOfCat,        622,          0,          0,          0,        523,        736,    25000,    55000,   182500,   418000,   650000,   970000,
      AssocOfProduct,       6216,          0,          0,          0,       3477,       4597,      800,    10000,   123000,   346100,   472000,   920000,
      BusinessReport,       1541,          0,          0,          0,       1356,       1857,    32000,    59000,   165200,   356100,   450000,   980000,
          CustBuyBeh,       6238,          0,          0,          0,       3414,       4514,      200,     8900,    98500,   226000,   432000,   700000,
       ProductReturn,      15961,          0,          0,          0,       9588,      12112,      200,    11100,   125000,   318000,   516000,   920000,

  6003s: (76%)   IR =  10516 .[6005.113s][info][gc,start       ] GC(1963) Pause Young (Allocation Failure)
[6005.210s][info][gc,heap        ] GC(1963) PSYoungGen: 2542384K(2578944K)->165376K(2571264K) Eden: 2361856K(2361856K)->0K(2363392K) From: 180528K(217088K)->165376K(207872K)
[6005.210s][info][gc,heap        ] GC(1963) ParOldGen: 1619601K(2080768K)->1726145K(2080768K)
[6005.210s][info][gc,metaspace   ] GC(1963) Metaspace: 29103K(29376K)->29103K(29376K) NonClass: 25999K(26112K)->25999K(26112K) Class: 3103K(3264K)->3103K(3264K)
[6005.210s][info][gc             ] GC(1963) Pause Young (Allocation Failure) 4064M->1847M(4543M) 96.973ms
[6005.210s][info][gc,cpu         ] GC(1963) User=0.57s Sys=0.00s Real=0.10s
.[6006.608s][info][gc,start       ] GC(1964) Pause Young (Allocation Failure)
[6006.704s][info][gc,heap        ] GC(1964) PSYoungGen: 2528768K(2571264K)->164789K(2575872K) Eden: 2363392K(2363392K)->0K(2363392K) From: 165376K(207872K)->164789K(212480K)
[6006.704s][info][gc,heap        ] GC(1964) ParOldGen: 1726145K(2080768K)->1826257K(2080768K)
[6006.704s][info][gc,metaspace   ] GC(1964) Metaspace: 29103K(29376K)->29103K(29376K) NonClass: 25999K(26112K)->25999K(26112K) Class: 3103K(3264K)->3103K(3264K)
[6006.704s][info][gc             ] GC(1964) Pause Young (Allocation Failure) 4155M->1944M(4547M) 96.665ms
[6006.705s][info][gc,cpu         ] GC(1964) User=0.57s Sys=0.00s Real=0.10s
..[6008.200s][info][gc,start       ] GC(1965) Pause Young (Allocation Failure)
[6008.286s][info][gc,heap        ] GC(1965) PSYoungGen: 2528181K(2575872K)->143744K(2582528K) Eden: 2363392K(2363392K)->0K(2373632K) From: 164789K(212480K)->143744K(208896K)
[6008.286s][info][gc,heap        ] GC(1965) ParOldGen: 1826257K(2080768K)->1929753K(2080768K)
[6008.286s][info][gc,metaspace   ] GC(1965) Metaspace: 29103K(29376K)->29103K(29376K) NonClass: 25999K(26112K)->25999K(26112K) Class: 3103K(3264K)->3103K(3264K)
[6008.286s][info][gc             ] GC(1965) Pause Young (Allocation Failure) 4252M->2024M(4554M) 85.933ms
[6008.286s][info][gc,cpu         ] GC(1965) User=0.51s Sys=0.00s Real=0.09s
.[6009.734s][info][gc,start       ] GC(1966) Pause Young (Allocation Failure)
[6009.830s][info][gc,heap        ] GC(1966) PSYoungGen: 2517376K(2582528K)->165840K(2539520K) Eden: 2373632K(2373632K)->0K(2373632K) From: 143744K(208896K)->165840K(165888K)
[6009.830s][info][gc,heap        ] GC(1966) ParOldGen: 1929753K(2080768K)->2032225K(2080768K)
[6009.830s][info][gc,metaspace   ] GC(1966) Metaspace: 29103K(29376K)->29103K(29376K) NonClass: 25999K(26112K)->25999K(26112K) Class: 3103K(3264K)->3103K(3264K)
[6009.830s][info][gc             ] GC(1966) Pause Young (Allocation Failure) 4342M->2146M(4512M) 96.583ms
[6009.830s][info][gc,cpu         ] GC(1966) User=0.57s Sys=0.00s Real=0.09s
..[6011.297s][info][gc,start       ] GC(1967) Pause Young (Allocation Failure)
[6011.394s][info][gc,heap        ] GC(1967) PSYoungGen: 2539472K(2539520K)->157461K(2585600K) Eden: 2373632K(2373632K)->0K(2378752K) From: 165840K(165888K)->157461K(206848K)
[6011.394s][info][gc,heap        ] GC(1967) ParOldGen: 2032225K(2080768K)->2136089K(2136576K)
[6011.394s][info][gc,metaspace   ] GC(1967) Metaspace: 29103K(29376K)->29103K(29376K) NonClass: 25999K(26112K)->25999K(26112K) Class: 3103K(3264K)->3103K(3264K)
[6011.394s][info][gc             ] GC(1967) Pause Young (Allocation Failure) 4464M->2239M(4611M) 97.118ms
[6011.395s][info][gc,cpu         ] GC(1967) User=0.55s Sys=0.01s Real=0.10s
.[6012.821s][info][gc,start       ] GC(1968) Pause Young (Allocation Failure)
[6012.920s][info][gc,heap        ] GC(1968) PSYoungGen: 2536213K(2585600K)->162560K(2583552K) Eden: 2378752K(2378752K)->0K(2378752K) From: 157461K(206848K)->162560K(204800K)
[6012.920s][info][gc,heap        ] GC(1968) ParOldGen: 2136089K(2136576K)->2238665K(2238976K)
[6012.920s][info][gc,metaspace   ] GC(1968) Metaspace: 29103K(29376K)->29103K(29376K) NonClass: 25999K(26112K)->25999K(26112K) Class: 3103K(3264K)->3103K(3264K)
[6012.920s][info][gc             ] GC(1968) Pause Young (Allocation Failure) 4562M->2344M(4709M) 99.576ms
[6012.920s][info][gc,cpu         ] GC(1968) User=0.56s Sys=0.03s Real=0.10s
..[6014.471s][info][gc,start       ] GC(1969) Pause Young (Allocation Failure)
[6014.565s][info][gc,heap        ] GC(1969) PSYoungGen: 2541312K(2583552K)->147936K(2586624K) Eden: 2378752K(2378752K)->0K(2384896K) From: 162560K(204800K)->147936K(201728K)
[6014.565s][info][gc,heap        ] GC(1969) ParOldGen: 2238665K(2238976K)->2343793K(2343936K)
[6014.565s][info][gc,metaspace   ] GC(1969) Metaspace: 29103K(29376K)->29103K(29376K) NonClass: 25999K(26112K)->25999K(26112K) Class: 3103K(3264K)->3103K(3264K)
[6014.565s][info][gc             ] GC(1969) Pause Young (Allocation Failure) 4667M->2433M(4815M) 93.322ms
[6014.565s][info][gc,cpu         ] GC(1969) User=0.51s Sys=0.04s Real=0.10s
.[6016.059s][info][gc,start       ] GC(1970) Pause Young (Allocation Failure)
[6016.160s][info][gc,heap        ] GC(1970) PSYoungGen: 2532832K(2586624K)->171509K(2586112K) Eden: 2384896K(2384896K)->0K(2384896K) From: 147936K(201728K)->171509K(201216K)
[6016.160s][info][gc,heap        ] GC(1970) ParOldGen: 2343793K(2343936K)->2445209K(2445312K)
[6016.160s][info][gc,metaspace   ] GC(1970) Metaspace: 29103K(29376K)->29103K(29376K) NonClass: 25999K(26112K)->25999K(26112K) Class: 3103K(3264K)->3103K(3264K)
[6016.160s][info][gc             ] GC(1970) Pause Young (Allocation Failure) 4762M->2555M(4913M) 101.514ms
[6016.160s][info][gc,cpu         ] GC(1970) User=0.57s Sys=0.03s Real=0.10s
..[6017.755s][info][gc,start       ] GC(1971) Pause Young (Allocation Failure)
[6017.852s][info][gc,heap        ] GC(1971) PSYoungGen: 2556405K(2586112K)->151488K(2593792K) Eden: 2384896K(2384896K)->0K(2394112K) From: 171509K(201216K)->151488K(199680K)
[6017.852s][info][gc,heap        ] GC(1971) ParOldGen: 2445209K(2445312K)->2553145K(2553344K)
[6017.852s][info][gc,metaspace   ] GC(1971) Metaspace: 29103K(29376K)->29103K(29376K) NonClass: 25999K(26112K)->25999K(26112K) Class: 3103K(3264K)->3103K(3264K)
[6017.852s][info][gc             ] GC(1971) Pause Young (Allocation Failure) 4884M->2641M(5026M) 96.893ms
[6017.852s][info][gc,cpu         ] GC(1971) User=0.54s Sys=0.03s Real=0.09s
..[6019.414s][info][gc,start       ] GC(1972) Pause Young (Allocation Failure)
[6019.512s][info][gc,heap        ] GC(1972) PSYoungGen: 2545600K(2593792K)->155227K(2593280K) Eden: 2394112K(2394112K)->0K(2394112K) From: 151488K(199680K)->155227K(199168K)
[6019.512s][info][gc,heap        ] GC(1972) ParOldGen: 2553145K(2553344K)->2655625K(2655744K)
[6019.512s][info][gc,metaspace   ] GC(1972) Metaspace: 29103K(29376K)->29103K(29376K) NonClass: 25999K(26112K)->25999K(26112K) Class: 3103K(3264K)->3103K(3264K)
[6019.512s][info][gc             ] GC(1972) Pause Young (Allocation Failure) 4979M->2744M(5126M) 98.062ms
[6019.512s][info][gc,cpu         ] GC(1972) User=0.55s Sys=0.03s Real=0.09s
.[6020.943s][info][gc,start       ] GC(1973) Pause Young (Allocation Failure)
[6021.044s][info][gc,heap        ] GC(1973) PSYoungGen: 2549339K(2593280K)->167461K(2595328K) Eden: 2394112K(2394112K)->0K(2398720K) From: 155227K(199168K)->167461K(196608K)
[6021.044s][info][gc,heap        ] GC(1973) ParOldGen: 2655625K(2655744K)->2756705K(2757120K)
[6021.044s][info][gc,metaspace   ] GC(1973) Metaspace: 29103K(29376K)->29103K(29376K) NonClass: 25999K(26112K)->25999K(26112K) Class: 3103K(3264K)->3103K(3264K)
[6021.044s][info][gc             ] GC(1973) Pause Young (Allocation Failure) 5082M->2855M(5227M) 100.976ms
[6021.044s][info][gc,cpu         ] GC(1973) User=0.57s Sys=0.03s Real=0.11s
..[6022.518s][info][gc,start       ] GC(1974) Pause Young (Allocation Failure)
[6022.619s][info][gc,heap        ] GC(1974) PSYoungGen: 2566181K(2595328K)->160772K(2594304K) Eden: 2398720K(2398720K)->0K(2398720K) From: 167461K(196608K)->160772K(195584K)
[6022.619s][info][gc,heap        ] GC(1974) ParOldGen: 2756705K(2757120K)->2862113K(2862592K)
[6022.619s][info][gc,metaspace   ] GC(1974) Metaspace: 29103K(29376K)->29103K(29376K) NonClass: 25999K(26112K)->25999K(26112K) Class: 3103K(3264K)->3103K(3264K)
[6022.619s][info][gc             ] GC(1974) Pause Young (Allocation Failure) 5198M->2952M(5329M) 101.167ms
[6022.619s][info][gc,cpu         ] GC(1974) User=0.56s Sys=0.04s Real=0.10s
.[6024.218s][info][gc,start       ] GC(1975) Pause Young (Allocation Failure)
[6024.312s][info][gc,heap        ] GC(1975) PSYoungGen: 2559492K(2594304K)->147520K(2596352K) Eden: 2398720K(2398720K)->0K(2403840K) From: 160772K(195584K)->147520K(192512K)
[6024.312s][info][gc,heap        ] GC(1975) ParOldGen: 2862113K(2862592K)->2963473K(2963968K)
[6024.312s][info][gc,metaspace   ] GC(1975) Metaspace: 29103K(29376K)->29103K(29376K) NonClass: 25999K(26112K)->25999K(26112K) Class: 3103K(3264K)->3103K(3264K)
[6024.312s][info][gc             ] GC(1975) Pause Young (Allocation Failure) 5294M->3038M(5430M) 93.708ms
[6024.312s][info][gc,cpu         ] GC(1975) User=0.53s Sys=0.03s Real=0.09s
..[6025.743s][info][gc,start       ] GC(1976) Pause Young (Allocation Failure)
[6025.845s][info][gc,heap        ] GC(1976) PSYoungGen: 2551360K(2596352K)->160784K(2596352K) Eden: 2403840K(2403840K)->0K(2403840K) From: 147520K(192512K)->160784K(192512K)
[6025.845s][info][gc,heap        ] GC(1976) ParOldGen: 2963473K(2963968K)->3069289K(3069440K)
[6025.845s][info][gc,metaspace   ] GC(1976) Metaspace: 29103K(29376K)->29103K(29376K) NonClass: 25999K(26112K)->25999K(26112K) Class: 3103K(3264K)->3103K(3264K)
[6025.845s][info][gc             ] GC(1976) Pause Young (Allocation Failure) 5385M->3154M(5533M) 101.874ms
[6025.845s][info][gc,cpu         ] GC(1976) User=0.58s Sys=0.03s Real=0.11s
..[6027.408s][info][gc,start       ] GC(1977) Pause Young (Allocation Failure)
[6027.506s][info][gc,heap        ] GC(1977) PSYoungGen: 2564624K(2596352K)->157568K(2601472K) Eden: 2403840K(2403840K)->0K(2413056K) From: 160784K(192512K)->157568K(188416K)
[6027.506s][info][gc,heap        ] GC(1977) ParOldGen: 3069289K(3069440K)->3171977K(3172352K)
[6027.506s][info][gc,metaspace   ] GC(1977) Metaspace: 29103K(29376K)->29103K(29376K) NonClass: 25999K(26112K)->25999K(26112K) Class: 3103K(3264K)->3103K(3264K)
[6027.506s][info][gc             ] GC(1977) Pause Young (Allocation Failure) 5501M->3251M(5638M) 98.509ms
[6027.506s][info][gc,cpu         ] GC(1977) User=0.55s Sys=0.03s Real=0.10s
.|[6028.986s][info][gc,start       ] GC(1978) Pause Young (Allocation Failure)
[6029.088s][info][gc,heap        ] GC(1978) PSYoungGen: 2570624K(2601472K)->166656K(2600448K) Eden: 2413056K(2413056K)->0K(2413056K) From: 157568K(188416K)->166656K(187392K)
[6029.088s][info][gc,heap        ] GC(1978) ParOldGen: 3171977K(3172352K)->3277617K(3277824K)
[6029.088s][info][gc,metaspace   ] GC(1978) Metaspace: 29103K(29376K)->29103K(29376K) NonClass: 25999K(26112K)->25999K(26112K) Class: 3103K(3264K)->3103K(3264K)
[6029.088s][info][gc             ] GC(1978) Pause Young (Allocation Failure) 5608M->3363M(5740M) 102.031ms
[6029.088s][info][gc,cpu         ] GC(1978) User=0.57s Sys=0.03s Real=0.10s
..[6030.626s][info][gc,start       ] GC(1979) Pause Young (Allocation Failure)
[6030.722s][info][gc,heap        ] GC(1979) PSYoungGen: 2579712K(2600448K)->157408K(2607104K) Eden: 2413056K(2413056K)->0K(2421760K) From: 166656K(187392K)->157408K(185344K)
[6030.722s][info][gc,heap        ] GC(1979) ParOldGen: 3277617K(3277824K)->3379841K(3380224K)
[6030.722s][info][gc,metaspace   ] GC(1979) Metaspace: 29103K(29376K)->29103K(29376K) NonClass: 25999K(26112K)->25999K(26112K) Class: 3103K(3264K)->3103K(3264K)
[6030.722s][info][gc             ] GC(1979) Pause Young (Allocation Failure) 5720M->3454M(5847M) 96.917ms
[6030.723s][info][gc,cpu         ] GC(1979) User=0.54s Sys=0.03s Real=0.09s
.[6032.222s][info][gc,start       ] GC(1980) Pause Young (Allocation Failure)
[6032.320s][info][gc,heap        ] GC(1980) PSYoungGen: 2579168K(2607104K)->154052K(2607104K) Eden: 2421760K(2421760K)->0K(2421760K) From: 157408K(185344K)->154052K(185344K)
[6032.320s][info][gc,heap        ] GC(1980) ParOldGen: 3379841K(3380224K)->3483889K(3484160K)
[6032.320s][info][gc,metaspace   ] GC(1980) Metaspace: 29103K(29376K)->29103K(29376K) NonClass: 25999K(26112K)->25999K(26112K) Class: 3103K(3264K)->3103K(3264K)
[6032.320s][info][gc             ] GC(1980) Pause Young (Allocation Failure) 5819M->3552M(5948M) 98.385ms
[6032.320s][info][gc,cpu         ] GC(1980) User=0.56s Sys=0.03s Real=0.10s
..[6033.883s][info][gc,start       ] GC(1981) Pause Young (Allocation Failure)
[6033.986s][info][gc,heap        ] GC(1981) PSYoungGen: 2575812K(2607104K)->165146K(2609664K) Eden: 2421760K(2421760K)->0K(2425856K) From: 154052K(185344K)->165146K(183808K)
[6033.986s][info][gc,heap        ] GC(1981) ParOldGen: 3483889K(3484160K)->3587537K(3587584K)
[6033.986s][info][gc,metaspace   ] GC(1981) Metaspace: 29103K(29376K)->29103K(29376K) NonClass: 25999K(26112K)->25999K(26112K) Class: 3103K(3264K)->3103K(3264K)
[6033.986s][info][gc             ] GC(1981) Pause Young (Allocation Failure) 5917M->3664M(6052M) 102.134ms
[6033.986s][info][gc,cpu         ] GC(1981) User=0.58s Sys=0.02s Real=0.10s
..[6035.531s][info][gc,start       ] GC(1982) Pause Young (Allocation Failure)
[6035.629s][info][gc,heap        ] GC(1982) PSYoungGen: 2591002K(2609664K)->154848K(2609152K) Eden: 2425856K(2425856K)->0K(2425856K) From: 165146K(183808K)->154848K(183296K)
[6035.629s][info][gc,heap        ] GC(1982) ParOldGen: 3587537K(3587584K)->3694105K(3694592K)
[6035.629s][info][gc,metaspace   ] GC(1982) Metaspace: 29103K(29376K)->29103K(29376K) NonClass: 25999K(26112K)->25999K(26112K) Class: 3103K(3264K)->3103K(3264K)
[6035.629s][info][gc             ] GC(1982) Pause Young (Allocation Failure) 6033M->3758M(6156M) 97.941ms
[6035.629s][info][gc,cpu         ] GC(1982) User=0.53s Sys=0.04s Real=0.10s
.[6037.229s][info][gc,start       ] GC(1983) Pause Young (Allocation Failure)
[6037.330s][info][gc,heap        ] GC(1983) PSYoungGen: 2580704K(2609152K)->158880K(2610176K) Eden: 2425856K(2425856K)->0K(2430464K) From: 154848K(183296K)->158880K(179712K)
[6037.330s][info][gc,heap        ] GC(1983) ParOldGen: 3694105K(3694592K)->3798081K(3798528K)
[6037.330s][info][gc,metaspace   ] GC(1983) Metaspace: 29103K(29376K)->29103K(29376K) NonClass: 25999K(26112K)->25999K(26112K) Class: 3103K(3264K)->3103K(3264K)
[6037.330s][info][gc             ] GC(1983) Pause Young (Allocation Failure) 6127M->3864M(6258M) 100.549ms
[6037.330s][info][gc,cpu         ] GC(1983) User=0.55s Sys=0.03s Real=0.10s
..[6038.941s][info][gc,start       ] GC(1984) Pause Young (Allocation Failure)
[6039.045s][info][gc,heap        ] GC(1984) PSYoungGen: 2589344K(2610176K)->170244K(2610688K) Eden: 2430464K(2430464K)->0K(2430464K) From: 158880K(179712K)->170244K(180224K)
[6039.045s][info][gc,heap        ] GC(1984) ParOldGen: 3798081K(3798528K)->3901561K(3901952K)
[6039.045s][info][gc,metaspace   ] GC(1984) Metaspace: 29103K(29376K)->29103K(29376K) NonClass: 25999K(26112K)->25999K(26112K) Class: 3103K(3264K)->3103K(3264K)
[6039.045s][info][gc             ] GC(1984) Pause Young (Allocation Failure) 6237M->3976M(6360M) 104.166ms
[6039.045s][info][gc,cpu         ] GC(1984) User=0.59s Sys=0.02s Real=0.11s
..[6040.574s][info][gc,start       ] GC(1985) Pause Young (Allocation Failure)
[6040.674s][info][gc,heap        ] GC(1985) PSYoungGen: 2600708K(2610688K)->156529K(2614272K) Eden: 2430464K(2430464K)->0K(2433024K) From: 170244K(180224K)->156529K(181248K)
[6040.674s][info][gc,heap        ] GC(1985) ParOldGen: 3901561K(3901952K)->4007209K(4007424K)
[6040.674s][info][gc,metaspace   ] GC(1985) Metaspace: 29103K(29376K)->29103K(29376K) NonClass: 25999K(26112K)->25999K(26112K) Class: 3103K(3264K)->3103K(3264K)
[6040.674s][info][gc             ] GC(1985) Pause Young (Allocation Failure) 6349M->4066M(6466M) 99.953ms
[6040.674s][info][gc,cpu         ] GC(1985) User=0.56s Sys=0.03s Real=0.10s
.[6042.101s][info][gc,start       ] GC(1986) Pause Young (Allocation Failure)
[6042.202s][info][gc,heap        ] GC(1986) PSYoungGen: 2589553K(2614272K)->162848K(2613760K) Eden: 2433024K(2433024K)->0K(2433024K) From: 156529K(181248K)->162848K(180736K)
[6042.202s][info][gc,heap        ] GC(1986) ParOldGen: 4007209K(4007424K)->4111145K(4111360K)
[6042.202s][info][gc,metaspace   ] GC(1986) Metaspace: 29103K(29376K)->29103K(29376K) NonClass: 25999K(26112K)->25999K(26112K) Class: 3103K(3264K)->3103K(3264K)
[6042.202s][info][gc             ] GC(1986) Pause Young (Allocation Failure) 6442M->4173M(6567M) 100.529ms
[6042.202s][info][gc,cpu         ] GC(1986) User=0.55s Sys=0.04s Real=0.10s
..[6043.795s][info][gc,start       ] GC(1987) Pause Young (Allocation Failure)
[6043.895s][info][gc,heap        ] GC(1987) PSYoungGen: 2595872K(2613760K)->162208K(2613760K) Eden: 2433024K(2433024K)->0K(2435584K) From: 162848K(180736K)->162208K(178176K)
[6043.895s][info][gc,heap        ] GC(1987) ParOldGen: 4111145K(4111360K)->4212137K(4212224K)
[6043.895s][info][gc,metaspace   ] GC(1987) Metaspace: 29103K(29376K)->29103K(29376K) NonClass: 25999K(26112K)->25999K(26112K) Class: 3103K(3264K)->3103K(3264K)
[6043.895s][info][gc             ] GC(1987) Pause Young (Allocation Failure) 6549M->4271M(6666M) 99.681ms
[6043.895s][info][gc,cpu         ] GC(1987) User=0.56s Sys=0.03s Real=0.10s
..[6045.430s][info][gc,start       ] GC(1988) Pause Young (Allocation Failure)
[6045.528s][info][gc,heap        ] GC(1988) PSYoungGen: 2597792K(2613760K)->149728K(2613760K) Eden: 2435584K(2435584K)->0K(2435584K) From: 162208K(178176K)->149728K(178176K)
[6045.528s][info][gc,heap        ] GC(1988) ParOldGen: 4212137K(4212224K)->4320481K(4320768K)
[6045.528s][info][gc,metaspace   ] GC(1988) Metaspace: 29103K(29376K)->29103K(29376K) NonClass: 25999K(26112K)->25999K(26112K) Class: 3103K(3264K)->3103K(3264K)
[6045.528s][info][gc             ] GC(1988) Pause Young (Allocation Failure) 6650M->4365M(6772M) 97.846ms
[6045.528s][info][gc,cpu         ] GC(1988) User=0.54s Sys=0.04s Real=0.10s
.[6047.078s][info][gc,start       ] GC(1989) Pause Young (Allocation Failure)
[6047.183s][info][gc,heap        ] GC(1989) PSYoungGen: 2585312K(2613760K)->171072K(2613248K) Eden: 2435584K(2435584K)->0K(2434560K) From: 149728K(178176K)->171072K(178688K)
[6047.183s][info][gc,heap        ] GC(1989) ParOldGen: 4320481K(4320768K)->4420785K(4421120K)
[6047.183s][info][gc,metaspace   ] GC(1989) Metaspace: 29103K(29376K)->29103K(29376K) NonClass: 25999K(26112K)->25999K(26112K) Class: 3103K(3264K)->3103K(3264K)
[6047.183s][info][gc             ] GC(1989) Pause Young (Allocation Failure) 6743M->4484M(6869M) 105.455ms
[6047.183s][info][gc,cpu         ] GC(1989) User=0.58s Sys=0.04s Real=0.11s
..[6048.742s][info][gc,start       ] GC(1990) Pause Young (Allocation Failure)
[6048.844s][info][gc,heap        ] GC(1990) PSYoungGen: 2605632K(2613248K)->157696K(2615296K) Eden: 2434560K(2434560K)->0K(2434560K) From: 171072K(178688K)->157696K(180736K)
[6048.844s][info][gc,heap        ] GC(1990) ParOldGen: 4420785K(4421120K)->4525505K(4525568K)
[6048.844s][info][gc,metaspace   ] GC(1990) Metaspace: 29103K(29376K)->29103K(29376K) NonClass: 25999K(26112K)->25999K(26112K) Class: 3103K(3264K)->3103K(3264K)
[6048.844s][info][gc             ] GC(1990) Pause Young (Allocation Failure) 6861M->4573M(6973M) 102.042ms
[6048.844s][info][gc,cpu         ] GC(1990) User=0.57s Sys=0.03s Real=0.11s
.[6050.430s][info][gc,start       ] GC(1991) Pause Young (Allocation Failure)
[6050.532s][info][gc,heap        ] GC(1991) PSYoungGen: 2592256K(2615296K)->158996K(2611712K) Eden: 2434560K(2434560K)->0K(2436096K) From: 157696K(180736K)->158996K(175616K)
[6050.532s][info][gc,heap        ] GC(1991) ParOldGen: 4525505K(4525568K)->4630145K(4630528K)
[6050.532s][info][gc,metaspace   ] GC(1991) Metaspace: 29103K(29376K)->29103K(29376K) NonClass: 25999K(26112K)->25999K(26112K) Class: 3103K(3264K)->3103K(3264K)
[6050.532s][info][gc             ] GC(1991) Pause Young (Allocation Failure) 6950M->4676M(7072M) 102.977ms
[6050.533s][info][gc,cpu         ] GC(1991) User=0.57s Sys=0.02s Real=0.10s
..[6052.098s][info][gc,start       ] GC(1992) Pause Young (Allocation Failure)
[6052.204s][info][gc,heap        ] GC(1992) PSYoungGen: 2595092K(2611712K)->177653K(2613760K) Eden: 2436096K(2436096K)->0K(2436096K) From: 158996K(175616K)->177653K(177664K)
[6052.204s][info][gc,heap        ] GC(1992) ParOldGen: 4630145K(4630528K)->4729577K(4729856K)
[6052.204s][info][gc,metaspace   ] GC(1992) Metaspace: 29103K(29376K)->29103K(29376K) NonClass: 25999K(26112K)->25999K(26112K) Class: 3103K(3264K)->3103K(3264K)
[6052.204s][info][gc             ] GC(1992) Pause Young (Allocation Failure) 7055M->4792M(7171M) 106.224ms
[6052.204s][info][gc,cpu         ] GC(1992) User=0.60s Sys=0.04s Real=0.11s
..[6053.705s][info][gc,start       ] GC(1993) Pause Young (Allocation Failure)
[6053.809s][info][gc,heap        ] GC(1993) PSYoungGen: 2613749K(2613760K)->162293K(2546176K) Eden: 2436096K(2436096K)->0K(2363904K) From: 177653K(177664K)->162293K(182272K)
[6053.809s][info][gc,heap        ] GC(1993) ParOldGen: 4729577K(4729856K)->4838249K(4838400K)
[6053.809s][info][gc,metaspace   ] GC(1993) Metaspace: 29103K(29376K)->29103K(29376K) NonClass: 25999K(26112K)->25999K(26112K) Class: 3103K(3264K)->3103K(3264K)
[6053.809s][info][gc             ] GC(1993) Pause Young (Allocation Failure) 7171M->4883M(7211M) 104.317ms
[6053.809s][info][gc,cpu         ] GC(1993) User=0.58s Sys=0.04s Real=0.10s
.[6055.265s][info][gc,start       ] GC(1994) Pause Young (Allocation Failure)
[6055.362s][info][gc,heap        ] GC(1994) PSYoungGen: 2526197K(2546176K)->152768K(2579968K) Eden: 2363904K(2363904K)->0K(2363904K) From: 162293K(182272K)->152768K(216064K)
[6055.362s][info][gc,heap        ] GC(1994) ParOldGen: 4838249K(4838400K)->4941145K(4941312K)
[6055.362s][info][gc,metaspace   ] GC(1994) Metaspace: 29103K(29376K)->29103K(29376K) NonClass: 25999K(26112K)->25999K(26112K) Class: 3103K(3264K)->3103K(3264K)
[6055.362s][info][gc             ] GC(1994) Pause Young (Allocation Failure) 7191M->4974M(7345M) 97.381ms
[6055.362s][info][gc,cpu         ] GC(1994) User=0.54s Sys=0.03s Real=0.09s
..[6056.842s][info][gc,start       ] GC(1995) Pause Young (Allocation Failure)
[6056.945s][info][gc,heap        ] GC(1995) PSYoungGen: 2516672K(2579968K)->163030K(2571776K) Eden: 2363904K(2363904K)->0K(2364928K) From: 152768K(216064K)->163030K(206848K)
[6056.945s][info][gc,heap        ] GC(1995) ParOldGen: 4941145K(4941312K)->5045033K(5045248K)
[6056.945s][info][gc,metaspace   ] GC(1995) Metaspace: 29103K(29376K)->29103K(29376K) NonClass: 25999K(26112K)->25999K(26112K) Class: 3103K(3264K)->3103K(3264K)
[6056.945s][info][gc             ] GC(1995) Pause Young (Allocation Failure) 7283M->5085M(7438M) 103.528ms
[6056.945s][info][gc,cpu         ] GC(1995) User=0.57s Sys=0.03s Real=0.11s
.[6058.556s][info][gc,start       ] GC(1996) Pause Young (Allocation Failure)
[6058.659s][info][gc,heap        ] GC(1996) PSYoungGen: 2527958K(2571776K)->162277K(2576384K) Eden: 2364928K(2364928K)->0K(2364928K) From: 163030K(206848K)->162277K(211456K)
[6058.659s][info][gc,heap        ] GC(1996) ParOldGen: 5045033K(5045248K)->5147721K(5148160K)
[6058.659s][info][gc,metaspace   ] GC(1996) Metaspace: 29103K(29376K)->29103K(29376K) NonClass: 25999K(26112K)->25999K(26112K) Class: 3103K(3264K)->3103K(3264K)
[6058.659s][info][gc             ] GC(1996) Pause Young (Allocation Failure) 7395M->5185M(7543M) 102.350ms
[6058.659s][info][gc,cpu         ] GC(1996) User=0.57s Sys=0.04s Real=0.10s
..[6060.033s][info][gc,start       ] GC(1997) Pause Young (Allocation Failure)
[6060.135s][info][gc,heap        ] GC(1997) PSYoungGen: 2527205K(2576384K)->163584K(2576896K) Eden: 2364928K(2364928K)->0K(2376192K) From: 162277K(211456K)->163584K(200704K)
[6060.135s][info][gc,heap        ] GC(1997) ParOldGen: 5147721K(5148160K)->5250313K(5250560K)
[6060.135s][info][gc,metaspace   ] GC(1997) Metaspace: 29103K(29376K)->29103K(29376K) NonClass: 25999K(26112K)->25999K(26112K) Class: 3103K(3264K)->3103K(3264K)
[6060.135s][info][gc             ] GC(1997) Pause Young (Allocation Failure) 7495M->5287M(7644M) 102.134ms
[6060.136s][info][gc,cpu         ] GC(1997) User=0.57s Sys=0.03s Real=0.10s
.[6061.663s][info][gc,start       ] GC(1998) Pause Young (Allocation Failure)
[6061.762s][info][gc,heap        ] GC(1998) PSYoungGen: 2539776K(2576896K)->152928K(2581504K) Eden: 2376192K(2376192K)->0K(2376192K) From: 163584K(200704K)->152928K(205312K)
[6061.763s][info][gc,heap        ] GC(1998) ParOldGen: 5250313K(5250560K)->5352465K(5352960K)
[6061.763s][info][gc,metaspace   ] GC(1998) Metaspace: 29103K(29376K)->29103K(29376K) NonClass: 25999K(26112K)->25999K(26112K) Class: 3103K(3264K)->3103K(3264K)
[6061.763s][info][gc             ] GC(1998) Pause Young (Allocation Failure) 7607M->5376M(7748M) 99.977ms
[6061.763s][info][gc,cpu         ] GC(1998) User=0.57s Sys=0.02s Real=0.10s
..[6063.220s][info][gc,start       ] GC(1999) Pause Young (Allocation Failure)
[6063.318s][info][gc,heap        ] GC(1999) PSYoungGen: 2529120K(2581504K)->146208K(2589184K) Eden: 2376192K(2376192K)->0K(2386944K) From: 152928K(205312K)->146208K(202240K)
[6063.318s][info][gc,heap        ] GC(1999) ParOldGen: 5352465K(5352960K)->5458145K(5458432K)
[6063.318s][info][gc,metaspace   ] GC(1999) Metaspace: 29103K(29376K)->29103K(29376K) NonClass: 25999K(26112K)->25999K(26112K) Class: 3103K(3264K)->3103K(3264K)
[6063.318s][info][gc             ] GC(1999) Pause Young (Allocation Failure) 7696M->5473M(7859M) 97.736ms
[6063.318s][info][gc,cpu         ] GC(1999) User=0.54s Sys=0.04s Real=0.10s
..[6064.895s][info][gc,start       ] GC(2000) Pause Young (Allocation Failure)
[6064.996s][info][gc,heap        ] GC(2000) PSYoungGen: 2533152K(2589184K)->154752K(2590720K) Eden: 2386944K(2386944K)->0K(2386944K) From: 146208K(202240K)->154752K(203776K)
[6064.996s][info][gc,heap        ] GC(2000) ParOldGen: 5458145K(5458432K)->5559857K(5560320K)
[6064.996s][info][gc,metaspace   ] GC(2000) Metaspace: 29103K(29376K)->29103K(29376K) NonClass: 25999K(26112K)->25999K(26112K) Class: 3103K(3264K)->3103K(3264K)
[6064.996s][info][gc             ] GC(2000) Pause Young (Allocation Failure) 7804M->5580M(7960M) 101.187ms
[6064.996s][info][gc,cpu         ] GC(2000) User=0.56s Sys=0.03s Real=0.10s
.[6066.463s][info][gc,start       ] GC(2001) Pause Full (Allocation Failure)
[6066.463s][info][gc,phases,start] GC(2001) Marking Phase
[6066.790s][info][gc,phases      ] GC(2001) Marking Phase 326.904ms
[6066.790s][info][gc,phases,start] GC(2001) Summary Phase
[6066.790s][info][gc,phases      ] GC(2001) Summary Phase 0.106ms
[6066.790s][info][gc,phases,start] GC(2001) Forward
[6066.926s][info][gc,phases      ] GC(2001) Forward 135.730ms
[6066.926s][info][gc,phases,start] GC(2001) Adjust Pointers
[6067.144s][info][gc,phases      ] GC(2001) Adjust Pointers 218.037ms
[6067.144s][info][gc,phases,start] GC(2001) Compaction Phase
[6067.295s][info][gc,phases      ] GC(2001) Compaction Phase 151.443ms
[6067.297s][info][gc,phases,start] GC(2001) Post Compact
[6067.304s][info][gc,phases      ] GC(2001) Post Compact 6.972ms
[6067.425s][info][gc,heap        ] GC(2001) PSYoungGen: 2541696K(2590720K)->0K(2591232K) Eden: 2386944K(2386944K)->0K(2390016K) From: 154752K(203776K)->0K(201216K)
[6067.425s][info][gc,heap        ] GC(2001) ParOldGen: 5559857K(5560320K)->1625268K(2097152K)
[6067.425s][info][gc,metaspace   ] GC(2001) Metaspace: 29103K(29376K)->29103K(29376K) NonClass: 25999K(26112K)->25999K(26112K) Class: 3103K(3264K)->3103K(3264K)
[6067.425s][info][gc             ] GC(2001) Pause Full (Allocation Failure) 7911M->1587M(4578M) 961.879ms
[6067.425s][info][gc,cpu         ] GC(2001) User=4.51s Sys=0.12s Real=0.97s
..[6068.685s][info][gc,start       ] GC(2002) Pause Young (Allocation Failure)
[6068.748s][info][gc,heap        ] GC(2002) PSYoungGen: 2390016K(2591232K)->157440K(2591232K) Eden: 2390016K(2390016K)->0K(2390016K) From: 0K(201216K)->157440K(201216K)
[6068.748s][info][gc,heap        ] GC(2002) ParOldGen: 1625268K(2097152K)->1625268K(2097152K)
[6068.748s][info][gc,metaspace   ] GC(2002) Metaspace: 29103K(29376K)->29103K(29376K) NonClass: 25999K(26112K)->25999K(26112K) Class: 3103K(3264K)->3103K(3264K)
[6068.748s][info][gc             ] GC(2002) Pause Young (Allocation Failure) 3921M->1740M(4578M) 63.158ms
[6068.748s][info][gc,cpu         ] GC(2002) User=0.38s Sys=0.00s Real=0.06s
.[6069.988s][info][gc,start       ] GC(2003) Pause Young (Allocation Failure)
[6070.087s][info][gc,heap        ] GC(2003) PSYoungGen: 2547456K(2591232K)->172484K(2592256K) Eden: 2390016K(2390016K)->0K(2393600K) From: 157440K(201216K)->172484K(198656K)
[6070.087s][info][gc,heap        ] GC(2003) ParOldGen: 1625268K(2097152K)->1729588K(2097152K)
[6070.087s][info][gc,metaspace   ] GC(2003) Metaspace: 29103K(29376K)->29103K(29376K) NonClass: 25999K(26112K)->25999K(26112K) Class: 3103K(3264K)->3103K(3264K)
[6070.087s][info][gc             ] GC(2003) Pause Young (Allocation Failure) 4074M->1857M(4579M) 99.143ms
[6070.087s][info][gc,cpu         ] GC(2003) User=0.58s Sys=0.00s Real=0.10s
.[6071.363s][info][gc,start       ] GC(2004) Pause Young (Allocation Failure)
[6071.454s][info][gc,heap        ] GC(2004) PSYoungGen: 2566084K(2592256K)->150880K(2592256K) Eden: 2393600K(2393600K)->0K(2393600K) From: 172484K(198656K)->150880K(198656K)
[6071.454s][info][gc,heap        ] GC(2004) ParOldGen: 1729588K(2097152K)->1835492K(2097152K)
[6071.454s][info][gc,metaspace   ] GC(2004) Metaspace: 29103K(29376K)->29103K(29376K) NonClass: 25999K(26112K)->25999K(26112K) Class: 3103K(3264K)->3103K(3264K)
[6071.454s][info][gc             ] GC(2004) Pause Young (Allocation Failure) 4194M->1939M(4579M) 91.843ms
[6071.454s][info][gc,cpu         ] GC(2004) User=0.54s Sys=0.00s Real=0.10s
..[6072.916s][info][gc,start       ] GC(2005) Pause Young (Allocation Failure)
[6073.012s][info][gc,heap        ] GC(2005) PSYoungGen: 2544480K(2592256K)->161412K(2592768K) Eden: 2393600K(2393600K)->0K(2400256K) From: 150880K(198656K)->161412K(192512K)
[6073.012s][info][gc,heap        ] GC(2005) ParOldGen: 1835492K(2097152K)->1940108K(2097152K)
[6073.012s][info][gc,metaspace   ] GC(2005) Metaspace: 29103K(29376K)->29103K(29376K) NonClass: 25999K(26112K)->25999K(26112K) Class: 3103K(3264K)->3103K(3264K)
[6073.012s][info][gc             ] GC(2005) Pause Young (Allocation Failure) 4277M->2052M(4580M) 96.425ms
[6073.012s][info][gc,cpu         ] GC(2005) User=0.56s Sys=0.00s Real=0.09s
.[6074.515s][info][gc,start       ] GC(2006) Pause Young (Allocation Failure)
[6074.604s][info][gc,heap        ] GC(2006) PSYoungGen: 2561668K(2592768K)->153696K(2594304K) Eden: 2400256K(2400256K)->0K(2400256K) From: 161412K(192512K)->153696K(194048K)
[6074.604s][info][gc,heap        ] GC(2006) ParOldGen: 1940108K(2097152K)->2038356K(2097152K)
[6074.604s][info][gc,metaspace   ] GC(2006) Metaspace: 29103K(29376K)->29103K(29376K) NonClass: 25999K(26112K)->25999K(26112K) Class: 3103K(3264K)->3103K(3264K)
[6074.604s][info][gc             ] GC(2006) Pause Young (Allocation Failure) 4396M->2140M(4581M) 88.990ms
[6074.604s][info][gc,cpu         ] GC(2006) User=0.52s Sys=0.00s Real=0.09s
..[6076.180s][info][gc,start       ] GC(2007) Pause Young (Allocation Failure)
[6076.276s][info][gc,heap        ] GC(2007) PSYoungGen: 2553952K(2594304K)->158976K(2597376K) Eden: 2400256K(2400256K)->0K(2409984K) From: 153696K(194048K)->158976K(187392K)
[6076.276s][info][gc,heap        ] GC(2007) ParOldGen: 2038356K(2097152K)->2144036K(2144256K)
[6076.276s][info][gc,metaspace   ] GC(2007) Metaspace: 29103K(29376K)->29103K(29376K) NonClass: 25999K(26112K)->25999K(26112K) Class: 3103K(3264K)->3103K(3264K)
[6076.276s][info][gc             ] GC(2007) Pause Young (Allocation Failure) 4484M->2249M(4630M) 96.268ms
[6076.276s][info][gc,cpu         ] GC(2007) User=0.55s Sys=0.01s Real=0.10s
.[6077.732s][info][gc,start       ] GC(2008) Pause Young (Allocation Failure)
[6077.833s][info][gc,heap        ] GC(2008) PSYoungGen: 2568960K(2597376K)->158179K(2599424K) Eden: 2409984K(2409984K)->0K(2409984K) From: 158976K(187392K)->158179K(189440K)
[6077.833s][info][gc,heap        ] GC(2008) ParOldGen: 2144036K(2144256K)->2250140K(2250240K)
[6077.833s][info][gc,metaspace   ] GC(2008) Metaspace: 29103K(29376K)->29103K(29376K) NonClass: 25999K(26112K)->25999K(26112K) Class: 3103K(3264K)->3103K(3264K)
[6077.833s][info][gc             ] GC(2008) Pause Young (Allocation Failure) 4602M->2351M(4736M) 100.695ms
[6077.833s][info][gc,cpu         ] GC(2008) User=0.57s Sys=0.03s Real=0.10s
..[6079.291s][info][gc,start       ] GC(2009) Pause Young (Allocation Failure)
[6079.388s][info][gc,heap        ] GC(2009) PSYoungGen: 2568163K(2599424K)->151744K(2604544K) Eden: 2409984K(2409984K)->0K(2419200K) From: 158179K(189440K)->151744K(185344K)
[6079.388s][info][gc,heap        ] GC(2009) ParOldGen: 2250140K(2250240K)->2352836K(2353152K)
[6079.388s][info][gc,metaspace   ] GC(2009) Metaspace: 29103K(29376K)->29103K(29376K) NonClass: 25999K(26112K)->25999K(26112K) Class: 3103K(3264K)->3103K(3264K)
[6079.388s][info][gc             ] GC(2009) Pause Young (Allocation Failure) 4705M->2445M(4841M) 97.155ms
[6079.388s][info][gc,cpu         ] GC(2009) User=0.54s Sys=0.03s Real=0.10s
.[6080.918s][info][gc,start       ] GC(2010) Pause Young (Allocation Failure)
[6081.020s][info][gc,heap        ] GC(2010) PSYoungGen: 2570944K(2604544K)->171872K(2605568K) Eden: 2419200K(2419200K)->0K(2419200K) From: 151744K(185344K)->171872K(186368K)
[6081.020s][info][gc,heap        ] GC(2010) ParOldGen: 2352836K(2353152K)->2455644K(2456064K)
[6081.020s][info][gc,metaspace   ] GC(2010) Metaspace: 29103K(29376K)->29103K(29376K) NonClass: 25999K(26112K)->25999K(26112K) Class: 3103K(3264K)->3103K(3264K)
[6081.020s][info][gc             ] GC(2010) Pause Young (Allocation Failure) 4808M->2565M(4943M) 102.220ms
[6081.020s][info][gc,cpu         ] GC(2010) User=0.58s Sys=0.03s Real=0.10s
..[6082.627s][info][gc,start       ] GC(2011) Pause Young (Allocation Failure)
[6082.727s][info][gc,heap        ] GC(2011) PSYoungGen: 2591072K(2605568K)->164384K(2608128K) Eden: 2419200K(2419200K)->0K(2421760K) From: 171872K(186368K)->164384K(186368K)
[6082.727s][info][gc,heap        ] GC(2011) ParOldGen: 2455644K(2456064K)->2561316K(2561536K)
[6082.727s][info][gc,metaspace   ] GC(2011) Metaspace: 29103K(29376K)->29103K(29376K) NonClass: 25999K(26112K)->25999K(26112K) Class: 3103K(3264K)->3103K(3264K)
[6082.727s][info][gc             ] GC(2011) Pause Young (Allocation Failure) 4928M->2661M(5048M) 100.031ms
[6082.727s][info][gc,cpu         ] GC(2011) User=0.55s Sys=0.04s Real=0.10s
..[6084.141s][info][gc,start       ] GC(2012) Pause Young (Allocation Failure)
[6084.245s][info][gc,heap        ] GC(2012) PSYoungGen: 2586144K(2608128K)->168256K(2608128K) Eden: 2421760K(2421760K)->0K(2421760K) From: 164384K(186368K)->168256K(186368K)
[6084.245s][info][gc,heap        ] GC(2012) ParOldGen: 2561316K(2561536K)->2670716K(2671104K)
[6084.245s][info][gc,metaspace   ] GC(2012) Metaspace: 29103K(29376K)->29103K(29376K) NonClass: 25999K(26112K)->25999K(26112K) Class: 3103K(3264K)->3103K(3264K)
[6084.245s][info][gc             ] GC(2012) Pause Young (Allocation Failure) 5026M->2772M(5155M) 104.291ms
[6084.246s][info][gc,cpu         ] GC(2012) User=0.58s Sys=0.04s Real=0.11s
.[6085.809s][info][gc,start       ] GC(2013) Pause Young (Allocation Failure)
[6085.907s][info][gc,heap        ] GC(2013) PSYoungGen: 2590016K(2608128K)->160768K(2605568K) Eden: 2421760K(2421760K)->0K(2423296K) From: 168256K(186368K)->160768K(182272K)
[6085.907s][info][gc,heap        ] GC(2013) ParOldGen: 2670716K(2671104K)->2770172K(2770432K)
[6085.907s][info][gc,metaspace   ] GC(2013) Metaspace: 29103K(29376K)->29103K(29376K) NonClass: 25999K(26112K)->25999K(26112K) Class: 3103K(3264K)->3103K(3264K)
[6085.907s][info][gc             ] GC(2013) Pause Young (Allocation Failure) 5137M->2862M(5250M) 98.231ms
[6085.907s][info][gc,cpu         ] GC(2013) User=0.55s Sys=0.03s Real=0.10s
..[6087.433s][info][gc,start       ] GC(2014) Pause Young (Allocation Failure)
[6087.530s][info][gc,heap        ] GC(2014) PSYoungGen: 2584064K(2605568K)->150288K(2607616K) Eden: 2423296K(2423296K)->0K(2423296K) From: 160768K(182272K)->150288K(184320K)
[6087.530s][info][gc,heap        ] GC(2014) ParOldGen: 2770172K(2770432K)->2876804K(2876928K)
[6087.530s][info][gc,metaspace   ] GC(2014) Metaspace: 29103K(29376K)->29103K(29376K) NonClass: 25999K(26112K)->25999K(26112K) Class: 3103K(3264K)->3103K(3264K)
[6087.530s][info][gc             ] GC(2014) Pause Young (Allocation Failure) 5228M->2956M(5356M) 97.059ms
[6087.530s][info][gc,cpu         ] GC(2014) User=0.54s Sys=0.03s Real=0.10s
.[6089.048s][info][gc,start       ] GC(2015) Pause Young (Allocation Failure)
[6089.147s][info][gc,heap        ] GC(2015) PSYoungGen: 2573584K(2607616K)->165792K(2610688K) Eden: 2423296K(2423296K)->0K(2427392K) From: 150288K(184320K)->165792K(183296K)
[6089.147s][info][gc,heap        ] GC(2015) ParOldGen: 2876804K(2876928K)->2976700K(2976768K)
[6089.147s][info][gc,metaspace   ] GC(2015) Metaspace: 29103K(29376K)->29103K(29376K) NonClass: 25999K(26112K)->25999K(26112K) Class: 3103K(3264K)->3103K(3264K)
[6089.147s][info][gc             ] GC(2015) Pause Young (Allocation Failure) 5322M->3068M(5456M) 99.166ms
[6089.147s][info][gc,cpu         ] GC(2015) User=0.56s Sys=0.03s Real=0.10s
. (rIR:aIR:PR = 10516:10454:10470) (tPR = 156516) [OK] 
  6089s: Performance info:
         Transaction,    Success,    Partial,     Failed,   Receipts, AvgBarcode, 
             Overall,     635535,          0,          0,     603723,      59.47, 
         Response times:
             Request,    Success,    Partial,     Failed,   SkipFail,     Probes,    Samples,      min,      p50,      p90,      p95,      p99,      max, 
       TotalPurchase,     603815,          0,          0,          0,     343684,     514035,      200,     9300,    85000,   146000,   475000,  1100000,
     InStorePurchase,     314881,          0,          0,          0,     181192,     271210,      300,     9500,    84000,   144000,   458000,  1100000,
      OnlinePurchase,     224999,          0,          0,          0,     126223,     188257,      200,     9000,    86000,   147000,   507000,  1100000,
        InstPurchase,      63935,          0,          0,          0,      36269,      54568,      400,     9300,    85000,   149000,   492000,   980000,
          AssocOfCat,        637,          0,          0,          0,        522,        917,    25000,    56000,   158000,   397000,   610000,  1100000,
      AssocOfProduct,       6288,          0,          0,          0,       3496,       5462,      800,    12800,    98000,   154850,   410000,   660000,
      BusinessReport,       1596,          0,          0,          0,       1429,       2273,    31000,    61000,   148000,   225500,   508000,  1100000,
          CustBuyBeh,       6506,          0,          0,          0,       3529,       5560,      200,     9100,    77000,   109950,   410000,   660000,
       ProductReturn,      16785,          0,          0,          0,       9840,      14875,      200,    10200,    83000,   121000,   417000,   980000,

  6089s: (77%)   IR =  10654 .[6090.773s][info][gc,start       ] GC(2016) Pause Young (Allocation Failure)
[6090.871s][info][gc,heap        ] GC(2016) PSYoungGen: 2593184K(2610688K)->152032K(2611200K) Eden: 2427392K(2427392K)->0K(2427392K) From: 165792K(183296K)->152032K(183808K)
[6090.871s][info][gc,heap        ] GC(2016) ParOldGen: 2976700K(2976768K)->3086244K(3086336K)
[6090.871s][info][gc,metaspace   ] GC(2016) Metaspace: 29103K(29376K)->29103K(29376K) NonClass: 25999K(26112K)->25999K(26112K) Class: 3103K(3264K)->3103K(3264K)
[6090.871s][info][gc             ] GC(2016) Pause Young (Allocation Failure) 5439M->3162M(5564M) 97.785ms
[6090.871s][info][gc,cpu         ] GC(2016) User=0.55s Sys=0.03s Real=0.10s
..[6092.343s][info][gc,start       ] GC(2017) Pause Young (Allocation Failure)
[6092.439s][info][gc,heap        ] GC(2017) PSYoungGen: 2579424K(2611200K)->153011K(2610176K) Eden: 2427392K(2427392K)->0K(2428928K) From: 152032K(183808K)->153011K(181248K)
[6092.439s][info][gc,heap        ] GC(2017) ParOldGen: 3086244K(3086336K)->3186956K(3187200K)
[6092.439s][info][gc,metaspace   ] GC(2017) Metaspace: 29103K(29376K)->29103K(29376K) NonClass: 25999K(26112K)->25999K(26112K) Class: 3103K(3264K)->3103K(3264K)
[6092.439s][info][gc             ] GC(2017) Pause Young (Allocation Failure) 5532M->3261M(5661M) 96.410ms
[6092.440s][info][gc,cpu         ] GC(2017) User=0.55s Sys=0.02s Real=0.10s
.[6093.949s][info][gc,start       ] GC(2018) Pause Young (Allocation Failure)
[6094.049s][info][gc,heap        ] GC(2018) PSYoungGen: 2581939K(2610176K)->163296K(2611200K) Eden: 2428928K(2428928K)->0K(2428928K) From: 153011K(181248K)->163296K(182272K)
[6094.049s][info][gc,heap        ] GC(2018) ParOldGen: 3186956K(3187200K)->3290468K(3290624K)
[6094.049s][info][gc,metaspace   ] GC(2018) Metaspace: 29103K(29376K)->29103K(29376K) NonClass: 25999K(26112K)->25999K(26112K) Class: 3103K(3264K)->3103K(3264K)
[6094.049s][info][gc             ] GC(2018) Pause Young (Allocation Failure) 5633M->3372M(5763M) 99.457ms
[6094.049s][info][gc,cpu         ] GC(2018) User=0.55s Sys=0.03s Real=0.10s
..[6095.640s][info][gc,start       ] GC(2019) Pause Young (Allocation Failure)
[6095.742s][info][gc,heap        ] GC(2019) PSYoungGen: 2592224K(2611200K)->163893K(2612736K) Eden: 2428928K(2428928K)->0K(2432512K) From: 163296K(182272K)->163893K(180224K)
[6095.742s][info][gc,heap        ] GC(2019) ParOldGen: 3290468K(3290624K)->3397372K(3397632K)
[6095.742s][info][gc,metaspace   ] GC(2019) Metaspace: 29103K(29376K)->29103K(29376K) NonClass: 25999K(26112K)->25999K(26112K) Class: 3103K(3264K)->3103K(3264K)
[6095.742s][info][gc             ] GC(2019) Pause Young (Allocation Failure) 5744M->3477M(5869M) 101.846ms
[6095.742s][info][gc,cpu         ] GC(2019) User=0.56s Sys=0.04s Real=0.10s
.[6097.271s][info][gc,start       ] GC(2020) Pause Young (Allocation Failure)
[6097.371s][info][gc,heap        ] GC(2020) PSYoungGen: 2596405K(2612736K)->156704K(2613248K) Eden: 2432512K(2432512K)->0K(2432512K) From: 163893K(180224K)->156704K(180736K)
[6097.371s][info][gc,heap        ] GC(2020) ParOldGen: 3397372K(3397632K)->3498660K(3499008K)
[6097.371s][info][gc,metaspace   ] GC(2020) Metaspace: 29103K(29376K)->29103K(29376K) NonClass: 25999K(26112K)->25999K(26112K) Class: 3103K(3264K)->3103K(3264K)
[6097.371s][info][gc             ] GC(2020) Pause Young (Allocation Failure) 5853M->3569M(5969M) 99.919ms
[6097.371s][info][gc,cpu         ] GC(2020) User=0.56s Sys=0.03s Real=0.10s
..[6098.852s][info][gc,start       ] GC(2021) Pause Young (Allocation Failure)
[6098.951s][info][gc,heap        ] GC(2021) PSYoungGen: 2589216K(2613248K)->161344K(2613248K) Eden: 2432512K(2432512K)->0K(2436096K) From: 156704K(180736K)->161344K(177152K)
[6098.951s][info][gc,heap        ] GC(2021) ParOldGen: 3498660K(3499008K)->3603852K(3603968K)
[6098.951s][info][gc,metaspace   ] GC(2021) Metaspace: 29103K(29376K)->29103K(29376K) NonClass: 25999K(26112K)->25999K(26112K) Class: 3103K(3264K)->3103K(3264K)
[6098.951s][info][gc             ] GC(2021) Pause Young (Allocation Failure) 5945M->3676M(6071M) 99.447ms
[6098.951s][info][gc,cpu         ] GC(2021) User=0.56s Sys=0.03s Real=0.10s
..[6100.445s][info][gc,start       ] GC(2022) Pause Young (Allocation Failure)
[6100.547s][info][gc,heap        ] GC(2022) PSYoungGen: 2597440K(2613248K)->164452K(2613760K) Eden: 2436096K(2436096K)->0K(2436096K) From: 161344K(177152K)->164452K(177664K)
[6100.547s][info][gc,heap        ] GC(2022) ParOldGen: 3603852K(3603968K)->3708732K(3708928K)
[6100.547s][info][gc,metaspace   ] GC(2022) Metaspace: 29103K(29376K)->29103K(29376K) NonClass: 25999K(26112K)->25999K(26112K) Class: 3103K(3264K)->3103K(3264K)
[6100.547s][info][gc             ] GC(2022) Pause Young (Allocation Failure) 6055M->3782M(6174M) 101.894ms
[6100.547s][info][gc,cpu         ] GC(2022) User=0.57s Sys=0.03s Real=0.10s
.|[6102.032s][info][gc,start       ] GC(2023) Pause Young (Allocation Failure)
[6102.145s][info][gc,heap        ] GC(2023) PSYoungGen: 2600548K(2613760K)->177651K(2529280K) Eden: 2436096K(2436096K)->0K(2351616K) From: 164452K(177664K)->177651K(177664K)
[6102.145s][info][gc,heap        ] GC(2023) ParOldGen: 3708732K(3708928K)->3816924K(3816960K)
[6102.145s][info][gc,metaspace   ] GC(2023) Metaspace: 29103K(29376K)->29103K(29376K) NonClass: 25999K(26112K)->25999K(26112K) Class: 3103K(3264K)->3103K(3264K)
[6102.145s][info][gc             ] GC(2023) Pause Young (Allocation Failure) 6161M->3900M(6197M) 113.574ms
[6102.145s][info][gc,cpu         ] GC(2023) User=0.63s Sys=0.04s Real=0.12s
..[6103.541s][info][gc,start       ] GC(2024) Pause Young (Allocation Failure)
[6103.641s][info][gc,heap        ] GC(2024) PSYoungGen: 2529267K(2529280K)->161504K(2573824K) Eden: 2351616K(2351616K)->0K(2351616K) From: 177651K(177664K)->161504K(222208K)
[6103.641s][info][gc,heap        ] GC(2024) ParOldGen: 3816924K(3816960K)->3919172K(3919360K)
[6103.641s][info][gc,metaspace   ] GC(2024) Metaspace: 29103K(29376K)->29103K(29376K) NonClass: 25999K(26112K)->25999K(26112K) Class: 3103K(3264K)->3103K(3264K)
[6103.641s][info][gc             ] GC(2024) Pause Young (Allocation Failure) 6197M->3985M(6341M) 99.824ms
[6103.641s][info][gc,cpu         ] GC(2024) User=0.55s Sys=0.04s Real=0.10s
.[6105.158s][info][gc,start       ] GC(2025) Pause Young (Allocation Failure)
[6105.257s][info][gc,heap        ] GC(2025) PSYoungGen: 2513120K(2573824K)->156832K(2566656K) Eden: 2351616K(2351616K)->0K(2354688K) From: 161504K(222208K)->156832K(211968K)
[6105.257s][info][gc,heap        ] GC(2025) ParOldGen: 3919172K(3919360K)->4027308K(4027392K)
[6105.257s][info][gc,metaspace   ] GC(2025) Metaspace: 29103K(29376K)->29103K(29376K) NonClass: 25999K(26112K)->25999K(26112K) Class: 3103K(3264K)->3103K(3264K)
[6105.257s][info][gc             ] GC(2025) Pause Young (Allocation Failure) 6281M->4086M(6439M) 99.735ms
[6105.257s][info][gc,cpu         ] GC(2025) User=0.55s Sys=0.04s Real=0.10s
..[6106.679s][info][gc,start       ] GC(2026) Pause Young (Allocation Failure)
[6106.776s][info][gc,heap        ] GC(2026) PSYoungGen: 2511520K(2566656K)->151392K(2571776K) Eden: 2354688K(2354688K)->0K(2354688K) From: 156832K(211968K)->151392K(217088K)
[6106.776s][info][gc,heap        ] GC(2026) ParOldGen: 4027308K(4027392K)->4127364K(4127744K)
[6106.776s][info][gc,metaspace   ] GC(2026) Metaspace: 29103K(29376K)->29103K(29376K) NonClass: 25999K(26112K)->25999K(26112K) Class: 3103K(3264K)->3103K(3264K)
[6106.776s][info][gc             ] GC(2026) Pause Young (Allocation Failure) 6385M->4178M(6542M) 96.931ms
[6106.776s][info][gc,cpu         ] GC(2026) User=0.54s Sys=0.03s Real=0.10s
.[6108.231s][info][gc,start       ] GC(2027) Pause Young (Allocation Failure)
[6108.327s][info][gc,heap        ] GC(2027) PSYoungGen: 2506080K(2571776K)->151728K(2573824K) Eden: 2354688K(2354688K)->0K(2362880K) From: 151392K(217088K)->151728K(210944K)
[6108.327s][info][gc,heap        ] GC(2027) ParOldGen: 4127364K(4127744K)->4227676K(4228096K)
[6108.327s][info][gc,metaspace   ] GC(2027) Metaspace: 29103K(29376K)->29103K(29376K) NonClass: 25999K(26112K)->25999K(26112K) Class: 3103K(3264K)->3103K(3264K)
[6108.327s][info][gc             ] GC(2027) Pause Young (Allocation Failure) 6477M->4276M(6642M) 96.692ms
[6108.327s][info][gc,cpu         ] GC(2027) User=0.53s Sys=0.03s Real=0.10s
..[6109.781s][info][gc,start       ] GC(2028) Pause Young (Allocation Failure)
[6109.882s][info][gc,heap        ] GC(2028) PSYoungGen: 2514608K(2573824K)->165938K(2576896K) Eden: 2362880K(2362880K)->0K(2362880K) From: 151728K(210944K)->165938K(214016K)
[6109.882s][info][gc,heap        ] GC(2028) ParOldGen: 4227676K(4228096K)->4329996K(4330496K)
[6109.882s][info][gc,metaspace   ] GC(2028) Metaspace: 29103K(29376K)->29103K(29376K) NonClass: 25999K(26112K)->25999K(26112K) Class: 3103K(3264K)->3103K(3264K)
[6109.882s][info][gc             ] GC(2028) Pause Young (Allocation Failure) 6584M->4390M(6745M) 101.334ms
[6109.883s][info][gc,cpu         ] GC(2028) User=0.58s Sys=0.03s Real=0.10s
.[6111.322s][info][gc,start       ] GC(2029) Pause Young (Allocation Failure)
[6111.419s][info][gc,heap        ] GC(2029) PSYoungGen: 2528818K(2576896K)->155104K(2579456K) Eden: 2362880K(2362880K)->0K(2372608K) From: 165938K(214016K)->155104K(206848K)
[6111.419s][info][gc,heap        ] GC(2029) ParOldGen: 4329996K(4330496K)->4431308K(4431360K)
[6111.419s][info][gc,metaspace   ] GC(2029) Metaspace: 29103K(29376K)->29103K(29376K) NonClass: 25999K(26112K)->25999K(26112K) Class: 3103K(3264K)->3103K(3264K)
[6111.419s][info][gc             ] GC(2029) Pause Young (Allocation Failure) 6698M->4478M(6846M) 96.737ms
[6111.419s][info][gc,cpu         ] GC(2029) User=0.53s Sys=0.04s Real=0.10s
..[6112.839s][info][gc,start       ] GC(2030) Pause Young (Allocation Failure)
[6112.937s][info][gc,heap        ] GC(2030) PSYoungGen: 2527712K(2579456K)->155520K(2579968K) Eden: 2372608K(2372608K)->0K(2372608K) From: 155104K(206848K)->155520K(207360K)
[6112.937s][info][gc,heap        ] GC(2030) ParOldGen: 4431308K(4431360K)->4537972K(4538368K)
[6112.937s][info][gc,metaspace   ] GC(2030) Metaspace: 29103K(29376K)->29103K(29376K) NonClass: 25999K(26112K)->25999K(26112K) Class: 3103K(3264K)->3103K(3264K)
[6112.938s][info][gc             ] GC(2030) Pause Young (Allocation Failure) 6795M->4583M(6951M) 98.643ms
[6112.938s][info][gc,cpu         ] GC(2030) User=0.56s Sys=0.02s Real=0.10s
.[6114.455s][info][gc,start       ] GC(2031) Pause Young (Allocation Failure)
[6114.551s][info][gc,heap        ] GC(2031) PSYoungGen: 2528128K(2579968K)->147936K(2587648K) Eden: 2372608K(2372608K)->0K(2382848K) From: 155520K(207360K)->147936K(204800K)
[6114.551s][info][gc,heap        ] GC(2031) ParOldGen: 4537972K(4538368K)->4641244K(4641280K)
[6114.551s][info][gc,metaspace   ] GC(2031) Metaspace: 29103K(29376K)->29103K(29376K) NonClass: 25999K(26112K)->25999K(26112K) Class: 3103K(3264K)->3103K(3264K)
[6114.551s][info][gc             ] GC(2031) Pause Young (Allocation Failure) 6900M->4676M(7059M) 95.787ms
[6114.551s][info][gc,cpu         ] GC(2031) User=0.54s Sys=0.02s Real=0.09s
..[6115.997s][info][gc,start       ] GC(2032) Pause Young (Allocation Failure)
[6116.099s][info][gc,heap        ] GC(2032) PSYoungGen: 2530784K(2587648K)->163952K(2586624K) Eden: 2382848K(2382848K)->0K(2382848K) From: 147936K(204800K)->163952K(203776K)
[6116.099s][info][gc,heap        ] GC(2032) ParOldGen: 4641244K(4641280K)->4745316K(4745728K)
[6116.099s][info][gc,metaspace   ] GC(2032) Metaspace: 29103K(29376K)->29103K(29376K) NonClass: 25999K(26112K)->25999K(26112K) Class: 3103K(3264K)->3103K(3264K)
[6116.099s][info][gc             ] GC(2032) Pause Young (Allocation Failure) 7003M->4794M(7160M) 102.629ms
[6116.099s][info][gc,cpu         ] GC(2032) User=0.56s Sys=0.04s Real=0.10s
.[6117.611s][info][gc,start       ] GC(2033) Pause Young (Allocation Failure)
[6117.711s][info][gc,heap        ] GC(2033) PSYoungGen: 2546800K(2586624K)->162752K(2588160K) Eden: 2382848K(2382848K)->0K(2391552K) From: 163952K(203776K)->162752K(196608K)
[6117.711s][info][gc,heap        ] GC(2033) ParOldGen: 4745316K(4745728K)->4842396K(4842496K)
[6117.711s][info][gc,metaspace   ] GC(2033) Metaspace: 29103K(29376K)->29103K(29376K) NonClass: 25999K(26112K)->25999K(26112K) Class: 3103K(3264K)->3103K(3264K)
[6117.711s][info][gc             ] GC(2033) Pause Young (Allocation Failure) 7121M->4887M(7256M) 100.115ms
[6117.711s][info][gc,cpu         ] GC(2033) User=0.55s Sys=0.03s Real=0.10s
..[6119.111s][info][gc,start       ] GC(2034) Pause Young (Allocation Failure)
[6119.220s][info][gc,heap        ] GC(2034) PSYoungGen: 2554304K(2588160K)->173780K(2587648K) Eden: 2391552K(2391552K)->0K(2391552K) From: 162752K(196608K)->173780K(196096K)
[6119.220s][info][gc,heap        ] GC(2034) ParOldGen: 4842396K(4842496K)->4951060K(4951552K)
[6119.220s][info][gc,metaspace   ] GC(2034) Metaspace: 29103K(29376K)->29103K(29376K) NonClass: 25999K(26112K)->25999K(26112K) Class: 3103K(3264K)->3103K(3264K)
[6119.220s][info][gc             ] GC(2034) Pause Young (Allocation Failure) 7223M->5004M(7362M) 109.394ms
[6119.220s][info][gc,cpu         ] GC(2034) User=0.60s Sys=0.05s Real=0.11s
.[6120.694s][info][gc,start       ] GC(2035) Pause Young (Allocation Failure)
[6120.794s][info][gc,heap        ] GC(2035) PSYoungGen: 2565332K(2587648K)->153456K(2597888K) Eden: 2391552K(2391552K)->0K(2402816K) From: 173780K(196096K)->153456K(195072K)
[6120.794s][info][gc,heap        ] GC(2035) ParOldGen: 4951060K(4951552K)->5055452K(5055488K)
[6120.794s][info][gc,metaspace   ] GC(2035) Metaspace: 29103K(29376K)->29103K(29376K) NonClass: 25999K(26112K)->25999K(26112K) Class: 3103K(3264K)->3103K(3264K)
[6120.794s][info][gc             ] GC(2035) Pause Young (Allocation Failure) 7340M->5086M(7474M) 99.845ms
[6120.794s][info][gc,cpu         ] GC(2035) User=0.55s Sys=0.04s Real=0.10s
..[6122.405s][info][gc,start       ] GC(2036) Pause Young (Allocation Failure)
[6122.505s][info][gc,heap        ] GC(2036) PSYoungGen: 2556272K(2597888K)->155542K(2598400K) Eden: 2402816K(2402816K)->0K(2402816K) From: 153456K(195072K)->155542K(195584K)
[6122.505s][info][gc,heap        ] GC(2036) ParOldGen: 5055452K(5055488K)->5157564K(5157888K)
[6122.505s][info][gc,metaspace   ] GC(2036) Metaspace: 29103K(29376K)->29103K(29376K) NonClass: 25999K(26112K)->25999K(26112K) Class: 3103K(3264K)->3103K(3264K)
[6122.505s][info][gc             ] GC(2036) Pause Young (Allocation Failure) 7433M->5188M(7574M) 99.744ms
[6122.505s][info][gc,cpu         ] GC(2036) User=0.55s Sys=0.03s Real=0.10s
..[6123.978s][info][gc,start       ] GC(2037) Pause Young (Allocation Failure)
[6124.088s][info][gc,heap        ] GC(2037) PSYoungGen: 2558358K(2598400K)->180409K(2595328K) Eden: 2402816K(2402816K)->0K(2401792K) From: 155542K(195584K)->180409K(193536K)
[6124.088s][info][gc,heap        ] GC(2037) ParOldGen: 5157564K(5157888K)->5256820K(5257216K)
[6124.088s][info][gc,metaspace   ] GC(2037) Metaspace: 29103K(29376K)->29103K(29376K) NonClass: 25999K(26112K)->25999K(26112K) Class: 3103K(3264K)->3103K(3264K)
[6124.088s][info][gc             ] GC(2037) Pause Young (Allocation Failure) 7535M->5309M(7668M) 109.502ms
[6124.088s][info][gc,cpu         ] GC(2037) User=0.62s Sys=0.02s Real=0.11s
.[6125.573s][info][gc,start       ] GC(2038) Pause Young (Allocation Failure)
[6125.675s][info][gc,heap        ] GC(2038) PSYoungGen: 2582201K(2595328K)->160708K(2598912K) Eden: 2401792K(2401792K)->0K(2401792K) From: 180409K(193536K)->160708K(197120K)
[6125.675s][info][gc,heap        ] GC(2038) ParOldGen: 5256820K(5257216K)->5362884K(5363200K)
[6125.675s][info][gc,metaspace   ] GC(2038) Metaspace: 29103K(29376K)->29103K(29376K) NonClass: 25999K(26112K)->25999K(26112K) Class: 3103K(3264K)->3103K(3264K)
[6125.675s][info][gc             ] GC(2038) Pause Young (Allocation Failure) 7655M->5394M(7775M) 101.587ms
[6125.675s][info][gc,cpu         ] GC(2038) User=0.57s Sys=0.03s Real=0.11s
..[6127.156s][info][gc,start       ] GC(2039) Pause Young (Allocation Failure)
[6127.262s][info][gc,heap        ] GC(2039) PSYoungGen: 2562500K(2598912K)->170432K(2596864K) Eden: 2401792K(2401792K)->0K(2404352K) From: 160708K(197120K)->170432K(192512K)
[6127.262s][info][gc,heap        ] GC(2039) ParOldGen: 5362884K(5363200K)->5466524K(5466624K)
[6127.262s][info][gc,metaspace   ] GC(2039) Metaspace: 29103K(29376K)->29103K(29376K) NonClass: 25999K(26112K)->25999K(26112K) Class: 3103K(3264K)->3103K(3264K)
[6127.262s][info][gc             ] GC(2039) Pause Young (Allocation Failure) 7739M->5504M(7874M) 106.090ms
[6127.262s][info][gc,cpu         ] GC(2039) User=0.59s Sys=0.03s Real=0.10s
.[6128.756s][info][gc,start       ] GC(2040) Pause Young (Allocation Failure)
[6128.857s][info][gc,heap        ] GC(2040) PSYoungGen: 2574784K(2596864K)->157812K(2598400K) Eden: 2404352K(2404352K)->0K(2404352K) From: 170432K(192512K)->157812K(194048K)
[6128.857s][info][gc,heap        ] GC(2040) ParOldGen: 5466524K(5466624K)->5569380K(5569536K)
[6128.857s][info][gc,metaspace   ] GC(2040) Metaspace: 29103K(29376K)->29103K(29376K) NonClass: 25999K(26112K)->25999K(26112K) Class: 3103K(3264K)->3103K(3264K)
[6128.857s][info][gc             ] GC(2040) Pause Young (Allocation Failure) 7852M->5592M(7976M) 100.748ms
[6128.857s][info][gc,cpu         ] GC(2040) User=0.56s Sys=0.03s Real=0.10s
..[6130.438s][info][gc,start       ] GC(2041) Pause Full (Allocation Failure)
[6130.438s][info][gc,phases,start] GC(2041) Marking Phase
[6130.762s][info][gc,phases      ] GC(2041) Marking Phase 323.539ms
[6130.762s][info][gc,phases,start] GC(2041) Summary Phase
[6130.762s][info][gc,phases      ] GC(2041) Summary Phase 0.114ms
[6130.762s][info][gc,phases,start] GC(2041) Forward
[6130.896s][info][gc,phases      ] GC(2041) Forward 133.808ms
[6130.896s][info][gc,phases,start] GC(2041) Adjust Pointers
[6131.109s][info][gc,phases      ] GC(2041) Adjust Pointers 213.364ms
[6131.109s][info][gc,phases,start] GC(2041) Compaction Phase
[6131.259s][info][gc,phases      ] GC(2041) Compaction Phase 149.472ms
[6131.260s][info][gc,phases,start] GC(2041) Post Compact
[6131.267s][info][gc,phases      ] GC(2041) Post Compact 6.992ms
[6131.386s][info][gc,heap        ] GC(2041) PSYoungGen: 2562164K(2598400K)->0K(2601472K) Eden: 2404352K(2404352K)->0K(2409472K) From: 157812K(194048K)->0K(192000K)
[6131.386s][info][gc,heap        ] GC(2041) ParOldGen: 5569380K(5569536K)->1622274K(2106880K)
[6131.386s][info][gc,metaspace   ] GC(2041) Metaspace: 29103K(29376K)->29103K(29376K) NonClass: 25999K(26112K)->25999K(26112K) Class: 3103K(3264K)->3103K(3264K)
[6131.386s][info][gc             ] GC(2041) Pause Full (Allocation Failure) 7940M->1584M(4598M) 947.899ms
[6131.386s][info][gc,cpu         ] GC(2041) User=4.44s Sys=0.12s Real=0.95s
..[6132.672s][info][gc,start       ] GC(2042) Pause Young (Allocation Failure)
[6132.743s][info][gc,heap        ] GC(2042) PSYoungGen: 2409472K(2601472K)->166377K(2601472K) Eden: 2409472K(2409472K)->0K(2409472K) From: 0K(192000K)->166377K(192000K)
[6132.743s][info][gc,heap        ] GC(2042) ParOldGen: 1622274K(2106880K)->1622274K(2106880K)
[6132.743s][info][gc,metaspace   ] GC(2042) Metaspace: 29103K(29376K)->29103K(29376K) NonClass: 25999K(26112K)->25999K(26112K) Class: 3103K(3264K)->3103K(3264K)
[6132.743s][info][gc             ] GC(2042) Pause Young (Allocation Failure) 3937M->1746M(4598M) 70.450ms
[6132.743s][info][gc,cpu         ] GC(2042) User=0.41s Sys=0.00s Real=0.07s
.[6134.012s][info][gc,start       ] GC(2043) Pause Young (Allocation Failure)
[6134.107s][info][gc,heap        ] GC(2043) PSYoungGen: 2575849K(2601472K)->166208K(2601472K) Eden: 2409472K(2409472K)->0K(2413568K) From: 166377K(192000K)->166208K(187904K)
[6134.107s][info][gc,heap        ] GC(2043) ParOldGen: 1622274K(2106880K)->1725442K(2106880K)
[6134.107s][info][gc,metaspace   ] GC(2043) Metaspace: 29103K(29376K)->29103K(29376K) NonClass: 25999K(26112K)->25999K(26112K) Class: 3103K(3264K)->3103K(3264K)
[6134.107s][info][gc             ] GC(2043) Pause Young (Allocation Failure) 4099M->1847M(4598M) 95.084ms
[6134.107s][info][gc,cpu         ] GC(2043) User=0.56s Sys=0.00s Real=0.10s
.[6135.334s][info][gc,start       ] GC(2044) Pause Young (Allocation Failure)
[6135.432s][info][gc,heap        ] GC(2044) PSYoungGen: 2579776K(2601472K)->168901K(2601984K) Eden: 2413568K(2413568K)->0K(2413568K) From: 166208K(187904K)->168901K(188416K)
[6135.432s][info][gc,heap        ] GC(2044) ParOldGen: 1725442K(2106880K)->1828970K(2106880K)
[6135.432s][info][gc,metaspace   ] GC(2044) Metaspace: 29103K(29376K)->29103K(29376K) NonClass: 25999K(26112K)->25999K(26112K) Class: 3103K(3264K)->3103K(3264K)
[6135.432s][info][gc             ] GC(2044) Pause Young (Allocation Failure) 4204M->1951M(4598M) 97.842ms
[6135.432s][info][gc,cpu         ] GC(2044) User=0.57s Sys=0.00s Real=0.09s
.[6136.804s][info][gc,start       ] GC(2045) Pause Young (Allocation Failure)
[6136.904s][info][gc,heap        ] GC(2045) PSYoungGen: 2582469K(2601984K)->172279K(2607104K) Eden: 2413568K(2413568K)->0K(2419200K) From: 168901K(188416K)->172279K(187904K)
[6136.904s][info][gc,heap        ] GC(2045) ParOldGen: 1828970K(2106880K)->1934962K(2106880K)
[6136.904s][info][gc,metaspace   ] GC(2045) Metaspace: 29103K(29376K)->29103K(29376K) NonClass: 25999K(26112K)->25999K(26112K) Class: 3103K(3264K)->3103K(3264K)
[6136.904s][info][gc             ] GC(2045) Pause Young (Allocation Failure) 4308M->2057M(4603M) 100.041ms
[6136.904s][info][gc,cpu         ] GC(2045) User=0.59s Sys=0.00s Real=0.10s
.[6138.208s][info][gc,start       ] GC(2046) Pause Young (Allocation Failure)
[6138.298s][info][gc,heap        ] GC(2046) PSYoungGen: 2591479K(2607104K)->155584K(2607616K) Eden: 2419200K(2419200K)->0K(2419200K) From: 172279K(187904K)->155584K(188416K)
[6138.298s][info][gc,heap        ] GC(2046) ParOldGen: 1934962K(2106880K)->2034082K(2106880K)
[6138.298s][info][gc,metaspace   ] GC(2046) Metaspace: 29103K(29376K)->29103K(29376K) NonClass: 25999K(26112K)->25999K(26112K) Class: 3103K(3264K)->3103K(3264K)
[6138.298s][info][gc             ] GC(2046) Pause Young (Allocation Failure) 4420M->2138M(4604M) 90.004ms
[6138.298s][info][gc,cpu         ] GC(2046) User=0.54s Sys=0.00s Real=0.09s
..[6139.732s][info][gc,start       ] GC(2047) Pause Young (Allocation Failure)
[6139.827s][info][gc,heap        ] GC(2047) PSYoungGen: 2574784K(2607616K)->152480K(2606592K) Eden: 2419200K(2419200K)->0K(2419712K) From: 155584K(188416K)->152480K(186880K)
[6139.827s][info][gc,heap        ] GC(2047) ParOldGen: 2034082K(2106880K)->2143298K(2143744K)
[6139.827s][info][gc,metaspace   ] GC(2047) Metaspace: 29103K(29376K)->29103K(29376K) NonClass: 25999K(26112K)->25999K(26112K) Class: 3103K(3264K)->3103K(3264K)
[6139.827s][info][gc             ] GC(2047) Pause Young (Allocation Failure) 4500M->2241M(4639M) 95.400ms
[6139.827s][info][gc,cpu         ] GC(2047) User=0.55s Sys=0.01s Real=0.10s
.[6141.276s][info][gc,start       ] GC(2048) Pause Young (Allocation Failure)
[6141.380s][info][gc,heap        ] GC(2048) PSYoungGen: 2572192K(2606592K)->166688K(2607104K) Eden: 2419712K(2419712K)->0K(2419712K) From: 152480K(186880K)->166688K(187392K)
[6141.380s][info][gc,heap        ] GC(2048) ParOldGen: 2143298K(2143744K)->2245938K(2246144K)
[6141.380s][info][gc,metaspace   ] GC(2048) Metaspace: 29103K(29376K)->29103K(29376K) NonClass: 25999K(26112K)->25999K(26112K) Class: 3103K(3264K)->3103K(3264K)
[6141.380s][info][gc             ] GC(2048) Pause Young (Allocation Failure) 4604M->2356M(4739M) 103.272ms
[6141.380s][info][gc,cpu         ] GC(2048) User=0.58s Sys=0.03s Real=0.10s
..[6142.940s][info][gc,start       ] GC(2049) Pause Young (Allocation Failure)
[6143.043s][info][gc,heap        ] GC(2049) PSYoungGen: 2586400K(2607104K)->175796K(2605568K) Eden: 2419712K(2419712K)->0K(2419200K) From: 166688K(187392K)->175796K(186368K)
[6143.043s][info][gc,heap        ] GC(2049) ParOldGen: 2245938K(2246144K)->2347850K(2348032K)
[6143.043s][info][gc,metaspace   ] GC(2049) Metaspace: 29103K(29376K)->29103K(29376K) NonClass: 25999K(26112K)->25999K(26112K) Class: 3103K(3264K)->3103K(3264K)
[6143.043s][info][gc             ] GC(2049) Pause Young (Allocation Failure) 4719M->2464M(4837M) 103.164ms
[6143.043s][info][gc,cpu         ] GC(2049) User=0.58s Sys=0.03s Real=0.11s
..[6144.528s][info][gc,start       ] GC(2050) Pause Young (Allocation Failure)
[6144.631s][info][gc,heap        ] GC(2050) PSYoungGen: 2594996K(2605568K)->158773K(2607616K) Eden: 2419200K(2419200K)->0K(2419200K) From: 175796K(186368K)->158773K(188416K)
[6144.631s][info][gc,heap        ] GC(2050) ParOldGen: 2347850K(2348032K)->2454858K(2455040K)
[6144.631s][info][gc,metaspace   ] GC(2050) Metaspace: 29103K(29376K)->29103K(29376K) NonClass: 25999K(26112K)->25999K(26112K) Class: 3103K(3264K)->3103K(3264K)
[6144.631s][info][gc             ] GC(2050) Pause Young (Allocation Failure) 4826M->2552M(4944M) 103.318ms
[6144.631s][info][gc,cpu         ] GC(2050) User=0.58s Sys=0.03s Real=0.10s
.[6146.102s][info][gc,start       ] GC(2051) Pause Young (Allocation Failure)
[6146.207s][info][gc,heap        ] GC(2051) PSYoungGen: 2577973K(2607616K)->173340K(2606592K) Eden: 2419200K(2419200K)->0K(2419200K) From: 158773K(188416K)->173340K(187392K)
[6146.207s][info][gc,heap        ] GC(2051) ParOldGen: 2454858K(2455040K)->2558146K(2558464K)
[6146.207s][info][gc,metaspace   ] GC(2051) Metaspace: 29103K(29376K)->29103K(29376K) NonClass: 25999K(26112K)->25999K(26112K) Class: 3103K(3264K)->3103K(3264K)
[6146.207s][info][gc             ] GC(2051) Pause Young (Allocation Failure) 4914M->2667M(5044M) 105.084ms
[6146.207s][info][gc,cpu         ] GC(2051) User=0.59s Sys=0.03s Real=0.11s
..[6147.730s][info][gc,start       ] GC(2052) Pause Young (Allocation Failure)
[6147.828s][info][gc,heap        ] GC(2052) PSYoungGen: 2592540K(2606592K)->157604K(2607616K) Eden: 2419200K(2419200K)->0K(2419200K) From: 173340K(187392K)->157604K(188416K)
[6147.828s][info][gc,heap        ] GC(2052) ParOldGen: 2558146K(2558464K)->2662250K(2662400K)
[6147.828s][info][gc,metaspace   ] GC(2052) Metaspace: 29103K(29376K)->29103K(29376K) NonClass: 25999K(26112K)->25999K(26112K) Class: 3103K(3264K)->3103K(3264K)
[6147.828s][info][gc             ] GC(2052) Pause Young (Allocation Failure) 5029M->2753M(5146M) 97.911ms
[6147.828s][info][gc,cpu         ] GC(2052) User=0.54s Sys=0.04s Real=0.10s
.[6149.343s][info][gc,start       ] GC(2053) Pause Young (Allocation Failure)
[6149.444s][info][gc,heap        ] GC(2053) PSYoungGen: 2576804K(2607616K)->164660K(2603520K) Eden: 2419200K(2419200K)->0K(2420224K) From: 157604K(188416K)->164660K(183296K)
[6149.444s][info][gc,heap        ] GC(2053) ParOldGen: 2662250K(2662400K)->2763282K(2763776K)
[6149.444s][info][gc,metaspace   ] GC(2053) Metaspace: 29103K(29376K)->29103K(29376K) NonClass: 25999K(26112K)->25999K(26112K) Class: 3103K(3264K)->3103K(3264K)
[6149.444s][info][gc             ] GC(2053) Pause Young (Allocation Failure) 5116M->2859M(5241M) 101.086ms
[6149.445s][info][gc,cpu         ] GC(2053) User=0.57s Sys=0.03s Real=0.11s
..[6150.901s][info][gc,start       ] GC(2054) Pause Young (Allocation Failure)
[6151.005s][info][gc,heap        ] GC(2054) PSYoungGen: 2584884K(2603520K)->171872K(2605568K) Eden: 2420224K(2420224K)->0K(2420224K) From: 164660K(183296K)->171872K(185344K)
[6151.005s][info][gc,heap        ] GC(2054) ParOldGen: 2763282K(2763776K)->2870586K(2870784K)
[6151.005s][info][gc,metaspace   ] GC(2054) Metaspace: 29103K(29376K)->29103K(29376K) NonClass: 25999K(26112K)->25999K(26112K) Class: 3103K(3264K)->3103K(3264K)
[6151.005s][info][gc             ] GC(2054) Pause Young (Allocation Failure) 5222M->2971M(5348M) 104.618ms
[6151.005s][info][gc,cpu         ] GC(2054) User=0.56s Sys=0.05s Real=0.11s
..[6152.494s][info][gc,start       ] GC(2055) Pause Young (Allocation Failure)
[6152.591s][info][gc,heap        ] GC(2055) PSYoungGen: 2592096K(2605568K)->153778K(2610176K) Eden: 2420224K(2420224K)->0K(2424320K) From: 171872K(185344K)->153778K(185856K)
[6152.592s][info][gc,heap        ] GC(2055) ParOldGen: 2870586K(2870784K)->2977210K(2977280K)
[6152.592s][info][gc,metaspace   ] GC(2055) Metaspace: 29103K(29376K)->29103K(29376K) NonClass: 25999K(26112K)->25999K(26112K) Class: 3103K(3264K)->3103K(3264K)
[6152.592s][info][gc             ] GC(2055) Pause Young (Allocation Failure) 5334M->3057M(5456M) 97.763ms
[6152.592s][info][gc,cpu         ] GC(2055) User=0.54s Sys=0.04s Real=0.09s
.[6154.157s][info][gc,start       ] GC(2056) Pause Young (Allocation Failure)
[6154.252s][info][gc,heap        ] GC(2056) PSYoungGen: 2578098K(2610176K)->154400K(2578944K) Eden: 2424320K(2424320K)->0K(2424320K) From: 153778K(185856K)->154400K(154624K)
[6154.252s][info][gc,heap        ] GC(2056) ParOldGen: 2977210K(2977280K)->3077578K(3077632K)
[6154.252s][info][gc,metaspace   ] GC(2056) Metaspace: 29103K(29376K)->29103K(29376K) NonClass: 25999K(26112K)->25999K(26112K) Class: 3103K(3264K)->3103K(3264K)
[6154.252s][info][gc             ] GC(2056) Pause Young (Allocation Failure) 5425M->3156M(5524M) 94.456ms
[6154.252s][info][gc,cpu         ] GC(2056) User=0.52s Sys=0.03s Real=0.09s
..[6155.768s][info][gc,start       ] GC(2057) Pause Young (Allocation Failure)
[6155.866s][info][gc,heap        ] GC(2057) PSYoungGen: 2578720K(2578944K)->149344K(2609664K) Eden: 2424320K(2424320K)->0K(2424320K) From: 154400K(154624K)->149344K(185344K)
[6155.866s][info][gc,heap        ] GC(2057) ParOldGen: 3077578K(3077632K)->3188810K(3189248K)
[6155.866s][info][gc,metaspace   ] GC(2057) Metaspace: 29103K(29376K)->29103K(29376K) NonClass: 25999K(26112K)->25999K(26112K) Class: 3103K(3264K)->3103K(3264K)
[6155.866s][info][gc             ] GC(2057) Pause Young (Allocation Failure) 5523M->3259M(5663M) 98.302ms
[6155.866s][info][gc,cpu         ] GC(2057) User=0.54s Sys=0.04s Real=0.10s
.[6157.363s][info][gc,start       ] GC(2058) Pause Young (Allocation Failure)
[6157.455s][info][gc,heap        ] GC(2058) PSYoungGen: 2573664K(2609664K)->144128K(2609664K) Eden: 2424320K(2424320K)->0K(2424320K) From: 149344K(185344K)->144128K(185344K)
[6157.455s][info][gc,heap        ] GC(2058) ParOldGen: 3188810K(3189248K)->3291722K(3292160K)
[6157.455s][info][gc,metaspace   ] GC(2058) Metaspace: 29103K(29376K)->29103K(29376K) NonClass: 25999K(26112K)->25999K(26112K) Class: 3103K(3264K)->3103K(3264K)
[6157.455s][info][gc             ] GC(2058) Pause Young (Allocation Failure) 5627M->3355M(5763M) 92.800ms
[6157.455s][info][gc,cpu         ] GC(2058) User=0.51s Sys=0.03s Real=0.10s
..[6158.955s][info][gc,start       ] GC(2059) Pause Young (Allocation Failure)
[6159.058s][info][gc,heap        ] GC(2059) PSYoungGen: 2568448K(2609664K)->173184K(2605056K) Eden: 2424320K(2424320K)->0K(2419200K) From: 144128K(185344K)->173184K(185856K)
[6159.058s][info][gc,heap        ] GC(2059) ParOldGen: 3291722K(3292160K)->3389802K(3389952K)
[6159.058s][info][gc,metaspace   ] GC(2059) Metaspace: 29103K(29376K)->29103K(29376K) NonClass: 25999K(26112K)->25999K(26112K) Class: 3103K(3264K)->3103K(3264K)
[6159.058s][info][gc             ] GC(2059) Pause Young (Allocation Failure) 5722M->3479M(5854M) 102.667ms
[6159.058s][info][gc,cpu         ] GC(2059) User=0.58s Sys=0.02s Real=0.10s
..[6160.573s][info][gc,start       ] GC(2060) Pause Young (Allocation Failure)
[6160.675s][info][gc,heap        ] GC(2060) PSYoungGen: 2592384K(2605056K)->159317K(2607616K) Eden: 2419200K(2419200K)->0K(2419200K) From: 173184K(185856K)->159317K(188416K)
[6160.675s][info][gc,heap        ] GC(2060) ParOldGen: 3389802K(3389952K)->3500290K(3500544K)
[6160.675s][info][gc,metaspace   ] GC(2060) Metaspace: 29103K(29376K)->29103K(29376K) NonClass: 25999K(26112K)->25999K(26112K) Class: 3103K(3264K)->3103K(3264K)
[6160.675s][info][gc             ] GC(2060) Pause Young (Allocation Failure) 5841M->3573M(5965M) 101.423ms
[6160.675s][info][gc,cpu         ] GC(2060) User=0.57s Sys=0.03s Real=0.10s
. (rIR:aIR:PR = 10654:10719:10719) (tPR = 158985) [OK] 
  6161s: Performance info:
         Transaction,    Success,    Partial,     Failed,   Receipts, AvgBarcode, 
             Overall,     644458,          0,          0,     612380,      59.48, 
         Response times:
             Request,    Success,    Partial,     Failed,   SkipFail,     Probes,    Samples,      min,      p50,      p90,      p95,      p99,      max, 
       TotalPurchase,     612369,          0,          0,          0,     335329,     434737,      200,    10300,   119000,   248000,   454000,  1500000,
     InStorePurchase,     322847,          0,          0,          0,     176531,     228940,      200,    10500,   118000,   235000,   455000,  1300000,
      OnlinePurchase,     225520,          0,          0,          0,     123151,     159755,      300,    10000,   121000,   281000,   453000,  1500000,
        InstPurchase,      64002,          0,          0,          0,      35647,      46042,      300,    10200,   117000,   228000,   456000,  1300000,
          AssocOfCat,        647,          0,          0,          0,        512,        747,    20000,    53000,   148000,   260000,   398560,   598000,
      AssocOfProduct,       6489,          0,          0,          0,       3521,       4767,      500,     9300,   104200,   167000,   374000,   511000,
      BusinessReport,       1601,          0,          0,          0,       1389,       1900,    30000,    67000,   188000,   355900,   515910,  1100000,
          CustBuyBeh,       6396,          0,          0,          0,       3482,       4684,      200,     8500,   112000,   257000,   438000,  1100000,
       ProductReturn,      16955,          0,          0,          0,       8952,      11551,      100,    11900,   122000,   291000,   770000,  1200000,

  6161s: (78%)   IR =  10793 [6162.152s][info][gc,start       ] GC(2061) Pause Young (Allocation Failure)
[6162.255s][info][gc,heap        ] GC(2061) PSYoungGen: 2578517K(2607616K)->170144K(2606592K) Eden: 2419200K(2419200K)->0K(2420736K) From: 159317K(188416K)->170144K(185856K)
[6162.255s][info][gc,heap        ] GC(2061) ParOldGen: 3500290K(3500544K)->3602426K(3602432K)
[6162.255s][info][gc,metaspace   ] GC(2061) Metaspace: 29103K(29376K)->29103K(29376K) NonClass: 25999K(26112K)->25999K(26112K) Class: 3103K(3264K)->3103K(3264K)
[6162.255s][info][gc             ] GC(2061) Pause Young (Allocation Failure) 5936M->3684M(6063M) 103.203ms
[6162.255s][info][gc,cpu         ] GC(2061) User=0.57s Sys=0.04s Real=0.11s
..[6163.739s][info][gc,start       ] GC(2062) Pause Young (Allocation Failure)
[6163.843s][info][gc,heap        ] GC(2062) PSYoungGen: 2590880K(2606592K)->166096K(2607616K) Eden: 2420736K(2420736K)->0K(2420736K) From: 170144K(185856K)->166096K(186880K)
[6163.843s][info][gc,heap        ] GC(2062) ParOldGen: 3602426K(3602432K)->3706642K(3706880K)
[6163.843s][info][gc,metaspace   ] GC(2062) Metaspace: 29103K(29376K)->29103K(29376K) NonClass: 25999K(26112K)->25999K(26112K) Class: 3103K(3264K)->3103K(3264K)
[6163.843s][info][gc             ] GC(2062) Pause Young (Allocation Failure) 6048M->3781M(6166M) 103.494ms
[6163.843s][info][gc,cpu         ] GC(2062) User=0.57s Sys=0.04s Real=0.10s
.[6165.271s][info][gc,start       ] GC(2063) Pause Young (Allocation Failure)
[6165.370s][info][gc,heap        ] GC(2063) PSYoungGen: 2586832K(2607616K)->152288K(2608128K) Eden: 2420736K(2420736K)->0K(2423296K) From: 166096K(186880K)->152288K(184832K)
[6165.370s][info][gc,heap        ] GC(2063) ParOldGen: 3706642K(3706880K)->3812754K(3812864K)
[6165.370s][info][gc,metaspace   ] GC(2063) Metaspace: 29103K(29376K)->29103K(29376K) NonClass: 25999K(26112K)->25999K(26112K) Class: 3103K(3264K)->3103K(3264K)
[6165.370s][info][gc             ] GC(2063) Pause Young (Allocation Failure) 6145M->3872M(6270M) 98.859ms
[6165.370s][info][gc,cpu         ] GC(2063) User=0.55s Sys=0.03s Real=0.10s
..[6166.843s][info][gc,start       ] GC(2064) Pause Young (Allocation Failure)
[6166.945s][info][gc,heap        ] GC(2064) PSYoungGen: 2575584K(2608128K)->160512K(2608640K) Eden: 2423296K(2423296K)->0K(2423296K) From: 152288K(184832K)->160512K(185344K)
[6166.945s][info][gc,heap        ] GC(2064) ParOldGen: 3812754K(3812864K)->3915650K(3915776K)
[6166.945s][info][gc,metaspace   ] GC(2064) Metaspace: 29103K(29376K)->29103K(29376K) NonClass: 25999K(26112K)->25999K(26112K) Class: 3103K(3264K)->3103K(3264K)
[6166.945s][info][gc             ] GC(2064) Pause Young (Allocation Failure) 6238M->3980M(6371M) 101.799ms
[6166.945s][info][gc,cpu         ] GC(2064) User=0.57s Sys=0.02s Real=0.11s
.[6168.421s][info][gc,start       ] GC(2065) Pause Young (Allocation Failure)
[6168.523s][info][gc,heap        ] GC(2065) PSYoungGen: 2583808K(2608640K)->164996K(2609664K) Eden: 2423296K(2423296K)->0K(2426880K) From: 160512K(185344K)->164996K(182784K)
[6168.523s][info][gc,heap        ] GC(2065) ParOldGen: 3915650K(3915776K)->4019074K(4019200K)
[6168.523s][info][gc,metaspace   ] GC(2065) Metaspace: 29103K(29376K)->29103K(29376K) NonClass: 25999K(26112K)->25999K(26112K) Class: 3103K(3264K)->3103K(3264K)
[6168.523s][info][gc             ] GC(2065) Pause Young (Allocation Failure) 6347M->4086M(6473M) 102.148ms
[6168.523s][info][gc,cpu         ] GC(2065) User=0.57s Sys=0.03s Real=0.11s
..[6169.957s][info][gc,start       ] GC(2066) Pause Young (Allocation Failure)
[6170.061s][info][gc,heap        ] GC(2066) PSYoungGen: 2591876K(2609664K)->168212K(2609152K) Eden: 2426880K(2426880K)->0K(2426880K) From: 164996K(182784K)->168212K(182272K)
[6170.061s][info][gc,heap        ] GC(2066) ParOldGen: 4019074K(4019200K)->4124834K(4125184K)
[6170.061s][info][gc,metaspace   ] GC(2066) Metaspace: 29103K(29376K)->29103K(29376K) NonClass: 25999K(26112K)->25999K(26112K) Class: 3103K(3264K)->3103K(3264K)
[6170.062s][info][gc             ] GC(2066) Pause Young (Allocation Failure) 6456M->4192M(6576M) 104.010ms
[6170.062s][info][gc,cpu         ] GC(2066) User=0.58s Sys=0.04s Real=0.10s
.[6171.517s][info][gc,start       ] GC(2067) Pause Young (Allocation Failure)
[6171.616s][info][gc,heap        ] GC(2067) PSYoungGen: 2595092K(2609152K)->152336K(2613248K) Eden: 2426880K(2426880K)->0K(2430976K) From: 168212K(182272K)->152336K(182272K)
[6171.616s][info][gc,heap        ] GC(2067) ParOldGen: 4124834K(4125184K)->4231882K(4232192K)
[6171.616s][info][gc,metaspace   ] GC(2067) Metaspace: 29103K(29376K)->29103K(29376K) NonClass: 25999K(26112K)->25999K(26112K) Class: 3103K(3264K)->3103K(3264K)
[6171.616s][info][gc             ] GC(2067) Pause Young (Allocation Failure) 6562M->4281M(6685M) 99.049ms
[6171.616s][info][gc,cpu         ] GC(2067) User=0.55s Sys=0.04s Real=0.10s
..[6173.180s][info][gc,start       ] GC(2068) Pause Young (Allocation Failure)
[6173.279s][info][gc,heap        ] GC(2068) PSYoungGen: 2583312K(2613248K)->159268K(2590720K) Eden: 2430976K(2430976K)->0K(2430976K) From: 152336K(182272K)->159268K(159744K)
[6173.279s][info][gc,heap        ] GC(2068) ParOldGen: 4231882K(4232192K)->4329650K(4329984K)
[6173.279s][info][gc,metaspace   ] GC(2068) Metaspace: 29103K(29376K)->29103K(29376K) NonClass: 25999K(26112K)->25999K(26112K) Class: 3103K(3264K)->3103K(3264K)
[6173.279s][info][gc             ] GC(2068) Pause Young (Allocation Failure) 6655M->4383M(6758M) 98.756ms
[6173.279s][info][gc,cpu         ] GC(2068) User=0.56s Sys=0.02s Real=0.10s
.[6174.737s][info][gc,start       ] GC(2069) Pause Young (Allocation Failure)
[6174.844s][info][gc,heap        ] GC(2069) PSYoungGen: 2590244K(2590720K)->167131K(2612224K) Eden: 2430976K(2430976K)->0K(2431488K) From: 159268K(159744K)->167131K(180736K)
[6174.844s][info][gc,heap        ] GC(2069) ParOldGen: 4329650K(4329984K)->4438778K(4439040K)
[6174.844s][info][gc,metaspace   ] GC(2069) Metaspace: 29103K(29376K)->29103K(29376K) NonClass: 25999K(26112K)->25999K(26112K) Class: 3103K(3264K)->3103K(3264K)
[6174.844s][info][gc             ] GC(2069) Pause Young (Allocation Failure) 6757M->4497M(6886M) 106.335ms
[6174.844s][info][gc,cpu         ] GC(2069) User=0.59s Sys=0.03s Real=0.11s
..[6176.357s][info][gc,start       ] GC(2070) Pause Young (Allocation Failure)
[6176.457s][info][gc,heap        ] GC(2070) PSYoungGen: 2598619K(2612224K)->153590K(2612224K) Eden: 2431488K(2431488K)->0K(2431488K) From: 167131K(180736K)->153590K(180736K)
[6176.457s][info][gc,heap        ] GC(2070) ParOldGen: 4438778K(4439040K)->4543330K(4543488K)
[6176.457s][info][gc,metaspace   ] GC(2070) Metaspace: 29103K(29376K)->29103K(29376K) NonClass: 25999K(26112K)->25999K(26112K) Class: 3103K(3264K)->3103K(3264K)
[6176.457s][info][gc             ] GC(2070) Pause Young (Allocation Failure) 6872M->4586M(6988M) 99.472ms
[6176.457s][info][gc,cpu         ] GC(2070) User=0.56s Sys=0.03s Real=0.10s
..[6177.921s][info][gc,start       ] GC(2071) Pause Young (Allocation Failure)
[6178.022s][info][gc,heap        ] GC(2071) PSYoungGen: 2585078K(2612224K)->163776K(2614784K) Eden: 2431488K(2431488K)->0K(2435072K) From: 153590K(180736K)->163776K(179712K)
[6178.022s][info][gc,heap        ] GC(2071) ParOldGen: 4543330K(4543488K)->4645986K(4646400K)
[6178.022s][info][gc,metaspace   ] GC(2071) Metaspace: 29103K(29376K)->29103K(29376K) NonClass: 25999K(26112K)->25999K(26112K) Class: 3103K(3264K)->3103K(3264K)
[6178.022s][info][gc             ] GC(2071) Pause Young (Allocation Failure) 6961M->4697M(7091M) 101.623ms
[6178.022s][info][gc,cpu         ] GC(2071) User=0.56s Sys=0.04s Real=0.10s
.[6179.499s][info][gc,start       ] GC(2072) Pause Young (Allocation Failure)
[6179.601s][info][gc,heap        ] GC(2072) PSYoungGen: 2598848K(2614784K)->158741K(2614784K) Eden: 2435072K(2435072K)->0K(2435072K) From: 163776K(179712K)->158741K(179712K)
[6179.601s][info][gc,heap        ] GC(2072) ParOldGen: 4645986K(4646400K)->4752178K(4752384K)
[6179.601s][info][gc,metaspace   ] GC(2072) Metaspace: 29103K(29376K)->29103K(29376K) NonClass: 25999K(26112K)->25999K(26112K) Class: 3103K(3264K)->3103K(3264K)
[6179.601s][info][gc             ] GC(2072) Pause Young (Allocation Failure) 7075M->4795M(7194M) 101.922ms
[6179.601s][info][gc,cpu         ] GC(2072) User=0.57s Sys=0.03s Real=0.10s
..[6181.082s][info][gc,start       ] GC(2073) Pause Young (Allocation Failure)
[6181.185s][info][gc,heap        ] GC(2073) PSYoungGen: 2593813K(2614784K)->170032K(2613248K) Eden: 2435072K(2435072K)->0K(2435072K) From: 158741K(179712K)->170032K(178176K)
[6181.185s][info][gc,heap        ] GC(2073) ParOldGen: 4752178K(4752384K)->4854338K(4854784K)
[6181.185s][info][gc,metaspace   ] GC(2073) Metaspace: 29103K(29376K)->29103K(29376K) NonClass: 25999K(26112K)->25999K(26112K) Class: 3103K(3264K)->3103K(3264K)
[6181.185s][info][gc             ] GC(2073) Pause Young (Allocation Failure) 7173M->4906M(7293M) 103.282ms
[6181.185s][info][gc,cpu         ] GC(2073) User=0.58s Sys=0.02s Real=0.11s
.[6182.649s][info][gc,start       ] GC(2074) Pause Young (Allocation Failure)
[6182.751s][info][gc,heap        ] GC(2074) PSYoungGen: 2605104K(2613248K)->159552K(2614784K) Eden: 2435072K(2435072K)->0K(2435072K) From: 170032K(178176K)->159552K(179712K)
[6182.751s][info][gc,heap        ] GC(2074) ParOldGen: 4854338K(4854784K)->4960778K(4961280K)
[6182.751s][info][gc,metaspace   ] GC(2074) Metaspace: 29103K(29376K)->29103K(29376K) NonClass: 25999K(26112K)->25999K(26112K) Class: 3103K(3264K)->3103K(3264K)
[6182.751s][info][gc             ] GC(2074) Pause Young (Allocation Failure) 7284M->5000M(7398M) 101.799ms
[6182.751s][info][gc,cpu         ] GC(2074) User=0.56s Sys=0.04s Real=0.10s
..[6184.113s][info][gc,start       ] GC(2075) Pause Young (Allocation Failure)
[6184.220s][info][gc,heap        ] GC(2075) PSYoungGen: 2594624K(2614784K)->170341K(2614272K) Eden: 2435072K(2435072K)->0K(2435584K) From: 159552K(179712K)->170341K(178688K)
[6184.220s][info][gc,heap        ] GC(2075) ParOldGen: 4960778K(4961280K)->5068322K(5068800K)
[6184.220s][info][gc,metaspace   ] GC(2075) Metaspace: 29103K(29376K)->29103K(29376K) NonClass: 25999K(26112K)->25999K(26112K) Class: 3103K(3264K)->3103K(3264K)
[6184.220s][info][gc             ] GC(2075) Pause Young (Allocation Failure) 7378M->5115M(7503M) 107.379ms
[6184.220s][info][gc,cpu         ] GC(2075) User=0.58s Sys=0.04s Real=0.11s
.[6185.689s][info][gc,start       ] GC(2076) Pause Young (Allocation Failure)
[6185.790s][info][gc,heap        ] GC(2076) PSYoungGen: 2605925K(2614272K)->164512K(2615808K) Eden: 2435584K(2435584K)->0K(2435584K) From: 170341K(178688K)->164512K(180224K)
[6185.790s][info][gc,heap        ] GC(2076) ParOldGen: 5068322K(5068800K)->5166962K(5167104K)
[6185.790s][info][gc,metaspace   ] GC(2076) Metaspace: 29103K(29376K)->29103K(29376K) NonClass: 25999K(26112K)->25999K(26112K) Class: 3103K(3264K)->3103K(3264K)
[6185.790s][info][gc             ] GC(2076) Pause Young (Allocation Failure) 7494M->5206M(7600M) 101.153ms
[6185.790s][info][gc,cpu         ] GC(2076) User=0.56s Sys=0.03s Real=0.10s
..[6187.359s][info][gc,start       ] GC(2077) Pause Young (Allocation Failure)
[6187.464s][info][gc,heap        ] GC(2077) PSYoungGen: 2600096K(2615808K)->162725K(2612224K) Eden: 2435584K(2435584K)->0K(2436608K) From: 164512K(180224K)->162725K(175616K)
[6187.464s][info][gc,heap        ] GC(2077) ParOldGen: 5166962K(5167104K)->5276250K(5276672K)
[6187.464s][info][gc,metaspace   ] GC(2077) Metaspace: 29103K(29376K)->29103K(29376K) NonClass: 25999K(26112K)->25999K(26112K) Class: 3103K(3264K)->3103K(3264K)
[6187.464s][info][gc             ] GC(2077) Pause Young (Allocation Failure) 7585M->5311M(7704M) 105.859ms
[6187.465s][info][gc,cpu         ] GC(2077) User=0.58s Sys=0.04s Real=0.11s
.[6188.992s][info][gc,start       ] GC(2078) Pause Young (Allocation Failure)
[6189.101s][info][gc,heap        ] GC(2078) PSYoungGen: 2599333K(2612224K)->171877K(2614272K) Eden: 2436608K(2436608K)->0K(2436608K) From: 162725K(175616K)->171877K(177664K)
[6189.101s][info][gc,heap        ] GC(2078) ParOldGen: 5276250K(5276672K)->5380994K(5381120K)
[6189.101s][info][gc,metaspace   ] GC(2078) Metaspace: 29103K(29376K)->29103K(29376K) NonClass: 25999K(26112K)->25999K(26112K) Class: 3103K(3264K)->3103K(3264K)
[6189.102s][info][gc             ] GC(2078) Pause Young (Allocation Failure) 7690M->5422M(7808M) 109.148ms
[6189.102s][info][gc,cpu         ] GC(2078) User=0.60s Sys=0.04s Real=0.11s
..|[6190.535s][info][gc,start       ] GC(2079) Pause Young (Allocation Failure)
[6190.632s][info][gc,heap        ] GC(2079) PSYoungGen: 2608485K(2614272K)->154048K(2615808K) Eden: 2436608K(2436608K)->0K(2436608K) From: 171877K(177664K)->154048K(179200K)
[6190.632s][info][gc,heap        ] GC(2079) ParOldGen: 5380994K(5381120K)->5483362K(5483520K)
[6190.632s][info][gc,metaspace   ] GC(2079) Metaspace: 29103K(29376K)->29103K(29376K) NonClass: 25999K(26112K)->25999K(26112K) Class: 3103K(3264K)->3103K(3264K)
[6190.632s][info][gc             ] GC(2079) Pause Young (Allocation Failure) 7802M->5505M(7909M) 97.260ms
[6190.632s][info][gc,cpu         ] GC(2079) User=0.53s Sys=0.03s Real=0.09s
.[6192.121s][info][gc,start       ] GC(2080) Pause Full (Allocation Failure)
[6192.122s][info][gc,phases,start] GC(2080) Marking Phase
[6192.447s][info][gc,phases      ] GC(2080) Marking Phase 325.187ms
[6192.447s][info][gc,phases,start] GC(2080) Summary Phase
[6192.447s][info][gc,phases      ] GC(2080) Summary Phase 0.101ms
[6192.447s][info][gc,phases,start] GC(2080) Forward
[6192.578s][info][gc,phases      ] GC(2080) Forward 131.288ms
[6192.578s][info][gc,phases,start] GC(2080) Adjust Pointers
[6192.795s][info][gc,phases      ] GC(2080) Adjust Pointers 216.394ms
[6192.795s][info][gc,phases,start] GC(2080) Compaction Phase
[6192.947s][info][gc,phases      ] GC(2080) Compaction Phase 152.017ms
[6192.948s][info][gc,phases,start] GC(2080) Post Compact
[6192.955s][info][gc,phases      ] GC(2080) Post Compact 6.954ms
[6193.071s][info][gc,heap        ] GC(2080) PSYoungGen: 2590656K(2615808K)->0K(2616320K) Eden: 2436608K(2436608K)->0K(2436608K) From: 154048K(179200K)->0K(179712K)
[6193.071s][info][gc,heap        ] GC(2080) ParOldGen: 5483362K(5483520K)->1627234K(2126848K)
[6193.071s][info][gc,metaspace   ] GC(2080) Metaspace: 29103K(29376K)->29103K(29376K) NonClass: 25999K(26112K)->25999K(26112K) Class: 3103K(3264K)->3103K(3264K)
[6193.071s][info][gc             ] GC(2080) Pause Full (Allocation Failure) 7884M->1589M(4632M) 949.330ms
[6193.071s][info][gc,cpu         ] GC(2080) User=4.49s Sys=0.12s Real=0.95s
..[6194.316s][info][gc,start       ] GC(2081) Pause Young (Allocation Failure)
[6194.383s][info][gc,heap        ] GC(2081) PSYoungGen: 2436608K(2616320K)->169152K(2615296K) Eden: 2436608K(2436608K)->0K(2435584K) From: 0K(179712K)->169152K(179712K)
[6194.383s][info][gc,heap        ] GC(2081) ParOldGen: 1627234K(2126848K)->1627234K(2126848K)
[6194.383s][info][gc,metaspace   ] GC(2081) Metaspace: 29103K(29376K)->29103K(29376K) NonClass: 25999K(26112K)->25999K(26112K) Class: 3103K(3264K)->3103K(3264K)
[6194.383s][info][gc             ] GC(2081) Pause Young (Allocation Failure) 3968M->1754M(4631M) 67.581ms
[6194.383s][info][gc,cpu         ] GC(2081) User=0.40s Sys=0.00s Real=0.07s
.[6195.680s][info][gc,start       ] GC(2082) Pause Young (Allocation Failure)
[6195.775s][info][gc,heap        ] GC(2082) PSYoungGen: 2604736K(2615296K)->161408K(2597376K) Eden: 2435584K(2435584K)->0K(2435584K) From: 169152K(179712K)->161408K(161792K)
[6195.775s][info][gc,heap        ] GC(2082) ParOldGen: 1627234K(2126848K)->1733370K(2126848K)
[6195.775s][info][gc,metaspace   ] GC(2082) Metaspace: 29103K(29376K)->29103K(29376K) NonClass: 25999K(26112K)->25999K(26112K) Class: 3103K(3264K)->3103K(3264K)
[6195.775s][info][gc             ] GC(2082) Pause Young (Allocation Failure) 4132M->1850M(4613M) 94.704ms
[6195.775s][info][gc,cpu         ] GC(2082) User=0.56s Sys=0.00s Real=0.10s
.[6197.058s][info][gc,start       ] GC(2083) Pause Young (Allocation Failure)
[6197.160s][info][gc,heap        ] GC(2083) PSYoungGen: 2596992K(2597376K)->176480K(2610176K) Eden: 2435584K(2435584K)->0K(2431488K) From: 161408K(161792K)->176480K(178688K)
[6197.160s][info][gc,heap        ] GC(2083) ParOldGen: 1733370K(2126848K)->1838202K(2126848K)
[6197.160s][info][gc,metaspace   ] GC(2083) Metaspace: 29103K(29376K)->29103K(29376K) NonClass: 25999K(26112K)->25999K(26112K) Class: 3103K(3264K)->3103K(3264K)
[6197.160s][info][gc             ] GC(2083) Pause Young (Allocation Failure) 4228M->1967M(4626M) 102.367ms
[6197.160s][info][gc,cpu         ] GC(2083) User=0.59s Sys=0.01s Real=0.10s
.[6198.551s][info][gc,start       ] GC(2084) Pause Young (Allocation Failure)
[6198.656s][info][gc,heap        ] GC(2084) PSYoungGen: 2607968K(2610176K)->166681K(2613760K) Eden: 2431488K(2431488K)->0K(2431488K) From: 176480K(178688K)->166681K(182272K)
[6198.656s][info][gc,heap        ] GC(2084) ParOldGen: 1838202K(2126848K)->1942546K(2126848K)
[6198.656s][info][gc,metaspace   ] GC(2084) Metaspace: 29103K(29376K)->29103K(29376K) NonClass: 25999K(26112K)->25999K(26112K) Class: 3103K(3264K)->3103K(3264K)
[6198.656s][info][gc             ] GC(2084) Pause Young (Allocation Failure) 4341M->2059M(4629M) 105.640ms
[6198.656s][info][gc,cpu         ] GC(2084) User=0.57s Sys=0.00s Real=0.11s
..[6200.194s][info][gc,start       ] GC(2085) Pause Young (Allocation Failure)
[6200.292s][info][gc,heap        ] GC(2085) PSYoungGen: 2598169K(2613760K)->170058K(2613760K) Eden: 2431488K(2431488K)->0K(2432512K) From: 166681K(182272K)->170058K(181248K)
[6200.292s][info][gc,heap        ] GC(2085) ParOldGen: 1942546K(2126848K)->2041522K(2126848K)
[6200.292s][info][gc,metaspace   ] GC(2085) Metaspace: 29103K(29376K)->29103K(29376K) NonClass: 25999K(26112K)->25999K(26112K) Class: 3103K(3264K)->3103K(3264K)
[6200.292s][info][gc             ] GC(2085) Pause Young (Allocation Failure) 4434M->2159M(4629M) 97.445ms
[6200.292s][info][gc,cpu         ] GC(2085) User=0.57s Sys=0.00s Real=0.09s
.[6201.775s][info][gc,start       ] GC(2086) Pause Young (Allocation Failure)
[6201.869s][info][gc,heap        ] GC(2086) PSYoungGen: 2602570K(2613760K)->152404K(2585088K) Eden: 2432512K(2432512K)->0K(2432512K) From: 170058K(181248K)->152404K(152576K)
[6201.869s][info][gc,heap        ] GC(2086) ParOldGen: 2041522K(2126848K)->2149178K(2149376K)
[6201.869s][info][gc,metaspace   ] GC(2086) Metaspace: 29103K(29376K)->29103K(29376K) NonClass: 25999K(26112K)->25999K(26112K) Class: 3103K(3264K)->3103K(3264K)
[6201.869s][info][gc             ] GC(2086) Pause Young (Allocation Failure) 4535M->2247M(4623M) 94.081ms
[6201.869s][info][gc,cpu         ] GC(2086) User=0.55s Sys=0.01s Real=0.09s
..[6203.413s][info][gc,start       ] GC(2087) Pause Young (Allocation Failure)
[6203.507s][info][gc,heap        ] GC(2087) PSYoungGen: 2584916K(2585088K)->149856K(2612736K) Eden: 2432512K(2432512K)->0K(2430464K) From: 152404K(152576K)->149856K(182272K)
[6203.507s][info][gc,heap        ] GC(2087) ParOldGen: 2149178K(2149376K)->2250906K(2251264K)
[6203.507s][info][gc,metaspace   ] GC(2087) Metaspace: 29103K(29376K)->29103K(29376K) NonClass: 25999K(26112K)->25999K(26112K) Class: 3103K(3264K)->3103K(3264K)
[6203.507s][info][gc             ] GC(2087) Pause Young (Allocation Failure) 4623M->2344M(4750M) 93.547ms
[6203.507s][info][gc,cpu         ] GC(2087) User=0.52s Sys=0.03s Real=0.09s
..[6204.971s][info][gc,start       ] GC(2088) Pause Young (Allocation Failure)
[6205.075s][info][gc,heap        ] GC(2088) PSYoungGen: 2580320K(2612736K)->172041K(2603008K) Eden: 2430464K(2430464K)->0K(2430464K) From: 149856K(182272K)->172041K(172544K)
[6205.075s][info][gc,heap        ] GC(2088) ParOldGen: 2250906K(2251264K)->2355042K(2355200K)
[6205.075s][info][gc,metaspace   ] GC(2088) Metaspace: 29103K(29376K)->29103K(29376K) NonClass: 25999K(26112K)->25999K(26112K) Class: 3103K(3264K)->3103K(3264K)
[6205.075s][info][gc             ] GC(2088) Pause Young (Allocation Failure) 4717M->2467M(4842M) 104.549ms
[6205.075s][info][gc,cpu         ] GC(2088) User=0.57s Sys=0.04s Real=0.11s
.[6206.552s][info][gc,start       ] GC(2089) Pause Young (Allocation Failure)
[6206.650s][info][gc,heap        ] GC(2089) PSYoungGen: 2602505K(2603008K)->161072K(2613248K) Eden: 2430464K(2430464K)->0K(2428928K) From: 172041K(172544K)->161072K(184320K)
[6206.650s][info][gc,heap        ] GC(2089) ParOldGen: 2355042K(2355200K)->2459058K(2459136K)
[6206.650s][info][gc,metaspace   ] GC(2089) Metaspace: 29103K(29376K)->29103K(29376K) NonClass: 25999K(26112K)->25999K(26112K) Class: 3103K(3264K)->3103K(3264K)
[6206.650s][info][gc             ] GC(2089) Pause Young (Allocation Failure) 4841M->2558M(4953M) 98.300ms
[6206.650s][info][gc,cpu         ] GC(2089) User=0.55s Sys=0.02s Real=0.10s
..[6208.108s][info][gc,start       ] GC(2090) Pause Young (Allocation Failure)
[6208.215s][info][gc,heap        ] GC(2090) PSYoungGen: 2590000K(2613248K)->178331K(2607616K) Eden: 2428928K(2428928K)->0K(2428928K) From: 161072K(184320K)->178331K(178688K)
[6208.215s][info][gc,heap        ] GC(2090) ParOldGen: 2459058K(2459136K)->2565554K(2565632K)
[6208.215s][info][gc,metaspace   ] GC(2090) Metaspace: 29103K(29376K)->29103K(29376K) NonClass: 25999K(26112K)->25999K(26112K) Class: 3103K(3264K)->3103K(3264K)
[6208.215s][info][gc             ] GC(2090) Pause Young (Allocation Failure) 4930M->2679M(5052M) 106.656ms
[6208.215s][info][gc,cpu         ] GC(2090) User=0.59s Sys=0.04s Real=0.11s
.[6209.688s][info][gc,start       ] GC(2091) Pause Young (Allocation Failure)
[6209.788s][info][gc,heap        ] GC(2091) PSYoungGen: 2607259K(2607616K)->157824K(2610688K) Eden: 2428928K(2428928K)->0K(2424320K) From: 178331K(178688K)->157824K(186368K)
[6209.788s][info][gc,heap        ] GC(2091) ParOldGen: 2565554K(2565632K)->2669698K(2670080K)
[6209.788s][info][gc,metaspace   ] GC(2091) Metaspace: 29103K(29376K)->29103K(29376K) NonClass: 25999K(26112K)->25999K(26112K) Class: 3103K(3264K)->3103K(3264K)
[6209.788s][info][gc             ] GC(2091) Pause Young (Allocation Failure) 5051M->2761M(5157M) 99.216ms
[6209.788s][info][gc,cpu         ] GC(2091) User=0.55s Sys=0.04s Real=0.10s
..[6211.229s][info][gc,start       ] GC(2092) Pause Young (Allocation Failure)
[6211.328s][info][gc,heap        ] GC(2092) PSYoungGen: 2582144K(2610688K)->162608K(2587136K) Eden: 2424320K(2424320K)->0K(2424320K) From: 157824K(186368K)->162608K(162816K)
[6211.328s][info][gc,heap        ] GC(2092) ParOldGen: 2669698K(2670080K)->2771858K(2771968K)
[6211.328s][info][gc,metaspace   ] GC(2092) Metaspace: 29103K(29376K)->29103K(29376K) NonClass: 25999K(26112K)->25999K(26112K) Class: 3103K(3264K)->3103K(3264K)
[6211.328s][info][gc             ] GC(2092) Pause Young (Allocation Failure) 5128M->2865M(5233M) 99.429ms
[6211.328s][info][gc,cpu         ] GC(2092) User=0.56s Sys=0.03s Real=0.10s
.[6212.830s][info][gc,start       ] GC(2093) Pause Young (Allocation Failure)
[6212.930s][info][gc,heap        ] GC(2093) PSYoungGen: 2586928K(2587136K)->159971K(2608640K) Eden: 2424320K(2424320K)->0K(2425344K) From: 162608K(162816K)->159971K(183296K)
[6212.930s][info][gc,heap        ] GC(2093) ParOldGen: 2771858K(2771968K)->2879042K(2879488K)
[6212.930s][info][gc,metaspace   ] GC(2093) Metaspace: 29103K(29376K)->29103K(29376K) NonClass: 25999K(26112K)->25999K(26112K) Class: 3103K(3264K)->3103K(3264K)
[6212.930s][info][gc             ] GC(2093) Pause Young (Allocation Failure) 5233M->2967M(5359M) 99.932ms
[6212.930s][info][gc,cpu         ] GC(2093) User=0.54s Sys=0.04s Real=0.10s
..[6214.391s][info][gc,start       ] GC(2094) Pause Young (Allocation Failure)
[6214.495s][info][gc,heap        ] GC(2094) PSYoungGen: 2585315K(2608640K)->164212K(2607616K) Eden: 2425344K(2425344K)->0K(2425344K) From: 159971K(183296K)->164212K(182272K)
[6214.495s][info][gc,heap        ] GC(2094) ParOldGen: 2879042K(2879488K)->2981866K(2981888K)
[6214.495s][info][gc,metaspace   ] GC(2094) Metaspace: 29103K(29376K)->29103K(29376K) NonClass: 25999K(26112K)->25999K(26112K) Class: 3103K(3264K)->3103K(3264K)
[6214.495s][info][gc             ] GC(2094) Pause Young (Allocation Failure) 5336M->3072M(5458M) 103.471ms
[6214.495s][info][gc,cpu         ] GC(2094) User=0.57s Sys=0.04s Real=0.11s
.[6215.960s][info][gc,start       ] GC(2095) Pause Young (Allocation Failure)
[6216.057s][info][gc,heap        ] GC(2095) PSYoungGen: 2589556K(2607616K)->158816K(2612224K) Eden: 2425344K(2425344K)->0K(2431488K) From: 164212K(182272K)->158816K(180736K)
[6216.057s][info][gc,heap        ] GC(2095) ParOldGen: 2981866K(2981888K)->3086754K(3086848K)
[6216.057s][info][gc,metaspace   ] GC(2095) Metaspace: 29103K(29376K)->29103K(29376K) NonClass: 25999K(26112K)->25999K(26112K) Class: 3103K(3264K)->3103K(3264K)
[6216.057s][info][gc             ] GC(2095) Pause Young (Allocation Failure) 5440M->3169M(5565M) 97.136ms
[6216.057s][info][gc,cpu         ] GC(2095) User=0.54s Sys=0.03s Real=0.10s
..[6217.569s][info][gc,start       ] GC(2096) Pause Young (Allocation Failure)
[6217.665s][info][gc,heap        ] GC(2096) PSYoungGen: 2590304K(2612224K)->153536K(2611200K) Eden: 2431488K(2431488K)->0K(2431488K) From: 158816K(180736K)->153536K(179712K)
[6217.665s][info][gc,heap        ] GC(2096) ParOldGen: 3086754K(3086848K)->3191538K(3191808K)
[6217.665s][info][gc,metaspace   ] GC(2096) Metaspace: 29103K(29376K)->29103K(29376K) NonClass: 25999K(26112K)->25999K(26112K) Class: 3103K(3264K)->3103K(3264K)
[6217.665s][info][gc             ] GC(2096) Pause Young (Allocation Failure) 5544M->3266M(5667M) 96.645ms
[6217.665s][info][gc,cpu         ] GC(2096) User=0.53s Sys=0.03s Real=0.10s
..[6219.192s][info][gc,start       ] GC(2097) Pause Young (Allocation Failure)
[6219.290s][info][gc,heap        ] GC(2097) PSYoungGen: 2585024K(2611200K)->154592K(2615808K) Eden: 2431488K(2431488K)->0K(2436096K) From: 153536K(179712K)->154592K(179712K)
[6219.290s][info][gc,heap        ] GC(2097) ParOldGen: 3191538K(3191808K)->3295890K(3296256K)
[6219.290s][info][gc,metaspace   ] GC(2097) Metaspace: 29103K(29376K)->29103K(29376K) NonClass: 25999K(26112K)->25999K(26112K) Class: 3103K(3264K)->3103K(3264K)
[6219.290s][info][gc             ] GC(2097) Pause Young (Allocation Failure) 5641M->3369M(5773M) 98.132ms
[6219.290s][info][gc,cpu         ] GC(2097) User=0.54s Sys=0.04s Real=0.10s
.[6220.654s][info][gc,start       ] GC(2098) Pause Young (Allocation Failure)
[6220.755s][info][gc,heap        ] GC(2098) PSYoungGen: 2590688K(2615808K)->157478K(2615296K) Eden: 2436096K(2436096K)->0K(2436096K) From: 154592K(179712K)->157478K(179200K)
[6220.755s][info][gc,heap        ] GC(2098) ParOldGen: 3295890K(3296256K)->3403306K(3403776K)
[6220.755s][info][gc,metaspace   ] GC(2098) Metaspace: 29103K(29376K)->29103K(29376K) NonClass: 25999K(26112K)->25999K(26112K) Class: 3103K(3264K)->3103K(3264K)
[6220.755s][info][gc             ] GC(2098) Pause Young (Allocation Failure) 5748M->3477M(5878M) 100.790ms
[6220.755s][info][gc,cpu         ] GC(2098) User=0.58s Sys=0.02s Real=0.10s
..[6222.267s][info][gc,start       ] GC(2099) Pause Young (Allocation Failure)
[6222.364s][info][gc,heap        ] GC(2099) PSYoungGen: 2593574K(2615296K)->153109K(2615808K) Eden: 2436096K(2436096K)->0K(2437632K) From: 157478K(179200K)->153109K(178176K)
[6222.364s][info][gc,heap        ] GC(2099) ParOldGen: 3403306K(3403776K)->3504778K(3505152K)
[6222.364s][info][gc,metaspace   ] GC(2099) Metaspace: 29103K(29376K)->29103K(29376K) NonClass: 25999K(26112K)->25999K(26112K) Class: 3103K(3264K)->3103K(3264K)
[6222.364s][info][gc             ] GC(2099) Pause Young (Allocation Failure) 5856M->3572M(5977M) 96.601ms
[6222.364s][info][gc,cpu         ] GC(2099) User=0.55s Sys=0.03s Real=0.10s
.[6223.920s][info][gc,start       ] GC(2100) Pause Young (Allocation Failure)
[6224.021s][info][gc,heap        ] GC(2100) PSYoungGen: 2590741K(2615808K)->166880K(2615296K) Eden: 2437632K(2437632K)->0K(2437632K) From: 153109K(178176K)->166880K(177664K)
[6224.021s][info][gc,heap        ] GC(2100) ParOldGen: 3504778K(3505152K)->3606106K(3606528K)
[6224.021s][info][gc,metaspace   ] GC(2100) Metaspace: 29103K(29376K)->29103K(29376K) NonClass: 25999K(26112K)->25999K(26112K) Class: 3103K(3264K)->3103K(3264K)
[6224.021s][info][gc             ] GC(2100) Pause Young (Allocation Failure) 5952M->3684M(6076M) 100.833ms
[6224.021s][info][gc,cpu         ] GC(2100) User=0.56s Sys=0.03s Real=0.10s
..[6225.459s][info][gc,start       ] GC(2101) Pause Young (Allocation Failure)
[6225.556s][info][gc,heap        ] GC(2101) PSYoungGen: 2604512K(2615296K)->151360K(2617344K) Eden: 2437632K(2437632K)->0K(2438656K) From: 166880K(177664K)->151360K(178688K)
[6225.556s][info][gc,heap        ] GC(2101) ParOldGen: 3606106K(3606528K)->3714234K(3714560K)
[6225.556s][info][gc,metaspace   ] GC(2101) Metaspace: 29103K(29376K)->29103K(29376K) NonClass: 25999K(26112K)->25999K(26112K) Class: 3103K(3264K)->3103K(3264K)
[6225.556s][info][gc             ] GC(2101) Pause Young (Allocation Failure) 6065M->3774M(6183M) 96.295ms
[6225.556s][info][gc,cpu         ] GC(2101) User=0.52s Sys=0.04s Real=0.10s
.[6227.065s][info][gc,start       ] GC(2102) Pause Young (Allocation Failure)
[6227.163s][info][gc,heap        ] GC(2102) PSYoungGen: 2590016K(2617344K)->156512K(2595328K) Eden: 2438656K(2438656K)->0K(2438656K) From: 151360K(178688K)->156512K(156672K)
[6227.163s][info][gc,heap        ] GC(2102) ParOldGen: 3714234K(3714560K)->3820090K(3820544K)
[6227.163s][info][gc,metaspace   ] GC(2102) Metaspace: 29103K(29376K)->29103K(29376K) NonClass: 25999K(26112K)->25999K(26112K) Class: 3103K(3264K)->3103K(3264K)
[6227.163s][info][gc             ] GC(2102) Pause Young (Allocation Failure) 6156M->3883M(6265M) 98.103ms
[6227.163s][info][gc,cpu         ] GC(2102) User=0.54s Sys=0.03s Real=0.09s
..[6228.624s][info][gc,start       ] GC(2103) Pause Young (Allocation Failure)
[6228.727s][info][gc,heap        ] GC(2103) PSYoungGen: 2595168K(2595328K)->171040K(2613248K) Eden: 2438656K(2438656K)->0K(2436096K) From: 156512K(156672K)->171040K(177152K)
[6228.727s][info][gc,heap        ] GC(2103) ParOldGen: 3820090K(3820544K)->3920786K(3920896K)
[6228.727s][info][gc,metaspace   ] GC(2103) Metaspace: 29103K(29376K)->29103K(29376K) NonClass: 25999K(26112K)->25999K(26112K) Class: 3103K(3264K)->3103K(3264K)
[6228.727s][info][gc             ] GC(2103) Pause Young (Allocation Failure) 6264M->3995M(6381M) 103.132ms
[6228.727s][info][gc,cpu         ] GC(2103) User=0.57s Sys=0.04s Real=0.10s
.[6230.194s][info][gc,start       ] GC(2104) Pause Young (Allocation Failure)
[6230.293s][info][gc,heap        ] GC(2104) PSYoungGen: 2607136K(2613248K)->153280K(2615808K) Eden: 2436096K(2436096K)->0K(2436096K) From: 171040K(177152K)->153280K(179712K)
[6230.293s][info][gc,heap        ] GC(2104) ParOldGen: 3920786K(3920896K)->4027690K(4027904K)
[6230.293s][info][gc,metaspace   ] GC(2104) Metaspace: 29103K(29376K)->29103K(29376K) NonClass: 25999K(26112K)->25999K(26112K) Class: 3103K(3264K)->3103K(3264K)
[6230.293s][info][gc             ] GC(2104) Pause Young (Allocation Failure) 6374M->4082M(6488M) 98.799ms
[6230.293s][info][gc,cpu         ] GC(2104) User=0.54s Sys=0.04s Real=0.09s
..[6231.808s][info][gc,start       ] GC(2105) Pause Young (Allocation Failure)
[6231.906s][info][gc,heap        ] GC(2105) PSYoungGen: 2589376K(2615808K)->149952K(2614784K) Eden: 2436096K(2436096K)->0K(2437120K) From: 153280K(179712K)->149952K(177664K)
[6231.906s][info][gc,heap        ] GC(2105) ParOldGen: 4027690K(4027904K)->4134858K(4134912K)
[6231.906s][info][gc,metaspace   ] GC(2105) Metaspace: 29103K(29376K)->29103K(29376K) NonClass: 25999K(26112K)->25999K(26112K) Class: 3103K(3264K)->3103K(3264K)
[6231.906s][info][gc             ] GC(2105) Pause Young (Allocation Failure) 6461M->4184M(6591M) 97.506ms
[6231.906s][info][gc,cpu         ] GC(2105) User=0.54s Sys=0.04s Real=0.10s
.[6233.357s][info][gc,start       ] GC(2106) Pause Young (Allocation Failure)
[6233.460s][info][gc,heap        ] GC(2106) PSYoungGen: 2587072K(2614784K)->165077K(2615808K) Eden: 2437120K(2437120K)->0K(2437120K) From: 149952K(177664K)->165077K(178688K)
[6233.460s][info][gc,heap        ] GC(2106) ParOldGen: 4134858K(4134912K)->4235250K(4235264K)
[6233.460s][info][gc,metaspace   ] GC(2106) Metaspace: 29103K(29376K)->29103K(29376K) NonClass: 25999K(26112K)->25999K(26112K) Class: 3103K(3264K)->3103K(3264K)
[6233.460s][info][gc             ] GC(2106) Pause Young (Allocation Failure) 6564M->4297M(6690M) 102.991ms
[6233.460s][info][gc,cpu         ] GC(2106) User=0.58s Sys=0.03s Real=0.10s
..[6234.464s][info][gc,start       ] GC(2107) Pause Full (Diagnostic Command)
[6234.464s][info][gc,phases,start] GC(2107) Marking Phase
[6234.785s][info][gc,phases      ] GC(2107) Marking Phase 321.004ms
[6234.785s][info][gc,phases,start] GC(2107) Summary Phase
[6234.785s][info][gc,phases      ] GC(2107) Summary Phase 0.087ms
[6234.785s][info][gc,phases,start] GC(2107) Forward
[6234.960s][info][gc,phases      ] GC(2107) Forward 174.098ms
[6234.960s][info][gc,phases,start] GC(2107) Adjust Pointers
[6235.185s][info][gc,phases      ] GC(2107) Adjust Pointers 225.234ms
[6235.185s][info][gc,phases,start] GC(2107) Compaction Phase
[6235.364s][info][gc,phases      ] GC(2107) Compaction Phase 179.356ms
[6235.366s][info][gc,phases,start] GC(2107) Post Compact
[6235.372s][info][gc,phases      ] GC(2107) Post Compact 5.224ms
[6235.372s][info][gc,heap        ] GC(2107) PSYoungGen: 1764925K(2615808K)->0K(2615808K) Eden: 1599848K(2437120K)->0K(2437120K) From: 165077K(178688K)->0K(178688K)
[6235.372s][info][gc,heap        ] GC(2107) ParOldGen: 4235250K(4235264K)->1347087K(4235264K)
[6235.372s][info][gc,metaspace   ] GC(2107) Metaspace: 29103K(29376K)->29103K(29376K) NonClass: 25999K(26112K)->25999K(26112K) Class: 3103K(3264K)->3103K(3264K)
[6235.372s][info][gc             ] GC(2107) Pause Full (Diagnostic Command) 5859M->1315M(6690M) 907.417ms
[6235.372s][info][gc,cpu         ] GC(2107) User=4.81s Sys=0.01s Real=0.90s
.[6236.669s][info][gc,start       ] GC(2108) Pause Young (Allocation Failure)
[6236.740s][info][gc,heap        ] GC(2108) PSYoungGen: 2437120K(2615808K)->174016K(2609664K) Eden: 2437120K(2437120K)->0K(2430464K) From: 0K(178688K)->174016K(179200K)
[6236.740s][info][gc,heap        ] GC(2108) ParOldGen: 1347087K(4235264K)->1347087K(4235264K)
[6236.740s][info][gc,metaspace   ] GC(2108) Metaspace: 29103K(29376K)->29103K(29376K) NonClass: 25999K(26112K)->25999K(26112K) Class: 3103K(3264K)->3103K(3264K)
[6236.740s][info][gc             ] GC(2108) Pause Young (Allocation Failure) 3695M->1485M(6684M) 71.909ms
[6236.740s][info][gc,cpu         ] GC(2108) User=0.43s Sys=0.00s Real=0.07s
..[6238.061s][info][gc,start       ] GC(2109) Pause Young (Allocation Failure)
[6238.160s][info][gc,heap        ] GC(2109) PSYoungGen: 2604480K(2609664K)->167365K(2613248K) Eden: 2430464K(2430464K)->0K(2430464K) From: 174016K(179200K)->167365K(182784K)
[6238.160s][info][gc,heap        ] GC(2109) ParOldGen: 1347087K(4235264K)->1456359K(4235264K)
[6238.160s][info][gc,metaspace   ] GC(2109) Metaspace: 29103K(29376K)->29103K(29376K) NonClass: 25999K(26112K)->25999K(26112K) Class: 3103K(3264K)->3103K(3264K)
[6238.160s][info][gc             ] GC(2109) Pause Young (Allocation Failure) 3858M->1585M(6688M) 98.217ms
[6238.160s][info][gc,cpu         ] GC(2109) User=0.58s Sys=0.00s Real=0.10s
.[6239.371s][info][gc,start       ] GC(2110) Pause Young (Allocation Failure)
[6239.466s][info][gc,heap        ] GC(2110) PSYoungGen: 2597829K(2613248K)->167229K(2613248K) Eden: 2430464K(2430464K)->0K(2430464K) From: 167365K(182784K)->167229K(182784K)
[6239.466s][info][gc,heap        ] GC(2110) ParOldGen: 1456359K(4235264K)->1554215K(4235264K)
[6239.466s][info][gc,metaspace   ] GC(2110) Metaspace: 29103K(29376K)->29103K(29376K) NonClass: 25999K(26112K)->25999K(26112K) Class: 3103K(3264K)->3103K(3264K)
[6239.466s][info][gc             ] GC(2110) Pause Young (Allocation Failure) 3959M->1681M(6688M) 94.628ms
[6239.466s][info][gc,cpu         ] GC(2110) User=0.56s Sys=0.00s Real=0.10s
.[6240.801s][info][gc,start       ] GC(2111) Pause Young (Allocation Failure)
[6240.909s][info][gc,heap        ] GC(2111) PSYoungGen: 2597693K(2613248K)->182766K(2613248K) Eden: 2430464K(2430464K)->0K(2430464K) From: 167229K(182784K)->182766K(182784K)
[6240.909s][info][gc,heap        ] GC(2111) ParOldGen: 1554215K(4235264K)->1669687K(4235264K)
[6240.909s][info][gc,metaspace   ] GC(2111) Metaspace: 29103K(29376K)->29103K(29376K) NonClass: 25999K(26112K)->25999K(26112K) Class: 3103K(3264K)->3103K(3264K)
[6240.909s][info][gc             ] GC(2111) Pause Young (Allocation Failure) 4054M->1809M(6688M) 108.493ms
[6240.910s][info][gc,cpu         ] GC(2111) User=0.64s Sys=0.00s Real=0.11s
.[6242.193s][info][gc,start       ] GC(2112) Pause Young (Allocation Failure)
[6242.286s][info][gc,heap        ] GC(2112) PSYoungGen: 2613230K(2613248K)->162181K(2523136K) Eden: 2430464K(2430464K)->0K(2340352K) From: 182766K(182784K)->162181K(182784K)
[6242.286s][info][gc,heap        ] GC(2112) ParOldGen: 1669687K(4235264K)->1770559K(4235264K)
[6242.286s][info][gc,metaspace   ] GC(2112) Metaspace: 29103K(29376K)->29103K(29376K) NonClass: 25999K(26112K)->25999K(26112K) Class: 3103K(3264K)->3103K(3264K)
[6242.286s][info][gc             ] GC(2112) Pause Young (Allocation Failure) 4182M->1887M(6600M) 93.129ms
[6242.286s][info][gc,cpu         ] GC(2112) User=0.56s Sys=0.00s Real=0.10s
..[6243.717s][info][gc,start       ] GC(2113) Pause Young (Allocation Failure)
[6243.810s][info][gc,heap        ] GC(2113) PSYoungGen: 2502533K(2523136K)->153632K(2568192K) Eden: 2340352K(2340352K)->0K(2340352K) From: 162181K(182784K)->153632K(227840K)
[6243.810s][info][gc,heap        ] GC(2113) ParOldGen: 1770559K(4235264K)->1878415K(4235264K)
[6243.810s][info][gc,metaspace   ] GC(2113) Metaspace: 29103K(29376K)->29103K(29376K) NonClass: 25999K(26112K)->25999K(26112K) Class: 3103K(3264K)->3103K(3264K)
[6243.810s][info][gc             ] GC(2113) Pause Young (Allocation Failure) 4172M->1984M(6644M) 92.575ms
[6243.810s][info][gc,cpu         ] GC(2113) User=0.54s Sys=0.00s Real=0.09s
.[6245.168s][info][gc,start       ] GC(2114) Pause Young (Allocation Failure)
[6245.258s][info][gc,heap        ] GC(2114) PSYoungGen: 2493984K(2568192K)->150262K(2563584K) Eden: 2340352K(2340352K)->0K(2341888K) From: 153632K(227840K)->150262K(221696K)
[6245.258s][info][gc,heap        ] GC(2114) ParOldGen: 1878415K(4235264K)->1977887K(4235264K)
[6245.258s][info][gc,metaspace   ] GC(2114) Metaspace: 29103K(29376K)->29103K(29376K) NonClass: 25999K(26112K)->25999K(26112K) Class: 3103K(3264K)->3103K(3264K)
[6245.258s][info][gc             ] GC(2114) Pause Young (Allocation Failure) 4269M->2078M(6639M) 90.216ms
[6245.258s][info][gc,cpu         ] GC(2114) User=0.53s Sys=0.00s Real=0.09s
..[6246.703s][info][gc,start       ] GC(2115) Pause Young (Allocation Failure)
[6246.795s][info][gc,heap        ] GC(2115) PSYoungGen: 2492150K(2563584K)->151735K(2566656K) Eden: 2341888K(2341888K)->0K(2341888K) From: 150262K(221696K)->151735K(224768K)
[6246.795s][info][gc,heap        ] GC(2115) ParOldGen: 1977887K(4235264K)->2080751K(4235264K)
[6246.795s][info][gc,metaspace   ] GC(2115) Metaspace: 29103K(29376K)->29103K(29376K) NonClass: 25999K(26112K)->25999K(26112K) Class: 3103K(3264K)->3103K(3264K)
[6246.795s][info][gc             ] GC(2115) Pause Young (Allocation Failure) 4365M->2180M(6642M) 91.500ms
[6246.795s][info][gc,cpu         ] GC(2115) User=0.53s Sys=0.00s Real=0.09s
.[6248.224s][info][gc,start       ] GC(2116) Pause Young (Allocation Failure)
[6248.314s][info][gc,heap        ] GC(2116) PSYoungGen: 2493623K(2566656K)->147648K(2566656K) Eden: 2341888K(2341888K)->0K(2349056K) From: 151735K(224768K)->147648K(217600K)
[6248.314s][info][gc,heap        ] GC(2116) ParOldGen: 2080751K(4235264K)->2184279K(4235264K)
[6248.314s][info][gc,metaspace   ] GC(2116) Metaspace: 29103K(29376K)->29103K(29376K) NonClass: 25999K(26112K)->25999K(26112K) Class: 3103K(3264K)->3103K(3264K)
[6248.314s][info][gc             ] GC(2116) Pause Young (Allocation Failure) 4467M->2277M(6642M) 90.034ms
[6248.315s][info][gc,cpu         ] GC(2116) User=0.53s Sys=0.00s Real=0.09s
..[6249.796s][info][gc,start       ] GC(2117) Pause Young (Allocation Failure)
[6249.894s][info][gc,heap        ] GC(2117) PSYoungGen: 2496704K(2566656K)->163461K(2569216K) Eden: 2349056K(2349056K)->0K(2349056K) From: 147648K(217600K)->163461K(220160K)
[6249.894s][info][gc,heap        ] GC(2117) ParOldGen: 2184279K(4235264K)->2286399K(4235264K)
[6249.894s][info][gc,metaspace   ] GC(2117) Metaspace: 29103K(29376K)->29103K(29376K) NonClass: 25999K(26112K)->25999K(26112K) Class: 3103K(3264K)->3103K(3264K)
[6249.894s][info][gc             ] GC(2117) Pause Young (Allocation Failure) 4571M->2392M(6645M) 97.713ms
[6249.894s][info][gc,cpu         ] GC(2117) User=0.58s Sys=0.00s Real=0.10s
. (rIR:aIR:PR = 10793:10863:10863) (tPR = 161760) [OK] 
  6250s: Performance info:
         Transaction,    Success,    Partial,     Failed,   Receipts, AvgBarcode, 
             Overall,     654568,          0,          0,     621642,      59.48, 
         Response times:
             Request,    Success,    Partial,     Failed,   SkipFail,     Probes,    Samples,      min,      p50,      p90,      p95,      p99,      max, 
       TotalPurchase,     621640,          0,          0,          0,     317526,     539304,      200,    15200,   256000,   461000,   730000,  1600000,
     InStorePurchase,     325733,          0,          0,          0,     165924,     282824,      200,    15100,   253000,   483000,   730000,  1200000,
      OnlinePurchase,     229910,          0,          0,          0,     117154,     198611,      200,    15300,   245000,   437000,   700000,  1600000,
        InstPurchase,      65997,          0,          0,          0,      34448,      57869,      400,    15500,   276000,   502000,   810000,  1200000,
          AssocOfCat,        645,          0,          0,          0,        498,        937,    24000,    58000,   321200,   443400,   730000,   990000,
      AssocOfProduct,       6510,          0,          0,          0,       3460,       6074,      500,    16500,   260000,   474250,   810000,  1200000,
      BusinessReport,       1624,          0,          0,          0,       1331,       2375,    28000,    68000,   324800,   620000,   820000,  1100000,
          CustBuyBeh,       6506,          0,          0,          0,       3355,       6033,      200,    14300,   262600,   377300,   740000,  1200000,
       ProductReturn,      17641,          0,          0,          0,       8652,      14405,      100,    12100,   260400,   448000,   920000,  1200000,

  6250s: (79%)   IR =  10931 [6251.369s][info][gc,start       ] GC(2118) Pause Young (Allocation Failure)
[6251.460s][info][gc,heap        ] GC(2118) PSYoungGen: 2512517K(2569216K)->147616K(2573824K) Eden: 2349056K(2349056K)->0K(2360320K) From: 163461K(220160K)->147616K(213504K)
[6251.460s][info][gc,heap        ] GC(2118) ParOldGen: 2286399K(4235264K)->2390983K(4235264K)
[6251.460s][info][gc,metaspace   ] GC(2118) Metaspace: 29104K(29376K)->29104K(29376K) NonClass: 26000K(26112K)->26000K(26112K) Class: 3103K(3264K)->3103K(3264K)
[6251.460s][info][gc             ] GC(2118) Pause Young (Allocation Failure) 4686M->2479M(6649M) 90.958ms
[6251.460s][info][gc,cpu         ] GC(2118) User=0.54s Sys=0.00s Real=0.09s
..[6252.878s][info][gc,start       ] GC(2119) Pause Young (Allocation Failure)
[6252.974s][info][gc,heap        ] GC(2119) PSYoungGen: 2507936K(2573824K)->159392K(2573824K) Eden: 2360320K(2360320K)->0K(2360320K) From: 147616K(213504K)->159392K(213504K)
[6252.974s][info][gc,heap        ] GC(2119) ParOldGen: 2390983K(4235264K)->2496199K(4235264K)
[6252.974s][info][gc,metaspace   ] GC(2119) Metaspace: 29104K(29376K)->29104K(29376K) NonClass: 26000K(26112K)->26000K(26112K) Class: 3103K(3264K)->3103K(3264K)
[6252.974s][info][gc             ] GC(2119) Pause Young (Allocation Failure) 4784M->2593M(6649M) 96.381ms
[6252.974s][info][gc,cpu         ] GC(2119) User=0.57s Sys=0.00s Real=0.10s
.[6254.469s][info][gc,start       ] GC(2120) Pause Young (Allocation Failure)
[6254.563s][info][gc,heap        ] GC(2120) PSYoungGen: 2519712K(2573824K)->154368K(2579456K) Eden: 2360320K(2360320K)->0K(2372096K) From: 159392K(213504K)->154368K(207360K)
[6254.563s][info][gc,heap        ] GC(2120) ParOldGen: 2496199K(4235264K)->2599143K(4235264K)
[6254.563s][info][gc,metaspace   ] GC(2120) Metaspace: 29104K(29376K)->29104K(29376K) NonClass: 26000K(26112K)->26000K(26112K) Class: 3103K(3264K)->3103K(3264K)
[6254.563s][info][gc             ] GC(2120) Pause Young (Allocation Failure) 4898M->2688M(6655M) 93.780ms
[6254.563s][info][gc,cpu         ] GC(2120) User=0.55s Sys=0.00s Real=0.10s
..[6256.003s][info][gc,start       ] GC(2121) Pause Young (Allocation Failure)
[6256.107s][info][gc,heap        ] GC(2121) PSYoungGen: 2526464K(2579456K)->179733K(2578432K) Eden: 2372096K(2372096K)->0K(2372096K) From: 154368K(207360K)->179733K(206336K)
[6256.107s][info][gc,heap        ] GC(2121) ParOldGen: 2599143K(4235264K)->2700319K(4235264K)
[6256.107s][info][gc,metaspace   ] GC(2121) Metaspace: 29104K(29376K)->29104K(29376K) NonClass: 26000K(26112K)->26000K(26112K) Class: 3103K(3264K)->3103K(3264K)
[6256.107s][info][gc             ] GC(2121) Pause Young (Allocation Failure) 5005M->2812M(6654M) 104.016ms
[6256.107s][info][gc,cpu         ] GC(2121) User=0.61s Sys=0.00s Real=0.11s
.[6257.476s][info][gc,start       ] GC(2122) Pause Young (Allocation Failure)
[6257.572s][info][gc,heap        ] GC(2122) PSYoungGen: 2551829K(2578432K)->161124K(2584576K) Eden: 2372096K(2372096K)->0K(2381312K) From: 179733K(206336K)->161124K(203264K)
[6257.572s][info][gc,heap        ] GC(2122) ParOldGen: 2700319K(4235264K)->2803351K(4235264K)
[6257.572s][info][gc,metaspace   ] GC(2122) Metaspace: 29104K(29376K)->29104K(29376K) NonClass: 26000K(26112K)->26000K(26112K) Class: 3103K(3264K)->3103K(3264K)
[6257.572s][info][gc             ] GC(2122) Pause Young (Allocation Failure) 5129M->2894M(6660M) 96.653ms
[6257.573s][info][gc,cpu         ] GC(2122) User=0.57s Sys=0.00s Real=0.09s
..[6259.056s][info][gc,start       ] GC(2123) Pause Young (Allocation Failure)
[6259.158s][info][gc,heap        ] GC(2123) PSYoungGen: 2542436K(2584576K)->176430K(2586112K) Eden: 2381312K(2381312K)->0K(2381312K) From: 161124K(203264K)->176430K(204800K)
[6259.158s][info][gc,heap        ] GC(2123) ParOldGen: 2803351K(4235264K)->2905991K(4235264K)
[6259.158s][info][gc,metaspace   ] GC(2123) Metaspace: 29104K(29376K)->29104K(29376K) NonClass: 26000K(26112K)->26000K(26112K) Class: 3103K(3264K)->3103K(3264K)
[6259.159s][info][gc             ] GC(2123) Pause Young (Allocation Failure) 5220M->3010M(6661M) 102.467ms
[6259.159s][info][gc,cpu         ] GC(2123) User=0.60s Sys=0.00s Real=0.10s
.[6260.567s][info][gc,start       ] GC(2124) Pause Young (Allocation Failure)
[6260.660s][info][gc,heap        ] GC(2124) PSYoungGen: 2557742K(2586112K)->157504K(2586624K) Eden: 2381312K(2381312K)->0K(2385920K) From: 176430K(204800K)->157504K(200704K)
[6260.660s][info][gc,heap        ] GC(2124) ParOldGen: 2905991K(4235264K)->3009663K(4235264K)
[6260.660s][info][gc,metaspace   ] GC(2124) Metaspace: 29104K(29376K)->29104K(29376K) NonClass: 26000K(26112K)->26000K(26112K) Class: 3103K(3264K)->3103K(3264K)
[6260.660s][info][gc             ] GC(2124) Pause Young (Allocation Failure) 5335M->3092M(6662M) 93.406ms
[6260.660s][info][gc,cpu         ] GC(2124) User=0.55s Sys=0.00s Real=0.09s
.|.[6262.119s][info][gc,start       ] GC(2125) Pause Young (Allocation Failure)
[6262.219s][info][gc,heap        ] GC(2125) PSYoungGen: 2543424K(2586624K)->164469K(2588672K) Eden: 2385920K(2385920K)->0K(2385920K) From: 157504K(200704K)->164469K(202752K)
[6262.219s][info][gc,heap        ] GC(2125) ParOldGen: 3009663K(4235264K)->3115327K(4235264K)
[6262.219s][info][gc,metaspace   ] GC(2125) Metaspace: 29104K(29376K)->29104K(29376K) NonClass: 26000K(26112K)->26000K(26112K) Class: 3103K(3264K)->3103K(3264K)
[6262.219s][info][gc             ] GC(2125) Pause Young (Allocation Failure) 5422M->3202M(6664M) 99.668ms
[6262.219s][info][gc,cpu         ] GC(2125) User=0.59s Sys=0.00s Real=0.10s
..[6263.761s][info][gc,start       ] GC(2126) Pause Young (Allocation Failure)
[6263.858s][info][gc,heap        ] GC(2126) PSYoungGen: 2550389K(2588672K)->163504K(2589184K) Eden: 2385920K(2385920K)->0K(2394624K) From: 164469K(202752K)->163504K(194560K)
[6263.858s][info][gc,heap        ] GC(2126) ParOldGen: 3115327K(4235264K)->3215151K(4235264K)
[6263.858s][info][gc,metaspace   ] GC(2126) Metaspace: 29104K(29376K)->29104K(29376K) NonClass: 26000K(26112K)->26000K(26112K) Class: 3103K(3264K)->3103K(3264K)
[6263.858s][info][gc             ] GC(2126) Pause Young (Allocation Failure) 5532M->3299M(6664M) 97.609ms
[6263.858s][info][gc,cpu         ] GC(2126) User=0.57s Sys=0.00s Real=0.10s
.[6265.224s][info][gc,start       ] GC(2127) Pause Young (Allocation Failure)
[6265.317s][info][gc,heap        ] GC(2127) PSYoungGen: 2558128K(2589184K)->152708K(2590208K) Eden: 2394624K(2394624K)->0K(2394624K) From: 163504K(194560K)->152708K(195584K)
[6265.317s][info][gc,heap        ] GC(2127) ParOldGen: 3215151K(4235264K)->3321111K(4235264K)
[6265.317s][info][gc,metaspace   ] GC(2127) Metaspace: 29104K(29376K)->29104K(29376K) NonClass: 26000K(26112K)->26000K(26112K) Class: 3103K(3264K)->3103K(3264K)
[6265.317s][info][gc             ] GC(2127) Pause Young (Allocation Failure) 5637M->3392M(6665M) 93.253ms
[6265.317s][info][gc,cpu         ] GC(2127) User=0.55s Sys=0.00s Real=0.09s
..[6266.785s][info][gc,start       ] GC(2128) Pause Young (Allocation Failure)
[6266.887s][info][gc,heap        ] GC(2128) PSYoungGen: 2547332K(2590208K)->173162K(2599936K) Eden: 2394624K(2394624K)->0K(2405376K) From: 152708K(195584K)->173162K(194560K)
[6266.887s][info][gc,heap        ] GC(2128) ParOldGen: 3321111K(4235264K)->3425047K(4235264K)
[6266.887s][info][gc,metaspace   ] GC(2128) Metaspace: 29104K(29376K)->29104K(29376K) NonClass: 26000K(26112K)->26000K(26112K) Class: 3103K(3264K)->3103K(3264K)
[6266.887s][info][gc             ] GC(2128) Pause Young (Allocation Failure) 5730M->3513M(6675M) 102.052ms
[6266.887s][info][gc,cpu         ] GC(2128) User=0.60s Sys=0.00s Real=0.10s
.[6268.313s][info][gc,start       ] GC(2129) Pause Young (Allocation Failure)
[6268.411s][info][gc,heap        ] GC(2129) PSYoungGen: 2578538K(2599936K)->161253K(2566656K) Eden: 2405376K(2405376K)->0K(2405376K) From: 173162K(194560K)->161253K(161280K)
[6268.411s][info][gc,heap        ] GC(2129) ParOldGen: 3425047K(4235264K)->3530223K(4235264K)
[6268.411s][info][gc,metaspace   ] GC(2129) Metaspace: 29104K(29376K)->29104K(29376K) NonClass: 26000K(26112K)->26000K(26112K) Class: 3103K(3264K)->3103K(3264K)
[6268.411s][info][gc             ] GC(2129) Pause Young (Allocation Failure) 5862M->3604M(6642M) 97.580ms
[6268.411s][info][gc,cpu         ] GC(2129) User=0.58s Sys=0.00s Real=0.10s
..[6269.880s][info][gc,start       ] GC(2130) Pause Young (Allocation Failure)
[6269.983s][info][gc,heap        ] GC(2130) PSYoungGen: 2566629K(2566656K)->174469K(2597888K) Eden: 2405376K(2405376K)->0K(2405376K) From: 161253K(161280K)->174469K(192512K)
[6269.983s][info][gc,heap        ] GC(2130) ParOldGen: 3530223K(4235264K)->3632143K(4235264K)
[6269.983s][info][gc,metaspace   ] GC(2130) Metaspace: 29104K(29376K)->29104K(29376K) NonClass: 26000K(26112K)->26000K(26112K) Class: 3103K(3264K)->3103K(3264K)
[6269.983s][info][gc             ] GC(2130) Pause Young (Allocation Failure) 5953M->3717M(6673M) 102.683ms
[6269.983s][info][gc,cpu         ] GC(2130) User=0.61s Sys=0.00s Real=0.10s
.[6271.457s][info][gc,start       ] GC(2131) Pause Young (Allocation Failure)
[6271.553s][info][gc,heap        ] GC(2131) PSYoungGen: 2579845K(2597888K)->158672K(2598912K) Eden: 2405376K(2405376K)->0K(2405376K) From: 174469K(192512K)->158672K(193536K)
[6271.553s][info][gc,heap        ] GC(2131) ParOldGen: 3632143K(4235264K)->3736479K(4235264K)
[6271.553s][info][gc,metaspace   ] GC(2131) Metaspace: 29104K(29376K)->29104K(29376K) NonClass: 26000K(26112K)->26000K(26112K) Class: 3103K(3264K)->3103K(3264K)
[6271.553s][info][gc             ] GC(2131) Pause Young (Allocation Failure) 6066M->3803M(6674M) 95.372ms
[6271.553s][info][gc,cpu         ] GC(2131) User=0.56s Sys=0.00s Real=0.09s
..[6273.084s][info][gc,start       ] GC(2132) Pause Young (Allocation Failure)
[6273.185s][info][gc,heap        ] GC(2132) PSYoungGen: 2564048K(2598912K)->172021K(2601984K) Eden: 2405376K(2405376K)->0K(2409984K) From: 158672K(193536K)->172021K(192000K)
[6273.185s][info][gc,heap        ] GC(2132) ParOldGen: 3736479K(4235264K)->3841327K(4235264K)
[6273.185s][info][gc,metaspace   ] GC(2132) Metaspace: 29104K(29376K)->29104K(29376K) NonClass: 26000K(26112K)->26000K(26112K) Class: 3103K(3264K)->3103K(3264K)
[6273.185s][info][gc             ] GC(2132) Pause Young (Allocation Failure) 6152M->3919M(6677M) 100.616ms
[6273.185s][info][gc,cpu         ] GC(2132) User=0.60s Sys=0.00s Real=0.10s
.[6274.664s][info][gc,start       ] GC(2133) Pause Young (Allocation Failure)
[6274.758s][info][gc,heap        ] GC(2133) PSYoungGen: 2582005K(2601984K)->154880K(2601984K) Eden: 2409984K(2409984K)->0K(2409984K) From: 172021K(192000K)->154880K(192000K)
[6274.758s][info][gc,heap        ] GC(2133) ParOldGen: 3841327K(4235264K)->3942303K(4235264K)
[6274.758s][info][gc,metaspace   ] GC(2133) Metaspace: 29104K(29376K)->29104K(29376K) NonClass: 26000K(26112K)->26000K(26112K) Class: 3103K(3264K)->3103K(3264K)
[6274.758s][info][gc             ] GC(2133) Pause Young (Allocation Failure) 6272M->4001M(6677M) 93.504ms
[6274.758s][info][gc,cpu         ] GC(2133) User=0.55s Sys=0.00s Real=0.09s
..[6276.190s][info][gc,start       ] GC(2134) Pause Young (Allocation Failure)
[6276.283s][info][gc,heap        ] GC(2134) PSYoungGen: 2564864K(2601984K)->151552K(2603520K) Eden: 2409984K(2409984K)->0K(2412544K) From: 154880K(192000K)->151552K(190976K)
[6276.283s][info][gc,heap        ] GC(2134) ParOldGen: 3942303K(4235264K)->4045655K(4235264K)
[6276.283s][info][gc,metaspace   ] GC(2134) Metaspace: 29104K(29376K)->29104K(29376K) NonClass: 26000K(26112K)->26000K(26112K) Class: 3103K(3264K)->3103K(3264K)
[6276.283s][info][gc             ] GC(2134) Pause Young (Allocation Failure) 6354M->4098M(6678M) 93.154ms
[6276.283s][info][gc,cpu         ] GC(2134) User=0.54s Sys=0.01s Real=0.09s
.[6277.763s][info][gc,start       ] GC(2135) Pause Young (Allocation Failure)
[6277.857s][info][gc,heap        ] GC(2135) PSYoungGen: 2564096K(2603520K)->150543K(2603008K) Eden: 2412544K(2412544K)->0K(2412544K) From: 151552K(190976K)->150543K(190464K)
[6277.857s][info][gc,heap        ] GC(2135) ParOldGen: 4045655K(4235264K)->4151727K(4235264K)
[6277.857s][info][gc,metaspace   ] GC(2135) Metaspace: 29104K(29376K)->29104K(29376K) NonClass: 26000K(26112K)->26000K(26112K) Class: 3103K(3264K)->3103K(3264K)
[6277.857s][info][gc             ] GC(2135) Pause Young (Allocation Failure) 6454M->4201M(6678M) 94.531ms
[6277.857s][info][gc,cpu         ] GC(2135) User=0.55s Sys=0.00s Real=0.10s
..[6279.333s][info][gc,start       ] GC(2136) Pause Young (Allocation Failure)
[6279.435s][info][gc,heap        ] GC(2136) PSYoungGen: 2563087K(2603008K)->168750K(2605056K) Eden: 2412544K(2412544K)->0K(2415104K) From: 150543K(190464K)->168750K(189952K)
[6279.436s][info][gc,heap        ] GC(2136) ParOldGen: 4151727K(4235264K)->4252975K(4253184K)
[6279.436s][info][gc,metaspace   ] GC(2136) Metaspace: 29104K(29376K)->29104K(29376K) NonClass: 26000K(26112K)->26000K(26112K) Class: 3103K(3264K)->3103K(3264K)
[6279.436s][info][gc             ] GC(2136) Pause Young (Allocation Failure) 6557M->4318M(6697M) 102.607ms
[6279.436s][info][gc,cpu         ] GC(2136) User=0.59s Sys=0.01s Real=0.11s
.[6280.914s][info][gc,start       ] GC(2137) Pause Young (Allocation Failure)
[6281.019s][info][gc,heap        ] GC(2137) PSYoungGen: 2583854K(2605056K)->171668K(2604544K) Eden: 2415104K(2415104K)->0K(2415104K) From: 168750K(189952K)->171668K(189440K)
[6281.020s][info][gc,heap        ] GC(2137) ParOldGen: 4252975K(4253184K)->4358527K(4358656K)
[6281.020s][info][gc,metaspace   ] GC(2137) Metaspace: 29104K(29376K)->29104K(29376K) NonClass: 26000K(26112K)->26000K(26112K) Class: 3103K(3264K)->3103K(3264K)
[6281.020s][info][gc             ] GC(2137) Pause Young (Allocation Failure) 6676M->4424M(6800M) 105.967ms
[6281.020s][info][gc,cpu         ] GC(2137) User=0.59s Sys=0.03s Real=0.10s
..[6282.506s][info][gc,start       ] GC(2138) Pause Young (Allocation Failure)
[6282.609s][info][gc,heap        ] GC(2138) PSYoungGen: 2586772K(2604544K)->167573K(2605568K) Eden: 2415104K(2415104K)->0K(2416128K) From: 171668K(189440K)->167573K(189440K)
[6282.609s][info][gc,heap        ] GC(2138) ParOldGen: 4358527K(4358656K)->4461959K(4462080K)
[6282.609s][info][gc,metaspace   ] GC(2138) Metaspace: 29104K(29376K)->29104K(29376K) NonClass: 26000K(26112K)->26000K(26112K) Class: 3103K(3264K)->3103K(3264K)
[6282.609s][info][gc             ] GC(2138) Pause Young (Allocation Failure) 6782M->4521M(6902M) 102.772ms
[6282.609s][info][gc,cpu         ] GC(2138) User=0.58s Sys=0.02s Real=0.10s
..[6284.080s][info][gc,start       ] GC(2139) Pause Young (Allocation Failure)
[6284.183s][info][gc,heap        ] GC(2139) PSYoungGen: 2583701K(2605568K)->162432K(2578944K) Eden: 2416128K(2416128K)->0K(2416128K) From: 167573K(189440K)->162432K(162816K)
[6284.183s][info][gc,heap        ] GC(2139) ParOldGen: 4461959K(4462080K)->4569327K(4569600K)
[6284.183s][info][gc,metaspace   ] GC(2139) Metaspace: 29104K(29376K)->29104K(29376K) NonClass: 26000K(26112K)->26000K(26112K) Class: 3103K(3264K)->3103K(3264K)
[6284.183s][info][gc             ] GC(2139) Pause Young (Allocation Failure) 6880M->4620M(6981M) 103.032ms
[6284.183s][info][gc,cpu         ] GC(2139) User=0.58s Sys=0.03s Real=0.10s
.[6285.659s][info][gc,start       ] GC(2140) Pause Young (Allocation Failure)
[6285.760s][info][gc,heap        ] GC(2140) PSYoungGen: 2578560K(2578944K)->159909K(2605568K) Eden: 2416128K(2416128K)->0K(2418688K) From: 162432K(162816K)->159909K(186880K)
[6285.760s][info][gc,heap        ] GC(2140) ParOldGen: 4569327K(4569600K)->4671055K(4671488K)
[6285.760s][info][gc,metaspace   ] GC(2140) Metaspace: 29104K(29376K)->29104K(29376K) NonClass: 26000K(26112K)->26000K(26112K) Class: 3103K(3264K)->3103K(3264K)
[6285.760s][info][gc             ] GC(2140) Pause Young (Allocation Failure) 6980M->4717M(7106M) 101.173ms
[6285.760s][info][gc,cpu         ] GC(2140) User=0.57s Sys=0.03s Real=0.10s
..[6287.182s][info][gc,start       ] GC(2141) Pause Young (Allocation Failure)
[6287.280s][info][gc,heap        ] GC(2141) PSYoungGen: 2578597K(2605568K)->149332K(2604032K) Eden: 2418688K(2418688K)->0K(2418688K) From: 159909K(186880K)->149332K(185344K)
[6287.280s][info][gc,heap        ] GC(2141) ParOldGen: 4671055K(4671488K)->4777591K(4777984K)
[6287.280s][info][gc,metaspace   ] GC(2141) Metaspace: 29104K(29376K)->29104K(29376K) NonClass: 26000K(26112K)->26000K(26112K) Class: 3103K(3264K)->3103K(3264K)
[6287.280s][info][gc             ] GC(2141) Pause Young (Allocation Failure) 7079M->4811M(7209M) 97.633ms
[6287.280s][info][gc,cpu         ] GC(2141) User=0.54s Sys=0.04s Real=0.10s
.[6288.799s][info][gc,start       ] GC(2142) Pause Young (Allocation Failure)
[6288.898s][info][gc,heap        ] GC(2142) PSYoungGen: 2568020K(2604032K)->154720K(2609664K) Eden: 2418688K(2418688K)->0K(2424832K) From: 149332K(185344K)->154720K(184832K)
[6288.898s][info][gc,heap        ] GC(2142) ParOldGen: 4777591K(4777984K)->4879383K(4879872K)
[6288.898s][info][gc,metaspace   ] GC(2142) Metaspace: 29104K(29376K)->29104K(29376K) NonClass: 26000K(26112K)->26000K(26112K) Class: 3103K(3264K)->3103K(3264K)
[6288.898s][info][gc             ] GC(2142) Pause Young (Allocation Failure) 7173M->4916M(7314M) 98.440ms
[6288.898s][info][gc,cpu         ] GC(2142) User=0.55s Sys=0.03s Real=0.10s
..[6290.330s][info][gc,start       ] GC(2143) Pause Young (Allocation Failure)
[6290.426s][info][gc,heap        ] GC(2143) PSYoungGen: 2579552K(2609664K)->147328K(2609152K) Eden: 2424832K(2424832K)->0K(2424832K) From: 154720K(184832K)->147328K(184320K)
[6290.426s][info][gc,heap        ] GC(2143) ParOldGen: 4879383K(4879872K)->4985359K(4985856K)
[6290.426s][info][gc,metaspace   ] GC(2143) Metaspace: 29104K(29376K)->29104K(29376K) NonClass: 26000K(26112K)->26000K(26112K) Class: 3103K(3264K)->3103K(3264K)
[6290.426s][info][gc             ] GC(2143) Pause Young (Allocation Failure) 7284M->5012M(7417M) 96.331ms
[6290.426s][info][gc,cpu         ] GC(2143) User=0.55s Sys=0.02s Real=0.10s
.[6291.883s][info][gc,start       ] GC(2144) Pause Young (Allocation Failure)
[6291.985s][info][gc,heap        ] GC(2144) PSYoungGen: 2572160K(2609152K)->164096K(2611200K) Eden: 2424832K(2424832K)->0K(2427392K) From: 147328K(184320K)->164096K(183808K)
[6291.985s][info][gc,heap        ] GC(2144) ParOldGen: 4985359K(4985856K)->5088535K(5088768K)
[6291.985s][info][gc,metaspace   ] GC(2144) Metaspace: 29104K(29376K)->29104K(29376K) NonClass: 26000K(26112K)->26000K(26112K) Class: 3103K(3264K)->3103K(3264K)
[6291.985s][info][gc             ] GC(2144) Pause Young (Allocation Failure) 7380M->5129M(7519M) 102.573ms
[6291.985s][info][gc,cpu         ] GC(2144) User=0.57s Sys=0.03s Real=0.11s
..[6293.414s][info][gc,start       ] GC(2145) Pause Young (Allocation Failure)
[6293.513s][info][gc,heap        ] GC(2145) PSYoungGen: 2591488K(2611200K)->152000K(2611200K) Eden: 2427392K(2427392K)->0K(2427392K) From: 164096K(183808K)->152000K(183808K)
[6293.514s][info][gc,heap        ] GC(2145) ParOldGen: 5088535K(5088768K)->5196935K(5197312K)
[6293.514s][info][gc,metaspace   ] GC(2145) Metaspace: 29104K(29376K)->29104K(29376K) NonClass: 26000K(26112K)->26000K(26112K) Class: 3103K(3264K)->3103K(3264K)
[6293.514s][info][gc             ] GC(2145) Pause Young (Allocation Failure) 7500M->5223M(7625M) 99.513ms
[6293.514s][info][gc,cpu         ] GC(2145) User=0.56s Sys=0.03s Real=0.10s
.[6294.926s][info][gc,start       ] GC(2146) Pause Young (Allocation Failure)
[6295.028s][info][gc,heap        ] GC(2146) PSYoungGen: 2579392K(2611200K)->164160K(2611712K) Eden: 2427392K(2427392K)->0K(2428928K) From: 152000K(183808K)->164160K(182784K)
[6295.028s][info][gc,heap        ] GC(2146) ParOldGen: 5196935K(5197312K)->5298423K(5298688K)
[6295.028s][info][gc,metaspace   ] GC(2146) Metaspace: 29104K(29376K)->29104K(29376K) NonClass: 26000K(26112K)->26000K(26112K) Class: 3103K(3264K)->3103K(3264K)
[6295.028s][info][gc             ] GC(2146) Pause Young (Allocation Failure) 7594M->5334M(7725M) 102.537ms
[6295.028s][info][gc,cpu         ] GC(2146) User=0.57s Sys=0.03s Real=0.10s
..[6296.560s][info][gc,start       ] GC(2147) Pause Young (Allocation Failure)
[6296.664s][info][gc,heap        ] GC(2147) PSYoungGen: 2593088K(2611712K)->160096K(2611200K) Eden: 2428928K(2428928K)->0K(2428928K) From: 164160K(182784K)->160096K(182272K)
[6296.664s][info][gc,heap        ] GC(2147) ParOldGen: 5298423K(5298688K)->5406839K(5407232K)
[6296.664s][info][gc,metaspace   ] GC(2147) Metaspace: 29104K(29376K)->29104K(29376K) NonClass: 26000K(26112K)->26000K(26112K) Class: 3103K(3264K)->3103K(3264K)
[6296.664s][info][gc             ] GC(2147) Pause Young (Allocation Failure) 7706M->5436M(7830M) 103.818ms
[6296.664s][info][gc,cpu         ] GC(2147) User=0.57s Sys=0.04s Real=0.11s
.[6298.023s][info][gc,start       ] GC(2148) Pause Young (Allocation Failure)
[6298.139s][info][gc,heap        ] GC(2148) PSYoungGen: 2589024K(2611200K)->180197K(2526720K) Eden: 2428928K(2428928K)->0K(2346496K) From: 160096K(182272K)->180197K(180224K)
[6298.139s][info][gc,heap        ] GC(2148) ParOldGen: 5406839K(5407232K)->5513295K(5513728K)
[6298.139s][info][gc,metaspace   ] GC(2148) Metaspace: 29104K(29376K)->29104K(29376K) NonClass: 26000K(26112K)->26000K(26112K) Class: 3103K(3264K)->3103K(3264K)
[6298.139s][info][gc             ] GC(2148) Pause Young (Allocation Failure) 7808M->5560M(7852M) 115.714ms
[6298.139s][info][gc,cpu         ] GC(2148) User=0.65s Sys=0.03s Real=0.11s
..[6299.584s][info][gc,start       ] GC(2149) Pause Full (Allocation Failure)
[6299.584s][info][gc,phases,start] GC(2149) Marking Phase
[6299.908s][info][gc,phases      ] GC(2149) Marking Phase 324.101ms
[6299.908s][info][gc,phases,start] GC(2149) Summary Phase
[6299.908s][info][gc,phases      ] GC(2149) Summary Phase 0.102ms
[6299.908s][info][gc,phases,start] GC(2149) Forward
[6300.047s][info][gc,phases      ] GC(2149) Forward 138.504ms
[6300.047s][info][gc,phases,start] GC(2149) Adjust Pointers
[6300.263s][info][gc,phases      ] GC(2149) Adjust Pointers 216.632ms
[6300.263s][info][gc,phases,start] GC(2149) Compaction Phase
[6300.413s][info][gc,phases      ] GC(2149) Compaction Phase 149.285ms
[6300.414s][info][gc,phases,start] GC(2149) Post Compact
[6300.421s][info][gc,phases      ] GC(2149) Post Compact 6.810ms
[6300.551s][info][gc,heap        ] GC(2149) PSYoungGen: 2526693K(2526720K)->0K(2571264K) Eden: 2346496K(2346496K)->0K(2346496K) From: 180197K(180224K)->0K(224768K)
[6300.551s][info][gc,heap        ] GC(2149) ParOldGen: 5513295K(5513728K)->1626929K(2137600K)
[6300.552s][info][gc,metaspace   ] GC(2149) Metaspace: 29104K(29376K)->29104K(29376K) NonClass: 26000K(26112K)->26000K(26112K) Class: 3103K(3264K)->3103K(3264K)
[6300.552s][info][gc             ] GC(2149) Pause Full (Allocation Failure) 7851M->1588M(4598M) 967.802ms
[6300.552s][info][gc,cpu         ] GC(2149) User=4.45s Sys=0.13s Real=0.96s
.[6301.752s][info][gc,start       ] GC(2150) Pause Young (Allocation Failure)
[6301.829s][info][gc,heap        ] GC(2150) PSYoungGen: 2346496K(2571264K)->185615K(2571264K) Eden: 2346496K(2346496K)->0K(2346496K) From: 0K(224768K)->185615K(224768K)
[6301.829s][info][gc,heap        ] GC(2150) ParOldGen: 1626929K(2137600K)->1626929K(2137600K)
[6301.829s][info][gc,metaspace   ] GC(2150) Metaspace: 29104K(29376K)->29104K(29376K) NonClass: 26000K(26112K)->26000K(26112K) Class: 3103K(3264K)->3103K(3264K)
[6301.829s][info][gc             ] GC(2150) Pause Young (Allocation Failure) 3880M->1770M(4598M) 76.876ms
[6301.829s][info][gc,cpu         ] GC(2150) User=0.45s Sys=0.00s Real=0.08s
.[6303.151s][info][gc,start       ] GC(2151) Pause Young (Allocation Failure)
[6303.244s][info][gc,heap        ] GC(2151) PSYoungGen: 2532111K(2571264K)->150144K(2497024K) Eden: 2346496K(2346496K)->0K(2346496K) From: 185615K(224768K)->150144K(150528K)
[6303.244s][info][gc,heap        ] GC(2151) ParOldGen: 1626929K(2137600K)->1741753K(2137600K)
[6303.244s][info][gc,metaspace   ] GC(2151) Metaspace: 29104K(29376K)->29104K(29376K) NonClass: 26000K(26112K)->26000K(26112K) Class: 3103K(3264K)->3103K(3264K)
[6303.244s][info][gc             ] GC(2151) Pause Young (Allocation Failure) 4061M->1847M(4526M) 92.835ms
[6303.244s][info][gc,cpu         ] GC(2151) User=0.55s Sys=0.00s Real=0.10s
.[6304.434s][info][gc,start       ] GC(2152) Pause Young (Allocation Failure)
[6304.528s][info][gc,heap        ] GC(2152) PSYoungGen: 2496640K(2497024K)->167347K(2574848K) Eden: 2346496K(2346496K)->0K(2351104K) From: 150144K(150528K)->167347K(223744K)
[6304.528s][info][gc,heap        ] GC(2152) ParOldGen: 1741753K(2137600K)->1834521K(2137600K)
[6304.528s][info][gc,metaspace   ] GC(2152) Metaspace: 29104K(29376K)->29104K(29376K) NonClass: 26000K(26112K)->26000K(26112K) Class: 3103K(3264K)->3103K(3264K)
[6304.528s][info][gc             ] GC(2152) Pause Young (Allocation Failure) 4139M->1954M(4602M) 94.732ms
[6304.528s][info][gc,cpu         ] GC(2152) User=0.56s Sys=0.00s Real=0.09s
..[6305.827s][info][gc,start       ] GC(2153) Pause Young (Allocation Failure)
[6305.921s][info][gc,heap        ] GC(2153) PSYoungGen: 2518451K(2574848K)->154400K(2570240K) Eden: 2351104K(2351104K)->0K(2351104K) From: 167347K(223744K)->154400K(219136K)
[6305.921s][info][gc,heap        ] GC(2153) ParOldGen: 1834521K(2137600K)->1940377K(2137600K)
[6305.921s][info][gc,metaspace   ] GC(2153) Metaspace: 29104K(29376K)->29104K(29376K) NonClass: 26000K(26112K)->26000K(26112K) Class: 3103K(3264K)->3103K(3264K)
[6305.921s][info][gc             ] GC(2153) Pause Young (Allocation Failure) 4250M->2045M(4597M) 93.738ms
[6305.921s][info][gc,cpu         ] GC(2153) User=0.54s Sys=0.01s Real=0.09s
.[6307.186s][info][gc,start       ] GC(2154) Pause Young (Allocation Failure)
[6307.277s][info][gc,heap        ] GC(2154) PSYoungGen: 2505504K(2570240K)->152036K(2571776K) Eden: 2351104K(2351104K)->0K(2354688K) From: 154400K(219136K)->152036K(217088K)
[6307.277s][info][gc,heap        ] GC(2154) ParOldGen: 1940377K(2137600K)->2042913K(2137600K)
[6307.277s][info][gc,metaspace   ] GC(2154) Metaspace: 29104K(29376K)->29104K(29376K) NonClass: 26000K(26112K)->26000K(26112K) Class: 3103K(3264K)->3103K(3264K)
[6307.277s][info][gc             ] GC(2154) Pause Young (Allocation Failure) 4341M->2143M(4599M) 90.413ms
[6307.277s][info][gc,cpu         ] GC(2154) User=0.53s Sys=0.00s Real=0.09s
.[6308.572s][info][gc,start       ] GC(2155) Pause Young (Allocation Failure)
[6308.663s][info][gc,heap        ] GC(2155) PSYoungGen: 2506724K(2571776K)->149408K(2570240K) Eden: 2354688K(2354688K)->0K(2354688K) From: 152036K(217088K)->149408K(215552K)
[6308.663s][info][gc,heap        ] GC(2155) ParOldGen: 2042913K(2137600K)->2144593K(2144768K)
[6308.663s][info][gc,metaspace   ] GC(2155) Metaspace: 29104K(29376K)->29104K(29376K) NonClass: 26000K(26112K)->26000K(26112K) Class: 3103K(3264K)->3103K(3264K)
[6308.663s][info][gc             ] GC(2155) Pause Young (Allocation Failure) 4443M->2240M(4604M) 91.813ms
[6308.664s][info][gc,cpu         ] GC(2155) User=0.52s Sys=0.00s Real=0.10s
..[6310.097s][info][gc,start       ] GC(2156) Pause Young (Allocation Failure)
[6310.203s][info][gc,heap        ] GC(2156) PSYoungGen: 2504096K(2570240K)->172128K(2578432K) Eden: 2354688K(2354688K)->0K(2365440K) From: 149408K(215552K)->172128K(212992K)
[6310.203s][info][gc,heap        ] GC(2156) ParOldGen: 2144593K(2144768K)->2246993K(2247168K)
[6310.203s][info][gc,metaspace   ] GC(2156) Metaspace: 29104K(29376K)->29104K(29376K) NonClass: 26000K(26112K)->26000K(26112K) Class: 3103K(3264K)->3103K(3264K)
[6310.203s][info][gc             ] GC(2156) Pause Young (Allocation Failure) 4539M->2362M(4712M) 106.525ms
[6310.204s][info][gc,cpu         ] GC(2156) User=0.59s Sys=0.04s Real=0.11s
.[6311.613s][info][gc,start       ] GC(2157) Pause Young (Allocation Failure)
[6311.711s][info][gc,heap        ] GC(2157) PSYoungGen: 2537568K(2578432K)->159200K(2576896K) Eden: 2365440K(2365440K)->0K(2365440K) From: 172128K(212992K)->159200K(211456K)
[6311.711s][info][gc,heap        ] GC(2157) ParOldGen: 2246993K(2247168K)->2348817K(2349056K)
[6311.711s][info][gc,metaspace   ] GC(2157) Metaspace: 29104K(29376K)->29104K(29376K) NonClass: 26000K(26112K)->26000K(26112K) Class: 3103K(3264K)->3103K(3264K)
[6311.711s][info][gc             ] GC(2157) Pause Young (Allocation Failure) 4672M->2449M(4810M) 97.501ms
[6311.711s][info][gc,cpu         ] GC(2157) User=0.54s Sys=0.03s Real=0.09s
..[6313.074s][info][gc,start       ] GC(2158) Pause Young (Allocation Failure)
[6313.177s][info][gc,heap        ] GC(2158) PSYoungGen: 2524640K(2576896K)->171092K(2581504K) Eden: 2365440K(2365440K)->0K(2373632K) From: 159200K(211456K)->171092K(207872K)
[6313.177s][info][gc,heap        ] GC(2158) ParOldGen: 2348817K(2349056K)->2454873K(2455040K)
[6313.177s][info][gc,metaspace   ] GC(2158) Metaspace: 29104K(29376K)->29104K(29376K) NonClass: 26000K(26112K)->26000K(26112K) Class: 3103K(3264K)->3103K(3264K)
[6313.177s][info][gc             ] GC(2158) Pause Young (Allocation Failure) 4759M->2564M(4918M) 102.963ms
[6313.177s][info][gc,cpu         ] GC(2158) User=0.58s Sys=0.03s Real=0.10s
.[6314.626s][info][gc,start       ] GC(2159) Pause Young (Allocation Failure)
[6314.728s][info][gc,heap        ] GC(2159) PSYoungGen: 2544724K(2581504K)->167888K(2579456K) Eden: 2373632K(2373632K)->0K(2373632K) From: 171092K(207872K)->167888K(205824K)
[6314.728s][info][gc,heap        ] GC(2159) ParOldGen: 2454873K(2455040K)->2557697K(2557952K)
[6314.728s][info][gc,metaspace   ] GC(2159) Metaspace: 29104K(29376K)->29104K(29376K) NonClass: 26000K(26112K)->26000K(26112K) Class: 3103K(3264K)->3103K(3264K)
[6314.728s][info][gc             ] GC(2159) Pause Young (Allocation Failure) 4882M->2661M(5017M) 102.339ms
[6314.728s][info][gc,cpu         ] GC(2159) User=0.57s Sys=0.03s Real=0.10s
..[6316.134s][info][gc,start       ] GC(2160) Pause Young (Allocation Failure)
[6316.242s][info][gc,heap        ] GC(2160) PSYoungGen: 2541520K(2579456K)->182080K(2582016K) Eden: 2373632K(2373632K)->0K(2379776K) From: 167888K(205824K)->182080K(202240K)
[6316.242s][info][gc,heap        ] GC(2160) ParOldGen: 2557697K(2557952K)->2658945K(2659328K)
[6316.242s][info][gc,metaspace   ] GC(2160) Metaspace: 29104K(29376K)->29104K(29376K) NonClass: 26000K(26112K)->26000K(26112K) Class: 3103K(3264K)->3103K(3264K)
[6316.242s][info][gc             ] GC(2160) Pause Young (Allocation Failure) 4979M->2774M(5118M) 107.854ms
[6316.242s][info][gc,cpu         ] GC(2160) User=0.60s Sys=0.04s Real=0.10s
.[6317.666s][info][gc,start       ] GC(2161) Pause Young (Allocation Failure)
[6317.766s][info][gc,heap        ] GC(2161) PSYoungGen: 2561856K(2582016K)->158324K(2584576K) Eden: 2379776K(2379776K)->0K(2379776K) From: 182080K(202240K)->158324K(204800K)
[6317.766s][info][gc,heap        ] GC(2161) ParOldGen: 2658945K(2659328K)->2764745K(2764800K)
[6317.766s][info][gc,metaspace   ] GC(2161) Metaspace: 29104K(29376K)->29104K(29376K) NonClass: 26000K(26112K)->26000K(26112K) Class: 3103K(3264K)->3103K(3264K)
[6317.766s][info][gc             ] GC(2161) Pause Young (Allocation Failure) 5098M->2854M(5224M) 99.404ms
[6317.766s][info][gc,cpu         ] GC(2161) User=0.54s Sys=0.04s Real=0.10s
..[6319.210s][info][gc,start       ] GC(2162) Pause Young (Allocation Failure)
[6319.309s][info][gc,heap        ] GC(2162) PSYoungGen: 2538100K(2584576K)->159296K(2586624K) Eden: 2379776K(2379776K)->0K(2388480K) From: 158324K(204800K)->159296K(198144K)
[6319.309s][info][gc,heap        ] GC(2162) ParOldGen: 2764745K(2764800K)->2866809K(2867200K)
[6319.309s][info][gc,metaspace   ] GC(2162) Metaspace: 29104K(29376K)->29104K(29376K) NonClass: 26000K(26112K)->26000K(26112K) Class: 3103K(3264K)->3103K(3264K)
[6319.309s][info][gc             ] GC(2162) Pause Young (Allocation Failure) 5178M->2955M(5326M) 98.673ms
[6319.309s][info][gc,cpu         ] GC(2162) User=0.55s Sys=0.04s Real=0.10s
.[6320.765s][info][gc,start       ] GC(2163) Pause Young (Allocation Failure)
[6320.862s][info][gc,heap        ] GC(2163) PSYoungGen: 2547776K(2586624K)->153856K(2589184K) Eden: 2388480K(2388480K)->0K(2388480K) From: 159296K(198144K)->153856K(200704K)
[6320.862s][info][gc,heap        ] GC(2163) ParOldGen: 2866809K(2867200K)->2973737K(2974208K)
[6320.862s][info][gc,metaspace   ] GC(2163) Metaspace: 29104K(29376K)->29104K(29376K) NonClass: 26000K(26112K)->26000K(26112K) Class: 3103K(3264K)->3103K(3264K)
[6320.862s][info][gc             ] GC(2163) Pause Young (Allocation Failure) 5287M->3054M(5433M) 97.598ms
[6320.862s][info][gc,cpu         ] GC(2163) User=0.54s Sys=0.03s Real=0.09s
. (rIR:aIR:PR = 10931:10950:10954) (tPR = 162808) [OK] 
  6320s: Performance info:
         Transaction,    Success,    Partial,     Failed,   Receipts, AvgBarcode, 
             Overall,     660963,          0,          0,     628600,      59.48, 
         Response times:
             Request,    Success,    Partial,     Failed,   SkipFail,     Probes,    Samples,      min,      p50,      p90,      p95,      p99,      max, 
       TotalPurchase,     627993,          0,          0,          0,     330777,     425934,      200,    14400,   224000,   477000,   890000,  1700000,
     InStorePurchase,     329263,          0,          0,          0,     174562,     224242,      200,    14200,   218000,   483000,  1100000,  1700000,
      OnlinePurchase,     231790,          0,          0,          0,     120837,     156237,      300,    14600,   232000,   463000,   770000,  1500000,
        InstPurchase,      66940,          0,          0,          0,      35378,      45455,      300,    15100,   249000,   539000,  1100000,  1400000,
          AssocOfCat,        659,          0,          0,          0,        539,        783,    24000,    55000,   312800,   490000,   960000,  1200000,
      AssocOfProduct,       6616,          0,          0,          0,       3628,       4807,      400,    15500,   214200,   464000,   710000,  1000000,
      BusinessReport,       1650,          0,          0,          0,       1399,       1944,    31000,    68000,   327000,   630000,   800000,  1100000,
          CustBuyBeh,       6714,          0,          0,          0,       3597,       4780,      200,    11200,   241900,   465000,   710000,   980000,
       ProductReturn,      17011,          0,          0,          0,       9036,      11830,      200,    13500,   269000,   521900,   940000,  1500000,

  6320s: (80%)   IR =  11070 .[6322.348s][info][gc,start       ] GC(2164) Pause Young (Allocation Failure)
[6322.446s][info][gc,heap        ] GC(2164) PSYoungGen: 2542336K(2589184K)->155204K(2591232K) Eden: 2388480K(2388480K)->0K(2396160K) From: 153856K(200704K)->155204K(195072K)
[6322.446s][info][gc,heap        ] GC(2164) ParOldGen: 2973737K(2974208K)->3073457K(3073536K)
[6322.446s][info][gc,metaspace   ] GC(2164) Metaspace: 29104K(29376K)->29104K(29376K) NonClass: 26000K(26112K)->26000K(26112K) Class: 3103K(3264K)->3103K(3264K)
[6322.446s][info][gc             ] GC(2164) Pause Young (Allocation Failure) 5386M->3152M(5532M) 97.744ms
[6322.446s][info][gc,cpu         ] GC(2164) User=0.55s Sys=0.03s Real=0.10s
.[6323.887s][info][gc,start       ] GC(2165) Pause Young (Allocation Failure)
[6323.986s][info][gc,heap        ] GC(2165) PSYoungGen: 2551364K(2591232K)->159392K(2593792K) Eden: 2396160K(2396160K)->0K(2396160K) From: 155204K(195072K)->159392K(197632K)
[6323.986s][info][gc,heap        ] GC(2165) ParOldGen: 3073457K(3073536K)->3179017K(3179520K)
[6323.986s][info][gc,metaspace   ] GC(2165) Metaspace: 29104K(29376K)->29104K(29376K) NonClass: 26000K(26112K)->26000K(26112K) Class: 3103K(3264K)->3103K(3264K)
[6323.986s][info][gc             ] GC(2165) Pause Young (Allocation Failure) 5492M->3260M(5638M) 99.381ms
[6323.986s][info][gc,cpu         ] GC(2165) User=0.55s Sys=0.04s Real=0.10s
..[6325.459s][info][gc,start       ] GC(2166) Pause Young (Allocation Failure)
[6325.555s][info][gc,heap        ] GC(2166) PSYoungGen: 2555552K(2593792K)->155648K(2594304K) Eden: 2396160K(2396160K)->0K(2403328K) From: 159392K(197632K)->155648K(190976K)
[6325.555s][info][gc,heap        ] GC(2166) ParOldGen: 3179017K(3179520K)->3280089K(3280384K)
[6325.555s][info][gc,metaspace   ] GC(2166) Metaspace: 29104K(29376K)->29104K(29376K) NonClass: 26000K(26112K)->26000K(26112K) Class: 3103K(3264K)->3103K(3264K)
[6325.555s][info][gc             ] GC(2166) Pause Young (Allocation Failure) 5600M->3355M(5737M) 96.375ms
[6325.555s][info][gc,cpu         ] GC(2166) User=0.54s Sys=0.03s Real=0.10s
.[6327.050s][info][gc,start       ] GC(2167) Pause Young (Allocation Failure)
[6327.151s][info][gc,heap        ] GC(2167) PSYoungGen: 2558976K(2594304K)->160736K(2596352K) Eden: 2403328K(2403328K)->0K(2403328K) From: 155648K(190976K)->160736K(193024K)
[6327.151s][info][gc,heap        ] GC(2167) ParOldGen: 3280089K(3280384K)->3384193K(3384320K)
[6327.151s][info][gc,metaspace   ] GC(2167) Metaspace: 29104K(29376K)->29104K(29376K) NonClass: 26000K(26112K)->26000K(26112K) Class: 3103K(3264K)->3103K(3264K)
[6327.151s][info][gc             ] GC(2167) Pause Young (Allocation Failure) 5702M->3461M(5840M) 100.615ms
[6327.151s][info][gc,cpu         ] GC(2167) User=0.55s Sys=0.04s Real=0.10s
..[6328.589s][info][gc,start       ] GC(2168) Pause Young (Allocation Failure)
[6328.695s][info][gc,heap        ] GC(2168) PSYoungGen: 2564064K(2596352K)->168262K(2602496K) Eden: 2403328K(2403328K)->0K(2412544K) From: 160736K(193024K)->168262K(189952K)
[6328.695s][info][gc,heap        ] GC(2168) ParOldGen: 3384193K(3384320K)->3489953K(3490304K)
[6328.695s][info][gc,metaspace   ] GC(2168) Metaspace: 29104K(29376K)->29104K(29376K) NonClass: 26000K(26112K)->26000K(26112K) Class: 3103K(3264K)->3103K(3264K)
[6328.695s][info][gc             ] GC(2168) Pause Young (Allocation Failure) 5808M->3572M(5950M) 105.988ms
[6328.695s][info][gc,cpu         ] GC(2168) User=0.58s Sys=0.03s Real=0.11s
.[6330.104s][info][gc,start       ] GC(2169) Pause Young (Allocation Failure)
[6330.210s][info][gc,heap        ] GC(2169) PSYoungGen: 2580806K(2602496K)->174688K(2602496K) Eden: 2412544K(2412544K)->0K(2412544K) From: 168262K(189952K)->174688K(189952K)
[6330.210s][info][gc,heap        ] GC(2169) ParOldGen: 3489953K(3490304K)->3590625K(3590656K)
[6330.210s][info][gc,metaspace   ] GC(2169) Metaspace: 29104K(29376K)->29104K(29376K) NonClass: 26000K(26112K)->26000K(26112K) Class: 3103K(3264K)->3103K(3264K)
[6330.210s][info][gc             ] GC(2169) Pause Young (Allocation Failure) 5928M->3677M(6048M) 105.456ms
[6330.210s][info][gc,cpu         ] GC(2169) User=0.58s Sys=0.04s Real=0.10s
..[6331.667s][info][gc,start       ] GC(2170) Pause Young (Allocation Failure)
[6331.766s][info][gc,heap        ] GC(2170) PSYoungGen: 2587232K(2602496K)->156224K(2604544K) Eden: 2412544K(2412544K)->0K(2414592K) From: 174688K(189952K)->156224K(189952K)
[6331.766s][info][gc,heap        ] GC(2170) ParOldGen: 3590625K(3590656K)->3697161K(3697664K)
[6331.766s][info][gc,metaspace   ] GC(2170) Metaspace: 29104K(29376K)->29104K(29376K) NonClass: 26000K(26112K)->26000K(26112K) Class: 3103K(3264K)->3103K(3264K)
[6331.766s][info][gc             ] GC(2170) Pause Young (Allocation Failure) 6033M->3763M(6154M) 98.954ms
[6331.766s][info][gc,cpu         ] GC(2170) User=0.56s Sys=0.03s Real=0.10s
.[6333.184s][info][gc,start       ] GC(2171) Pause Young (Allocation Failure)
[6333.279s][info][gc,heap        ] GC(2171) PSYoungGen: 2570816K(2604544K)->147456K(2604544K) Eden: 2414592K(2414592K)->0K(2414592K) From: 156224K(189952K)->147456K(189952K)
[6333.279s][info][gc,heap        ] GC(2171) ParOldGen: 3697161K(3697664K)->3798361K(3798528K)
[6333.279s][info][gc,metaspace   ] GC(2171) Metaspace: 29104K(29376K)->29104K(29376K) NonClass: 26000K(26112K)->26000K(26112K) Class: 3103K(3264K)->3103K(3264K)
[6333.279s][info][gc             ] GC(2171) Pause Young (Allocation Failure) 6121M->3853M(6253M) 94.735ms
[6333.279s][info][gc,cpu         ] GC(2171) User=0.52s Sys=0.02s Real=0.09s
..[6334.744s][info][gc,start       ] GC(2172) Pause Young (Allocation Failure)
[6334.845s][info][gc,heap        ] GC(2172) PSYoungGen: 2562048K(2604544K)->161376K(2600448K) Eden: 2414592K(2414592K)->0K(2415616K) From: 147456K(189952K)->161376K(184832K)
[6334.845s][info][gc,heap        ] GC(2172) ParOldGen: 3798361K(3798528K)->3902873K(3902976K)
[6334.845s][info][gc,metaspace   ] GC(2172) Metaspace: 29104K(29376K)->29104K(29376K) NonClass: 26000K(26112K)->26000K(26112K) Class: 3103K(3264K)->3103K(3264K)
[6334.845s][info][gc             ] GC(2172) Pause Young (Allocation Failure) 6211M->3968M(6351M) 100.477ms
[6334.845s][info][gc,cpu         ] GC(2172) User=0.56s Sys=0.03s Real=0.10s
..[6336.340s][info][gc,start       ] GC(2173) Pause Young (Allocation Failure)
[6336.440s][info][gc,heap        ] GC(2173) PSYoungGen: 2576992K(2600448K)->159744K(2603008K) Eden: 2415616K(2415616K)->0K(2415616K) From: 161376K(184832K)->159744K(187392K)
[6336.440s][info][gc,heap        ] GC(2173) ParOldGen: 3902873K(3902976K)->4005425K(4005888K)
[6336.440s][info][gc,metaspace   ] GC(2173) Metaspace: 29104K(29376K)->29104K(29376K) NonClass: 26000K(26112K)->26000K(26112K) Class: 3103K(3264K)->3103K(3264K)
[6336.440s][info][gc             ] GC(2173) Pause Young (Allocation Failure) 6327M->4067M(6454M) 100.128ms
[6336.440s][info][gc,cpu         ] GC(2173) User=0.55s Sys=0.03s Real=0.10s
.[6337.871s][info][gc,start       ] GC(2174) Pause Young (Allocation Failure)
[6337.976s][info][gc,heap        ] GC(2174) PSYoungGen: 2575360K(2603008K)->162632K(2604032K) Eden: 2415616K(2415616K)->0K(2423296K) From: 159744K(187392K)->162632K(180736K)
[6337.976s][info][gc,heap        ] GC(2174) ParOldGen: 4005425K(4005888K)->4111753K(4111872K)
[6337.976s][info][gc,metaspace   ] GC(2174) Metaspace: 29104K(29376K)->29104K(29376K) NonClass: 26000K(26112K)->26000K(26112K) Class: 3103K(3264K)->3103K(3264K)
[6337.976s][info][gc             ] GC(2174) Pause Young (Allocation Failure) 6426M->4174M(6558M) 104.723ms
[6337.976s][info][gc,cpu         ] GC(2174) User=0.58s Sys=0.04s Real=0.11s
..[6339.397s][info][gc,start       ] GC(2175) Pause Young (Allocation Failure)
[6339.501s][info][gc,heap        ] GC(2175) PSYoungGen: 2585928K(2604032K)->170825K(2606592K) Eden: 2423296K(2423296K)->0K(2423296K) From: 162632K(180736K)->170825K(183296K)
[6339.501s][info][gc,heap        ] GC(2175) ParOldGen: 4111753K(4111872K)->4211265K(4211712K)
[6339.501s][info][gc,metaspace   ] GC(2175) Metaspace: 29104K(29376K)->29104K(29376K) NonClass: 26000K(26112K)->26000K(26112K) Class: 3103K(3264K)->3103K(3264K)
[6339.501s][info][gc             ] GC(2175) Pause Young (Allocation Failure) 6540M->4279M(6658M) 103.696ms
[6339.501s][info][gc,cpu         ] GC(2175) User=0.59s Sys=0.02s Real=0.10s
.[6340.936s][info][gc,start       ] GC(2176) Pause Young (Allocation Failure)
[6341.041s][info][gc,heap        ] GC(2176) PSYoungGen: 2594121K(2606592K)->165363K(2611200K) Eden: 2423296K(2423296K)->0K(2427904K) From: 170825K(183296K)->165363K(183296K)
[6341.041s][info][gc,heap        ] GC(2176) ParOldGen: 4211265K(4211712K)->4319001K(4319232K)
[6341.041s][info][gc,metaspace   ] GC(2176) Metaspace: 29104K(29376K)->29104K(29376K) NonClass: 26000K(26112K)->26000K(26112K) Class: 3103K(3264K)->3103K(3264K)
[6341.041s][info][gc             ] GC(2176) Pause Young (Allocation Failure) 6645M->4379M(6768M) 104.992ms
[6341.041s][info][gc,cpu         ] GC(2176) User=0.59s Sys=0.03s Real=0.10s
..[6342.587s][info][gc,start       ] GC(2177) Pause Young (Allocation Failure)
[6342.695s][info][gc,heap        ] GC(2177) PSYoungGen: 2593267K(2611200K)->175625K(2604032K) Eden: 2427904K(2427904K)->0K(2427904K) From: 165363K(183296K)->175625K(176128K)
[6342.695s][info][gc,heap        ] GC(2177) ParOldGen: 4319001K(4319232K)->4420289K(4420608K)
[6342.695s][info][gc,metaspace   ] GC(2177) Metaspace: 29104K(29376K)->29104K(29376K) NonClass: 26000K(26112K)->26000K(26112K) Class: 3103K(3264K)->3103K(3264K)
[6342.695s][info][gc             ] GC(2177) Pause Young (Allocation Failure) 6750M->4488M(6860M) 107.511ms
[6342.695s][info][gc,cpu         ] GC(2177) User=0.60s Sys=0.04s Real=0.11s
.[6344.085s][info][gc,start       ] GC(2178) Pause Young (Allocation Failure)
[6344.185s][info][gc,heap        ] GC(2178) PSYoungGen: 2603529K(2604032K)->160352K(2611200K) Eden: 2427904K(2427904K)->0K(2425344K) From: 175625K(176128K)->160352K(185856K)
[6344.185s][info][gc,heap        ] GC(2178) ParOldGen: 4420289K(4420608K)->4525857K(4526080K)
[6344.185s][info][gc,metaspace   ] GC(2178) Metaspace: 29104K(29376K)->29104K(29376K) NonClass: 26000K(26112K)->26000K(26112K) Class: 3103K(3264K)->3103K(3264K)
[6344.185s][info][gc             ] GC(2178) Pause Young (Allocation Failure) 6859M->4576M(6970M) 100.149ms
[6344.185s][info][gc,cpu         ] GC(2178) User=0.56s Sys=0.03s Real=0.10s
..[6345.655s][info][gc,start       ] GC(2179) Pause Young (Allocation Failure)
[6345.760s][info][gc,heap        ] GC(2179) PSYoungGen: 2585696K(2611200K)->173456K(2610176K) Eden: 2425344K(2425344K)->0K(2425344K) From: 160352K(185856K)->173456K(184832K)
[6345.760s][info][gc,heap        ] GC(2179) ParOldGen: 4525857K(4526080K)->4627585K(4627968K)
[6345.760s][info][gc,metaspace   ] GC(2179) Metaspace: 29104K(29376K)->29104K(29376K) NonClass: 26000K(26112K)->26000K(26112K) Class: 3103K(3264K)->3103K(3264K)
[6345.760s][info][gc             ] GC(2179) Pause Young (Allocation Failure) 6944M->4688M(7068M) 104.968ms
[6345.760s][info][gc,cpu         ] GC(2179) User=0.57s Sys=0.04s Real=0.10s
.[6347.177s][info][gc,start       ] GC(2180) Pause Young (Allocation Failure)
[6347.273s][info][gc,heap        ] GC(2180) PSYoungGen: 2598800K(2610176K)->143456K(2607104K) Eden: 2425344K(2425344K)->0K(2421248K) From: 173456K(184832K)->143456K(185856K)
[6347.273s][info][gc,heap        ] GC(2180) ParOldGen: 4627585K(4627968K)->4736833K(4737024K)
[6347.273s][info][gc,metaspace   ] GC(2180) Metaspace: 29104K(29376K)->29104K(29376K) NonClass: 26000K(26112K)->26000K(26112K) Class: 3103K(3264K)->3103K(3264K)
[6347.273s][info][gc             ] GC(2180) Pause Young (Allocation Failure) 7057M->4765M(7172M) 95.884ms
[6347.273s][info][gc,cpu         ] GC(2180) User=0.53s Sys=0.03s Real=0.10s
..[6348.756s][info][gc,start       ] GC(2181) Pause Young (Allocation Failure)
[6348.856s][info][gc,heap        ] GC(2181) PSYoungGen: 2564704K(2607104K)->160841K(2582528K) Eden: 2421248K(2421248K)->0K(2421248K) From: 143456K(185856K)->160841K(161280K)
[6348.856s][info][gc,heap        ] GC(2181) ParOldGen: 4736833K(4737024K)->4838497K(4838912K)
[6348.856s][info][gc,metaspace   ] GC(2181) Metaspace: 29104K(29376K)->29104K(29376K) NonClass: 26000K(26112K)->26000K(26112K) Class: 3103K(3264K)->3103K(3264K)
[6348.856s][info][gc             ] GC(2181) Pause Young (Allocation Failure) 7130M->4882M(7247M) 100.039ms
[6348.856s][info][gc,cpu         ] GC(2181) User=0.55s Sys=0.04s Real=0.10s
.|[6350.278s][info][gc,start       ] GC(2182) Pause Young (Allocation Failure)
[6350.387s][info][gc,heap        ] GC(2182) PSYoungGen: 2582089K(2582528K)->169649K(2607616K) Eden: 2421248K(2421248K)->0K(2422272K) From: 160841K(161280K)->169649K(185344K)
[6350.387s][info][gc,heap        ] GC(2182) ParOldGen: 4838497K(4838912K)->4941849K(4942336K)
[6350.387s][info][gc,metaspace   ] GC(2182) Metaspace: 29104K(29376K)->29104K(29376K) NonClass: 26000K(26112K)->26000K(26112K) Class: 3103K(3264K)->3103K(3264K)
[6350.387s][info][gc             ] GC(2182) Pause Young (Allocation Failure) 7246M->4991M(7373M) 108.892ms
[6350.387s][info][gc,cpu         ] GC(2182) User=0.60s Sys=0.04s Real=0.11s
..[6351.814s][info][gc,start       ] GC(2183) Pause Young (Allocation Failure)
[6351.916s][info][gc,heap        ] GC(2183) PSYoungGen: 2591921K(2607616K)->158720K(2608128K) Eden: 2422272K(2422272K)->0K(2422272K) From: 169649K(185344K)->158720K(185856K)
[6351.916s][info][gc,heap        ] GC(2183) ParOldGen: 4941849K(4942336K)->5047649K(5047808K)
[6351.916s][info][gc,metaspace   ] GC(2183) Metaspace: 29104K(29376K)->29104K(29376K) NonClass: 26000K(26112K)->26000K(26112K) Class: 3103K(3264K)->3103K(3264K)
[6351.916s][info][gc             ] GC(2183) Pause Young (Allocation Failure) 7357M->5084M(7476M) 101.934ms
[6351.916s][info][gc,cpu         ] GC(2183) User=0.57s Sys=0.02s Real=0.10s
.[6353.336s][info][gc,start       ] GC(2184) Pause Young (Allocation Failure)
[6353.435s][info][gc,heap        ] GC(2184) PSYoungGen: 2580992K(2608128K)->154336K(2609664K) Eden: 2422272K(2422272K)->0K(2425344K) From: 158720K(185856K)->154336K(184320K)
[6353.435s][info][gc,heap        ] GC(2184) ParOldGen: 5047649K(5047808K)->5150921K(5151232K)
[6353.435s][info][gc,metaspace   ] GC(2184) Metaspace: 29104K(29376K)->29104K(29376K) NonClass: 26000K(26112K)->26000K(26112K) Class: 3103K(3264K)->3103K(3264K)
[6353.435s][info][gc             ] GC(2184) Pause Young (Allocation Failure) 7449M->5180M(7579M) 99.303ms
[6353.435s][info][gc,cpu         ] GC(2184) User=0.55s Sys=0.04s Real=0.10s
..[6354.934s][info][gc,start       ] GC(2185) Pause Young (Allocation Failure)
[6355.038s][info][gc,heap        ] GC(2185) PSYoungGen: 2579680K(2609664K)->166816K(2609152K) Eden: 2425344K(2425344K)->0K(2425344K) From: 154336K(184320K)->166816K(183808K)
[6355.038s][info][gc,heap        ] GC(2185) ParOldGen: 5150921K(5151232K)->5254105K(5254144K)
[6355.038s][info][gc,metaspace   ] GC(2185) Metaspace: 29104K(29376K)->29104K(29376K) NonClass: 26000K(26112K)->26000K(26112K) Class: 3103K(3264K)->3103K(3264K)
[6355.038s][info][gc             ] GC(2185) Pause Young (Allocation Failure) 7549M->5293M(7679M) 104.649ms
[6355.038s][info][gc,cpu         ] GC(2185) User=0.58s Sys=0.03s Real=0.10s
.[6356.483s][info][gc,start       ] GC(2186) Pause Young (Allocation Failure)
[6356.591s][info][gc,heap        ] GC(2186) PSYoungGen: 2592160K(2609152K)->169696K(2610688K) Eden: 2425344K(2425344K)->0K(2427392K) From: 166816K(183808K)->169696K(183296K)
[6356.591s][info][gc,heap        ] GC(2186) ParOldGen: 5254105K(5254144K)->5360105K(5360128K)
[6356.591s][info][gc,metaspace   ] GC(2186) Metaspace: 29104K(29376K)->29104K(29376K) NonClass: 26000K(26112K)->26000K(26112K) Class: 3103K(3264K)->3103K(3264K)
[6356.591s][info][gc             ] GC(2186) Pause Young (Allocation Failure) 7662M->5400M(7784M) 108.467ms
[6356.591s][info][gc,cpu         ] GC(2186) User=0.61s Sys=0.02s Real=0.11s
..[6358.012s][info][gc,start       ] GC(2187) Pause Young (Allocation Failure)
[6358.116s][info][gc,heap        ] GC(2187) PSYoungGen: 2597088K(2610688K)->162085K(2611200K) Eden: 2427392K(2427392K)->0K(2427392K) From: 169696K(183296K)->162085K(183808K)
[6358.116s][info][gc,heap        ] GC(2187) ParOldGen: 5360105K(5360128K)->5466745K(5467136K)
[6358.116s][info][gc,metaspace   ] GC(2187) Metaspace: 29104K(29376K)->29104K(29376K) NonClass: 26000K(26112K)->26000K(26112K) Class: 3103K(3264K)->3103K(3264K)
[6358.116s][info][gc             ] GC(2187) Pause Young (Allocation Failure) 7770M->5496M(7889M) 104.495ms
[6358.116s][info][gc,cpu         ] GC(2187) User=0.59s Sys=0.02s Real=0.11s
.[6359.521s][info][gc,start       ] GC(2188) Pause Young (Allocation Failure)
[6359.625s][info][gc,heap        ] GC(2188) PSYoungGen: 2589477K(2611200K)->163541K(2609152K) Eden: 2427392K(2427392K)->0K(2429952K) From: 162085K(183808K)->163541K(179200K)
[6359.625s][info][gc,heap        ] GC(2188) ParOldGen: 5466745K(5467136K)->5568825K(5569024K)
[6359.625s][info][gc,metaspace   ] GC(2188) Metaspace: 29104K(29376K)->29104K(29376K) NonClass: 26000K(26112K)->26000K(26112K) Class: 3103K(3264K)->3103K(3264K)
[6359.625s][info][gc             ] GC(2188) Pause Young (Allocation Failure) 7867M->5598M(7986M) 104.178ms
[6359.625s][info][gc,cpu         ] GC(2188) User=0.59s Sys=0.03s Real=0.11s
..[6361.062s][info][gc,start       ] GC(2189) Pause Full (Allocation Failure)
[6361.062s][info][gc,phases,start] GC(2189) Marking Phase
[6361.392s][info][gc,phases      ] GC(2189) Marking Phase 329.393ms
[6361.392s][info][gc,phases,start] GC(2189) Summary Phase
[6361.392s][info][gc,phases      ] GC(2189) Summary Phase 0.112ms
[6361.392s][info][gc,phases,start] GC(2189) Forward
[6361.529s][info][gc,phases      ] GC(2189) Forward 136.521ms
[6361.529s][info][gc,phases,start] GC(2189) Adjust Pointers
[6361.750s][info][gc,phases      ] GC(2189) Adjust Pointers 221.243ms
[6361.750s][info][gc,phases,start] GC(2189) Compaction Phase
[6361.903s][info][gc,phases      ] GC(2189) Compaction Phase 153.064ms
[6361.904s][info][gc,phases,start] GC(2189) Post Compact
[6361.911s][info][gc,phases      ] GC(2189) Post Compact 7.022ms
[6362.043s][info][gc,heap        ] GC(2189) PSYoungGen: 2593493K(2609152K)->0K(2610176K) Eden: 2429952K(2429952K)->0K(2429952K) From: 163541K(179200K)->0K(180224K)
[6362.043s][info][gc,heap        ] GC(2189) ParOldGen: 5568825K(5569024K)->1634349K(2157056K)
[6362.043s][info][gc,metaspace   ] GC(2189) Metaspace: 29104K(29376K)->29104K(29376K) NonClass: 26000K(26112K)->26000K(26112K) Class: 3103K(3264K)->3103K(3264K)
[6362.043s][info][gc             ] GC(2189) Pause Full (Allocation Failure) 7971M->1596M(4655M) 980.335ms
[6362.043s][info][gc,cpu         ] GC(2189) User=4.55s Sys=0.13s Real=0.98s
.[6363.299s][info][gc,start       ] GC(2190) Pause Young (Allocation Failure)
[6363.362s][info][gc,heap        ] GC(2190) PSYoungGen: 2429952K(2610176K)->156000K(2614784K) Eden: 2429952K(2429952K)->0K(2435584K) From: 0K(180224K)->156000K(179200K)
[6363.362s][info][gc,heap        ] GC(2190) ParOldGen: 1634349K(2157056K)->1634349K(2157056K)
[6363.362s][info][gc,metaspace   ] GC(2190) Metaspace: 29104K(29376K)->29104K(29376K) NonClass: 26000K(26112K)->26000K(26112K) Class: 3103K(3264K)->3103K(3264K)
[6363.362s][info][gc             ] GC(2190) Pause Young (Allocation Failure) 3969M->1748M(4660M) 63.474ms
[6363.362s][info][gc,cpu         ] GC(2190) User=0.37s Sys=0.00s Real=0.06s
..[6364.740s][info][gc,start       ] GC(2191) Pause Young (Allocation Failure)
[6364.839s][info][gc,heap        ] GC(2191) PSYoungGen: 2591584K(2614784K)->171798K(2607616K) Eden: 2435584K(2435584K)->0K(2435584K) From: 156000K(179200K)->171798K(172032K)
[6364.839s][info][gc,heap        ] GC(2191) ParOldGen: 1634349K(2157056K)->1738821K(2157056K)
[6364.839s][info][gc,metaspace   ] GC(2191) Metaspace: 29104K(29376K)->29104K(29376K) NonClass: 26000K(26112K)->26000K(26112K) Class: 3103K(3264K)->3103K(3264K)
[6364.839s][info][gc             ] GC(2191) Pause Young (Allocation Failure) 4126M->1865M(4653M) 98.787ms
[6364.839s][info][gc,cpu         ] GC(2191) User=0.59s Sys=0.00s Real=0.10s
.[6366.075s][info][gc,start       ] GC(2192) Pause Young (Allocation Failure)
[6366.172s][info][gc,heap        ] GC(2192) PSYoungGen: 2607382K(2607616K)->168320K(2614272K) Eden: 2435584K(2435584K)->0K(2432512K) From: 171798K(172032K)->168320K(181760K)
[6366.172s][info][gc,heap        ] GC(2192) ParOldGen: 1738821K(2157056K)->1841789K(2157056K)
[6366.172s][info][gc,metaspace   ] GC(2192) Metaspace: 29104K(29376K)->29104K(29376K) NonClass: 26000K(26112K)->26000K(26112K) Class: 3103K(3264K)->3103K(3264K)
[6366.172s][info][gc             ] GC(2192) Pause Young (Allocation Failure) 4244M->1962M(4659M) 97.251ms
[6366.172s][info][gc,cpu         ] GC(2192) User=0.57s Sys=0.00s Real=0.09s
.[6367.479s][info][gc,start       ] GC(2193) Pause Young (Allocation Failure)
[6367.617s][info][gc,heap        ] GC(2193) PSYoungGen: 2600832K(2614272K)->150784K(2583552K) Eden: 2432512K(2432512K)->0K(2432512K) From: 168320K(181760K)->150784K(151040K)
[6367.617s][info][gc,heap        ] GC(2193) ParOldGen: 1841789K(2157056K)->1948837K(2157056K)
[6367.617s][info][gc,metaspace   ] GC(2193) Metaspace: 29104K(29376K)->29104K(29376K) NonClass: 26000K(26112K)->26000K(26112K) Class: 3103K(3264K)->3103K(3264K)
[6367.617s][info][gc             ] GC(2193) Pause Young (Allocation Failure) 4338M->2050M(4629M) 137.556ms
[6367.617s][info][gc,cpu         ] GC(2193) User=0.53s Sys=0.01s Real=0.14s
.[6368.918s][info][gc,start       ] GC(2194) Pause Young (Allocation Failure)
[6369.019s][info][gc,heap        ] GC(2194) PSYoungGen: 2583296K(2583552K)->172736K(2610688K) Eden: 2432512K(2432512K)->0K(2428416K) From: 150784K(151040K)->172736K(182272K)
[6369.019s][info][gc,heap        ] GC(2194) ParOldGen: 1948837K(2157056K)->2051541K(2157056K)
[6369.019s][info][gc,metaspace   ] GC(2194) Metaspace: 29104K(29376K)->29104K(29376K) NonClass: 26000K(26112K)->26000K(26112K) Class: 3103K(3264K)->3103K(3264K)
[6369.019s][info][gc             ] GC(2194) Pause Young (Allocation Failure) 4425M->2172M(4656M) 100.815ms
[6369.019s][info][gc,cpu         ] GC(2194) User=0.59s Sys=0.00s Real=0.10s
..[6370.383s][info][gc,start       ] GC(2195) Pause Young (Allocation Failure)
[6370.475s][info][gc,heap        ] GC(2195) PSYoungGen: 2601152K(2610688K)->151808K(2612224K) Eden: 2428416K(2428416K)->0K(2428416K) From: 172736K(182272K)->151808K(183808K)
[6370.475s][info][gc,heap        ] GC(2195) ParOldGen: 2051541K(2157056K)->2157917K(2158080K)
[6370.475s][info][gc,metaspace   ] GC(2195) Metaspace: 29104K(29376K)->29104K(29376K) NonClass: 26000K(26112K)->26000K(26112K) Class: 3103K(3264K)->3103K(3264K)
[6370.475s][info][gc             ] GC(2195) Pause Young (Allocation Failure) 4543M->2255M(4658M) 91.879ms
[6370.475s][info][gc,cpu         ] GC(2195) User=0.54s Sys=0.00s Real=0.09s
.[6371.903s][info][gc,start       ] GC(2196) Pause Young (Allocation Failure)
[6372.006s][info][gc,heap        ] GC(2196) PSYoungGen: 2580224K(2612224K)->173369K(2608128K) Eden: 2428416K(2428416K)->0K(2424320K) From: 151808K(183808K)->173369K(183808K)
[6372.006s][info][gc,heap        ] GC(2196) ParOldGen: 2157917K(2158080K)->2260949K(2260992K)
[6372.006s][info][gc,metaspace   ] GC(2196) Metaspace: 29104K(29376K)->29104K(29376K) NonClass: 26000K(26112K)->26000K(26112K) Class: 3103K(3264K)->3103K(3264K)
[6372.006s][info][gc             ] GC(2196) Pause Young (Allocation Failure) 4627M->2377M(4755M) 103.666ms
[6372.006s][info][gc,cpu         ] GC(2196) User=0.58s Sys=0.04s Real=0.11s
..[6373.440s][info][gc,start       ] GC(2197) Pause Young (Allocation Failure)
[6373.540s][info][gc,heap        ] GC(2197) PSYoungGen: 2597689K(2608128K)->156213K(2610176K) Eden: 2424320K(2424320K)->0K(2424320K) From: 173369K(183808K)->156213K(185856K)
[6373.540s][info][gc,heap        ] GC(2197) ParOldGen: 2260949K(2260992K)->2367445K(2367488K)
[6373.540s][info][gc,metaspace   ] GC(2197) Metaspace: 29104K(29376K)->29104K(29376K) NonClass: 26000K(26112K)->26000K(26112K) Class: 3103K(3264K)->3103K(3264K)
[6373.540s][info][gc             ] GC(2197) Pause Young (Allocation Failure) 4744M->2464M(4861M) 99.991ms
[6373.540s][info][gc,cpu         ] GC(2197) User=0.55s Sys=0.04s Real=0.10s
.[6375.019s][info][gc,start       ] GC(2198) Pause Young (Allocation Failure)
[6375.121s][info][gc,heap        ] GC(2198) PSYoungGen: 2580533K(2610176K)->168032K(2609152K) Eden: 2424320K(2424320K)->0K(2425344K) From: 156213K(185856K)->168032K(183808K)
[6375.121s][info][gc,heap        ] GC(2198) ParOldGen: 2367445K(2367488K)->2469989K(2470400K)
[6375.121s][info][gc,metaspace   ] GC(2198) Metaspace: 29104K(29376K)->29104K(29376K) NonClass: 26000K(26112K)->26000K(26112K) Class: 3103K(3264K)->3103K(3264K)
[6375.121s][info][gc             ] GC(2198) Pause Young (Allocation Failure) 4832M->2576M(4960M) 101.947ms
[6375.121s][info][gc,cpu         ] GC(2198) User=0.57s Sys=0.03s Real=0.10s
..[6376.564s][info][gc,start       ] GC(2199) Pause Young (Allocation Failure)
[6376.661s][info][gc,heap        ] GC(2199) PSYoungGen: 2593376K(2609152K)->153408K(2610176K) Eden: 2425344K(2425344K)->0K(2425344K) From: 168032K(183808K)->153408K(184832K)
[6376.661s][info][gc,heap        ] GC(2199) ParOldGen: 2469989K(2470400K)->2575061K(2575360K)
[6376.661s][info][gc,metaspace   ] GC(2199) Metaspace: 29104K(29376K)->29104K(29376K) NonClass: 26000K(26112K)->26000K(26112K) Class: 3103K(3264K)->3103K(3264K)
[6376.661s][info][gc             ] GC(2199) Pause Young (Allocation Failure) 4944M->2664M(5064M) 96.719ms
[6376.661s][info][gc,cpu         ] GC(2199) User=0.53s Sys=0.03s Real=0.09s
.[6378.164s][info][gc,start       ] GC(2200) Pause Young (Allocation Failure)
[6378.267s][info][gc,heap        ] GC(2200) PSYoungGen: 2578752K(2610176K)->168832K(2610688K) Eden: 2425344K(2425344K)->0K(2426880K) From: 153408K(184832K)->168832K(183808K)
[6378.267s][info][gc,heap        ] GC(2200) ParOldGen: 2575061K(2575360K)->2678781K(2678784K)
[6378.267s][info][gc,metaspace   ] GC(2200) Metaspace: 29104K(29376K)->29104K(29376K) NonClass: 26000K(26112K)->26000K(26112K) Class: 3103K(3264K)->3103K(3264K)
[6378.267s][info][gc             ] GC(2200) Pause Young (Allocation Failure) 5033M->2780M(5165M) 102.348ms
[6378.267s][info][gc,cpu         ] GC(2200) User=0.58s Sys=0.03s Real=0.10s
..[6379.703s][info][gc,start       ] GC(2201) Pause Young (Allocation Failure)
[6379.803s][info][gc,heap        ] GC(2201) PSYoungGen: 2595712K(2610688K)->157946K(2611200K) Eden: 2426880K(2426880K)->0K(2426880K) From: 168832K(183808K)->157946K(184320K)
[6379.803s][info][gc,heap        ] GC(2201) ParOldGen: 2678781K(2678784K)->2785293K(2785792K)
[6379.803s][info][gc,metaspace   ] GC(2201) Metaspace: 29104K(29376K)->29104K(29376K) NonClass: 26000K(26112K)->26000K(26112K) Class: 3103K(3264K)->3103K(3264K)
[6379.803s][info][gc             ] GC(2201) Pause Young (Allocation Failure) 5150M->2874M(5270M) 99.220ms
[6379.803s][info][gc,cpu         ] GC(2201) User=0.56s Sys=0.03s Real=0.09s
.[6381.283s][info][gc,start       ] GC(2202) Pause Young (Allocation Failure)
[6381.378s][info][gc,heap        ] GC(2202) PSYoungGen: 2584826K(2611200K)->150816K(2611200K) Eden: 2426880K(2426880K)->0K(2427904K) From: 157946K(184320K)->150816K(183296K)
[6381.378s][info][gc,heap        ] GC(2202) ParOldGen: 2785293K(2785792K)->2886581K(2886656K)
[6381.378s][info][gc,metaspace   ] GC(2202) Metaspace: 29104K(29376K)->29104K(29376K) NonClass: 26000K(26112K)->26000K(26112K) Class: 3103K(3264K)->3103K(3264K)
[6381.378s][info][gc             ] GC(2202) Pause Young (Allocation Failure) 5244M->2966M(5369M) 95.215ms
[6381.378s][info][gc,cpu         ] GC(2202) User=0.53s Sys=0.03s Real=0.09s
..[6382.809s][info][gc,start       ] GC(2203) Pause Young (Allocation Failure)
[6382.911s][info][gc,heap        ] GC(2203) PSYoungGen: 2578720K(2611200K)->162992K(2611200K) Eden: 2427904K(2427904K)->0K(2427904K) From: 150816K(183296K)->162992K(183296K)
[6382.911s][info][gc,heap        ] GC(2203) ParOldGen: 2886581K(2886656K)->2991477K(2991616K)
[6382.911s][info][gc,metaspace   ] GC(2203) Metaspace: 29104K(29376K)->29104K(29376K) NonClass: 26000K(26112K)->26000K(26112K) Class: 3103K(3264K)->3103K(3264K)
[6382.911s][info][gc             ] GC(2203) Pause Young (Allocation Failure) 5337M->3080M(5471M) 102.263ms
[6382.911s][info][gc,cpu         ] GC(2203) User=0.56s Sys=0.03s Real=0.10s
.[6384.340s][info][gc,start       ] GC(2204) Pause Young (Allocation Failure)
[6384.437s][info][gc,heap        ] GC(2204) PSYoungGen: 2590896K(2611200K)->150304K(2611200K) Eden: 2427904K(2427904K)->0K(2429440K) From: 162992K(183296K)->150304K(181760K)
[6384.437s][info][gc,heap        ] GC(2204) ParOldGen: 2991477K(2991616K)->3098061K(3098112K)
[6384.437s][info][gc,metaspace   ] GC(2204) Metaspace: 29104K(29376K)->29104K(29376K) NonClass: 26000K(26112K)->26000K(26112K) Class: 3103K(3264K)->3103K(3264K)
[6384.437s][info][gc             ] GC(2204) Pause Young (Allocation Failure) 5451M->3172M(5575M) 96.442ms
[6384.437s][info][gc,cpu         ] GC(2204) User=0.53s Sys=0.03s Real=0.10s
..[6385.861s][info][gc,start       ] GC(2205) Pause Young (Allocation Failure)
[6385.960s][info][gc,heap        ] GC(2205) PSYoungGen: 2579744K(2611200K)->162112K(2611200K) Eden: 2429440K(2429440K)->0K(2429440K) From: 150304K(181760K)->162112K(181760K)
[6385.960s][info][gc,heap        ] GC(2205) ParOldGen: 3098061K(3098112K)->3199477K(3199488K)
[6385.960s][info][gc,metaspace   ] GC(2205) Metaspace: 29104K(29376K)->29104K(29376K) NonClass: 26000K(26112K)->26000K(26112K) Class: 3103K(3264K)->3103K(3264K)
[6385.960s][info][gc             ] GC(2205) Pause Young (Allocation Failure) 5544M->3282M(5674M) 98.484ms
[6385.960s][info][gc,cpu         ] GC(2205) User=0.55s Sys=0.02s Real=0.10s
.[6387.384s][info][gc,start       ] GC(2206) Pause Young (Allocation Failure)
[6387.483s][info][gc,heap        ] GC(2206) PSYoungGen: 2591552K(2611200K)->155632K(2613248K) Eden: 2429440K(2429440K)->0K(2433536K) From: 162112K(181760K)->155632K(179712K)
[6387.483s][info][gc,heap        ] GC(2206) ParOldGen: 3199477K(3199488K)->3308661K(3309056K)
[6387.483s][info][gc,metaspace   ] GC(2206) Metaspace: 29104K(29376K)->29104K(29376K) NonClass: 26000K(26112K)->26000K(26112K) Class: 3103K(3264K)->3103K(3264K)
[6387.483s][info][gc             ] GC(2206) Pause Young (Allocation Failure) 5655M->3383M(5783M) 99.133ms
[6387.483s][info][gc,cpu         ] GC(2206) User=0.56s Sys=0.03s Real=0.09s
..[6388.951s][info][gc,start       ] GC(2207) Pause Young (Allocation Failure)
[6389.049s][info][gc,heap        ] GC(2207) PSYoungGen: 2589168K(2613248K)->159136K(2612736K) Eden: 2433536K(2433536K)->0K(2433536K) From: 155632K(179712K)->159136K(179200K)
[6389.049s][info][gc,heap        ] GC(2207) ParOldGen: 3308661K(3309056K)->3410949K(3411456K)
[6389.049s][info][gc,metaspace   ] GC(2207) Metaspace: 29104K(29376K)->29104K(29376K) NonClass: 26000K(26112K)->26000K(26112K) Class: 3103K(3264K)->3103K(3264K)
[6389.049s][info][gc             ] GC(2207) Pause Young (Allocation Failure) 5759M->3486M(5883M) 98.684ms
[6389.049s][info][gc,cpu         ] GC(2207) User=0.55s Sys=0.03s Real=0.10s
.[6390.531s][info][gc,start       ] GC(2208) Pause Young (Allocation Failure)
[6390.632s][info][gc,heap        ] GC(2208) PSYoungGen: 2592672K(2612736K)->162144K(2615296K) Eden: 2433536K(2433536K)->0K(2438144K) From: 159136K(179200K)->162144K(177152K)
[6390.632s][info][gc,heap        ] GC(2208) ParOldGen: 3410949K(3411456K)->3514549K(3514880K)
[6390.632s][info][gc,metaspace   ] GC(2208) Metaspace: 29104K(29376K)->29104K(29376K) NonClass: 26000K(26112K)->26000K(26112K) Class: 3103K(3264K)->3103K(3264K)
[6390.632s][info][gc             ] GC(2208) Pause Young (Allocation Failure) 5862M->3590M(5986M) 100.816ms
[6390.632s][info][gc,cpu         ] GC(2208) User=0.56s Sys=0.03s Real=0.10s
..[6392.044s][info][gc,start       ] GC(2209) Pause Young (Allocation Failure)
[6392.147s][info][gc,heap        ] GC(2209) PSYoungGen: 2600288K(2615296K)->166660K(2614272K) Eden: 2438144K(2438144K)->0K(2438144K) From: 162144K(177152K)->166660K(176128K)
[6392.147s][info][gc,heap        ] GC(2209) ParOldGen: 3514549K(3514880K)->3620045K(3620352K)
[6392.147s][info][gc,metaspace   ] GC(2209) Metaspace: 29104K(29376K)->29104K(29376K) NonClass: 26000K(26112K)->26000K(26112K) Class: 3103K(3264K)->3103K(3264K)
[6392.147s][info][gc             ] GC(2209) Pause Young (Allocation Failure) 5971M->3697M(6088M) 103.347ms
[6392.147s][info][gc,cpu         ] GC(2209) User=0.57s Sys=0.04s Real=0.10s
.[6393.624s][info][gc,start       ] GC(2210) Pause Young (Allocation Failure)
[6393.722s][info][gc,heap        ] GC(2210) PSYoungGen: 2604804K(2614272K)->152992K(2618880K) Eden: 2438144K(2438144K)->0K(2441728K) From: 166660K(176128K)->152992K(177152K)
[6393.722s][info][gc,heap        ] GC(2210) ParOldGen: 3620045K(3620352K)->3724597K(3724800K)
[6393.722s][info][gc,metaspace   ] GC(2210) Metaspace: 29104K(29376K)->29104K(29376K) NonClass: 26000K(26112K)->26000K(26112K) Class: 3103K(3264K)->3103K(3264K)
[6393.722s][info][gc             ] GC(2210) Pause Young (Allocation Failure) 6078M->3786M(6195M) 97.773ms
[6393.722s][info][gc,cpu         ] GC(2210) User=0.54s Sys=0.04s Real=0.09s
..[6395.219s][info][gc,start       ] GC(2211) Pause Young (Allocation Failure)
[6395.316s][info][gc,heap        ] GC(2211) PSYoungGen: 2594720K(2618880K)->153216K(2595328K) Eden: 2441728K(2441728K)->0K(2441728K) From: 152992K(177152K)->153216K(153600K)
[6395.316s][info][gc,heap        ] GC(2211) ParOldGen: 3724597K(3724800K)->3827037K(3827200K)
[6395.316s][info][gc,metaspace   ] GC(2211) Metaspace: 29104K(29376K)->29104K(29376K) NonClass: 26000K(26112K)->26000K(26112K) Class: 3103K(3264K)->3103K(3264K)
[6395.316s][info][gc             ] GC(2211) Pause Young (Allocation Failure) 6171M->3886M(6272M) 97.149ms
[6395.316s][info][gc,cpu         ] GC(2211) User=0.54s Sys=0.03s Real=0.10s
.[6396.712s][info][gc,start       ] GC(2212) Pause Young (Allocation Failure)
[6396.814s][info][gc,heap        ] GC(2212) PSYoungGen: 2594944K(2595328K)->161632K(2619392K) Eden: 2441728K(2441728K)->0K(2442752K) From: 153216K(153600K)->161632K(176640K)
[6396.814s][info][gc,heap        ] GC(2212) ParOldGen: 3827037K(3827200K)->3934405K(3934720K)
[6396.814s][info][gc,metaspace   ] GC(2212) Metaspace: 29104K(29376K)->29104K(29376K) NonClass: 26000K(26112K)->26000K(26112K) Class: 3103K(3264K)->3103K(3264K)
[6396.814s][info][gc             ] GC(2212) Pause Young (Allocation Failure) 6271M->4000M(6400M) 101.957ms
[6396.814s][info][gc,cpu         ] GC(2212) User=0.56s Sys=0.04s Real=0.11s
..[6398.315s][info][gc,start       ] GC(2213) Pause Young (Allocation Failure)
[6398.418s][info][gc,heap        ] GC(2213) PSYoungGen: 2604384K(2619392K)->168058K(2618368K) Eden: 2442752K(2442752K)->0K(2442752K) From: 161632K(176640K)->168058K(175616K)
[6398.418s][info][gc,heap        ] GC(2213) ParOldGen: 3934405K(3934720K)->4035989K(4036096K)
[6398.418s][info][gc,metaspace   ] GC(2213) Metaspace: 29104K(29376K)->29104K(29376K) NonClass: 26000K(26112K)->26000K(26112K) Class: 3103K(3264K)->3103K(3264K)
[6398.418s][info][gc             ] GC(2213) Pause Young (Allocation Failure) 6385M->4105M(6498M) 103.259ms
[6398.418s][info][gc,cpu         ] GC(2213) User=0.57s Sys=0.04s Real=0.10s
.[6399.869s][info][gc,start       ] GC(2214) Pause Young (Allocation Failure)
[6399.972s][info][gc,heap        ] GC(2214) PSYoungGen: 2610810K(2618368K)->166592K(2617856K) Eden: 2442752K(2442752K)->0K(2440704K) From: 168058K(175616K)->166592K(177152K)
[6399.972s][info][gc,heap        ] GC(2214) ParOldGen: 4035989K(4036096K)->4141429K(4141568K)
[6399.972s][info][gc,metaspace   ] GC(2214) Metaspace: 29104K(29376K)->29104K(29376K) NonClass: 26000K(26112K)->26000K(26112K) Class: 3103K(3264K)->3103K(3264K)
[6399.972s][info][gc             ] GC(2214) Pause Young (Allocation Failure) 6491M->4207M(6601M) 102.962ms
[6399.972s][info][gc,cpu         ] GC(2214) User=0.57s Sys=0.03s Real=0.10s
..[6401.387s][info][gc,start       ] GC(2215) Pause Young (Allocation Failure)
[6401.492s][info][gc,heap        ] GC(2215) PSYoungGen: 2607296K(2617856K)->165545K(2618368K) Eden: 2440704K(2440704K)->0K(2440704K) From: 166592K(177152K)->165545K(177664K)
[6401.492s][info][gc,heap        ] GC(2215) ParOldGen: 4141429K(4141568K)->4248637K(4249088K)
[6401.492s][info][gc,metaspace   ] GC(2215) Metaspace: 29104K(29376K)->29104K(29376K) NonClass: 26000K(26112K)->26000K(26112K) Class: 3103K(3264K)->3103K(3264K)
[6401.492s][info][gc             ] GC(2215) Pause Young (Allocation Failure) 6590M->4310M(6706M) 104.230ms
[6401.492s][info][gc,cpu         ] GC(2215) User=0.59s Sys=0.02s Real=0.10s
.[6402.882s][info][gc,start       ] GC(2216) Pause Young (Allocation Failure)
[6402.985s][info][gc,heap        ] GC(2216) PSYoungGen: 2606249K(2618368K)->168448K(2616320K) Eden: 2440704K(2440704K)->0K(2438656K) From: 165545K(177664K)->168448K(177664K)
[6402.985s][info][gc,heap        ] GC(2216) ParOldGen: 4248637K(4249088K)->4353573K(4354048K)
[6402.985s][info][gc,metaspace   ] GC(2216) Metaspace: 29104K(29376K)->29104K(29376K) NonClass: 26000K(26112K)->26000K(26112K) Class: 3103K(3264K)->3103K(3264K)
[6402.985s][info][gc             ] GC(2216) Pause Young (Allocation Failure) 6694M->4416M(6807M) 103.407ms
[6402.985s][info][gc,cpu         ] GC(2216) User=0.57s Sys=0.04s Real=0.11s
..[6404.371s][info][gc,start       ] GC(2217) Pause Young (Allocation Failure)
[6404.474s][info][gc,heap        ] GC(2217) PSYoungGen: 2607104K(2616320K)->166841K(2617344K) Eden: 2438656K(2438656K)->0K(2438656K) From: 168448K(177664K)->166841K(178688K)
[6404.475s][info][gc,heap        ] GC(2217) ParOldGen: 4353573K(4354048K)->4454949K(4455424K)
[6404.475s][info][gc,metaspace   ] GC(2217) Metaspace: 29104K(29376K)->29104K(29376K) NonClass: 26000K(26112K)->26000K(26112K) Class: 3103K(3264K)->3103K(3264K)
[6404.475s][info][gc             ] GC(2217) Pause Young (Allocation Failure) 6797M->4513M(6907M) 103.547ms
[6404.475s][info][gc,cpu         ] GC(2217) User=0.58s Sys=0.03s Real=0.11s
.[6405.930s][info][gc,start       ] GC(2218) Pause Young (Allocation Failure)
[6406.036s][info][gc,heap        ] GC(2218) PSYoungGen: 2605497K(2617344K)->170000K(2614272K) Eden: 2438656K(2438656K)->0K(2435584K) From: 166841K(178688K)->170000K(178688K)
[6406.036s][info][gc,heap        ] GC(2218) ParOldGen: 4454949K(4455424K)->4561549K(4561920K)
[6406.036s][info][gc,metaspace   ] GC(2218) Metaspace: 29104K(29376K)->29104K(29376K) NonClass: 26000K(26112K)->26000K(26112K) Class: 3103K(3264K)->3103K(3264K)
[6406.036s][info][gc             ] GC(2218) Pause Young (Allocation Failure) 6894M->4620M(7008M) 105.682ms
[6406.036s][info][gc,cpu         ] GC(2218) User=0.59s Sys=0.03s Real=0.11s
..[6407.499s][info][gc,start       ] GC(2219) Pause Young (Allocation Failure)
[6407.602s][info][gc,heap        ] GC(2219) PSYoungGen: 2605584K(2614272K)->160821K(2615808K) Eden: 2435584K(2435584K)->0K(2435584K) From: 170000K(178688K)->160821K(180224K)
[6407.602s][info][gc,heap        ] GC(2219) ParOldGen: 4561549K(4561920K)->4670029K(4670464K)
[6407.602s][info][gc,metaspace   ] GC(2219) Metaspace: 29104K(29376K)->29104K(29376K) NonClass: 26000K(26112K)->26000K(26112K) Class: 3103K(3264K)->3103K(3264K)
[6407.602s][info][gc             ] GC(2219) Pause Young (Allocation Failure) 6999M->4717M(7115M) 102.904ms
[6407.602s][info][gc,cpu         ] GC(2219) User=0.57s Sys=0.04s Real=0.10s
..[6409.076s][info][gc,start       ] GC(2220) Pause Young (Allocation Failure)
[6409.180s][info][gc,heap        ] GC(2220) PSYoungGen: 2596405K(2615808K)->167796K(2615296K) Eden: 2435584K(2435584K)->0K(2436608K) From: 160821K(180224K)->167796K(178688K)
[6409.180s][info][gc,heap        ] GC(2220) ParOldGen: 4670029K(4670464K)->4773717K(4773888K)
[6409.180s][info][gc,metaspace   ] GC(2220) Metaspace: 29104K(29376K)->29104K(29376K) NonClass: 26000K(26112K)->26000K(26112K) Class: 3103K(3264K)->3103K(3264K)
[6409.180s][info][gc             ] GC(2220) Pause Young (Allocation Failure) 7096M->4825M(7216M) 104.047ms
[6409.180s][info][gc,cpu         ] GC(2220) User=0.58s Sys=0.03s Real=0.10s
. (rIR:aIR:PR = 11070:11100:11099) (tPR = 164066) [OK] 
  6409s: Performance info:
         Transaction,    Success,    Partial,     Failed,   Receipts, AvgBarcode, 
             Overall,     672237,          0,          0,     639187,      59.48, 
         Response times:
             Request,    Success,    Partial,     Failed,   SkipFail,     Probes,    Samples,      min,      p50,      p90,      p95,      p99,      max, 
       TotalPurchase,     639210,          0,          0,          0,     331754,     537271,      200,    13500,   131000,   421000,   690000,  1300000,
     InStorePurchase,     338425,          0,          0,          0,     173114,     282310,      200,    13600,   131000,   400000,   690000,  1100000,
      OnlinePurchase,     233513,          0,          0,          0,     122832,     197893,      200,    13700,   131000,   459000,   690000,  1300000,
        InstPurchase,      67272,          0,          0,          0,      35808,      57068,      300,    12600,   127000,   418000,   630000,  1100000,
          AssocOfCat,        672,          0,          0,          0,        565,        999,    23000,    54000,   175000,   494000,   720000,   840000,
      AssocOfProduct,       6674,          0,          0,          0,       3752,       6283,      400,    15500,   127000,   410000,   800000,  1200000,
      BusinessReport,       1681,          0,          0,          0,       1483,       2457,    32000,    68000,   218200,   542000,   840000,  1200000,
          CustBuyBeh,       6635,          0,          0,          0,       3757,       6291,      300,     9600,   116800,   443400,   740000,  1200000,
       ProductReturn,      17390,          0,          0,          0,       9459,      15406,      100,    12200,   123000,   353000,   610000,   860000,

  6409s: (81%)   IR =  11208 [6410.703s][info][gc,start       ] GC(2221) Pause Young (Allocation Failure)
[6410.808s][info][gc,heap        ] GC(2221) PSYoungGen: 2604404K(2615296K)->167568K(2615808K) Eden: 2436608K(2436608K)->0K(2436608K) From: 167796K(178688K)->167568K(179200K)
[6410.808s][info][gc,heap        ] GC(2221) ParOldGen: 4773717K(4773888K)->4876989K(4877312K)
[6410.808s][info][gc,metaspace   ] GC(2221) Metaspace: 29104K(29376K)->29104K(29376K) NonClass: 26000K(26112K)->26000K(26112K) Class: 3103K(3264K)->3103K(3264K)
[6410.808s][info][gc             ] GC(2221) Pause Young (Allocation Failure) 7205M->4926M(7317M) 105.131ms
[6410.808s][info][gc,cpu         ] GC(2221) User=0.58s Sys=0.04s Real=0.11s
..[6412.193s][info][gc,start       ] GC(2222) Pause Young (Allocation Failure)
[6412.291s][info][gc,heap        ] GC(2222) PSYoungGen: 2604176K(2615808K)->147232K(2614272K) Eden: 2436608K(2436608K)->0K(2435584K) From: 167568K(179200K)->147232K(178688K)
[6412.291s][info][gc,heap        ] GC(2222) ParOldGen: 4876989K(4877312K)->4984517K(4984832K)
[6412.291s][info][gc,metaspace   ] GC(2222) Metaspace: 29104K(29376K)->29104K(29376K) NonClass: 26000K(26112K)->26000K(26112K) Class: 3103K(3264K)->3103K(3264K)
[6412.291s][info][gc             ] GC(2222) Pause Young (Allocation Failure) 7305M->5011M(7421M) 98.117ms
[6412.291s][info][gc,cpu         ] GC(2222) User=0.54s Sys=0.03s Real=0.10s
.[6413.727s][info][gc,start       ] GC(2223) Pause Young (Allocation Failure)
[6413.827s][info][gc,heap        ] GC(2223) PSYoungGen: 2582816K(2614272K)->157472K(2615808K) Eden: 2435584K(2435584K)->0K(2435584K) From: 147232K(178688K)->157472K(180224K)
[6413.827s][info][gc,heap        ] GC(2223) ParOldGen: 4984517K(4984832K)->5085621K(5085696K)
[6413.827s][info][gc,metaspace   ] GC(2223) Metaspace: 29104K(29376K)->29104K(29376K) NonClass: 26000K(26112K)->26000K(26112K) Class: 3103K(3264K)->3103K(3264K)
[6413.827s][info][gc             ] GC(2223) Pause Young (Allocation Failure) 7389M->5120M(7521M) 100.487ms
[6413.827s][info][gc,cpu         ] GC(2223) User=0.56s Sys=0.03s Real=0.10s
..[6415.291s][info][gc,start       ] GC(2224) Pause Young (Allocation Failure)
[6415.386s][info][gc,heap        ] GC(2224) PSYoungGen: 2593056K(2615808K)->145440K(2614784K) Eden: 2435584K(2435584K)->0K(2435584K) From: 157472K(180224K)->145440K(179200K)
[6415.386s][info][gc,heap        ] GC(2224) ParOldGen: 5085621K(5085696K)->5190269K(5190656K)
[6415.386s][info][gc,metaspace   ] GC(2224) Metaspace: 29104K(29376K)->29104K(29376K) NonClass: 26000K(26112K)->26000K(26112K) Class: 3103K(3264K)->3103K(3264K)
[6415.386s][info][gc             ] GC(2224) Pause Young (Allocation Failure) 7498M->5210M(7622M) 95.445ms
[6415.386s][info][gc,cpu         ] GC(2224) User=0.53s Sys=0.03s Real=0.10s
.[6416.837s][info][gc,start       ] GC(2225) Pause Young (Allocation Failure)
[6416.938s][info][gc,heap        ] GC(2225) PSYoungGen: 2581024K(2614784K)->163392K(2615808K) Eden: 2435584K(2435584K)->0K(2435584K) From: 145440K(179200K)->163392K(180224K)
[6416.938s][info][gc,heap        ] GC(2225) ParOldGen: 5190269K(5190656K)->5291925K(5292032K)
[6416.938s][info][gc,metaspace   ] GC(2225) Metaspace: 29104K(29376K)->29104K(29376K) NonClass: 26000K(26112K)->26000K(26112K) Class: 3103K(3264K)->3103K(3264K)
[6416.938s][info][gc             ] GC(2225) Pause Young (Allocation Failure) 7589M->5327M(7722M) 101.916ms
[6416.939s][info][gc,cpu         ] GC(2225) User=0.57s Sys=0.03s Real=0.10s
.[6418.284s][info][gc,start       ] GC(2226) Pause Young (Allocation Failure)
[6418.391s][info][gc,heap        ] GC(2226) PSYoungGen: 2598976K(2615808K)->162159K(2612224K) Eden: 2435584K(2435584K)->0K(2436096K) From: 163392K(180224K)->162159K(176128K)
[6418.391s][info][gc,heap        ] GC(2226) ParOldGen: 5291925K(5292032K)->5400821K(5401088K)
[6418.391s][info][gc,metaspace   ] GC(2226) Metaspace: 29104K(29376K)->29104K(29376K) NonClass: 26000K(26112K)->26000K(26112K) Class: 3103K(3264K)->3103K(3264K)
[6418.391s][info][gc             ] GC(2226) Pause Young (Allocation Failure) 7705M->5432M(7825M) 106.951ms
[6418.391s][info][gc,cpu         ] GC(2226) User=0.59s Sys=0.04s Real=0.10s
..|[6419.960s][info][gc,start       ] GC(2227) Pause Young (Allocation Failure)
[6420.064s][info][gc,heap        ] GC(2227) PSYoungGen: 2598255K(2612224K)->165170K(2614272K) Eden: 2436096K(2436096K)->0K(2436096K) From: 162159K(176128K)->165170K(178176K)
[6420.064s][info][gc,heap        ] GC(2227) ParOldGen: 5400821K(5401088K)->5504309K(5504512K)
[6420.064s][info][gc,metaspace   ] GC(2227) Metaspace: 29104K(29376K)->29104K(29376K) NonClass: 26000K(26112K)->26000K(26112K) Class: 3103K(3264K)->3103K(3264K)
[6420.064s][info][gc             ] GC(2227) Pause Young (Allocation Failure) 7811M->5536M(7928M) 104.810ms
[6420.064s][info][gc,cpu         ] GC(2227) User=0.59s Sys=0.03s Real=0.11s
..[6421.433s][info][gc,start       ] GC(2228) Pause Full (Allocation Failure)
[6421.433s][info][gc,phases,start] GC(2228) Marking Phase
[6421.758s][info][gc,phases      ] GC(2228) Marking Phase 324.722ms
[6421.758s][info][gc,phases,start] GC(2228) Summary Phase
[6421.758s][info][gc,phases      ] GC(2228) Summary Phase 0.097ms
[6421.758s][info][gc,phases,start] GC(2228) Forward
[6421.899s][info][gc,phases      ] GC(2228) Forward 141.087ms
[6421.899s][info][gc,phases,start] GC(2228) Adjust Pointers
[6422.116s][info][gc,phases      ] GC(2228) Adjust Pointers 216.884ms
[6422.116s][info][gc,phases,start] GC(2228) Compaction Phase
[6422.267s][info][gc,phases      ] GC(2228) Compaction Phase 151.384ms
[6422.269s][info][gc,phases,start] GC(2228) Post Compact
[6422.276s][info][gc,phases      ] GC(2228) Post Compact 7.010ms
[6422.406s][info][gc,heap        ] GC(2228) PSYoungGen: 2601266K(2614272K)->0K(2617856K) Eden: 2436096K(2436096K)->0K(2439680K) From: 165170K(178176K)->0K(178176K)
[6422.406s][info][gc,heap        ] GC(2228) ParOldGen: 5504309K(5504512K)->1632255K(2169856K)
[6422.406s][info][gc,metaspace   ] GC(2228) Metaspace: 29104K(29376K)->29104K(29376K) NonClass: 26000K(26112K)->26000K(26112K) Class: 3103K(3264K)->3103K(3264K)
[6422.406s][info][gc             ] GC(2228) Pause Full (Allocation Failure) 7915M->1593M(4675M) 972.923ms
[6422.406s][info][gc,cpu         ] GC(2228) User=4.49s Sys=0.13s Real=0.98s
.[6423.702s][info][gc,start       ] GC(2229) Pause Young (Allocation Failure)
[6423.779s][info][gc,heap        ] GC(2229) PSYoungGen: 2439680K(2617856K)->178150K(2617856K) Eden: 2439680K(2439680K)->0K(2439680K) From: 0K(178176K)->178150K(178176K)
[6423.779s][info][gc,heap        ] GC(2229) ParOldGen: 1632255K(2169856K)->1634507K(2169856K)
[6423.779s][info][gc,metaspace   ] GC(2229) Metaspace: 29104K(29376K)->29104K(29376K) NonClass: 26000K(26112K)->26000K(26112K) Class: 3103K(3264K)->3103K(3264K)
[6423.779s][info][gc             ] GC(2229) Pause Young (Allocation Failure) 3976M->1770M(4675M) 77.302ms
[6423.779s][info][gc,cpu         ] GC(2229) User=0.45s Sys=0.00s Real=0.08s
..[6425.010s][info][gc,start       ] GC(2230) Pause Young (Allocation Failure)
[6425.108s][info][gc,heap        ] GC(2230) PSYoungGen: 2617830K(2617856K)->166688K(2608640K) Eden: 2439680K(2439680K)->0K(2430464K) From: 178150K(178176K)->166688K(178176K)
[6425.108s][info][gc,heap        ] GC(2230) ParOldGen: 1634507K(2169856K)->1743963K(2169856K)
[6425.108s][info][gc,metaspace   ] GC(2230) Metaspace: 29104K(29376K)->29104K(29376K) NonClass: 26000K(26112K)->26000K(26112K) Class: 3103K(3264K)->3103K(3264K)
[6425.108s][info][gc             ] GC(2230) Pause Young (Allocation Failure) 4152M->1865M(4666M) 97.611ms
[6425.108s][info][gc,cpu         ] GC(2230) User=0.58s Sys=0.00s Real=0.10s
.[6426.405s][info][gc,start       ] GC(2231) Pause Young (Allocation Failure)
[6426.503s][info][gc,heap        ] GC(2231) PSYoungGen: 2597152K(2608640K)->162453K(2613248K) Eden: 2430464K(2430464K)->0K(2430464K) From: 166688K(178176K)->162453K(182784K)
[6426.503s][info][gc,heap        ] GC(2231) ParOldGen: 1743963K(2169856K)->1853395K(2169856K)
[6426.503s][info][gc,metaspace   ] GC(2231) Metaspace: 29104K(29376K)->29104K(29376K) NonClass: 26000K(26112K)->26000K(26112K) Class: 3103K(3264K)->3103K(3264K)
[6426.503s][info][gc             ] GC(2231) Pause Young (Allocation Failure) 4239M->1968M(4671M) 97.395ms
[6426.503s][info][gc,cpu         ] GC(2231) User=0.57s Sys=0.00s Real=0.10s
.[6427.815s][info][gc,start       ] GC(2232) Pause Young (Allocation Failure)
[6427.915s][info][gc,heap        ] GC(2232) PSYoungGen: 2592917K(2613248K)->168433K(2611712K) Eden: 2430464K(2430464K)->0K(2432000K) From: 162453K(182784K)->168433K(179712K)
[6427.915s][info][gc,heap        ] GC(2232) ParOldGen: 1853395K(2169856K)->1955779K(2169856K)
[6427.915s][info][gc,metaspace   ] GC(2232) Metaspace: 29104K(29376K)->29104K(29376K) NonClass: 26000K(26112K)->26000K(26112K) Class: 3103K(3264K)->3103K(3264K)
[6427.915s][info][gc             ] GC(2232) Pause Young (Allocation Failure) 4342M->2074M(4669M) 99.355ms
[6427.915s][info][gc,cpu         ] GC(2232) User=0.58s Sys=0.00s Real=0.10s
..[6429.232s][info][gc,start       ] GC(2233) Pause Young (Allocation Failure)
[6429.325s][info][gc,heap        ] GC(2233) PSYoungGen: 2600433K(2611712K)->155492K(2613248K) Eden: 2432000K(2432000K)->0K(2432000K) From: 168433K(179712K)->155492K(181248K)
[6429.325s][info][gc,heap        ] GC(2233) ParOldGen: 1955779K(2169856K)->2063651K(2169856K)
[6429.325s][info][gc,metaspace   ] GC(2233) Metaspace: 29104K(29376K)->29104K(29376K) NonClass: 26000K(26112K)->26000K(26112K) Class: 3103K(3264K)->3103K(3264K)
[6429.325s][info][gc             ] GC(2233) Pause Young (Allocation Failure) 4449M->2167M(4671M) 92.462ms
[6429.325s][info][gc,cpu         ] GC(2233) User=0.55s Sys=0.00s Real=0.10s
.[6430.655s][info][gc,start       ] GC(2234) Pause Young (Allocation Failure)
[6430.758s][info][gc,heap        ] GC(2234) PSYoungGen: 2587492K(2613248K)->175956K(2608640K) Eden: 2432000K(2432000K)->0K(2427392K) From: 155492K(181248K)->175956K(181248K)
[6430.758s][info][gc,heap        ] GC(2234) ParOldGen: 2063651K(2169856K)->2165299K(2169856K)
[6430.758s][info][gc,metaspace   ] GC(2234) Metaspace: 29104K(29376K)->29104K(29376K) NonClass: 26000K(26112K)->26000K(26112K) Class: 3103K(3264K)->3103K(3264K)
[6430.758s][info][gc             ] GC(2234) Pause Young (Allocation Failure) 4542M->2286M(4666M) 103.332ms
[6430.759s][info][gc,cpu         ] GC(2234) User=0.61s Sys=0.00s Real=0.10s
.[6432.135s][info][gc,start       ] GC(2235) Pause Young (Allocation Failure)
[6432.235s][info][gc,heap        ] GC(2235) PSYoungGen: 2603348K(2608640K)->162976K(2611712K) Eden: 2427392K(2427392K)->0K(2427392K) From: 175956K(181248K)->162976K(184320K)
[6432.235s][info][gc,heap        ] GC(2235) ParOldGen: 2165299K(2169856K)->2270283K(2270720K)
[6432.235s][info][gc,metaspace   ] GC(2235) Metaspace: 29104K(29376K)->29104K(29376K) NonClass: 26000K(26112K)->26000K(26112K) Class: 3103K(3264K)->3103K(3264K)
[6432.235s][info][gc             ] GC(2235) Pause Young (Allocation Failure) 4656M->2376M(4768M) 100.301ms
[6432.235s][info][gc,cpu         ] GC(2235) User=0.56s Sys=0.03s Real=0.10s
..[6433.692s][info][gc,start       ] GC(2236) Pause Young (Allocation Failure)
[6433.790s][info][gc,heap        ] GC(2236) PSYoungGen: 2590368K(2611712K)->156288K(2609664K) Eden: 2427392K(2427392K)->0K(2429440K) From: 162976K(184320K)->156288K(180224K)
[6433.790s][info][gc,heap        ] GC(2236) ParOldGen: 2270283K(2270720K)->2373619K(2373632K)
[6433.790s][info][gc,metaspace   ] GC(2236) Metaspace: 29104K(29376K)->29104K(29376K) NonClass: 26000K(26112K)->26000K(26112K) Class: 3103K(3264K)->3103K(3264K)
[6433.790s][info][gc             ] GC(2236) Pause Young (Allocation Failure) 4746M->2470M(4866M) 98.336ms
[6433.790s][info][gc,cpu         ] GC(2236) User=0.54s Sys=0.04s Real=0.10s
.[6435.222s][info][gc,start       ] GC(2237) Pause Young (Allocation Failure)
[6435.317s][info][gc,heap        ] GC(2237) PSYoungGen: 2585728K(2609664K)->144768K(2611200K) Eden: 2429440K(2429440K)->0K(2429440K) From: 156288K(180224K)->144768K(181760K)
[6435.317s][info][gc,heap        ] GC(2237) ParOldGen: 2373619K(2373632K)->2481771K(2482176K)
[6435.317s][info][gc,metaspace   ] GC(2237) Metaspace: 29104K(29376K)->29104K(29376K) NonClass: 26000K(26112K)->26000K(26112K) Class: 3103K(3264K)->3103K(3264K)
[6435.317s][info][gc             ] GC(2237) Pause Young (Allocation Failure) 4843M->2564M(4974M) 94.631ms
[6435.317s][info][gc,cpu         ] GC(2237) User=0.51s Sys=0.05s Real=0.10s
..[6436.792s][info][gc,start       ] GC(2238) Pause Young (Allocation Failure)
[6436.891s][info][gc,heap        ] GC(2238) PSYoungGen: 2574208K(2611200K)->158000K(2612736K) Eden: 2429440K(2429440K)->0K(2430976K) From: 144768K(181760K)->158000K(181760K)
[6436.891s][info][gc,heap        ] GC(2238) ParOldGen: 2481771K(2482176K)->2585003K(2585088K)
[6436.891s][info][gc,metaspace   ] GC(2238) Metaspace: 29104K(29376K)->29104K(29376K) NonClass: 26000K(26112K)->26000K(26112K) Class: 3103K(3264K)->3103K(3264K)
[6436.891s][info][gc             ] GC(2238) Pause Young (Allocation Failure) 4937M->2678M(5076M) 98.590ms
[6436.891s][info][gc,cpu         ] GC(2238) User=0.55s Sys=0.02s Real=0.10s
..[6438.404s][info][gc,start       ] GC(2239) Pause Young (Allocation Failure)
[6438.502s][info][gc,heap        ] GC(2239) PSYoungGen: 2588976K(2612736K)->159892K(2591232K) Eden: 2430976K(2430976K)->0K(2430976K) From: 158000K(181760K)->159892K(160256K)
[6438.502s][info][gc,heap        ] GC(2239) ParOldGen: 2585003K(2585088K)->2686283K(2686464K)
[6438.502s][info][gc,metaspace   ] GC(2239) Metaspace: 29104K(29376K)->29104K(29376K) NonClass: 26000K(26112K)->26000K(26112K) Class: 3103K(3264K)->3103K(3264K)
[6438.502s][info][gc             ] GC(2239) Pause Young (Allocation Failure) 5052M->2779M(5154M) 97.562ms
[6438.502s][info][gc,cpu         ] GC(2239) User=0.55s Sys=0.03s Real=0.09s
.[6439.958s][info][gc,start       ] GC(2240) Pause Young (Allocation Failure)
[6440.060s][info][gc,heap        ] GC(2240) PSYoungGen: 2590868K(2591232K)->171824K(2610176K) Eden: 2430976K(2430976K)->0K(2430464K) From: 159892K(160256K)->171824K(179712K)
[6440.060s][info][gc,heap        ] GC(2240) ParOldGen: 2686283K(2686464K)->2790995K(2791424K)
[6440.060s][info][gc,metaspace   ] GC(2240) Metaspace: 29104K(29376K)->29104K(29376K) NonClass: 26000K(26112K)->26000K(26112K) Class: 3103K(3264K)->3103K(3264K)
[6440.060s][info][gc             ] GC(2240) Pause Young (Allocation Failure) 5153M->2893M(5275M) 102.042ms
[6440.060s][info][gc,cpu         ] GC(2240) User=0.57s Sys=0.03s Real=0.10s
..[6441.487s][info][gc,start       ] GC(2241) Pause Young (Allocation Failure)
[6441.582s][info][gc,heap        ] GC(2241) PSYoungGen: 2602288K(2610176K)->151168K(2612224K) Eden: 2430464K(2430464K)->0K(2430464K) From: 171824K(179712K)->151168K(181760K)
[6441.583s][info][gc,heap        ] GC(2241) ParOldGen: 2790995K(2791424K)->2898195K(2898432K)
[6441.583s][info][gc,metaspace   ] GC(2241) Metaspace: 29104K(29376K)->29104K(29376K) NonClass: 26000K(26112K)->26000K(26112K) Class: 3103K(3264K)->3103K(3264K)
[6441.583s][info][gc             ] GC(2241) Pause Young (Allocation Failure) 5266M->2977M(5381M) 95.541ms
[6441.583s][info][gc,cpu         ] GC(2241) User=0.53s Sys=0.02s Real=0.09s
.[6442.974s][info][gc,start       ] GC(2242) Pause Young (Allocation Failure)
[6443.071s][info][gc,heap        ] GC(2242) PSYoungGen: 2581632K(2612224K)->156032K(2612224K) Eden: 2430464K(2430464K)->0K(2432512K) From: 151168K(181760K)->156032K(179712K)
[6443.071s][info][gc,heap        ] GC(2242) ParOldGen: 2898195K(2898432K)->3003427K(3003904K)
[6443.071s][info][gc,metaspace   ] GC(2242) Metaspace: 29104K(29376K)->29104K(29376K) NonClass: 26000K(26112K)->26000K(26112K) Class: 3103K(3264K)->3103K(3264K)
[6443.071s][info][gc             ] GC(2242) Pause Young (Allocation Failure) 5351M->3085M(5484M) 97.364ms
[6443.071s][info][gc,cpu         ] GC(2242) User=0.54s Sys=0.03s Real=0.09s
..[6444.504s][info][gc,start       ] GC(2243) Pause Young (Allocation Failure)
[6444.608s][info][gc,heap        ] GC(2243) PSYoungGen: 2588544K(2612224K)->170208K(2613248K) Eden: 2432512K(2432512K)->0K(2432512K) From: 156032K(179712K)->170208K(180736K)
[6444.608s][info][gc,heap        ] GC(2243) ParOldGen: 3003427K(3003904K)->3102571K(3102720K)
[6444.608s][info][gc,metaspace   ] GC(2243) Metaspace: 29104K(29376K)->29104K(29376K) NonClass: 26000K(26112K)->26000K(26112K) Class: 3103K(3264K)->3103K(3264K)
[6444.608s][info][gc             ] GC(2243) Pause Young (Allocation Failure) 5460M->3196M(5582M) 103.680ms
[6444.608s][info][gc,cpu         ] GC(2243) User=0.58s Sys=0.03s Real=0.10s
.[6445.964s][info][gc,start       ] GC(2244) Pause Young (Allocation Failure)
[6446.066s][info][gc,heap        ] GC(2244) PSYoungGen: 2602720K(2613248K)->164112K(2614272K) Eden: 2432512K(2432512K)->0K(2432512K) From: 170208K(180736K)->164112K(181760K)
[6446.066s][info][gc,heap        ] GC(2244) ParOldGen: 3102571K(3102720K)->3210939K(3211264K)
[6446.066s][info][gc,metaspace   ] GC(2244) Metaspace: 29104K(29376K)->29104K(29376K) NonClass: 26000K(26112K)->26000K(26112K) Class: 3103K(3264K)->3103K(3264K)
[6446.066s][info][gc             ] GC(2244) Pause Young (Allocation Failure) 5571M->3295M(5689M) 101.526ms
[6446.066s][info][gc,cpu         ] GC(2244) User=0.56s Sys=0.04s Real=0.10s
..[6447.431s][info][gc,start       ] GC(2245) Pause Young (Allocation Failure)
[6447.531s][info][gc,heap        ] GC(2245) PSYoungGen: 2596624K(2614272K)->159956K(2592768K) Eden: 2432512K(2432512K)->0K(2432512K) From: 164112K(181760K)->159956K(160256K)
[6447.531s][info][gc,heap        ] GC(2245) ParOldGen: 3210939K(3211264K)->3313115K(3313152K)
[6447.531s][info][gc,metaspace   ] GC(2245) Metaspace: 29104K(29376K)->29104K(29376K) NonClass: 26000K(26112K)->26000K(26112K) Class: 3103K(3264K)->3103K(3264K)
[6447.531s][info][gc             ] GC(2245) Pause Young (Allocation Failure) 5671M->3391M(5767M) 100.060ms
[6447.531s][info][gc,cpu         ] GC(2245) User=0.56s Sys=0.03s Real=0.10s
.[6449.026s][info][gc,start       ] GC(2246) Pause Young (Allocation Failure)
[6449.133s][info][gc,heap        ] GC(2246) PSYoungGen: 2592468K(2592768K)->173313K(2610176K) Eden: 2432512K(2432512K)->0K(2430464K) From: 159956K(160256K)->173313K(179712K)
[6449.133s][info][gc,heap        ] GC(2246) ParOldGen: 3313115K(3313152K)->3418227K(3418624K)
[6449.133s][info][gc,metaspace   ] GC(2246) Metaspace: 29104K(29376K)->29104K(29376K) NonClass: 26000K(26112K)->26000K(26112K) Class: 3103K(3264K)->3103K(3264K)
[6449.133s][info][gc             ] GC(2246) Pause Young (Allocation Failure) 5767M->3507M(5887M) 107.610ms
[6449.133s][info][gc,cpu         ] GC(2246) User=0.60s Sys=0.04s Real=0.11s
..[6450.557s][info][gc,start       ] GC(2247) Pause Young (Allocation Failure)
[6450.660s][info][gc,heap        ] GC(2247) PSYoungGen: 2603777K(2610176K)->170720K(2612736K) Eden: 2430464K(2430464K)->0K(2430464K) From: 173313K(179712K)->170720K(182272K)
[6450.660s][info][gc,heap        ] GC(2247) ParOldGen: 3418227K(3418624K)->3520035K(3520512K)
[6450.660s][info][gc,metaspace   ] GC(2247) Metaspace: 29104K(29376K)->29104K(29376K) NonClass: 26000K(26112K)->26000K(26112K) Class: 3103K(3264K)->3103K(3264K)
[6450.660s][info][gc             ] GC(2247) Pause Young (Allocation Failure) 5880M->3604M(5989M) 103.060ms
[6450.661s][info][gc,cpu         ] GC(2247) User=0.57s Sys=0.04s Real=0.10s
.[6452.008s][info][gc,start       ] GC(2248) Pause Young (Allocation Failure)
[6452.109s][info][gc,heap        ] GC(2248) PSYoungGen: 2601184K(2612736K)->160992K(2611712K) Eden: 2430464K(2430464K)->0K(2430464K) From: 170720K(182272K)->160992K(181248K)
[6452.109s][info][gc,heap        ] GC(2248) ParOldGen: 3520035K(3520512K)->3630155K(3630592K)
[6452.109s][info][gc,metaspace   ] GC(2248) Metaspace: 29104K(29376K)->29104K(29376K) NonClass: 26000K(26112K)->26000K(26112K) Class: 3103K(3264K)->3103K(3264K)
[6452.109s][info][gc             ] GC(2248) Pause Young (Allocation Failure) 5977M->3702M(6096M) 100.677ms
[6452.109s][info][gc,cpu         ] GC(2248) User=0.56s Sys=0.03s Real=0.10s
..[6453.519s][info][gc,start       ] GC(2249) Pause Young (Allocation Failure)
[6453.620s][info][gc,heap        ] GC(2249) PSYoungGen: 2591456K(2611712K)->163972K(2612224K) Eden: 2430464K(2430464K)->0K(2430464K) From: 160992K(181248K)->163972K(181760K)
[6453.620s][info][gc,heap        ] GC(2249) ParOldGen: 3630155K(3630592K)->3731203K(3731456K)
[6453.620s][info][gc,metaspace   ] GC(2249) Metaspace: 29104K(29376K)->29104K(29376K) NonClass: 26000K(26112K)->26000K(26112K) Class: 3103K(3264K)->3103K(3264K)
[6453.620s][info][gc             ] GC(2249) Pause Young (Allocation Failure) 6075M->3803M(6195M) 100.829ms
[6453.620s][info][gc,cpu         ] GC(2249) User=0.56s Sys=0.03s Real=0.10s
.[6455.034s][info][gc,start       ] GC(2250) Pause Young (Allocation Failure)
[6455.139s][info][gc,heap        ] GC(2250) PSYoungGen: 2594413K(2612224K)->168808K(2612736K) Eden: 2430440K(2430464K)->0K(2432512K) From: 163972K(181760K)->168808K(180224K)
[6455.139s][info][gc,heap        ] GC(2250) ParOldGen: 3731203K(3731456K)->3837835K(3837952K)
[6455.139s][info][gc,metaspace   ] GC(2250) Metaspace: 29104K(29376K)->29104K(29376K) NonClass: 26000K(26112K)->26000K(26112K) Class: 3103K(3264K)->3103K(3264K)
[6455.139s][info][gc             ] GC(2250) Pause Young (Allocation Failure) 6177M->3912M(6299M) 105.637ms
[6455.139s][info][gc,cpu         ] GC(2250) User=0.59s Sys=0.03s Real=0.10s
.[6456.567s][info][gc,start       ] GC(2251) Pause Young (Allocation Failure)
[6456.668s][info][gc,heap        ] GC(2251) PSYoungGen: 2601320K(2612736K)->160784K(2613248K) Eden: 2432512K(2432512K)->0K(2432512K) From: 168808K(180224K)->160784K(180736K)
[6456.668s][info][gc,heap        ] GC(2251) ParOldGen: 3837835K(3837952K)->3939315K(3939328K)
[6456.668s][info][gc,metaspace   ] GC(2251) Metaspace: 29104K(29376K)->29104K(29376K) NonClass: 26000K(26112K)->26000K(26112K) Class: 3103K(3264K)->3103K(3264K)
[6456.668s][info][gc             ] GC(2251) Pause Young (Allocation Failure) 6288M->4004M(6399M) 100.328ms
[6456.668s][info][gc,cpu         ] GC(2251) User=0.54s Sys=0.04s Real=0.10s
..[6458.054s][info][gc,start       ] GC(2252) Pause Young (Allocation Failure)
[6458.162s][info][gc,heap        ] GC(2252) PSYoungGen: 2593296K(2613248K)->175704K(2610688K) Eden: 2432512K(2432512K)->0K(2431488K) From: 160784K(180736K)->175704K(179200K)
[6458.162s][info][gc,heap        ] GC(2252) ParOldGen: 3939315K(3939328K)->4043819K(4044288K)
[6458.162s][info][gc,metaspace   ] GC(2252) Metaspace: 29104K(29376K)->29104K(29376K) NonClass: 26000K(26112K)->26000K(26112K) Class: 3103K(3264K)->3103K(3264K)
[6458.162s][info][gc             ] GC(2252) Pause Young (Allocation Failure) 6379M->4120M(6499M) 107.958ms
[6458.162s][info][gc,cpu         ] GC(2252) User=0.60s Sys=0.03s Real=0.10s
.[6459.643s][info][gc,start       ] GC(2253) Pause Young (Allocation Failure)
[6459.750s][info][gc,heap        ] GC(2253) PSYoungGen: 2607192K(2610688K)->169669K(2613760K) Eden: 2431488K(2431488K)->0K(2431488K) From: 175704K(179200K)->169669K(182272K)
[6459.750s][info][gc,heap        ] GC(2253) ParOldGen: 4043819K(4044288K)->4146843K(4147200K)
[6459.750s][info][gc,metaspace   ] GC(2253) Metaspace: 29104K(29376K)->29104K(29376K) NonClass: 26000K(26112K)->26000K(26112K) Class: 3103K(3264K)->3103K(3264K)
[6459.750s][info][gc             ] GC(2253) Pause Young (Allocation Failure) 6495M->4215M(6602M) 106.957ms
[6459.750s][info][gc,cpu         ] GC(2253) User=0.61s Sys=0.03s Real=0.10s
..[6461.086s][info][gc,start       ] GC(2254) Pause Young (Allocation Failure)
[6461.191s][info][gc,heap        ] GC(2254) PSYoungGen: 2601157K(2613760K)->173152K(2610688K) Eden: 2431488K(2431488K)->0K(2428416K) From: 169669K(182272K)->173152K(182272K)
[6461.191s][info][gc,heap        ] GC(2254) ParOldGen: 4146843K(4147200K)->4250819K(4251136K)
[6461.191s][info][gc,metaspace   ] GC(2254) Metaspace: 29104K(29376K)->29104K(29376K) NonClass: 26000K(26112K)->26000K(26112K) Class: 3103K(3264K)->3103K(3264K)
[6461.191s][info][gc             ] GC(2254) Pause Young (Allocation Failure) 6589M->4320M(6701M) 104.970ms
[6461.191s][info][gc,cpu         ] GC(2254) User=0.59s Sys=0.03s Real=0.10s
.[6462.578s][info][gc,start       ] GC(2255) Pause Young (Allocation Failure)
[6462.679s][info][gc,heap        ] GC(2255) PSYoungGen: 2601568K(2610688K)->158848K(2612224K) Eden: 2428416K(2428416K)->0K(2428416K) From: 173152K(182272K)->158848K(183808K)
[6462.679s][info][gc,heap        ] GC(2255) ParOldGen: 4250819K(4251136K)->4360227K(4360704K)
[6462.679s][info][gc,metaspace   ] GC(2255) Metaspace: 29104K(29376K)->29104K(29376K) NonClass: 26000K(26112K)->26000K(26112K) Class: 3103K(3264K)->3103K(3264K)
[6462.679s][info][gc             ] GC(2255) Pause Young (Allocation Failure) 6691M->4413M(6809M) 100.988ms
[6462.679s][info][gc,cpu         ] GC(2255) User=0.56s Sys=0.04s Real=0.10s
..[6464.047s][info][gc,start       ] GC(2256) Pause Young (Allocation Failure)
[6464.153s][info][gc,heap        ] GC(2256) PSYoungGen: 2587264K(2612224K)->168808K(2610688K) Eden: 2428416K(2428416K)->0K(2428928K) From: 158848K(183808K)->168808K(181760K)
[6464.153s][info][gc,heap        ] GC(2256) ParOldGen: 4360227K(4360704K)->4465027K(4465152K)
[6464.153s][info][gc,metaspace   ] GC(2256) Metaspace: 29104K(29376K)->29104K(29376K) NonClass: 26000K(26112K)->26000K(26112K) Class: 3103K(3264K)->3103K(3264K)
[6464.153s][info][gc             ] GC(2256) Pause Young (Allocation Failure) 6784M->4525M(6910M) 105.334ms
[6464.153s][info][gc,cpu         ] GC(2256) User=0.59s Sys=0.03s Real=0.10s
.[6465.444s][info][gc,start       ] GC(2257) Pause Young (Allocation Failure)
[6465.544s][info][gc,heap        ] GC(2257) PSYoungGen: 2597736K(2610688K)->160416K(2611712K) Eden: 2428928K(2428928K)->0K(2428928K) From: 168808K(181760K)->160416K(182784K)
[6465.544s][info][gc,heap        ] GC(2257) ParOldGen: 4465027K(4465152K)->4566835K(4567040K)
[6465.544s][info][gc,metaspace   ] GC(2257) Metaspace: 29104K(29376K)->29104K(29376K) NonClass: 26000K(26112K)->26000K(26112K) Class: 3103K(3264K)->3103K(3264K)
[6465.544s][info][gc             ] GC(2257) Pause Young (Allocation Failure) 6897M->4616M(7010M) 100.053ms
[6465.544s][info][gc,cpu         ] GC(2257) User=0.55s Sys=0.04s Real=0.10s
..[6467.047s][info][gc,start       ] GC(2258) Pause Young (Allocation Failure)
[6467.154s][info][gc,heap        ] GC(2258) PSYoungGen: 2589344K(2611712K)->169044K(2613248K) Eden: 2428928K(2428928K)->0K(2431488K) From: 160416K(182784K)->169044K(181760K)
[6467.154s][info][gc,heap        ] GC(2258) ParOldGen: 4566835K(4567040K)->4672411K(4672512K)
[6467.154s][info][gc,metaspace   ] GC(2258) Metaspace: 29104K(29376K)->29104K(29376K) NonClass: 26000K(26112K)->26000K(26112K) Class: 3103K(3264K)->3103K(3264K)
[6467.154s][info][gc             ] GC(2258) Pause Young (Allocation Failure) 6988M->4727M(7115M) 106.832ms
[6467.154s][info][gc,cpu         ] GC(2258) User=0.60s Sys=0.03s Real=0.11s
.[6468.585s][info][gc,start       ] GC(2259) Pause Young (Allocation Failure)
[6468.686s][info][gc,heap        ] GC(2259) PSYoungGen: 2600532K(2613248K)->155552K(2613248K) Eden: 2431488K(2431488K)->0K(2431488K) From: 169044K(181760K)->155552K(181760K)
[6468.686s][info][gc,heap        ] GC(2259) ParOldGen: 4672411K(4672512K)->4776603K(4776960K)
[6468.686s][info][gc,metaspace   ] GC(2259) Metaspace: 29104K(29376K)->29104K(29376K) NonClass: 26000K(26112K)->26000K(26112K) Class: 3103K(3264K)->3103K(3264K)
[6468.686s][info][gc             ] GC(2259) Pause Young (Allocation Failure) 7102M->4816M(7217M) 100.762ms
[6468.686s][info][gc,cpu         ] GC(2259) User=0.56s Sys=0.03s Real=0.10s
..[6470.143s][info][gc,start       ] GC(2260) Pause Young (Allocation Failure)
[6470.250s][info][gc,heap        ] GC(2260) PSYoungGen: 2587040K(2613248K)->176005K(2609152K) Eden: 2431488K(2431488K)->0K(2427392K) From: 155552K(181760K)->176005K(181760K)
[6470.250s][info][gc,heap        ] GC(2260) ParOldGen: 4776603K(4776960K)->4878043K(4878336K)
[6470.250s][info][gc,metaspace   ] GC(2260) Metaspace: 29104K(29376K)->29104K(29376K) NonClass: 26000K(26112K)->26000K(26112K) Class: 3103K(3264K)->3103K(3264K)
[6470.250s][info][gc             ] GC(2260) Pause Young (Allocation Failure) 7191M->4935M(7312M) 107.287ms
[6470.250s][info][gc,cpu         ] GC(2260) User=0.59s Sys=0.04s Real=0.11s
.[6471.710s][info][gc,start       ] GC(2261) Pause Young (Allocation Failure)
[6471.810s][info][gc,heap        ] GC(2261) PSYoungGen: 2603397K(2609152K)->153696K(2611712K) Eden: 2427392K(2427392K)->0K(2427392K) From: 176005K(181760K)->153696K(184320K)
[6471.810s][info][gc,heap        ] GC(2261) ParOldGen: 4878043K(4878336K)->4986043K(4986368K)
[6471.810s][info][gc,metaspace   ] GC(2261) Metaspace: 29104K(29376K)->29104K(29376K) NonClass: 26000K(26112K)->26000K(26112K) Class: 3103K(3264K)->3103K(3264K)
[6471.810s][info][gc             ] GC(2261) Pause Young (Allocation Failure) 7306M->5019M(7420M) 100.059ms
[6471.810s][info][gc,cpu         ] GC(2261) User=0.56s Sys=0.03s Real=0.10s
..[6473.221s][info][gc,start       ] GC(2262) Pause Young (Allocation Failure)
[6473.321s][info][gc,heap        ] GC(2262) PSYoungGen: 2581088K(2611712K)->157630K(2610688K) Eden: 2427392K(2427392K)->0K(2427392K) From: 153696K(184320K)->157630K(183296K)
[6473.321s][info][gc,heap        ] GC(2262) ParOldGen: 4986043K(4986368K)->5089627K(5089792K)
[6473.321s][info][gc,metaspace   ] GC(2262) Metaspace: 29104K(29376K)->29104K(29376K) NonClass: 26000K(26112K)->26000K(26112K) Class: 3103K(3264K)->3103K(3264K)
[6473.321s][info][gc             ] GC(2262) Pause Young (Allocation Failure) 7389M->5124M(7520M) 100.095ms
[6473.321s][info][gc,cpu         ] GC(2262) User=0.55s Sys=0.04s Real=0.10s
.[6474.806s][info][gc,start       ] GC(2263) Pause Young (Allocation Failure)
[6474.910s][info][gc,heap        ] GC(2263) PSYoungGen: 2585022K(2610688K)->161728K(2611200K) Eden: 2427392K(2427392K)->0K(2427392K) From: 157630K(183296K)->161728K(183808K)
[6474.910s][info][gc,heap        ] GC(2263) ParOldGen: 5089627K(5089792K)->5192579K(5192704K)
[6474.910s][info][gc,metaspace   ] GC(2263) Metaspace: 29104K(29376K)->29104K(29376K) NonClass: 26000K(26112K)->26000K(26112K) Class: 3103K(3264K)->3103K(3264K)
[6474.910s][info][gc             ] GC(2263) Pause Young (Allocation Failure) 7494M->5228M(7621M) 103.821ms
[6474.910s][info][gc,cpu         ] GC(2263) User=0.57s Sys=0.04s Real=0.10s
..[6476.383s][info][gc,start       ] GC(2264) Pause Young (Allocation Failure)
[6476.484s][info][gc,heap        ] GC(2264) PSYoungGen: 2589120K(2611200K)->155716K(2611712K) Eden: 2427392K(2427392K)->0K(2429440K) From: 161728K(183808K)->155716K(182272K)
[6476.484s][info][gc,heap        ] GC(2264) ParOldGen: 5192579K(5192704K)->5296779K(5297152K)
[6476.484s][info][gc,metaspace   ] GC(2264) Metaspace: 29104K(29376K)->29104K(29376K) NonClass: 26000K(26112K)->26000K(26112K) Class: 3103K(3264K)->3103K(3264K)
[6476.484s][info][gc             ] GC(2264) Pause Young (Allocation Failure) 7599M->5324M(7723M) 100.900ms
[6476.484s][info][gc,cpu         ] GC(2264) User=0.56s Sys=0.03s Real=0.10s
.[6477.824s][info][gc,start       ] GC(2265) Pause Young (Allocation Failure)
[6477.927s][info][gc,heap        ] GC(2265) PSYoungGen: 2585156K(2611712K)->165573K(2611200K) Eden: 2429440K(2429440K)->0K(2429440K) From: 155716K(182272K)->165573K(181760K)
[6477.927s][info][gc,heap        ] GC(2265) ParOldGen: 5296779K(5297152K)->5399211K(5399552K)
[6477.927s][info][gc,metaspace   ] GC(2265) Metaspace: 29104K(29376K)->29104K(29376K) NonClass: 26000K(26112K)->26000K(26112K) Class: 3103K(3264K)->3103K(3264K)
[6477.927s][info][gc             ] GC(2265) Pause Young (Allocation Failure) 7697M->5434M(7823M) 103.439ms
[6477.927s][info][gc,cpu         ] GC(2265) User=0.57s Sys=0.04s Real=0.10s
..[6479.350s][info][gc,start       ] GC(2266) Pause Young (Allocation Failure)
[6479.449s][info][gc,heap        ] GC(2266) PSYoungGen: 2595013K(2611200K)->153653K(2612736K) Eden: 2429440K(2429440K)->0K(2432000K) From: 165573K(181760K)->153653K(180736K)
[6479.449s][info][gc,heap        ] GC(2266) ParOldGen: 5399211K(5399552K)->5504083K(5504512K)
[6479.449s][info][gc,metaspace   ] GC(2266) Metaspace: 29104K(29376K)->29104K(29376K) NonClass: 26000K(26112K)->26000K(26112K) Class: 3103K(3264K)->3103K(3264K)
[6479.449s][info][gc             ] GC(2266) Pause Young (Allocation Failure) 7806M->5525M(7927M) 99.384ms
[6479.449s][info][gc,cpu         ] GC(2266) User=0.56s Sys=0.03s Real=0.10s
. (rIR:aIR:PR = 11208:11266:11266) (tPR = 167793) [OK] 
  6480s: Performance info:
         Transaction,    Success,    Partial,     Failed,   Receipts, AvgBarcode, 
             Overall,     685121,          0,          0,     651165,      59.47, 
         Response times:
             Request,    Success,    Partial,     Failed,   SkipFail,     Probes,    Samples,      min,      p50,      p90,      p95,      p99,      max, 
       TotalPurchase,     651162,          0,          0,          0,     320607,     419242,      200,    22000,   231000,   418000,   650000,  1200000,
     InStorePurchase,     341729,          0,          0,          0,     167459,     220389,      200,    23000,   236000,   417000,   650000,  1200000,
      OnlinePurchase,     241826,          0,          0,          0,     118583,     154535,      300,    22000,   230000,   422000,   650000,  1200000,
        InstPurchase,      67607,          0,          0,          0,      34565,      44318,      400,    22000,   228000,   396000,   690000,  1100000,
          AssocOfCat,        685,          0,          0,          0,        519,        723,    27000,    61000,   245400,   437000,   670000,   810000,
      AssocOfProduct,       6777,          0,          0,          0,       3793,       5022,      600,    25000,   246000,   422000,   620000,  1200000,
      BusinessReport,       1704,          0,          0,          0,       1442,       1956,    31000,    77000,   283600,   450600,   670000,  1200000,
          CustBuyBeh,       6884,          0,          0,          0,       3805,       5012,      300,    22000,   213000,   338000,   597000,   930000,
       ProductReturn,      17904,          0,          0,          0,       9720,      12241,      200,    17900,   268000,   393000,   710000,   760000,

  6480s: (82%)   IR =  11346 [6480.925s][info][gc,start       ] GC(2267) Pause Full (Allocation Failure)
[6480.925s][info][gc,phases,start] GC(2267) Marking Phase
[6481.250s][info][gc,phases      ] GC(2267) Marking Phase 324.625ms
[6481.250s][info][gc,phases,start] GC(2267) Summary Phase
[6481.250s][info][gc,phases      ] GC(2267) Summary Phase 0.120ms
[6481.250s][info][gc,phases,start] GC(2267) Forward
[6481.374s][info][gc,phases      ] GC(2267) Forward 124.430ms
[6481.374s][info][gc,phases,start] GC(2267) Adjust Pointers
[6481.593s][info][gc,phases      ] GC(2267) Adjust Pointers 218.504ms
[6481.593s][info][gc,phases,start] GC(2267) Compaction Phase
[6481.745s][info][gc,phases      ] GC(2267) Compaction Phase 151.885ms
[6481.747s][info][gc,phases,start] GC(2267) Post Compact
[6481.753s][info][gc,phases      ] GC(2267) Post Compact 6.866ms
[6481.874s][info][gc,heap        ] GC(2267) PSYoungGen: 2585653K(2612736K)->0K(2612736K) Eden: 2432000K(2432000K)->0K(2432000K) From: 153653K(180736K)->0K(180736K)
[6481.874s][info][gc,heap        ] GC(2267) ParOldGen: 5504083K(5504512K)->1633416K(2183680K)
[6481.874s][info][gc,metaspace   ] GC(2267) Metaspace: 29104K(29376K)->29104K(29376K) NonClass: 26000K(26112K)->26000K(26112K) Class: 3103K(3264K)->3103K(3264K)
[6481.874s][info][gc             ] GC(2267) Pause Full (Allocation Failure) 7900M->1595M(4684M) 948.586ms
[6481.874s][info][gc,cpu         ] GC(2267) User=4.52s Sys=0.12s Real=0.95s
..[6483.085s][info][gc,start       ] GC(2268) Pause Young (Allocation Failure)
[6483.156s][info][gc,heap        ] GC(2268) PSYoungGen: 2432000K(2612736K)->177456K(2608128K) Eden: 2432000K(2432000K)->0K(2427392K) From: 0K(180736K)->177456K(180736K)
[6483.156s][info][gc,heap        ] GC(2268) ParOldGen: 1633416K(2183680K)->1633416K(2183680K)
[6483.156s][info][gc,metaspace   ] GC(2268) Metaspace: 29104K(29376K)->29104K(29376K) NonClass: 26000K(26112K)->26000K(26112K) Class: 3103K(3264K)->3103K(3264K)
[6483.156s][info][gc             ] GC(2268) Pause Young (Allocation Failure) 3970M->1768M(4679M) 71.441ms
[6483.156s][info][gc,cpu         ] GC(2268) User=0.42s Sys=0.00s Real=0.07s
.[6484.502s][info][gc,start       ] GC(2269) Pause Young (Allocation Failure)
[6484.650s][info][gc,heap        ] GC(2269) PSYoungGen: 2604848K(2608128K)->163514K(2611712K) Eden: 2427392K(2427392K)->0K(2427392K) From: 177456K(180736K)->163514K(184320K)
[6484.650s][info][gc,heap        ] GC(2269) ParOldGen: 1633416K(2183680K)->1744896K(2183680K)
[6484.650s][info][gc,metaspace   ] GC(2269) Metaspace: 29104K(29376K)->29104K(29376K) NonClass: 26000K(26112K)->26000K(26112K) Class: 3103K(3264K)->3103K(3264K)
[6484.650s][info][gc             ] GC(2269) Pause Young (Allocation Failure) 4138M->1863M(4683M) 148.457ms
[6484.650s][info][gc,cpu         ] GC(2269) User=0.60s Sys=0.00s Real=0.15s
.[6485.907s][info][gc,start       ] GC(2270) Pause Young (Allocation Failure)
[6486.001s][info][gc,heap        ] GC(2270) PSYoungGen: 2590906K(2611712K)->164004K(2607104K) Eden: 2427392K(2427392K)->0K(2429440K) From: 163514K(184320K)->164004K(177664K)
[6486.001s][info][gc,heap        ] GC(2270) ParOldGen: 1744896K(2183680K)->1844128K(2183680K)
[6486.001s][info][gc,metaspace   ] GC(2270) Metaspace: 29104K(29376K)->29104K(29376K) NonClass: 26000K(26112K)->26000K(26112K) Class: 3103K(3264K)->3103K(3264K)
[6486.001s][info][gc             ] GC(2270) Pause Young (Allocation Failure) 4234M->1961M(4678M) 94.206ms
[6486.001s][info][gc,cpu         ] GC(2270) User=0.56s Sys=0.00s Real=0.09s
.[6487.221s][info][gc,start       ] GC(2271) Pause Young (Allocation Failure)
[6487.317s][info][gc,heap        ] GC(2271) PSYoungGen: 2593444K(2607104K)->160640K(2610176K) Eden: 2429440K(2429440K)->0K(2429440K) From: 164004K(177664K)->160640K(180736K)
[6487.317s][info][gc,heap        ] GC(2271) ParOldGen: 1844128K(2183680K)->1948608K(2183680K)
[6487.317s][info][gc,metaspace   ] GC(2271) Metaspace: 29104K(29376K)->29104K(29376K) NonClass: 26000K(26112K)->26000K(26112K) Class: 3103K(3264K)->3103K(3264K)
[6487.317s][info][gc             ] GC(2271) Pause Young (Allocation Failure) 4333M->2059M(4681M) 96.593ms
[6487.317s][info][gc,cpu         ] GC(2271) User=0.57s Sys=0.00s Real=0.10s
..[6488.672s][info][gc,start       ] GC(2272) Pause Young (Allocation Failure)
[6488.768s][info][gc,heap        ] GC(2272) PSYoungGen: 2590080K(2610176K)->161632K(2611200K) Eden: 2429440K(2429440K)->0K(2435584K) From: 160640K(180736K)->161632K(175616K)
[6488.768s][info][gc,heap        ] GC(2272) ParOldGen: 1948608K(2183680K)->2056392K(2183680K)
[6488.768s][info][gc,metaspace   ] GC(2272) Metaspace: 29104K(29376K)->29104K(29376K) NonClass: 26000K(26112K)->26000K(26112K) Class: 3103K(3264K)->3103K(3264K)
[6488.768s][info][gc             ] GC(2272) Pause Young (Allocation Failure) 4432M->2166M(4682M) 96.061ms
[6488.768s][info][gc,cpu         ] GC(2272) User=0.57s Sys=0.00s Real=0.10s
.[6490.114s][info][gc,start       ] GC(2273) Pause Young (Allocation Failure)
[6490.210s][info][gc,heap        ] GC(2273) PSYoungGen: 2597216K(2611200K)->167888K(2613760K) Eden: 2435584K(2435584K)->0K(2435584K) From: 161632K(175616K)->167888K(178176K)
[6490.210s][info][gc,heap        ] GC(2273) ParOldGen: 2056392K(2183680K)->2160440K(2183680K)
[6490.210s][info][gc,metaspace   ] GC(2273) Metaspace: 29104K(29376K)->29104K(29376K) NonClass: 26000K(26112K)->26000K(26112K) Class: 3103K(3264K)->3103K(3264K)
[6490.210s][info][gc             ] GC(2273) Pause Young (Allocation Failure) 4544M->2273M(4685M) 96.233ms
[6490.210s][info][gc,cpu         ] GC(2273) User=0.57s Sys=0.00s Real=0.09s
.[6491.521s][info][gc,start       ] GC(2274) Pause Young (Allocation Failure)
[6491.670s][info][gc,heap        ] GC(2274) PSYoungGen: 2603472K(2613760K)->168656K(2617344K) Eden: 2435584K(2435584K)->0K(2438656K) From: 167888K(178176K)->168656K(178688K)
[6491.670s][info][gc,heap        ] GC(2274) ParOldGen: 2160440K(2183680K)->2263040K(2263552K)
[6491.670s][info][gc,metaspace   ] GC(2274) Metaspace: 29104K(29376K)->29104K(29376K) NonClass: 26000K(26112K)->26000K(26112K) Class: 3103K(3264K)->3103K(3264K)
[6491.670s][info][gc             ] GC(2274) Pause Young (Allocation Failure) 4652M->2374M(4766M) 149.239ms
[6491.670s][info][gc,cpu         ] GC(2274) User=0.58s Sys=0.03s Real=0.15s
..[6493.032s][info][gc,start       ] GC(2275) Pause Young (Allocation Failure)
[6493.139s][info][gc,heap        ] GC(2275) PSYoungGen: 2607312K(2617344K)->178656K(2617344K) Eden: 2438656K(2438656K)->0K(2438656K) From: 168656K(178688K)->178656K(178688K)
[6493.139s][info][gc,heap        ] GC(2275) ParOldGen: 2263040K(2263552K)->2365608K(2365952K)
[6493.139s][info][gc,metaspace   ] GC(2275) Metaspace: 29104K(29376K)->29104K(29376K) NonClass: 26000K(26112K)->26000K(26112K) Class: 3103K(3264K)->3103K(3264K)
[6493.139s][info][gc             ] GC(2275) Pause Young (Allocation Failure) 4756M->2484M(4866M) 107.528ms
[6493.140s][info][gc,cpu         ] GC(2275) User=0.60s Sys=0.03s Real=0.11s
.[6494.497s][info][gc,start       ] GC(2276) Pause Young (Allocation Failure)
[6494.597s][info][gc,heap        ] GC(2276) PSYoungGen: 2617312K(2617344K)->159824K(2536448K) Eden: 2438656K(2438656K)->0K(2357760K) From: 178656K(178688K)->159824K(178688K)
[6494.597s][info][gc,heap        ] GC(2276) ParOldGen: 2365608K(2365952K)->2473736K(2473984K)
[6494.597s][info][gc,metaspace   ] GC(2276) Metaspace: 29104K(29376K)->29104K(29376K) NonClass: 26000K(26112K)->26000K(26112K) Class: 3103K(3264K)->3103K(3264K)
[6494.597s][info][gc             ] GC(2276) Pause Young (Allocation Failure) 4866M->2571M(4893M) 99.653ms
[6494.597s][info][gc,cpu         ] GC(2276) User=0.55s Sys=0.04s Real=0.10s
..[6495.989s][info][gc,start       ] GC(2277) Pause Young (Allocation Failure)
[6496.086s][info][gc,heap        ] GC(2277) PSYoungGen: 2517584K(2536448K)->158560K(2576896K) Eden: 2357760K(2357760K)->0K(2357760K) From: 159824K(178688K)->158560K(219136K)
[6496.086s][info][gc,heap        ] GC(2277) ParOldGen: 2473736K(2473984K)->2578416K(2578432K)
[6496.086s][info][gc,metaspace   ] GC(2277) Metaspace: 29104K(29376K)->29104K(29376K) NonClass: 26000K(26112K)->26000K(26112K) Class: 3103K(3264K)->3103K(3264K)
[6496.086s][info][gc             ] GC(2277) Pause Young (Allocation Failure) 4874M->2672M(5034M) 97.061ms
[6496.086s][info][gc,cpu         ] GC(2277) User=0.55s Sys=0.02s Real=0.10s
.[6497.401s][info][gc,start       ] GC(2278) Pause Young (Allocation Failure)
[6497.495s][info][gc,heap        ] GC(2278) PSYoungGen: 2516320K(2576896K)->149056K(2574848K) Eden: 2357760K(2357760K)->0K(2359808K) From: 158560K(219136K)->149056K(215040K)
[6497.495s][info][gc,heap        ] GC(2278) ParOldGen: 2578416K(2578432K)->2682888K(2683392K)
[6497.495s][info][gc,metaspace   ] GC(2278) Metaspace: 29104K(29376K)->29104K(29376K) NonClass: 26000K(26112K)->26000K(26112K) Class: 3103K(3264K)->3103K(3264K)
[6497.495s][info][gc             ] GC(2278) Pause Young (Allocation Failure) 4975M->2765M(5135M) 93.897ms
[6497.495s][info][gc,cpu         ] GC(2278) User=0.52s Sys=0.04s Real=0.10s
..[6498.915s][info][gc,start       ] GC(2279) Pause Young (Allocation Failure)
[6499.012s][info][gc,heap        ] GC(2279) PSYoungGen: 2508864K(2574848K)->158144K(2576896K) Eden: 2359808K(2359808K)->0K(2359808K) From: 149056K(215040K)->158144K(217088K)
[6499.012s][info][gc,heap        ] GC(2279) ParOldGen: 2682888K(2683392K)->2784024K(2784256K)
[6499.012s][info][gc,metaspace   ] GC(2279) Metaspace: 29104K(29376K)->29104K(29376K) NonClass: 26000K(26112K)->26000K(26112K) Class: 3103K(3264K)->3103K(3264K)
[6499.012s][info][gc             ] GC(2279) Pause Young (Allocation Failure) 5070M->2873M(5235M) 97.133ms
[6499.012s][info][gc,cpu         ] GC(2279) User=0.55s Sys=0.03s Real=0.09s
.[6500.417s][info][gc,start       ] GC(2280) Pause Young (Allocation Failure)
[6500.516s][info][gc,heap        ] GC(2280) PSYoungGen: 2517952K(2576896K)->162137K(2572288K) Eden: 2359808K(2359808K)->0K(2364416K) From: 158144K(217088K)->162137K(207872K)
[6500.516s][info][gc,heap        ] GC(2280) ParOldGen: 2784024K(2784256K)->2886080K(2886144K)
[6500.516s][info][gc,metaspace   ] GC(2280) Metaspace: 29104K(29376K)->29104K(29376K) NonClass: 26000K(26112K)->26000K(26112K) Class: 3103K(3264K)->3103K(3264K)
[6500.516s][info][gc             ] GC(2280) Pause Young (Allocation Failure) 5177M->2976M(5330M) 99.773ms
[6500.516s][info][gc,cpu         ] GC(2280) User=0.55s Sys=0.03s Real=0.10s
.[6501.851s][info][gc,start       ] GC(2281) Pause Young (Allocation Failure)
[6501.952s][info][gc,heap        ] GC(2281) PSYoungGen: 2526553K(2572288K)->164896K(2575360K) Eden: 2364416K(2364416K)->0K(2364416K) From: 162137K(207872K)->164896K(210944K)
[6501.952s][info][gc,heap        ] GC(2281) ParOldGen: 2886080K(2886144K)->2990776K(2991104K)
[6501.952s][info][gc,metaspace   ] GC(2281) Metaspace: 29104K(29376K)->29104K(29376K) NonClass: 26000K(26112K)->26000K(26112K) Class: 3103K(3264K)->3103K(3264K)
[6501.952s][info][gc             ] GC(2281) Pause Young (Allocation Failure) 5285M->3081M(5436M) 101.090ms
[6501.952s][info][gc,cpu         ] GC(2281) User=0.57s Sys=0.03s Real=0.10s
..[6503.410s][info][gc,start       ] GC(2282) Pause Young (Allocation Failure)
[6503.506s][info][gc,heap        ] GC(2282) PSYoungGen: 2529312K(2575360K)->154288K(2582528K) Eden: 2364416K(2364416K)->0K(2377728K) From: 164896K(210944K)->154288K(204800K)
[6503.506s][info][gc,heap        ] GC(2282) ParOldGen: 2990776K(2991104K)->3093632K(3094016K)
[6503.506s][info][gc,metaspace   ] GC(2282) Metaspace: 29104K(29376K)->29104K(29376K) NonClass: 26000K(26112K)->26000K(26112K) Class: 3103K(3264K)->3103K(3264K)
[6503.506s][info][gc             ] GC(2282) Pause Young (Allocation Failure) 5390M->3171M(5543M) 96.366ms
[6503.506s][info][gc,cpu         ] GC(2282) User=0.54s Sys=0.02s Real=0.10s
.[6504.885s][info][gc,start       ] GC(2283) Pause Young (Allocation Failure)
[6504.986s][info][gc,heap        ] GC(2283) PSYoungGen: 2532016K(2582528K)->164025K(2583552K) Eden: 2377728K(2377728K)->0K(2377728K) From: 154288K(204800K)->164025K(205824K)
[6504.986s][info][gc,heap        ] GC(2283) ParOldGen: 3093632K(3094016K)->3197208K(3197440K)
[6504.986s][info][gc,metaspace   ] GC(2283) Metaspace: 29104K(29376K)->29104K(29376K) NonClass: 26000K(26112K)->26000K(26112K) Class: 3103K(3264K)->3103K(3264K)
[6504.986s][info][gc             ] GC(2283) Pause Young (Allocation Failure) 5493M->3282M(5645M) 101.648ms
[6504.986s][info][gc,cpu         ] GC(2283) User=0.56s Sys=0.04s Real=0.10s
..[6506.360s][info][gc,start       ] GC(2284) Pause Young (Allocation Failure)
[6506.455s][info][gc,heap        ] GC(2284) PSYoungGen: 2541753K(2583552K)->143572K(2587136K) Eden: 2377728K(2377728K)->0K(2384896K) From: 164025K(205824K)->143572K(202240K)
[6506.455s][info][gc,heap        ] GC(2284) ParOldGen: 3197208K(3197440K)->3300104K(3300352K)
[6506.455s][info][gc,metaspace   ] GC(2284) Metaspace: 29104K(29376K)->29104K(29376K) NonClass: 26000K(26112K)->26000K(26112K) Class: 3103K(3264K)->3103K(3264K)
[6506.455s][info][gc             ] GC(2284) Pause Young (Allocation Failure) 5604M->3362M(5749M) 95.087ms
[6506.455s][info][gc,cpu         ] GC(2284) User=0.53s Sys=0.02s Real=0.10s
.[6507.886s][info][gc,start       ] GC(2285) Pause Young (Allocation Failure)
[6507.994s][info][gc,heap        ] GC(2285) PSYoungGen: 2528468K(2587136K)->178165K(2587648K) Eden: 2384896K(2384896K)->0K(2384896K) From: 143572K(202240K)->178165K(202752K)
[6507.994s][info][gc,heap        ] GC(2285) ParOldGen: 3300104K(3300352K)->3400088K(3400192K)
[6507.994s][info][gc,metaspace   ] GC(2285) Metaspace: 29104K(29376K)->29104K(29376K) NonClass: 26000K(26112K)->26000K(26112K) Class: 3103K(3264K)->3103K(3264K)
[6507.994s][info][gc             ] GC(2285) Pause Young (Allocation Failure) 5691M->3494M(5847M) 107.170ms
[6507.994s][info][gc,cpu         ] GC(2285) User=0.59s Sys=0.03s Real=0.11s
..[6509.322s][info][gc,start       ] GC(2286) Pause Young (Allocation Failure)
[6509.417s][info][gc,heap        ] GC(2286) PSYoungGen: 2563061K(2587648K)->147776K(2592256K) Eden: 2384896K(2384896K)->0K(2388480K) From: 178165K(202752K)->147776K(203776K)
[6509.417s][info][gc,heap        ] GC(2286) ParOldGen: 3400088K(3400192K)->3506616K(3506688K)
[6509.417s][info][gc,metaspace   ] GC(2286) Metaspace: 29104K(29376K)->29104K(29376K) NonClass: 26000K(26112K)->26000K(26112K) Class: 3103K(3264K)->3103K(3264K)
[6509.417s][info][gc             ] GC(2286) Pause Young (Allocation Failure) 5823M->3568M(5956M) 95.115ms
[6509.417s][info][gc,cpu         ] GC(2286) User=0.51s Sys=0.04s Real=0.10s
.|[6510.803s][info][gc,start       ] GC(2287) Pause Young (Allocation Failure)
[6510.903s][info][gc,heap        ] GC(2287) PSYoungGen: 2536256K(2592256K)->166240K(2554880K) Eden: 2388480K(2388480K)->0K(2388480K) From: 147776K(203776K)->166240K(166400K)
[6510.903s][info][gc,heap        ] GC(2287) ParOldGen: 3506616K(3506688K)->3604928K(3604992K)
[6510.903s][info][gc,metaspace   ] GC(2287) Metaspace: 29104K(29376K)->29104K(29376K) NonClass: 26000K(26112K)->26000K(26112K) Class: 3103K(3264K)->3103K(3264K)
[6510.903s][info][gc             ] GC(2287) Pause Young (Allocation Failure) 5901M->3682M(6015M) 99.958ms
[6510.903s][info][gc,cpu         ] GC(2287) User=0.56s Sys=0.03s Real=0.10s
..[6512.294s][info][gc,start       ] GC(2288) Pause Young (Allocation Failure)
[6512.392s][info][gc,heap        ] GC(2288) PSYoungGen: 2554720K(2554880K)->151904K(2590720K) Eden: 2388480K(2388480K)->0K(2390528K) From: 166240K(166400K)->151904K(200192K)
[6512.392s][info][gc,heap        ] GC(2288) ParOldGen: 3604928K(3604992K)->3712136K(3712512K)
[6512.392s][info][gc,metaspace   ] GC(2288) Metaspace: 29104K(29376K)->29104K(29376K) NonClass: 26000K(26112K)->26000K(26112K) Class: 3103K(3264K)->3103K(3264K)
[6512.392s][info][gc             ] GC(2288) Pause Young (Allocation Failure) 6015M->3773M(6155M) 98.564ms
[6512.392s][info][gc,cpu         ] GC(2288) User=0.55s Sys=0.03s Real=0.09s
.[6513.733s][info][gc,start       ] GC(2289) Pause Young (Allocation Failure)
[6513.833s][info][gc,heap        ] GC(2289) PSYoungGen: 2542432K(2590720K)->159200K(2589184K) Eden: 2390528K(2390528K)->0K(2390528K) From: 151904K(200192K)->159200K(198656K)
[6513.833s][info][gc,heap        ] GC(2289) ParOldGen: 3712136K(3712512K)->3813760K(3813888K)
[6513.833s][info][gc,metaspace   ] GC(2289) Metaspace: 29104K(29376K)->29104K(29376K) NonClass: 26000K(26112K)->26000K(26112K) Class: 3103K(3264K)->3103K(3264K)
[6513.833s][info][gc             ] GC(2289) Pause Young (Allocation Failure) 6107M->3879M(6253M) 99.632ms
[6513.833s][info][gc,cpu         ] GC(2289) User=0.56s Sys=0.02s Real=0.09s
..[6515.213s][info][gc,start       ] GC(2290) Pause Young (Allocation Failure)
[6515.308s][info][gc,heap        ] GC(2290) PSYoungGen: 2549728K(2589184K)->149856K(2593792K) Eden: 2390528K(2390528K)->0K(2398208K) From: 159200K(198656K)->149856K(195584K)
[6515.308s][info][gc,heap        ] GC(2290) ParOldGen: 3813760K(3813888K)->3916440K(3916800K)
[6515.308s][info][gc,metaspace   ] GC(2290) Metaspace: 29104K(29376K)->29104K(29376K) NonClass: 26000K(26112K)->26000K(26112K) Class: 3103K(3264K)->3103K(3264K)
[6515.308s][info][gc             ] GC(2290) Pause Young (Allocation Failure) 6214M->3970M(6358M) 95.631ms
[6515.308s][info][gc,cpu         ] GC(2290) User=0.54s Sys=0.03s Real=0.10s
.[6516.723s][info][gc,start       ] GC(2291) Pause Young (Allocation Failure)
[6516.828s][info][gc,heap        ] GC(2291) PSYoungGen: 2548064K(2593792K)->166554K(2592768K) Eden: 2398208K(2398208K)->0K(2398208K) From: 149856K(195584K)->166554K(194560K)
[6516.828s][info][gc,heap        ] GC(2291) ParOldGen: 3916440K(3916800K)->4021976K(4022272K)
[6516.828s][info][gc,metaspace   ] GC(2291) Metaspace: 29104K(29376K)->29104K(29376K) NonClass: 26000K(26112K)->26000K(26112K) Class: 3103K(3264K)->3103K(3264K)
[6516.828s][info][gc             ] GC(2291) Pause Young (Allocation Failure) 6312M->4090M(6460M) 105.085ms
[6516.828s][info][gc,cpu         ] GC(2291) User=0.59s Sys=0.03s Real=0.11s
.[6518.209s][info][gc,start       ] GC(2292) Pause Young (Allocation Failure)
[6518.302s][info][gc,heap        ] GC(2292) PSYoungGen: 2564762K(2592768K)->148864K(2599424K) Eden: 2398208K(2398208K)->0K(2406400K) From: 166554K(194560K)->148864K(193024K)
[6518.302s][info][gc,heap        ] GC(2292) ParOldGen: 4021976K(4022272K)->4120256K(4120576K)
[6518.302s][info][gc,metaspace   ] GC(2292) Metaspace: 29104K(29376K)->29104K(29376K) NonClass: 26000K(26112K)->26000K(26112K) Class: 3103K(3264K)->3103K(3264K)
[6518.302s][info][gc             ] GC(2292) Pause Young (Allocation Failure) 6432M->4169M(6562M) 93.288ms
[6518.302s][info][gc,cpu         ] GC(2292) User=0.51s Sys=0.03s Real=0.09s
..[6519.737s][info][gc,start       ] GC(2293) Pause Young (Allocation Failure)
[6519.838s][info][gc,heap        ] GC(2293) PSYoungGen: 2555264K(2599424K)->160469K(2598912K) Eden: 2406400K(2406400K)->0K(2406400K) From: 148864K(193024K)->160469K(192512K)
[6519.838s][info][gc,heap        ] GC(2293) ParOldGen: 4120256K(4120576K)->4226872K(4227072K)
[6519.838s][info][gc,metaspace   ] GC(2293) Metaspace: 29104K(29376K)->29104K(29376K) NonClass: 26000K(26112K)->26000K(26112K) Class: 3103K(3264K)->3103K(3264K)
[6519.838s][info][gc             ] GC(2293) Pause Young (Allocation Failure) 6519M->4284M(6666M) 101.644ms
[6519.838s][info][gc,cpu         ] GC(2293) User=0.56s Sys=0.04s Real=0.10s
.[6521.171s][info][gc,start       ] GC(2294) Pause Young (Allocation Failure)
[6521.274s][info][gc,heap        ] GC(2294) PSYoungGen: 2566869K(2598912K)->168960K(2598912K) Eden: 2406400K(2406400K)->0K(2409984K) From: 160469K(192512K)->168960K(188928K)
[6521.274s][info][gc,heap        ] GC(2294) ParOldGen: 4226872K(4227072K)->4329432K(4329472K)
[6521.274s][info][gc,metaspace   ] GC(2294) Metaspace: 29104K(29376K)->29104K(29376K) NonClass: 26000K(26112K)->26000K(26112K) Class: 3103K(3264K)->3103K(3264K)
[6521.274s][info][gc             ] GC(2294) Pause Young (Allocation Failure) 6634M->4392M(6766M) 102.956ms
[6521.274s][info][gc,cpu         ] GC(2294) User=0.58s Sys=0.03s Real=0.11s
..[6522.644s][info][gc,start       ] GC(2295) Pause Young (Allocation Failure)
[6522.745s][info][gc,heap        ] GC(2295) PSYoungGen: 2578944K(2598912K)->157616K(2599424K) Eden: 2409984K(2409984K)->0K(2409984K) From: 168960K(188928K)->157616K(189440K)
[6522.745s][info][gc,heap        ] GC(2295) ParOldGen: 4329432K(4329472K)->4435776K(4435968K)
[6522.745s][info][gc,metaspace   ] GC(2295) Metaspace: 29104K(29376K)->29104K(29376K) NonClass: 26000K(26112K)->26000K(26112K) Class: 3103K(3264K)->3103K(3264K)
[6522.745s][info][gc             ] GC(2295) Pause Young (Allocation Failure) 6746M->4485M(6870M) 101.617ms
[6522.745s][info][gc,cpu         ] GC(2295) User=0.57s Sys=0.03s Real=0.10s
.[6524.142s][info][gc,start       ] GC(2296) Pause Young (Allocation Failure)
[6524.246s][info][gc,heap        ] GC(2296) PSYoungGen: 2567600K(2599424K)->167955K(2605056K) Eden: 2409984K(2409984K)->0K(2417664K) From: 157616K(189440K)->167955K(187392K)
[6524.246s][info][gc,heap        ] GC(2296) ParOldGen: 4435776K(4435968K)->4539048K(4539392K)
[6524.246s][info][gc,metaspace   ] GC(2296) Metaspace: 29104K(29376K)->29104K(29376K) NonClass: 26000K(26112K)->26000K(26112K) Class: 3103K(3264K)->3103K(3264K)
[6524.246s][info][gc             ] GC(2296) Pause Young (Allocation Failure) 6839M->4596M(6977M) 104.652ms
[6524.247s][info][gc,cpu         ] GC(2296) User=0.58s Sys=0.04s Real=0.11s
..[6525.604s][info][gc,start       ] GC(2297) Pause Young (Allocation Failure)
[6525.703s][info][gc,heap        ] GC(2297) PSYoungGen: 2585619K(2605056K)->158336K(2605056K) Eden: 2417664K(2417664K)->0K(2417664K) From: 167955K(187392K)->158336K(187392K)
[6525.703s][info][gc,heap        ] GC(2297) ParOldGen: 4539048K(4539392K)->4642272K(4642304K)
[6525.703s][info][gc,metaspace   ] GC(2297) Metaspace: 29104K(29376K)->29104K(29376K) NonClass: 26000K(26112K)->26000K(26112K) Class: 3103K(3264K)->3103K(3264K)
[6525.703s][info][gc             ] GC(2297) Pause Young (Allocation Failure) 6957M->4688M(7077M) 99.528ms
[6525.704s][info][gc,cpu         ] GC(2297) User=0.55s Sys=0.03s Real=0.10s
.[6527.120s][info][gc,start       ] GC(2298) Pause Young (Allocation Failure)
[6527.224s][info][gc,heap        ] GC(2298) PSYoungGen: 2576000K(2605056K)->172768K(2604544K) Eden: 2417664K(2417664K)->0K(2419200K) From: 158336K(187392K)->172768K(185344K)
[6527.224s][info][gc,heap        ] GC(2298) ParOldGen: 4642272K(4642304K)->4745552K(4745728K)
[6527.224s][info][gc,metaspace   ] GC(2298) Metaspace: 29104K(29376K)->29104K(29376K) NonClass: 26000K(26112K)->26000K(26112K) Class: 3103K(3264K)->3103K(3264K)
[6527.224s][info][gc             ] GC(2298) Pause Young (Allocation Failure) 7049M->4803M(7178M) 103.960ms
[6527.224s][info][gc,cpu         ] GC(2298) User=0.57s Sys=0.05s Real=0.11s
..[6528.584s][info][gc,start       ] GC(2299) Pause Young (Allocation Failure)
[6528.688s][info][gc,heap        ] GC(2299) PSYoungGen: 2591968K(2604544K)->165511K(2606592K) Eden: 2419200K(2419200K)->0K(2419200K) From: 172768K(185344K)->165511K(187392K)
[6528.688s][info][gc,heap        ] GC(2299) ParOldGen: 4745552K(4745728K)->4849552K(4849664K)
[6528.688s][info][gc,metaspace   ] GC(2299) Metaspace: 29104K(29376K)->29104K(29376K) NonClass: 26000K(26112K)->26000K(26112K) Class: 3103K(3264K)->3103K(3264K)
[6528.688s][info][gc             ] GC(2299) Pause Young (Allocation Failure) 7165M->4897M(7281M) 103.821ms
[6528.688s][info][gc,cpu         ] GC(2299) User=0.59s Sys=0.02s Real=0.10s
.[6530.055s][info][gc,start       ] GC(2300) Pause Young (Allocation Failure)
[6530.162s][info][gc,heap        ] GC(2300) PSYoungGen: 2584711K(2606592K)->172485K(2607104K) Eden: 2419200K(2419200K)->0K(2421248K) From: 165511K(187392K)->172485K(185856K)
[6530.162s][info][gc,heap        ] GC(2300) ParOldGen: 4849552K(4849664K)->4955672K(4956160K)
[6530.162s][info][gc,metaspace   ] GC(2300) Metaspace: 29104K(29376K)->29104K(29376K) NonClass: 26000K(26112K)->26000K(26112K) Class: 3103K(3264K)->3103K(3264K)
[6530.162s][info][gc             ] GC(2300) Pause Young (Allocation Failure) 7260M->5007M(7386M) 106.800ms
[6530.162s][info][gc,cpu         ] GC(2300) User=0.60s Sys=0.03s Real=0.10s
..[6531.555s][info][gc,start       ] GC(2301) Pause Young (Allocation Failure)
[6531.655s][info][gc,heap        ] GC(2301) PSYoungGen: 2593733K(2607104K)->152148K(2608640K) Eden: 2421248K(2421248K)->0K(2421248K) From: 172485K(185856K)->152148K(187392K)
[6531.655s][info][gc,heap        ] GC(2301) ParOldGen: 4955672K(4956160K)->5059832K(5060096K)
[6531.655s][info][gc,metaspace   ] GC(2301) Metaspace: 29104K(29376K)->29104K(29376K) NonClass: 26000K(26112K)->26000K(26112K) Class: 3103K(3264K)->3103K(3264K)
[6531.655s][info][gc             ] GC(2301) Pause Young (Allocation Failure) 7372M->5089M(7489M) 99.675ms
[6531.655s][info][gc,cpu         ] GC(2301) User=0.56s Sys=0.02s Real=0.10s
.[6533.093s][info][gc,start       ] GC(2302) Pause Young (Allocation Failure)
[6533.199s][info][gc,heap        ] GC(2302) PSYoungGen: 2573396K(2608640K)->175764K(2604032K) Eden: 2421248K(2421248K)->0K(2417152K) From: 152148K(187392K)->175764K(186880K)
[6533.199s][info][gc,heap        ] GC(2302) ParOldGen: 5059832K(5060096K)->5160840K(5160960K)
[6533.199s][info][gc,metaspace   ] GC(2302) Metaspace: 29104K(29376K)->29104K(29376K) NonClass: 26000K(26112K)->26000K(26112K) Class: 3103K(3264K)->3103K(3264K)
[6533.199s][info][gc             ] GC(2302) Pause Young (Allocation Failure) 7454M->5211M(7583M) 106.103ms
[6533.199s][info][gc,cpu         ] GC(2302) User=0.61s Sys=0.02s Real=0.11s
..[6534.593s][info][gc,start       ] GC(2303) Pause Young (Allocation Failure)
[6534.695s][info][gc,heap        ] GC(2303) PSYoungGen: 2592916K(2604032K)->160736K(2606592K) Eden: 2417152K(2417152K)->0K(2417152K) From: 175764K(186880K)->160736K(189440K)
[6534.695s][info][gc,heap        ] GC(2303) ParOldGen: 5160840K(5160960K)->5266296K(5266432K)
[6534.695s][info][gc,metaspace   ] GC(2303) Metaspace: 29104K(29376K)->29104K(29376K) NonClass: 26000K(26112K)->26000K(26112K) Class: 3103K(3264K)->3103K(3264K)
[6534.695s][info][gc             ] GC(2303) Pause Young (Allocation Failure) 7572M->5299M(7688M) 101.864ms
[6534.695s][info][gc,cpu         ] GC(2303) User=0.56s Sys=0.04s Real=0.11s
.[6535.662s][info][gc,start       ] GC(2304) Pause Full (Diagnostic Command)
[6535.662s][info][gc,phases,start] GC(2304) Marking Phase
[6535.984s][info][gc,phases      ] GC(2304) Marking Phase 321.403ms
[6535.984s][info][gc,phases,start] GC(2304) Summary Phase
[6535.984s][info][gc,phases      ] GC(2304) Summary Phase 0.088ms
[6535.984s][info][gc,phases,start] GC(2304) Forward
[6536.147s][info][gc,phases      ] GC(2304) Forward 163.145ms
[6536.147s][info][gc,phases,start] GC(2304) Adjust Pointers
[6536.376s][info][gc,phases      ] GC(2304) Adjust Pointers 228.839ms
[6536.376s][info][gc,phases,start] GC(2304) Compaction Phase
[6536.599s][info][gc,phases      ] GC(2304) Compaction Phase 222.751ms
[6536.601s][info][gc,phases,start] GC(2304) Post Compact
[6536.607s][info][gc,phases      ] GC(2304) Post Compact 6.155ms
[6536.607s][info][gc,heap        ] GC(2304) PSYoungGen: 1866152K(2606592K)->0K(2606592K) Eden: 1705416K(2417152K)->0K(2417152K) From: 160736K(189440K)->0K(189440K)
[6536.607s][info][gc,heap        ] GC(2304) ParOldGen: 5266296K(5266432K)->1350878K(5266432K)
[6536.607s][info][gc,metaspace   ] GC(2304) Metaspace: 29104K(29376K)->29104K(29376K) NonClass: 26000K(26112K)->26000K(26112K) Class: 3103K(3264K)->3103K(3264K)
[6536.607s][info][gc             ] GC(2304) Pause Full (Diagnostic Command) 6965M->1319M(7688M) 944.791ms
[6536.607s][info][gc,cpu         ] GC(2304) User=4.89s Sys=0.00s Real=0.95s
..[6537.869s][info][gc,start       ] GC(2305) Pause Young (Allocation Failure)
[6537.937s][info][gc,heap        ] GC(2305) PSYoungGen: 2417152K(2606592K)->164784K(2601984K) Eden: 2417152K(2417152K)->0K(2419200K) From: 0K(189440K)->164784K(182784K)
[6537.937s][info][gc,heap        ] GC(2305) ParOldGen: 1350878K(5266432K)->1350878K(5266432K)
[6537.937s][info][gc,metaspace   ] GC(2305) Metaspace: 29104K(29376K)->29104K(29376K) NonClass: 26000K(26112K)->26000K(26112K) Class: 3103K(3264K)->3103K(3264K)
[6537.937s][info][gc             ] GC(2305) Pause Young (Allocation Failure) 3679M->1480M(7684M) 67.603ms
[6537.937s][info][gc,cpu         ] GC(2305) User=0.40s Sys=0.00s Real=0.07s
.[6539.173s][info][gc,start       ] GC(2306) Pause Young (Allocation Failure)
[6539.270s][info][gc,heap        ] GC(2306) PSYoungGen: 2583984K(2601984K)->170336K(2604544K) Eden: 2419200K(2419200K)->0K(2419200K) From: 164784K(182784K)->170336K(185344K)
[6539.270s][info][gc,heap        ] GC(2306) ParOldGen: 1350878K(5266432K)->1454974K(5266432K)
[6539.270s][info][gc,metaspace   ] GC(2306) Metaspace: 29104K(29376K)->29104K(29376K) NonClass: 26000K(26112K)->26000K(26112K) Class: 3103K(3264K)->3103K(3264K)
[6539.270s][info][gc             ] GC(2306) Pause Young (Allocation Failure) 3842M->1587M(7686M) 97.047ms
[6539.270s][info][gc,cpu         ] GC(2306) User=0.57s Sys=0.01s Real=0.10s
.[6540.533s][info][gc,start       ] GC(2307) Pause Young (Allocation Failure)
[6540.681s][info][gc,heap        ] GC(2307) PSYoungGen: 2589536K(2604544K)->174313K(2607104K) Eden: 2419200K(2419200K)->0K(2421248K) From: 170336K(185344K)->174313K(185856K)
[6540.681s][info][gc,heap        ] GC(2307) ParOldGen: 1454974K(5266432K)->1562998K(5266432K)
[6540.681s][info][gc,metaspace   ] GC(2307) Metaspace: 29104K(29376K)->29104K(29376K) NonClass: 26000K(26112K)->26000K(26112K) Class: 3103K(3264K)->3103K(3264K)
[6540.681s][info][gc             ] GC(2307) Pause Young (Allocation Failure) 3949M->1696M(7689M) 147.733ms
[6540.681s][info][gc,cpu         ] GC(2307) User=0.61s Sys=0.00s Real=0.14s
.[6541.960s][info][gc,start       ] GC(2308) Pause Young (Allocation Failure)
[6542.053s][info][gc,heap        ] GC(2308) PSYoungGen: 2595561K(2607104K)->159296K(2608640K) Eden: 2421248K(2421248K)->0K(2421248K) From: 174313K(185856K)->159296K(187392K)
[6542.053s][info][gc,heap        ] GC(2308) ParOldGen: 1562998K(5266432K)->1666590K(5266432K)
[6542.053s][info][gc,metaspace   ] GC(2308) Metaspace: 29104K(29376K)->29104K(29376K) NonClass: 26000K(26112K)->26000K(26112K) Class: 3103K(3264K)->3103K(3264K)
[6542.053s][info][gc             ] GC(2308) Pause Young (Allocation Failure) 4061M->1783M(7690M) 93.103ms
[6542.054s][info][gc,cpu         ] GC(2308) User=0.56s Sys=0.00s Real=0.10s
..[6543.323s][info][gc,start       ] GC(2309) Pause Young (Allocation Failure)
[6543.415s][info][gc,heap        ] GC(2309) PSYoungGen: 2580544K(2608640K)->156672K(2606080K) Eden: 2421248K(2421248K)->0K(2422272K) From: 159296K(187392K)->156672K(183808K)
[6543.415s][info][gc,heap        ] GC(2309) ParOldGen: 1666590K(5266432K)->1770246K(5266432K)
[6543.415s][info][gc,metaspace   ] GC(2309) Metaspace: 29104K(29376K)->29104K(29376K) NonClass: 26000K(26112K)->26000K(26112K) Class: 3103K(3264K)->3103K(3264K)
[6543.415s][info][gc             ] GC(2309) Pause Young (Allocation Failure) 4147M->1881M(7688M) 92.224ms
[6543.415s][info][gc,cpu         ] GC(2309) User=0.55s Sys=0.00s Real=0.10s
.[6544.746s][info][gc,start       ] GC(2310) Pause Young (Allocation Failure)
[6544.841s][info][gc,heap        ] GC(2310) PSYoungGen: 2578944K(2606080K)->163897K(2607616K) Eden: 2422272K(2422272K)->0K(2422272K) From: 156672K(183808K)->163897K(185344K)
[6544.841s][info][gc,heap        ] GC(2310) ParOldGen: 1770246K(5266432K)->1874206K(5266432K)
[6544.841s][info][gc,metaspace   ] GC(2310) Metaspace: 29104K(29376K)->29104K(29376K) NonClass: 26000K(26112K)->26000K(26112K) Class: 3103K(3264K)->3103K(3264K)
[6544.841s][info][gc             ] GC(2310) Pause Young (Allocation Failure) 4247M->1990M(7689M) 95.133ms
[6544.841s][info][gc,cpu         ] GC(2310) User=0.57s Sys=0.00s Real=0.09s
.[6546.133s][info][gc,start       ] GC(2311) Pause Young (Allocation Failure)
[6546.232s][info][gc,heap        ] GC(2311) PSYoungGen: 2586169K(2607616K)->172057K(2609152K) Eden: 2422272K(2422272K)->0K(2425856K) From: 163897K(185344K)->172057K(183296K)
[6546.232s][info][gc,heap        ] GC(2311) ParOldGen: 1874206K(5266432K)->1979710K(5266432K)
[6546.232s][info][gc,metaspace   ] GC(2311) Metaspace: 29104K(29376K)->29104K(29376K) NonClass: 26000K(26112K)->26000K(26112K) Class: 3103K(3264K)->3103K(3264K)
[6546.232s][info][gc             ] GC(2311) Pause Young (Allocation Failure) 4355M->2101M(7691M) 99.095ms
[6546.232s][info][gc,cpu         ] GC(2311) User=0.59s Sys=0.00s Real=0.10s
..[6547.604s][info][gc,start       ] GC(2312) Pause Young (Allocation Failure)
[6547.701s][info][gc,heap        ] GC(2312) PSYoungGen: 2597913K(2609152K)->165924K(2610176K) Eden: 2425856K(2425856K)->0K(2425856K) From: 172057K(183296K)->165924K(184320K)
[6547.701s][info][gc,heap        ] GC(2312) ParOldGen: 1979710K(5266432K)->2083542K(5266432K)
[6547.701s][info][gc,metaspace   ] GC(2312) Metaspace: 29104K(29376K)->29104K(29376K) NonClass: 26000K(26112K)->26000K(26112K) Class: 3103K(3264K)->3103K(3264K)
[6547.701s][info][gc             ] GC(2312) Pause Young (Allocation Failure) 4470M->2196M(7692M) 97.212ms
[6547.701s][info][gc,cpu         ] GC(2312) User=0.57s Sys=0.00s Real=0.09s
.[6549.104s][info][gc,start       ] GC(2313) Pause Young (Allocation Failure)
[6549.205s][info][gc,heap        ] GC(2313) PSYoungGen: 2591780K(2610176K)->172795K(2610176K) Eden: 2425856K(2425856K)->0K(2427392K) From: 165924K(184320K)->172795K(182784K)
[6549.205s][info][gc,heap        ] GC(2313) ParOldGen: 2083542K(5266432K)->2187830K(5266432K)
[6549.205s][info][gc,metaspace   ] GC(2313) Metaspace: 29104K(29376K)->29104K(29376K) NonClass: 26000K(26112K)->26000K(26112K) Class: 3103K(3264K)->3103K(3264K)
[6549.205s][info][gc             ] GC(2313) Pause Young (Allocation Failure) 4565M->2305M(7692M) 100.722ms
[6549.205s][info][gc,cpu         ] GC(2313) User=0.59s Sys=0.00s Real=0.10s
..[6550.618s][info][gc,start       ] GC(2314) Pause Young (Allocation Failure)
[6550.715s][info][gc,heap        ] GC(2314) PSYoungGen: 2600187K(2610176K)->163264K(2611200K) Eden: 2427392K(2427392K)->0K(2427392K) From: 172795K(182784K)->163264K(183808K)
[6550.715s][info][gc,heap        ] GC(2314) ParOldGen: 2187830K(5266432K)->2290798K(5266432K)
[6550.715s][info][gc,metaspace   ] GC(2314) Metaspace: 29104K(29376K)->29104K(29376K) NonClass: 26000K(26112K)->26000K(26112K) Class: 3103K(3264K)->3103K(3264K)
[6550.715s][info][gc             ] GC(2314) Pause Young (Allocation Failure) 4675M->2396M(7693M) 96.956ms
[6550.715s][info][gc,cpu         ] GC(2314) User=0.57s Sys=0.00s Real=0.10s
.[6552.134s][info][gc,start       ] GC(2315) Pause Young (Allocation Failure)
[6552.231s][info][gc,heap        ] GC(2315) PSYoungGen: 2590656K(2611200K)->163328K(2609152K) Eden: 2427392K(2427392K)->0K(2429440K) From: 163264K(183808K)->163328K(179712K)
[6552.231s][info][gc,heap        ] GC(2315) ParOldGen: 2290798K(5266432K)->2394558K(5266432K)
[6552.231s][info][gc,metaspace   ] GC(2315) Metaspace: 29104K(29376K)->29104K(29376K) NonClass: 26000K(26112K)->26000K(26112K) Class: 3103K(3264K)->3103K(3264K)
[6552.231s][info][gc             ] GC(2315) Pause Young (Allocation Failure) 4767M->2497M(7691M) 97.842ms
[6552.232s][info][gc,cpu         ] GC(2315) User=0.58s Sys=0.00s Real=0.09s
..[6553.633s][info][gc,start       ] GC(2316) Pause Young (Allocation Failure)
[6553.735s][info][gc,heap        ] GC(2316) PSYoungGen: 2592768K(2609152K)->168640K(2610688K) Eden: 2429440K(2429440K)->0K(2429440K) From: 163328K(179712K)->168640K(181248K)
[6553.735s][info][gc,heap        ] GC(2316) ParOldGen: 2394558K(5266432K)->2499702K(5266432K)
[6553.735s][info][gc,metaspace   ] GC(2316) Metaspace: 29104K(29376K)->29104K(29376K) NonClass: 26000K(26112K)->26000K(26112K) Class: 3103K(3264K)->3103K(3264K)
[6553.735s][info][gc             ] GC(2316) Pause Young (Allocation Failure) 4870M->2605M(7692M) 101.429ms
[6553.735s][info][gc,cpu         ] GC(2316) User=0.60s Sys=0.01s Real=0.11s
.[6555.192s][info][gc,start       ] GC(2317) Pause Young (Allocation Failure)
[6555.289s][info][gc,heap        ] GC(2317) PSYoungGen: 2598080K(2610688K)->163088K(2612224K) Eden: 2429440K(2429440K)->0K(2434048K) From: 168640K(181248K)->163088K(178176K)
[6555.289s][info][gc,heap        ] GC(2317) ParOldGen: 2499702K(5266432K)->2606198K(5266432K)
[6555.289s][info][gc,metaspace   ] GC(2317) Metaspace: 29104K(29376K)->29104K(29376K) NonClass: 26000K(26112K)->26000K(26112K) Class: 3103K(3264K)->3103K(3264K)
[6555.289s][info][gc             ] GC(2317) Pause Young (Allocation Failure) 4978M->2704M(7694M) 97.550ms
[6555.289s][info][gc,cpu         ] GC(2317) User=0.58s Sys=0.00s Real=0.10s
..[6556.672s][info][gc,start       ] GC(2318) Pause Young (Allocation Failure)
[6556.768s][info][gc,heap        ] GC(2318) PSYoungGen: 2597136K(2612224K)->162144K(2613760K) Eden: 2434048K(2434048K)->0K(2434048K) From: 163088K(178176K)->162144K(179712K)
[6556.768s][info][gc,heap        ] GC(2318) ParOldGen: 2606198K(5266432K)->2708558K(5266432K)
[6556.768s][info][gc,metaspace   ] GC(2318) Metaspace: 29104K(29376K)->29104K(29376K) NonClass: 26000K(26112K)->26000K(26112K) Class: 3103K(3264K)->3103K(3264K)
[6556.768s][info][gc             ] GC(2318) Pause Young (Allocation Failure) 5081M->2803M(7695M) 95.371ms
[6556.768s][info][gc,cpu         ] GC(2318) User=0.56s Sys=0.00s Real=0.10s
.[6558.120s][info][gc,start       ] GC(2319) Pause Young (Allocation Failure)
[6558.219s][info][gc,heap        ] GC(2319) PSYoungGen: 2596192K(2613760K)->164768K(2612736K) Eden: 2434048K(2434048K)->0K(2437120K) From: 162144K(179712K)->164768K(175616K)
[6558.219s][info][gc,heap        ] GC(2319) ParOldGen: 2708558K(5266432K)->2816782K(5266432K)
[6558.219s][info][gc,metaspace   ] GC(2319) Metaspace: 29104K(29376K)->29104K(29376K) NonClass: 26000K(26112K)->26000K(26112K) Class: 3103K(3264K)->3103K(3264K)
[6558.219s][info][gc             ] GC(2319) Pause Young (Allocation Failure) 5180M->2911M(7694M) 98.785ms
[6558.219s][info][gc,cpu         ] GC(2319) User=0.58s Sys=0.00s Real=0.10s
.[6559.657s][info][gc,start       ] GC(2320) Pause Young (Allocation Failure)
[6559.759s][info][gc,heap        ] GC(2320) PSYoungGen: 2601888K(2612736K)->174025K(2614784K) Eden: 2437120K(2437120K)->0K(2437120K) From: 164768K(175616K)->174025K(177664K)
[6559.759s][info][gc,heap        ] GC(2320) ParOldGen: 2816782K(5266432K)->2917814K(5266432K)
[6559.759s][info][gc,metaspace   ] GC(2320) Metaspace: 29104K(29376K)->29104K(29376K) NonClass: 26000K(26112K)->26000K(26112K) Class: 3103K(3264K)->3103K(3264K)
[6559.759s][info][gc             ] GC(2320) Pause Young (Allocation Failure) 5291M->3019M(7696M) 102.540ms
[6559.759s][info][gc,cpu         ] GC(2320) User=0.60s Sys=0.00s Real=0.10s
..[6561.139s][info][gc,start       ] GC(2321) Pause Young (Allocation Failure)
[6561.241s][info][gc,heap        ] GC(2321) PSYoungGen: 2611145K(2614784K)->170468K(2615296K) Eden: 2437120K(2437120K)->0K(2435584K) From: 174025K(177664K)->170468K(179712K)
[6561.241s][info][gc,heap        ] GC(2321) ParOldGen: 2917814K(5266432K)->3026286K(5266432K)
[6561.241s][info][gc,metaspace   ] GC(2321) Metaspace: 29104K(29376K)->29104K(29376K) NonClass: 26000K(26112K)->26000K(26112K) Class: 3103K(3264K)->3103K(3264K)
[6561.241s][info][gc             ] GC(2321) Pause Young (Allocation Failure) 5399M->3121M(7697M) 102.371ms
[6561.242s][info][gc,cpu         ] GC(2321) User=0.60s Sys=0.00s Real=0.10s
.[6562.636s][info][gc,start       ] GC(2322) Pause Young (Allocation Failure)
[6562.734s][info][gc,heap        ] GC(2322) PSYoungGen: 2606052K(2615296K)->163380K(2599424K) Eden: 2435584K(2435584K)->0K(2435584K) From: 170468K(179712K)->163380K(163840K)
[6562.734s][info][gc,heap        ] GC(2322) ParOldGen: 3026286K(5266432K)->3129830K(5266432K)
[6562.734s][info][gc,metaspace   ] GC(2322) Metaspace: 29104K(29376K)->29104K(29376K) NonClass: 26000K(26112K)->26000K(26112K) Class: 3103K(3264K)->3103K(3264K)
[6562.734s][info][gc             ] GC(2322) Pause Young (Allocation Failure) 5500M->3216M(7681M) 98.366ms
[6562.734s][info][gc,cpu         ] GC(2322) User=0.57s Sys=0.00s Real=0.10s
..[6564.149s][info][gc,start       ] GC(2323) Pause Young (Allocation Failure)
[6564.248s][info][gc,heap        ] GC(2323) PSYoungGen: 2598964K(2599424K)->168928K(2615296K) Eden: 2435584K(2435584K)->0K(2436096K) From: 163380K(163840K)->168928K(179200K)
[6564.248s][info][gc,heap        ] GC(2323) ParOldGen: 3129830K(5266432K)->3235694K(5266432K)
[6564.248s][info][gc,metaspace   ] GC(2323) Metaspace: 29104K(29376K)->29104K(29376K) NonClass: 26000K(26112K)->26000K(26112K) Class: 3103K(3264K)->3103K(3264K)
[6564.248s][info][gc             ] GC(2323) Pause Young (Allocation Failure) 5594M->3324M(7697M) 98.879ms
[6564.248s][info][gc,cpu         ] GC(2323) User=0.58s Sys=0.00s Real=0.10s
.[6565.684s][info][gc,start       ] GC(2324) Pause Young (Allocation Failure)
[6565.779s][info][gc,heap        ] GC(2324) PSYoungGen: 2605024K(2615296K)->158656K(2615296K) Eden: 2436096K(2436096K)->0K(2436096K) From: 168928K(179200K)->158656K(179200K)
[6565.779s][info][gc,heap        ] GC(2324) ParOldGen: 3235694K(5266432K)->3339670K(5266432K)
[6565.779s][info][gc,metaspace   ] GC(2324) Metaspace: 29104K(29376K)->29104K(29376K) NonClass: 26000K(26112K)->26000K(26112K) Class: 3103K(3264K)->3103K(3264K)
[6565.779s][info][gc             ] GC(2324) Pause Young (Allocation Failure) 5703M->3416M(7697M) 94.852ms
[6565.779s][info][gc,cpu         ] GC(2324) User=0.56s Sys=0.00s Real=0.09s
..[6567.228s][info][gc,start       ] GC(2325) Pause Young (Allocation Failure)
[6567.320s][info][gc,heap        ] GC(2325) PSYoungGen: 2594752K(2615296K)->145984K(2612736K) Eden: 2436096K(2436096K)->0K(2433536K) From: 158656K(179200K)->145984K(179200K)
[6567.320s][info][gc,heap        ] GC(2325) ParOldGen: 3339670K(5266432K)->3445774K(5266432K)
[6567.320s][info][gc,metaspace   ] GC(2325) Metaspace: 29104K(29376K)->29104K(29376K) NonClass: 26000K(26112K)->26000K(26112K) Class: 3103K(3264K)->3103K(3264K)
[6567.320s][info][gc             ] GC(2325) Pause Young (Allocation Failure) 5795M->3507M(7694M) 91.703ms
[6567.320s][info][gc,cpu         ] GC(2325) User=0.53s Sys=0.00s Real=0.09s
.[6568.683s][info][gc,start       ] GC(2326) Pause Young (Allocation Failure)
[6568.778s][info][gc,heap        ] GC(2326) PSYoungGen: 2579520K(2612736K)->155314K(2614784K) Eden: 2433536K(2433536K)->0K(2433536K) From: 145984K(179200K)->155314K(181248K)
[6568.778s][info][gc,heap        ] GC(2326) ParOldGen: 3445774K(5266432K)->3549942K(5266432K)
[6568.778s][info][gc,metaspace   ] GC(2326) Metaspace: 29104K(29376K)->29104K(29376K) NonClass: 26000K(26112K)->26000K(26112K) Class: 3103K(3264K)->3103K(3264K)
[6568.778s][info][gc             ] GC(2326) Pause Young (Allocation Failure) 5884M->3618M(7696M) 94.827ms
[6568.778s][info][gc,cpu         ] GC(2326) User=0.56s Sys=0.00s Real=0.09s
..[6570.235s][info][gc,start       ] GC(2327) Pause Young (Allocation Failure)
[6570.337s][info][gc,heap        ] GC(2327) PSYoungGen: 2588850K(2614784K)->171536K(2612224K) Eden: 2433536K(2433536K)->0K(2431488K) From: 155314K(181248K)->171536K(180736K)
[6570.337s][info][gc,heap        ] GC(2327) ParOldGen: 3549942K(5266432K)->3651262K(5266432K)
[6570.337s][info][gc,metaspace   ] GC(2327) Metaspace: 29104K(29376K)->29104K(29376K) NonClass: 26000K(26112K)->26000K(26112K) Class: 3103K(3264K)->3103K(3264K)
[6570.337s][info][gc             ] GC(2327) Pause Young (Allocation Failure) 5994M->3733M(7694M) 101.903ms
[6570.337s][info][gc,cpu         ] GC(2327) User=0.60s Sys=0.00s Real=0.10s
. (rIR:aIR:PR = 11346:11436:11436) (tPR = 169950) [OK] 
  6570s: Performance info:
         Transaction,    Success,    Partial,     Failed,   Receipts, AvgBarcode, 
             Overall,     696597,          0,          0,     661827,      59.47, 
         Response times:
             Request,    Success,    Partial,     Failed,   SkipFail,     Probes,    Samples,      min,      p50,      p90,      p95,      p99,      max, 
       TotalPurchase,     661838,          0,          0,          0,     318206,     550362,      200,    33000,   428000,   537000,   750000,  1600000,
     InStorePurchase,     349004,          0,          0,          0,     166959,     289467,      200,    33000,   400000,   532000,   740000,   980000,
      OnlinePurchase,     243764,          0,          0,          0,     116253,     201858,      300,    33000,   459000,   537000,   750000,  1600000,
        InstPurchase,      69070,          0,          0,          0,      34994,      59037,      300,    33000,   461000,   576000,   750000,   960000,
          AssocOfCat,        697,          0,          0,          0,        548,       1060,    25000,    96000,   512000,   719000,   920000,  1100000,
      AssocOfProduct,       7013,          0,          0,          0,       3806,       6592,      900,    36000,   423000,   515000,   680000,   880000,
      BusinessReport,       1728,          0,          0,          0,       1467,       2593,    31000,   100000,   530000,   690000,   901200,  1200000,
          CustBuyBeh,       6971,          0,          0,          0,       3812,       6639,      200,    34000,   443000,   537000,   670000,   940000,
       ProductReturn,      18361,          0,          0,          0,       8447,      14472,      200,    33000,   443000,   537000,   670000,   980000,

  6570s: (83%)   IR =  11485 [6571.772s][info][gc,start       ] GC(2328) Pause Young (Allocation Failure)
[6571.872s][info][gc,heap        ] GC(2328) PSYoungGen: 2603024K(2612224K)->166425K(2613760K) Eden: 2431488K(2431488K)->0K(2431488K) From: 171536K(180736K)->166425K(182272K)
[6571.872s][info][gc,heap        ] GC(2328) ParOldGen: 3651262K(5266432K)->3757294K(5266432K)
[6571.872s][info][gc,metaspace   ] GC(2328) Metaspace: 29104K(29376K)->29104K(29376K) NonClass: 26000K(26112K)->26000K(26112K) Class: 3103K(3264K)->3103K(3264K)
[6571.872s][info][gc             ] GC(2328) Pause Young (Allocation Failure) 6107M->3831M(7695M) 100.046ms
[6571.872s][info][gc,cpu         ] GC(2328) User=0.59s Sys=0.00s Real=0.10s
..[6573.241s][info][gc,start       ] GC(2329) Pause Young (Allocation Failure)
[6573.334s][info][gc,heap        ] GC(2329) PSYoungGen: 2597913K(2613760K)->146304K(2611712K) Eden: 2431488K(2431488K)->0K(2430464K) From: 166425K(182272K)->146304K(181248K)
[6573.334s][info][gc,heap        ] GC(2329) ParOldGen: 3757294K(5266432K)->3866070K(5266432K)
[6573.334s][info][gc,metaspace   ] GC(2329) Metaspace: 29104K(29376K)->29104K(29376K) NonClass: 26000K(26112K)->26000K(26112K) Class: 3103K(3264K)->3103K(3264K)
[6573.334s][info][gc             ] GC(2329) Pause Young (Allocation Failure) 6206M->3918M(7693M) 93.475ms
[6573.334s][info][gc,cpu         ] GC(2329) User=0.55s Sys=0.00s Real=0.10s
.[6574.763s][info][gc,start       ] GC(2330) Pause Young (Allocation Failure)
[6574.860s][info][gc,heap        ] GC(2330) PSYoungGen: 2576768K(2611712K)->161381K(2592256K) Eden: 2430464K(2430464K)->0K(2430464K) From: 146304K(181248K)->161381K(161792K)
[6574.860s][info][gc,heap        ] GC(2330) ParOldGen: 3866070K(5266432K)->3969430K(5266432K)
[6574.860s][info][gc,metaspace   ] GC(2330) Metaspace: 29104K(29376K)->29104K(29376K) NonClass: 26000K(26112K)->26000K(26112K) Class: 3103K(3264K)->3103K(3264K)
[6574.861s][info][gc             ] GC(2330) Pause Young (Allocation Failure) 6291M->4033M(7674M) 97.342ms
[6574.861s][info][gc,cpu         ] GC(2330) User=0.56s Sys=0.00s Real=0.10s
..[6576.265s][info][gc,start       ] GC(2331) Pause Young (Allocation Failure)
[6576.357s][info][gc,heap        ] GC(2331) PSYoungGen: 2591845K(2592256K)->149872K(2612224K) Eden: 2430464K(2430464K)->0K(2431488K) From: 161381K(161792K)->149872K(180736K)
[6576.357s][info][gc,heap        ] GC(2331) ParOldGen: 3969430K(5266432K)->4072966K(5266432K)
[6576.357s][info][gc,metaspace   ] GC(2331) Metaspace: 29104K(29376K)->29104K(29376K) NonClass: 26000K(26112K)->26000K(26112K) Class: 3103K(3264K)->3103K(3264K)
[6576.357s][info][gc             ] GC(2331) Pause Young (Allocation Failure) 6407M->4123M(7694M) 91.574ms
[6576.357s][info][gc,cpu         ] GC(2331) User=0.54s Sys=0.00s Real=0.09s
.[6577.842s][info][gc,start       ] GC(2332) Pause Young (Allocation Failure)
[6577.938s][info][gc,heap        ] GC(2332) PSYoungGen: 2581360K(2612224K)->155110K(2612736K) Eden: 2431488K(2431488K)->0K(2431488K) From: 149872K(180736K)->155110K(181248K)
[6577.938s][info][gc,heap        ] GC(2332) ParOldGen: 4072966K(5266432K)->4180854K(5266432K)
[6577.938s][info][gc,metaspace   ] GC(2332) Metaspace: 29104K(29376K)->29104K(29376K) NonClass: 26000K(26112K)->26000K(26112K) Class: 3103K(3264K)->3103K(3264K)
[6577.938s][info][gc             ] GC(2332) Pause Young (Allocation Failure) 6498M->4234M(7694M) 96.482ms
[6577.939s][info][gc,cpu         ] GC(2332) User=0.57s Sys=0.00s Real=0.10s
..[6579.343s][info][gc,start       ] GC(2333) Pause Young (Allocation Failure)
[6579.439s][info][gc,heap        ] GC(2333) PSYoungGen: 2586598K(2612736K)->161780K(2612224K) Eden: 2431488K(2431488K)->0K(2434560K) From: 155110K(181248K)->161780K(177664K)
[6579.439s][info][gc,heap        ] GC(2333) ParOldGen: 4180854K(5266432K)->4278582K(5266432K)
[6579.439s][info][gc,metaspace   ] GC(2333) Metaspace: 29104K(29376K)->29104K(29376K) NonClass: 26000K(26112K)->26000K(26112K) Class: 3103K(3264K)->3103K(3264K)
[6579.439s][info][gc             ] GC(2333) Pause Young (Allocation Failure) 6608M->4336M(7694M) 96.404ms
[6579.439s][info][gc,cpu         ] GC(2333) User=0.56s Sys=0.00s Real=0.10s
.[6580.811s][info][gc,start       ] GC(2334) Pause Young (Allocation Failure)
[6580.911s][info][gc,heap        ] GC(2334) PSYoungGen: 2596340K(2612224K)->164596K(2613248K) Eden: 2434560K(2434560K)->0K(2434560K) From: 161780K(177664K)->164596K(178688K)
[6580.911s][info][gc,heap        ] GC(2334) ParOldGen: 4278582K(5266432K)->4385902K(5266432K)
[6580.911s][info][gc,metaspace   ] GC(2334) Metaspace: 29104K(29376K)->29104K(29376K) NonClass: 26000K(26112K)->26000K(26112K) Class: 3103K(3264K)->3103K(3264K)
[6580.911s][info][gc             ] GC(2334) Pause Young (Allocation Failure) 6713M->4443M(7695M) 99.957ms
[6580.911s][info][gc,cpu         ] GC(2334) User=0.59s Sys=0.00s Real=0.10s
..[6582.317s][info][gc,start       ] GC(2335) Pause Young (Allocation Failure)
[6582.408s][info][gc,heap        ] GC(2335) PSYoungGen: 2599156K(2613248K)->146385K(2615808K) Eden: 2434560K(2434560K)->0K(2437632K) From: 164596K(178688K)->146385K(178176K)
[6582.408s][info][gc,heap        ] GC(2335) ParOldGen: 4385902K(5266432K)->4489598K(5266432K)
[6582.408s][info][gc,metaspace   ] GC(2335) Metaspace: 29104K(29376K)->29104K(29376K) NonClass: 26000K(26112K)->26000K(26112K) Class: 3103K(3264K)->3103K(3264K)
[6582.408s][info][gc             ] GC(2335) Pause Young (Allocation Failure) 6821M->4527M(7697M) 91.839ms
[6582.408s][info][gc,cpu         ] GC(2335) User=0.53s Sys=0.00s Real=0.09s
.[6583.845s][info][gc,start       ] GC(2336) Pause Young (Allocation Failure)
[6583.943s][info][gc,heap        ] GC(2336) PSYoungGen: 2584017K(2615808K)->165024K(2616832K) Eden: 2437632K(2437632K)->0K(2437632K) From: 146385K(178176K)->165024K(179200K)
[6583.943s][info][gc,heap        ] GC(2336) ParOldGen: 4489598K(5266432K)->4590318K(5266432K)
[6583.943s][info][gc,metaspace   ] GC(2336) Metaspace: 29104K(29376K)->29104K(29376K) NonClass: 26000K(26112K)->26000K(26112K) Class: 3103K(3264K)->3103K(3264K)
[6583.943s][info][gc             ] GC(2336) Pause Young (Allocation Failure) 6907M->4643M(7698M) 97.573ms
[6583.943s][info][gc,cpu         ] GC(2336) User=0.57s Sys=0.00s Real=0.09s
.[6585.344s][info][gc,start       ] GC(2337) Pause Young (Allocation Failure)
[6585.443s][info][gc,heap        ] GC(2337) PSYoungGen: 2602656K(2616832K)->161424K(2613760K) Eden: 2437632K(2437632K)->0K(2437632K) From: 165024K(179200K)->161424K(176128K)
[6585.443s][info][gc,heap        ] GC(2337) ParOldGen: 4590318K(5266432K)->4697142K(5266432K)
[6585.443s][info][gc,metaspace   ] GC(2337) Metaspace: 29104K(29376K)->29104K(29376K) NonClass: 26000K(26112K)->26000K(26112K) Class: 3103K(3264K)->3103K(3264K)
[6585.443s][info][gc             ] GC(2337) Pause Young (Allocation Failure) 7024M->4744M(7695M) 99.160ms
[6585.443s][info][gc,cpu         ] GC(2337) User=0.58s Sys=0.00s Real=0.10s
..[6586.831s][info][gc,start       ] GC(2338) Pause Young (Allocation Failure)
[6586.939s][info][gc,heap        ] GC(2338) PSYoungGen: 2599056K(2613760K)->177657K(2615296K) Eden: 2437632K(2437632K)->0K(2437632K) From: 161424K(176128K)->177657K(177664K)
[6586.939s][info][gc,heap        ] GC(2338) ParOldGen: 4697142K(5266432K)->4802414K(5266432K)
[6586.939s][info][gc,metaspace   ] GC(2338) Metaspace: 29104K(29376K)->29104K(29376K) NonClass: 26000K(26112K)->26000K(26112K) Class: 3103K(3264K)->3103K(3264K)
[6586.939s][info][gc             ] GC(2338) Pause Young (Allocation Failure) 7125M->4863M(7697M) 107.779ms
[6586.939s][info][gc,cpu         ] GC(2338) User=0.63s Sys=0.00s Real=0.11s
.[6588.340s][info][gc,start       ] GC(2339) Pause Young (Allocation Failure)
[6588.435s][info][gc,heap        ] GC(2339) PSYoungGen: 2615289K(2615296K)->149952K(2535424K) Eden: 2437632K(2437632K)->0K(2354688K) From: 177657K(177664K)->149952K(180736K)
[6588.435s][info][gc,heap        ] GC(2339) ParOldGen: 4802414K(5266432K)->4907846K(5266432K)
[6588.435s][info][gc,metaspace   ] GC(2339) Metaspace: 29104K(29376K)->29104K(29376K) NonClass: 26000K(26112K)->26000K(26112K) Class: 3103K(3264K)->3103K(3264K)
[6588.435s][info][gc             ] GC(2339) Pause Young (Allocation Failure) 7243M->4939M(7619M) 94.668ms
[6588.435s][info][gc,cpu         ] GC(2339) User=0.56s Sys=0.00s Real=0.10s
.|.[6589.706s][info][gc,start       ] GC(2340) Pause Young (Allocation Failure)
[6589.805s][info][gc,heap        ] GC(2340) PSYoungGen: 2504640K(2535424K)->162624K(2575360K) Eden: 2354688K(2354688K)->0K(2354688K) From: 149952K(180736K)->162624K(220672K)
[6589.805s][info][gc,heap        ] GC(2340) ParOldGen: 4907846K(5266432K)->5013606K(5266432K)
[6589.805s][info][gc,metaspace   ] GC(2340) Metaspace: 29104K(29376K)->29104K(29376K) NonClass: 26000K(26112K)->26000K(26112K) Class: 3103K(3264K)->3103K(3264K)
[6589.805s][info][gc             ] GC(2340) Pause Young (Allocation Failure) 7238M->5054M(7658M) 99.102ms
[6589.805s][info][gc,cpu         ] GC(2340) User=0.57s Sys=0.01s Real=0.10s
.[6591.192s][info][gc,start       ] GC(2341) Pause Young (Allocation Failure)
[6591.284s][info][gc,heap        ] GC(2341) PSYoungGen: 2517312K(2575360K)->145280K(2570240K) Eden: 2354688K(2354688K)->0K(2358784K) From: 162624K(220672K)->145280K(211456K)
[6591.284s][info][gc,heap        ] GC(2341) ParOldGen: 5013606K(5266432K)->5115638K(5266432K)
[6591.284s][info][gc,metaspace   ] GC(2341) Metaspace: 29104K(29376K)->29104K(29376K) NonClass: 26000K(26112K)->26000K(26112K) Class: 3103K(3264K)->3103K(3264K)
[6591.284s][info][gc             ] GC(2341) Pause Young (Allocation Failure) 7354M->5137M(7653M) 92.272ms
[6591.284s][info][gc,cpu         ] GC(2341) User=0.55s Sys=0.00s Real=0.10s
.[6592.622s][info][gc,start       ] GC(2342) Pause Young (Allocation Failure)
[6592.718s][info][gc,heap        ] GC(2342) PSYoungGen: 2504064K(2570240K)->158196K(2574848K) Eden: 2358784K(2358784K)->0K(2358784K) From: 145280K(211456K)->158196K(216064K)
[6592.718s][info][gc,heap        ] GC(2342) ParOldGen: 5115638K(5266432K)->5217302K(5266432K)
[6592.718s][info][gc,metaspace   ] GC(2342) Metaspace: 29104K(29376K)->29104K(29376K) NonClass: 26000K(26112K)->26000K(26112K) Class: 3103K(3264K)->3103K(3264K)
[6592.718s][info][gc             ] GC(2342) Pause Young (Allocation Failure) 7441M->5249M(7657M) 96.029ms
[6592.718s][info][gc,cpu         ] GC(2342) User=0.56s Sys=0.00s Real=0.10s
..[6594.072s][info][gc,start       ] GC(2343) Pause Young (Allocation Failure)
[6594.175s][info][gc,heap        ] GC(2343) PSYoungGen: 2516980K(2574848K)->165125K(2569216K) Eden: 2358784K(2358784K)->0K(2366976K) From: 158196K(216064K)->165125K(202240K)
[6594.175s][info][gc,heap        ] GC(2343) ParOldGen: 5217302K(5266432K)->5320638K(5320704K)
[6594.175s][info][gc,metaspace   ] GC(2343) Metaspace: 29104K(29376K)->29104K(29376K) NonClass: 26000K(26112K)->26000K(26112K) Class: 3103K(3264K)->3103K(3264K)
[6594.175s][info][gc             ] GC(2343) Pause Young (Allocation Failure) 7553M->5357M(7705M) 102.514ms
[6594.175s][info][gc,cpu         ] GC(2343) User=0.58s Sys=0.01s Real=0.11s
.[6595.484s][info][gc,start       ] GC(2344) Pause Young (Allocation Failure)
[6595.590s][info][gc,heap        ] GC(2344) PSYoungGen: 2532101K(2569216K)->161637K(2575360K) Eden: 2366976K(2366976K)->0K(2366976K) From: 165125K(202240K)->161637K(208384K)
[6595.590s][info][gc,heap        ] GC(2344) ParOldGen: 5320638K(5320704K)->5424454K(5424640K)
[6595.590s][info][gc,metaspace   ] GC(2344) Metaspace: 29104K(29376K)->29104K(29376K) NonClass: 26000K(26112K)->26000K(26112K) Class: 3103K(3264K)->3103K(3264K)
[6595.590s][info][gc             ] GC(2344) Pause Young (Allocation Failure) 7668M->5455M(7812M) 105.600ms
[6595.590s][info][gc,cpu         ] GC(2344) User=0.58s Sys=0.04s Real=0.10s
..[6596.950s][info][gc,start       ] GC(2345) Pause Young (Allocation Failure)
[6597.050s][info][gc,heap        ] GC(2345) PSYoungGen: 2528613K(2575360K)->156288K(2580992K) Eden: 2366976K(2366976K)->0K(2382848K) From: 161637K(208384K)->156288K(198144K)
[6597.050s][info][gc,heap        ] GC(2345) ParOldGen: 5424454K(5424640K)->5525190K(5525504K)
[6597.050s][info][gc,metaspace   ] GC(2345) Metaspace: 29104K(29376K)->29104K(29376K) NonClass: 26000K(26112K)->26000K(26112K) Class: 3103K(3264K)->3103K(3264K)
[6597.050s][info][gc             ] GC(2345) Pause Young (Allocation Failure) 7766M->5548M(7916M) 100.262ms
[6597.050s][info][gc,cpu         ] GC(2345) User=0.55s Sys=0.04s Real=0.10s
.[6598.395s][info][gc,start       ] GC(2346) Pause Full (Allocation Failure)
[6598.395s][info][gc,phases,start] GC(2346) Marking Phase
[6598.716s][info][gc,phases      ] GC(2346) Marking Phase 321.231ms
[6598.716s][info][gc,phases,start] GC(2346) Summary Phase
[6598.716s][info][gc,phases      ] GC(2346) Summary Phase 0.100ms
[6598.716s][info][gc,phases,start] GC(2346) Forward
[6598.843s][info][gc,phases      ] GC(2346) Forward 127.050ms
[6598.843s][info][gc,phases,start] GC(2346) Adjust Pointers
[6599.060s][info][gc,phases      ] GC(2346) Adjust Pointers 216.913ms
[6599.060s][info][gc,phases,start] GC(2346) Compaction Phase
[6599.209s][info][gc,phases      ] GC(2346) Compaction Phase 148.995ms
[6599.210s][info][gc,phases,start] GC(2346) Post Compact
[6599.217s][info][gc,phases      ] GC(2346) Post Compact 6.885ms
[6599.349s][info][gc,heap        ] GC(2346) PSYoungGen: 2539136K(2580992K)->0K(2585600K) Eden: 2382848K(2382848K)->0K(2382848K) From: 156288K(198144K)->0K(202752K)
[6599.349s][info][gc,heap        ] GC(2346) ParOldGen: 5525190K(5525504K)->1620666K(2185216K)
[6599.349s][info][gc,metaspace   ] GC(2346) Metaspace: 29104K(29376K)->29104K(29376K) NonClass: 26000K(26112K)->26000K(26112K) Class: 3103K(3264K)->3103K(3264K)
[6599.349s][info][gc             ] GC(2346) Pause Full (Allocation Failure) 7875M->1582M(4659M) 954.774ms
[6599.349s][info][gc,cpu         ] GC(2346) User=4.42s Sys=0.14s Real=0.95s
.[6600.694s][info][gc,start       ] GC(2347) Pause Young (Allocation Failure)
[6600.765s][info][gc,heap        ] GC(2347) PSYoungGen: 2382848K(2585600K)->165892K(2586112K) Eden: 2382848K(2382848K)->0K(2390528K) From: 0K(202752K)->165892K(195584K)
[6600.765s][info][gc,heap        ] GC(2347) ParOldGen: 1620666K(2185216K)->1620666K(2185216K)
[6600.765s][info][gc,metaspace   ] GC(2347) Metaspace: 29104K(29376K)->29104K(29376K) NonClass: 26000K(26112K)->26000K(26112K) Class: 3103K(3264K)->3103K(3264K)
[6600.765s][info][gc             ] GC(2347) Pause Young (Allocation Failure) 3909M->1744M(4659M) 70.261ms
[6600.765s][info][gc,cpu         ] GC(2347) User=0.41s Sys=0.00s Real=0.07s
..[6601.965s][info][gc,start       ] GC(2348) Pause Young (Allocation Failure)
[6602.059s][info][gc,heap        ] GC(2348) PSYoungGen: 2556420K(2586112K)->164928K(2589696K) Eden: 2390528K(2390528K)->0K(2390528K) From: 165892K(195584K)->164928K(199168K)
[6602.059s][info][gc,heap        ] GC(2348) ParOldGen: 1620666K(2185216K)->1717962K(2185216K)
[6602.059s][info][gc,metaspace   ] GC(2348) Metaspace: 29104K(29376K)->29104K(29376K) NonClass: 26000K(26112K)->26000K(26112K) Class: 3103K(3264K)->3103K(3264K)
[6602.059s][info][gc             ] GC(2348) Pause Young (Allocation Failure) 4079M->1838M(4663M) 93.682ms
[6602.059s][info][gc,cpu         ] GC(2348) User=0.55s Sys=0.00s Real=0.09s
.[6603.292s][info][gc,start       ] GC(2349) Pause Young (Allocation Failure)
[6603.394s][info][gc,heap        ] GC(2349) PSYoungGen: 2555456K(2589696K)->180736K(2594816K) Eden: 2390528K(2390528K)->0K(2398720K) From: 164928K(199168K)->180736K(196096K)
[6603.394s][info][gc,heap        ] GC(2349) ParOldGen: 1717962K(2185216K)->1823834K(2185216K)
[6603.394s][info][gc,metaspace   ] GC(2349) Metaspace: 29104K(29376K)->29104K(29376K) NonClass: 26000K(26112K)->26000K(26112K) Class: 3103K(3264K)->3103K(3264K)
[6603.394s][info][gc             ] GC(2349) Pause Young (Allocation Failure) 4173M->1957M(4668M) 102.215ms
[6603.394s][info][gc,cpu         ] GC(2349) User=0.61s Sys=0.00s Real=0.11s
.[6604.691s][info][gc,start       ] GC(2350) Pause Young (Allocation Failure)
[6604.789s][info][gc,heap        ] GC(2350) PSYoungGen: 2579456K(2594816K)->163914K(2597376K) Eden: 2398720K(2398720K)->0K(2398720K) From: 180736K(196096K)->163914K(198656K)
[6604.789s][info][gc,heap        ] GC(2350) ParOldGen: 1823834K(2185216K)->1931562K(2185216K)
[6604.789s][info][gc,metaspace   ] GC(2350) Metaspace: 29104K(29376K)->29104K(29376K) NonClass: 26000K(26112K)->26000K(26112K) Class: 3103K(3264K)->3103K(3264K)
[6604.789s][info][gc             ] GC(2350) Pause Young (Allocation Failure) 4300M->2046M(4670M) 97.840ms
[6604.789s][info][gc,cpu         ] GC(2350) User=0.58s Sys=0.00s Real=0.10s
.[6606.062s][info][gc,start       ] GC(2351) Pause Young (Allocation Failure)
[6606.156s][info][gc,heap        ] GC(2351) PSYoungGen: 2562634K(2597376K)->162720K(2592256K) Eden: 2398720K(2398720K)->0K(2401280K) From: 163914K(198656K)->162720K(190976K)
[6606.156s][info][gc,heap        ] GC(2351) ParOldGen: 1931562K(2185216K)->2035250K(2185216K)
[6606.156s][info][gc,metaspace   ] GC(2351) Metaspace: 29104K(29376K)->29104K(29376K) NonClass: 26000K(26112K)->26000K(26112K) Class: 3103K(3264K)->3103K(3264K)
[6606.156s][info][gc             ] GC(2351) Pause Young (Allocation Failure) 4388M->2146M(4665M) 93.919ms
[6606.156s][info][gc,cpu         ] GC(2351) User=0.55s Sys=0.00s Real=0.10s
.[6607.414s][info][gc,start       ] GC(2352) Pause Young (Allocation Failure)
[6607.502s][info][gc,heap        ] GC(2352) PSYoungGen: 2564000K(2592256K)->150464K(2594816K) Eden: 2401280K(2401280K)->0K(2401280K) From: 162720K(190976K)->150464K(193536K)
[6607.502s][info][gc,heap        ] GC(2352) ParOldGen: 2035250K(2185216K)->2137562K(2185216K)
[6607.502s][info][gc,metaspace   ] GC(2352) Metaspace: 29104K(29376K)->29104K(29376K) NonClass: 26000K(26112K)->26000K(26112K) Class: 3103K(3264K)->3103K(3264K)
[6607.502s][info][gc             ] GC(2352) Pause Young (Allocation Failure) 4491M->2234M(4668M) 88.298ms
[6607.502s][info][gc,cpu         ] GC(2352) User=0.52s Sys=0.00s Real=0.08s
..[6608.820s][info][gc,start       ] GC(2353) Pause Young (Allocation Failure)
[6608.922s][info][gc,heap        ] GC(2353) PSYoungGen: 2551744K(2594816K)->167941K(2599424K) Eden: 2401280K(2401280K)->0K(2408960K) From: 150464K(193536K)->167941K(190464K)
[6608.922s][info][gc,heap        ] GC(2353) ParOldGen: 2137562K(2185216K)->2242250K(2242560K)
[6608.922s][info][gc,metaspace   ] GC(2353) Metaspace: 29104K(29376K)->29104K(29376K) NonClass: 26000K(26112K)->26000K(26112K) Class: 3103K(3264K)->3103K(3264K)
[6608.922s][info][gc             ] GC(2353) Pause Young (Allocation Failure) 4579M->2353M(4728M) 101.796ms
[6608.922s][info][gc,cpu         ] GC(2353) User=0.59s Sys=0.01s Real=0.10s
.[6610.249s][info][gc,start       ] GC(2354) Pause Young (Allocation Failure)
[6610.348s][info][gc,heap        ] GC(2354) PSYoungGen: 2576901K(2599424K)->157498K(2600960K) Eden: 2408960K(2408960K)->0K(2408960K) From: 167941K(190464K)->157498K(192000K)
[6610.348s][info][gc,heap        ] GC(2354) ParOldGen: 2242250K(2242560K)->2346218K(2346496K)
[6610.348s][info][gc,metaspace   ] GC(2354) Metaspace: 29104K(29376K)->29104K(29376K) NonClass: 26000K(26112K)->26000K(26112K) Class: 3103K(3264K)->3103K(3264K)
[6610.348s][info][gc             ] GC(2354) Pause Young (Allocation Failure) 4706M->2445M(4831M) 98.695ms
[6610.348s][info][gc,cpu         ] GC(2354) User=0.55s Sys=0.03s Real=0.10s
.[6611.638s][info][gc,start       ] GC(2355) Pause Young (Allocation Failure)
[6611.740s][info][gc,heap        ] GC(2355) PSYoungGen: 2566458K(2600960K)->166388K(2599936K) Eden: 2408960K(2408960K)->0K(2413568K) From: 157498K(192000K)->166388K(186368K)
[6611.740s][info][gc,heap        ] GC(2355) ParOldGen: 2346218K(2346496K)->2447058K(2447360K)
[6611.740s][info][gc,metaspace   ] GC(2355) Metaspace: 29104K(29376K)->29104K(29376K) NonClass: 26000K(26112K)->26000K(26112K) Class: 3103K(3264K)->3103K(3264K)
[6611.740s][info][gc             ] GC(2355) Pause Young (Allocation Failure) 4797M->2552M(4929M) 102.261ms
[6611.740s][info][gc,cpu         ] GC(2355) User=0.57s Sys=0.02s Real=0.10s
..[6613.096s][info][gc,start       ] GC(2356) Pause Young (Allocation Failure)
[6613.199s][info][gc,heap        ] GC(2356) PSYoungGen: 2579956K(2599936K)->168197K(2601984K) Eden: 2413568K(2413568K)->0K(2413568K) From: 166388K(186368K)->168197K(188416K)
[6613.199s][info][gc,heap        ] GC(2356) ParOldGen: 2447058K(2447360K)->2556250K(2556416K)
[6613.199s][info][gc,metaspace   ] GC(2356) Metaspace: 29104K(29376K)->29104K(29376K) NonClass: 26000K(26112K)->26000K(26112K) Class: 3103K(3264K)->3103K(3264K)
[6613.199s][info][gc             ] GC(2356) Pause Young (Allocation Failure) 4909M->2660M(5037M) 103.640ms
[6613.199s][info][gc,cpu         ] GC(2356) User=0.58s Sys=0.03s Real=0.10s
.[6614.574s][info][gc,start       ] GC(2357) Pause Young (Allocation Failure)
[6614.672s][info][gc,heap        ] GC(2357) PSYoungGen: 2581765K(2601984K)->155808K(2605056K) Eden: 2413568K(2413568K)->0K(2419712K) From: 168197K(188416K)->155808K(185344K)
[6614.672s][info][gc,heap        ] GC(2357) ParOldGen: 2556250K(2556416K)->2657594K(2657792K)
[6614.672s][info][gc,metaspace   ] GC(2357) Metaspace: 29104K(29376K)->29104K(29376K) NonClass: 26000K(26112K)->26000K(26112K) Class: 3103K(3264K)->3103K(3264K)
[6614.672s][info][gc             ] GC(2357) Pause Young (Allocation Failure) 5017M->2747M(5139M) 97.720ms
[6614.672s][info][gc,cpu         ] GC(2357) User=0.55s Sys=0.03s Real=0.09s
..[6616.033s][info][gc,start       ] GC(2358) Pause Young (Allocation Failure)
[6616.135s][info][gc,heap        ] GC(2358) PSYoungGen: 2575520K(2605056K)->167424K(2606592K) Eden: 2419712K(2419712K)->0K(2419712K) From: 155808K(185344K)->167424K(186880K)
[6616.135s][info][gc,heap        ] GC(2358) ParOldGen: 2657594K(2657792K)->2760074K(2760192K)
[6616.135s][info][gc,metaspace   ] GC(2358) Metaspace: 29104K(29376K)->29104K(29376K) NonClass: 26000K(26112K)->26000K(26112K) Class: 3103K(3264K)->3103K(3264K)
[6616.135s][info][gc             ] GC(2358) Pause Young (Allocation Failure) 5110M->2858M(5241M) 101.135ms
[6616.135s][info][gc,cpu         ] GC(2358) User=0.56s Sys=0.04s Real=0.10s
.[6617.524s][info][gc,start       ] GC(2359) Pause Young (Allocation Failure)
[6617.622s][info][gc,heap        ] GC(2359) PSYoungGen: 2587136K(2606592K)->153152K(2608640K) Eden: 2419712K(2419712K)->0K(2423296K) From: 167424K(186880K)->153152K(185344K)
[6617.622s][info][gc,heap        ] GC(2359) ParOldGen: 2760074K(2760192K)->2866722K(2867200K)
[6617.622s][info][gc,metaspace   ] GC(2359) Metaspace: 29104K(29376K)->29104K(29376K) NonClass: 26000K(26112K)->26000K(26112K) Class: 3103K(3264K)->3103K(3264K)
[6617.622s][info][gc             ] GC(2359) Pause Young (Allocation Failure) 5221M->2949M(5347M) 98.073ms
[6617.622s][info][gc,cpu         ] GC(2359) User=0.53s Sys=0.03s Real=0.09s
..[6619.037s][info][gc,start       ] GC(2360) Pause Young (Allocation Failure)
[6619.140s][info][gc,heap        ] GC(2360) PSYoungGen: 2576448K(2608640K)->170368K(2609152K) Eden: 2423296K(2423296K)->0K(2423296K) From: 153152K(185344K)->170368K(185856K)
[6619.140s][info][gc,heap        ] GC(2360) ParOldGen: 2866722K(2867200K)->2969594K(2969600K)
[6619.140s][info][gc,metaspace   ] GC(2360) Metaspace: 29104K(29376K)->29104K(29376K) NonClass: 26000K(26112K)->26000K(26112K) Class: 3103K(3264K)->3103K(3264K)
[6619.140s][info][gc             ] GC(2360) Pause Young (Allocation Failure) 5315M->3066M(5448M) 103.038ms
[6619.140s][info][gc,cpu         ] GC(2360) User=0.57s Sys=0.03s Real=0.10s
.[6620.496s][info][gc,start       ] GC(2361) Pause Young (Allocation Failure)
[6620.595s][info][gc,heap        ] GC(2361) PSYoungGen: 2593664K(2609152K)->150645K(2609664K) Eden: 2423296K(2423296K)->0K(2423296K) From: 170368K(185856K)->150645K(186368K)
[6620.595s][info][gc,heap        ] GC(2361) ParOldGen: 2969594K(2969600K)->3076226K(3076608K)
[6620.595s][info][gc,metaspace   ] GC(2361) Metaspace: 29104K(29376K)->29104K(29376K) NonClass: 26000K(26112K)->26000K(26112K) Class: 3103K(3264K)->3103K(3264K)
[6620.595s][info][gc             ] GC(2361) Pause Young (Allocation Failure) 5432M->3151M(5553M) 98.800ms
[6620.595s][info][gc,cpu         ] GC(2361) User=0.55s Sys=0.04s Real=0.10s
.[6621.912s][info][gc,start       ] GC(2362) Pause Young (Allocation Failure)
[6622.016s][info][gc,heap        ] GC(2362) PSYoungGen: 2573941K(2609664K)->165568K(2589184K) Eden: 2423296K(2423296K)->0K(2423296K) From: 150645K(186368K)->165568K(165888K)
[6622.016s][info][gc,heap        ] GC(2362) ParOldGen: 3076226K(3076608K)->3178418K(3178496K)
[6622.016s][info][gc,metaspace   ] GC(2362) Metaspace: 29104K(29376K)->29104K(29376K) NonClass: 26000K(26112K)->26000K(26112K) Class: 3103K(3264K)->3103K(3264K)
[6622.016s][info][gc             ] GC(2362) Pause Young (Allocation Failure) 5517M->3265M(5632M) 103.950ms
[6622.016s][info][gc,cpu         ] GC(2362) User=0.59s Sys=0.02s Real=0.11s
..[6623.429s][info][gc,start       ] GC(2363) Pause Young (Allocation Failure)
[6623.530s][info][gc,heap        ] GC(2363) PSYoungGen: 2588864K(2589184K)->160352K(2609664K) Eden: 2423296K(2423296K)->0K(2424832K) From: 165568K(165888K)->160352K(184832K)
[6623.530s][info][gc,heap        ] GC(2363) ParOldGen: 3178418K(3178496K)->3281562K(3281920K)
[6623.530s][info][gc,metaspace   ] GC(2363) Metaspace: 29104K(29376K)->29104K(29376K) NonClass: 26000K(26112K)->26000K(26112K) Class: 3103K(3264K)->3103K(3264K)
[6623.530s][info][gc             ] GC(2363) Pause Young (Allocation Failure) 5632M->3361M(5753M) 100.667ms
[6623.530s][info][gc,cpu         ] GC(2363) User=0.56s Sys=0.03s Real=0.10s
.[6624.872s][info][gc,start       ] GC(2364) Pause Young (Allocation Failure)
[6624.972s][info][gc,heap        ] GC(2364) PSYoungGen: 2585184K(2609664K)->158928K(2608128K) Eden: 2424832K(2424832K)->0K(2424832K) From: 160352K(184832K)->158928K(183296K)
[6624.972s][info][gc,heap        ] GC(2364) ParOldGen: 3281562K(3281920K)->3390586K(3390976K)
[6624.972s][info][gc,metaspace   ] GC(2364) Metaspace: 29104K(29376K)->29104K(29376K) NonClass: 26000K(26112K)->26000K(26112K) Class: 3103K(3264K)->3103K(3264K)
[6624.972s][info][gc             ] GC(2364) Pause Young (Allocation Failure) 5729M->3466M(5858M) 100.516ms
[6624.972s][info][gc,cpu         ] GC(2364) User=0.56s Sys=0.03s Real=0.10s
..[6626.437s][info][gc,start       ] GC(2365) Pause Young (Allocation Failure)
[6626.534s][info][gc,heap        ] GC(2365) PSYoungGen: 2583760K(2608128K)->152672K(2610176K) Eden: 2424832K(2424832K)->0K(2428416K) From: 158928K(183296K)->152672K(181760K)
[6626.534s][info][gc,heap        ] GC(2365) ParOldGen: 3390586K(3390976K)->3492050K(3492352K)
[6626.534s][info][gc,metaspace   ] GC(2365) Metaspace: 29104K(29376K)->29104K(29376K) NonClass: 26000K(26112K)->26000K(26112K) Class: 3103K(3264K)->3103K(3264K)
[6626.534s][info][gc             ] GC(2365) Pause Young (Allocation Failure) 5834M->3559M(5959M) 97.141ms
[6626.534s][info][gc,cpu         ] GC(2365) User=0.55s Sys=0.02s Real=0.10s
.[6627.992s][info][gc,start       ] GC(2366) Pause Young (Allocation Failure)
[6628.091s][info][gc,heap        ] GC(2366) PSYoungGen: 2581088K(2610176K)->160448K(2609664K) Eden: 2428416K(2428416K)->0K(2428416K) From: 152672K(181760K)->160448K(181248K)
[6628.091s][info][gc,heap        ] GC(2366) ParOldGen: 3492050K(3492352K)->3598226K(3598336K)
[6628.091s][info][gc,metaspace   ] GC(2366) Metaspace: 29104K(29376K)->29104K(29376K) NonClass: 26000K(26112K)->26000K(26112K) Class: 3103K(3264K)->3103K(3264K)
[6628.092s][info][gc             ] GC(2366) Pause Young (Allocation Failure) 5930M->3670M(6062M) 99.949ms
[6628.092s][info][gc,cpu         ] GC(2366) User=0.55s Sys=0.04s Real=0.10s
..[6629.584s][info][gc,start       ] GC(2367) Pause Young (Allocation Failure)
[6629.680s][info][gc,heap        ] GC(2367) PSYoungGen: 2588864K(2609664K)->148672K(2612736K) Eden: 2428416K(2428416K)->0K(2433024K) From: 160448K(181248K)->148672K(179712K)
[6629.680s][info][gc,heap        ] GC(2367) ParOldGen: 3598226K(3598336K)->3703010K(3703296K)
[6629.680s][info][gc,metaspace   ] GC(2367) Metaspace: 29104K(29376K)->29104K(29376K) NonClass: 26000K(26112K)->26000K(26112K) Class: 3103K(3264K)->3103K(3264K)
[6629.681s][info][gc             ] GC(2367) Pause Young (Allocation Failure) 6042M->3761M(6168M) 96.813ms
[6629.681s][info][gc,cpu         ] GC(2367) User=0.54s Sys=0.03s Real=0.09s
.[6631.088s][info][gc,start       ] GC(2368) Pause Young (Allocation Failure)
[6631.188s][info][gc,heap        ] GC(2368) PSYoungGen: 2581696K(2612736K)->165600K(2612736K) Eden: 2433024K(2433024K)->0K(2433024K) From: 148672K(179712K)->165600K(179712K)
[6631.188s][info][gc,heap        ] GC(2368) ParOldGen: 3703010K(3703296K)->3802106K(3802112K)
[6631.188s][info][gc,metaspace   ] GC(2368) Metaspace: 29104K(29376K)->29104K(29376K) NonClass: 26000K(26112K)->26000K(26112K) Class: 3103K(3264K)->3103K(3264K)
[6631.188s][info][gc             ] GC(2368) Pause Young (Allocation Failure) 6137M->3874M(6264M) 100.356ms
[6631.188s][info][gc,cpu         ] GC(2368) User=0.56s Sys=0.03s Real=0.10s
..[6632.639s][info][gc,start       ] GC(2369) Pause Young (Allocation Failure)
[6632.742s][info][gc,heap        ] GC(2369) PSYoungGen: 2598624K(2612736K)->162228K(2613760K) Eden: 2433024K(2433024K)->0K(2436096K) From: 165600K(179712K)->162228K(177664K)
[6632.742s][info][gc,heap        ] GC(2369) ParOldGen: 3802106K(3802112K)->3909314K(3909632K)
[6632.742s][info][gc,metaspace   ] GC(2369) Metaspace: 29104K(29376K)->29104K(29376K) NonClass: 26000K(26112K)->26000K(26112K) Class: 3103K(3264K)->3103K(3264K)
[6632.742s][info][gc             ] GC(2369) Pause Young (Allocation Failure) 6250M->3976M(6370M) 102.422ms
[6632.742s][info][gc,cpu         ] GC(2369) User=0.57s Sys=0.03s Real=0.10s
.[6634.071s][info][gc,start       ] GC(2370) Pause Young (Allocation Failure)
[6634.177s][info][gc,heap        ] GC(2370) PSYoungGen: 2598324K(2613760K)->171712K(2614784K) Eden: 2436096K(2436096K)->0K(2436096K) From: 162228K(177664K)->171712K(178688K)
[6634.177s][info][gc,heap        ] GC(2370) ParOldGen: 3909314K(3909632K)->4014258K(4014592K)
[6634.177s][info][gc,metaspace   ] GC(2370) Metaspace: 29104K(29376K)->29104K(29376K) NonClass: 26000K(26112K)->26000K(26112K) Class: 3103K(3264K)->3103K(3264K)
[6634.177s][info][gc             ] GC(2370) Pause Young (Allocation Failure) 6355M->4087M(6474M) 106.448ms
[6634.177s][info][gc,cpu         ] GC(2370) User=0.59s Sys=0.03s Real=0.11s
..[6635.538s][info][gc,start       ] GC(2371) Pause Young (Allocation Failure)
[6635.645s][info][gc,heap        ] GC(2371) PSYoungGen: 2607808K(2614784K)->156757K(2615808K) Eden: 2436096K(2436096K)->0K(2434560K) From: 171712K(178688K)->156757K(181248K)
[6635.645s][info][gc,heap        ] GC(2371) ParOldGen: 4014258K(4014592K)->4118282K(4118528K)
[6635.645s][info][gc,metaspace   ] GC(2371) Metaspace: 29104K(29376K)->29104K(29376K) NonClass: 26000K(26112K)->26000K(26112K) Class: 3103K(3264K)->3103K(3264K)
[6635.645s][info][gc             ] GC(2371) Pause Young (Allocation Failure) 6466M->4174M(6576M) 106.370ms
[6635.645s][info][gc,cpu         ] GC(2371) User=0.53s Sys=0.03s Real=0.11s
.[6637.063s][info][gc,start       ] GC(2372) Pause Young (Allocation Failure)
[6637.172s][info][gc,heap        ] GC(2372) PSYoungGen: 2591317K(2615808K)->180212K(2614784K) Eden: 2434560K(2434560K)->0K(2434560K) From: 156757K(181248K)->180212K(180224K)
[6637.172s][info][gc,heap        ] GC(2372) ParOldGen: 4118282K(4118528K)->4220994K(4221440K)
[6637.172s][info][gc,metaspace   ] GC(2372) Metaspace: 29104K(29376K)->29104K(29376K) NonClass: 26000K(26112K)->26000K(26112K) Class: 3103K(3264K)->3103K(3264K)
[6637.172s][info][gc             ] GC(2372) Pause Young (Allocation Failure) 6552M->4298M(6676M) 108.913ms
[6637.172s][info][gc,cpu         ] GC(2372) User=0.61s Sys=0.04s Real=0.10s
..[6638.675s][info][gc,start       ] GC(2373) Pause Young (Allocation Failure)
[6638.778s][info][gc,heap        ] GC(2373) PSYoungGen: 2614772K(2614784K)->163952K(2537984K) Eden: 2434560K(2434560K)->0K(2356736K) From: 180212K(180224K)->163952K(181248K)
[6638.778s][info][gc,heap        ] GC(2373) ParOldGen: 4220994K(4221440K)->4326554K(4326912K)
[6638.778s][info][gc,metaspace   ] GC(2373) Metaspace: 29104K(29376K)->29104K(29376K) NonClass: 26000K(26112K)->26000K(26112K) Class: 3103K(3264K)->3103K(3264K)
[6638.778s][info][gc             ] GC(2373) Pause Young (Allocation Failure) 6675M->4385M(6704M) 102.608ms
[6638.778s][info][gc,cpu         ] GC(2373) User=0.58s Sys=0.03s Real=0.10s
.[6640.087s][info][gc,start       ] GC(2374) Pause Young (Allocation Failure)
[6640.188s][info][gc,heap        ] GC(2374) PSYoungGen: 2520688K(2537984K)->155968K(2576384K) Eden: 2356736K(2356736K)->0K(2356736K) From: 163952K(181248K)->155968K(219648K)
[6640.188s][info][gc,heap        ] GC(2374) ParOldGen: 4326554K(4326912K)->4433914K(4433920K)
[6640.188s][info][gc,metaspace   ] GC(2374) Metaspace: 29104K(29376K)->29104K(29376K) NonClass: 26000K(26112K)->26000K(26112K) Class: 3103K(3264K)->3103K(3264K)
[6640.188s][info][gc             ] GC(2374) Pause Young (Allocation Failure) 6686M->4482M(6846M) 101.111ms
[6640.188s][info][gc,cpu         ] GC(2374) User=0.55s Sys=0.04s Real=0.10s
.[6641.490s][info][gc,start       ] GC(2375) Pause Young (Allocation Failure)
[6641.601s][info][gc,heap        ] GC(2375) PSYoungGen: 2512704K(2576384K)->161169K(2568704K) Eden: 2356736K(2356736K)->0K(2358272K) From: 155968K(219648K)->161169K(210432K)
[6641.601s][info][gc,heap        ] GC(2375) ParOldGen: 4433914K(4433920K)->4532730K(4532736K)
[6641.601s][info][gc,metaspace   ] GC(2375) Metaspace: 29104K(29376K)->29104K(29376K) NonClass: 26000K(26112K)->26000K(26112K) Class: 3103K(3264K)->3103K(3264K)
[6641.601s][info][gc             ] GC(2375) Pause Young (Allocation Failure) 6783M->4583M(6935M) 111.773ms
[6641.601s][info][gc,cpu         ] GC(2375) User=0.58s Sys=0.02s Real=0.11s
..[6642.850s][info][gc,start       ] GC(2376) Pause Young (Allocation Failure)
[6642.954s][info][gc,heap        ] GC(2376) PSYoungGen: 2519441K(2568704K)->167936K(2573312K) Eden: 2358272K(2358272K)->0K(2358272K) From: 161169K(210432K)->167936K(215040K)
[6642.954s][info][gc,heap        ] GC(2376) ParOldGen: 4532730K(4532736K)->4635298K(4635648K)
[6642.954s][info][gc,metaspace   ] GC(2376) Metaspace: 29104K(29376K)->29104K(29376K) NonClass: 26000K(26112K)->26000K(26112K) Class: 3103K(3264K)->3103K(3264K)
[6642.954s][info][gc             ] GC(2376) Pause Young (Allocation Failure) 6886M->4690M(7040M) 104.552ms
[6642.954s][info][gc,cpu         ] GC(2376) User=0.58s Sys=0.04s Real=0.11s
.[6644.351s][info][gc,start       ] GC(2377) Pause Young (Allocation Failure)
[6644.451s][info][gc,heap        ] GC(2377) PSYoungGen: 2526208K(2573312K)->155520K(2576384K) Eden: 2358272K(2358272K)->0K(2370048K) From: 167936K(215040K)->155520K(206336K)
[6644.451s][info][gc,heap        ] GC(2377) ParOldGen: 4635298K(4635648K)->4739002K(4739072K)
[6644.451s][info][gc,metaspace   ] GC(2377) Metaspace: 29104K(29376K)->29104K(29376K) NonClass: 26000K(26112K)->26000K(26112K) Class: 3103K(3264K)->3103K(3264K)
[6644.451s][info][gc             ] GC(2377) Pause Young (Allocation Failure) 6993M->4779M(7144M) 100.213ms
[6644.451s][info][gc,cpu         ] GC(2377) User=0.56s Sys=0.03s Real=0.10s
..[6645.829s][info][gc,start       ] GC(2378) Pause Young (Allocation Failure)
[6645.929s][info][gc,heap        ] GC(2378) PSYoungGen: 2525568K(2576384K)->155936K(2578944K) Eden: 2370048K(2370048K)->0K(2370048K) From: 155520K(206336K)->155936K(208896K)
[6645.929s][info][gc,heap        ] GC(2378) ParOldGen: 4739002K(4739072K)->4843634K(4844032K)
[6645.929s][info][gc,metaspace   ] GC(2378) Metaspace: 29104K(29376K)->29104K(29376K) NonClass: 26000K(26112K)->26000K(26112K) Class: 3103K(3264K)->3103K(3264K)
[6645.929s][info][gc             ] GC(2378) Pause Young (Allocation Failure) 7094M->4882M(7249M) 100.505ms
[6645.929s][info][gc,cpu         ] GC(2378) User=0.56s Sys=0.03s Real=0.10s
.[6647.323s][info][gc,start       ] GC(2379) Pause Young (Allocation Failure)
[6647.426s][info][gc,heap        ] GC(2379) PSYoungGen: 2525984K(2578944K)->160596K(2581504K) Eden: 2370048K(2370048K)->0K(2380288K) From: 155936K(208896K)->160596K(201216K)
[6647.426s][info][gc,heap        ] GC(2379) ParOldGen: 4843634K(4844032K)->4945602K(4945920K)
[6647.426s][info][gc,metaspace   ] GC(2379) Metaspace: 29104K(29376K)->29104K(29376K) NonClass: 26000K(26112K)->26000K(26112K) Class: 3103K(3264K)->3103K(3264K)
[6647.426s][info][gc             ] GC(2379) Pause Young (Allocation Failure) 7196M->4986M(7351M) 102.959ms
[6647.426s][info][gc,cpu         ] GC(2379) User=0.56s Sys=0.04s Real=0.10s
.[6648.712s][info][gc,start       ] GC(2380) Pause Young (Allocation Failure)
[6648.814s][info][gc,heap        ] GC(2380) PSYoungGen: 2540884K(2581504K)->162436K(2584576K) Eden: 2380288K(2380288K)->0K(2380288K) From: 160596K(201216K)->162436K(204288K)
[6648.814s][info][gc,heap        ] GC(2380) ParOldGen: 4945602K(4945920K)->5048146K(5048320K)
[6648.814s][info][gc,metaspace   ] GC(2380) Metaspace: 29104K(29376K)->29104K(29376K) NonClass: 26000K(26112K)->26000K(26112K) Class: 3103K(3264K)->3103K(3264K)
[6648.814s][info][gc             ] GC(2380) Pause Young (Allocation Failure) 7311M->5088M(7454M) 101.682ms
[6648.814s][info][gc,cpu         ] GC(2380) User=0.56s Sys=0.03s Real=0.11s
. (rIR:aIR:PR = 11485:11483:11482) (tPR = 172121) [OK] 
  6648s: Performance info:
         Transaction,    Success,    Partial,     Failed,   Receipts, AvgBarcode, 
             Overall,     691394,          0,          0,     656688,      59.48, 
         Response times:
             Request,    Success,    Partial,     Failed,   SkipFail,     Probes,    Samples,      min,      p50,      p90,      p95,      p99,      max, 
       TotalPurchase,     656666,          0,          0,          0,     310274,     468965,      300,    34000,   312000,   585000,   850000,  1300000,
     InStorePurchase,     344161,          0,          0,          0,     162537,     246174,      300,    34000,   314000,   585000,   850000,  1300000,
      OnlinePurchase,     244550,          0,          0,          0,     114366,     172721,      300,    35000,   308000,   562000,   780000,  1300000,
        InstPurchase,      67955,          0,          0,          0,      33371,      50070,      400,    36000,   310000,   660000,   970000,  1300000,
          AssocOfCat,        692,          0,          0,          0,        534,        876,    25000,    87000,   360000,   582000,  1100000,  1500000,
      AssocOfProduct,       6900,          0,          0,          0,       3796,       5732,      900,    38000,   297000,   527000,  1100000,  1500000,
      BusinessReport,       1733,          0,          0,          0,       1443,       2268,    36000,   107000,   353000,   640000,  1200000,  1700000,
          CustBuyBeh,       6814,          0,          0,          0,       3738,       5622,      100,    31000,   252000,   439000,   810000,  1600000,
       ProductReturn,      18735,          0,          0,          0,       8399,      12704,      300,    35000,   304500,   557000,  1200000,  1500000,

  6648s: (84%)   IR =  11623 .[6650.241s][info][gc,start       ] GC(2381) Pause Young (Allocation Failure)
[6650.345s][info][gc,heap        ] GC(2381) PSYoungGen: 2542724K(2584576K)->163169K(2585600K) Eden: 2380288K(2380288K)->0K(2390528K) From: 162436K(204288K)->163169K(195072K)
[6650.345s][info][gc,heap        ] GC(2381) ParOldGen: 5048146K(5048320K)->5151514K(5151744K)
[6650.345s][info][gc,metaspace   ] GC(2381) Metaspace: 29104K(29376K)->29104K(29376K) NonClass: 26000K(26112K)->26000K(26112K) Class: 3103K(3264K)->3103K(3264K)
[6650.345s][info][gc             ] GC(2381) Pause Young (Allocation Failure) 7412M->5190M(7556M) 104.155ms
[6650.345s][info][gc,cpu         ] GC(2381) User=0.58s Sys=0.02s Real=0.11s
.[6651.706s][info][gc,start       ] GC(2382) Pause Young (Allocation Failure)
[6651.813s][info][gc,heap        ] GC(2382) PSYoungGen: 2553697K(2585600K)->166425K(2588672K) Eden: 2390528K(2390528K)->0K(2390528K) From: 163169K(195072K)->166425K(198144K)
[6651.813s][info][gc,heap        ] GC(2382) ParOldGen: 5151514K(5151744K)->5255810K(5256192K)
[6651.813s][info][gc,metaspace   ] GC(2382) Metaspace: 29104K(29376K)->29104K(29376K) NonClass: 26000K(26112K)->26000K(26112K) Class: 3103K(3264K)->3103K(3264K)
[6651.813s][info][gc             ] GC(2382) Pause Young (Allocation Failure) 7524M->5295M(7661M) 106.702ms
[6651.813s][info][gc,cpu         ] GC(2382) User=0.60s Sys=0.03s Real=0.10s
..[6653.210s][info][gc,start       ] GC(2383) Pause Young (Allocation Failure)
[6653.309s][info][gc,heap        ] GC(2383) PSYoungGen: 2556953K(2588672K)->155200K(2595840K) Eden: 2390528K(2390528K)->0K(2402816K) From: 166425K(198144K)->155200K(193024K)
[6653.309s][info][gc,heap        ] GC(2383) ParOldGen: 5255810K(5256192K)->5357634K(5358080K)
[6653.309s][info][gc,metaspace   ] GC(2383) Metaspace: 29104K(29376K)->29104K(29376K) NonClass: 26000K(26112K)->26000K(26112K) Class: 3103K(3264K)->3103K(3264K)
[6653.309s][info][gc             ] GC(2383) Pause Young (Allocation Failure) 7629M->5383M(7767M) 98.815ms
[6653.309s][info][gc,cpu         ] GC(2383) User=0.55s Sys=0.03s Real=0.10s
.[6654.606s][info][gc,start       ] GC(2384) Pause Young (Allocation Failure)
[6654.711s][info][gc,heap        ] GC(2384) PSYoungGen: 2558016K(2595840K)->163104K(2596864K) Eden: 2402816K(2402816K)->0K(2402816K) From: 155200K(193024K)->163104K(194048K)
[6654.711s][info][gc,heap        ] GC(2384) ParOldGen: 5357634K(5358080K)->5464450K(5464576K)
[6654.711s][info][gc,metaspace   ] GC(2384) Metaspace: 29104K(29376K)->29104K(29376K) NonClass: 26000K(26112K)->26000K(26112K) Class: 3103K(3264K)->3103K(3264K)
[6654.711s][info][gc             ] GC(2384) Pause Young (Allocation Failure) 7730M->5495M(7872M) 104.414ms
[6654.711s][info][gc,cpu         ] GC(2384) User=0.58s Sys=0.03s Real=0.10s
.[6656.059s][info][gc,start       ] GC(2385) Pause Young (Allocation Failure)
[6656.164s][info][gc,heap        ] GC(2385) PSYoungGen: 2565920K(2596864K)->163273K(2598400K) Eden: 2402816K(2402816K)->0K(2410496K) From: 163104K(194048K)->163273K(187904K)
[6656.164s][info][gc,heap        ] GC(2385) ParOldGen: 5464450K(5464576K)->5568530K(5569024K)
[6656.164s][info][gc,metaspace   ] GC(2385) Metaspace: 29104K(29376K)->29104K(29376K) NonClass: 26000K(26112K)->26000K(26112K) Class: 3103K(3264K)->3103K(3264K)
[6656.164s][info][gc             ] GC(2385) Pause Young (Allocation Failure) 7842M->5597M(7976M) 104.585ms
[6656.164s][info][gc,cpu         ] GC(2385) User=0.56s Sys=0.04s Real=0.11s
..[6657.548s][info][gc,start       ] GC(2386) Pause Full (Allocation Failure)
[6657.548s][info][gc,phases,start] GC(2386) Marking Phase
[6657.874s][info][gc,phases      ] GC(2386) Marking Phase 325.454ms
[6657.874s][info][gc,phases,start] GC(2386) Summary Phase
[6657.874s][info][gc,phases      ] GC(2386) Summary Phase 0.107ms
[6657.874s][info][gc,phases,start] GC(2386) Forward
[6658.006s][info][gc,phases      ] GC(2386) Forward 132.112ms
[6658.006s][info][gc,phases,start] GC(2386) Adjust Pointers
[6658.221s][info][gc,phases      ] GC(2386) Adjust Pointers 215.088ms
[6658.221s][info][gc,phases,start] GC(2386) Compaction Phase
[6658.371s][info][gc,phases      ] GC(2386) Compaction Phase 149.588ms
[6658.372s][info][gc,phases,start] GC(2386) Post Compact
[6658.379s][info][gc,phases      ] GC(2386) Post Compact 7.050ms
[6658.511s][info][gc,heap        ] GC(2386) PSYoungGen: 2573769K(2598400K)->0K(2599424K) Eden: 2410496K(2410496K)->0K(2410496K) From: 163273K(187904K)->0K(188928K)
[6658.511s][info][gc,heap        ] GC(2386) ParOldGen: 5568530K(5569024K)->1625771K(2204672K)
[6658.511s][info][gc,metaspace   ] GC(2386) Metaspace: 29104K(29376K)->29090K(29376K) NonClass: 26000K(26112K)->25990K(26112K) Class: 3103K(3264K)->3099K(3264K)
[6658.511s][info][gc             ] GC(2386) Pause Full (Allocation Failure) 7951M->1587M(4691M) 962.583ms
[6658.511s][info][gc,cpu         ] GC(2386) User=4.44s Sys=0.14s Real=0.96s
..[6659.885s][info][gc,start       ] GC(2387) Pause Young (Allocation Failure)
[6659.952s][info][gc,heap        ] GC(2387) PSYoungGen: 2410496K(2599424K)->159589K(2604032K) Eden: 2410496K(2410496K)->0K(2418176K) From: 0K(188928K)->159589K(185856K)
[6659.953s][info][gc,heap        ] GC(2387) ParOldGen: 1625771K(2204672K)->1625771K(2204672K)
[6659.953s][info][gc,metaspace   ] GC(2387) Metaspace: 29090K(29376K)->29090K(29376K) NonClass: 25991K(26112K)->25991K(26112K) Class: 3099K(3264K)->3099K(3264K)
[6659.953s][info][gc             ] GC(2387) Pause Young (Allocation Failure) 3941M->1743M(4696M) 67.878ms
[6659.953s][info][gc,cpu         ] GC(2387) User=0.39s Sys=0.01s Real=0.06s
.[6661.164s][info][gc,start       ] GC(2388) Pause Young (Allocation Failure)
[6661.261s][info][gc,heap        ] GC(2388) PSYoungGen: 2577765K(2604032K)->171904K(2605568K) Eden: 2418176K(2418176K)->0K(2418176K) From: 159589K(185856K)->171904K(187392K)
[6661.261s][info][gc,heap        ] GC(2388) ParOldGen: 1625771K(2204672K)->1726723K(2204672K)
[6661.261s][info][gc,metaspace   ] GC(2388) Metaspace: 29090K(29376K)->29090K(29376K) NonClass: 25991K(26112K)->25991K(26112K) Class: 3099K(3264K)->3099K(3264K)
[6661.261s][info][gc             ] GC(2388) Pause Young (Allocation Failure) 4105M->1854M(4697M) 97.404ms
[6661.261s][info][gc,cpu         ] GC(2388) User=0.58s Sys=0.00s Real=0.09s
.[6662.508s][info][gc,start       ] GC(2389) Pause Young (Allocation Failure)
[6662.658s][info][gc,heap        ] GC(2389) PSYoungGen: 2590080K(2605568K)->179296K(2601984K) Eden: 2418176K(2418176K)->0K(2414080K) From: 171904K(187392K)->179296K(187904K)
[6662.658s][info][gc,heap        ] GC(2389) ParOldGen: 1726723K(2204672K)->1835003K(2204672K)
[6662.658s][info][gc,metaspace   ] GC(2389) Metaspace: 29090K(29376K)->29090K(29376K) NonClass: 25991K(26112K)->25991K(26112K) Class: 3099K(3264K)->3099K(3264K)
[6662.658s][info][gc             ] GC(2389) Pause Young (Allocation Failure) 4215M->1967M(4694M) 150.326ms
[6662.658s][info][gc,cpu         ] GC(2389) User=0.61s Sys=0.01s Real=0.15s
.[6663.950s][info][gc,start       ] GC(2390) Pause Young (Allocation Failure)
[6664.043s][info][gc,heap        ] GC(2390) PSYoungGen: 2593376K(2601984K)->153696K(2605056K) Eden: 2414080K(2414080K)->0K(2414080K) From: 179296K(187904K)->153696K(190976K)
[6664.043s][info][gc,heap        ] GC(2390) ParOldGen: 1835003K(2204672K)->1944051K(2204672K)
[6664.043s][info][gc,metaspace   ] GC(2390) Metaspace: 29090K(29376K)->29090K(29376K) NonClass: 25991K(26112K)->25991K(26112K) Class: 3099K(3264K)->3099K(3264K)
[6664.043s][info][gc             ] GC(2390) Pause Young (Allocation Failure) 4324M->2048M(4697M) 93.530ms
[6664.043s][info][gc,cpu         ] GC(2390) User=0.55s Sys=0.00s Real=0.09s
.[6665.319s][info][gc,start       ] GC(2391) Pause Young (Allocation Failure)
[6665.420s][info][gc,heap        ] GC(2391) PSYoungGen: 2567776K(2605056K)->171436K(2604032K) Eden: 2414080K(2414080K)->0K(2414080K) From: 153696K(190976K)->171436K(189952K)
[6665.420s][info][gc,heap        ] GC(2391) ParOldGen: 1944051K(2204672K)->2042211K(2204672K)
[6665.420s][info][gc,metaspace   ] GC(2391) Metaspace: 29090K(29376K)->29090K(29376K) NonClass: 25991K(26112K)->25991K(26112K) Class: 3099K(3264K)->3099K(3264K)
[6665.420s][info][gc             ] GC(2391) Pause Young (Allocation Failure) 4406M->2161M(4696M) 100.808ms
[6665.420s][info][gc,cpu         ] GC(2391) User=0.59s Sys=0.00s Real=0.10s
.[6666.678s][info][gc,start       ] GC(2392) Pause Young (Allocation Failure)
[6666.774s][info][gc,heap        ] GC(2392) PSYoungGen: 2585516K(2604032K)->162547K(2576896K) Eden: 2414080K(2414080K)->0K(2414080K) From: 171436K(189952K)->162547K(162816K)
[6666.774s][info][gc,heap        ] GC(2392) ParOldGen: 2042211K(2204672K)->2145731K(2204672K)
[6666.774s][info][gc,metaspace   ] GC(2392) Metaspace: 29090K(29376K)->29090K(29376K) NonClass: 25991K(26112K)->25991K(26112K) Class: 3099K(3264K)->3099K(3264K)
[6666.774s][info][gc             ] GC(2392) Pause Young (Allocation Failure) 4519M->2254M(4669M) 95.140ms
[6666.774s][info][gc,cpu         ] GC(2392) User=0.56s Sys=0.00s Real=0.10s
..[6668.066s][info][gc,start       ] GC(2393) Pause Young (Allocation Failure)
[6668.166s][info][gc,heap        ] GC(2393) PSYoungGen: 2576627K(2576896K)->166848K(2605568K) Eden: 2414080K(2414080K)->0K(2417152K) From: 162547K(162816K)->166848K(188416K)
[6668.166s][info][gc,heap        ] GC(2393) ParOldGen: 2145731K(2204672K)->2252515K(2252800K)
[6668.166s][info][gc,metaspace   ] GC(2393) Metaspace: 29090K(29376K)->29090K(29376K) NonClass: 25991K(26112K)->25991K(26112K) Class: 3099K(3264K)->3099K(3264K)
[6668.166s][info][gc             ] GC(2393) Pause Young (Allocation Failure) 4611M->2362M(4744M) 100.129ms
[6668.166s][info][gc,cpu         ] GC(2393) User=0.56s Sys=0.03s Real=0.10s
.[6669.472s][info][gc,start       ] GC(2394) Pause Young (Allocation Failure)
[6669.620s][info][gc,heap        ] GC(2394) PSYoungGen: 2584000K(2605568K)->158675K(2604032K) Eden: 2417152K(2417152K)->0K(2417152K) From: 166848K(188416K)->158675K(186880K)
[6669.620s][info][gc,heap        ] GC(2394) ParOldGen: 2252515K(2252800K)->2359123K(2359296K)
[6669.620s][info][gc,metaspace   ] GC(2394) Metaspace: 29090K(29376K)->29090K(29376K) NonClass: 25991K(26112K)->25991K(26112K) Class: 3099K(3264K)->3099K(3264K)
[6669.620s][info][gc             ] GC(2394) Pause Young (Allocation Failure) 4723M->2458M(4847M) 147.777ms
[6669.620s][info][gc,cpu         ] GC(2394) User=0.57s Sys=0.03s Real=0.15s
.[6670.919s][info][gc,start       ] GC(2395) Pause Young (Allocation Failure)
[6671.024s][info][gc,heap        ] GC(2395) PSYoungGen: 2575827K(2604032K)->174388K(2605056K) Eden: 2417152K(2417152K)->0K(2419200K) From: 158675K(186880K)->174388K(185856K)
[6671.024s][info][gc,heap        ] GC(2395) ParOldGen: 2359123K(2359296K)->2458659K(2459136K)
[6671.024s][info][gc,metaspace   ] GC(2395) Metaspace: 29090K(29376K)->29090K(29376K) NonClass: 25991K(26112K)->25991K(26112K) Class: 3099K(3264K)->3099K(3264K)
[6671.024s][info][gc             ] GC(2395) Pause Young (Allocation Failure) 4819M->2571M(4945M) 105.062ms
[6671.024s][info][gc,cpu         ] GC(2395) User=0.59s Sys=0.03s Real=0.11s
..[6672.322s][info][gc,start       ] GC(2396) Pause Young (Allocation Failure)
[6672.420s][info][gc,heap        ] GC(2396) PSYoungGen: 2593588K(2605056K)->154208K(2606592K) Eden: 2419200K(2419200K)->0K(2419200K) From: 174388K(185856K)->154208K(187392K)
[6672.420s][info][gc,heap        ] GC(2396) ParOldGen: 2458659K(2459136K)->2561323K(2561536K)
[6672.420s][info][gc,metaspace   ] GC(2396) Metaspace: 29090K(29376K)->29090K(29376K) NonClass: 25991K(26112K)->25991K(26112K) Class: 3099K(3264K)->3099K(3264K)
[6672.420s][info][gc             ] GC(2396) Pause Young (Allocation Failure) 4933M->2651M(5047M) 97.555ms
[6672.420s][info][gc,cpu         ] GC(2396) User=0.55s Sys=0.03s Real=0.10s
.[6673.769s][info][gc,start       ] GC(2397) Pause Young (Allocation Failure)
[6673.876s][info][gc,heap        ] GC(2397) PSYoungGen: 2573408K(2606592K)->170682K(2608640K) Eden: 2419200K(2419200K)->0K(2421248K) From: 154208K(187392K)->170682K(187392K)
[6673.876s][info][gc,heap        ] GC(2397) ParOldGen: 2561323K(2561536K)->2670371K(2670592K)
[6673.876s][info][gc,metaspace   ] GC(2397) Metaspace: 29090K(29376K)->29090K(29376K) NonClass: 25991K(26112K)->25991K(26112K) Class: 3099K(3264K)->3099K(3264K)
[6673.876s][info][gc             ] GC(2397) Pause Young (Allocation Failure) 5014M->2774M(5155M) 106.509ms
[6673.876s][info][gc,cpu         ] GC(2397) User=0.58s Sys=0.05s Real=0.11s
.|[6675.206s][info][gc,start       ] GC(2398) Pause Young (Allocation Failure)
[6675.300s][info][gc,heap        ] GC(2398) PSYoungGen: 2591930K(2608640K)->144832K(2566144K) Eden: 2421248K(2421248K)->0K(2421248K) From: 170682K(187392K)->144832K(144896K)
[6675.300s][info][gc,heap        ] GC(2398) ParOldGen: 2670371K(2670592K)->2774627K(2775040K)
[6675.300s][info][gc,metaspace   ] GC(2398) Metaspace: 29090K(29376K)->29090K(29376K) NonClass: 25991K(26112K)->25991K(26112K) Class: 3099K(3264K)->3099K(3264K)
[6675.300s][info][gc             ] GC(2398) Pause Young (Allocation Failure) 5138M->2851M(5216M) 94.272ms
[6675.300s][info][gc,cpu         ] GC(2398) User=0.52s Sys=0.03s Real=0.09s
..[6676.636s][info][gc,start       ] GC(2399) Pause Young (Allocation Failure)
[6676.734s][info][gc,heap        ] GC(2399) PSYoungGen: 2566080K(2566144K)->158784K(2609152K) Eden: 2421248K(2421248K)->0K(2420736K) From: 144832K(144896K)->158784K(188416K)
[6676.734s][info][gc,heap        ] GC(2399) ParOldGen: 2774627K(2775040K)->2875267K(2875392K)
[6676.734s][info][gc,metaspace   ] GC(2399) Metaspace: 29090K(29376K)->29090K(29376K) NonClass: 25991K(26112K)->25991K(26112K) Class: 3099K(3264K)->3099K(3264K)
[6676.734s][info][gc             ] GC(2399) Pause Young (Allocation Failure) 5215M->2962M(5356M) 98.231ms
[6676.734s][info][gc,cpu         ] GC(2399) User=0.55s Sys=0.03s Real=0.10s
.[6678.206s][info][gc,start       ] GC(2400) Pause Young (Allocation Failure)
[6678.307s][info][gc,heap        ] GC(2400) PSYoungGen: 2579520K(2609152K)->167456K(2588672K) Eden: 2420736K(2420736K)->0K(2420736K) From: 158784K(188416K)->167456K(167936K)
[6678.307s][info][gc,heap        ] GC(2400) ParOldGen: 2875267K(2875392K)->2980483K(2980864K)
[6678.307s][info][gc,metaspace   ] GC(2400) Metaspace: 29090K(29376K)->29090K(29376K) NonClass: 25991K(26112K)->25991K(26112K) Class: 3099K(3264K)->3099K(3264K)
[6678.307s][info][gc             ] GC(2400) Pause Young (Allocation Failure) 5326M->3074M(5439M) 100.932ms
[6678.307s][info][gc,cpu         ] GC(2400) User=0.56s Sys=0.03s Real=0.10s
..[6679.603s][info][gc,start       ] GC(2401) Pause Young (Allocation Failure)
[6679.708s][info][gc,heap        ] GC(2401) PSYoungGen: 2588192K(2588672K)->168845K(2607616K) Eden: 2420736K(2420736K)->0K(2421248K) From: 167456K(167936K)->168845K(186368K)
[6679.708s][info][gc,heap        ] GC(2401) ParOldGen: 2980483K(2980864K)->3087171K(3087360K)
[6679.708s][info][gc,metaspace   ] GC(2401) Metaspace: 29090K(29376K)->29090K(29376K) NonClass: 25991K(26112K)->25991K(26112K) Class: 3099K(3264K)->3099K(3264K)
[6679.708s][info][gc             ] GC(2401) Pause Young (Allocation Failure) 5438M->3179M(5561M) 105.324ms
[6679.708s][info][gc,cpu         ] GC(2401) User=0.58s Sys=0.04s Real=0.11s
.[6681.056s][info][gc,start       ] GC(2402) Pause Young (Allocation Failure)
[6681.159s][info][gc,heap        ] GC(2402) PSYoungGen: 2590093K(2607616K)->169765K(2607104K) Eden: 2421248K(2421248K)->0K(2421248K) From: 168845K(186368K)->169765K(185856K)
[6681.159s][info][gc,heap        ] GC(2402) ParOldGen: 3087171K(3087360K)->3190451K(3190784K)
[6681.159s][info][gc,metaspace   ] GC(2402) Metaspace: 29090K(29376K)->29090K(29376K) NonClass: 25991K(26112K)->25991K(26112K) Class: 3099K(3264K)->3099K(3264K)
[6681.159s][info][gc             ] GC(2402) Pause Young (Allocation Failure) 5544M->3281M(5662M) 102.750ms
[6681.159s][info][gc,cpu         ] GC(2402) User=0.58s Sys=0.03s Real=0.10s
..[6682.576s][info][gc,start       ] GC(2403) Pause Young (Allocation Failure)
[6682.674s][info][gc,heap        ] GC(2403) PSYoungGen: 2591013K(2607104K)->152320K(2609664K) Eden: 2421248K(2421248K)->0K(2423808K) From: 169765K(185856K)->152320K(185856K)
[6682.674s][info][gc,heap        ] GC(2403) ParOldGen: 3190451K(3190784K)->3295987K(3296256K)
[6682.674s][info][gc,metaspace   ] GC(2403) Metaspace: 29090K(29376K)->29090K(29376K) NonClass: 25991K(26112K)->25991K(26112K) Class: 3099K(3264K)->3099K(3264K)
[6682.674s][info][gc             ] GC(2403) Pause Young (Allocation Failure) 5645M->3367M(5767M) 97.683ms
[6682.674s][info][gc,cpu         ] GC(2403) User=0.53s Sys=0.04s Real=0.10s
.[6684.017s][info][gc,start       ] GC(2404) Pause Young (Allocation Failure)
[6684.119s][info][gc,heap        ] GC(2404) PSYoungGen: 2576128K(2609664K)->167924K(2609664K) Eden: 2423808K(2423808K)->0K(2423808K) From: 152320K(185856K)->167924K(185856K)
[6684.119s][info][gc,heap        ] GC(2404) ParOldGen: 3295987K(3296256K)->3399467K(3399680K)
[6684.119s][info][gc,metaspace   ] GC(2404) Metaspace: 29090K(29376K)->29090K(29376K) NonClass: 25991K(26112K)->25991K(26112K) Class: 3099K(3264K)->3099K(3264K)
[6684.119s][info][gc             ] GC(2404) Pause Young (Allocation Failure) 5734M->3483M(5868M) 102.268ms
[6684.119s][info][gc,cpu         ] GC(2404) User=0.56s Sys=0.05s Real=0.10s
..[6685.543s][info][gc,start       ] GC(2405) Pause Young (Allocation Failure)
[6685.645s][info][gc,heap        ] GC(2405) PSYoungGen: 2591732K(2609664K)->164409K(2606592K) Eden: 2423808K(2423808K)->0K(2424832K) From: 167924K(185856K)->164409K(181760K)
[6685.646s][info][gc,heap        ] GC(2405) ParOldGen: 3399467K(3399680K)->3504115K(3504128K)
[6685.646s][info][gc,metaspace   ] GC(2405) Metaspace: 29090K(29376K)->29090K(29376K) NonClass: 25991K(26112K)->25991K(26112K) Class: 3099K(3264K)->3099K(3264K)
[6685.646s][info][gc             ] GC(2405) Pause Young (Allocation Failure) 5850M->3582M(5967M) 102.175ms
[6685.646s][info][gc,cpu         ] GC(2405) User=0.57s Sys=0.02s Real=0.10s
.[6687.054s][info][gc,start       ] GC(2406) Pause Young (Allocation Failure)
[6687.161s][info][gc,heap        ] GC(2406) PSYoungGen: 2589241K(2606592K)->179312K(2608128K) Eden: 2424832K(2424832K)->0K(2424832K) From: 164409K(181760K)->179312K(183296K)
[6687.161s][info][gc,heap        ] GC(2406) ParOldGen: 3504115K(3504128K)->3606851K(3607040K)
[6687.161s][info][gc,metaspace   ] GC(2406) Metaspace: 29090K(29376K)->29090K(29376K) NonClass: 25991K(26112K)->25991K(26112K) Class: 3099K(3264K)->3099K(3264K)
[6687.161s][info][gc             ] GC(2406) Pause Young (Allocation Failure) 5950M->3697M(6069M) 107.660ms
[6687.161s][info][gc,cpu         ] GC(2406) User=0.60s Sys=0.03s Real=0.10s
.[6688.615s][info][gc,start       ] GC(2407) Pause Young (Allocation Failure)
[6688.715s][info][gc,heap        ] GC(2407) PSYoungGen: 2604144K(2608128K)->158912K(2609664K) Eden: 2424832K(2424832K)->0K(2422272K) From: 179312K(183296K)->158912K(187392K)
[6688.715s][info][gc,heap        ] GC(2407) ParOldGen: 3606851K(3607040K)->3711291K(3711488K)
[6688.715s][info][gc,metaspace   ] GC(2407) Metaspace: 29090K(29376K)->29090K(29376K) NonClass: 25991K(26112K)->25991K(26112K) Class: 3099K(3264K)->3099K(3264K)
[6688.715s][info][gc             ] GC(2407) Pause Young (Allocation Failure) 6065M->3779M(6173M) 99.284ms
[6688.715s][info][gc,cpu         ] GC(2407) User=0.55s Sys=0.03s Real=0.10s
..[6690.066s][info][gc,start       ] GC(2408) Pause Young (Allocation Failure)
[6690.168s][info][gc,heap        ] GC(2408) PSYoungGen: 2581184K(2609664K)->162848K(2585600K) Eden: 2422272K(2422272K)->0K(2422272K) From: 158912K(187392K)->162848K(163328K)
[6690.168s][info][gc,heap        ] GC(2408) ParOldGen: 3711291K(3711488K)->3817579K(3817984K)
[6690.168s][info][gc,metaspace   ] GC(2408) Metaspace: 29090K(29376K)->29090K(29376K) NonClass: 25991K(26112K)->25991K(26112K) Class: 3099K(3264K)->3099K(3264K)
[6690.168s][info][gc             ] GC(2408) Pause Young (Allocation Failure) 6144M->3887M(6253M) 102.596ms
[6690.168s][info][gc,cpu         ] GC(2408) User=0.56s Sys=0.04s Real=0.10s
.[6691.549s][info][gc,start       ] GC(2409) Pause Young (Allocation Failure)
[6691.651s][info][gc,heap        ] GC(2409) PSYoungGen: 2585120K(2585600K)->162242K(2608128K) Eden: 2422272K(2422272K)->0K(2423808K) From: 162848K(163328K)->162242K(184320K)
[6691.651s][info][gc,heap        ] GC(2409) ParOldGen: 3817579K(3817984K)->3918155K(3918336K)
[6691.651s][info][gc,metaspace   ] GC(2409) Metaspace: 29090K(29376K)->29090K(29376K) NonClass: 25991K(26112K)->25991K(26112K) Class: 3099K(3264K)->3099K(3264K)
[6691.651s][info][gc             ] GC(2409) Pause Young (Allocation Failure) 6252M->3984M(6373M) 102.287ms
[6691.651s][info][gc,cpu         ] GC(2409) User=0.57s Sys=0.03s Real=0.10s
..[6693.009s][info][gc,start       ] GC(2410) Pause Young (Allocation Failure)
[6693.114s][info][gc,heap        ] GC(2410) PSYoungGen: 2586050K(2608128K)->167189K(2606592K) Eden: 2423808K(2423808K)->0K(2423808K) From: 162242K(184320K)->167189K(182784K)
[6693.114s][info][gc,heap        ] GC(2410) ParOldGen: 3918155K(3918336K)->4026683K(4026880K)
[6693.114s][info][gc,metaspace   ] GC(2410) Metaspace: 29090K(29376K)->29090K(29376K) NonClass: 25991K(26112K)->25991K(26112K) Class: 3099K(3264K)->3099K(3264K)
[6693.114s][info][gc             ] GC(2410) Pause Young (Allocation Failure) 6351M->4095M(6478M) 104.765ms
[6693.114s][info][gc,cpu         ] GC(2410) User=0.59s Sys=0.02s Real=0.11s
.[6694.486s][info][gc,start       ] GC(2411) Pause Young (Allocation Failure)
[6694.585s][info][gc,heap        ] GC(2411) PSYoungGen: 2590997K(2606592K)->154930K(2611712K) Eden: 2423808K(2423808K)->0K(2429440K) From: 167189K(182784K)->154930K(182272K)
[6694.585s][info][gc,heap        ] GC(2411) ParOldGen: 4026683K(4026880K)->4127875K(4128256K)
[6694.585s][info][gc,metaspace   ] GC(2411) Metaspace: 29090K(29376K)->29090K(29376K) NonClass: 25991K(26112K)->25991K(26112K) Class: 3099K(3264K)->3099K(3264K)
[6694.585s][info][gc             ] GC(2411) Pause Young (Allocation Failure) 6462M->4182M(6582M) 98.164ms
[6694.585s][info][gc,cpu         ] GC(2411) User=0.54s Sys=0.04s Real=0.10s
..[6695.944s][info][gc,start       ] GC(2412) Pause Young (Allocation Failure)
[6696.046s][info][gc,heap        ] GC(2412) PSYoungGen: 2584370K(2611712K)->163498K(2611200K) Eden: 2429440K(2429440K)->0K(2429440K) From: 154930K(182272K)->163498K(181760K)
[6696.046s][info][gc,heap        ] GC(2412) ParOldGen: 4127875K(4128256K)->4232643K(4232704K)
[6696.046s][info][gc,metaspace   ] GC(2412) Metaspace: 29090K(29376K)->29090K(29376K) NonClass: 25991K(26112K)->25991K(26112K) Class: 3099K(3264K)->3099K(3264K)
[6696.046s][info][gc             ] GC(2412) Pause Young (Allocation Failure) 6554M->4293M(6683M) 102.426ms
[6696.046s][info][gc,cpu         ] GC(2412) User=0.57s Sys=0.03s Real=0.10s
.[6697.389s][info][gc,start       ] GC(2413) Pause Young (Allocation Failure)
[6697.490s][info][gc,heap        ] GC(2413) PSYoungGen: 2592938K(2611200K)->158164K(2612736K) Eden: 2429440K(2429440K)->0K(2432512K) From: 163498K(181760K)->158164K(180224K)
[6697.490s][info][gc,heap        ] GC(2413) ParOldGen: 4232643K(4232704K)->4337347K(4337664K)
[6697.490s][info][gc,metaspace   ] GC(2413) Metaspace: 29090K(29376K)->29090K(29376K) NonClass: 25991K(26112K)->25991K(26112K) Class: 3099K(3264K)->3099K(3264K)
[6697.490s][info][gc             ] GC(2413) Pause Young (Allocation Failure) 6665M->4390M(6787M) 100.793ms
[6697.490s][info][gc,cpu         ] GC(2413) User=0.56s Sys=0.04s Real=0.10s
..[6698.961s][info][gc,start       ] GC(2414) Pause Young (Allocation Failure)
[6699.069s][info][gc,heap        ] GC(2414) PSYoungGen: 2590676K(2612736K)->174068K(2612224K) Eden: 2432512K(2432512K)->0K(2432512K) From: 158164K(180224K)->174068K(179712K)
[6699.069s][info][gc,heap        ] GC(2414) ParOldGen: 4337347K(4337664K)->4439563K(4440064K)
[6699.069s][info][gc,metaspace   ] GC(2414) Metaspace: 29090K(29376K)->29090K(29376K) NonClass: 25991K(26112K)->25991K(26112K) Class: 3099K(3264K)->3099K(3264K)
[6699.069s][info][gc             ] GC(2414) Pause Young (Allocation Failure) 6765M->4505M(6887M) 107.124ms
[6699.069s][info][gc,cpu         ] GC(2414) User=0.60s Sys=0.03s Real=0.11s
.[6700.482s][info][gc,start       ] GC(2415) Pause Young (Allocation Failure)
[6700.583s][info][gc,heap        ] GC(2415) PSYoungGen: 2606580K(2612224K)->158944K(2614784K) Eden: 2432512K(2432512K)->0K(2433024K) From: 174068K(179712K)->158944K(181760K)
[6700.583s][info][gc,heap        ] GC(2415) ParOldGen: 4439563K(4440064K)->4547131K(4547584K)
[6700.583s][info][gc,metaspace   ] GC(2415) Metaspace: 29090K(29376K)->29090K(29376K) NonClass: 25991K(26112K)->25991K(26112K) Class: 3099K(3264K)->3099K(3264K)
[6700.583s][info][gc             ] GC(2415) Pause Young (Allocation Failure) 6880M->4595M(6994M) 101.843ms
[6700.584s][info][gc,cpu         ] GC(2415) User=0.55s Sys=0.04s Real=0.11s
.[6701.916s][info][gc,start       ] GC(2416) Pause Young (Allocation Failure)
[6702.020s][info][gc,heap        ] GC(2416) PSYoungGen: 2591968K(2614784K)->163210K(2596352K) Eden: 2433024K(2433024K)->0K(2433024K) From: 158944K(181760K)->163210K(163328K)
[6702.020s][info][gc,heap        ] GC(2416) ParOldGen: 4547131K(4547584K)->4655491K(4655616K)
[6702.020s][info][gc,metaspace   ] GC(2416) Metaspace: 29090K(29376K)->29090K(29376K) NonClass: 25991K(26112K)->25991K(26112K) Class: 3099K(3264K)->3099K(3264K)
[6702.020s][info][gc             ] GC(2416) Pause Young (Allocation Failure) 6971M->4705M(7082M) 103.854ms
[6702.020s][info][gc,cpu         ] GC(2416) User=0.57s Sys=0.05s Real=0.10s
..[6703.378s][info][gc,start       ] GC(2417) Pause Young (Allocation Failure)
[6703.475s][info][gc,heap        ] GC(2417) PSYoungGen: 2596234K(2596352K)->151029K(2611200K) Eden: 2433024K(2433024K)->0K(2432000K) From: 163210K(163328K)->151029K(179200K)
[6703.475s][info][gc,heap        ] GC(2417) ParOldGen: 4655491K(4655616K)->4757907K(4758016K)
[6703.475s][info][gc,metaspace   ] GC(2417) Metaspace: 29090K(29376K)->29090K(29376K) NonClass: 25991K(26112K)->25991K(26112K) Class: 3099K(3264K)->3099K(3264K)
[6703.475s][info][gc             ] GC(2417) Pause Young (Allocation Failure) 7081M->4793M(7196M) 97.402ms
[6703.475s][info][gc,cpu         ] GC(2417) User=0.55s Sys=0.03s Real=0.10s
.[6704.906s][info][gc,start       ] GC(2418) Pause Young (Allocation Failure)
[6705.016s][info][gc,heap        ] GC(2418) PSYoungGen: 2583029K(2611200K)->180202K(2612224K) Eden: 2432000K(2432000K)->0K(2432000K) From: 151029K(179200K)->180202K(180224K)
[6705.016s][info][gc,heap        ] GC(2418) ParOldGen: 4757907K(4758016K)->4860035K(4860416K)
[6705.016s][info][gc,metaspace   ] GC(2418) Metaspace: 29090K(29376K)->29090K(29376K) NonClass: 25991K(26112K)->25991K(26112K) Class: 3099K(3264K)->3099K(3264K)
[6705.016s][info][gc             ] GC(2418) Pause Young (Allocation Failure) 7168M->4922M(7297M) 110.207ms
[6705.016s][info][gc,cpu         ] GC(2418) User=0.63s Sys=0.03s Real=0.11s
..[6706.294s][info][gc,start       ] GC(2419) Pause Young (Allocation Failure)
[6706.394s][info][gc,heap        ] GC(2419) PSYoungGen: 2607483K(2612224K)->157221K(2538496K) Eden: 2427280K(2432000K)->0K(2354688K) From: 180202K(180224K)->157221K(183808K)
[6706.394s][info][gc,heap        ] GC(2419) ParOldGen: 4860035K(4860416K)->4964035K(4964352K)
[6706.394s][info][gc,metaspace   ] GC(2419) Metaspace: 29090K(29376K)->29090K(29376K) NonClass: 25991K(26112K)->25991K(26112K) Class: 3099K(3264K)->3099K(3264K)
[6706.394s][info][gc             ] GC(2419) Pause Young (Allocation Failure) 7292M->5001M(7327M) 100.047ms
[6706.394s][info][gc,cpu         ] GC(2419) User=0.55s Sys=0.03s Real=0.10s
.[6707.717s][info][gc,start       ] GC(2420) Pause Young (Allocation Failure)
[6707.821s][info][gc,heap        ] GC(2420) PSYoungGen: 2511909K(2538496K)->163088K(2575360K) Eden: 2354688K(2354688K)->0K(2354688K) From: 157221K(183808K)->163088K(220672K)
[6707.821s][info][gc,heap        ] GC(2420) ParOldGen: 4964035K(4964352K)->5070555K(5070848K)
[6707.821s][info][gc,metaspace   ] GC(2420) Metaspace: 29090K(29376K)->29090K(29376K) NonClass: 25991K(26112K)->25991K(26112K) Class: 3099K(3264K)->3099K(3264K)
[6707.821s][info][gc             ] GC(2420) Pause Young (Allocation Failure) 7300M->5110M(7467M) 103.619ms
[6707.821s][info][gc,cpu         ] GC(2420) User=0.58s Sys=0.03s Real=0.10s
.[6709.133s][info][gc,start       ] GC(2421) Pause Young (Allocation Failure)
[6709.240s][info][gc,heap        ] GC(2421) PSYoungGen: 2517776K(2575360K)->173136K(2564096K) Eden: 2354688K(2354688K)->0K(2357760K) From: 163088K(220672K)->173136K(206336K)
[6709.240s][info][gc,heap        ] GC(2421) ParOldGen: 5070555K(5070848K)->5169803K(5170176K)
[6709.240s][info][gc,metaspace   ] GC(2421) Metaspace: 29090K(29376K)->29090K(29376K) NonClass: 25991K(26112K)->25991K(26112K) Class: 3099K(3264K)->3099K(3264K)
[6709.240s][info][gc             ] GC(2421) Pause Young (Allocation Failure) 7410M->5217M(7553M) 107.322ms
[6709.240s][info][gc,cpu         ] GC(2421) User=0.60s Sys=0.03s Real=0.11s
..[6710.489s][info][gc,start       ] GC(2422) Pause Young (Allocation Failure)
[6710.589s][info][gc,heap        ] GC(2422) PSYoungGen: 2530896K(2564096K)->150528K(2571264K) Eden: 2357760K(2357760K)->0K(2357760K) From: 173136K(206336K)->150528K(213504K)
[6710.589s][info][gc,heap        ] GC(2422) ParOldGen: 5169803K(5170176K)->5275675K(5276160K)
[6710.589s][info][gc,metaspace   ] GC(2422) Metaspace: 29090K(29376K)->29090K(29376K) NonClass: 25991K(26112K)->25991K(26112K) Class: 3099K(3264K)->3099K(3264K)
[6710.589s][info][gc             ] GC(2422) Pause Young (Allocation Failure) 7520M->5299M(7663M) 100.043ms
[6710.589s][info][gc,cpu         ] GC(2422) User=0.55s Sys=0.03s Real=0.10s
.[6711.908s][info][gc,start       ] GC(2423) Pause Young (Allocation Failure)
[6712.011s][info][gc,heap        ] GC(2423) PSYoungGen: 2508288K(2571264K)->161524K(2575872K) Eden: 2357760K(2357760K)->0K(2369536K) From: 150528K(213504K)->161524K(206336K)
[6712.011s][info][gc,heap        ] GC(2423) ParOldGen: 5275675K(5276160K)->5380659K(5381120K)
[6712.011s][info][gc,metaspace   ] GC(2423) Metaspace: 29090K(29376K)->29090K(29376K) NonClass: 25991K(26112K)->25991K(26112K) Class: 3099K(3264K)->3099K(3264K)
[6712.011s][info][gc             ] GC(2423) Pause Young (Allocation Failure) 7601M->5412M(7770M) 103.427ms
[6712.011s][info][gc,cpu         ] GC(2423) User=0.57s Sys=0.04s Real=0.10s
.[6713.361s][info][gc,start       ] GC(2424) Pause Young (Allocation Failure)
[6713.461s][info][gc,heap        ] GC(2424) PSYoungGen: 2531060K(2575872K)->152751K(2579456K) Eden: 2369536K(2369536K)->0K(2369536K) From: 161524K(206336K)->152751K(209920K)
[6713.461s][info][gc,heap        ] GC(2424) ParOldGen: 5380659K(5381120K)->5482603K(5483008K)
[6713.461s][info][gc,metaspace   ] GC(2424) Metaspace: 29090K(29376K)->29090K(29376K) NonClass: 25991K(26112K)->25991K(26112K) Class: 3099K(3264K)->3099K(3264K)
[6713.461s][info][gc             ] GC(2424) Pause Young (Allocation Failure) 7726M->5503M(7873M) 99.742ms
[6713.461s][info][gc,cpu         ] GC(2424) User=0.55s Sys=0.04s Real=0.10s
..[6714.735s][info][gc,start       ] GC(2425) Pause Full (Allocation Failure)
[6714.735s][info][gc,phases,start] GC(2425) Marking Phase
[6715.059s][info][gc,phases      ] GC(2425) Marking Phase 324.249ms
[6715.060s][info][gc,phases,start] GC(2425) Summary Phase
[6715.060s][info][gc,phases      ] GC(2425) Summary Phase 0.104ms
[6715.060s][info][gc,phases,start] GC(2425) Forward
[6715.187s][info][gc,phases      ] GC(2425) Forward 126.986ms
[6715.187s][info][gc,phases,start] GC(2425) Adjust Pointers
[6715.407s][info][gc,phases      ] GC(2425) Adjust Pointers 220.076ms
[6715.407s][info][gc,phases,start] GC(2425) Compaction Phase
[6715.555s][info][gc,phases      ] GC(2425) Compaction Phase 148.642ms
[6715.557s][info][gc,phases,start] GC(2425) Post Compact
[6715.564s][info][gc,phases      ] GC(2425) Post Compact 6.860ms
[6715.684s][info][gc,heap        ] GC(2425) PSYoungGen: 2522287K(2579456K)->0K(2585088K) Eden: 2369536K(2369536K)->0K(2377216K) From: 152751K(209920K)->0K(207872K)
[6715.684s][info][gc,heap        ] GC(2425) ParOldGen: 5482603K(5483008K)->1619322K(2214912K)
[6715.684s][info][gc,metaspace   ] GC(2425) Metaspace: 29090K(29376K)->29088K(29376K) NonClass: 25991K(26112K)->25989K(26112K) Class: 3099K(3264K)->3099K(3264K)
[6715.684s][info][gc             ] GC(2425) Pause Full (Allocation Failure) 7817M->1581M(4687M) 948.975ms
[6715.684s][info][gc,cpu         ] GC(2425) User=4.45s Sys=0.13s Real=0.95s
..[6716.866s][info][gc,start       ] GC(2426) Pause Young (Allocation Failure)
[6716.934s][info][gc,heap        ] GC(2426) PSYoungGen: 2377216K(2585088K)->166080K(2543616K) Eden: 2377216K(2377216K)->0K(2377216K) From: 0K(207872K)->166080K(166400K)
[6716.934s][info][gc,heap        ] GC(2426) ParOldGen: 1619322K(2214912K)->1619322K(2214912K)
[6716.934s][info][gc,metaspace   ] GC(2426) Metaspace: 29088K(29376K)->29088K(29376K) NonClass: 25989K(26112K)->25989K(26112K) Class: 3099K(3264K)->3099K(3264K)
[6716.934s][info][gc             ] GC(2426) Pause Young (Allocation Failure) 3902M->1743M(4647M) 67.698ms
[6716.934s][info][gc,cpu         ] GC(2426) User=0.40s Sys=0.00s Real=0.07s
.[6718.133s][info][gc,start       ] GC(2427) Pause Young (Allocation Failure)
[6718.235s][info][gc,heap        ] GC(2427) PSYoungGen: 2543296K(2543616K)->182128K(2582016K) Eden: 2377216K(2377216K)->0K(2377216K) From: 166080K(166400K)->182128K(204800K)
[6718.235s][info][gc,heap        ] GC(2427) ParOldGen: 1619322K(2214912K)->1724554K(2214912K)
[6718.235s][info][gc,metaspace   ] GC(2427) Metaspace: 29088K(29376K)->29088K(29376K) NonClass: 25989K(26112K)->25989K(26112K) Class: 3099K(3264K)->3099K(3264K)
[6718.235s][info][gc             ] GC(2427) Pause Young (Allocation Failure) 4065M->1861M(4684M) 102.381ms
[6718.235s][info][gc,cpu         ] GC(2427) User=0.61s Sys=0.00s Real=0.11s
.[6719.614s][info][gc,start       ] GC(2428) Pause Young (Allocation Failure)
[6719.703s][info][gc,heap        ] GC(2428) PSYoungGen: 2559344K(2582016K)->142400K(2584064K) Eden: 2377216K(2377216K)->0K(2377216K) From: 182128K(204800K)->142400K(206848K)
[6719.703s][info][gc,heap        ] GC(2428) ParOldGen: 1724554K(2214912K)->1833594K(2214912K)
[6719.703s][info][gc,metaspace   ] GC(2428) Metaspace: 29088K(29376K)->29088K(29376K) NonClass: 25989K(26112K)->25989K(26112K) Class: 3099K(3264K)->3099K(3264K)
[6719.703s][info][gc             ] GC(2428) Pause Young (Allocation Failure) 4183M->1929M(4686M) 89.147ms
[6719.703s][info][gc,cpu         ] GC(2428) User=0.52s Sys=0.00s Real=0.08s
.[6720.919s][info][gc,start       ] GC(2429) Pause Young (Allocation Failure)
[6721.013s][info][gc,heap        ] GC(2429) PSYoungGen: 2519616K(2584064K)->163584K(2582528K) Eden: 2377216K(2377216K)->0K(2381824K) From: 142400K(206848K)->163584K(200704K)
[6721.013s][info][gc,heap        ] GC(2429) ParOldGen: 1833594K(2214912K)->1927834K(2214912K)
[6721.013s][info][gc,metaspace   ] GC(2429) Metaspace: 29088K(29376K)->29088K(29376K) NonClass: 25989K(26112K)->25989K(26112K) Class: 3099K(3264K)->3099K(3264K)
[6721.013s][info][gc             ] GC(2429) Pause Young (Allocation Failure) 4251M->2042M(4685M) 94.024ms
[6721.013s][info][gc,cpu         ] GC(2429) User=0.56s Sys=0.00s Real=0.09s
.[6722.340s][info][gc,start       ] GC(2430) Pause Young (Allocation Failure)
[6722.439s][info][gc,heap        ] GC(2430) PSYoungGen: 2545408K(2582528K)->158712K(2585600K) Eden: 2381824K(2381824K)->0K(2381824K) From: 163584K(200704K)->158712K(203776K)
[6722.439s][info][gc,heap        ] GC(2430) ParOldGen: 1927834K(2214912K)->2039682K(2214912K)
[6722.439s][info][gc,metaspace   ] GC(2430) Metaspace: 29088K(29376K)->29088K(29376K) NonClass: 25989K(26112K)->25989K(26112K) Class: 3099K(3264K)->3099K(3264K)
[6722.439s][info][gc             ] GC(2430) Pause Young (Allocation Failure) 4368M->2146M(4688M) 98.990ms
[6722.439s][info][gc,cpu         ] GC(2430) User=0.58s Sys=0.00s Real=0.10s
..[6723.714s][info][gc,start       ] GC(2431) Pause Young (Allocation Failure)
[6723.806s][info][gc,heap        ] GC(2431) PSYoungGen: 2540536K(2585600K)->159520K(2586624K) Eden: 2381824K(2381824K)->0K(2391040K) From: 158712K(203776K)->159520K(195584K)
[6723.806s][info][gc,heap        ] GC(2431) ParOldGen: 2039682K(2214912K)->2136434K(2214912K)
[6723.806s][info][gc,metaspace   ] GC(2431) Metaspace: 29088K(29376K)->29088K(29376K) NonClass: 25989K(26112K)->25989K(26112K) Class: 3099K(3264K)->3099K(3264K)
[6723.806s][info][gc             ] GC(2431) Pause Young (Allocation Failure) 4472M->2242M(4689M) 92.138ms
[6723.806s][info][gc,cpu         ] GC(2431) User=0.54s Sys=0.00s Real=0.09s
.[6725.046s][info][gc,start       ] GC(2432) Pause Young (Allocation Failure)
[6725.152s][info][gc,heap        ] GC(2432) PSYoungGen: 2550560K(2586624K)->180256K(2589696K) Eden: 2391040K(2391040K)->0K(2391040K) From: 159520K(195584K)->180256K(198656K)
[6725.152s][info][gc,heap        ] GC(2432) ParOldGen: 2136434K(2214912K)->2243978K(2244096K)
[6725.152s][info][gc,metaspace   ] GC(2432) Metaspace: 29088K(29376K)->29088K(29376K) NonClass: 25989K(26112K)->25989K(26112K) Class: 3099K(3264K)->3099K(3264K)
[6725.152s][info][gc             ] GC(2432) Pause Young (Allocation Failure) 4577M->2367M(4720M) 106.090ms
[6725.152s][info][gc,cpu         ] GC(2432) User=0.62s Sys=0.01s Real=0.10s
.[6726.424s][info][gc,start       ] GC(2433) Pause Young (Allocation Failure)
[6726.523s][info][gc,heap        ] GC(2433) PSYoungGen: 2571296K(2589696K)->158472K(2595328K) Eden: 2391040K(2391040K)->0K(2396672K) From: 180256K(198656K)->158472K(198656K)
[6726.523s][info][gc,heap        ] GC(2433) ParOldGen: 2243978K(2244096K)->2349530K(2349568K)
[6726.523s][info][gc,metaspace   ] GC(2433) Metaspace: 29088K(29376K)->29088K(29376K) NonClass: 25989K(26112K)->25989K(26112K) Class: 3099K(3264K)->3099K(3264K)
[6726.523s][info][gc             ] GC(2433) Pause Young (Allocation Failure) 4702M->2449M(4829M) 99.167ms
[6726.523s][info][gc,cpu         ] GC(2433) User=0.55s Sys=0.03s Real=0.09s
..[6727.855s][info][gc,start       ] GC(2434) Pause Young (Allocation Failure)
[6727.957s][info][gc,heap        ] GC(2434) PSYoungGen: 2555144K(2595328K)->163108K(2560000K) Eden: 2396672K(2396672K)->0K(2396672K) From: 158472K(198656K)->163108K(163328K)
[6727.957s][info][gc,heap        ] GC(2434) ParOldGen: 2349530K(2349568K)->2455810K(2456064K)
[6727.957s][info][gc,metaspace   ] GC(2434) Metaspace: 29088K(29376K)->29088K(29376K) NonClass: 25989K(26112K)->25989K(26112K) Class: 3099K(3264K)->3099K(3264K)
[6727.957s][info][gc             ] GC(2434) Pause Young (Allocation Failure) 4789M->2557M(4898M) 101.938ms
[6727.957s][info][gc,cpu         ] GC(2434) User=0.56s Sys=0.04s Real=0.10s
.[6729.240s][info][gc,start       ] GC(2435) Pause Young (Allocation Failure)
[6729.335s][info][gc,heap        ] GC(2435) PSYoungGen: 2559780K(2560000K)->152820K(2594816K) Eden: 2396672K(2396672K)->0K(2399232K) From: 163108K(163328K)->152820K(195584K)
[6729.335s][info][gc,heap        ] GC(2435) ParOldGen: 2455810K(2456064K)->2557154K(2557440K)
[6729.335s][info][gc,metaspace   ] GC(2435) Metaspace: 29088K(29376K)->29088K(29376K) NonClass: 25989K(26112K)->25989K(26112K) Class: 3099K(3264K)->3099K(3264K)
[6729.335s][info][gc             ] GC(2435) Pause Young (Allocation Failure) 4898M->2646M(5031M) 95.220ms
[6729.335s][info][gc,cpu         ] GC(2435) User=0.52s Sys=0.03s Real=0.10s
.[6730.668s][info][gc,start       ] GC(2436) Pause Young (Allocation Failure)
[6730.772s][info][gc,heap        ] GC(2436) PSYoungGen: 2552052K(2594816K)->171552K(2594304K) Eden: 2399232K(2399232K)->0K(2399232K) From: 152820K(195584K)->171552K(195072K)
[6730.772s][info][gc,heap        ] GC(2436) ParOldGen: 2557154K(2557440K)->2661402K(2661888K)
[6730.772s][info][gc,metaspace   ] GC(2436) Metaspace: 29088K(29376K)->29088K(29376K) NonClass: 25989K(26112K)->25989K(26112K) Class: 3099K(3264K)->3099K(3264K)
[6730.772s][info][gc             ] GC(2436) Pause Young (Allocation Failure) 4989M->2766M(5133M) 103.843ms
[6730.772s][info][gc,cpu         ] GC(2436) User=0.57s Sys=0.04s Real=0.10s
..[6732.133s][info][gc,start       ] GC(2437) Pause Young (Allocation Failure)
[6732.241s][info][gc,heap        ] GC(2437) PSYoungGen: 2570784K(2594304K)->173096K(2599936K) Eden: 2399232K(2399232K)->0K(2405376K) From: 171552K(195072K)->173096K(194560K)
[6732.241s][info][gc,heap        ] GC(2437) ParOldGen: 2661402K(2661888K)->2764778K(2764800K)
[6732.241s][info][gc,metaspace   ] GC(2437) Metaspace: 29088K(29376K)->29088K(29376K) NonClass: 25989K(26112K)->25989K(26112K) Class: 3099K(3264K)->3099K(3264K)
[6732.241s][info][gc             ] GC(2437) Pause Young (Allocation Failure) 5109M->2869M(5239M) 107.926ms
[6732.241s][info][gc,cpu         ] GC(2437) User=0.59s Sys=0.05s Real=0.10s
.[6733.569s][info][gc,start       ] GC(2438) Pause Young (Allocation Failure)
[6733.676s][info][gc,heap        ] GC(2438) PSYoungGen: 2578472K(2599936K)->153888K(2599936K) Eden: 2405376K(2405376K)->0K(2405376K) From: 173096K(194560K)->153888K(194560K)
[6733.676s][info][gc,heap        ] GC(2438) ParOldGen: 2764778K(2764800K)->2868314K(2868736K)
[6733.676s][info][gc,metaspace   ] GC(2438) Metaspace: 29088K(29376K)->29088K(29376K) NonClass: 25989K(26112K)->25989K(26112K) Class: 3099K(3264K)->3099K(3264K)
[6733.676s][info][gc             ] GC(2438) Pause Young (Allocation Failure) 5218M->2951M(5340M) 106.316ms
[6733.676s][info][gc,cpu         ] GC(2438) User=0.53s Sys=0.04s Real=0.11s
..[6735.024s][info][gc,start       ] GC(2439) Pause Young (Allocation Failure)
[6735.126s][info][gc,heap        ] GC(2439) PSYoungGen: 2559264K(2599936K)->167925K(2597888K) Eden: 2405376K(2405376K)->0K(2407424K) From: 153888K(194560K)->167925K(190464K)
[6735.127s][info][gc,heap        ] GC(2439) ParOldGen: 2868314K(2868736K)->2971210K(2971648K)
[6735.127s][info][gc,metaspace   ] GC(2439) Metaspace: 29088K(29376K)->29088K(29376K) NonClass: 25989K(26112K)->25989K(26112K) Class: 3099K(3264K)->3099K(3264K)
[6735.127s][info][gc             ] GC(2439) Pause Young (Allocation Failure) 5300M->3065M(5439M) 102.856ms
[6735.127s][info][gc,cpu         ] GC(2439) User=0.57s Sys=0.03s Real=0.10s
 (rIR:aIR:PR = 11623:11657:11654) (tPR = 171664) [OK] 
  6734s: Performance info:
         Transaction,    Success,    Partial,     Failed,   Receipts, AvgBarcode, 
             Overall,     707692,          0,          0,     672691,      59.48, 
         Response times:
             Request,    Success,    Partial,     Failed,   SkipFail,     Probes,    Samples,      min,      p50,      p90,      p95,      p99,      max, 
       TotalPurchase,     672767,          0,          0,          0,     314179,     519217,      300,    53000,   502000,   610000,   790000,  1500000,
     InStorePurchase,     356642,          0,          0,          0,     163609,     273561,      300,    53000,   495000,   620000,   810000,  1500000,
      OnlinePurchase,     245078,          0,          0,          0,     116423,     190763,      300,    53000,   502000,   591000,   760000,  1400000,
        InstPurchase,      71047,          0,          0,          0,      34147,      54893,      300,    56000,   514000,   610000,   810000,  1200000,
          AssocOfCat,        705,          0,          0,          0,        538,        974,    28000,   119500,   635000,   750000,   877500,  1400000,
      AssocOfProduct,       7135,          0,          0,          0,       3877,       6370,      500,    48000,   479000,   555000,   710000,  1100000,
      BusinessReport,       1767,          0,          0,          0,       1463,       2436,    32000,   123000,   595000,   750000,  1100000,  1100000,
          CustBuyBeh,       7085,          0,          0,          0,       3941,       6477,      100,    54000,   453000,   554000,   900000,   930000,
       ProductReturn,      18415,          0,          0,          0,       8518,      14412,      500,    55000,   491000,   620000,   900000,  1000000,

  6734s: (85%)   IR =  11761 .[6736.660s][info][gc,start       ] GC(2440) Pause Young (Allocation Failure)
[6736.757s][info][gc,heap        ] GC(2440) PSYoungGen: 2575349K(2597888K)->153376K(2599424K) Eden: 2407424K(2407424K)->0K(2407424K) From: 167925K(190464K)->153376K(192000K)
[6736.757s][info][gc,heap        ] GC(2440) ParOldGen: 2971210K(2971648K)->3076434K(3076608K)
[6736.757s][info][gc,metaspace   ] GC(2440) Metaspace: 29088K(29376K)->29088K(29376K) NonClass: 25989K(26112K)->25989K(26112K) Class: 3099K(3264K)->3099K(3264K)
[6736.757s][info][gc             ] GC(2440) Pause Young (Allocation Failure) 5416M->3154M(5543M) 96.185ms
[6736.757s][info][gc,cpu         ] GC(2440) User=0.54s Sys=0.02s Real=0.10s
.[6738.101s][info][gc,start       ] GC(2441) Pause Young (Allocation Failure)
[6738.202s][info][gc,heap        ] GC(2441) PSYoungGen: 2560800K(2599424K)->167904K(2601472K) Eden: 2407424K(2407424K)->0K(2412544K) From: 153376K(192000K)->167904K(188928K)
[6738.202s][info][gc,heap        ] GC(2441) ParOldGen: 3076434K(3076608K)->3177498K(3177984K)
[6738.202s][info][gc,metaspace   ] GC(2441) Metaspace: 29088K(29376K)->29088K(29376K) NonClass: 25989K(26112K)->25989K(26112K) Class: 3099K(3264K)->3099K(3264K)
[6738.202s][info][gc             ] GC(2441) Pause Young (Allocation Failure) 5505M->3266M(5644M) 101.230ms
[6738.202s][info][gc,cpu         ] GC(2441) User=0.56s Sys=0.03s Real=0.10s
..[6739.541s][info][gc,start       ] GC(2442) Pause Young (Allocation Failure)
[6739.638s][info][gc,heap        ] GC(2442) PSYoungGen: 2580448K(2601472K)->149888K(2603008K) Eden: 2412544K(2412544K)->0K(2412544K) From: 167904K(188928K)->149888K(190464K)
[6739.638s][info][gc,heap        ] GC(2442) ParOldGen: 3177498K(3177984K)->3286098K(3286528K)
[6739.638s][info][gc,metaspace   ] GC(2442) Metaspace: 29088K(29376K)->29088K(29376K) NonClass: 25989K(26112K)->25989K(26112K) Class: 3099K(3264K)->3099K(3264K)
[6739.638s][info][gc             ] GC(2442) Pause Young (Allocation Failure) 5622M->3355M(5751M) 97.334ms
[6739.638s][info][gc,cpu         ] GC(2442) User=0.54s Sys=0.03s Real=0.10s
.[6740.972s][info][gc,start       ] GC(2443) Pause Young (Allocation Failure)
[6741.070s][info][gc,heap        ] GC(2443) PSYoungGen: 2562432K(2603008K)->159360K(2600960K) Eden: 2412544K(2412544K)->0K(2415616K) From: 149888K(190464K)->159360K(185344K)
[6741.070s][info][gc,heap        ] GC(2443) ParOldGen: 3286098K(3286528K)->3388306K(3388416K)
[6741.070s][info][gc,metaspace   ] GC(2443) Metaspace: 29088K(29376K)->29088K(29376K) NonClass: 25989K(26112K)->25989K(26112K) Class: 3099K(3264K)->3099K(3264K)
[6741.070s][info][gc             ] GC(2443) Pause Young (Allocation Failure) 5711M->3464M(5849M) 98.232ms
[6741.070s][info][gc,cpu         ] GC(2443) User=0.55s Sys=0.03s Real=0.10s
.|.[6742.360s][info][gc,start       ] GC(2444) Pause Young (Allocation Failure)
[6742.462s][info][gc,heap        ] GC(2444) PSYoungGen: 2574976K(2600960K)->163588K(2603520K) Eden: 2415616K(2415616K)->0K(2415616K) From: 159360K(185344K)->163588K(187904K)
[6742.462s][info][gc,heap        ] GC(2444) ParOldGen: 3388306K(3388416K)->3491970K(3492352K)
[6742.462s][info][gc,metaspace   ] GC(2444) Metaspace: 29088K(29376K)->29088K(29376K) NonClass: 25989K(26112K)->25989K(26112K) Class: 3099K(3264K)->3099K(3264K)
[6742.462s][info][gc             ] GC(2444) Pause Young (Allocation Failure) 5823M->3569M(5953M) 101.710ms
[6742.462s][info][gc,cpu         ] GC(2444) User=0.56s Sys=0.03s Real=0.10s
.[6743.805s][info][gc,start       ] GC(2445) Pause Young (Allocation Failure)
[6743.906s][info][gc,heap        ] GC(2445) PSYoungGen: 2579204K(2603520K)->160672K(2603520K) Eden: 2415616K(2415616K)->0K(2422272K) From: 163588K(187904K)->160672K(181248K)
[6743.906s][info][gc,heap        ] GC(2445) ParOldGen: 3491970K(3492352K)->3597274K(3597312K)
[6743.906s][info][gc,metaspace   ] GC(2445) Metaspace: 29088K(29376K)->29088K(29376K) NonClass: 25989K(26112K)->25989K(26112K) Class: 3099K(3264K)->3099K(3264K)
[6743.906s][info][gc             ] GC(2445) Pause Young (Allocation Failure) 5928M->3669M(6055M) 100.470ms
[6743.906s][info][gc,cpu         ] GC(2445) User=0.56s Sys=0.03s Real=0.10s
.[6745.253s][info][gc,start       ] GC(2446) Pause Young (Allocation Failure)
[6745.359s][info][gc,heap        ] GC(2446) PSYoungGen: 2582944K(2603520K)->168576K(2606080K) Eden: 2422272K(2422272K)->0K(2422272K) From: 160672K(181248K)->168576K(183808K)
[6745.359s][info][gc,heap        ] GC(2446) ParOldGen: 3597274K(3597312K)->3700522K(3700736K)
[6745.359s][info][gc,metaspace   ] GC(2446) Metaspace: 29088K(29376K)->29088K(29376K) NonClass: 25989K(26112K)->25989K(26112K) Class: 3099K(3264K)->3099K(3264K)
[6745.359s][info][gc             ] GC(2446) Pause Young (Allocation Failure) 6035M->3778M(6159M) 106.559ms
[6745.359s][info][gc,cpu         ] GC(2446) User=0.59s Sys=0.03s Real=0.11s
..[6746.699s][info][gc,start       ] GC(2447) Pause Young (Allocation Failure)
[6746.807s][info][gc,heap        ] GC(2447) PSYoungGen: 2590848K(2606080K)->178581K(2604032K) Eden: 2422272K(2422272K)->0K(2420224K) From: 168576K(183808K)->178581K(183808K)
[6746.807s][info][gc,heap        ] GC(2447) ParOldGen: 3700522K(3700736K)->3802162K(3802624K)
[6746.807s][info][gc,metaspace   ] GC(2447) Metaspace: 29088K(29376K)->29088K(29376K) NonClass: 25989K(26112K)->25989K(26112K) Class: 3099K(3264K)->3099K(3264K)
[6746.807s][info][gc             ] GC(2447) Pause Young (Allocation Failure) 6143M->3887M(6256M) 108.269ms
[6746.807s][info][gc,cpu         ] GC(2447) User=0.60s Sys=0.03s Real=0.11s
.[6748.109s][info][gc,start       ] GC(2448) Pause Young (Allocation Failure)
[6748.216s][info][gc,heap        ] GC(2448) PSYoungGen: 2598805K(2604032K)->174557K(2594816K) Eden: 2420224K(2420224K)->0K(2420224K) From: 178581K(183808K)->174557K(174592K)
[6748.216s][info][gc,heap        ] GC(2448) ParOldGen: 3802162K(3802624K)->3909386K(3909632K)
[6748.216s][info][gc,metaspace   ] GC(2448) Metaspace: 29088K(29376K)->29088K(29376K) NonClass: 25989K(26112K)->25989K(26112K) Class: 3099K(3264K)->3099K(3264K)
[6748.216s][info][gc             ] GC(2448) Pause Young (Allocation Failure) 6250M->3988M(6352M) 107.415ms
[6748.217s][info][gc,cpu         ] GC(2448) User=0.61s Sys=0.03s Real=0.11s
..[6749.589s][info][gc,start       ] GC(2449) Pause Young (Allocation Failure)
[6749.687s][info][gc,heap        ] GC(2449) PSYoungGen: 2594781K(2594816K)->153344K(2607104K) Eden: 2420224K(2420224K)->0K(2417664K) From: 174557K(174592K)->153344K(189440K)
[6749.687s][info][gc,heap        ] GC(2449) ParOldGen: 3909386K(3909632K)->4013370K(4013568K)
[6749.687s][info][gc,metaspace   ] GC(2449) Metaspace: 29088K(29376K)->29088K(29376K) NonClass: 25989K(26112K)->25989K(26112K) Class: 3099K(3264K)->3099K(3264K)
[6749.687s][info][gc             ] GC(2449) Pause Young (Allocation Failure) 6351M->4069M(6465M) 97.546ms
[6749.687s][info][gc,cpu         ] GC(2449) User=0.54s Sys=0.03s Real=0.10s
.[6751.022s][info][gc,start       ] GC(2450) Pause Young (Allocation Failure)
[6751.126s][info][gc,heap        ] GC(2450) PSYoungGen: 2571008K(2607104K)->167168K(2585088K) Eden: 2417664K(2417664K)->0K(2417664K) From: 153344K(189440K)->167168K(167424K)
[6751.126s][info][gc,heap        ] GC(2450) ParOldGen: 4013370K(4013568K)->4116794K(4116992K)
[6751.126s][info][gc,metaspace   ] GC(2450) Metaspace: 29088K(29376K)->29088K(29376K) NonClass: 25989K(26112K)->25989K(26112K) Class: 3099K(3264K)->3099K(3264K)
[6751.126s][info][gc             ] GC(2450) Pause Young (Allocation Failure) 6430M->4183M(6545M) 104.263ms
[6751.126s][info][gc,cpu         ] GC(2450) User=0.58s Sys=0.03s Real=0.11s
.[6752.402s][info][gc,start       ] GC(2451) Pause Young (Allocation Failure)
[6752.501s][info][gc,heap        ] GC(2451) PSYoungGen: 2584832K(2585088K)->156576K(2605568K) Eden: 2417664K(2417664K)->0K(2418176K) From: 167168K(167424K)->156576K(187392K)
[6752.501s][info][gc,heap        ] GC(2451) ParOldGen: 4116794K(4116992K)->4220210K(4220416K)
[6752.501s][info][gc,metaspace   ] GC(2451) Metaspace: 29088K(29376K)->29088K(29376K) NonClass: 25989K(26112K)->25989K(26112K) Class: 3099K(3264K)->3099K(3264K)
[6752.501s][info][gc             ] GC(2451) Pause Young (Allocation Failure) 6544M->4274M(6666M) 98.588ms
[6752.501s][info][gc,cpu         ] GC(2451) User=0.54s Sys=0.03s Real=0.10s
..[6753.874s][info][gc,start       ] GC(2452) Pause Young (Allocation Failure)
[6753.975s][info][gc,heap        ] GC(2452) PSYoungGen: 2574752K(2605568K)->160164K(2605056K) Eden: 2418176K(2418176K)->0K(2418176K) From: 156576K(187392K)->160164K(186880K)
[6753.975s][info][gc,heap        ] GC(2452) ParOldGen: 4220210K(4220416K)->4327218K(4327424K)
[6753.975s][info][gc,metaspace   ] GC(2452) Metaspace: 29088K(29376K)->29088K(29376K) NonClass: 25989K(26112K)->25989K(26112K) Class: 3099K(3264K)->3099K(3264K)
[6753.975s][info][gc             ] GC(2452) Pause Young (Allocation Failure) 6635M->4382M(6770M) 101.649ms
[6753.975s][info][gc,cpu         ] GC(2452) User=0.57s Sys=0.03s Real=0.10s
.[6755.321s][info][gc,start       ] GC(2453) Pause Young (Allocation Failure)
[6755.417s][info][gc,heap        ] GC(2453) PSYoungGen: 2578340K(2605056K)->147968K(2606080K) Eden: 2418176K(2418176K)->0K(2421248K) From: 160164K(186880K)->147968K(184832K)
[6755.417s][info][gc,heap        ] GC(2453) ParOldGen: 4327218K(4327424K)->4430602K(4430848K)
[6755.417s][info][gc,metaspace   ] GC(2453) Metaspace: 29088K(29376K)->29088K(29376K) NonClass: 25989K(26112K)->25989K(26112K) Class: 3099K(3264K)->3099K(3264K)
[6755.417s][info][gc             ] GC(2453) Pause Young (Allocation Failure) 6743M->4471M(6872M) 95.668ms
[6755.417s][info][gc,cpu         ] GC(2453) User=0.53s Sys=0.03s Real=0.10s
..[6756.829s][info][gc,start       ] GC(2454) Pause Young (Allocation Failure)
[6756.933s][info][gc,heap        ] GC(2454) PSYoungGen: 2569216K(2606080K)->168224K(2606592K) Eden: 2421248K(2421248K)->0K(2421248K) From: 147968K(184832K)->168224K(185344K)
[6756.933s][info][gc,heap        ] GC(2454) ParOldGen: 4430602K(4430848K)->4533226K(4533248K)
[6756.933s][info][gc,metaspace   ] GC(2454) Metaspace: 29088K(29376K)->29088K(29376K) NonClass: 25989K(26112K)->25989K(26112K) Class: 3099K(3264K)->3099K(3264K)
[6756.933s][info][gc             ] GC(2454) Pause Young (Allocation Failure) 6835M->4591M(6972M) 103.797ms
[6756.933s][info][gc,cpu         ] GC(2454) User=0.57s Sys=0.04s Real=0.10s
.[6758.250s][info][gc,start       ] GC(2455) Pause Young (Allocation Failure)
[6758.346s][info][gc,heap        ] GC(2455) PSYoungGen: 2589472K(2606592K)->144864K(2608640K) Eden: 2421248K(2421248K)->0K(2423296K) From: 168224K(185344K)->144864K(185344K)
[6758.346s][info][gc,heap        ] GC(2455) ParOldGen: 4533226K(4533248K)->4640178K(4640256K)
[6758.346s][info][gc,metaspace   ] GC(2455) Metaspace: 29088K(29376K)->29088K(29376K) NonClass: 25989K(26112K)->25989K(26112K) Class: 3099K(3264K)->3099K(3264K)
[6758.346s][info][gc             ] GC(2455) Pause Young (Allocation Failure) 6955M->4672M(7079M) 95.406ms
[6758.346s][info][gc,cpu         ] GC(2455) User=0.53s Sys=0.04s Real=0.10s
.[6759.661s][info][gc,start       ] GC(2456) Pause Young (Allocation Failure)
[6759.766s][info][gc,heap        ] GC(2456) PSYoungGen: 2568160K(2608640K)->172148K(2595840K) Eden: 2423296K(2423296K)->0K(2423296K) From: 144864K(185344K)->172148K(172544K)
[6759.766s][info][gc,heap        ] GC(2456) ParOldGen: 4640178K(4640256K)->4741994K(4742144K)
[6759.766s][info][gc,metaspace   ] GC(2456) Metaspace: 29088K(29376K)->29088K(29376K) NonClass: 25989K(26112K)->25989K(26112K) Class: 3099K(3264K)->3099K(3264K)
[6759.766s][info][gc             ] GC(2456) Pause Young (Allocation Failure) 7039M->4798M(7166M) 105.211ms
[6759.766s][info][gc,cpu         ] GC(2456) User=0.59s Sys=0.03s Real=0.11s
..[6761.101s][info][gc,start       ] GC(2457) Pause Young (Allocation Failure)
[6761.208s][info][gc,heap        ] GC(2457) PSYoungGen: 2595444K(2595840K)->174768K(2604032K) Eden: 2423296K(2423296K)->0K(2416128K) From: 172148K(172544K)->174768K(187904K)
[6761.208s][info][gc,heap        ] GC(2457) ParOldGen: 4741994K(4742144K)->4846650K(4847104K)
[6761.208s][info][gc,metaspace   ] GC(2457) Metaspace: 29088K(29376K)->29088K(29376K) NonClass: 25989K(26112K)->25989K(26112K) Class: 3099K(3264K)->3099K(3264K)
[6761.208s][info][gc             ] GC(2457) Pause Young (Allocation Failure) 7165M->4903M(7276M) 106.311ms
[6761.208s][info][gc,cpu         ] GC(2457) User=0.59s Sys=0.04s Real=0.11s
.[6762.506s][info][gc,start       ] GC(2458) Pause Young (Allocation Failure)
[6762.653s][info][gc,heap        ] GC(2458) PSYoungGen: 2590896K(2604032K)->149024K(2606080K) Eden: 2416128K(2416128K)->0K(2416128K) From: 174768K(187904K)->149024K(189952K)
[6762.653s][info][gc,heap        ] GC(2458) ParOldGen: 4846650K(4847104K)->4953922K(4954112K)
[6762.653s][info][gc,metaspace   ] GC(2458) Metaspace: 29088K(29376K)->29088K(29376K) NonClass: 25989K(26112K)->25989K(26112K) Class: 3099K(3264K)->3099K(3264K)
[6762.653s][info][gc             ] GC(2458) Pause Young (Allocation Failure) 7263M->4983M(7383M) 146.444ms
[6762.653s][info][gc,cpu         ] GC(2458) User=0.55s Sys=0.03s Real=0.14s
..[6763.952s][info][gc,start       ] GC(2459) Pause Young (Allocation Failure)
[6764.055s][info][gc,heap        ] GC(2459) PSYoungGen: 2565152K(2606080K)->162432K(2600960K) Eden: 2416128K(2416128K)->0K(2416128K) From: 149024K(189952K)->162432K(184832K)
[6764.055s][info][gc,heap        ] GC(2459) ParOldGen: 4953922K(4954112K)->5056178K(5056512K)
[6764.055s][info][gc,metaspace   ] GC(2459) Metaspace: 29088K(29376K)->29088K(29376K) NonClass: 25989K(26112K)->25989K(26112K) Class: 3099K(3264K)->3099K(3264K)
[6764.055s][info][gc             ] GC(2459) Pause Young (Allocation Failure) 7342M->5096M(7478M) 102.619ms
[6764.055s][info][gc,cpu         ] GC(2459) User=0.56s Sys=0.04s Real=0.11s
.[6765.381s][info][gc,start       ] GC(2460) Pause Young (Allocation Failure)
[6765.481s][info][gc,heap        ] GC(2460) PSYoungGen: 2578560K(2600960K)->155136K(2603520K) Eden: 2416128K(2416128K)->0K(2416128K) From: 162432K(184832K)->155136K(187392K)
[6765.481s][info][gc,heap        ] GC(2460) ParOldGen: 5056178K(5056512K)->5161866K(5161984K)
[6765.481s][info][gc,metaspace   ] GC(2460) Metaspace: 29088K(29376K)->29088K(29376K) NonClass: 25989K(26112K)->25989K(26112K) Class: 3099K(3264K)->3099K(3264K)
[6765.481s][info][gc             ] GC(2460) Pause Young (Allocation Failure) 7455M->5192M(7583M) 99.812ms
[6765.481s][info][gc,cpu         ] GC(2460) User=0.55s Sys=0.03s Real=0.10s
.[6766.850s][info][gc,start       ] GC(2461) Pause Young (Allocation Failure)
[6766.954s][info][gc,heap        ] GC(2461) PSYoungGen: 2571264K(2603520K)->162944K(2604544K) Eden: 2416128K(2416128K)->0K(2422784K) From: 155136K(187392K)->162944K(181760K)
[6766.954s][info][gc,heap        ] GC(2461) ParOldGen: 5161866K(5161984K)->5265474K(5265920K)
[6766.954s][info][gc,metaspace   ] GC(2461) Metaspace: 29088K(29376K)->29088K(29376K) NonClass: 25989K(26112K)->25989K(26112K) Class: 3099K(3264K)->3099K(3264K)
[6766.954s][info][gc             ] GC(2461) Pause Young (Allocation Failure) 7551M->5301M(7686M) 103.677ms
[6766.954s][info][gc,cpu         ] GC(2461) User=0.56s Sys=0.04s Real=0.11s
..[6768.304s][info][gc,start       ] GC(2462) Pause Young (Allocation Failure)
[6768.403s][info][gc,heap        ] GC(2462) PSYoungGen: 2585728K(2604544K)->148960K(2607104K) Eden: 2422784K(2422784K)->0K(2422784K) From: 162944K(181760K)->148960K(184320K)
[6768.403s][info][gc,heap        ] GC(2462) ParOldGen: 5265474K(5265920K)->5369522K(5369856K)
[6768.403s][info][gc,metaspace   ] GC(2462) Metaspace: 29088K(29376K)->29088K(29376K) NonClass: 25989K(26112K)->25989K(26112K) Class: 3099K(3264K)->3099K(3264K)
[6768.403s][info][gc             ] GC(2462) Pause Young (Allocation Failure) 7667M->5389M(7790M) 99.122ms
[6768.403s][info][gc,cpu         ] GC(2462) User=0.55s Sys=0.03s Real=0.09s
.[6769.749s][info][gc,start       ] GC(2463) Pause Young (Allocation Failure)
[6769.853s][info][gc,heap        ] GC(2463) PSYoungGen: 2571744K(2607104K)->167360K(2611200K) Eden: 2422784K(2422784K)->0K(2427392K) From: 148960K(184320K)->167360K(183808K)
[6769.853s][info][gc,heap        ] GC(2463) ParOldGen: 5369522K(5369856K)->5471154K(5471232K)
[6769.853s][info][gc,metaspace   ] GC(2463) Metaspace: 29088K(29376K)->29088K(29376K) NonClass: 25989K(26112K)->25989K(26112K) Class: 3099K(3264K)->3099K(3264K)
[6769.853s][info][gc             ] GC(2463) Pause Young (Allocation Failure) 7755M->5506M(7893M) 104.175ms
[6769.854s][info][gc,cpu         ] GC(2463) User=0.57s Sys=0.03s Real=0.11s
..[6771.180s][info][gc,start       ] GC(2464) Pause Young (Allocation Failure)
[6771.294s][info][gc,heap        ] GC(2464) PSYoungGen: 2594752K(2611200K)->184149K(2611712K) Eden: 2427392K(2427392K)->0K(2427392K) From: 167360K(183808K)->184149K(184320K)
[6771.294s][info][gc,heap        ] GC(2464) ParOldGen: 5471154K(5471232K)->5577906K(5578240K)
[6771.294s][info][gc,metaspace   ] GC(2464) Metaspace: 29088K(29376K)->29088K(29376K) NonClass: 25989K(26112K)->25989K(26112K) Class: 3099K(3264K)->3099K(3264K)
[6771.294s][info][gc             ] GC(2464) Pause Young (Allocation Failure) 7876M->5627M(7998M) 113.895ms
[6771.294s][info][gc,cpu         ] GC(2464) User=0.64s Sys=0.03s Real=0.12s
.[6772.647s][info][gc,start       ] GC(2465) Pause Full (Allocation Failure)
[6772.647s][info][gc,phases,start] GC(2465) Marking Phase
[6772.973s][info][gc,phases      ] GC(2465) Marking Phase 326.470ms
[6772.973s][info][gc,phases,start] GC(2465) Summary Phase
[6772.973s][info][gc,phases      ] GC(2465) Summary Phase 0.104ms
[6772.973s][info][gc,phases,start] GC(2465) Forward
[6773.099s][info][gc,phases      ] GC(2465) Forward 125.845ms
[6773.099s][info][gc,phases,start] GC(2465) Adjust Pointers
[6773.317s][info][gc,phases      ] GC(2465) Adjust Pointers 217.873ms
[6773.317s][info][gc,phases,start] GC(2465) Compaction Phase
[6773.469s][info][gc,phases      ] GC(2465) Compaction Phase 152.253ms
[6773.471s][info][gc,phases,start] GC(2465) Post Compact
[6773.477s][info][gc,phases      ] GC(2465) Post Compact 6.934ms
[6773.595s][info][gc,heap        ] GC(2465) PSYoungGen: 2611541K(2611712K)->0K(2599424K) Eden: 2427392K(2427392K)->0K(2415104K) From: 184149K(184320K)->0K(184320K)
[6773.596s][info][gc,heap        ] GC(2465) ParOldGen: 5577906K(5578240K)->1635490K(2246144K)
[6773.596s][info][gc,metaspace   ] GC(2465) Metaspace: 29088K(29376K)->29088K(29376K) NonClass: 25989K(26112K)->25989K(26112K) Class: 3099K(3264K)->3099K(3264K)
[6773.596s][info][gc             ] GC(2465) Pause Full (Allocation Failure) 7997M->1597M(4732M) 948.931ms
[6773.596s][info][gc,cpu         ] GC(2465) User=4.51s Sys=0.12s Real=0.95s
.[6774.838s][info][gc,start       ] GC(2466) Pause Young (Allocation Failure)
[6774.907s][info][gc,heap        ] GC(2466) PSYoungGen: 2415104K(2599424K)->167408K(2605568K) Eden: 2415104K(2415104K)->0K(2415104K) From: 0K(184320K)->167408K(190464K)
[6774.907s][info][gc,heap        ] GC(2466) ParOldGen: 1635490K(2246144K)->1635490K(2246144K)
[6774.907s][info][gc,metaspace   ] GC(2466) Metaspace: 29088K(29376K)->29088K(29376K) NonClass: 25989K(26112K)->25989K(26112K) Class: 3099K(3264K)->3099K(3264K)
[6774.907s][info][gc             ] GC(2466) Pause Young (Allocation Failure) 3955M->1760M(4738M) 69.180ms
[6774.907s][info][gc,cpu         ] GC(2466) User=0.41s Sys=0.00s Real=0.07s
?.[6776.105s][info][gc,start       ] GC(2467) Pause Young (Allocation Failure)
[6776.209s][info][gc,heap        ] GC(2467) PSYoungGen: 2582512K(2605568K)->182702K(2597376K) Eden: 2415104K(2415104K)->0K(2407936K) From: 167408K(190464K)->182702K(189440K)
[6776.210s][info][gc,heap        ] GC(2467) ParOldGen: 1635490K(2246144K)->1739922K(2246144K)
[6776.210s][info][gc,metaspace   ] GC(2467) Metaspace: 29088K(29376K)->29088K(29376K) NonClass: 25989K(26112K)->25989K(26112K) Class: 3099K(3264K)->3099K(3264K)
[6776.210s][info][gc             ] GC(2467) Pause Young (Allocation Failure) 4119M->1877M(4730M) 104.111ms
[6776.210s][info][gc,cpu         ] GC(2467) User=0.61s Sys=0.00s Real=0.10s
.[6777.519s][info][gc,start       ] GC(2468) Pause Young (Allocation Failure)
[6777.662s][info][gc,heap        ] GC(2468) PSYoungGen: 2590638K(2597376K)->165220K(2601984K) Eden: 2407936K(2407936K)->0K(2407936K) From: 182702K(189440K)->165220K(194048K)
[6777.662s][info][gc,heap        ] GC(2468) ParOldGen: 1739922K(2246144K)->1849498K(2246144K)
[6777.662s][info][gc,metaspace   ] GC(2468) Metaspace: 29088K(29376K)->29088K(29376K) NonClass: 25989K(26112K)->25989K(26112K) Class: 3099K(3264K)->3099K(3264K)
[6777.662s][info][gc             ] GC(2468) Pause Young (Allocation Failure) 4229M->1967M(4734M) 143.452ms
[6777.662s][info][gc,cpu         ] GC(2468) User=0.59s Sys=0.00s Real=0.14s
.[6778.937s][info][gc,start       ] GC(2469) Pause Young (Allocation Failure)
[6779.030s][info][gc,heap        ] GC(2469) PSYoungGen: 2573156K(2601984K)->156884K(2598400K) Eden: 2407936K(2407936K)->0K(2411008K) From: 165220K(194048K)->156884K(187392K)
[6779.030s][info][gc,heap        ] GC(2469) ParOldGen: 1849498K(2246144K)->1950978K(2246144K)
[6779.030s][info][gc,metaspace   ] GC(2469) Metaspace: 29088K(29376K)->29088K(29376K) NonClass: 25989K(26112K)->25989K(26112K) Class: 3099K(3264K)->3099K(3264K)
[6779.030s][info][gc             ] GC(2469) Pause Young (Allocation Failure) 4318M->2058M(4731M) 93.235ms
[6779.030s][info][gc,cpu         ] GC(2469) User=0.55s Sys=0.00s Real=0.09s
.[6780.251s][info][gc,start       ] GC(2470) Pause Young (Allocation Failure)
[6780.343s][info][gc,heap        ] GC(2470) PSYoungGen: 2567892K(2598400K)->158976K(2600960K) Eden: 2411008K(2411008K)->0K(2411008K) From: 156884K(187392K)->158976K(189952K)
[6780.343s][info][gc,heap        ] GC(2470) ParOldGen: 1950978K(2246144K)->2048986K(2246144K)
[6780.343s][info][gc,metaspace   ] GC(2470) Metaspace: 29088K(29376K)->29088K(29376K) NonClass: 25989K(26112K)->25989K(26112K) Class: 3099K(3264K)->3099K(3264K)
[6780.343s][info][gc             ] GC(2470) Pause Young (Allocation Failure) 4412M->2156M(4733M) 92.006ms
[6780.343s][info][gc,cpu         ] GC(2470) User=0.55s Sys=0.00s Real=0.09s
.[6781.703s][info][gc,start       ] GC(2471) Pause Young (Allocation Failure)
[6781.801s][info][gc,heap        ] GC(2471) PSYoungGen: 2569984K(2600960K)->165524K(2601984K) Eden: 2411008K(2411008K)->0K(2417664K) From: 158976K(189952K)->165524K(184320K)
[6781.802s][info][gc,heap        ] GC(2471) ParOldGen: 2048986K(2246144K)->2161034K(2246144K)
[6781.802s][info][gc,metaspace   ] GC(2471) Metaspace: 29088K(29376K)->29088K(29376K) NonClass: 25989K(26112K)->25989K(26112K) Class: 3099K(3264K)->3099K(3264K)
[6781.802s][info][gc             ] GC(2471) Pause Young (Allocation Failure) 4510M->2272M(4734M) 98.949ms
[6781.802s][info][gc,cpu         ] GC(2471) User=0.58s Sys=0.00s Real=0.10s
..[6783.091s][info][gc,start       ] GC(2472) Pause Young (Allocation Failure)
[6783.190s][info][gc,heap        ] GC(2472) PSYoungGen: 2583188K(2601984K)->171648K(2604544K) Eden: 2417664K(2417664K)->0K(2417664K) From: 165524K(184320K)->171648K(186880K)
[6783.190s][info][gc,heap        ] GC(2472) ParOldGen: 2161034K(2246144K)->2261922K(2262016K)
[6783.190s][info][gc,metaspace   ] GC(2472) Metaspace: 29088K(29376K)->29088K(29376K) NonClass: 25989K(26112K)->25989K(26112K) Class: 3099K(3264K)->3099K(3264K)
[6783.190s][info][gc             ] GC(2472) Pause Young (Allocation Failure) 4633M->2376M(4752M) 98.628ms
[6783.190s][info][gc,cpu         ] GC(2472) User=0.57s Sys=0.01s Real=0.10s
.[6784.490s][info][gc,start       ] GC(2473) Pause Young (Allocation Failure)
[6784.641s][info][gc,heap        ] GC(2473) PSYoungGen: 2589312K(2604544K)->164277K(2605568K) Eden: 2417664K(2417664K)->0K(2421760K) From: 171648K(186880K)->164277K(183808K)
[6784.641s][info][gc,heap        ] GC(2473) ParOldGen: 2261922K(2262016K)->2367242K(2367488K)
[6784.641s][info][gc,metaspace   ] GC(2473) Metaspace: 29088K(29376K)->29088K(29376K) NonClass: 25989K(26112K)->25989K(26112K) Class: 3099K(3264K)->3099K(3264K)
[6784.641s][info][gc             ] GC(2473) Pause Young (Allocation Failure) 4737M->2472M(4856M) 151.265ms
[6784.641s][info][gc,cpu         ] GC(2473) User=0.59s Sys=0.03s Real=0.15s
.[6785.956s][info][gc,start       ] GC(2474) Pause Young (Allocation Failure)
[6786.055s][info][gc,heap        ] GC(2474) PSYoungGen: 2586037K(2605568K)->160000K(2607104K) Eden: 2421760K(2421760K)->0K(2421760K) From: 164277K(183808K)->160000K(185344K)
[6786.055s][info][gc,heap        ] GC(2474) ParOldGen: 2367242K(2367488K)->2470834K(2470912K)
[6786.055s][info][gc,metaspace   ] GC(2474) Metaspace: 29088K(29376K)->29088K(29376K) NonClass: 25989K(26112K)->25989K(26112K) Class: 3099K(3264K)->3099K(3264K)
[6786.055s][info][gc             ] GC(2474) Pause Young (Allocation Failure) 4837M->2569M(4959M) 99.608ms
[6786.055s][info][gc,cpu         ] GC(2474) User=0.55s Sys=0.04s Real=0.10s
..[6787.354s][info][gc,start       ] GC(2475) Pause Young (Allocation Failure)
[6787.455s][info][gc,heap        ] GC(2475) PSYoungGen: 2581760K(2607104K)->161513K(2607616K) Eden: 2421760K(2421760K)->0K(2426880K) From: 160000K(185344K)->161513K(180736K)
[6787.455s][info][gc,heap        ] GC(2475) ParOldGen: 2470834K(2470912K)->2574330K(2574336K)
[6787.455s][info][gc,metaspace   ] GC(2475) Metaspace: 29088K(29376K)->29088K(29376K) NonClass: 25989K(26112K)->25989K(26112K) Class: 3099K(3264K)->3099K(3264K)
[6787.455s][info][gc             ] GC(2475) Pause Young (Allocation Failure) 4934M->2671M(5060M) 101.241ms
[6787.455s][info][gc,cpu         ] GC(2475) User=0.58s Sys=0.03s Real=0.10s
.[6788.827s][info][gc,start       ] GC(2476) Pause Young (Allocation Failure)
[6788.926s][info][gc,heap        ] GC(2476) PSYoungGen: 2588393K(2607616K)->160800K(2609152K) Eden: 2426880K(2426880K)->0K(2426880K) From: 161513K(180736K)->160800K(182272K)
[6788.926s][info][gc,heap        ] GC(2476) ParOldGen: 2574330K(2574336K)->2679490K(2679808K)
[6788.926s][info][gc,metaspace   ] GC(2476) Metaspace: 29088K(29376K)->29088K(29376K) NonClass: 25989K(26112K)->25989K(26112K) Class: 3099K(3264K)->3099K(3264K)
[6788.927s][info][gc             ] GC(2476) Pause Young (Allocation Failure) 5041M->2773M(5165M) 99.605ms
[6788.927s][info][gc,cpu         ] GC(2476) User=0.55s Sys=0.04s Real=0.10s
..[6790.245s][info][gc,start       ] GC(2477) Pause Young (Allocation Failure)
[6790.342s][info][gc,heap        ] GC(2477) PSYoungGen: 2587680K(2609152K)->155571K(2612224K) Eden: 2426880K(2426880K)->0K(2432512K) From: 160800K(182272K)->155571K(179712K)
[6790.342s][info][gc,heap        ] GC(2477) ParOldGen: 2679490K(2679808K)->2781906K(2782208K)
[6790.342s][info][gc,metaspace   ] GC(2477) Metaspace: 29088K(29376K)->29088K(29376K) NonClass: 25989K(26112K)->25989K(26112K) Class: 3099K(3264K)->3099K(3264K)
[6790.342s][info][gc             ] GC(2477) Pause Young (Allocation Failure) 5143M->2868M(5268M) 97.489ms
[6790.342s][info][gc,cpu         ] GC(2477) User=0.54s Sys=0.04s Real=0.09s
.[6791.681s][info][gc,start       ] GC(2478) Pause Young (Allocation Failure)
[6791.784s][info][gc,heap        ] GC(2478) PSYoungGen: 2588083K(2612224K)->166628K(2613248K) Eden: 2432512K(2432512K)->0K(2432512K) From: 155571K(179712K)->166628K(180736K)
[6791.784s][info][gc,heap        ] GC(2478) ParOldGen: 2781906K(2782208K)->2887146K(2887168K)
[6791.784s][info][gc,metaspace   ] GC(2478) Metaspace: 29088K(29376K)->29088K(29376K) NonClass: 25989K(26112K)->25989K(26112K) Class: 3099K(3264K)->3099K(3264K)
[6791.784s][info][gc             ] GC(2478) Pause Young (Allocation Failure) 5244M->2982M(5371M) 102.908ms
[6791.784s][info][gc,cpu         ] GC(2478) User=0.57s Sys=0.04s Real=0.11s
.[6793.155s][info][gc,start       ] GC(2479) Pause Young (Allocation Failure)
[6793.256s][info][gc,heap        ] GC(2479) PSYoungGen: 2599140K(2613248K)->164576K(2612224K) Eden: 2432512K(2432512K)->0K(2434560K) From: 166628K(180736K)->164576K(177664K)
[6793.256s][info][gc,heap        ] GC(2479) ParOldGen: 2887146K(2887168K)->2990882K(2991104K)
[6793.256s][info][gc,metaspace   ] GC(2479) Metaspace: 29088K(29376K)->29088K(29376K) NonClass: 25989K(26112K)->25989K(26112K) Class: 3099K(3264K)->3099K(3264K)
[6793.256s][info][gc             ] GC(2479) Pause Young (Allocation Failure) 5357M->3081M(5472M) 101.204ms
[6793.256s][info][gc,cpu         ] GC(2479) User=0.56s Sys=0.03s Real=0.10s
..[6794.678s][info][gc,start       ] GC(2480) Pause Young (Allocation Failure)
[6794.779s][info][gc,heap        ] GC(2480) PSYoungGen: 2599136K(2612224K)->163541K(2613760K) Eden: 2434560K(2434560K)->0K(2434560K) From: 164576K(177664K)->163541K(179200K)
[6794.779s][info][gc,heap        ] GC(2480) ParOldGen: 2990882K(2991104K)->3095186K(3095552K)
[6794.779s][info][gc,metaspace   ] GC(2480) Metaspace: 29088K(29376K)->29088K(29376K) NonClass: 25989K(26112K)->25989K(26112K) Class: 3099K(3264K)->3099K(3264K)
[6794.779s][info][gc             ] GC(2480) Pause Young (Allocation Failure) 5459M->3182M(5575M) 101.456ms
[6794.779s][info][gc,cpu         ] GC(2480) User=0.57s Sys=0.03s Real=0.10s
.[6796.076s][info][gc,start       ] GC(2481) Pause Young (Allocation Failure)
[6796.186s][info][gc,heap        ] GC(2481) PSYoungGen: 2598101K(2613760K)->177632K(2529280K) Eden: 2434560K(2434560K)->0K(2351616K) From: 163541K(179200K)->177632K(177664K)
[6796.186s][info][gc,heap        ] GC(2481) ParOldGen: 3095186K(3095552K)->3204506K(3204608K)
[6796.186s][info][gc,metaspace   ] GC(2481) Metaspace: 29088K(29376K)->29088K(29376K) NonClass: 25989K(26112K)->25989K(26112K) Class: 3099K(3264K)->3099K(3264K)
[6796.186s][info][gc             ] GC(2481) Pause Young (Allocation Failure) 5559M->3302M(5599M) 110.646ms
[6796.186s][info][gc,cpu         ] GC(2481) User=0.62s Sys=0.03s Real=0.11s
..[6797.526s][info][gc,start       ] GC(2482) Pause Young (Allocation Failure)
[6797.631s][info][gc,heap        ] GC(2482) PSYoungGen: 2529248K(2529280K)->165652K(2573824K) Eden: 2351616K(2351616K)->0K(2351616K) From: 177632K(177664K)->165652K(222208K)
[6797.631s][info][gc,heap        ] GC(2482) ParOldGen: 3204506K(3204608K)->3310578K(3310592K)
[6797.631s][info][gc,metaspace   ] GC(2482) Metaspace: 29088K(29376K)->29088K(29376K) NonClass: 25989K(26112K)->25989K(26112K) Class: 3099K(3264K)->3099K(3264K)
[6797.631s][info][gc             ] GC(2482) Pause Young (Allocation Failure) 5599M->3394M(5746M) 105.179ms
[6797.631s][info][gc,cpu         ] GC(2482) User=0.57s Sys=0.04s Real=0.10s
.[6798.880s][info][gc,start       ] GC(2483) Pause Young (Allocation Failure)
[6798.983s][info][gc,heap        ] GC(2483) PSYoungGen: 2517268K(2573824K)->168704K(2563584K) Eden: 2351616K(2351616K)->0K(2354688K) From: 165652K(222208K)->168704K(208896K)
[6798.983s][info][gc,heap        ] GC(2483) ParOldGen: 3310578K(3310592K)->3410530K(3410944K)
[6798.983s][info][gc,metaspace   ] GC(2483) Metaspace: 29088K(29376K)->29088K(29376K) NonClass: 25989K(26112K)->25989K(26112K) Class: 3099K(3264K)->3099K(3264K)
[6798.983s][info][gc             ] GC(2483) Pause Young (Allocation Failure) 5691M->3495M(5834M) 103.201ms
[6798.984s][info][gc,cpu         ] GC(2483) User=0.56s Sys=0.03s Real=0.11s
.[6800.291s][info][gc,start       ] GC(2484) Pause Young (Allocation Failure)
[6800.389s][info][gc,heap        ] GC(2484) PSYoungGen: 2523392K(2563584K)->156330K(2570240K) Eden: 2354688K(2354688K)->0K(2354688K) From: 168704K(208896K)->156330K(215552K)
[6800.389s][info][gc,heap        ] GC(2484) ParOldGen: 3410530K(3410944K)->3514722K(3514880K)
[6800.389s][info][gc,metaspace   ] GC(2484) Metaspace: 29088K(29376K)->29088K(29376K) NonClass: 25989K(26112K)->25989K(26112K) Class: 3099K(3264K)->3099K(3264K)
[6800.389s][info][gc             ] GC(2484) Pause Young (Allocation Failure) 5794M->3585M(5942M) 98.824ms
[6800.389s][info][gc,cpu         ] GC(2484) User=0.55s Sys=0.03s Real=0.10s
.. (rIR:aIR:PR = 11761:11784:11786) (tPR = 173844) [OK] 
  6801s: Performance info:
         Transaction,    Success,    Partial,     Failed,   Receipts, AvgBarcode, 
             Overall,     710069,          0,          0,     675021,      59.47, 
         Response times:
             Request,    Success,    Partial,     Failed,   SkipFail,     Probes,    Samples,      min,      p50,      p90,      p95,      p99,      max, 
       TotalPurchase,     674534,          0,          0,          0,     304253,     400625,      200,    60000,   415000,   620000,   810000,  1400000,
     InStorePurchase,     356320,          0,          0,          0,     158335,     209390,      200,    60000,   409000,   543000,   810000,  1400000,
      OnlinePurchase,     246566,          0,          0,          0,     112053,     147951,      300,    61000,   415000,   620000,   790000,  1400000,
        InstPurchase,      71648,          0,          0,          0,      33865,      43284,      300,    59000,   459000,   650000,   910000,  1200000,
          AssocOfCat,        711,          0,          0,          0,        508,        754,    26000,   111000,   577000,   720000,   850000,  1100000,
      AssocOfProduct,       7155,          0,          0,          0,       4001,       5150,      500,    59000,   447000,   660000,   750000,  1100000,
      BusinessReport,       1777,          0,          0,          0,       1379,       1917,    32000,   125000,   516000,   740000,   870000,  1300000,
          CustBuyBeh,       7098,          0,          0,          0,       3904,       4971,      300,    66000,   479000,   740000,   900000,  1200000,
       ProductReturn,      18694,          0,          0,          0,       8626,      11194,      100,    54000,   454000,   596000,   850000,   990000,

  6801s: (86%)   IR =  11900 [6801.786s][info][gc,start       ] GC(2485) Pause Young (Allocation Failure)
[6801.885s][info][gc,heap        ] GC(2485) PSYoungGen: 2511018K(2570240K)->158256K(2576384K) Eden: 2354688K(2354688K)->0K(2365952K) From: 156330K(215552K)->158256K(210432K)
[6801.885s][info][gc,heap        ] GC(2485) ParOldGen: 3514722K(3514880K)->3618146K(3618304K)
[6801.885s][info][gc,metaspace   ] GC(2485) Metaspace: 29088K(29376K)->29088K(29376K) NonClass: 25989K(26112K)->25989K(26112K) Class: 3099K(3264K)->3099K(3264K)
[6801.885s][info][gc             ] GC(2485) Pause Young (Allocation Failure) 5884M->3687M(6049M) 98.984ms
[6801.885s][info][gc,cpu         ] GC(2485) User=0.55s Sys=0.03s Real=0.10s
.[6803.191s][info][gc,start       ] GC(2486) Pause Young (Allocation Failure)
[6803.297s][info][gc,heap        ] GC(2486) PSYoungGen: 2524208K(2576384K)->174615K(2578944K) Eden: 2365952K(2365952K)->0K(2365952K) From: 158256K(210432K)->174615K(212992K)
[6803.298s][info][gc,heap        ] GC(2486) ParOldGen: 3618146K(3618304K)->3721066K(3721216K)
[6803.298s][info][gc,metaspace   ] GC(2486) Metaspace: 29088K(29376K)->29088K(29376K) NonClass: 25989K(26112K)->25989K(26112K) Class: 3099K(3264K)->3099K(3264K)
[6803.298s][info][gc             ] GC(2486) Pause Young (Allocation Failure) 5998M->3804M(6152M) 106.839ms
[6803.298s][info][gc,cpu         ] GC(2486) User=0.60s Sys=0.03s Real=0.11s
.[6804.595s][info][gc,start       ] GC(2487) Pause Young (Allocation Failure)
[6804.698s][info][gc,heap        ] GC(2487) PSYoungGen: 2540567K(2578944K)->163280K(2578432K) Eden: 2365952K(2365952K)->0K(2373120K) From: 174615K(212992K)->163280K(205312K)
[6804.698s][info][gc,heap        ] GC(2487) ParOldGen: 3721066K(3721216K)->3822338K(3822592K)
[6804.698s][info][gc,metaspace   ] GC(2487) Metaspace: 29088K(29376K)->29088K(29376K) NonClass: 25989K(26112K)->25989K(26112K) Class: 3099K(3264K)->3099K(3264K)
[6804.698s][info][gc             ] GC(2487) Pause Young (Allocation Failure) 6114M->3892M(6251M) 102.938ms
[6804.698s][info][gc,cpu         ] GC(2487) User=0.57s Sys=0.03s Real=0.10s
..[6806.076s][info][gc,start       ] GC(2488) Pause Young (Allocation Failure)
[6806.181s][info][gc,heap        ] GC(2488) PSYoungGen: 2536400K(2578432K)->171044K(2580480K) Eden: 2373120K(2373120K)->0K(2373120K) From: 163280K(205312K)->171044K(207360K)
[6806.181s][info][gc,heap        ] GC(2488) ParOldGen: 3822338K(3822592K)->3924162K(3924480K)
[6806.181s][info][gc,metaspace   ] GC(2488) Metaspace: 29088K(29376K)->29088K(29376K) NonClass: 25989K(26112K)->25989K(26112K) Class: 3099K(3264K)->3099K(3264K)
[6806.181s][info][gc             ] GC(2488) Pause Young (Allocation Failure) 6209M->3999M(6352M) 104.459ms
[6806.181s][info][gc,cpu         ] GC(2488) User=0.59s Sys=0.03s Real=0.10s
.[6807.493s][info][gc,start       ] GC(2489) Pause Young (Allocation Failure)
[6807.591s][info][gc,heap        ] GC(2489) PSYoungGen: 2544164K(2580480K)->152373K(2588160K) Eden: 2373120K(2373120K)->0K(2383872K) From: 171044K(207360K)->152373K(204288K)
[6807.591s][info][gc,heap        ] GC(2489) ParOldGen: 3924162K(3924480K)->4027794K(4027904K)
[6807.591s][info][gc,metaspace   ] GC(2489) Metaspace: 29088K(29376K)->29088K(29376K) NonClass: 25989K(26112K)->25989K(26112K) Class: 3099K(3264K)->3099K(3264K)
[6807.591s][info][gc             ] GC(2489) Pause Young (Allocation Failure) 6316M->4082M(6461M) 97.642ms
[6807.591s][info][gc,cpu         ] GC(2489) User=0.53s Sys=0.04s Real=0.09s
..[6808.930s][info][gc,start       ] GC(2490) Pause Young (Allocation Failure)
[6809.038s][info][gc,heap        ] GC(2490) PSYoungGen: 2536245K(2588160K)->177712K(2587648K) Eden: 2383872K(2383872K)->0K(2383872K) From: 152373K(204288K)->177712K(203776K)
[6809.038s][info][gc,heap        ] GC(2490) ParOldGen: 4027794K(4027904K)->4128386K(4128768K)
[6809.038s][info][gc,metaspace   ] GC(2490) Metaspace: 29088K(29376K)->29088K(29376K) NonClass: 25989K(26112K)->25989K(26112K) Class: 3099K(3264K)->3099K(3264K)
[6809.038s][info][gc             ] GC(2490) Pause Young (Allocation Failure) 6410M->4205M(6559M) 108.010ms
[6809.038s][info][gc,cpu         ] GC(2490) User=0.59s Sys=0.04s Real=0.11s
.[6810.362s][info][gc,start       ] GC(2491) Pause Young (Allocation Failure)
[6810.465s][info][gc,heap        ] GC(2491) PSYoungGen: 2561584K(2587648K)->164176K(2587648K) Eden: 2383872K(2383872K)->0K(2388480K) From: 177712K(203776K)->164176K(199168K)
[6810.465s][info][gc,heap        ] GC(2491) ParOldGen: 4128386K(4128768K)->4233066K(4233216K)
[6810.465s][info][gc,metaspace   ] GC(2491) Metaspace: 29088K(29376K)->29088K(29376K) NonClass: 25989K(26112K)->25989K(26112K) Class: 3099K(3264K)->3099K(3264K)
[6810.465s][info][gc             ] GC(2491) Pause Young (Allocation Failure) 6533M->4294M(6661M) 103.447ms
[6810.465s][info][gc,cpu         ] GC(2491) User=0.57s Sys=0.03s Real=0.11s
.[6811.845s][info][gc,start       ] GC(2492) Pause Young (Allocation Failure)
[6811.949s][info][gc,heap        ] GC(2492) PSYoungGen: 2552656K(2587648K)->162337K(2589696K) Eden: 2388480K(2388480K)->0K(2388480K) From: 164176K(199168K)->162337K(201216K)
[6811.949s][info][gc,heap        ] GC(2492) ParOldGen: 4233066K(4233216K)->4339466K(4339712K)
[6811.949s][info][gc,metaspace   ] GC(2492) Metaspace: 29088K(29376K)->29088K(29376K) NonClass: 25989K(26112K)->25989K(26112K) Class: 3099K(3264K)->3099K(3264K)
[6811.949s][info][gc             ] GC(2492) Pause Young (Allocation Failure) 6626M->4396M(6767M) 104.313ms
[6811.949s][info][gc,cpu         ] GC(2492) User=0.57s Sys=0.03s Real=0.10s
..[6813.214s][info][gc,start       ] GC(2493) Pause Young (Allocation Failure)
[6813.312s][info][gc,heap        ] GC(2493) PSYoungGen: 2550817K(2589696K)->152512K(2593792K) Eden: 2388480K(2388480K)->0K(2395648K) From: 162337K(201216K)->152512K(198144K)
[6813.312s][info][gc,heap        ] GC(2493) ParOldGen: 4339466K(4339712K)->4440890K(4441088K)
[6813.312s][info][gc,metaspace   ] GC(2493) Metaspace: 29088K(29376K)->29088K(29376K) NonClass: 25989K(26112K)->25989K(26112K) Class: 3099K(3264K)->3099K(3264K)
[6813.312s][info][gc             ] GC(2493) Pause Young (Allocation Failure) 6728M->4485M(6870M) 98.290ms
[6813.312s][info][gc,cpu         ] GC(2493) User=0.55s Sys=0.03s Real=0.09s
.[6814.605s][info][gc,start       ] GC(2494) Pause Young (Allocation Failure)
[6814.708s][info][gc,heap        ] GC(2494) PSYoungGen: 2548160K(2593792K)->160452K(2594304K) Eden: 2395648K(2395648K)->0K(2395648K) From: 152512K(198144K)->160452K(198656K)
[6814.708s][info][gc,heap        ] GC(2494) ParOldGen: 4440890K(4441088K)->4545754K(4546048K)
[6814.708s][info][gc,metaspace   ] GC(2494) Metaspace: 29088K(29376K)->29088K(29376K) NonClass: 25989K(26112K)->25989K(26112K) Class: 3099K(3264K)->3099K(3264K)
[6814.708s][info][gc             ] GC(2494) Pause Young (Allocation Failure) 6825M->4595M(6973M) 102.981ms
[6814.708s][info][gc,cpu         ] GC(2494) User=0.58s Sys=0.03s Real=0.10s
.[6815.965s][info][gc,start       ] GC(2495) Pause Young (Allocation Failure)
[6816.066s][info][gc,heap        ] GC(2495) PSYoungGen: 2556100K(2594304K)->164704K(2593792K) Eden: 2395648K(2395648K)->0K(2400768K) From: 160452K(198656K)->164704K(193024K)
[6816.066s][info][gc,heap        ] GC(2495) ParOldGen: 4545754K(4546048K)->4650642K(4651008K)
[6816.066s][info][gc,metaspace   ] GC(2495) Metaspace: 29088K(29376K)->29088K(29376K) NonClass: 25989K(26112K)->25989K(26112K) Class: 3099K(3264K)->3099K(3264K)
[6816.066s][info][gc             ] GC(2495) Pause Young (Allocation Failure) 6935M->4702M(7075M) 101.747ms
[6816.066s][info][gc,cpu         ] GC(2495) User=0.57s Sys=0.03s Real=0.10s
..[6817.385s][info][gc,start       ] GC(2496) Pause Young (Allocation Failure)
[6817.487s][info][gc,heap        ] GC(2496) PSYoungGen: 2565472K(2593792K)->161952K(2594816K) Eden: 2400768K(2400768K)->0K(2400768K) From: 164704K(193024K)->161952K(194048K)
[6817.487s][info][gc,heap        ] GC(2496) ParOldGen: 4650642K(4651008K)->4755466K(4755968K)
[6817.487s][info][gc,metaspace   ] GC(2496) Metaspace: 29088K(29376K)->29088K(29376K) NonClass: 25989K(26112K)->25989K(26112K) Class: 3099K(3264K)->3099K(3264K)
[6817.487s][info][gc             ] GC(2496) Pause Young (Allocation Failure) 7046M->4802M(7178M) 101.819ms
[6817.487s][info][gc,cpu         ] GC(2496) User=0.58s Sys=0.02s Real=0.10s
.[6818.802s][info][gc,start       ] GC(2497) Pause Young (Allocation Failure)
[6818.901s][info][gc,heap        ] GC(2497) PSYoungGen: 2562720K(2594816K)->152832K(2601472K) Eden: 2400768K(2400768K)->0K(2409472K) From: 161952K(194048K)->152832K(192000K)
[6818.901s][info][gc,heap        ] GC(2497) ParOldGen: 4755466K(4755968K)->4861370K(4861440K)
[6818.901s][info][gc,metaspace   ] GC(2497) Metaspace: 29088K(29376K)->29088K(29376K) NonClass: 25989K(26112K)->25989K(26112K) Class: 3099K(3264K)->3099K(3264K)
[6818.901s][info][gc             ] GC(2497) Pause Young (Allocation Failure) 7146M->4896M(7288M) 98.598ms
[6818.901s][info][gc,cpu         ] GC(2497) User=0.54s Sys=0.04s Real=0.10s
..[6820.268s][info][gc,start       ] GC(2498) Pause Young (Allocation Failure)
[6820.370s][info][gc,heap        ] GC(2498) PSYoungGen: 2562304K(2601472K)->162414K(2600960K) Eden: 2409472K(2409472K)->0K(2409472K) From: 152832K(192000K)->162414K(191488K)
[6820.370s][info][gc,heap        ] GC(2498) ParOldGen: 4861370K(4861440K)->4963122K(4963328K)
[6820.370s][info][gc,metaspace   ] GC(2498) Metaspace: 29088K(29376K)->29088K(29376K) NonClass: 25989K(26112K)->25989K(26112K) Class: 3099K(3264K)->3099K(3264K)
[6820.370s][info][gc             ] GC(2498) Pause Young (Allocation Failure) 7249M->5005M(7387M) 102.293ms
[6820.370s][info][gc,cpu         ] GC(2498) User=0.57s Sys=0.03s Real=0.10s
.[6821.730s][info][gc,start       ] GC(2499) Pause Young (Allocation Failure)
[6821.833s][info][gc,heap        ] GC(2499) PSYoungGen: 2571886K(2600960K)->159232K(2603008K) Eden: 2409472K(2409472K)->0K(2414080K) From: 162414K(191488K)->159232K(188928K)
[6821.833s][info][gc,heap        ] GC(2499) ParOldGen: 4963122K(4963328K)->5068306K(5068800K)
[6821.833s][info][gc,metaspace   ] GC(2499) Metaspace: 29088K(29376K)->29088K(29376K) NonClass: 25989K(26112K)->25989K(26112K) Class: 3099K(3264K)->3099K(3264K)
[6821.833s][info][gc             ] GC(2499) Pause Young (Allocation Failure) 7358M->5105M(7492M) 102.415ms
[6821.833s][info][gc,cpu         ] GC(2499) User=0.56s Sys=0.04s Real=0.10s
.[6823.126s][info][gc,start       ] GC(2500) Pause Young (Allocation Failure)
[6823.234s][info][gc,heap        ] GC(2500) PSYoungGen: 2573312K(2603008K)->175136K(2601472K) Eden: 2414080K(2414080K)->0K(2414080K) From: 159232K(188928K)->175136K(187392K)
[6823.234s][info][gc,heap        ] GC(2500) ParOldGen: 5068306K(5068800K)->5171978K(5172224K)
[6823.234s][info][gc,metaspace   ] GC(2500) Metaspace: 29088K(29376K)->29088K(29376K) NonClass: 25989K(26112K)->25989K(26112K) Class: 3099K(3264K)->3099K(3264K)
[6823.234s][info][gc             ] GC(2500) Pause Young (Allocation Failure) 7462M->5221M(7591M) 107.519ms
[6823.234s][info][gc,cpu         ] GC(2500) User=0.59s Sys=0.04s Real=0.11s
..[6824.539s][info][gc,start       ] GC(2501) Pause Young (Allocation Failure)
[6824.684s][info][gc,heap        ] GC(2501) PSYoungGen: 2589216K(2601472K)->150592K(2606592K) Eden: 2414080K(2414080K)->0K(2417152K) From: 175136K(187392K)->150592K(189440K)
[6824.684s][info][gc,heap        ] GC(2501) ParOldGen: 5171978K(5172224K)->5275698K(5276160K)
[6824.684s][info][gc,metaspace   ] GC(2501) Metaspace: 29088K(29376K)->29088K(29376K) NonClass: 25989K(26112K)->25989K(26112K) Class: 3099K(3264K)->3099K(3264K)
[6824.684s][info][gc             ] GC(2501) Pause Young (Allocation Failure) 7579M->5299M(7698M) 144.912ms
[6824.684s][info][gc,cpu         ] GC(2501) User=0.55s Sys=0.02s Real=0.15s
.|[6826.034s][info][gc,start       ] GC(2502) Pause Young (Allocation Failure)
[6826.142s][info][gc,heap        ] GC(2502) PSYoungGen: 2567744K(2606592K)->171562K(2589184K) Eden: 2417152K(2417152K)->0K(2417152K) From: 150592K(189440K)->171562K(172032K)
[6826.142s][info][gc,heap        ] GC(2502) ParOldGen: 5275698K(5276160K)->5378922K(5379072K)
[6826.142s][info][gc,metaspace   ] GC(2502) Metaspace: 29088K(29376K)->29088K(29376K) NonClass: 25989K(26112K)->25989K(26112K) Class: 3099K(3264K)->3099K(3264K)
[6826.142s][info][gc             ] GC(2502) Pause Young (Allocation Failure) 7659M->5420M(7781M) 108.282ms
[6826.142s][info][gc,cpu         ] GC(2502) User=0.59s Sys=0.04s Real=0.10s
.[6827.451s][info][gc,start       ] GC(2503) Pause Young (Allocation Failure)
[6827.550s][info][gc,heap        ] GC(2503) PSYoungGen: 2588714K(2589184K)->152768K(2606592K) Eden: 2417152K(2417152K)->0K(2416640K) From: 171562K(172032K)->152768K(189952K)
[6827.550s][info][gc,heap        ] GC(2503) ParOldGen: 5378922K(5379072K)->5483626K(5484032K)
[6827.550s][info][gc,metaspace   ] GC(2503) Metaspace: 29088K(29376K)->29088K(29376K) NonClass: 25989K(26112K)->25989K(26112K) Class: 3099K(3264K)->3099K(3264K)
[6827.550s][info][gc             ] GC(2503) Pause Young (Allocation Failure) 7780M->5504M(7901M) 99.609ms
[6827.550s][info][gc,cpu         ] GC(2503) User=0.56s Sys=0.02s Real=0.10s
..[6828.921s][info][gc,start       ] GC(2504) Pause Young (Allocation Failure)
[6829.022s][info][gc,heap        ] GC(2504) PSYoungGen: 2569408K(2606592K)->159392K(2576384K) Eden: 2416640K(2416640K)->0K(2416640K) From: 152768K(189952K)->159392K(159744K)
[6829.022s][info][gc,heap        ] GC(2504) ParOldGen: 5483626K(5484032K)->5586810K(5586944K)
[6829.022s][info][gc,metaspace   ] GC(2504) Metaspace: 29088K(29376K)->29088K(29376K) NonClass: 25989K(26112K)->25989K(26112K) Class: 3099K(3264K)->3099K(3264K)
[6829.022s][info][gc             ] GC(2504) Pause Young (Allocation Failure) 7864M->5611M(7972M) 100.359ms
[6829.022s][info][gc,cpu         ] GC(2504) User=0.56s Sys=0.03s Real=0.10s
.[6830.368s][info][gc,start       ] GC(2505) Pause Full (Allocation Failure)
[6830.368s][info][gc,phases,start] GC(2505) Marking Phase
[6830.698s][info][gc,phases      ] GC(2505) Marking Phase 329.572ms
[6830.698s][info][gc,phases,start] GC(2505) Summary Phase
[6830.698s][info][gc,phases      ] GC(2505) Summary Phase 0.108ms
[6830.698s][info][gc,phases,start] GC(2505) Forward
[6830.821s][info][gc,phases      ] GC(2505) Forward 122.824ms
[6830.821s][info][gc,phases,start] GC(2505) Adjust Pointers
[6831.036s][info][gc,phases      ] GC(2505) Adjust Pointers 215.685ms
[6831.037s][info][gc,phases,start] GC(2505) Compaction Phase
[6831.188s][info][gc,phases      ] GC(2505) Compaction Phase 151.470ms
[6831.190s][info][gc,phases,start] GC(2505) Post Compact
[6831.197s][info][gc,phases      ] GC(2505) Post Compact 7.061ms
[6831.330s][info][gc,heap        ] GC(2505) PSYoungGen: 2576032K(2576384K)->0K(2604032K) Eden: 2416640K(2416640K)->0K(2416640K) From: 159392K(159744K)->0K(187392K)
[6831.330s][info][gc,heap        ] GC(2505) ParOldGen: 5586810K(5586944K)->1627033K(2252288K)
[6831.330s][info][gc,metaspace   ] GC(2505) Metaspace: 29088K(29376K)->29085K(29376K) NonClass: 25989K(26112K)->25987K(26112K) Class: 3099K(3264K)->3098K(3264K)
[6831.330s][info][gc             ] GC(2505) Pause Full (Allocation Failure) 7971M->1588M(4742M) 961.809ms
[6831.330s][info][gc,cpu         ] GC(2505) User=4.49s Sys=0.13s Real=0.96s
..[6832.621s][info][gc,start       ] GC(2506) Pause Young (Allocation Failure)
[6832.688s][info][gc,heap        ] GC(2506) PSYoungGen: 2416640K(2604032K)->159744K(2604032K) Eden: 2416640K(2416640K)->0K(2416640K) From: 0K(187392K)->159744K(187392K)
[6832.688s][info][gc,heap        ] GC(2506) ParOldGen: 1627033K(2252288K)->1627033K(2252288K)
[6832.688s][info][gc,metaspace   ] GC(2506) Metaspace: 29085K(29376K)->29085K(29376K) NonClass: 25987K(26112K)->25987K(26112K) Class: 3098K(3264K)->3098K(3264K)
[6832.688s][info][gc             ] GC(2506) Pause Young (Allocation Failure) 3948M->1744M(4742M) 66.615ms
[6832.688s][info][gc,cpu         ] GC(2506) User=0.39s Sys=0.00s Real=0.07s
.[6833.969s][info][gc,start       ] GC(2507) Pause Young (Allocation Failure)
[6834.069s][info][gc,heap        ] GC(2507) PSYoungGen: 2576384K(2604032K)->168294K(2606592K) Eden: 2416640K(2416640K)->0K(2421248K) From: 159744K(187392K)->168294K(185344K)
[6834.069s][info][gc,heap        ] GC(2507) ParOldGen: 1627033K(2252288K)->1732201K(2252288K)
[6834.069s][info][gc,metaspace   ] GC(2507) Metaspace: 29085K(29376K)->29085K(29376K) NonClass: 25987K(26112K)->25987K(26112K) Class: 3098K(3264K)->3098K(3264K)
[6834.069s][info][gc             ] GC(2507) Pause Young (Allocation Failure) 4104M->1855M(4745M) 100.321ms
[6834.069s][info][gc,cpu         ] GC(2507) User=0.58s Sys=0.01s Real=0.10s
.[6835.335s][info][gc,start       ] GC(2508) Pause Young (Allocation Failure)
[6835.435s][info][gc,heap        ] GC(2508) PSYoungGen: 2589542K(2606592K)->176512K(2606592K) Eden: 2421248K(2421248K)->0K(2421248K) From: 168294K(185344K)->176512K(185344K)
[6835.435s][info][gc,heap        ] GC(2508) ParOldGen: 1732201K(2252288K)->1836521K(2252288K)
[6835.435s][info][gc,metaspace   ] GC(2508) Metaspace: 29085K(29376K)->29085K(29376K) NonClass: 25987K(26112K)->25987K(26112K) Class: 3098K(3264K)->3098K(3264K)
[6835.435s][info][gc             ] GC(2508) Pause Young (Allocation Failure) 4220M->1965M(4745M) 99.499ms
[6835.435s][info][gc,cpu         ] GC(2508) User=0.58s Sys=0.00s Real=0.10s
.[6836.721s][info][gc,start       ] GC(2509) Pause Young (Allocation Failure)
[6836.824s][info][gc,heap        ] GC(2509) PSYoungGen: 2597760K(2606592K)->154816K(2608640K) Eden: 2421248K(2421248K)->0K(2420736K) From: 176512K(185344K)->154816K(187904K)
[6836.824s][info][gc,heap        ] GC(2509) ParOldGen: 1836521K(2252288K)->1942689K(2252288K)
[6836.824s][info][gc,metaspace   ] GC(2509) Metaspace: 29085K(29376K)->29085K(29376K) NonClass: 25987K(26112K)->25987K(26112K) Class: 3098K(3264K)->3098K(3264K)
[6836.824s][info][gc             ] GC(2509) Pause Young (Allocation Failure) 4330M->2048M(4747M) 102.574ms
[6836.824s][info][gc,cpu         ] GC(2509) User=0.61s Sys=0.00s Real=0.11s
.[6837.038s][info][gc,start       ] GC(2510) Pause Full (Diagnostic Command)
[6837.038s][info][gc,phases,start] GC(2510) Marking Phase
[6837.364s][info][gc,phases      ] GC(2510) Marking Phase 326.462ms
[6837.364s][info][gc,phases,start] GC(2510) Summary Phase
[6837.365s][info][gc,phases      ] GC(2510) Summary Phase 0.036ms
[6837.365s][info][gc,phases,start] GC(2510) Forward
[6837.519s][info][gc,phases      ] GC(2510) Forward 154.130ms
[6837.519s][info][gc,phases,start] GC(2510) Adjust Pointers
[6837.746s][info][gc,phases      ] GC(2510) Adjust Pointers 227.243ms
[6837.746s][info][gc,phases,start] GC(2510) Compaction Phase
[6838.017s][info][gc,phases      ] GC(2510) Compaction Phase 270.945ms
[6838.020s][info][gc,phases,start] GC(2510) Post Compact
[6838.022s][info][gc,phases      ] GC(2510) Post Compact 2.276ms
[6838.022s][info][gc,heap        ] GC(2510) PSYoungGen: 566724K(2608640K)->0K(2608640K) Eden: 411908K(2420736K)->0K(2420736K) From: 154816K(187904K)->0K(187904K)
[6838.022s][info][gc,heap        ] GC(2510) ParOldGen: 1942689K(2252288K)->1372823K(2252288K)
[6838.022s][info][gc,metaspace   ] GC(2510) Metaspace: 29085K(29376K)->29085K(29376K) NonClass: 25987K(26112K)->25987K(26112K) Class: 3098K(3264K)->3098K(3264K)
[6838.022s][info][gc             ] GC(2510) Pause Full (Diagnostic Command) 2450M->1340M(4747M) 984.164ms
[6838.022s][info][gc,cpu         ] GC(2510) User=5.47s Sys=0.00s Real=0.98s
.[6839.345s][info][gc,start       ] GC(2511) Pause Young (Allocation Failure)
[6839.419s][info][gc,heap        ] GC(2511) PSYoungGen: 2420736K(2608640K)->178404K(2599424K) Eden: 2420736K(2420736K)->0K(2420736K) From: 0K(187904K)->178404K(178688K)
[6839.419s][info][gc,heap        ] GC(2511) ParOldGen: 1372823K(2252288K)->1372823K(2252288K)
[6839.419s][info][gc,metaspace   ] GC(2511) Metaspace: 29085K(29376K)->29085K(29376K) NonClass: 25987K(26112K)->25987K(26112K) Class: 3098K(3264K)->3098K(3264K)
[6839.419s][info][gc             ] GC(2511) Pause Young (Allocation Failure) 3704M->1514M(4738M) 74.621ms
[6839.419s][info][gc,cpu         ] GC(2511) User=0.43s Sys=0.00s Real=0.07s
.[6840.711s][info][gc,start       ] GC(2512) Pause Young (Allocation Failure)
[6840.805s][info][gc,heap        ] GC(2512) PSYoungGen: 2599140K(2599424K)->156320K(2606592K) Eden: 2420736K(2420736K)->0K(2416128K) From: 178404K(178688K)->156320K(190464K)
[6840.805s][info][gc,heap        ] GC(2512) ParOldGen: 1372823K(2252288K)->1481096K(2252288K)
[6840.805s][info][gc,metaspace   ] GC(2512) Metaspace: 29085K(29376K)->29085K(29376K) NonClass: 25987K(26112K)->25987K(26112K) Class: 3098K(3264K)->3098K(3264K)
[6840.805s][info][gc             ] GC(2512) Pause Young (Allocation Failure) 3878M->1599M(4745M) 93.774ms
[6840.805s][info][gc,cpu         ] GC(2512) User=0.56s Sys=0.00s Real=0.10s
.[6842.004s][info][gc,start       ] GC(2513) Pause Young (Allocation Failure)
[6842.107s][info][gc,heap        ] GC(2513) PSYoungGen: 2572448K(2606592K)->183360K(2599936K) Eden: 2416128K(2416128K)->0K(2416128K) From: 156320K(190464K)->183360K(183808K)
[6842.107s][info][gc,heap        ] GC(2513) ParOldGen: 1481096K(2252288K)->1586288K(2252288K)
[6842.107s][info][gc,metaspace   ] GC(2513) Metaspace: 29085K(29376K)->29085K(29376K) NonClass: 25987K(26112K)->25987K(26112K) Class: 3098K(3264K)->3098K(3264K)
[6842.107s][info][gc             ] GC(2513) Pause Young (Allocation Failure) 3958M->1728M(4738M) 103.069ms
[6842.108s][info][gc,cpu         ] GC(2513) User=0.60s Sys=0.00s Real=0.10s
.[6843.376s][info][gc,start       ] GC(2514) Pause Young (Allocation Failure)
[6843.485s][info][gc,heap        ] GC(2514) PSYoungGen: 2599488K(2599936K)->180852K(2596864K) Eden: 2416128K(2416128K)->0K(2402816K) From: 183360K(183808K)->180852K(194048K)
[6843.485s][info][gc,heap        ] GC(2514) ParOldGen: 1586288K(2252288K)->1717960K(2252288K)
[6843.485s][info][gc,metaspace   ] GC(2514) Metaspace: 29085K(29376K)->29085K(29376K) NonClass: 25987K(26112K)->25987K(26112K) Class: 3098K(3264K)->3098K(3264K)
[6843.486s][info][gc             ] GC(2514) Pause Young (Allocation Failure) 4087M->1854M(4735M) 109.198ms
[6843.486s][info][gc,cpu         ] GC(2514) User=0.65s Sys=0.00s Real=0.11s
.[6844.823s][info][gc,start       ] GC(2515) Pause Young (Allocation Failure)
[6844.914s][info][gc,heap        ] GC(2515) PSYoungGen: 2583668K(2596864K)->150720K(2599424K) Eden: 2402816K(2402816K)->0K(2402816K) From: 180852K(194048K)->150720K(196608K)
[6844.914s][info][gc,heap        ] GC(2515) ParOldGen: 1717960K(2252288K)->1822184K(2252288K)
[6844.914s][info][gc,metaspace   ] GC(2515) Metaspace: 29085K(29376K)->29085K(29376K) NonClass: 25987K(26112K)->25987K(26112K) Class: 3098K(3264K)->3098K(3264K)
[6844.914s][info][gc             ] GC(2515) Pause Young (Allocation Failure) 4200M->1926M(4738M) 90.526ms
[6844.914s][info][gc,cpu         ] GC(2515) User=0.53s Sys=0.00s Real=0.09s
..[6846.139s][info][gc,start       ] GC(2516) Pause Young (Allocation Failure)
[6846.243s][info][gc,heap        ] GC(2516) PSYoungGen: 2553536K(2599424K)->184480K(2591232K) Eden: 2402816K(2402816K)->0K(2394624K) From: 150720K(196608K)->184480K(196608K)
[6846.243s][info][gc,heap        ] GC(2516) ParOldGen: 1822184K(2252288K)->1924776K(2252288K)
[6846.243s][info][gc,metaspace   ] GC(2516) Metaspace: 29085K(29376K)->29085K(29376K) NonClass: 25987K(26112K)->25987K(26112K) Class: 3098K(3264K)->3098K(3264K)
[6846.243s][info][gc             ] GC(2516) Pause Young (Allocation Failure) 4273M->2059M(4730M) 103.804ms
[6846.243s][info][gc,cpu         ] GC(2516) User=0.61s Sys=0.00s Real=0.10s
.[6847.464s][info][gc,start       ] GC(2517) Pause Young (Allocation Failure)
[6847.605s][info][gc,heap        ] GC(2517) PSYoungGen: 2579104K(2591232K)->155584K(2595328K) Eden: 2394624K(2394624K)->0K(2394624K) From: 184480K(196608K)->155584K(200704K)
[6847.605s][info][gc,heap        ] GC(2517) ParOldGen: 1924776K(2252288K)->2033984K(2252288K)
[6847.605s][info][gc,metaspace   ] GC(2517) Metaspace: 29085K(29376K)->29085K(29376K) NonClass: 25987K(26112K)->25987K(26112K) Class: 3098K(3264K)->3098K(3264K)
[6847.605s][info][gc             ] GC(2517) Pause Young (Allocation Failure) 4398M->2138M(4734M) 140.584ms
[6847.605s][info][gc,cpu         ] GC(2517) User=0.56s Sys=0.00s Real=0.14s
.[6848.904s][info][gc,start       ] GC(2518) Pause Young (Allocation Failure)
[6849.001s][info][gc,heap        ] GC(2518) PSYoungGen: 2550208K(2595328K)->164179K(2588672K) Eden: 2394624K(2394624K)->0K(2396160K) From: 155584K(200704K)->164179K(192512K)
[6849.001s][info][gc,heap        ] GC(2518) ParOldGen: 2033984K(2252288K)->2139672K(2252288K)
[6849.001s][info][gc,metaspace   ] GC(2518) Metaspace: 29085K(29376K)->29085K(29376K) NonClass: 25987K(26112K)->25987K(26112K) Class: 3098K(3264K)->3098K(3264K)
[6849.001s][info][gc             ] GC(2518) Pause Young (Allocation Failure) 4476M->2249M(4727M) 97.307ms
[6849.001s][info][gc,cpu         ] GC(2518) User=0.58s Sys=0.00s Real=0.09s
.[6850.222s][info][gc,start       ] GC(2519) Pause Young (Allocation Failure)
[6850.324s][info][gc,heap        ] GC(2519) PSYoungGen: 2560339K(2588672K)->180165K(2592768K) Eden: 2396160K(2396160K)->0K(2396160K) From: 164179K(192512K)->180165K(196608K)
[6850.324s][info][gc,heap        ] GC(2519) ParOldGen: 2139672K(2252288K)->2242672K(2252288K)
[6850.324s][info][gc,metaspace   ] GC(2519) Metaspace: 29085K(29376K)->29085K(29376K) NonClass: 25987K(26112K)->25987K(26112K) Class: 3098K(3264K)->3098K(3264K)
[6850.324s][info][gc             ] GC(2519) Pause Young (Allocation Failure) 4589M->2366M(4731M) 102.403ms
[6850.324s][info][gc,cpu         ] GC(2519) User=0.60s Sys=0.00s Real=0.11s
.[6851.614s][info][gc,start       ] GC(2520) Pause Young (Allocation Failure)
[6851.718s][info][gc,heap        ] GC(2520) PSYoungGen: 2576325K(2592768K)->173092K(2598400K) Eden: 2396160K(2396160K)->0K(2399744K) From: 180165K(196608K)->173092K(198656K)
[6851.718s][info][gc,heap        ] GC(2520) ParOldGen: 2242672K(2252288K)->2349472K(2349568K)
[6851.718s][info][gc,metaspace   ] GC(2520) Metaspace: 29085K(29376K)->29085K(29376K) NonClass: 25987K(26112K)->25987K(26112K) Class: 3098K(3264K)->3098K(3264K)
[6851.718s][info][gc             ] GC(2520) Pause Young (Allocation Failure) 4706M->2463M(4832M) 104.395ms
[6851.718s][info][gc,cpu         ] GC(2520) User=0.59s Sys=0.03s Real=0.10s
.[6852.958s][info][gc,start       ] GC(2521) Pause Young (Allocation Failure)
[6853.054s][info][gc,heap        ] GC(2521) PSYoungGen: 2572836K(2598400K)->148768K(2597376K) Eden: 2399744K(2399744K)->0K(2399744K) From: 173092K(198656K)->148768K(197632K)
[6853.054s][info][gc,heap        ] GC(2521) ParOldGen: 2349472K(2349568K)->2454864K(2455040K)
[6853.054s][info][gc,metaspace   ] GC(2521) Metaspace: 29085K(29376K)->29085K(29376K) NonClass: 25987K(26112K)->25987K(26112K) Class: 3098K(3264K)->3098K(3264K)
[6853.054s][info][gc             ] GC(2521) Pause Young (Allocation Failure) 4806M->2542M(4934M) 95.702ms
[6853.054s][info][gc,cpu         ] GC(2521) User=0.53s Sys=0.04s Real=0.10s
.[6854.349s][info][gc,start       ] GC(2522) Pause Young (Allocation Failure)
[6854.451s][info][gc,heap        ] GC(2522) PSYoungGen: 2548512K(2597376K)->169248K(2594816K) Eden: 2399744K(2399744K)->0K(2400256K) From: 148768K(197632K)->169248K(194560K)
[6854.451s][info][gc,heap        ] GC(2522) ParOldGen: 2454864K(2455040K)->2558752K(2558976K)
[6854.451s][info][gc,metaspace   ] GC(2522) Metaspace: 29085K(29376K)->29085K(29376K) NonClass: 25987K(26112K)->25987K(26112K) Class: 3098K(3264K)->3098K(3264K)
[6854.451s][info][gc             ] GC(2522) Pause Young (Allocation Failure) 4886M->2664M(5033M) 101.877ms
[6854.451s][info][gc,cpu         ] GC(2522) User=0.58s Sys=0.03s Real=0.10s
.[6855.717s][info][gc,start       ] GC(2523) Pause Young (Allocation Failure)
[6855.824s][info][gc,heap        ] GC(2523) PSYoungGen: 2569504K(2594816K)->181728K(2596352K) Eden: 2400256K(2400256K)->0K(2400256K) From: 169248K(194560K)->181728K(196096K)
[6855.824s][info][gc,heap        ] GC(2523) ParOldGen: 2558752K(2558976K)->2658776K(2658816K)
[6855.824s][info][gc,metaspace   ] GC(2523) Metaspace: 29085K(29376K)->29085K(29376K) NonClass: 25987K(26112K)->25987K(26112K) Class: 3098K(3264K)->3098K(3264K)
[6855.824s][info][gc             ] GC(2523) Pause Young (Allocation Failure) 5008M->2773M(5132M) 106.706ms
[6855.824s][info][gc,cpu         ] GC(2523) User=0.60s Sys=0.04s Real=0.11s
.[6857.102s][info][gc,start       ] GC(2524) Pause Young (Allocation Failure)
[6857.206s][info][gc,heap        ] GC(2524) PSYoungGen: 2581984K(2596352K)->171173K(2597888K) Eden: 2400256K(2400256K)->0K(2400768K) From: 181728K(196096K)->171173K(197120K)
[6857.206s][info][gc,heap        ] GC(2524) ParOldGen: 2658776K(2658816K)->2765296K(2765312K)
[6857.206s][info][gc,metaspace   ] GC(2524) Metaspace: 29085K(29376K)->29085K(29376K) NonClass: 25987K(26112K)->25987K(26112K) Class: 3098K(3264K)->3098K(3264K)
[6857.206s][info][gc             ] GC(2524) Pause Young (Allocation Failure) 5117M->2867M(5237M) 104.275ms
[6857.206s][info][gc,cpu         ] GC(2524) User=0.57s Sys=0.04s Real=0.11s
..[6858.485s][info][gc,start       ] GC(2525) Pause Young (Allocation Failure)
[6858.627s][info][gc,heap        ] GC(2525) PSYoungGen: 2571941K(2597888K)->151392K(2597376K) Eden: 2400768K(2400768K)->0K(2400768K) From: 171173K(197120K)->151392K(196608K)
[6858.627s][info][gc,heap        ] GC(2525) ParOldGen: 2765296K(2765312K)->2867872K(2868224K)
[6858.627s][info][gc,metaspace   ] GC(2525) Metaspace: 29085K(29376K)->29085K(29376K) NonClass: 25987K(26112K)->25987K(26112K) Class: 3098K(3264K)->3098K(3264K)
[6858.627s][info][gc             ] GC(2525) Pause Young (Allocation Failure) 5212M->2948M(5337M) 141.673ms
[6858.627s][info][gc,cpu         ] GC(2525) User=0.53s Sys=0.03s Real=0.14s
.[6859.889s][info][gc,start       ] GC(2526) Pause Young (Allocation Failure)
[6859.990s][info][gc,heap        ] GC(2526) PSYoungGen: 2552160K(2597376K)->164352K(2594816K) Eden: 2400768K(2400768K)->0K(2402816K) From: 151392K(196608K)->164352K(192000K)
[6859.990s][info][gc,heap        ] GC(2526) ParOldGen: 2867872K(2868224K)->2974240K(2974720K)
[6859.990s][info][gc,metaspace   ] GC(2526) Metaspace: 29085K(29376K)->29085K(29376K) NonClass: 25987K(26112K)->25987K(26112K) Class: 3098K(3264K)->3098K(3264K)
[6859.990s][info][gc             ] GC(2526) Pause Young (Allocation Failure) 5293M->3065M(5439M) 101.184ms
[6859.990s][info][gc,cpu         ] GC(2526) User=0.57s Sys=0.03s Real=0.10s
.[6861.289s][info][gc,start       ] GC(2527) Pause Young (Allocation Failure)
[6861.383s][info][gc,heap        ] GC(2527) PSYoungGen: 2567168K(2594816K)->147840K(2596864K) Eden: 2402816K(2402816K)->0K(2402816K) From: 164352K(192000K)->147840K(194048K)
[6861.383s][info][gc,heap        ] GC(2527) ParOldGen: 2974240K(2974720K)->3077904K(3078144K)
[6861.383s][info][gc,metaspace   ] GC(2527) Metaspace: 29085K(29376K)->29085K(29376K) NonClass: 25987K(26112K)->25987K(26112K) Class: 3098K(3264K)->3098K(3264K)
[6861.383s][info][gc             ] GC(2527) Pause Young (Allocation Failure) 5411M->3150M(5542M) 94.225ms
[6861.383s][info][gc,cpu         ] GC(2527) User=0.53s Sys=0.03s Real=0.09s
..[6862.770s][info][gc,start       ] GC(2528) Pause Young (Allocation Failure)
[6862.876s][info][gc,heap        ] GC(2528) PSYoungGen: 2550656K(2596864K)->171417K(2601472K) Eden: 2402816K(2402816K)->0K(2407424K) From: 147840K(194048K)->171417K(194048K)
[6862.876s][info][gc,heap        ] GC(2528) ParOldGen: 3077904K(3078144K)->3183104K(3183616K)
[6862.876s][info][gc,metaspace   ] GC(2528) Metaspace: 29085K(29376K)->29085K(29376K) NonClass: 25987K(26112K)->25987K(26112K) Class: 3098K(3264K)->3098K(3264K)
[6862.876s][info][gc             ] GC(2528) Pause Young (Allocation Failure) 5496M->3275M(5649M) 105.623ms
[6862.876s][info][gc,cpu         ] GC(2528) User=0.59s Sys=0.03s Real=0.11s
.[6864.134s][info][gc,start       ] GC(2529) Pause Young (Allocation Failure)
[6864.237s][info][gc,heap        ] GC(2529) PSYoungGen: 2578841K(2601472K)->178388K(2586112K) Eden: 2407424K(2407424K)->0K(2407424K) From: 171417K(194048K)->178388K(178688K)
[6864.237s][info][gc,heap        ] GC(2529) ParOldGen: 3183104K(3183616K)->3281240K(3281408K)
[6864.237s][info][gc,metaspace   ] GC(2529) Metaspace: 29085K(29376K)->29085K(29376K) NonClass: 25987K(26112K)->25987K(26112K) Class: 3098K(3264K)->3098K(3264K)
[6864.237s][info][gc             ] GC(2529) Pause Young (Allocation Failure) 5626M->3378M(5730M) 103.339ms
[6864.237s][info][gc,cpu         ] GC(2529) User=0.58s Sys=0.03s Real=0.10s
.[6865.531s][info][gc,start       ] GC(2530) Pause Young (Allocation Failure)
[6865.670s][info][gc,heap        ] GC(2530) PSYoungGen: 2585812K(2586112K)->160096K(2601472K) Eden: 2407424K(2407424K)->0K(2405376K) From: 178388K(178688K)->160096K(196096K)
[6865.670s][info][gc,heap        ] GC(2530) ParOldGen: 3281240K(3281408K)->3390280K(3390464K)
[6865.670s][info][gc,metaspace   ] GC(2530) Metaspace: 29085K(29376K)->29085K(29376K) NonClass: 25987K(26112K)->25987K(26112K) Class: 3098K(3264K)->3098K(3264K)
[6865.670s][info][gc             ] GC(2530) Pause Young (Allocation Failure) 5729M->3467M(5851M) 139.565ms
[6865.670s][info][gc,cpu         ] GC(2530) User=0.56s Sys=0.03s Real=0.14s
..[6867.071s][info][gc,start       ] GC(2531) Pause Young (Allocation Failure)
[6867.172s][info][gc,heap        ] GC(2531) PSYoungGen: 2565472K(2601472K)->163556K(2569216K) Eden: 2405376K(2405376K)->0K(2405376K) From: 160096K(196096K)->163556K(163840K)
[6867.172s][info][gc,heap        ] GC(2531) ParOldGen: 3390280K(3390464K)->3495288K(3495424K)
[6867.172s][info][gc,metaspace   ] GC(2531) Metaspace: 29085K(29376K)->29085K(29376K) NonClass: 25987K(26112K)->25987K(26112K) Class: 3098K(3264K)->3098K(3264K)
[6867.172s][info][gc             ] GC(2531) Pause Young (Allocation Failure) 5816M->3573M(5922M) 100.727ms
[6867.172s][info][gc,cpu         ] GC(2531) User=0.56s Sys=0.03s Real=0.10s
.[6868.492s][info][gc,start       ] GC(2532) Pause Young (Allocation Failure)
[6868.587s][info][gc,heap        ] GC(2532) PSYoungGen: 2568932K(2569216K)->151296K(2597376K) Eden: 2405376K(2405376K)->0K(2405376K) From: 163556K(163840K)->151296K(192000K)
[6868.587s][info][gc,heap        ] GC(2532) ParOldGen: 3495288K(3495424K)->3597072K(3597312K)
[6868.587s][info][gc,metaspace   ] GC(2532) Metaspace: 29085K(29376K)->29085K(29376K) NonClass: 25987K(26112K)->25987K(26112K) Class: 3098K(3264K)->3098K(3264K)
[6868.587s][info][gc             ] GC(2532) Pause Young (Allocation Failure) 5922M->3660M(6049M) 95.478ms
[6868.587s][info][gc,cpu         ] GC(2532) User=0.54s Sys=0.03s Real=0.10s
.[6869.962s][info][gc,start       ] GC(2533) Pause Young (Allocation Failure)
[6870.060s][info][gc,heap        ] GC(2533) PSYoungGen: 2556672K(2597376K)->162688K(2597376K) Eden: 2405376K(2405376K)->0K(2405376K) From: 151296K(192000K)->162688K(192000K)
[6870.060s][info][gc,heap        ] GC(2533) ParOldGen: 3597072K(3597312K)->3700216K(3700224K)
[6870.060s][info][gc,metaspace   ] GC(2533) Metaspace: 29085K(29376K)->29085K(29376K) NonClass: 25987K(26112K)->25987K(26112K) Class: 3098K(3264K)->3098K(3264K)
[6870.060s][info][gc             ] GC(2533) Pause Young (Allocation Failure) 6009M->3772M(6150M) 98.461ms
[6870.060s][info][gc,cpu         ] GC(2533) User=0.54s Sys=0.04s Real=0.10s
..[6871.380s][info][gc,start       ] GC(2534) Pause Young (Allocation Failure)
[6871.484s][info][gc,heap        ] GC(2534) PSYoungGen: 2568064K(2597376K)->163902K(2601472K) Eden: 2405376K(2405376K)->0K(2414592K) From: 162688K(192000K)->163902K(186880K)
[6871.484s][info][gc,heap        ] GC(2534) ParOldGen: 3700216K(3700224K)->3803872K(3804160K)
[6871.484s][info][gc,metaspace   ] GC(2534) Metaspace: 29085K(29376K)->29085K(29376K) NonClass: 25987K(26112K)->25987K(26112K) Class: 3098K(3264K)->3098K(3264K)
[6871.484s][info][gc             ] GC(2534) Pause Young (Allocation Failure) 6121M->3874M(6255M) 104.377ms
[6871.484s][info][gc,cpu         ] GC(2534) User=0.56s Sys=0.04s Real=0.11s
.[6872.788s][info][gc,start       ] GC(2535) Pause Young (Allocation Failure)
[6872.888s][info][gc,heap        ] GC(2535) PSYoungGen: 2578494K(2601472K)->160096K(2601472K) Eden: 2414592K(2414592K)->0K(2414592K) From: 163902K(186880K)->160096K(186880K)
[6872.888s][info][gc,heap        ] GC(2535) ParOldGen: 3803872K(3804160K)->3909000K(3909120K)
[6872.888s][info][gc,metaspace   ] GC(2535) Metaspace: 29085K(29376K)->29085K(29376K) NonClass: 25987K(26112K)->25987K(26112K) Class: 3098K(3264K)->3098K(3264K)
[6872.888s][info][gc             ] GC(2535) Pause Young (Allocation Failure) 6232M->3973M(6358M) 99.553ms
[6872.888s][info][gc,cpu         ] GC(2535) User=0.55s Sys=0.03s Real=0.10s
.[6874.184s][info][gc,start       ] GC(2536) Pause Young (Allocation Failure)
[6874.280s][info][gc,heap        ] GC(2536) PSYoungGen: 2574688K(2601472K)->146464K(2607104K) Eden: 2414592K(2414592K)->0K(2421760K) From: 160096K(186880K)->146464K(185344K)
[6874.280s][info][gc,heap        ] GC(2536) ParOldGen: 3909000K(3909120K)->4015272K(4015616K)
[6874.280s][info][gc,metaspace   ] GC(2536) Metaspace: 29085K(29376K)->29085K(29376K) NonClass: 25987K(26112K)->25987K(26112K) Class: 3098K(3264K)->3098K(3264K)
[6874.280s][info][gc             ] GC(2536) Pause Young (Allocation Failure) 6331M->4064M(6467M) 95.775ms
[6874.280s][info][gc,cpu         ] GC(2536) User=0.55s Sys=0.02s Real=0.09s
..[6875.632s][info][gc,start       ] GC(2537) Pause Young (Allocation Failure)
[6875.732s][info][gc,heap        ] GC(2537) PSYoungGen: 2568224K(2607104K)->164661K(2607616K) Eden: 2421760K(2421760K)->0K(2421760K) From: 146464K(185344K)->164661K(185856K)
[6875.732s][info][gc,heap        ] GC(2537) ParOldGen: 4015272K(4015616K)->4117712K(4118016K)
[6875.732s][info][gc,metaspace   ] GC(2537) Metaspace: 29085K(29376K)->29085K(29376K) NonClass: 25987K(26112K)->25987K(26112K) Class: 3098K(3264K)->3098K(3264K)
[6875.732s][info][gc             ] GC(2537) Pause Young (Allocation Failure) 6429M->4182M(6568M) 100.296ms
[6875.732s][info][gc,cpu         ] GC(2537) User=0.56s Sys=0.04s Real=0.10s
.[6877.118s][info][gc,start       ] GC(2538) Pause Young (Allocation Failure)
[6877.222s][info][gc,heap        ] GC(2538) PSYoungGen: 2586421K(2607616K)->172676K(2608128K) Eden: 2421760K(2421760K)->0K(2423296K) From: 164661K(185856K)->172676K(184832K)
[6877.222s][info][gc,heap        ] GC(2538) ParOldGen: 4117712K(4118016K)->4221608K(4221952K)
[6877.222s][info][gc,metaspace   ] GC(2538) Metaspace: 29085K(29376K)->29085K(29376K) NonClass: 25987K(26112K)->25987K(26112K) Class: 3098K(3264K)->3098K(3264K)
[6877.222s][info][gc             ] GC(2538) Pause Young (Allocation Failure) 6547M->4291M(6670M) 103.796ms
[6877.222s][info][gc,cpu         ] GC(2538) User=0.58s Sys=0.03s Real=0.10s
.[6878.548s][info][gc,start       ] GC(2539) Pause Young (Allocation Failure)
[6878.652s][info][gc,heap        ] GC(2539) PSYoungGen: 2595972K(2608128K)->168864K(2609664K) Eden: 2423296K(2423296K)->0K(2423296K) From: 172676K(184832K)->168864K(186368K)
[6878.652s][info][gc,heap        ] GC(2539) ParOldGen: 4221608K(4221952K)->4325632K(4325888K)
[6878.652s][info][gc,metaspace   ] GC(2539) Metaspace: 29085K(29376K)->29085K(29376K) NonClass: 25987K(26112K)->25987K(26112K) Class: 3098K(3264K)->3098K(3264K)
[6878.652s][info][gc             ] GC(2539) Pause Young (Allocation Failure) 6657M->4389M(6773M) 104.145ms
[6878.653s][info][gc,cpu         ] GC(2539) User=0.58s Sys=0.04s Real=0.10s
..[6879.972s][info][gc,start       ] GC(2540) Pause Young (Allocation Failure)
[6880.074s][info][gc,heap        ] GC(2540) PSYoungGen: 2592160K(2609664K)->165696K(2606592K) Eden: 2423296K(2423296K)->0K(2423296K) From: 168864K(186368K)->165696K(183296K)
[6880.074s][info][gc,heap        ] GC(2540) ParOldGen: 4325632K(4325888K)->4432072K(4432384K)
[6880.074s][info][gc,metaspace   ] GC(2540) Metaspace: 29085K(29376K)->29085K(29376K) NonClass: 25987K(26112K)->25987K(26112K) Class: 3098K(3264K)->3098K(3264K)
[6880.074s][info][gc             ] GC(2540) Pause Young (Allocation Failure) 6755M->4490M(6874M) 102.020ms
[6880.074s][info][gc,cpu         ] GC(2540) User=0.57s Sys=0.04s Real=0.11s
.[6881.373s][info][gc,start       ] GC(2541) Pause Young (Allocation Failure)
[6881.470s][info][gc,heap        ] GC(2541) PSYoungGen: 2588992K(2606592K)->150592K(2608128K) Eden: 2423296K(2423296K)->0K(2423296K) From: 165696K(183296K)->150592K(184832K)
[6881.470s][info][gc,heap        ] GC(2541) ParOldGen: 4432072K(4432384K)->4535712K(4535808K)
[6881.470s][info][gc,metaspace   ] GC(2541) Metaspace: 29085K(29376K)->29085K(29376K) NonClass: 25987K(26112K)->25987K(26112K) Class: 3098K(3264K)->3098K(3264K)
[6881.470s][info][gc             ] GC(2541) Pause Young (Allocation Failure) 6856M->4576M(6976M) 96.594ms
[6881.470s][info][gc,cpu         ] GC(2541) User=0.53s Sys=0.03s Real=0.10s
.[6882.822s][info][gc,start       ] GC(2542) Pause Young (Allocation Failure)
[6882.923s][info][gc,heap        ] GC(2542) PSYoungGen: 2573888K(2608128K)->156211K(2609152K) Eden: 2423296K(2423296K)->0K(2426368K) From: 150592K(184832K)->156211K(182784K)
[6882.923s][info][gc,heap        ] GC(2542) ParOldGen: 4535712K(4535808K)->4640512K(4640768K)
[6882.923s][info][gc,metaspace   ] GC(2542) Metaspace: 29085K(29376K)->29085K(29376K) NonClass: 25987K(26112K)->25987K(26112K) Class: 3098K(3264K)->3098K(3264K)
[6882.923s][info][gc             ] GC(2542) Pause Young (Allocation Failure) 6942M->4684M(7080M) 100.699ms
[6882.923s][info][gc,cpu         ] GC(2542) User=0.58s Sys=0.03s Real=0.10s
..[6884.230s][info][gc,start       ] GC(2543) Pause Young (Allocation Failure)
[6884.328s][info][gc,heap        ] GC(2543) PSYoungGen: 2582579K(2609152K)->153877K(2610176K) Eden: 2426368K(2426368K)->0K(2426368K) From: 156211K(182784K)->153877K(183808K)
[6884.328s][info][gc,heap        ] GC(2543) ParOldGen: 4640512K(4640768K)->4742944K(4743168K)
[6884.328s][info][gc,metaspace   ] GC(2543) Metaspace: 29085K(29376K)->29085K(29376K) NonClass: 25987K(26112K)->25987K(26112K) Class: 3098K(3264K)->3098K(3264K)
[6884.328s][info][gc             ] GC(2543) Pause Young (Allocation Failure) 7053M->4782M(7181M) 98.453ms
[6884.328s][info][gc,cpu         ] GC(2543) User=0.54s Sys=0.04s Real=0.10s
.[6885.705s][info][gc,start       ] GC(2544) Pause Young (Allocation Failure)
[6885.803s][info][gc,heap        ] GC(2544) PSYoungGen: 2580245K(2610176K)->156256K(2610176K) Eden: 2426368K(2426368K)->0K(2429440K) From: 153877K(183808K)->156256K(180736K)
[6885.803s][info][gc,heap        ] GC(2544) ParOldGen: 4742944K(4743168K)->4847352K(4847616K)
[6885.803s][info][gc,metaspace   ] GC(2544) Metaspace: 29085K(29376K)->29085K(29376K) NonClass: 25987K(26112K)->25987K(26112K) Class: 3098K(3264K)->3098K(3264K)
[6885.803s][info][gc             ] GC(2544) Pause Young (Allocation Failure) 7151M->4886M(7283M) 98.270ms
[6885.803s][info][gc,cpu         ] GC(2544) User=0.54s Sys=0.03s Real=0.10s
.[6887.124s][info][gc,start       ] GC(2545) Pause Young (Allocation Failure)
[6887.230s][info][gc,heap        ] GC(2545) PSYoungGen: 2585696K(2610176K)->172472K(2611200K) Eden: 2429440K(2429440K)->0K(2429440K) From: 156256K(180736K)->172472K(181760K)
[6887.230s][info][gc,heap        ] GC(2545) ParOldGen: 4847352K(4847616K)->4949632K(4950016K)
[6887.230s][info][gc,metaspace   ] GC(2545) Metaspace: 29085K(29376K)->29085K(29376K) NonClass: 25987K(26112K)->25987K(26112K) Class: 3098K(3264K)->3098K(3264K)
[6887.230s][info][gc             ] GC(2545) Pause Young (Allocation Failure) 7258M->5002M(7384M) 105.970ms
[6887.230s][info][gc,cpu         ] GC(2545) User=0.60s Sys=0.03s Real=0.10s
..[6888.591s][info][gc,start       ] GC(2546) Pause Young (Allocation Failure)
[6888.693s][info][gc,heap        ] GC(2546) PSYoungGen: 2601912K(2611200K)->158272K(2612736K) Eden: 2429440K(2429440K)->0K(2429952K) From: 172472K(181760K)->158272K(182784K)
[6888.693s][info][gc,heap        ] GC(2546) ParOldGen: 4949632K(4950016K)->5054176K(5054464K)
[6888.693s][info][gc,metaspace   ] GC(2546) Metaspace: 29085K(29376K)->29085K(29376K) NonClass: 25987K(26112K)->25987K(26112K) Class: 3098K(3264K)->3098K(3264K)
[6888.693s][info][gc             ] GC(2546) Pause Young (Allocation Failure) 7374M->5090M(7487M) 101.763ms
[6888.693s][info][gc,cpu         ] GC(2546) User=0.57s Sys=0.02s Real=0.10s
.[6890.071s][info][gc,start       ] GC(2547) Pause Young (Allocation Failure)
[6890.178s][info][gc,heap        ] GC(2547) PSYoungGen: 2588224K(2612736K)->176373K(2606592K) Eden: 2429952K(2429952K)->0K(2429952K) From: 158272K(182784K)->176373K(176640K)
[6890.178s][info][gc,heap        ] GC(2547) ParOldGen: 5054176K(5054464K)->5157864K(5157888K)
[6890.178s][info][gc,metaspace   ] GC(2547) Metaspace: 29085K(29376K)->29085K(29376K) NonClass: 25987K(26112K)->25987K(26112K) Class: 3098K(3264K)->3098K(3264K)
[6890.178s][info][gc             ] GC(2547) Pause Young (Allocation Failure) 7463M->5209M(7582M) 107.353ms
[6890.178s][info][gc,cpu         ] GC(2547) User=0.60s Sys=0.03s Real=0.11s
..[6891.478s][info][gc,start       ] GC(2548) Pause Young (Allocation Failure)
[6891.581s][info][gc,heap        ] GC(2548) PSYoungGen: 2606325K(2606592K)->160884K(2612224K) Eden: 2429952K(2429952K)->0K(2426368K) From: 176373K(176640K)->160884K(185856K)
[6891.581s][info][gc,heap        ] GC(2548) ParOldGen: 5157864K(5157888K)->5263880K(5264384K)
[6891.581s][info][gc,metaspace   ] GC(2548) Metaspace: 29085K(29376K)->29085K(29376K) NonClass: 25987K(26112K)->25987K(26112K) Class: 3098K(3264K)->3098K(3264K)
[6891.581s][info][gc             ] GC(2548) Pause Young (Allocation Failure) 7582M->5297M(7692M) 102.683ms
[6891.581s][info][gc,cpu         ] GC(2548) User=0.58s Sys=0.02s Real=0.10s
.[6892.935s][info][gc,start       ] GC(2549) Pause Young (Allocation Failure)
[6893.041s][info][gc,heap        ] GC(2549) PSYoungGen: 2587252K(2612224K)->163704K(2590208K) Eden: 2426368K(2426368K)->0K(2426368K) From: 160884K(185856K)->163704K(163840K)
[6893.041s][info][gc,heap        ] GC(2549) ParOldGen: 5263880K(5264384K)->5370400K(5370880K)
[6893.041s][info][gc,metaspace   ] GC(2549) Metaspace: 29085K(29376K)->29085K(29376K) NonClass: 25987K(26112K)->25987K(26112K) Class: 3098K(3264K)->3098K(3264K)
[6893.041s][info][gc             ] GC(2549) Pause Young (Allocation Failure) 7667M->5404M(7774M) 105.909ms
[6893.041s][info][gc,cpu         ] GC(2549) User=0.58s Sys=0.03s Real=0.10s
.[6894.376s][info][gc,start       ] GC(2550) Pause Young (Allocation Failure)
[6894.474s][info][gc,heap        ] GC(2550) PSYoungGen: 2590072K(2590208K)->154960K(2609152K) Eden: 2426368K(2426368K)->0K(2426880K) From: 163704K(163840K)->154960K(182272K)
[6894.474s][info][gc,heap        ] GC(2550) ParOldGen: 5370400K(5370880K)->5468312K(5468672K)
[6894.474s][info][gc,metaspace   ] GC(2550) Metaspace: 29085K(29376K)->29085K(29376K) NonClass: 25987K(26112K)->25987K(26112K) Class: 3098K(3264K)->3098K(3264K)
[6894.474s][info][gc             ] GC(2550) Pause Young (Allocation Failure) 7773M->5491M(7888M) 97.844ms
[6894.474s][info][gc,cpu         ] GC(2550) User=0.54s Sys=0.04s Real=0.10s
..[6895.839s][info][gc,start       ] GC(2551) Pause Young (Allocation Failure)
[6895.946s][info][gc,heap        ] GC(2551) PSYoungGen: 2581840K(2609152K)->168553K(2608640K) Eden: 2426880K(2426880K)->0K(2426880K) From: 154960K(182272K)->168553K(181760K)
[6895.946s][info][gc,heap        ] GC(2551) ParOldGen: 5468312K(5468672K)->5577456K(5577728K)
[6895.946s][info][gc,metaspace   ] GC(2551) Metaspace: 29085K(29376K)->29085K(29376K) NonClass: 25987K(26112K)->25987K(26112K) Class: 3098K(3264K)->3098K(3264K)
[6895.946s][info][gc             ] GC(2551) Pause Young (Allocation Failure) 7861M->5611M(7994M) 107.047ms
[6895.946s][info][gc,cpu         ] GC(2551) User=0.60s Sys=0.03s Real=0.11s
.[6897.351s][info][gc,start       ] GC(2552) Pause Full (Allocation Failure)
[6897.351s][info][gc,phases,start] GC(2552) Marking Phase
[6897.671s][info][gc,phases      ] GC(2552) Marking Phase 319.828ms
[6897.671s][info][gc,phases,start] GC(2552) Summary Phase
[6897.671s][info][gc,phases      ] GC(2552) Summary Phase 0.097ms
[6897.671s][info][gc,phases,start] GC(2552) Forward
[6897.804s][info][gc,phases      ] GC(2552) Forward 133.692ms
[6897.804s][info][gc,phases,start] GC(2552) Adjust Pointers
[6898.016s][info][gc,phases      ] GC(2552) Adjust Pointers 211.136ms
[6898.016s][info][gc,phases,start] GC(2552) Compaction Phase
[6898.162s][info][gc,phases      ] GC(2552) Compaction Phase 146.081ms
[6898.163s][info][gc,phases,start] GC(2552) Post Compact
[6898.170s][info][gc,phases      ] GC(2552) Post Compact 7.065ms
[6898.289s][info][gc,heap        ] GC(2552) PSYoungGen: 2595433K(2608640K)->0K(2613760K) Eden: 2426880K(2426880K)->0K(2431488K) From: 168553K(181760K)->0K(182272K)
[6898.289s][info][gc,heap        ] GC(2552) ParOldGen: 5577456K(5577728K)->1622025K(2268160K)
[6898.289s][info][gc,metaspace   ] GC(2552) Metaspace: 29085K(29376K)->29085K(29376K) NonClass: 25987K(26112K)->25987K(26112K) Class: 3098K(3264K)->3098K(3264K)
[6898.289s][info][gc             ] GC(2552) Pause Full (Allocation Failure) 7981M->1584M(4767M) 938.477ms
[6898.289s][info][gc,cpu         ] GC(2552) User=4.38s Sys=0.12s Real=0.94s
..[6899.505s][info][gc,start       ] GC(2553) Pause Young (Allocation Failure)
[6899.621s][info][gc,heap        ] GC(2553) PSYoungGen: 2431488K(2613760K)->168393K(2613760K) Eden: 2431488K(2431488K)->0K(2431488K) From: 0K(182272K)->168393K(182272K)
[6899.621s][info][gc,heap        ] GC(2553) ParOldGen: 1622025K(2268160K)->1622025K(2268160K)
[6899.621s][info][gc,metaspace   ] GC(2553) Metaspace: 29085K(29376K)->29085K(29376K) NonClass: 25987K(26112K)->25987K(26112K) Class: 3098K(3264K)->3098K(3264K)
[6899.621s][info][gc             ] GC(2553) Pause Young (Allocation Failure) 3958M->1748M(4767M) 116.333ms
[6899.621s][info][gc,cpu         ] GC(2553) User=0.41s Sys=0.00s Real=0.11s
.[6900.836s][info][gc,start       ] GC(2554) Pause Young (Allocation Failure)
[6900.934s][info][gc,heap        ] GC(2554) PSYoungGen: 2599881K(2613760K)->171584K(2611712K) Eden: 2431488K(2431488K)->0K(2429440K) From: 168393K(182272K)->171584K(182272K)
[6900.934s][info][gc,heap        ] GC(2554) ParOldGen: 1622025K(2268160K)->1729737K(2268160K)
[6900.934s][info][gc,metaspace   ] GC(2554) Metaspace: 29085K(29376K)->29085K(29376K) NonClass: 25987K(26112K)->25987K(26112K) Class: 3098K(3264K)->3098K(3264K)
[6900.934s][info][gc             ] GC(2554) Pause Young (Allocation Failure) 4122M->1856M(4765M) 97.651ms
[6900.934s][info][gc,cpu         ] GC(2554) User=0.59s Sys=0.00s Real=0.10s
.[6902.280s][info][gc,start       ] GC(2555) Pause Young (Allocation Failure)
[6902.383s][info][gc,heap        ] GC(2555) PSYoungGen: 2601024K(2611712K)->175204K(2605056K) Eden: 2429440K(2429440K)->0K(2429440K) From: 171584K(182272K)->175204K(175616K)
[6902.383s][info][gc,heap        ] GC(2555) ParOldGen: 1729737K(2268160K)->1841417K(2268160K)
[6902.383s][info][gc,metaspace   ] GC(2555) Metaspace: 29085K(29376K)->29085K(29376K) NonClass: 25987K(26112K)->25987K(26112K) Class: 3098K(3264K)->3098K(3264K)
[6902.383s][info][gc             ] GC(2555) Pause Young (Allocation Failure) 4229M->1969M(4759M) 103.206ms
[6902.383s][info][gc,cpu         ] GC(2555) User=0.61s Sys=0.00s Real=0.11s
.[6903.659s][info][gc,start       ] GC(2556) Pause Young (Allocation Failure)
[6903.757s][info][gc,heap        ] GC(2556) PSYoungGen: 2604644K(2605056K)->171209K(2610176K) Eden: 2429440K(2429440K)->0K(2424320K) From: 175204K(175616K)->171209K(185856K)
[6903.757s][info][gc,heap        ] GC(2556) ParOldGen: 1841417K(2268160K)->1942449K(2268160K)
[6903.757s][info][gc,metaspace   ] GC(2556) Metaspace: 29085K(29376K)->29085K(29376K) NonClass: 25987K(26112K)->25987K(26112K) Class: 3098K(3264K)->3098K(3264K)
[6903.758s][info][gc             ] GC(2556) Pause Young (Allocation Failure) 4341M->2064M(4764M) 98.638ms
[6903.758s][info][gc,cpu         ] GC(2556) User=0.59s Sys=0.00s Real=0.10s
.[6905.075s][info][gc,start       ] GC(2557) Pause Young (Allocation Failure)
[6905.175s][info][gc,heap        ] GC(2557) PSYoungGen: 2595529K(2610176K)->169376K(2593792K) Eden: 2424320K(2424320K)->0K(2424320K) From: 171209K(185856K)->169376K(169472K)
[6905.175s][info][gc,heap        ] GC(2557) ParOldGen: 1942449K(2268160K)->2050169K(2268160K)
[6905.175s][info][gc,metaspace   ] GC(2557) Metaspace: 29085K(29376K)->29085K(29376K) NonClass: 25987K(26112K)->25987K(26112K) Class: 3098K(3264K)->3098K(3264K)
[6905.175s][info][gc             ] GC(2557) Pause Young (Allocation Failure) 4431M->2167M(4748M) 99.263ms
[6905.175s][info][gc,cpu         ] GC(2557) User=0.59s Sys=0.00s Real=0.10s
.[6906.407s][info][gc,start       ] GC(2558) Pause Young (Allocation Failure)
[6906.500s][info][gc,heap        ] GC(2558) PSYoungGen: 2593696K(2593792K)->159616K(2610688K) Eden: 2424320K(2424320K)->0K(2425344K) From: 169376K(169472K)->159616K(185344K)
[6906.500s][info][gc,heap        ] GC(2558) ParOldGen: 2050169K(2268160K)->2149593K(2268160K)
[6906.500s][info][gc,metaspace   ] GC(2558) Metaspace: 29085K(29376K)->29085K(29376K) NonClass: 25987K(26112K)->25987K(26112K) Class: 3098K(3264K)->3098K(3264K)
[6906.500s][info][gc             ] GC(2558) Pause Young (Allocation Failure) 4535M->2255M(4764M) 93.004ms
[6906.500s][info][gc,cpu         ] GC(2558) User=0.55s Sys=0.00s Real=0.09s
..[6907.835s][info][gc,start       ] GC(2559) Pause Young (Allocation Failure)
[6907.929s][info][gc,heap        ] GC(2559) PSYoungGen: 2584960K(2610688K)->155136K(2609664K) Eden: 2425344K(2425344K)->0K(2425344K) From: 159616K(185344K)->155136K(184320K)
[6907.929s][info][gc,heap        ] GC(2559) ParOldGen: 2149593K(2268160K)->2257017K(2268160K)
[6907.929s][info][gc,metaspace   ] GC(2559) Metaspace: 29085K(29376K)->29085K(29376K) NonClass: 25987K(26112K)->25987K(26112K) Class: 3098K(3264K)->3098K(3264K)
[6907.929s][info][gc             ] GC(2559) Pause Young (Allocation Failure) 4623M->2355M(4763M) 93.635ms
[6907.929s][info][gc,cpu         ] GC(2559) User=0.55s Sys=0.00s Real=0.09s
.[6909.213s][info][gc,start       ] GC(2560) Pause Young (Allocation Failure)
[6909.310s][info][gc,heap        ] GC(2560) PSYoungGen: 2580480K(2609664K)->155712K(2611200K) Eden: 2425344K(2425344K)->0K(2426880K) From: 155136K(184320K)->155712K(184320K)
[6909.310s][info][gc,heap        ] GC(2560) ParOldGen: 2257017K(2268160K)->2360169K(2360320K)
[6909.310s][info][gc,metaspace   ] GC(2560) Metaspace: 29085K(29376K)->29085K(29376K) NonClass: 25987K(26112K)->25987K(26112K) Class: 3098K(3264K)->3098K(3264K)
[6909.310s][info][gc             ] GC(2560) Pause Young (Allocation Failure) 4724M->2456M(4855M) 97.116ms
[6909.310s][info][gc,cpu         ] GC(2560) User=0.54s Sys=0.03s Real=0.10s
.[6910.622s][info][gc,start       ] GC(2561) Pause Young (Allocation Failure)
[6910.723s][info][gc,heap        ] GC(2561) PSYoungGen: 2582592K(2611200K)->161536K(2588672K) Eden: 2426880K(2426880K)->0K(2426880K) From: 155712K(184320K)->161536K(161792K)
[6910.723s][info][gc,heap        ] GC(2561) ParOldGen: 2360169K(2360320K)->2464121K(2464256K)
[6910.723s][info][gc,metaspace   ] GC(2561) Metaspace: 29085K(29376K)->29085K(29376K) NonClass: 25987K(26112K)->25987K(26112K) Class: 3098K(3264K)->3098K(3264K)
[6910.723s][info][gc             ] GC(2561) Pause Young (Allocation Failure) 4826M->2564M(4934M) 100.866ms
[6910.723s][info][gc,cpu         ] GC(2561) User=0.55s Sys=0.04s Real=0.11s
..[6912.028s][info][gc,start       ] GC(2562) Pause Young (Allocation Failure)
[6912.127s][info][gc,heap        ] GC(2562) PSYoungGen: 2588416K(2588672K)->161536K(2611712K) Eden: 2426880K(2426880K)->0K(2429440K) From: 161536K(161792K)->161536K(182272K)
[6912.127s][info][gc,heap        ] GC(2562) ParOldGen: 2464121K(2464256K)->2571241K(2571264K)
[6912.127s][info][gc,metaspace   ] GC(2562) Metaspace: 29085K(29376K)->29085K(29376K) NonClass: 25987K(26112K)->25987K(26112K) Class: 3098K(3264K)->3098K(3264K)
[6912.127s][info][gc             ] GC(2562) Pause Young (Allocation Failure) 4934M->2668M(5061M) 99.023ms
[6912.127s][info][gc,cpu         ] GC(2562) User=0.55s Sys=0.04s Real=0.10s
.[6913.407s][info][gc,start       ] GC(2563) Pause Young (Allocation Failure)
[6913.503s][info][gc,heap        ] GC(2563) PSYoungGen: 2590976K(2611712K)->152928K(2610176K) Eden: 2429440K(2429440K)->0K(2429440K) From: 161536K(182272K)->152928K(180736K)
[6913.503s][info][gc,heap        ] GC(2563) ParOldGen: 2571241K(2571264K)->2674017K(2674176K)
[6913.503s][info][gc,metaspace   ] GC(2563) Metaspace: 29085K(29376K)->29085K(29376K) NonClass: 25987K(26112K)->25987K(26112K) Class: 3098K(3264K)->3098K(3264K)
[6913.503s][info][gc             ] GC(2563) Pause Young (Allocation Failure) 5041M->2760M(5160M) 95.893ms
[6913.503s][info][gc,cpu         ] GC(2563) User=0.53s Sys=0.03s Real=0.10s
.[6914.881s][info][gc,start       ] GC(2564) Pause Young (Allocation Failure)
[6914.979s][info][gc,heap        ] GC(2564) PSYoungGen: 2582368K(2610176K)->154848K(2614272K) Eden: 2429440K(2429440K)->0K(2433536K) From: 152928K(180736K)->154848K(180736K)
[6914.979s][info][gc,heap        ] GC(2564) ParOldGen: 2674017K(2674176K)->2783121K(2783232K)
[6914.979s][info][gc,metaspace   ] GC(2564) Metaspace: 29085K(29376K)->29085K(29376K) NonClass: 25987K(26112K)->25987K(26112K) Class: 3098K(3264K)->3098K(3264K)
[6914.979s][info][gc             ] GC(2564) Pause Young (Allocation Failure) 5133M->2869M(5271M) 97.842ms
[6914.979s][info][gc,cpu         ] GC(2564) User=0.54s Sys=0.04s Real=0.10s
..[6916.324s][info][gc,start       ] GC(2565) Pause Young (Allocation Failure)
[6916.418s][info][gc,heap        ] GC(2565) PSYoungGen: 2588384K(2614272K)->152608K(2613760K) Eden: 2433536K(2433536K)->0K(2433536K) From: 154848K(180736K)->152608K(180224K)
[6916.418s][info][gc,heap        ] GC(2565) ParOldGen: 2783121K(2783232K)->2883657K(2884096K)
[6916.418s][info][gc,metaspace   ] GC(2565) Metaspace: 29085K(29376K)->29085K(29376K) NonClass: 25987K(26112K)->25987K(26112K) Class: 3098K(3264K)->3098K(3264K)
[6916.418s][info][gc             ] GC(2565) Pause Young (Allocation Failure) 5245M->2965M(5369M) 93.717ms
[6916.418s][info][gc,cpu         ] GC(2565) User=0.53s Sys=0.03s Real=0.09s
 (rIR:aIR:PR = 11900:11721:11720) (tPR = 173642) [IR is under limit] [PR is under limit] 
  6916s: Performance info:
         Transaction,    Success,    Partial,     Failed,   Receipts, AvgBarcode, 
             Overall,    1063870,          0,          0,    1009722,      59.47, 
         Response times:
             Request,    Success,    Partial,     Failed,   SkipFail,     Probes,    Samples,      min,      p50,      p90,      p95,      p99,      max, 
       TotalPurchase,    1010919,          0,          0,          0,     318888,     692070,      300,   123000,   810000,   990000,  1400000,  2300000,
     InStorePurchase,     531729,          0,          0,          0,     166285,     364094,      300,   123000,   790000,   940000,  1300000,  2000000,
      OnlinePurchase,     370863,          0,          0,          0,     119152,     254220,      300,   126000,   850000,  1100000,  1500000,  2300000,
        InstPurchase,     108327,          0,          0,          0,      33451,      73756,      300,   121000,   800000,   990000,  1400000,  2000000,
          AssocOfCat,       1085,          0,          0,          0,        627,       1328,    30000,   183000,   800000,  1300000,  1700000,  2000000,
      AssocOfProduct,      10755,          0,          0,          0,       4620,       8799,      900,   118000,   750000,   890000,  1200000,  2000000,
      BusinessReport,       2702,          0,          0,          0,       1720,       3364,    31000,   186000,   860000,  1200000,  1400000,  2100000,
          CustBuyBeh,      10891,          0,          0,          0,       4624,       9017,      300,   123000,   780000,  1100000,  1400000,  2100000,
       ProductReturn,      28327,          0,          0,          0,      10576,      19950,      200,   121000,   800000,  1100000,  1400000,  2500000,

  6916s: 
  6916s: Failed, 9 overall retries left, retrying 1 of 1
  6916s: (86%)   IR =  11900 .[6917.890s][info][gc,start       ] GC(2566) Pause Young (Allocation Failure)
[6917.996s][info][gc,heap        ] GC(2566) PSYoungGen: 2586144K(2613760K)->172938K(2611200K) Eden: 2433536K(2433536K)->0K(2431488K) From: 152608K(180224K)->172938K(179712K)
[6917.996s][info][gc,heap        ] GC(2566) ParOldGen: 2883657K(2884096K)->2986905K(2987008K)
[6917.996s][info][gc,metaspace   ] GC(2566) Metaspace: 29086K(29376K)->29086K(29376K) NonClass: 25987K(26112K)->25987K(26112K) Class: 3098K(3264K)->3098K(3264K)
[6917.996s][info][gc             ] GC(2566) Pause Young (Allocation Failure) 5341M->3085M(5467M) 106.045ms
[6917.996s][info][gc,cpu         ] GC(2566) User=0.59s Sys=0.03s Real=0.11s
.[6919.328s][info][gc,start       ] GC(2567) Pause Young (Allocation Failure)
[6919.433s][info][gc,heap        ] GC(2567) PSYoungGen: 2604426K(2611200K)->169705K(2601472K) Eden: 2431488K(2431488K)->0K(2431488K) From: 172938K(179712K)->169705K(169984K)
[6919.433s][info][gc,heap        ] GC(2567) ParOldGen: 2986905K(2987008K)->3092249K(3092480K)
[6919.433s][info][gc,metaspace   ] GC(2567) Metaspace: 29086K(29376K)->29086K(29376K) NonClass: 25987K(26112K)->25987K(26112K) Class: 3098K(3264K)->3098K(3264K)
[6919.433s][info][gc             ] GC(2567) Pause Young (Allocation Failure) 5460M->3185M(5560M) 104.967ms
[6919.433s][info][gc,cpu         ] GC(2567) User=0.59s Sys=0.03s Real=0.11s
..[6920.805s][info][gc,start       ] GC(2568) Pause Young (Allocation Failure)
[6920.912s][info][gc,heap        ] GC(2568) PSYoungGen: 2601193K(2601472K)->172740K(2609664K) Eden: 2431488K(2431488K)->0K(2426368K) From: 169705K(169984K)->172740K(183296K)
[6920.912s][info][gc,heap        ] GC(2568) ParOldGen: 3092249K(3092480K)->3199401K(3199488K)
[6920.912s][info][gc,metaspace   ] GC(2568) Metaspace: 29086K(29376K)->29086K(29376K) NonClass: 25987K(26112K)->25987K(26112K) Class: 3098K(3264K)->3098K(3264K)
[6920.912s][info][gc             ] GC(2568) Pause Young (Allocation Failure) 5560M->3293M(5673M) 106.504ms
[6920.912s][info][gc,cpu         ] GC(2568) User=0.59s Sys=0.04s Real=0.10s
.[6922.233s][info][gc,start       ] GC(2569) Pause Young (Allocation Failure)
[6922.331s][info][gc,heap        ] GC(2569) PSYoungGen: 2599108K(2609664K)->157024K(2611200K) Eden: 2426368K(2426368K)->0K(2426368K) From: 172740K(183296K)->157024K(184832K)
[6922.331s][info][gc,heap        ] GC(2569) ParOldGen: 3199401K(3199488K)->3304033K(3304448K)
[6922.331s][info][gc,metaspace   ] GC(2569) Metaspace: 29086K(29376K)->29086K(29376K) NonClass: 25987K(26112K)->25987K(26112K) Class: 3098K(3264K)->3098K(3264K)
[6922.331s][info][gc             ] GC(2569) Pause Young (Allocation Failure) 5662M->3379M(5777M) 97.978ms
[6922.331s][info][gc,cpu         ] GC(2569) User=0.54s Sys=0.03s Real=0.10s
.[6923.639s][info][gc,start       ] GC(2570) Pause Young (Allocation Failure)
[6923.743s][info][gc,heap        ] GC(2570) PSYoungGen: 2583392K(2611200K)->171904K(2609152K) Eden: 2426368K(2426368K)->0K(2425344K) From: 157024K(184832K)->171904K(183808K)
[6923.743s][info][gc,heap        ] GC(2570) ParOldGen: 3304033K(3304448K)->3406593K(3406848K)
[6923.743s][info][gc,metaspace   ] GC(2570) Metaspace: 29086K(29376K)->29086K(29376K) NonClass: 25987K(26112K)->25987K(26112K) Class: 3098K(3264K)->3098K(3264K)
[6923.743s][info][gc             ] GC(2570) Pause Young (Allocation Failure) 5749M->3494M(5875M) 103.845ms
[6923.743s][info][gc,cpu         ] GC(2570) User=0.58s Sys=0.03s Real=0.11s
..[6925.031s][info][gc,start       ] GC(2571) Pause Young (Allocation Failure)
[6925.139s][info][gc,heap        ] GC(2571) PSYoungGen: 2597248K(2609152K)->179936K(2605568K) Eden: 2425344K(2425344K)->0K(2425344K) From: 171904K(183808K)->179936K(180224K)
[6925.139s][info][gc,heap        ] GC(2571) ParOldGen: 3406593K(3406848K)->3514465K(3514880K)
[6925.139s][info][gc,metaspace   ] GC(2571) Metaspace: 29086K(29376K)->29086K(29376K) NonClass: 25987K(26112K)->25987K(26112K) Class: 3098K(3264K)->3098K(3264K)
[6925.139s][info][gc             ] GC(2571) Pause Young (Allocation Failure) 5863M->3607M(5977M) 108.611ms
[6925.139s][info][gc,cpu         ] GC(2571) User=0.60s Sys=0.04s Real=0.11s
.[6926.392s][info][gc,start       ] GC(2572) Pause Young (Allocation Failure)
[6926.499s][info][gc,heap        ] GC(2572) PSYoungGen: 2605280K(2605568K)->174760K(2604032K) Eden: 2425344K(2425344K)->0K(2415104K) From: 179936K(180224K)->174760K(188928K)
[6926.499s][info][gc,heap        ] GC(2572) ParOldGen: 3514465K(3514880K)->3618441K(3618816K)
[6926.499s][info][gc,metaspace   ] GC(2572) Metaspace: 29086K(29376K)->29086K(29376K) NonClass: 25987K(26112K)->25987K(26112K) Class: 3098K(3264K)->3098K(3264K)
[6926.499s][info][gc             ] GC(2572) Pause Young (Allocation Failure) 5976M->3704M(6077M) 107.193ms
[6926.499s][info][gc,cpu         ] GC(2572) User=0.60s Sys=0.03s Real=0.11s
.[6927.827s][info][gc,start       ] GC(2573) Pause Young (Allocation Failure)
[6927.934s][info][gc,heap        ] GC(2573) PSYoungGen: 2589864K(2604032K)->174304K(2589696K) Eden: 2415104K(2415104K)->0K(2415104K) From: 174760K(188928K)->174304K(174592K)
[6927.934s][info][gc,heap        ] GC(2573) ParOldGen: 3618441K(3618816K)->3725753K(3725824K)
[6927.934s][info][gc,metaspace   ] GC(2573) Metaspace: 29086K(29376K)->29086K(29376K) NonClass: 25987K(26112K)->25987K(26112K) Class: 3098K(3264K)->3098K(3264K)
[6927.934s][info][gc             ] GC(2573) Pause Young (Allocation Failure) 6062M->3808M(6167M) 106.886ms
[6927.934s][info][gc,cpu         ] GC(2573) User=0.61s Sys=0.02s Real=0.11s
..[6929.219s][info][gc,start       ] GC(2574) Pause Young (Allocation Failure)
[6929.332s][info][gc,heap        ] GC(2574) PSYoungGen: 2589408K(2589696K)->189688K(2593792K) Eden: 2415104K(2415104K)->0K(2402816K) From: 174304K(174592K)->189688K(190976K)
[6929.332s][info][gc,heap        ] GC(2574) ParOldGen: 3725753K(3725824K)->3828665K(3828736K)
[6929.332s][info][gc,metaspace   ] GC(2574) Metaspace: 29086K(29376K)->29086K(29376K) NonClass: 25987K(26112K)->25987K(26112K) Class: 3098K(3264K)->3098K(3264K)
[6929.332s][info][gc             ] GC(2574) Pause Young (Allocation Failure) 6167M->3924M(6272M) 113.293ms
[6929.332s][info][gc,cpu         ] GC(2574) User=0.64s Sys=0.03s Real=0.11s
.[6930.657s][info][gc,start       ] GC(2575) Pause Young (Allocation Failure)
[6930.756s][info][gc,heap        ] GC(2575) PSYoungGen: 2592504K(2593792K)->159520K(2599424K) Eden: 2402816K(2402816K)->0K(2402816K) From: 189688K(190976K)->159520K(196608K)
[6930.756s][info][gc,heap        ] GC(2575) ParOldGen: 3828665K(3828736K)->3934753K(3935232K)
[6930.756s][info][gc,metaspace   ] GC(2575) Metaspace: 29086K(29376K)->29086K(29376K) NonClass: 25987K(26112K)->25987K(26112K) Class: 3098K(3264K)->3098K(3264K)
[6930.756s][info][gc             ] GC(2575) Pause Young (Allocation Failure) 6270M->3998M(6381M) 99.708ms
[6930.756s][info][gc,cpu         ] GC(2575) User=0.55s Sys=0.04s Real=0.10s
.[6931.985s][info][gc,start       ] GC(2576) Pause Young (Allocation Failure)
[6932.092s][info][gc,heap        ] GC(2576) PSYoungGen: 2562336K(2599424K)->173413K(2597376K) Eden: 2402816K(2402816K)->0K(2403840K) From: 159520K(196608K)->173413K(193536K)
[6932.092s][info][gc,heap        ] GC(2576) ParOldGen: 3934753K(3935232K)->4040025K(4040192K)
[6932.092s][info][gc,metaspace   ] GC(2576) Metaspace: 29086K(29376K)->29086K(29376K) NonClass: 25987K(26112K)->25987K(26112K) Class: 3098K(3264K)->3098K(3264K)
